Stockfish dev-20260913-031dfeb4 by the Stockfish developers (see AUTHORS file)
id name Stockfish dev-20260913-031dfeb4
id author the Stockfish developers (see AUTHORS file)

option name Debug Log File type string default <empty>
option name NumaPolicy type string default auto
option name Threads type spin default 1 min 1 max 1024
option name Hash type spin default 16 min 1 max 33554432
option name Clear Hash type button
option name Ponder type check default false
option name MultiPV type spin default 1 min 1 max 256
option name Skill Level type spin default 20 min 0 max 20
option name Move Overhead type spin default 10 min 0 max 5000
option name nodestime type spin default 0 min 0 max 10000
option name UCI_Chess960 type check default false
option name UCI_LimitStrength type check default false
option name UCI_Elo type spin default 1320 min 1320 max 3190
option name UCI_ShowWDL type check default false
option name SyzygyPath type string default <empty>
option name SyzygyProbeDepth type spin default 1 min 1 max 100
option name Syzygy50MoveRule type check default true
option name SyzygyProbeLimit type spin default 7 min 0 max 7
option name EvalFile type string default nn-134a887f4c8f.nnue
uciok
info string Using 1 thread
readyok
info string Available processors: 0-9
info string Using 1 thread
info string NNUE evaluation using nn-134a887f4c8f.nnue (109MiB, (86896, 1024, 32, 32, 1))
info string Network replica 1: Shared memory.
info depth 1 seldepth 4 multipv 1 score cp -82 nodes 38 nps 38000 hashfull 0 tbhits 0 time 1 pv g8f6
info depth 2 seldepth 3 multipv 1 score cp -57 nodes 79 nps 79000 hashfull 0 tbhits 0 time 1 pv g8f6
info depth 3 seldepth 3 multipv 1 score cp -64 nodes 130 nps 130000 hashfull 0 tbhits 0 time 1 pv g8f6 c2c3
info depth 4 seldepth 5 multipv 1 score cp -67 nodes 435 nps 435000 hashfull 0 tbhits 0 time 1 pv g8f6 a2a4 e8g8 c1f4
info depth 5 seldepth 7 multipv 1 score cp -96 nodes 1126 nps 563000 hashfull 0 tbhits 0 time 2 pv b7b5
info depth 6 seldepth 9 multipv 1 score cp -96 nodes 1808 nps 602666 hashfull 0 tbhits 0 time 3 pv d7b6 c4d3 d8d6 e1g1 d6c7
info depth 7 seldepth 7 multipv 1 score cp -94 nodes 1918 nps 639333 hashfull 0 tbhits 0 time 3 pv d7b6 c4d3 d8d6 a2a4 g8f6
info depth 8 seldepth 10 multipv 1 score cp -97 nodes 2232 nps 744000 hashfull 0 tbhits 0 time 3 pv d7b6 c4d3 d8d6 e1g1 g8f6 a2a4 e8g8 f1e1 b6d7
info depth 9 seldepth 11 multipv 1 score cp -89 nodes 4397 nps 732833 hashfull 1 tbhits 0 time 6 pv d7f6 c1f4 g8h6 c2c3 e8g8 e1g1 h6f5
info depth 10 seldepth 12 multipv 1 score cp -100 nodes 5978 nps 854000 hashfull 2 tbhits 0 time 7 pv d7b6 c4d3 d8d6 e1g1 g8f6 c2c4 b6d7 c4c5
info depth 11 seldepth 16 multipv 1 score cp -99 nodes 17354 nps 867700 hashfull 8 tbhits 0 time 20 pv g8h6 c2c3 h6f5 c1g5 d7f6 b1d2 f5d6 e1g1 e8g8
info depth 12 seldepth 16 multipv 1 score cp -105 nodes 24118 nps 893259 hashfull 10 tbhits 0 time 27 pv g8h6 e1g1 h6f5 c4d3 f5d6 c1f4 d7f6 c2c4 e8g8 b1c3 d6f5
info depth 13 seldepth 15 multipv 1 score cp -96 nodes 29240 nps 913750 hashfull 12 tbhits 0 time 32 pv g8h6 e1g1 d7f6 c1f4 h6f5 c2c3 e8g8 f1e1 f5d6 c4b3
bestmove g8h6 ponder e1g1
