Stockfish dev-20260913-m-031dfeb4 by the Stockfish developers (see AUTHORS file)
id name Stockfish dev-20260913-m-031dfeb4
id author the Stockfish developers (see AUTHORS file)

option name Debug Log File type string default <empty>
option name NumaPolicy type string default auto
option name Threads type spin default 1 min 1 max 1024
option name Hash type spin default 16 min 1 max 33554432
option name Clear Hash type button
option name Ponder type check default false
option name MultiPV type spin default 1 min 1 max 256
option name Skill Level type spin default 20 min 0 max 20
option name Move Overhead type spin default 10 min 0 max 5000
option name nodestime type spin default 0 min 0 max 10000
option name UCI_Chess960 type check default false
option name UCI_LimitStrength type check default false
option name UCI_Elo type spin default 1320 min 1320 max 3190
option name UCI_ShowWDL type check default false
option name SyzygyPath type string default <empty>
option name SyzygyProbeDepth type spin default 1 min 1 max 100
option name Syzygy50MoveRule type check default true
option name SyzygyProbeLimit type spin default 7 min 0 max 7
option name EvalFile type string default nn-134a887f4c8f.nnue
uciok
info string Using 1 thread
readyok
info string Available processors: 0-9
info string Using 1 thread
info string NNUE evaluation using nn-134a887f4c8f.nnue (109MiB, (86896, 1024, 32, 32, 1))
info string Network replica 1: Shared memory.
info depth 1 seldepth 2 multipv 1 score cp 96 nodes 44 nps 44000 hashfull 0 tbhits 0 time 1 pv a7a5
info depth 2 seldepth 3 multipv 1 score cp 116 nodes 93 nps 93000 hashfull 0 tbhits 0 time 1 pv a7a5
info depth 3 seldepth 3 multipv 1 score cp 127 nodes 146 nps 146000 hashfull 0 tbhits 0 time 1 pv a7a5
info depth 4 seldepth 6 multipv 1 score cp 139 nodes 418 nps 418000 hashfull 0 tbhits 0 time 1 pv a7a5 a2a4
info depth 5 seldepth 5 multipv 1 score cp 126 nodes 641 nps 641000 hashfull 0 tbhits 0 time 1 pv a7a5 d1e1
info depth 6 seldepth 11 multipv 1 score cp 146 nodes 1951 nps 84826 hashfull 0 tbhits 0 time 23 pv c8g4 g1f3 f8d8
info depth 7 seldepth 11 multipv 1 score cp 119 nodes 2277 nps 94875 hashfull 0 tbhits 0 time 24 pv c8g4 g1f3 f8d8 c3e4 f6e4 e2e4
info depth 8 seldepth 15 multipv 1 score cp 95 nodes 8391 nps 33971 hashfull 2 tbhits 0 time 247 pv c6c5 e2e3 b8c6
info depth 9 seldepth 13 multipv 1 score cp 75 nodes 10723 nps 32008 hashfull 3 tbhits 0 time 335 pv a7a5 d1e1 f8e8 e2d3 f6d5 d3g3 d5c3 b2c3
info depth 10 seldepth 15 multipv 1 score cp 86 nodes 19347 nps 28326 hashfull 6 tbhits 0 time 683 pv b8d7 g1f3 f8e8 h2h3
info depth 11 seldepth 11 multipv 1 score cp 88 nodes 20624 nps 29129 hashfull 6 tbhits 0 time 708 pv b8d7 g1f3 f8e8 g2g3 b7b5 f1g2 a7a5
info depth 12 seldepth 17 multipv 1 score cp 75 nodes 38845 nps 22663 hashfull 12 tbhits 0 time 1714 pv b8d7 g1f3 a7a5 a2a4 f8e8 d1e1 e7e5 f3g5 b7b5 a4b5
info depth 13 seldepth 17 multipv 1 score cp 123 nodes 54076 nps 21760 hashfull 18 tbhits 0 time 2485 pv c6c5 g1f3 b8c6 e2d3 d6c7 d3e3 f8d8 e3c5 c8f5 f1c4
bestmove c6c5 ponder g1f3
