Stockfish dev-20260913-031dfeb4 by the Stockfish developers (see AUTHORS file)
id name Stockfish dev-20260913-031dfeb4
id author the Stockfish developers (see AUTHORS file)

option name Debug Log File type string default <empty>
option name NumaPolicy type string default auto
option name Threads type spin default 1 min 1 max 1024
option name Hash type spin default 16 min 1 max 33554432
option name Clear Hash type button
option name Ponder type check default false
option name MultiPV type spin default 1 min 1 max 256
option name Skill Level type spin default 20 min 0 max 20
option name Move Overhead type spin default 10 min 0 max 5000
option name nodestime type spin default 0 min 0 max 10000
option name UCI_Chess960 type check default false
option name UCI_LimitStrength type check default false
option name UCI_Elo type spin default 1320 min 1320 max 3190
option name UCI_ShowWDL type check default false
option name SyzygyPath type string default <empty>
option name SyzygyProbeDepth type spin default 1 min 1 max 100
option name Syzygy50MoveRule type check default true
option name SyzygyProbeLimit type spin default 7 min 0 max 7
option name EvalFile type string default nn-134a887f4c8f.nnue
uciok
info string Using 1 thread
readyok
info string Available processors: 0-9
info string Using 1 thread
info string NNUE evaluation using nn-134a887f4c8f.nnue (109MiB, (86896, 1024, 32, 32, 1))
info string Network replica 1: Shared memory.
info depth 1 seldepth 2 multipv 1 score cp 56 nodes 38 nps 38000 hashfull 0 tbhits 0 time 1 pv b8c6
info depth 2 seldepth 3 multipv 1 score cp 65 nodes 79 nps 79000 hashfull 0 tbhits 0 time 1 pv b8c6
info depth 3 seldepth 3 multipv 1 score cp 69 nodes 123 nps 123000 hashfull 0 tbhits 0 time 1 pv b8c6 a2a3
info depth 4 seldepth 6 multipv 1 score cp 69 nodes 371 nps 371000 hashfull 0 tbhits 0 time 1 pv b8c6 a2a3
info depth 5 seldepth 6 multipv 1 score cp 66 nodes 998 nps 998000 hashfull 0 tbhits 0 time 1 pv h7h5 f3d1 h5h4
info depth 6 seldepth 6 multipv 1 score cp 73 nodes 1500 nps 750000 hashfull 0 tbhits 0 time 2 pv f7f5 e4d2 b8c6 a2a3
info depth 7 seldepth 6 multipv 1 score cp 74 nodes 1683 nps 841500 hashfull 0 tbhits 0 time 2 pv f7f5 e4d2 g8f6
info depth 8 seldepth 8 multipv 1 score cp 80 nodes 2139 nps 1069500 hashfull 0 tbhits 0 time 2 pv f7f5 e4g3
info depth 9 seldepth 10 multipv 1 score cp 88 nodes 2492 nps 830666 hashfull 0 tbhits 0 time 3 pv f7f5 e4d2
info depth 10 seldepth 13 multipv 1 score cp 124 nodes 3815 nps 953750 hashfull 0 tbhits 0 time 4 pv f7f5 e4g3 g8f6 a2a3 e8g8 g3f5 b8c6 f5e7 d8e7 f3e2
info depth 11 seldepth 17 multipv 1 score cp 74 nodes 13960 nps 872500 hashfull 4 tbhits 0 time 16 pv f7f5 e4g3 g8f6 f3d1 e8g8 f1e2 f6d5 e2f3 f5f4 g3e4 c7c5 g1e2
info depth 12 seldepth 24 multipv 1 score cp 78 nodes 53544 nps 877770 hashfull 18 tbhits 0 time 61 pv g8f6 f3d1 f6d5 g1f3 c7c5 f1e2 f7f5 e4d2 e8g8
info depth 13 seldepth 17 multipv 1 score cp 71 nodes 76224 nps 846933 hashfull 26 tbhits 0 time 90 pv g8f6 f3d1 d8d5 f1e2 f6e4 d3e4 d5e4 g1f3 b8c6
bestmove g8f6 ponder f3d1
