Stockfish dev-20260913-m-031dfeb4 by the Stockfish developers (see AUTHORS file)
id name Stockfish dev-20260913-m-031dfeb4
id author the Stockfish developers (see AUTHORS file)

option name Debug Log File type string default <empty>
option name NumaPolicy type string default auto
option name Threads type spin default 1 min 1 max 1024
option name Hash type spin default 16 min 1 max 33554432
option name Clear Hash type button
option name Ponder type check default false
option name MultiPV type spin default 1 min 1 max 256
option name Skill Level type spin default 20 min 0 max 20
option name Move Overhead type spin default 10 min 0 max 5000
option name nodestime type spin default 0 min 0 max 10000
option name UCI_Chess960 type check default false
option name UCI_LimitStrength type check default false
option name UCI_Elo type spin default 1320 min 1320 max 3190
option name UCI_ShowWDL type check default false
option name SyzygyPath type string default <empty>
option name SyzygyProbeDepth type spin default 1 min 1 max 100
option name Syzygy50MoveRule type check default true
option name SyzygyProbeLimit type spin default 7 min 0 max 7
option name EvalFile type string default nn-134a887f4c8f.nnue
uciok
info string Using 1 thread
readyok
info string Available processors: 0-9
info string Using 1 thread
info string NNUE evaluation using nn-134a887f4c8f.nnue (109MiB, (86896, 1024, 32, 32, 1))
info string Network replica 1: Shared memory.
info depth 1 seldepth 2 multipv 1 score cp 63 nodes 40 nps 40000 hashfull 0 tbhits 0 time 1 pv a2a3
info depth 2 seldepth 3 multipv 1 score cp 88 nodes 86 nps 86000 hashfull 0 tbhits 0 time 1 pv a2a3
info depth 3 seldepth 2 multipv 1 score cp 88 nodes 125 nps 125000 hashfull 0 tbhits 0 time 1 pv a2a3
info depth 4 seldepth 5 multipv 1 score cp 83 nodes 291 nps 291000 hashfull 0 tbhits 0 time 1 pv a2a3 a6c7 h2h3 a7a6
info depth 5 seldepth 6 multipv 1 score cp 79 nodes 619 nps 619000 hashfull 0 tbhits 0 time 1 pv f1e2 e8g8 h2h3
info depth 6 seldepth 7 multipv 1 score cp 88 nodes 983 nps 163833 hashfull 0 tbhits 0 time 6 pv f1e2 e8g8 h2h3 a6b4
info depth 7 seldepth 6 multipv 1 score cp 89 nodes 1361 nps 56708 hashfull 0 tbhits 0 time 24 pv f1e2 e8g8 e1g1
info depth 8 seldepth 10 multipv 1 score cp 98 nodes 2052 nps 82080 hashfull 0 tbhits 0 time 25 pv f1e2 a6b4 c2b1 e8g8 h2h3 b4a6 b1c2 a6c7 e1g1
info depth 9 seldepth 11 multipv 1 score cp 101 nodes 2546 nps 72742 hashfull 0 tbhits 0 time 35 pv f1e2 a6b4 c2b1 e8g8 e1g1 b4a6 h2h3 a6c7 b1c2
info depth 10 seldepth 10 multipv 1 score cp 101 nodes 3462 nps 48760 hashfull 0 tbhits 0 time 71 pv f1e2 a6b4 c2b1 e8g8 e1g1 b4a6 h2h3 a6c7 b1c2
info depth 11 seldepth 14 multipv 1 score cp 94 nodes 8834 nps 31437 hashfull 3 tbhits 0 time 281 pv f1e2 e8g8 e1g1 e7e5 a2a3 f6h5 g2g3 a6c7 c1g5 d8e8 b2b4
info depth 12 seldepth 19 multipv 1 score cp 99 nodes 17595 nps 26379 hashfull 7 tbhits 0 time 667 pv f1e2 e8g8 e1g1 e7e5 d5e6 f7e6 a2a3 e6e5 c1g5 a6c7 g5f6
info depth 13 seldepth 16 multipv 1 score cp 100 nodes 23233 nps 25143 hashfull 9 tbhits 0 time 924 pv f1e2 a6b4 c2d1 e8g8 h2h3 e7e6 a2a3 b4a6 d5e6 d7e6
bestmove f1e2 ponder a6b4
