Stockfish dev-20260913-m-031dfeb4 by the Stockfish developers (see AUTHORS file)
id name Stockfish dev-20260913-m-031dfeb4
id author the Stockfish developers (see AUTHORS file)

option name Debug Log File type string default <empty>
option name NumaPolicy type string default auto
option name Threads type spin default 1 min 1 max 1024
option name Hash type spin default 16 min 1 max 33554432
option name Clear Hash type button
option name Ponder type check default false
option name MultiPV type spin default 1 min 1 max 256
option name Skill Level type spin default 20 min 0 max 20
option name Move Overhead type spin default 10 min 0 max 5000
option name nodestime type spin default 0 min 0 max 10000
option name UCI_Chess960 type check default false
option name UCI_LimitStrength type check default false
option name UCI_Elo type spin default 1320 min 1320 max 3190
option name UCI_ShowWDL type check default false
option name SyzygyPath type string default <empty>
option name SyzygyProbeDepth type spin default 1 min 1 max 100
option name Syzygy50MoveRule type check default true
option name SyzygyProbeLimit type spin default 7 min 0 max 7
option name EvalFile type string default nn-134a887f4c8f.nnue
uciok
info string Using 1 thread
readyok
info string Available processors: 0-9
info string Using 1 thread
info string NNUE evaluation using nn-134a887f4c8f.nnue (109MiB, (86896, 1024, 32, 32, 1))
info string Network replica 1: Shared memory.
info depth 1 seldepth 2 multipv 1 score cp -58 nodes 33 nps 33000 hashfull 0 tbhits 0 time 1 pv a2a3
info depth 2 seldepth 3 multipv 1 score cp -29 nodes 72 nps 72000 hashfull 0 tbhits 0 time 1 pv a2a3
info depth 3 seldepth 2 multipv 1 score cp -30 nodes 105 nps 105000 hashfull 0 tbhits 0 time 1 pv a2a3
info depth 4 seldepth 6 multipv 1 score cp -58 nodes 820 nps 820000 hashfull 0 tbhits 0 time 1 pv h2h3 g4e6 g1f3 f8e7
info depth 5 seldepth 6 multipv 1 score cp -65 nodes 1678 nps 239714 hashfull 0 tbhits 0 time 7 pv h2h3 g4e6 g1f3 f8e7
info depth 6 seldepth 11 multipv 1 score cp -70 nodes 2534 nps 52791 hashfull 0 tbhits 0 time 48 pv g1f3 f6d7 e1g1 f8e7 f3e1 e8g8
info depth 7 seldepth 10 multipv 1 score cp -65 nodes 2688 nps 56000 hashfull 0 tbhits 0 time 48 pv g1f3 f6d7 e1g1 f8e7 f3e1 e8g8 h2h3 g4e6
info depth 8 seldepth 11 multipv 1 score cp -69 nodes 2848 nps 59333 hashfull 1 tbhits 0 time 48 pv g1f3 f6d7 e1g1 f8e7 f3e1 e8g8 e1c2
info depth 9 seldepth 12 multipv 1 score cp -73 nodes 6756 nps 37120 hashfull 3 tbhits 0 time 182 pv g1f3 f8c5 h2h3 g4f5 f3h4
info depth 10 seldepth 13 multipv 1 score cp -73 nodes 7126 nps 38728 hashfull 3 tbhits 0 time 184 pv g1f3 f8e7 h2h3 g4f5 e1g1 e8g8 f3e1 f8e8 e1c2
info depth 11 seldepth 18 multipv 1 score cp -70 nodes 14718 nps 30221 hashfull 5 tbhits 0 time 487 pv g1f3 d8d7 h2h3 g4f5 a2a3 h7h5 f3g5
info depth 12 seldepth 22 multipv 1 score cp -65 nodes 23585 nps 27392 hashfull 9 tbhits 0 time 861 pv h2h3 g4e6 g1f3 f8e7 e1g1 d8d7 f3g5 e6f5 g1h2
info depth 13 seldepth 16 multipv 1 score cp -68 nodes 26743 nps 26530 hashfull 10 tbhits 0 time 1008 pv h2h3 g4e6 g1f3 f8e7 e1g1 d8d7 f3g5 e6f5 g1h2 h7h6 g5e4 f6e4 d2e4
bestmove h2h3 ponder g4e6
