Stockfish dev-20260913-m-031dfeb4 by the Stockfish developers (see AUTHORS file)
id name Stockfish dev-20260913-m-031dfeb4
id author the Stockfish developers (see AUTHORS file)

option name Debug Log File type string default <empty>
option name NumaPolicy type string default auto
option name Threads type spin default 1 min 1 max 1024
option name Hash type spin default 16 min 1 max 33554432
option name Clear Hash type button
option name Ponder type check default false
option name MultiPV type spin default 1 min 1 max 256
option name Skill Level type spin default 20 min 0 max 20
option name Move Overhead type spin default 10 min 0 max 5000
option name nodestime type spin default 0 min 0 max 10000
option name UCI_Chess960 type check default false
option name UCI_LimitStrength type check default false
option name UCI_Elo type spin default 1320 min 1320 max 3190
option name UCI_ShowWDL type check default false
option name SyzygyPath type string default <empty>
option name SyzygyProbeDepth type spin default 1 min 1 max 100
option name Syzygy50MoveRule type check default true
option name SyzygyProbeLimit type spin default 7 min 0 max 7
option name EvalFile type string default nn-134a887f4c8f.nnue
uciok
info string Using 1 thread
readyok
info string Available processors: 0-9
info string Using 1 thread
info string NNUE evaluation using nn-134a887f4c8f.nnue (109MiB, (86896, 1024, 32, 32, 1))
info string Network replica 1: Shared memory.
info depth 1 seldepth 2 multipv 1 score cp -58 nodes 33 nps 33000 hashfull 0 tbhits 0 time 1 pv a2a3
info depth 2 seldepth 3 multipv 1 score cp -29 nodes 72 nps 72000 hashfull 0 tbhits 0 time 1 pv a2a3
info depth 3 seldepth 2 multipv 1 score cp -30 nodes 105 nps 105000 hashfull 0 tbhits 0 time 1 pv a2a3
info depth 4 seldepth 6 multipv 1 score cp -58 nodes 820 nps 410000 hashfull 0 tbhits 0 time 2 pv h2h3 g4e6 g1f3 f8e7
info depth 5 seldepth 6 multipv 1 score cp -65 nodes 1678 nps 209750 hashfull 0 tbhits 0 time 8 pv h2h3 g4e6 g1f3 f8e7
info depth 6 seldepth 11 multipv 1 score cp -70 nodes 2534 nps 60333 hashfull 0 tbhits 0 time 42 pv g1f3 f6d7 e1g1 f8e7 f3e1 e8g8
info depth 7 seldepth 10 multipv 1 score cp -65 nodes 2688 nps 64000 hashfull 0 tbhits 0 time 42 pv g1f3 f6d7 e1g1 f8e7 f3e1 e8g8 h2h3 g4e6
info depth 8 seldepth 11 multipv 1 score cp -69 nodes 2848 nps 67809 hashfull 1 tbhits 0 time 42 pv g1f3 f6d7 e1g1 f8e7 f3e1 e8g8 e1c2
info depth 9 seldepth 12 multipv 1 score cp -73 nodes 6756 nps 39052 hashfull 3 tbhits 0 time 173 pv g1f3 f8c5 h2h3 g4f5 f3h4
info depth 10 seldepth 13 multipv 1 score cp -73 nodes 7126 nps 40954 hashfull 3 tbhits 0 time 174 pv g1f3 f8e7 h2h3 g4f5 e1g1 e8g8 f3e1 f8e8 e1c2
info depth 11 seldepth 18 multipv 1 score cp -77 nodes 14548 nps 32328 hashfull 6 tbhits 0 time 450 pv g1f3 d8d7
info depth 12 seldepth 20 multipv 1 score cp -73 nodes 33492 nps 24772 hashfull 11 tbhits 0 time 1352 pv g1f3 f8e7 h2h3 g4e6
info depth 13 seldepth 17 multipv 1 score cp -74 nodes 38481 nps 24651 hashfull 13 tbhits 0 time 1561 pv g1f3 d8d7 a2a3 f8c5 h2h3 g4e6 f3g5 e6f5 e1g1
bestmove g1f3 ponder d8d7
