Stockfish dev-20260913-m-031dfeb4 by the Stockfish developers (see AUTHORS file)
id name Stockfish dev-20260913-m-031dfeb4
id author the Stockfish developers (see AUTHORS file)

option name Debug Log File type string default <empty>
option name NumaPolicy type string default auto
option name Threads type spin default 1 min 1 max 1024
option name Hash type spin default 16 min 1 max 33554432
option name Clear Hash type button
option name Ponder type check default false
option name MultiPV type spin default 1 min 1 max 256
option name Skill Level type spin default 20 min 0 max 20
option name Move Overhead type spin default 10 min 0 max 5000
option name nodestime type spin default 0 min 0 max 10000
option name UCI_Chess960 type check default false
option name UCI_LimitStrength type check default false
option name UCI_Elo type spin default 1320 min 1320 max 3190
option name UCI_ShowWDL type check default false
option name SyzygyPath type string default <empty>
option name SyzygyProbeDepth type spin default 1 min 1 max 100
option name Syzygy50MoveRule type check default true
option name SyzygyProbeLimit type spin default 7 min 0 max 7
option name EvalFile type string default nn-134a887f4c8f.nnue
uciok
info string Using 1 thread
readyok
info string Available processors: 0-9
info string Using 1 thread
info string NNUE evaluation using nn-134a887f4c8f.nnue (109MiB, (86896, 1024, 32, 32, 1))
info string Network replica 1: Shared memory.
info depth 1 seldepth 5 multipv 1 score cp 62 nodes 54 nps 54000 hashfull 0 tbhits 0 time 1 pv h5h6
info depth 2 seldepth 6 multipv 1 score cp 60 nodes 193 nps 193000 hashfull 0 tbhits 0 time 1 pv g1f3
info depth 3 seldepth 11 multipv 1 score cp 60 nodes 252 nps 252000 hashfull 0 tbhits 0 time 1 pv g1f3 g6g5 d3e4 g5f4
info depth 4 seldepth 11 multipv 1 score cp 72 nodes 342 nps 342000 hashfull 0 tbhits 0 time 1 pv g1f3 g6g5
info depth 5 seldepth 9 multipv 1 score cp 67 nodes 417 nps 417000 hashfull 0 tbhits 0 time 1 pv g1f3 f8e8
info depth 6 seldepth 12 multipv 1 score cp 73 nodes 783 nps 261000 hashfull 0 tbhits 0 time 3 pv h5g6 h7g6 g1f3 f8e8
info depth 7 seldepth 11 multipv 1 score cp 76 nodes 944 nps 314666 hashfull 0 tbhits 0 time 3 pv h5g6 h7g6 g1f3 f8e8
info depth 8 seldepth 14 multipv 1 score cp 83 nodes 1123 nps 374333 hashfull 0 tbhits 0 time 3 pv h5g6 h7g6 g1f3 f8e8
info depth 9 seldepth 14 multipv 1 score cp 86 nodes 1323 nps 330750 hashfull 0 tbhits 0 time 4 pv h5g6 h7g6 g1f3 f8e8 b1d2 d7e5 f4e5 g7e5 d2e4 d5e4 d3e4
info depth 10 seldepth 14 multipv 1 score cp 86 nodes 1529 nps 382250 hashfull 0 tbhits 0 time 4 pv h5g6 h7g6 g1f3 f8e8 b1d2 d7e5 f4e5 g7e5 d2e4 d5e4 d3e4
info depth 11 seldepth 16 multipv 1 score cp 96 nodes 6183 nps 32888 hashfull 1 tbhits 0 time 188 pv h5g6 h7g6 g1f3 f8e8 b1d2 d7e5 f4e5 g7e5 d2e4 d5e4 d3e4 d8d1 e1d1
info depth 12 seldepth 18 multipv 1 score cp 89 nodes 6518 nps 34670 hashfull 1 tbhits 0 time 188 pv h5g6 h7g6 g1f3 f8e8 b1d2 d7e5 f4e5 g7e5 d2e4 d5e4 d3e4 d8d1 a1d1 e5f6 e4d3
info depth 13 seldepth 16 multipv 1 score cp 89 nodes 7400 nps 34741 hashfull 1 tbhits 0 time 213 pv h5g6 h7g6 g1f3 f8e8 b1d2 d7e5 f4e5 g7e5 d2e4 d5e4 d3e4 d8d1 a1d1 e5f6 e4d3
bestmove h5g6 ponder h7g6
