Stockfish dev-20260913-031dfeb4 by the Stockfish developers (see AUTHORS file)
id name Stockfish dev-20260913-031dfeb4
id author the Stockfish developers (see AUTHORS file)

option name Debug Log File type string default <empty>
option name NumaPolicy type string default auto
option name Threads type spin default 1 min 1 max 1024
option name Hash type spin default 16 min 1 max 33554432
option name Clear Hash type button
option name Ponder type check default false
option name MultiPV type spin default 1 min 1 max 256
option name Skill Level type spin default 20 min 0 max 20
option name Move Overhead type spin default 10 min 0 max 5000
option name nodestime type spin default 0 min 0 max 10000
option name UCI_Chess960 type check default false
option name UCI_LimitStrength type check default false
option name UCI_Elo type spin default 1320 min 1320 max 3190
option name UCI_ShowWDL type check default false
option name SyzygyPath type string default <empty>
option name SyzygyProbeDepth type spin default 1 min 1 max 100
option name Syzygy50MoveRule type check default true
option name SyzygyProbeLimit type spin default 7 min 0 max 7
option name EvalFile type string default nn-134a887f4c8f.nnue
uciok
info string Using 1 thread
readyok
info string Available processors: 0-9
info string Using 1 thread
info string NNUE evaluation using nn-134a887f4c8f.nnue (109MiB, (86896, 1024, 32, 32, 1))
info string Network replica 1: Shared memory.
info depth 1 seldepth 2 multipv 1 score cp 45 nodes 6 nps 6000 hashfull 0 tbhits 0 time 1 pv c7c6
info depth 2 seldepth 3 multipv 1 score cp 64 nodes 19 nps 19000 hashfull 0 tbhits 0 time 1 pv c7c6
info depth 3 seldepth 2 multipv 1 score cp 64 nodes 26 nps 26000 hashfull 0 tbhits 0 time 1 pv c7c6
info depth 4 seldepth 4 multipv 1 score cp 66 nodes 178 nps 178000 hashfull 0 tbhits 0 time 1 pv c7c6 d2d3
info depth 5 seldepth 7 multipv 1 score cp 70 nodes 312 nps 312000 hashfull 0 tbhits 0 time 1 pv b7c6 f2f4 c8a6
info depth 6 seldepth 8 multipv 1 score cp 52 nodes 619 nps 619000 hashfull 0 tbhits 0 time 1 pv b7c6 f2f4 f7f6 e1g1 f6e5
info depth 7 seldepth 8 multipv 1 score cp 74 nodes 1001 nps 1001000 hashfull 0 tbhits 0 time 1 pv b7c6 f2f4 f7f6
info depth 8 seldepth 8 multipv 1 score cp 80 nodes 1139 nps 1139000 hashfull 0 tbhits 0 time 1 pv b7c6 f2f4 f7f6
info depth 9 seldepth 8 multipv 1 score cp 85 nodes 1476 nps 1476000 hashfull 0 tbhits 0 time 1 pv b7c6 f2f4 f7f6 e1g1 f6e5 f4e5 c7e5
info depth 10 seldepth 17 multipv 1 score cp 74 nodes 4229 nps 1057250 hashfull 0 tbhits 0 time 4 pv b7c6 f2f4 f7f6 e1g1 f6e5 f4e5 c7e5 d2d3 g8f6 b1d2 f8d6
info depth 11 seldepth 16 multipv 1 score cp 79 nodes 6958 nps 994000 hashfull 1 tbhits 0 time 7 pv b7c6 f2f4 f7f6 e1g1 f6e5 f4e5 c7e5 d2d3 g8f6 c1f4 e5b2 b1d2 f8e7
info depth 12 seldepth 25 multipv 1 score cp 79 nodes 10428 nps 948000 hashfull 2 tbhits 0 time 11 pv b7c6 f2f4 f7f6 e1g1 f6e5 f4e5 c7e5 d2d3 g8f6 c1f4 e5b2 b1d2 f8e7 a1b1
info depth 13 seldepth 25 multipv 1 score cp 90 nodes 21505 nps 935000 hashfull 4 tbhits 0 time 23 pv b7c6 f2f4 f7f6 e2g1 g8h6 g1f3 c5c4
bestmove b7c6 ponder f2f4
