Stockfish dev-20260913-031dfeb4 by the Stockfish developers (see AUTHORS file)
id name Stockfish dev-20260913-031dfeb4
id author the Stockfish developers (see AUTHORS file)

option name Debug Log File type string default <empty>
option name NumaPolicy type string default auto
option name Threads type spin default 1 min 1 max 1024
option name Hash type spin default 16 min 1 max 33554432
option name Clear Hash type button
option name Ponder type check default false
option name MultiPV type spin default 1 min 1 max 256
option name Skill Level type spin default 20 min 0 max 20
option name Move Overhead type spin default 10 min 0 max 5000
option name nodestime type spin default 0 min 0 max 10000
option name UCI_Chess960 type check default false
option name UCI_LimitStrength type check default false
option name UCI_Elo type spin default 1320 min 1320 max 3190
option name UCI_ShowWDL type check default false
option name SyzygyPath type string default <empty>
option name SyzygyProbeDepth type spin default 1 min 1 max 100
option name Syzygy50MoveRule type check default true
option name SyzygyProbeLimit type spin default 7 min 0 max 7
option name EvalFile type string default nn-134a887f4c8f.nnue
uciok
info string Using 1 thread
readyok
info string Available processors: 0-9
info string Using 1 thread
info string NNUE evaluation using nn-134a887f4c8f.nnue (109MiB, (86896, 1024, 32, 32, 1))
info string Network replica 1: Shared memory.
info depth 1 seldepth 8 multipv 1 score cp 146 nodes 72 nps 72000 hashfull 0 tbhits 0 time 1 pv b1c3
info depth 2 seldepth 3 multipv 1 score cp 163 nodes 114 nps 114000 hashfull 0 tbhits 0 time 1 pv b1c3 a7a6
info depth 3 seldepth 3 multipv 1 score cp 163 nodes 157 nps 157000 hashfull 0 tbhits 0 time 1 pv b1c3 a7a6
info depth 4 seldepth 7 multipv 1 score cp 151 nodes 303 nps 303000 hashfull 0 tbhits 0 time 1 pv b1c3 g7g6 f1d3 f8g7
info depth 5 seldepth 8 multipv 1 score cp 160 nodes 395 nps 395000 hashfull 0 tbhits 0 time 1 pv b1c3 g7g6 f1c4 f8g7
info depth 6 seldepth 11 multipv 1 score cp 138 nodes 984 nps 984000 hashfull 0 tbhits 0 time 1 pv f1d3 b7d5 e1g1
info depth 7 seldepth 11 multipv 1 score cp 166 nodes 1609 nps 804500 hashfull 0 tbhits 0 time 2 pv b1c3 g8f6 f1b5 f6e4 e1g1 e4c3 b2c3 a7a6
info depth 8 seldepth 10 multipv 1 score cp 166 nodes 1703 nps 851500 hashfull 0 tbhits 0 time 2 pv b1c3 g8f6 f1b5 f6e4 e1g1 e4c3
info depth 9 seldepth 11 multipv 1 score cp 166 nodes 1819 nps 909500 hashfull 0 tbhits 0 time 2 pv b1c3 g8f6 f1b5 f6e4 e1g1 e4c3 b2c3 a7a6
info depth 10 seldepth 17 multipv 1 score cp 122 nodes 7609 nps 845444 hashfull 2 tbhits 0 time 9 pv b1c3 g8f6 f1b5 f6e4 e1g1 e4c3 b2c3 e8c8 f1e1 e7f6 c1e3 a7a6
info depth 11 seldepth 15 multipv 1 score cp 122 nodes 7935 nps 881666 hashfull 2 tbhits 0 time 9 pv b1c3 g8f6 f1b5 f6e4 e1g1 e4c3 b2c3 e8c8 f1e1 e7f6 c1e3 a7a6
info depth 12 seldepth 22 multipv 1 score cp 137 nodes 12502 nps 833466 hashfull 2 tbhits 0 time 15 pv b1c3 g8f6 f1b5 f6e4 e1g1 e8c8 f1e1 e4c3 b2c3 e7f6 c1e3 d7c5 f3d4 b7d5 d4c6 d5c6 b5c6
info depth 13 seldepth 21 multipv 1 score cp 151 nodes 19654 nps 893363 hashfull 4 tbhits 0 time 22 pv b1c3 g8f6 f1b5 a7a6 b5c6 b7c6 d5c6 d7c5 e1g1 c5e4 f1e1 d6d5 c3d5
bestmove b1c3 ponder g8f6
