Stockfish dev-20260913-m-031dfeb4 by the Stockfish developers (see AUTHORS file)
id name Stockfish dev-20260913-m-031dfeb4
id author the Stockfish developers (see AUTHORS file)

option name Debug Log File type string default <empty>
option name NumaPolicy type string default auto
option name Threads type spin default 1 min 1 max 1024
option name Hash type spin default 16 min 1 max 33554432
option name Clear Hash type button
option name Ponder type check default false
option name MultiPV type spin default 1 min 1 max 256
option name Skill Level type spin default 20 min 0 max 20
option name Move Overhead type spin default 10 min 0 max 5000
option name nodestime type spin default 0 min 0 max 10000
option name UCI_Chess960 type check default false
option name UCI_LimitStrength type check default false
option name UCI_Elo type spin default 1320 min 1320 max 3190
option name UCI_ShowWDL type check default false
option name SyzygyPath type string default <empty>
option name SyzygyProbeDepth type spin default 1 min 1 max 100
option name Syzygy50MoveRule type check default true
option name SyzygyProbeLimit type spin default 7 min 0 max 7
option name EvalFile type string default nn-134a887f4c8f.nnue
uciok
info string Using 1 thread
readyok
info string Available processors: 0-9
info string Using 1 thread
info string NNUE evaluation using nn-134a887f4c8f.nnue (109MiB, (86896, 1024, 32, 32, 1))
info string Network replica 1: Shared memory.
info depth 1 seldepth 6 multipv 1 score cp 77 nodes 86 nps 86000 hashfull 0 tbhits 0 time 1 pv c1b2
info depth 2 seldepth 5 multipv 1 score cp 83 nodes 135 nps 135000 hashfull 0 tbhits 0 time 1 pv c1b2
info depth 3 seldepth 5 multipv 1 score cp 88 nodes 184 nps 184000 hashfull 0 tbhits 0 time 1 pv c1b2
info depth 4 seldepth 5 multipv 1 score cp 97 nodes 254 nps 254000 hashfull 0 tbhits 0 time 1 pv c1b2
info depth 5 seldepth 9 multipv 1 score cp 83 nodes 550 nps 550000 hashfull 0 tbhits 0 time 1 pv c1b2 f5h4 a2a3 b4c3 b2c3
info depth 6 seldepth 10 multipv 1 score cp 85 nodes 1043 nps 521500 hashfull 0 tbhits 0 time 2 pv c1b2 f5h4 a2a3 b4c3 b2c3 e8g8 f3h4 d8h4
info depth 7 seldepth 10 multipv 1 score cp 85 nodes 1106 nps 553000 hashfull 0 tbhits 0 time 2 pv c1b2 f5h4 a2a3 b4c3 b2c3 e8g8 f3h4 d8h4
info depth 8 seldepth 10 multipv 1 score cp 85 nodes 1185 nps 592500 hashfull 0 tbhits 0 time 2 pv c1b2 f5h4 a2a3 b4c3 b2c3 e8g8 f3h4 d8h4
info depth 9 seldepth 10 multipv 1 score cp 89 nodes 1689 nps 99352 hashfull 0 tbhits 0 time 17 pv c1b2 f5h4 a2a3 b4c3 b2c3 e8g8 f3h4 d8h4 f1d3
info depth 10 seldepth 10 multipv 1 score cp 89 nodes 1827 nps 107470 hashfull 0 tbhits 0 time 17 pv c1b2 f5h4 a2a3 b4c3 b2c3 e8g8 f3h4 d8h4 f1d3
info depth 11 seldepth 17 multipv 1 score cp 97 nodes 4494 nps 52870 hashfull 0 tbhits 0 time 85 pv c1b2 f5h4 a2a3 b4c3 b2c3 e8g8 f3h4 d8h4 f1d3 e6e5 d4e5
info depth 12 seldepth 16 multipv 1 score cp 95 nodes 6121 nps 54651 hashfull 1 tbhits 0 time 112 pv c1b2 f5h4 a2a3 b4c3 b2c3 e8g8 f3h4 d8h4 f1d3 b7b6 e1g1 c6e7 d1c2 c8b7 f2f3
info depth 13 seldepth 17 multipv 1 score cp 96 nodes 8086 nps 43708 hashfull 1 tbhits 0 time 185 pv c1b2 f5h4 a2a3 b4c3 b2c3 e8g8 f3h4 d8h4 f1d3 b7b6 e1g1 f8d8
bestmove c1b2 ponder f5h4
