Stockfish dev-20260913-m-031dfeb4 by the Stockfish developers (see AUTHORS file)
id name Stockfish dev-20260913-m-031dfeb4
id author the Stockfish developers (see AUTHORS file)

option name Debug Log File type string default <empty>
option name NumaPolicy type string default auto
option name Threads type spin default 1 min 1 max 1024
option name Hash type spin default 16 min 1 max 33554432
option name Clear Hash type button
option name Ponder type check default false
option name MultiPV type spin default 1 min 1 max 256
option name Skill Level type spin default 20 min 0 max 20
option name Move Overhead type spin default 10 min 0 max 5000
option name nodestime type spin default 0 min 0 max 10000
option name UCI_Chess960 type check default false
option name UCI_LimitStrength type check default false
option name UCI_Elo type spin default 1320 min 1320 max 3190
option name UCI_ShowWDL type check default false
option name SyzygyPath type string default <empty>
option name SyzygyProbeDepth type spin default 1 min 1 max 100
option name Syzygy50MoveRule type check default true
option name SyzygyProbeLimit type spin default 7 min 0 max 7
option name EvalFile type string default nn-134a887f4c8f.nnue
uciok
info string Using 1 thread
readyok
info string Available processors: 0-9
info string Using 1 thread
info string NNUE evaluation using nn-134a887f4c8f.nnue (109MiB, (86896, 1024, 32, 32, 1))
info string Network replica 1: Shared memory.
info depth 1 seldepth 3 multipv 1 score cp -119 nodes 35 nps 35000 hashfull 0 tbhits 0 time 1 pv c6c5
info depth 2 seldepth 3 multipv 1 score cp -87 nodes 73 nps 73000 hashfull 0 tbhits 0 time 1 pv c6c5
info depth 3 seldepth 3 multipv 1 score cp -74 nodes 115 nps 115000 hashfull 0 tbhits 0 time 1 pv c6c5
info depth 4 seldepth 8 multipv 1 score cp -131 nodes 616 nps 616000 hashfull 0 tbhits 0 time 1 pv d7d6 e1g1 c6c5 d4d5 g8f6
info depth 5 seldepth 6 multipv 1 score cp -121 nodes 833 nps 833000 hashfull 0 tbhits 0 time 1 pv d7d6 e1g1 b8d7 b1d2
info depth 6 seldepth 8 multipv 1 score cp -121 nodes 958 nps 958000 hashfull 0 tbhits 0 time 1 pv d7d6 e1g1 b8d7 b1d2 c6c5 d4d5
info depth 7 seldepth 10 multipv 1 score cp -121 nodes 1068 nps 534000 hashfull 0 tbhits 0 time 2 pv d7d6 e1g1 b8d7 e4e5
info depth 8 seldepth 12 multipv 1 score cp -121 nodes 1194 nps 398000 hashfull 0 tbhits 0 time 3 pv d7d6 e4e5 d6e5 f3e5 g8f6
info depth 9 seldepth 14 multipv 1 score cp -121 nodes 5488 nps 30831 hashfull 1 tbhits 0 time 178 pv d7d6 a2a3 g8f6 e1g1 f8e7
info depth 10 seldepth 10 multipv 1 score cp -128 nodes 6647 nps 30076 hashfull 1 tbhits 0 time 221 pv c6c5 d4d5 d7d6 e4e5 d6e5 d5e6 f7e6 f3e5
info depth 11 seldepth 17 multipv 1 score cp -120 nodes 14885 nps 22349 hashfull 5 tbhits 0 time 666 pv d7d6 e1g1 c6c5 d3c2 g8f6 c2a4 f6d7
info depth 12 seldepth 13 multipv 1 score cp -121 nodes 15949 nps 22948 hashfull 5 tbhits 0 time 695 pv d7d6 e1g1 f8e7 e4e5 c6c5 d4d5
info depth 13 seldepth 16 multipv 1 score cp -119 nodes 22603 nps 22094 hashfull 8 tbhits 0 time 1023 pv d7d6 e1g1 f8e7 e4e5 c6c5 d4d5 d6e5 f3e5 e6d5 c4d5 d8d5 d3b5 e8f8 d1d5 b7d5
bestmove d7d6 ponder e1g1
