Stockfish dev-20260913-m-031dfeb4 by the Stockfish developers (see AUTHORS file)
id name Stockfish dev-20260913-m-031dfeb4
id author the Stockfish developers (see AUTHORS file)

option name Debug Log File type string default <empty>
option name NumaPolicy type string default auto
option name Threads type spin default 1 min 1 max 1024
option name Hash type spin default 16 min 1 max 33554432
option name Clear Hash type button
option name Ponder type check default false
option name MultiPV type spin default 1 min 1 max 256
option name Skill Level type spin default 20 min 0 max 20
option name Move Overhead type spin default 10 min 0 max 5000
option name nodestime type spin default 0 min 0 max 10000
option name UCI_Chess960 type check default false
option name UCI_LimitStrength type check default false
option name UCI_Elo type spin default 1320 min 1320 max 3190
option name UCI_ShowWDL type check default false
option name SyzygyPath type string default <empty>
option name SyzygyProbeDepth type spin default 1 min 1 max 100
option name Syzygy50MoveRule type check default true
option name SyzygyProbeLimit type spin default 7 min 0 max 7
option name EvalFile type string default nn-134a887f4c8f.nnue
uciok
info string Using 1 thread
readyok
info string Available processors: 0-9
info string Using 1 thread
info string NNUE evaluation using nn-134a887f4c8f.nnue (109MiB, (86896, 1024, 32, 32, 1))
info string Network replica 1: Shared memory.
info depth 1 seldepth 5 multipv 1 score cp 104 nodes 56 nps 56000 hashfull 0 tbhits 0 time 1 pv e2e4
info depth 2 seldepth 5 multipv 1 score cp 114 nodes 112 nps 112000 hashfull 0 tbhits 0 time 1 pv e2e4
info depth 3 seldepth 6 multipv 1 score cp 124 nodes 172 nps 172000 hashfull 0 tbhits 0 time 1 pv e2e4
info depth 4 seldepth 5 multipv 1 score cp 130 nodes 238 nps 238000 hashfull 0 tbhits 0 time 1 pv e2e4 f5e4 c3e4
info depth 5 seldepth 5 multipv 1 score cp 143 nodes 328 nps 328000 hashfull 0 tbhits 0 time 1 pv e2e4 f6e4 c3e4
info depth 6 seldepth 7 multipv 1 score cp 100 nodes 847 nps 847000 hashfull 0 tbhits 0 time 1 pv e2e4 f5e4 c3e4 b8c6 e4f6 e7f6
info depth 7 seldepth 9 multipv 1 score cp 135 nodes 1053 nps 210600 hashfull 0 tbhits 0 time 5 pv e2e4 f5e4 c3e4 b8c6 e4f6 g7f6
info depth 8 seldepth 7 multipv 1 score cp 135 nodes 1145 nps 190833 hashfull 0 tbhits 0 time 6 pv e2e4 f5e4 c3e4 b8c6 e4f6 g7f6
info depth 9 seldepth 13 multipv 1 score cp 104 nodes 3683 nps 55803 hashfull 0 tbhits 0 time 66 pv e2e4 b8c6 e4e5 d6e5 d4e5 f6g4 d3e2 e7e6 c1g5 d8d7
info depth 10 seldepth 10 multipv 1 score cp 104 nodes 3839 nps 58166 hashfull 0 tbhits 0 time 66 pv e2e4 b8c6 e4e5 d6e5 d4e5 d8d3 f1d3
info depth 11 seldepth 15 multipv 1 score cp 108 nodes 5547 nps 38790 hashfull 1 tbhits 0 time 143 pv e2e4 b8c6 e4e5 c6b4 d3e2 d6e5 d4e5 f6d5 c3d5 d8d5 a2a3
info depth 12 seldepth 18 multipv 1 score cp 120 nodes 10116 nps 26275 hashfull 2 tbhits 0 time 385 pv e2e4 f5e4 c3e4 g7g6 e4g5 f8g7 d3b3 d6d5 f1d3
info depth 13 seldepth 21 multipv 1 score cp 115 nodes 17134 nps 24760 hashfull 5 tbhits 0 time 692 pv e2e4 f5e4 c3e4 g7g6 e4f6 e7f6 c1d2 d6d5 d3b3 f8g7
bestmove e2e4 ponder f5e4
