Stockfish dev-20260913-031dfeb4 by the Stockfish developers (see AUTHORS file)
id name Stockfish dev-20260913-031dfeb4
id author the Stockfish developers (see AUTHORS file)

option name Debug Log File type string default <empty>
option name NumaPolicy type string default auto
option name Threads type spin default 1 min 1 max 1024
option name Hash type spin default 16 min 1 max 33554432
option name Clear Hash type button
option name Ponder type check default false
option name MultiPV type spin default 1 min 1 max 256
option name Skill Level type spin default 20 min 0 max 20
option name Move Overhead type spin default 10 min 0 max 5000
option name nodestime type spin default 0 min 0 max 10000
option name UCI_Chess960 type check default false
option name UCI_LimitStrength type check default false
option name UCI_Elo type spin default 1320 min 1320 max 3190
option name UCI_ShowWDL type check default false
option name SyzygyPath type string default <empty>
option name SyzygyProbeDepth type spin default 1 min 1 max 100
option name Syzygy50MoveRule type check default true
option name SyzygyProbeLimit type spin default 7 min 0 max 7
option name EvalFile type string default nn-134a887f4c8f.nnue
uciok
info string Using 1 thread
readyok
info string Available processors: 0-9
info string Using 1 thread
info string NNUE evaluation using nn-134a887f4c8f.nnue (109MiB, (86896, 1024, 32, 32, 1))
info string Network replica 1: Shared memory.
info depth 1 seldepth 5 multipv 1 score cp 113 nodes 61 nps 61000 hashfull 0 tbhits 0 time 1 pv e6c4
info depth 2 seldepth 3 multipv 1 score cp 75 nodes 445 nps 445000 hashfull 0 tbhits 0 time 1 pv e6c8
info depth 3 seldepth 5 multipv 1 score cp 79 nodes 629 nps 629000 hashfull 0 tbhits 0 time 1 pv e6c8 f1e1 h7h6
info depth 4 seldepth 6 multipv 1 score cp 76 nodes 851 nps 851000 hashfull 0 tbhits 0 time 1 pv e6c8 f1e1 h7h6 g5f3
info depth 5 seldepth 7 multipv 1 score cp 87 nodes 996 nps 996000 hashfull 0 tbhits 0 time 1 pv d8f6 g5e6 f7e6 c2c3
info depth 6 seldepth 7 multipv 1 score cp 85 nodes 1281 nps 1281000 hashfull 0 tbhits 0 time 1 pv d8f6 g5e6 f7e6 b1d2 e8c8
info depth 7 seldepth 7 multipv 1 score cp 92 nodes 1569 nps 1569000 hashfull 0 tbhits 0 time 1 pv d8d7 g5e6 f7e6 c2c3
info depth 8 seldepth 11 multipv 1 score cp 94 nodes 1965 nps 982500 hashfull 0 tbhits 0 time 2 pv d8f6 g5e6 f7e6 b1d2 e8c8 d2f3
info depth 9 seldepth 13 multipv 1 score cp 79 nodes 3640 nps 910000 hashfull 1 tbhits 0 time 4 pv d8f6 g5e6 f7e6 d1h5 g7g6
info depth 10 seldepth 14 multipv 1 score cp 74 nodes 9053 nps 1005888 hashfull 4 tbhits 0 time 9 pv d8d7 g5e6 f7e6 b1d2 e8c8 d2f3 d7e8 c1g5 f8e7 g5e7 e8e7 d1d3
info depth 11 seldepth 15 multipv 1 score cp 73 nodes 11544 nps 888000 hashfull 4 tbhits 0 time 13 pv d8d7 g5e6 f7e6 c1g5 f8e7 g5e7 g8e7 b1d2 e8c8 d2b3
info depth 12 seldepth 18 multipv 1 score cp 76 nodes 17229 nps 957166 hashfull 6 tbhits 0 time 18 pv d8d7 g5e6 f7e6 c1g5
info depth 13 seldepth 13 multipv 1 score cp 79 nodes 18985 nps 999210 hashfull 6 tbhits 0 time 19 pv d8d7 g5e6 f7e6 d1h5 g7g6 h5e2 e8c8 b1d2 e6e5
bestmove d8d7 ponder g5e6
