Stockfish dev-20260913-031dfeb4 by the Stockfish developers (see AUTHORS file)
id name Stockfish dev-20260913-031dfeb4
id author the Stockfish developers (see AUTHORS file)

option name Debug Log File type string default <empty>
option name NumaPolicy type string default auto
option name Threads type spin default 1 min 1 max 1024
option name Hash type spin default 16 min 1 max 33554432
option name Clear Hash type button
option name Ponder type check default false
option name MultiPV type spin default 1 min 1 max 256
option name Skill Level type spin default 20 min 0 max 20
option name Move Overhead type spin default 10 min 0 max 5000
option name nodestime type spin default 0 min 0 max 10000
option name UCI_Chess960 type check default false
option name UCI_LimitStrength type check default false
option name UCI_Elo type spin default 1320 min 1320 max 3190
option name UCI_ShowWDL type check default false
option name SyzygyPath type string default <empty>
option name SyzygyProbeDepth type spin default 1 min 1 max 100
option name Syzygy50MoveRule type check default true
option name SyzygyProbeLimit type spin default 7 min 0 max 7
option name EvalFile type string default nn-134a887f4c8f.nnue
uciok
info string Using 1 thread
readyok
info string Available processors: 0-9
info string Using 1 thread
info string NNUE evaluation using nn-134a887f4c8f.nnue (109MiB, (86896, 1024, 32, 32, 1))
info string Network replica 1: Shared memory.
info depth 1 seldepth 4 multipv 1 score cp 78 nodes 41 nps 41000 hashfull 0 tbhits 0 time 1 pv d2c3
info depth 2 seldepth 3 multipv 1 score cp 145 nodes 84 nps 84000 hashfull 0 tbhits 0 time 1 pv d2c3
info depth 3 seldepth 2 multipv 1 score cp 145 nodes 120 nps 120000 hashfull 0 tbhits 0 time 1 pv d2c3
info depth 4 seldepth 7 multipv 1 score cp 85 nodes 603 nps 603000 hashfull 0 tbhits 0 time 1 pv d2c3 g8e7 f1e1 e8g8
info depth 5 seldepth 8 multipv 1 score cp 93 nodes 798 nps 798000 hashfull 0 tbhits 0 time 1 pv d2c3 g8e7 a2a4 e8g8
info depth 6 seldepth 7 multipv 1 score cp 93 nodes 883 nps 883000 hashfull 0 tbhits 0 time 1 pv d2c3 g8e7 a2a4 a7a5 f1e1
info depth 7 seldepth 14 multipv 1 score cp 96 nodes 1057 nps 1057000 hashfull 0 tbhits 0 time 1 pv d2c3 g8e7 c3d2
info depth 8 seldepth 11 multipv 1 score cp 111 nodes 3676 nps 919000 hashfull 1 tbhits 0 time 4 pv d2c3 g8h6 b2b4 e8g8 b4b5 c6e7 a2a4 h6f5 f1e1
info depth 9 seldepth 11 multipv 1 score cp 107 nodes 4157 nps 1039250 hashfull 1 tbhits 0 time 4 pv d2c3 a7a5 c3d2 g8e7 c2c3 e8g8 f1e1 e7g6
info depth 10 seldepth 13 multipv 1 score cp 104 nodes 5785 nps 964166 hashfull 2 tbhits 0 time 6 pv d2c3 a7a5 f3h4 g7g6 c3d2 g8e7 c2c3 e8g8
info depth 11 seldepth 15 multipv 1 score cp 105 nodes 7372 nps 921500 hashfull 3 tbhits 0 time 8 pv d2c3 a7a5 f3h4 g7g6 h4f3 g8e7 c3d2 e8g8 f1e1 e7f5 c2c3 c8d7
info depth 12 seldepth 15 multipv 1 score cp 105 nodes 10246 nps 853833 hashfull 3 tbhits 0 time 12 pv d2c3 a7a5 c3d2 g8e7 c2c3 e8g8 f1e1 e7f5 a2a4 c8d7 b2b4 a5b4 c3b4
info depth 13 seldepth 21 multipv 1 score cp 120 nodes 20535 nps 821400 hashfull 8 tbhits 0 time 25 pv d2c3 a7a5 f1e1 g8e7 f3h4 g7g6 b2b3 e8f7 a2a3 f7g7 h4f3 e7f5 c3b2 a5a4
bestmove d2c3 ponder a7a5
