Stockfish dev-20260913-m-031dfeb4 by the Stockfish developers (see AUTHORS file)
id name Stockfish dev-20260913-m-031dfeb4
id author the Stockfish developers (see AUTHORS file)

option name Debug Log File type string default <empty>
option name NumaPolicy type string default auto
option name Threads type spin default 1 min 1 max 1024
option name Hash type spin default 16 min 1 max 33554432
option name Clear Hash type button
option name Ponder type check default false
option name MultiPV type spin default 1 min 1 max 256
option name Skill Level type spin default 20 min 0 max 20
option name Move Overhead type spin default 10 min 0 max 5000
option name nodestime type spin default 0 min 0 max 10000
option name UCI_Chess960 type check default false
option name UCI_LimitStrength type check default false
option name UCI_Elo type spin default 1320 min 1320 max 3190
option name UCI_ShowWDL type check default false
option name SyzygyPath type string default <empty>
option name SyzygyProbeDepth type spin default 1 min 1 max 100
option name Syzygy50MoveRule type check default true
option name SyzygyProbeLimit type spin default 7 min 0 max 7
option name EvalFile type string default nn-134a887f4c8f.nnue
uciok
info string Using 1 thread
readyok
info string Available processors: 0-9
info string Using 1 thread
info string NNUE evaluation using nn-134a887f4c8f.nnue (109MiB, (86896, 1024, 32, 32, 1))
info string Network replica 1: Shared memory.
info depth 1 seldepth 4 multipv 1 score cp 78 nodes 41 nps 41000 hashfull 0 tbhits 0 time 1 pv d2c3
info depth 2 seldepth 3 multipv 1 score cp 145 nodes 84 nps 84000 hashfull 0 tbhits 0 time 1 pv d2c3
info depth 3 seldepth 2 multipv 1 score cp 145 nodes 120 nps 120000 hashfull 0 tbhits 0 time 1 pv d2c3
info depth 4 seldepth 7 multipv 1 score cp 85 nodes 603 nps 603000 hashfull 0 tbhits 0 time 1 pv d2c3 g8e7 f1e1 e8g8
info depth 5 seldepth 8 multipv 1 score cp 93 nodes 798 nps 399000 hashfull 0 tbhits 0 time 2 pv d2c3 g8e7 a2a4 e8g8
info depth 6 seldepth 7 multipv 1 score cp 93 nodes 883 nps 441500 hashfull 0 tbhits 0 time 2 pv d2c3 g8e7 a2a4 a7a5 f1e1
info depth 7 seldepth 14 multipv 1 score cp 96 nodes 1057 nps 211400 hashfull 0 tbhits 0 time 5 pv d2c3 g8e7 c3d2
info depth 8 seldepth 13 multipv 1 score cp 119 nodes 3891 nps 35372 hashfull 1 tbhits 0 time 110 pv d2c3 g8h6 b2b4 e8g8
info depth 9 seldepth 11 multipv 1 score cp 112 nodes 4340 nps 35867 hashfull 1 tbhits 0 time 121 pv d2c3 g8h6 b2b4 e8g8 b4b5 c6e7 c3b4 f8e8 f1e1
info depth 10 seldepth 12 multipv 1 score cp 114 nodes 5121 nps 37108 hashfull 1 tbhits 0 time 138 pv d2c3 g8h6 b2b4 a7a6 a2a4 e8g8 b4b5 a6b5 a4b5 a8a1 d1a1
info depth 11 seldepth 15 multipv 1 score cp 106 nodes 6827 nps 35557 hashfull 2 tbhits 0 time 192 pv d2c3 g8h6 b2b4 a7a6 a2a4 e8g8 d1e2 c6e7 b4b5 a6b5 a4b5
info depth 12 seldepth 17 multipv 1 score cp 110 nodes 9105 nps 28996 hashfull 3 tbhits 0 time 314 pv d2c3 g8h6 b2b4 a7a6 a2a4 e8g8 b4b5 c6e7 b5a6 b7a6 f1e1 h6f5
info depth 13 seldepth 20 multipv 1 score cp 109 nodes 14286 nps 20263 hashfull 4 tbhits 0 time 705 pv b2c3 g8e7 f3h4 g7g6 d2h6 e8f7 f1e1 e7g8 h6c1 c6a5
bestmove b2c3 ponder g8e7
