Stockfish dev-20260913-m-031dfeb4 by the Stockfish developers (see AUTHORS file)
id name Stockfish dev-20260913-m-031dfeb4
id author the Stockfish developers (see AUTHORS file)

option name Debug Log File type string default <empty>
option name NumaPolicy type string default auto
option name Threads type spin default 1 min 1 max 1024
option name Hash type spin default 16 min 1 max 33554432
option name Clear Hash type button
option name Ponder type check default false
option name MultiPV type spin default 1 min 1 max 256
option name Skill Level type spin default 20 min 0 max 20
option name Move Overhead type spin default 10 min 0 max 5000
option name nodestime type spin default 0 min 0 max 10000
option name UCI_Chess960 type check default false
option name UCI_LimitStrength type check default false
option name UCI_Elo type spin default 1320 min 1320 max 3190
option name UCI_ShowWDL type check default false
option name SyzygyPath type string default <empty>
option name SyzygyProbeDepth type spin default 1 min 1 max 100
option name Syzygy50MoveRule type check default true
option name SyzygyProbeLimit type spin default 7 min 0 max 7
option name EvalFile type string default nn-134a887f4c8f.nnue
uciok
info string Using 1 thread
readyok
info string Available processors: 0-9
info string Using 1 thread
info string NNUE evaluation using nn-134a887f4c8f.nnue (109MiB, (86896, 1024, 32, 32, 1))
info string Network replica 1: Shared memory.
info depth 1 seldepth 6 multipv 1 score cp -11 nodes 58 nps 58000 hashfull 0 tbhits 0 time 1 pv d6e6 c3e2
info depth 2 seldepth 6 multipv 1 score cp -104 nodes 791 nps 791000 hashfull 0 tbhits 0 time 1 pv g8f6 b1b7 a7a6 h2h3 g4c8
info depth 3 seldepth 4 multipv 1 score cp -101 nodes 986 nps 986000 hashfull 0 tbhits 0 time 1 pv g8f6 b1b7 a7a6
info depth 4 seldepth 9 multipv 1 score cp -116 nodes 1716 nps 132000 hashfull 0 tbhits 0 time 13 pv a7a6 h2h3 g4c8 f3e5
info depth 5 seldepth 6 multipv 1 score cp -119 nodes 2366 nps 139176 hashfull 0 tbhits 0 time 17 pv d6c6 c3b5
info depth 6 seldepth 10 multipv 1 score cp -130 nodes 2457 nps 144529 hashfull 0 tbhits 0 time 17 pv d6c6 c3b5 a7a6 d4d5 c6d7 c1f4 a6b5 f1b5
info depth 7 seldepth 9 multipv 1 score cp -114 nodes 3024 nps 108000 hashfull 0 tbhits 0 time 28 pv a7a6 b1b7 g8f6 h2h3 d6c6 b7b3
info depth 8 seldepth 11 multipv 1 score cp -148 nodes 6169 nps 40585 hashfull 1 tbhits 0 time 152 pv g8f6 h2h3 g4e6 f3g5 a7a6 b1b7 b8c6
info depth 9 seldepth 11 multipv 1 score cp -143 nodes 6452 nps 41358 hashfull 1 tbhits 0 time 156 pv g8f6 b1b7 a7a6 h2h3 g4e6 f3g5 b8c6 g5e6 d6e6 f1e2
info depth 10 seldepth 11 multipv 1 score cp -143 nodes 6838 nps 41950 hashfull 1 tbhits 0 time 163 pv g8f6 h2h3 g4e6 f3g5 a7a6 b1b7 b8c6 g5e6 d6e6 f1e2
info depth 11 seldepth 17 multipv 1 score cp -132 nodes 19222 nps 22145 hashfull 4 tbhits 0 time 868 pv g8f6 b1b7 a7a6 h2h3 g4f3 d1f3 b8c6 f1b5 a6b5 c3b5
info depth 12 seldepth 18 multipv 1 score cp -119 nodes 22866 nps 23356 hashfull 5 tbhits 0 time 979 pv g8f6 b1b7 a7a6 h2h3 g4f3 d1f3 b8c6 c3b5 a6b5 f1b5 f6d5 c2c4 e8d8 c4d5
info depth 13 seldepth 17 multipv 1 score cp -131 nodes 26492 nps 22877 hashfull 6 tbhits 0 time 1158 pv g8f6 h2h3 g4f3 d1f3 b8c6 c1f4 d6d7 f1b5 e7e6 e1g1 f8e7 b5a4
bestmove g8f6 ponder h2h3
