Stockfish dev-20260913-m-031dfeb4 by the Stockfish developers (see AUTHORS file)
id name Stockfish dev-20260913-m-031dfeb4
id author the Stockfish developers (see AUTHORS file)

option name Debug Log File type string default <empty>
option name NumaPolicy type string default auto
option name Threads type spin default 1 min 1 max 1024
option name Hash type spin default 16 min 1 max 33554432
option name Clear Hash type button
option name Ponder type check default false
option name MultiPV type spin default 1 min 1 max 256
option name Skill Level type spin default 20 min 0 max 20
option name Move Overhead type spin default 10 min 0 max 5000
option name nodestime type spin default 0 min 0 max 10000
option name UCI_Chess960 type check default false
option name UCI_LimitStrength type check default false
option name UCI_Elo type spin default 1320 min 1320 max 3190
option name UCI_ShowWDL type check default false
option name SyzygyPath type string default <empty>
option name SyzygyProbeDepth type spin default 1 min 1 max 100
option name Syzygy50MoveRule type check default true
option name SyzygyProbeLimit type spin default 7 min 0 max 7
option name EvalFile type string default nn-134a887f4c8f.nnue
uciok
info string Using 1 thread
readyok
info string Available processors: 0-9
info string Using 1 thread
info string NNUE evaluation using nn-134a887f4c8f.nnue (109MiB, (86896, 1024, 32, 32, 1))
info string Network replica 1: Shared memory.
info depth 1 seldepth 4 multipv 1 score cp -117 nodes 40 nps 40000 hashfull 0 tbhits 0 time 1 pv b7e4
info depth 2 seldepth 4 multipv 1 score cp -112 nodes 82 nps 82000 hashfull 0 tbhits 0 time 1 pv b7e4 d2d3
info depth 3 seldepth 4 multipv 1 score cp -112 nodes 134 nps 134000 hashfull 0 tbhits 0 time 1 pv b7e4 d2d3
info depth 4 seldepth 7 multipv 1 score cp -151 nodes 959 nps 106555 hashfull 0 tbhits 0 time 9 pv b7c6 b2b4 e8g8
info depth 5 seldepth 7 multipv 1 score cp -191 nodes 1186 nps 131777 hashfull 0 tbhits 0 time 9 pv b7e4
info depth 6 seldepth 7 multipv 1 score cp -157 nodes 1439 nps 84647 hashfull 0 tbhits 0 time 17 pv b7c6 b2b4 a8c8 b4b5 c6a8
info depth 7 seldepth 9 multipv 1 score cp -146 nodes 1537 nps 90411 hashfull 0 tbhits 0 time 17 pv b7c6 b2b4 a8c8 b4b5 c6a8 f3d4
info depth 8 seldepth 11 multipv 1 score cp -148 nodes 2117 nps 88208 hashfull 1 tbhits 0 time 24 pv b7c6 b2b4 a8c8 b4b5 c6a8 f3d4
info depth 9 seldepth 12 multipv 1 score cp -140 nodes 2622 nps 84580 hashfull 1 tbhits 0 time 31 pv b7c6 b2b4 a8c8 b4b5 c6a8 f3d4 c7c5 d4c6 a8c6 g2c6
info depth 10 seldepth 13 multipv 1 score cp -143 nodes 2935 nps 88939 hashfull 1 tbhits 0 time 33 pv b7c6 b2b4 a8c8 b1c3 d6d5 c4d5 f6d5 f3d4 d5c3
info depth 11 seldepth 13 multipv 1 score cp -143 nodes 3787 nps 51175 hashfull 1 tbhits 0 time 74 pv b7f3 g2f3 d6d5 c4d5 f6d5 b1c3 c7c6 c3d5 c6d5 d2d3 f7f5
info depth 12 seldepth 16 multipv 1 score cp -111 nodes 8182 nps 23244 hashfull 2 tbhits 0 time 352 pv b7f3 g2f3 d6d5 d2d4 c7c6 b1c3
info depth 13 seldepth 17 multipv 1 score cp -102 nodes 10361 nps 24846 hashfull 2 tbhits 0 time 417 pv b7f3 g2f3 d6d5 d2d4 c7c6 b1d2 a8c8 e2e4 f6e4 d2e4 d5e4 f3e4
bestmove b7f3 ponder g2f3
