Stockfish dev-20260913-m-031dfeb4 by the Stockfish developers (see AUTHORS file)
id name Stockfish dev-20260913-m-031dfeb4
id author the Stockfish developers (see AUTHORS file)

option name Debug Log File type string default <empty>
option name NumaPolicy type string default auto
option name Threads type spin default 1 min 1 max 1024
option name Hash type spin default 16 min 1 max 33554432
option name Clear Hash type button
option name Ponder type check default false
option name MultiPV type spin default 1 min 1 max 256
option name Skill Level type spin default 20 min 0 max 20
option name Move Overhead type spin default 10 min 0 max 5000
option name nodestime type spin default 0 min 0 max 10000
option name UCI_Chess960 type check default false
option name UCI_LimitStrength type check default false
option name UCI_Elo type spin default 1320 min 1320 max 3190
option name UCI_ShowWDL type check default false
option name SyzygyPath type string default <empty>
option name SyzygyProbeDepth type spin default 1 min 1 max 100
option name Syzygy50MoveRule type check default true
option name SyzygyProbeLimit type spin default 7 min 0 max 7
option name EvalFile type string default nn-134a887f4c8f.nnue
uciok
info string Using 1 thread
readyok
info string Available processors: 0-9
info string Using 1 thread
info string NNUE evaluation using nn-134a887f4c8f.nnue (109MiB, (86896, 1024, 32, 32, 1))
info string Network replica 1: Shared memory.
info depth 1 seldepth 5 multipv 1 score cp -11 nodes 12 nps 12000 hashfull 0 tbhits 0 time 1 pv e1f1
info depth 2 seldepth 3 multipv 1 score cp 38 nodes 24 nps 24000 hashfull 0 tbhits 0 time 1 pv e1f1
info depth 3 seldepth 2 multipv 1 score cp 37 nodes 30 nps 30000 hashfull 0 tbhits 0 time 1 pv e1f1
info depth 4 seldepth 6 multipv 1 score cp -103 nodes 286 nps 286000 hashfull 0 tbhits 0 time 1 pv c4e2 c5b4 e1f1
info depth 5 seldepth 8 multipv 1 score cp -72 nodes 436 nps 436000 hashfull 0 tbhits 0 time 1 pv c4e2 c5b4 e1f1
info depth 6 seldepth 5 multipv 1 score cp -69 nodes 489 nps 489000 hashfull 0 tbhits 0 time 1 pv c4e2 c5b4 e1f1
info depth 7 seldepth 8 multipv 1 score cp 7 nodes 679 nps 226333 hashfull 1 tbhits 0 time 3 pv e1f1
info depth 8 seldepth 6 multipv 1 score cp -47 nodes 997 nps 332333 hashfull 1 tbhits 0 time 3 pv e1f1 c5e7 h2h4
info depth 9 seldepth 7 multipv 1 score cp -45 nodes 1183 nps 197166 hashfull 1 tbhits 0 time 6 pv e1f1 c5e7 h2h4 g8f6
info depth 10 seldepth 17 multipv 1 score cp -99 nodes 6919 nps 28949 hashfull 1 tbhits 0 time 239 pv e1f1 c5e7 h2h4 d7d5 c4d3 e4g4 h1h3 g8f6 h3g3 g4h5
info depth 11 seldepth 20 multipv 1 score cp -115 nodes 31694 nps 19734 hashfull 10 tbhits 0 time 1606 pv c4e2 c5b4 b3d2 b4d2 c1d2 g8e7 e1g1 d7d6 f1e1 e8g8 e2d3 e4d5 c2c4 d4c3
info depth 12 seldepth 16 multipv 1 score cp -113 nodes 32514 nps 19947 hashfull 11 tbhits 0 time 1630 pv c4e2 c5b4 b3d2 b4d2 c1d2 g8e7 e1g1 d7d6 b2b4
info depth 13 seldepth 19 multipv 1 score cp -108 nodes 37754 nps 19787 hashfull 11 tbhits 0 time 1908 pv c4e2 d7d6 e1g1 g8f6 c1g5 e4g6 e2d3 g6h5 d3b5
bestmove c4e2 ponder d7d6
