Stockfish dev-20260913-m-031dfeb4 by the Stockfish developers (see AUTHORS file)
id name Stockfish dev-20260913-m-031dfeb4
id author the Stockfish developers (see AUTHORS file)

option name Debug Log File type string default <empty>
option name NumaPolicy type string default auto
option name Threads type spin default 1 min 1 max 1024
option name Hash type spin default 16 min 1 max 33554432
option name Clear Hash type button
option name Ponder type check default false
option name MultiPV type spin default 1 min 1 max 256
option name Skill Level type spin default 20 min 0 max 20
option name Move Overhead type spin default 10 min 0 max 5000
option name nodestime type spin default 0 min 0 max 10000
option name UCI_Chess960 type check default false
option name UCI_LimitStrength type check default false
option name UCI_Elo type spin default 1320 min 1320 max 3190
option name UCI_ShowWDL type check default false
option name SyzygyPath type string default <empty>
option name SyzygyProbeDepth type spin default 1 min 1 max 100
option name Syzygy50MoveRule type check default true
option name SyzygyProbeLimit type spin default 7 min 0 max 7
option name EvalFile type string default nn-134a887f4c8f.nnue
uciok
info string Using 1 thread
readyok
info string Available processors: 0-9
info string Using 1 thread
info string NNUE evaluation using nn-134a887f4c8f.nnue (109MiB, (86896, 1024, 32, 32, 1))
info string Network replica 1: Shared memory.
info depth 1 seldepth 4 multipv 1 score cp 71 nodes 32 nps 32000 hashfull 0 tbhits 0 time 1 pv d2d4
info depth 2 seldepth 4 multipv 1 score cp 76 nodes 71 nps 71000 hashfull 0 tbhits 0 time 1 pv d2d4
info depth 3 seldepth 4 multipv 1 score cp 80 nodes 110 nps 110000 hashfull 0 tbhits 0 time 1 pv d2d4
info depth 4 seldepth 4 multipv 1 score cp 89 nodes 160 nps 160000 hashfull 0 tbhits 0 time 1 pv d2d4
info depth 5 seldepth 4 multipv 1 score cp 97 nodes 210 nps 210000 hashfull 0 tbhits 0 time 1 pv d2d4
info depth 6 seldepth 11 multipv 1 score cp 98 nodes 388 nps 388000 hashfull 0 tbhits 0 time 1 pv d2d4 f8e7 d4d5 c6e5 f3e5 d6e5
info depth 7 seldepth 8 multipv 1 score cp 98 nodes 476 nps 476000 hashfull 0 tbhits 0 time 1 pv d2d4 f8e7 d4d5 c6e5 f3e5 d6e5
info depth 8 seldepth 15 multipv 1 score cp 100 nodes 2760 nps 24424 hashfull 0 tbhits 0 time 113 pv d2d4 f8e7 d4d5 c6e5 f3e5 d6e5 c3c4 e8g8
info depth 9 seldepth 10 multipv 1 score cp 100 nodes 3058 nps 24269 hashfull 0 tbhits 0 time 126 pv d2d4 f8e7 d4d5 c6e5 f3e5 d6e5 c3c4 e8g8
info depth 10 seldepth 16 multipv 1 score cp 93 nodes 5452 nps 21464 hashfull 1 tbhits 0 time 254 pv d2d4 f8e7 d4d5 c6e5 f3e5 d6e5 c3c4 e8g8 b1c3 c8d7 a2a4 e6d5 e4d5
info depth 11 seldepth 17 multipv 1 score cp 97 nodes 8394 nps 19890 hashfull 2 tbhits 0 time 422 pv d2d4 c5d4 c3d4 f8e7 b1c3 e8g8 c1e3 c7d8 d4d5 c6e5 d5e6 c8e6 f3d4
info depth 12 seldepth 14 multipv 1 score cp 97 nodes 8611 nps 20356 hashfull 2 tbhits 0 time 423 pv d2d4 c5d4 c3d4 f8e7 b1c3 e8g8 c1e3 c7d8 d4d5 c6e5 d5e6 c8e6
info depth 13 seldepth 21 multipv 1 score cp 96 nodes 25392 nps 18098 hashfull 9 tbhits 0 time 1403 pv d2d4 f8e7 d4d5 c6e5 f3e5 d6e5 c3c4 e8g8 a2a4 c8d7 b1c3 e6d5
bestmove d2d4 ponder f8e7
