Stockfish dev-20260913-m-031dfeb4 by the Stockfish developers (see AUTHORS file)
id name Stockfish dev-20260913-m-031dfeb4
id author the Stockfish developers (see AUTHORS file)

option name Debug Log File type string default <empty>
option name NumaPolicy type string default auto
option name Threads type spin default 1 min 1 max 1024
option name Hash type spin default 16 min 1 max 33554432
option name Clear Hash type button
option name Ponder type check default false
option name MultiPV type spin default 1 min 1 max 256
option name Skill Level type spin default 20 min 0 max 20
option name Move Overhead type spin default 10 min 0 max 5000
option name nodestime type spin default 0 min 0 max 10000
option name UCI_Chess960 type check default false
option name UCI_LimitStrength type check default false
option name UCI_Elo type spin default 1320 min 1320 max 3190
option name UCI_ShowWDL type check default false
option name SyzygyPath type string default <empty>
option name SyzygyProbeDepth type spin default 1 min 1 max 100
option name Syzygy50MoveRule type check default true
option name SyzygyProbeLimit type spin default 7 min 0 max 7
option name EvalFile type string default nn-134a887f4c8f.nnue
uciok
info string Using 1 thread
readyok
info string Available processors: 0-9
info string Using 1 thread
info string NNUE evaluation using nn-134a887f4c8f.nnue (109MiB, (86896, 1024, 32, 32, 1))
info string Network replica 1: Shared memory.
info depth 1 seldepth 6 multipv 1 score cp -55 nodes 55 nps 55000 hashfull 0 tbhits 0 time 1 pv d7b6
info depth 2 seldepth 5 multipv 1 score cp -42 nodes 124 nps 124000 hashfull 0 tbhits 0 time 1 pv e4f3
info depth 3 seldepth 6 multipv 1 score cp -48 nodes 213 nps 213000 hashfull 0 tbhits 0 time 1 pv d7b6 f3e4
info depth 4 seldepth 6 multipv 1 score cp -46 nodes 260 nps 260000 hashfull 0 tbhits 0 time 1 pv d7b6 f3e4
info depth 5 seldepth 6 multipv 1 score cp -63 nodes 672 nps 672000 hashfull 0 tbhits 0 time 1 pv e4f3 d2f3 f8d6
info depth 6 seldepth 6 multipv 1 score cp -61 nodes 822 nps 411000 hashfull 0 tbhits 0 time 2 pv e4f3 d2f3 f8e7
info depth 7 seldepth 8 multipv 1 score cp -55 nodes 1603 nps 39097 hashfull 0 tbhits 0 time 41 pv d7b6 c4b3 e4f3 d2f3 f8e7 b1c3 e8g8
info depth 8 seldepth 8 multipv 1 score cp -55 nodes 1779 nps 37851 hashfull 0 tbhits 0 time 47 pv d7b6 c4b3 e4f3 d2f3 f8e7 b1c3 e8g8
info depth 9 seldepth 11 multipv 1 score cp -88 nodes 4019 nps 21041 hashfull 1 tbhits 0 time 191 pv e4f3 d2f3 f8e7 b1c3 d7b6 c4b3 a7a5 e3e4
info depth 10 seldepth 22 multipv 1 score cp -77 nodes 9052 nps 19300 hashfull 3 tbhits 0 time 469 pv e4f3 d2f3 f8e7 b1c3 e8g8 e3e4 d7b6 c4b3 c8e6 b3e6
info depth 11 seldepth 12 multipv 1 score cp -77 nodes 9234 nps 19563 hashfull 3 tbhits 0 time 472 pv e4f3 d2f3 f8e7 b1c3 e8g8 e3e4 d7b6 c4b3 c8e6 b3e6
info depth 12 seldepth 15 multipv 1 score cp -77 nodes 9614 nps 19904 hashfull 3 tbhits 0 time 483 pv e4f3 d2f3 f8e7 b1c3 e8g8 e3e4 d7b6 c4b3 c8e6 b3e6 f7e6 f3g5 d8d7 e4e5
info depth 13 seldepth 19 multipv 1 score cp -77 nodes 11999 nps 19998 hashfull 4 tbhits 0 time 600 pv e4f3 d2f3 f8e7 b1c3 e8g8 e3e4 d7b6 c4b3 c8e6 b3e6 f7e6 f3g5 d8d7 e4e5 f6d5
bestmove e4f3 ponder d2f3
