Stockfish dev-20260913-031dfeb4 by the Stockfish developers (see AUTHORS file)
id name Stockfish dev-20260913-031dfeb4
id author the Stockfish developers (see AUTHORS file)

option name Debug Log File type string default <empty>
option name NumaPolicy type string default auto
option name Threads type spin default 1 min 1 max 1024
option name Hash type spin default 16 min 1 max 33554432
option name Clear Hash type button
option name Ponder type check default false
option name MultiPV type spin default 1 min 1 max 256
option name Skill Level type spin default 20 min 0 max 20
option name Move Overhead type spin default 10 min 0 max 5000
option name nodestime type spin default 0 min 0 max 10000
option name UCI_Chess960 type check default false
option name UCI_LimitStrength type check default false
option name UCI_Elo type spin default 1320 min 1320 max 3190
option name UCI_ShowWDL type check default false
option name SyzygyPath type string default <empty>
option name SyzygyProbeDepth type spin default 1 min 1 max 100
option name Syzygy50MoveRule type check default true
option name SyzygyProbeLimit type spin default 7 min 0 max 7
option name EvalFile type string default nn-134a887f4c8f.nnue
uciok
info string Using 1 thread
readyok
info string Available processors: 0-9
info string Using 1 thread
info string NNUE evaluation using nn-134a887f4c8f.nnue (109MiB, (86896, 1024, 32, 32, 1))
info string Network replica 1: Shared memory.
info depth 1 seldepth 3 multipv 1 score cp 67 nodes 35 nps 35000 hashfull 0 tbhits 0 time 1 pv d2d4
info depth 2 seldepth 3 multipv 1 score cp 101 nodes 79 nps 79000 hashfull 0 tbhits 0 time 1 pv d2d4
info depth 3 seldepth 3 multipv 1 score cp 101 nodes 115 nps 115000 hashfull 0 tbhits 0 time 1 pv d2d4
info depth 4 seldepth 4 multipv 1 score cp 129 nodes 179 nps 179000 hashfull 0 tbhits 0 time 1 pv d2d4
info depth 5 seldepth 4 multipv 1 score cp 139 nodes 250 nps 250000 hashfull 0 tbhits 0 time 1 pv d2d4
info depth 6 seldepth 6 multipv 1 score cp 96 nodes 668 nps 668000 hashfull 0 tbhits 0 time 1 pv b1c3 e7g6 d2d4
info depth 7 seldepth 9 multipv 1 score cp 93 nodes 886 nps 443000 hashfull 0 tbhits 0 time 2 pv b1c3 b8d7 d2d4 e7g6 d1d2 f8e7
info depth 8 seldepth 18 multipv 1 score cp 95 nodes 2312 nps 578000 hashfull 0 tbhits 0 time 4 pv b1c3 c8e6 d2d4 b8d7 d1d2 d6d5 e4d5
info depth 9 seldepth 16 multipv 1 score cp 95 nodes 2411 nps 602750 hashfull 0 tbhits 0 time 4 pv b1c3 c8e6 d2d4 b8d7 d1d2 d6d5 e4d5 e7d5 d4e5 d7e5 f3e5 f6e5 c3d5 d8d5
info depth 10 seldepth 18 multipv 1 score cp 82 nodes 8990 nps 817272 hashfull 2 tbhits 0 time 11 pv d2d4 c8e6 c2c4 e7g6 h3h4
info depth 11 seldepth 15 multipv 1 score cp 98 nodes 12237 nps 815800 hashfull 3 tbhits 0 time 15 pv d2d4 c8e6 c2c4 g7g6 d1d2 f8g7 b1c3 e8g8
info depth 12 seldepth 16 multipv 1 score cp 101 nodes 12865 nps 804062 hashfull 3 tbhits 0 time 16 pv d2d4 c8e6 c2c4 g7g6 d1d2 f8g7 b1c3 e8g8 f1e2 b8d7
info depth 13 seldepth 15 multipv 1 score cp 100 nodes 15740 nps 828421 hashfull 4 tbhits 0 time 19 pv d2d4 c8e6 c2c4 g7g6 b1c3 f8g7 d1d2
bestmove d2d4 ponder c8e6
