Stockfish dev-20260913-m-031dfeb4 by the Stockfish developers (see AUTHORS file)
id name Stockfish dev-20260913-m-031dfeb4
id author the Stockfish developers (see AUTHORS file)

option name Debug Log File type string default <empty>
option name NumaPolicy type string default auto
option name Threads type spin default 1 min 1 max 1024
option name Hash type spin default 16 min 1 max 33554432
option name Clear Hash type button
option name Ponder type check default false
option name MultiPV type spin default 1 min 1 max 256
option name Skill Level type spin default 20 min 0 max 20
option name Move Overhead type spin default 10 min 0 max 5000
option name nodestime type spin default 0 min 0 max 10000
option name UCI_Chess960 type check default false
option name UCI_LimitStrength type check default false
option name UCI_Elo type spin default 1320 min 1320 max 3190
option name UCI_ShowWDL type check default false
option name SyzygyPath type string default <empty>
option name SyzygyProbeDepth type spin default 1 min 1 max 100
option name Syzygy50MoveRule type check default true
option name SyzygyProbeLimit type spin default 7 min 0 max 7
option name EvalFile type string default nn-134a887f4c8f.nnue
uciok
info string Using 1 thread
readyok
info string Available processors: 0-9
info string Using 1 thread
info string NNUE evaluation using nn-134a887f4c8f.nnue (109MiB, (86896, 1024, 32, 32, 1))
info string Network replica 1: Shared memory.
info depth 1 seldepth 3 multipv 1 score cp -127 nodes 32 nps 32000 hashfull 0 tbhits 0 time 1 pv b7a6
info depth 2 seldepth 3 multipv 1 score cp -105 nodes 69 nps 69000 hashfull 0 tbhits 0 time 1 pv b7a6
info depth 3 seldepth 3 multipv 1 score cp -106 nodes 104 nps 104000 hashfull 0 tbhits 0 time 1 pv b7a6 c2c3
info depth 4 seldepth 5 multipv 1 score cp -89 nodes 311 nps 311000 hashfull 0 tbhits 0 time 1 pv b7a6 g1e2
info depth 5 seldepth 7 multipv 1 score cp -124 nodes 523 nps 523000 hashfull 0 tbhits 0 time 1 pv b7a6 d2b3 a6a5 c1d2
info depth 6 seldepth 7 multipv 1 score cp -84 nodes 738 nps 738000 hashfull 0 tbhits 0 time 1 pv b7a6 d2b3 a6a5
info depth 7 seldepth 6 multipv 1 score cp -76 nodes 928 nps 464000 hashfull 0 tbhits 0 time 2 pv b7a6 d2b3 a6a5
info depth 8 seldepth 11 multipv 1 score cp -97 nodes 1574 nps 98375 hashfull 1 tbhits 0 time 16 pv b7a6 g1e2 a6a5 d2f3
info depth 9 seldepth 10 multipv 1 score cp -102 nodes 2329 nps 64694 hashfull 1 tbhits 0 time 36 pv b7a6 g1e2 a6a5 e1g1 g8e7 e2g3 e7f5 g3f5 e6f5
info depth 10 seldepth 11 multipv 1 score cp -100 nodes 2795 nps 49035 hashfull 1 tbhits 0 time 57 pv b7a6 g1e2 a6a5 e1g1 g8e7 e2g3 e7f5 g3f5 e6f5 f1e1
info depth 11 seldepth 12 multipv 1 score cp -100 nodes 3311 nps 40876 hashfull 1 tbhits 0 time 81 pv b7a6 g1e2 a6a5 e1g1 g8e7 e2g3 e7f5 g3f5 e6f5 f1e1 a5a4
info depth 12 seldepth 13 multipv 1 score cp -104 nodes 4418 nps 36213 hashfull 2 tbhits 0 time 122 pv b7a6 g1e2 a6a5 d2f3 c8a6 e1g1 g8e7 f1e1 a5a4 e2f4
info depth 13 seldepth 20 multipv 1 score cp -94 nodes 11795 nps 23218 hashfull 6 tbhits 0 time 508 pv b7a6 g1e2 a6a5 e1g1 g8e7 e2f4 e7f5 c2c3 f8e7 f1e1 c8a6 f4h5 e8g8 d2f3
bestmove b7a6 ponder g1e2
