Stockfish dev-20260913-m-031dfeb4 by the Stockfish developers (see AUTHORS file)
id name Stockfish dev-20260913-m-031dfeb4
id author the Stockfish developers (see AUTHORS file)

option name Debug Log File type string default <empty>
option name NumaPolicy type string default auto
option name Threads type spin default 1 min 1 max 1024
option name Hash type spin default 16 min 1 max 33554432
option name Clear Hash type button
option name Ponder type check default false
option name MultiPV type spin default 1 min 1 max 256
option name Skill Level type spin default 20 min 0 max 20
option name Move Overhead type spin default 10 min 0 max 5000
option name nodestime type spin default 0 min 0 max 10000
option name UCI_Chess960 type check default false
option name UCI_LimitStrength type check default false
option name UCI_Elo type spin default 1320 min 1320 max 3190
option name UCI_ShowWDL type check default false
option name SyzygyPath type string default <empty>
option name SyzygyProbeDepth type spin default 1 min 1 max 100
option name Syzygy50MoveRule type check default true
option name SyzygyProbeLimit type spin default 7 min 0 max 7
option name EvalFile type string default nn-134a887f4c8f.nnue
uciok
info string Using 1 thread
readyok
info string Available processors: 0-9
info string Using 1 thread
info string NNUE evaluation using nn-134a887f4c8f.nnue (109MiB, (86896, 1024, 32, 32, 1))
info string Network replica 1: Shared memory.
info depth 1 seldepth 6 multipv 1 score cp 87 nodes 48 nps 48000 hashfull 0 tbhits 0 time 1 pv c4d5
info depth 2 seldepth 4 multipv 1 score cp 129 nodes 98 nps 98000 hashfull 0 tbhits 0 time 1 pv c4d5
info depth 3 seldepth 4 multipv 1 score cp 129 nodes 140 nps 140000 hashfull 0 tbhits 0 time 1 pv c4d5
info depth 4 seldepth 7 multipv 1 score cp 130 nodes 419 nps 419000 hashfull 0 tbhits 0 time 1 pv c4d5 d7d6
info depth 5 seldepth 5 multipv 1 score cp 127 nodes 508 nps 508000 hashfull 0 tbhits 0 time 1 pv c4d5 d7d6 e3e4 a7a6
info depth 6 seldepth 9 multipv 1 score cp 120 nodes 668 nps 668000 hashfull 0 tbhits 0 time 1 pv c4d5 d7d6 e3e4 g8f6 d1a4 f6d7
info depth 7 seldepth 10 multipv 1 score cp 153 nodes 1409 nps 58708 hashfull 0 tbhits 0 time 24 pv c4d5 d7d6 e3e4 g8f6
info depth 8 seldepth 7 multipv 1 score cp 134 nodes 1501 nps 62541 hashfull 0 tbhits 0 time 24 pv c4d5 d7d6 e3e4 g8f6 e1g1
info depth 9 seldepth 10 multipv 1 score cp 138 nodes 1700 nps 56666 hashfull 0 tbhits 0 time 30 pv c4d5 d7d6 e1g1 g8f6 e3e4 e8g8
info depth 10 seldepth 17 multipv 1 score cp 115 nodes 6428 nps 24534 hashfull 2 tbhits 0 time 262 pv c4d5 d7d6 h2h3 g8f6 e3e4 e8g8 a2a4 c8d7 c1f4
info depth 11 seldepth 17 multipv 1 score cp 139 nodes 14067 nps 19812 hashfull 6 tbhits 0 time 710 pv c4d5 d7d6 e1g1 a7a6 a2a4
info depth 12 seldepth 17 multipv 1 score cp 124 nodes 22079 nps 18127 hashfull 8 tbhits 0 time 1218 pv c4d5 d7d6 a2a4 c8g4 h2h3 g4f3 e2b5 e8f8 d1f3 g8f6 e3e4 a7a6 b5e2
info depth 13 seldepth 17 multipv 1 score cp 131 nodes 29038 nps 17081 hashfull 10 tbhits 0 time 1700 pv c4d5 d7d6 a2a4 c8g4 h2h3 g4f3 e2b5 e8f8 d1f3 g7e5 e1g1 f8g7 b5d3
bestmove c4d5 ponder d7d6
