Stockfish dev-20260913-031dfeb4 by the Stockfish developers (see AUTHORS file)
id name Stockfish dev-20260913-031dfeb4
id author the Stockfish developers (see AUTHORS file)

option name Debug Log File type string default <empty>
option name NumaPolicy type string default auto
option name Threads type spin default 1 min 1 max 1024
option name Hash type spin default 16 min 1 max 33554432
option name Clear Hash type button
option name Ponder type check default false
option name MultiPV type spin default 1 min 1 max 256
option name Skill Level type spin default 20 min 0 max 20
option name Move Overhead type spin default 10 min 0 max 5000
option name nodestime type spin default 0 min 0 max 10000
option name UCI_Chess960 type check default false
option name UCI_LimitStrength type check default false
option name UCI_Elo type spin default 1320 min 1320 max 3190
option name UCI_ShowWDL type check default false
option name SyzygyPath type string default <empty>
option name SyzygyProbeDepth type spin default 1 min 1 max 100
option name Syzygy50MoveRule type check default true
option name SyzygyProbeLimit type spin default 7 min 0 max 7
option name EvalFile type string default nn-134a887f4c8f.nnue
uciok
info string Using 1 thread
readyok
info string Available processors: 0-9
info string Using 1 thread
info string NNUE evaluation using nn-134a887f4c8f.nnue (109MiB, (86896, 1024, 32, 32, 1))
info string Network replica 1: Shared memory.
info depth 1 seldepth 6 multipv 1 score cp -95 nodes 46 nps 46000 hashfull 0 tbhits 0 time 1 pv c7c6
info depth 2 seldepth 5 multipv 1 score cp -112 nodes 289 nps 289000 hashfull 0 tbhits 0 time 1 pv c7c6 d2d3
info depth 3 seldepth 7 multipv 1 score cp -116 nodes 561 nps 561000 hashfull 0 tbhits 0 time 1 pv c7c6 d2d3 e4d3 c2d3
info depth 4 seldepth 5 multipv 1 score cp -116 nodes 617 nps 617000 hashfull 0 tbhits 0 time 1 pv c7c6 d2d3 e4d3 c2d3
info depth 5 seldepth 9 multipv 1 score cp -128 nodes 1466 nps 1466000 hashfull 0 tbhits 0 time 1 pv b8a6 d2d3 e4d3 c2d3 c7c6 e1g1 g8e7 a2a3
info depth 6 seldepth 7 multipv 1 score cp -128 nodes 1521 nps 1521000 hashfull 0 tbhits 0 time 1 pv b8a6 d2d3 e4d3 c2d3 c7c6 e1g1
info depth 7 seldepth 8 multipv 1 score cp -128 nodes 1581 nps 1581000 hashfull 0 tbhits 0 time 1 pv b8a6 d2d3 e4d3 c2d3 c7c6 e1g1 g8e7
info depth 8 seldepth 9 multipv 1 score cp -128 nodes 1664 nps 1664000 hashfull 0 tbhits 0 time 1 pv b8a6 d2d3 e4d3 c2d3 c7c6 e1g1 g8e7 a2a3
info depth 9 seldepth 13 multipv 1 score cp -109 nodes 3433 nps 1144333 hashfull 1 tbhits 0 time 3 pv b8a6 a2a3 c7c6 e1g1 c5b6
info depth 10 seldepth 17 multipv 1 score cp -112 nodes 3902 nps 975500 hashfull 1 tbhits 0 time 4 pv c7c6 e1g1 g8e7 d2d3 e4d3 c2d3 b8a6 a2a3 d8d7
info depth 11 seldepth 15 multipv 1 score cp -106 nodes 10251 nps 788538 hashfull 3 tbhits 0 time 13 pv c7c6 e1g1 g8h6 d2d3 e4d3 c2d3 e8g8
info depth 12 seldepth 18 multipv 1 score cp -100 nodes 14977 nps 832055 hashfull 5 tbhits 0 time 18 pv b8a6 d2d3 e4d3 c2d3 g8e7 a2a3
info depth 13 seldepth 18 multipv 1 score cp -105 nodes 18592 nps 808347 hashfull 7 tbhits 0 time 23 pv b8a6 d2d3 e4d3 c2d3 g8e7 e1g1 c7c6 a2a3 d8d7 b3b4 c5b6 e3e4 d5e4 d3e4 d7d1 f1d1
bestmove b8a6 ponder d2d3
