Stockfish dev-20260913-m-031dfeb4 by the Stockfish developers (see AUTHORS file)
id name Stockfish dev-20260913-m-031dfeb4
id author the Stockfish developers (see AUTHORS file)

option name Debug Log File type string default <empty>
option name NumaPolicy type string default auto
option name Threads type spin default 1 min 1 max 1024
option name Hash type spin default 16 min 1 max 33554432
option name Clear Hash type button
option name Ponder type check default false
option name MultiPV type spin default 1 min 1 max 256
option name Skill Level type spin default 20 min 0 max 20
option name Move Overhead type spin default 10 min 0 max 5000
option name nodestime type spin default 0 min 0 max 10000
option name UCI_Chess960 type check default false
option name UCI_LimitStrength type check default false
option name UCI_Elo type spin default 1320 min 1320 max 3190
option name UCI_ShowWDL type check default false
option name SyzygyPath type string default <empty>
option name SyzygyProbeDepth type spin default 1 min 1 max 100
option name Syzygy50MoveRule type check default true
option name SyzygyProbeLimit type spin default 7 min 0 max 7
option name EvalFile type string default nn-134a887f4c8f.nnue
uciok
info string Using 1 thread
readyok
info string Available processors: 0-9
info string Using 1 thread
info string NNUE evaluation using nn-134a887f4c8f.nnue (109MiB, (86896, 1024, 32, 32, 1))
info string Network replica 1: Shared memory.
info depth 1 seldepth 10 multipv 1 score cp -67 nodes 87 nps 87000 hashfull 0 tbhits 0 time 1 pv d5c4
info depth 2 seldepth 3 multipv 1 score cp -84 nodes 247 nps 247000 hashfull 0 tbhits 0 time 1 pv d5c4 e2e3
info depth 3 seldepth 5 multipv 1 score cp -96 nodes 533 nps 533000 hashfull 0 tbhits 0 time 1 pv a7a5 e2e3
info depth 4 seldepth 6 multipv 1 score cp -96 nodes 587 nps 587000 hashfull 0 tbhits 0 time 1 pv a7a5 e2e3 g8e7
info depth 5 seldepth 8 multipv 1 score cp -107 nodes 1083 nps 216600 hashfull 0 tbhits 0 time 5 pv g8e7 e2e3 e8g8 d1c2
info depth 6 seldepth 9 multipv 1 score cp -114 nodes 1644 nps 102750 hashfull 0 tbhits 0 time 16 pv f6f5 d1c2 g8f6 e2e3 e8g8 f1d3 f6e4
info depth 7 seldepth 9 multipv 1 score cp -125 nodes 2516 nps 74000 hashfull 0 tbhits 0 time 34 pv f6f5 e2e3 g8f6 f1d3 e8g8 e1g1 a7a5
info depth 8 seldepth 15 multipv 1 score cp -131 nodes 3463 nps 50926 hashfull 0 tbhits 0 time 68 pv f6f5 e2e3 g8f6 f1d3 e8g8 e1g1 a7a5 b2b4
info depth 9 seldepth 15 multipv 1 score cp -119 nodes 4458 nps 40899 hashfull 1 tbhits 0 time 109 pv f6f5 e2e3 a7a6 f1d3 g8f6 e1g1 e8g8 d1c2
info depth 10 seldepth 12 multipv 1 score cp -119 nodes 4575 nps 41972 hashfull 1 tbhits 0 time 109 pv f6f5 e2e3 g8f6 f1d3 a7a6 d1c2 e8g8 e1g1
info depth 11 seldepth 12 multipv 1 score cp -116 nodes 5015 nps 42142 hashfull 1 tbhits 0 time 119 pv f6f5 e2e3 g8f6 f1d3 a7a6 d1c2 e8g8 e1g1 c8d7 c4d5 f6d5
info depth 12 seldepth 19 multipv 1 score cp -111 nodes 21334 nps 22695 hashfull 7 tbhits 0 time 940 pv f6f5 e2e3 g8f6 a1c1 e8g8 f1e2
info depth 13 seldepth 18 multipv 1 score cp -113 nodes 28060 nps 23402 hashfull 7 tbhits 0 time 1199 pv f6f5 e2e3 g8f6 f1d3 c8d7 b2b4 e8g8
bestmove f6f5 ponder e2e3
