Stockfish dev-20260913-m-031dfeb4 by the Stockfish developers (see AUTHORS file)
id name Stockfish dev-20260913-m-031dfeb4
id author the Stockfish developers (see AUTHORS file)

option name Debug Log File type string default <empty>
option name NumaPolicy type string default auto
option name Threads type spin default 1 min 1 max 1024
option name Hash type spin default 16 min 1 max 33554432
option name Clear Hash type button
option name Ponder type check default false
option name MultiPV type spin default 1 min 1 max 256
option name Skill Level type spin default 20 min 0 max 20
option name Move Overhead type spin default 10 min 0 max 5000
option name nodestime type spin default 0 min 0 max 10000
option name UCI_Chess960 type check default false
option name UCI_LimitStrength type check default false
option name UCI_Elo type spin default 1320 min 1320 max 3190
option name UCI_ShowWDL type check default false
option name SyzygyPath type string default <empty>
option name SyzygyProbeDepth type spin default 1 min 1 max 100
option name Syzygy50MoveRule type check default true
option name SyzygyProbeLimit type spin default 7 min 0 max 7
option name EvalFile type string default nn-134a887f4c8f.nnue
uciok
info string Using 1 thread
readyok
info string Available processors: 0-9
info string Using 1 thread
info string NNUE evaluation using nn-134a887f4c8f.nnue (109MiB, (86896, 1024, 32, 32, 1))
info string Network replica 1: Shared memory.
info depth 1 seldepth 2 multipv 1 score cp 107 nodes 41 nps 41000 hashfull 0 tbhits 0 time 1 pv d3e3
info depth 2 seldepth 3 multipv 1 score cp 118 nodes 87 nps 87000 hashfull 0 tbhits 0 time 1 pv d3e3
info depth 3 seldepth 3 multipv 1 score cp 119 nodes 131 nps 131000 hashfull 0 tbhits 0 time 1 pv d3e3 b6b5
info depth 4 seldepth 5 multipv 1 score cp 118 nodes 229 nps 229000 hashfull 0 tbhits 0 time 1 pv d3e3 g8e7 e1c1
info depth 5 seldepth 7 multipv 1 score cp 74 nodes 742 nps 82444 hashfull 0 tbhits 0 time 9 pv d3e3 c8b7 e1c1 b6b5 d1d2
info depth 6 seldepth 7 multipv 1 score cp 82 nodes 820 nps 91111 hashfull 0 tbhits 0 time 9 pv d3e3 c8b7 e1c1 b6b5 d1d2 b5b4
info depth 7 seldepth 11 multipv 1 score cp 110 nodes 2439 nps 24887 hashfull 1 tbhits 0 time 98 pv d3e3 b6b5 e1c1 c8b7
info depth 8 seldepth 9 multipv 1 score cp 110 nodes 2681 nps 27357 hashfull 1 tbhits 0 time 98 pv d3e3 b6b5 e1c1 c8b7 f1e2
info depth 9 seldepth 14 multipv 1 score cp 98 nodes 4970 nps 28400 hashfull 2 tbhits 0 time 175 pv d3e3 b6b5 h2h4 c8b7 h4h5 h7h6 e1c1 g8e7 h1h4 b5b4
info depth 10 seldepth 15 multipv 1 score cp 101 nodes 6735 nps 30613 hashfull 2 tbhits 0 time 220 pv d3e3 b6b5 h2h4 c8b7 h4h5 h7h6 h1h3
info depth 11 seldepth 13 multipv 1 score cp 106 nodes 6965 nps 31659 hashfull 2 tbhits 0 time 220 pv d3e3 b6b5 h2h4 c8b7 h4h5 h7h6 h1h3 b5b4 c3a4
info depth 12 seldepth 18 multipv 1 score cp 100 nodes 7885 nps 29754 hashfull 3 tbhits 0 time 265 pv d3e3 b6b5 h2h4 c8b7 h4h5 h7h6 h1h3 b5b4 c3a4 g8f6 a4b6 f6g4
info depth 13 seldepth 22 multipv 1 score cp 122 nodes 17645 nps 20073 hashfull 5 tbhits 0 time 879 pv d3e3 b8c6 e4e5 g8h6 f1d3 e8g8
bestmove d3e3 ponder b8c6
