Stockfish dev-20260913-m-031dfeb4 by the Stockfish developers (see AUTHORS file)
id name Stockfish dev-20260913-m-031dfeb4
id author the Stockfish developers (see AUTHORS file)

option name Debug Log File type string default <empty>
option name NumaPolicy type string default auto
option name Threads type spin default 1 min 1 max 1024
option name Hash type spin default 16 min 1 max 33554432
option name Clear Hash type button
option name Ponder type check default false
option name MultiPV type spin default 1 min 1 max 256
option name Skill Level type spin default 20 min 0 max 20
option name Move Overhead type spin default 10 min 0 max 5000
option name nodestime type spin default 0 min 0 max 10000
option name UCI_Chess960 type check default false
option name UCI_LimitStrength type check default false
option name UCI_Elo type spin default 1320 min 1320 max 3190
option name UCI_ShowWDL type check default false
option name SyzygyPath type string default <empty>
option name SyzygyProbeDepth type spin default 1 min 1 max 100
option name Syzygy50MoveRule type check default true
option name SyzygyProbeLimit type spin default 7 min 0 max 7
option name EvalFile type string default nn-134a887f4c8f.nnue
uciok
info string Using 1 thread
readyok
info string Available processors: 0-9
info string Using 1 thread
info string NNUE evaluation using nn-134a887f4c8f.nnue (109MiB, (86896, 1024, 32, 32, 1))
info string Network replica 1: Shared memory.
info depth 1 seldepth 3 multipv 1 score cp -74 nodes 37 nps 37000 hashfull 0 tbhits 0 time 1 pv c2c3
info depth 2 seldepth 3 multipv 1 score cp -46 nodes 80 nps 80000 hashfull 0 tbhits 0 time 1 pv c2c3
info depth 3 seldepth 3 multipv 1 score cp -48 nodes 117 nps 117000 hashfull 0 tbhits 0 time 1 pv c2c3
info depth 4 seldepth 4 multipv 1 score cp -28 nodes 184 nps 184000 hashfull 0 tbhits 0 time 1 pv c2c3
info depth 5 seldepth 7 multipv 1 score cp -68 nodes 785 nps 785000 hashfull 0 tbhits 0 time 1 pv f3f4 d7d5 e4d5 f6d5 f4e5
info depth 6 seldepth 8 multipv 1 score cp -84 nodes 2113 nps 51536 hashfull 1 tbhits 0 time 41 pv f3f4 e8g8 f4e5 f6e4 e2d4 c6e5
info depth 7 seldepth 11 multipv 1 score cp -120 nodes 4930 nps 36791 hashfull 2 tbhits 0 time 134 pv c1g5 e8g8 c2c3 h7h6 g5h4 d7d5 h4f6
info depth 8 seldepth 13 multipv 1 score cp -116 nodes 5383 nps 38726 hashfull 2 tbhits 0 time 139 pv c1g5 e8g8 b1d2 d7d6 c2c3 c8e6 a2e6 f7e6
info depth 9 seldepth 11 multipv 1 score cp -92 nodes 7395 nps 35214 hashfull 3 tbhits 0 time 210 pv c1g5 h7h6 g5f6 e7f6
info depth 10 seldepth 14 multipv 1 score cp -97 nodes 9978 nps 29963 hashfull 4 tbhits 0 time 333 pv c1g5 e8g8 g1h1 d7d6
info depth 11 seldepth 14 multipv 1 score cp -100 nodes 10296 nps 30734 hashfull 4 tbhits 0 time 335 pv c1g5 e8g8 g1h1 h7h6 g5h4
info depth 12 seldepth 23 multipv 1 score cp -90 nodes 39775 nps 19828 hashfull 15 tbhits 0 time 2006 pv c1g5 h7h6 g5h4 e8g8 b1d2 d7d5 h4f6
info depth 13 seldepth 16 multipv 1 score cp -86 nodes 66125 nps 18171 hashfull 29 tbhits 0 time 3639 pv c1g5 h7h6 g5f6 e7f6 g1h1 d7d6 c2c3 c8e6 c3d4 e6a2 a1a2 e5d4
bestmove c1g5 ponder h7h6
