Stockfish dev-20260913-031dfeb4 by the Stockfish developers (see AUTHORS file)
id name Stockfish dev-20260913-031dfeb4
id author the Stockfish developers (see AUTHORS file)

option name Debug Log File type string default <empty>
option name NumaPolicy type string default auto
option name Threads type spin default 1 min 1 max 1024
option name Hash type spin default 16 min 1 max 33554432
option name Clear Hash type button
option name Ponder type check default false
option name MultiPV type spin default 1 min 1 max 256
option name Skill Level type spin default 20 min 0 max 20
option name Move Overhead type spin default 10 min 0 max 5000
option name nodestime type spin default 0 min 0 max 10000
option name UCI_Chess960 type check default false
option name UCI_LimitStrength type check default false
option name UCI_Elo type spin default 1320 min 1320 max 3190
option name UCI_ShowWDL type check default false
option name SyzygyPath type string default <empty>
option name SyzygyProbeDepth type spin default 1 min 1 max 100
option name Syzygy50MoveRule type check default true
option name SyzygyProbeLimit type spin default 7 min 0 max 7
option name EvalFile type string default nn-134a887f4c8f.nnue
uciok
info string Using 1 thread
readyok
info string Available processors: 0-9
info string Using 1 thread
info string NNUE evaluation using nn-134a887f4c8f.nnue (109MiB, (86896, 1024, 32, 32, 1))
info string Network replica 1: Shared memory.
info depth 1 seldepth 6 multipv 1 score cp 88 nodes 75 nps 75000 hashfull 0 tbhits 0 time 1 pv c1b2
info depth 2 seldepth 3 multipv 1 score cp 172 nodes 117 nps 117000 hashfull 0 tbhits 0 time 1 pv c1b2
info depth 3 seldepth 2 multipv 1 score cp 172 nodes 151 nps 151000 hashfull 0 tbhits 0 time 1 pv c1b2
info depth 4 seldepth 9 multipv 1 score cp 87 nodes 1466 nps 733000 hashfull 0 tbhits 0 time 2 pv h2h4 f8g7 h4g5 h6g5 h1h8 g7h8
info depth 5 seldepth 11 multipv 1 score cp 96 nodes 1807 nps 903500 hashfull 0 tbhits 0 time 2 pv h2h4 g5h4 h1h4 g8f6 e2c3
info depth 6 seldepth 6 multipv 1 score cp 96 nodes 1873 nps 936500 hashfull 0 tbhits 0 time 2 pv h2h4 g5h4 h1h4 g8f6 e2c3
info depth 7 seldepth 11 multipv 1 score cp 87 nodes 3960 nps 990000 hashfull 1 tbhits 0 time 4 pv h2h4 c8g4 c1b2 f8g7 h4g5 h6g5 h1h8 g7h8
info depth 8 seldepth 11 multipv 1 score cp 87 nodes 4052 nps 1013000 hashfull 1 tbhits 0 time 4 pv h2h4 c8g4 c1b2 f8g7 h4g5 h6g5 h1h8 g7h8
info depth 9 seldepth 15 multipv 1 score cp 68 nodes 10964 nps 913666 hashfull 3 tbhits 0 time 12 pv g2c6 b7c6 c1b2 g8f6 h2h4 g5h4 h1h4 c8e6
info depth 10 seldepth 16 multipv 1 score cp 60 nodes 19206 nps 914571 hashfull 6 tbhits 0 time 21 pv c2c4 g8e7 e2c3 f8g7 h2h4 g5h4 h1h4 c6b4
info depth 11 seldepth 17 multipv 1 score cp 64 nodes 20554 nps 893652 hashfull 6 tbhits 0 time 23 pv c1b2 g8e7 h2h4 g5h4 h1h4 d6d5 e2c3 c8e6 d1e2 d8d6 e1c1 f8g7
info depth 12 seldepth 21 multipv 1 score cp 62 nodes 37019 nps 860906 hashfull 11 tbhits 0 time 43 pv c1b2 f8g7 h2h4 d6d5 c2c4 d5d4 h4g5 d4e3 f2e3
info depth 13 seldepth 23 multipv 1 score cp 66 nodes 87961 nps 853990 hashfull 27 tbhits 0 time 103 pv c1b2 g8f6 d2e4 f6e4
bestmove c1b2 ponder g8f6
