Stockfish dev-20260913-m-031dfeb4 by the Stockfish developers (see AUTHORS file)
id name Stockfish dev-20260913-m-031dfeb4
id author the Stockfish developers (see AUTHORS file)

option name Debug Log File type string default <empty>
option name NumaPolicy type string default auto
option name Threads type spin default 1 min 1 max 1024
option name Hash type spin default 16 min 1 max 33554432
option name Clear Hash type button
option name Ponder type check default false
option name MultiPV type spin default 1 min 1 max 256
option name Skill Level type spin default 20 min 0 max 20
option name Move Overhead type spin default 10 min 0 max 5000
option name nodestime type spin default 0 min 0 max 10000
option name UCI_Chess960 type check default false
option name UCI_LimitStrength type check default false
option name UCI_Elo type spin default 1320 min 1320 max 3190
option name UCI_ShowWDL type check default false
option name SyzygyPath type string default <empty>
option name SyzygyProbeDepth type spin default 1 min 1 max 100
option name Syzygy50MoveRule type check default true
option name SyzygyProbeLimit type spin default 7 min 0 max 7
option name EvalFile type string default nn-134a887f4c8f.nnue
uciok
info string Using 1 thread
readyok
info string Available processors: 0-9
info string Using 1 thread
info string NNUE evaluation using nn-134a887f4c8f.nnue (109MiB, (86896, 1024, 32, 32, 1))
info string Network replica 1: Shared memory.
info depth 1 seldepth 4 multipv 1 score cp 95 nodes 41 nps 41000 hashfull 0 tbhits 0 time 1 pv f6g7
info depth 2 seldepth 3 multipv 1 score cp 118 nodes 82 nps 82000 hashfull 0 tbhits 0 time 1 pv f6g7
info depth 3 seldepth 5 multipv 1 score cp 89 nodes 563 nps 563000 hashfull 0 tbhits 0 time 1 pv f6g7 c2c3
info depth 4 seldepth 9 multipv 1 score cp 95 nodes 697 nps 697000 hashfull 0 tbhits 0 time 1 pv f6g7 a2a3 b8c6
info depth 5 seldepth 9 multipv 1 score cp 98 nodes 1080 nps 54000 hashfull 0 tbhits 0 time 20 pv b7b5 h2h4 b8c6
info depth 6 seldepth 9 multipv 1 score cp 99 nodes 1444 nps 42470 hashfull 0 tbhits 0 time 34 pv b7b5 d3d4 c5d4 e2b5 b8d7
info depth 7 seldepth 10 multipv 1 score cp 105 nodes 1959 nps 44522 hashfull 0 tbhits 0 time 44 pv b8c6 c2c3 b7b5 a2a3
info depth 8 seldepth 14 multipv 1 score cp 98 nodes 2844 nps 44437 hashfull 0 tbhits 0 time 64 pv b7b5 d3d4 c5d4 e2b5 b8d7 e1g1
info depth 9 seldepth 16 multipv 1 score cp 103 nodes 4606 nps 38705 hashfull 1 tbhits 0 time 119 pv b7b5 c2c3 b8c6 e1g1 b5b4 c3b4 c6b4
info depth 10 seldepth 14 multipv 1 score cp 94 nodes 4934 nps 40442 hashfull 1 tbhits 0 time 122 pv b7b5 c2c3 b8c6 a2a3 a8b8 e1g1 a7a5
info depth 11 seldepth 17 multipv 1 score cp 101 nodes 7595 nps 33021 hashfull 1 tbhits 0 time 230 pv b7b5 e1g1 b8c6
info depth 12 seldepth 18 multipv 1 score cp 99 nodes 14443 nps 25883 hashfull 4 tbhits 0 time 558 pv c8e6 a2a4 a7a6 c2c3 b8c6 e1g1 b7b5 a4b5 a6b5 d3d4 c5d4 e2b5
info depth 13 seldepth 19 multipv 1 score cp 107 nodes 20355 nps 24823 hashfull 6 tbhits 0 time 820 pv b7b5 e1g1 d8b6 a2a3 a7a5 c2c3 b8c6 h2h4 a5a4
bestmove b7b5 ponder e1g1
