Stockfish dev-20260913-m-031dfeb4 by the Stockfish developers (see AUTHORS file)
id name Stockfish dev-20260913-m-031dfeb4
id author the Stockfish developers (see AUTHORS file)

option name Debug Log File type string default <empty>
option name NumaPolicy type string default auto
option name Threads type spin default 1 min 1 max 1024
option name Hash type spin default 16 min 1 max 33554432
option name Clear Hash type button
option name Ponder type check default false
option name MultiPV type spin default 1 min 1 max 256
option name Skill Level type spin default 20 min 0 max 20
option name Move Overhead type spin default 10 min 0 max 5000
option name nodestime type spin default 0 min 0 max 10000
option name UCI_Chess960 type check default false
option name UCI_LimitStrength type check default false
option name UCI_Elo type spin default 1320 min 1320 max 3190
option name UCI_ShowWDL type check default false
option name SyzygyPath type string default <empty>
option name SyzygyProbeDepth type spin default 1 min 1 max 100
option name Syzygy50MoveRule type check default true
option name SyzygyProbeLimit type spin default 7 min 0 max 7
option name EvalFile type string default nn-134a887f4c8f.nnue
uciok
info string Using 1 thread
readyok
info string Available processors: 0-9
info string Using 1 thread
info string NNUE evaluation using nn-134a887f4c8f.nnue (109MiB, (86896, 1024, 32, 32, 1))
info string Network replica 1: Shared memory.
info depth 1 seldepth 3 multipv 1 score cp 65 nodes 33 nps 33000 hashfull 0 tbhits 0 time 1 pv e7e5
info depth 2 seldepth 3 multipv 1 score cp 100 nodes 67 nps 67000 hashfull 0 tbhits 0 time 1 pv e7e5
info depth 3 seldepth 2 multipv 1 score cp 100 nodes 95 nps 95000 hashfull 0 tbhits 0 time 1 pv e7e5
info depth 4 seldepth 7 multipv 1 score cp 78 nodes 619 nps 619000 hashfull 0 tbhits 0 time 1 pv d6d5 e4d5 d8d5
info depth 5 seldepth 5 multipv 1 score cp 84 nodes 738 nps 738000 hashfull 0 tbhits 0 time 1 pv d6d5 e4d5 d8d5
info depth 6 seldepth 10 multipv 1 score cp 75 nodes 1671 nps 50636 hashfull 0 tbhits 0 time 33 pv e7e5 d2d3 d6d5 f1g2 f8b4 b1c3
info depth 7 seldepth 10 multipv 1 score cp 74 nodes 1804 nps 54666 hashfull 0 tbhits 0 time 33 pv e7e5 d2d3 d6d5 f1g2 d5e4
info depth 8 seldepth 9 multipv 1 score cp 94 nodes 3609 nps 32809 hashfull 1 tbhits 0 time 110 pv e7e5 d2d3 d6d5 f1g2 d5e4
info depth 9 seldepth 9 multipv 1 score cp 104 nodes 4387 nps 35379 hashfull 1 tbhits 0 time 124 pv e7e5 d2d4 e5d4 d1d4 c8g4 h1g1 g8f6 b1c3
info depth 10 seldepth 9 multipv 1 score cp 104 nodes 4519 nps 36443 hashfull 1 tbhits 0 time 124 pv e7e5 d2d4 e5d4 d1d4 c8g4 h1g1 g8f6 b1c3
info depth 11 seldepth 17 multipv 1 score cp 95 nodes 24495 nps 20193 hashfull 8 tbhits 0 time 1213 pv e7e5 d2d4 e5d4 c2c3 d6d5 f1g2 d5e4
info depth 12 seldepth 18 multipv 1 score cp 90 nodes 33204 nps 20559 hashfull 11 tbhits 0 time 1615 pv e7e5 d2d4 e5d4 f1g2 g8f6 f2f3 c6c5 g4g5
info depth 13 seldepth 18 multipv 1 score cp 90 nodes 48349 nps 20391 hashfull 16 tbhits 0 time 2371 pv e7e5 d2d4 e5d4 f1g2 g8f6 f2f3 c6c5 e1g1
bestmove e7e5 ponder d2d4
