Stockfish dev-20260913-m-031dfeb4 by the Stockfish developers (see AUTHORS file)
id name Stockfish dev-20260913-m-031dfeb4
id author the Stockfish developers (see AUTHORS file)

option name Debug Log File type string default <empty>
option name NumaPolicy type string default auto
option name Threads type spin default 1 min 1 max 1024
option name Hash type spin default 16 min 1 max 33554432
option name Clear Hash type button
option name Ponder type check default false
option name MultiPV type spin default 1 min 1 max 256
option name Skill Level type spin default 20 min 0 max 20
option name Move Overhead type spin default 10 min 0 max 5000
option name nodestime type spin default 0 min 0 max 10000
option name UCI_Chess960 type check default false
option name UCI_LimitStrength type check default false
option name UCI_Elo type spin default 1320 min 1320 max 3190
option name UCI_ShowWDL type check default false
option name SyzygyPath type string default <empty>
option name SyzygyProbeDepth type spin default 1 min 1 max 100
option name Syzygy50MoveRule type check default true
option name SyzygyProbeLimit type spin default 7 min 0 max 7
option name EvalFile type string default nn-134a887f4c8f.nnue
uciok
info string Using 1 thread
readyok
info string Available processors: 0-9
info string Using 1 thread
info string NNUE evaluation using nn-134a887f4c8f.nnue (109MiB, (86896, 1024, 32, 32, 1))
info string Network replica 1: Shared memory.
info depth 1 seldepth 4 multipv 1 score cp -72 nodes 52 nps 52000 hashfull 0 tbhits 0 time 1 pv d8e7
info depth 2 seldepth 3 multipv 1 score cp 84 nodes 104 nps 104000 hashfull 0 tbhits 0 time 1 pv d8e7
info depth 3 seldepth 2 multipv 1 score cp 84 nodes 150 nps 150000 hashfull 0 tbhits 0 time 1 pv d8e7
info depth 4 seldepth 7 multipv 1 score cp -38 nodes 543 nps 543000 hashfull 0 tbhits 0 time 1 pv d8e7 d2d3 c5b4 f3d2
info depth 5 seldepth 10 multipv 1 score cp -94 nodes 1838 nps 262571 hashfull 0 tbhits 0 time 7 pv e8g8 d2d3 c5e7 e1g1 f8e8 c1f4 c7c5
info depth 6 seldepth 9 multipv 1 score cp -105 nodes 2156 nps 154000 hashfull 1 tbhits 0 time 14 pv e8g8 d2d3 c5e7 e1g1 f8e8
info depth 7 seldepth 9 multipv 1 score cp -108 nodes 4347 nps 63000 hashfull 1 tbhits 0 time 69 pv e8g8 e4c5 d8e7 d1e2 e7c5 d2d4 c5h5
info depth 8 seldepth 7 multipv 1 score cp -108 nodes 4417 nps 64014 hashfull 1 tbhits 0 time 69 pv e8g8 e4c5 d8e7 d1e2 e7c5 d2d4
info depth 9 seldepth 13 multipv 1 score cp -131 nodes 10782 nps 26361 hashfull 2 tbhits 0 time 409 pv e8g8 e1g1 c5b6 d2d4 c8g4 c2c3 f8e8 h2h3 e8e4 h3g4 e4g4 f1e1
info depth 10 seldepth 21 multipv 1 score cp -114 nodes 15743 nps 24560 hashfull 4 tbhits 0 time 641 pv e8g8 e1g1 c5b6 f1e1 f8e8 d2d4
info depth 11 seldepth 11 multipv 1 score cp -124 nodes 15994 nps 24912 hashfull 4 tbhits 0 time 642 pv e8g8 e1g1 c5b6 f1e1 f8e8 d2d3 c8g4 c1g5 d8c8
info depth 12 seldepth 16 multipv 1 score cp -111 nodes 19513 nps 23825 hashfull 5 tbhits 0 time 819 pv e8g8 e1g1 c5b6 d2d4 f8e8 f1e1 c8f5 e4g3 e8e1 f3e1 f5g6 e1f3 b8c6
info depth 13 seldepth 14 multipv 1 score cp -112 nodes 20921 nps 23245 hashfull 5 tbhits 0 time 900 pv e8g8 e1g1 c5b6 d2d4 f8e8 f1e1 c8f5 e4g3 e8e1 f3e1 f5g6 c1e3
bestmove e8g8 ponder e1g1
