Stockfish dev-20260913-031dfeb4 by the Stockfish developers (see AUTHORS file)
id name Stockfish dev-20260913-031dfeb4
id author the Stockfish developers (see AUTHORS file)

option name Debug Log File type string default <empty>
option name NumaPolicy type string default auto
option name Threads type spin default 1 min 1 max 1024
option name Hash type spin default 16 min 1 max 33554432
option name Clear Hash type button
option name Ponder type check default false
option name MultiPV type spin default 1 min 1 max 256
option name Skill Level type spin default 20 min 0 max 20
option name Move Overhead type spin default 10 min 0 max 5000
option name nodestime type spin default 0 min 0 max 10000
option name UCI_Chess960 type check default false
option name UCI_LimitStrength type check default false
option name UCI_Elo type spin default 1320 min 1320 max 3190
option name UCI_ShowWDL type check default false
option name SyzygyPath type string default <empty>
option name SyzygyProbeDepth type spin default 1 min 1 max 100
option name Syzygy50MoveRule type check default true
option name SyzygyProbeLimit type spin default 7 min 0 max 7
option name EvalFile type string default nn-134a887f4c8f.nnue
uciok
info string Using 1 thread
readyok
info string Available processors: 0-9
info string Using 1 thread
info string NNUE evaluation using nn-134a887f4c8f.nnue (109MiB, (86896, 1024, 32, 32, 1))
info string Network replica 1: Shared memory.
info depth 1 seldepth 2 multipv 1 score cp 72 nodes 27 nps 27000 hashfull 0 tbhits 0 time 1 pv e6e5
info depth 2 seldepth 3 multipv 1 score cp 84 nodes 60 nps 60000 hashfull 0 tbhits 0 time 1 pv e6e5
info depth 3 seldepth 5 multipv 1 score cp 78 nodes 149 nps 149000 hashfull 0 tbhits 0 time 1 pv b8c6
info depth 4 seldepth 7 multipv 1 score cp 82 nodes 248 nps 248000 hashfull 0 tbhits 0 time 1 pv e6e5 g1e2
info depth 5 seldepth 4 multipv 1 score cp 84 nodes 334 nps 334000 hashfull 0 tbhits 0 time 1 pv e6e5 b1d2
info depth 6 seldepth 12 multipv 1 score cp 62 nodes 2305 nps 768333 hashfull 0 tbhits 0 time 3 pv e6e5 g1e2 c7c5 f3f4 b8c6 b1d2 e5f4 e2f4 e7g6
info depth 7 seldepth 12 multipv 1 score cp 64 nodes 3108 nps 777000 hashfull 0 tbhits 0 time 4 pv e6e5 g1e2 c7c5 f3f4 e5f4 e2f4 e7g6
info depth 8 seldepth 9 multipv 1 score cp 64 nodes 3168 nps 792000 hashfull 0 tbhits 0 time 4 pv e6e5 g1e2 c7c5 f3f4 e5f4 e2f4 e7g6
info depth 9 seldepth 15 multipv 1 score cp 59 nodes 7492 nps 936500 hashfull 1 tbhits 0 time 8 pv e6e5 g1e2 c7c5 f3f4 b8c6 b1d2 h7h5
info depth 10 seldepth 11 multipv 1 score cp 61 nodes 8347 nps 927444 hashfull 2 tbhits 0 time 9 pv e6e5 b1d2 b8c6 h2h4 c8e6 g2g3 d8d7
info depth 11 seldepth 16 multipv 1 score cp 65 nodes 14134 nps 942266 hashfull 4 tbhits 0 time 15 pv e6e5 b1d2 b8c6 g2g3 g7g6 f1h3 f8h6 h3c8 d8c8 c2c3 c8e6 c3d4 e5d4
info depth 12 seldepth 14 multipv 1 score cp 63 nodes 15963 nps 939000 hashfull 5 tbhits 0 time 17 pv e6e5 g2g3 h7h5 f3f4 b8c6 b1d2 h5h4 f1h3
info depth 13 seldepth 15 multipv 1 score cp 62 nodes 25020 nps 893571 hashfull 9 tbhits 0 time 28 pv e6e5 b1d2 b8c6 g2g3 g7g6 f1g2 h7h5 f3f4 c8g4 g1f3 e5f4 g3f4
bestmove e6e5 ponder b1d2
