Stockfish dev-20260913-m-031dfeb4 by the Stockfish developers (see AUTHORS file)
id name Stockfish dev-20260913-m-031dfeb4
id author the Stockfish developers (see AUTHORS file)

option name Debug Log File type string default <empty>
option name NumaPolicy type string default auto
option name Threads type spin default 1 min 1 max 1024
option name Hash type spin default 16 min 1 max 33554432
option name Clear Hash type button
option name Ponder type check default false
option name MultiPV type spin default 1 min 1 max 256
option name Skill Level type spin default 20 min 0 max 20
option name Move Overhead type spin default 10 min 0 max 5000
option name nodestime type spin default 0 min 0 max 10000
option name UCI_Chess960 type check default false
option name UCI_LimitStrength type check default false
option name UCI_Elo type spin default 1320 min 1320 max 3190
option name UCI_ShowWDL type check default false
option name SyzygyPath type string default <empty>
option name SyzygyProbeDepth type spin default 1 min 1 max 100
option name Syzygy50MoveRule type check default true
option name SyzygyProbeLimit type spin default 7 min 0 max 7
option name EvalFile type string default nn-134a887f4c8f.nnue
uciok
info string Using 1 thread
readyok
info string Available processors: 0-9
info string Using 1 thread
info string NNUE evaluation using nn-134a887f4c8f.nnue (109MiB, (86896, 1024, 32, 32, 1))
info string Network replica 1: Shared memory.
info depth 1 seldepth 2 multipv 1 score cp 95 nodes 32 nps 32000 hashfull 0 tbhits 0 time 1 pv d2d4
info depth 2 seldepth 3 multipv 1 score cp 125 nodes 70 nps 70000 hashfull 0 tbhits 0 time 1 pv d2d4
info depth 3 seldepth 2 multipv 1 score cp 125 nodes 101 nps 101000 hashfull 0 tbhits 0 time 1 pv d2d4
info depth 4 seldepth 6 multipv 1 score cp 122 nodes 511 nps 511000 hashfull 0 tbhits 0 time 1 pv g1f3 c7c6
info depth 5 seldepth 9 multipv 1 score cp 75 nodes 1536 nps 768000 hashfull 0 tbhits 0 time 2 pv d1e2 b8c6 g1f3 g8f6
info depth 6 seldepth 9 multipv 1 score cp 48 nodes 2902 nps 111615 hashfull 0 tbhits 0 time 26 pv g1f3 c7c6 d2d4 d7d5
info depth 7 seldepth 11 multipv 1 score cp 46 nodes 4157 nps 118771 hashfull 0 tbhits 0 time 35 pv d1e2 c7c6 b1c3 b7b5 c4b3
info depth 8 seldepth 11 multipv 1 score cp 46 nodes 5055 nps 70208 hashfull 1 tbhits 0 time 72 pv g1f3 c7c6 b1c3 g8f6 f3e5 e7e6
info depth 9 seldepth 9 multipv 1 score cp 50 nodes 5348 nps 74277 hashfull 1 tbhits 0 time 72 pv g1f3 c7c6 b1c3 g8f6 f3e5 e7e6
info depth 10 seldepth 9 multipv 1 score cp 51 nodes 5847 nps 65696 hashfull 1 tbhits 0 time 89 pv g1f3 e7e6 b1c3 g8f6 e1g1
info depth 11 seldepth 13 multipv 1 score cp 55 nodes 8212 nps 41266 hashfull 2 tbhits 0 time 199 pv g1f3 c7c5 d2d4 c5d4 f3d4 b8c6 b1c3 g8f6
info depth 12 seldepth 13 multipv 1 score cp 90 nodes 12491 nps 28914 hashfull 4 tbhits 0 time 432 pv d2d4 c7c6 c4b3 d7d5 b1c3 d5e4 c3e4
info depth 13 seldepth 15 multipv 1 score cp 70 nodes 17039 nps 25699 hashfull 6 tbhits 0 time 663 pv b1c3 c7c6 g1f3 d7d5 e4d5 c8g4 d5c6 b8c6 d2d4 e7e6
bestmove b1c3 ponder c7c6
