Stockfish dev-20260913-m-031dfeb4 by the Stockfish developers (see AUTHORS file)
id name Stockfish dev-20260913-m-031dfeb4
id author the Stockfish developers (see AUTHORS file)

option name Debug Log File type string default <empty>
option name NumaPolicy type string default auto
option name Threads type spin default 1 min 1 max 1024
option name Hash type spin default 16 min 1 max 33554432
option name Clear Hash type button
option name Ponder type check default false
option name MultiPV type spin default 1 min 1 max 256
option name Skill Level type spin default 20 min 0 max 20
option name Move Overhead type spin default 10 min 0 max 5000
option name nodestime type spin default 0 min 0 max 10000
option name UCI_Chess960 type check default false
option name UCI_LimitStrength type check default false
option name UCI_Elo type spin default 1320 min 1320 max 3190
option name UCI_ShowWDL type check default false
option name SyzygyPath type string default <empty>
option name SyzygyProbeDepth type spin default 1 min 1 max 100
option name Syzygy50MoveRule type check default true
option name SyzygyProbeLimit type spin default 7 min 0 max 7
option name EvalFile type string default nn-134a887f4c8f.nnue
uciok
info string Using 1 thread
readyok
info string Available processors: 0-9
info string Using 1 thread
info string NNUE evaluation using nn-134a887f4c8f.nnue (109MiB, (86896, 1024, 32, 32, 1))
info string Network replica 1: Shared memory.
info depth 1 seldepth 2 multipv 1 score cp -103 nodes 37 nps 37000 hashfull 0 tbhits 0 time 1 pv d2d3
info depth 2 seldepth 6 multipv 1 score cp -82 nodes 84 nps 84000 hashfull 0 tbhits 0 time 1 pv d2d3
info depth 3 seldepth 5 multipv 1 score cp -73 nodes 130 nps 130000 hashfull 0 tbhits 0 time 1 pv d2d3
info depth 4 seldepth 5 multipv 1 score cp -58 nodes 188 nps 188000 hashfull 0 tbhits 0 time 1 pv d2d3
info depth 5 seldepth 5 multipv 1 score cp -110 nodes 768 nps 768000 hashfull 0 tbhits 0 time 1 pv g3h3 c6b4 h3d7 e8d7
info depth 6 seldepth 8 multipv 1 score cp -79 nodes 1798 nps 38255 hashfull 0 tbhits 0 time 47 pv g3h3 c6b4 h3d7 e8d7
info depth 7 seldepth 6 multipv 1 score cp -125 nodes 2542 nps 51877 hashfull 0 tbhits 0 time 49 pv g3h3 h7h5 h3d7 e8d7 b1a3
info depth 8 seldepth 9 multipv 1 score cp -76 nodes 3499 nps 41654 hashfull 1 tbhits 0 time 84 pv g3h3 h7h5 h3d7 e8d7 b1c3
info depth 9 seldepth 8 multipv 1 score cp -83 nodes 4317 nps 38891 hashfull 1 tbhits 0 time 111 pv g3h3 h7h5 h3d7 e8d7 b1c3 c6b4
info depth 10 seldepth 13 multipv 1 score cp -85 nodes 4553 nps 41018 hashfull 1 tbhits 0 time 111 pv g3h3 h7h5 h3d7 e8d7 g1e2
info depth 11 seldepth 13 multipv 1 score cp -85 nodes 5674 nps 36606 hashfull 2 tbhits 0 time 155 pv g3h3 h7h5 h3d7 e8d7 g1e2 h5h4 b1c3 d5d4 c3e4
info depth 12 seldepth 15 multipv 1 score cp -99 nodes 15896 nps 22741 hashfull 4 tbhits 0 time 699 pv g3h3 f6f5 g1e2 e8c8 d2d4 e5d4 e3d4 c5d4 h3d3 g8f6 e1g1
info depth 13 seldepth 21 multipv 1 score cp -107 nodes 58142 nps 18387 hashfull 21 tbhits 0 time 3162 pv d2d3 e8c8 g3h3 f6f5 g1f3 f8d6 e3e4 f5e4 h3d7 d8d7 d3e4 d5e4 f3d2 g8f6
bestmove d2d3 ponder e8c8
