Stockfish dev-20260913-m-031dfeb4 by the Stockfish developers (see AUTHORS file)
id name Stockfish dev-20260913-m-031dfeb4
id author the Stockfish developers (see AUTHORS file)

option name Debug Log File type string default <empty>
option name NumaPolicy type string default auto
option name Threads type spin default 1 min 1 max 1024
option name Hash type spin default 16 min 1 max 33554432
option name Clear Hash type button
option name Ponder type check default false
option name MultiPV type spin default 1 min 1 max 256
option name Skill Level type spin default 20 min 0 max 20
option name Move Overhead type spin default 10 min 0 max 5000
option name nodestime type spin default 0 min 0 max 10000
option name UCI_Chess960 type check default false
option name UCI_LimitStrength type check default false
option name UCI_Elo type spin default 1320 min 1320 max 3190
option name UCI_ShowWDL type check default false
option name SyzygyPath type string default <empty>
option name SyzygyProbeDepth type spin default 1 min 1 max 100
option name Syzygy50MoveRule type check default true
option name SyzygyProbeLimit type spin default 7 min 0 max 7
option name EvalFile type string default nn-134a887f4c8f.nnue
uciok
info string Using 1 thread
readyok
info string Available processors: 0-9
info string Using 1 thread
info string NNUE evaluation using nn-134a887f4c8f.nnue (109MiB, (86896, 1024, 32, 32, 1))
info string Network replica 1: Shared memory.
info depth 1 seldepth 4 multipv 1 score cp 68 nodes 35 nps 35000 hashfull 0 tbhits 0 time 1 pv d8g5
info depth 2 seldepth 3 multipv 1 score cp 98 nodes 71 nps 71000 hashfull 0 tbhits 0 time 1 pv d8g5
info depth 3 seldepth 2 multipv 1 score cp 98 nodes 100 nps 100000 hashfull 0 tbhits 0 time 1 pv d8g5
info depth 4 seldepth 6 multipv 1 score cp 117 nodes 150 nps 150000 hashfull 0 tbhits 0 time 1 pv d8g5
info depth 5 seldepth 6 multipv 1 score cp 119 nodes 240 nps 240000 hashfull 0 tbhits 0 time 1 pv c7c6 a2a3
info depth 6 seldepth 7 multipv 1 score cp 94 nodes 1099 nps 549500 hashfull 0 tbhits 0 time 2 pv c7c6 e1g1 d7d6 d1e1 b8d7
info depth 7 seldepth 11 multipv 1 score cp 86 nodes 3034 nps 55163 hashfull 0 tbhits 0 time 55 pv b8c6 d1d2 c6e5 e1g1 d7d6 g1h1
info depth 8 seldepth 12 multipv 1 score cp 82 nodes 3151 nps 57290 hashfull 1 tbhits 0 time 55 pv b8c6 d1d2 c6e5 e1g1 c7c6 c3a4 d7d6 b2b4 c5b6 a4b6 a7b6
info depth 9 seldepth 18 multipv 1 score cp 79 nodes 5344 nps 34256 hashfull 1 tbhits 0 time 156 pv d7d6 d1d2 b8d7 e1g1 c7c6 c3a4 d7e5 b2b4
info depth 10 seldepth 12 multipv 1 score cp 79 nodes 5450 nps 34935 hashfull 1 tbhits 0 time 156 pv d7d6 d1d2 b8d7 e1g1 c7c6 c3a4 d7e5 b2b4 c5b6
info depth 11 seldepth 15 multipv 1 score cp 78 nodes 7259 nps 30758 hashfull 1 tbhits 0 time 236 pv d7d6 d1d2 b8d7 e1g1 c7c6 c3a4 d7e5 a2a3
info depth 12 seldepth 18 multipv 1 score cp 102 nodes 11774 nps 30821 hashfull 3 tbhits 0 time 382 pv d7d6 e1g1 b8d7 d1d2 a7a5 a2a3 c7c6
info depth 13 seldepth 17 multipv 1 score cp 99 nodes 18638 nps 26103 hashfull 5 tbhits 0 time 714 pv d7d6 e1g1 b8d7 c3a4 d8g5 f1f4 d7e5 a4c5 d6c5 d4f5 e5g6
bestmove d7d6 ponder e1g1
