Stockfish dev-20260913-m-031dfeb4 by the Stockfish developers (see AUTHORS file)
id name Stockfish dev-20260913-m-031dfeb4
id author the Stockfish developers (see AUTHORS file)

option name Debug Log File type string default <empty>
option name NumaPolicy type string default auto
option name Threads type spin default 1 min 1 max 1024
option name Hash type spin default 16 min 1 max 33554432
option name Clear Hash type button
option name Ponder type check default false
option name MultiPV type spin default 1 min 1 max 256
option name Skill Level type spin default 20 min 0 max 20
option name Move Overhead type spin default 10 min 0 max 5000
option name nodestime type spin default 0 min 0 max 10000
option name UCI_Chess960 type check default false
option name UCI_LimitStrength type check default false
option name UCI_Elo type spin default 1320 min 1320 max 3190
option name UCI_ShowWDL type check default false
option name SyzygyPath type string default <empty>
option name SyzygyProbeDepth type spin default 1 min 1 max 100
option name Syzygy50MoveRule type check default true
option name SyzygyProbeLimit type spin default 7 min 0 max 7
option name EvalFile type string default nn-134a887f4c8f.nnue
uciok
info string Using 1 thread
readyok
info string Available processors: 0-9
info string Using 1 thread
info string NNUE evaluation using nn-134a887f4c8f.nnue (109MiB, (86896, 1024, 32, 32, 1))
info string Network replica 1: Shared memory.
info depth 1 seldepth 4 multipv 1 score cp -49 nodes 42 nps 42000 hashfull 0 tbhits 0 time 1 pv d2d3
info depth 2 seldepth 7 multipv 1 score cp -156 nodes 702 nps 702000 hashfull 0 tbhits 0 time 1 pv b3f7 h6f7 g5f7 e8f7
info depth 3 seldepth 6 multipv 1 score cp -162 nodes 759 nps 759000 hashfull 0 tbhits 0 time 1 pv d2d3 f8b4 e1e2
info depth 4 seldepth 8 multipv 1 score cp -111 nodes 847 nps 847000 hashfull 0 tbhits 0 time 1 pv d2d3
info depth 5 seldepth 4 multipv 1 score cp -113 nodes 893 nps 893000 hashfull 0 tbhits 0 time 1 pv d2d3 f8b4 e1f1
info depth 6 seldepth 7 multipv 1 score cp -133 nodes 1108 nps 1108000 hashfull 0 tbhits 0 time 1 pv d2d3 f8b4 e1f1 b4e7 g1f3
info depth 7 seldepth 9 multipv 1 score cp -139 nodes 1375 nps 343750 hashfull 0 tbhits 0 time 4 pv d2d3 f8b4 e1f1 b4e7 g1f3 a7a5 d1e1
info depth 8 seldepth 9 multipv 1 score cp -132 nodes 1578 nps 394500 hashfull 0 tbhits 0 time 4 pv d2d3 f8b4 e1f1 b4e7 g5e4 h6f5 h2h4 f5h4
info depth 9 seldepth 13 multipv 1 score cp -125 nodes 2937 nps 49779 hashfull 0 tbhits 0 time 59 pv d2d3 f8b4 e1f1 a7a5 g1f3 a5a4 b3c4 b4e7
info depth 10 seldepth 12 multipv 1 score cp -111 nodes 3607 nps 49410 hashfull 0 tbhits 0 time 73 pv d2d3 f8b4 e1f1 e8g8 g5e4 g8h8 c1h6 g7h6
info depth 11 seldepth 11 multipv 1 score cp -116 nodes 3899 nps 51986 hashfull 0 tbhits 0 time 75 pv d2d3 f8b4 e1f1 a7a5 a2a3 b4e7 g1f3 e8g8 g5e4
info depth 12 seldepth 16 multipv 1 score cp -91 nodes 7968 nps 31872 hashfull 3 tbhits 0 time 250 pv d2d3 f8b4 e1f1 a7a5 g5e4 a5a4 c1h6 g7h6
info depth 13 seldepth 18 multipv 1 score cp -84 nodes 10323 nps 31093 hashfull 3 tbhits 0 time 332 pv d2d3 f8b4 e1f1 b4e7 g5e4 h6f5 a2a3 a7a5 g1f3 a5a4 b3a2 f5d6 f1e1 e8g8
bestmove d2d3 ponder f8b4
