Stockfish dev-20260913-m-031dfeb4 by the Stockfish developers (see AUTHORS file)
id name Stockfish dev-20260913-m-031dfeb4
id author the Stockfish developers (see AUTHORS file)

option name Debug Log File type string default <empty>
option name NumaPolicy type string default auto
option name Threads type spin default 1 min 1 max 1024
option name Hash type spin default 16 min 1 max 33554432
option name Clear Hash type button
option name Ponder type check default false
option name MultiPV type spin default 1 min 1 max 256
option name Skill Level type spin default 20 min 0 max 20
option name Move Overhead type spin default 10 min 0 max 5000
option name nodestime type spin default 0 min 0 max 10000
option name UCI_Chess960 type check default false
option name UCI_LimitStrength type check default false
option name UCI_Elo type spin default 1320 min 1320 max 3190
option name UCI_ShowWDL type check default false
option name SyzygyPath type string default <empty>
option name SyzygyProbeDepth type spin default 1 min 1 max 100
option name Syzygy50MoveRule type check default true
option name SyzygyProbeLimit type spin default 7 min 0 max 7
option name EvalFile type string default nn-134a887f4c8f.nnue
uciok
info string Using 1 thread
readyok
info string Available processors: 0-9
info string Using 1 thread
info string NNUE evaluation using nn-134a887f4c8f.nnue (109MiB, (86896, 1024, 32, 32, 1))
info string Network replica 1: Shared memory.
info depth 1 seldepth 8 multipv 1 score cp 43 nodes 56 nps 56000 hashfull 0 tbhits 0 time 1 pv e1g1
info depth 2 seldepth 3 multipv 1 score cp 92 nodes 106 nps 106000 hashfull 0 tbhits 0 time 1 pv e1g1
info depth 3 seldepth 3 multipv 1 score cp 92 nodes 147 nps 147000 hashfull 0 tbhits 0 time 1 pv e1g1
info depth 4 seldepth 6 multipv 1 score cp 115 nodes 211 nps 211000 hashfull 0 tbhits 0 time 1 pv e1g1
info depth 5 seldepth 6 multipv 1 score cp 126 nodes 276 nps 276000 hashfull 0 tbhits 0 time 1 pv e1g1
info depth 6 seldepth 6 multipv 1 score cp 144 nodes 402 nps 402000 hashfull 0 tbhits 0 time 1 pv e1g1 f6e4 f3d4 c6d4 d1d4
info depth 7 seldepth 8 multipv 1 score cp 96 nodes 751 nps 375500 hashfull 0 tbhits 0 time 2 pv e1g1 d7d6 f3d4 c6d4 d1d4
info depth 8 seldepth 12 multipv 1 score cp 96 nodes 2471 nps 42603 hashfull 0 tbhits 0 time 58 pv e1g1 d7d6 h2h3 f6d7 f3d4 c6d4 d1d4 e7e5 d4a4
info depth 9 seldepth 12 multipv 1 score cp 98 nodes 3446 nps 28716 hashfull 0 tbhits 0 time 120 pv e1g1 d7d6 f3d4 c6d4 d1d4 e7e5 d4d3 f8e7 c1f4
info depth 10 seldepth 18 multipv 1 score cp 101 nodes 6712 nps 26218 hashfull 2 tbhits 0 time 256 pv e1g1 d7d6 f3d4 c6d4 d1d4 e7e5 d4d3 f8e7 f2f4 e5h5
info depth 11 seldepth 11 multipv 1 score cp 101 nodes 6837 nps 26707 hashfull 2 tbhits 0 time 256 pv e1g1 d7d6 f3d4 c6d4 d1d4 e7e5 d4d3 f8e7 f2f4 e5h5
info depth 12 seldepth 16 multipv 1 score cp 105 nodes 8400 nps 28282 hashfull 3 tbhits 0 time 297 pv e1g1 d7d6 f3d4 c6d4 d1d4 e7e5 d4a4 c8d7 a4b3 e5b5 b1c3 b5b3 a2b3
info depth 13 seldepth 21 multipv 1 score cp 113 nodes 10839 nps 27440 hashfull 3 tbhits 0 time 395 pv e1g1 d7d6 f3d4 c6d4 d1d4 e7e5 d4a4 c8d7 a4b4 e5b5 b4b5 d7b5 f1e1 b5d7
bestmove e1g1 ponder d7d6
