Stockfish dev-20260913-m-031dfeb4 by the Stockfish developers (see AUTHORS file)
id name Stockfish dev-20260913-m-031dfeb4
id author the Stockfish developers (see AUTHORS file)

option name Debug Log File type string default <empty>
option name NumaPolicy type string default auto
option name Threads type spin default 1 min 1 max 1024
option name Hash type spin default 16 min 1 max 33554432
option name Clear Hash type button
option name Ponder type check default false
option name MultiPV type spin default 1 min 1 max 256
option name Skill Level type spin default 20 min 0 max 20
option name Move Overhead type spin default 10 min 0 max 5000
option name nodestime type spin default 0 min 0 max 10000
option name UCI_Chess960 type check default false
option name UCI_LimitStrength type check default false
option name UCI_Elo type spin default 1320 min 1320 max 3190
option name UCI_ShowWDL type check default false
option name SyzygyPath type string default <empty>
option name SyzygyProbeDepth type spin default 1 min 1 max 100
option name Syzygy50MoveRule type check default true
option name SyzygyProbeLimit type spin default 7 min 0 max 7
option name EvalFile type string default nn-134a887f4c8f.nnue
uciok
info string Using 1 thread
readyok
info string Available processors: 0-9
info string Using 1 thread
info string NNUE evaluation using nn-134a887f4c8f.nnue (109MiB, (86896, 1024, 32, 32, 1))
info string Network replica 1: Shared memory.
info depth 1 seldepth 7 multipv 1 score cp -105 nodes 38 nps 38000 hashfull 0 tbhits 0 time 1 pv d4e5
info depth 2 seldepth 3 multipv 1 score cp -90 nodes 73 nps 73000 hashfull 0 tbhits 0 time 1 pv d4e5
info depth 3 seldepth 3 multipv 1 score cp -87 nodes 110 nps 110000 hashfull 0 tbhits 0 time 1 pv d4e5 c6e5
info depth 4 seldepth 4 multipv 1 score cp -74 nodes 238 nps 238000 hashfull 0 tbhits 0 time 1 pv e2g3
info depth 5 seldepth 5 multipv 1 score cp -65 nodes 298 nps 298000 hashfull 0 tbhits 0 time 1 pv e2g3 c6d4 g3f5 d4f5
info depth 6 seldepth 8 multipv 1 score cp 29 nodes 789 nps 394500 hashfull 0 tbhits 0 time 2 pv c2c4 d5b6 d4d5
info depth 7 seldepth 9 multipv 1 score cp -24 nodes 1557 nps 519000 hashfull 0 tbhits 0 time 3 pv c2c4 d5f4 c1f4 e5f4 d4d5
info depth 8 seldepth 13 multipv 1 score cp -35 nodes 4652 nps 31646 hashfull 0 tbhits 0 time 147 pv d4e5 f8c5
info depth 9 seldepth 9 multipv 1 score cp -13 nodes 6256 nps 33100 hashfull 1 tbhits 0 time 189 pv d4e5 c6e5 e2g3 f5g6 f1e2 f8c5 e1g1 e8g8
info depth 10 seldepth 14 multipv 1 score cp -20 nodes 11712 nps 30341 hashfull 3 tbhits 0 time 386 pv e2g3 f5g6 d4e5 d5b6
info depth 11 seldepth 16 multipv 1 score cp -66 nodes 25485 nps 20855 hashfull 9 tbhits 0 time 1222 pv d4e5 c6e5 e2g3 f5e6 f1e2
info depth 12 seldepth 21 multipv 1 score cp -71 nodes 53557 nps 18958 hashfull 18 tbhits 0 time 2825 pv d4e5 c6e5 e2g3 f5e6 b1d2 d5f4 g3h5 d8h4 h5f4 h4f4 d2f3 f4e4
info depth 13 seldepth 20 multipv 1 score cp -79 nodes 68613 nps 19262 hashfull 22 tbhits 0 time 3562 pv d4e5 c6e5 e2g3 f5e6 b1d2 d8e7 f1b5 c7c6
bestmove d4e5 ponder c6e5
