Stockfish dev-20260913-031dfeb4 by the Stockfish developers (see AUTHORS file)
id name Stockfish dev-20260913-031dfeb4
id author the Stockfish developers (see AUTHORS file)

option name Debug Log File type string default <empty>
option name NumaPolicy type string default auto
option name Threads type spin default 1 min 1 max 1024
option name Hash type spin default 16 min 1 max 33554432
option name Clear Hash type button
option name Ponder type check default false
option name MultiPV type spin default 1 min 1 max 256
option name Skill Level type spin default 20 min 0 max 20
option name Move Overhead type spin default 10 min 0 max 5000
option name nodestime type spin default 0 min 0 max 10000
option name UCI_Chess960 type check default false
option name UCI_LimitStrength type check default false
option name UCI_Elo type spin default 1320 min 1320 max 3190
option name UCI_ShowWDL type check default false
option name SyzygyPath type string default <empty>
option name SyzygyProbeDepth type spin default 1 min 1 max 100
option name Syzygy50MoveRule type check default true
option name SyzygyProbeLimit type spin default 7 min 0 max 7
option name EvalFile type string default nn-134a887f4c8f.nnue
uciok
info string Using 1 thread
readyok
info string Available processors: 0-9
info string Using 1 thread
info string NNUE evaluation using nn-134a887f4c8f.nnue (109MiB, (86896, 1024, 32, 32, 1))
info string Network replica 1: Shared memory.
info depth 1 seldepth 4 multipv 1 score cp -60 nodes 32 nps 32000 hashfull 0 tbhits 0 time 1 pv c3d4
info depth 2 seldepth 6 multipv 1 score cp -55 nodes 75 nps 75000 hashfull 0 tbhits 0 time 1 pv c3d4
info depth 3 seldepth 6 multipv 1 score cp -52 nodes 120 nps 120000 hashfull 0 tbhits 0 time 1 pv c3d4
info depth 4 seldepth 6 multipv 1 score cp -50 nodes 172 nps 172000 hashfull 0 tbhits 0 time 1 pv c3d4 f8b4 b1c3
info depth 5 seldepth 7 multipv 1 score cp -123 nodes 846 nps 846000 hashfull 0 tbhits 0 time 1 pv c3d4 d7d5 b1c3 g8f6
info depth 6 seldepth 7 multipv 1 score cp -94 nodes 1352 nps 1352000 hashfull 0 tbhits 0 time 1 pv c3d4 d7d5 e2e3 f8d6 f1d3 g8f6
info depth 7 seldepth 7 multipv 1 score cp -94 nodes 1456 nps 1456000 hashfull 0 tbhits 0 time 1 pv c3d4 d7d5 e2e3 f8d6 f1d3 g8f6
info depth 8 seldepth 8 multipv 1 score cp -99 nodes 1554 nps 1554000 hashfull 0 tbhits 0 time 1 pv c3d4 d7d5 b1c3 g8f6 e2e3 f8d6 f1d3
info depth 9 seldepth 16 multipv 1 score cp -108 nodes 3301 nps 1100333 hashfull 0 tbhits 0 time 3 pv c3d4 d7d5 e2e3 f8d6 f1d3 g8f6 e1g1 e8g8 b1c3 a7a6
info depth 10 seldepth 18 multipv 1 score cp -114 nodes 11329 nps 944083 hashfull 5 tbhits 0 time 12 pv c3d4 d7d5 e2e3 f8d6 b1c3 g8f6 f1d3 c8g4 h2h3 g4h5 e1g1
info depth 11 seldepth 16 multipv 1 score cp -107 nodes 12953 nps 925214 hashfull 6 tbhits 0 time 14 pv c3d4 d7d5 e2e3 f8d6 f3e5 g8f6 e5c6 b7c6 f1d3 e8g8 d1c2 a8b8
info depth 12 seldepth 16 multipv 1 score cp -113 nodes 13649 nps 909933 hashfull 6 tbhits 0 time 15 pv c3d4 d7d5 e2e3 f8d6 f3e5 g8e7 f1e2 c8f5 e1g1
info depth 13 seldepth 17 multipv 1 score cp -115 nodes 17197 nps 905105 hashfull 7 tbhits 0 time 19 pv c3d4 d7d5 b1c3 g8f6 e2e3 f8d6 f1d3 c8g4 h2h3 g4h5 d1b3 e8g8 a2a3 f8e8
bestmove c3d4 ponder d7d5
