Stockfish dev-20260913-m-031dfeb4 by the Stockfish developers (see AUTHORS file)
id name Stockfish dev-20260913-m-031dfeb4
id author the Stockfish developers (see AUTHORS file)

option name Debug Log File type string default <empty>
option name NumaPolicy type string default auto
option name Threads type spin default 1 min 1 max 1024
option name Hash type spin default 16 min 1 max 33554432
option name Clear Hash type button
option name Ponder type check default false
option name MultiPV type spin default 1 min 1 max 256
option name Skill Level type spin default 20 min 0 max 20
option name Move Overhead type spin default 10 min 0 max 5000
option name nodestime type spin default 0 min 0 max 10000
option name UCI_Chess960 type check default false
option name UCI_LimitStrength type check default false
option name UCI_Elo type spin default 1320 min 1320 max 3190
option name UCI_ShowWDL type check default false
option name SyzygyPath type string default <empty>
option name SyzygyProbeDepth type spin default 1 min 1 max 100
option name Syzygy50MoveRule type check default true
option name SyzygyProbeLimit type spin default 7 min 0 max 7
option name EvalFile type string default nn-134a887f4c8f.nnue
uciok
info string Using 1 thread
readyok
info string Available processors: 0-9
info string Using 1 thread
info string NNUE evaluation using nn-134a887f4c8f.nnue (109MiB, (86896, 1024, 32, 32, 1))
info string Network replica 1: Shared memory.
info depth 1 seldepth 4 multipv 1 score cp 68 nodes 43 nps 43000 hashfull 0 tbhits 0 time 1 pv g4d7
info depth 2 seldepth 4 multipv 1 score cp 69 nodes 85 nps 85000 hashfull 0 tbhits 0 time 1 pv g4d7 c2c3
info depth 3 seldepth 3 multipv 1 score cp 70 nodes 154 nps 154000 hashfull 0 tbhits 0 time 1 pv g4h5
info depth 4 seldepth 10 multipv 1 score cp 84 nodes 380 nps 380000 hashfull 0 tbhits 0 time 1 pv g4d7 c2c3
info depth 5 seldepth 6 multipv 1 score cp 93 nodes 468 nps 468000 hashfull 0 tbhits 0 time 1 pv g4d7 c2c3
info depth 6 seldepth 8 multipv 1 score cp 87 nodes 555 nps 555000 hashfull 0 tbhits 0 time 1 pv g4d7 b1d2 e7e6 c2c3 f8e7
info depth 7 seldepth 11 multipv 1 score cp 86 nodes 1139 nps 75933 hashfull 0 tbhits 0 time 15 pv g4h5 d3b5 h5g6 b5c6 b7c6
info depth 8 seldepth 10 multipv 1 score cp 85 nodes 2778 nps 31213 hashfull 1 tbhits 0 time 89 pv g4h5 d3b5 e7e6 c2c4
info depth 9 seldepth 11 multipv 1 score cp 100 nodes 3865 nps 29280 hashfull 1 tbhits 0 time 132 pv g4d7 c2c3 e7e6 b1d2 f8e7
info depth 10 seldepth 12 multipv 1 score cp 89 nodes 5485 nps 27984 hashfull 2 tbhits 0 time 196 pv g4d7 c2c3 e7e6 b1d2 f8e7 f1e1 e8g8
info depth 11 seldepth 13 multipv 1 score cp 113 nodes 8603 nps 31397 hashfull 2 tbhits 0 time 274 pv g4d7 f1e1
info depth 12 seldepth 13 multipv 1 score cp 106 nodes 13030 nps 30162 hashfull 4 tbhits 0 time 432 pv g4d7 a2a3 e7e6 b2b4 f8e7 b1d2
info depth 13 seldepth 14 multipv 1 score cp 111 nodes 18584 nps 27090 hashfull 4 tbhits 0 time 686 pv g4d7 d1e1 h7h6 g5h4 e7e6 c2c3 f8e7
bestmove g4d7 ponder d1e1
