Stockfish dev-20260913-m-031dfeb4 by the Stockfish developers (see AUTHORS file)
id name Stockfish dev-20260913-m-031dfeb4
id author the Stockfish developers (see AUTHORS file)

option name Debug Log File type string default <empty>
option name NumaPolicy type string default auto
option name Threads type spin default 1 min 1 max 1024
option name Hash type spin default 16 min 1 max 33554432
option name Clear Hash type button
option name Ponder type check default false
option name MultiPV type spin default 1 min 1 max 256
option name Skill Level type spin default 20 min 0 max 20
option name Move Overhead type spin default 10 min 0 max 5000
option name nodestime type spin default 0 min 0 max 10000
option name UCI_Chess960 type check default false
option name UCI_LimitStrength type check default false
option name UCI_Elo type spin default 1320 min 1320 max 3190
option name UCI_ShowWDL type check default false
option name SyzygyPath type string default <empty>
option name SyzygyProbeDepth type spin default 1 min 1 max 100
option name Syzygy50MoveRule type check default true
option name SyzygyProbeLimit type spin default 7 min 0 max 7
option name EvalFile type string default nn-134a887f4c8f.nnue
uciok
info string Using 1 thread
readyok
info string Available processors: 0-9
info string Using 1 thread
info string NNUE evaluation using nn-134a887f4c8f.nnue (109MiB, (86896, 1024, 32, 32, 1))
info string Network replica 1: Shared memory.
info depth 1 seldepth 4 multipv 1 score cp 105 nodes 44 nps 44000 hashfull 0 tbhits 0 time 1 pv e3d4
info depth 2 seldepth 3 multipv 1 score cp 174 nodes 91 nps 91000 hashfull 0 tbhits 0 time 1 pv e3d4
info depth 3 seldepth 2 multipv 1 score cp 174 nodes 131 nps 131000 hashfull 0 tbhits 0 time 1 pv e3d4
info depth 4 seldepth 7 multipv 1 score cp 102 nodes 533 nps 533000 hashfull 0 tbhits 0 time 1 pv d1d4 b4c6 d4d2 c8d7
info depth 5 seldepth 6 multipv 1 score cp 105 nodes 600 nps 600000 hashfull 0 tbhits 0 time 1 pv d1d4 b4c6 d4d2 c8d7 h2h3
info depth 6 seldepth 8 multipv 1 score cp 59 nodes 1263 nps 105250 hashfull 0 tbhits 0 time 12 pv e3d4 b4c6 d4d2 e8g8 h2h3
info depth 7 seldepth 8 multipv 1 score cp 63 nodes 2036 nps 36357 hashfull 0 tbhits 0 time 56 pv d1d4 b4c6 d4d2 e8g8 g1e2 f6g4
info depth 8 seldepth 9 multipv 1 score cp 72 nodes 2557 nps 38742 hashfull 0 tbhits 0 time 66 pv d1d4 b4c6 d4d2 e8g8 g1e2 f6g4
info depth 9 seldepth 8 multipv 1 score cp 76 nodes 2775 nps 40808 hashfull 0 tbhits 0 time 68 pv d1d4 b4c6 d4d2 e8g8 g1e2 f6g4
info depth 10 seldepth 14 multipv 1 score cp 74 nodes 4205 nps 36885 hashfull 0 tbhits 0 time 114 pv d1d4 b4c6 d4d2 e8g8 g1e2 c6e5 e2g3
info depth 11 seldepth 17 multipv 1 score cp 96 nodes 7071 nps 28627 hashfull 1 tbhits 0 time 247 pv d1d4 b4c6 d4d2 e8g8 f2f3 f8e8
info depth 12 seldepth 10 multipv 1 score cp 111 nodes 7838 nps 29916 hashfull 1 tbhits 0 time 262 pv d1d4 b4c6 d4d2 e8g8 f2f3 f8e8
info depth 13 seldepth 19 multipv 1 score cp 105 nodes 23560 nps 23030 hashfull 6 tbhits 0 time 1023 pv e3d4 b4c6 d4d2 d8e7 d1e1
bestmove e3d4 ponder b4c6
