Existing nn-134a887f4c8f.nnue validated, skipping download

Config:
debug: 'no'
sanitize: 'none'
optimize: 'yes'
arch: 'arm64'
bits: '64'
kernel: 'Darwin'
os: ''
prefetch: 'yes'
popcnt: 'yes'
pext: 'no'
sse: 'no'
mmx: 'no'
sse2: 'no'
ssse3: 'no'
sse41: 'no'
avx2: 'no'
avxvnni: 'no'
avx512: 'no'
vnni512: 'no'
avx512icl: 'no'
altivec: 'no'
vsx: 'no'
neon: 'yes'
dotprod: 'yes'
arm_version: '8'
lsx: 'no'
lasx: 'no'
syzygy: 'yes'
target_windows: ''

Flags:
CXX: clang++
CXXFLAGS:  -Wall -Wcast-qual -fno-exceptions -std=c++17  -pedantic -Wextra -Wshadow -Wmissing-prototypes -Wconditional-uninitialized -flax-vector-conversions=none -fconstexpr-steps=500000000 -m64 -mmacosx-version-min=10.15 -arch arm64 -DNDEBUG -O3 -funroll-loops -mdynamic-no-pic -DIS_64BIT -DUSE_POPCNT -DUSE_NEON=8 -march=armv8.2-a+dotprod -DUSE_NEON_DOTPROD -DARCH=apple-silicon -flto=full -Xclang -mllvm -Xclang -inline-threshold=500
LDFLAGS:   -m64 -mmacosx-version-min=10.15 -arch arm64 -lpthread  -Wall -Wcast-qual -fno-exceptions -std=c++17  -pedantic -Wextra -Wshadow -Wmissing-prototypes -Wconditional-uninitialized -flax-vector-conversions=none -fconstexpr-steps=500000000 -m64 -mmacosx-version-min=10.15 -arch arm64 -DNDEBUG -O3 -funroll-loops -mdynamic-no-pic -DIS_64BIT -DUSE_POPCNT -DUSE_NEON=8 -march=armv8.2-a+dotprod -DUSE_NEON_DOTPROD -DARCH=apple-silicon -flto=full -Xclang -mllvm -Xclang -inline-threshold=500

Testing config sanity. If this fails, try 'make help' ...

/Applications/Xcode.app/Contents/Developer/usr/bin/make ARCH=apple-silicon COMP=clang all
clang++ -Wall -Wcast-qual -fno-exceptions -std=c++17 -pedantic -Wextra -Wshadow -Wmissing-prototypes -Wconditional-uninitialized -flax-vector-conversions=none -fconstexpr-steps=500000000 -m64 -mmacosx-version-min=10.15 -arch arm64 -DNDEBUG -O3 -funroll-loops -mdynamic-no-pic -DIS_64BIT -DUSE_POPCNT -DUSE_NEON=8 -march=armv8.2-a+dotprod -DUSE_NEON_DOTPROD -DARCH=apple-silicon -flto=full -Xclang -mllvm -Xclang -inline-threshold=500 -c -o attacks.o attacks.cpp
clang++ -Wall -Wcast-qual -fno-exceptions -std=c++17 -pedantic -Wextra -Wshadow -Wmissing-prototypes -Wconditional-uninitialized -flax-vector-conversions=none -fconstexpr-steps=500000000 -m64 -mmacosx-version-min=10.15 -arch arm64 -DNDEBUG -O3 -funroll-loops -mdynamic-no-pic -DIS_64BIT -DUSE_POPCNT -DUSE_NEON=8 -march=armv8.2-a+dotprod -DUSE_NEON_DOTPROD -DARCH=apple-silicon -flto=full -Xclang -mllvm -Xclang -inline-threshold=500 -c -o benchmark.o benchmark.cpp
clang++ -Wall -Wcast-qual -fno-exceptions -std=c++17 -pedantic -Wextra -Wshadow -Wmissing-prototypes -Wconditional-uninitialized -flax-vector-conversions=none -fconstexpr-steps=500000000 -m64 -mmacosx-version-min=10.15 -arch arm64 -DNDEBUG -O3 -funroll-loops -mdynamic-no-pic -DIS_64BIT -DUSE_POPCNT -DUSE_NEON=8 -march=armv8.2-a+dotprod -DUSE_NEON_DOTPROD -DARCH=apple-silicon -flto=full -Xclang -mllvm -Xclang -inline-threshold=500 -c -o bitboard.o bitboard.cpp
clang++ -Wall -Wcast-qual -fno-exceptions -std=c++17 -pedantic -Wextra -Wshadow -Wmissing-prototypes -Wconditional-uninitialized -flax-vector-conversions=none -fconstexpr-steps=500000000 -m64 -mmacosx-version-min=10.15 -arch arm64 -DNDEBUG -O3 -funroll-loops -mdynamic-no-pic -DIS_64BIT -DUSE_POPCNT -DUSE_NEON=8 -march=armv8.2-a+dotprod -DUSE_NEON_DOTPROD -DARCH=apple-silicon -flto=full -Xclang -mllvm -Xclang -inline-threshold=500 -c -o evaluate.o evaluate.cpp
clang++ -Wall -Wcast-qual -fno-exceptions -std=c++17 -pedantic -Wextra -Wshadow -Wmissing-prototypes -Wconditional-uninitialized -flax-vector-conversions=none -fconstexpr-steps=500000000 -m64 -mmacosx-version-min=10.15 -arch arm64 -DNDEBUG -O3 -funroll-loops -mdynamic-no-pic -DIS_64BIT -DUSE_POPCNT -DUSE_NEON=8 -march=armv8.2-a+dotprod -DUSE_NEON_DOTPROD -DARCH=apple-silicon -flto=full -Xclang -mllvm -Xclang -inline-threshold=500 -c -o main.o main.cpp
clang++ -Wall -Wcast-qual -fno-exceptions -std=c++17 -pedantic -Wextra -Wshadow -Wmissing-prototypes -Wconditional-uninitialized -flax-vector-conversions=none -fconstexpr-steps=500000000 -m64 -mmacosx-version-min=10.15 -arch arm64 -DNDEBUG -O3 -funroll-loops -mdynamic-no-pic -DIS_64BIT -DUSE_POPCNT -DUSE_NEON=8 -march=armv8.2-a+dotprod -DUSE_NEON_DOTPROD -DARCH=apple-silicon -flto=full -Xclang -mllvm -Xclang -inline-threshold=500 -DGIT_SHA=031dfeb4 -DGIT_DATE=20260913 -DGIT_DIFFINDEX=1 -c -o misc.o misc.cpp
In file included from benchmark.cpp:19:
In file included from ./benchmark.h:22:
In file included from /Applications/Xcode.app/Contents/Developer/Platforms/MacOSX.platform/Developer/SDKs/MacOSX.sdk/usr/include/c++/v1/iosfwd:111:
In file included from /Applications/Xcode.app/Contents/Developer/Platforms/MacOSX.platform/Developer/SDKs/MacOSX.sdk/usr/include/c++/v1/__config:15:
/Applications/Xcode.app/Contents/Developer/Platforms/MacOSX.platform/Developer/SDKs/MacOSX.sdk/usr/include/c++/v1/__configuration/availability.h:204:4: warning: "The selected platform is no longer supported by libc++." [-W#warnings]
In file included from main.cppIn file included from evaluate.cpp  204In file included from In file included from bitboard.cpp:19:19:
In file included from  | #  In file included from misc.cpp::19:
19:
In file included from /Applications/Xcode.app/Contents/Developer/Platforms/MacOSX.platform/Developer/SDKs/MacOSX.sdk/usr/include/c++/v1/iostream:attacks.cpp:19:
./evaluate.h:22war:
39:
In file included from ninIn file included from :
In file included from /Applications/Xcode.app/Contents/Developer/Platforms/MacOSX.platform/Developer/SDKs/MacOSX.sdk/usr/include/c++/v1/string./attacks.h:22:594:
In file included from /Applications/Xcode.app/Contents/Developer/Platforms/MacOSX.platform/Developer/SDKs/MacOSX.sdk/usr/include/c++/v1/cassert:
In file included from /Applications/Xcode.app/Contents/Developer/Platforms/MacOSX.platform/Developer/SDKs/MacOSX.sdk/usr/include/c++/v1/__algorithm/max.hIn file included from ./misc.h::22:
22:
In file included from /Applications/Xcode.app/Contents/Developer/Platforms/MacOSX.platform/Developer/SDKs/MacOSX.sdk/usr/include/c++/v1/algorithm:1840:
In file included from /Applications/Xcode.app/Contents/Developer/Platforms/MacOSX.platform/Developer/SDKs/MacOSX.sdk/usr/include/c++/v1/__config:15:
In file included from ./bitboard.h:22/Applications/Xcode.app/Contents/Developer/Platforms/MacOSX.platform/Developer/SDKs/MacOSX.sdk/usr/include/c++/v1/__config:15:
g:12:
In file included from /Applications/Xcode.app/Contents/Developer/Platforms/MacOSX.platform/Developer/SDKs/MacOSX.sdk/usr/include/c++/v1/__configuration/availability.h: "T204:he In file included from /Applications/Xcode.app/Contents/Developer/Platforms/MacOSX.platform/Developer/SDKs/MacOSX.sdk/usr/include/c++/v1/__config:154:
/Applications/Xcode.app/Contents/Developer/Platforms/MacOSX.platform/Developer/SDKs/MacOSX.sdk/usr/include/c++/v1/__configuration/availability.h:204/Applications/Xcode.app/Contents/Developer/Platforms/MacOSX.platform/Developer/SDKs/MacOSX.sdk/usr/include/c++/v1/__algorithm/comp.h:12:
In file included from /Applications/Xcode.app/Contents/Developer/Platforms/MacOSX.platform/Developer/SDKs/MacOSX.sdk/usr/include/c++/v1/__config:4: warning: /Applications/Xcode.app/Contents/Developer/Platforms/MacOSX.platform/Developer/SDKs/MacOSX.sdk/usr/include/c++/v1/__configuration/availability.h:204selec::t:15"The selected platform is no longer supported by libc++." [-W#warnings]
4 warning: "The selected platform is no longer supported by libc++." [-W#warnings]: warning: "The selected platform is no longer supported by libc++." [-W#warnings]
ed:
In file included from /Applications/Xcode.app/Contents/Developer/Platforms/MacOSX.platform/Developer/SDKs/MacOSX.sdk/usr/include/c++/v1/algorithm: p  204l  atf | #  204 | #
  orm:
/Applications/Xcode.app/Contents/Developer/Platforms/MacOSX.platform/Developer/SDKs/MacOSX.sdk/usr/include/c++/v1/__configuration/availability.h:204:4  w: warning: "The selected platform is no longer supported by libc++." [-W#warnings] is warnin204 | 
  204 | # 1840arn:
In file included from /Applications/Xcode.app/Contents/Developer/Platforms/MacOSX.platform/Developer/SDKs/MacOSX.sdk/usr/include/c++/v1/__configo lingong:15:
 wa/Applications/Xcode.app/Contents/Developer/Platforms/MacOSX.platform/Developer/SDKs/MacOSX.sdk/usr/include/c++/v1/__configuration/availability.h:204 "The: nrni#ng "4: warning: "The selected platform is no longer supported by libc++." [-W#warnings]
e  wg arninThesele"r su  T ppcted204 | #he se  waos rteplrg "niatfoTheld byng " libe The cectelecselted ++."d pseleplatflec
atfr      torem|    ^orm im
ctd ped s nlat ios no  loform ips no longnloner sger sulatform pporteuppisd by lgeribc+ no longer+ sort."
ed b is y no s      |    ^
upporupportelibtedd by by libc+ +."libc++."
      | c++."
      |    ^
 lon   ^
ger supported by libc++."
      |    ^

      |    ^
1 warning generated.
clang++ -Wall -Wcast-qual -fno-exceptions -std=c++17 -pedantic -Wextra -Wshadow -Wmissing-prototypes -Wconditional-uninitialized -flax-vector-conversions=none -fconstexpr-steps=500000000 -m64 -mmacosx-version-min=10.15 -arch arm64 -DNDEBUG -O3 -funroll-loops -mdynamic-no-pic -DIS_64BIT -DUSE_POPCNT -DUSE_NEON=8 -march=armv8.2-a+dotprod -DUSE_NEON_DOTPROD -DARCH=apple-silicon -flto=full -Xclang -mllvm -Xclang -inline-threshold=500 -c -o movegen.o movegen.cpp
In file included from movegen.cpp:19:
In file included from ./movegen.h:22:
In file included from /Applications/Xcode.app/Contents/Developer/Platforms/MacOSX.platform/Developer/SDKs/MacOSX.sdk/usr/include/c++/v1/algorithm:1840:
In file included from /Applications/Xcode.app/Contents/Developer/Platforms/MacOSX.platform/Developer/SDKs/MacOSX.sdk/usr/include/c++/v1/__config:15:
/Applications/Xcode.app/Contents/Developer/Platforms/MacOSX.platform/Developer/SDKs/MacOSX.sdk/usr/include/c++/v1/__configuration/availability.h:204:4: warning: "The selected platform is no longer supported by libc++." [-W#warnings]
  204 | #  warning "The selected platform is no longer supported by libc++."
      |    ^
1 warning generated.
clang++ -Wall -Wcast-qual -fno-exceptions -std=c++17 -pedantic -Wextra -Wshadow -Wmissing-prototypes -Wconditional-uninitialized -flax-vector-conversions=none -fconstexpr-steps=500000000 -m64 -mmacosx-version-min=10.15 -arch arm64 -DNDEBUG -O3 -funroll-loops -mdynamic-no-pic -DIS_64BIT -DUSE_POPCNT -DUSE_NEON=8 -march=armv8.2-a+dotprod -DUSE_NEON_DOTPROD -DARCH=apple-silicon -flto=full -Xclang -mllvm -Xclang -inline-threshold=500 -c -o movepick.o movepick.cpp
In file included from movepick.cpp:19:
In file included from ./movepick.h:22:
In file included from ./history.h:22:
In file included from /Applications/Xcode.app/Contents/Developer/Platforms/MacOSX.platform/Developer/SDKs/MacOSX.sdk/usr/include/c++/v1/algorithm:1840:
In file included from /Applications/Xcode.app/Contents/Developer/Platforms/MacOSX.platform/Developer/SDKs/MacOSX.sdk/usr/include/c++/v1/__config:15:
/Applications/Xcode.app/Contents/Developer/Platforms/MacOSX.platform/Developer/SDKs/MacOSX.sdk/usr/include/c++/v1/__configuration/availability.h:204:4: warning: "The selected platform is no longer supported by libc++." [-W#warnings]
  204 | #  warning "The selected platform is no longer supported by libc++."
      |    ^
1 warning generated.
clang++ -Wall -Wcast-qual -fno-exceptions -std=c++17 -pedantic -Wextra -Wshadow -Wmissing-prototypes -Wconditional-uninitialized -flax-vector-conversions=none -fconstexpr-steps=500000000 -m64 -mmacosx-version-min=10.15 -arch arm64 -DNDEBUG -O3 -funroll-loops -mdynamic-no-pic -DIS_64BIT -DUSE_POPCNT -DUSE_NEON=8 -march=armv8.2-a+dotprod -DUSE_NEON_DOTPROD -DARCH=apple-silicon -flto=full -Xclang -mllvm -Xclang -inline-threshold=500 -c -o position.o position.cpp
In file included from position.cpp:19:
In file included from ./position.h:22:
In file included from /Applications/Xcode.app/Contents/Developer/Platforms/MacOSX.platform/Developer/SDKs/MacOSX.sdk/usr/include/c++/v1/array:117:
In file included from /Applications/Xcode.app/Contents/Developer/Platforms/MacOSX.platform/Developer/SDKs/MacOSX.sdk/usr/include/c++/v1/__algorithm/equal.h:13:
In file included from /Applications/Xcode.app/Contents/Developer/Platforms/MacOSX.platform/Developer/SDKs/MacOSX.sdk/usr/include/c++/v1/__algorithm/comp.h:12:
In file included from /Applications/Xcode.app/Contents/Developer/Platforms/MacOSX.platform/Developer/SDKs/MacOSX.sdk/usr/include/c++/v1/__config:15:
/Applications/Xcode.app/Contents/Developer/Platforms/MacOSX.platform/Developer/SDKs/MacOSX.sdk/usr/include/c++/v1/__configuration/availability.h:204:4: warning: "The selected platform is no longer supported by libc++." [-W#warnings]
  204 | #  warning "The selected platform is no longer supported by libc++."
      |    ^
1 warning generated.
clang++ -Wall -Wcast-qual -fno-exceptions -std=c++17 -pedantic -Wextra -Wshadow -Wmissing-prototypes -Wconditional-uninitialized -flax-vector-conversions=none -fconstexpr-steps=500000000 -m64 -mmacosx-version-min=10.15 -arch arm64 -DNDEBUG -O3 -funroll-loops -mdynamic-no-pic -DIS_64BIT -DUSE_POPCNT -DUSE_NEON=8 -march=armv8.2-a+dotprod -DUSE_NEON_DOTPROD -DARCH=apple-silicon -flto=full -Xclang -mllvm -Xclang -inline-threshold=500 -c -o search.o search.cpp
In file included from search.cpp:19:
In file included from ./search.h:22:
In file included from /Applications/Xcode.app/Contents/Developer/Platforms/MacOSX.platform/Developer/SDKs/MacOSX.sdk/usr/include/c++/v1/algorithm:1840:
In file included from /Applications/Xcode.app/Contents/Developer/Platforms/MacOSX.platform/Developer/SDKs/MacOSX.sdk/usr/include/c++/v1/__config:15:
/Applications/Xcode.app/Contents/Developer/Platforms/MacOSX.platform/Developer/SDKs/MacOSX.sdk/usr/include/c++/v1/__configuration/availability.h:204:4: warning: "The selected platform is no longer supported by libc++." [-W#warnings]
  204 | #  warning "The selected platform is no longer supported by libc++."
      |    ^
1 warning generated.
clang++ -Wall -Wcast-qual -fno-exceptions -std=c++17 -pedantic -Wextra -Wshadow -Wmissing-prototypes -Wconditional-uninitialized -flax-vector-conversions=none -fconstexpr-steps=500000000 -m64 -mmacosx-version-min=10.15 -arch arm64 -DNDEBUG -O3 -funroll-loops -mdynamic-no-pic -DIS_64BIT -DUSE_POPCNT -DUSE_NEON=8 -march=armv8.2-a+dotprod -DUSE_NEON_DOTPROD -DARCH=apple-silicon -flto=full -Xclang -mllvm -Xclang -inline-threshold=500 -c -o thread.o thread.cpp
In file included from thread.cpp:19:
In file included from ./thread.h:22:
In file included from /Applications/Xcode.app/Contents/Developer/Platforms/MacOSX.platform/Developer/SDKs/MacOSX.sdk/usr/include/c++/v1/atomic:593:
In file included from /Applications/Xcode.app/Contents/Developer/Platforms/MacOSX.platform/Developer/SDKs/MacOSX.sdk/usr/include/c++/v1/__config:15:
/Applications/Xcode.app/Contents/Developer/Platforms/MacOSX.platform/Developer/SDKs/MacOSX.sdk/usr/include/c++/v1/__configuration/availability.h:204:4: warning: "The selected platform is no longer supported by libc++." [-W#warnings]
  204 | #  warning "The selected platform is no longer supported by libc++."
      |    ^
1 warning generated.
clang++ -Wall -Wcast-qual -fno-exceptions -std=c++17 -pedantic -Wextra -Wshadow -Wmissing-prototypes -Wconditional-uninitialized -flax-vector-conversions=none -fconstexpr-steps=500000000 -m64 -mmacosx-version-min=10.15 -arch arm64 -DNDEBUG -O3 -funroll-loops -mdynamic-no-pic -DIS_64BIT -DUSE_POPCNT -DUSE_NEON=8 -march=armv8.2-a+dotprod -DUSE_NEON_DOTPROD -DARCH=apple-silicon -flto=full -Xclang -mllvm -Xclang -inline-threshold=500 -c -o timeman.o timeman.cpp
1 warning generated.
clang++ -Wall -Wcast-qual -fno-exceptions -std=c++17 -pedantic -Wextra -Wshadow -Wmissing-prototypes -Wconditional-uninitialized -flax-vector-conversions=none -fconstexpr-steps=500000000 -m64 -mmacosx-version-min=10.15 -arch arm64 -DNDEBUG -O3 -funroll-loops -mdynamic-no-pic -DIS_64BIT -DUSE_POPCNT -DUSE_NEON=8 -march=armv8.2-a+dotprod -DUSE_NEON_DOTPROD -DARCH=apple-silicon -flto=full -Xclang -mllvm -Xclang -inline-threshold=500 -c -o tt.o tt.cpp
In file included from timeman.cpp:19:
In file included from ./timeman.h:23:
In file included from /Applications/Xcode.app/Contents/Developer/Platforms/MacOSX.platform/Developer/SDKs/MacOSX.sdk/usr/include/c++/v1/limits:108:
In file included from /Applications/Xcode.app/Contents/Developer/Platforms/MacOSX.platform/Developer/SDKs/MacOSX.sdk/usr/include/c++/v1/__config:15:
/Applications/Xcode.app/Contents/Developer/Platforms/MacOSX.platform/Developer/SDKs/MacOSX.sdk/usr/include/c++/v1/__configuration/availability.h:204:4: warning: "The selected platform is no longer supported by libc++." [-W#warnings]
  204 | #  warning "The selected platform is no longer supported by libc++."
      |    ^
In file included from tt.cpp:19:
In file included from ./tt.h:22:
In file included from /Applications/Xcode.app/Contents/Developer/Platforms/MacOSX.platform/Developer/SDKs/MacOSX.sdk/usr/include/c++/v1/tuple:221:
In file included from /Applications/Xcode.app/Contents/Developer/Platforms/MacOSX.platform/Developer/SDKs/MacOSX.sdk/usr/include/c++/v1/__compare/common_comparison_category.h:12:
In file included from /Applications/Xcode.app/Contents/Developer/Platforms/MacOSX.platform/Developer/SDKs/MacOSX.sdk/usr/include/c++/v1/__compare/ordering.h:12:
In file included from /Applications/Xcode.app/Contents/Developer/Platforms/MacOSX.platform/Developer/SDKs/MacOSX.sdk/usr/include/c++/v1/__config:15:
/Applications/Xcode.app/Contents/Developer/Platforms/MacOSX.platform/Developer/SDKs/MacOSX.sdk/usr/include/c++/v1/__configuration/availability.h:204:4: warning: "The selected platform is no longer supported by libc++." [-W#warnings]
  204 | #  warning "The selected platform is no longer supported by libc++."
      |    ^
1 warning generated.
clang++ -Wall -Wcast-qual -fno-exceptions -std=c++17 -pedantic -Wextra -Wshadow -Wmissing-prototypes -Wconditional-uninitialized -flax-vector-conversions=none -fconstexpr-steps=500000000 -m64 -mmacosx-version-min=10.15 -arch arm64 -DNDEBUG -O3 -funroll-loops -mdynamic-no-pic -DIS_64BIT -DUSE_POPCNT -DUSE_NEON=8 -march=armv8.2-a+dotprod -DUSE_NEON_DOTPROD -DARCH=apple-silicon -flto=full -Xclang -mllvm -Xclang -inline-threshold=500 -c -o uci.o uci.cpp
In file included from uci.cpp:19:
In file included from ./uci.h:22:
In file included from /Applications/Xcode.app/Contents/Developer/Platforms/MacOSX.platform/Developer/SDKs/MacOSX.sdk/usr/include/c++/v1/iostream:39:
In file included from /Applications/Xcode.app/Contents/Developer/Platforms/MacOSX.platform/Developer/SDKs/MacOSX.sdk/usr/include/c++/v1/__config:15:
/Applications/Xcode.app/Contents/Developer/Platforms/MacOSX.platform/Developer/SDKs/MacOSX.sdk/usr/include/c++/v1/__configuration/availability.h:204:4: warning: "The selected platform is no longer supported by libc++." [-W#warnings]
  204 | #  warning "The selected platform is no longer supported by libc++."
      |    ^
1 warning generated.
clang++ -Wall -Wcast-qual -fno-exceptions -std=c++17 -pedantic -Wextra -Wshadow -Wmissing-prototypes -Wconditional-uninitialized -flax-vector-conversions=none -fconstexpr-steps=500000000 -m64 -mmacosx-version-min=10.15 -arch arm64 -DNDEBUG -O3 -funroll-loops -mdynamic-no-pic -DIS_64BIT -DUSE_POPCNT -DUSE_NEON=8 -march=armv8.2-a+dotprod -DUSE_NEON_DOTPROD -DARCH=apple-silicon -flto=full -Xclang -mllvm -Xclang -inline-threshold=500 -c -o ucioption.o ucioption.cpp
In file included from ucioption.cpp:19:
In file included from ./ucioption.h:22:
In file included from /Applications/Xcode.app/Contents/Developer/Platforms/MacOSX.platform/Developer/SDKs/MacOSX.sdk/usr/include/c++/v1/functional:535:
In file included from /Applications/Xcode.app/Contents/Developer/Platforms/MacOSX.platform/Developer/SDKs/MacOSX.sdk/usr/include/c++/v1/__config:15:
/Applications/Xcode.app/Contents/Developer/Platforms/MacOSX.platform/Developer/SDKs/MacOSX.sdk/usr/include/c++/v1/__configuration/availability.h:204:4: warning: "The selected platform is no longer supported by libc++." [-W#warnings]
  204 | #  warning "The selected platform is no longer supported by libc++."
      |    ^
1 warning generated.
clang++ -Wall -Wcast-qual -fno-exceptions -std=c++17 -pedantic -Wextra -Wshadow -Wmissing-prototypes -Wconditional-uninitialized -flax-vector-conversions=none -fconstexpr-steps=500000000 -m64 -mmacosx-version-min=10.15 -arch arm64 -DNDEBUG -O3 -funroll-loops -mdynamic-no-pic -DIS_64BIT -DUSE_POPCNT -DUSE_NEON=8 -march=armv8.2-a+dotprod -DUSE_NEON_DOTPROD -DARCH=apple-silicon -flto=full -Xclang -mllvm -Xclang -inline-threshold=500 -c -o tune.o tune.cpp
In file included from tune.cpp:19:
In file included from ./tune.h:22:
In file included from /Applications/Xcode.app/Contents/Developer/Platforms/MacOSX.platform/Developer/SDKs/MacOSX.sdk/usr/include/c++/v1/memory:943:
In file included from /Applications/Xcode.app/Contents/Developer/Platforms/MacOSX.platform/Developer/SDKs/MacOSX.sdk/usr/include/c++/v1/__config:15:
/Applications/Xcode.app/Contents/Developer/Platforms/MacOSX.platform/Developer/SDKs/MacOSX.sdk/usr/include/c++/v1/__configuration/availability.h:204:4: warning: "The selected platform is no longer supported by libc++." [-W#warnings]
  204 | #  warning "The selected platform is no longer supported by libc++."
      |    ^
1 warning generated.
clang++ -Wall -Wcast-qual -fno-exceptions -std=c++17 -pedantic -Wextra -Wshadow -Wmissing-prototypes -Wconditional-uninitialized -flax-vector-conversions=none -fconstexpr-steps=500000000 -m64 -mmacosx-version-min=10.15 -arch arm64 -DNDEBUG -O3 -funroll-loops -mdynamic-no-pic -DIS_64BIT -DUSE_POPCNT -DUSE_NEON=8 -march=armv8.2-a+dotprod -DUSE_NEON_DOTPROD -DARCH=apple-silicon -flto=full -Xclang -mllvm -Xclang -inline-threshold=500 -c -o tbprobe.o syzygy/tbprobe.cpp
In file included from syzygy/tbprobe.cpp:19:
In file included from syzygy/tbprobe.h:22:
In file included from /Applications/Xcode.app/Contents/Developer/Platforms/MacOSX.platform/Developer/SDKs/MacOSX.sdk/usr/include/c++/v1/functional:535:
In file included from /Applications/Xcode.app/Contents/Developer/Platforms/MacOSX.platform/Developer/SDKs/MacOSX.sdk/usr/include/c++/v1/__config:15:
/Applications/Xcode.app/Contents/Developer/Platforms/MacOSX.platform/Developer/SDKs/MacOSX.sdk/usr/include/c++/v1/__configuration/availability.h:204:4: warning: "The selected platform is no longer supported by libc++." [-W#warnings]
  204 | #  warning "The selected platform is no longer supported by libc++."
      |    ^
1 warning generated.
clang++ -Wall -Wcast-qual -fno-exceptions -std=c++17 -pedantic -Wextra -Wshadow -Wmissing-prototypes -Wconditional-uninitialized -flax-vector-conversions=none -fconstexpr-steps=500000000 -m64 -mmacosx-version-min=10.15 -arch arm64 -DNDEBUG -O3 -funroll-loops -mdynamic-no-pic -DIS_64BIT -DUSE_POPCNT -DUSE_NEON=8 -march=armv8.2-a+dotprod -DUSE_NEON_DOTPROD -DARCH=apple-silicon -flto=full -Xclang -mllvm -Xclang -inline-threshold=500 -c -o nnue_accumulator.o nnue/nnue_accumulator.cpp
In file included from nnue/nnue_accumulator.cpp:19:
In file included from nnue/nnue_accumulator.h:24:
In file included from /Applications/Xcode.app/Contents/Developer/Platforms/MacOSX.platform/Developer/SDKs/MacOSX.sdk/usr/include/c++/v1/array:117:
In file included from /Applications/Xcode.app/Contents/Developer/Platforms/MacOSX.platform/Developer/SDKs/MacOSX.sdk/usr/include/c++/v1/__algorithm/equal.h:13:
In file included from /Applications/Xcode.app/Contents/Developer/Platforms/MacOSX.platform/Developer/SDKs/MacOSX.sdk/usr/include/c++/v1/__algorithm/comp.h:12:
In file included from /Applications/Xcode.app/Contents/Developer/Platforms/MacOSX.platform/Developer/SDKs/MacOSX.sdk/usr/include/c++/v1/__config:15:
/Applications/Xcode.app/Contents/Developer/Platforms/MacOSX.platform/Developer/SDKs/MacOSX.sdk/usr/include/c++/v1/__configuration/availability.h:204:4: warning: "The selected platform is no longer supported by libc++." [-W#warnings]
  204 | #  warning "The selected platform is no longer supported by libc++."
      |    ^
1 warning generated.
clang++ -Wall -Wcast-qual -fno-exceptions -std=c++17 -pedantic -Wextra -Wshadow -Wmissing-prototypes -Wconditional-uninitialized -flax-vector-conversions=none -fconstexpr-steps=500000000 -m64 -mmacosx-version-min=10.15 -arch arm64 -DNDEBUG -O3 -funroll-loops -mdynamic-no-pic -DIS_64BIT -DUSE_POPCNT -DUSE_NEON=8 -march=armv8.2-a+dotprod -DUSE_NEON_DOTPROD -DARCH=apple-silicon -flto=full -Xclang -mllvm -Xclang -inline-threshold=500 -c -o nnue_misc.o nnue/nnue_misc.cpp
1 warning generated.
clang++ -Wall -Wcast-qual -fno-exceptions -std=c++17 -pedantic -Wextra -Wshadow -Wmissing-prototypes -Wconditional-uninitialized -flax-vector-conversions=none -fconstexpr-steps=500000000 -m64 -mmacosx-version-min=10.15 -arch arm64 -DNDEBUG -O3 -funroll-loops -mdynamic-no-pic -DIS_64BIT -DUSE_POPCNT -DUSE_NEON=8 -march=armv8.2-a+dotprod -DUSE_NEON_DOTPROD -DARCH=apple-silicon -flto=full -Xclang -mllvm -Xclang -inline-threshold=500 -c -o network.o nnue/network.cpp
In file included from nnue/nnue_misc.cpp:21:
In file included from nnue/nnue_misc.h:22:
In file included from /Applications/Xcode.app/Contents/Developer/Platforms/MacOSX.platform/Developer/SDKs/MacOSX.sdk/usr/include/c++/v1/string:594:
In file included from /Applications/Xcode.app/Contents/Developer/Platforms/MacOSX.platform/Developer/SDKs/MacOSX.sdk/usr/include/c++/v1/__algorithm/max.h:12:
In file included from /Applications/Xcode.app/Contents/Developer/Platforms/MacOSX.platform/Developer/SDKs/MacOSX.sdk/usr/include/c++/v1/__algorithm/comp.h:12:
In file included from /Applications/Xcode.app/Contents/Developer/Platforms/MacOSX.platform/Developer/SDKs/MacOSX.sdk/usr/include/c++/v1/__config:15:
/Applications/Xcode.app/Contents/Developer/Platforms/MacOSX.platform/Developer/SDKs/MacOSX.sdk/usr/include/c++/v1/__configuration/availability.h:204:4: warning: "The selected platform is no longer supported by libc++." [-W#warnings]
  204 | #  warning "The selected platform is no longer supported by libc++."
      |    ^
In file included from nnue/network.cpp:19:
In file included from nnue/network.h:22:
In file included from /Applications/Xcode.app/Contents/Developer/Platforms/MacOSX.platform/Developer/SDKs/MacOSX.sdk/usr/include/c++/v1/functional:535:
In file included from /Applications/Xcode.app/Contents/Developer/Platforms/MacOSX.platform/Developer/SDKs/MacOSX.sdk/usr/include/c++/v1/__config:15:
/Applications/Xcode.app/Contents/Developer/Platforms/MacOSX.platform/Developer/SDKs/MacOSX.sdk/usr/include/c++/v1/__configuration/availability.h:204:4: warning: "The selected platform is no longer supported by libc++." [-W#warnings]
  204 | #  warning "The selected platform is no longer supported by libc++."
      |    ^
1 warning generated.
clang++ -Wall -Wcast-qual -fno-exceptions -std=c++17 -pedantic -Wextra -Wshadow -Wmissing-prototypes -Wconditional-uninitialized -flax-vector-conversions=none -fconstexpr-steps=500000000 -m64 -mmacosx-version-min=10.15 -arch arm64 -DNDEBUG -O3 -funroll-loops -mdynamic-no-pic -DIS_64BIT -DUSE_POPCNT -DUSE_NEON=8 -march=armv8.2-a+dotprod -DUSE_NEON_DOTPROD -DARCH=apple-silicon -flto=full -Xclang -mllvm -Xclang -inline-threshold=500 -c -o half_ka_v2_hm.o nnue/features/half_ka_v2_hm.cpp
In file included from nnue/features/half_ka_v2_hm.cpp:21:
In file included from nnue/features/half_ka_v2_hm.h:24:
In file included from nnue/features/../../misc.h:22:
In file included from /Applications/Xcode.app/Contents/Developer/Platforms/MacOSX.platform/Developer/SDKs/MacOSX.sdk/usr/include/c++/v1/algorithm:1840:
In file included from /Applications/Xcode.app/Contents/Developer/Platforms/MacOSX.platform/Developer/SDKs/MacOSX.sdk/usr/include/c++/v1/__config:15:
/Applications/Xcode.app/Contents/Developer/Platforms/MacOSX.platform/Developer/SDKs/MacOSX.sdk/usr/include/c++/v1/__configuration/availability.h:204:4: warning: "The selected platform is no longer supported by libc++." [-W#warnings]
  204 | #  warning "The selected platform is no longer supported by libc++."
      |    ^
1 warning generated.
clang++ -Wall -Wcast-qual -fno-exceptions -std=c++17 -pedantic -Wextra -Wshadow -Wmissing-prototypes -Wconditional-uninitialized -flax-vector-conversions=none -fconstexpr-steps=500000000 -m64 -mmacosx-version-min=10.15 -arch arm64 -DNDEBUG -O3 -funroll-loops -mdynamic-no-pic -DIS_64BIT -DUSE_POPCNT -DUSE_NEON=8 -march=armv8.2-a+dotprod -DUSE_NEON_DOTPROD -DARCH=apple-silicon -flto=full -Xclang -mllvm -Xclang -inline-threshold=500 -c -o full_threats.o nnue/features/full_threats.cpp
In file included from nnue/features/full_threats.cpp:21:
In file included from nnue/features/full_threats.h:22:
In file included from nnue/features/../../misc.h:22:
In file included from /Applications/Xcode.app/Contents/Developer/Platforms/MacOSX.platform/Developer/SDKs/MacOSX.sdk/usr/include/c++/v1/algorithm:1840:
In file included from /Applications/Xcode.app/Contents/Developer/Platforms/MacOSX.platform/Developer/SDKs/MacOSX.sdk/usr/include/c++/v1/__config:15:
/Applications/Xcode.app/Contents/Developer/Platforms/MacOSX.platform/Developer/SDKs/MacOSX.sdk/usr/include/c++/v1/__configuration/availability.h:204:4: warning: "The selected platform is no longer supported by libc++." [-W#warnings]
  204 | #  warning "The selected platform is no longer supported by libc++."
      |    ^
1 warning generated.
clang++ -Wall -Wcast-qual -fno-exceptions -std=c++17 -pedantic -Wextra -Wshadow -Wmissing-prototypes -Wconditional-uninitialized -flax-vector-conversions=none -fconstexpr-steps=500000000 -m64 -mmacosx-version-min=10.15 -arch arm64 -DNDEBUG -O3 -funroll-loops -mdynamic-no-pic -DIS_64BIT -DUSE_POPCNT -DUSE_NEON=8 -march=armv8.2-a+dotprod -DUSE_NEON_DOTPROD -DARCH=apple-silicon -flto=full -Xclang -mllvm -Xclang -inline-threshold=500 -c -o pp_3wide.o nnue/features/pp_3wide.cpp
1 warning generated.
clang++ -Wall -Wcast-qual -fno-exceptions -std=c++17 -pedantic -Wextra -Wshadow -Wmissing-prototypes -Wconditional-uninitialized -flax-vector-conversions=none -fconstexpr-steps=500000000 -m64 -mmacosx-version-min=10.15 -arch arm64 -DNDEBUG -O3 -funroll-loops -mdynamic-no-pic -DIS_64BIT -DUSE_POPCNT -DUSE_NEON=8 -march=armv8.2-a+dotprod -DUSE_NEON_DOTPROD -DARCH=apple-silicon -flto=full -Xclang -mllvm -Xclang -inline-threshold=500 -c -o engine.o engine.cpp
In file included from nnue/features/pp_3wide.cpp:19:
In file included from nnue/features/pp_3wide.h:22:
In file included from nnue/features/../../misc.h:22:
In file included from /Applications/Xcode.app/Contents/Developer/Platforms/MacOSX.platform/Developer/SDKs/MacOSX.sdk/usr/include/c++/v1/algorithm:1840:
In file included from /Applications/Xcode.app/Contents/Developer/Platforms/MacOSX.platform/Developer/SDKs/MacOSX.sdk/usr/include/c++/v1/__config:15:
/Applications/Xcode.app/Contents/Developer/Platforms/MacOSX.platform/Developer/SDKs/MacOSX.sdk/usr/include/c++/v1/__configuration/availability.h:204:4: warning: "The selected platform is no longer supported by libc++." [-W#warnings]
  204 | #  warning "The selected platform is no longer supported by libc++."
      |    ^
In file included from engine.cpp:19:
In file included from ./engine.h:22:
In file included from /Applications/Xcode.app/Contents/Developer/Platforms/MacOSX.platform/Developer/SDKs/MacOSX.sdk/usr/include/c++/v1/functional:535:
In file included from /Applications/Xcode.app/Contents/Developer/Platforms/MacOSX.platform/Developer/SDKs/MacOSX.sdk/usr/include/c++/v1/__config:15:
/Applications/Xcode.app/Contents/Developer/Platforms/MacOSX.platform/Developer/SDKs/MacOSX.sdk/usr/include/c++/v1/__configuration/availability.h:204:4: warning: "The selected platform is no longer supported by libc++." [-W#warnings]
  204 | #  warning "The selected platform is no longer supported by libc++."
      |    ^
1 warning generated.
clang++ -Wall -Wcast-qual -fno-exceptions -std=c++17 -pedantic -Wextra -Wshadow -Wmissing-prototypes -Wconditional-uninitialized -flax-vector-conversions=none -fconstexpr-steps=500000000 -m64 -mmacosx-version-min=10.15 -arch arm64 -DNDEBUG -O3 -funroll-loops -mdynamic-no-pic -DIS_64BIT -DUSE_POPCNT -DUSE_NEON=8 -march=armv8.2-a+dotprod -DUSE_NEON_DOTPROD -DARCH=apple-silicon -flto=full -Xclang -mllvm -Xclang -inline-threshold=500 -c -o score.o score.cpp
In file included from score.cpp:19:
In file included from ./score.h:22:
In file included from /Applications/Xcode.app/Contents/Developer/Platforms/MacOSX.platform/Developer/SDKs/MacOSX.sdk/usr/include/c++/v1/variant:218:
In file included from /Applications/Xcode.app/Contents/Developer/Platforms/MacOSX.platform/Developer/SDKs/MacOSX.sdk/usr/include/c++/v1/__compare/common_comparison_category.h:12:
In file included from /Applications/Xcode.app/Contents/Developer/Platforms/MacOSX.platform/Developer/SDKs/MacOSX.sdk/usr/include/c++/v1/__compare/ordering.h:12:
In file included from /Applications/Xcode.app/Contents/Developer/Platforms/MacOSX.platform/Developer/SDKs/MacOSX.sdk/usr/include/c++/v1/__config:15:
/Applications/Xcode.app/Contents/Developer/Platforms/MacOSX.platform/Developer/SDKs/MacOSX.sdk/usr/include/c++/v1/__configuration/availability.h:204:4: warning: "The selected platform is no longer supported by libc++." [-W#warnings]
  204 | #  warning "The selected platform is no longer supported by libc++."
      |    ^
1 warning generated.
clang++ -Wall -Wcast-qual -fno-exceptions -std=c++17 -pedantic -Wextra -Wshadow -Wmissing-prototypes -Wconditional-uninitialized -flax-vector-conversions=none -fconstexpr-steps=500000000 -m64 -mmacosx-version-min=10.15 -arch arm64 -DNDEBUG -O3 -funroll-loops -mdynamic-no-pic -DIS_64BIT -DUSE_POPCNT -DUSE_NEON=8 -march=armv8.2-a+dotprod -DUSE_NEON_DOTPROD -DARCH=apple-silicon -flto=full -Xclang -mllvm -Xclang -inline-threshold=500 -c -o memory.o memory.cpp
In file included from memory.cpp:19:
In file included from ./memory.h:22:
In file included from /Applications/Xcode.app/Contents/Developer/Platforms/MacOSX.platform/Developer/SDKs/MacOSX.sdk/usr/include/c++/v1/algorithm:1840:
In file included from /Applications/Xcode.app/Contents/Developer/Platforms/MacOSX.platform/Developer/SDKs/MacOSX.sdk/usr/include/c++/v1/__config:15:
/Applications/Xcode.app/Contents/Developer/Platforms/MacOSX.platform/Developer/SDKs/MacOSX.sdk/usr/include/c++/v1/__configuration/availability.h:204:4: warning: "The selected platform is no longer supported by libc++." [-W#warnings]
  204 | #  warning "The selected platform is no longer supported by libc++."
      |    ^
1 warning generated.
1 warning generated.
1 warning generated.
1 warning generated.
1 warning generated.
1 warning generated.
clang++ -o stockfish attacks.o benchmark.o bitboard.o evaluate.o main.o misc.o movegen.o movepick.o position.o search.o thread.o timeman.o tt.o uci.o ucioption.o tune.o tbprobe.o nnue_accumulator.o nnue_misc.o network.o half_ka_v2_hm.o full_threats.o pp_3wide.o engine.o score.o memory.o   -m64 -mmacosx-version-min=10.15 -arch arm64 -lpthread  -Wall -Wcast-qual -fno-exceptions -std=c++17  -pedantic -Wextra -Wshadow -Wmissing-prototypes -Wconditional-uninitialized -flax-vector-conversions=none -fconstexpr-steps=500000000 -m64 -mmacosx-version-min=10.15 -arch arm64 -DNDEBUG -O3 -funroll-loops -mdynamic-no-pic -DIS_64BIT -DUSE_POPCNT -DUSE_NEON=8 -march=armv8.2-a+dotprod -DUSE_NEON_DOTPROD -DARCH=apple-silicon -flto=full -Xclang -mllvm -Xclang -inline-threshold=500
