00-replay-positive: still_fail_low, localnodes +4, rootnodes +2694
00-replay-nonpositive: still_fail_low, localnodes +0, rootnodes +0
01-replay-positive: still_fail_low, localnodes +0, rootnodes +0
01-replay-nonpositive: still_fail_low, localnodes +0, rootnodes +0
02-replay-positive: still_fail_low, localnodes +1, rootnodes +1306
02-replay-nonpositive: still_fail_low, localnodes +3, rootnodes -11944
03-replay-positive: still_fail_low, localnodes +0, rootnodes +0
03-replay-nonpositive: still_fail_low, localnodes +0, rootnodes +0
04-replay-positive: still_fail_low, localnodes +0, rootnodes +0
04-replay-nonpositive: still_fail_low, localnodes +0, rootnodes +0
05-replay-positive: still_fail_low, localnodes +4, rootnodes -780
05-replay-nonpositive: still_fail_low, localnodes +0, rootnodes +0
06-replay-positive: still_fail_low, localnodes +2, rootnodes +11738
06-replay-nonpositive: still_fail_low, localnodes +0, rootnodes +0
07-replay-positive: still_fail_low, localnodes +0, rootnodes +0
07-replay-nonpositive: still_fail_low, localnodes +0, rootnodes +0
08-replay-positive: still_fail_low, localnodes +0, rootnodes +0
08-replay-nonpositive: still_fail_low, localnodes +0, rootnodes +0
09-replay-positive: still_fail_low, localnodes +0, rootnodes +0
09-replay-nonpositive: still_fail_low, localnodes +0, rootnodes +0
10-replay-positive: still_fail_low, localnodes +8, rootnodes -5772
10-replay-nonpositive: still_fail_low, localnodes +0, rootnodes +0
11-replay-positive: still_fail_low, localnodes +0, rootnodes +0
11-replay-nonpositive: still_fail_low, localnodes +0, rootnodes +0
12-replay-positive: still_fail_low, localnodes +39, rootnodes -91
12-replay-nonpositive: still_fail_low, localnodes +0, rootnodes +0
13-replay-positive: still_fail_low, localnodes +9, rootnodes -3423
13-replay-nonpositive: still_fail_low, localnodes +0, rootnodes +0
14-replay-positive: still_fail_low, localnodes +0, rootnodes +34296
14-replay-nonpositive: still_fail_low, localnodes +0, rootnodes +0
15-replay-positive: still_fail_low, localnodes +0, rootnodes +0
15-replay-nonpositive: still_fail_low, localnodes +0, rootnodes +0
16-replay-positive: still_fail_low, localnodes +0, rootnodes +0
16-replay-nonpositive: still_fail_low, localnodes +3, rootnodes +3093
17-replay-positive: still_fail_low, localnodes +0, rootnodes -6249
17-replay-nonpositive: still_fail_low, localnodes +0, rootnodes +0
18-replay-positive: still_fail_low, localnodes +13, rootnodes -4135
18-replay-nonpositive: still_fail_low, localnodes +1, rootnodes -15023
19-replay-positive: still_fail_low, localnodes +0, rootnodes +0
19-replay-nonpositive: still_fail_low, localnodes +2, rootnodes -135
20-replay-positive: still_fail_low, localnodes +0, rootnodes +0
20-replay-nonpositive: still_fail_low, localnodes +0, rootnodes +0
21-replay-positive: still_fail_low, localnodes +0, rootnodes +0
21-replay-nonpositive: still_fail_low, localnodes +0, rootnodes +0
22-replay-positive: still_fail_low, localnodes +0, rootnodes +0
22-replay-nonpositive: still_fail_low, localnodes +0, rootnodes +0
23-replay-positive: still_fail_low, localnodes +0, rootnodes +0
23-replay-nonpositive: still_fail_low, localnodes +0, rootnodes +0
24-replay-positive: still_fail_low, localnodes +0, rootnodes +0
24-replay-nonpositive: still_fail_low, localnodes +6, rootnodes -825
25-replay-positive: still_fail_low, localnodes +0, rootnodes +0
25-replay-nonpositive: still_fail_low, localnodes +0, rootnodes +0
26-replay-positive: still_fail_low, localnodes +0, rootnodes +0
26-replay-nonpositive: still_fail_low, localnodes +0, rootnodes +0
27-replay-positive: still_fail_low, localnodes +51, rootnodes -142
27-replay-nonpositive: still_fail_low, localnodes +0, rootnodes +0
28-replay-positive: still_fail_low, localnodes +0, rootnodes +0
28-replay-nonpositive: still_fail_low, localnodes +0, rootnodes +0
29-replay-positive: still_fail_low, localnodes +0, rootnodes +0
29-replay-nonpositive: still_fail_low, localnodes +0, rootnodes +0
30-replay-positive: still_fail_low, localnodes +0, rootnodes +0
30-replay-nonpositive: still_fail_low, localnodes +0, rootnodes +0
31-replay-positive: still_fail_low, localnodes -2, rootnodes -260
31-replay-nonpositive: still_fail_low, localnodes +1, rootnodes +1
32-replay-positive: still_fail_low, localnodes +0, rootnodes +0
32-replay-nonpositive: still_fail_low, localnodes +0, rootnodes +0
33-replay-positive: still_fail_low, localnodes +0, rootnodes +0
33-replay-nonpositive: still_fail_low, localnodes +0, rootnodes +0
34-replay-positive: still_fail_low, localnodes +0, rootnodes +0
34-replay-nonpositive: still_fail_low, localnodes +0, rootnodes +0
35-replay-positive: still_fail_low, localnodes +1, rootnodes +6797
35-replay-nonpositive: still_fail_low, localnodes +0, rootnodes +0
36-replay-positive: still_fail_low, localnodes +0, rootnodes -2594
36-replay-nonpositive: still_fail_low, localnodes +0, rootnodes +0
37-replay-positive: still_fail_low, localnodes +0, rootnodes +0
37-replay-nonpositive: still_fail_low, localnodes +0, rootnodes +0
38-replay-positive: still_fail_low, localnodes +0, rootnodes +0
38-replay-nonpositive: still_fail_low, localnodes +0, rootnodes +0
39-replay-positive: still_fail_low, localnodes +0, rootnodes +0
39-replay-nonpositive: still_fail_low, localnodes +4, rootnodes -35928
40-replay-positive: still_fail_low, localnodes +0, rootnodes +0
40-replay-nonpositive: still_fail_low, localnodes +0, rootnodes +0
41-replay-positive: still_fail_low, localnodes +0, rootnodes +0
41-replay-nonpositive: still_fail_low, localnodes +0, rootnodes +0
42-replay-positive: still_fail_low, localnodes +0, rootnodes +0
42-replay-nonpositive: still_fail_low, localnodes +0, rootnodes +0
43-replay-positive: still_fail_low, localnodes +0, rootnodes +0
43-replay-nonpositive: still_fail_low, localnodes +0, rootnodes +0
44-replay-positive: still_fail_low, localnodes +0, rootnodes +0
44-replay-nonpositive: still_fail_low, localnodes +0, rootnodes +0
45-replay-positive: still_fail_low, localnodes +0, rootnodes +0
45-replay-nonpositive: still_fail_low, localnodes +0, rootnodes +0
46-replay-positive: still_fail_low, localnodes +0, rootnodes +0
46-replay-nonpositive: still_fail_low, localnodes +0, rootnodes +0
47-replay-positive: still_fail_low, localnodes +0, rootnodes +0
47-replay-nonpositive: still_fail_low, localnodes +2, rootnodes +13312
48-replay-positive: still_fail_low, localnodes +0, rootnodes -1610
48-replay-nonpositive: still_fail_low, localnodes +0, rootnodes +0
49-replay-positive: still_fail_low, localnodes +0, rootnodes +0
49-replay-nonpositive: still_fail_low, localnodes +0, rootnodes +0
50-replay-positive: still_fail_low, localnodes +0, rootnodes +0
50-replay-nonpositive: still_fail_low, localnodes +0, rootnodes +0
51-replay-positive: still_fail_low, localnodes +0, rootnodes +0
51-replay-nonpositive: still_fail_low, localnodes +0, rootnodes +0
52-replay-positive: still_fail_low, localnodes +0, rootnodes +0
52-replay-nonpositive: still_fail_low, localnodes +0, rootnodes +0
53-replay-positive: still_fail_low, localnodes +0, rootnodes +0
53-replay-nonpositive: still_fail_low, localnodes +0, rootnodes +0
54-replay-positive: still_fail_low, localnodes +0, rootnodes -8798
54-replay-nonpositive: still_fail_low, localnodes +1, rootnodes -7847
55-replay-positive: still_fail_low, localnodes +0, rootnodes +0
55-replay-nonpositive: still_fail_low, localnodes +0, rootnodes +0
56-replay-positive: still_fail_low, localnodes +0, rootnodes +0
56-replay-nonpositive: still_fail_low, localnodes +0, rootnodes +0
57-replay-positive: still_fail_low, localnodes +0, rootnodes +0
57-replay-nonpositive: still_fail_low, localnodes +0, rootnodes +0
58-replay-positive: still_fail_low, localnodes +0, rootnodes +0
58-replay-nonpositive: still_fail_low, localnodes +0, rootnodes +0
59-replay-positive: still_fail_low, localnodes +0, rootnodes +0
59-replay-nonpositive: still_fail_low, localnodes +0, rootnodes +0
60-replay-positive: still_fail_low, localnodes +0, rootnodes +0
60-replay-nonpositive: still_fail_low, localnodes +0, rootnodes +0
61-replay-positive: still_fail_low, localnodes +5, rootnodes +12030
61-replay-nonpositive: still_fail_low, localnodes +0, rootnodes +0
62-replay-positive: still_fail_low, localnodes +0, rootnodes +0
62-replay-nonpositive: still_fail_low, localnodes +0, rootnodes +0
63-replay-positive: still_fail_low, localnodes +0, rootnodes +0
63-replay-nonpositive: still_fail_low, localnodes +0, rootnodes -486
