
Position: 1/1 (r1bqk2r/pp2ppbp/3p1np1/8/3nP3/1BN1B3/PPP2PPP/R2QK2R w KQkq - 0 9)
LMR,4,1,3,3,17,-1276,0,1,0,0,0,-236,-235,-238,-124,-222,-235,2,8
LMR,4,1,3,3,15,-1276,0,1,0,0,0,-200,-199,-207,-124,-159,-169,2,7
LMR,3,1,2,2,4,-5242,0,0,0,0,0,-97,-96,-109,-127,-61,-9,1,3
LMR,4,1,3,3,2,6033,0,1,0,0,0,96,97,75,116,112,30,2,8
LMR,4,1,3,3,3,2320,0,0,0,0,0,87,88,43,-8,92,92,3,13
LMR,4,1,3,3,2,6272,0,1,0,0,0,-88,-87,-134,-137,-87,-71,4,7
LMR,4,1,3,4,3,-6247,0,0,0,0,0,87,88,61,55,137,74,4,13
LMR,4,1,3,4,5,-143,0,0,0,0,0,87,88,74,55,187,88,1,7
LMR,5,1,4,4,5,-4003,0,1,0,0,0,-88,-87,-88,-63,-55,-88,2,30
LMR,4,2,3,3,2,5952,0,0,0,0,0,-92,-91,-135,-144,-83,-83,14,14
LMR,4,1,3,4,3,-102,0,1,0,0,0,91,92,47,100,144,84,1,30
LMR,4,1,3,3,2,9849,0,1,0,0,0,91,92,74,132,92,79,2,7
LMR,3,1,2,2,7,-6094,0,1,0,0,1,-92,-91,-112,-74,-91,-91,3,4
LMR,6,1,5,5,2,-196,0,1,0,0,0,-83,-82,-109,111,-61,-83,1,22
LMR,6,1,5,5,9,-4971,0,1,0,0,0,-83,-82,-83,111,-48,-82,1,22
LMR,5,1,4,4,5,-1276,0,1,0,0,0,-83,-82,-83,-4,-43,-56,5,9
LMR,7,5,6,7,2,-10258,0,0,0,0,1,82,83,-115,-158,113,106,3,2
LMR,7,1,6,7,11,-10282,0,1,0,0,1,-83,-82,-98,-98,158,-103,1,7
LMR,9,7,8,8,2,-15193,0,0,0,0,1,82,83,62,65,98,98,14,21
LMR,5,1,4,4,2,10108,0,1,0,0,0,91,92,87,215,99,99,2,11
LMR,5,1,4,4,4,478,0,1,0,0,0,91,92,62,203,92,84,6,10
LMR,5,1,4,4,5,-17159,0,1,0,1,0,91,92,84,203,102,100,4,10
LMR,4,1,3,4,4,1609,0,1,0,0,0,96,97,66,146,153,97,2,10
LMR,4,1,3,2,2,7981,0,1,0,0,0,96,97,93,138,97,97,2,6
LMR,7,2,6,5,2,5375,0,1,0,0,1,96,97,96,212,97,97,4,8
LMR,3,1,2,2,2,17209,0,1,0,0,0,102,103,51,209,103,103,6,4
LMR,5,1,4,3,9,-8516,0,1,0,0,0,-120,-119,-124,-44,-119,-102,4,12
LMR,5,1,4,4,4,-7771,0,1,0,0,0,-120,-119,-142,-73,-119,-119,5,13
LMR,5,1,4,4,2,-6238,0,1,0,0,0,-120,-119,-120,-82,-110,-120,2,8
LMR,8,1,7,7,2,-14068,0,1,0,0,0,130,131,125,195,156,131,1,16
LMR,5,1,4,4,2,8050,0,1,0,0,0,130,131,97,269,131,131,2,3
LMR,3,1,2,3,2,-2597,0,0,0,0,0,-124,-123,-234,-131,-123,-123,6,11
LMR,3,1,2,3,6,-13986,0,1,0,1,0,123,124,114,184,198,123,4,23
LMR,3,1,2,2,8,-1250,0,1,1,0,0,123,124,123,184,140,142,7,4
LMR,6,1,5,5,3,7357,0,1,0,0,0,136,137,136,246,155,137,1,15
LMR,3,1,2,2,10,-1051,0,1,1,0,0,136,137,102,164,146,236,2,5
LMR,5,1,4,4,6,-8599,0,1,0,0,0,136,137,130,264,148,152,1,18
LMR,4,1,3,4,2,23048,0,1,0,0,0,152,153,152,206,207,197,1,6
LMR,3,1,2,2,6,-1004,0,1,1,0,0,148,149,137,197,153,154,4,4
LMR,9,5,8,8,2,-3609,0,0,0,0,0,-160,-159,-172,-224,-150,-125,19,23
LMR,7,2,6,6,2,-519,0,1,0,0,1,159,160,131,248,160,160,3,27
LMR,4,1,3,4,2,-3554,0,1,0,0,0,-152,-151,-317,-121,-92,-151,1,5
LMR,3,1,2,3,2,5704,0,1,1,0,0,139,140,127,-444,204,162,6,3
LMR,8,2,7,7,6,-5575,0,1,0,0,1,-140,-139,-156,-93,-139,-138,7,23
LMR,5,1,4,5,2,2445,0,1,0,0,0,-140,-139,-165,-85,-88,-98,3,8
LMR,9,4,8,8,12,-16156,0,0,0,0,1,139,140,139,151,161,161,5,7
LMR,7,3,6,7,2,21287,0,1,0,0,0,139,140,101,210,156,139,5,36
LMR,7,1,6,6,3,-10516,0,1,0,0,0,139,140,139,210,152,122,1,14
LMR,9,2,8,8,8,-14836,0,0,0,0,1,139,140,139,101,155,151,3,19
LMR,10,6,9,9,2,6700,0,1,0,0,1,-140,-139,-158,-113,-139,-149,107,38
LMR,3,1,2,3,3,9727,0,0,0,0,0,-151,-150,-205,-193,106,-137,1,1
LMR,4,1,3,3,2,24513,0,1,0,0,0,150,151,140,229,180,192,1,2
LMR,3,1,2,2,4,25273,0,1,0,0,0,164,165,160,176,186,183,2,3
LMR,3,1,2,2,3,2679,0,1,0,0,0,147,148,133,228,150,149,2,4
LMR,3,1,2,2,2,3436,0,1,0,0,0,143,144,133,185,167,163,2,3
LMR,3,1,2,2,3,9161,0,0,1,0,0,149,150,125,-242,152,152,3,5
LMR,4,1,3,3,2,16567,0,1,1,0,0,-150,-149,-151,-198,-107,-114,2,3
LMR,5,1,4,5,2,-14680,0,1,0,0,0,-150,-149,-218,-198,-136,-126,7,24
LMR,5,1,4,4,3,-12358,0,1,0,0,0,-150,-149,-180,-61,-129,-149,2,23
LMR,6,1,5,5,2,9886,0,1,1,0,0,162,163,150,137,163,162,3,13
LMR,5,1,4,5,2,16028,0,1,0,0,0,-150,-149,-164,-71,-110,-149,1,20
LMR,3,1,2,3,2,5118,0,0,1,0,0,149,150,113,-11,218,183,3,3
LMR,6,1,5,6,2,4884,0,1,1,0,0,-150,-149,-174,-12,-106,-149,2,31
LMR,3,1,2,3,3,-3098,0,1,0,0,0,-150,-149,-156,-95,-102,-124,4,6
LMR,5,1,4,4,5,-1862,0,1,0,0,0,-150,-149,-150,-77,-125,-130,4,16
LMR,6,1,5,6,2,-14384,0,0,0,0,0,142,143,-349,180,212,169,1,3
LMR,5,1,4,5,2,-4443,0,1,0,0,0,148,149,1,327,240,224,2,14
LMR,7,1,6,7,5,-10136,0,1,0,0,0,148,149,146,191,225,211,2,28
LMR,9,3,8,7,2,11263,0,1,0,0,0,148,149,142,183,149,172,4,13
LMR,5,2,4,5,2,-1276,0,0,0,0,0,-149,-148,-214,-238,-23,-100,1,6
LMR,5,1,4,5,2,4261,0,1,0,0,0,148,149,101,332,193,108,1,9
LMR,8,4,7,6,2,22719,0,1,0,0,0,148,149,148,244,149,148,10,15
LMR,9,2,8,8,4,-3007,0,1,0,0,0,148,149,148,243,176,148,4,41
LMR,8,1,7,8,6,-15747,0,0,0,0,0,-149,-148,-205,-147,-142,-156,3,7
LMR,9,1,8,8,10,-20136,0,1,0,1,0,148,149,148,243,190,156,8,28
LMR,3,1,2,2,2,2288,0,1,0,0,1,153,154,141,159,156,160,2,3
LMR,3,1,2,2,5,-5073,0,1,0,0,0,186,187,186,253,202,187,1,3
LMR,3,1,2,2,2,-2690,0,1,0,0,0,191,192,191,215,217,217,2,2
LMR,9,3,8,8,2,15995,0,1,1,0,0,157,158,142,161,158,184,6,36
LMR,7,1,6,7,2,7013,0,1,0,0,0,157,158,106,235,168,170,2,21
LMR,3,1,2,2,3,-1868,0,0,0,0,0,-130,-129,-139,-86,-121,-121,1,1
LMR,6,3,5,4,7,-6987,0,0,0,0,1,-158,-157,-158,-149,-151,-153,9,11
LMR,9,4,8,8,2,3392,0,1,0,0,1,-158,-157,-164,-136,-153,-158,12,19
LMR,9,2,8,8,3,-16944,0,1,0,0,1,-158,-157,-158,-136,-150,-158,5,42
LMR,3,1,2,2,2,22018,0,1,0,0,0,150,151,132,272,151,151,3,4
LMR,6,1,5,5,4,-5917,0,1,0,0,0,-170,-169,-170,-173,-153,-169,6,17
LMR,9,3,8,7,4,-17507,0,0,0,0,0,169,170,163,148,170,169,13,31
LMR,3,1,2,3,4,-4519,0,1,0,0,0,-170,-169,-189,-200,-125,-143,1,6
LMR,4,2,3,3,2,3882,0,0,0,0,0,169,170,161,200,191,149,2,10
LMR,9,1,8,8,18,-16387,0,0,0,0,0,169,170,169,148,182,169,1,26
LMR,9,1,8,8,39,-14458,0,0,0,0,0,169,170,169,148,178,169,4,12
LMR,5,2,4,3,2,3271,0,0,0,0,0,169,170,169,102,170,192,3,6
LMR,7,1,6,5,2,7010,0,1,0,0,0,-170,-169,-170,-123,-169,-188,7,11
LMR,7,1,6,5,5,-14039,0,1,0,0,0,-170,-169,-170,-123,-164,-149,2,0
LMR,3,1,2,3,2,696,0,0,0,0,0,151,152,23,141,159,151,2,10
LMR,4,2,3,4,2,6451,0,0,0,0,0,151,152,27,156,152,176,3,10
LMR,5,1,4,4,3,3126,0,1,0,0,0,-152,-151,-162,-82,-151,-151,5,6
LMR,3,1,2,3,2,750,0,1,0,0,0,149,150,137,169,218,159,3,3
LMR,3,1,2,2,2,1424,0,0,0,0,0,-153,-152,-161,-142,-151,-151,2,5
LMR,4,1,3,4,3,4875,0,1,0,1,0,153,154,147,325,301,154,2,13
LMR,3,1,2,2,2,4252,0,1,0,0,0,186,187,186,312,228,187,1,3
LMR,5,1,4,5,2,31231,0,1,0,0,0,170,171,8,271,394,354,1,1
LMR,7,1,6,7,2,3735,0,1,0,0,0,170,171,108,358,279,216,4,13
LMR,7,4,6,7,2,-414,0,0,0,0,0,-171,-170,-944,-285,-170,-165,22,39
LMR,8,2,7,7,2,16228,0,1,1,0,0,170,171,165,186,210,210,5,0
LMR,7,1,6,7,10,-10743,0,1,0,0,0,170,171,170,242,249,170,1,31
LMR,7,3,6,6,6,6494,0,0,0,0,0,-171,-170,-173,-273,-152,-171,6,26
LMR,7,1,6,7,13,-16552,0,1,0,0,0,170,171,170,242,273,171,1,54
LMR,9,4,8,8,10,-13598,0,0,0,0,1,-171,-170,-171,-169,-159,-171,5,9
LMR,3,1,2,3,3,-5147,0,1,0,0,0,170,171,141,180,230,393,0,2
LMR,3,1,2,3,4,-16946,0,0,0,1,0,-171,-170,-187,-347,-90,-337,5,4
LMR,6,2,5,6,3,25490,0,1,0,0,0,170,171,109,238,233,233,2,7
LMR,4,1,3,3,2,3815,0,1,0,0,0,170,171,168,371,199,199,1,3
LMR,3,1,2,3,2,5537,0,1,1,0,0,182,183,19,9,866,889,0,2
LMR,5,1,4,3,13,-8230,0,1,0,0,0,179,180,179,320,180,213,3,6
LMR,3,1,2,2,2,522,0,0,0,0,0,-163,-162,-180,-166,-152,-153,3,2
LMR,4,1,3,4,2,-7238,0,1,0,0,0,-180,-179,-180,-142,-34,-165,2,3
LMR,7,1,6,6,3,676,0,1,1,0,0,179,180,179,219,199,189,7,9
LMR,9,1,8,8,9,-7264,0,1,0,0,0,179,180,178,232,218,187,3,53
LMR,6,1,5,6,9,-1934,0,1,0,0,0,179,180,174,220,246,221,2,7
LMR,4,1,3,4,3,8122,0,1,0,0,0,157,158,142,222,214,165,3,12
LMR,3,1,2,2,2,-1732,0,1,0,0,0,181,182,155,303,184,183,1,3
LMR,3,1,2,3,3,-1276,0,0,0,0,0,-192,-191,-206,-420,188,39,2,1
LMR,4,1,3,4,2,6174,0,1,1,0,0,191,192,18,210,192,208,2,10
LMR,6,1,5,5,3,-13036,0,1,0,0,0,191,192,172,368,210,204,4,21
LMR,9,2,8,7,3,2584,0,1,0,0,0,191,192,191,213,192,214,7,13
LMR,4,1,3,3,3,-2184,0,1,0,0,0,202,203,193,272,215,203,2,8
LMR,3,1,2,2,2,16405,0,1,0,0,0,177,178,133,185,185,186,7,4
LMR,12,4,11,12,6,-14654,0,0,0,0,0,180,181,180,148,303,224,2,12
LMR,5,1,4,4,12,-14892,0,1,0,0,0,195,196,194,184,223,218,1,5
LMR,6,3,5,6,3,4054,0,0,0,0,0,-196,-195,-245,-305,-184,-214,7,16
LMR,3,1,2,2,3,-17157,0,1,0,1,0,156,157,150,321,170,157,3,8
LMR,3,1,2,3,2,16106,0,1,1,0,0,195,196,187,192,259,248,1,2
LMR,9,3,8,7,7,-10432,0,0,0,0,1,-196,-195,-196,-208,-195,-196,14,36
LMR,3,1,2,2,2,-7869,0,1,0,0,1,183,184,148,290,199,184,2,4
LMR,11,6,10,9,7,-4510,0,0,0,0,1,-196,-195,-196,-208,-194,-196,38,77
LMR,4,1,3,3,2,6385,0,1,0,0,0,-194,-193,-195,-142,-148,-193,2,15
LMR,5,1,4,3,3,6648,0,1,0,0,0,-204,-203,-204,-107,-200,-240,2,4
LMR,3,1,2,2,2,9749,0,1,1,0,0,203,204,203,202,230,225,2,2
LMR,4,1,3,2,2,7705,0,1,0,0,0,-189,-188,-189,-129,-188,-188,7,4
LMR,4,2,3,3,2,4814,0,1,0,0,1,198,199,159,214,199,199,3,5
LMR,4,1,3,3,3,1747,0,0,0,0,0,-207,-206,-207,-241,-176,-205,4,15
LMR,4,1,3,4,2,10774,0,1,0,0,0,206,207,147,220,236,205,1,23
LMR,5,1,4,5,3,-8309,0,1,0,0,0,203,204,145,154,209,209,1,4
LMR,6,1,5,6,25,-6014,0,0,0,0,0,-204,-203,-234,-288,-154,-208,2,8
LMR,7,1,6,6,2,14903,0,1,0,0,0,203,204,167,397,208,208,1,8
LMR,5,1,4,5,2,20162,0,1,0,0,0,203,204,114,309,264,250,3,7
LMR,3,1,2,3,2,5285,0,1,0,0,0,185,186,154,321,240,220,1,3
LMR,3,1,2,2,5,7095,0,1,0,0,1,189,190,188,265,202,190,4,6
LMR,5,1,4,4,2,-6175,0,1,0,0,0,213,214,190,315,226,197,1,7
LMR,5,1,4,4,5,-1215,0,1,0,0,0,213,214,197,315,240,207,1,9
LMR,5,1,4,4,21,-11277,0,1,0,0,0,213,214,213,315,265,256,1,1
LMR,3,1,2,3,4,676,0,0,1,0,0,-214,-213,-338,-708,-125,-181,4,5
LMR,7,1,6,7,2,8663,0,1,1,0,0,213,214,189,291,449,355,0,5
LMR,3,1,2,2,2,4637,0,1,0,0,0,164,165,162,365,186,186,1,1
LMR,5,1,4,4,3,-14478,0,1,0,1,0,226,227,226,577,253,248,3,5
LMR,4,1,3,2,5,173,0,1,0,0,0,226,227,226,217,233,231,4,4
LMR,6,2,5,4,3,-8360,0,0,0,0,0,-227,-226,-232,-213,-226,-230,6,13
LMR,3,1,2,3,2,4584,0,1,1,0,0,226,227,61,133,748,656,2,2
LMR,7,1,6,7,10,-2930,0,0,0,0,0,-227,-226,-344,-508,-224,-226,7,25
LMR,7,1,6,7,5,-10134,0,1,0,0,0,226,227,165,120,344,226,4,49
LMR,8,2,7,8,5,-6902,0,0,0,0,0,-227,-226,-460,-505,-171,-226,6,75
LMR,9,3,8,9,2,9781,0,1,1,0,0,226,227,226,220,416,416,2,4
LMR,3,1,2,3,2,11518,0,1,1,0,0,226,227,226,223,503,503,0,0
LMR,5,1,4,5,2,1859,0,1,0,0,0,226,227,-127,435,227,227,7,10
LMR,4,1,3,4,2,31262,0,1,0,0,0,226,227,220,307,279,270,2,4
LMR,5,1,4,5,4,-5764,0,1,0,0,0,209,210,193,349,421,316,1,3
LMR,9,1,8,7,3,1754,0,1,0,0,0,243,244,243,508,244,254,4,12
LMR,4,1,3,4,3,-649,0,1,0,0,0,420,421,27,393,801,929,0,1
LMR,4,1,3,4,7,-16930,0,0,0,1,0,-421,-420,-489,-1657,56,-827,1,3
LMR,3,1,2,2,9,-11660,0,0,0,0,0,-219,-218,-224,-196,-204,-235,2,2
LMR,5,2,4,3,2,13604,0,1,0,0,1,238,239,235,227,239,234,4,6

===========================
Total time (ms) : 16
Nodes searched  : 13862
Nodes/second    : 866375
LMR_TOTAL,7182,285,172
