
Position: 1/1 (rn2k1nr/ppp2ppp/3p2q1/2b1p3/2B1P3/2PP1NP1/PP3P1P/RNB2QK1 b kq - 0 8)
LMR,3,1,2,3,4,-1276,0,0,0,0,0,-375,-374,-391,-395,-305,-317,1,6
LMR,4,1,3,3,3,-1545,0,1,0,0,0,374,375,353,381,395,331,2,10
LMR,4,1,3,3,16,-2923,0,1,0,0,0,374,375,362,381,375,375,9,15
LMR,5,1,4,5,7,-1276,0,1,0,0,0,-342,-341,-342,-246,-216,-276,2,5
LMR,4,1,3,3,8,-1608,0,0,0,0,0,216,217,187,180,226,224,7,8
LMR,5,1,4,4,10,-1276,0,1,0,0,0,-217,-216,-222,-184,-209,-217,4,18
LMR,3,1,2,2,2,11481,0,1,0,0,0,-217,-216,-217,-84,-168,-177,1,1
LMR,4,1,3,4,3,-330,0,1,0,0,0,-217,-216,-230,22,-139,-174,2,6
LMR,3,1,2,2,2,-1439,0,1,0,0,0,-217,-216,-239,-136,-202,-206,1,4
LMR,4,1,3,4,2,-1371,0,1,0,0,0,-217,-216,-241,-6,-181,-208,1,18
LMR,4,1,3,3,2,-12791,0,0,0,0,0,174,175,172,183,202,197,1,6
LMR,4,1,3,3,6,-1417,0,1,0,0,0,-175,-174,-203,-127,-171,-159,1,11
LMR,4,1,3,2,2,1747,0,1,0,0,0,-175,-174,-175,-196,-174,-174,3,3
LMR,3,1,2,2,2,9053,0,1,0,0,0,-175,-174,-175,-123,-122,-160,4,2
LMR,4,1,3,4,2,12371,0,1,0,0,0,-175,-174,-229,-188,-170,-155,1,9
LMR,4,1,3,3,2,2022,0,1,0,0,0,215,216,186,220,216,190,2,8
LMR,4,1,3,3,12,-4440,0,1,0,0,0,215,216,190,220,225,229,4,7
LMR,5,1,4,4,5,4739,0,1,0,0,0,-253,-252,-253,-153,-221,-223,1,9
LMR,6,1,5,6,2,5777,0,1,0,0,0,-253,-252,-304,-142,-209,-227,1,25
LMR,3,1,2,3,3,952,0,1,0,0,0,241,242,217,316,324,262,1,7
LMR,5,1,4,4,10,-6162,0,1,0,0,0,241,242,241,408,273,257,2,24
LMR,5,1,4,3,11,-9213,0,1,0,0,0,265,266,265,422,271,266,1,9
LMR,4,1,3,4,2,734,0,1,0,0,0,265,266,198,327,312,274,2,16
LMR,5,1,4,5,2,11102,0,1,0,0,0,265,266,239,434,302,284,2,13
LMR,9,5,8,8,8,-10335,0,0,0,0,1,-277,-276,-277,-273,-265,-277,12,24
LMR,6,3,5,6,2,7551,0,0,0,0,0,-277,-276,-362,-483,-212,-212,4,5
LMR,7,3,6,7,2,21912,0,1,0,0,0,276,277,221,443,291,285,3,30
LMR,5,2,4,3,7,-5920,0,0,0,0,1,-292,-291,-297,-282,-291,-289,7,6
LMR,8,2,7,8,2,5168,0,1,0,0,1,295,296,235,295,346,339,3,16
LMR,10,4,9,9,16,-14449,0,0,0,0,1,-296,-295,-316,-287,-295,-334,13,30
LMR,3,1,2,2,2,13686,0,1,0,0,0,321,322,308,387,360,353,1,1
LMR,7,1,6,6,18,-15069,0,1,0,0,0,295,296,295,422,311,295,1,15
LMR,6,1,5,5,2,-10502,0,1,0,0,0,349,350,318,236,360,360,3,13
LMR,6,2,5,6,2,4148,0,0,1,0,0,-350,-349,-527,-664,-236,-358,6,24
LMR,6,1,5,6,2,12662,0,1,0,0,0,349,350,285,512,350,351,14,43
LMR,7,4,6,5,7,-11513,0,0,0,0,1,-350,-349,-350,-347,-347,-378,11,19
LMR,5,1,4,4,2,19668,0,1,0,0,0,349,350,321,574,371,378,1,8
LMR,5,1,4,5,2,18795,0,1,0,0,0,348,349,307,526,389,385,3,24
LMR,3,1,2,3,3,-1276,0,1,0,0,0,348,349,348,469,573,401,2,2
LMR,13,5,12,12,26,-13768,0,0,0,0,1,-349,-348,-362,-375,-348,-328,23,74
LMR,5,1,4,4,6,-15705,0,1,0,0,0,-318,-317,-355,-169,-310,-308,6,8
LMR,4,1,3,4,2,735,0,0,0,0,0,140,141,49,-270,237,184,3,4
LMR,9,3,8,8,3,17223,0,1,0,0,0,-318,-317,-337,-90,-317,-317,4,20
LMR,11,7,10,10,2,355,0,1,0,0,1,-318,-317,-318,-279,-304,-304,92,7
LMR,5,1,4,4,2,8291,0,1,0,0,0,-318,-317,-332,-191,-312,-362,2,14
LMR,5,1,4,5,5,1892,0,1,0,0,0,-318,-317,-332,-191,-225,-225,3,4
LMR,9,6,8,8,2,9743,0,1,0,0,1,-318,-317,-328,-192,-311,-310,7,17
LMR,4,2,3,4,2,7738,0,0,0,0,0,-327,-326,-383,-431,-313,-290,2,4
LMR,4,1,3,3,3,4404,0,1,0,0,0,-322,-321,-331,-217,-284,-290,2,6
LMR,9,4,8,8,3,2000,0,0,0,0,0,280,281,244,156,281,283,50,25
LMR,4,1,3,4,3,676,0,0,1,0,0,-301,-300,-365,-692,-263,-259,2,2
LMR,3,1,2,2,4,11808,0,1,0,0,0,-281,-280,-281,-217,-248,-254,6,3
LMR,6,1,5,5,4,13056,0,1,0,0,0,-281,-280,-296,-120,-280,-286,6,14
LMR,6,1,5,6,2,-15581,0,0,0,0,0,280,281,-1,282,354,284,1,12
LMR,6,1,5,6,12,-15863,0,1,0,1,0,-281,-280,-281,-120,1,-283,1,15
LMR,3,1,2,2,2,8515,0,1,0,0,0,425,426,388,486,441,422,2,7
LMR,5,1,4,4,2,17208,0,1,0,0,0,-281,-280,-297,-93,-256,-281,2,22
LMR,5,1,4,4,8,-11452,0,1,0,0,0,-281,-280,-281,-93,-257,-259,3,7
LMR,7,1,6,6,3,2122,0,1,0,0,0,-281,-280,-289,-160,-280,-293,5,20
LMR,7,1,6,6,4,-2008,0,1,0,0,0,-281,-280,-289,-160,-280,-258,9,14
LMR,3,1,2,3,2,1016,0,1,0,0,0,-281,-280,-335,-261,-267,-269,2,2
LMR,3,1,2,2,3,-6256,0,1,0,0,0,-281,-280,-288,-311,-273,-274,2,2
LMR,3,1,2,3,2,2147,0,1,0,0,0,-281,-280,-288,-235,-117,-202,1,2
LMR,4,2,3,3,2,209,0,1,0,0,1,-319,-318,-327,-207,-304,-300,2,3
LMR,3,1,2,3,2,20232,0,1,0,0,0,312,313,238,358,341,315,4,8
LMR,10,5,9,10,9,-8319,0,0,1,0,0,280,281,250,248,331,281,7,13
LMR,11,3,10,11,9,-1626,0,1,1,0,0,-281,-280,-281,-288,-214,-252,4,28
LMR,10,2,9,10,3,7639,0,1,0,0,0,-281,-280,-347,195,-29,-218,1,5
LMR,3,1,2,3,3,12976,0,1,0,0,0,-277,-276,-287,-10,-185,-196,1,3
LMR,3,1,2,2,2,3209,0,1,0,0,0,-277,-276,-277,-52,-235,-242,1,1
LMR,4,1,3,3,2,17104,0,1,0,0,0,-260,-259,-260,-213,-239,-264,2,16
LMR,5,1,4,4,3,-3806,0,1,0,0,1,279,280,263,289,287,282,2,20
LMR,5,1,4,4,2,708,0,1,0,0,0,-253,-252,-253,-149,-217,-253,1,5
LMR,5,1,4,4,8,-16844,0,1,0,0,0,-253,-252,-253,-149,-241,-246,1,5
LMR,7,1,6,7,3,-1233,0,1,0,0,0,-253,-252,-297,12,-130,-175,1,3
LMR,3,1,2,3,2,8096,0,0,0,0,0,252,253,84,102,314,289,7,5
LMR,9,3,8,8,8,-732,0,0,1,0,0,252,253,247,209,255,256,24,22
LMR,3,1,2,3,2,17050,0,1,0,0,0,252,253,194,-154,253,253,8,11
LMR,4,1,3,4,2,8305,0,1,1,0,0,252,253,112,-317,1911,914,0,3
LMR,10,1,9,9,21,-15778,0,1,0,0,1,-253,-252,-253,-138,-211,-252,1,13
LMR,6,1,5,6,2,7577,0,1,0,0,0,-253,-252,-296,-246,-146,-252,1,6
LMR,8,2,7,8,2,13163,0,1,0,0,0,-253,-252,-350,-275,-249,-252,2,16
LMR,4,2,3,4,2,-1978,0,1,0,0,1,-297,-296,-384,-346,-277,-294,3,9
LMR,3,1,2,3,3,-8029,0,1,0,0,0,-235,-234,-254,-148,-185,-194,2,2
LMR,3,1,2,3,2,6454,0,1,0,0,0,-253,-252,-280,-164,-198,-220,2,2
LMR,5,1,4,5,2,6207,0,1,0,0,0,-253,-252,-861,-131,-196,-216,2,3
LMR,5,1,4,4,3,-3337,0,1,0,0,0,-264,-263,-268,-65,-243,-243,1,3
LMR,4,1,3,4,2,1913,0,1,0,0,0,-247,-246,-440,-98,-125,-238,1,3
LMR,5,1,4,5,3,-9571,0,1,0,0,0,-235,-234,-347,187,-174,-31,1,3
LMR,4,1,3,4,2,-1942,0,0,0,0,0,230,231,73,250,275,267,1,2
LMR,5,1,4,5,3,2426,0,1,0,0,0,252,253,178,58,330,330,7,13
LMR,5,1,4,5,3,-1837,0,0,0,0,0,-253,-252,-354,-497,-244,-249,9,11
LMR,6,1,5,6,3,676,0,1,1,0,0,252,253,249,375,440,321,1,11
LMR,7,2,6,7,2,21109,0,1,0,0,0,252,253,125,326,280,290,4,47
LMR,5,2,4,5,4,6768,0,0,0,0,0,-253,-252,-312,-538,91,-227,1,3
LMR,6,1,5,5,2,-2174,0,1,0,0,0,252,253,231,27,271,269,7,18
LMR,5,1,4,5,3,9045,0,1,0,0,0,-253,-252,-282,-147,-196,-145,2,2
LMR,7,1,6,7,19,-9327,0,1,0,0,0,-253,-252,-267,3,-206,-175,1,21
LMR,13,5,12,11,12,-16035,0,1,0,0,1,-253,-252,-253,-216,-252,-230,13,107
LMR,4,1,3,3,2,-10926,0,1,0,0,1,-293,-292,-302,-198,-259,-279,1,8
LMR,4,1,3,4,2,-847,0,1,0,0,0,-225,-224,-226,-151,-142,-193,1,4
LMR,4,1,3,4,2,11597,0,1,0,0,0,-219,-218,-274,-197,-86,-170,4,18
LMR,3,1,2,2,2,-2983,0,0,0,0,0,252,253,249,169,259,257,5,4
LMR,4,1,3,3,2,7197,0,1,0,0,0,-253,-252,-254,-116,-233,-256,1,15
LMR,4,1,3,3,6,1599,0,1,0,0,0,-253,-252,-254,-116,-242,-253,2,5
LMR,3,1,2,2,12,-8980,0,1,0,0,0,-253,-252,-255,-116,-245,-252,1,2
LMR,4,1,3,4,7,-52,0,1,1,0,0,-253,-252,-253,-116,-193,-252,2,26
LMR,4,1,3,4,2,-2755,0,1,0,0,1,251,252,229,247,308,279,4,5
LMR,5,1,4,4,3,9591,0,1,0,0,0,251,252,238,364,273,251,1,7
LMR,5,1,4,4,6,2108,0,1,0,0,0,251,252,251,364,293,270,7,8
LMR,11,6,10,9,7,-5862,0,0,0,0,1,-252,-251,-252,-253,-251,-251,12,8
LMR,5,1,4,5,11,-14284,0,1,0,0,0,-215,-214,-259,-156,514,-44,0,1
LMR,3,1,2,3,2,22864,0,1,0,0,0,-180,-179,-294,61,-126,-179,1,6
LMR,3,1,2,3,2,3135,0,1,0,0,0,-254,-253,-284,-33,-198,-198,1,2
LMR,4,1,3,3,4,-9347,0,0,0,0,0,255,256,252,286,265,241,7,2
LMR,3,1,2,2,7,7903,0,1,0,0,0,-215,-214,-215,-165,-202,-201,4,3
LMR,5,1,4,5,2,6791,0,1,0,0,0,-215,-214,-250,-310,45,-22,2,2
LMR,14,3,13,14,17,-17038,0,0,0,0,0,214,215,172,177,234,215,6,76
LMR,3,1,2,3,2,26879,0,1,0,0,0,391,392,303,355,395,392,1,8
LMR,9,7,8,9,2,9148,0,0,0,0,0,-215,-214,-867,-269,-208,-208,25,20
LMR,10,5,9,9,2,13500,0,1,0,0,0,214,215,208,268,227,215,16,29
LMR,7,1,6,5,10,-13853,0,1,0,0,0,-215,-214,-215,-165,-214,-219,3,10
LMR,10,2,9,9,4,-5184,0,1,0,0,0,-215,-214,-215,-117,-177,-215,4,48
LMR,10,1,9,9,8,61,0,1,0,0,0,-215,-214,-215,-117,-207,-215,2,19
LMR,10,1,9,9,11,-9505,0,1,0,0,0,-215,-214,-215,-117,-186,-214,3,15
LMR,13,5,12,11,6,-6926,0,1,0,0,1,-215,-214,-215,-230,-214,-215,17,171
LMR,7,1,6,6,8,-12525,0,1,0,0,0,251,252,251,367,265,264,2,20
LMR,5,1,4,5,2,10843,0,1,0,0,0,251,252,234,393,300,293,4,9
LMR,3,1,2,2,9,-8724,0,1,0,0,0,297,298,297,407,316,319,5,3
LMR,5,1,4,4,2,5351,0,1,0,0,0,251,252,226,274,279,279,2,3
LMR,7,2,6,7,2,21051,0,1,0,0,0,251,252,166,323,261,261,1,18
LMR,5,1,4,5,3,18932,0,1,0,0,0,251,252,225,346,318,368,3,0
LMR,7,1,6,6,6,394,0,1,0,0,0,251,252,251,435,275,255,2,28
LMR,4,1,3,3,2,32409,0,1,0,0,0,251,252,242,259,256,258,2,2
LMR,8,2,7,6,3,14719,0,1,0,0,0,251,252,251,374,256,255,6,23
LMR,7,2,6,6,2,25309,0,1,0,0,0,302,303,259,301,303,303,3,9
LMR,7,5,6,7,2,8242,0,0,0,0,0,-303,-302,-625,-414,-299,-299,11,15
LMR,8,1,7,7,4,-4709,0,1,0,0,0,302,303,302,469,326,299,3,28
LMR,8,1,7,7,9,-10568,0,1,0,0,0,302,303,302,469,350,331,3,7
LMR,3,1,2,3,3,-692,0,1,0,0,0,251,252,198,327,253,254,11,13
LMR,8,2,7,7,3,7655,0,1,0,0,0,302,303,296,327,320,320,15,22
LMR,3,1,2,3,2,41995,0,1,0,0,0,244,245,141,258,296,282,3,0
LMR,12,7,11,11,2,24374,0,1,0,0,0,302,303,277,362,318,312,13,52
LMR,6,1,5,6,3,15871,0,1,0,0,0,302,303,276,414,342,330,7,13
LMR,11,6,10,9,10,-8896,0,0,0,0,1,-303,-302,-303,-348,-301,-302,23,28
LMR,4,1,3,3,4,2807,0,1,0,0,0,-303,-302,-313,-295,-292,-293,2,5
LMR,4,1,3,4,3,18268,0,1,0,0,0,-303,-302,-355,-333,-34,-260,1,4
LMR,12,9,11,10,4,-10413,0,0,0,0,1,-303,-302,-303,-327,-302,-302,466,0
LMR,5,1,4,5,2,611,0,1,0,0,0,-303,-302,-395,-126,-225,-238,2,3
LMR,4,1,3,4,2,24792,0,1,0,0,0,311,312,280,392,369,312,1,0
LMR,5,1,4,3,3,9281,0,1,0,0,0,282,283,282,411,289,290,2,3
LMR,7,4,6,5,3,-3499,0,0,0,0,1,-283,-282,-283,-283,-282,-268,9,9
LMR,7,1,6,6,7,-5733,0,1,0,0,0,-283,-282,-296,-247,-282,-282,3,12
LMR,4,1,3,4,3,7626,0,1,0,0,0,-283,-282,-303,-462,-181,-199,2,5
LMR,5,1,4,5,2,28872,0,1,0,0,0,-283,-282,-315,-214,-35,-273,1,3
LMR,8,5,7,6,6,12243,0,1,0,0,1,282,283,282,318,288,290,20,26
LMR,4,1,3,3,3,11022,0,1,0,0,0,-261,-260,-261,-240,-243,-246,1,2
LMR,3,1,2,3,2,-3584,0,0,0,0,0,260,261,239,213,308,261,2,6
LMR,3,1,2,3,3,1897,0,1,0,0,0,-261,-260,-359,-252,-258,-261,3,10
LMR,3,1,2,2,4,-21263,0,1,0,1,0,-261,-260,-289,-236,-259,-260,4,9
LMR,5,1,4,4,2,3928,0,1,0,0,0,-261,-260,-292,-126,-249,-260,3,23
LMR,7,1,6,6,4,12837,0,1,0,0,0,-261,-260,-261,-63,-218,-260,3,37
LMR,4,1,3,4,2,10719,0,1,0,0,0,-261,-260,-273,-406,-87,-163,1,18
LMR,5,1,4,5,2,12806,0,1,0,0,0,-261,-260,-356,-54,-260,-199,2,13
LMR,4,1,3,4,5,-1276,0,0,0,0,0,260,261,204,191,390,322,1,7
LMR,4,1,3,4,2,8280,0,1,0,0,0,-261,-260,-359,-234,-192,-309,2,11
LMR,9,3,8,9,13,-5753,0,0,1,0,0,260,261,84,-22,309,261,22,27
LMR,3,1,2,3,2,-1276,0,0,0,0,0,260,261,197,22,265,264,1,8
LMR,6,1,5,6,8,-8900,0,1,1,1,0,-261,-260,-263,-14,-36,-76,5,5
LMR,5,1,4,5,2,3871,0,1,0,0,0,-261,-260,-325,-114,-202,-227,1,6
LMR,7,1,6,7,2,1928,0,1,0,0,0,-261,-260,-304,-158,-246,-275,4,11
LMR,5,1,4,5,2,30080,0,1,0,0,0,260,261,210,418,472,352,1,7
LMR,8,4,7,7,4,-8307,0,0,0,0,0,-284,-283,-305,-277,-283,-283,6,17
LMR,6,1,5,5,2,4103,0,1,0,0,0,-284,-283,-284,-62,-269,-284,1,4
LMR,3,1,2,2,7,-4834,0,1,0,0,0,-284,-283,-288,-250,-235,-230,3,2
LMR,4,2,3,3,2,9597,0,0,0,0,0,283,284,243,208,288,316,8,9
LMR,6,1,5,4,5,-7474,0,1,0,0,0,-284,-283,-284,-62,-282,-309,2,29
LMR,3,1,2,2,4,324,0,1,0,0,0,-284,-283,-314,-199,-267,-270,1,1
LMR,6,1,5,4,10,-17171,0,1,0,0,0,-284,-283,-284,-62,-279,-283,2,11
LMR,5,1,4,5,2,-4752,0,1,0,0,0,-284,-283,-438,-143,-210,-210,2,2
LMR,4,2,3,3,4,10319,0,0,0,0,0,-280,-279,-284,-219,-268,-294,3,7
LMR,4,1,3,3,5,1068,0,0,0,0,0,-280,-279,-284,-219,-262,-265,4,5
LMR,3,1,2,3,2,-3471,0,0,0,0,0,279,280,279,275,353,301,1,10
LMR,4,1,3,3,9,-4913,0,1,0,0,0,-280,-279,-296,-220,-275,-295,3,16
LMR,6,1,5,6,4,-3260,0,1,1,0,0,283,284,35,488,331,284,1,11
LMR,4,1,3,4,2,31248,0,1,0,0,0,283,284,283,322,342,346,3,4
LMR,6,4,5,6,2,49252,0,1,0,0,0,283,284,233,460,343,304,6,0
LMR,5,2,4,5,3,40289,0,1,0,0,0,283,284,262,392,325,319,8,10
LMR,6,1,5,6,4,19196,0,1,0,0,0,283,284,236,390,298,309,7,51
LMR,3,1,2,3,3,-12122,0,1,0,0,0,283,284,283,376,420,396,1,2
LMR,4,1,3,2,3,-7460,0,1,0,0,0,283,284,278,276,284,284,4,3
LMR,4,2,3,4,2,11781,0,0,0,0,0,-284,-283,-371,-434,-276,-284,1,10
LMR,5,1,4,4,2,1977,0,1,0,0,0,283,284,279,422,314,284,3,18
LMR,4,1,3,3,5,30952,0,1,0,0,0,310,311,293,341,346,312,2,0
LMR,3,1,2,3,3,14357,0,0,0,0,0,-284,-283,-296,-376,-184,-202,2,2
LMR,4,1,3,4,2,-7473,0,1,0,0,0,283,284,222,381,421,320,1,5
LMR,5,2,4,5,2,38114,0,1,0,0,0,283,284,147,341,341,378,3,0
LMR,3,1,2,2,7,-2374,0,1,1,0,0,283,284,283,344,318,312,1,6
LMR,4,1,3,2,4,6329,0,0,0,0,0,-284,-283,-284,-360,-282,-282,4,4
LMR,5,1,4,4,2,18636,0,1,0,0,0,283,284,258,378,309,282,1,35
LMR,5,1,4,3,4,17218,0,1,0,0,0,283,284,283,378,284,284,4,6
LMR,8,1,7,7,2,14876,0,1,0,0,0,283,284,273,253,284,284,4,24
LMR,3,1,2,2,2,15388,0,1,0,0,0,260,261,260,185,268,267,2,3
LMR,4,1,3,3,5,9786,0,1,0,0,0,-261,-260,-261,-286,-210,-205,5,7
LMR,4,1,3,3,2,6637,0,1,0,0,0,-261,-260,-291,-367,-243,-246,4,6
LMR,8,5,7,8,2,-2656,0,0,1,0,0,260,261,-799,118,284,278,10,7
LMR,5,1,4,4,11,-10859,0,1,0,0,0,260,261,260,318,275,280,14,6
LMR,8,6,7,7,3,-937,0,0,0,0,1,260,261,260,258,276,276,66,0
LMR,9,5,8,8,4,5014,0,1,0,0,1,-261,-260,-274,-258,-237,-238,18,25
LMR,8,1,7,8,2,12371,0,1,0,0,0,-261,-260,-278,123,-91,-201,2,6
LMR,3,1,2,3,3,10478,0,1,0,0,0,-261,-260,-306,-203,-249,-272,2,6
LMR,9,3,8,7,10,-8778,0,0,0,0,1,260,261,260,258,261,261,19,32
LMR,11,6,10,9,6,4064,0,1,0,0,1,-261,-260,-261,-214,-258,-261,50,281
LMR,5,2,4,5,2,38907,0,1,0,0,0,283,284,128,251,373,373,1,7
LMR,3,1,2,3,2,12259,0,1,0,0,0,253,254,231,372,299,254,1,7
LMR,3,1,2,3,2,8668,0,1,0,0,0,283,284,272,348,369,312,2,0
LMR,3,1,2,3,2,30804,0,1,0,0,0,283,284,150,427,361,347,1,2
LMR,6,1,5,6,2,7235,0,1,0,0,0,283,284,256,497,337,298,1,20
LMR,7,2,6,6,2,14214,0,1,0,0,0,283,284,275,397,285,283,3,16
LMR,4,1,3,4,2,33563,0,1,0,0,0,283,284,165,244,284,284,1,2
LMR,3,1,2,3,2,19947,0,1,0,0,0,283,284,141,253,284,284,1,0
LMR,11,8,10,9,3,-8444,0,0,0,0,1,-284,-283,-284,-349,-283,-265,21,13
LMR,7,1,6,7,2,5255,0,1,0,0,0,-284,-283,-316,-208,10,-228,1,5
LMR,4,2,3,4,2,5708,0,1,0,0,1,-272,-271,-314,-188,-252,-274,3,14
LMR,4,1,3,2,4,-3660,0,1,0,0,1,-272,-271,-274,-188,-268,-272,4,6
LMR,4,1,3,3,10,3500,0,1,0,0,1,-272,-271,-272,-188,-256,-279,4,16
LMR,6,1,5,6,2,-11335,0,1,0,0,0,283,284,245,397,483,321,1,7
LMR,8,2,7,8,6,-11857,0,0,0,0,0,-284,-283,-315,-405,-170,-258,1,8
LMR,9,1,8,9,11,-14920,0,0,0,0,0,-284,-283,-334,-317,-248,-253,2,8
LMR,9,6,8,9,2,42743,0,1,0,0,0,283,284,260,299,317,256,12,23
LMR,4,1,3,4,7,-7631,0,1,0,0,0,-261,-260,-300,-197,-223,-229,3,3
LMR,8,2,7,8,4,-13031,0,0,0,0,0,260,261,235,143,395,341,1,7
LMR,9,1,8,9,4,-11725,0,1,0,0,0,-261,-260,-305,-111,-231,-224,1,22
LMR,5,1,4,4,9,-2987,0,1,0,0,0,-261,-260,-261,-158,-245,-212,1,5
LMR,3,1,2,2,7,-11039,0,1,0,0,0,-261,-260,-261,-157,-234,-291,6,7
LMR,7,3,6,5,4,-1888,0,0,0,0,0,260,261,256,194,261,263,30,16
LMR,5,1,4,4,3,-3748,0,1,0,0,0,-261,-260,-265,-211,-248,-217,6,5
LMR,5,1,4,4,5,-5422,0,1,0,0,0,-261,-260,-266,-146,-256,-295,2,6
LMR,5,1,4,5,10,-2163,0,1,1,0,0,-261,-260,-266,-146,-150,-221,2,5
LMR,3,1,2,3,3,2374,0,1,0,0,0,-261,-260,-319,-94,-246,-261,4,14
LMR,5,1,4,5,10,-4036,0,1,1,0,0,-261,-260,-261,-261,-175,-190,2,4
LMR,6,3,5,5,2,-843,0,0,0,0,0,260,261,227,162,261,201,30,19
LMR,6,1,5,6,2,13996,0,1,0,0,0,-261,-260,-264,-28,-210,-227,2,88
LMR,7,1,6,6,5,3706,0,1,0,0,0,-261,-260,-261,-284,-220,-238,2,22
LMR,3,1,2,2,2,13316,0,1,0,0,0,-278,-277,-278,-130,-252,-277,1,4
LMR,3,1,2,3,5,-742,0,0,0,0,0,7,8,-24,71,55,46,3,8
LMR,6,2,5,6,4,-1701,0,0,0,0,0,7,8,-41,-52,43,45,10,11
LMR,6,1,5,6,2,11955,0,1,0,0,0,-8,-7,-36,41,52,-39,3,25
LMR,8,2,7,8,2,17789,0,1,0,0,0,-249,-248,-292,152,-90,-90,2,5
LMR,4,1,3,3,2,36422,0,1,0,0,0,248,249,204,254,249,249,1,2
LMR,7,1,6,6,21,-16129,0,1,0,0,0,248,249,248,479,300,249,1,19
LMR,4,1,3,4,2,11907,0,1,0,0,0,248,249,201,329,310,299,1,5
LMR,4,1,3,3,3,-2778,0,1,0,0,0,-249,-248,-284,-155,-248,-221,6,10
LMR,3,1,2,2,2,1094,0,0,0,0,0,248,249,231,98,249,249,3,1
LMR,6,1,5,6,2,16083,0,1,0,0,0,-249,-248,-249,-23,-34,-165,1,5
LMR,6,1,5,5,2,3466,0,1,0,0,0,-249,-248,-255,-158,-229,-206,1,3
LMR,4,1,3,3,2,-3816,0,0,0,0,0,248,249,211,224,249,249,7,17
LMR,5,1,4,4,2,9057,0,1,0,0,0,-249,-248,-259,-158,-230,-249,2,26
LMR,5,1,4,4,12,-8137,0,1,0,0,0,-249,-248,-249,-158,-235,-227,1,5
LMR,3,1,2,3,3,8469,0,1,0,0,0,-249,-248,-306,-172,-173,-187,2,2
LMR,6,1,5,6,2,5101,0,1,0,0,0,-249,-248,-347,-159,-238,-177,1,7
LMR,8,1,7,6,22,-16908,0,1,0,0,0,-249,-248,-249,-249,-248,-215,7,13
LMR,9,6,8,9,2,1742,0,0,1,0,0,248,249,-72,-79,249,218,44,75
LMR,5,1,4,4,3,-7074,0,1,0,0,0,-249,-248,-249,-43,-235,-249,6,19
LMR,5,1,4,5,5,-17393,0,1,0,1,0,-249,-248,-249,-43,-171,-171,5,5
LMR,3,1,2,3,3,-10725,0,1,0,0,0,-239,-238,-254,-50,-153,-168,2,2
LMR,7,5,6,7,2,7864,0,0,0,0,0,-249,-248,-541,-345,-237,-243,14,14
LMR,3,1,2,3,2,8742,0,0,0,0,0,248,249,197,205,337,283,3,4
LMR,10,7,9,10,2,-1654,0,0,0,0,0,248,249,-218,243,249,249,30,32
LMR,10,8,9,9,2,27786,0,1,0,0,1,-249,-248,-254,-224,-243,-249,47,81
LMR,5,1,4,4,2,10596,0,1,0,0,0,248,249,244,345,276,276,2,11
LMR,8,1,7,8,13,-15844,0,1,0,0,0,259,260,258,258,335,279,3,24
LMR,9,6,8,9,2,3595,0,0,0,0,0,-260,-259,-387,-404,-258,-276,18,42
LMR,3,1,2,2,5,5084,0,1,0,0,0,264,265,244,341,277,249,1,7
LMR,4,2,3,4,2,6827,0,0,0,0,0,-260,-259,-281,-171,-222,-229,2,2
LMR,9,1,8,9,4,8817,0,1,0,0,0,259,260,259,384,314,272,2,26
LMR,3,1,2,2,3,12394,0,1,0,0,0,328,329,328,471,342,329,3,5
LMR,3,1,2,3,2,-4559,0,1,0,0,0,259,260,237,318,316,316,1,1
LMR,3,1,2,2,4,1958,0,1,0,0,0,259,260,259,289,267,288,2,2
LMR,9,5,8,8,2,5315,0,1,0,0,1,259,260,236,231,277,277,13,25
LMR,9,4,8,8,2,-14877,0,0,0,0,0,-260,-259,-267,-281,-259,-259,6,10
LMR,3,1,2,2,3,2668,0,1,0,0,0,-267,-266,-271,-230,-263,-266,2,5
LMR,5,1,4,5,2,8572,0,1,0,0,0,-249,-248,-271,-246,-215,-234,2,11
LMR,3,1,2,3,2,6860,0,1,0,0,0,-249,-248,-354,-278,-222,-233,5,12
LMR,5,1,4,5,4,-4235,0,1,0,0,0,-234,-233,-280,169,-150,-162,5,8
LMR,4,1,3,3,2,10044,0,1,0,0,0,-259,-258,-277,1,-251,-262,2,11
LMR,4,1,3,3,3,-15866,0,1,0,0,0,-259,-258,-262,1,-251,-251,1,2
LMR,4,1,3,4,2,-7379,0,1,0,0,1,-267,-266,-275,-209,-166,-203,2,4
LMR,5,1,4,5,10,-4642,0,1,1,1,0,-87,-86,-154,-318,132,48,4,4
LMR,4,2,3,3,7,-5999,0,1,0,0,1,-266,-265,-284,-193,-263,-308,6,5
LMR,14,7,13,13,4,-17083,0,0,0,0,0,232,233,225,22,233,235,9,22
LMR,15,8,14,15,3,-740,0,1,1,1,0,-233,-232,-234,-163,410,194,5,8
LMR,5,3,4,5,2,6796,0,0,0,0,0,55,56,-72,-3,69,142,4,8
LMR,12,5,11,12,2,3825,0,1,1,1,0,-233,-232,-339,-180,208,208,6,7
LMR,7,1,6,7,12,-5937,0,1,1,1,0,8,9,-62,-68,59,162,7,9
LMR,8,3,7,8,2,-14894,0,0,0,0,0,-9,-8,-162,-302,23,-142,3,26
LMR,7,1,6,7,2,2067,0,1,0,1,0,-233,-232,-542,211,87,116,6,6
LMR,8,1,7,8,2,-1280,0,1,0,0,0,-233,-232,-280,-279,-191,-225,4,25
LMR,5,2,4,5,2,-1557,0,0,0,0,0,232,233,109,370,295,284,3,9
LMR,10,4,9,9,3,-10444,0,0,0,0,0,232,233,225,547,233,233,14,43
LMR,14,9,13,14,16,-16094,0,0,0,0,1,232,233,224,238,280,233,17,143
LMR,5,3,4,5,4,17071,0,0,0,0,0,-233,-232,-279,-322,-154,-179,2,3
LMR,5,1,4,5,2,-1258,0,1,0,0,0,232,233,207,297,322,187,3,9
LMR,5,1,4,5,3,10096,0,1,0,0,0,232,233,207,297,284,275,5,11
LMR,5,1,4,4,2,11479,0,1,0,0,0,232,233,190,365,234,255,1,9
LMR,5,1,4,4,4,20319,0,1,0,0,0,232,233,198,467,233,234,5,12
LMR,9,6,8,8,3,111,0,1,0,0,1,247,248,244,282,271,271,61,14
LMR,6,1,5,5,4,-6245,0,0,0,0,0,-248,-247,-286,-347,-247,-247,6,12
LMR,6,1,5,6,5,-12611,0,1,0,0,0,247,248,176,256,254,247,2,23
LMR,9,1,8,8,6,-874,0,1,0,0,0,247,248,239,398,251,247,3,41
LMR,3,1,2,3,2,10835,0,1,0,0,0,247,248,192,259,289,251,2,17
LMR,5,1,4,4,3,-101,0,1,0,0,0,291,292,259,335,308,292,2,9
LMR,5,1,4,5,2,-2679,0,1,0,0,0,268,269,75,433,316,269,3,26
LMR,3,1,2,2,4,-1579,0,1,0,0,0,-232,-231,-234,-173,-221,-240,5,14
LMR,3,1,2,2,5,-5490,0,1,0,0,0,-232,-231,-234,-173,-205,-209,2,3
LMR,4,2,3,3,3,2503,0,1,0,0,1,231,232,214,290,237,232,6,10
LMR,4,1,3,4,2,-91,0,1,0,0,0,247,248,180,318,267,254,13,13
LMR,5,2,4,5,2,34891,0,1,0,0,0,268,269,220,356,344,331,4,6
LMR,7,1,6,7,2,7377,0,1,0,0,0,268,269,258,439,317,269,2,41
LMR,3,1,2,2,2,20695,0,1,0,0,0,-297,-296,-301,-236,-292,-263,2,5
LMR,5,1,4,5,2,12862,0,1,0,0,0,-242,-241,-533,-50,-150,-203,2,11
LMR,6,1,5,4,2,13404,0,1,0,0,0,-242,-241,-243,-228,-241,-241,4,6
LMR,6,2,5,6,3,-6677,0,0,0,0,0,241,242,176,277,276,276,5,12
LMR,8,2,7,8,10,-6383,0,0,1,0,0,241,242,172,186,254,271,4,34
LMR,3,1,2,2,2,5156,0,1,0,0,0,273,274,234,294,278,278,5,21
LMR,5,1,4,4,3,-1623,0,1,0,0,0,273,274,263,436,279,273,3,35
LMR,9,5,8,9,2,-6683,0,0,0,0,0,250,251,172,119,282,267,22,27
LMR,10,5,9,9,2,17172,0,1,0,0,0,-251,-250,-265,-174,-240,-250,8,12
LMR,5,1,4,4,12,355,0,1,1,0,0,-251,-250,-277,-275,-250,-250,11,5
LMR,5,2,4,5,3,2670,0,0,0,0,0,250,251,203,218,275,250,7,28
LMR,3,1,2,2,4,-543,0,0,0,0,0,-251,-250,-258,-348,-229,-229,1,2
LMR,4,1,3,3,7,-4004,0,1,0,0,0,250,251,236,291,274,234,4,13
LMR,9,3,8,8,3,14693,0,1,0,0,1,-251,-250,-256,-334,-236,-242,31,32
LMR,11,4,10,10,12,-16915,0,0,0,0,1,250,251,250,237,265,242,9,76
LMR,4,1,3,3,8,-813,0,1,1,0,0,-251,-250,-251,-296,-215,-296,1,6
LMR,7,4,6,6,2,2679,0,0,0,0,0,250,251,235,256,251,251,19,9
LMR,8,3,7,7,2,15890,0,1,0,0,1,-251,-250,-251,-271,-239,-235,10,20
LMR,11,4,10,9,17,-16484,0,0,0,0,1,250,251,250,237,256,236,17,65
LMR,3,1,2,2,4,8535,0,1,0,0,0,-251,-250,-251,-226,-215,-221,2,2
LMR,3,1,2,2,3,-1756,0,1,0,0,0,-189,-188,-224,-11,-182,-225,4,6
LMR,3,1,2,2,3,9546,0,1,0,0,0,-263,-262,-270,-194,-250,-269,2,8
LMR,3,1,2,2,4,4515,0,1,0,0,0,-263,-262,-269,-194,-254,-255,2,3
LMR,6,1,5,6,2,14495,0,1,0,0,0,-251,-250,-399,-92,-177,-211,2,7
LMR,3,1,2,2,4,3436,0,0,0,0,0,250,251,246,82,265,258,9,3
LMR,6,1,5,6,5,-3472,0,1,0,0,0,-251,-250,-256,-131,-157,-208,3,17
LMR,6,1,5,6,2,16788,0,1,0,0,0,-251,-250,-251,-17,-160,-241,2,15
LMR,5,1,4,5,3,1388,0,1,0,0,0,-118,-117,-196,134,-66,-56,10,8
LMR,5,3,4,5,2,1703,0,0,0,0,0,-251,-250,-270,-76,-124,-231,1,8
LMR,8,2,7,8,4,-13818,0,0,0,1,0,-251,-250,-292,-27,-175,-234,4,18
LMR,11,2,10,11,2,-2791,0,1,0,0,0,250,251,235,250,304,252,6,65
LMR,13,6,12,12,18,-18173,0,0,0,0,0,-251,-250,-279,-287,-250,-251,14,108
LMR,3,1,2,3,3,5077,0,1,0,0,0,305,306,273,370,327,330,6,5
LMR,10,7,9,9,2,22523,0,1,0,0,1,250,251,241,236,251,275,16,38
LMR,12,8,11,11,7,-12688,0,0,0,0,1,-251,-250,-251,-291,-236,-272,35,66
LMR,6,1,5,6,2,13866,0,1,0,0,0,250,251,135,360,260,263,5,8
LMR,4,1,3,4,4,9205,0,1,0,0,0,250,251,250,323,319,251,2,12
LMR,4,1,3,4,2,-921,0,1,1,1,0,-244,-243,-289,-260,147,-104,4,4
LMR,5,1,4,4,5,15093,0,1,0,0,0,271,272,271,351,303,274,5,8
LMR,5,3,4,5,3,8390,0,0,0,0,0,282,283,72,364,359,308,5,5
LMR,11,8,10,9,4,22648,0,1,0,0,1,282,283,282,340,285,288,89,35
LMR,3,1,2,2,7,-5799,0,1,0,0,1,279,280,278,316,316,310,1,1
LMR,3,1,2,3,2,1819,0,0,1,0,0,297,298,176,140,316,303,2,12
LMR,4,1,3,3,2,13771,0,1,0,0,0,-298,-297,-301,-256,-253,-274,4,9
LMR,5,1,4,4,2,3760,0,1,0,0,0,-298,-297,-315,-262,-263,-295,1,28
LMR,5,1,4,4,2,-996,0,1,0,0,0,-298,-297,-312,-142,-281,-124,1,3
LMR,3,1,2,3,2,8214,0,1,0,0,0,277,278,220,390,543,396,1,7
LMR,3,1,2,3,4,376,0,1,0,0,0,297,298,285,306,404,366,2,10
LMR,5,1,4,4,6,-1136,0,1,0,0,0,297,298,259,342,301,310,1,25
LMR,5,1,4,5,2,-8078,0,0,0,0,0,-298,-297,-2065,-299,-281,-283,5,11
LMR,5,1,4,4,2,-1530,0,1,0,0,0,297,298,280,297,305,302,2,11
LMR,8,3,7,6,3,-1832,0,0,0,0,0,-298,-297,-298,-285,-297,-301,5,15
LMR,5,2,4,4,2,-8135,0,0,0,0,0,-298,-297,-305,-297,-297,-297,4,5
LMR,6,4,5,5,2,22112,0,1,0,0,1,297,298,297,297,313,311,8,5
LMR,8,1,7,6,10,-5713,0,0,0,0,0,-298,-297,-298,-285,-297,-309,4,28
LMR,9,6,8,8,3,-975,0,0,0,0,0,-298,-297,-298,-284,-285,-298,30,89
LMR,5,1,4,4,2,15413,0,1,0,0,0,297,298,257,320,310,298,3,9
LMR,4,1,3,4,3,7745,0,1,0,0,0,-298,-297,-321,-209,-229,-241,2,6
LMR,3,1,2,3,2,-2919,0,1,0,0,0,252,253,190,367,275,249,2,5
LMR,6,1,5,5,5,-1995,0,1,0,0,0,297,298,295,420,306,349,3,8
LMR,9,5,8,8,3,1888,0,0,0,0,0,-298,-297,-341,-452,-291,-297,21,40
LMR,4,1,3,4,9,-2188,0,0,1,0,0,268,269,265,220,320,272,1,5
LMR,4,1,3,2,3,7547,0,1,0,0,0,297,298,297,382,298,284,6,7
LMR,6,1,5,5,3,3437,0,1,0,0,0,297,298,297,414,333,297,4,21
LMR,3,1,2,3,2,20270,0,1,0,0,0,297,298,172,251,357,347,2,3
LMR,6,1,5,5,31,-15652,0,1,0,0,0,297,298,297,414,348,334,2,23
LMR,4,1,3,4,4,923,0,1,0,0,0,297,298,297,373,359,323,2,9
LMR,6,1,5,6,3,-661,0,1,0,0,0,297,298,214,427,341,298,5,22
LMR,5,1,4,4,2,8859,0,1,0,0,0,297,298,290,452,305,328,2,5
LMR,3,1,2,2,4,1064,0,1,0,0,0,288,289,264,338,304,289,2,6
LMR,5,1,4,4,2,9163,0,1,0,0,0,297,298,282,348,307,326,2,8
LMR,3,1,2,3,2,28320,0,1,0,0,0,297,298,258,321,399,352,2,3
LMR,5,1,4,4,6,1108,0,1,0,0,0,297,298,283,374,307,338,1,13
LMR,3,1,2,2,5,5137,0,1,0,0,0,277,278,277,341,296,292,1,2
LMR,6,1,5,5,4,5826,0,1,0,0,0,297,298,297,399,314,316,2,10
LMR,6,1,5,5,3,4333,0,1,0,0,0,297,298,297,386,308,298,4,14
LMR,3,1,2,3,4,1564,0,1,0,0,0,282,283,256,334,356,320,1,3
LMR,3,1,2,3,3,8646,0,1,0,0,0,295,296,272,371,342,328,1,5
LMR,5,1,4,4,2,15092,0,1,0,0,0,317,318,317,438,336,371,2,11
LMR,5,1,4,4,2,23547,0,1,0,0,0,317,318,312,392,325,328,7,14
LMR,4,1,3,3,2,21420,0,1,0,0,0,302,303,294,477,306,303,2,9
LMR,3,1,2,3,5,-3187,0,1,0,0,0,317,318,297,397,431,437,2,1
LMR,6,3,5,6,2,37911,0,1,0,0,0,317,318,254,505,363,337,4,0
LMR,6,1,5,5,6,2537,0,1,0,0,0,-272,-271,-279,-260,-269,-239,3,11
LMR,6,1,5,6,2,16843,0,1,0,0,0,-272,-271,-476,-82,-204,-271,2,10
LMR,3,1,2,2,3,8952,0,1,0,0,0,314,315,313,393,338,341,4,7
LMR,5,1,4,3,5,-9059,0,1,0,0,0,-272,-271,-274,-316,-271,-260,4,4
LMR,5,1,4,3,4,-431,0,1,0,0,0,-272,-271,-272,-201,-271,-285,10,5
LMR,4,1,3,4,3,-2796,0,1,0,0,0,271,272,207,308,285,285,2,7
LMR,3,1,2,3,2,12483,0,1,0,0,0,276,277,220,401,369,314,1,2
LMR,7,1,6,7,2,10765,0,1,0,0,0,-272,-271,-315,13,-183,-239,2,17
LMR,8,4,7,8,2,-6095,0,0,0,0,0,271,272,153,135,276,272,18,35
LMR,4,1,3,3,6,-175,0,1,0,0,0,-294,-293,-295,-221,-271,-243,3,8
LMR,3,1,2,2,2,13342,0,1,0,0,0,-303,-302,-329,-255,-300,-292,2,3
LMR,9,1,8,8,4,-5270,0,1,0,0,0,-272,-271,-272,-212,-251,-271,3,31
LMR,3,1,2,2,2,16479,0,1,0,0,0,-272,-271,-272,-156,-253,-221,1,3
LMR,3,1,2,3,3,1002,0,1,0,0,0,-217,-216,-217,22,-153,-164,2,3
LMR,4,1,3,4,5,14745,0,1,0,0,0,-235,-234,-256,10,-158,-195,2,12
LMR,5,1,4,4,7,-9322,0,1,0,0,0,-260,-259,-269,-116,-251,-259,6,18
LMR,7,1,6,7,9,-15056,0,1,0,0,0,-260,-259,-285,-3,-69,-102,1,2
LMR,6,1,5,6,2,-6982,0,1,0,0,0,-260,-259,-334,-73,-201,-272,2,37
LMR,6,1,5,6,3,-494,0,1,0,0,0,-260,-259,-272,-73,-40,-221,1,4
LMR,3,1,2,2,3,1695,0,1,0,0,0,-260,-259,-269,-290,-252,-252,2,2
LMR,4,1,3,4,3,10486,0,1,0,0,0,-260,-259,-295,-115,-42,-143,0,1
LMR,8,1,7,8,5,3642,0,1,0,0,0,-260,-259,-278,0,-221,-198,8,19
LMR,7,1,6,7,2,12550,0,1,0,0,0,-260,-259,-822,-39,-247,-267,5,31
LMR,7,1,6,7,4,7810,0,1,0,0,0,-260,-259,-267,-39,-162,-209,2,7
LMR,6,1,5,6,2,-12991,0,0,0,0,0,259,260,-814,136,275,275,1,5
LMR,6,1,5,6,2,6660,0,1,0,0,0,-260,-259,-268,-252,-211,-272,8,12
LMR,9,5,8,8,2,20076,0,1,0,0,0,-260,-259,-267,-65,-253,-253,17,9
LMR,5,3,4,4,2,5538,0,0,0,0,0,259,260,226,241,268,233,16,10
LMR,9,4,8,8,4,8605,0,1,0,0,1,-260,-259,-270,-228,-259,-252,18,101
LMR,10,8,9,10,2,11814,0,0,0,0,0,259,260,-72,181,306,306,13,9
LMR,5,1,4,5,2,19493,0,1,0,0,0,259,260,188,341,292,283,4,0
LMR,4,1,3,4,2,-2522,0,1,1,0,0,270,271,270,171,330,282,4,4
LMR,8,6,7,7,4,-4615,0,0,0,0,1,-271,-270,-307,-353,-265,-265,15,16
LMR,7,3,6,7,3,-5302,0,0,0,0,0,270,271,166,144,283,277,2,9
LMR,7,1,6,7,9,-15368,0,1,0,0,0,-271,-270,-275,-252,-144,-276,2,13
LMR,8,1,7,8,3,16312,0,1,0,0,0,270,271,214,378,273,319,5,14
LMR,5,1,4,4,6,-4614,0,1,1,0,0,270,271,265,399,303,249,3,4
LMR,9,6,8,7,31,-13018,1,0,0,0,1,-271,-259,-271,-271,-265,-256,21,13
LMR,6,1,5,6,4,2661,0,1,0,0,0,-260,-259,-287,-227,-233,-259,2,14
LMR,5,1,4,5,2,12065,0,1,0,0,0,-260,-259,-351,-45,-250,-220,1,4
LMR,4,1,3,4,2,-3290,0,0,0,0,0,259,260,172,296,294,260,2,8
LMR,5,1,4,5,4,15221,0,1,0,0,0,-260,-259,-260,-378,-83,-196,4,3
LMR,3,1,2,3,3,-1405,0,1,0,0,0,-202,-201,-270,-285,-69,-197,1,2
LMR,3,1,2,3,2,-3712,0,0,0,0,0,201,202,123,373,285,198,2,6
LMR,7,1,6,6,10,-11562,0,1,0,0,0,-260,-259,-277,-133,-254,-254,1,9
LMR,9,4,8,9,2,25281,0,1,0,0,0,-260,-259,-342,-382,-214,-254,7,36
LMR,5,1,4,5,14,-13245,0,1,0,0,0,-260,-259,-268,-272,-159,-175,2,13
LMR,5,1,4,5,4,3075,0,0,0,0,0,259,260,116,-15,272,189,6,23
LMR,5,1,4,5,2,6929,0,1,1,0,0,-260,-259,-294,-131,-149,-189,2,36
LMR,8,1,7,7,10,-12967,0,1,0,0,1,-260,-259,-260,-263,-249,-242,2,56
LMR,10,5,9,9,8,-2672,0,0,1,0,1,259,260,254,254,263,243,12,85
LMR,4,1,3,4,2,5267,0,1,0,0,1,-260,-259,-289,-175,-171,-178,0,3
LMR,4,1,3,4,7,-764,0,0,1,0,0,259,260,180,96,629,295,1,3
LMR,4,1,3,4,2,2387,0,1,0,0,0,-260,-259,-262,-211,-163,-288,1,8
LMR,4,1,3,3,7,-1276,0,1,0,0,0,-260,-259,-262,-211,-248,-248,2,2
LMR,7,1,6,7,2,5112,0,1,1,0,0,-260,-259,-399,-180,-249,-251,3,27
LMR,5,1,4,5,4,-5163,0,0,0,0,0,259,260,180,118,318,280,2,4
LMR,7,1,6,5,24,-23336,0,1,0,0,0,-260,-259,-260,-125,-259,-276,6,10
LMR,7,1,6,7,37,-12280,0,1,0,0,0,-260,-259,-260,-125,-178,-190,4,18
LMR,5,1,4,5,2,22960,0,1,0,0,0,-260,-259,-358,-109,-171,-259,3,5
LMR,6,1,5,6,5,-64,0,1,1,0,0,-260,-259,-268,-178,-190,-263,1,12
LMR,6,1,5,4,12,-12781,0,1,0,0,0,-260,-259,-260,-178,-259,-245,5,7
LMR,5,1,4,3,3,-770,0,1,0,0,0,-260,-259,-266,-48,-259,-239,2,4
LMR,5,1,4,5,6,-6341,0,0,0,0,0,259,260,90,156,337,337,3,4
LMR,5,1,4,5,2,1221,0,1,0,0,0,-260,-259,-493,-128,-201,-324,1,13
LMR,7,1,6,6,7,-1683,0,1,1,0,0,-260,-259,-260,-233,-233,-344,5,12
LMR,8,1,7,8,7,-6360,0,1,1,0,0,-260,-259,-292,-260,-235,-260,14,62
LMR,11,7,10,9,9,-7435,0,0,1,0,1,259,260,259,258,260,260,29,123
LMR,5,1,4,5,2,-7479,0,1,0,0,0,-260,-259,-324,-175,-240,-259,2,8
LMR,7,4,6,6,3,7258,0,0,0,0,0,259,260,259,143,292,293,4,7
LMR,12,5,11,10,12,-13961,0,1,0,0,1,-260,-259,-260,-225,-259,-285,14,58
LMR,3,1,2,3,2,4684,0,1,1,0,0,283,284,-529,299,493,324,3,1
LMR,6,1,5,6,8,-8498,0,0,1,1,0,-271,-270,-271,-295,-158,-178,4,4
LMR,9,3,8,9,2,12850,0,1,0,0,0,270,271,191,386,293,293,1,18
LMR,3,1,2,3,2,1957,0,1,0,0,0,270,271,231,332,420,317,1,3
LMR,3,1,2,3,2,-3213,0,0,1,1,0,-281,-280,-283,-275,147,-128,6,4
LMR,3,1,2,3,2,6291,0,1,0,0,0,330,331,291,443,369,369,1,1
LMR,6,4,5,5,3,-368,0,1,0,0,1,292,293,256,345,307,294,10,15
LMR,4,1,3,4,2,-1276,0,1,0,0,0,270,271,-386,252,330,337,2,3
LMR,5,1,4,5,3,3878,0,1,0,0,0,270,271,187,275,285,285,1,4
LMR,4,1,3,3,4,9916,0,1,0,0,0,248,249,229,331,264,249,2,9

===========================
Total time (ms) : 40
Nodes searched  : 30908
Nodes/second    : 772700
LMR_TOTAL,16620,743,483
