
Position: 1/1 (rn2kbnr/pp3ppp/2p1p3/4q3/8/2N2B2/PPP2PPP/R1BQK2R w KQkq - 0 9)
LMR,4,1,3,2,3,-1276,0,1,0,0,0,27,28,27,208,31,52,4,10
LMR,4,1,3,3,4,-2767,0,1,0,0,0,51,52,39,210,71,51,2,11
LMR,4,1,3,4,6,-4227,0,1,0,0,0,51,52,51,210,117,122,2,18
LMR,4,1,3,4,3,-1263,0,1,0,0,0,51,52,-3,259,186,67,1,3
LMR,3,1,2,3,4,-5105,0,0,0,0,0,-95,-94,-154,32002,-90,-81,2,10
LMR,4,1,3,3,2,7665,0,1,0,0,0,94,95,84,244,120,120,1,2
LMR,3,1,2,2,5,-1276,0,1,0,0,0,249,250,245,233,294,247,2,5
LMR,4,1,3,4,7,-1276,0,1,0,0,0,231,232,172,258,267,244,1,5
LMR,5,1,4,4,3,-2084,0,1,0,0,0,231,232,231,282,247,232,3,9
LMR,4,2,3,3,2,14511,0,0,0,0,0,-248,-247,-281,-332,-247,-236,8,20
LMR,4,1,3,2,2,3553,0,1,0,0,0,-233,-232,-233,-206,-232,-232,3,4
LMR,4,1,3,3,2,8162,0,1,0,0,0,-233,-232,-251,-146,-221,-228,5,8
LMR,4,1,3,4,12,-3139,0,0,0,0,0,224,225,210,227,271,229,2,12
LMR,3,1,2,2,3,-7433,0,1,0,0,0,-225,-224,-225,32002,-205,-208,2,3
LMR,5,1,4,4,5,-15336,0,1,0,1,0,237,238,237,323,269,264,3,5
LMR,3,1,2,2,2,-7117,0,1,0,0,0,237,238,235,282,259,255,3,5
LMR,5,1,4,4,2,-122,0,1,0,0,0,237,238,231,344,256,250,3,29
LMR,6,1,5,6,3,823,0,1,0,0,0,-249,-248,-305,-260,-248,-234,3,27
LMR,8,5,7,7,2,1555,0,0,1,0,0,248,249,240,224,260,236,28,34
LMR,5,1,4,4,10,-5406,0,0,0,0,0,248,249,232,209,285,267,3,7
LMR,4,1,3,4,3,-1407,0,1,0,0,0,260,261,215,275,319,291,2,13
LMR,3,1,2,2,10,-5657,0,1,0,0,0,260,261,240,267,270,269,5,3
LMR,4,1,3,4,2,-1247,0,0,0,0,0,-278,-277,-331,-265,-273,-298,1,15
LMR,5,1,4,4,2,-4476,0,1,0,0,1,-274,-273,-275,-244,-240,-274,3,9
LMR,5,1,4,5,2,3860,0,1,0,0,0,284,285,232,313,338,316,3,12
LMR,4,1,3,4,6,-3241,0,1,0,0,0,296,297,288,313,386,302,1,3
LMR,4,1,3,4,21,676,0,1,1,1,0,296,297,287,308,445,418,3,3
LMR,4,1,3,4,2,820,0,1,0,0,0,312,313,248,330,326,324,2,10
LMR,5,2,4,3,5,-10946,0,0,0,0,1,-313,-312,-314,-330,-312,-277,2,6
LMR,8,3,7,7,6,-5637,0,0,0,0,0,297,298,260,238,298,306,7,26
LMR,9,1,8,8,15,-12422,0,1,0,0,0,-298,-297,-300,-239,-290,-298,1,27
LMR,6,1,5,5,2,506,0,1,0,0,0,-298,-297,-323,-253,-281,-285,3,13
LMR,9,1,8,8,17,-12173,0,1,0,0,0,-298,-297,-298,-239,-278,-286,1,48
LMR,3,1,2,2,4,-15,0,1,0,0,1,276,277,272,266,280,280,2,5
LMR,5,1,4,4,2,13171,0,1,0,0,0,307,308,283,325,308,337,3,11
LMR,5,1,4,4,2,10035,0,1,0,0,0,307,308,273,331,308,317,4,6
LMR,4,1,3,2,2,14809,0,1,0,0,0,307,308,307,350,308,308,3,4
LMR,3,1,2,3,2,4471,0,1,0,0,0,313,314,219,331,362,322,2,3
LMR,5,1,4,5,2,18328,0,1,0,0,0,307,308,265,403,331,356,2,15
LMR,4,1,3,4,8,-1276,0,1,0,0,0,307,308,301,297,372,323,1,2
LMR,3,1,2,3,3,6870,0,1,0,0,0,291,292,280,261,350,308,1,2
LMR,7,2,6,6,2,13366,0,1,0,0,0,307,308,307,298,319,319,6,14
LMR,5,1,4,5,5,-1276,0,0,0,0,0,-308,-307,-369,-454,-297,-297,11,22
LMR,6,1,5,5,2,8782,0,1,0,0,0,307,308,298,449,320,342,1,11
LMR,6,1,5,5,2,9413,0,1,0,0,0,307,308,307,374,328,339,1,14
LMR,6,1,5,6,2,3727,0,1,0,0,0,307,308,296,422,419,345,2,9
LMR,6,3,5,5,8,-13844,0,0,0,0,1,-308,-307,-308,-300,-284,-304,5,9
LMR,4,1,3,3,3,6249,0,1,0,0,0,307,308,299,393,318,318,1,1
LMR,9,5,8,7,2,12609,0,1,0,0,1,307,308,304,300,308,308,27,66
LMR,5,1,4,5,2,13897,0,1,0,0,0,320,321,46,435,323,323,1,5
LMR,4,1,3,4,2,-1276,0,1,0,0,0,320,321,317,439,388,376,1,5
LMR,6,1,5,4,9,-4588,0,1,0,0,0,320,321,320,394,321,353,3,9
LMR,9,2,8,8,3,-11964,0,0,0,0,0,-321,-320,-321,-337,-303,-317,9,30
LMR,3,1,2,2,3,125,0,1,0,0,0,-321,-320,-325,-311,-290,-295,2,2
LMR,5,1,4,5,3,4526,0,1,0,0,0,-309,-308,-318,-261,-209,-264,2,10
LMR,6,1,5,6,4,-1794,0,1,0,0,0,-309,-308,-321,-157,-260,-255,2,9
LMR,6,1,5,6,2,1773,0,1,0,0,0,-309,-308,-336,-271,-271,-288,3,13
LMR,3,1,2,3,2,14049,0,1,0,0,0,-309,-308,-309,-188,-192,-266,2,1
LMR,5,1,4,5,2,9212,0,1,0,0,0,-309,-308,-311,-154,-220,-284,2,17
LMR,3,1,2,3,2,19530,0,1,0,0,0,-309,-308,-309,-199,-190,-266,2,1
LMR,5,1,4,5,2,10241,0,1,0,0,0,-309,-308,-313,-140,-229,-276,2,19
LMR,5,1,4,4,3,-581,0,0,0,0,0,308,309,300,267,324,309,1,9
LMR,5,1,4,5,2,7348,0,1,0,0,0,-309,-308,-333,-274,-267,-309,3,23
LMR,5,1,4,5,2,13876,0,1,0,0,0,-310,-309,-346,-215,-276,-287,3,19
LMR,6,1,5,6,3,-4454,0,1,0,0,0,308,309,264,351,330,324,3,13
LMR,4,1,3,3,10,-3574,0,0,0,0,0,-309,-308,-318,-362,-291,-294,1,3
LMR,5,1,4,4,7,-12551,0,1,0,0,0,308,309,281,323,309,296,7,18
LMR,5,1,4,5,9,4516,0,1,0,0,0,308,309,296,323,357,321,3,12
LMR,7,1,6,6,2,-7233,0,1,0,1,0,308,309,306,500,315,319,5,55
LMR,5,1,4,4,2,4849,0,1,0,0,0,-310,-309,-325,-231,-300,-300,4,10
LMR,6,1,5,5,4,1831,0,1,0,0,0,-310,-309,-315,-260,-288,-298,3,5
LMR,9,5,8,7,7,49,0,0,0,0,1,309,310,309,267,315,315,4,2
LMR,3,1,2,2,6,-5663,0,0,0,0,0,-321,-320,-341,-345,-320,-325,3,5
LMR,4,1,3,3,5,-5619,0,1,0,0,0,320,321,320,325,345,325,4,16
LMR,5,1,4,3,4,-7436,0,0,0,0,0,-321,-320,-324,-343,-320,-320,3,3
LMR,5,1,4,5,2,13645,0,1,0,0,0,320,321,257,399,322,320,1,35
LMR,5,1,4,3,5,-2341,0,1,0,0,0,320,321,320,399,321,324,5,0
LMR,7,1,6,6,6,-8023,0,1,0,0,0,320,321,317,444,357,330,1,12
LMR,4,1,3,4,3,-6456,0,1,0,0,0,320,321,314,352,395,375,1,4
LMR,4,1,3,4,6,-2455,0,0,0,0,0,-321,-320,-354,-314,-105,-303,1,4
LMR,9,2,8,8,18,-12494,0,0,0,0,0,-321,-320,-328,-361,-317,-306,2,24
LMR,4,1,3,4,2,-9573,0,0,0,0,0,-321,-320,-345,-349,-274,-305,7,4
LMR,5,1,4,4,4,144,0,1,0,0,0,320,321,305,356,334,308,2,13
LMR,8,2,7,7,2,1140,0,1,0,0,0,320,321,307,394,336,318,1,33
LMR,8,1,7,7,21,-14481,0,1,0,0,0,320,321,319,394,343,317,1,18
LMR,10,7,9,9,2,2066,0,0,0,0,0,-321,-320,-352,-360,-319,-318,165,26
LMR,7,1,6,7,3,1252,0,1,0,0,0,-309,-308,-341,-208,-287,-293,1,9
LMR,6,1,5,5,11,-9398,0,0,0,0,0,308,309,294,274,323,330,4,2
LMR,7,1,6,6,4,-8914,0,1,0,0,0,-309,-308,-309,-319,-274,-327,3,15
LMR,5,1,4,3,2,-1282,0,1,0,0,0,308,309,308,355,309,333,5,10
LMR,3,1,2,3,2,-474,0,1,0,0,0,308,309,266,294,375,315,1,7
LMR,5,1,4,3,6,-12880,0,1,0,0,0,308,309,308,318,312,311,1,2
LMR,5,1,4,4,4,-9721,0,1,0,0,0,308,309,301,357,309,343,3,5
LMR,6,1,5,6,3,-8695,0,1,0,0,0,308,309,282,309,348,318,2,9
LMR,4,1,3,4,2,11411,0,1,0,0,0,308,309,259,372,375,353,1,4
LMR,5,1,4,4,15,-9140,0,1,0,0,0,318,319,311,374,319,318,2,9
LMR,5,1,4,3,25,-7629,0,1,0,0,0,318,319,318,374,319,319,4,18
LMR,8,5,7,8,2,2241,0,0,0,1,0,308,309,100,-561,310,310,12,10
LMR,4,1,3,3,6,-5389,0,1,0,0,0,-309,-308,-309,-223,-260,-269,3,4
LMR,9,1,8,7,3,1821,0,1,0,0,0,-309,-308,-309,-101,-308,-280,3,35
LMR,3,1,2,2,2,-6033,0,1,0,0,0,-305,-304,-315,-205,-304,-305,5,7
LMR,3,1,2,2,3,-3863,0,1,0,0,0,-305,-304,-305,-205,-268,-274,2,3
LMR,3,1,2,3,2,203,0,1,0,0,0,-304,-303,-995,-153,-215,-241,2,5
LMR,8,6,7,8,2,7119,0,0,0,0,0,289,290,-939,179,293,274,10,10
LMR,4,1,3,3,6,-8406,0,1,0,0,0,-290,-289,-294,-252,-272,-275,2,3
LMR,5,1,4,5,2,17907,0,1,0,0,0,-290,-289,-318,-152,-242,-289,1,6
LMR,4,2,3,3,3,-8588,0,1,0,0,1,-338,-337,-352,-282,-334,-327,4,8
LMR,8,5,7,7,2,11158,0,1,0,0,1,-290,-289,-290,-272,-279,-287,12,17
LMR,4,1,3,3,2,-11857,0,1,0,0,0,-295,-294,-299,32002,-268,-283,2,10
LMR,3,1,2,3,2,-8219,0,1,0,0,0,-277,-276,-292,-277,-175,-258,1,1
LMR,3,1,2,3,6,-5648,0,1,0,0,0,-277,-276,-283,-269,-203,-259,1,1
LMR,5,1,4,4,2,5372,0,1,0,0,0,282,283,262,347,312,307,2,7
LMR,5,1,4,5,2,7903,0,1,0,0,0,-276,-275,-364,-186,-252,-272,3,7
LMR,7,1,6,6,18,-9204,0,1,0,0,1,-276,-275,-276,-235,-236,-272,1,16
LMR,3,1,2,2,3,-3246,0,1,0,0,0,-265,-264,-299,-180,-253,-249,2,4
LMR,3,1,2,3,2,-9022,0,1,0,0,0,-246,-245,-268,-120,-84,-214,1,4
LMR,5,1,4,5,5,-11988,0,0,0,0,0,275,276,227,233,324,306,2,9
LMR,4,1,3,4,14,-11599,0,1,0,0,0,-276,-275,-278,-213,-132,-241,1,3
LMR,6,1,5,5,2,-8941,0,1,0,0,0,-276,-275,-301,-158,-275,-275,1,19
LMR,5,1,4,5,3,-8025,0,1,0,0,0,-276,-275,-288,-246,-209,-253,1,3
LMR,12,6,11,10,6,-16263,0,0,0,0,1,275,276,275,267,278,278,9,29
LMR,3,1,2,3,8,10073,0,1,0,0,0,275,276,240,301,328,319,2,3
LMR,5,1,4,4,4,-2154,0,1,0,0,0,275,276,275,323,285,276,2,14
LMR,5,1,4,5,2,9596,0,1,0,0,0,275,276,255,381,349,307,2,5
LMR,4,1,3,4,2,-4806,0,0,0,0,0,-301,-300,-503,-248,-119,-277,1,2
LMR,6,1,5,5,6,-8054,0,0,0,0,0,-301,-300,-308,-338,-281,-284,2,8
LMR,7,1,6,6,6,-9137,0,1,0,0,0,300,301,290,290,319,286,3,18
LMR,9,2,8,8,27,-13134,0,0,0,0,0,-301,-300,-302,-284,-290,-290,3,46
LMR,4,1,3,4,4,-5392,0,1,0,0,0,-276,-275,-292,-235,-212,-275,1,8
LMR,4,1,3,4,3,981,0,0,0,0,0,275,276,231,234,310,279,2,17
LMR,5,1,4,4,3,-2756,0,1,0,0,0,-276,-275,-279,-216,-262,-278,2,23
LMR,5,1,4,4,7,-3040,0,1,0,0,0,-276,-275,-278,-216,-260,-276,1,10
LMR,3,1,2,2,3,3026,0,0,0,0,0,-301,-300,-322,-354,-300,-300,4,3
LMR,3,1,2,3,4,4332,0,1,0,0,0,-276,-275,-276,-202,-198,-247,1,3
LMR,4,1,3,3,4,-2098,0,0,0,0,0,275,276,254,142,306,300,1,1
LMR,12,5,11,11,13,-16721,0,0,0,0,1,275,276,275,243,289,280,33,44
LMR,3,1,2,2,3,-1673,0,1,0,0,1,275,276,271,367,292,276,2,4
LMR,4,1,3,3,2,-4322,0,0,0,0,0,275,276,244,237,279,278,4,7
LMR,4,1,3,4,2,-4896,0,1,0,0,0,-276,-275,-400,-231,-237,-277,1,13
LMR,4,1,3,4,4,14005,0,1,0,0,0,-276,-275,-277,-231,-223,-253,1,1
LMR,3,1,2,3,2,-4944,0,1,0,0,0,-283,-282,-283,-125,-228,-268,1,2
LMR,5,1,4,4,2,767,0,1,0,0,0,-276,-275,-286,-102,-275,-275,1,3
LMR,3,1,2,3,3,-8827,0,1,0,0,0,-289,-288,-305,-51,-212,-271,2,3
LMR,5,1,4,5,3,5295,0,1,0,0,0,287,288,239,226,337,305,3,10
LMR,7,1,6,5,34,-12316,0,1,0,0,0,287,288,284,460,288,296,5,14
LMR,9,2,8,8,13,-12680,0,0,0,0,0,-288,-287,-294,-325,-268,-268,2,5
LMR,10,4,9,9,3,5778,0,1,0,0,0,287,288,269,348,322,269,3,70
LMR,5,2,4,4,2,164,0,0,0,0,0,262,263,214,204,263,263,2,5
LMR,5,1,4,5,9,-8729,0,1,0,0,0,-263,-262,-266,-208,-204,-263,2,9
LMR,9,1,8,8,2,-8849,0,1,0,0,0,-263,-262,-263,-184,-246,-263,2,26
LMR,9,1,8,7,3,1339,0,1,0,0,0,-263,-262,-263,-184,-259,-263,2,16
LMR,5,3,4,5,2,6259,0,0,0,0,0,262,263,198,232,263,292,6,20
LMR,6,1,5,5,6,-8969,0,1,0,0,0,-263,-262,-263,-184,-243,-287,2,28
LMR,4,1,3,4,5,-1276,0,0,0,0,0,262,263,226,218,323,327,3,5
LMR,4,1,3,4,3,-3858,0,1,0,0,0,-263,-262,-321,-247,-218,-314,1,11
LMR,6,1,5,5,13,-8610,0,1,0,0,0,-263,-262,-263,-184,-255,-264,1,23
LMR,5,1,4,4,2,13622,0,1,0,0,0,287,288,266,398,304,275,1,6
LMR,5,1,4,4,4,-2400,0,1,0,0,0,287,288,275,398,293,290,1,6
LMR,5,1,4,5,2,9879,0,1,0,0,0,287,288,219,430,303,310,6,6
LMR,9,2,8,9,2,5710,0,1,0,0,0,287,288,213,388,338,306,2,27
LMR,10,6,9,9,3,-4195,0,0,0,0,0,-288,-287,-311,-318,-279,-282,18,31
LMR,9,5,8,7,2,10787,0,1,0,0,1,287,288,282,316,289,288,15,28
LMR,8,1,7,7,12,-16585,0,0,0,0,0,-288,-287,-311,-320,-282,-282,2,0
LMR,9,3,8,7,2,18062,0,1,0,0,0,287,288,282,312,288,288,3,6
LMR,3,1,2,3,4,7559,0,1,0,0,0,296,297,278,328,337,320,2,3
LMR,7,1,6,7,8,4171,0,1,0,0,0,287,288,285,353,474,338,1,4
LMR,3,1,2,2,2,12025,0,1,0,0,0,287,288,249,318,293,273,3,10
LMR,5,1,4,4,2,10715,0,1,0,0,0,287,288,256,365,300,285,1,22
LMR,5,1,4,4,3,-5209,0,1,0,0,0,287,288,285,365,321,288,2,4
LMR,6,1,5,6,2,15716,0,1,0,0,0,287,288,272,417,448,415,1,4
LMR,5,1,4,4,7,-18363,0,1,0,1,0,287,288,287,287,311,311,5,6
LMR,7,1,6,5,2,2244,0,0,0,0,0,-288,-287,-288,-354,-287,-307,16,24
LMR,9,3,8,7,2,12953,0,1,0,0,0,287,288,283,388,288,288,4,50
LMR,3,1,2,3,2,-10238,0,1,0,0,1,274,275,-386,343,286,275,2,10
LMR,6,1,5,6,3,16046,0,1,0,0,0,287,288,-1,491,352,342,3,9
LMR,5,1,4,5,2,5007,0,1,0,0,0,287,288,278,410,339,300,3,12
LMR,4,1,3,4,2,-38,0,1,0,0,0,-287,-286,-1026,-144,-261,-274,2,6
LMR,6,2,5,5,3,5213,0,0,0,0,0,-288,-287,-301,-247,-287,-287,9,11
LMR,9,4,8,8,2,19302,0,1,0,0,0,287,288,287,379,315,313,13,22
LMR,3,1,2,2,3,644,0,1,0,0,0,287,288,287,274,315,318,3,2
LMR,5,1,4,4,8,-11965,0,1,0,0,0,287,288,284,288,300,297,3,7
LMR,5,1,4,4,4,-616,0,1,0,0,0,287,288,254,271,288,265,4,10
LMR,7,5,6,6,3,24492,0,0,1,0,0,-288,-287,-288,-278,-265,-265,25,10
LMR,4,1,3,2,5,-7483,0,1,0,0,0,287,288,285,295,288,288,16,4
LMR,8,2,7,7,2,10574,0,1,0,0,0,287,288,267,333,288,288,11,46
LMR,4,1,3,3,2,-3620,0,1,0,0,0,287,288,256,317,303,300,2,2
LMR,8,5,7,8,2,5038,0,0,0,0,0,-305,-304,-353,-338,-297,-297,9,19
LMR,6,2,5,6,2,24098,0,1,0,0,0,304,305,-2760,518,728,652,1,1
LMR,5,1,4,5,2,21099,0,1,0,0,0,304,305,194,466,396,343,1,3
LMR,4,2,3,3,4,602,0,1,0,0,1,268,269,264,288,278,278,5,6
LMR,3,1,2,3,2,8675,0,1,0,0,0,304,305,247,255,322,324,5,3
LMR,6,2,5,5,31,-6764,0,0,0,0,1,-305,-304,-305,-289,-285,-305,2,19
LMR,3,1,2,2,5,601,0,1,0,0,0,282,283,275,416,325,317,1,2
LMR,4,2,3,3,4,-146,0,1,0,0,1,268,269,240,278,273,273,4,6
LMR,3,1,2,3,6,12305,0,0,0,0,0,304,305,224,235,352,319,2,5
LMR,4,1,3,3,2,7095,0,1,0,0,0,-305,-304,-315,-204,-281,-271,2,4
LMR,4,1,3,3,4,1973,0,0,0,0,0,288,289,257,257,295,294,2,3
LMR,5,1,4,4,2,3038,0,1,0,0,0,-289,-288,-298,-265,-278,-293,4,9
LMR,4,1,3,3,4,-3295,0,1,0,0,0,304,305,304,354,338,307,1,8
LMR,5,1,4,5,2,6924,0,1,0,0,0,304,305,270,314,326,306,2,27
LMR,5,1,4,4,2,7439,0,1,0,0,0,304,305,282,360,335,330,3,10
LMR,3,1,2,2,2,17404,0,1,0,0,0,304,305,304,345,328,324,1,1
LMR,5,1,4,4,2,-7816,0,1,0,0,0,304,305,297,348,322,305,4,14
LMR,5,1,4,4,7,10530,0,1,0,0,0,304,305,300,409,323,323,2,5
LMR,5,1,4,4,2,8406,0,1,0,0,0,304,305,301,378,310,301,2,6
LMR,5,1,4,4,6,-5783,0,1,0,0,0,304,305,301,378,340,330,1,3
LMR,7,1,6,6,22,-17042,0,1,0,0,0,304,305,304,355,332,316,3,18
LMR,3,1,2,3,2,13789,0,1,0,0,0,296,297,285,349,344,336,2,3
LMR,3,1,2,3,5,-5739,0,1,0,0,0,389,390,371,444,565,474,3,4
LMR,4,2,3,4,2,8739,0,0,0,0,0,-279,-278,-339,-381,-278,-278,6,8
LMR,4,1,3,4,5,-3309,0,1,0,0,0,278,279,278,399,353,278,1,16
LMR,6,2,5,6,3,-2686,0,0,0,0,0,-305,-304,-365,-408,-274,-301,2,6
LMR,9,1,8,8,27,-17527,0,1,0,0,0,304,305,304,339,336,319,1,14
LMR,3,1,2,2,6,-7848,0,1,0,0,0,280,281,280,338,310,305,2,3
LMR,4,1,3,2,5,-14448,0,1,0,0,1,304,305,298,342,305,305,2,12
LMR,3,1,2,2,3,-1852,0,1,0,0,0,304,305,299,305,314,312,2,3
LMR,8,6,7,8,2,5992,0,0,0,0,0,-305,-304,-384,-345,-302,-309,12,14
LMR,5,2,4,4,2,686,0,0,0,0,0,-305,-304,-339,-388,-297,-299,3,4
LMR,7,1,6,5,5,-13837,0,1,0,0,0,304,305,304,401,311,299,2,9
LMR,5,2,4,5,3,5160,0,0,0,0,0,-305,-304,-441,-332,-304,-304,5,18
LMR,7,1,6,5,14,-7299,0,1,0,0,0,304,305,304,401,305,304,4,27
LMR,5,1,4,4,5,-3583,0,1,0,0,0,304,305,284,347,326,314,1,5
LMR,3,1,2,2,7,-7031,0,1,0,0,0,304,305,298,330,314,305,3,4
LMR,7,1,6,6,15,-10568,0,1,0,0,0,304,305,304,401,315,305,3,38
LMR,6,1,5,4,2,5512,0,1,0,0,0,304,305,304,365,305,305,3,6
LMR,4,1,3,2,2,3057,0,0,0,0,0,-305,-304,-305,-371,-302,-302,2,3
LMR,8,3,7,6,2,20586,0,1,0,0,0,304,305,302,378,305,305,4,8
LMR,3,1,2,2,2,18511,0,1,0,0,0,280,281,280,361,305,301,2,2
LMR,3,1,2,3,7,10203,0,1,0,0,0,304,305,265,312,351,305,2,8
LMR,8,3,7,7,2,21119,0,1,0,0,0,304,305,280,361,323,305,5,27
LMR,6,1,5,5,6,-6088,0,1,0,0,0,304,305,302,458,326,319,4,7
LMR,7,4,6,7,2,4757,0,0,0,0,0,-305,-304,-469,-424,-289,-301,5,9
LMR,7,1,6,7,2,-878,0,1,0,0,0,304,305,232,511,424,301,2,16
LMR,7,1,6,7,3,-5354,0,1,0,1,0,304,305,301,511,364,358,2,7
LMR,7,1,6,6,3,-6458,0,0,0,0,0,-305,-304,-321,-321,-304,-302,16,13
LMR,8,1,7,7,3,1873,0,1,0,0,0,304,305,302,318,330,330,4,21
LMR,4,1,3,4,2,-5217,0,0,0,0,0,-305,-304,-400,-377,-291,-295,6,14
LMR,5,1,4,5,2,12014,0,1,0,0,0,304,305,296,396,360,360,1,9
LMR,4,1,3,3,2,-8549,0,1,0,0,0,-305,-304,-331,-279,-278,-294,5,6
LMR,3,1,2,2,2,-2294,0,0,0,0,0,288,289,288,274,301,301,2,3
LMR,6,1,5,5,2,-3407,0,1,0,0,0,-289,-288,-298,-222,-276,-276,1,6
LMR,6,1,5,5,3,1822,0,1,0,0,0,-289,-288,-289,-188,-261,-280,2,12
LMR,3,1,2,2,2,15955,0,1,0,0,0,-289,-288,-290,-291,-276,-278,3,2
LMR,3,1,2,3,2,7053,0,1,0,0,0,-284,-283,-292,-223,-237,-265,2,3
LMR,4,1,3,3,3,-7987,0,1,0,0,0,-204,-203,-204,-283,-195,-196,2,6
LMR,3,1,2,2,7,-2983,0,1,0,0,0,-288,-287,-288,-191,-260,-265,2,2
LMR,5,1,4,5,5,-4397,0,1,0,0,0,-266,-265,-568,-127,-189,-241,5,16
LMR,5,1,4,3,2,26794,0,1,0,0,0,-266,-265,-266,-268,-265,-260,4,8
LMR,5,1,4,4,4,1744,0,1,0,0,0,-266,-265,-269,-247,-219,-103,1,2
LMR,10,7,9,9,2,31061,0,1,0,0,0,-266,-265,-266,-253,-258,-248,14,18
LMR,3,1,2,2,3,-13684,0,1,0,0,0,-279,-278,-304,-106,-261,-286,1,3
LMR,3,1,2,2,4,-12853,0,1,0,0,0,-279,-278,-286,-106,-273,-289,1,5
LMR,3,1,2,2,5,-1949,0,1,0,0,0,-279,-278,-286,-106,-272,-273,2,6
LMR,5,1,4,4,9,-11061,0,1,0,0,0,-265,-264,-268,-260,-227,-264,3,13
LMR,3,1,2,2,2,27749,0,1,1,0,0,-265,-264,-279,-198,-263,-270,2,5
LMR,7,1,6,7,14,-13494,0,1,0,0,0,-265,-264,-269,-198,-177,-249,1,6
LMR,4,1,3,4,3,-2411,0,1,0,0,0,-265,-264,-314,-197,-88,-225,2,4
LMR,5,1,4,4,4,-3661,0,1,0,0,0,-265,-264,-270,-227,-259,-265,2,7
LMR,5,1,4,4,6,-9722,0,1,0,0,0,-265,-264,-265,-227,-242,-246,1,4
LMR,7,1,6,6,2,-5666,0,1,0,0,0,-265,-264,-270,-213,-248,-249,1,29
LMR,5,3,4,4,2,9913,0,0,0,0,0,264,265,260,213,275,275,6,7
LMR,5,1,4,5,2,93,0,1,0,0,0,-265,-264,-329,-168,-258,-273,3,19
LMR,5,1,4,4,8,-936,0,1,0,0,0,-265,-264,-273,-168,-254,-247,3,8
LMR,4,1,3,4,2,-3700,0,1,0,0,0,-265,-264,-344,-209,-258,-265,2,9
LMR,4,1,3,4,2,8171,0,1,0,0,0,-265,-264,-430,-237,-253,-256,3,10
LMR,7,5,6,6,3,4069,0,0,0,0,0,264,265,258,493,311,303,7,5
LMR,3,1,2,2,3,5470,0,0,1,0,0,264,265,255,246,272,272,4,4
LMR,6,1,5,5,3,-8936,0,1,0,1,0,-265,-264,-270,-240,-240,-260,2,5
LMR,8,4,7,7,2,2225,0,0,0,0,0,264,265,260,246,279,279,15,13
LMR,10,1,9,8,22,-12043,0,1,0,0,0,-265,-264,-265,-265,-260,-277,2,51
LMR,12,4,11,11,7,-5868,0,0,0,0,0,264,265,251,246,265,265,17,126
LMR,5,1,4,4,2,10357,0,1,0,0,0,264,265,262,310,281,278,1,6
LMR,7,1,6,6,2,-1409,0,1,0,0,0,264,265,263,278,281,275,3,26
LMR,4,1,3,3,2,-3627,0,1,0,0,0,264,265,248,312,280,265,2,6
LMR,5,1,4,5,2,3680,0,1,0,0,0,287,288,158,482,289,316,2,14
LMR,4,1,3,4,3,3117,0,1,0,0,0,287,288,274,199,332,317,2,9
LMR,4,1,3,3,17,-1265,0,1,0,0,0,287,288,262,262,288,288,5,21
LMR,5,3,4,4,2,3226,0,0,0,0,0,-288,-287,-311,-263,-262,-288,5,30
LMR,5,1,4,3,3,-3612,0,0,0,0,0,-288,-287,-288,-263,-284,-293,2,3
LMR,7,5,6,6,2,10386,0,0,0,0,0,-288,-287,-315,-310,-285,-285,6,7
LMR,4,1,3,3,8,-1042,0,1,1,0,0,279,280,274,140,301,297,1,3
LMR,4,1,3,4,3,2748,0,0,0,0,0,-280,-279,-304,-332,-140,-293,2,14
LMR,4,1,3,4,2,9461,0,1,0,0,0,279,280,196,332,301,293,2,21
LMR,5,1,4,4,7,-5459,0,1,0,0,0,-281,-280,-282,-198,-249,-270,1,6
LMR,3,1,2,2,2,8349,0,1,0,0,0,265,266,254,310,280,288,4,0
LMR,3,1,2,2,2,5948,0,1,0,0,0,279,280,263,288,288,286,4,3
LMR,5,1,4,5,2,4886,0,1,0,0,0,279,280,229,362,289,280,2,14
LMR,4,1,3,3,2,-5903,0,1,0,0,0,289,290,282,321,290,335,4,7
LMR,4,1,3,4,2,2725,0,1,1,0,0,289,290,256,354,354,342,3,4
LMR,5,1,4,5,2,11418,0,0,1,1,0,-290,-289,-331,-304,-158,-217,5,2
LMR,6,1,5,5,2,3049,0,1,1,0,0,289,290,277,167,293,229,13,21
LMR,8,2,7,7,9,-6488,0,0,0,0,0,-290,-289,-290,-290,-280,-280,8,14
LMR,8,4,7,7,2,6133,0,1,1,0,1,289,290,278,288,290,282,22,65
LMR,5,1,4,5,2,9259,0,1,0,0,0,-267,-266,-316,-125,-232,-256,2,12
LMR,5,1,4,5,2,-7772,0,1,0,0,0,-267,-266,-293,-100,-204,-251,2,7
LMR,4,1,3,3,2,3575,0,1,0,0,0,-267,-266,-267,-200,-224,-231,2,5
LMR,5,1,4,5,2,6262,0,1,0,0,0,-267,-266,-369,-213,-244,-252,3,16
LMR,7,2,6,7,8,-3948,0,0,0,0,0,266,267,233,112,301,301,4,12
LMR,9,2,8,9,3,2197,0,1,0,0,0,-267,-266,-341,-152,-222,-267,4,44
LMR,7,1,6,6,6,-9722,0,0,0,0,0,266,267,259,263,277,275,4,13
LMR,9,1,8,7,4,-8063,0,1,0,0,0,-267,-266,-267,-152,-264,-274,4,29
LMR,3,1,2,3,4,699,0,0,0,0,0,266,267,253,277,509,281,5,10
LMR,8,1,7,7,6,-459,0,0,0,0,0,266,267,220,141,271,277,2,31
LMR,9,1,8,8,24,-11150,0,1,0,0,0,-267,-266,-267,-152,-231,-275,3,41
LMR,13,10,12,13,3,12416,0,0,0,0,0,266,267,170,76,267,267,155,27
LMR,5,1,4,5,3,-11583,0,1,0,0,0,266,267,247,470,344,330,2,8
LMR,7,1,6,6,5,-11332,0,0,0,0,0,-267,-266,-273,-320,-234,-240,2,6
LMR,7,2,6,7,2,12676,0,1,0,0,0,266,267,-929,381,299,243,3,33
LMR,7,1,6,7,4,-4753,0,1,0,0,0,266,267,243,381,316,289,2,14
LMR,6,1,5,5,11,-17269,0,1,0,0,0,266,267,255,417,293,293,1,8
LMR,5,1,4,5,4,-11658,0,0,0,0,0,-267,-266,-329,-342,-251,-251,2,5
LMR,5,1,4,5,3,5067,0,1,0,0,0,266,267,252,292,342,253,1,9
LMR,8,6,7,7,2,-9558,0,0,0,0,1,-267,-266,-289,-331,-253,-262,19,12
LMR,8,1,7,8,18,-11773,0,1,0,0,1,266,267,263,274,331,262,1,57
LMR,5,3,4,5,3,6851,0,0,0,0,0,266,267,206,213,267,269,3,6
LMR,5,1,4,5,9,-1276,0,0,0,0,0,266,267,207,75,279,267,4,9
LMR,6,1,5,5,2,6288,0,1,1,0,0,-267,-266,-268,-226,-239,-267,2,19
LMR,8,1,7,6,2,8090,0,1,1,0,0,266,267,266,294,267,267,6,15
LMR,5,1,4,5,2,6007,0,1,1,0,0,266,267,202,-398,782,695,2,1
LMR,10,7,9,8,2,5781,0,1,0,0,1,-267,-266,-267,-263,-264,-264,23,26
LMR,12,7,11,10,3,6409,0,1,0,0,1,-267,-266,-267,-222,-263,-264,129,325
LMR,3,1,2,2,3,-7033,0,1,0,0,0,-245,-244,-254,-235,-217,-236,7,5
LMR,4,1,3,3,3,1828,0,1,0,0,0,-267,-266,-267,-276,-231,-249,1,1
LMR,6,4,5,5,2,10217,0,0,0,0,0,266,267,245,223,274,274,10,21
LMR,7,1,6,6,2,4149,0,1,0,0,0,-267,-266,-273,-229,-258,-267,3,18
LMR,7,1,6,6,5,-2103,0,1,0,0,0,-267,-266,-267,-229,-254,-267,3,13
LMR,4,1,3,2,2,16749,0,1,0,0,0,266,267,263,304,269,267,4,6
LMR,10,4,9,8,4,9340,0,1,0,0,0,-267,-266,-267,-198,-264,-261,18,39
LMR,4,1,3,4,2,2064,0,1,0,0,0,-267,-266,-270,-248,-210,-240,1,3
LMR,3,1,2,3,2,6992,0,1,0,0,0,-162,-161,-169,-144,-65,-114,3,4
LMR,7,1,6,6,3,2104,0,1,0,0,0,-267,-266,-267,-240,-235,-244,3,4
LMR,5,1,4,4,4,741,0,1,0,0,0,-267,-266,-269,-216,-257,-272,3,6
LMR,9,7,8,8,2,6641,0,0,0,0,0,266,267,246,221,267,267,32,14
LMR,8,1,7,6,17,-15135,0,1,0,0,1,-267,-266,-267,-114,-264,-273,4,21
LMR,10,7,9,8,15,-16988,1,0,0,0,1,266,290,266,280,267,267,133,0
LMR,5,1,4,4,2,-4028,0,1,0,0,0,-289,-288,-302,-207,-288,-288,3,5
LMR,5,1,4,5,11,-11902,0,1,0,0,0,287,288,282,348,365,288,2,11
LMR,6,1,5,4,5,-15265,0,1,0,0,0,-289,-288,-289,-252,-287,-286,3,7
LMR,4,1,3,3,2,-8172,0,1,0,0,0,274,275,274,312,308,275,1,6
LMR,4,1,3,4,4,3700,0,0,0,0,0,254,255,72,109,273,266,3,11
LMR,6,1,5,6,2,24090,0,1,0,0,0,-255,-254,-293,-299,-188,-261,3,24
LMR,6,1,5,6,5,-14707,0,1,0,1,0,-255,-254,-261,-299,-120,-203,5,5
LMR,5,2,4,4,2,-303,0,0,0,0,0,254,255,228,262,255,255,5,6
LMR,10,6,9,9,3,10805,0,0,1,0,0,254,255,233,221,256,255,11,35
LMR,5,1,4,4,2,-10674,0,0,0,0,0,254,255,230,213,255,255,6,8
LMR,8,6,7,7,2,4078,0,0,0,0,0,254,255,208,235,255,255,27,15
LMR,11,8,10,10,2,13919,0,1,0,0,1,-255,-254,-255,-213,-243,-255,23,63
LMR,5,1,4,5,9,-10029,0,1,0,0,0,258,259,258,277,336,259,1,11
LMR,3,1,2,3,4,-3809,0,1,0,0,0,-255,-254,-276,-250,-197,-207,3,2
LMR,8,1,7,8,2,-1276,0,1,0,1,0,-255,-254,-284,-128,-184,-196,5,7
LMR,10,7,9,9,8,-10192,0,0,0,0,1,254,255,202,209,255,255,19,12
LMR,10,4,9,10,4,-2530,0,1,0,0,1,-255,-254,-283,-255,-209,-255,6,56
LMR,13,6,12,11,23,-16763,0,0,0,0,1,254,255,251,221,255,255,16,101
LMR,4,1,3,4,3,-7012,0,1,0,0,0,-255,-254,-293,-226,-214,-189,1,2
LMR,4,1,3,4,2,-1399,0,1,0,0,1,-284,-283,-353,-226,-265,-277,3,11
LMR,3,1,2,3,2,5281,0,1,0,0,0,-270,-269,-311,-143,-210,-237,2,4
LMR,4,1,3,4,2,11402,0,1,0,0,0,-222,-221,-231,-141,-171,-180,1,2
LMR,3,1,2,3,2,7273,0,1,0,0,0,-254,-253,-284,-208,-225,-251,1,5
LMR,5,1,4,4,2,2047,0,1,0,0,0,-255,-254,-281,-235,-242,-230,1,2
LMR,5,1,4,5,3,-2029,0,1,1,0,0,-255,-254,-299,-355,-205,-205,5,3
LMR,6,1,5,5,2,-15154,0,0,0,0,0,254,255,234,231,285,213,5,13
LMR,6,1,5,6,2,12200,0,1,0,0,0,-255,-254,-356,-277,-245,-234,1,28
LMR,5,1,4,4,3,12448,0,1,0,0,0,-255,-254,-255,-186,-246,-191,1,2
LMR,6,1,5,5,7,939,0,1,1,0,0,-255,-254,-255,-424,-221,-241,5,3
LMR,8,3,7,7,8,-10972,0,0,0,0,1,254,255,244,261,255,255,15,25
LMR,5,1,4,4,2,10985,0,1,0,0,0,254,255,239,283,263,298,1,4
LMR,8,1,7,8,2,-6194,0,1,0,0,0,-255,-254,-255,-195,-147,-174,1,10
LMR,7,1,6,7,7,-15628,0,0,0,0,0,254,255,168,252,264,267,4,9
LMR,10,8,9,10,2,10138,0,0,0,0,1,254,255,182,253,265,267,24,37
LMR,12,4,11,10,5,-3267,0,1,0,0,1,-255,-254,-255,-262,-253,-265,7,83
LMR,6,1,5,5,2,9610,0,1,0,0,0,277,278,276,367,296,286,2,10
LMR,5,1,4,5,2,27635,0,1,0,0,0,277,278,235,360,304,312,8,10
LMR,3,1,2,2,6,-4487,0,1,0,0,0,277,278,266,297,280,273,2,7
LMR,5,1,4,3,9,-11371,0,1,0,0,0,277,278,273,273,278,284,2,7
LMR,6,2,5,6,6,-2849,0,0,0,0,0,-278,-277,-330,-298,-273,-283,15,19
LMR,4,1,3,3,3,759,0,1,0,0,0,-270,-269,-276,-267,-267,-267,1,4
LMR,5,1,4,5,7,2022,0,1,1,0,0,-279,-278,-309,-368,-207,-219,5,3
LMR,5,1,4,5,2,3034,0,1,1,0,0,-279,-278,-572,-272,-191,-207,1,2
LMR,4,1,3,4,6,3953,0,1,1,0,0,-279,-278,-328,-389,116,-222,4,3
LMR,9,4,8,8,10,-13768,0,0,0,0,1,278,279,271,266,279,269,43,20
LMR,3,1,2,2,4,-15259,0,1,0,1,0,-279,-278,-294,-278,-262,-265,3,3
LMR,3,1,2,3,6,6545,0,1,1,0,0,-246,-245,-246,-267,-52,-37,2,2
LMR,9,1,8,8,6,8237,0,1,1,0,0,-279,-278,-279,-225,-237,-20,1,3
LMR,5,1,4,5,2,2575,0,1,0,0,0,-279,-278,-380,-250,-243,-249,3,4
LMR,4,1,3,3,2,2485,0,1,0,0,0,-279,-278,-292,-231,-255,-259,1,2
LMR,12,6,11,11,2,12223,0,1,0,0,0,-279,-278,-279,-286,-268,-277,11,81
LMR,3,1,2,3,2,-8493,0,1,0,0,0,-248,-247,-309,-262,-220,-225,1,4
LMR,4,1,3,4,2,1478,0,1,0,0,0,-279,-278,-296,-235,-223,-233,2,3
LMR,4,1,3,3,8,6410,0,1,1,0,0,-279,-278,-279,-257,-265,-267,1,2
LMR,3,1,2,3,8,8669,0,1,1,0,0,-279,-278,-295,-257,4,-58,2,2
LMR,3,1,2,2,3,-1418,0,1,0,0,0,-279,-278,-279,-215,-257,-278,1,4
LMR,5,1,4,4,8,-11229,0,1,0,0,0,-279,-278,-279,-214,-271,-290,1,9
LMR,7,1,6,6,2,6035,0,1,0,0,0,-279,-278,-279,-227,-258,-278,3,31
LMR,7,1,6,7,2,5591,0,1,0,0,0,-279,-278,-324,-113,-215,-268,2,9
LMR,6,1,5,5,3,10557,0,1,0,0,0,-279,-278,-284,-270,-274,-279,5,11
LMR,3,1,2,3,2,4198,0,1,0,0,0,-279,-278,-329,-257,-266,-268,3,6
LMR,4,1,3,4,2,15921,0,1,0,0,0,-279,-278,-350,-229,-268,-270,2,22
LMR,6,1,5,5,6,-10675,0,1,0,0,0,-279,-278,-279,-270,-268,-271,5,43
LMR,5,1,4,4,4,-7023,0,1,0,0,0,-279,-278,-279,-230,-271,-278,2,9
LMR,3,1,2,2,2,2088,0,1,0,0,0,-232,-231,-232,-159,-208,-231,2,4
LMR,5,1,4,5,2,-1201,0,1,0,0,0,-279,-278,-1130,-162,-144,-252,2,5
LMR,9,1,8,8,18,-16519,0,1,0,0,0,-279,-278,-279,-279,-246,-256,6,25
LMR,10,6,9,10,3,-2376,0,0,0,0,0,278,279,-184,177,279,258,30,54
LMR,10,1,9,10,14,-17066,0,1,0,0,0,-279,-278,-283,-260,-207,-258,2,103
LMR,5,1,4,5,2,1259,0,1,0,0,0,-279,-278,-295,-129,-128,-269,1,4
LMR,5,1,4,5,2,-1276,0,1,0,0,0,-279,-278,-302,-145,-248,-278,3,7
LMR,5,1,4,3,9,-3662,0,1,0,0,0,-279,-278,-279,-228,-273,-279,1,8
LMR,10,3,9,8,3,-9258,0,1,0,0,1,-279,-278,-279,-277,-275,-279,3,26
LMR,12,8,11,10,6,4867,0,1,0,0,1,-279,-278,-279,-272,-278,-279,25,46
LMR,5,1,4,4,2,20851,0,1,0,0,0,278,279,263,358,316,316,2,6
LMR,4,1,3,3,2,13437,0,1,0,0,0,278,279,267,359,303,331,1,3
LMR,5,1,4,5,2,20034,0,1,0,0,0,278,279,248,325,313,316,3,11
LMR,14,11,13,13,2,8194,0,1,0,0,1,-279,-278,-289,-249,-277,-279,127,486
LMR,3,1,2,3,3,9732,0,1,0,0,0,278,279,205,190,279,283,6,11
LMR,3,1,2,3,3,3161,0,0,0,0,0,-279,-278,-302,-334,-190,-282,2,20
LMR,5,1,4,5,2,9182,0,1,1,0,0,278,279,277,412,401,379,1,4
LMR,6,3,5,6,3,5930,0,0,0,0,0,-279,-278,-355,-371,-260,-260,4,6
LMR,6,1,5,6,4,4823,0,1,0,0,0,278,279,253,334,371,262,1,14
LMR,10,7,9,9,2,1869,0,0,0,0,0,-279,-278,-287,-288,-267,-267,28,16
LMR,9,5,8,8,3,5523,0,1,0,0,1,278,279,272,288,309,279,25,23
LMR,4,1,3,4,2,24395,0,1,0,0,0,278,279,255,380,368,317,2,6
LMR,5,1,4,5,2,5807,0,1,0,0,0,278,279,254,344,322,309,1,19
LMR,7,1,6,5,6,-6310,0,1,0,0,0,278,279,275,377,279,287,4,18
LMR,9,5,8,8,2,-10362,0,0,0,0,0,-279,-278,-286,-289,-274,-272,13,20
LMR,4,1,3,4,2,4635,0,0,0,0,0,278,279,86,251,505,361,1,3
LMR,8,5,7,7,3,9962,0,1,0,0,1,278,279,272,290,305,289,26,27
LMR,5,1,4,4,2,1065,0,1,0,0,0,278,279,272,357,316,279,2,5
LMR,7,2,6,7,9,-3627,0,0,0,0,0,-294,-293,-373,-317,-286,-281,6,17
LMR,8,2,7,8,2,14305,0,1,1,0,0,293,294,282,235,425,363,2,8
LMR,6,1,5,5,2,15945,0,1,1,0,0,293,294,276,240,323,323,3,10
LMR,5,1,4,3,7,4884,0,1,1,0,0,293,294,290,291,294,304,4,6
LMR,7,4,6,6,2,1686,0,0,0,0,0,-294,-293,-318,-279,-291,-302,24,20
LMR,4,1,3,4,2,-1352,0,1,0,0,0,470,471,158,536,778,808,0,2
LMR,3,1,2,3,2,1112,0,1,0,0,0,293,294,264,275,327,303,1,3
LMR,3,1,2,3,2,17601,0,1,1,0,0,293,294,288,272,403,347,1,1
LMR,5,1,4,3,3,-1418,0,0,0,0,0,-254,-253,-254,-172,-249,-268,2,4
LMR,4,1,3,2,2,7442,0,1,0,0,0,293,294,290,374,294,294,3,6
LMR,5,1,4,4,3,22836,0,1,0,0,0,293,294,290,346,341,333,2,8
LMR,3,1,2,2,2,1782,0,0,1,0,0,-316,-315,-316,-289,-282,-288,2,3
LMR,3,1,2,3,2,4499,0,0,0,0,0,-294,-293,-328,-304,-261,-273,2,6
LMR,4,1,3,4,2,18263,0,1,1,0,0,293,294,278,323,380,364,1,3
LMR,7,1,6,5,17,-16884,0,1,0,0,0,293,294,289,323,294,335,4,22
LMR,9,2,8,8,4,-6332,0,0,0,0,0,-294,-293,-294,-312,-276,-293,9,15
LMR,10,1,9,9,6,-9484,0,1,0,0,0,293,294,289,359,306,293,1,88
LMR,10,1,9,8,12,-14932,0,1,0,0,0,293,294,293,359,294,294,5,29
LMR,7,1,6,7,2,10083,0,1,0,0,0,293,294,286,351,348,294,1,12
LMR,5,1,4,3,4,-3972,0,1,0,0,0,293,294,290,374,294,316,3,4
LMR,4,1,3,2,2,5686,0,1,0,0,0,293,294,293,325,294,294,2,3
LMR,5,1,4,5,2,23678,0,1,0,0,0,293,294,280,364,357,329,2,7
LMR,3,1,2,2,3,8116,0,1,0,0,0,286,287,259,315,287,287,5,12
LMR,6,1,5,5,6,-10088,0,1,0,0,0,293,294,293,362,343,317,2,11
LMR,3,1,2,3,3,-5866,0,1,0,0,0,306,307,261,333,359,349,2,2
LMR,3,1,2,2,2,2828,0,1,0,0,0,301,302,267,327,319,315,2,3
LMR,8,1,7,7,3,10753,0,1,0,0,0,293,294,263,413,309,294,2,12
LMR,3,1,2,2,4,-6675,0,1,0,0,0,279,280,265,341,299,309,2,4
LMR,5,1,4,4,7,-3389,0,1,0,0,0,293,294,282,348,294,294,8,23
LMR,4,2,3,4,2,6437,0,0,0,0,0,-294,-293,-354,-457,-288,-288,9,9
LMR,5,1,4,4,3,-512,0,1,0,0,0,293,294,276,368,294,289,4,22
LMR,9,4,8,7,6,1553,0,0,0,0,0,-294,-293,-294,-380,-289,-289,38,18
LMR,3,1,2,3,4,-1736,0,1,0,0,0,293,294,293,350,368,368,1,3
LMR,10,4,9,9,2,5681,0,1,0,0,0,293,294,289,373,300,298,12,48
LMR,3,1,2,2,2,15012,0,1,0,0,0,301,302,277,282,312,314,5,5
LMR,5,1,4,5,2,8284,0,1,0,0,0,293,294,288,366,554,341,1,9
LMR,3,1,2,2,2,9123,0,1,0,0,0,282,283,274,326,304,301,1,1
LMR,6,2,5,5,3,-6004,0,0,0,0,0,-294,-293,-315,-292,-293,-293,12,10
LMR,7,1,6,6,4,4565,0,0,0,0,0,-294,-293,-298,-345,-287,-289,4,8
LMR,8,1,7,7,3,3860,0,1,0,0,0,293,294,293,340,316,289,5,22
LMR,4,1,3,4,2,-3975,0,0,0,0,0,-294,-293,-337,-300,-135,-247,1,7
LMR,8,1,7,6,5,12111,0,1,0,0,0,293,294,293,340,294,274,5,16
LMR,3,1,2,2,3,11200,0,1,0,0,0,293,294,273,303,294,294,5,3
LMR,6,1,5,5,4,1002,0,0,0,0,0,-294,-293,-294,-297,-277,-293,2,15
LMR,8,1,7,6,8,-8525,0,1,0,0,0,293,294,293,340,297,293,2,37
LMR,6,1,5,5,2,6225,0,1,0,0,0,293,294,279,355,294,298,5,9
LMR,8,3,7,7,15,676,0,0,1,0,0,-294,-293,-334,-567,-284,-284,4,5
LMR,7,2,6,7,2,-10362,0,1,0,0,1,293,294,285,521,339,330,2,12
LMR,5,1,4,4,3,14149,0,1,0,0,0,293,294,283,327,307,307,3,7
LMR,3,1,2,2,3,3233,0,1,0,0,0,271,272,264,359,316,308,2,2
LMR,5,1,4,5,2,2124,0,1,0,0,0,293,294,240,315,294,313,10,14
LMR,7,1,6,6,2,2701,0,1,0,0,0,293,294,290,471,303,296,1,47
LMR,4,1,3,3,4,-2191,0,1,0,0,0,293,294,287,332,298,294,4,13
LMR,7,3,6,6,2,20923,0,1,0,0,0,293,294,286,373,294,294,9,57
LMR,5,2,4,5,2,2383,0,0,0,0,0,-294,-293,-355,-368,-255,-290,2,5
LMR,5,1,4,5,9,-353,0,1,0,0,0,293,294,293,357,368,290,1,9
LMR,8,5,7,6,3,2678,0,0,0,0,0,-294,-293,-294,-312,-293,-290,32,15
LMR,9,3,8,8,2,6138,0,1,0,0,0,293,294,290,355,310,296,9,49
LMR,9,2,8,8,2,9158,0,1,0,0,0,293,294,278,318,302,312,3,13
LMR,8,4,7,6,3,6777,0,1,0,0,1,293,294,289,302,294,291,14,31
LMR,5,1,4,5,2,-8341,0,1,0,0,0,-279,-278,-345,-182,-264,-266,4,12
LMR,4,1,3,4,2,11523,0,1,0,0,0,-279,-278,-580,-238,-145,-264,1,3
LMR,4,1,3,4,5,10210,0,0,0,0,0,278,279,264,225,357,333,4,4
LMR,5,1,4,5,2,6360,0,1,0,0,0,-279,-278,-322,-244,-266,-261,4,10
LMR,4,2,3,4,2,3992,0,1,0,0,1,262,263,198,291,263,263,4,6
LMR,4,1,3,2,4,1034,0,1,0,0,1,293,294,287,309,294,294,4,0
LMR,3,1,2,2,2,-1107,0,1,0,0,0,293,294,281,279,315,317,6,3
LMR,4,1,3,3,2,-8459,0,0,0,0,0,-294,-293,-324,-349,-279,-311,3,11
LMR,5,1,4,4,4,-7211,0,1,0,0,0,293,294,293,368,330,304,1,21
LMR,5,1,4,4,2,-12444,0,1,0,0,0,293,294,267,381,306,319,4,7
LMR,5,1,4,4,4,7667,0,1,0,0,0,293,294,258,401,302,302,10,9
LMR,3,1,2,3,2,-14788,0,1,0,0,0,293,294,-436,78,359,294,1,6
LMR,4,1,3,3,2,-4167,0,0,0,0,0,-271,-270,-280,-139,-234,-240,1,4
LMR,5,1,4,5,2,7954,0,1,0,0,0,270,271,246,340,357,308,1,3
LMR,8,2,7,7,2,10115,0,1,0,0,0,314,315,307,404,342,315,4,18
LMR,5,1,4,4,17,-8376,0,1,0,0,0,-265,-264,-285,-192,-257,-287,2,7
LMR,7,5,6,6,3,-2486,0,1,0,0,1,264,265,259,302,285,265,17,8
LMR,3,1,2,3,4,-7183,0,1,0,0,0,-275,-274,-358,-303,-223,-236,4,5
LMR,8,4,7,6,3,-3143,0,0,0,0,0,-315,-314,-315,-306,-311,-311,9,9
LMR,9,3,8,8,2,18923,0,1,1,0,0,314,315,311,279,356,346,2,13
LMR,6,4,5,6,2,7960,0,0,1,0,0,-315,-314,-400,-452,-312,-311,22,10
LMR,9,1,8,9,5,-7539,0,1,0,0,0,314,315,311,372,369,315,5,25
LMR,8,1,7,7,7,-12760,0,1,0,0,0,314,315,308,384,355,355,1,6
LMR,5,1,4,5,3,-6182,0,1,0,0,0,314,315,311,300,393,356,3,9
LMR,5,2,4,5,3,5550,0,0,1,0,0,-315,-314,-428,-534,-310,-349,1,14
LMR,6,1,5,6,2,6247,0,1,0,0,0,314,315,266,398,394,380,1,5
LMR,12,1,11,11,27,-17665,0,0,0,0,0,-315,-314,-315,-329,-267,-299,3,18
LMR,12,10,11,11,5,-9585,0,0,0,0,1,-315,-314,-315,-294,-300,-300,171,0
LMR,5,1,4,4,2,20504,0,1,0,0,0,314,315,292,281,315,340,2,11
LMR,4,1,3,3,10,-3779,0,0,0,0,0,-315,-314,-315,-332,-282,-288,1,2
LMR,5,1,4,4,2,11413,0,1,0,0,0,314,315,295,359,324,293,3,10
LMR,5,1,4,4,3,-19938,0,1,0,0,0,314,315,302,317,315,309,2,9
LMR,9,1,8,8,11,-17024,0,1,0,0,0,314,315,303,300,315,309,2,31
LMR,9,1,8,7,27,-17560,0,1,0,0,0,314,315,309,300,315,315,3,19
LMR,10,5,9,10,10,1139,0,0,0,0,0,-315,-314,-372,-360,-300,-315,26,78
LMR,4,1,3,3,8,-8701,0,0,0,0,0,-315,-314,-315,-291,-298,-301,2,3
LMR,10,3,9,8,21,-12892,0,0,0,0,0,-315,-314,-315,-360,-310,-310,3,23
LMR,14,11,13,12,2,-17,0,0,0,0,1,-315,-314,-315,-315,-310,-314,183,100
LMR,15,11,14,14,2,10059,0,1,0,0,1,314,315,306,302,315,314,66,397
LMR,5,1,4,4,2,11317,0,1,0,0,0,-315,-314,-340,-269,-303,-303,2,7
LMR,7,1,6,6,2,-4319,0,1,0,0,0,-315,-314,-327,-220,-298,-289,4,16
LMR,5,1,4,5,2,-318,0,1,0,0,0,-315,-314,-712,-242,-286,-286,4,6
LMR,3,1,2,3,2,8857,0,1,1,0,0,-295,-294,-295,-337,-238,-224,3,5
LMR,8,1,7,8,2,5306,0,1,0,0,0,-295,-294,-923,-425,-291,-291,2,6
LMR,5,1,4,5,2,12288,0,1,0,0,0,-295,-294,-356,-181,-239,-239,2,3
LMR,6,1,5,6,5,-4397,0,1,0,0,0,-295,-294,-553,-284,-258,-258,1,4
LMR,10,1,9,8,11,-2841,0,1,1,1,0,-295,-294,-295,-95,-289,-263,3,12
LMR,12,9,11,11,2,5221,0,0,0,0,0,294,295,265,173,295,295,47,39
LMR,4,1,3,3,11,-565,0,0,1,0,0,-295,-294,-303,-348,-251,-286,1,1
LMR,5,1,4,5,3,18446,0,1,0,0,0,294,295,287,325,387,429,7,15
LMR,4,1,3,4,2,16664,0,1,0,0,0,294,295,271,313,335,301,1,3
LMR,6,1,5,6,5,-8129,0,1,0,1,0,-295,-294,-337,-102,-266,31,2,8
LMR,8,3,7,8,3,-16308,0,0,0,0,0,294,295,15,296,303,322,5,21
LMR,11,3,10,10,7,-16244,0,1,0,0,1,-295,-294,-295,-121,-283,-316,5,80
LMR,3,1,2,3,2,19509,0,1,0,0,0,294,295,228,203,363,351,1,3
LMR,13,10,12,11,8,-12814,0,0,0,0,1,294,295,291,255,295,295,316,0
LMR,3,1,2,3,2,-7443,0,1,0,0,0,294,295,222,297,331,309,2,3
LMR,5,1,4,4,2,16530,0,1,0,0,0,294,295,280,427,295,305,1,12
LMR,6,4,5,6,2,9009,0,0,0,0,0,-315,-314,-481,-395,-252,-287,10,13
LMR,9,1,8,9,2,-2264,0,1,1,0,0,314,315,292,295,380,360,2,14
LMR,6,1,5,6,3,-13093,0,0,0,1,0,-315,-314,-1618,-641,-119,-244,7,2
LMR,7,3,6,7,2,27583,0,1,0,0,0,314,315,254,363,397,430,5,7
LMR,5,1,4,5,2,27874,0,1,0,0,0,314,315,256,444,400,415,6,7
LMR,3,1,2,3,2,8926,0,1,0,0,0,314,315,258,427,636,355,1,2
LMR,6,1,5,4,11,-15466,0,1,0,0,0,314,315,308,446,315,315,3,15
LMR,3,1,2,3,2,-12337,0,1,0,0,0,314,315,275,361,333,321,2,3
LMR,3,1,2,2,2,12345,0,1,0,0,0,314,315,306,443,348,346,1,0
LMR,6,3,5,6,2,56,0,0,0,0,0,-315,-314,-1520,-384,-303,-303,8,13
LMR,3,1,2,2,2,-738,0,1,0,0,0,-315,-314,-329,-364,-310,-310,6,6
LMR,9,2,8,8,4,7717,0,1,0,0,0,314,315,311,424,343,344,2,16
LMR,8,1,7,7,5,-8073,0,1,0,0,0,314,315,303,481,351,315,1,12
LMR,5,1,4,5,8,-12408,0,1,0,0,0,314,315,310,374,412,317,1,9
LMR,5,1,4,5,8,-1652,0,0,0,0,0,-315,-314,-367,-327,-295,-295,2,6
LMR,8,1,7,8,2,-9329,0,1,0,0,0,314,315,298,342,371,351,2,19
LMR,10,4,9,9,6,-6020,0,0,0,0,0,-315,-314,-335,-316,-312,-323,8,13
LMR,7,1,6,6,3,10343,0,1,0,0,0,314,315,312,410,353,318,1,8
LMR,3,1,2,3,2,12101,0,1,1,0,0,314,315,273,-2,380,368,1,1
LMR,6,1,5,4,2,4819,0,1,0,0,0,314,315,312,422,315,333,1,12
LMR,3,1,2,2,3,-2615,0,1,0,0,0,274,275,271,372,316,309,1,1
LMR,3,1,2,2,3,-1934,0,1,0,0,0,303,304,296,377,318,318,1,1
LMR,7,2,6,6,3,187,0,1,0,0,1,-315,-314,-317,-288,-299,-304,4,22
LMR,3,1,2,2,6,-6255,0,0,0,0,1,-322,-321,-328,-281,-320,-320,2,4
LMR,4,1,3,4,6,5920,0,1,1,0,0,-295,-294,-296,-341,100,-228,4,3
LMR,4,1,3,4,2,493,0,0,0,0,0,294,295,249,247,341,241,1,9
LMR,4,1,3,4,6,7329,0,1,1,0,0,-295,-294,-308,-317,67,-216,4,3
LMR,4,1,3,4,2,-1072,0,0,0,0,0,294,295,251,205,317,231,4,13
LMR,5,1,4,4,3,16458,0,1,0,0,0,-295,-294,-295,-231,-267,-251,1,24
LMR,5,2,4,4,2,1919,0,0,0,0,0,294,295,270,255,295,295,4,5
LMR,11,5,10,9,7,-5320,0,0,0,0,1,294,295,292,263,295,305,20,25
LMR,6,3,5,6,7,8491,0,0,1,0,0,-295,-294,-332,-357,-244,-244,7,3
LMR,4,1,3,4,2,21201,0,1,0,0,0,-295,-294,-493,-224,-239,-263,3,3
LMR,4,1,3,4,10,4866,0,1,1,0,0,-295,-294,-295,-308,184,-246,4,3
LMR,5,2,4,4,4,5717,0,0,0,0,0,294,295,269,201,295,255,6,16
LMR,5,1,4,5,2,20245,0,1,0,0,0,-295,-294,-520,-239,-263,-269,2,35
LMR,12,10,11,11,2,12075,0,1,0,0,1,-295,-294,-304,-261,-277,-290,37,106
LMR,6,1,5,6,2,4654,0,1,0,0,0,-295,-294,-323,-183,-259,-285,2,12
LMR,5,1,4,4,6,-3240,0,0,0,0,0,117,118,102,49,136,136,2,4
LMR,6,1,5,6,2,5074,0,1,0,0,0,-295,-294,-921,-81,-171,-235,1,6
LMR,3,1,2,2,2,6088,0,0,0,0,0,300,301,284,217,301,301,7,5
LMR,4,1,3,3,2,-1563,0,1,0,0,0,-301,-300,-301,-186,-291,-301,1,19
LMR,12,6,11,10,10,-80,0,0,0,0,1,294,295,291,271,295,294,29,25
LMR,4,1,3,4,3,-5043,0,1,0,0,0,-249,-248,-302,-299,-238,-239,3,13
LMR,3,1,2,2,4,5719,0,1,0,0,0,-295,-294,-303,-252,-283,-313,4,5
LMR,5,1,4,4,2,1553,0,1,0,0,0,-295,-294,-295,-141,-280,-284,2,7
LMR,5,1,4,5,2,528,0,1,0,0,0,-295,-294,-351,-139,-246,-291,1,8
LMR,7,1,6,7,2,2060,0,1,0,0,0,-295,-294,-306,-232,-248,-272,2,9
LMR,3,1,2,3,2,5085,0,0,1,0,0,117,118,58,314,130,113,4,2
LMR,3,1,2,2,8,-7450,0,1,0,0,0,-245,-244,-245,-242,-222,-220,6,6
LMR,7,1,6,6,12,-13671,0,0,0,0,0,-295,-294,-324,-314,-280,-274,3,5
LMR,9,5,8,8,2,7972,0,1,1,0,1,-295,-294,-305,-294,-276,-295,30,45
LMR,5,1,4,5,2,-358,0,1,0,0,0,314,315,272,260,349,323,4,17
LMR,9,1,8,9,4,-2232,0,1,0,0,0,314,315,284,358,340,340,4,16
LMR,5,1,4,4,2,17072,0,1,0,0,0,314,315,311,418,348,381,2,5
LMR,8,1,7,7,14,-15531,0,1,0,0,0,314,315,312,312,340,315,1,17
LMR,9,4,8,9,2,-12308,0,0,0,0,0,-315,-314,-378,-364,-312,-315,12,37
LMR,5,1,4,4,3,9456,0,1,0,0,0,314,315,312,424,323,315,1,10
LMR,5,1,4,4,4,-4267,0,1,0,0,0,314,315,295,313,332,332,2,5
LMR,3,1,2,3,2,676,0,0,1,0,0,294,295,216,107,330,324,2,7
LMR,6,1,5,6,4,-6098,0,1,0,0,0,-295,-294,-316,-79,-238,-238,1,7
LMR,3,1,2,3,2,5406,0,0,0,0,0,294,295,273,300,362,350,2,3
LMR,6,1,5,6,2,-7535,0,1,0,0,0,-295,-294,-336,-190,-250,-280,1,17
LMR,3,1,2,2,4,941,0,1,0,0,0,-295,-294,-300,-250,-285,-295,2,6
LMR,6,3,5,5,2,2527,0,0,0,0,0,294,295,250,248,295,295,16,12
LMR,7,1,6,6,4,-989,0,1,0,0,0,-295,-294,-295,-256,-278,-295,2,33
LMR,7,1,6,5,9,-12314,0,1,0,0,0,-295,-294,-295,-256,-291,-295,2,10
LMR,7,2,6,7,2,-12547,0,0,0,0,0,294,295,204,185,308,308,2,8
LMR,7,1,6,7,13,-16342,0,1,0,0,0,-295,-294,-295,-256,-185,-306,2,12
LMR,5,1,4,4,5,-7740,0,1,0,0,0,-295,-294,-295,-289,-277,-280,3,6
LMR,4,1,3,3,2,-2265,0,1,0,0,0,-295,-294,-307,-205,-270,-288,2,6
LMR,8,1,7,6,2,4699,0,1,0,0,0,-295,-294,-295,-202,-291,-289,2,47
LMR,4,1,3,3,12,-4771,0,0,0,0,0,294,295,282,299,299,298,2,4
LMR,5,1,4,4,2,3313,0,1,0,0,0,-295,-294,-297,-202,-265,-273,4,8
LMR,4,1,3,3,2,670,0,1,0,0,0,-295,-294,-304,-241,-266,-271,2,3
LMR,5,1,4,4,2,-9540,0,0,0,0,0,294,295,275,287,304,302,3,14
LMR,6,1,5,5,6,-6364,0,1,0,0,0,-295,-294,-311,-257,-287,-300,2,26
LMR,4,1,3,3,2,-7992,0,0,0,0,0,294,295,286,284,308,305,3,11
LMR,5,1,4,4,6,-10997,0,1,0,0,0,-295,-294,-300,-344,-284,-303,1,16
LMR,5,1,4,5,4,-7409,0,0,0,0,0,294,295,286,278,344,295,2,36
LMR,6,1,5,5,7,-11040,0,1,0,0,0,-295,-294,-300,-257,-278,-295,2,45
LMR,6,1,5,5,8,2319,0,1,0,0,0,-295,-294,-295,-257,-259,-276,1,4
LMR,8,4,7,7,2,-11420,0,0,0,0,0,294,295,278,306,301,301,7,9
LMR,12,10,11,11,2,11936,0,0,0,0,0,294,295,274,267,295,295,59,194
LMR,11,6,10,9,2,-6367,0,1,0,0,1,-295,-294,-295,-259,-294,-300,16,14
LMR,4,1,3,3,2,19507,0,1,0,0,0,294,295,257,319,295,295,4,12
LMR,4,1,3,2,3,12865,0,1,0,0,0,294,295,289,357,295,295,3,3
LMR,12,10,11,11,3,7116,0,0,0,0,1,294,295,277,278,295,295,417,0
LMR,5,1,4,5,2,-2770,0,1,0,0,0,-118,-117,-125,-11,-54,-65,1,4
LMR,6,1,5,6,2,7960,0,1,1,0,0,-295,-294,-523,-801,-274,-274,1,5
LMR,8,3,7,8,6,707,0,0,0,0,0,294,295,276,106,374,295,7,10
LMR,10,1,9,10,4,-8284,0,1,0,1,0,-295,-294,-405,-344,-294,-295,7,46
LMR,12,9,11,11,5,16251,0,0,0,0,1,294,295,291,284,315,295,47,113
LMR,13,11,12,12,2,16764,0,1,0,0,1,-295,-294,-295,-278,-284,-295,39,191
LMR,3,1,2,3,2,11236,0,1,1,0,0,294,295,280,344,350,341,2,2
LMR,3,1,2,2,3,3054,0,1,0,0,0,273,274,269,305,295,291,2,3
LMR,5,1,4,4,2,7962,0,1,0,0,0,294,295,288,422,326,328,2,5
LMR,5,1,4,4,6,-8067,0,1,0,0,0,314,315,303,529,342,302,1,6
LMR,3,1,2,3,2,5880,0,1,0,0,0,314,315,242,423,340,301,1,3
LMR,5,1,4,4,13,-13729,0,1,0,0,0,314,315,312,529,361,303,1,12
LMR,7,1,6,6,3,-5328,0,1,0,0,0,314,315,312,556,344,357,3,13
LMR,4,2,3,4,3,7690,0,0,1,0,0,-315,-314,-337,-357,-261,-314,1,6
LMR,6,3,5,5,3,-623,0,0,0,0,0,-315,-314,-347,-329,-300,-307,12,19
LMR,7,1,6,6,2,12010,0,1,0,0,0,314,315,314,363,329,308,5,38
LMR,10,2,9,9,9,-5725,0,1,0,0,1,314,315,314,325,324,314,6,80
LMR,8,4,7,8,2,32123,0,1,0,0,0,314,315,208,453,315,321,8,19
LMR,3,1,2,2,2,33164,0,1,0,0,0,314,315,303,474,335,318,1,3
LMR,5,1,4,5,2,20383,0,1,0,0,0,314,315,284,443,366,366,5,8
LMR,4,1,3,3,4,-11133,0,1,0,0,0,314,315,311,385,323,314,5,5
LMR,9,1,8,8,7,-12707,0,1,0,0,0,314,315,314,314,343,334,1,17
LMR,12,3,11,10,13,-8395,0,0,0,0,0,-315,-314,-316,-393,-314,-332,26,29
LMR,4,1,3,4,6,-9965,0,1,0,0,0,314,315,288,355,345,345,1,2
LMR,5,1,4,5,8,-1287,0,1,1,0,0,314,315,243,198,324,324,2,12
LMR,7,2,6,6,3,738,0,0,0,0,0,-315,-314,-322,-295,-308,-315,6,4
LMR,7,1,6,6,14,-9838,0,0,0,0,0,-315,-314,-315,-295,-283,-315,6,6
LMR,5,1,4,4,3,-10258,0,1,0,0,0,314,315,304,362,315,315,2,6
LMR,3,1,2,2,5,1263,0,1,0,0,0,314,315,306,317,315,315,10,5
LMR,11,6,10,10,6,10372,0,0,0,0,0,-315,-314,-315,-288,-302,-302,15,27
LMR,3,1,2,2,4,2752,0,1,0,0,0,307,308,284,317,308,308,2,5
LMR,5,1,4,4,2,10687,0,1,0,0,0,314,315,290,324,328,328,3,4
LMR,7,3,6,5,2,31901,0,1,0,0,0,314,315,314,438,315,335,4,10
LMR,3,1,2,2,4,3592,0,1,1,0,0,-315,-314,-315,-618,-304,-306,1,2
LMR,9,3,8,8,3,16403,0,1,0,0,0,314,315,308,428,317,316,4,0
LMR,4,1,3,4,2,24101,0,1,0,0,0,314,315,263,378,356,349,4,7
LMR,5,1,4,5,2,4550,0,1,1,0,0,314,315,276,414,423,397,1,1
LMR,3,1,2,2,2,674,0,1,0,0,1,278,279,266,283,301,297,3,1
LMR,4,2,3,3,2,2428,0,0,0,0,0,-315,-314,-323,-295,-310,-307,1,7
LMR,9,6,8,7,5,-9228,0,0,0,0,1,-315,-314,-315,-333,-312,-314,28,30
LMR,3,1,2,3,2,12901,0,1,0,1,0,-295,-294,-510,-213,-111,-229,4,3
LMR,5,1,4,4,2,2931,0,1,0,0,0,-295,-294,-297,-195,-259,-274,2,21
LMR,7,5,6,6,4,-5907,0,0,0,0,1,294,295,291,298,321,320,5,3
LMR,9,1,8,9,3,-10096,0,1,0,0,0,-295,-294,-303,-291,-248,-282,2,17
LMR,12,4,11,10,5,-4199,0,1,0,0,1,-295,-294,-295,-303,-291,-295,13,75
LMR,4,1,3,4,2,-11716,0,1,0,1,0,-295,-294,-313,-197,-196,-213,2,2
LMR,4,1,3,2,4,-4573,0,1,0,0,0,-295,-294,-297,-261,-290,-313,1,4
LMR,4,1,3,3,5,-2303,0,1,0,0,0,-295,-294,-297,-261,-284,-286,3,5
LMR,5,1,4,4,5,4771,0,1,0,0,0,-295,-294,-303,-267,-271,-295,6,9
LMR,5,1,4,4,26,-7373,0,1,0,0,0,-295,-294,-295,-267,-286,-295,2,7
LMR,3,1,2,2,6,1757,0,1,0,0,0,-306,-305,-306,-308,-288,-312,10,8
LMR,3,1,2,2,4,-9378,0,1,0,0,0,305,306,305,361,314,306,2,3
LMR,4,1,3,3,4,2729,0,0,0,0,0,-306,-305,-306,-267,-287,-290,2,3
LMR,6,1,5,6,11,-9753,0,0,0,0,0,-306,-305,-341,-323,-255,-289,1,6
LMR,7,1,6,6,4,697,0,1,0,0,0,305,306,300,364,311,291,2,17
LMR,7,1,6,6,10,-12290,0,1,0,0,0,305,306,300,364,312,296,1,18
LMR,5,1,4,4,10,-11950,0,1,0,0,0,305,306,302,333,322,319,1,4
LMR,7,1,6,6,11,-13918,0,1,0,0,0,305,306,300,364,317,316,1,25
LMR,4,1,3,3,5,-9142,0,1,0,0,0,305,306,300,392,311,306,2,4
LMR,3,1,2,3,3,-7051,0,1,0,0,0,336,337,330,388,405,350,1,2
LMR,3,1,2,2,7,-8136,0,1,0,0,0,305,306,303,303,319,306,4,5
LMR,3,1,2,3,3,-4527,0,0,0,0,0,-306,-305,-382,-392,-303,-306,3,13
LMR,3,1,2,3,2,10321,0,1,0,0,0,-296,-295,-296,-205,-135,-254,1,1
LMR,5,1,4,5,2,-870,0,1,1,0,0,305,306,305,308,375,363,1,5
LMR,9,1,8,8,7,-8457,0,1,0,0,0,-307,-306,-307,-222,-282,-307,2,26
LMR,7,1,6,6,7,-9991,0,0,0,0,0,306,307,285,259,307,392,3,12
LMR,10,4,9,9,3,-6376,0,1,0,0,1,-307,-306,-307,-207,-294,-326,9,38
LMR,9,3,8,7,2,-10949,0,1,0,0,1,-307,-306,-307,-278,-305,-307,10,17
LMR,5,1,4,4,4,-9400,0,1,0,0,0,-307,-306,-307,-220,-271,-324,2,6
LMR,6,1,5,4,2,-9225,0,1,0,0,0,314,315,312,438,317,312,2,6
LMR,6,1,5,5,3,150,0,1,0,0,0,314,315,312,438,327,328,2,11
LMR,4,1,3,3,2,13684,0,1,0,0,0,314,315,278,368,315,315,5,12
LMR,5,1,4,5,4,3889,0,1,0,0,0,314,315,274,350,337,315,2,45
LMR,5,1,4,3,12,-6218,0,1,0,0,0,314,315,312,422,315,315,4,6
LMR,9,3,8,8,2,13966,0,1,0,0,0,314,315,309,416,350,315,3,45
LMR,4,1,3,4,2,-7295,0,0,0,0,0,-315,-314,-351,-269,-292,-304,2,7
LMR,7,1,6,6,2,1866,0,1,0,0,0,314,315,306,417,351,351,3,10
LMR,6,1,5,5,3,6095,0,1,0,0,0,314,315,308,321,318,314,3,10
LMR,8,2,7,7,2,14357,0,1,0,0,0,314,315,314,385,330,322,2,8
LMR,7,2,6,6,2,18934,0,1,0,0,0,314,315,308,318,333,330,3,12
LMR,5,1,4,5,3,-1276,0,0,0,1,0,-315,-314,-358,-797,-258,-247,14,9
LMR,6,1,5,6,20,3410,0,1,1,1,0,314,315,264,2,371,371,3,3
LMR,7,2,6,7,7,-4397,0,0,0,0,0,-315,-314,-317,-374,-225,-363,2,30
LMR,7,1,6,7,5,-17021,0,1,0,0,0,314,315,258,97,327,317,7,53
LMR,6,1,5,6,2,2875,0,1,0,0,0,281,282,160,330,283,333,3,9
LMR,3,1,2,2,2,12388,0,1,0,0,0,314,315,311,349,339,339,1,1
LMR,9,4,8,8,4,3930,0,1,0,0,1,314,315,314,337,334,327,9,46
LMR,7,1,6,7,3,-4374,0,1,0,0,0,314,315,282,441,340,338,6,22
LMR,5,1,4,4,12,-11122,0,1,0,0,0,314,315,314,468,364,346,1,4
LMR,9,1,8,9,3,932,0,1,0,0,0,314,315,290,487,369,335,3,56
LMR,4,1,3,4,3,1206,0,1,0,0,0,314,315,283,347,371,328,2,9
LMR,3,1,2,2,3,-5062,0,1,0,0,0,314,315,302,431,348,312,4,7
LMR,6,3,5,6,2,7169,0,0,0,0,0,-315,-314,-398,-480,-314,-312,18,11
LMR,4,1,3,4,2,5210,0,1,0,0,0,-315,-314,-411,-309,-288,-302,2,11
LMR,4,1,3,4,4,-1112,0,1,0,0,0,-315,-314,-356,-350,-279,-285,2,6
LMR,6,2,5,5,2,5806,0,1,0,0,1,-315,-314,-315,-285,-300,-318,2,14
LMR,3,1,2,3,2,720,0,1,0,0,0,314,315,225,330,327,320,1,3
LMR,5,1,4,4,2,-11528,0,1,0,0,0,314,315,309,442,321,318,2,13
LMR,12,6,11,10,2,5899,0,1,0,0,1,314,315,314,304,315,313,44,54
LMR,3,1,2,2,3,3323,0,0,0,0,0,-321,-320,-366,-325,-315,-316,3,5
LMR,4,1,3,3,2,17945,0,1,0,0,0,320,321,317,308,349,344,4,7
LMR,5,1,4,4,8,-7845,0,1,0,0,0,-295,-294,-295,-258,-250,-257,1,2
LMR,4,1,3,3,4,1288,0,1,0,0,0,-295,-294,-316,-288,-270,-274,3,3
LMR,4,1,3,2,5,-12088,0,1,0,0,0,-295,-294,-296,-209,-294,-305,4,7
LMR,6,4,5,5,2,13014,0,0,0,0,0,294,295,263,182,296,295,29,15
LMR,4,1,3,3,2,8608,0,1,0,0,0,314,315,303,400,321,302,2,5
LMR,6,1,5,6,2,-1277,0,1,0,0,0,314,315,303,491,370,320,4,11
LMR,8,1,7,8,3,5373,0,1,0,0,0,314,315,311,522,390,319,1,27
LMR,3,1,2,2,2,-10640,0,1,0,0,0,328,329,320,467,338,314,2,4
LMR,3,1,2,2,3,-8348,0,1,0,0,0,328,329,320,467,359,353,1,1
LMR,3,1,2,3,2,6792,0,1,0,0,0,301,302,263,272,382,340,2,6
LMR,3,1,2,3,2,676,0,0,1,0,0,-556,-555,-727,-581,-442,-442,1,1
LMR,4,1,3,4,5,-17049,0,1,0,0,0,555,556,470,-9,741,628,1,4
LMR,3,1,2,3,2,-7451,0,1,0,0,0,555,556,481,193,594,612,3,3
LMR,6,1,5,6,4,-13339,0,0,0,1,0,-556,-555,-631,-932,-514,-521,2,3
LMR,5,1,4,5,10,-15025,0,1,0,0,0,314,315,314,430,620,340,4,6
LMR,3,1,2,3,2,-5592,0,1,0,0,0,491,492,427,344,607,838,0,1
LMR,5,1,4,5,3,-4915,0,1,0,0,0,314,315,271,457,492,340,1,2
LMR,4,1,3,4,3,-6525,0,1,0,0,0,323,324,289,486,391,337,4,14
LMR,5,1,4,5,2,17708,0,1,0,0,0,314,315,305,517,370,366,2,7
LMR,9,3,8,8,14,-12867,0,0,0,0,0,294,295,284,298,308,308,6,10
LMR,5,1,4,5,2,-1158,0,1,0,0,0,-295,-294,-295,-99,-213,-232,2,6
LMR,5,1,4,4,2,2153,0,1,0,0,0,-295,-294,-332,-247,-294,-253,4,8
LMR,3,1,2,2,3,6358,0,1,0,0,0,298,299,294,329,306,306,2,3
LMR,5,1,4,4,2,6619,0,1,0,0,0,314,315,291,396,343,328,3,11
LMR,4,1,3,3,3,2944,0,1,0,0,0,334,335,334,390,348,354,6,7
LMR,8,4,7,7,4,3056,0,0,0,0,0,-335,-334,-372,-392,-332,-418,4,9
LMR,8,1,7,7,15,-1199,0,0,0,0,0,-335,-334,-372,-392,-320,-305,3,6
LMR,7,2,6,6,4,-200,0,1,0,0,1,334,335,308,411,361,388,3,7
LMR,4,1,3,3,2,-4508,0,0,0,0,0,-335,-334,-365,-367,-327,-329,4,4
LMR,5,1,4,4,3,-9274,0,1,0,0,0,334,335,334,399,344,330,2,10
LMR,3,1,2,3,2,-7399,0,1,0,0,1,-315,-314,-743,-305,-310,-318,2,5
LMR,3,1,2,2,4,-10688,0,1,0,0,1,-315,-314,-318,-305,-310,-310,3,6
LMR,5,1,4,4,3,-3210,0,1,0,0,0,-315,-314,-332,-202,-282,-262,2,9
LMR,5,1,4,3,6,-5017,0,1,0,0,0,-295,-294,-295,-251,-290,-280,1,5
LMR,5,1,4,5,5,-5907,0,1,0,0,0,314,315,294,369,386,333,2,10
LMR,5,1,4,5,4,18232,0,1,0,0,0,314,315,306,409,444,317,1,1
LMR,4,1,3,3,3,12804,0,1,0,0,0,314,315,306,324,320,319,5,5
LMR,3,1,2,3,2,8838,0,0,0,0,0,-315,-314,-395,-555,-215,-276,1,4
LMR,5,1,4,5,2,-1740,0,1,1,0,0,314,315,239,1,369,369,13,10
LMR,6,4,5,6,3,15344,0,0,0,0,0,-315,-314,-485,-689,-284,-360,12,25
LMR,6,1,5,6,2,-2136,0,1,0,0,0,314,315,285,558,525,360,1,41
LMR,8,3,7,8,4,-9264,0,0,0,0,0,-315,-314,-391,-406,-310,-314,9,25
LMR,6,2,5,6,10,-4236,0,0,0,0,1,-315,-314,-359,-352,-284,-284,2,6
LMR,7,3,6,6,2,-5351,0,1,0,0,1,314,315,314,398,352,288,5,15
LMR,11,6,10,10,9,-11107,0,0,0,0,1,-315,-314,-329,-278,-314,-314,74,84
LMR,4,1,3,3,3,4749,0,1,0,0,0,-295,-294,-306,-264,-270,-283,3,7
LMR,4,1,3,3,2,619,0,0,0,0,0,294,295,270,264,298,297,2,3
LMR,5,1,4,4,5,-935,0,1,0,0,0,-295,-294,-298,-243,-279,-296,2,7
LMR,5,1,4,4,6,-7748,0,1,0,0,0,-295,-294,-296,-243,-266,-283,1,6
LMR,3,1,2,2,4,-9558,0,1,0,0,1,-291,-290,-297,-224,-263,-307,3,9
LMR,5,2,4,5,3,-2130,0,0,0,0,0,294,295,288,350,346,367,7,18
LMR,8,6,7,8,2,10831,0,0,0,0,0,294,295,56,235,313,313,24,29
LMR,8,1,7,8,26,-10522,0,1,0,0,0,-295,-294,-310,-207,-251,-311,3,55
LMR,9,4,8,8,2,735,0,1,0,0,1,-295,-294,-308,-224,-283,-274,5,26
LMR,9,1,8,8,14,-8849,0,1,0,0,0,-295,-294,-297,-36,-271,-218,1,7
LMR,9,7,8,8,4,13824,0,1,0,0,1,-295,-294,-318,-250,-294,-304,23,31
LMR,8,1,7,7,8,-5193,0,1,0,0,1,-295,-294,-303,-289,-289,-295,4,18
LMR,6,1,5,5,3,-8330,0,1,0,1,0,294,295,293,455,308,332,2,6
LMR,5,1,4,4,2,4334,0,1,0,0,0,294,295,288,369,315,315,3,3
LMR,4,1,3,3,3,14580,0,1,0,0,0,294,295,282,347,326,320,4,6
LMR,5,1,4,4,2,5565,0,1,0,0,0,-295,-294,-302,-189,-267,-241,1,2
LMR,4,1,3,4,8,-335,0,0,1,0,0,-315,-314,-315,-349,0,-202,6,3
LMR,5,1,4,4,2,2220,0,1,0,0,0,314,315,307,426,337,224,3,17
LMR,5,1,4,5,20,-8021,0,1,0,0,0,314,315,314,426,369,328,3,10
LMR,6,1,5,6,14,-11357,0,1,0,0,0,314,315,293,506,372,350,3,15
LMR,3,1,2,3,2,11182,0,0,0,0,0,282,283,122,241,353,308,3,3
LMR,6,1,5,5,2,2222,0,1,0,0,0,314,315,314,394,327,301,2,6
LMR,9,6,8,8,2,30265,0,1,0,0,0,314,315,314,377,359,352,15,21
LMR,9,5,8,8,2,22540,0,1,0,0,0,314,315,299,335,349,338,9,18
LMR,4,1,3,3,3,11300,0,1,0,0,0,314,315,311,349,322,325,3,9
LMR,6,1,5,5,7,15474,0,1,0,0,0,314,315,284,367,329,323,2,21
LMR,5,1,4,4,3,-8090,0,1,0,0,0,314,315,305,378,335,317,3,22
LMR,3,1,2,2,7,-6321,0,1,0,0,0,314,315,306,385,353,342,1,2
LMR,3,1,2,3,3,1233,0,0,0,0,0,-315,-314,-491,-486,1,1,1,1
LMR,4,1,3,4,2,13500,0,1,0,0,0,-315,-314,-415,-268,-1,-229,1,4
LMR,3,1,2,3,2,13897,0,1,0,0,0,-295,-294,-441,-255,-221,-234,1,3
LMR,5,1,4,5,15,6194,0,1,0,0,1,-295,-294,-298,-241,-188,-333,1,14
LMR,6,1,5,5,2,11912,0,1,0,0,0,294,295,278,370,306,306,1,5
LMR,5,1,4,5,2,9674,0,1,0,0,0,294,295,203,409,320,333,2,8
LMR,8,2,7,7,4,-5104,0,0,0,0,0,-295,-294,-304,-324,-268,-268,5,8
LMR,9,6,8,7,2,5861,0,1,0,0,1,-295,-294,-296,-222,-294,-294,63,0
LMR,4,1,3,4,19,-6627,0,1,0,0,0,-295,-294,-295,-223,-216,-229,1,2
LMR,6,1,5,5,2,12437,0,1,0,0,0,-295,-294,-302,-176,-251,-238,3,8
LMR,3,1,2,3,2,-16293,0,1,0,0,1,-238,-237,-1443,-319,-159,-172,2,2
LMR,3,1,2,3,2,9904,0,1,0,0,0,-262,-261,-272,-198,-201,-211,1,4
LMR,4,1,3,3,3,10525,0,1,0,0,0,-291,-290,-297,-66,-278,-278,1,2
LMR,5,1,4,5,3,-2688,0,1,0,0,0,-267,-266,-267,-69,-177,-261,1,3
LMR,5,2,4,5,2,2912,0,0,0,0,0,-315,-314,-358,-325,-229,-276,5,5
LMR,5,1,4,5,2,-7277,0,1,0,0,0,314,315,258,388,318,282,2,12
LMR,3,1,2,3,2,4691,0,1,0,0,0,-269,-268,-269,-78,-196,-268,1,4
LMR,7,1,6,7,2,-8118,0,1,0,0,0,-267,-266,-750,-159,-262,-245,2,11
LMR,5,1,4,5,7,20263,0,1,0,0,0,266,267,241,288,296,309,2,9
LMR,4,1,3,3,14,-8113,0,0,0,0,0,-267,-266,-277,-267,-261,-261,4,5
LMR,5,1,4,4,2,2582,0,1,0,0,0,266,267,246,253,267,262,3,19
LMR,3,1,2,3,2,3392,0,1,0,0,0,266,267,175,277,275,274,2,3
LMR,5,1,4,4,5,-905,0,1,1,0,0,266,267,262,253,271,272,2,9
LMR,3,1,2,3,3,11217,0,1,0,0,0,266,267,241,362,351,296,8,4
LMR,5,1,4,4,2,8429,0,1,0,0,0,266,267,249,299,271,271,3,0
LMR,7,1,6,6,3,7541,0,1,0,0,0,266,267,257,295,280,270,4,15
LMR,5,1,4,5,4,-1904,0,1,0,0,0,266,267,236,339,323,313,3,4
LMR,3,1,2,2,2,-7159,0,1,0,0,0,266,267,266,295,319,310,2,3
LMR,6,1,5,6,2,10094,0,1,0,0,0,286,287,242,399,473,338,1,3
LMR,3,1,2,2,2,6302,0,0,0,0,0,266,267,237,231,281,283,4,3
LMR,4,1,3,3,2,23078,0,1,0,0,0,-267,-266,-279,-256,-263,-261,2,7
LMR,4,1,3,4,2,8709,0,1,0,0,0,-267,-266,-295,-255,-207,-218,1,1
LMR,5,3,4,5,3,5927,0,0,0,0,0,266,267,225,293,280,267,2,6
LMR,4,2,3,3,3,5452,0,0,0,0,0,266,267,262,261,281,281,2,2
LMR,6,1,5,4,3,9605,0,1,0,0,0,-267,-266,-267,-281,-261,-278,2,7
LMR,11,6,10,10,14,-12202,0,0,0,0,1,266,267,259,282,267,266,29,53
LMR,5,1,4,5,2,15614,0,1,0,0,0,-267,-266,-958,-166,-209,-219,3,5
LMR,6,1,5,5,2,6157,0,1,1,0,0,-267,-266,-280,-208,-263,-263,1,3
LMR,4,1,3,3,2,1874,0,1,0,0,0,-267,-266,-271,-199,-248,-267,1,6
LMR,8,4,7,6,3,302,0,0,0,0,0,266,267,266,273,267,275,14,10
LMR,5,1,4,4,6,-9794,0,1,0,0,0,314,315,297,295,322,321,1,2
LMR,4,1,3,4,2,3891,0,0,0,0,0,-315,-314,-388,-437,-301,-304,3,8
LMR,5,1,4,4,2,8544,0,1,0,0,0,314,315,284,377,315,306,3,15
LMR,3,1,2,3,7,-6104,0,1,0,0,0,-267,-266,-284,-341,-219,-228,2,4
LMR,3,1,2,3,4,1695,0,0,0,0,0,266,267,233,304,341,237,1,12
LMR,6,1,5,6,2,-4128,0,1,0,0,0,314,315,276,374,372,337,7,19
LMR,5,1,4,4,2,8057,0,1,0,0,0,314,315,303,391,319,320,4,4
LMR,5,1,4,5,2,8922,0,1,0,0,0,314,315,306,435,381,352,2,3
LMR,3,1,2,2,4,-2489,0,1,0,0,0,-315,-314,-315,-279,-293,-249,2,1
LMR,5,1,4,4,2,11316,0,1,0,0,0,-315,-314,-317,-242,-298,-276,3,8
LMR,6,1,5,6,2,7822,0,1,1,0,0,-315,-314,-376,-214,-282,-284,2,24
LMR,8,3,7,8,2,26063,0,1,0,0,0,-315,-314,-441,-328,-305,-302,6,42
LMR,6,1,5,5,2,12040,0,1,0,0,0,-315,-314,-319,-291,-286,-266,4,0
LMR,5,1,4,5,2,-3651,0,1,0,0,0,-267,-266,-285,-234,-216,-250,1,4
LMR,8,1,7,7,10,-10979,0,1,0,0,0,-267,-266,-267,-226,-251,-266,2,8
LMR,8,1,7,8,3,-20875,0,0,0,0,0,266,267,224,249,284,283,2,15
LMR,10,7,9,8,2,-2371,0,0,0,0,0,266,267,266,284,267,267,58,0
LMR,7,1,6,7,5,-2074,0,1,0,0,0,266,267,264,316,319,275,1,15
LMR,5,1,4,5,16,5358,0,1,1,1,0,314,315,302,405,690,624,3,3
LMR,3,1,2,3,2,6324,0,0,1,0,0,-315,-314,-315,-415,-246,-258,2,3
LMR,5,1,4,4,4,6148,0,1,0,0,0,314,315,309,433,334,315,2,6
LMR,6,1,5,6,2,7392,0,1,0,0,0,314,315,272,490,365,315,1,26
LMR,5,1,4,4,7,-10316,0,0,0,0,0,-315,-314,-347,-321,-309,-309,3,5
LMR,9,3,8,7,2,6429,0,1,0,0,0,314,315,309,441,315,315,6,17
LMR,4,2,3,3,4,8134,0,0,0,0,0,-315,-314,-333,-297,-287,-287,3,5
LMR,6,1,5,6,2,14056,0,1,0,0,0,-267,-266,-303,-259,-233,-233,1,8
LMR,4,1,3,4,2,9518,0,1,0,0,0,-267,-266,-272,-198,-209,-240,1,2
LMR,4,1,3,4,3,-224,0,1,0,0,0,-267,-266,-346,-446,-266,-264,3,14
LMR,4,1,3,4,8,-12970,0,0,0,0,0,266,267,248,285,446,264,5,20
LMR,5,1,4,5,2,19117,0,1,0,0,0,-267,-266,-267,-255,-200,-266,2,13
LMR,3,1,2,2,4,-5558,0,1,0,0,0,-267,-266,-280,-240,-262,-275,1,3
LMR,4,2,3,3,2,4599,0,0,0,0,0,266,267,249,251,269,268,3,3
LMR,5,1,4,4,2,16304,0,1,0,0,0,-267,-266,-273,-221,-253,-267,2,8
LMR,3,1,2,2,5,-8179,0,1,0,0,0,-267,-266,-297,-304,-252,-267,1,5
LMR,4,1,3,3,5,-1437,0,0,0,0,0,266,267,259,240,304,267,2,11
LMR,5,1,4,4,9,-13626,0,1,0,0,0,-267,-266,-267,-221,-240,-267,1,18
LMR,8,5,7,6,4,167,0,0,0,0,1,266,267,266,244,267,267,49,17
LMR,4,1,3,4,2,6915,0,1,0,0,0,266,267,199,280,301,295,2,4
LMR,4,1,3,4,2,18555,0,1,0,0,0,266,267,262,346,350,290,2,4
LMR,5,1,4,5,3,4606,0,1,0,0,0,266,267,202,384,301,285,2,14
LMR,5,1,4,4,2,4064,0,1,0,0,0,287,288,266,313,299,297,4,7
LMR,5,1,4,5,2,-436,0,1,0,0,0,287,288,252,384,314,294,2,10
LMR,4,1,3,4,3,-2749,0,0,0,0,0,-267,-266,-284,-285,209,-240,2,3
LMR,5,1,4,4,2,-884,0,1,0,0,0,-267,-266,-301,-191,-265,-265,7,6
LMR,4,1,3,4,2,5385,0,1,1,0,0,-267,-266,-383,-278,501,-151,0,1
LMR,9,4,8,8,5,4730,0,1,0,0,1,-267,-266,-274,-254,-259,-265,16,57
LMR,4,1,3,3,4,-10191,0,0,0,0,0,266,267,243,219,270,269,2,4
LMR,5,1,4,4,4,7453,0,1,0,0,0,-267,-266,-276,-184,-250,-268,2,14
LMR,10,5,9,8,4,7705,0,1,0,0,1,266,267,266,298,268,260,27,25
LMR,12,8,11,10,3,22396,0,1,0,0,1,-267,-266,-267,-234,-266,-266,318,0
LMR,8,4,7,8,2,-6444,0,0,0,0,0,266,267,170,201,269,269,8,18
LMR,10,2,9,10,4,3598,0,1,0,0,0,-267,-266,-267,-176,-207,-244,2,24
LMR,10,5,9,9,3,-6128,0,0,0,0,0,266,267,242,210,295,277,20,33
LMR,10,1,9,10,8,-11867,0,1,0,0,0,-267,-266,-276,-161,-210,-276,2,63
LMR,10,1,9,10,22,-13940,0,1,0,0,0,-267,-266,-267,-161,-203,-224,3,15
LMR,5,1,4,5,2,12601,0,1,0,0,0,-267,-266,-1409,-146,-194,-246,1,2
LMR,5,1,4,4,2,10084,0,1,0,0,0,-267,-266,-310,-241,-266,-266,22,11
LMR,5,1,4,4,11,-8180,0,1,0,0,0,-267,-266,-271,-215,-261,-269,4,5
LMR,9,5,8,7,3,-4881,0,0,0,0,0,266,267,264,256,269,267,24,23
LMR,8,5,7,7,4,5636,0,0,0,0,0,266,267,251,255,276,274,10,19
LMR,10,5,9,8,2,17223,0,1,0,0,0,-267,-266,-267,-274,-261,-273,7,37
LMR,4,1,3,4,2,31601,0,1,0,0,0,266,267,202,359,281,267,2,8
LMR,6,1,5,6,2,1047,0,1,0,0,0,-267,-266,-321,-265,-191,-257,1,6
LMR,7,1,6,6,6,-389,0,1,0,0,0,-267,-266,-304,-874,-266,-248,5,13
LMR,8,1,7,8,2,-21186,0,0,0,0,0,266,267,258,265,453,250,1,21
LMR,10,2,9,8,4,7869,0,1,0,0,0,-267,-266,-267,-274,-265,-261,3,49
LMR,5,1,4,5,2,10813,0,1,0,0,0,-267,-266,-281,-154,-202,-240,1,6
LMR,5,1,4,5,2,18848,0,1,0,0,0,-267,-266,-283,-110,-164,-210,1,4
LMR,3,1,2,2,2,7090,0,1,0,0,0,-221,-220,-221,-131,-205,-189,1,5
LMR,3,1,2,3,3,411,0,1,0,0,0,-282,-281,-294,-156,-234,-242,2,4
LMR,5,1,4,5,2,11815,0,1,0,0,0,-267,-266,-2160,-130,35,-237,1,2
LMR,6,1,5,4,3,-4874,0,1,0,0,0,266,267,266,272,267,266,4,9
LMR,11,7,10,9,2,27825,0,1,0,0,0,-267,-266,-267,-230,-266,-266,24,30
LMR,3,1,2,2,2,10913,0,1,0,0,0,-267,-266,-267,-218,-257,-241,3,7
LMR,4,1,3,3,3,20678,0,1,0,0,0,-320,-319,-323,-305,-296,-306,2,7
LMR,4,1,3,2,4,4282,0,1,0,0,0,-267,-266,-267,-273,-263,-263,4,3
LMR,3,1,2,3,2,-3203,0,1,0,0,0,-275,-274,-1712,-83,-274,-274,3,5
LMR,8,1,7,6,2,-1454,0,1,0,0,0,-267,-266,-267,-83,-266,-257,3,16
LMR,4,1,3,3,2,3600,0,1,0,0,0,-271,-270,-275,32002,-261,-270,2,11
LMR,5,1,4,4,2,15767,0,1,0,0,0,-267,-266,-281,-245,-265,-237,1,3
LMR,4,1,3,3,2,-10585,0,1,0,0,1,-302,-301,-309,32002,-301,-302,3,6
LMR,4,1,3,2,2,30315,0,1,0,0,0,-291,-290,-297,-39,-290,-290,2,2
LMR,4,1,3,4,3,4119,0,1,0,0,0,-229,-228,-229,-179,1,-177,1,2
LMR,4,1,3,4,2,14184,0,1,0,0,0,-229,-228,-258,-209,-173,-183,2,2
LMR,7,1,6,6,24,-17994,0,0,0,0,0,228,229,224,249,233,226,2,3
LMR,9,2,8,8,3,-1361,0,0,0,0,0,228,229,224,215,236,226,3,34
LMR,11,2,10,10,31,-16527,0,0,0,0,0,228,229,219,223,238,238,4,17
LMR,13,7,12,11,2,3642,0,1,0,0,0,-229,-228,-229,-183,-223,-237,13,60
LMR,4,1,3,3,5,-6696,0,1,0,0,0,-229,-228,-229,-163,-197,-202,3,4
LMR,5,1,4,5,2,1795,0,1,0,0,0,-229,-228,-229,-99,-168,-179,2,2
LMR,13,6,12,12,4,3174,0,1,0,0,0,-229,-228,-229,-183,-209,-221,5,78
LMR,4,2,3,3,3,4562,0,1,0,0,1,-284,-283,-284,-183,-274,-271,9,5
LMR,4,1,3,3,8,-5465,0,1,0,0,0,228,229,228,258,237,229,2,4
LMR,14,9,13,12,3,-12683,0,0,0,0,1,228,229,226,219,229,229,112,176
LMR,10,4,9,8,2,14198,0,1,0,0,0,228,229,228,319,229,229,12,18
LMR,4,1,3,3,10,-199,0,1,0,0,0,-223,-222,-226,-195,-213,-189,2,5
LMR,5,1,4,4,3,3983,0,1,0,0,0,303,304,279,343,304,294,1,7
LMR,5,1,4,4,2,10405,0,1,0,0,0,-266,-265,-270,-173,-255,-255,2,5
LMR,3,1,2,2,2,-6887,0,1,0,0,0,222,223,188,291,232,222,1,2
LMR,3,1,2,2,4,1486,0,1,0,0,0,222,223,222,291,231,223,2,3
LMR,3,1,2,2,2,13791,0,1,0,0,0,264,265,259,255,289,285,2,2
LMR,3,1,2,2,2,2433,0,1,0,0,0,-273,-272,-273,-187,-260,-272,2,5
LMR,6,1,5,4,25,-11857,0,0,0,0,0,-265,-264,-267,-244,-262,-264,2,4
LMR,3,1,2,3,2,14623,0,1,0,0,0,-273,-272,-293,-216,-175,-224,2,4
LMR,3,1,2,2,3,3897,0,1,0,0,0,-265,-264,-265,-211,-257,-241,2,1
LMR,9,6,8,8,2,2979,0,0,0,0,0,264,265,219,238,265,265,40,40
LMR,3,1,2,2,3,-852,0,1,0,0,0,-264,-263,-295,-243,-254,-238,2,3
LMR,3,1,2,2,2,7766,0,1,0,0,0,308,309,308,306,318,316,6,5
LMR,5,1,4,5,3,17654,0,1,0,0,0,263,264,231,322,294,273,2,4
LMR,6,1,5,6,2,6332,0,1,0,0,0,263,264,248,383,314,289,2,8
LMR,3,1,2,2,3,1712,0,1,0,0,1,-282,-281,-295,-179,-263,-271,2,4
LMR,6,1,5,6,2,1131,0,1,0,0,0,263,264,247,408,380,275,3,10
LMR,4,1,3,4,2,251,0,1,0,0,0,299,300,174,293,347,329,2,6
LMR,5,1,4,4,4,-1811,0,1,0,0,0,263,264,236,324,286,286,3,4
LMR,7,1,6,6,7,-14487,0,1,0,0,0,263,264,232,302,279,282,2,23
LMR,9,6,8,8,4,-15663,0,0,0,0,1,-264,-263,-279,-347,-254,-260,5,5
LMR,10,7,9,9,2,5356,0,1,0,0,1,263,264,260,344,288,264,6,11
LMR,3,1,2,3,2,638,0,1,0,0,0,-265,-264,-272,-200,-197,-237,1,2
LMR,8,4,7,6,3,8829,0,0,0,0,0,264,265,264,221,265,265,18,25
LMR,9,6,8,8,2,35194,0,1,0,0,0,-265,-264,-265,-124,-228,-246,6,20
LMR,3,1,2,3,2,27834,0,1,0,0,0,-299,-298,-357,-134,-252,-297,2,8
LMR,4,1,3,3,2,-2929,0,0,0,0,0,264,265,261,262,291,277,5,4
LMR,8,4,7,7,2,27315,0,1,0,0,0,-265,-264,-274,-134,-241,-248,8,24

===========================
Total time (ms) : 60
Nodes searched  : 45716
Nodes/second    : 761933
LMR_TOTAL,25504,1403,970
