
Position: 1/1 (rn1qk2r/1p3pp1/p1pp1n1p/2b1p3/4P1b1/2PP1NP1/PP1N1PBP/R1BQ1RK1 w kq - 0 9)
LMR,4,1,3,3,17,-3836,0,1,0,0,0,244,245,244,297,265,245,2,10
LMR,4,1,3,3,16,-9404,0,1,0,0,0,293,294,293,347,301,275,2,4
LMR,5,1,4,4,2,6576,0,1,0,0,0,-273,-272,-287,-114,-252,-252,1,4
LMR,4,1,3,4,2,8758,0,1,0,0,0,-273,-272,-273,-106,-211,-248,2,9
LMR,4,1,3,3,2,9299,0,1,0,0,0,-273,-272,-280,-201,-259,-272,7,12
LMR,4,1,3,3,3,-878,0,1,0,0,0,-273,-272,-273,-62,-237,-271,2,13
LMR,4,1,3,2,2,3849,0,1,0,0,0,-273,-272,-273,-85,-267,-267,1,1
LMR,4,2,3,3,2,12919,0,0,0,0,0,260,261,219,173,261,261,8,15
LMR,5,1,4,4,31,-316,0,1,1,0,0,-261,-260,-261,-197,-229,-252,2,7
LMR,5,1,4,4,2,-1387,0,1,1,0,0,274,275,263,314,286,286,2,5
LMR,4,1,3,3,2,2775,0,1,0,0,0,274,275,246,283,299,302,5,10
LMR,5,1,4,3,2,4670,0,1,0,0,0,343,344,339,383,344,370,3,4
LMR,7,1,6,6,9,-11804,0,0,0,0,0,-359,-358,-383,-377,-342,-358,7,23
LMR,5,1,4,4,2,2075,0,1,0,0,0,-330,-329,-335,-287,-321,-319,4,5
LMR,3,1,2,3,2,7403,0,1,0,0,0,-222,-221,-258,-91,-170,-179,1,3
LMR,3,1,2,2,2,2436,0,1,0,0,1,-335,-334,-348,-235,-316,-315,8,6
LMR,7,3,6,6,3,5447,0,1,0,0,1,-310,-309,-310,-235,-301,-294,10,16
LMR,3,1,2,3,2,11598,0,1,0,0,0,-222,-221,-258,-90,-169,-178,1,3
LMR,3,1,2,3,2,11154,0,1,0,0,0,-262,-261,-278,-140,-215,-251,2,8
LMR,5,1,4,4,8,-8234,0,1,0,0,0,-283,-282,-292,-232,-270,-270,2,14
LMR,6,2,5,5,7,-6048,0,0,0,0,1,282,283,272,264,304,284,1,14
LMR,6,1,5,6,16,297,0,0,1,0,0,-309,-308,-329,-400,-266,-273,5,5
LMR,7,1,6,7,2,7749,0,1,1,0,0,308,309,278,386,841,344,1,1
LMR,8,6,7,7,2,4446,0,0,1,0,0,-309,-308,-335,-320,-299,-300,16,36
LMR,3,1,2,2,2,846,0,1,0,0,0,-218,-217,-218,-239,-204,-206,2,3
LMR,3,1,2,2,2,4544,0,1,0,0,0,-251,-250,-251,-118,-222,-227,2,3
LMR,3,1,2,3,2,6814,0,1,0,0,0,-290,-289,-405,-79,-267,-289,2,5
LMR,4,1,3,4,2,12031,0,1,0,0,0,-282,-281,-282,-49,-211,-187,1,2
LMR,6,1,5,6,2,-3028,0,1,0,0,0,-247,-246,-281,-275,-35,-195,1,14
LMR,3,1,2,2,3,-8912,0,1,0,0,0,-290,-289,-290,-281,-270,-273,2,2
LMR,5,1,4,4,2,16212,0,1,0,0,0,-290,-289,-308,-179,-285,-289,3,21
LMR,5,1,4,5,3,3375,0,1,0,0,0,-290,-289,-290,-181,-235,-257,4,16
LMR,3,1,2,3,2,8430,0,1,0,0,0,-285,-284,-327,-101,-264,-285,2,7
LMR,9,2,8,7,3,-11742,0,0,0,0,0,289,290,289,232,292,292,12,9
LMR,4,1,3,3,2,2938,0,1,0,0,0,-290,-289,-297,-206,-289,-247,4,6
LMR,4,1,3,4,2,10157,0,1,0,0,0,-290,-289,-290,-182,-215,-228,2,6
LMR,8,1,7,8,12,-13119,0,1,0,0,1,-290,-289,-290,-101,-226,-277,2,41
LMR,4,1,3,3,2,-1260,0,1,0,0,0,-290,-289,-320,-243,-283,-290,1,10
LMR,6,4,5,5,2,3082,0,0,0,0,0,289,290,274,299,290,290,19,19
LMR,10,3,9,8,20,-16224,0,0,0,0,1,289,290,289,273,293,290,3,53
LMR,6,1,5,5,13,-1015,0,0,1,0,0,-290,-289,-304,-706,-265,-289,4,5
LMR,7,1,6,7,2,9943,0,1,1,0,0,289,290,289,418,1161,1007,1,1
LMR,4,1,3,4,2,6919,0,1,0,0,0,300,301,300,376,389,356,2,9
LMR,5,1,4,5,2,8873,0,1,0,0,0,300,301,262,385,333,345,2,22
LMR,7,1,6,7,4,-1612,0,1,0,0,0,300,301,271,414,325,292,2,7
LMR,5,1,4,5,6,-2897,0,1,0,0,0,300,301,278,361,474,301,2,11
LMR,7,1,6,6,14,-12976,0,1,0,0,0,300,301,300,414,326,301,1,32
LMR,5,1,4,5,3,-14,0,1,0,0,0,300,301,279,398,335,350,4,11
LMR,5,2,4,5,2,-295,0,0,0,0,0,-301,-300,-356,-323,-267,-290,3,22
LMR,5,1,4,5,2,10698,0,1,0,0,0,300,301,265,331,365,335,1,5
LMR,8,6,7,7,3,21677,0,1,0,0,1,300,301,292,317,311,301,6,17
LMR,4,1,3,2,2,11042,0,1,0,0,0,306,307,306,345,307,307,8,3
LMR,3,1,2,3,3,-691,0,1,0,0,0,-276,-275,-382,-275,-181,-228,1,3
LMR,5,1,4,4,9,16716,0,1,0,0,0,300,301,261,382,301,301,3,13
LMR,6,1,5,6,2,999,0,1,0,0,0,-276,-275,-1226,-36,-240,-295,1,24
LMR,4,1,3,4,4,1481,0,1,0,0,0,-276,-275,-438,-212,-184,-200,3,6
LMR,6,1,5,5,4,-1276,0,1,0,0,0,-276,-275,-276,-36,-247,-275,2,20
LMR,5,1,4,5,2,11432,0,1,0,0,0,-301,-300,-301,-215,-205,-251,1,6
LMR,3,1,2,2,3,8688,0,1,0,0,0,-238,-237,-238,-192,-208,-213,2,3
LMR,7,1,6,6,6,-6476,0,1,0,0,0,-281,-280,-293,-162,-256,-240,2,16
LMR,4,1,3,4,2,4963,0,1,1,0,0,-281,-280,-311,-137,-217,-228,3,4
LMR,6,1,5,6,2,12616,0,1,0,0,0,-281,-280,-486,-49,-234,-250,5,24
LMR,7,1,6,7,11,-1736,0,1,1,0,0,-281,-280,-283,-148,-211,-259,3,8
LMR,4,2,3,3,2,2215,0,1,1,0,1,-236,-235,-254,-333,-235,-223,13,8
LMR,3,1,2,3,2,11187,0,1,0,0,0,-366,-365,-480,-344,-353,-365,2,6
LMR,5,1,4,5,2,-7604,0,1,0,0,0,-281,-280,-404,-200,-225,-234,1,5
LMR,5,1,4,4,3,3335,0,1,0,0,0,-281,-280,-281,-231,-268,-250,1,11
LMR,5,1,4,4,2,6605,0,1,0,0,0,-281,-280,-287,-181,-239,-238,1,4
LMR,5,2,4,4,4,-165,0,1,0,0,1,-309,-308,-317,-180,-308,-303,4,16
LMR,4,1,3,4,4,676,0,0,1,0,0,280,281,202,178,476,303,0,2
LMR,6,1,5,5,2,8057,0,1,0,0,0,-281,-280,-281,-240,-250,-250,7,10
LMR,11,7,10,10,3,11072,0,1,0,0,1,-281,-280,-281,-224,-272,-272,14,52
LMR,4,1,3,3,2,9620,0,1,0,0,0,-298,-297,-298,-129,-264,-227,1,3
LMR,8,1,7,8,2,-5853,0,1,0,0,0,-268,-267,-310,-146,-204,-215,2,16
LMR,4,1,3,4,3,-6387,0,1,0,0,0,-268,-267,-468,-348,-265,-230,3,11
LMR,10,7,9,8,18,-16569,1,0,0,0,1,267,280,267,112,268,268,22,16
LMR,5,1,4,5,7,-9947,0,1,0,0,0,-269,-268,-327,-228,-219,-218,1,4
LMR,4,2,3,4,2,5318,0,0,0,0,0,196,197,116,122,232,227,4,5
LMR,5,1,4,4,4,-6046,0,1,0,0,0,-197,-196,-197,65,-144,-144,2,5
LMR,3,1,2,2,4,-2361,0,0,1,0,0,267,268,267,230,314,314,1,1
LMR,6,1,5,6,9,-2964,0,1,0,0,0,-268,-267,-302,-164,-74,-255,2,4
LMR,5,1,4,5,2,676,0,1,1,0,0,-193,-192,-436,-360,100,-138,3,2
LMR,7,1,6,7,5,-2721,0,1,0,0,0,-268,-267,-272,82,-170,-164,1,9
LMR,5,1,4,4,3,-1836,0,0,0,0,0,267,268,252,246,268,268,2,4
LMR,8,1,7,7,6,-8920,0,1,0,0,0,279,280,274,349,319,280,7,22
LMR,4,1,3,4,8,-9095,0,1,0,0,0,279,280,269,295,328,319,2,2
LMR,5,2,4,4,2,-6386,0,0,0,0,0,-280,-279,-311,-233,-271,-318,2,3
LMR,5,1,4,5,8,-11533,0,0,0,0,0,-280,-279,-311,-233,-257,-261,2,3
LMR,5,1,4,5,2,-5274,0,1,0,0,0,279,280,187,376,356,343,1,6
LMR,8,1,7,8,4,-15856,0,1,0,0,0,279,280,264,395,321,299,1,21
LMR,6,1,5,6,2,2292,0,1,0,0,0,279,280,-1186,443,323,368,1,5
LMR,4,1,3,3,4,2932,0,1,0,0,0,279,280,258,320,298,298,3,4
LMR,7,1,6,6,9,-8917,0,1,0,0,0,279,280,262,453,297,294,4,24
LMR,7,1,6,6,3,10393,0,1,0,0,0,279,280,279,374,325,325,2,9
LMR,4,1,3,4,3,-1276,0,0,0,0,0,290,291,235,223,363,465,2,8
LMR,4,1,3,4,3,-2058,0,1,0,0,0,-291,-290,-309,-303,-223,-430,1,12
LMR,4,1,3,3,14,-10194,0,1,0,0,0,270,271,259,406,274,271,3,4
LMR,4,1,3,2,3,-6233,0,1,0,0,0,270,271,267,391,271,271,2,2
LMR,3,1,2,2,9,-5767,0,1,0,0,0,287,288,263,312,288,288,4,8
LMR,3,1,2,3,3,13064,0,0,0,0,0,279,280,228,217,290,280,2,15
LMR,3,1,2,3,2,-2227,0,1,0,0,0,-280,-279,-293,-249,-217,-280,1,21
LMR,3,1,2,3,2,14507,0,1,0,0,0,279,280,131,219,296,319,5,6
LMR,4,1,3,3,15,-4900,0,1,0,0,0,290,291,288,478,302,283,2,7
LMR,5,1,4,3,7,-5485,0,1,0,0,0,473,474,473,513,474,473,3,12
LMR,5,1,4,5,2,9317,0,1,0,0,0,285,286,247,384,343,333,1,3
LMR,7,1,6,6,2,7206,0,1,0,0,0,319,320,293,414,320,320,6,22
LMR,5,1,4,3,2,-3107,0,1,1,0,0,319,320,316,379,320,338,4,5
LMR,12,3,11,11,11,-13259,0,0,0,0,0,-320,-319,-324,-317,-303,-339,6,41
LMR,12,3,11,10,19,-16783,0,0,0,0,0,-320,-319,-324,-317,-319,-281,3,13
LMR,5,1,4,4,3,2190,0,1,0,0,0,-320,-319,-320,-248,-300,-320,3,7
LMR,5,1,4,3,7,-9936,0,1,0,0,0,-320,-319,-320,-248,-319,-304,3,5
LMR,5,1,4,4,8,-12774,0,1,0,0,0,-320,-319,-339,-283,-319,-320,4,11
LMR,5,1,4,4,9,-10451,0,1,0,0,0,-320,-319,-320,-283,-285,-306,1,3
LMR,5,1,4,4,3,-1277,0,1,0,0,0,-320,-319,-334,-344,-299,-319,1,6
LMR,6,1,5,6,3,-15938,0,1,0,0,0,-320,-319,-558,-120,-145,-246,2,7
LMR,7,1,6,6,16,-13425,0,1,0,0,0,-320,-319,-338,-320,-316,-316,7,20
LMR,8,3,7,8,3,-10137,0,0,0,0,0,319,320,256,228,320,316,7,45
LMR,8,1,7,8,2,2754,0,1,0,0,0,-320,-319,-334,-175,-233,-316,2,72
LMR,5,1,4,4,2,9780,0,1,0,0,0,-320,-319,-320,-218,-280,-280,4,4
LMR,3,1,2,3,3,-3244,0,0,0,0,0,274,275,250,278,421,379,1,1
LMR,8,2,7,7,3,-6089,0,0,0,0,0,274,275,260,254,278,286,6,17
LMR,3,1,2,3,2,3077,0,1,0,0,0,319,320,261,270,455,390,2,6
LMR,6,1,5,5,4,-3661,0,1,0,0,0,-320,-319,-320,-269,-299,-307,2,6
LMR,4,1,3,2,2,2020,0,1,0,0,0,-320,-319,-320,-284,-319,-319,4,2
LMR,4,1,3,4,5,-8960,0,1,0,0,0,319,320,319,290,411,331,2,13
LMR,4,1,3,4,2,-2066,0,0,0,0,0,-320,-319,-352,-360,-290,-328,3,21
LMR,5,1,4,4,5,-1674,0,1,0,0,0,319,320,319,371,332,320,2,30
LMR,9,2,8,8,8,-13090,0,1,0,0,1,319,320,319,326,338,320,6,58
LMR,5,1,4,4,3,-16017,0,1,0,0,0,319,320,306,406,343,363,3,7
LMR,10,1,9,10,22,-17062,0,0,0,0,0,-320,-319,-355,-344,-250,-315,7,31
LMR,4,1,3,4,2,24236,0,1,0,0,0,319,320,-236,377,327,327,6,6
LMR,9,1,8,9,26,-11698,0,0,0,0,0,-320,-319,-320,-320,-257,-294,2,15
LMR,11,3,10,9,4,3155,0,1,0,0,0,319,320,315,307,320,296,8,67
LMR,4,1,3,2,12,-6347,0,1,0,0,0,-320,-319,-320,-314,-316,-316,2,2
LMR,5,1,4,5,2,13498,0,1,0,0,0,-320,-319,-751,-199,-316,-316,1,17
LMR,6,1,5,6,6,-2172,0,1,0,0,0,-320,-319,-321,-144,-267,-317,1,28
LMR,6,1,5,6,2,17615,0,1,0,0,0,-275,-274,-286,-183,-121,-242,2,12
LMR,4,1,3,3,2,8673,0,1,0,0,0,-275,-274,-294,-215,-260,-275,4,3
LMR,8,2,7,7,2,14368,0,1,0,0,0,-275,-274,-275,-131,-249,-249,3,14
LMR,5,1,4,5,6,-2391,0,1,0,0,0,-275,-274,-281,-103,-227,-227,1,11
LMR,3,1,2,2,2,15856,0,1,0,0,0,274,275,247,91,286,284,4,3
LMR,8,1,7,7,15,-14732,0,1,0,0,0,-275,-274,-281,-212,-264,-236,4,15
LMR,3,1,2,2,8,4884,0,0,1,0,0,274,275,243,162,291,291,4,1
LMR,13,6,12,12,29,-17014,0,0,0,0,1,274,275,271,218,287,262,30,33
LMR,5,1,4,5,2,1609,0,1,0,0,0,-275,-274,-421,-195,-242,-196,2,10
LMR,4,1,3,3,8,-5699,0,1,0,0,0,-231,-230,-258,-178,-214,-206,9,7
LMR,5,1,4,5,8,-12921,0,1,0,0,0,-231,-230,-265,-142,-207,-210,3,28
LMR,3,1,2,2,6,-3502,0,0,0,0,0,97,98,65,-7,108,108,1,1
LMR,4,1,3,4,6,-1276,0,1,0,0,0,-275,-274,-466,-277,-147,-215,1,3
LMR,6,1,5,5,2,12982,0,1,0,0,0,-275,-274,-292,-184,-271,-259,2,11
LMR,5,1,4,5,2,-5117,0,1,0,0,0,-270,-269,-350,-257,-217,-245,1,4
LMR,3,1,2,2,9,-271,0,1,1,0,0,-184,-183,-206,60,-170,-183,4,6
LMR,4,1,3,3,12,527,0,1,1,0,0,-258,-257,-265,-197,-231,-253,4,6
LMR,4,1,3,4,7,-9314,0,1,0,0,0,-243,-242,-264,-182,-208,-214,2,5
LMR,4,1,3,3,2,-3416,0,1,0,0,0,-287,-286,-294,-161,-286,-282,6,11
LMR,6,1,5,6,3,-1905,0,1,0,0,0,-244,-243,-270,32,-69,-150,4,22
LMR,5,1,4,5,12,-563,0,0,1,0,0,243,244,180,-61,292,289,4,4
LMR,5,1,4,5,2,10210,0,1,0,0,0,-244,-243,-460,-172,-52,-281,4,15
LMR,9,6,8,9,2,4861,0,0,0,0,0,243,244,-709,212,245,245,36,28
LMR,9,1,8,9,2,-9312,0,1,0,0,0,-244,-243,-459,-171,-212,-244,2,67
LMR,6,1,5,6,2,-3308,0,1,0,0,0,-244,-243,-390,-160,-243,-245,6,16
LMR,6,1,5,6,14,-14865,0,1,0,0,0,-244,-243,-245,-160,-155,-176,1,2
LMR,9,1,8,8,3,-1857,0,1,0,0,0,-244,-243,-244,-171,-207,-227,2,50
LMR,3,1,2,3,2,15651,0,1,0,0,0,-244,-243,-281,-337,-207,-230,4,7
LMR,8,3,7,8,2,19757,0,1,0,0,0,-244,-243,-285,48,-168,-175,1,14
LMR,4,1,3,4,3,-1914,0,1,0,0,0,-244,-243,-277,-363,-220,-225,1,4
LMR,7,1,6,7,4,5181,0,1,0,0,0,-244,-243,-257,-53,-94,-228,1,1
LMR,4,1,3,3,2,12623,0,1,0,0,0,-244,-243,-250,-180,-235,-209,1,7
LMR,7,5,6,7,2,9334,0,0,0,0,0,-274,-273,-337,-324,-193,-261,15,19
LMR,8,1,7,7,6,-7896,0,1,0,0,0,273,274,272,283,316,280,3,20
LMR,5,1,4,3,2,2083,0,1,0,0,0,96,97,96,96,97,117,7,12
LMR,10,3,9,9,9,-5661,0,0,1,0,0,-274,-273,-274,-219,-266,-273,2,46
LMR,5,2,4,5,2,4869,0,0,0,0,0,-274,-273,-438,-416,-222,-245,3,10
LMR,11,4,10,9,2,-1412,0,1,0,0,0,273,274,273,393,274,251,10,32
LMR,8,2,7,8,2,8204,0,1,0,0,0,273,274,225,434,288,288,3,23
LMR,11,4,10,10,4,5798,0,1,0,0,0,273,274,273,393,308,286,5,53
LMR,3,1,2,2,2,10957,0,1,0,0,0,273,274,238,432,284,267,1,4
LMR,3,1,2,3,3,2532,0,1,0,0,0,273,274,267,432,332,367,0,1
LMR,7,1,6,7,5,-7940,0,0,0,0,0,-274,-273,-278,-402,-218,-218,1,5
LMR,10,2,9,9,4,-4397,0,1,0,0,0,273,274,251,395,285,274,9,33
LMR,3,1,2,2,2,3657,0,0,0,0,0,-319,-318,-357,-352,-308,-308,3,2
LMR,7,2,6,7,2,32579,0,1,0,0,0,273,274,269,573,326,395,1,11
LMR,5,1,4,5,2,676,0,1,1,0,0,273,274,240,96,314,306,1,2
LMR,4,1,3,2,2,-997,0,1,1,0,0,273,274,273,143,274,274,5,3
LMR,6,1,5,4,19,-14953,0,0,0,0,0,-274,-273,-274,-258,-273,-273,3,8
LMR,6,1,5,6,5,-8329,0,1,0,1,0,273,274,263,393,331,321,3,4
LMR,8,1,7,8,5,-17878,0,0,0,0,0,-274,-273,-299,-302,-237,-251,2,12
LMR,9,1,8,8,34,-13166,0,1,0,0,0,273,274,273,267,299,253,2,31
LMR,10,3,9,10,7,-11771,0,0,0,0,0,-274,-273,-350,-377,-267,-273,8,109
LMR,6,1,5,5,8,7519,0,1,1,0,0,-274,-273,-311,-259,-273,-264,2,16
LMR,9,1,8,8,6,-11895,0,1,0,0,0,-274,-273,-274,-178,-266,-265,1,39
LMR,5,1,4,5,3,8445,0,1,0,0,0,-274,-273,-304,-208,-213,-224,1,4
LMR,6,1,5,6,6,-6460,0,1,0,0,0,-274,-273,-274,-112,-198,-270,1,8
LMR,6,1,5,6,2,635,0,1,1,0,0,-274,-273,-327,-620,-83,-271,1,8
LMR,12,1,11,12,12,-14629,0,1,0,0,0,-274,-273,-318,-275,-179,-271,1,90
LMR,4,2,3,4,2,9234,0,0,0,0,0,273,274,184,256,277,274,2,15
LMR,4,1,3,4,2,-1457,0,1,0,0,0,-274,-273,-277,-203,-181,-264,1,3
LMR,6,1,5,5,4,10896,0,1,0,0,0,-274,-273,-274,-160,-248,-265,2,8
LMR,5,1,4,4,2,-2683,0,1,0,0,0,-274,-273,-282,-212,-268,-249,2,7
LMR,9,3,8,7,4,14285,0,1,0,0,0,-274,-273,-274,-141,-271,-274,2,27
LMR,6,1,5,5,18,-17041,0,1,0,0,0,-274,-273,-274,-141,-224,-241,1,6
LMR,4,1,3,3,3,12239,0,1,0,0,0,-274,-273,-274,-265,-232,-265,2,3
LMR,7,1,6,7,8,-17629,0,1,0,0,0,-274,-273,-277,-277,-190,-273,1,12
LMR,10,5,9,8,3,660,0,0,0,0,0,273,274,273,239,277,273,7,24
LMR,3,1,2,2,2,3693,0,1,0,0,0,-294,-293,-303,-217,-267,-311,2,2
LMR,3,1,2,3,2,12041,0,1,1,0,0,-274,-273,-278,-458,-177,-194,2,3
LMR,5,1,4,4,3,-7635,0,1,0,0,0,-244,-243,-268,-233,-243,-234,3,12
LMR,4,1,3,4,2,-447,0,1,0,0,0,-244,-243,-284,-225,-211,-220,1,8
LMR,5,1,4,4,7,745,0,1,0,0,0,-244,-243,-249,-196,-226,-243,3,8
LMR,5,1,4,5,2,18101,0,1,0,0,0,-244,-243,-265,-162,-204,-190,5,9
LMR,10,3,9,9,3,6833,0,1,0,0,0,-244,-243,-260,-219,-243,-243,10,66
LMR,10,1,9,8,7,-9192,0,1,0,0,0,-244,-243,-245,-140,-240,-243,4,24
LMR,3,1,2,3,2,8479,0,1,1,0,0,-244,-243,-252,-271,673,85,0,3
LMR,4,1,3,3,2,14356,0,1,0,0,0,-244,-243,-252,-184,-243,-243,2,0
LMR,3,1,2,3,2,8580,0,1,1,0,0,-244,-243,-298,-263,-218,-223,1,4
LMR,5,1,4,3,5,9945,0,0,0,0,0,243,244,243,220,244,244,3,4
LMR,8,1,7,7,5,5424,0,1,0,0,0,-244,-243,-244,-126,-235,-243,3,21
LMR,3,1,2,2,2,-3048,0,1,0,0,0,-244,-243,-244,-237,-217,-221,2,3
LMR,6,1,5,5,2,1892,0,1,0,0,0,-244,-243,-269,-225,-243,-262,4,15
LMR,4,1,3,4,2,-3592,0,1,0,0,0,-279,-278,-294,-115,-199,-278,1,7
LMR,4,1,3,4,2,7600,0,1,1,0,0,-244,-243,-363,-836,-170,-188,1,8
LMR,5,1,4,5,2,2108,0,1,0,0,0,-244,-243,-251,-190,-190,-213,1,7
LMR,4,1,3,4,2,15414,0,1,0,0,0,-244,-243,-270,-180,-157,-214,1,2
LMR,3,1,2,3,2,13519,0,1,0,0,0,-244,-243,-279,-173,-135,-176,1,3
LMR,5,1,4,4,3,5189,0,1,0,0,0,-244,-243,-286,-110,-243,-243,4,9
LMR,4,1,3,4,2,-6093,0,1,0,0,0,-244,-243,-334,-136,-243,-260,4,19
LMR,11,4,10,10,5,1878,0,0,0,0,0,243,244,243,216,260,262,32,50
LMR,12,5,11,11,2,-233,0,1,0,0,0,-244,-243,-260,-128,-240,-240,8,34
LMR,3,1,2,3,2,13182,0,1,0,0,0,-254,-253,-268,-170,-153,-195,1,3
LMR,5,1,4,5,4,-10894,0,0,0,0,0,243,244,205,197,317,304,1,9
LMR,6,1,5,5,5,-13485,0,1,0,0,0,-244,-243,-248,-187,-197,-294,1,12
LMR,4,1,3,3,2,10519,0,1,0,0,0,243,244,221,296,260,283,1,3
LMR,4,1,3,4,2,676,0,1,1,0,0,-485,-484,-835,-773,-440,-448,1,7
LMR,11,9,10,10,2,9562,0,0,0,0,0,243,244,221,273,244,250,75,74
LMR,5,1,4,4,2,14383,0,1,0,0,0,243,244,228,267,251,243,1,7
LMR,8,2,7,6,3,15556,0,1,0,0,0,-244,-243,-244,-202,-243,-239,4,20
LMR,12,6,11,10,2,17221,0,1,0,0,0,-244,-243,-249,-251,-243,-244,14,84
LMR,7,1,6,5,5,-3887,0,1,0,0,0,-244,-243,-244,-198,-243,-231,3,15
LMR,12,3,11,10,4,180,0,1,0,0,0,-244,-243,-244,-251,-243,-243,5,51
LMR,9,1,8,9,2,-6910,0,1,0,0,0,-244,-243,-316,-84,-167,-179,3,20
LMR,11,2,10,11,5,-1397,0,1,0,0,0,-244,-243,-249,-53,-174,-226,2,61
LMR,7,1,6,7,2,-606,0,1,0,0,0,-244,-243,-263,-120,-199,-199,1,10
LMR,6,1,5,6,2,-961,0,1,0,0,0,-244,-243,-248,-48,-91,-194,1,3
LMR,6,1,5,6,2,4707,0,1,0,0,0,-244,-243,-255,-100,-117,-171,1,4
LMR,5,1,4,4,3,1562,0,1,1,0,0,-244,-243,-244,-67,-196,-245,10,4
LMR,6,1,5,6,4,-5541,0,1,0,0,0,-244,-243,-258,-243,-180,-83,1,3
LMR,9,1,8,7,3,-11168,0,1,0,0,0,-244,-243,-244,-4,-243,-130,4,32
LMR,5,1,4,5,2,4119,0,1,1,0,0,-244,-243,-257,-243,-199,-207,1,4
LMR,13,8,12,11,2,14623,0,1,0,0,0,-244,-243,-248,-114,-243,-225,16,146
LMR,3,1,2,2,2,2432,0,0,0,0,0,250,251,206,247,259,259,2,4
LMR,4,1,3,3,5,-4882,0,1,0,0,0,-251,-250,-264,-134,-250,-257,4,10
LMR,5,1,4,4,3,-7750,0,1,0,0,0,-244,-243,-254,-170,-224,-259,5,5
LMR,3,1,2,3,8,676,0,1,1,0,0,-244,-243,-284,-265,-173,-185,1,3
LMR,8,2,7,6,2,4219,0,1,0,0,0,-244,-243,-244,-175,-243,-215,3,14
LMR,5,1,4,5,2,13977,0,1,0,0,0,-244,-243,-274,-186,-217,-255,2,6
LMR,7,1,6,6,3,8358,0,1,0,0,0,-244,-243,-255,-255,-243,-228,4,14
LMR,9,4,8,8,2,-10832,0,0,0,0,0,243,244,222,179,255,229,24,24
LMR,6,1,5,5,6,-5406,0,1,0,0,0,-244,-243,-244,-83,-224,-244,2,12
LMR,6,1,5,6,17,-16400,0,1,0,0,0,-244,-243,-244,-83,-146,-189,1,11
LMR,7,1,6,6,2,3238,0,1,0,0,0,-244,-243,-244,-119,-193,-243,1,10
LMR,11,1,10,9,25,-17461,0,1,0,0,0,-244,-243,-244,-266,-242,-243,5,45
LMR,3,1,2,2,2,12433,0,1,0,0,0,-244,-243,-274,-275,-243,-243,1,2
LMR,5,2,4,4,6,-1514,0,1,0,0,1,-288,-287,-316,-194,-287,-287,11,21
LMR,3,1,2,3,2,-2400,0,1,0,0,0,-67,-66,-146,-37,-45,-45,2,7
LMR,10,3,9,9,3,7149,0,1,0,0,0,-244,-243,-247,-169,-205,-204,3,15
LMR,3,1,2,3,2,16321,0,1,0,0,0,-244,-243,-290,-346,-191,-205,2,6
LMR,7,2,6,6,2,19485,0,1,0,0,0,-244,-243,-287,-153,-243,-243,3,19
LMR,5,3,4,5,2,10729,0,0,0,0,0,243,244,185,174,250,252,10,10
LMR,8,1,7,8,3,18113,0,1,0,0,0,-244,-243,-244,-123,-181,-188,1,11
LMR,3,1,2,2,4,11412,0,1,0,0,0,-244,-243,-254,-273,-233,-235,5,5
LMR,4,1,3,4,4,-10656,0,1,0,0,0,-244,-243,-252,-207,-180,-237,3,10
LMR,4,1,3,4,20,-3661,0,1,1,0,0,-282,-281,-326,-247,-255,-260,2,2
LMR,7,1,6,7,2,8711,0,1,0,0,0,-244,-243,-252,-148,-195,-202,3,19
LMR,4,1,3,3,10,-863,0,1,1,0,1,-289,-288,-303,-253,-264,-264,1,1
LMR,3,1,2,2,2,14419,0,1,0,0,0,-277,-276,-307,-175,-267,-267,2,3
LMR,8,2,7,7,2,19920,0,1,0,0,0,-244,-243,-249,-175,-240,-237,5,8
LMR,3,1,2,2,2,2895,0,0,0,0,0,243,244,196,190,244,244,17,9
LMR,3,1,2,3,2,-4153,0,1,0,0,0,-244,-243,-318,-192,-230,-244,2,28
LMR,3,1,2,2,2,-6984,0,1,0,0,0,-204,-203,-212,-32,-193,-176,2,6
LMR,3,1,2,2,5,7188,0,1,0,0,0,-217,-216,-237,-168,-186,-197,2,6
LMR,5,1,4,5,6,-11668,0,1,0,0,0,-280,-279,-280,-167,-218,-229,3,4
LMR,3,1,2,3,2,9505,0,1,0,0,0,-244,-243,-244,-157,-183,-223,1,6
LMR,3,1,2,2,3,5060,0,1,0,0,0,-263,-262,-265,-223,-239,-243,1,3
LMR,6,2,5,4,2,-7791,0,1,0,0,1,-302,-301,-307,-366,-301,-302,7,15
LMR,4,2,3,3,3,-696,0,1,0,0,1,-294,-293,-318,-245,-293,-293,8,7
LMR,5,2,4,4,2,161,0,0,0,0,0,197,198,161,28,198,198,5,10
LMR,5,1,4,5,2,-2640,0,1,0,0,0,-198,-197,-316,49,-91,-198,1,25
LMR,5,1,4,5,3,8013,0,1,0,0,0,-198,-197,-198,49,-123,-123,2,8
LMR,5,1,4,5,11,-8102,0,0,0,0,0,243,244,155,96,275,244,4,11
LMR,8,1,7,8,10,-3326,0,1,0,0,0,-244,-243,-244,-209,-175,-239,3,43
LMR,6,2,5,5,15,-11197,0,1,0,0,1,-288,-287,-303,-282,-287,-277,14,19
LMR,5,1,4,5,2,3882,0,1,0,0,0,-244,-243,-281,-103,-139,-152,1,2
LMR,3,1,2,3,3,-4044,0,1,0,0,0,-244,-243,-280,-234,-224,-228,2,3
LMR,3,1,2,2,4,-6763,0,0,0,0,0,66,67,52,66,70,69,6,12
LMR,5,1,4,5,2,-1855,0,0,0,0,0,243,244,201,18,267,244,4,9
LMR,8,1,7,8,2,13148,0,1,0,0,0,-244,-243,-244,68,-103,-184,1,6
LMR,3,1,2,3,13,-626,0,1,1,0,0,-228,-227,-249,-23,-139,-155,2,2
LMR,7,1,6,6,3,17966,0,1,0,0,0,-244,-243,-256,7,-203,-219,6,33
LMR,7,1,6,7,2,-284,0,1,0,0,0,-244,-243,-266,121,-77,-186,1,10
LMR,8,1,7,8,13,-6024,0,1,0,0,0,-244,-243,-292,0,-75,-194,2,12
LMR,8,1,7,7,18,-11788,0,1,0,0,0,-244,-243,-252,-83,-240,-240,1,6
LMR,8,1,7,7,9,-9624,0,1,0,0,0,-244,-243,-268,-350,-243,-270,2,9
LMR,10,4,9,9,23,-14709,0,0,0,0,0,243,244,240,83,254,254,8,23
LMR,10,1,9,10,3,-14121,0,1,0,0,0,-244,-243,-308,-479,-174,-253,2,89
LMR,11,6,10,11,4,-5914,0,0,0,0,0,243,244,132,50,244,244,16,114
LMR,8,4,7,7,3,-7040,0,0,0,0,0,-244,-243,-244,-201,-235,-235,5,8
LMR,9,1,8,9,2,-3521,0,1,0,0,0,-244,-243,-1298,-186,-243,-221,6,32
LMR,5,1,4,5,2,-6898,0,1,0,0,0,-244,-243,-261,-126,-176,-188,1,4
LMR,14,8,13,13,2,21239,0,1,1,0,0,-244,-243,-244,-69,-235,-229,23,93
LMR,4,1,3,4,20,5395,0,1,1,0,0,-244,-243,-259,-215,-136,-175,5,2
LMR,5,1,4,5,7,-4865,0,0,0,0,0,243,244,188,230,408,318,1,3
LMR,6,1,5,5,19,-12936,0,1,0,0,0,-244,-243,-276,-274,-230,-305,1,29
LMR,7,2,6,7,6,-11546,0,0,0,0,0,243,244,206,194,274,276,12,51
LMR,7,1,6,7,2,-7604,0,1,0,0,0,-244,-243,-300,-173,-239,-272,1,66
LMR,7,1,6,7,6,-6394,0,1,0,0,0,-244,-243,-272,-173,-199,-177,2,6
LMR,5,1,4,4,8,-1847,0,1,1,0,0,-244,-243,-257,-121,-211,-195,3,7
LMR,3,1,2,3,2,6061,0,0,1,0,0,287,288,158,96,288,288,5,3
LMR,6,1,5,6,4,-5228,0,1,0,0,0,-288,-287,-288,-100,-221,-247,1,10
LMR,3,1,2,3,2,11609,0,1,0,0,0,-269,-268,-408,-176,-165,-207,1,4
LMR,9,1,8,7,5,825,0,1,0,0,0,-244,-243,-250,-242,-243,-244,2,13
LMR,9,1,8,7,6,-11362,0,1,0,0,0,-244,-243,-244,-242,-243,-239,5,8
LMR,4,1,3,4,2,7616,0,1,0,0,0,-244,-243,-282,-176,-174,-186,1,9
LMR,3,1,2,3,5,11709,0,0,0,0,0,-297,-296,-332,-540,-193,-211,1,1
LMR,3,1,2,3,2,5404,0,1,1,0,0,296,297,108,66,376,232,2,6
LMR,7,2,6,7,25,-10511,0,1,0,0,1,-297,-296,-313,-277,-232,-230,15,8
LMR,5,1,4,5,2,4400,0,1,1,0,0,-192,-191,-278,-267,227,-39,1,2
LMR,3,1,2,3,4,8338,0,0,0,0,0,226,227,171,87,289,260,4,5
LMR,3,1,2,3,2,26126,0,1,0,0,0,-227,-226,-227,-51,-132,-251,1,12
LMR,6,1,5,6,2,5910,0,1,1,0,0,-244,-243,-397,-99,-101,-126,1,1
LMR,3,1,2,3,4,12394,0,0,0,0,0,242,243,184,101,280,262,7,9
LMR,3,1,2,3,2,26538,0,1,0,0,0,-243,-242,-243,-53,-184,-257,2,19
LMR,3,1,2,3,3,16119,0,1,0,0,0,-243,-242,-243,-53,-4,-242,3,2
LMR,5,1,4,4,16,387,0,1,1,0,1,-291,-290,-293,-229,-266,-260,5,11
LMR,6,2,5,5,5,4513,0,0,1,0,0,243,244,243,-14,256,244,9,13
LMR,9,1,8,7,2,6508,0,1,1,0,0,-244,-243,-244,-135,-243,-182,7,15
LMR,3,1,2,3,5,-3054,0,1,0,0,0,-282,-281,-318,-255,-168,-257,5,4
LMR,5,1,4,4,2,-13681,0,1,0,0,1,-296,-295,-302,-182,-288,-295,3,17
LMR,8,1,7,7,3,3838,0,1,0,0,0,-244,-243,-252,-89,-221,-243,4,17
LMR,5,2,4,4,2,37279,0,1,0,0,0,-244,-243,-244,-204,-228,-218,3,3
LMR,3,1,2,2,2,4584,0,1,1,0,0,-258,-257,-264,-211,-229,-234,2,3
LMR,3,1,2,3,2,24131,0,1,0,0,0,-258,-257,-276,-181,-181,-210,2,3
LMR,5,1,4,4,8,5613,0,1,0,0,0,-258,-257,-258,-138,-237,-239,2,26
LMR,5,1,4,4,4,10918,0,1,0,0,0,-244,-243,-244,-153,-206,-215,3,8
LMR,5,1,4,4,2,9260,0,1,0,0,0,-202,-201,-214,-109,-179,-145,2,4
LMR,5,1,4,4,2,12976,0,1,0,0,0,-202,-201,-230,-91,-188,-188,2,4
LMR,5,1,4,3,2,8844,0,1,0,0,0,-202,-201,-202,-128,-198,-107,2,1
LMR,4,1,3,3,2,1919,0,1,0,0,0,-253,-252,-288,-185,-249,-253,2,21
LMR,6,1,5,6,2,763,0,1,0,0,0,-202,-201,-1036,-90,-154,-201,1,20
LMR,4,1,3,3,3,15931,0,1,0,0,0,-202,-201,-220,-134,-194,-201,1,5
LMR,3,1,2,2,5,15683,0,1,0,0,0,-236,-235,-236,-200,-222,-235,2,7
LMR,3,1,2,2,2,-6156,0,1,0,0,0,-212,-211,-234,-131,-191,-211,1,4
LMR,3,1,2,3,2,-1941,0,1,0,0,0,268,269,268,272,324,269,1,5
LMR,6,1,5,6,2,-922,0,1,0,0,0,-202,-201,-291,-194,-164,-164,2,6
LMR,7,4,6,6,2,3821,0,0,0,0,0,201,202,201,139,210,236,14,19
LMR,13,5,12,13,3,2442,0,1,1,0,0,-202,-201,-213,-202,-126,-201,5,36
LMR,3,1,2,3,2,-8843,0,1,0,0,0,-243,-242,-564,-117,-242,-214,4,7
LMR,5,1,4,4,2,-6765,0,1,0,0,0,-243,-242,-287,-101,-242,-242,3,24
LMR,6,3,5,5,6,1358,0,0,0,0,0,201,202,181,252,232,232,7,2
LMR,9,3,8,9,2,8124,0,1,0,0,0,-202,-201,-227,-158,-173,-152,1,10
LMR,3,1,2,3,2,-428,0,1,0,0,0,-205,-204,-276,-121,-196,-176,2,4
LMR,4,1,3,4,2,28847,0,1,0,0,0,-231,-230,-255,-173,-195,-201,1,1
LMR,4,1,3,4,2,14971,0,1,0,0,0,-233,-232,-305,-112,-197,-205,1,3
LMR,4,1,3,4,2,18854,0,1,0,0,0,-249,-248,-312,-173,-194,-204,1,1
LMR,4,1,3,3,3,9182,0,1,0,0,0,-237,-236,-243,-146,-190,-198,1,1
LMR,6,3,5,5,5,3947,0,1,0,0,1,-264,-263,-280,-210,-263,-263,10,12
LMR,8,2,7,7,2,13927,0,1,0,0,0,-202,-201,-212,-193,-201,-201,2,0
LMR,5,1,4,4,3,6528,0,1,0,0,0,-238,-237,-242,-129,-230,-172,2,5
LMR,5,1,4,5,13,-9720,0,1,0,0,0,-239,-238,-241,-77,-125,-238,1,6
LMR,4,1,3,3,6,-7147,0,1,0,0,0,-190,-189,-190,-127,-157,-162,1,2
LMR,3,1,2,2,3,956,0,1,0,0,0,-212,-211,-224,-120,-201,-201,1,2
LMR,3,1,2,3,4,-3309,0,1,0,0,0,-208,-207,-221,-53,-93,-113,1,1
LMR,3,1,2,3,2,1801,0,1,0,0,0,-220,-219,-260,-103,-125,-205,1,2
LMR,6,1,5,6,2,4535,0,1,0,0,0,-202,-201,-225,-60,-129,-179,2,5
LMR,5,1,4,3,4,-8173,0,1,0,0,0,-202,-201,-202,-28,-201,-177,4,6
LMR,3,1,2,3,3,-8744,0,1,0,0,0,-202,-201,-227,-200,-160,-167,1,1
LMR,6,1,5,5,13,-9443,0,1,0,0,0,-202,-201,-216,-221,-186,-186,2,3
LMR,7,1,6,7,8,-5103,0,0,0,0,0,201,202,148,103,221,188,2,18
LMR,3,1,2,2,2,11156,0,1,0,0,0,-250,-249,-250,-128,-234,-234,1,2
LMR,6,1,5,6,4,-16851,0,1,0,0,0,-202,-201,-203,-204,-145,-155,2,4
LMR,8,2,7,7,3,-6446,0,0,0,0,0,201,202,153,142,204,161,1,9
LMR,7,2,6,6,2,18107,0,1,0,0,0,-202,-201,-215,-99,-201,-210,7,14
LMR,7,1,6,6,3,15586,0,1,0,0,0,-202,-201,-210,-99,-201,-193,6,13
LMR,3,1,2,3,4,3294,0,1,0,0,0,-236,-235,-270,-80,-199,-209,1,8
LMR,5,1,4,5,3,4396,0,1,0,0,0,-202,-201,-216,-104,-161,-165,2,8
LMR,3,1,2,3,3,-14312,0,1,0,0,0,-234,-233,-402,-191,-233,-176,3,5
LMR,3,1,2,2,3,13840,0,1,0,0,0,-202,-201,-209,-149,-170,-201,1,3
LMR,5,1,4,5,3,-1820,0,1,0,0,0,-202,-201,-240,-105,-135,-141,1,4
LMR,5,1,4,3,5,-6248,0,1,0,0,0,-177,-176,-177,-67,-176,-163,3,7
LMR,6,2,5,6,2,-15085,0,0,0,0,0,201,202,113,338,409,390,1,3
LMR,11,8,10,11,2,-3934,0,0,0,0,0,201,202,116,238,202,233,27,44
LMR,4,1,3,4,2,10892,0,1,0,0,0,201,202,109,263,224,220,2,6
LMR,13,10,12,11,5,-5254,0,0,0,0,1,201,202,201,231,202,202,291,0
LMR,3,1,2,2,3,-8257,0,1,0,0,0,201,202,201,285,218,189,1,3
LMR,3,1,2,2,6,-2774,0,1,0,0,0,201,202,201,285,241,245,2,3
LMR,4,2,3,3,2,8332,0,0,0,0,0,-202,-201,-234,-279,-201,-201,7,4
LMR,5,1,4,4,5,-526,0,1,0,0,0,201,202,201,303,210,201,4,35
LMR,5,1,4,4,22,-7025,0,1,0,0,0,201,202,201,303,213,208,3,10
LMR,3,1,2,2,2,19154,0,1,0,0,0,-196,-195,-208,-172,-173,-177,2,2
LMR,5,1,4,5,2,-4586,0,1,0,0,0,242,243,-619,295,255,198,2,10
LMR,5,1,4,5,3,877,0,1,0,0,0,242,243,198,295,258,242,4,14
LMR,6,1,5,6,3,11678,0,1,0,0,0,242,243,231,295,295,243,1,7
LMR,3,1,2,2,2,16240,0,1,0,0,0,195,196,179,244,219,219,1,1
LMR,4,1,3,4,19,-9803,0,1,0,0,0,242,243,209,249,275,275,1,3
LMR,7,2,6,5,2,21032,0,1,0,0,0,242,243,239,244,245,268,2,22
LMR,3,1,2,2,4,-1379,0,1,0,0,0,211,212,210,284,223,221,2,4
LMR,5,1,4,4,5,-14567,0,1,0,0,0,-202,-201,-202,-118,-180,-196,4,19
LMR,8,1,7,7,6,-5265,0,1,0,0,0,-202,-201,-202,-182,-174,-196,3,53
LMR,5,1,4,5,2,10901,0,1,0,0,0,-202,-201,-290,-176,-201,-191,4,10
LMR,5,1,4,4,2,19904,0,1,0,0,0,-202,-201,-242,-187,-201,-187,2,7
LMR,11,6,10,9,2,28695,0,1,0,0,0,-202,-201,-206,-216,-201,-201,9,16
LMR,5,2,4,3,13,-1744,0,1,1,0,1,-265,-264,-268,-244,-262,-264,2,1
LMR,4,1,3,3,2,21475,0,1,0,0,0,-202,-201,-202,-169,-186,-179,2,3
LMR,3,1,2,2,2,14810,0,1,1,0,0,201,202,201,234,230,225,2,3
LMR,6,3,5,6,3,4837,0,0,0,0,0,-243,-242,-373,-487,-242,-242,5,8
LMR,5,1,4,5,11,-12259,0,1,0,0,0,-202,-201,-202,-144,-110,-201,2,14
LMR,4,1,3,4,2,-655,0,1,0,0,0,-202,-201,-202,-126,-147,-178,1,2
LMR,4,1,3,3,4,3160,0,0,0,0,0,201,202,188,159,202,202,12,5
LMR,3,1,2,3,2,4783,0,1,1,0,0,242,243,241,188,357,288,1,1
LMR,4,1,3,3,2,3723,0,1,0,0,0,242,243,221,275,255,255,3,14
LMR,4,1,3,4,2,3512,0,1,1,0,0,242,243,221,202,377,353,1,1
LMR,3,1,2,3,2,6073,0,0,1,0,0,-243,-242,-357,-570,-114,-167,4,2
LMR,6,1,5,6,2,-3570,0,1,0,0,0,242,243,185,292,243,243,6,14
LMR,3,1,2,3,2,7354,0,1,1,0,0,-243,-242,-353,-745,-242,-236,5,9
LMR,5,1,4,3,3,-710,0,1,0,0,0,242,243,242,350,244,246,4,12
LMR,7,1,6,6,18,-8459,0,1,0,0,0,242,243,242,417,278,245,6,40
LMR,4,1,3,4,5,-11359,0,1,0,0,0,242,243,159,333,513,252,1,1
LMR,7,1,6,7,2,1622,0,1,0,0,0,242,243,206,353,263,243,3,20
LMR,6,1,5,5,3,6163,0,1,0,0,0,242,243,229,317,272,249,3,16
LMR,3,1,2,2,2,5,0,1,0,0,0,-253,-252,-255,-193,-240,-299,1,6
LMR,5,1,4,4,2,12046,0,1,0,0,0,242,243,238,339,250,243,6,18
LMR,8,1,7,8,2,1208,0,1,0,0,0,242,243,-1136,592,269,243,10,51
LMR,3,1,2,3,3,1349,0,1,0,0,0,344,345,320,450,409,397,3,3
LMR,4,2,3,4,2,4447,0,0,0,0,1,-276,-275,-455,-276,-275,-275,6,8
LMR,5,3,4,4,3,-1702,0,1,0,0,1,275,276,251,285,276,275,20,18
LMR,8,1,7,7,4,-861,0,1,0,0,0,242,243,242,309,252,242,4,37
LMR,8,1,7,7,11,-16726,0,1,0,0,0,242,243,242,309,262,268,2,16
LMR,5,1,4,3,19,-7020,0,1,0,0,0,315,316,315,380,316,316,5,10
LMR,4,1,3,4,3,9866,0,1,0,0,0,242,243,215,341,440,347,1,3
LMR,3,1,2,2,5,3051,0,1,0,0,0,242,243,231,262,243,243,5,2
LMR,4,1,3,4,3,4715,0,1,0,0,0,242,243,177,271,251,243,2,22
LMR,5,3,4,4,3,9477,0,0,0,0,0,-243,-242,-243,-213,-216,-216,3,5
LMR,8,1,7,7,4,1174,0,1,0,0,0,242,243,242,383,270,242,2,20
LMR,8,1,7,7,5,7893,0,1,0,0,0,242,243,242,383,265,242,3,21
LMR,8,1,7,6,7,-3135,0,1,0,0,0,242,243,242,383,243,249,3,12
LMR,5,1,4,4,2,12778,0,1,0,0,0,242,243,224,393,269,243,3,5
LMR,4,1,3,3,2,-2227,0,1,0,0,0,-236,-235,-246,-227,-225,-227,3,8
LMR,5,1,4,5,2,2679,0,1,0,0,0,299,300,253,454,366,294,1,14
LMR,3,1,2,3,2,864,0,1,0,0,0,299,300,285,317,467,427,1,1
LMR,5,1,4,4,15,-11246,0,1,0,0,0,299,300,295,454,307,345,1,5
LMR,7,2,6,6,5,-5390,0,0,1,0,0,-300,-299,-350,-439,-299,-299,17,8
LMR,4,1,3,4,2,7045,0,1,1,0,0,-202,-201,-235,-299,-152,-183,6,5
LMR,4,1,3,2,5,-12385,0,1,0,0,0,-202,-201,-202,-158,-201,-201,2,3
LMR,3,1,2,3,2,375,0,1,0,0,0,299,300,255,245,398,334,11,7
LMR,4,1,3,2,2,7405,0,1,0,0,0,-202,-201,-202,-191,-201,-201,2,3
LMR,4,1,3,4,4,-11351,0,1,0,0,0,-225,-224,-337,-318,-224,-222,3,8
LMR,4,1,3,4,3,-6287,0,0,0,0,0,224,225,213,202,318,222,2,14
LMR,5,1,4,4,7,-1276,0,1,0,0,0,-225,-224,-267,-214,-224,-222,3,24
LMR,5,1,4,4,3,-10285,0,1,0,0,0,-225,-224,-228,-134,-214,-225,2,7
LMR,5,1,4,3,11,-9459,0,1,0,0,0,-225,-224,-225,-134,-224,-209,3,5
LMR,8,1,7,7,7,5138,0,1,0,0,0,-225,-224,-225,-218,-185,-224,2,48
LMR,4,1,3,3,4,-1132,0,0,0,0,0,224,225,224,201,240,237,1,3
LMR,5,2,4,5,5,1074,0,0,0,0,0,224,225,208,260,303,263,2,8
LMR,10,4,9,8,4,8565,0,0,0,0,0,224,225,224,201,225,225,15,45
LMR,3,1,2,2,4,-3231,0,1,0,0,0,261,262,241,309,273,262,2,5
LMR,5,1,4,4,5,-11765,0,1,0,0,0,256,257,243,270,257,248,4,7
LMR,4,1,3,4,2,3955,0,0,0,0,0,-439,-438,-586,-711,-385,-419,4,8
LMR,9,3,8,9,2,12622,0,1,0,0,0,261,262,257,381,319,326,2,9
LMR,4,1,3,3,2,22682,0,1,0,0,0,261,262,261,321,303,296,2,2
LMR,6,1,5,5,3,2214,0,1,1,0,0,261,262,254,243,287,289,2,11
LMR,3,1,2,3,6,-8964,0,1,0,0,0,-276,-275,-278,-164,-213,-229,1,0
LMR,3,1,2,2,11,-3553,0,1,0,0,1,229,230,218,343,236,229,4,7
LMR,6,1,5,6,31,-13422,0,1,0,0,0,268,269,259,261,382,362,1,5
LMR,8,5,7,7,2,5157,0,0,0,0,0,-269,-268,-273,-390,-261,-348,20,28
LMR,5,1,4,4,7,-14717,0,1,0,0,0,268,269,255,358,297,269,2,10
LMR,8,3,7,7,6,-2469,0,0,1,0,0,-269,-268,-279,-731,-268,-268,23,26
LMR,5,1,4,3,9,-4069,0,1,1,0,0,-269,-268,-269,-204,-268,-268,6,7
LMR,4,1,3,4,2,8645,0,1,1,0,0,-269,-268,-306,-943,-225,-232,1,7
LMR,12,8,11,10,3,-13437,0,0,0,0,1,-269,-268,-269,-279,-268,-268,139,24
LMR,5,1,4,5,7,-12270,0,1,0,0,0,-269,-268,-269,-134,-196,-209,4,8
LMR,10,4,9,8,2,3190,0,1,0,0,1,268,269,268,262,269,269,27,43
LMR,3,1,2,2,4,-10184,0,1,0,0,0,282,283,265,352,305,283,2,5
LMR,6,4,5,6,2,9068,0,0,0,0,0,-269,-268,-376,-209,-254,-254,3,11
LMR,5,1,4,5,6,-10939,0,1,0,0,0,268,269,253,268,371,284,1,6
LMR,6,3,5,6,2,-2948,0,0,0,0,0,-269,-268,-407,-318,-268,-281,7,13
LMR,7,1,6,6,4,-5357,0,1,0,0,0,268,269,261,440,273,273,2,29
LMR,9,1,8,9,2,-6807,0,1,0,0,0,268,269,256,345,342,272,2,51
LMR,4,1,3,4,4,1522,0,1,0,0,0,268,269,247,322,463,314,1,3
LMR,6,1,5,6,3,14344,0,1,0,0,0,268,269,251,244,324,378,1,4
LMR,5,1,4,4,4,-7425,0,1,0,0,0,333,334,292,332,340,340,2,4
LMR,5,1,4,5,2,-5511,0,1,0,0,0,445,446,429,673,540,526,1,6
LMR,3,1,2,3,2,8104,0,1,1,0,0,300,301,268,303,345,337,1,2
LMR,4,1,3,4,3,-5999,0,1,0,0,1,300,301,243,276,303,310,1,22
LMR,5,1,4,5,5,-5931,0,1,0,0,1,219,220,198,245,254,232,4,20
LMR,4,2,3,3,19,-3234,0,1,0,0,1,256,257,247,327,257,257,6,13
LMR,4,1,3,3,2,97,0,0,0,0,0,-271,-270,-271,-290,-250,-264,1,2
LMR,3,1,2,3,2,-393,0,1,0,0,0,323,324,41,408,345,384,1,5
LMR,5,1,4,4,9,-5063,0,0,0,0,0,279,280,270,270,280,280,8,11
LMR,5,1,4,5,5,-1276,0,1,0,0,0,-280,-279,-429,-520,-270,-280,12,33
LMR,8,1,7,8,27,-9190,0,0,1,1,0,-280,-279,-301,-495,-222,-223,5,20
LMR,10,8,9,10,2,11006,0,0,0,0,0,-280,-279,-479,-520,-268,-268,89,24
LMR,5,1,4,5,18,-3961,0,1,1,0,0,-280,-279,-280,-172,-102,-125,3,8
LMR,10,8,9,9,2,20591,0,1,0,0,1,279,280,263,300,280,270,83,181
LMR,3,1,2,3,2,1411,0,0,1,0,0,277,278,247,280,324,329,5,7
LMR,8,1,7,8,21,-13563,0,1,0,0,0,-259,-258,-259,88,-98,-208,4,8
LMR,4,1,3,4,2,7960,0,1,1,0,0,-259,-258,-275,-241,169,241,0,1
LMR,5,1,4,5,6,-17247,0,1,0,0,0,-259,-258,-277,-1041,147,-163,1,1
LMR,4,1,3,4,7,-1276,0,1,0,0,0,-259,-258,-1065,-259,-222,-199,4,2
LMR,5,1,4,5,2,11633,0,1,0,0,0,-259,-258,-921,-84,-231,-210,2,4
LMR,6,1,5,5,6,-6530,0,0,0,0,0,258,259,219,109,269,274,4,16
LMR,11,6,10,10,3,3669,0,0,1,0,0,258,259,222,256,271,272,42,40
LMR,3,1,2,3,3,-2587,0,1,0,0,0,253,254,252,229,702,412,3,1
LMR,3,1,2,2,5,2796,0,1,0,0,1,279,280,277,405,288,331,6,9
LMR,4,1,3,4,2,5205,0,1,1,0,0,279,280,109,116,1221,971,0,3
LMR,9,1,8,9,16,-20070,0,0,0,0,0,-280,-279,-280,-274,-182,-251,1,8
LMR,12,9,11,10,2,-400,0,0,0,0,0,-280,-279,-282,-369,-279,-279,130,0
LMR,5,2,4,4,2,-2909,0,0,1,0,0,-280,-279,-302,-354,-279,-279,3,4
LMR,6,1,5,5,3,-14869,0,1,0,0,0,279,280,279,474,302,279,4,11
LMR,5,1,4,5,8,-15256,0,1,0,0,0,279,280,225,411,315,283,1,21
LMR,6,1,5,6,6,-14635,0,1,0,0,0,279,280,279,474,336,282,2,36
LMR,10,5,9,8,5,-7007,0,1,0,0,1,279,280,279,324,280,280,18,105
LMR,3,1,2,3,2,11869,0,1,0,0,0,372,373,335,580,418,410,2,2
LMR,3,1,2,3,6,-2742,0,1,0,0,0,305,306,100,537,306,306,4,8
LMR,5,1,4,4,9,-11575,0,1,0,0,1,245,246,243,296,252,229,3,8
LMR,3,1,2,2,4,-4735,0,1,0,0,1,253,254,233,265,255,231,7,9
LMR,6,3,5,4,3,9276,0,0,0,0,0,-280,-279,-280,-285,-277,-277,2,2
LMR,13,8,12,11,2,7531,0,1,1,0,1,279,280,278,269,280,280,40,47
LMR,4,1,3,3,2,25183,0,1,0,0,0,253,254,218,342,254,254,7,13
LMR,3,1,2,2,2,-6333,0,0,0,0,0,-262,-261,-263,-243,-240,-243,4,5
LMR,7,1,6,6,3,1142,0,1,0,0,0,279,280,254,406,283,283,1,5
LMR,5,1,4,5,2,7158,0,1,0,0,0,258,259,244,344,302,292,2,5
LMR,3,1,2,2,3,507,0,1,0,0,0,329,330,324,388,338,330,2,2
LMR,4,1,3,3,2,4204,0,1,0,0,1,300,301,285,297,310,310,2,3
LMR,4,2,3,4,2,1237,0,1,0,0,1,249,250,190,312,250,241,7,9
LMR,6,1,5,5,2,6509,0,1,0,0,0,279,280,279,473,300,359,5,17
LMR,4,1,3,3,2,11211,0,1,0,0,0,292,293,292,415,302,293,2,7
LMR,4,1,3,3,19,-12123,0,1,0,0,1,249,250,247,399,255,250,2,9
LMR,5,1,4,5,2,644,0,1,0,0,0,-267,-266,-279,-160,-208,-208,3,10
LMR,3,1,2,3,2,12305,0,1,0,0,0,-208,-207,-245,-11,-172,-207,1,3

===========================
Total time (ms) : 44
Nodes searched  : 32783
Nodes/second    : 745068
LMR_TOTAL,18006,764,538
