
Position: 1/1 (rn2kbnr/pp2pppp/8/3pPq2/2pP4/2N2N2/PPP2PPP/R1BQK2R b KQkq - 1 7)
LMR,3,1,2,3,8,-1571,0,0,0,0,0,-262,-261,-262,-265,-203,-213,2,4
LMR,4,1,3,3,11,-1276,0,1,0,0,0,261,262,249,266,262,225,5,15
LMR,4,1,3,4,14,-1276,0,1,0,0,0,261,262,249,266,343,573,2,2
LMR,4,1,3,4,2,676,0,1,1,1,0,-378,-377,-466,-932,-128,-172,7,7
LMR,3,1,2,3,2,-2411,0,0,0,0,0,-388,-387,-410,-413,-287,-343,1,5
LMR,6,1,5,5,11,-8446,0,1,0,0,0,-229,-228,-230,-113,-209,-226,3,16
LMR,4,1,3,3,8,-6844,0,1,0,0,0,246,247,246,235,255,254,2,5
LMR,6,1,5,6,3,-236,0,1,0,0,0,246,247,199,440,356,261,1,2
LMR,4,1,3,3,2,676,0,1,1,0,0,-242,-241,-260,-191,-233,-241,1,4
LMR,7,1,6,7,2,-545,0,1,0,0,0,256,257,60,610,309,265,1,10
LMR,5,1,4,5,5,-1173,0,1,0,0,0,256,257,218,407,307,224,1,9
LMR,5,1,4,3,17,-10321,0,1,0,0,0,256,257,256,407,257,257,5,8
LMR,8,1,7,7,5,-4751,0,1,0,0,0,256,257,247,501,261,257,5,61
LMR,7,1,6,5,6,-6649,0,1,0,0,0,256,257,252,77,257,257,11,15
LMR,8,1,7,8,5,-1057,0,1,0,0,0,256,257,215,714,760,398,0,3
LMR,4,1,3,3,2,-4429,0,1,0,0,0,-244,-243,-256,-245,-228,-230,2,6
LMR,5,1,4,5,2,-6776,0,1,0,0,0,246,247,200,447,339,329,2,2
LMR,5,1,4,4,2,12448,0,1,0,0,0,446,447,445,556,468,458,5,11
LMR,5,1,4,4,2,10337,0,1,0,0,0,269,270,250,333,270,270,9,12
LMR,3,1,2,3,2,13369,0,1,0,0,0,256,257,210,301,296,283,2,4
LMR,5,1,4,4,3,6623,0,1,0,0,0,443,444,440,491,461,443,2,8
LMR,5,1,4,4,4,-192,0,1,0,0,0,443,444,443,491,456,443,2,8
LMR,3,1,2,3,3,242,0,1,0,0,0,286,287,263,258,402,351,1,2
LMR,3,1,2,3,2,-2402,0,0,0,0,0,-287,-286,-362,-377,-258,-335,3,6
LMR,5,1,4,4,12,-10495,0,1,0,0,0,286,287,286,283,336,334,1,7
LMR,4,1,3,4,2,-3168,0,1,0,0,0,286,287,285,317,354,287,1,0
LMR,4,1,3,4,3,4565,0,1,0,0,0,-271,-270,-310,-227,-209,-220,2,4
LMR,7,4,6,7,3,6637,0,0,0,0,0,270,271,125,204,271,271,12,13
LMR,5,3,4,4,3,2091,0,1,0,0,1,248,249,218,276,249,249,6,5
LMR,7,1,6,5,27,-12769,0,1,0,0,0,309,310,309,398,311,328,3,11
LMR,7,1,6,5,2,10479,0,1,0,0,0,309,310,308,289,310,310,2,14
LMR,4,1,3,4,4,-1304,0,1,0,0,0,255,256,60,586,335,321,1,1
LMR,3,1,2,2,10,-3643,0,1,0,0,0,327,328,294,454,345,366,1,1
LMR,6,1,5,6,2,10758,0,1,0,0,0,309,310,278,356,336,369,1,15
LMR,5,1,4,4,7,-4804,0,1,0,0,0,275,276,274,350,294,294,4,6
LMR,4,1,3,2,4,702,0,1,0,0,0,309,310,309,387,310,310,2,3
LMR,6,1,5,5,2,18828,0,1,0,0,0,309,310,282,446,310,310,11,11
LMR,5,1,4,5,2,21134,0,1,0,0,0,309,310,224,453,328,327,6,12
LMR,5,3,4,5,2,5391,0,0,1,0,0,-310,-309,-360,-482,-287,-287,1,7
LMR,6,1,5,6,4,7461,0,1,0,0,0,309,310,290,573,440,417,1,7
LMR,6,1,5,5,15,-11329,0,1,0,0,1,309,310,295,453,316,250,1,12
LMR,10,3,9,8,5,-3253,0,1,0,0,1,309,310,309,453,310,335,9,22
LMR,4,1,3,4,2,12913,0,1,0,0,0,283,284,268,296,330,306,1,9
LMR,5,1,4,5,3,-6902,0,0,0,0,0,-341,-340,-1437,-267,-243,-340,1,11
LMR,8,1,7,8,15,-11080,0,1,0,0,0,340,341,340,322,473,386,1,15
LMR,9,5,8,9,3,-7717,0,0,0,0,0,-341,-340,-998,-329,-322,-381,12,45
LMR,9,2,8,8,10,-13398,0,0,0,0,0,-341,-340,-359,-329,-340,-340,4,11
LMR,5,1,4,5,2,-1276,0,1,0,0,0,340,341,340,468,397,397,1,3
LMR,8,5,7,7,2,20366,0,1,0,0,1,340,341,340,321,386,387,6,14
LMR,4,1,3,3,2,11362,0,1,0,0,0,340,341,338,377,388,374,1,2
LMR,6,2,5,5,2,16280,0,1,0,0,0,340,341,338,401,356,341,3,14
LMR,5,3,4,5,2,2502,0,0,0,0,0,-341,-340,-390,-341,-327,-341,3,11
LMR,4,1,3,3,2,16342,0,1,0,0,0,303,304,302,324,314,312,2,5
LMR,4,1,3,3,11,5063,0,0,0,0,0,-341,-340,-359,-337,-333,-335,4,6
LMR,8,3,7,6,2,16430,0,1,0,0,0,340,341,336,336,341,349,8,19
LMR,4,1,3,4,3,7214,0,1,0,0,0,326,327,201,581,378,357,1,5
LMR,4,1,3,3,2,-4436,0,1,0,0,0,340,341,317,508,345,348,4,5
LMR,5,1,4,5,8,-4471,0,0,1,0,0,-335,-334,-356,-258,-257,-285,6,9
LMR,6,1,5,5,2,518,0,1,0,0,0,334,335,293,488,344,334,1,14
LMR,4,1,3,4,10,-7399,0,1,0,0,0,334,335,305,354,384,318,1,6
LMR,6,1,5,5,4,2234,0,1,0,0,0,334,335,334,488,343,320,1,20
LMR,6,1,5,5,9,-1807,0,1,0,0,0,334,335,334,488,355,334,1,15
LMR,8,1,7,7,18,-15017,0,0,0,0,0,-341,-340,-341,-312,-293,-312,2,12
LMR,7,3,6,7,2,-6800,0,0,0,0,0,-341,-340,-433,-345,-287,-301,9,12
LMR,8,1,7,7,8,-2230,0,1,0,0,0,340,341,332,415,343,305,2,23
LMR,11,1,10,10,22,-12974,0,1,0,0,0,340,341,335,397,372,340,1,63
LMR,6,2,5,6,8,-3232,0,0,1,0,0,-341,-340,-370,-534,-189,-318,3,3
LMR,9,2,8,9,2,-1276,0,1,0,1,0,340,341,321,656,31980,31980,0,0
LMR,11,1,10,11,23,-14361,0,1,0,0,0,340,341,340,397,417,417,1,28
LMR,5,1,4,5,2,-4309,0,0,0,0,0,-341,-340,-451,-376,-223,-340,1,0
LMR,6,1,5,5,3,-5879,0,1,0,0,0,340,341,326,416,365,340,1,3
LMR,6,1,5,6,16,-14819,0,1,0,0,0,340,341,340,416,419,337,1,15
LMR,13,7,12,11,16,11127,0,0,0,0,0,-341,-340,-343,-362,-340,-340,48,32
LMR,3,1,2,3,2,4584,0,1,1,0,0,340,341,340,-422,1166,1166,0,1
LMR,6,1,5,6,10,-6075,0,1,0,0,0,340,341,337,358,471,383,3,12
LMR,9,2,8,8,2,-157,0,1,0,0,0,340,341,299,635,348,377,1,39
LMR,11,3,10,11,3,-5348,0,1,0,0,0,340,341,308,511,445,373,3,67
LMR,5,1,4,4,10,-11432,0,1,0,0,0,340,341,337,468,347,341,2,6
LMR,14,7,13,13,4,3066,0,1,0,0,0,340,341,340,440,386,341,6,135
LMR,8,3,7,6,2,16431,0,1,0,0,0,340,341,338,463,341,349,5,20
LMR,3,1,2,3,2,-7610,0,1,0,0,0,386,387,358,478,493,463,1,2
LMR,5,1,4,5,8,-7854,0,0,0,0,0,-341,-340,-341,-322,-202,-290,2,2
LMR,8,3,7,8,2,18592,0,1,0,0,0,340,341,298,547,425,431,3,8
LMR,4,1,3,4,3,-661,0,0,0,0,0,-341,-340,-414,-495,-1,-286,0,5
LMR,11,7,10,9,26,-17066,0,0,0,0,1,-341,-340,-341,-326,-340,-321,35,27
LMR,5,1,4,5,2,1324,0,1,1,0,0,-341,-340,-370,-311,-285,-294,1,2
LMR,12,9,11,11,3,-6561,0,0,0,0,1,-341,-340,-345,-393,-323,-323,1047,46
LMR,6,1,5,5,2,20216,0,1,0,0,0,-341,-340,-343,-241,-315,-338,3,17
LMR,5,1,4,4,4,-4873,0,1,0,0,0,-341,-340,-341,-269,-322,-356,2,8
LMR,8,4,7,6,3,-2065,0,1,0,0,1,-341,-340,-341,-262,-340,-344,15,17
LMR,8,4,7,6,4,6564,0,1,0,0,1,-341,-340,-341,-262,-340,-341,13,13
LMR,8,2,7,7,5,-7555,0,1,0,0,1,-341,-340,-341,-262,-331,-357,4,14
LMR,3,1,2,2,5,120,0,1,0,0,0,-341,-340,-366,-343,-334,-335,2,2
LMR,8,2,7,7,2,3684,0,1,0,0,0,-341,-340,-371,-230,-340,-341,10,41
LMR,5,1,4,3,8,-8843,0,1,0,0,0,-341,-340,-341,-281,-335,-339,11,30
LMR,4,1,3,2,4,-9838,0,1,0,0,0,-341,-340,-341,-258,-340,-340,2,2
LMR,8,1,7,7,4,9023,0,1,0,0,0,-341,-340,-341,-230,-314,-340,3,79
LMR,5,1,4,5,2,1024,0,1,1,0,0,-341,-340,-355,-411,-300,-300,3,5
LMR,10,2,9,9,16,-17835,0,1,0,0,1,-341,-340,-341,-198,-320,-340,2,190
LMR,5,1,4,4,11,-1776,0,0,1,0,0,340,341,331,286,344,344,2,6
LMR,6,1,5,5,2,-25145,0,1,0,0,0,-341,-340,-354,-196,-306,-343,3,19
LMR,4,1,3,3,3,4259,0,1,0,0,0,-341,-340,-381,-235,-335,-419,4,4
LMR,5,1,4,4,8,-6038,0,1,1,0,0,-341,-340,-344,-342,-325,-341,2,4
LMR,6,4,5,6,2,2022,0,0,0,0,0,340,341,-36,256,342,341,22,17
LMR,6,1,5,6,3,-6774,0,1,0,0,0,-341,-340,-343,-196,-256,-341,3,41
LMR,6,1,5,4,4,-12992,0,1,0,0,0,-341,-340,-341,-196,-340,-344,4,3
LMR,6,1,5,6,6,-4524,0,1,1,0,0,-341,-340,-341,-196,-264,-341,3,9
LMR,5,1,4,5,11,-2264,0,0,1,0,0,340,341,333,298,431,431,2,3
LMR,6,1,5,5,7,-13086,0,1,0,0,0,-341,-340,-341,-196,-312,-416,3,17
LMR,7,3,6,7,2,-11547,0,0,0,0,0,-341,-340,-472,-347,-317,-317,9,10
LMR,8,2,7,7,2,10146,0,1,0,0,0,340,341,337,386,347,319,2,24
LMR,4,1,3,4,3,-5756,0,0,0,0,0,-341,-340,-345,-310,-287,-296,1,7
LMR,8,5,7,8,2,-446,0,0,1,0,0,-341,-340,-612,-571,-329,-315,6,17
LMR,8,1,7,8,10,-1450,0,1,1,0,0,340,341,340,386,467,317,2,25
LMR,8,1,7,7,16,-13717,0,1,0,0,0,340,341,340,386,357,341,2,20
LMR,12,7,11,10,3,14373,0,1,0,0,1,340,341,340,310,341,341,138,213
LMR,4,1,3,4,2,27036,0,1,0,0,0,337,338,307,288,363,356,1,3
LMR,4,1,3,3,2,-5746,0,1,0,0,1,355,356,307,303,356,370,3,7
LMR,4,1,3,3,3,-3451,0,1,0,0,0,427,428,427,474,475,428,1,6
LMR,4,1,3,4,2,359,0,1,0,0,0,382,383,382,323,583,480,2,1
LMR,3,1,2,2,2,21223,0,1,0,0,0,382,383,379,416,393,393,3,2
LMR,3,1,2,3,2,14473,0,1,0,0,0,359,360,348,427,406,360,2,5
LMR,4,1,3,4,2,6525,0,0,0,0,0,-383,-382,-441,-416,-382,-411,4,2
LMR,7,1,6,6,3,-2196,0,1,0,0,0,382,383,382,376,403,379,2,12
LMR,4,1,3,4,4,-546,0,1,0,0,0,326,327,274,591,357,359,1,6
LMR,9,5,8,7,2,24202,0,1,0,0,0,382,383,381,489,383,383,7,16
LMR,4,1,3,3,4,11547,0,1,0,0,0,-320,-319,-322,-310,-306,-324,3,7
LMR,11,8,10,9,2,5373,0,0,0,0,0,-383,-382,-383,-414,-382,-382,47,25
LMR,4,1,3,4,3,-7781,0,1,0,0,0,-342,-341,-390,-340,-323,-326,4,7
LMR,7,5,6,7,2,5987,0,0,1,0,0,-383,-382,-468,-718,-367,-367,4,5
LMR,10,1,9,9,11,-16497,0,1,0,0,0,382,383,371,431,410,391,2,19
LMR,4,1,3,4,4,-1006,0,1,1,0,0,382,383,361,346,422,415,1,2
LMR,8,3,7,8,5,-936,0,0,1,0,0,-383,-382,-403,-295,-287,-342,1,4
LMR,5,2,4,4,2,-2506,0,0,0,0,0,341,342,333,316,342,342,9,6
LMR,6,1,5,4,3,-5404,0,1,0,0,0,-342,-341,-342,-309,-340,-340,4,12
LMR,7,1,6,7,2,7532,0,1,0,0,0,-342,-341,-411,-202,-269,-269,1,4
LMR,9,4,8,8,3,1078,0,0,0,0,0,341,342,339,226,354,354,7,11
LMR,7,1,6,6,7,-6263,0,0,0,0,0,-342,-341,-352,-300,-322,-347,2,9
LMR,7,1,6,5,10,-16481,0,0,0,0,0,-342,-341,-347,-300,-341,-337,6,8
LMR,10,2,9,8,3,-5482,0,1,0,0,0,-342,-341,-342,-249,-337,-345,3,16
LMR,10,1,9,9,8,-13543,0,1,0,0,0,-342,-341,-342,-249,-313,-333,1,25
LMR,3,1,2,3,3,-4030,0,1,0,0,0,-340,-339,-374,-276,-260,-339,1,4
LMR,9,3,8,8,2,9501,0,1,0,0,0,-342,-341,-345,-311,-336,-339,7,30
LMR,5,1,4,4,3,567,0,1,0,0,0,-342,-341,-346,-269,-326,-342,2,4
LMR,5,1,4,3,4,-711,0,1,0,0,0,-342,-341,-342,-269,-335,-335,8,4
LMR,12,8,11,11,2,17502,0,1,0,0,0,-342,-341,-352,-226,-340,-340,53,212
LMR,3,1,2,2,2,1073,0,1,0,0,0,-342,-341,-354,-271,-310,-316,2,2
LMR,3,1,2,2,2,8858,0,1,0,0,0,-342,-341,-353,-323,-311,-316,1,1
LMR,5,1,4,4,3,-2634,0,1,0,0,0,-342,-341,-343,-313,-333,-333,3,3
LMR,4,2,3,3,3,12824,0,0,0,0,0,326,327,317,219,327,327,4,3
LMR,5,1,4,4,2,17138,0,1,0,0,0,-327,-326,-335,-203,-318,-327,3,14
LMR,4,1,3,3,2,-3850,0,1,0,0,0,-328,-327,-371,-296,-320,-317,4,10
LMR,6,1,5,5,10,-16080,0,1,0,0,0,-328,-327,-328,-320,-313,-324,2,26
LMR,5,1,4,4,3,5641,0,1,0,0,0,-328,-327,-331,-234,-319,-328,2,10
LMR,5,1,4,4,4,1926,0,1,0,0,0,-328,-327,-328,-234,-303,-323,2,10
LMR,3,1,2,3,2,3882,0,1,0,0,0,390,391,387,627,469,455,1,1
LMR,6,1,5,4,3,-1276,0,1,0,1,0,340,341,337,301,341,341,10,12
LMR,4,1,3,4,2,-6255,0,1,0,0,0,374,375,291,634,438,383,2,0
LMR,4,1,3,4,16,-13600,0,1,0,0,0,340,341,340,555,606,373,1,1
LMR,5,1,4,5,2,9304,0,1,0,0,0,340,341,283,621,391,366,1,22
LMR,5,1,4,4,2,5057,0,1,0,0,0,340,341,331,551,361,341,1,19
LMR,5,1,4,4,6,-137,0,1,1,0,0,355,356,354,384,368,354,1,6
LMR,6,1,5,5,2,10914,0,1,0,0,0,-342,-341,-356,-257,-341,-341,3,8
LMR,10,6,9,8,2,-947,0,1,0,0,1,-342,-341,-342,-334,-341,-341,6,85
LMR,7,2,6,7,2,20297,0,1,0,0,0,-342,-341,-963,-293,-320,-307,4,11
LMR,6,1,5,5,2,22668,0,1,0,0,0,-342,-341,-344,-205,-327,-336,3,16
LMR,6,1,5,5,2,15595,0,1,0,0,0,-342,-341,-342,-202,-302,-340,3,22
LMR,6,1,5,5,2,15525,0,1,0,0,0,-342,-341,-351,-228,-313,-341,4,17
LMR,10,2,9,8,24,-17255,0,0,0,0,0,341,342,340,247,342,342,10,37
LMR,8,1,7,7,2,7097,0,1,0,0,0,-342,-341,-363,-251,-322,-280,1,12
LMR,5,1,4,4,3,810,0,1,0,0,0,-342,-341,-342,-238,-327,-330,3,13
LMR,11,6,10,10,2,13197,0,1,0,0,0,-342,-341,-342,-218,-309,-331,5,70
LMR,9,1,8,7,2,-13368,0,1,0,0,0,-342,-341,-342,-189,-335,-342,3,16
LMR,9,1,8,9,3,91,0,1,0,0,0,-342,-341,-342,-189,-223,-310,1,29
LMR,8,1,7,7,4,-2052,0,1,1,0,0,-342,-341,-342,-205,-294,-330,3,11
LMR,6,1,5,6,2,14344,0,1,0,0,0,-342,-341,-377,-280,-313,-325,6,23
LMR,8,1,7,7,19,-17058,0,1,0,0,0,-342,-341,-342,-320,-325,-322,4,15
LMR,6,1,5,5,2,15592,0,1,0,0,0,341,342,331,566,342,335,5,13
LMR,6,1,5,5,5,-2867,0,1,0,0,0,341,342,341,566,351,340,1,11
LMR,6,1,5,4,15,-14555,0,1,0,0,0,341,342,341,566,348,342,1,7
LMR,4,1,3,3,3,1072,0,1,0,0,0,341,342,321,320,350,346,3,4
LMR,4,1,3,4,2,16357,0,1,0,0,0,341,342,290,459,414,401,2,2
LMR,4,1,3,4,2,19088,0,1,0,0,0,341,342,290,427,444,387,2,3
LMR,4,1,3,2,4,-2519,0,1,0,0,0,341,342,341,379,347,339,2,5
LMR,6,1,5,5,3,-1073,0,1,0,0,0,341,342,341,427,394,344,2,8
LMR,7,1,6,7,3,-5845,0,1,0,0,0,355,356,314,527,457,365,1,11
LMR,4,1,3,4,2,25064,0,1,0,0,0,343,344,297,294,364,360,1,2
LMR,5,1,4,4,2,506,0,1,0,0,0,355,356,351,473,371,371,1,5
LMR,7,2,6,7,11,-6089,0,0,0,0,0,-356,-355,-412,-268,-327,-347,7,16
LMR,12,9,11,12,10,-11884,0,0,0,0,1,-356,-355,-438,-400,-349,-349,126,170
LMR,11,7,10,10,2,4891,0,1,1,0,1,355,356,349,391,373,362,18,36
LMR,5,1,4,5,2,-7864,0,1,0,0,0,355,356,298,403,381,372,1,6
LMR,7,3,6,7,2,28834,0,1,0,0,0,355,356,305,558,422,426,5,0
LMR,3,1,2,3,3,9032,0,0,0,0,0,-334,-333,-405,-633,-266,-278,4,4
LMR,3,1,2,3,7,-8673,0,1,0,0,0,333,334,333,435,420,291,2,11
LMR,6,1,5,6,2,9260,0,1,0,0,0,355,356,184,529,356,375,2,12
LMR,8,1,7,8,2,676,0,1,1,0,0,355,356,-276,509,430,372,1,21
LMR,10,4,9,9,3,-10977,0,0,0,0,0,-356,-355,-370,-362,-355,-355,12,16
LMR,4,1,3,4,2,-5148,0,1,0,0,0,-342,-341,-390,-284,-234,-297,1,5
LMR,5,1,4,5,2,5811,0,1,0,0,0,-342,-341,-416,-292,-323,-323,1,2
LMR,5,1,4,4,2,6589,0,1,0,0,0,-342,-341,-361,-227,-321,-321,4,8
LMR,6,1,5,6,2,12415,0,1,0,0,0,-342,-341,-351,-139,-286,-338,3,24
LMR,3,1,2,3,2,4453,0,1,0,0,0,-345,-344,-411,-278,-337,-345,4,19
LMR,3,1,2,3,2,1117,0,1,0,0,0,-345,-344,-400,-230,-332,-345,4,33
LMR,3,1,2,2,6,-2992,0,0,1,0,0,341,342,341,330,352,352,2,2
LMR,5,1,4,3,2,1950,0,1,0,0,0,-342,-341,-342,-281,-339,-349,6,25
LMR,5,1,4,3,9,-11494,0,1,0,0,0,-342,-341,-342,-281,-341,-341,11,4
LMR,8,1,7,7,13,-16396,0,1,0,0,0,-342,-341,-343,-287,-317,-341,11,72
LMR,10,5,9,8,4,16944,0,0,0,0,0,341,342,341,295,342,342,29,45
LMR,9,5,8,8,3,12577,0,1,0,0,1,-342,-341,-342,-230,-329,-342,14,20
LMR,9,2,8,7,27,-10991,0,1,0,0,1,-342,-341,-342,-230,-338,-342,8,21
LMR,5,1,4,5,4,3020,0,1,0,0,0,355,356,355,633,433,356,1,11
LMR,6,1,5,6,2,5243,0,1,0,1,0,355,356,250,597,372,442,4,7
LMR,7,2,6,7,2,19696,0,1,0,0,0,355,356,291,691,441,356,3,47
LMR,10,4,9,9,2,3527,0,1,1,0,0,355,356,346,370,398,377,4,10
LMR,6,1,5,6,2,16518,0,1,0,0,0,355,356,351,405,474,391,2,5
LMR,5,1,4,5,2,-4752,0,0,0,0,0,-356,-355,-485,-463,-324,-343,2,9
LMR,5,1,4,5,6,-1276,0,1,0,0,0,355,356,331,523,418,345,1,13
LMR,5,1,4,5,2,18540,0,1,0,0,0,-356,-355,-676,-219,-324,-311,4,10
LMR,5,1,4,3,2,5516,0,1,0,0,0,-356,-355,-356,-244,-355,-355,4,11
LMR,7,1,6,5,5,-12958,0,1,0,0,0,-322,-321,-328,-308,-321,-322,4,6
LMR,5,1,4,4,3,-332,0,1,0,0,0,336,337,319,422,365,336,1,8
LMR,3,1,2,2,4,2453,0,1,0,0,0,336,337,332,389,353,353,2,2
LMR,5,1,4,4,6,-5013,0,1,1,0,0,336,337,336,422,359,349,1,15
LMR,4,1,3,3,2,8960,0,1,0,0,0,-338,-337,-338,-313,-311,-316,2,6
LMR,4,1,3,4,4,691,0,0,0,0,0,337,338,320,230,424,409,2,4
LMR,5,2,4,5,4,11394,0,0,0,0,0,337,338,292,12,416,361,2,4
LMR,5,1,4,5,2,2800,0,1,1,0,0,-338,-337,-394,-286,-333,-357,3,12
LMR,4,1,3,4,3,9175,0,1,0,0,0,375,376,290,583,430,423,1,3
LMR,4,1,3,3,4,-6870,0,0,0,0,1,-335,-334,-337,-279,-317,-335,3,10
LMR,6,4,5,6,2,12785,0,0,0,0,0,-353,-352,-423,-391,-343,-343,15,17
LMR,3,1,2,3,2,12953,0,1,0,0,0,352,353,336,390,393,385,2,7
LMR,9,1,8,8,2,-1552,0,1,0,0,0,352,353,344,472,376,353,2,48
LMR,4,1,3,3,4,2312,0,1,0,0,1,367,368,366,506,381,366,2,6
LMR,3,1,2,3,2,676,0,0,1,1,0,353,354,319,281,712,649,1,1
LMR,3,1,2,3,2,5713,0,1,1,1,1,387,388,371,634,1065,945,1,1
LMR,4,1,3,3,2,13420,0,1,0,0,0,368,369,368,545,400,399,3,7
LMR,5,1,4,4,4,676,0,0,1,0,0,-369,-368,-393,-545,-368,-368,15,16
LMR,6,1,5,5,5,-1381,0,0,1,0,0,-369,-368,-376,-477,-345,-345,5,7
LMR,8,1,7,6,9,-10031,0,1,0,0,0,368,369,368,686,371,348,2,19
LMR,7,1,6,7,2,6540,0,1,1,0,0,368,369,368,411,432,395,1,7
LMR,7,1,6,7,6,-11254,0,0,0,0,0,-369,-368,-399,-385,-333,-368,1,14
LMR,8,1,7,7,5,-15976,0,1,0,0,0,368,369,368,359,384,373,1,13
LMR,4,1,3,4,2,-904,0,0,1,0,0,-369,-368,-406,-780,-267,-313,1,5
LMR,4,1,3,4,6,-2636,0,1,1,0,0,368,369,357,427,414,324,1,8
LMR,8,2,7,6,11,-13066,0,0,0,0,1,353,354,353,353,356,354,6,11
LMR,9,5,8,7,2,270,0,1,0,0,1,-354,-353,-354,-353,-353,-345,9,17
LMR,3,1,2,2,2,12953,0,1,0,0,1,-354,-353,-370,-369,-353,-345,3,0
LMR,7,1,6,7,11,-9510,0,0,0,0,0,353,354,315,301,502,424,3,5
LMR,7,1,6,7,9,-10033,0,1,0,0,0,-354,-353,-366,-344,-301,-415,4,17
LMR,9,3,8,9,6,-12008,0,0,0,0,0,-369,-368,-448,-561,-346,-360,10,16
LMR,3,1,2,3,2,4219,0,1,1,0,0,-354,-353,-531,-788,-322,-328,2,9
LMR,7,1,6,7,3,-4180,0,1,0,0,0,-354,-353,-367,-181,-255,-334,2,26
LMR,4,1,3,3,5,-6137,0,1,0,0,0,-334,-333,-350,-218,-331,-333,5,11
LMR,6,1,5,6,2,14234,0,1,0,0,0,-354,-353,-706,-319,-264,-279,2,9
LMR,9,1,8,8,4,3525,0,1,0,0,0,-354,-353,-354,-120,-338,-289,2,28
LMR,3,1,2,3,4,-3822,0,1,0,0,0,-323,-322,-343,-199,-263,-279,2,4
LMR,6,1,5,4,2,-2284,0,1,0,0,0,-354,-353,-355,-184,-353,-353,3,8
LMR,6,1,5,6,2,-2564,0,1,0,0,0,-354,-353,-447,-190,-353,-358,5,10
LMR,6,1,5,6,6,-13472,0,1,0,0,0,-354,-353,-358,-190,-259,-276,3,3
LMR,3,1,2,2,2,-1276,0,0,0,1,0,353,354,349,145,360,361,4,3
LMR,6,1,5,5,5,-5655,0,1,0,0,0,-354,-353,-364,-485,-353,-358,5,12
LMR,7,1,6,7,7,-6632,0,0,0,0,0,353,354,287,249,364,358,2,25
LMR,7,1,6,7,13,-108,0,1,0,0,0,-354,-353,-354,-256,-294,-357,2,33
LMR,11,7,10,11,4,6691,0,0,0,0,1,353,354,346,309,401,354,4,81
LMR,4,1,3,4,2,-1158,0,1,0,0,0,346,347,287,441,356,347,2,16
LMR,8,2,7,7,5,-4813,0,0,0,0,0,-354,-353,-354,-362,-345,-354,7,26
LMR,8,2,7,6,8,-1467,0,0,0,0,0,-354,-353,-354,-362,-353,-351,3,16
LMR,10,4,9,8,2,4149,0,1,0,0,0,353,354,353,441,354,351,11,69
LMR,9,2,8,8,6,-5743,0,0,1,0,0,-354,-353,-367,-369,-343,-343,3,7
LMR,10,1,9,9,10,-13562,0,1,0,0,0,353,354,353,441,369,344,3,20
LMR,9,4,8,9,2,15884,0,1,0,0,1,-354,-353,-398,-365,-326,-322,11,28
LMR,11,5,10,10,5,-9212,0,0,0,0,1,353,354,353,345,365,325,27,47
LMR,13,9,12,11,2,16934,0,1,0,0,1,-354,-353,-354,-309,-353,-353,153,169
LMR,5,1,4,4,3,-2457,0,1,0,0,0,-354,-353,-359,-149,-317,-304,4,5
LMR,7,1,6,7,8,-13262,0,1,0,0,0,-354,-353,-419,-156,-288,-312,4,27
LMR,9,6,8,7,14,-9485,0,0,0,0,1,353,354,353,88,354,354,8,8
LMR,5,1,4,5,2,24944,0,1,0,0,0,353,354,344,364,402,394,1,3
LMR,8,3,7,8,22,-5370,0,0,0,0,0,-369,-368,-378,-361,-282,-357,5,8
LMR,6,1,5,6,2,-12503,0,0,0,0,0,353,354,273,248,364,364,3,3
LMR,3,1,2,3,5,-16569,0,1,0,0,0,-354,-353,-373,-894,-181,-256,1,3
LMR,6,3,5,6,2,1167,0,0,0,0,0,353,354,331,284,410,370,5,4
LMR,7,1,6,6,3,-5842,0,1,0,0,0,-354,-353,-360,-185,-329,-367,2,30
LMR,7,1,6,5,16,-16904,0,1,0,0,0,-354,-353,-360,-185,-353,-349,3,14
LMR,9,5,8,8,2,7171,0,0,0,0,0,353,354,349,209,374,374,6,6
LMR,9,1,8,9,6,-16694,0,1,0,0,0,-354,-353,-362,-255,-280,-372,1,88
LMR,9,1,8,8,17,-15715,0,1,0,0,0,-354,-353,-362,-255,-317,-330,3,20
LMR,3,1,2,3,3,-8533,0,1,0,0,0,-354,-353,-383,-274,-309,-317,2,4
LMR,4,1,3,2,2,4206,0,1,0,0,0,-352,-351,-352,-200,-351,-352,3,6
LMR,4,1,3,3,6,-880,0,1,1,0,0,-352,-351,-352,-200,-319,-352,3,4
LMR,4,1,3,2,7,-10265,0,1,0,0,0,-352,-351,-352,-200,-351,-351,5,3
LMR,5,1,4,4,2,7498,0,1,0,0,0,-354,-353,-379,-240,-353,-327,4,10
LMR,5,1,4,4,4,-14502,0,1,0,0,0,-354,-353,-359,-347,-344,-350,2,6
LMR,4,1,3,4,2,-7228,0,0,0,0,0,353,354,313,304,454,359,2,6
LMR,4,1,3,4,2,-2335,0,1,0,0,0,-354,-353,-489,-345,-304,-358,1,10
LMR,6,4,5,6,2,6835,0,0,0,0,0,353,354,294,343,358,358,20,8
LMR,9,3,8,7,5,-4482,0,1,0,0,1,-354,-353,-354,-351,-353,-354,18,27
LMR,5,1,4,3,2,12636,0,1,0,0,0,353,354,351,518,355,355,2,2
LMR,5,1,4,3,2,14130,0,1,0,0,0,353,354,351,465,354,354,2,4
LMR,5,2,4,5,2,-3262,0,0,0,0,0,-369,-368,-586,-463,-349,-349,3,4
LMR,5,1,4,5,3,5414,0,1,0,0,0,368,369,338,464,418,352,1,9
LMR,5,1,4,4,4,1458,0,1,0,0,0,368,369,352,464,370,360,1,6
LMR,3,1,2,2,4,-4096,0,1,0,0,0,-354,-353,-354,-353,-346,-345,7,4
LMR,6,1,5,4,2,15371,0,1,0,0,0,-354,-353,-354,-295,-353,-353,2,18
LMR,8,1,7,6,6,-11868,0,1,0,0,0,-354,-353,-354,-292,-350,-354,2,23
LMR,5,1,4,4,5,1470,0,1,0,0,0,-354,-353,-354,-332,-328,-354,1,9
LMR,5,1,4,3,8,-1520,0,1,1,0,0,-354,-353,-354,-332,-348,-355,2,6
LMR,3,1,2,2,4,-4143,0,1,1,0,0,368,369,361,412,387,362,2,4
LMR,4,1,3,3,2,1770,0,1,0,0,1,368,369,358,353,369,363,3,11
LMR,7,1,6,5,2,4777,0,1,0,0,0,368,369,363,367,369,363,4,8
LMR,7,1,6,6,6,-2788,0,1,1,0,0,368,369,363,367,376,364,3,16
LMR,5,1,4,5,4,-6100,0,1,0,0,0,-354,-353,-361,-229,-303,-353,1,14
LMR,8,1,7,6,11,-383,0,1,1,0,1,-354,-353,-354,-348,-351,-356,2,13
LMR,4,2,3,4,3,-2124,0,1,1,0,1,336,337,289,383,345,345,3,3
LMR,5,1,4,3,6,-11835,0,1,0,0,0,368,369,365,414,369,387,2,6
LMR,5,3,4,4,11,-7908,0,0,0,0,1,-369,-368,-374,-393,-348,-348,4,4
LMR,9,6,8,8,2,929,0,0,1,0,0,-369,-368,-369,-402,-351,-350,20,14
LMR,3,1,2,2,4,-1247,0,0,0,0,0,353,354,348,326,369,369,1,2
LMR,6,1,5,5,3,10381,0,1,0,0,0,368,369,363,373,388,360,3,12
LMR,5,1,4,3,4,-4527,0,1,0,0,0,368,369,364,457,369,411,3,4
LMR,3,1,2,3,3,-623,0,0,0,0,0,-369,-368,-374,-340,-267,-332,2,1
LMR,8,1,7,7,9,-7688,0,0,0,0,0,-369,-368,-374,-369,-355,-350,1,14
LMR,6,1,5,6,2,2579,0,1,0,0,0,-354,-353,-411,-262,-271,-271,3,8
LMR,4,1,3,3,3,18228,0,1,0,0,0,-354,-353,-361,-279,-328,-332,4,5
LMR,9,2,8,7,2,14818,0,1,0,0,0,-354,-353,-354,-248,-353,-354,3,27
LMR,6,1,5,5,3,10452,0,1,0,0,0,-354,-353,-354,-295,-343,-353,2,30
LMR,8,2,7,6,3,3266,0,0,0,0,0,353,354,353,319,354,353,9,10
LMR,9,1,8,8,3,5004,0,1,0,0,0,-354,-353,-354,-248,-328,-353,2,82
LMR,3,1,2,2,2,11203,0,1,0,0,0,-333,-332,-333,-206,-324,-332,2,6
LMR,5,1,4,4,7,-630,0,1,1,0,0,-354,-353,-360,-328,-331,-311,4,7
LMR,7,2,6,6,2,15400,0,1,0,0,0,-354,-353,-373,-188,-353,-353,7,39
LMR,5,1,4,5,2,26559,0,1,0,0,0,344,345,299,333,353,429,2,11
LMR,5,1,4,4,2,5742,0,1,0,0,0,-354,-353,-363,-245,-331,-353,1,11
LMR,6,3,5,6,2,-778,0,0,0,0,0,353,354,271,320,354,355,7,18
LMR,7,1,6,6,3,-15896,0,1,0,0,0,-354,-353,-356,-311,-336,-354,4,30
LMR,10,5,9,8,2,7683,0,1,0,0,0,-354,-353,-354,-294,-347,-348,14,28
LMR,5,3,4,4,2,9750,0,0,0,0,0,353,354,341,292,354,354,8,5
LMR,5,1,4,5,2,5316,0,1,0,0,0,-354,-353,-354,-277,-292,-354,2,18
LMR,5,1,4,3,3,8620,0,1,0,0,0,-354,-353,-354,-277,-353,-353,1,2
LMR,5,1,4,4,5,-665,0,0,1,0,0,353,354,353,266,364,362,1,6
LMR,3,1,2,2,2,11486,0,1,0,0,0,-354,-353,-364,-288,-342,-353,1,8
LMR,10,3,9,9,4,7033,0,1,0,0,0,-354,-353,-354,-301,-339,-353,3,52
LMR,5,1,4,5,2,6440,0,1,0,0,0,-351,-350,-363,-214,-297,-343,1,9
LMR,4,1,3,4,3,19938,0,1,0,0,0,359,360,275,294,447,312,3,9
LMR,5,1,4,4,3,8605,0,1,0,0,0,-333,-332,-348,-309,-316,-316,1,13
LMR,4,1,3,4,5,-11274,0,1,0,0,0,-333,-332,-455,-250,-244,-259,1,4
LMR,6,1,5,5,5,8549,0,1,0,0,0,-333,-332,-340,-104,-296,-326,2,17
LMR,3,1,2,2,4,-1276,0,1,0,0,0,-333,-332,-361,-367,-322,-324,3,4
LMR,3,1,2,3,2,505,0,0,0,0,0,332,333,297,218,367,326,3,11
LMR,4,1,3,3,2,-2472,0,1,0,0,0,-333,-332,-359,-255,-321,-326,2,21
LMR,5,1,4,3,11,-11364,0,1,0,0,1,-375,-374,-375,-342,-374,-370,5,8
LMR,4,1,3,2,2,1288,0,1,1,0,0,332,333,332,362,333,333,3,3
LMR,3,1,2,3,4,562,0,1,0,0,0,332,333,311,351,432,432,1,2
LMR,3,1,2,2,3,-1630,0,0,0,0,0,332,333,307,321,334,334,6,3
LMR,5,1,4,3,4,1029,0,1,0,0,0,-333,-332,-335,-188,-332,-333,4,15
LMR,5,1,4,3,6,-6913,0,1,0,0,0,-333,-332,-333,-188,-332,-340,5,7
LMR,5,1,4,3,7,-10195,0,1,0,0,0,-333,-332,-333,-188,-332,-332,5,7
LMR,5,3,4,4,2,-2415,0,1,0,0,1,-375,-374,-378,-338,-368,-368,9,8
LMR,3,1,2,2,2,6626,0,1,1,0,0,-333,-332,-333,-658,-291,-302,2,3
LMR,4,1,3,2,5,-8186,0,1,0,0,0,-333,-332,-333,-314,-332,-332,3,3
LMR,4,1,3,2,6,-1699,0,1,1,0,0,332,333,332,333,338,337,3,3
LMR,4,1,3,3,3,1858,0,0,0,0,0,-333,-332,-359,-387,-332,-332,3,4
LMR,4,1,3,4,2,23943,0,1,0,0,0,332,333,268,342,365,332,2,10
LMR,6,1,5,4,3,-7865,0,1,0,0,0,332,333,332,354,338,334,3,8
LMR,4,1,3,3,2,2273,0,1,0,0,0,332,333,332,371,355,344,2,4
LMR,4,1,3,3,2,-1804,0,0,0,0,0,332,333,322,318,336,335,2,2
LMR,5,1,4,4,6,-14511,0,1,0,0,0,-333,-332,-348,-329,-320,-334,2,6
LMR,5,1,4,4,10,-4291,0,1,1,0,0,-333,-332,-334,-329,-305,-290,2,4
LMR,9,4,8,7,3,-8761,0,0,0,0,1,332,333,332,332,333,332,15,35
LMR,11,6,10,9,3,9605,0,1,0,0,1,-333,-332,-333,-338,-332,-332,56,82
LMR,3,1,2,2,2,10645,0,1,0,0,0,-372,-371,-372,-354,-353,-362,2,3
LMR,5,1,4,5,3,4184,0,1,0,0,0,-333,-332,-350,-246,-284,-294,1,8
LMR,6,1,5,4,3,7713,0,1,0,0,0,-333,-332,-335,-295,-332,-332,2,24
LMR,4,1,3,3,2,1945,0,1,0,0,0,-362,-361,-362,-258,-353,-355,2,9
LMR,5,1,4,4,4,-4886,0,0,0,0,0,332,333,332,301,341,329,3,13
LMR,5,1,4,5,2,1163,0,1,0,0,0,-333,-332,-410,-217,-319,-332,7,10
LMR,6,1,5,6,2,14520,0,1,0,0,0,-333,-332,-352,-179,-282,-332,3,29
LMR,7,3,6,7,3,32618,0,1,0,0,0,-333,-332,-401,-276,-297,-297,5,14
LMR,11,3,10,11,2,-1195,0,1,0,0,0,-333,-332,-809,-85,-312,-305,10,71
LMR,6,1,5,6,2,9913,0,1,0,0,0,-333,-332,-413,-98,-190,-287,1,13
LMR,6,2,5,5,4,-757,0,0,0,0,0,332,333,316,330,339,339,5,15
LMR,7,1,6,7,2,8113,0,1,0,0,0,-333,-332,-338,-150,-261,-307,1,12
LMR,4,1,3,4,2,-1276,0,1,0,0,0,-333,-332,-431,-1329,91,203,0,2
LMR,7,3,6,7,11,-727,0,0,1,0,0,332,333,145,77,418,418,2,3
LMR,5,1,4,5,4,7809,0,1,0,0,0,-333,-332,-375,-722,-281,-293,1,5
LMR,5,1,4,5,6,-1276,0,0,0,0,0,332,333,305,235,421,299,2,10
LMR,8,1,7,7,3,-17066,0,1,0,0,0,-333,-332,-361,-1329,-332,-308,5,33
LMR,9,5,8,8,2,1845,0,0,1,0,0,332,333,310,-23,339,342,5,7
LMR,9,1,8,9,2,-1276,0,1,0,0,0,-333,-332,-482,-1329,-332,-341,3,72
LMR,9,6,8,9,2,5094,0,0,0,1,0,332,333,210,-166,386,341,8,78
LMR,10,7,9,9,13,-3805,0,0,1,0,1,332,333,332,335,340,340,97,2
LMR,5,1,4,5,2,21306,0,1,0,0,0,332,333,51,433,411,411,2,6
LMR,4,1,3,3,3,3036,0,0,0,0,0,-333,-332,-342,-349,-332,-332,4,5
LMR,3,1,2,2,3,14551,0,1,0,0,0,332,333,332,388,348,322,3,7
LMR,5,1,4,4,3,1990,0,1,0,0,0,332,333,332,392,356,332,2,20
LMR,5,1,4,4,9,-9001,0,1,0,0,0,332,333,332,392,381,381,1,3
LMR,4,1,3,3,4,-8124,0,1,0,0,1,-373,-372,-378,-289,-364,-369,2,5
LMR,3,1,2,3,2,13296,0,1,0,0,0,-346,-345,-367,-232,-204,-340,4,12
LMR,3,1,2,2,2,-3092,0,1,0,0,0,391,392,367,413,392,426,1,2
LMR,5,2,4,3,6,-10835,0,1,0,0,1,326,327,326,370,327,327,13,4
LMR,4,1,3,4,2,23946,0,1,0,0,0,360,361,360,425,443,429,1,1
LMR,5,1,4,5,2,15754,0,1,0,0,0,402,403,369,448,472,460,2,5
LMR,5,1,4,4,3,-2767,0,1,1,0,0,359,360,347,373,375,372,3,3
LMR,5,1,4,4,4,-9409,0,1,0,0,0,360,361,343,460,394,381,2,3
LMR,5,1,4,4,2,7133,0,1,0,0,0,360,361,347,403,391,381,5,9
LMR,5,1,4,5,2,17568,0,1,0,0,0,360,361,341,444,447,411,1,4
LMR,5,1,4,5,13,9275,0,1,1,0,0,360,361,330,483,408,401,1,7
LMR,5,1,4,5,2,9478,0,1,0,0,0,345,346,318,451,414,361,1,0
LMR,5,1,4,5,2,23965,0,1,0,0,0,343,344,300,398,438,429,1,0
LMR,5,1,4,4,2,1157,0,1,0,0,0,360,361,355,463,406,397,2,5
LMR,9,4,8,9,2,21360,0,1,0,0,0,360,361,329,477,413,361,6,12
LMR,5,1,4,4,6,-1189,0,0,1,0,1,-331,-330,-343,-331,-330,-313,2,8
LMR,6,3,5,5,2,3338,0,1,0,0,1,330,331,284,313,331,315,17,28
LMR,3,1,2,3,2,-5455,0,1,0,0,0,348,349,348,545,483,398,1,2
LMR,4,1,3,4,2,-2793,0,1,0,0,0,354,355,327,422,472,389,1,5
LMR,3,1,2,3,2,-8040,0,1,0,0,0,349,350,279,526,366,350,5,6
LMR,3,1,2,3,2,28071,0,1,0,0,0,353,354,287,599,462,443,1,1
LMR,6,1,5,5,3,13112,0,1,0,0,0,-361,-360,-361,-326,-348,-363,2,13
LMR,10,5,9,9,3,-884,0,0,0,0,0,-361,-360,-380,-361,-351,-350,15,28
LMR,10,6,9,9,3,5790,0,1,0,0,1,360,361,338,332,361,360,34,97
LMR,7,1,6,7,2,6076,0,1,0,0,0,-361,-360,-433,-223,-256,-358,1,9
LMR,9,5,8,7,3,-5892,0,0,0,0,0,360,361,358,277,361,361,16,39
LMR,10,4,9,9,2,11037,0,1,1,0,0,-361,-360,-361,-324,-344,-351,16,40
LMR,5,1,4,5,2,26951,0,1,0,0,0,-361,-360,-361,-170,-301,-357,3,14
LMR,6,4,5,6,2,8869,0,0,0,0,0,360,361,162,156,361,365,11,7
LMR,7,2,6,5,3,12645,0,1,0,0,0,-361,-360,-364,-318,-360,-360,12,16
LMR,14,8,13,12,9,-17467,0,0,0,0,1,-361,-360,-361,-270,-360,-360,464,173
LMR,3,1,2,2,2,1323,0,1,0,0,0,-330,-329,-330,-195,-320,-320,5,4
LMR,9,1,8,7,5,-16651,0,1,0,0,0,-330,-329,-330,-211,-327,-336,3,10
LMR,6,1,5,4,4,-6470,0,1,0,0,0,-330,-329,-330,-300,-327,-342,2,9
LMR,9,1,8,8,8,-8723,0,1,0,0,0,-330,-329,-330,-211,-316,-330,2,23
LMR,9,1,8,7,17,-17513,0,1,0,0,0,-330,-329,-330,-211,-329,-348,2,14
LMR,9,1,8,7,19,-17589,0,1,0,0,0,-330,-329,-330,-211,-324,-342,2,16
LMR,6,1,5,4,5,-986,0,1,0,0,0,-330,-329,-330,-237,-324,-345,1,6
LMR,6,1,5,5,6,-937,0,1,0,0,0,-330,-329,-330,-237,-321,-345,1,5
LMR,6,1,5,4,31,-13925,0,1,0,0,0,-330,-329,-330,-237,-325,-343,2,7
LMR,9,1,8,8,22,-16331,0,1,0,0,0,-330,-329,-330,-211,-289,-330,2,47
LMR,4,1,3,3,5,6736,0,1,0,0,0,329,330,325,459,346,330,3,6
LMR,4,2,3,3,2,-781,0,0,0,0,0,329,330,326,319,348,363,3,4
LMR,5,1,4,4,3,-8719,0,1,0,0,0,-330,-329,-356,-308,-313,-314,2,8
LMR,8,2,7,7,2,11293,0,1,0,0,0,-330,-329,-347,-293,-301,-346,2,9
LMR,8,1,7,7,3,-15500,0,1,0,0,0,-330,-329,-346,-293,-327,-330,1,7
LMR,8,1,7,7,11,-8670,0,1,0,0,0,-330,-329,-330,-293,-317,-330,3,12
LMR,4,1,3,3,11,4714,0,1,0,0,0,-330,-329,-334,-288,-309,-312,1,1
LMR,11,1,10,10,26,-18943,0,1,0,0,0,-330,-329,-330,-291,-318,-316,3,46
LMR,5,1,4,4,2,304,0,1,0,0,0,-330,-329,-368,-218,-326,-308,2,14
LMR,4,1,3,4,2,10896,0,1,0,0,0,-370,-369,-516,-354,-367,-370,2,10
LMR,4,1,3,2,4,5630,0,1,0,0,0,-370,-369,-370,-354,-369,-369,4,4
LMR,3,1,2,2,2,19299,0,1,0,0,0,-330,-329,-330,-327,-303,-318,3,4
LMR,7,1,6,7,2,-11209,0,1,0,0,0,-330,-329,-393,-140,-329,-281,3,21
LMR,5,1,4,5,2,7885,0,1,0,0,0,-330,-329,-381,-267,-319,-323,3,10
LMR,3,1,2,3,2,39553,0,1,0,0,0,-330,-329,-361,-334,-284,-292,2,2
LMR,3,1,2,2,4,3927,0,1,0,0,0,-286,-285,-315,-112,-284,-285,2,13
LMR,8,4,7,6,2,18063,0,1,0,0,0,-330,-329,-330,-335,-329,-329,16,11
LMR,3,1,2,2,2,26672,0,1,0,0,0,-330,-329,-338,-244,-316,-329,1,5
LMR,3,1,2,3,2,10820,0,1,1,0,0,-330,-329,-482,-291,-327,-270,1,1
LMR,4,1,3,3,2,-8442,0,1,0,0,0,-359,-358,-377,-332,-358,-312,2,3
LMR,4,1,3,2,2,-4686,0,1,0,0,0,-314,-313,-314,-317,-313,-313,7,4
LMR,5,1,4,4,22,-9917,0,0,0,0,0,313,314,263,337,314,313,4,16
LMR,5,3,4,5,2,5194,0,0,1,0,0,313,314,59,178,339,322,3,5
LMR,6,1,5,4,2,-6272,0,1,0,0,0,-314,-313,-320,-146,-313,-300,3,6
LMR,5,1,4,3,2,3766,0,1,0,0,0,-314,-313,-314,-221,-313,-314,5,5
LMR,3,1,2,2,3,16132,0,0,0,0,0,313,314,292,243,315,315,7,6
LMR,5,1,4,3,4,-10651,0,1,0,0,0,-314,-313,-314,-221,-313,-314,3,19
LMR,5,1,4,3,5,-2998,0,1,1,0,0,-314,-313,-314,-221,-312,-314,1,5
LMR,7,3,6,5,10,-1774,0,0,1,0,1,313,314,313,242,314,313,7,29
LMR,8,1,7,7,18,-15580,0,1,0,0,1,-314,-313,-314,-314,-294,-313,1,62
LMR,10,5,9,8,5,-13264,0,0,0,0,1,313,314,313,288,314,313,69,102
LMR,4,1,3,4,2,14876,0,1,0,0,0,-314,-313,-361,-175,-213,-307,1,0
LMR,7,1,6,6,4,-10516,0,0,0,0,0,313,314,305,444,317,334,3,11
LMR,5,1,4,5,3,-8489,0,1,0,0,0,-314,-313,-332,-258,-228,-298,1,6
LMR,9,2,8,8,2,5395,0,1,0,0,0,-314,-313,-331,-382,-293,-300,2,19
LMR,11,2,10,11,17,-17128,0,0,0,0,0,313,314,301,364,422,314,5,28
LMR,4,1,3,3,2,-4089,0,0,0,0,0,-314,-313,-351,-354,-306,-308,2,4
LMR,4,1,3,4,2,-2222,0,1,0,0,0,313,314,243,386,314,309,2,8
LMR,4,1,3,3,3,-6147,0,1,0,0,0,313,314,309,386,328,307,1,3
LMR,4,1,3,4,4,-4471,0,1,1,0,0,313,314,309,386,401,322,1,2
LMR,6,1,5,5,4,-2373,0,1,0,0,0,313,314,307,326,345,320,2,25
LMR,8,6,7,7,2,3802,0,0,0,0,0,-314,-313,-319,-314,-304,-304,5,7
LMR,8,1,7,8,2,-901,0,1,0,0,0,313,314,253,271,314,305,4,45
LMR,5,1,4,4,22,-10975,0,0,0,0,0,313,314,291,340,328,328,2,4
LMR,6,1,5,6,2,1798,0,1,0,0,0,-314,-313,-322,-156,-221,-239,1,6
LMR,8,1,7,8,10,-13882,0,1,0,0,0,-314,-313,-315,-276,-245,-288,1,16
LMR,4,1,3,3,2,3678,0,1,0,0,0,-314,-313,-322,-283,-311,-287,2,8
LMR,5,1,4,4,2,14214,0,1,0,0,0,-314,-313,-322,-272,-300,-313,2,7
LMR,12,8,11,11,2,6420,0,1,0,0,1,-314,-313,-314,-363,-305,-313,55,144
LMR,3,1,2,2,2,18107,0,1,0,0,0,-314,-313,-323,-234,-306,-306,3,4
LMR,3,1,2,2,2,11790,0,1,0,0,0,-310,-309,-331,-188,-307,-307,3,4
LMR,8,2,7,8,3,-1464,0,0,0,0,0,313,314,303,263,500,410,2,6
LMR,9,3,8,9,3,4388,0,1,0,0,0,-314,-313,-399,-299,-261,-313,5,10
LMR,5,1,4,5,2,15176,0,1,0,0,0,-314,-313,-314,-184,-240,-313,6,14
LMR,3,1,2,3,2,6294,0,1,0,0,0,-319,-318,-353,-183,-267,-276,3,9
LMR,3,1,2,2,3,7370,0,1,0,0,0,-334,-333,-334,-241,-303,-333,3,13
LMR,5,1,4,5,2,33011,0,1,0,0,0,-314,-313,-405,-432,-312,-312,10,17
LMR,7,2,6,6,4,-1394,0,0,1,0,0,313,314,313,279,324,312,5,29
LMR,5,1,4,4,3,1062,0,1,0,0,0,-314,-313,-335,-292,-302,-314,6,10
LMR,5,1,4,3,4,4451,0,1,0,0,0,-314,-313,-314,-292,-313,-329,4,5
LMR,7,1,6,6,3,1420,0,1,0,0,0,-314,-313,-324,-258,-303,-314,3,39
LMR,7,1,6,5,6,-1327,0,1,0,0,0,-314,-313,-314,-258,-307,-325,4,11
LMR,7,1,6,5,10,-1995,0,1,0,0,0,-314,-313,-314,-258,-313,-324,3,11
LMR,7,2,6,5,3,6508,0,1,0,0,1,-314,-313,-314,-312,-313,-313,15,24
LMR,5,1,4,5,2,11875,0,1,0,0,0,-314,-313,-324,-138,-138,-199,2,3
LMR,3,1,2,2,4,7093,0,1,0,0,0,-309,-308,-347,-306,-304,-304,5,6
LMR,3,1,2,2,3,9427,0,1,0,0,0,-286,-285,-315,-131,-285,-285,2,3
LMR,3,1,2,3,2,29263,0,1,0,0,0,-337,-336,-402,-352,-333,-333,2,3
LMR,3,1,2,2,2,12900,0,1,0,0,0,-337,-336,-365,-285,-320,-324,3,4
LMR,4,1,3,4,2,11356,0,1,1,0,0,-314,-313,-406,-352,-256,-266,1,4
LMR,3,1,2,3,3,1827,0,0,0,0,0,305,306,263,211,324,306,2,4
LMR,3,1,2,3,4,10639,0,1,0,0,0,-306,-305,-313,-278,-254,-306,1,8
LMR,4,1,3,3,17,5939,0,1,0,0,0,313,314,313,340,343,330,2,3
LMR,3,1,2,2,4,-3510,0,1,1,0,0,349,350,345,346,380,374,2,3
LMR,3,1,2,2,2,-3157,0,1,1,0,0,313,314,279,413,320,297,3,7
LMR,5,1,4,4,2,-2759,0,1,0,0,0,313,314,306,428,356,310,3,19
LMR,3,1,2,2,3,-2259,0,0,0,0,0,-314,-313,-314,-330,-306,-306,4,23
LMR,5,1,4,3,5,-15163,0,1,0,0,0,313,314,312,428,315,307,14,36
LMR,5,1,4,4,11,-17813,0,1,0,0,0,313,314,312,428,357,349,6,9
LMR,4,1,3,4,2,-4675,0,1,0,0,0,313,314,313,388,416,350,3,9
LMR,12,7,11,10,10,-15525,0,0,0,0,1,313,314,313,313,317,317,134,220
LMR,3,1,2,2,2,24393,0,1,0,0,0,313,314,312,396,338,314,2,10
LMR,6,1,5,4,2,8566,0,1,0,0,0,313,314,308,450,314,315,3,10
LMR,4,1,3,4,8,-5070,0,1,0,0,0,313,314,311,478,407,390,3,4
LMR,5,1,4,5,3,10690,0,1,0,0,0,313,314,255,491,384,364,1,22
LMR,4,1,3,3,2,13542,0,1,0,0,0,-308,-307,-308,-197,-285,-299,2,8
LMR,4,1,3,3,2,11875,0,1,0,0,0,-308,-307,-315,-192,-272,-295,2,9
LMR,4,2,3,3,2,-40,0,0,0,0,0,-345,-344,-357,-329,-338,-338,4,9
LMR,8,3,7,8,2,-11505,0,0,0,0,0,-345,-344,-430,-402,-344,-339,13,49
LMR,5,1,4,4,2,10503,0,1,0,0,0,314,315,283,364,317,315,6,20
LMR,3,1,2,3,2,7001,0,1,0,0,0,-304,-303,-309,-149,-245,-283,2,6
LMR,3,1,2,2,2,13017,0,1,0,0,0,-340,-339,-341,-313,-329,-320,1,3
LMR,5,1,4,5,2,27685,0,1,0,0,0,-316,-315,-448,-108,-198,-291,2,4

===========================
Total time (ms) : 37
Nodes searched  : 28511
Nodes/second    : 770567
LMR_TOTAL,15805,795,530
