
Position: 1/1 (r1bqkb1r/pppn1ppp/2np4/4p1P1/8/1P6/PBPPPP1P/RN1QKBNR w KQkq - 1 6)
LMR,5,1,4,4,2,11549,0,1,0,0,0,199,200,198,220,239,239,3,9
LMR,5,1,4,4,3,-1276,0,1,0,0,0,199,200,166,240,211,214,3,14
LMR,5,1,4,5,2,20616,0,1,0,0,0,199,200,129,287,286,261,1,6
LMR,4,1,3,2,3,-1276,0,0,0,0,0,-200,-199,-200,-269,-199,-199,3,2
LMR,5,1,4,4,28,-5701,0,1,0,0,0,199,200,199,272,216,199,2,9
LMR,3,1,2,3,3,676,0,0,1,0,0,184,185,184,149,243,233,4,5
LMR,3,1,2,3,2,503,0,0,0,0,0,-200,-199,-280,-207,-134,-192,1,4
LMR,6,2,5,6,4,-1276,0,0,0,0,0,-200,-199,-248,-310,-65,-193,5,14
LMR,6,1,5,6,3,-1276,0,1,0,0,0,199,200,199,317,265,193,1,22
LMR,6,1,5,5,9,-1276,0,1,0,0,0,199,200,199,317,215,274,1,6
LMR,5,1,4,5,3,3604,0,1,0,0,0,-201,-200,-201,-178,-126,-150,3,13
LMR,7,5,6,7,4,-4843,0,0,0,0,1,200,201,158,148,213,213,0,24
LMR,4,1,3,2,6,-1276,0,1,0,0,0,207,208,207,207,208,208,6,7
LMR,4,1,3,4,3,2533,0,0,0,0,0,-208,-207,-278,-324,-207,-208,7,19
LMR,5,1,4,4,8,-6138,0,1,0,0,0,207,208,207,409,227,208,2,34
LMR,4,1,3,4,3,-3492,0,1,0,0,0,207,208,184,346,244,230,1,20
LMR,3,1,2,2,2,-603,0,0,0,0,0,-218,-217,-257,-243,-204,-182,3,6
LMR,5,1,4,3,4,-2903,0,0,0,0,0,208,209,208,113,209,209,12,8
LMR,5,1,4,5,2,7311,0,1,0,0,0,-209,-208,-276,-135,-185,-209,2,24
LMR,6,1,5,5,5,-4733,0,1,0,0,0,217,218,209,311,246,218,2,51
LMR,5,1,4,3,2,5990,0,1,0,0,0,-219,-218,-219,-126,-218,-207,8,5
LMR,5,1,4,5,2,4904,0,1,0,0,0,-219,-218,-234,-151,-149,-161,2,8
LMR,3,1,2,2,2,-3585,0,1,0,0,1,204,205,181,245,210,205,2,8
LMR,5,1,4,4,3,-2468,0,1,0,0,0,230,231,215,308,234,231,3,27
LMR,4,1,3,2,3,2145,0,1,0,0,0,230,231,228,312,231,231,3,11
LMR,3,1,2,3,2,-875,0,1,0,0,1,328,329,275,247,329,329,13,18
LMR,3,1,2,2,2,513,0,1,0,0,0,269,270,253,296,270,269,3,9
LMR,5,1,4,4,3,-4830,0,1,0,0,0,270,271,258,392,311,311,1,9
LMR,8,3,7,6,4,-3525,0,0,0,0,0,-271,-270,-271,-426,-268,-268,22,16
LMR,5,1,4,4,12,-10440,0,1,0,0,0,270,271,266,319,298,288,1,7
LMR,7,1,6,7,2,-8237,0,0,0,0,0,-271,-270,-285,-318,-97,-243,2,10
LMR,9,1,8,7,6,-6709,0,1,0,0,0,270,271,268,351,273,246,1,38
LMR,4,1,3,4,3,-2285,0,1,0,0,0,-182,-181,-201,-207,-47,-132,1,2
LMR,4,1,3,4,2,5752,0,1,0,0,0,-182,-181,-239,-72,-136,-144,2,6
LMR,3,1,2,3,12,-3257,0,1,0,0,0,-180,-179,-206,-104,-130,-169,2,6
LMR,5,1,4,4,4,-1626,0,1,1,0,0,-180,-179,-188,-98,-146,-171,1,11
LMR,6,1,5,6,2,5083,0,1,0,0,0,179,180,53,245,189,180,1,19
LMR,5,1,4,5,4,-12855,0,1,0,0,0,185,186,137,241,240,226,1,5
LMR,3,1,2,2,6,-1858,0,1,1,0,0,182,183,136,224,186,183,2,6
LMR,8,1,7,7,2,-347,0,1,0,0,0,185,186,173,357,186,232,5,17
LMR,5,1,4,3,2,454,0,1,0,0,0,-187,-186,-187,-168,-185,-185,8,7
LMR,3,1,2,3,2,13226,0,1,0,0,0,-158,-157,-186,-55,56,18,1,1
LMR,5,1,4,5,2,8831,0,0,0,0,0,186,187,-98,-319,213,196,6,18
LMR,5,1,4,5,3,12497,0,1,0,0,0,-187,-186,-227,-86,-83,-194,1,26
LMR,8,5,7,7,2,-2823,0,0,0,0,0,186,187,148,150,189,194,53,17
LMR,5,1,4,4,14,-12294,0,1,0,0,0,194,195,194,414,218,195,2,8
LMR,5,1,4,5,2,-9986,0,1,0,0,0,194,195,102,304,269,249,1,3
LMR,4,1,3,2,4,-1722,0,1,0,0,0,194,195,194,263,196,247,4,3
LMR,6,1,5,6,2,14992,0,1,0,0,0,194,195,136,324,195,195,1,5
LMR,5,1,4,5,2,6634,0,1,0,0,0,206,207,167,303,250,250,5,12
LMR,3,1,2,3,2,4593,0,1,1,0,0,188,189,156,354,238,200,3,2
LMR,6,1,5,5,2,1946,0,1,0,0,0,206,207,204,384,241,208,3,10
LMR,4,1,3,4,3,-2107,0,1,0,0,0,186,187,133,305,239,229,1,5
LMR,5,1,4,5,2,7575,0,1,0,0,0,222,223,19,325,326,284,1,10
LMR,6,1,5,4,12,-8653,0,0,0,0,1,-223,-222,-223,-285,-221,-221,4,5
LMR,3,1,2,3,6,-4047,0,1,0,0,0,222,223,200,288,383,355,1,1
LMR,5,1,4,4,5,-13622,0,1,0,0,0,222,223,209,305,250,322,1,10
LMR,5,1,4,4,7,-4814,0,1,0,0,0,222,223,215,213,230,211,4,14
LMR,6,1,5,6,3,-11188,0,0,0,0,0,-223,-222,-278,-258,-213,-218,7,37
LMR,10,5,9,8,2,7536,0,1,0,0,0,222,223,221,357,223,218,22,71
LMR,9,1,8,7,13,-13801,0,1,0,0,0,222,223,222,214,223,241,8,18
LMR,10,2,9,10,2,-14042,0,0,0,0,0,-223,-222,-475,-446,-222,-239,6,39
LMR,10,2,9,10,5,-10372,0,1,0,0,0,222,223,221,357,282,239,1,59
LMR,4,1,3,3,2,1803,0,1,0,0,0,197,198,164,304,198,203,3,10
LMR,4,1,3,4,2,18187,0,1,0,0,0,186,187,135,299,233,220,1,4
LMR,3,1,2,2,2,-3117,0,1,0,0,0,311,312,262,414,312,320,1,3
LMR,3,1,2,3,3,-12313,0,1,0,0,0,255,256,249,435,319,308,1,3
LMR,3,1,2,3,2,-9872,0,1,0,0,0,308,309,219,428,349,309,2,6
LMR,10,2,9,10,12,-12059,0,0,0,0,0,-244,-243,-245,-222,-189,-240,4,38
LMR,5,1,4,5,2,6992,0,0,0,0,0,243,244,145,161,244,252,8,14
LMR,5,1,4,5,2,-13070,0,1,0,0,0,-244,-243,-511,-188,-232,-250,3,26
LMR,5,1,4,4,3,-13952,0,1,0,0,0,-244,-243,-250,-188,-228,-217,1,2
LMR,5,1,4,5,7,1848,0,1,0,0,0,243,244,243,350,405,312,1,6
LMR,5,1,4,5,8,-7947,0,1,0,0,0,243,244,225,313,351,351,3,5
LMR,8,5,7,8,2,-2428,0,0,0,0,0,-244,-243,-351,-173,-157,-236,2,2
LMR,4,1,3,2,3,-7797,0,1,0,0,0,-244,-243,-244,-271,-240,-240,2,0
LMR,11,3,10,9,3,8676,0,1,0,0,0,243,244,240,376,244,264,5,20
LMR,3,1,2,2,5,-2050,0,1,0,0,1,243,244,240,438,257,244,3,13
LMR,6,1,5,4,3,3632,0,0,0,0,0,-244,-243,-244,-294,-241,-241,3,10
LMR,7,1,6,6,2,4903,0,1,0,0,0,243,244,242,413,256,241,2,58
LMR,7,1,6,7,3,12722,0,1,0,0,0,243,244,242,413,353,244,1,7
LMR,7,1,6,7,2,-468,0,1,0,0,0,271,272,246,327,380,361,1,7
LMR,9,1,8,9,22,-17066,0,0,0,0,0,-272,-271,-274,-270,-163,-235,1,20
LMR,5,1,4,4,2,-1111,0,1,0,0,0,271,272,258,330,298,298,1,3
LMR,8,4,7,7,2,7502,0,1,0,0,1,271,272,238,265,274,276,2,16
LMR,5,1,4,5,2,13767,0,1,0,0,0,271,272,242,368,403,319,1,5
LMR,4,1,3,2,3,-12601,0,1,0,0,0,252,253,247,416,253,253,2,2
LMR,3,1,2,3,2,7953,0,1,0,0,0,271,272,261,406,318,272,1,5
LMR,6,1,5,4,2,6007,0,1,0,0,0,271,272,265,404,272,302,4,8
LMR,8,1,7,8,5,-1276,0,1,0,0,0,271,272,271,527,374,284,1,9
LMR,3,1,2,3,2,-7844,0,1,0,0,0,332,333,278,446,351,397,1,2
LMR,5,1,4,5,7,-12480,0,1,0,0,0,271,272,269,348,338,306,2,7
LMR,4,1,3,4,2,16873,0,1,0,0,0,271,272,247,339,439,410,1,2
LMR,6,1,5,5,6,-6479,0,0,0,0,1,-272,-271,-297,-285,-263,-273,3,9
LMR,3,1,2,3,5,-6919,0,1,0,0,0,448,449,445,566,527,473,4,3
LMR,4,1,3,4,6,-1121,0,1,1,0,1,226,227,211,185,292,255,1,9
LMR,3,1,2,3,2,4892,0,1,0,0,1,328,329,275,343,329,329,2,13
LMR,5,1,4,5,3,-2673,0,1,0,0,0,309,310,277,297,384,332,1,2
LMR,3,1,2,3,2,-7800,0,1,0,0,1,280,281,262,349,343,279,1,10
LMR,3,1,2,3,4,-10214,0,1,0,0,1,302,303,268,494,377,303,1,8
LMR,6,1,5,6,3,10073,0,1,0,0,0,309,310,301,492,428,325,1,6
LMR,3,1,2,3,2,9310,0,1,0,0,0,236,237,234,376,314,310,2,5
LMR,3,1,2,3,2,-2259,0,1,0,0,0,332,333,278,462,415,401,2,2
LMR,3,1,2,3,2,13641,0,1,0,0,0,265,266,246,296,336,284,1,5
LMR,5,1,4,5,2,10080,0,1,0,0,0,309,310,305,380,470,351,1,3
LMR,4,1,3,4,4,-300,0,1,0,0,0,309,310,274,369,500,467,1,2
LMR,5,1,4,4,14,-10990,0,1,0,0,0,309,310,305,298,322,309,2,27
LMR,5,1,4,5,2,-3198,0,0,0,0,0,-310,-309,-435,-421,-298,-309,8,44
LMR,6,1,5,5,2,-1276,0,1,0,0,0,309,310,300,472,335,309,1,60
LMR,7,3,6,6,3,6363,0,1,0,0,1,309,310,309,389,328,404,2,8
LMR,4,1,3,4,3,-3588,0,1,0,0,0,309,310,309,309,379,374,1,6
LMR,4,1,3,4,9,6696,0,0,0,0,0,-310,-309,-412,-505,-309,-361,8,11
LMR,5,1,4,4,2,4818,0,1,0,0,0,309,310,309,467,341,361,1,28
LMR,4,1,3,4,2,-8852,0,1,0,0,0,360,361,338,459,437,369,1,12
LMR,6,1,5,6,3,-9624,0,1,0,0,1,360,361,349,510,502,356,1,29
LMR,4,1,3,4,5,-71,0,1,1,0,0,-352,-351,-387,-318,-288,-299,1,1
LMR,5,1,4,5,3,5408,0,1,0,0,0,-352,-351,-368,-292,-303,-311,2,7
LMR,8,1,7,7,4,-4795,0,1,0,0,0,350,351,303,267,353,353,4,18
LMR,10,2,9,9,9,-13624,0,0,0,0,0,-351,-350,-351,-292,-312,-352,3,28
LMR,6,1,5,6,2,11796,0,1,0,0,0,350,351,264,533,351,361,2,11
LMR,3,1,2,3,2,4584,0,1,1,0,0,350,351,326,290,388,357,1,2
LMR,4,1,3,4,2,5380,0,1,0,0,0,350,351,267,378,457,374,1,6
LMR,8,4,7,7,2,6565,0,1,0,0,1,350,351,342,318,352,351,13,45
LMR,7,5,6,6,26,-13211,1,0,0,0,1,-312,-286,-312,-351,-303,-311,31,32
LMR,3,1,2,3,5,1754,0,1,0,0,0,286,287,231,311,299,299,1,2
LMR,4,1,3,4,2,4883,0,1,0,0,0,301,302,254,394,361,361,1,1
LMR,5,1,4,5,2,4378,0,1,0,0,0,311,312,170,473,324,407,5,9
LMR,4,1,3,4,5,-988,0,0,0,0,0,-312,-311,-327,-365,-232,-246,1,7
LMR,5,1,4,4,8,-7207,0,1,0,0,0,311,312,292,453,320,259,3,14
LMR,7,1,6,6,4,6215,0,1,0,0,0,311,312,290,311,312,352,5,12
LMR,8,5,7,8,2,5386,0,0,0,0,0,-312,-311,-532,-512,-311,-347,63,25
LMR,5,1,4,5,2,1507,0,1,0,0,0,311,312,252,430,358,358,2,2
LMR,3,1,2,2,3,-7055,0,0,0,0,0,-312,-311,-312,-373,-297,-299,1,2
LMR,4,1,3,4,3,-4100,0,1,0,0,0,311,312,302,411,467,359,1,5
LMR,3,1,2,3,3,5972,0,0,0,0,0,-489,-488,-521,-508,-460,-464,2,3
LMR,4,1,3,3,2,5405,0,0,0,0,0,-312,-311,-355,-420,-304,-306,3,6
LMR,4,1,3,4,3,6068,0,1,0,0,0,311,312,296,357,365,307,1,11
LMR,8,1,7,8,2,676,0,1,1,0,0,311,312,307,421,381,312,4,12
LMR,7,4,6,7,2,456,0,0,0,0,0,-325,-324,-439,-276,-322,-322,4,4
LMR,10,1,9,10,4,-6902,0,1,0,1,0,324,325,324,519,31990,31990,0,0
LMR,8,1,7,8,3,-2428,0,1,0,0,0,324,325,284,413,389,423,6,13
LMR,5,1,4,3,2,-152,0,1,0,0,0,324,325,324,363,329,329,6,4
LMR,3,1,2,3,7,-1297,0,1,1,1,0,324,325,283,238,565,522,2,2
LMR,3,1,2,3,3,766,0,1,0,0,0,-313,-312,-343,-406,-284,-290,3,9
LMR,5,1,4,5,10,-6805,0,0,0,0,0,312,313,273,264,385,385,1,6
LMR,5,1,4,5,6,-1276,0,1,0,0,0,-313,-312,-349,-272,-264,-373,1,13
LMR,5,1,4,5,2,-6964,0,1,0,0,0,324,325,113,469,462,343,1,4
LMR,3,1,2,3,5,-2922,0,1,1,0,0,346,347,237,374,347,341,12,12
LMR,6,1,5,5,7,-7702,0,0,0,0,0,-325,-324,-333,-381,-305,-305,4,9
LMR,6,1,5,6,3,13344,0,1,0,0,0,324,325,324,446,381,307,4,25
LMR,6,1,5,5,4,-1276,0,1,0,0,0,324,325,324,446,336,338,3,11
LMR,4,1,3,3,2,2348,0,1,1,0,1,-295,-294,-295,-250,-267,-272,4,4
LMR,5,1,4,5,2,4216,0,1,0,0,0,324,325,257,481,385,369,5,8
LMR,6,1,5,5,3,15426,0,1,0,0,0,324,325,317,435,325,361,6,9
LMR,4,1,3,4,2,11861,0,1,0,0,0,324,325,270,475,491,340,1,3
LMR,3,1,2,3,2,947,0,0,0,0,0,-325,-324,-459,-380,-295,-313,2,4
LMR,6,1,5,5,2,9849,0,1,0,0,0,324,325,315,609,362,321,1,37
LMR,6,1,5,6,3,2118,0,1,0,0,0,324,325,321,609,402,367,1,12
LMR,6,1,5,4,3,8010,0,1,0,0,0,324,325,324,507,325,342,3,7
LMR,4,1,3,4,2,23393,0,1,0,0,0,301,302,229,428,361,361,1,1
LMR,3,1,2,3,4,-1276,0,1,0,0,1,-316,-315,-316,-334,-159,-187,1,1
LMR,3,1,2,2,4,10538,0,1,0,0,0,-327,-326,-339,-124,-326,-326,9,7
LMR,7,1,6,7,3,20041,0,1,0,0,0,-313,-312,-337,-227,-241,-236,3,9
LMR,8,5,7,8,2,3972,0,1,0,0,1,-313,-312,-374,-159,-266,-291,7,14
LMR,3,1,2,2,2,-572,0,0,0,0,0,189,190,189,145,239,230,2,3
LMR,5,1,4,5,2,676,0,1,0,0,0,-136,-135,-245,-8,-135,-113,6,8
LMR,3,1,2,2,3,-1315,0,1,0,0,0,-193,-192,-194,-186,-181,-180,8,4
LMR,5,1,4,4,13,-9129,0,1,0,0,0,312,313,312,376,329,325,5,7
LMR,6,4,5,5,3,16591,0,0,0,0,0,-313,-312,-323,-297,-312,-307,9,13
LMR,3,1,2,3,4,-3941,0,1,0,0,0,-313,-312,-330,-334,-271,-278,2,4
LMR,4,2,3,3,2,3402,0,0,0,0,0,312,313,296,297,334,286,2,9
LMR,9,2,8,9,5,-17249,0,0,0,0,0,312,313,305,307,400,361,2,6
LMR,10,7,9,8,2,6287,0,1,0,0,1,-313,-312,-313,-169,-307,-316,72,61
LMR,10,2,9,8,3,-14115,0,1,0,0,0,324,325,320,382,325,339,15,25
LMR,10,4,9,9,30,-16952,0,0,0,0,1,-325,-324,-325,-321,-279,-335,10,67
LMR,7,1,6,7,2,-11608,0,1,0,0,0,324,325,-158,236,392,343,1,15
LMR,9,2,8,8,11,-12855,0,0,0,0,0,-325,-324,-325,-378,-275,-340,6,20
LMR,9,3,8,9,2,20901,0,1,0,0,0,324,325,320,325,378,325,19,60
LMR,5,1,4,5,2,20342,0,1,0,0,0,324,325,264,357,478,448,1,3
LMR,5,1,4,3,6,-2528,0,1,0,0,0,324,325,324,324,325,366,2,3
LMR,6,2,5,5,3,-8675,0,0,0,0,0,-325,-324,-333,-337,-324,-359,11,13
LMR,6,1,5,6,2,23053,0,1,0,0,0,324,325,245,500,333,333,1,44
LMR,6,2,5,5,14,-11068,0,0,0,0,1,324,325,318,321,355,324,4,15
LMR,7,4,6,6,2,3086,0,1,0,0,1,-325,-324,-343,-322,-321,-324,11,34
LMR,5,1,4,5,2,9292,0,1,0,0,0,-313,-312,-445,-292,-249,-249,1,5
LMR,6,1,5,4,5,-199,0,1,0,0,0,-313,-312,-313,-184,-312,-305,3,14
LMR,4,1,3,3,11,-7526,0,0,0,0,0,312,313,264,265,313,313,5,15
LMR,5,1,4,4,7,-6653,0,1,0,0,0,-313,-312,-315,-165,-265,-313,3,31
LMR,7,1,6,6,3,15282,0,1,0,0,0,312,313,302,398,313,313,19,30
LMR,8,1,7,8,3,4520,0,1,0,0,0,315,316,263,614,385,341,3,9
LMR,3,1,2,3,2,11221,0,1,0,0,0,315,316,315,412,578,432,1,2
LMR,3,1,2,3,2,6070,0,0,1,0,0,316,317,253,218,339,342,2,5
LMR,6,1,5,6,3,-15015,0,1,0,0,0,-317,-316,-335,-195,-273,-280,2,10
LMR,5,1,4,4,2,21887,0,1,0,0,0,-317,-316,-317,-236,-296,-284,3,11
LMR,5,1,4,5,3,-5168,0,1,0,0,0,325,326,225,439,563,402,1,4
LMR,6,1,5,6,3,-4174,0,1,0,0,0,325,326,314,473,383,326,1,8
LMR,5,1,4,3,2,6776,0,1,0,0,0,325,326,323,420,326,346,3,3
LMR,4,1,3,3,7,-3235,0,1,1,0,0,325,326,325,251,372,363,7,3
LMR,4,1,3,2,2,5077,0,1,0,0,0,325,326,325,427,326,325,4,21
LMR,10,4,9,8,18,-16947,0,0,0,0,1,-326,-325,-326,-316,-325,-326,40,26
LMR,4,1,3,3,2,-552,0,1,0,0,0,325,326,318,471,352,360,3,8
LMR,5,1,4,5,2,19034,0,1,0,0,0,325,326,204,367,347,354,2,8
LMR,3,1,2,3,4,1951,0,1,0,0,0,325,326,268,279,632,326,1,3
LMR,6,3,5,5,8,-14062,0,0,0,0,1,-326,-325,-349,-339,-302,-326,6,13
LMR,11,5,10,10,2,18063,0,1,0,0,0,325,326,325,343,363,334,5,26
LMR,7,1,6,7,2,13941,0,1,0,0,0,325,326,305,474,435,435,4,7
LMR,12,4,11,11,2,-10719,0,1,0,0,0,325,326,325,561,374,333,4,62
LMR,5,1,4,5,5,-11544,0,0,0,0,0,-503,-502,-605,-538,-431,-431,4,8
LMR,4,1,3,3,3,-9959,0,1,0,0,0,325,326,322,555,332,400,1,4
LMR,5,1,4,4,3,-5614,0,0,0,1,0,-326,-325,-361,-332,-321,-385,7,9
LMR,10,1,9,10,3,-7792,0,1,0,1,0,325,326,73,538,418,418,5,5
LMR,3,1,2,3,2,7836,0,1,1,0,0,334,335,308,201,824,422,0,1
LMR,3,1,2,3,4,5521,0,0,1,0,0,325,326,290,101,539,562,5,2
LMR,4,1,3,4,2,9385,0,1,1,0,0,-326,-325,-503,-325,-278,-261,2,5
LMR,4,1,3,2,6,4439,0,1,0,0,0,-326,-325,-326,-281,-325,-325,5,11
LMR,5,1,4,5,2,14317,0,1,0,0,0,325,326,289,458,368,444,2,5
LMR,11,3,10,9,16,-15546,0,1,0,0,1,325,326,325,395,326,326,14,54
LMR,6,4,5,6,3,13063,0,0,0,0,0,-326,-325,-408,-565,-265,-301,7,4
LMR,11,6,10,9,7,-6925,0,0,0,0,0,-326,-325,-326,-325,-323,-323,44,23
LMR,5,1,4,4,3,18312,0,1,0,0,0,-326,-325,-342,-242,-310,-353,8,13
LMR,7,1,6,6,19,-5784,0,1,0,0,0,325,326,319,314,332,326,2,16
LMR,9,1,8,8,7,-16388,0,0,0,0,0,-326,-325,-326,-360,-314,-326,8,39
LMR,4,1,3,3,2,-15325,0,1,0,0,0,325,326,312,382,326,289,13,3
LMR,5,1,4,5,2,7064,0,1,0,0,0,325,326,233,382,326,314,19,23
LMR,5,1,4,5,6,-3617,0,1,0,0,0,325,326,314,382,376,376,2,9
LMR,9,6,8,8,2,2615,0,1,0,0,1,325,326,323,336,342,326,33,169
LMR,3,1,2,3,3,-6079,0,1,0,0,0,-326,-325,-372,-438,-284,-292,1,2
LMR,12,7,11,10,5,-14338,0,0,0,0,1,-326,-325,-326,-394,-325,-325,446,15
LMR,4,2,3,4,2,4884,0,0,1,0,0,325,326,79,-327,368,368,5,4
LMR,4,1,3,4,6,3071,0,1,1,0,0,-326,-325,-333,-497,327,-359,4,11
LMR,6,1,5,5,2,-5419,0,1,0,0,1,-326,-325,-331,-374,-309,-296,5,12
LMR,10,1,9,9,9,-9956,0,1,0,0,0,-326,-325,-326,-247,-301,-326,3,32
LMR,6,4,5,5,2,6819,0,0,0,0,0,-326,-325,-347,-368,-310,-326,12,5
LMR,3,1,2,3,2,9928,0,1,1,0,0,315,316,236,51,370,361,1,1
LMR,4,1,3,3,5,-3325,0,0,0,0,0,-316,-315,-331,-246,-306,-309,4,11
LMR,4,1,3,4,4,-13645,0,1,0,1,0,328,329,328,458,387,376,4,4
LMR,3,1,2,3,2,-4883,0,1,0,0,0,448,449,415,516,639,606,1,1
LMR,4,1,3,4,2,-3118,0,1,0,0,0,365,366,-1212,475,373,371,2,6
LMR,3,1,2,2,2,7707,0,1,0,0,0,317,318,303,414,341,341,1,0
LMR,4,2,3,4,2,49797,0,1,0,0,0,325,326,223,372,331,354,3,6
LMR,6,1,5,5,5,8286,0,1,0,0,0,325,326,325,523,345,348,3,18
LMR,5,1,4,3,2,14308,0,1,0,0,0,325,326,322,321,329,326,7,13
LMR,4,1,3,4,6,-1276,0,1,0,0,0,325,326,275,352,332,326,1,6
LMR,5,1,4,5,2,7310,0,1,0,0,0,325,326,146,466,509,365,1,4
LMR,4,1,3,2,2,-885,0,0,0,0,0,-321,-320,-322,-411,-317,-321,2,12
LMR,4,1,3,4,3,32978,0,1,0,0,0,325,326,300,355,371,348,2,5
LMR,6,1,5,5,2,19408,0,1,0,0,0,325,326,316,408,338,326,3,31
LMR,4,2,3,4,2,12662,0,0,0,0,0,-326,-325,-370,-414,-310,-300,6,11
LMR,4,1,3,4,3,10787,0,1,0,0,0,325,326,312,504,412,394,1,4
LMR,5,1,4,5,2,524,0,1,0,0,0,325,326,305,511,372,335,3,14
LMR,5,1,4,5,3,12915,0,1,0,0,0,304,305,279,370,443,371,1,4
LMR,3,1,2,3,9,-642,0,1,1,0,0,337,338,337,299,465,383,3,3
LMR,4,1,3,2,6,-240,0,1,0,0,0,290,291,290,342,291,291,2,2
LMR,5,1,4,5,3,19363,0,1,0,0,0,360,361,360,339,421,364,1,7
LMR,4,1,3,2,16,-6117,0,0,0,0,1,-361,-360,-361,-310,-360,-371,4,11
LMR,4,2,3,4,2,6783,0,1,0,0,1,326,327,323,473,469,350,1,2
LMR,4,1,3,4,2,-1276,0,0,0,0,0,-503,-502,-606,-868,-486,-496,4,6
LMR,5,1,4,5,3,13919,0,1,0,0,0,325,326,325,360,391,369,2,8
LMR,7,3,6,7,5,-378,0,0,0,0,0,-326,-325,-394,-413,-325,-325,13,27
LMR,7,1,6,7,8,-13729,0,1,0,0,0,325,326,325,539,413,325,4,48
LMR,5,1,4,4,2,-5165,0,1,0,0,0,-326,-325,-326,-346,-299,-289,4,19
LMR,11,6,10,9,4,-6371,0,0,0,0,1,-326,-325,-326,-482,-325,-325,184,17
LMR,8,1,7,7,11,-6284,0,1,0,0,1,-326,-325,-326,-394,-318,-327,4,19
LMR,12,8,11,10,2,5001,0,1,0,0,1,325,326,325,393,326,327,67,54
LMR,7,3,6,6,6,5232,0,0,0,0,0,-326,-325,-339,-511,-324,-324,15,13
LMR,7,1,6,7,2,-9845,0,1,0,0,0,325,326,231,471,347,324,1,37
LMR,7,1,6,6,4,-15121,0,1,0,0,0,325,326,324,471,348,325,1,10
LMR,7,1,6,7,12,-13173,0,1,0,0,0,325,326,325,471,426,362,2,9
LMR,5,1,4,5,2,7571,0,1,0,0,0,325,326,317,462,395,339,4,11
LMR,5,1,4,4,2,-698,0,1,0,0,0,325,326,289,438,336,339,2,5
LMR,7,4,6,7,2,39076,0,1,0,0,0,339,340,283,434,340,340,7,9
LMR,8,4,7,8,2,-9513,0,0,0,0,0,-340,-339,-409,-378,-339,-339,17,25
LMR,3,1,2,3,4,-5007,0,1,0,0,0,-327,-326,-374,-298,-263,-326,1,3
LMR,5,1,4,4,7,-8356,0,1,0,0,0,-327,-326,-342,-173,-313,-326,1,9
LMR,4,1,3,4,11,-4397,0,1,0,0,0,-327,-326,-348,-283,-278,-287,3,3
LMR,6,1,5,5,2,-14979,0,1,0,1,0,-327,-326,-358,-194,-307,-294,5,22
LMR,6,1,5,6,2,7646,0,1,0,0,0,-327,-326,-337,-227,-196,-261,3,12
LMR,6,4,5,6,2,-3744,0,1,0,0,1,-298,-297,-412,-249,-277,-297,9,17
LMR,6,1,5,6,3,9394,0,1,0,0,0,-327,-326,-367,-270,-183,-300,1,4
LMR,3,1,2,3,2,-12855,0,0,0,0,0,326,327,80,-44,523,439,1,2
LMR,7,5,6,7,2,11209,0,0,1,0,0,326,327,79,-485,334,334,16,13
LMR,8,1,7,7,13,5374,0,1,1,0,0,-327,-326,-327,-195,-314,-333,11,31
LMR,11,9,10,10,3,25346,0,0,0,0,0,326,327,317,150,327,327,105,28
LMR,12,3,11,10,5,2714,0,1,1,0,0,-327,-326,-327,-135,-326,-332,9,30
LMR,6,1,5,6,3,-8073,0,1,0,0,0,326,327,292,506,448,327,1,9
LMR,4,1,3,4,2,-3141,0,1,0,0,0,317,318,267,527,486,399,1,4
LMR,4,1,3,4,2,-1872,0,0,0,0,0,-340,-339,-453,-348,-297,-330,4,10
LMR,5,1,4,4,4,-599,0,1,0,0,0,339,340,323,433,344,331,2,16
LMR,5,1,4,4,5,-768,0,1,0,0,0,339,340,331,433,380,373,1,3
LMR,6,1,5,5,2,12627,0,1,1,0,0,339,340,339,433,368,339,4,6
LMR,12,8,11,10,4,-3163,0,0,0,0,0,-340,-339,-340,-337,-339,-339,33,15
LMR,5,1,4,5,2,963,0,1,1,1,0,-340,-339,-377,-285,-301,-335,3,8
LMR,5,1,4,5,2,676,0,1,1,0,0,339,340,274,422,340,352,8,14
LMR,3,1,2,3,5,-10063,0,1,0,0,0,339,340,331,308,456,435,2,2
LMR,6,4,5,5,2,10767,0,0,0,0,0,-340,-339,-357,-364,-339,-369,6,5
LMR,5,2,4,4,2,16643,0,0,0,0,0,-340,-339,-355,-459,-326,-298,5,7
LMR,5,1,4,5,2,-4027,0,1,0,0,0,339,340,277,443,340,304,11,19
LMR,5,1,4,5,6,-12348,0,1,0,0,0,339,340,309,443,383,383,1,10
LMR,11,2,10,10,9,-13992,0,0,0,0,0,-340,-339,-346,-340,-333,-333,7,13
LMR,13,6,12,11,4,9859,0,1,0,0,0,339,340,339,410,340,333,21,164
LMR,4,1,3,4,2,4884,0,1,1,0,0,339,340,-233,-666,1733,996,0,1
LMR,13,3,12,13,9,-2989,0,1,1,0,0,339,340,339,410,421,376,6,79
LMR,10,2,9,9,7,-14434,0,1,0,0,1,339,340,337,410,356,346,7,33
LMR,5,1,4,4,5,-8122,0,0,0,0,0,-340,-339,-343,-485,-333,-333,15,7
LMR,6,1,5,5,2,5103,0,1,0,0,0,339,340,330,532,358,334,1,29
LMR,3,1,2,3,2,14717,0,1,1,0,0,339,340,286,532,451,403,1,2
LMR,6,1,5,4,5,-9182,0,1,0,0,0,339,340,334,532,340,353,5,18
LMR,7,1,6,7,2,-99,0,1,0,0,0,339,340,246,404,347,340,4,20
LMR,4,1,3,4,2,11749,0,1,0,0,0,339,340,333,379,523,385,1,3
LMR,6,1,5,6,2,14366,0,1,0,0,0,339,340,71,499,351,340,2,30
LMR,4,1,3,3,16,-16239,0,1,0,0,0,360,361,352,592,395,389,2,4
LMR,3,1,2,2,7,-4694,0,1,0,0,0,324,325,324,449,343,322,2,4
LMR,5,3,4,4,2,351,0,1,0,0,1,304,305,302,303,310,269,7,10
LMR,5,1,4,5,4,-4397,0,1,0,0,0,339,340,314,522,439,340,1,32
LMR,8,4,7,8,2,25065,0,1,0,0,0,339,340,289,683,392,429,11,10
LMR,4,1,3,4,3,16136,0,1,0,0,0,339,340,236,176,427,340,5,8
LMR,5,2,4,4,2,8769,0,0,1,0,0,-340,-339,-340,-425,-324,-324,3,4
LMR,8,1,7,7,2,13660,0,1,0,0,0,339,340,326,528,340,340,1,11
LMR,5,1,4,5,7,-11120,0,1,0,0,0,339,340,263,475,358,301,2,12
LMR,5,1,4,5,8,-11084,0,1,0,0,0,339,340,301,475,443,352,1,1
LMR,8,1,7,8,2,4383,0,1,0,0,0,339,340,300,669,564,365,1,3
LMR,4,1,3,3,2,22583,0,1,0,0,0,449,450,405,491,450,510,2,6
LMR,3,1,2,3,2,-9362,0,1,0,0,0,431,432,394,470,450,431,1,9
LMR,3,1,2,3,2,-1344,0,1,0,0,0,367,368,277,512,386,434,2,11
LMR,5,1,4,3,2,-4263,0,1,0,0,1,-299,-298,-299,-276,-296,-296,3,4
LMR,7,3,6,7,7,-16188,0,1,0,0,1,296,297,214,324,338,331,8,8
LMR,4,2,3,4,3,9677,0,0,1,0,0,-311,-310,-411,-386,-310,-310,5,3
LMR,5,1,4,4,2,-401,0,1,0,0,0,310,311,310,284,342,336,1,2
LMR,5,3,4,4,3,7732,0,1,0,0,1,388,389,349,373,389,389,7,8
LMR,4,1,3,3,2,3940,0,1,1,0,0,353,354,328,111,354,395,4,5
LMR,6,2,5,5,4,-8076,0,0,0,0,0,-340,-339,-352,-434,-336,-335,9,11
LMR,10,5,9,8,2,17926,0,1,0,0,0,339,340,335,424,341,341,0,0
LMR,4,1,3,2,3,-861,0,1,0,0,0,330,331,324,442,331,331,4,5
LMR,3,1,2,2,5,9433,0,1,0,0,0,354,355,321,533,355,440,2,3
LMR,5,1,4,5,3,-999,0,1,0,0,0,338,339,173,407,341,362,1,7
LMR,5,1,4,4,4,-3421,0,1,0,0,0,339,340,333,451,355,345,2,8
LMR,5,1,4,5,2,-39,0,1,0,0,0,339,340,314,465,397,339,2,14
LMR,5,1,4,4,14,-1983,0,1,0,0,0,339,340,339,465,361,357,3,7
LMR,4,1,3,4,3,-12659,0,1,0,0,0,339,340,268,346,355,357,1,3
LMR,7,1,6,7,2,-6407,0,1,0,0,0,339,340,269,332,393,353,1,19
LMR,4,1,3,4,2,14814,0,1,0,0,0,300,301,195,211,311,311,1,1
LMR,5,2,4,4,5,-341,0,0,1,0,0,-301,-300,-309,-242,-295,-298,3,9
LMR,5,1,4,5,5,-9119,0,1,0,0,0,337,338,300,403,495,362,1,0
LMR,3,1,2,3,3,-6900,0,1,0,0,0,422,423,266,463,430,444,4,3
LMR,3,1,2,3,2,-3370,0,1,0,0,0,343,344,204,394,407,399,1,2
LMR,5,1,4,5,2,4854,0,1,0,0,0,339,340,326,489,417,404,1,4
LMR,3,1,2,2,4,-273,0,0,0,0,0,-340,-339,-340,-471,-325,-325,1,1
LMR,6,1,5,5,3,-4230,0,1,0,0,0,339,340,328,406,380,361,3,9
LMR,8,3,7,6,2,21041,0,1,0,0,0,339,340,339,491,346,350,4,10
LMR,8,2,7,7,2,24232,0,1,0,0,0,339,340,339,476,370,398,2,13
LMR,8,2,7,6,2,21492,0,1,0,0,0,339,340,339,458,340,340,4,11
LMR,3,1,2,2,6,-3437,0,0,1,0,0,-517,-516,-521,-477,-501,-495,3,6
LMR,3,1,2,2,5,-9110,0,0,0,0,0,-299,-298,-299,-299,-288,-289,4,4
LMR,4,1,3,3,5,-5348,0,1,0,0,0,298,299,277,255,299,291,4,13
LMR,5,1,4,5,2,-12137,0,0,0,0,0,-517,-516,-608,-1888,-451,-486,6,16
LMR,6,1,5,5,5,-12857,0,1,0,1,0,516,517,514,778,551,491,4,24
LMR,6,1,5,6,12,-14458,0,1,0,0,0,516,517,514,778,729,607,1,7
LMR,5,1,4,5,3,6835,0,1,0,0,0,296,297,275,270,391,340,1,8
LMR,6,1,5,5,9,-16945,0,0,0,0,0,-297,-296,-312,-248,-270,-332,2,12
LMR,5,1,4,5,3,23390,0,1,0,0,0,296,297,186,190,314,305,1,12
LMR,6,1,5,6,4,-14885,0,0,0,0,0,-297,-296,-297,-157,-190,-303,1,16
LMR,6,1,5,4,11,-5677,0,0,0,0,0,-297,-296,-297,-157,-292,-307,1,4
LMR,3,1,2,2,3,2555,0,0,0,0,0,-307,-306,-317,-320,-306,-306,3,2
LMR,5,2,4,3,4,7443,0,1,0,0,1,304,305,303,250,305,363,3,5
LMR,3,1,2,3,2,9959,0,1,0,0,0,372,373,251,483,384,373,3,12
LMR,3,1,2,3,2,9661,0,1,0,0,0,395,396,313,651,446,452,3,7
LMR,6,1,5,6,2,25613,0,1,0,0,0,339,340,78,393,914,527,1,1
LMR,3,1,2,3,2,9179,0,1,0,0,0,411,412,325,406,439,434,3,4
LMR,3,1,2,3,3,8565,0,0,0,0,0,-340,-339,-400,-488,-210,-293,3,1
LMR,5,1,4,5,2,16888,0,1,0,0,0,-340,-339,-682,-292,-151,-333,4,3
LMR,11,4,10,10,38,-18905,0,0,0,0,1,-340,-339,-345,-367,-330,-334,14,35
LMR,3,1,2,2,10,1393,0,1,0,0,0,-340,-339,-342,-339,-324,-322,3,2
LMR,4,1,3,3,4,2066,0,0,0,0,0,339,340,326,159,346,340,1,4
LMR,5,1,4,4,2,7175,0,1,1,0,0,-340,-339,-340,-252,-332,-332,2,2
LMR,13,6,12,11,12,14151,0,1,0,0,1,339,340,335,334,340,340,16,95
LMR,3,1,2,3,2,8464,0,1,0,0,0,426,427,358,447,427,484,2,4
LMR,3,1,2,3,3,-3302,0,1,0,0,0,410,411,374,407,451,432,1,4
LMR,3,1,2,3,3,1449,0,1,0,0,0,355,356,337,442,399,392,2,3
LMR,15,9,14,13,29,-15317,0,0,0,0,1,-340,-339,-340,-326,-339,-340,164,446
LMR,5,1,4,4,2,15205,0,1,0,0,0,339,340,315,449,340,340,4,11
LMR,3,1,2,2,5,-1095,0,0,1,0,0,-340,-339,-340,-395,-331,-330,8,5
LMR,4,1,3,3,3,-4601,0,1,0,0,0,339,340,332,464,352,352,1,1
LMR,6,1,5,5,3,13060,0,1,0,0,0,339,340,339,388,347,347,2,4
LMR,5,1,4,5,2,34553,0,1,0,0,0,339,340,217,459,367,367,2,4
LMR,7,1,6,6,8,-1141,0,0,1,0,0,-340,-339,-340,-316,-311,-315,3,6
LMR,8,1,7,7,11,-6481,0,1,1,0,0,339,340,318,340,343,344,1,12
LMR,5,1,4,5,5,1202,0,0,0,0,0,-340,-339,-347,-347,-282,-297,1,4
LMR,5,1,4,5,2,23332,0,1,0,0,0,339,340,248,247,347,304,3,18
LMR,10,2,9,9,5,-6938,0,0,0,0,0,-340,-339,-340,-357,-325,-328,4,58
LMR,11,5,10,9,3,24221,0,1,0,0,0,339,340,339,345,340,333,5,37
LMR,7,3,6,6,4,-273,0,1,0,0,1,-327,-326,-333,-178,-296,-296,1,7
LMR,4,2,3,4,2,7025,0,0,0,0,0,326,327,302,279,414,357,4,6
LMR,7,2,6,6,2,20150,0,1,0,0,0,-327,-326,-351,-239,-312,-303,3,12
LMR,6,1,5,6,2,732,0,1,0,0,0,-327,-326,-466,-188,-280,-311,1,6
LMR,8,6,7,8,2,11577,0,0,0,0,0,326,327,317,264,383,383,12,8
LMR,5,1,4,4,9,-9423,0,1,0,0,0,326,327,326,314,337,308,4,6
LMR,3,1,2,2,3,2257,0,0,0,0,0,326,327,317,295,353,353,1,7
LMR,6,1,5,5,6,-6948,0,1,0,0,0,-327,-326,-346,-164,-304,-309,4,14
LMR,9,5,8,8,2,26528,0,1,0,0,0,-327,-326,-376,-278,-326,-317,18,56
LMR,9,3,8,9,2,11591,0,1,0,0,0,-327,-326,-459,-263,-318,-318,8,22
LMR,3,1,2,3,2,10373,0,1,0,0,0,-327,-326,-327,-170,-266,-277,2,3
LMR,3,1,2,3,4,-6268,0,1,0,0,0,326,327,315,292,385,341,1,4
LMR,6,1,5,6,2,9794,0,1,0,0,0,326,327,282,431,355,327,2,23
LMR,4,1,3,4,11,-9499,0,0,0,0,0,326,327,286,373,397,327,2,7
LMR,6,1,5,5,5,17670,0,1,0,0,0,-327,-326,-327,-263,-304,-327,1,19
LMR,5,1,4,4,4,7937,0,0,0,0,0,326,327,312,299,327,327,5,6
LMR,7,1,6,5,25,-15870,0,1,0,0,0,-327,-326,-327,-327,-323,-327,3,27
LMR,9,7,8,8,2,9560,0,0,0,0,0,326,327,319,279,327,327,54,52
LMR,5,1,4,4,5,-8144,0,1,0,0,0,-327,-326,-327,-327,-316,-318,2,3
LMR,9,2,8,8,2,-15664,0,0,0,0,0,326,327,319,320,339,317,5,6
LMR,9,1,8,8,3,-16380,0,0,0,0,0,326,327,319,320,337,337,2,9
LMR,11,4,10,9,3,6617,0,1,0,0,0,-327,-326,-327,-238,-326,-336,8,49
LMR,3,1,2,3,2,6786,0,1,0,0,0,326,327,155,203,331,374,6,5
LMR,4,1,3,4,3,-953,0,0,0,0,0,-340,-339,-353,-341,-253,-329,1,7
LMR,5,1,4,4,3,-12816,0,1,0,0,0,339,340,334,353,366,361,3,6
LMR,7,1,6,6,2,7609,0,1,0,0,0,339,340,324,327,342,343,6,17
LMR,4,1,3,4,2,3795,0,1,0,0,0,339,340,-1023,356,353,370,1,3
LMR,3,1,2,3,2,5182,0,0,0,0,0,-317,-316,-365,-436,-207,-232,4,7
LMR,4,1,3,4,2,14892,0,1,0,0,0,316,317,253,462,359,338,2,3
LMR,3,1,2,3,4,516,0,0,0,0,0,-340,-339,-375,-430,-321,-324,2,5
LMR,6,1,5,6,2,4775,0,1,0,0,0,339,340,327,516,383,391,4,9
LMR,5,3,4,4,3,-45,0,1,0,0,1,324,325,316,333,325,335,8,7
LMR,3,1,2,3,2,7498,0,1,1,0,0,586,587,531,391,650,710,1,3
LMR,5,1,4,4,12,-103,0,0,1,1,0,-309,-308,-309,-393,-294,-287,8,7
LMR,6,1,5,5,4,18834,0,1,0,0,0,308,309,300,285,309,290,11,27
LMR,7,2,6,6,5,-1982,0,0,0,0,0,-309,-308,-309,-291,-285,-302,27,96
LMR,7,1,6,6,2,4629,0,1,0,0,0,339,340,308,408,340,321,4,18
LMR,7,1,6,6,15,-16268,0,1,0,0,0,339,340,339,408,358,352,9,22
LMR,4,1,3,4,4,-905,0,1,0,0,0,361,362,347,327,533,400,2,4
LMR,3,1,2,3,3,10470,0,1,0,0,0,331,332,263,610,352,362,4,6
LMR,3,1,2,3,2,-9680,0,1,0,0,0,339,340,291,530,404,392,2,5
LMR,5,1,4,5,2,11167,0,1,1,0,0,339,340,311,340,406,385,1,2
LMR,7,3,6,6,3,13760,0,1,0,0,1,339,340,312,361,340,340,12,30
LMR,3,1,2,3,2,-204,0,1,0,0,0,319,320,207,473,357,351,2,3
LMR,4,1,3,4,2,15416,0,1,1,1,0,599,600,599,47,671,625,3,2
LMR,6,1,5,6,2,4491,0,1,0,0,0,358,359,290,645,474,359,1,26
LMR,4,1,3,4,3,-6337,0,1,0,0,0,358,359,322,422,561,444,1,8
LMR,12,1,11,12,23,-15219,0,1,0,0,0,358,359,358,358,434,380,6,22
LMR,4,1,3,3,2,15362,0,1,0,0,0,358,359,332,588,359,358,3,3
LMR,4,1,3,2,4,-12722,0,1,0,0,0,358,359,358,588,359,359,3,3
LMR,8,1,7,7,3,20620,0,1,0,0,0,358,359,331,712,369,359,2,24
LMR,15,9,14,15,2,-14703,0,0,0,1,0,-359,-358,-437,-390,-358,-359,67,145
LMR,10,2,9,10,2,-1276,0,1,0,1,0,358,359,281,784,658,658,2,2
LMR,9,2,8,9,2,1756,0,1,0,0,0,358,359,-473,828,435,588,2,7
LMR,3,1,2,2,3,8716,0,1,0,0,0,426,427,424,552,448,452,1,8
LMR,6,2,5,6,2,30856,0,1,0,0,0,358,359,335,610,389,399,5,8
LMR,4,1,3,4,2,-6210,0,1,0,0,1,308,309,212,286,346,309,1,12
LMR,3,1,2,2,2,7653,0,1,0,0,0,358,359,356,521,365,359,3,7
LMR,11,4,10,11,2,5024,0,1,0,0,0,358,359,335,959,392,381,11,24
LMR,3,1,2,3,2,14077,0,1,1,0,0,358,359,356,350,411,411,2,3
LMR,3,1,2,2,2,1139,0,0,0,0,0,-350,-349,-352,-304,-339,-344,3,4
LMR,5,1,4,4,2,-654,0,1,0,1,0,358,359,353,514,362,386,3,6
LMR,7,5,6,7,2,11280,0,0,0,0,0,-359,-358,-516,-466,-349,-349,12,13
LMR,13,8,12,12,2,-2145,0,0,0,0,0,-359,-358,-377,-380,-358,-358,56,80
LMR,5,1,4,4,2,3166,0,1,0,0,0,-359,-358,-390,-326,-358,-357,6,12
LMR,5,1,4,3,3,14149,0,1,0,0,0,-359,-358,-359,-257,-358,-358,6,5
LMR,5,1,4,4,7,-12384,0,1,0,0,0,-359,-358,-359,-209,-323,-330,3,12
LMR,5,1,4,4,2,6524,0,1,1,0,0,358,359,358,175,410,422,3,4
LMR,5,1,4,5,2,14950,0,1,0,0,0,358,359,331,429,387,400,4,7
LMR,12,4,11,10,11,-11502,0,1,0,0,1,358,359,358,360,359,359,14,129
LMR,5,1,4,5,4,-1276,0,1,0,1,0,358,359,351,426,31990,31990,0,0
LMR,3,1,2,2,2,9414,0,1,0,0,0,332,333,323,504,333,333,3,3
LMR,3,1,2,2,3,5235,0,1,0,0,0,344,345,336,480,345,345,5,4
LMR,3,1,2,3,2,5123,0,1,0,0,0,333,334,242,392,334,336,3,8
LMR,4,1,3,4,2,7496,0,1,1,0,0,358,359,358,359,454,433,1,4
LMR,7,1,6,5,2,12111,0,1,0,0,0,358,359,356,392,359,407,4,28
LMR,4,1,3,3,4,-1910,0,1,0,0,0,330,331,330,453,348,371,2,10
LMR,4,1,3,4,2,1461,0,1,0,0,0,340,341,307,503,378,380,9,8
LMR,9,3,8,9,2,15838,0,1,1,0,0,358,359,300,554,434,379,2,19
LMR,5,1,4,5,2,14996,0,1,0,0,0,358,359,293,495,408,446,2,5
LMR,8,5,7,8,2,1440,0,0,0,0,0,-359,-358,-476,-425,-315,-315,8,10
LMR,6,1,5,5,7,-10618,0,1,0,1,0,358,359,342,333,395,410,4,5
LMR,8,1,7,7,18,-17018,0,0,0,0,0,-359,-358,-379,-359,-333,-402,3,16
LMR,9,4,8,8,2,16220,0,1,0,0,0,358,359,319,387,359,379,10,35
LMR,6,1,5,6,2,3715,0,1,1,0,0,358,359,104,440,487,368,1,3
LMR,5,1,4,5,2,1273,0,1,0,0,0,358,359,116,448,423,406,1,11
LMR,5,2,4,5,14,-4806,0,1,0,0,1,316,317,271,374,386,366,1,8
LMR,4,2,3,3,2,1963,0,1,0,0,1,320,321,313,355,321,321,3,6
LMR,3,1,2,2,6,-7930,0,0,0,0,1,-359,-358,-382,-340,-350,-363,2,4
LMR,5,1,4,4,3,-2772,0,0,0,0,1,-324,-323,-351,-367,-322,-321,5,10
LMR,6,3,5,5,3,-9908,0,1,0,0,1,323,324,318,403,347,321,5,22
LMR,6,2,5,5,4,-1972,0,1,0,0,1,323,324,321,403,343,353,3,13
LMR,5,1,4,5,7,-7447,0,1,0,0,0,310,311,255,244,370,311,4,14
LMR,6,1,5,6,5,-11003,0,0,0,0,0,-311,-310,-315,-315,-244,-311,4,22
LMR,6,1,5,5,9,-13887,0,0,0,0,0,-311,-310,-311,-315,-271,-302,2,2
LMR,7,1,6,6,3,2106,0,1,0,0,0,310,311,290,124,315,303,6,47
LMR,4,1,3,2,3,4824,0,1,0,0,0,314,315,314,292,315,315,7,5
LMR,3,1,2,3,3,24041,0,1,0,0,0,330,331,263,612,464,363,3,5
LMR,3,1,2,3,3,608,0,0,1,0,0,-359,-358,-380,-605,-264,-350,2,4
LMR,6,1,5,6,2,2968,0,1,1,0,0,358,359,352,344,700,371,1,5
LMR,8,4,7,6,4,-1791,0,0,0,0,0,-359,-358,-359,-390,-358,-358,45,34
LMR,10,8,9,9,3,12041,0,0,0,0,0,358,359,358,279,381,381,20,11
LMR,5,1,4,4,11,-316,0,1,1,0,0,358,359,327,240,359,359,5,3
LMR,7,2,6,7,2,23347,0,1,0,0,0,358,359,313,581,459,466,2,4
LMR,4,1,3,3,3,-3373,0,1,0,0,0,-359,-358,-386,-415,-358,-358,2,0
LMR,4,1,3,4,13,-9032,0,1,0,0,0,-359,-358,-361,-350,-288,-313,7,11
LMR,6,1,5,5,11,-736,0,0,1,0,0,358,359,343,281,359,442,2,6
LMR,12,10,11,11,3,15186,0,1,0,0,1,358,359,358,363,378,375,37,42
LMR,5,1,4,5,2,-681,0,1,0,0,0,335,336,251,478,414,405,1,2
LMR,5,1,4,5,3,-9463,0,1,0,0,0,348,349,296,531,938,349,2,9
LMR,6,1,5,6,2,-328,0,1,0,1,0,617,618,497,784,676,734,2,3
LMR,5,1,4,5,2,-13814,0,1,0,0,0,553,554,189,828,1217,629,0,10
LMR,9,2,8,9,2,4584,0,1,1,0,0,383,384,380,540,473,384,2,10
LMR,8,2,7,8,2,11875,0,1,0,0,0,383,384,371,650,520,484,1,6
LMR,5,1,4,3,12,-10185,0,1,0,0,0,348,349,347,659,354,391,2,3
LMR,3,1,2,2,2,5635,0,1,0,0,0,449,450,409,428,450,450,4,12
LMR,4,1,3,4,2,10429,0,1,0,0,0,427,428,365,703,508,430,1,15
LMR,4,1,3,4,5,16170,0,1,0,0,0,383,384,329,48,469,467,1,7
LMR,3,1,2,3,2,8198,0,1,0,0,0,411,412,323,704,412,412,21,14
LMR,8,1,7,6,5,-9775,0,1,0,0,0,383,384,383,541,386,386,1,9
LMR,10,4,9,8,7,-10159,0,0,0,0,0,-384,-383,-384,-596,-383,-385,15,27
LMR,5,2,4,5,2,968,0,1,0,0,1,337,338,237,284,460,353,1,8
LMR,3,1,2,2,5,-5636,0,1,0,0,1,324,325,274,453,325,325,1,2
LMR,3,1,2,2,3,-7504,0,1,0,0,0,332,333,329,382,360,355,1,1
LMR,12,8,11,10,25,1892,0,0,0,0,1,-384,-383,-384,-399,-383,-383,37,47
LMR,4,1,3,4,4,4979,0,1,0,0,0,-384,-383,-405,-351,-315,-315,1,4
LMR,4,1,3,4,2,1202,0,1,0,0,0,331,332,294,599,382,354,2,5
LMR,3,1,2,3,3,952,0,1,0,0,1,343,344,318,484,429,377,1,1
LMR,4,1,3,4,2,15902,0,1,1,0,0,346,347,328,513,424,411,1,1
LMR,5,1,4,3,3,12253,0,1,0,0,0,383,384,383,373,384,384,6,2
LMR,3,1,2,3,2,6184,0,1,0,0,0,-384,-383,-430,-427,-360,-364,5,5
LMR,8,5,7,8,3,8773,0,0,0,0,0,383,384,324,205,384,384,31,41
LMR,4,1,3,4,4,5031,0,0,0,0,0,383,384,362,312,421,409,2,5
LMR,5,1,4,4,2,-4900,0,1,0,0,0,-384,-383,-384,-241,-355,-404,3,14
LMR,5,1,4,3,3,-225,0,1,0,0,0,-384,-383,-384,-241,-382,-382,6,4
LMR,5,1,4,4,2,758,0,1,1,0,0,-384,-383,-384,-198,-354,-384,3,7
LMR,5,1,4,3,4,-4162,0,1,0,0,0,-384,-383,-384,-198,-383,-381,4,13
LMR,7,5,6,6,3,8267,0,0,0,0,1,383,384,382,321,413,413,8,4
LMR,7,1,6,7,6,-9983,0,1,0,0,1,-384,-383,-384,-223,-321,-409,2,95
LMR,11,6,10,9,5,-2974,0,1,0,0,1,383,384,383,384,384,384,205,46
LMR,4,1,3,4,2,1324,0,1,0,0,0,350,351,207,474,357,357,2,0
LMR,5,1,4,5,3,12290,0,1,0,0,0,383,384,378,557,520,432,6,19
LMR,5,1,4,5,2,2862,0,1,0,0,0,383,384,354,495,441,441,1,9
LMR,5,1,4,4,3,1641,0,1,0,0,0,383,384,378,570,389,431,2,4
LMR,4,1,3,3,5,-363,0,1,0,0,0,383,384,383,548,418,380,1,19
LMR,12,4,11,10,38,-17612,0,0,0,0,1,-384,-383,-386,-419,-383,-380,37,24
LMR,4,1,3,3,2,5430,0,1,0,0,0,403,404,397,396,448,440,1,2
LMR,7,1,6,7,9,-16426,0,1,0,0,0,-384,-383,-412,-315,-327,-383,1,8
LMR,7,1,6,7,2,-8366,0,1,0,0,0,383,384,1,15,670,630,2,3
LMR,6,4,5,6,2,10681,0,0,0,0,0,-625,-624,-796,-788,-624,-624,8,8
LMR,12,7,11,10,3,5672,0,0,0,0,1,-384,-383,-384,-600,-380,-380,47,25
LMR,13,9,12,12,2,11948,0,1,0,0,1,383,384,351,372,384,380,86,197
LMR,5,1,4,5,13,-1757,0,1,1,0,0,-384,-383,-384,-310,-274,-307,1,1
LMR,3,1,2,2,3,11133,0,1,0,0,0,-330,-329,-354,-348,-329,-329,10,6
LMR,15,10,14,13,9,-9207,0,0,0,0,1,-384,-383,-384,-359,-380,-383,306,503
LMR,3,1,2,2,3,19028,0,1,0,0,0,390,391,379,390,391,391,2,4
LMR,5,1,4,4,2,12222,0,1,0,0,0,-360,-359,-403,-360,-359,-323,5,10
LMR,6,3,5,6,2,4072,0,0,0,0,0,359,360,288,278,360,329,10,20
LMR,10,7,9,9,2,6508,0,0,0,0,0,359,360,359,241,387,382,18,17
LMR,5,1,4,4,3,12412,0,1,0,0,0,359,360,338,434,360,353,3,19
LMR,3,1,2,3,3,11733,0,1,0,0,0,-360,-359,-360,-313,-243,-323,2,1
LMR,5,1,4,4,5,-12360,0,1,0,0,0,-360,-359,-360,-299,-339,-332,3,16
LMR,9,5,8,8,3,14538,0,0,0,0,0,359,360,323,336,362,360,20,25
LMR,10,7,9,8,3,21213,0,0,0,0,0,359,360,359,353,360,360,84,0
LMR,11,5,10,10,2,9914,0,1,0,0,0,-360,-359,-380,-323,-353,-360,35,149
LMR,3,1,2,3,2,5589,0,0,0,0,0,359,360,313,294,478,457,3,2
LMR,6,1,5,6,2,2081,0,1,0,0,0,-360,-359,-432,-259,-298,-300,3,4
LMR,4,1,3,2,3,18126,0,1,0,0,0,-360,-359,-360,-296,-359,-359,3,3
LMR,5,1,4,5,2,10223,0,1,0,0,0,-360,-359,-725,-324,-350,-359,9,49
LMR,8,1,7,7,38,-17724,0,1,0,0,0,-360,-359,-360,-360,-351,-347,56,16
LMR,10,6,9,8,2,18761,0,0,0,0,0,359,360,359,302,360,348,20,128
LMR,10,2,9,8,11,-1388,0,0,1,0,0,359,360,359,302,360,360,3,29
LMR,11,3,10,10,4,2784,0,1,0,0,0,-360,-359,-360,-323,-347,-360,7,280
LMR,11,3,10,9,26,10515,0,1,0,0,0,-360,-359,-360,-323,-356,-356,5,33
LMR,8,3,7,7,2,20686,0,1,0,0,0,-360,-359,-377,-245,-359,-354,10,11
LMR,4,1,3,3,3,-5858,0,0,0,0,0,359,360,337,256,360,360,2,8
LMR,6,1,5,4,2,20486,0,1,0,0,0,-360,-359,-360,-263,-359,-360,3,18
LMR,6,1,5,5,4,-6825,0,1,0,0,0,-360,-359,-360,-263,-338,-359,3,32
LMR,5,1,4,3,2,11366,0,1,0,0,0,-360,-359,-360,-226,-359,-342,11,6
LMR,5,1,4,4,3,13873,0,1,0,0,0,-360,-359,-360,-247,-351,-349,10,11
LMR,5,1,4,3,2,18102,0,1,0,0,0,-360,-359,-360,-216,-359,-356,11,6
LMR,3,1,2,3,2,-4322,0,0,0,0,0,359,360,-709,338,415,406,1,3
LMR,11,1,10,10,29,-16387,0,1,0,0,0,-360,-359,-361,-342,-349,-362,1,51
LMR,5,1,4,4,15,-10508,0,1,0,0,0,383,384,347,400,391,397,11,12
LMR,5,1,4,5,2,3030,0,1,0,0,0,383,384,318,346,425,423,12,8
LMR,6,1,5,5,10,-8416,0,0,0,0,0,-384,-383,-389,-387,-346,-416,2,22
LMR,7,1,6,6,2,3988,0,1,0,0,0,383,384,356,413,387,389,11,86
LMR,6,1,5,5,3,-622,0,1,0,0,0,383,384,367,460,390,372,18,7
LMR,6,1,5,4,10,-13202,0,1,0,0,0,383,384,383,460,387,383,1,8
LMR,7,1,6,6,3,-10480,0,1,0,0,0,-360,-359,-383,-470,-350,-353,5,22
LMR,9,1,8,8,21,-17066,0,0,0,0,0,359,360,359,370,372,353,3,35
LMR,4,1,3,3,3,-4421,0,0,0,0,0,359,360,355,361,386,381,2,4
LMR,5,1,4,5,4,1858,0,1,0,0,0,-360,-359,-360,-377,-201,-320,1,5
LMR,4,1,3,3,5,478,0,1,0,0,0,383,384,376,431,384,384,4,14
LMR,9,1,8,8,24,-17047,0,0,0,0,0,-384,-383,-385,-363,-369,-372,7,22
LMR,4,1,3,4,2,16014,0,1,1,0,0,383,384,320,264,431,417,1,2
LMR,8,4,7,7,2,-108,0,1,1,0,1,383,384,373,362,394,384,22,43
LMR,3,1,2,3,2,-2887,0,0,0,0,0,-384,-383,-526,-402,-375,-376,2,6
LMR,5,1,4,5,3,-1684,0,0,0,0,0,-384,-383,-422,-430,-363,-363,2,8
LMR,6,1,5,5,7,-15705,0,1,0,0,0,383,384,377,420,430,366,2,13
LMR,4,1,3,4,3,4147,0,0,0,0,0,-384,-383,-403,-436,-291,-307,1,2
LMR,5,1,4,4,3,-5790,0,1,0,0,0,383,384,349,576,401,322,5,7
LMR,5,1,4,5,4,-2128,0,1,0,0,0,383,384,349,576,416,373,1,13
LMR,8,1,7,7,7,-8323,0,1,0,0,0,383,384,379,435,388,376,14,24
LMR,7,1,6,7,2,3569,0,1,1,0,0,383,384,319,391,391,380,2,133
LMR,11,8,10,10,2,8148,0,0,0,0,0,-384,-383,-425,-453,-380,-380,164,30
LMR,5,1,4,4,13,-10836,0,1,0,0,0,-384,-383,-390,-273,-374,-370,2,9
LMR,9,3,8,8,10,-3459,0,0,0,0,0,359,360,313,261,360,360,6,28
LMR,4,1,3,4,2,26919,0,1,0,0,0,359,360,307,399,391,385,3,4
LMR,3,1,2,3,2,16018,0,1,1,0,0,383,384,323,412,452,440,2,3
LMR,3,1,2,2,3,1441,0,1,0,0,0,373,374,373,433,414,323,2,5
LMR,5,1,4,4,2,26165,0,1,0,0,0,358,359,351,422,375,373,2,5
LMR,4,2,3,3,2,12664,0,0,0,0,0,-362,-361,-385,-476,-361,-345,6,8
LMR,4,1,3,4,2,5707,0,1,0,0,0,361,362,319,637,423,348,1,17
LMR,4,1,3,4,4,-7348,0,1,0,0,0,361,362,351,637,463,389,1,3
LMR,4,1,3,3,2,2774,0,1,0,0,0,353,354,353,521,376,356,1,7
LMR,6,1,5,5,3,-3717,0,0,0,0,0,-384,-383,-403,-362,-379,-397,3,9
LMR,3,1,2,3,2,-1556,0,1,0,0,0,529,530,514,641,676,626,1,2
LMR,4,1,3,3,4,-3813,0,1,0,0,0,383,384,364,536,384,403,1,17
LMR,7,1,6,7,3,20839,0,1,0,0,0,383,384,367,496,427,399,9,44
LMR,5,1,4,5,2,12925,0,1,0,0,0,363,364,295,531,364,429,4,8
LMR,5,1,4,5,2,26072,0,1,0,0,0,383,384,-361,74,433,426,4,18
LMR,4,1,3,3,16,919,0,0,1,0,0,-384,-383,-419,-745,-383,-383,6,5
LMR,4,1,3,4,2,34131,0,1,0,0,0,383,384,328,378,462,383,1,16
LMR,7,3,6,6,2,3310,0,0,1,0,0,-384,-383,-419,-531,-383,-383,25,7
LMR,10,5,9,10,2,15679,0,1,0,0,0,383,384,383,987,662,452,2,9
LMR,6,1,5,6,2,-4353,0,1,0,0,0,371,372,246,539,372,372,1,15
LMR,4,1,3,4,3,-1276,0,0,0,0,0,-384,-383,-517,-587,-215,-295,2,8
LMR,4,1,3,4,3,-8205,0,1,0,0,0,383,384,207,417,423,312,1,13
LMR,8,2,7,8,2,12074,0,1,0,0,0,383,384,346,850,568,387,2,7
LMR,3,1,2,2,8,-7237,0,1,0,0,0,407,408,381,544,427,435,2,1
LMR,5,1,4,5,8,-1276,0,1,0,0,0,560,561,517,802,731,679,2,3
LMR,5,1,4,5,7,-1276,0,1,0,0,0,560,561,521,731,622,604,6,15
LMR,5,1,4,5,7,-6902,0,1,0,0,0,560,561,504,704,652,620,3,7
LMR,9,1,8,9,20,-16978,0,1,0,0,0,560,561,527,535,853,596,1,56
LMR,10,4,9,10,3,-14735,0,0,0,0,0,-561,-560,-659,-1220,-535,-592,22,77
LMR,10,1,9,10,2,-14005,0,1,0,1,0,560,561,-199,852,630,592,4,115
LMR,12,3,11,12,2,-4414,0,1,0,0,0,383,384,-338,1082,728,518,1,7
LMR,3,1,2,3,2,-9582,0,1,0,0,0,499,500,202,1082,1743,974,0,1
LMR,4,1,3,4,6,836,0,1,0,0,0,356,357,303,276,374,344,2,5
LMR,3,1,2,2,2,30122,0,1,0,0,0,383,384,352,268,384,384,3,11
LMR,4,1,3,4,2,6472,0,0,1,0,0,-384,-383,-384,-440,-281,-303,2,2
LMR,7,2,6,7,2,18803,0,1,0,0,0,383,384,319,793,533,392,2,6
LMR,3,1,2,3,3,1890,0,1,0,0,0,386,387,364,544,471,387,2,6
LMR,5,1,4,4,7,-6564,0,1,0,0,0,329,330,327,361,343,343,1,2
LMR,6,1,5,6,7,-8295,0,1,0,0,0,383,384,340,331,465,425,1,3
LMR,8,2,7,7,8,-16125,0,0,0,0,0,-384,-383,-384,-361,-331,-419,3,10
LMR,3,1,2,3,2,-1241,0,1,0,0,0,383,384,366,353,486,397,1,2
LMR,4,1,3,3,2,-7968,0,0,0,0,0,-384,-383,-393,-368,-371,-373,4,4
LMR,10,1,9,9,10,-17040,0,0,0,0,0,-384,-383,-384,-368,-361,-383,3,25
LMR,11,6,10,9,2,8444,0,1,0,0,1,383,384,383,375,384,384,31,12
LMR,12,5,11,11,19,-19801,0,0,0,0,1,-384,-383,-384,-399,-375,-384,26,105
LMR,3,1,2,3,3,11060,0,0,0,0,0,-384,-383,-459,-476,-247,-338,3,2
LMR,4,1,3,4,2,22462,0,1,0,0,0,383,384,347,435,476,390,4,10
LMR,5,1,4,5,2,15657,0,1,0,0,0,383,384,349,513,405,388,1,28
LMR,4,1,3,4,10,-78,0,1,1,0,0,330,331,255,152,336,334,15,10
LMR,13,4,12,11,28,-18674,0,0,0,0,0,-384,-383,-384,-340,-383,-382,14,47
LMR,3,1,2,2,2,6714,0,1,0,0,0,-390,-389,-410,-334,-376,-376,3,4
LMR,15,9,14,13,8,-10957,0,0,0,0,1,-384,-383,-384,-389,-383,-382,79,319
LMR,3,1,2,2,3,6917,0,1,0,0,0,-384,-383,-386,-351,-340,-347,1,1
LMR,6,1,5,5,8,-15993,0,1,0,0,0,-384,-383,-391,-274,-342,-342,1,4
LMR,7,3,6,6,2,30269,0,1,0,0,0,-360,-359,-371,-314,-359,-335,7,19
LMR,3,1,2,3,2,-630,0,0,0,0,0,159,160,89,246,160,160,5,4
LMR,6,3,5,6,2,676,0,0,1,0,0,182,183,66,-7,188,188,3,6
LMR,7,1,6,6,7,-19729,0,1,0,0,0,-360,-359,-360,-400,-349,-360,3,12
LMR,8,4,7,8,3,-923,0,0,0,0,0,359,360,235,150,400,360,15,37
LMR,5,1,4,5,2,-1212,0,1,0,0,0,-360,-359,-396,-264,-299,-339,1,7
LMR,5,1,4,5,4,-7154,0,1,0,0,0,-360,-359,-375,-399,-279,-279,1,4
LMR,6,4,5,5,2,10268,0,0,0,0,0,359,360,342,301,375,292,3,9
LMR,11,3,10,10,2,6462,0,1,0,0,0,-360,-359,-360,-68,-315,-349,3,77
LMR,5,1,4,5,3,-3438,0,1,0,0,0,359,360,208,384,440,405,3,11
LMR,7,2,6,6,2,24519,0,1,0,0,0,383,384,383,440,425,425,4,9
LMR,8,3,7,8,2,-17235,0,0,0,0,0,-384,-383,-406,-226,-335,-383,4,10
LMR,9,1,8,7,2,159,0,1,0,0,0,383,384,383,540,384,432,5,14
LMR,5,1,4,5,4,-4004,0,1,0,0,0,383,384,371,557,557,438,1,2
LMR,5,1,4,5,2,-4837,0,1,0,0,0,383,384,379,565,628,437,1,5
LMR,7,1,6,7,2,20216,0,1,0,0,0,383,384,299,513,417,389,2,40
LMR,5,2,4,5,2,-2426,0,0,1,0,0,-384,-383,-451,-449,-379,-380,2,8
LMR,4,1,3,3,11,-1807,0,1,1,0,0,383,384,369,409,384,384,7,6
LMR,6,1,5,5,6,-9950,0,1,0,0,0,383,384,383,591,391,384,1,28
LMR,7,1,6,7,2,16567,0,1,1,0,0,383,384,318,531,570,496,1,2
LMR,3,1,2,3,4,-282,0,1,0,0,0,376,377,307,502,475,389,4,5
LMR,5,3,4,4,4,-4340,0,1,0,0,1,336,337,324,440,353,339,7,12
LMR,3,1,2,2,2,14121,0,1,0,0,0,383,384,383,303,403,400,3,5
LMR,13,6,12,11,3,8749,0,1,0,0,0,383,384,383,358,384,384,14,71
LMR,3,1,2,3,10,-2470,0,1,1,0,0,560,561,529,633,593,587,2,4
LMR,3,1,2,3,4,31164,0,1,0,0,0,339,340,334,344,455,408,2,5
LMR,3,1,2,3,4,-12804,0,1,0,0,0,357,358,341,396,420,374,2,5
LMR,5,2,4,5,2,2279,0,0,1,0,0,-384,-383,-810,-747,-381,-388,4,14
LMR,4,2,3,3,2,5871,0,1,0,0,1,320,321,311,498,344,398,1,2
LMR,5,1,4,4,5,951,0,1,0,0,1,337,338,316,338,338,338,14,10
LMR,4,1,3,2,2,15911,0,1,0,0,0,383,384,383,461,388,384,4,5
LMR,7,4,6,7,3,7923,0,0,1,0,0,-418,-417,-617,-432,-364,-364,2,5
LMR,8,4,7,8,2,24263,0,1,0,0,0,417,418,370,520,464,464,5,8
LMR,5,1,4,3,2,-3630,0,1,0,0,0,417,418,417,741,418,418,2,4
LMR,5,1,4,5,3,-13222,0,1,0,0,0,417,418,391,480,497,428,2,11
LMR,5,1,4,3,2,26407,0,1,0,0,0,417,418,417,552,418,442,3,5
LMR,5,1,4,4,2,342,0,1,0,0,0,416,417,367,545,417,440,4,9
LMR,4,2,3,4,2,4559,0,0,1,0,0,-418,-417,-434,-699,-338,-352,2,4
LMR,4,1,3,4,3,7987,0,0,0,0,0,-418,-417,-558,-435,-402,-404,5,16
LMR,5,1,4,4,3,-2044,0,1,0,0,0,417,418,417,493,435,406,5,25
LMR,9,5,8,9,3,-4656,0,0,0,0,0,-418,-417,-472,-485,-417,-417,55,28
LMR,9,2,8,9,2,14892,0,1,0,0,0,417,418,388,537,474,417,1,88
LMR,4,2,3,4,2,8873,0,0,1,0,0,-418,-417,-472,-459,-331,-351,3,7
LMR,5,1,4,5,3,5527,0,1,0,0,0,417,418,380,556,502,436,2,5
LMR,6,1,5,6,2,-2969,0,1,0,0,0,417,418,382,526,477,422,4,32
LMR,8,1,7,6,8,-4944,0,0,0,0,0,-418,-417,-418,-464,-417,-405,3,14
LMR,9,1,8,8,5,1219,0,1,0,0,0,417,418,417,537,464,406,1,64
LMR,6,1,5,5,6,-5131,0,0,0,0,0,-418,-417,-461,-476,-417,-417,19,15
LMR,6,1,5,6,2,11196,0,1,0,0,0,417,418,391,472,459,417,3,41
LMR,3,1,2,2,2,16982,0,1,0,0,0,417,418,388,429,420,420,2,2
LMR,6,1,5,4,4,17231,0,1,0,0,0,417,418,417,472,422,419,1,7
LMR,8,1,7,7,2,-5127,0,0,0,0,0,-418,-417,-418,-441,-401,-417,3,21
LMR,9,1,8,8,27,-16978,0,1,0,0,0,417,418,417,537,441,417,1,82
LMR,6,1,5,5,5,-16795,0,1,0,0,0,-385,-384,-402,-341,-384,-384,3,11
LMR,8,1,7,8,17,-4515,0,0,1,0,0,384,385,301,137,385,385,7,25
LMR,8,2,7,8,2,9922,0,1,1,0,0,-385,-384,-385,-377,-297,-385,4,53
LMR,8,1,7,7,4,-1053,0,1,1,0,0,-385,-384,-385,-377,-363,-390,5,20
LMR,4,1,3,3,2,40017,0,1,0,0,0,417,418,391,481,418,418,9,7
LMR,4,1,3,4,3,-3370,0,1,0,0,0,419,420,404,485,475,466,2,5
LMR,5,1,4,5,12,-514,0,0,1,0,0,-418,-417,-447,-438,-378,-378,3,3
LMR,6,1,5,5,9,-10966,0,1,0,0,0,417,418,409,538,441,433,3,12
LMR,5,1,4,5,2,11135,0,1,1,0,0,372,373,328,310,408,408,4,6
LMR,6,1,5,6,20,-15533,0,1,0,0,0,417,418,413,495,562,538,2,8
LMR,9,1,8,8,8,-4939,0,1,0,0,0,417,418,417,643,432,413,3,46
LMR,9,1,8,9,19,14590,0,1,0,0,0,417,418,417,643,630,418,1,15
LMR,8,3,7,6,2,21736,0,1,0,0,0,417,418,413,596,418,417,2,9
LMR,4,1,3,4,2,-14243,0,0,0,0,0,-418,-417,-532,-448,-400,-400,3,7
LMR,5,1,4,5,3,-9542,0,1,0,0,0,417,418,404,418,523,418,1,8
LMR,8,1,7,6,6,-447,0,1,0,0,0,417,418,417,596,418,418,2,48
LMR,5,1,4,5,2,-5364,0,1,0,0,0,417,418,406,434,481,481,4,12
LMR,3,1,2,3,2,4350,0,1,0,0,0,376,377,-37,502,476,377,3,13
LMR,5,1,4,4,6,-1685,0,1,0,0,0,417,418,410,569,437,423,2,5
LMR,3,1,2,3,2,7427,0,1,0,0,0,398,399,384,560,470,453,2,3
LMR,3,1,2,3,4,-1101,0,1,0,0,0,384,385,325,567,397,384,2,9
LMR,5,1,4,4,3,-8760,0,1,0,0,0,417,418,405,437,441,437,2,4
LMR,10,1,9,8,11,-10414,0,1,0,0,0,417,418,417,558,418,451,4,11
LMR,3,1,2,3,4,777,0,1,0,0,0,396,397,371,494,455,455,1,3
LMR,3,1,2,2,2,8690,0,1,0,0,0,447,448,427,516,448,448,5,7
LMR,4,1,3,3,3,-6051,0,0,0,0,0,-373,-372,-400,-458,-372,-372,4,6
LMR,5,1,4,4,2,20783,0,1,0,0,0,372,373,372,431,411,373,2,5
LMR,5,1,4,5,2,28881,0,1,0,0,0,417,418,406,480,464,470,1,10
LMR,7,1,6,6,2,714,0,1,0,0,0,417,418,408,650,418,428,2,14
LMR,5,1,4,5,2,13727,0,1,0,0,0,391,392,389,552,559,441,1,5
LMR,6,2,5,6,2,3100,0,0,1,0,0,-418,-417,-569,-766,-407,-419,4,23
LMR,5,3,4,5,3,10173,0,1,0,0,1,362,363,346,493,425,386,4,8
LMR,3,1,2,3,3,5788,0,1,0,0,0,411,412,348,409,485,467,3,6
LMR,4,1,3,4,3,7830,0,1,0,0,0,394,395,303,651,395,423,4,15
LMR,5,1,4,5,3,7056,0,1,1,0,0,448,449,447,166,599,472,2,8
LMR,4,2,3,3,3,8861,0,0,0,0,0,-376,-375,-391,-474,-366,-366,5,8
LMR,3,1,2,2,2,22540,0,1,0,0,0,417,418,386,379,436,432,1,1
LMR,8,5,7,6,4,-12339,0,0,0,0,1,-418,-417,-418,-657,-417,-417,30,39
LMR,4,1,3,3,2,8262,0,1,0,0,0,443,444,395,507,444,444,3,9
LMR,12,8,11,10,2,1254,0,1,0,0,1,417,418,417,549,418,420,16,38
LMR,3,1,2,2,4,-8176,0,0,0,0,0,-418,-417,-418,-377,-379,-385,2,3
LMR,3,1,2,2,10,-6977,0,1,0,0,0,417,418,411,480,444,439,2,2
LMR,7,1,6,6,11,-8813,0,1,0,0,0,417,418,416,467,453,430,1,30
LMR,3,1,2,3,3,5789,0,0,0,0,0,-418,-417,-458,-492,-327,-368,3,6
LMR,4,1,3,2,2,2061,0,1,0,0,0,417,418,417,385,421,421,3,4
LMR,7,2,6,6,2,9788,0,1,0,0,0,417,418,380,511,421,418,2,26
LMR,3,1,2,3,2,-8290,0,1,0,0,0,390,391,344,443,415,410,2,4
LMR,3,1,2,3,2,10779,0,1,0,0,0,417,418,285,529,421,555,1,1
LMR,4,1,3,4,2,12028,0,1,0,0,0,417,418,408,457,529,520,2,13
LMR,3,1,2,3,2,6459,0,1,0,0,0,511,512,441,450,519,518,4,3
LMR,3,1,2,3,2,-21287,0,1,0,0,0,352,353,175,350,667,463,4,1
LMR,5,1,4,4,3,19668,0,1,0,0,0,417,418,408,468,424,409,2,11
LMR,5,1,4,5,6,512,0,1,0,0,0,417,418,409,468,694,454,2,4
LMR,8,6,7,8,3,8647,0,0,0,0,0,-418,-417,-499,-464,-412,-411,18,21
LMR,4,1,3,3,4,844,0,1,0,0,1,-378,-377,-401,-324,-369,-378,2,4
LMR,3,1,2,3,2,-5042,0,1,0,0,0,414,415,310,499,579,473,2,2
LMR,12,9,11,10,3,13953,0,1,0,0,1,417,418,411,413,418,418,305,0
LMR,3,1,2,2,6,6047,0,1,0,0,0,417,418,409,583,429,418,2,7
LMR,6,1,5,6,2,8466,0,1,0,0,0,463,464,419,400,549,529,2,5
LMR,3,1,2,3,2,5942,0,1,0,0,0,450,451,392,518,518,460,1,0
LMR,3,1,2,3,8,-15353,0,1,0,0,0,463,464,446,124,921,529,0,1
LMR,5,1,4,5,2,2551,0,1,1,0,0,463,464,458,396,582,541,1,2
LMR,7,2,6,6,7,-12637,0,0,0,0,0,-464,-463,-500,-426,-451,-459,11,15
LMR,8,6,7,7,4,5723,0,0,1,0,1,-464,-463,-469,-426,-459,-459,47,0
LMR,5,1,4,5,2,-11689,0,1,0,0,0,463,464,454,454,578,557,2,3
LMR,11,8,10,10,2,-1397,0,0,0,0,0,-464,-463,-488,-681,-463,-466,70,20
LMR,11,7,10,10,2,21567,0,1,0,0,0,463,464,459,502,510,465,15,136
LMR,5,1,4,3,3,16018,0,1,1,0,0,463,464,463,578,464,486,3,4
LMR,9,2,8,8,2,3722,0,1,1,0,0,463,464,439,802,464,479,12,34
LMR,5,1,4,3,5,-12901,0,0,0,0,0,-426,-425,-426,-364,-425,-425,6,3
LMR,6,1,5,4,19,-16765,0,1,0,0,0,425,426,425,566,432,426,2,7
LMR,5,1,4,5,3,-2833,0,1,0,0,0,416,417,383,568,458,416,1,6
LMR,5,1,4,4,4,-5711,0,1,0,0,0,416,417,416,568,444,427,1,8
LMR,4,1,3,4,3,11894,0,1,0,0,0,407,408,398,520,467,407,2,7
LMR,4,1,3,3,5,-11177,0,1,0,0,0,407,408,407,520,434,414,2,8
LMR,5,1,4,5,2,2135,0,1,0,0,0,407,408,357,546,456,412,1,26
LMR,4,1,3,3,2,6003,0,1,0,0,0,439,440,429,615,475,471,1,4
LMR,5,1,4,5,4,-6649,0,1,0,0,0,463,464,399,373,507,468,4,9
LMR,7,3,6,5,2,-9302,0,0,0,0,0,-464,-463,-467,-358,-463,-436,16,5
LMR,8,2,7,8,4,17936,0,1,0,0,0,463,464,439,512,556,507,5,9
LMR,3,1,2,3,3,-1381,0,1,0,0,0,-464,-463,-580,-439,-432,-463,4,3
LMR,4,1,3,4,2,4517,0,1,0,0,0,-464,-463,-551,-367,-452,-463,3,17
LMR,5,1,4,5,6,-250,0,1,1,0,0,-464,-463,-518,-471,-421,-463,11,28
LMR,12,8,11,10,7,-6883,0,0,0,0,0,-464,-463,-464,-449,-463,-463,86,15
LMR,5,1,4,4,4,-9066,0,1,0,0,0,-464,-463,-464,-334,-454,-438,1,6
LMR,3,1,2,3,4,-15734,0,1,0,0,0,463,464,436,383,583,562,2,4
LMR,7,2,6,7,4,-12935,0,0,0,0,0,-464,-463,-680,-414,-409,-463,3,12
LMR,10,4,9,9,2,12178,0,1,0,0,0,463,464,463,622,486,491,8,15
LMR,6,1,5,6,4,-5034,0,1,0,0,0,-419,-418,-507,-415,-377,-358,2,6
LMR,3,1,2,3,6,7530,0,1,0,0,0,-419,-418,-490,-387,-275,-324,1,1
LMR,6,1,5,5,21,-11213,0,1,0,0,0,-419,-418,-422,-319,-404,-381,2,19
LMR,8,1,7,8,7,14275,0,1,0,0,0,-419,-418,-469,-356,-404,-358,1,8
LMR,7,1,6,7,13,-16711,0,1,0,0,0,-419,-418,-471,-297,-354,-386,1,6
LMR,4,1,3,4,2,-316,0,1,1,0,0,-419,-418,-471,-429,-384,-390,2,6
LMR,8,1,7,8,2,45,0,1,0,0,0,-419,-418,-493,-343,-390,-418,1,25
LMR,6,1,5,5,10,-17060,0,1,0,0,0,-178,-177,-201,-178,-177,-138,5,9
LMR,7,5,6,7,3,17666,0,0,0,0,0,177,178,-75,-137,178,143,15,23
LMR,7,5,6,6,2,8259,0,1,0,0,1,-332,-331,-356,-398,-313,-313,0,0
LMR,3,1,2,3,3,-8356,0,1,0,0,0,-123,-122,-246,-24,-84,-91,2,2
LMR,5,3,4,4,2,-3347,0,0,0,0,0,277,278,237,450,278,278,9,7
LMR,4,2,3,3,2,-11222,0,1,0,0,1,-360,-359,-375,-315,-328,-328,2,2
LMR,5,1,4,5,2,1669,0,1,0,0,0,-361,-360,-361,-153,-289,-352,2,5
LMR,7,4,6,7,3,142,0,0,0,0,0,418,419,340,269,419,419,17,27
LMR,7,1,6,7,2,-2835,0,1,0,0,0,-419,-418,-475,-247,-331,-419,3,47
LMR,7,1,6,6,3,-7443,0,1,0,0,0,-419,-418,-419,-247,-366,-391,2,10
LMR,4,2,3,3,3,12991,0,0,0,0,0,-419,-418,-452,-462,-403,-403,12,8
LMR,5,1,4,5,2,917,0,1,1,0,0,418,419,406,365,499,455,2,5
LMR,5,1,4,4,2,4308,0,1,1,0,0,418,419,408,290,450,450,1,2
LMR,11,4,10,10,3,7199,0,1,0,0,0,-419,-418,-419,-198,-394,-418,4,58
LMR,6,1,5,6,8,-836,0,1,0,0,0,-357,-356,-375,-140,-53,-319,1,3
LMR,5,1,4,4,2,-5494,0,1,0,0,0,-357,-356,-379,-248,-340,-317,2,9
LMR,5,1,4,5,6,21293,0,1,0,0,0,-357,-356,-403,-545,-194,-315,1,5
LMR,5,2,4,5,4,-2791,0,0,0,0,0,356,357,315,411,412,321,1,9
LMR,10,5,9,9,4,-1600,0,0,0,0,0,356,357,331,370,376,355,7,26
LMR,4,1,3,4,17,-4639,0,1,0,0,0,-400,-399,-468,-297,-270,-333,1,1
LMR,4,1,3,4,18,-7520,0,1,0,0,0,-180,-179,-190,-190,-119,-147,7,9
LMR,4,2,3,4,2,12127,0,0,1,0,0,179,180,110,-196,190,153,4,23
LMR,8,3,7,8,4,-7806,0,0,0,0,0,356,357,299,255,357,406,9,9
LMR,11,4,10,10,2,11329,0,1,0,0,0,-357,-356,-371,-385,-339,-396,7,42
LMR,3,1,2,2,2,7929,0,1,0,0,0,463,464,418,306,464,464,4,2
LMR,4,1,3,3,13,-6733,0,0,0,0,0,-464,-463,-481,-378,-435,-464,2,8
LMR,4,1,3,3,15,-9266,0,0,0,0,0,-464,-463,-464,-378,-447,-463,2,6
LMR,7,2,6,5,2,20177,0,1,0,0,0,463,464,463,587,464,464,4,8
LMR,3,1,2,3,4,445,0,0,0,0,0,-464,-463,-565,-544,-393,-393,1,2
LMR,3,1,2,3,3,-27,0,1,0,0,0,463,464,398,346,499,410,4,5
LMR,6,3,5,6,2,676,0,0,1,0,0,-464,-463,-579,-1068,-410,-410,11,6
LMR,6,1,5,6,2,676,0,1,1,0,0,463,464,407,487,603,417,1,19
LMR,6,1,5,6,3,3204,0,1,0,0,0,463,464,417,487,779,513,1,7
LMR,5,1,4,5,2,11128,0,1,0,0,0,463,464,424,627,573,488,1,5
LMR,11,4,10,10,8,-5052,0,0,1,0,0,-464,-463,-484,-494,-439,-424,6,9
LMR,6,1,5,6,16,-1032,0,0,1,0,0,356,357,302,194,360,349,1,40
LMR,8,1,7,8,5,105,0,1,0,0,0,-357,-356,-361,-228,-241,-356,1,14
LMR,4,1,3,4,2,1349,0,1,0,0,0,-427,-426,-580,-367,-425,-426,1,7
LMR,4,1,3,4,3,-7452,0,1,0,0,0,-387,-386,-408,-342,-276,-372,2,4
LMR,5,1,4,4,3,-4938,0,1,0,0,1,-442,-441,-442,-318,-428,-423,2,6
LMR,5,1,4,4,2,9711,0,1,0,0,0,-429,-428,-429,-237,-382,-429,2,12
LMR,5,1,4,3,5,-3307,0,1,0,0,0,-429,-428,-429,-237,-424,-429,2,7
LMR,3,1,2,3,2,-14159,0,1,0,0,0,-357,-356,-425,-226,-356,-352,4,8
LMR,3,1,2,2,3,-12381,0,0,0,0,0,356,357,335,320,357,357,5,24
LMR,5,1,4,3,7,5917,0,1,0,0,0,-357,-356,-357,-256,-351,-357,5,33
LMR,8,1,7,7,4,-13371,0,1,0,0,1,-357,-356,-357,-357,-312,-357,3,49
LMR,4,1,3,4,5,-3404,0,0,0,0,0,-357,-356,-379,-396,-313,-356,1,7
LMR,5,1,4,4,2,25280,0,1,0,0,0,356,357,350,403,384,356,1,10
LMR,9,5,8,8,12,-8064,0,0,0,0,1,-357,-356,-390,-369,-356,-356,38,25
LMR,10,7,9,9,2,14539,0,1,0,0,1,356,357,338,344,369,356,12,85
LMR,5,1,4,3,2,8562,0,1,0,0,0,-357,-356,-358,-234,-352,-356,4,15
LMR,4,1,3,3,2,10980,0,1,0,0,0,-357,-356,-357,-199,-308,-343,3,6
LMR,4,1,3,2,3,-8169,0,1,0,0,0,-273,-272,-277,-264,-272,-272,4,3
LMR,6,1,5,6,3,-16554,0,0,0,0,0,31,32,-390,325,105,61,1,6
LMR,3,1,2,3,2,-16344,0,0,0,0,0,48,49,5,325,63,51,2,7
LMR,4,1,3,4,2,2242,0,1,0,0,0,-273,-272,-292,-274,-210,-267,5,13
LMR,5,2,4,5,2,1268,0,0,1,0,0,272,273,268,341,339,287,4,6
LMR,10,8,9,9,2,12813,0,0,0,0,0,272,273,261,248,275,275,9,47
LMR,7,1,6,7,3,7542,0,1,0,0,0,272,273,268,452,358,272,1,10
LMR,7,1,6,6,4,-13584,0,1,0,0,0,272,273,272,452,288,272,1,16
LMR,5,1,4,5,2,-8893,0,1,0,0,0,-273,-272,-286,-164,-196,-272,1,7
LMR,4,2,3,4,2,1139,0,0,0,0,0,272,273,242,319,311,311,2,6
LMR,10,2,9,8,5,-9110,0,0,0,0,0,272,273,272,247,276,276,4,36
LMR,5,1,4,5,3,-4915,0,1,0,0,0,-273,-272,-325,-176,-228,-219,7,11
LMR,6,2,5,5,2,15369,0,0,0,0,0,272,273,239,66,273,272,15,5
LMR,3,1,2,3,2,4787,0,1,1,0,0,-273,-272,-339,-456,-223,-232,2,2
LMR,5,1,4,4,5,-2577,0,0,0,0,0,272,273,238,177,273,273,6,6
LMR,3,1,2,3,2,5316,0,1,1,0,0,-273,-272,-301,-110,-185,-201,2,2
LMR,8,1,7,7,6,688,0,1,0,0,0,-273,-272,-273,-44,-220,-241,6,30
LMR,4,1,3,4,2,13710,0,1,0,0,0,-399,-398,-471,-298,-342,-355,1,2
LMR,9,4,8,8,2,21636,0,1,0,0,0,-273,-272,-297,-298,-270,-270,7,14
LMR,4,1,3,4,5,5985,0,1,0,0,0,272,273,251,209,376,314,1,6
LMR,3,1,2,3,3,1987,0,1,0,0,0,272,273,272,152,746,532,0,2
LMR,3,1,2,3,3,11624,0,1,0,0,0,272,273,218,84,395,286,5,6
LMR,3,1,2,3,5,-1535,0,1,0,0,0,-357,-356,-415,-333,-335,-338,2,4
LMR,3,1,2,3,2,8946,0,1,0,0,0,-356,-355,-371,-315,-316,-304,2,3
LMR,5,1,4,4,4,-2881,0,1,0,0,0,346,347,344,299,353,353,3,8
LMR,7,1,6,6,10,-18497,0,0,0,0,0,-347,-346,-364,-247,-344,-352,1,14
LMR,7,1,6,6,15,-10466,0,0,0,0,0,-347,-346,-352,-247,-312,-329,1,6
LMR,10,3,9,9,2,128,0,1,0,0,0,346,347,331,610,377,347,1,10
LMR,6,1,5,5,3,3558,0,1,0,0,0,334,335,334,513,364,335,1,7
LMR,3,1,2,3,2,9069,0,1,0,0,0,346,347,247,444,376,430,2,4
LMR,4,1,3,4,4,-10186,0,1,0,0,1,385,386,309,406,423,416,1,2
LMR,5,1,4,3,2,30616,0,1,0,0,0,328,329,327,419,333,336,2,3
LMR,12,5,11,11,3,23361,0,1,0,0,0,346,347,336,419,360,347,11,35
LMR,5,3,4,5,2,4795,0,0,0,0,0,-393,-392,-453,-319,-390,-389,11,11
LMR,3,1,2,2,2,4241,0,1,1,0,0,-347,-346,-363,-296,-339,-349,2,2
LMR,3,1,2,2,3,4490,0,1,0,0,0,-347,-346,-349,-296,-336,-314,4,5
LMR,4,1,3,4,2,-20886,0,1,0,0,1,-434,-433,-514,-327,-409,-408,2,10
LMR,6,1,5,5,12,-14843,0,1,0,0,0,-347,-346,-353,-288,-329,-314,2,10
LMR,4,2,3,4,2,10064,0,0,1,0,0,346,347,-1597,310,525,493,1,1
LMR,7,1,6,7,2,2099,0,1,1,1,0,-347,-346,-463,-560,-327,-331,6,11
LMR,13,2,12,13,16,-10460,0,1,0,0,0,-347,-346,-397,-356,-297,-343,14,96
LMR,12,10,11,11,4,215,0,0,0,0,1,346,347,343,356,353,383,24,13
LMR,4,1,3,3,7,-5459,0,0,0,0,0,-440,-439,-460,-453,-439,-439,3,3
LMR,4,1,3,4,2,-5789,0,0,0,0,0,-440,-439,-484,-472,-414,-437,2,6
LMR,5,1,4,4,6,-13950,0,1,0,0,0,439,440,439,456,472,437,4,13
LMR,3,1,2,3,2,18899,0,1,0,0,0,439,440,414,466,534,496,2,4
LMR,5,1,4,4,3,2104,0,1,0,0,0,439,440,439,532,472,442,2,15
LMR,8,1,7,6,7,-3936,0,1,1,0,0,439,440,439,546,440,434,6,12
LMR,8,1,7,7,12,-15528,0,1,0,0,0,426,427,426,533,451,427,1,22
LMR,3,1,2,3,3,7756,0,1,0,0,1,402,403,317,343,417,413,4,6
LMR,3,1,2,2,2,25435,0,1,0,0,0,-380,-379,-400,-398,-379,-379,5,4
LMR,3,1,2,2,5,845,0,0,0,0,0,-419,-418,-453,-397,-418,-418,8,3
LMR,4,1,3,4,2,19225,0,1,0,0,0,418,419,418,388,494,422,2,9
LMR,4,1,3,3,3,11250,0,1,0,0,0,418,419,418,441,446,412,8,7
LMR,7,4,6,5,2,4217,0,0,0,0,0,-419,-418,-419,-481,-418,-412,23,13
LMR,4,1,3,3,5,-3728,0,0,0,0,0,379,380,350,355,386,385,2,3
LMR,6,1,5,6,2,-7007,0,1,0,0,0,-380,-379,-461,-450,-379,-383,4,12
LMR,7,1,6,7,3,-2509,0,0,1,0,0,379,380,359,381,429,383,5,24
LMR,5,1,4,4,2,13093,0,1,0,0,0,-385,-384,-415,-285,-366,-398,2,7
LMR,3,1,2,2,2,27809,0,1,0,0,0,397,398,388,401,407,409,3,4
LMR,3,1,2,2,4,-2054,0,1,0,0,1,-381,-380,-423,-231,-378,-381,4,19
LMR,3,1,2,2,4,3264,0,1,0,0,1,398,399,388,384,439,422,2,2
LMR,9,1,8,8,3,-8852,0,1,0,0,0,-399,-398,-416,-283,-379,-397,7,13
LMR,3,1,2,3,6,-4445,0,1,0,0,0,397,398,372,489,490,474,2,4
LMR,5,1,4,5,3,6167,0,1,0,0,0,397,398,371,490,444,428,3,5
LMR,7,1,6,7,2,7919,0,1,1,0,0,397,398,264,502,418,478,3,7
LMR,6,1,5,6,2,2987,0,1,0,0,0,397,398,261,417,503,452,1,6
LMR,10,3,9,9,6,-5413,0,0,0,0,0,-398,-397,-420,-397,-388,-373,6,15
LMR,11,5,10,10,2,5842,0,1,0,0,0,397,398,375,413,409,383,7,29
LMR,10,1,9,9,18,-16753,0,0,0,0,0,-398,-397,-405,-423,-375,-375,2,12
LMR,11,3,10,10,3,-9008,0,1,0,0,0,397,398,383,413,423,377,4,41
LMR,13,6,12,12,2,-3757,0,1,0,0,0,397,398,389,531,431,424,5,59
LMR,3,1,2,3,2,-438,0,1,0,0,0,-398,-397,-522,-543,-288,-358,1,5
LMR,3,1,2,2,5,-10538,0,1,0,0,1,-370,-369,-377,-341,-362,-388,1,4
LMR,5,1,4,4,11,-13479,0,1,0,0,0,-380,-379,-397,-404,-351,-379,5,9
LMR,5,1,4,5,5,1370,0,0,0,0,0,379,380,329,242,404,379,3,26
LMR,3,1,2,3,2,5886,0,1,0,0,0,-235,-234,-302,-204,-202,-208,9,7
LMR,7,1,6,5,13,-13257,0,0,0,0,0,379,380,379,460,383,354,2,5
LMR,3,1,2,2,3,14873,0,1,0,0,0,-338,-337,-349,-281,-319,-319,3,4
LMR,3,1,2,3,5,-255,0,1,0,0,0,-358,-357,-415,-301,-325,-334,2,3
LMR,4,1,3,2,6,-8925,0,1,0,0,0,-360,-359,-360,-340,-359,-359,6,4
LMR,3,1,2,2,2,21968,0,1,0,0,0,392,393,392,466,405,403,1,3
LMR,4,2,3,3,6,1018,0,1,0,0,1,-393,-392,-400,-344,-376,-347,2,6
LMR,8,2,7,8,2,13361,0,1,0,0,0,-360,-359,-1095,-219,-291,-340,1,17
LMR,4,1,3,4,2,279,0,1,0,0,0,-360,-359,-781,-337,-349,-348,2,8
LMR,5,1,4,5,11,-353,0,1,1,0,0,-360,-359,-383,-348,-286,-286,2,3
LMR,6,1,5,5,2,12723,0,1,0,0,0,-360,-359,-360,-233,-312,-325,3,13
LMR,3,1,2,3,2,23441,0,1,0,0,0,-375,-374,-387,-303,-171,-374,3,10
LMR,5,1,4,4,2,19055,0,1,0,0,0,-360,-359,-387,-231,-359,-359,4,10
LMR,3,1,2,2,3,9289,0,1,0,0,0,-360,-359,-366,-395,-343,-359,4,7
LMR,3,1,2,3,3,-1427,0,0,0,0,0,359,360,314,201,368,359,3,14
LMR,4,1,3,3,2,17837,0,1,0,0,0,-333,-332,-333,-211,-296,-342,3,24
LMR,5,1,4,5,6,-12881,0,1,0,0,0,-360,-359,-372,-224,-293,-304,1,1
LMR,6,1,5,6,2,3965,0,1,0,0,0,-360,-359,-675,-182,-282,-282,2,8
LMR,5,1,4,5,5,-14604,0,1,0,0,0,-360,-359,-360,-221,-276,-350,7,41
LMR,6,1,5,6,2,5584,0,1,1,0,0,-360,-359,-824,-160,-310,-351,3,77
LMR,9,1,8,9,6,-19183,0,1,0,0,0,-360,-359,-413,-360,-342,-352,2,143
LMR,11,4,10,10,4,-4755,0,0,0,0,0,359,360,340,300,360,352,19,157
LMR,3,1,2,2,2,14495,0,1,0,0,0,-360,-359,-360,-261,-320,-327,2,2
LMR,3,1,2,2,3,10220,0,1,0,0,0,359,360,359,380,398,391,1,1
LMR,4,1,3,4,3,-5938,0,0,0,0,0,-360,-359,-505,-425,-331,-350,2,5
LMR,10,5,9,8,5,-3662,0,1,1,0,1,359,360,359,513,360,359,28,90
LMR,10,4,9,9,10,-11969,0,1,0,0,1,359,360,359,513,382,390,5,14
LMR,5,1,4,5,2,4696,0,1,0,0,0,359,360,339,553,485,403,1,5
LMR,7,2,6,7,2,20714,0,1,0,0,0,359,360,359,622,443,395,2,20
LMR,9,1,8,9,3,6734,0,1,0,0,0,359,360,308,478,472,387,1,45
LMR,11,4,10,10,13,-13983,0,0,0,0,1,-360,-359,-368,-480,-334,-334,5,8
LMR,6,1,5,4,10,-14698,0,0,0,0,0,359,360,359,343,360,360,4,6
LMR,6,1,5,6,2,14444,0,1,0,0,0,-360,-359,-441,-315,-343,-360,2,23
LMR,6,1,5,5,3,-723,0,1,0,0,0,-360,-359,-360,-315,-330,-359,1,7
LMR,5,3,4,4,2,14792,0,0,0,0,0,359,360,359,184,377,377,6,6
LMR,5,1,4,3,6,-4467,0,0,0,0,0,359,360,355,310,360,358,11,7
LMR,7,1,6,5,5,-314,0,1,0,0,0,-360,-359,-363,-282,-359,-358,7,33
LMR,3,1,2,3,2,-18333,0,0,0,0,0,359,360,-356,-318,404,395,4,11
LMR,6,1,5,6,2,-661,0,1,0,0,0,-360,-359,-431,-199,-14,-355,1,8
LMR,8,1,7,8,5,6814,0,1,0,0,0,-360,-359,-376,-169,-290,-359,3,43
LMR,5,1,4,5,2,18558,0,1,0,0,0,-281,-280,-383,-282,-193,-280,3,9
LMR,8,1,7,7,3,-13762,0,1,0,0,0,-360,-359,-390,-122,-357,-357,4,17
LMR,6,3,5,6,2,-2361,0,0,1,0,0,359,360,290,313,396,396,4,5
LMR,7,1,6,6,13,-16606,0,1,0,0,0,-360,-359,-364,-313,-313,-390,3,13
LMR,8,1,7,8,18,-17104,0,1,0,0,0,-360,-359,-363,-356,-258,-303,1,19
LMR,6,1,5,5,2,12262,0,1,0,0,0,-360,-359,-365,-174,-315,-297,1,4
LMR,10,4,9,10,3,-11683,0,0,0,0,0,359,360,292,199,372,372,22,31
LMR,11,3,10,11,2,4375,0,1,1,0,0,-360,-359,-370,-264,-222,-303,2,11
LMR,4,1,3,3,5,4321,0,1,0,0,0,-360,-359,-369,-356,-359,-356,2,4
LMR,5,1,4,4,4,-6145,0,1,0,0,0,-183,-182,-213,-84,-182,-182,4,26
LMR,7,2,6,6,7,-871,0,0,0,0,0,182,183,182,-138,235,186,10,15
LMR,5,1,4,5,2,-8490,0,1,0,0,0,-360,-359,-622,-215,-213,-359,1,7
LMR,5,1,4,5,2,-9294,0,1,0,0,0,-360,-359,-660,-199,-343,-359,2,24
LMR,12,5,11,10,8,1944,0,0,0,0,0,359,360,359,326,362,359,11,16
LMR,12,4,11,12,2,-5548,0,1,0,0,0,-360,-359,-456,-30,-359,-359,6,127
LMR,4,2,3,4,2,2544,0,0,0,0,0,359,360,350,433,478,371,1,3
LMR,5,1,4,5,5,-6314,0,1,0,0,0,-360,-359,-360,-282,-304,-313,2,10
LMR,7,1,6,6,2,-4923,0,1,0,0,0,-360,-359,-368,-158,-325,-359,1,29
LMR,5,1,4,5,8,-6324,0,1,0,0,0,-360,-359,-375,-205,-256,-341,1,7
LMR,9,6,8,7,3,5505,0,0,0,0,0,359,360,359,217,365,366,15,17
LMR,10,5,9,9,3,22215,0,1,0,0,0,-360,-359,-365,-270,-356,-356,15,59
LMR,8,1,7,6,8,-5467,0,1,0,0,0,-360,-359,-360,-265,-358,-359,1,8
LMR,5,1,4,5,2,8514,0,1,0,0,0,-360,-359,-420,-197,-346,-359,1,6
LMR,12,5,11,10,44,-17036,0,0,0,0,1,359,360,359,214,363,376,9,28
LMR,13,10,12,13,2,7958,0,1,0,0,1,-360,-359,-374,-3,-274,-285,2,13
LMR,4,1,3,3,2,-2149,0,1,0,0,0,-389,-388,-401,-258,-388,-388,7,6
LMR,10,5,9,9,2,14528,0,1,0,0,0,-360,-359,-360,-258,-329,-359,12,46
LMR,5,1,4,5,2,8155,0,1,0,0,0,-283,-282,-351,-203,-275,-245,1,10
LMR,4,1,3,3,2,11393,0,1,0,0,0,-340,-339,-350,-278,-318,-339,1,3
LMR,5,1,4,5,2,-52,0,1,0,0,0,-350,-349,-364,-344,-258,-274,3,5
LMR,4,1,3,4,5,-7133,0,1,0,0,0,-359,-358,-388,-313,-330,-334,2,6
LMR,4,1,3,3,5,-616,0,1,0,0,0,-359,-358,-371,-301,-354,-328,2,5
LMR,3,1,2,3,3,-1219,0,1,0,0,0,-364,-363,-413,-202,-323,-355,2,10
LMR,3,1,2,3,2,11229,0,0,0,0,0,359,360,-976,200,524,396,7,4
LMR,6,1,5,5,3,3078,0,1,0,0,0,-360,-359,-371,-149,-337,-286,2,9
LMR,6,3,5,5,3,7543,0,0,0,0,0,332,333,301,161,341,332,8,4
LMR,10,3,9,9,9,-9195,0,0,0,0,0,332,333,321,339,333,332,12,57
LMR,4,2,3,3,4,-4258,0,1,0,0,1,-395,-394,-401,-318,-393,-394,2,5
LMR,5,1,4,5,3,14273,0,1,0,0,0,-333,-332,-333,-326,-279,-288,3,5
LMR,3,1,2,3,2,11249,0,1,0,0,0,-349,-348,-368,-208,-265,-322,1,2
LMR,3,1,2,2,5,-4196,0,1,0,0,0,-359,-358,-371,-351,-332,-337,2,3
LMR,6,1,5,6,2,8483,0,1,0,0,0,-333,-332,-357,-179,-226,-272,1,5
LMR,3,1,2,2,2,10571,0,1,0,0,0,-336,-335,-344,-209,-335,-335,4,2
LMR,3,1,2,2,2,30975,0,1,0,0,0,-333,-332,-333,-234,-322,-332,3,5
LMR,4,1,3,4,2,22358,0,1,0,0,0,-333,-332,-392,-305,-241,-257,3,8
LMR,4,1,3,3,4,-3044,0,1,0,0,1,-366,-365,-366,-288,-358,-366,1,6
LMR,4,1,3,3,7,3079,0,1,0,0,1,-366,-365,-366,-288,-357,-358,2,6
LMR,10,7,9,9,5,-11113,0,0,0,0,1,-333,-332,-353,-452,-310,-310,10,11
LMR,10,2,9,10,23,-16380,0,1,0,0,1,332,333,323,346,452,312,1,45
LMR,3,1,2,3,5,-4122,0,1,0,0,0,-369,-368,-393,-302,-280,-238,3,2
LMR,3,1,2,3,2,-2369,0,1,0,0,0,-333,-332,-343,-312,-241,-269,2,3
LMR,4,1,3,4,8,-1138,0,0,1,0,0,332,333,332,338,494,354,3,2
LMR,10,5,9,8,28,-11390,0,1,0,0,1,332,333,332,382,333,330,25,44
LMR,3,1,2,3,2,8651,0,1,1,1,0,-334,-333,-358,-1051,31979,31979,0,0
LMR,5,1,4,5,10,-9234,0,1,0,0,0,-334,-333,-366,-335,-294,-309,7,7
LMR,5,1,4,5,7,-13454,0,1,0,0,0,-333,-332,-335,-280,-279,-288,2,10
LMR,5,1,4,4,3,4884,0,1,1,0,0,-333,-332,-352,-359,-318,-241,1,4
LMR,4,1,3,4,2,2585,0,0,0,0,0,332,333,207,122,398,387,1,10
LMR,8,4,7,7,8,-13464,0,0,0,0,1,332,333,332,322,370,376,19,23
LMR,12,8,11,10,2,6943,0,1,0,0,1,-333,-332,-333,-313,-332,-337,477,328
LMR,6,2,5,5,2,17912,0,1,0,0,0,-372,-371,-376,-25,-334,-371,3,6
LMR,3,1,2,2,7,433,0,1,1,0,0,-367,-366,-384,-361,-366,-366,3,3
LMR,4,1,3,4,2,20960,0,1,0,0,0,-369,-368,-500,-282,-188,-363,3,15
LMR,3,1,2,2,2,14206,0,1,0,0,0,-361,-360,-362,-239,-325,-360,3,9
LMR,3,1,2,3,3,-10823,0,1,0,0,0,-364,-363,-407,-255,-346,-363,2,13
LMR,4,1,3,4,2,12089,0,1,0,0,0,-358,-357,-372,-302,-299,-291,2,3

===========================
Total time (ms) : 91
Nodes searched  : 69225
Nodes/second    : 760714
LMR_TOTAL,37952,1428,1033
