
Position: 1/1 (rn1qkb1r/1ppb1p1p/p2p1np1/3Pp3/2B1P3/2N2N2/PPP2PPP/R1BQK2R w KQkq - 4 7)
LMR,3,1,2,2,6,-1276,0,1,0,0,0,-236,-235,-236,-124,-205,-210,1,3
LMR,4,1,3,3,2,2561,0,1,0,0,0,-214,-213,-214,-110,-189,-214,1,10
LMR,4,1,3,2,11,-2195,0,1,0,0,0,-214,-213,-214,-110,-213,-213,2,8
LMR,4,1,3,3,2,-889,0,1,0,0,0,-214,-213,-214,-80,-188,-210,2,9
LMR,3,1,2,2,2,3542,0,1,0,0,0,-204,-203,-204,-138,-179,-183,2,6
LMR,3,1,2,3,4,-1276,0,1,0,0,0,-204,-203,-263,-172,-197,-186,3,12
LMR,4,2,3,3,2,5041,0,0,0,0,0,195,196,181,179,200,219,10,9
LMR,5,1,4,3,4,-4382,0,1,0,0,1,221,222,221,310,222,214,1,3
LMR,3,1,2,2,3,-1276,0,1,0,0,0,-193,-192,-210,-210,-192,-192,4,4
LMR,4,1,3,4,2,4328,0,1,0,0,0,-193,-192,-310,-186,-192,-186,3,10
LMR,5,1,4,4,2,-3631,0,1,0,0,0,-193,-192,-193,-23,-179,-179,2,10
LMR,5,1,4,4,2,13671,0,1,0,0,0,-193,-192,-193,36,-155,-165,2,13
LMR,3,1,2,3,2,-927,0,1,0,0,0,-199,-198,-218,-68,424,-159,1,3
LMR,7,1,6,6,3,19679,0,1,0,0,0,-177,-176,-177,-71,-146,-163,1,14
LMR,7,3,6,5,2,19809,0,1,0,0,0,-156,-155,-157,-56,-155,-155,5,18
LMR,3,1,2,2,2,8374,0,1,0,0,1,155,156,127,173,158,185,1,3
LMR,4,2,3,3,2,10150,0,0,0,0,0,-156,-155,-177,-172,-155,-155,5,10
LMR,5,1,4,4,2,12897,0,1,0,0,0,-156,-155,-169,-22,-133,-137,1,8
LMR,5,1,4,4,2,12765,0,1,0,0,0,-156,-155,-162,-13,-142,-151,1,14
LMR,5,1,4,4,2,13535,0,1,0,0,0,-156,-155,-158,71,-120,-128,1,10
LMR,6,1,5,5,2,11410,0,1,0,0,0,-156,-155,-156,-30,-137,-147,1,12
LMR,8,4,7,7,2,18833,0,1,0,0,0,-128,-127,-136,-23,-127,-127,13,45
LMR,8,1,7,6,17,-11828,0,0,0,0,0,127,128,127,84,134,133,3,15
LMR,6,1,5,6,19,-10611,0,0,0,0,0,127,128,112,120,169,130,2,11
LMR,7,1,6,6,19,-10374,0,1,0,0,0,-128,-127,-132,-101,-120,-129,2,30
LMR,5,1,4,4,2,967,0,1,0,0,0,-152,-151,-153,-86,-135,-152,2,10
LMR,3,1,2,2,5,1699,0,1,0,0,0,-152,-151,-193,-201,-151,-151,5,7
LMR,3,1,2,3,2,9299,0,0,0,0,0,151,152,123,99,201,151,4,17
LMR,5,1,4,3,17,-8838,0,1,0,0,0,-152,-151,-152,-86,-148,-151,2,24
LMR,5,1,4,4,6,-6462,0,1,0,0,0,-152,-151,-153,-69,-145,-152,2,12
LMR,5,1,4,4,9,-2397,0,1,0,0,0,-152,-151,-152,-69,-130,-152,2,9
LMR,3,1,2,2,2,13163,0,1,0,0,0,-153,-152,-161,-82,-149,-149,1,1
LMR,4,1,3,3,5,869,0,1,0,0,0,-149,-148,-149,-148,-107,-114,4,9
LMR,4,1,3,3,2,4790,0,1,0,0,0,-149,-148,-151,-102,-111,-148,1,4
LMR,4,1,3,3,2,5945,0,1,0,0,0,-149,-148,-149,-103,-129,-152,2,9
LMR,7,4,6,5,2,-1162,0,0,0,0,0,148,149,146,156,149,152,22,12
LMR,3,1,2,2,3,15049,0,1,0,0,0,-149,-148,-161,-144,-142,-142,5,5
LMR,8,1,7,6,5,-2749,0,1,0,0,0,-149,-148,-151,-151,-146,-144,3,33
LMR,3,1,2,2,3,6629,0,0,0,0,0,148,149,138,164,153,151,1,3
LMR,6,1,5,5,5,-10128,0,1,0,0,0,-149,-148,-150,-188,-101,-135,4,11
LMR,5,1,4,5,2,5687,0,1,0,0,0,-149,-148,-256,-92,-148,-148,18,19
LMR,8,4,7,6,3,3750,0,0,0,0,0,148,149,148,127,149,150,9,23
LMR,7,4,6,5,2,14274,0,1,0,0,1,-149,-148,-149,-127,-148,-148,11,16
LMR,4,1,3,3,3,9016,0,1,0,0,0,-149,-148,-152,-99,-141,-152,2,8
LMR,7,4,6,5,2,16799,0,1,0,0,1,-149,-148,-149,-127,-148,-151,5,27
LMR,9,5,8,7,7,-109,0,0,0,0,1,148,149,148,127,149,149,88,0
LMR,4,1,3,3,5,-4720,0,0,0,0,0,148,149,145,147,165,162,3,3
LMR,4,1,3,3,2,13907,0,1,0,0,0,161,162,161,185,172,170,1,3
LMR,5,1,4,4,2,-5950,0,1,0,0,1,169,170,159,146,177,193,1,15
LMR,5,1,4,4,19,-6463,0,1,0,0,0,169,170,169,208,188,174,1,5
LMR,5,1,4,3,7,-9010,0,1,0,0,0,176,177,172,189,177,181,3,6
LMR,3,1,2,2,2,-781,0,1,0,0,0,162,163,162,186,187,190,4,2
LMR,4,1,3,3,6,-6407,0,1,0,0,0,176,177,171,226,224,177,2,10
LMR,5,2,4,3,3,2569,0,0,0,0,0,-177,-176,-177,-286,-176,-176,3,2
LMR,8,1,7,7,3,-8116,0,1,0,0,0,176,177,176,307,202,176,2,23
LMR,8,1,7,7,4,3684,0,1,0,0,0,176,177,176,307,187,187,2,16
LMR,3,1,2,2,2,3419,0,1,0,0,0,163,164,161,237,193,188,2,2
LMR,4,1,3,3,2,6580,0,1,0,0,0,-191,-190,-191,-137,-142,-172,1,8
LMR,3,1,2,2,5,-9305,0,0,0,0,0,-202,-201,-202,-195,-154,-161,1,3
LMR,4,1,3,3,2,1745,0,1,0,0,0,-190,-189,-203,-131,-186,-189,2,7
LMR,5,1,4,4,2,5381,0,1,0,0,0,197,198,192,285,212,212,4,10
LMR,4,1,3,3,4,6859,0,1,0,0,0,-183,-182,-183,-150,-147,-182,1,6
LMR,5,1,4,5,3,10499,0,1,0,0,0,-183,-182,-230,-162,-168,-182,3,19
LMR,6,1,5,5,3,-5755,0,1,0,0,0,-183,-182,-219,-187,-182,-174,6,12
LMR,5,1,4,5,2,3659,0,1,0,0,0,-183,-182,-230,-63,-150,-182,2,20
LMR,8,3,7,6,3,4725,0,0,0,0,0,182,183,182,127,183,184,7,9
LMR,4,1,3,3,2,14009,0,1,0,0,0,197,198,181,221,216,213,2,3
LMR,3,1,2,2,7,-582,0,1,1,0,0,176,177,172,212,183,177,2,6
LMR,3,1,2,2,2,5653,0,1,0,0,1,176,177,169,204,186,177,2,2
LMR,11,5,10,10,2,15883,0,1,0,0,0,205,206,205,314,229,205,12,57
LMR,8,2,7,8,2,12907,0,1,0,0,0,205,206,205,336,260,257,4,25
LMR,11,4,10,10,3,12095,0,1,0,0,0,205,206,205,314,252,250,10,67
LMR,10,2,9,9,4,16520,0,1,0,0,0,205,206,205,246,221,227,3,35
LMR,6,1,5,5,16,-12038,0,1,0,0,0,205,206,199,290,243,206,3,8
LMR,3,1,2,3,2,-6379,0,1,0,0,0,207,208,179,229,300,208,1,4
LMR,4,1,3,4,2,7934,0,1,0,0,0,205,206,180,318,327,210,1,7
LMR,5,1,4,5,2,12609,0,1,0,0,0,205,206,185,330,249,209,4,19
LMR,3,1,2,2,3,6511,0,0,0,0,0,-181,-180,-194,-179,-169,-177,1,3
LMR,6,4,5,5,2,8582,0,0,0,0,0,-206,-205,-208,-250,-193,-193,14,13
LMR,4,1,3,3,2,7609,0,1,0,0,0,205,206,195,247,207,220,2,4
LMR,7,1,6,6,2,10448,0,1,0,0,0,205,206,194,281,223,217,2,27
LMR,8,1,7,6,25,-12237,0,1,0,0,0,215,216,215,290,216,225,6,32
LMR,5,1,4,5,2,-1121,0,1,0,0,0,215,216,190,259,288,244,1,16
LMR,5,1,4,4,2,3484,0,1,0,0,0,215,216,203,285,224,237,1,12
LMR,3,1,2,3,4,-4518,0,0,0,0,0,-216,-215,-242,-262,-142,-215,2,5
LMR,4,1,3,3,6,-3260,0,1,0,0,0,215,216,215,296,229,216,2,7
LMR,5,2,4,3,2,371,0,0,0,0,0,-216,-215,-216,-289,-215,-215,14,5
LMR,5,1,4,3,3,-1263,0,1,0,0,0,215,216,215,237,216,216,6,11
LMR,7,1,6,6,2,-1469,0,1,0,0,0,215,216,215,331,225,216,1,35
LMR,3,1,2,3,2,13444,0,1,0,0,0,215,216,162,247,251,245,5,7
LMR,4,1,3,4,12,-2361,0,0,1,0,0,-216,-215,-228,-307,-108,-177,2,1
LMR,5,1,4,4,5,-11885,0,1,0,0,0,215,216,184,332,217,217,1,5
LMR,5,1,4,4,2,4884,0,1,1,0,0,215,216,206,281,216,216,5,8
LMR,3,1,2,2,3,-1745,0,1,0,0,0,217,218,217,277,230,231,2,3
LMR,6,1,5,6,2,1655,0,1,1,0,0,215,216,215,374,391,360,1,2
LMR,3,1,2,2,3,5747,0,1,0,0,0,229,230,229,295,245,230,2,10
LMR,5,1,4,5,2,11699,0,1,0,0,0,215,216,201,340,362,247,1,8
LMR,6,2,5,5,4,-2072,0,0,0,0,0,-216,-215,-230,-294,-205,-216,8,6
LMR,6,1,5,6,2,15039,0,1,0,0,0,215,216,215,304,269,216,2,39
LMR,6,1,5,5,2,-8721,0,1,0,0,0,215,216,181,258,234,232,3,12
LMR,4,1,3,2,4,-2164,0,0,0,0,0,-213,-212,-213,-238,-212,-219,5,9
LMR,5,1,4,4,3,16523,0,1,0,0,0,212,213,205,207,213,213,4,27
LMR,4,1,3,3,5,-2943,0,1,0,0,0,255,256,251,310,296,269,3,8
LMR,5,1,4,4,3,4904,0,1,0,0,0,215,216,215,273,267,267,3,7
LMR,6,2,5,4,4,-2423,0,1,0,0,1,-229,-228,-229,-209,-222,-222,6,13
LMR,4,1,3,4,3,2445,0,1,0,0,0,228,229,218,247,282,229,2,5
LMR,5,3,4,4,5,-10470,0,0,0,0,1,-246,-245,-246,-221,-236,-247,9,15
LMR,4,1,3,2,16,1241,0,0,0,0,1,-244,-243,-244,-229,-241,-364,13,6
LMR,3,1,2,2,2,13148,0,1,0,0,0,243,244,236,289,245,240,3,4
LMR,3,1,2,2,3,14476,0,1,0,0,0,243,244,240,289,263,259,2,3
LMR,3,1,2,3,4,-3824,0,0,0,0,0,-236,-235,-253,-234,-144,-172,2,3
LMR,5,1,4,4,15,676,0,0,1,0,0,222,223,213,147,237,239,6,4
LMR,4,1,3,4,10,5595,0,0,1,0,0,222,223,193,104,251,241,6,4
LMR,4,1,3,3,10,8088,0,0,1,0,0,222,223,220,170,253,257,7,4
LMR,4,1,3,4,10,9637,0,0,1,0,0,222,223,190,75,252,255,7,4
LMR,5,1,4,4,2,13955,0,1,0,0,0,-223,-222,-248,-176,-222,-222,7,13
LMR,4,2,3,4,2,8516,0,0,1,0,0,222,223,-240,174,280,270,1,6
LMR,5,1,4,5,2,-9130,0,1,0,0,0,-223,-222,-260,-82,-166,-166,1,3
LMR,7,2,6,5,2,13740,0,1,0,0,0,-223,-222,-223,-110,-219,-218,7,7
LMR,3,1,2,2,6,5926,0,1,0,0,0,-223,-222,-224,-159,-200,-251,2,6
LMR,5,1,4,4,12,1073,0,1,0,0,0,-223,-222,-223,-146,-195,-223,4,20
LMR,8,5,7,6,2,861,0,0,0,0,0,222,223,218,135,223,223,54,21
LMR,9,1,8,7,11,-12647,0,1,0,0,0,-223,-222,-223,-79,-219,-223,2,20
LMR,6,1,5,5,3,212,0,1,0,0,0,-223,-222,-228,-193,-215,-222,3,16
LMR,8,4,7,6,2,6547,0,0,0,0,0,222,223,222,174,224,224,5,13
LMR,9,1,8,8,13,-14180,0,1,0,0,0,-223,-222,-223,-79,-209,-223,2,51
LMR,3,1,2,2,3,-1648,0,1,0,0,1,200,201,184,269,204,201,2,4
LMR,5,1,4,4,3,9646,0,1,0,0,0,241,242,227,251,260,247,2,4
LMR,6,1,5,5,10,-13688,0,0,0,0,0,-242,-241,-245,-254,-231,-232,3,6
LMR,7,1,6,6,6,-1513,0,1,0,0,0,241,242,241,240,254,233,4,27
LMR,5,1,4,4,2,3763,0,1,0,0,0,241,242,241,245,250,248,2,7
LMR,7,4,6,5,4,-2297,0,0,0,0,1,-242,-241,-243,-252,-241,-241,18,17
LMR,5,2,4,5,3,3129,0,0,0,0,0,-242,-241,-411,-349,-241,-238,24,17
LMR,3,1,2,3,3,13033,0,0,0,0,0,-242,-241,-328,-335,-241,-241,18,22
LMR,4,1,3,3,2,8314,0,1,0,0,0,241,242,241,285,250,241,3,43
LMR,4,1,3,3,3,3720,0,1,0,0,0,241,242,241,285,291,265,1,2
LMR,8,2,7,7,2,16076,0,1,0,0,0,241,242,238,292,257,256,4,70
LMR,11,8,10,9,2,6701,0,1,0,0,1,241,242,241,252,243,243,30,191
LMR,5,3,4,4,3,6388,0,1,0,0,1,194,195,143,223,195,194,6,14
LMR,3,1,2,2,2,-6824,0,1,0,0,0,209,210,192,275,215,210,1,3
LMR,4,2,3,3,2,4884,0,0,1,0,0,-242,-241,-275,-609,-228,-232,6,9
LMR,8,1,7,7,5,-7648,0,1,0,0,0,241,242,233,295,274,262,3,24
LMR,3,1,2,2,3,4218,0,1,0,0,0,217,218,217,290,243,243,2,3
LMR,4,1,3,3,7,-4502,0,1,0,0,1,198,199,195,263,210,211,9,12
LMR,3,1,2,2,2,793,0,1,0,0,0,229,230,229,311,272,264,2,3
LMR,3,1,2,3,2,2021,0,0,0,0,0,-242,-241,-289,-292,-229,-242,4,5
LMR,7,2,6,6,2,18954,0,1,0,0,0,241,242,241,384,262,248,3,15
LMR,5,1,4,4,4,-3209,0,0,1,0,0,-242,-241,-252,-379,-241,-241,4,4
LMR,8,1,7,7,5,3785,0,1,0,0,0,241,242,241,337,255,237,6,25
LMR,4,1,3,4,3,4872,0,0,0,0,0,241,242,237,170,301,257,1,6
LMR,5,1,4,4,2,-6704,0,1,0,0,0,-242,-241,-268,-118,-221,-254,3,17
LMR,5,1,4,4,13,-4409,0,1,0,0,0,-242,-241,-246,-118,-232,-251,2,2
LMR,12,9,11,10,2,615,0,1,0,0,1,241,242,241,257,242,242,78,50
LMR,4,1,3,2,3,4353,0,1,0,0,0,207,208,204,261,210,208,4,9
LMR,7,1,6,6,2,1185,0,1,0,0,0,241,242,213,342,257,251,3,10
LMR,3,1,2,3,2,7281,0,1,0,0,0,236,237,202,371,286,237,1,3
LMR,3,1,2,3,2,4625,0,0,0,0,0,241,242,199,267,262,242,2,6
LMR,11,6,10,9,2,22422,0,1,0,0,0,241,242,237,297,242,245,23,42
LMR,12,3,11,10,16,-14035,0,0,0,0,0,-242,-241,-242,-245,-241,-234,8,24
LMR,4,1,3,3,2,81,0,1,0,0,0,-242,-241,-242,-187,-218,-218,2,4
LMR,4,1,3,3,3,-4137,0,0,0,0,1,241,242,223,194,242,242,3,5
LMR,9,6,8,9,3,9743,0,0,0,0,0,-242,-241,-411,-318,-226,-226,5,12
LMR,11,9,10,10,3,26486,0,1,0,0,1,241,242,234,241,242,237,70,91
LMR,3,1,2,3,2,20255,0,1,0,0,0,207,208,198,322,263,242,2,4
LMR,6,4,5,6,2,2308,0,0,0,0,0,-252,-251,-334,-216,-251,-224,6,8
LMR,10,1,9,8,13,-15384,0,0,0,0,0,-252,-251,-252,-277,-251,-251,11,43
LMR,4,1,3,3,2,-8474,0,0,0,0,0,232,233,232,204,265,259,4,3
LMR,3,1,2,2,8,6358,0,0,0,0,0,232,233,206,223,233,233,3,5
LMR,4,1,3,3,2,4674,0,1,0,0,0,-233,-232,-233,-205,-215,-218,2,1
LMR,10,7,9,9,2,24337,0,1,0,0,1,-233,-232,-241,-235,-232,-209,11,28
LMR,3,1,2,2,3,5341,0,0,0,0,0,232,233,213,212,234,234,2,5
LMR,6,1,5,5,2,21353,0,1,0,0,0,-233,-232,-233,-162,-205,-232,2,15
LMR,4,1,3,4,11,4839,0,0,1,0,0,232,233,218,263,352,275,6,3
LMR,5,1,4,4,4,2067,0,1,0,0,0,-233,-232,-250,-180,-218,-238,2,5
LMR,5,3,4,4,2,12714,0,0,0,0,0,-233,-232,-251,-269,-228,-228,20,10
LMR,6,1,5,5,6,-4397,0,1,0,0,0,232,233,203,320,233,228,3,37
LMR,6,1,5,5,7,-4397,0,1,0,0,0,232,233,228,320,238,233,2,14
LMR,5,1,4,5,12,-11966,0,0,0,0,0,-233,-232,-233,-240,-163,-201,1,1
LMR,9,1,8,8,3,-17477,0,1,0,0,0,232,233,216,238,233,225,3,13
LMR,5,1,4,5,2,3281,0,1,1,0,0,-233,-232,-417,-106,-207,-232,1,4
LMR,6,1,5,6,2,6448,0,1,1,0,0,-233,-232,-454,-177,-180,-244,2,10
LMR,9,5,8,8,13,8713,0,0,1,0,0,232,233,225,110,244,244,17,8
LMR,10,2,9,9,6,-3484,0,1,0,0,0,-233,-232,-242,-212,-232,-233,5,26
LMR,5,1,4,4,9,6092,0,1,0,0,0,232,233,232,284,264,259,2,5
LMR,5,1,4,5,10,-8549,0,1,0,0,0,232,233,222,295,280,248,4,20
LMR,6,1,5,5,7,-13366,0,0,0,0,0,-233,-232,-245,-267,-221,-232,2,14
LMR,5,1,4,4,3,3840,0,1,0,0,0,232,233,214,302,267,239,2,13
LMR,7,1,6,6,35,-14050,0,1,0,0,0,232,233,232,283,262,238,2,30
LMR,9,6,8,7,2,13237,0,1,0,0,1,-234,-233,-235,-161,-233,-235,19,16
LMR,5,1,4,3,2,4151,0,1,0,0,0,-243,-242,-248,-197,-242,-246,7,3
LMR,5,1,4,4,2,15191,0,1,0,0,0,233,234,224,354,234,234,6,9
LMR,3,1,2,2,2,-3063,0,1,0,0,0,-217,-216,-232,-114,-202,-216,2,4
LMR,5,1,4,4,12,-2361,0,0,1,0,0,224,225,186,137,225,225,3,6
LMR,5,1,4,5,3,-4563,0,1,0,0,0,-225,-224,-235,-166,-137,-225,1,15
LMR,3,1,2,2,8,-3149,0,0,0,0,0,224,225,209,242,234,232,2,3
LMR,5,1,4,4,7,-4007,0,0,0,0,0,224,225,222,198,235,233,3,4
LMR,6,1,5,5,2,1301,0,1,0,0,0,-225,-224,-230,-213,-198,-231,2,16
LMR,6,1,5,4,4,-4794,0,1,0,0,0,-225,-224,-230,-213,-224,-215,4,9
LMR,5,1,4,4,2,-8286,0,1,0,0,0,-234,-233,-242,-165,-226,-233,2,9
LMR,4,1,3,3,12,-7153,0,1,0,0,1,-250,-249,-250,-201,-226,-230,2,4
LMR,5,2,4,4,4,7913,0,0,0,0,0,233,234,209,186,251,243,2,4
LMR,6,1,5,4,3,601,0,1,0,0,0,-234,-233,-235,-206,-233,-233,2,8
LMR,4,1,3,3,4,-1872,0,1,0,0,0,-234,-233,-235,-192,-210,-214,2,3
LMR,9,6,8,7,2,17256,0,1,0,0,1,-234,-233,-234,-127,-233,-233,15,45
LMR,4,1,3,4,2,-3274,0,0,0,0,0,-234,-233,-366,-226,-172,-228,3,10
LMR,8,5,7,6,2,1380,0,1,0,0,1,-234,-233,-234,-222,-229,-228,24,11
LMR,8,4,7,7,5,-2743,0,0,0,0,0,233,234,183,200,234,234,16,24
LMR,5,1,4,5,2,-9312,0,1,0,0,0,-234,-233,-322,-170,-225,-241,4,6
LMR,5,1,4,4,3,-7889,0,1,0,0,0,-234,-233,-241,-170,-232,-234,3,4
LMR,5,1,4,3,28,-8505,0,1,0,0,0,-234,-233,-234,-170,-231,-234,4,6
LMR,7,2,6,6,15,-9214,0,0,0,0,1,-234,-233,-234,-234,-220,-233,3,13
LMR,9,6,8,7,2,14925,0,1,0,0,1,233,234,233,199,234,233,40,42
LMR,4,1,3,3,6,-4654,0,1,0,0,0,-234,-233,-238,-205,-196,-233,2,7
LMR,5,1,4,4,2,497,0,1,0,0,0,-234,-233,-238,-204,-200,-214,4,5
LMR,7,3,6,5,3,2290,0,0,0,0,0,233,234,233,220,234,234,8,13
LMR,8,3,7,6,2,13471,0,1,0,0,0,-234,-233,-234,-189,-233,-233,7,20
LMR,3,1,2,2,3,-6359,0,1,0,0,0,-234,-233,-234,-145,-192,-200,2,3

===========================
Total time (ms) : 18
Nodes searched  : 14093
Nodes/second    : 782944
LMR_TOTAL,7647,349,217
