
Position: 1/1 (rnb1k2r/ppp2pp1/4p2p/3q4/3Pn3/2PQBN2/P1P2PPP/R3KB1R w KQkq - 0 9)
LMR,4,1,3,4,2,-1258,0,1,0,0,0,-511,-510,-643,-383,-510,-510,8,31
LMR,3,1,2,3,4,-1276,0,1,0,0,0,-377,-376,-378,-223,-322,-367,1,1
LMR,4,1,3,4,2,-284,0,1,0,0,0,-377,-376,-495,-181,-317,-376,1,13
LMR,4,1,3,4,2,3405,0,1,0,0,0,-377,-376,-503,-147,-349,-377,2,16
LMR,4,1,3,2,3,-6405,0,1,0,0,0,-377,-376,-377,-147,-376,-376,9,4
LMR,4,1,3,3,3,164,0,1,0,0,0,-347,-346,-347,-169,-335,-334,7,9
LMR,3,1,2,2,9,-2945,0,1,0,0,0,-426,-425,-433,-333,-415,-414,4,2
LMR,4,1,3,3,6,-2824,0,1,0,0,0,-388,-387,-388,-175,-375,-374,5,12
LMR,4,1,3,4,2,3014,0,1,0,0,0,-337,-336,-949,-275,-308,-332,4,5
LMR,4,1,3,4,7,-4397,0,1,0,0,0,-268,-267,-289,-163,-225,-268,1,17
LMR,4,1,3,4,10,-5270,0,1,0,0,0,-268,-267,-268,-163,-117,-207,1,3
LMR,4,1,3,4,4,6035,0,0,0,0,0,267,268,225,159,301,292,2,6
LMR,4,1,3,4,3,5534,0,1,0,0,0,-268,-267,-411,-38,-217,-287,2,12
LMR,4,1,3,3,4,-6961,0,1,0,0,0,-446,-445,-446,-342,-402,-398,2,6
LMR,5,1,4,3,3,-1276,0,1,0,0,0,-337,-336,-342,-158,-336,-336,5,5
LMR,7,1,6,7,9,-11527,0,0,0,0,0,336,337,336,259,490,352,4,15
LMR,7,1,6,7,21,-7218,0,1,0,0,0,-337,-336,-337,-170,-259,-350,1,36
LMR,5,1,4,4,2,4205,0,1,0,0,0,395,396,383,573,396,396,4,10
LMR,5,1,4,4,3,-9178,0,1,0,0,0,-378,-377,-416,-204,-371,-371,1,9
LMR,5,1,4,5,13,-8912,0,1,0,0,0,-353,-352,-353,-325,-163,-334,1,1
LMR,5,1,4,5,5,-4676,0,1,0,0,0,-353,-352,-353,-229,-294,-294,1,4
LMR,5,1,4,4,2,9856,0,1,0,0,0,-353,-352,-353,-288,-315,-352,2,6
LMR,3,1,2,2,4,-3504,0,1,0,0,0,-380,-379,-382,-212,-335,-343,2,2
LMR,4,1,3,4,3,-10832,0,1,0,0,0,-353,-352,-381,-267,-301,-323,2,9
LMR,9,3,8,8,2,12110,0,1,1,0,0,-353,-352,-365,-368,-319,-319,13,17
LMR,6,4,5,6,2,8030,0,0,0,0,0,352,353,267,202,353,353,14,13
LMR,6,1,5,6,4,-11898,0,1,0,0,0,-353,-352,-782,-156,-333,-353,4,29
LMR,6,1,5,6,6,-13453,0,1,0,0,0,-353,-352,-353,-156,-270,-270,2,5
LMR,5,1,4,4,4,-4397,0,0,0,0,0,-367,-366,-415,-407,-366,-366,5,2
LMR,5,1,4,3,17,-6452,0,1,0,0,0,366,367,366,507,367,366,3,7
LMR,3,1,2,2,5,-13748,0,1,0,0,0,366,367,350,448,376,367,3,3
LMR,6,1,5,4,11,-7599,0,1,0,0,0,366,367,366,366,367,367,4,17
LMR,8,5,7,7,2,-1808,0,0,0,0,0,-367,-366,-407,-419,-366,-367,38,38
LMR,4,1,3,3,2,4937,0,1,0,0,0,366,367,331,496,381,433,2,9
LMR,3,1,2,3,2,7017,0,1,0,0,0,386,387,342,391,437,409,4,4
LMR,6,2,5,6,2,-4220,0,0,0,0,0,-371,-370,-529,-818,-361,-361,2,2
LMR,6,1,5,6,7,419,0,1,0,0,0,370,371,370,420,818,362,2,6
LMR,5,3,4,5,3,7894,0,0,0,0,0,337,338,279,259,348,348,6,11
LMR,4,1,3,3,6,-1276,0,1,0,0,0,-338,-337,-376,-361,-337,-338,7,4
LMR,5,1,4,4,4,-16345,0,0,0,0,0,337,338,327,192,338,338,5,24
LMR,6,1,5,5,3,-9096,0,1,0,1,0,-338,-337,-346,-290,-333,-338,12,40
LMR,6,1,5,5,17,-12657,0,1,0,0,0,-338,-337,-338,-290,-330,-308,4,20
LMR,4,1,3,4,2,2252,0,0,0,0,0,331,332,226,107,969,395,4,2
LMR,4,1,3,4,2,6950,0,1,1,0,0,-332,-331,-348,-371,-271,-382,1,8
LMR,3,1,2,2,2,-6378,0,1,0,0,0,-327,-326,-327,-273,-318,-326,8,20
LMR,3,1,2,3,6,9112,0,1,1,0,1,-344,-343,-398,-238,-316,-474,3,5
LMR,5,1,4,5,6,-4320,0,1,0,0,0,-321,-320,-356,-278,-277,-284,1,6
LMR,4,1,3,4,5,-678,0,1,0,0,0,-321,-320,-342,-313,-214,-313,2,7
LMR,4,1,3,4,5,-4946,0,1,0,0,0,336,337,317,308,391,433,2,12
LMR,3,1,2,3,3,-4203,0,1,0,0,0,336,337,316,394,495,397,1,4
LMR,8,2,7,6,8,-14597,0,1,0,0,1,336,337,336,370,340,340,2,9
LMR,8,6,7,8,2,3841,0,0,0,0,1,-337,-336,-477,-367,-327,-335,12,23
LMR,9,4,8,8,3,352,0,1,0,0,1,336,337,331,371,349,335,7,38
LMR,5,1,4,5,2,11448,0,1,0,0,0,-337,-336,-365,-294,-253,-319,3,10
LMR,6,1,5,5,4,4317,0,1,0,0,0,-321,-320,-344,-285,-320,-320,12,11
LMR,5,1,4,4,3,-5919,0,1,0,0,0,-321,-320,-346,-417,-311,-320,3,15
LMR,6,2,5,5,11,-2167,0,0,0,0,0,320,321,320,362,328,344,3,12
LMR,9,4,8,8,11,-10009,0,0,0,0,1,320,321,320,335,333,333,5,61
LMR,5,1,4,4,6,-8906,0,1,0,0,0,320,321,314,371,333,320,2,7
LMR,5,1,4,5,4,-4690,0,1,0,0,0,-321,-320,-321,-292,-208,-289,1,8
LMR,8,6,7,7,2,14087,0,1,0,0,1,-321,-320,-331,-335,-320,-320,17,43
LMR,4,1,3,3,2,14594,0,1,0,0,0,-321,-320,-321,-233,-308,-320,3,6
LMR,3,1,2,2,3,-981,0,1,0,0,0,-321,-320,-339,-262,-320,-320,5,7
LMR,5,1,4,5,2,18657,0,1,0,0,0,-321,-320,-387,-207,-299,-320,3,27
LMR,3,1,2,2,4,1787,0,1,0,0,0,-290,-289,-302,-267,-278,-280,2,2
LMR,5,1,4,4,11,-11188,0,1,0,0,0,-321,-320,-328,-254,-317,-357,2,12
LMR,5,1,4,5,2,185,0,1,0,0,0,-321,-320,-363,-238,-245,-321,2,19
LMR,5,1,4,4,3,-6686,0,1,0,0,0,-321,-320,-321,-238,-310,-331,1,9
LMR,3,1,2,3,2,4928,0,1,0,0,0,336,337,244,350,633,403,1,1
LMR,4,1,3,4,2,8853,0,1,0,0,0,336,337,263,372,342,386,1,12
LMR,3,1,2,3,2,1124,0,1,0,0,0,336,337,196,112,750,576,4,3
LMR,3,1,2,3,3,-913,0,0,0,0,0,-337,-336,-431,-301,-276,-516,1,9
LMR,3,1,2,3,2,1758,0,1,0,0,0,336,337,56,254,576,350,1,1
LMR,3,1,2,3,4,-1276,0,0,0,0,0,-337,-336,-431,-301,-299,-346,1,4
LMR,5,3,4,4,2,2172,0,0,0,0,0,-337,-336,-358,-255,-314,-314,3,3
LMR,8,2,7,7,2,10011,0,1,0,0,0,336,337,317,416,360,344,4,8
LMR,4,1,3,3,9,-9369,0,1,0,0,0,336,337,325,356,337,351,4,6
LMR,3,1,2,3,2,722,0,1,0,0,1,365,366,316,396,405,333,4,7
LMR,4,1,3,3,2,-14465,0,1,0,1,0,456,457,440,263,484,479,7,4
LMR,4,1,3,3,3,-9431,0,0,0,0,0,-357,-356,-383,-414,-356,-356,8,6
LMR,5,1,4,4,3,826,0,1,0,0,0,356,357,356,534,368,356,3,17
LMR,5,1,4,4,27,-10012,0,1,0,0,0,356,357,356,534,402,415,1,5
LMR,3,1,2,2,3,13137,0,1,0,0,1,-350,-349,-363,-337,-349,-349,1,1
LMR,3,1,2,2,2,5231,0,1,0,0,0,349,350,349,402,386,386,1,1
LMR,3,1,2,2,2,-4767,0,1,0,1,0,457,458,440,384,493,480,4,4
LMR,5,1,4,4,2,-1132,0,1,0,0,0,356,357,354,540,401,401,2,5
LMR,7,1,6,5,16,-15448,0,0,0,0,0,-376,-375,-376,-386,-375,-359,5,13
LMR,8,1,7,8,7,-8223,0,1,0,0,0,375,376,361,411,492,411,1,7
LMR,5,1,4,4,2,12030,0,1,0,0,0,375,376,357,370,376,488,7,6
LMR,4,1,3,3,5,187,0,1,0,0,0,351,352,351,392,363,363,1,4
LMR,5,1,4,4,4,689,0,1,0,0,0,375,376,367,460,379,366,3,8
LMR,5,1,4,4,7,-7201,0,1,0,0,0,375,376,369,460,380,362,2,7
LMR,5,1,4,4,11,-6644,0,1,0,0,0,375,376,369,460,422,414,2,3
LMR,3,1,2,3,2,-12993,0,1,0,0,1,353,354,251,441,410,400,1,2
LMR,5,1,4,4,8,-1154,0,1,1,0,0,375,376,345,509,398,376,1,6
LMR,5,1,4,5,9,-9779,0,1,0,0,0,375,376,360,451,497,384,1,3
LMR,3,1,2,3,2,-7268,0,0,0,0,0,-343,-342,-349,-333,-245,-262,1,1
LMR,5,1,4,5,2,7236,0,1,0,0,0,375,376,352,405,457,401,3,6
LMR,7,3,6,6,2,8877,0,0,0,0,0,-376,-375,-420,-604,-375,-362,6,10
LMR,8,2,7,7,2,13539,0,1,0,0,0,375,376,345,604,376,363,3,27
LMR,8,1,7,7,25,-16979,0,1,0,0,0,375,376,373,604,388,438,2,13
LMR,11,5,10,9,10,-12802,0,0,0,0,1,-376,-375,-377,-385,-373,-374,11,12
LMR,4,1,3,4,2,6230,0,1,0,1,0,456,457,440,416,495,488,4,5
LMR,4,1,3,4,2,1856,0,1,0,0,0,357,358,336,541,542,408,2,6
LMR,5,1,4,5,3,-1306,0,0,0,0,0,-397,-396,-571,-608,-396,-369,3,7
LMR,5,1,4,5,2,2551,0,1,0,0,0,396,397,326,264,608,373,2,13
LMR,7,5,6,6,3,-9292,0,0,0,0,1,327,328,320,323,333,338,10,5
LMR,8,5,7,7,2,16167,0,1,0,0,1,-328,-327,-336,-329,-288,-304,4,10
LMR,3,1,2,3,3,-1555,0,0,0,0,0,339,340,215,339,340,340,3,5
LMR,5,1,4,5,4,-7767,0,0,0,0,0,327,328,277,273,334,332,2,12
LMR,5,1,4,5,3,-6902,0,1,0,0,0,-328,-327,-501,-356,-308,-331,8,22
LMR,5,1,4,3,6,18,0,1,0,0,0,-328,-327,-331,-356,-324,-325,8,5
LMR,8,1,7,8,10,5814,0,1,0,0,0,-328,-327,-328,-199,61,-325,5,58
LMR,7,1,6,5,2,-5390,0,1,0,0,0,-328,-327,-328,-279,-323,-327,3,13
LMR,9,5,8,8,3,-4043,0,0,0,0,0,327,328,318,282,328,328,21,45
LMR,7,1,6,6,2,10904,0,1,0,0,0,327,328,327,359,352,351,3,19
LMR,5,1,4,5,11,-4764,0,1,0,0,0,-328,-327,-375,-385,-251,-251,4,2
LMR,9,4,8,8,4,-5336,0,0,0,0,1,327,328,327,327,337,311,15,17
LMR,9,4,8,7,10,-5797,0,0,0,0,1,327,328,327,327,328,327,10,5
LMR,9,3,8,7,12,-12918,0,0,0,0,1,327,328,327,327,328,292,8,18
LMR,9,2,8,8,14,-15867,0,0,0,0,1,327,328,327,327,337,337,3,5
LMR,11,6,10,9,6,7403,0,1,0,0,1,-328,-327,-328,-304,-327,-336,14,121
LMR,6,3,5,6,3,549,0,0,0,0,0,-355,-354,-409,-370,-354,-352,12,18
LMR,7,1,6,6,4,-5468,0,1,0,0,0,354,355,345,460,370,352,2,33
LMR,7,1,6,6,12,-8604,0,1,0,0,0,354,355,352,460,402,342,2,19
LMR,3,1,2,2,5,-7592,0,1,0,0,0,-328,-327,-336,-264,-315,-287,2,5
LMR,4,1,3,4,2,10429,0,1,0,0,0,-328,-327,-328,-234,-161,-262,1,3
LMR,8,2,7,8,3,10166,0,1,0,0,0,-328,-327,-328,-232,-265,-327,2,31
LMR,3,1,2,3,6,-10860,0,1,0,1,0,-345,-344,-410,-149,-288,-298,4,4
LMR,5,1,4,5,2,-5274,0,1,0,0,0,-87,-86,-109,-1858,601,342,2,1
LMR,4,1,3,3,2,6201,0,1,0,0,0,-328,-327,-369,-218,-327,-314,2,6
LMR,5,1,4,4,9,-16890,0,1,0,1,0,-328,-327,-328,-364,-315,-315,4,4
LMR,6,1,5,5,4,-3571,0,0,0,0,0,327,328,316,292,364,317,3,28
LMR,6,1,5,5,7,-9571,0,0,0,0,0,327,328,317,292,328,331,3,12
LMR,6,1,5,6,2,8208,0,1,0,0,0,-328,-327,-427,-94,-327,-330,3,76
LMR,6,1,5,6,4,2531,0,1,0,0,0,-328,-327,-330,-94,-195,-242,1,4
LMR,4,2,3,3,4,1850,0,0,0,0,1,354,355,354,330,369,330,3,11
LMR,4,1,3,4,4,-2152,0,1,0,0,1,-355,-354,-388,-358,-330,-354,1,25
LMR,3,1,2,2,4,-4365,0,1,0,0,0,-330,-329,-347,-150,-314,-282,2,8
LMR,4,1,3,2,3,6759,0,1,0,0,0,-324,-323,-326,-225,-323,-323,5,3
LMR,6,1,5,5,2,2618,0,1,0,0,0,-328,-327,-376,-186,-325,-324,9,14
LMR,4,1,3,4,2,-1276,0,1,0,0,0,-151,-150,-301,-155,349,202,0,1
LMR,4,1,3,4,4,7330,0,0,0,0,0,150,151,-37,-183,216,224,6,6
LMR,5,1,4,5,3,-588,0,1,0,0,0,-328,-327,-1128,-297,-276,-276,1,7
LMR,9,1,8,9,2,3192,0,1,1,0,0,-328,-327,-417,102,-321,-301,5,21
LMR,5,1,4,5,7,-8608,0,0,0,0,0,289,290,241,283,342,290,4,10
LMR,5,1,4,5,2,-3346,0,1,0,0,0,-290,-289,-362,-214,-269,-290,2,21
LMR,5,1,4,4,9,-3082,0,1,0,0,0,-290,-289,-290,-214,-256,-262,2,3
LMR,7,2,6,6,2,18992,0,1,0,0,0,-290,-289,-290,-16,-273,-273,1,3
LMR,3,1,2,3,4,328,0,1,0,0,0,-244,-243,-244,-159,-107,-194,5,1
LMR,4,1,3,3,3,-9069,0,1,0,0,0,339,340,327,321,341,340,4,11
LMR,4,1,3,3,5,-6615,0,1,0,0,0,-317,-316,-317,-280,-287,-267,1,4
LMR,3,1,2,3,3,-3502,0,0,0,0,0,289,290,192,312,330,505,0,2
LMR,6,4,5,6,2,-172,0,0,0,0,0,289,290,219,327,297,297,13,8
LMR,8,1,7,7,13,-15630,0,1,0,0,0,326,327,320,340,353,353,1,8
LMR,5,1,4,5,5,-2407,0,0,0,0,0,-327,-326,-402,-418,-239,-317,1,5
LMR,8,3,7,6,3,9454,0,1,0,0,1,326,327,326,418,327,349,10,21
LMR,6,1,5,5,31,-12486,0,1,0,0,0,326,327,322,342,345,419,3,15
LMR,5,1,4,5,2,13343,0,1,0,0,0,326,327,326,343,445,403,2,7
LMR,5,1,4,5,3,7074,0,1,0,0,0,-290,-289,-297,-194,-189,-248,1,9
LMR,5,1,4,5,3,-3464,0,1,0,0,0,-290,-289,-307,-402,615,-185,2,6
LMR,5,1,4,5,9,-6600,0,0,0,0,0,289,290,235,235,307,202,2,11
LMR,5,1,4,5,2,-5108,0,1,0,0,0,-290,-289,-383,-365,-235,-256,2,27
LMR,5,2,4,5,3,711,0,0,0,0,0,289,290,243,280,311,297,1,5
LMR,5,1,4,5,3,-7992,0,1,0,0,0,-290,-289,-389,-293,-280,-295,4,9
LMR,6,4,5,5,2,3592,0,0,1,0,0,289,290,261,347,293,295,8,26
LMR,9,3,8,9,2,17307,0,1,0,0,0,-290,-289,-294,-290,-176,-265,8,25
LMR,11,3,10,10,12,-6045,0,0,0,0,0,289,290,267,291,290,267,6,104
LMR,6,4,5,6,2,6564,0,0,0,0,0,289,290,224,164,290,298,6,4
LMR,8,1,7,7,16,-13691,0,1,0,0,0,-290,-289,-298,-294,-289,-224,6,23
LMR,9,6,8,9,2,7588,0,0,0,0,0,289,290,-217,81,294,231,13,40
LMR,12,5,11,11,2,5355,0,1,0,0,0,-290,-289,-295,-157,-267,-249,15,89
LMR,6,1,5,6,5,-6001,0,0,0,0,0,289,290,279,172,337,324,2,3
LMR,9,4,8,8,2,19819,0,1,0,0,0,-290,-289,-319,-71,-289,-289,12,21
LMR,6,1,5,6,11,-3262,0,1,1,0,0,-290,-289,-324,-236,-254,-253,3,11
LMR,7,1,6,7,2,19720,0,1,0,0,0,-290,-289,-290,-185,-184,-289,6,21
LMR,5,1,4,3,5,-11614,0,0,0,0,0,289,290,289,308,290,290,1,4
LMR,8,3,7,8,2,16646,0,1,0,0,0,-290,-289,-290,-90,-223,-281,3,17
LMR,7,3,6,6,4,-7469,0,0,0,0,0,289,290,282,267,325,325,4,8
LMR,8,1,7,7,11,-10022,0,1,0,0,0,-290,-289,-290,-148,-267,-320,6,19
LMR,8,1,7,6,17,-11942,0,1,0,0,0,-290,-289,-290,-148,-289,-259,2,12
LMR,5,1,4,5,4,-6018,0,1,0,0,0,-290,-289,-304,-137,-209,-269,2,7
LMR,8,1,7,7,10,-10324,0,1,0,0,0,-290,-289,-296,-296,-246,-289,2,18
LMR,10,2,9,9,6,-9119,0,0,0,0,0,289,290,281,208,296,289,2,31
LMR,7,1,6,7,5,-13411,0,1,0,0,0,-290,-289,-310,-302,-102,-223,1,5
LMR,7,1,6,7,2,7725,0,1,0,0,0,-290,-289,-297,-91,-230,-274,2,18
LMR,8,1,7,7,2,5990,0,1,0,0,0,-290,-289,-297,-133,-262,-290,2,14
LMR,8,1,7,7,3,-2865,0,1,0,0,0,-290,-289,-290,-133,-268,-290,2,21
LMR,8,1,7,7,4,-2647,0,1,0,0,0,-290,-289,-290,-133,-280,-289,2,21
LMR,5,1,4,4,9,-11238,0,1,0,0,0,-290,-289,-293,-211,-273,-216,1,11
LMR,7,1,6,7,3,-2245,0,1,0,0,0,-290,-289,-313,-84,-255,-256,3,41
LMR,10,1,9,10,12,-2379,0,1,1,0,0,-290,-289,-315,-216,-221,-289,2,134
LMR,3,1,2,2,4,-7709,0,1,0,0,0,-290,-289,-290,-182,-265,-273,1,3
LMR,5,1,4,3,2,11433,0,1,0,0,0,-290,-289,-291,-265,-289,-289,4,3
LMR,3,1,2,3,4,-6766,0,1,0,0,0,-246,-245,-272,-193,-199,-232,1,8
LMR,4,1,3,3,5,-12228,0,0,0,0,0,289,290,289,330,312,308,1,1
LMR,8,3,7,7,2,8853,0,1,0,1,0,-290,-289,-304,-173,-257,-257,4,4
LMR,4,2,3,4,2,4710,0,1,0,0,1,-327,-326,-521,-252,-302,-301,10,10
LMR,5,3,4,4,2,-5682,0,1,0,0,1,-349,-348,-349,-341,-330,-331,6,6
LMR,10,2,9,10,3,-7622,0,1,0,1,0,-290,-289,-330,60,-154,-154,5,5
LMR,5,1,4,5,2,-2248,0,1,1,1,0,-290,-289,-761,-294,-232,-232,5,5
LMR,12,5,11,12,3,4481,0,1,0,0,0,-290,-289,-307,104,-165,-241,1,48
LMR,8,1,7,8,3,-14630,0,1,0,1,0,-290,-289,-361,-376,-17,-65,1,1
LMR,8,3,7,8,3,-11654,0,0,0,0,0,289,290,110,70,337,304,7,12
LMR,11,1,10,10,4,-13869,0,1,0,1,0,-290,-289,-300,-151,-272,-297,4,30
LMR,8,1,7,8,3,-10519,0,1,0,0,0,-290,-289,-335,-94,-116,-228,1,8
LMR,5,1,4,5,4,-7929,0,1,0,0,0,-290,-289,-290,-110,-79,-116,1,1
LMR,10,2,9,10,4,-16574,0,0,0,0,0,289,290,234,157,308,296,15,47
LMR,11,1,10,10,5,-11469,0,1,0,1,0,-290,-289,-297,-151,-256,-295,3,88
LMR,4,1,3,4,2,20146,0,1,0,0,0,289,290,234,208,290,290,10,20
LMR,5,1,4,5,2,13285,0,1,0,0,0,289,290,261,559,326,290,1,18
LMR,12,8,11,10,4,-7393,0,0,0,0,1,289,290,289,327,290,290,521,0
LMR,5,1,4,5,4,-2473,0,1,0,0,0,326,327,322,437,1052,347,2,6
LMR,3,1,2,3,2,4976,0,1,0,0,0,446,447,368,496,542,492,3,8
LMR,3,1,2,3,3,-8917,0,1,0,0,0,-290,-289,-303,-231,-158,-273,1,1
LMR,4,2,3,4,2,9150,0,1,0,0,1,-312,-311,-437,-332,-275,-281,2,1
LMR,5,1,4,4,2,-4203,0,1,0,0,0,-113,-112,-163,-69,-110,-99,3,9
LMR,3,1,2,3,2,676,0,1,1,0,0,-113,-112,-173,-33,101,-98,1,2
LMR,3,1,2,3,2,2354,0,1,0,0,0,-113,-112,-160,-39,-96,-97,2,8
LMR,3,1,2,2,7,-17395,0,1,0,0,0,-297,-296,-326,-361,-296,-296,3,4
LMR,3,1,2,3,2,-12071,0,1,0,0,0,-275,-274,-347,-395,-106,-232,0,1
LMR,5,1,4,5,2,2115,0,1,0,0,1,-345,-344,-696,-438,-298,-307,3,5
LMR,6,1,5,5,4,-8825,0,1,0,0,0,-290,-289,-290,-159,-262,-298,1,18
LMR,6,1,5,5,6,-6199,0,1,0,0,0,-290,-289,-290,-159,-273,-310,3,9
LMR,4,1,3,3,2,4226,0,1,0,0,0,-290,-289,-319,-240,-280,-289,1,3
LMR,11,7,10,9,2,13310,0,1,0,0,1,-290,-289,-290,-323,-289,-289,15,24
LMR,9,3,8,9,2,16255,0,1,0,0,0,-290,-289,-526,-124,-268,-264,9,22
LMR,3,1,2,2,4,6232,0,1,0,0,0,-282,-281,-297,-314,-281,-281,16,8
LMR,3,1,2,2,3,1049,0,1,0,0,0,-257,-256,-274,-268,-256,-256,20,6
LMR,5,1,4,5,2,9375,0,1,0,0,0,290,291,258,398,363,332,3,7
LMR,3,1,2,3,3,-1276,0,1,0,0,0,-239,-238,-417,-456,-218,-221,1,4
LMR,3,1,2,3,3,632,0,0,1,0,0,238,239,191,116,456,225,2,8
LMR,3,1,2,2,2,-7720,0,1,0,0,0,238,239,231,309,248,238,4,8
LMR,6,3,5,5,3,5781,0,0,0,0,0,-239,-238,-254,-302,-238,-238,19,21
LMR,7,1,6,6,4,-12442,0,1,0,0,1,238,239,238,328,256,238,4,10
LMR,3,1,2,2,3,-7363,0,1,0,0,0,238,239,238,265,271,265,1,2
LMR,4,1,3,3,8,-7374,0,1,0,0,1,238,239,238,328,250,258,2,9
LMR,7,1,6,6,6,-12792,0,1,0,0,1,238,239,238,340,267,238,2,14
LMR,7,1,6,7,7,-3129,0,1,0,0,1,238,239,238,340,349,289,2,11
LMR,8,1,7,8,2,-1233,0,1,0,0,0,238,239,170,407,463,394,1,6
LMR,6,1,5,6,25,-14999,0,1,0,0,0,238,239,211,425,469,429,1,2
LMR,4,1,3,4,3,6579,0,1,0,0,0,238,239,238,79,401,239,2,11
LMR,5,1,4,4,2,12591,0,1,0,0,0,238,239,210,385,243,238,11,21
LMR,3,1,2,3,2,8927,0,0,0,0,0,-239,-238,-453,-287,-233,-233,7,5
LMR,5,1,4,4,5,3252,0,1,0,0,0,238,239,238,385,252,238,2,27
LMR,5,1,4,3,18,-13811,0,1,0,0,0,238,239,238,385,239,307,3,4
LMR,5,1,4,4,3,-7297,0,1,0,0,0,238,239,238,380,269,239,1,26
LMR,5,1,4,5,3,-8565,0,1,0,0,0,238,239,238,378,295,239,2,12
LMR,7,1,6,7,4,2218,0,1,0,0,0,238,239,210,504,303,238,1,19
LMR,7,1,6,7,5,-13242,0,1,0,0,0,238,239,238,504,436,269,1,5
LMR,4,1,3,3,3,10843,0,1,0,0,0,-233,-232,-239,-152,-195,-202,2,5
LMR,3,1,2,2,4,-7460,0,1,0,0,1,225,226,225,282,243,240,2,2
LMR,3,1,2,2,2,-8265,0,1,0,0,0,-294,-293,-304,-229,-253,-249,4,3
LMR,3,1,2,3,2,14449,0,1,0,0,0,-297,-296,-297,-79,-241,-248,2,1
LMR,3,1,2,3,2,10169,0,1,0,0,0,-268,-267,-327,-217,-81,-114,1,1
LMR,3,1,2,2,3,-6425,0,1,0,0,0,303,304,303,353,317,313,2,3
LMR,5,1,4,4,4,265,0,1,0,0,0,266,267,259,420,305,314,2,5
LMR,3,1,2,2,2,3548,0,1,0,0,0,-278,-277,-278,-184,-228,-239,1,2
LMR,3,1,2,2,2,5594,0,1,0,0,0,274,275,274,401,319,311,3,2
LMR,5,1,4,5,2,17570,0,1,0,0,0,266,267,230,362,386,267,1,2
LMR,4,1,3,4,5,-7121,0,1,0,0,0,358,359,357,496,424,412,1,3
LMR,4,1,3,4,12,-16591,0,1,0,0,0,-279,-278,-299,77,-222,-278,1,4
LMR,3,1,2,2,2,-5175,0,1,0,0,0,-296,-295,-313,-291,-295,-295,7,9
LMR,3,1,2,2,3,10965,0,1,0,0,0,-282,-281,-313,-297,-281,-281,2,4
LMR,4,1,3,3,5,-3767,0,0,0,0,0,267,268,235,293,270,228,1,5
LMR,3,1,2,2,5,-3411,0,0,0,0,0,217,218,206,258,239,239,4,4
LMR,8,5,7,8,2,21563,0,1,0,0,1,-268,-267,-863,-356,-261,-267,15,27
LMR,10,6,9,9,16,2294,0,0,0,0,1,267,268,267,289,311,267,8,46
LMR,4,1,3,3,4,-641,0,1,0,0,0,-111,-110,-123,-48,-94,-93,3,4
LMR,7,1,6,7,3,-1502,0,1,0,0,0,-268,-267,-327,-130,-168,-224,1,10
LMR,3,1,2,3,3,8568,0,1,0,0,0,-268,-267,-333,-118,-145,-246,1,1
LMR,3,1,2,3,2,-8793,0,1,0,0,0,-292,-291,-432,-278,-291,-291,3,11
LMR,3,1,2,3,2,751,0,1,0,0,1,-298,-297,-318,-247,-262,-268,2,3
LMR,3,1,2,3,3,5379,0,1,0,0,1,-308,-307,-530,-228,-257,-266,1,1
LMR,3,1,2,3,2,-3853,0,1,0,0,0,-296,-295,-336,-142,-269,-295,1,9
LMR,5,1,4,4,2,4261,0,1,0,0,0,-289,-288,-325,-95,-288,-222,6,7
LMR,5,1,4,5,6,-10818,0,0,0,0,0,288,289,221,199,404,384,3,6
LMR,6,1,5,5,2,10012,0,1,0,0,0,-289,-288,-295,-190,-244,-368,2,14
LMR,6,1,5,6,3,8545,0,1,0,0,0,-289,-288,-295,-190,-216,-239,1,5
LMR,3,1,2,3,2,39393,0,1,0,0,0,-289,-288,-304,-315,-229,-268,1,3
LMR,8,3,7,7,5,-2238,0,0,0,0,0,288,289,288,283,325,325,4,9
LMR,3,1,2,3,2,7708,0,1,0,0,0,288,289,226,300,400,381,3,4
LMR,8,6,7,7,33,-16762,1,0,0,0,1,288,316,288,267,301,301,53,0
LMR,6,1,5,6,2,-9089,0,1,0,0,0,-289,-288,-471,-195,-98,-281,1,2
LMR,5,1,4,5,2,13642,0,1,0,0,0,-289,-288,-384,-319,-273,-266,3,9
LMR,4,1,3,4,3,-4923,0,0,0,0,0,288,289,212,177,681,568,1,3
LMR,4,1,3,4,2,3710,0,1,0,0,0,-289,-288,-315,-217,-253,-512,2,7
LMR,5,1,4,5,2,12503,0,1,0,0,0,-289,-288,-329,-248,-257,-289,2,21
LMR,9,1,8,8,15,-12985,0,1,0,0,0,-289,-288,-289,-117,-243,-271,1,17
LMR,5,1,4,4,2,19764,0,1,0,0,0,-289,-288,-305,-185,-262,-226,1,6
LMR,4,1,3,4,2,12424,0,1,0,0,0,-289,-288,-329,-179,-201,-208,2,4
LMR,5,1,4,5,2,13932,0,1,0,0,0,-289,-288,-318,-156,-241,-263,1,12
LMR,6,1,5,5,4,-6518,0,0,0,0,0,111,112,97,85,135,149,2,10
LMR,7,1,6,7,2,8211,0,1,0,0,0,-289,-288,-300,-45,-132,-251,2,4
LMR,4,1,3,4,2,32156,0,1,0,0,0,-289,-288,-314,-112,-148,-267,1,3
LMR,5,1,4,4,22,-12743,0,1,0,0,0,-300,-299,-311,-89,-290,-300,1,11
LMR,10,4,9,10,12,-2351,0,0,0,0,0,288,289,221,31,289,289,9,27
LMR,9,4,8,9,2,3536,0,0,0,0,0,288,289,255,288,309,309,8,18
LMR,11,6,10,9,3,19252,0,1,0,0,0,-289,-288,-289,-152,-288,-307,38,43
LMR,13,11,12,12,2,4351,0,0,0,0,0,288,289,243,278,289,289,168,82
LMR,4,1,3,3,6,-7612,0,1,0,0,0,-289,-288,-300,-206,-279,-274,3,7
LMR,6,1,5,6,2,-1809,0,1,0,0,0,-289,-288,-301,-120,-209,-209,1,2
LMR,4,1,3,4,3,-5094,0,1,0,0,0,-229,-228,-280,-130,-221,-228,3,14
LMR,12,7,11,10,2,8748,0,1,0,0,1,-289,-288,-289,-89,-288,-288,85,49
LMR,6,1,5,6,2,16737,0,1,0,0,0,-289,-288,-289,-112,-207,-288,3,14
LMR,5,1,4,5,2,4977,0,1,0,0,0,-289,-288,-443,-195,-264,-268,4,11
LMR,5,1,4,5,2,8268,0,1,0,0,0,-300,-299,-315,-318,-244,-298,3,7
LMR,3,1,2,3,2,8704,0,1,0,0,0,-202,-201,-271,-98,-189,-193,3,7
LMR,3,1,2,3,2,6560,0,1,0,0,0,-297,-296,-359,-157,-285,-296,2,15
LMR,5,1,4,5,12,-1276,0,0,0,0,0,288,289,267,269,335,327,2,3
LMR,6,1,5,6,4,-15826,0,1,0,0,0,-289,-288,-320,-131,-265,-265,2,10
LMR,7,4,6,7,2,33627,0,1,0,0,0,-289,-288,-367,-131,-280,-268,15,53
LMR,3,1,2,3,2,-2492,0,1,0,0,0,-289,-288,-466,-212,-191,-208,1,2
LMR,4,1,3,4,2,13722,0,1,0,0,0,-289,-288,-308,-323,-178,-197,1,4
LMR,12,8,11,10,7,-5391,0,0,0,0,1,288,289,288,185,290,290,9,7
LMR,6,1,5,5,2,15977,0,1,0,0,0,315,316,293,451,316,338,4,27
LMR,6,1,5,5,8,-8336,0,1,0,0,0,391,392,376,358,406,399,3,10
LMR,6,1,5,6,4,-7372,0,0,0,0,0,-316,-315,-391,-448,-230,-296,8,19
LMR,8,1,7,6,15,-10111,0,1,0,0,0,315,316,310,530,316,298,3,33
LMR,11,5,10,10,2,4491,0,1,0,0,0,315,316,315,412,361,355,4,11
LMR,4,1,3,4,8,-10634,0,1,0,0,0,315,316,281,321,417,378,1,4
LMR,6,1,5,5,4,-5744,0,1,0,0,0,315,316,310,480,318,365,1,18
LMR,4,2,3,4,2,1406,0,0,0,0,0,-244,-243,-276,-140,-208,-232,1,1
LMR,5,1,4,4,7,-8729,0,1,0,0,1,243,244,234,288,249,214,2,3
LMR,5,1,4,4,7,-12844,0,1,0,0,1,245,246,238,379,246,248,4,16
LMR,3,1,2,3,2,18099,0,1,0,0,0,245,246,222,290,283,276,2,3
LMR,4,1,3,4,3,-1478,0,1,0,0,0,237,238,222,242,618,406,2,3
LMR,3,1,2,3,2,13513,0,1,0,0,0,259,260,229,407,621,312,1,1
LMR,5,1,4,3,2,22818,0,1,0,0,0,315,316,312,364,316,336,5,6
LMR,3,1,2,3,2,5171,0,1,0,0,0,315,316,297,425,378,367,1,1
LMR,5,2,4,5,6,-612,0,0,0,0,1,-358,-357,-442,-448,-356,-356,1,2
LMR,5,1,4,5,3,-15826,0,1,0,0,1,357,358,331,408,448,356,2,11
LMR,6,1,5,6,5,-4381,0,0,0,0,0,-316,-315,-475,-697,-297,-312,7,9
LMR,7,2,6,6,2,20683,0,1,0,0,0,315,316,312,613,325,313,3,9
LMR,7,1,6,5,5,-508,0,1,0,0,0,315,316,313,613,316,316,3,10
LMR,4,1,3,2,2,4008,0,0,0,0,0,-316,-315,-320,-578,-315,-315,6,4
LMR,5,1,4,5,3,4048,0,1,0,0,0,315,316,315,453,383,333,4,4
LMR,5,1,4,5,6,-10280,0,0,0,0,0,-316,-315,-354,-287,-134,-264,1,3
LMR,4,1,3,3,12,-4999,0,1,0,0,0,315,316,305,326,323,322,2,4
LMR,8,1,7,8,14,-14209,0,1,0,0,0,315,316,315,315,420,316,1,38
LMR,9,5,8,9,3,-695,0,0,0,0,0,-316,-315,-480,-433,-315,-316,14,64
LMR,4,1,3,3,4,10397,0,1,0,0,0,325,326,305,345,326,335,3,6
LMR,4,1,3,3,3,-742,0,1,0,0,0,355,356,331,405,383,356,3,9
LMR,4,1,3,3,4,-2620,0,1,0,0,0,-293,-292,-293,-231,-274,-279,2,10
LMR,5,2,4,4,6,-10512,0,1,0,0,1,292,293,290,326,308,308,4,7
LMR,5,1,4,3,10,-4893,0,0,0,0,0,-289,-288,-289,-224,-288,-288,6,4
LMR,5,1,4,3,3,3230,0,1,0,0,0,-289,-288,-289,-177,-286,-289,2,16
LMR,5,1,4,3,12,-5452,0,1,0,0,0,-289,-288,-289,-177,-288,-288,9,11
LMR,4,1,3,3,2,4577,0,1,0,0,0,307,308,288,510,308,309,2,4
LMR,5,1,4,5,4,-10658,0,1,0,1,0,329,330,329,460,417,417,4,4
LMR,5,1,4,5,3,-4253,0,1,0,0,0,304,305,301,515,397,376,2,3
LMR,4,1,3,3,4,-4031,0,0,0,0,0,-315,-314,-319,-322,-298,-305,2,4
LMR,5,1,4,5,2,2471,0,1,1,0,0,567,568,495,198,682,682,3,5
LMR,3,1,2,3,2,20598,0,1,0,0,0,327,328,257,360,336,337,2,5
LMR,6,1,5,6,21,-15932,0,1,0,0,0,348,349,348,466,433,418,1,12
LMR,5,1,4,5,2,7000,0,1,0,0,0,348,349,327,493,428,414,1,2
LMR,7,3,6,7,3,-2943,0,0,0,0,0,-349,-348,-419,-356,-322,-329,8,25
LMR,8,3,7,8,2,8889,0,1,0,0,0,348,349,331,377,391,349,3,0
LMR,5,1,4,4,2,3055,0,1,0,0,0,393,394,364,391,411,399,3,5
LMR,3,1,2,2,8,-4579,0,1,0,0,0,305,306,302,301,342,346,5,5
LMR,8,3,7,7,6,-4910,0,0,0,0,0,-349,-348,-367,-479,-342,-345,25,24
LMR,9,2,8,9,3,806,0,1,0,0,0,348,349,309,505,490,349,1,3
LMR,11,5,10,11,3,3593,0,1,0,0,0,348,349,348,516,404,349,3,20
LMR,3,1,2,3,2,20613,0,1,0,0,0,343,344,268,351,344,344,4,4
LMR,3,1,2,3,2,4086,0,1,0,0,0,358,359,318,421,393,366,2,5
LMR,3,1,2,3,4,-4743,0,1,0,0,0,353,354,342,437,461,513,2,2
LMR,4,1,3,4,2,10937,0,1,0,0,0,364,365,281,363,365,365,5,9
LMR,5,1,4,5,3,1465,0,0,0,0,0,-527,-526,-542,-587,-474,-496,5,16
LMR,7,1,6,6,7,-1324,0,1,0,0,0,373,374,365,480,377,367,1,17
LMR,7,4,6,7,2,-2648,0,0,0,0,0,-374,-373,-461,-479,-370,-370,7,11
LMR,7,1,6,7,23,-13847,0,1,0,0,0,373,374,373,480,479,370,1,20
LMR,12,5,11,11,23,-18094,0,1,0,0,1,373,374,373,511,394,411,6,17
LMR,3,1,2,3,2,-1892,0,1,0,0,0,393,394,338,468,624,501,1,1
LMR,6,3,5,5,2,30886,0,1,0,0,0,407,408,402,593,414,414,2,5
LMR,3,1,2,3,4,-13323,0,1,0,0,0,339,340,309,366,929,646,0,4
LMR,3,1,2,3,2,8619,0,1,0,0,0,339,340,276,434,393,366,1,3
LMR,4,1,3,4,2,-3310,0,1,0,0,0,339,340,23,531,351,359,2,22
LMR,4,1,3,3,2,28020,0,1,0,0,0,453,454,442,411,454,454,1,5
LMR,3,1,2,3,2,6725,0,1,0,0,0,-454,-453,-509,-495,-393,-404,2,3
LMR,5,1,4,5,3,-16190,0,1,0,0,0,401,402,401,484,659,426,1,1
LMR,3,1,2,3,2,2347,0,0,0,0,0,-402,-401,-455,-573,-401,-401,6,11
LMR,4,1,3,3,2,-8643,0,1,0,0,0,401,402,401,417,429,424,2,4
LMR,6,1,5,5,6,-24178,0,1,0,0,0,401,402,396,454,423,409,2,7
LMR,6,4,5,6,2,9900,0,1,0,0,1,401,402,398,443,462,455,7,7
LMR,4,1,3,4,3,19904,0,1,0,0,0,401,402,390,441,513,489,2,5
LMR,6,1,5,6,2,-13986,0,1,0,0,1,401,402,401,425,482,467,2,5
LMR,4,1,3,2,5,9509,0,1,0,0,0,404,405,404,607,405,405,3,4
LMR,3,1,2,3,2,17174,0,1,0,0,0,423,424,366,459,427,424,4,11
LMR,4,1,3,3,2,13355,0,1,0,0,0,401,402,401,425,451,451,1,1
LMR,5,1,4,4,9,-9430,0,1,0,0,1,474,475,465,506,495,498,4,6
LMR,3,1,2,3,2,4899,0,1,0,0,1,412,413,318,525,433,433,1,2
LMR,7,1,6,6,3,-11675,0,0,0,0,0,-421,-420,-421,-481,-404,-449,5,6
LMR,4,1,3,3,2,11012,0,1,0,0,0,429,430,410,476,460,500,1,2
LMR,13,9,12,13,18,-17066,0,0,0,0,1,-421,-420,-421,-485,-355,-420,10,66
LMR,3,1,2,2,4,1167,0,0,0,0,0,275,276,275,222,313,313,2,3
LMR,4,1,3,3,2,-63,0,1,0,0,0,-276,-275,-303,32002,-275,-255,3,10
LMR,3,1,2,2,5,-4211,0,1,0,0,0,284,285,262,391,302,284,2,14
LMR,3,1,2,2,8,-552,0,1,0,0,0,-290,-289,-306,-144,-283,-284,2,8
LMR,3,1,2,2,2,21060,0,1,0,0,0,441,442,421,435,468,463,1,1
LMR,6,1,5,6,2,-1276,0,1,0,0,0,-384,-383,-460,-288,-359,-383,2,11
LMR,8,2,7,6,19,-14733,0,0,0,0,0,383,384,383,388,390,390,3,3
LMR,9,2,8,9,2,-4268,0,1,0,0,0,-384,-383,-389,-396,-312,-382,1,8
LMR,5,1,4,5,6,5141,0,1,0,0,0,-207,-206,-226,-177,-112,-129,1,4
LMR,8,1,7,8,2,3906,0,1,0,0,0,-384,-383,-504,-167,-367,-351,1,17
LMR,6,1,5,6,2,4911,0,1,0,0,0,-272,-271,-379,-110,-173,-214,1,4
LMR,8,1,7,8,2,3649,0,1,0,0,0,-384,-383,-437,-73,-298,-298,1,7
LMR,8,1,7,8,2,-11234,0,1,0,0,0,-384,-383,-977,-25,-183,-322,1,4
LMR,6,1,5,6,4,-12254,0,0,0,0,0,383,384,305,317,760,414,3,3
LMR,6,1,5,6,4,-13156,0,1,0,0,0,-384,-383,-488,-104,-317,-409,1,12
LMR,6,1,5,5,6,-16173,0,1,0,1,0,-384,-383,-409,-104,-383,-381,6,13
LMR,4,1,3,3,22,-813,0,1,1,0,0,-384,-383,-384,-225,-369,-390,1,5
LMR,7,3,6,7,2,-1629,0,0,0,0,0,383,384,258,161,384,384,27,14
LMR,8,3,7,7,2,21760,0,1,0,0,0,-384,-383,-384,-212,-335,-340,2,7
LMR,4,1,3,4,3,10782,0,1,0,0,0,-300,-299,-337,-271,-280,-283,1,4
LMR,4,1,3,3,2,14112,0,1,0,0,0,267,268,261,367,276,273,3,8
LMR,3,1,2,3,2,4884,0,1,1,0,0,-267,-266,-267,-282,20,-149,0,3
LMR,3,1,2,3,3,5238,0,1,0,0,1,-281,-280,-380,-202,-272,-248,2,5
LMR,3,1,2,3,2,6019,0,1,0,0,1,-275,-274,-413,-226,-261,-253,1,5
LMR,3,1,2,3,8,-7070,0,1,0,0,0,-274,-273,-325,-144,-259,-273,2,8
LMR,3,1,2,3,8,-9302,0,1,0,0,0,-274,-273,-372,-150,-265,-274,2,5
LMR,6,1,5,6,3,-6011,0,1,0,0,0,-359,-358,-431,-254,-281,-358,1,13
LMR,8,5,7,8,2,4079,0,0,0,0,0,358,359,-641,70,384,384,11,8
LMR,9,3,8,8,3,17830,0,1,0,0,0,-359,-358,-381,-141,-352,-352,7,17
LMR,5,1,4,5,2,13521,0,1,0,0,0,-270,-269,-376,-90,-177,-181,1,1
LMR,4,1,3,4,2,13218,0,1,0,0,0,-316,-315,-392,-65,-281,-289,3,22
LMR,4,1,3,3,3,10567,0,1,0,0,0,-353,-352,-364,-187,-315,-334,2,4
LMR,3,1,2,2,2,1207,0,1,0,0,0,-240,-239,-291,-140,-239,-239,2,3
LMR,5,1,4,4,6,-8987,0,1,0,0,0,-359,-358,-375,-375,-358,-358,8,11
LMR,6,2,5,5,8,-4061,0,0,0,0,0,358,359,354,309,375,358,2,24
LMR,6,1,5,5,15,-12483,0,0,0,1,0,358,359,338,252,380,359,9,6
LMR,7,1,6,6,2,1795,0,1,1,0,0,-359,-358,-359,-272,-341,-298,3,12
LMR,4,2,3,4,3,11641,0,0,0,0,0,358,359,358,265,804,359,2,21
LMR,4,1,3,4,2,-5835,0,1,0,0,0,-359,-358,-441,-309,-358,-333,3,9
LMR,8,1,7,7,5,-1805,0,1,0,0,0,-359,-358,-359,-249,-350,-350,5,28
LMR,5,1,4,5,2,-956,0,1,0,0,0,-359,-358,-434,-249,-322,-326,1,10
LMR,12,6,11,11,2,13662,0,1,0,0,0,-359,-358,-359,-139,-319,-350,5,85
LMR,4,1,3,4,2,31524,0,1,0,0,0,-297,-296,-297,-91,-132,-247,1,4
LMR,5,1,4,5,2,-74,0,1,0,0,0,-359,-358,-371,-183,-316,-358,4,9
LMR,3,1,2,3,2,17067,0,1,0,0,0,-275,-274,-346,-256,-251,-251,1,7
LMR,3,1,2,3,2,-10184,0,0,0,0,0,181,182,59,390,1116,595,0,1
LMR,5,1,4,5,3,-8440,0,1,0,1,0,-359,-358,-466,-576,31992,31992,0,0
LMR,5,2,4,5,4,2822,0,0,0,0,0,358,359,221,82,466,-31992,7,3
LMR,6,4,5,6,3,11668,0,0,0,0,0,358,359,285,269,523,404,2,1
LMR,6,1,5,6,2,-3694,0,1,0,0,0,-359,-358,-577,-122,-269,-397,2,6
LMR,6,1,5,5,15,-9351,0,1,0,1,0,-359,-358,-367,-122,-319,-348,6,7
LMR,3,1,2,2,5,-6754,0,1,0,0,0,-224,-223,-258,-224,-223,-223,13,9
LMR,4,1,3,4,2,-5275,0,1,0,0,1,-312,-311,-512,-257,-296,-311,2,9
LMR,4,1,3,4,7,-7203,0,1,0,0,0,-291,-290,-396,-168,-284,-290,1,12
LMR,5,1,4,5,4,-2939,0,1,0,0,0,-210,-209,-882,105,-93,-204,1,7
LMR,3,1,2,2,4,-10063,0,1,0,0,0,400,401,400,411,409,407,2,3
LMR,4,1,3,3,5,-10251,0,1,0,0,0,-274,-273,-274,-236,-244,-241,4,6
LMR,4,1,3,2,2,5441,0,1,0,0,0,-276,-275,-276,-271,-269,-271,4,8
LMR,3,1,2,3,7,-8820,0,1,0,0,0,-275,-274,-379,-173,-273,-273,2,6
LMR,3,1,2,3,3,-4,0,1,0,0,1,-283,-282,-381,-229,-248,-248,2,5
LMR,3,1,2,3,2,2444,0,1,0,0,1,-277,-276,-414,-254,-253,-257,2,5
LMR,10,7,9,10,3,7492,0,0,0,0,0,358,359,232,64,359,359,40,27
LMR,11,5,10,9,2,15808,0,1,0,0,0,-359,-358,-359,-217,-358,-350,20,37
LMR,4,1,3,2,3,-600,0,1,0,0,0,358,359,358,416,365,462,0,2
LMR,12,5,11,10,24,-18023,0,0,0,0,1,358,359,358,267,364,366,12,30
LMR,8,2,7,7,2,23778,0,1,0,0,0,358,359,338,564,383,383,1,6
LMR,3,1,2,2,4,-9538,0,0,0,0,0,-359,-358,-401,-368,-348,-385,3,6
LMR,4,1,3,3,2,28439,0,1,0,0,0,358,359,356,596,368,366,3,14
LMR,5,1,4,5,4,21375,0,1,0,0,0,369,370,367,570,464,464,1,2
LMR,5,1,4,5,4,-2967,0,0,0,0,0,-383,-382,-416,-458,-355,-360,2,8
LMR,3,1,2,3,2,358,0,1,0,0,0,358,359,287,331,386,359,1,5
LMR,5,1,4,4,10,-11064,0,1,0,1,1,-359,-358,-359,-290,-336,-359,4,14
LMR,5,1,4,3,12,-1801,0,1,0,0,1,-359,-358,-359,-290,-354,-358,4,16
LMR,3,1,2,2,2,5214,0,0,0,0,0,324,325,305,290,325,325,4,2
LMR,7,3,6,7,2,18564,0,1,0,0,0,-325,-324,-325,-311,-252,-253,4,11
LMR,5,2,4,5,2,26159,0,1,0,0,0,-270,-269,-370,-83,-179,-190,1,2
LMR,5,3,4,5,19,-1131,0,1,1,0,1,-405,-404,-422,-279,-262,-326,3,9
LMR,3,1,2,3,2,1659,0,0,0,0,0,145,146,3,161,146,146,6,7
LMR,4,1,3,4,2,2438,0,1,0,0,0,-287,-286,-333,-56,-235,-286,2,6
LMR,4,1,3,4,2,14738,0,1,0,0,0,-353,-352,-380,-186,-282,-334,1,3
LMR,4,1,3,3,2,11832,0,1,0,0,0,-284,-283,-287,-39,-279,-283,1,6
LMR,6,1,5,5,4,-6075,0,1,0,0,0,-325,-324,-327,-297,-303,-280,2,4
LMR,4,1,3,3,2,20679,0,1,0,0,0,-325,-324,-325,-201,-280,-282,2,7
LMR,4,2,3,3,5,-5138,0,1,0,0,1,-378,-377,-406,-334,-372,-371,4,4
LMR,3,1,2,3,2,-17066,0,1,0,0,0,-325,-324,-371,-55,-254,-222,2,2
LMR,4,1,3,3,3,1236,0,1,0,0,1,-314,-313,-338,-250,-311,-311,3,4
LMR,4,1,3,4,6,-4731,0,1,0,0,0,-276,-275,-368,-151,-275,-275,5,7
LMR,4,1,3,4,7,-3319,0,1,0,0,0,-276,-275,-378,-133,-273,-274,2,8
LMR,4,1,3,3,3,-1660,0,1,0,0,0,-274,-273,-274,-236,-241,-249,2,5
LMR,3,1,2,2,2,6172,0,1,1,0,0,-148,-147,-171,3,-125,-89,2,4
LMR,4,1,3,4,2,8900,0,1,1,0,0,-269,-268,-269,-197,-149,-193,0,9
LMR,4,1,3,2,3,1012,0,1,0,0,0,-277,-276,-277,-256,-270,-284,4,14
LMR,4,1,3,4,2,2486,0,1,0,0,1,-285,-284,-383,-197,-248,-285,4,11
LMR,7,3,6,7,2,27008,0,1,0,0,0,-325,-324,-325,-122,-234,-263,4,5
LMR,4,2,3,4,2,7044,0,1,0,0,1,-279,-278,-415,-235,-260,-287,4,8
LMR,4,1,3,3,3,1905,0,1,0,0,1,-279,-278,-287,-235,-274,-278,1,8
LMR,4,1,3,4,7,1657,0,1,0,0,0,-291,-290,-412,-175,-269,-290,1,4
LMR,3,1,2,2,3,-465,0,1,0,1,0,-325,-324,-325,-304,-301,-299,3,2
LMR,3,1,2,3,6,2446,0,1,0,0,0,-325,-324,-344,-302,32,-307,2,1
LMR,6,1,5,6,3,2497,0,1,0,0,0,-325,-324,-332,-134,-273,-324,2,25
LMR,5,1,4,5,3,2877,0,1,0,0,0,-325,-324,-325,-232,-96,-221,1,1
LMR,5,1,4,3,6,-983,0,1,0,0,0,-325,-324,-325,-202,-318,-295,2,4
LMR,5,1,4,5,3,8286,0,1,0,0,0,-325,-324,-328,-212,-215,-234,1,2
LMR,3,1,2,2,3,-7647,0,1,0,0,0,-333,-332,-385,-212,-332,-332,6,5
LMR,3,1,2,3,2,16460,0,1,0,0,0,-361,-360,-411,-115,-288,-301,2,2
LMR,7,1,6,7,3,-1343,0,1,0,0,0,-279,-278,-346,-74,-245,-218,1,10
LMR,9,1,8,9,4,-343,0,1,0,0,0,-279,-278,-348,28,-196,-225,1,20
LMR,5,1,4,5,2,-14052,0,1,0,0,0,-279,-278,-1352,-154,-139,-216,1,3
LMR,6,1,5,6,5,-7974,0,0,0,0,0,278,279,201,313,284,287,9,15
LMR,9,4,8,8,2,17521,0,1,0,0,0,-279,-278,-285,-11,-247,-195,2,7
LMR,3,1,2,3,2,10027,0,1,0,0,0,-316,-315,-680,-161,-287,-315,3,16
LMR,4,1,3,4,2,1712,0,1,0,0,0,-316,-315,-370,-69,-248,-315,1,24
LMR,8,1,7,8,2,6729,0,1,0,0,0,-279,-278,-316,-51,-229,-231,1,7
LMR,3,1,2,3,2,17758,0,1,0,0,0,-279,-278,-322,-294,-147,-246,2,4
LMR,4,1,3,3,8,-17066,0,1,0,1,0,-279,-278,-279,-128,-240,-247,4,5
LMR,4,1,3,3,2,10244,0,1,0,0,0,-281,-280,-286,-169,-272,-258,2,7
LMR,3,1,2,3,2,1430,0,1,0,0,0,-286,-285,-331,-37,-220,-279,2,5
LMR,4,1,3,2,2,6661,0,1,0,0,0,-284,-283,-287,-20,-283,-283,1,2
LMR,3,1,2,2,3,3352,0,1,0,0,1,-372,-371,-373,-334,-335,-352,4,6
LMR,5,1,4,5,2,18956,0,1,0,0,0,-279,-278,-303,-154,-245,-279,1,16
LMR,5,1,4,5,4,-20227,0,1,0,0,0,-279,-278,-279,-154,-219,-278,1,6
LMR,6,1,5,6,2,8177,0,1,0,0,0,-279,-278,-370,-156,-207,-207,4,8
LMR,8,1,7,8,3,2706,0,1,0,0,0,-279,-278,-286,-83,-225,-257,2,24
LMR,3,1,2,2,2,16804,0,1,0,0,0,-279,-278,-286,-142,-270,-270,1,1
LMR,4,1,3,4,3,805,0,1,0,0,0,-367,-366,-369,-225,-289,-355,2,4
LMR,4,2,3,4,2,8676,0,0,0,0,0,278,279,201,224,303,303,5,6
LMR,4,1,3,4,2,7525,0,1,0,0,0,-279,-278,-559,-112,-259,-298,2,13
LMR,5,1,4,4,3,6661,0,1,0,0,0,-279,-278,-289,-80,-278,-199,2,5
LMR,8,2,7,7,3,9720,0,1,0,0,0,-279,-278,-279,6,-231,-231,1,25
LMR,3,1,2,2,3,-2254,0,1,0,0,1,-302,-301,-316,-118,-301,-295,1,3
LMR,7,1,6,5,26,-8887,0,1,0,0,1,-279,-278,-281,-118,-274,-294,3,7
LMR,5,1,4,5,3,1650,0,1,0,0,0,-279,-278,-281,-202,-57,-222,1,2
LMR,10,7,9,8,6,-8091,0,0,0,0,1,278,279,278,228,281,276,46,106
LMR,4,1,3,4,2,5421,0,1,0,0,0,-333,-332,-343,-206,-213,-275,1,5
LMR,3,1,2,3,2,24828,0,1,0,0,0,-269,-268,-546,-240,-255,-266,1,1
LMR,5,1,4,4,2,6171,0,1,0,0,0,-269,-268,-269,-126,-255,-268,3,29
LMR,8,5,7,8,2,676,0,0,1,0,0,278,279,193,37,343,354,8,15
LMR,4,1,3,4,5,-5840,0,0,0,0,0,-279,-278,-333,-305,-194,-231,1,18
LMR,5,1,4,4,12,-6902,0,1,0,0,0,278,279,272,369,305,240,3,33
LMR,8,6,7,7,2,11520,0,0,0,0,0,-279,-278,-299,-335,-272,-274,55,22
LMR,5,1,4,4,3,787,0,1,0,0,0,-279,-278,-320,-226,-274,-261,3,9
LMR,5,1,4,4,8,-4082,0,0,0,0,0,278,279,253,408,306,301,1,1
LMR,11,4,10,9,7,-5661,0,0,0,0,0,278,279,278,274,279,279,8,24
LMR,11,5,10,10,2,17012,0,1,0,0,0,-279,-278,-297,-282,-274,-279,97,105
LMR,11,9,10,11,2,7880,0,0,0,0,0,278,279,61,259,282,279,57,263
LMR,5,1,4,4,8,-12631,0,1,0,0,0,278,279,276,278,321,279,1,6
LMR,7,4,6,6,2,3977,0,0,0,0,0,-279,-278,-294,-386,-278,-279,7,13
LMR,12,2,11,10,5,-9944,0,1,0,0,0,-279,-278,-279,-181,-274,-279,2,16
LMR,8,1,7,7,12,-11183,0,1,0,0,0,-279,-278,-284,-267,-265,-256,4,9
LMR,3,1,2,3,2,13042,0,1,0,0,0,-279,-278,-286,-218,-221,-231,1,3
LMR,12,1,11,10,12,-14612,0,1,0,0,0,-279,-278,-279,-181,-273,-258,2,52
LMR,5,1,4,3,4,-9463,0,1,0,0,1,-289,-288,-289,-198,-285,-255,2,8
LMR,3,1,2,3,3,-6249,0,1,0,0,0,-275,-274,-354,-361,-274,-274,3,12
LMR,3,1,2,2,3,-10225,0,0,0,0,0,274,275,268,268,297,293,4,6
LMR,4,1,3,3,2,4149,0,1,0,0,0,-275,-274,-288,-240,-268,-288,1,12
LMR,4,1,3,3,3,-991,0,1,0,0,0,-275,-274,-288,-240,-267,-268,2,6
LMR,4,1,3,3,2,-3926,0,0,0,0,0,278,279,236,302,280,279,2,7
LMR,5,1,4,4,2,18464,0,1,0,0,0,-279,-278,-279,-193,-257,-253,3,11
LMR,7,2,6,7,3,-13600,0,0,0,0,0,278,279,261,332,337,337,6,9
LMR,10,1,9,10,13,-13856,0,1,0,1,0,-279,-278,-329,63,-266,-279,2,28
LMR,10,1,9,9,23,-7098,0,1,0,1,0,-279,-278,-279,63,-256,-279,2,34
LMR,10,1,9,9,28,-6576,0,1,0,1,0,-279,-278,-279,63,-240,-263,2,10
LMR,8,5,7,7,2,-976,0,0,0,0,0,278,279,267,332,315,315,12,13
LMR,5,1,4,5,2,-1034,0,1,0,0,0,278,279,201,332,517,350,1,1
LMR,10,7,9,9,2,-2624,0,0,0,0,0,278,279,267,332,279,279,23,24
LMR,11,1,10,10,17,-6724,0,1,0,1,0,-279,-278,-298,-187,-276,-279,4,50
LMR,13,11,12,12,3,-16094,0,0,0,0,1,278,279,264,332,279,279,144,87
LMR,3,1,2,3,2,20991,0,1,0,0,0,278,279,248,355,359,345,1,1
LMR,5,1,4,5,2,15014,0,1,0,0,0,-279,-278,-318,-318,-148,-148,2,5
LMR,3,1,2,3,2,1482,0,0,0,0,0,278,279,263,59,337,327,1,1
LMR,6,1,5,5,5,8042,0,1,0,0,0,-279,-278,-279,157,-269,-309,10,8
LMR,11,5,10,10,4,-7703,0,0,0,0,1,278,279,260,191,279,282,54,84
LMR,12,3,11,11,18,-12922,0,1,0,0,1,-279,-278,-279,-150,-242,-281,8,176
LMR,5,1,4,4,3,-4665,0,1,0,0,0,323,324,300,458,324,347,2,12
LMR,7,3,6,6,5,11317,0,0,0,0,0,-324,-323,-343,-381,-305,-305,4,5
LMR,7,1,6,7,2,936,0,1,0,0,0,323,324,216,340,381,307,1,32
LMR,4,1,3,4,2,8837,0,1,0,0,0,-324,-323,-324,-303,-268,-288,1,5
LMR,3,1,2,3,2,-5856,0,0,0,0,0,268,269,203,198,616,759,0,3
LMR,4,1,3,4,5,-7778,0,1,0,1,0,-269,-268,-451,-186,31992,31992,0,0
LMR,5,1,4,5,2,-2763,0,1,0,0,0,-269,-268,-328,-193,-186,-124,5,14
LMR,4,1,3,4,4,921,0,1,0,0,0,-225,-224,-274,-187,-142,-237,2,11
LMR,3,1,2,3,2,3538,0,1,0,0,0,-275,-274,-421,-348,-274,-274,2,10
LMR,4,1,3,4,2,9695,0,1,1,0,0,-268,-267,-268,-184,-193,-193,0,0
LMR,3,1,2,2,4,1608,0,1,0,0,0,-188,-187,-207,-183,-187,-187,14,9
LMR,5,1,4,5,2,3034,0,1,0,0,0,-229,-228,-300,-58,-228,-220,4,13
LMR,5,1,4,4,3,8518,0,1,0,0,0,-269,-268,-299,-260,-268,-268,6,14
LMR,4,2,3,3,2,-4636,0,1,0,0,1,-339,-338,-340,-295,-316,-316,7,13
LMR,4,1,3,4,7,-3936,0,1,0,0,0,-276,-275,-382,-161,-237,-274,1,6
LMR,4,1,3,4,2,2061,0,1,0,0,1,-314,-313,-513,-224,-311,-311,2,5
LMR,4,1,3,3,3,315,0,1,0,0,1,-326,-325,-326,-256,-292,-298,3,12
LMR,4,1,3,3,4,-6071,0,1,0,0,1,-279,-278,-287,-194,-259,-278,2,5
LMR,4,1,3,4,7,-3138,0,1,0,0,0,-292,-291,-415,-159,-269,-290,1,5
LMR,5,2,4,5,2,-3057,0,0,0,0,0,101,102,-246,107,187,135,2,5
LMR,7,3,6,7,2,-787,0,0,1,0,0,278,279,278,140,1292,707,2,1
LMR,10,2,9,10,4,-6071,0,1,0,0,0,-279,-278,-326,-51,-263,-263,1,29
LMR,5,2,4,5,2,-3671,0,0,0,0,0,-279,-278,-351,-293,-178,-238,1,2
LMR,8,1,7,8,2,-10671,0,1,0,0,0,278,279,244,446,356,351,5,15
LMR,6,1,5,6,20,-15226,0,0,0,0,0,278,279,222,303,710,391,2,5
LMR,14,8,13,13,3,-7360,0,1,0,0,1,-279,-278,-312,-272,-261,-279,23,66
LMR,14,8,13,13,4,8857,0,1,0,0,1,-279,-278,-279,-272,-259,-242,10,40
LMR,7,1,6,7,6,-5290,0,0,0,0,0,278,279,249,229,403,307,2,13
LMR,10,4,9,9,2,15429,0,1,0,0,0,-279,-278,-303,-199,-264,-252,3,10
LMR,3,1,2,2,3,-7689,0,0,0,0,0,343,344,309,343,344,344,6,7
LMR,13,10,12,11,8,-5117,0,0,0,0,1,278,279,278,224,279,279,149,0
LMR,6,1,5,6,3,-16602,0,0,0,1,0,-299,-298,-385,-467,-296,-296,2,2
LMR,5,1,4,5,15,676,0,1,1,0,0,-279,-278,-310,-91,-247,-218,7,10
LMR,5,1,4,5,2,-3269,0,1,1,1,0,-279,-278,-549,-285,-222,-232,6,8
LMR,4,1,3,4,2,-11095,0,1,0,0,0,-279,-278,-364,-250,-233,-245,1,3
LMR,7,1,6,6,8,-6303,0,0,0,0,0,278,279,251,291,279,279,12,13
LMR,8,1,7,8,6,-2863,0,0,1,0,0,278,279,243,197,305,301,2,8
LMR,8,1,7,8,5,9719,0,1,0,0,0,-279,-278,-279,-162,-197,-298,1,15
LMR,6,1,5,6,3,-23035,0,1,0,0,0,-279,-278,-310,-378,-220,-261,2,4
LMR,7,1,6,7,3,-4294,0,0,0,0,0,278,279,278,271,378,263,1,9
LMR,8,1,7,7,18,-16380,0,1,0,0,0,-279,-278,-279,-162,-271,-278,3,25
LMR,5,1,4,5,2,13234,0,1,0,0,0,-279,-278,-363,-185,-63,-274,2,12
LMR,5,1,4,4,3,3802,0,1,0,0,0,-217,-216,-217,-103,-186,-216,1,5
LMR,5,1,4,4,2,4707,0,1,0,0,0,-217,-216,-240,-156,-215,-215,4,5
LMR,3,1,2,3,6,1087,0,1,0,0,0,-217,-216,-260,-305,-175,-156,3,4
LMR,5,1,4,5,7,-9556,0,1,0,0,0,-217,-216,-256,-178,-195,-216,2,7
LMR,5,1,4,4,3,16525,0,1,0,0,0,-217,-216,-254,-149,-216,-216,2,3
LMR,3,1,2,3,2,23285,0,1,0,0,0,-217,-216,-423,-249,-180,-186,2,2
LMR,4,1,3,4,2,9489,0,1,0,0,0,-217,-216,-308,-254,-203,-206,2,7
LMR,10,3,9,9,8,-15397,0,0,0,0,0,216,217,210,92,237,217,21,22
LMR,7,1,6,7,5,-12853,0,0,0,0,0,216,217,207,173,263,225,3,8
LMR,7,1,6,7,2,5512,0,1,0,0,0,-217,-216,-522,-536,-209,-224,6,18
LMR,9,1,8,8,23,-17066,0,0,0,0,0,216,217,216,216,253,224,2,28
LMR,11,5,10,9,2,4619,0,1,1,0,0,-217,-216,-217,-264,-216,-223,11,56
LMR,5,1,4,4,4,-2284,0,1,0,0,0,-217,-216,-222,-83,-184,-184,1,3
LMR,7,1,6,7,7,-9872,0,0,0,0,0,216,217,93,94,327,231,4,7
LMR,8,1,7,7,8,-6035,0,1,0,0,0,-217,-216,-232,-396,-202,-229,8,25
LMR,9,3,8,9,7,-7837,0,0,0,0,0,216,217,189,79,297,229,4,40
LMR,9,2,8,9,3,7598,0,1,0,0,0,-217,-216,-230,-18,-120,-227,2,60
LMR,6,1,5,5,11,-2846,0,1,1,0,0,-217,-216,-217,-178,-189,-22,4,4
LMR,9,1,8,8,12,-13636,0,1,0,0,0,-217,-216,-217,-18,-199,-168,2,38
LMR,5,1,4,5,6,-6732,0,1,0,0,0,-217,-216,-256,-179,-186,-186,3,4
LMR,11,4,10,10,6,-6902,0,0,0,0,0,216,217,191,149,217,217,10,17
LMR,11,1,10,11,23,-17066,0,1,0,0,0,-217,-216,-217,-264,-149,-217,3,163
LMR,3,1,2,3,2,1360,0,0,0,0,0,-455,-454,-517,-487,-366,-422,2,4
LMR,5,1,4,5,3,-1276,0,1,0,0,0,277,278,200,282,306,302,1,5
LMR,8,1,7,6,2,676,0,1,1,1,0,277,278,276,487,279,298,3,12
LMR,7,1,6,5,13,-8001,0,1,0,0,0,277,278,277,241,278,278,8,21
LMR,5,2,4,4,2,676,0,0,1,0,0,-278,-277,-287,-345,-245,-251,1,3
LMR,8,2,7,7,3,15737,0,1,0,0,0,277,278,257,426,278,278,5,14
LMR,6,1,5,6,7,-679,0,1,0,0,0,277,278,235,336,302,278,3,11
LMR,3,1,2,2,2,1377,0,1,0,0,0,-428,-427,-433,-439,-402,-405,6,4
LMR,3,1,2,2,3,98,0,1,0,0,1,327,328,327,395,377,368,2,2
LMR,4,1,3,4,3,-7252,0,1,0,0,0,430,431,354,475,462,500,1,1
LMR,5,1,4,5,2,-15166,0,1,0,0,0,277,278,243,418,297,278,1,8
LMR,5,1,4,4,4,9802,0,1,0,0,0,277,278,253,399,278,308,4,6

===========================
Total time (ms) : 49
Nodes searched  : 39262
Nodes/second    : 801265
LMR_TOTAL,21344,911,643
