
Position: 1/1 (rnbq1rk1/ppp1ppb1/5npp/3p4/3P4/1QPBPN2/PP3PPP/RNB1K2R b KQ - 1 8)
LMR,4,1,3,2,3,-1276,0,1,0,0,0,-269,-268,-269,-75,-262,-303,1,5
LMR,4,1,3,2,4,-1276,0,1,0,0,0,-269,-268,-269,-75,-268,-268,2,5
LMR,3,1,2,3,3,-1276,0,1,0,0,0,256,257,164,186,274,271,1,1
LMR,3,1,2,3,2,-4251,0,0,0,0,0,257,258,167,185,260,259,4,10
LMR,4,1,3,4,2,676,0,1,1,0,0,-258,-257,-258,-249,-58,-181,1,1
LMR,4,1,3,3,5,-4175,0,1,0,0,0,274,275,260,323,279,265,2,6
LMR,5,1,4,4,15,-1276,0,1,0,0,0,-254,-253,-262,-235,-237,-239,2,9
LMR,5,1,4,5,2,10130,0,1,0,0,0,-254,-253,-264,-10,-187,-240,1,14
LMR,5,3,4,4,4,-8346,0,0,0,0,1,239,240,226,204,240,227,18,11
LMR,4,1,3,2,11,-5474,0,1,0,0,0,-229,-228,-229,-212,-222,-230,6,10
LMR,6,1,5,5,2,13573,0,1,0,0,0,238,239,219,362,265,266,2,15
LMR,5,1,4,4,2,3446,0,1,0,0,0,238,239,208,253,251,251,3,7
LMR,3,1,2,2,8,-4364,0,1,0,0,1,-242,-241,-252,-241,-240,-240,6,6
LMR,8,6,7,7,2,11354,0,0,0,0,0,-251,-250,-257,-271,-247,-249,14,26
LMR,5,1,4,4,10,-4005,0,0,1,0,0,-254,-253,-264,-326,-252,-252,3,6
LMR,5,1,4,5,4,1013,0,1,0,0,0,253,254,243,270,326,252,4,17
LMR,5,2,4,4,2,615,0,1,1,0,1,-236,-235,-236,-235,-219,-222,2,3
LMR,5,1,4,4,4,-12513,0,1,0,0,0,-236,-235,-245,-158,-227,-226,2,3
LMR,3,1,2,2,3,3857,0,1,0,0,0,234,235,221,340,269,263,2,3
LMR,3,1,2,2,3,-6642,0,1,0,0,0,-231,-230,-231,-212,-222,-222,1,1
LMR,6,1,5,4,17,-11321,0,1,0,0,0,-231,-230,-231,-177,-230,-230,3,10
LMR,6,1,5,5,2,-4189,0,1,0,0,0,-231,-230,-242,-152,-221,-227,2,7
LMR,5,1,4,3,7,-8027,0,1,0,0,0,-231,-230,-231,-152,-225,-221,4,6
LMR,4,1,3,2,2,-7440,0,1,0,0,0,-231,-230,-232,-184,-230,-230,12,8
LMR,9,5,8,8,2,-554,0,1,1,0,1,-231,-230,-235,-226,-227,-233,8,31
LMR,4,1,3,4,2,-12109,0,1,0,0,0,-242,-241,-503,-195,-231,-242,2,14
LMR,4,1,3,2,3,14316,0,1,0,0,0,241,242,241,274,242,242,3,5
LMR,5,1,4,4,3,5273,0,1,0,0,0,241,242,241,326,257,242,1,10
LMR,3,1,2,2,2,-6275,0,1,0,0,0,247,248,231,262,272,296,1,3
LMR,8,1,7,8,8,-12182,0,1,0,0,0,247,248,238,321,309,251,1,22
LMR,3,1,2,2,2,15464,0,1,0,0,0,253,254,205,179,255,254,3,4
LMR,4,1,3,3,13,-3486,0,0,0,0,0,-254,-253,-254,-184,-233,-254,2,9
LMR,4,1,3,4,2,25115,0,1,0,0,0,233,234,224,349,305,263,1,4
LMR,4,1,3,3,2,11484,0,1,0,0,0,247,248,234,317,248,262,4,9
LMR,3,1,2,3,2,14763,0,1,0,0,0,260,261,239,299,307,294,0,6
LMR,4,1,3,3,2,-7822,0,1,0,0,0,-239,-238,-267,-237,-226,-228,5,6
LMR,5,1,4,4,3,9596,0,1,0,0,0,257,258,254,325,288,283,2,14
LMR,8,1,7,8,10,-12736,0,1,0,0,1,257,258,257,230,334,258,1,24
LMR,5,1,4,4,10,-11705,0,0,0,0,0,-258,-257,-258,-215,-236,-240,2,8
LMR,4,1,3,4,2,-284,0,1,0,0,0,257,258,240,265,294,284,1,3
LMR,8,1,7,7,2,3758,0,1,0,0,0,257,258,242,276,261,265,1,29
LMR,3,1,2,3,2,5864,0,1,0,0,0,257,258,229,286,311,286,1,2
LMR,5,1,4,4,17,-10906,0,1,0,0,0,257,258,256,290,270,279,1,9
LMR,3,1,2,2,2,9073,0,1,0,0,0,259,260,241,298,294,294,0,0
LMR,4,1,3,4,2,30461,0,1,0,0,0,233,234,225,353,306,293,2,4
LMR,8,3,7,6,2,19789,0,1,0,0,0,257,258,257,415,258,283,7,12
LMR,4,2,3,4,2,5946,0,0,0,0,0,-271,-270,-326,-272,-249,-257,2,8
LMR,5,1,4,4,5,327,0,1,0,0,0,270,271,259,271,280,278,1,3
LMR,3,1,2,3,2,11343,0,0,0,0,0,-271,-270,-326,-350,-254,-256,2,4
LMR,4,1,3,3,2,23498,0,1,0,0,0,270,271,259,331,277,271,2,5
LMR,7,1,6,6,4,-9505,0,1,0,0,1,270,271,257,335,271,273,3,15
LMR,3,1,2,2,2,7467,0,0,0,0,0,-271,-270,-316,-286,-270,-270,6,4
LMR,4,1,3,2,2,19815,0,1,0,0,0,270,271,270,319,271,271,5,3
LMR,4,2,3,4,2,35398,0,1,0,0,0,232,233,223,345,304,292,1,2
LMR,4,1,3,2,2,-10922,0,0,0,0,0,-275,-274,-278,-266,-273,-278,2,6
LMR,5,1,4,4,2,-583,0,1,0,0,0,274,275,265,322,299,295,1,8
LMR,3,1,2,3,2,-495,0,1,0,0,0,287,288,272,562,1298,357,0,1
LMR,7,3,6,5,2,18090,0,1,0,0,0,274,275,269,329,275,275,7,6
LMR,4,1,3,2,2,7434,0,1,0,0,0,274,275,272,296,277,275,2,3
LMR,5,1,4,5,6,-3485,0,0,1,0,0,-275,-274,-275,-331,45,-268,2,2
LMR,8,1,7,8,5,3677,0,1,0,0,0,274,275,274,472,476,342,1,6
LMR,4,1,3,3,2,-1099,0,1,0,0,0,274,275,274,345,282,273,1,4
LMR,4,1,3,2,3,-2964,0,1,0,0,0,274,275,274,345,279,275,1,7
LMR,6,1,5,6,2,-10597,0,1,0,0,0,274,275,261,288,365,334,4,7
LMR,5,1,4,5,2,-11355,0,1,0,0,0,274,275,263,321,441,358,1,4
LMR,3,1,2,2,3,-602,0,1,0,0,0,264,265,260,339,272,265,1,2
LMR,3,1,2,3,2,-6936,0,0,0,0,0,-265,-264,-319,-244,-255,-254,6,10
LMR,3,1,2,2,2,-9766,0,1,0,0,0,254,255,244,460,270,255,2,5
LMR,3,1,2,2,2,-9935,0,1,0,0,0,264,265,231,380,267,265,2,9
LMR,3,1,2,3,2,25094,0,1,0,0,0,235,236,225,379,304,292,1,1
LMR,6,4,5,5,2,5726,0,0,0,0,0,-275,-274,-275,-225,-234,-234,3,5
LMR,7,2,6,7,2,20190,0,1,0,0,0,274,275,239,355,318,357,3,6
LMR,5,3,4,4,2,1051,0,0,0,0,0,-275,-274,-275,-272,-255,-255,12,10
LMR,6,1,5,6,2,14601,0,1,0,0,0,274,275,258,349,323,323,2,4
LMR,4,1,3,3,2,10682,0,1,0,0,0,249,250,249,320,257,250,3,9
LMR,5,1,4,5,5,-3603,0,1,0,0,0,285,286,277,425,391,298,3,8
LMR,6,1,5,5,6,-2807,0,0,0,0,0,-286,-285,-296,-345,-280,-281,1,14
LMR,6,1,5,6,10,-16840,0,1,0,0,0,285,286,283,308,345,281,1,46
LMR,4,1,3,3,2,28048,0,1,0,0,0,280,281,275,337,284,283,2,7
LMR,5,1,4,4,2,4985,0,1,0,0,1,-282,-281,-287,-216,-278,-279,7,9
LMR,3,1,2,2,2,-468,0,1,0,0,0,267,268,265,344,287,287,0,0
LMR,5,1,4,3,3,2067,0,1,0,0,0,279,280,276,280,281,281,5,7
LMR,3,1,2,2,2,5154,0,1,0,0,0,-213,-212,-225,-82,-208,-228,1,3
LMR,3,1,2,2,11,5145,0,1,0,0,0,-213,-212,-225,-82,-193,-207,2,4
LMR,4,2,3,3,2,1854,0,0,0,0,0,280,281,241,223,287,285,5,6
LMR,5,1,4,5,2,-8918,0,1,0,0,0,-281,-280,-284,-204,-223,-260,1,5
LMR,3,1,2,2,5,-8089,0,1,0,0,0,279,280,278,280,315,309,2,2
LMR,5,1,4,4,2,-4289,0,1,0,0,0,279,280,263,362,293,332,1,3
LMR,5,1,4,3,2,18932,0,1,0,0,0,279,280,275,350,280,280,9,5
LMR,4,1,3,2,4,3602,0,1,0,0,0,279,280,279,350,283,280,2,5
LMR,8,1,7,8,2,4041,0,1,0,0,0,283,284,262,392,416,319,1,10
LMR,10,3,9,9,8,-17850,0,0,0,0,0,-284,-283,-315,-367,-283,-283,13,23
LMR,11,6,10,10,2,10002,0,1,0,0,0,283,284,283,316,300,283,4,38
LMR,3,1,2,3,4,-7377,0,1,0,0,0,283,284,283,296,339,296,1,4
LMR,8,2,7,8,2,12307,0,1,0,0,0,283,284,197,338,284,284,4,36
LMR,11,1,10,10,28,-17898,0,1,0,0,0,283,284,283,316,307,284,1,53
LMR,4,1,3,4,2,4288,0,1,1,0,0,283,284,283,219,337,294,1,3
LMR,4,2,3,3,2,9617,0,1,0,0,1,260,261,259,315,268,261,4,8
LMR,6,4,5,5,2,-3114,0,0,0,0,1,-284,-283,-292,-321,-283,-284,9,10
LMR,5,1,4,4,2,3535,0,1,0,0,0,295,296,289,300,323,310,1,1
LMR,3,1,2,3,3,-179,0,1,0,0,0,295,296,291,307,372,335,1,1
LMR,5,1,4,4,2,-4038,0,1,0,0,0,295,296,280,330,300,325,1,10
LMR,3,1,2,2,4,-2334,0,1,0,0,0,262,263,240,246,263,263,3,3
LMR,4,2,3,3,2,4538,0,0,0,0,0,-263,-262,-270,-270,-262,-263,7,13
LMR,4,1,3,2,13,-4178,0,1,0,0,1,-296,-295,-296,-359,-292,-310,2,5
LMR,8,4,7,6,2,685,0,1,0,0,1,-296,-295,-296,-283,-295,-296,24,24
LMR,6,2,5,4,2,1828,0,1,1,0,1,-281,-280,-283,-296,-277,-277,7,12
LMR,3,1,2,2,4,8945,0,1,0,0,0,-291,-290,-291,-268,-243,-257,1,2
LMR,4,1,3,3,10,-1606,0,1,0,0,0,-260,-259,-260,-218,-213,-259,1,3
LMR,4,1,3,4,4,-7253,0,1,0,0,0,279,280,253,330,482,369,1,2
LMR,6,1,5,5,2,7109,0,1,0,0,0,279,280,269,315,301,296,1,17
LMR,7,4,6,6,2,1695,0,1,0,0,1,279,280,254,280,297,288,7,11
LMR,5,1,4,4,8,-1276,0,1,0,0,0,279,280,279,385,301,279,1,7
LMR,5,1,4,4,13,-10510,0,1,0,0,0,279,280,279,385,314,314,2,9
LMR,8,5,7,7,4,-7718,0,0,0,0,1,-280,-279,-287,-382,-279,-279,18,22
LMR,5,2,4,3,2,14304,0,1,0,0,1,-280,-279,-280,-219,-279,-279,5,5
LMR,4,1,3,3,3,5217,0,0,1,0,0,-279,-278,-279,-360,-232,-240,1,1
LMR,5,1,4,4,3,5351,0,1,0,0,0,278,279,262,312,279,279,1,5
LMR,5,1,4,3,4,8091,0,1,0,0,0,278,279,277,326,279,279,4,7
LMR,5,1,4,4,2,23094,0,1,0,0,0,-280,-279,-281,-195,-269,-269,2,8
LMR,4,2,3,3,2,2671,0,1,0,0,1,276,277,253,449,287,277,4,10

===========================
Total time (ms) : 12
Nodes searched  : 9060
Nodes/second    : 755000
LMR_TOTAL,4945,202,121
