
Position: 1/1 (r2qk2r/pb2nppp/2n5/2b1p3/8/P1NP4/1PP2PPP/R1BQKBNR w KQkq - 3 8)
LMR,4,1,3,4,2,-1188,0,1,0,0,0,-548,-547,-557,-393,-425,-447,1,5
LMR,4,1,3,4,2,2816,0,1,0,0,0,-477,-476,-521,-257,-436,-477,2,16
LMR,4,1,3,4,5,-1276,0,1,0,0,0,-477,-476,-477,-257,-358,-417,1,2
LMR,4,1,3,3,3,-1276,0,1,0,0,0,-477,-476,-484,-289,-475,-499,1,9
LMR,4,1,3,3,4,-2002,0,1,0,0,0,-477,-476,-484,-289,-452,-477,1,11
LMR,3,1,2,2,2,-1353,0,1,0,0,0,-477,-476,-482,-342,-466,-465,3,7
LMR,4,1,3,4,8,-1276,0,1,0,0,0,-477,-476,-477,-289,-418,-467,1,15
LMR,5,1,4,4,17,-3768,0,1,0,0,0,-275,-274,-275,-206,-240,-240,9,11
LMR,4,1,3,3,3,9285,0,1,0,0,0,-122,-121,-168,-164,-121,-121,1,1
LMR,8,1,7,8,7,-4940,0,1,0,0,0,-122,-121,-140,-121,-71,-112,1,21
LMR,8,3,7,7,6,-11698,0,0,0,0,0,121,122,113,252,149,158,6,6
LMR,4,1,3,4,2,4584,0,1,1,0,0,-290,-289,-290,-251,-224,-274,2,4
LMR,6,1,5,5,4,-6352,0,1,0,0,0,-290,-289,-314,-230,-272,-277,3,24
LMR,5,1,4,4,4,211,0,1,0,0,1,-290,-289,-292,-191,-265,-306,1,5
LMR,4,1,3,3,4,2295,0,1,0,0,0,289,290,270,322,316,302,11,8
LMR,7,4,6,7,2,1375,0,0,0,0,0,-319,-318,-574,-405,-291,-309,12,30
LMR,5,1,4,5,8,-7061,0,1,0,0,0,-290,-289,-294,-119,-113,-271,2,13
LMR,4,1,3,3,2,11907,0,1,0,0,0,318,319,284,477,324,319,1,6
LMR,5,1,4,5,2,8902,0,1,0,0,0,-275,-274,-811,-218,-225,-233,4,12
LMR,9,7,8,9,2,13201,0,0,0,0,0,274,275,-126,75,275,275,49,51
LMR,8,5,7,7,2,14881,0,1,0,0,1,-275,-274,-275,-109,-243,-267,10,18
LMR,5,1,4,5,2,9673,0,1,0,0,0,-275,-274,-310,-154,-217,-227,1,6
LMR,3,1,2,3,4,-8916,0,1,0,0,0,-256,-255,-269,-184,-77,-186,2,2
LMR,5,1,4,4,2,11332,0,1,0,0,0,-255,-254,-267,-165,-234,-226,2,5
LMR,7,4,6,6,3,10806,0,0,0,0,0,254,255,230,194,281,288,9,8
LMR,5,1,4,5,2,-3046,0,1,0,0,0,273,274,231,343,336,332,1,6
LMR,3,1,2,3,2,4584,0,1,1,0,0,273,274,171,124,274,274,2,4
LMR,6,1,5,4,2,14441,0,1,0,0,0,273,274,267,401,274,253,6,26
LMR,6,1,5,6,17,-15474,0,1,0,0,0,273,274,272,401,385,304,6,28
LMR,3,1,2,3,2,5409,0,0,0,0,0,-291,-290,-350,-343,-226,-243,3,3
LMR,4,1,3,4,2,5944,0,1,1,0,0,290,291,254,281,569,553,0,3
LMR,3,1,2,3,2,7406,0,1,1,0,0,290,291,246,-407,553,553,0,0
LMR,6,1,5,6,3,-7557,0,1,0,0,0,290,291,26,562,436,392,1,1
LMR,5,1,4,5,6,-7008,0,1,0,0,0,324,325,321,408,378,368,1,4
LMR,4,1,3,4,2,6835,0,1,0,0,0,324,325,270,334,336,334,1,5
LMR,9,3,8,9,2,13610,0,1,1,0,0,324,325,324,305,574,576,2,0
LMR,4,1,3,4,2,18538,0,1,0,0,0,324,325,299,380,407,325,15,28
LMR,7,1,6,6,4,-5982,0,1,0,0,0,324,325,314,388,325,360,9,20
LMR,10,7,9,9,6,-10715,0,0,0,0,1,-325,-324,-325,-320,-316,-316,60,7
LMR,6,1,5,6,2,8236,0,1,0,0,0,324,325,291,344,629,345,1,7
LMR,5,1,4,3,2,13216,0,1,0,0,0,324,325,324,393,325,325,5,7
LMR,3,1,2,2,3,-6154,0,0,0,0,0,-314,-313,-345,-351,-309,-309,2,3
LMR,3,1,2,3,3,-2862,0,1,0,0,0,313,314,285,340,351,310,2,8
LMR,10,2,9,9,3,5593,0,1,1,0,0,324,325,317,314,352,386,4,5
LMR,4,1,3,4,10,1629,0,0,1,1,0,-325,-324,-400,-840,-246,-296,5,3
LMR,3,1,2,3,2,-12593,0,1,0,0,0,324,325,182,-314,791,506,0,2
LMR,4,1,3,4,2,-10216,0,1,0,0,0,324,325,258,-314,678,371,0,1
LMR,5,1,4,5,15,4286,0,0,1,1,0,-325,-324,-361,-240,-70,-233,4,3
LMR,8,1,7,8,20,676,0,0,1,1,0,-325,-324,-414,-301,-241,-248,8,17
LMR,11,4,10,11,18,111,0,0,1,0,0,-325,-324,-380,-468,-301,-266,17,54
LMR,9,7,8,8,17,-14666,1,0,0,0,1,-325,-297,-325,-320,-308,-308,242,0
LMR,3,1,2,2,2,17255,0,1,0,0,0,283,284,275,353,321,314,3,9
LMR,3,1,2,2,2,6484,0,1,0,0,0,284,285,256,302,293,291,2,3
LMR,3,1,2,2,2,15462,0,1,1,0,0,338,339,336,327,344,340,25,7
LMR,3,1,2,2,2,13762,0,0,0,0,0,-339,-338,-363,-460,-319,-331,3,3
LMR,7,4,6,6,2,12313,0,0,0,0,0,-339,-338,-369,-469,-326,-329,14,10
LMR,10,1,9,9,4,-8029,0,1,0,0,0,338,339,330,446,350,350,4,27
LMR,6,4,5,5,3,1198,0,0,0,0,0,-339,-338,-339,-364,-313,-307,5,11
LMR,5,3,4,5,2,6014,0,1,0,0,1,-339,-338,-494,-334,-337,-307,8,12
LMR,3,1,2,2,3,3841,0,1,0,0,0,-339,-338,-362,-350,-310,-315,2,2
LMR,11,3,10,10,5,-9981,0,0,0,0,0,-339,-338,-352,-385,-338,-337,9,31
LMR,12,1,11,11,22,-15289,0,1,0,0,0,338,339,320,340,339,337,8,68
LMR,6,1,5,6,2,18201,0,1,0,0,0,-339,-338,-555,-204,-269,-309,3,7
LMR,4,1,3,3,4,-4960,0,1,0,0,0,-339,-338,-346,-180,-330,-313,2,7
LMR,5,1,4,4,2,6712,0,1,1,1,0,-339,-338,-339,-229,-295,-306,2,7
LMR,5,1,4,5,2,15816,0,1,0,0,0,-312,-311,-320,-271,-245,-258,3,9
LMR,12,6,11,11,15,-1276,0,0,0,1,1,311,312,311,245,353,355,13,10
LMR,5,1,4,5,2,19991,0,1,0,1,0,311,312,209,391,312,312,5,14
LMR,3,1,2,3,2,-10652,0,1,0,0,0,311,312,119,175,362,902,0,1
LMR,5,2,4,5,2,1235,0,0,0,0,0,-312,-311,-625,-417,-304,-306,9,7
LMR,6,1,5,5,2,14081,0,1,0,0,0,311,312,290,429,325,306,2,18
LMR,6,1,5,5,3,-8600,0,1,0,0,0,311,312,306,429,325,325,2,0
LMR,3,1,2,2,2,-8335,0,1,0,0,1,-283,-282,-321,-134,-281,-281,4,4
LMR,3,1,2,3,3,629,0,1,0,0,0,-69,-68,-80,-31,9,-4,2,5
LMR,3,1,2,3,2,-4149,0,1,0,0,1,-284,-283,-489,-226,-282,-283,2,12
LMR,3,1,2,2,2,-1599,0,1,0,0,1,-287,-286,-301,-173,-255,-261,2,2
LMR,3,1,2,3,2,1006,0,1,0,0,0,-242,-241,-322,-97,-213,-241,2,7
LMR,3,1,2,2,3,12013,0,1,0,0,0,-306,-305,-322,-316,-282,-290,1,2
LMR,6,1,5,6,5,-4432,0,1,1,0,0,310,311,266,277,407,346,1,14
LMR,6,1,5,5,3,-666,0,1,0,0,0,310,311,306,530,321,262,2,13
LMR,5,3,4,5,2,3022,0,0,0,0,0,-311,-310,-427,-357,-215,-252,4,4
LMR,6,1,5,5,5,-19192,0,1,0,0,0,310,311,306,530,314,261,2,10
LMR,6,1,5,4,12,-12747,0,1,0,0,0,310,311,308,530,311,356,3,11
LMR,3,1,2,3,5,9483,0,0,1,1,0,-552,-551,-1001,-1268,-437,-457,7,4
LMR,10,5,9,9,6,-1764,0,0,1,0,1,-311,-310,-311,-330,-302,-302,31,16
LMR,5,1,4,4,12,-12501,0,1,0,0,0,-311,-310,-311,-263,-301,-306,1,8
LMR,3,1,2,2,2,5502,0,1,1,0,0,-311,-310,-323,-307,-300,-302,4,4
LMR,5,1,4,4,4,3929,0,1,0,0,0,-311,-310,-339,-196,-310,-304,6,23
LMR,5,1,4,5,3,-3059,0,1,0,0,0,-311,-310,-311,-240,-241,-289,3,4
LMR,5,1,4,5,3,-4142,0,0,0,0,0,292,293,-192,33,293,325,3,16
LMR,5,1,4,5,9,-1276,0,1,0,0,0,-293,-292,-350,-273,-279,-319,1,24
LMR,8,1,7,7,20,-10858,0,1,0,0,0,-293,-292,-302,-78,-283,-315,1,42
LMR,3,1,2,2,2,16490,0,1,0,0,0,310,311,278,402,311,311,2,2
LMR,9,3,8,9,2,16556,0,1,0,0,0,310,311,285,417,353,311,6,31
LMR,7,1,6,7,2,15214,0,1,0,0,0,310,311,287,479,379,377,2,20
LMR,7,1,6,6,9,-9437,0,0,0,0,0,-311,-310,-311,-212,-281,-293,1,5
LMR,8,1,7,7,5,-12369,0,1,0,0,0,310,311,297,344,343,306,2,9
LMR,8,1,7,7,9,-13846,0,1,0,0,0,310,311,306,344,317,305,2,8
LMR,8,1,7,6,10,-15505,0,1,0,0,0,310,311,306,344,311,311,14,7
LMR,8,1,7,8,4,-12855,0,1,0,0,0,310,311,231,563,387,374,3,9
LMR,3,1,2,3,2,11952,0,1,0,0,0,332,333,290,365,385,375,2,4
LMR,4,1,3,4,2,43404,0,1,0,0,0,345,346,284,366,396,348,2,14
LMR,4,2,3,4,4,7844,0,1,0,0,1,376,377,262,483,597,529,1,2
LMR,3,1,2,3,2,16946,0,1,0,0,0,310,311,47,417,405,388,1,4
LMR,5,1,4,4,4,3947,0,1,1,0,0,369,370,341,235,381,385,7,15
LMR,4,1,3,2,5,-3444,0,1,0,0,0,355,356,349,447,356,331,3,6
LMR,6,3,5,6,2,41027,0,1,0,0,0,310,311,286,455,399,340,3,6
LMR,3,1,2,2,6,-3871,0,1,0,0,0,379,380,368,404,384,373,2,4
LMR,3,1,2,2,3,870,0,1,1,0,0,310,311,274,315,311,311,4,2
LMR,5,1,4,4,2,11296,0,1,0,0,0,310,311,285,353,312,311,3,16
LMR,3,1,2,3,5,-4383,0,1,0,0,0,317,318,308,336,588,318,2,5
LMR,3,1,2,2,5,-1586,0,0,0,0,0,-318,-317,-342,-416,-298,-298,2,3
LMR,3,1,2,3,2,6009,0,1,0,0,0,317,318,297,359,416,302,2,10
LMR,3,1,2,3,7,-11509,0,0,0,0,0,-311,-310,-360,-349,-297,-299,3,5
LMR,4,1,3,3,3,7377,0,1,0,0,0,310,311,301,454,330,301,6,12
LMR,6,1,5,5,4,1875,0,1,0,0,0,310,311,310,509,341,298,2,11
LMR,7,5,6,7,2,5187,0,0,0,0,0,-311,-310,-374,-338,-301,-300,11,12
LMR,8,1,7,7,8,-17042,0,1,0,0,0,310,311,301,310,338,301,2,25
LMR,7,2,6,6,4,-13968,0,0,0,0,0,-311,-310,-324,-404,-296,-301,4,6
LMR,8,1,7,7,10,-13378,0,1,0,0,0,310,311,301,310,323,302,4,22
LMR,10,7,9,9,2,3617,0,0,0,0,0,-311,-310,-331,-397,-310,-310,63,89
LMR,8,1,7,7,8,-15687,0,0,0,0,0,292,293,291,298,307,317,4,15
LMR,5,1,4,5,8,-14220,0,1,0,0,0,310,311,274,353,520,424,1,3
LMR,7,2,6,6,2,-2492,0,1,1,0,1,310,311,272,323,311,311,3,15
LMR,8,5,7,6,5,-11081,0,0,0,0,1,-311,-310,-311,-332,-310,-310,11,5
LMR,9,2,8,9,2,-1732,0,1,0,0,0,-311,-310,-371,-108,-286,-314,2,35
LMR,6,1,5,6,4,-6849,0,1,0,0,0,-311,-310,-434,-297,-297,-314,4,11
LMR,9,1,8,8,6,-11076,0,1,0,0,0,-311,-310,-314,-108,-304,-313,3,37
LMR,9,1,8,8,7,-14418,0,1,0,0,0,-311,-310,-313,-108,-298,-311,2,30
LMR,9,1,8,8,10,-4113,0,1,0,0,0,-311,-310,-311,-108,-298,-311,4,53
LMR,4,1,3,3,3,-3330,0,1,0,0,0,-311,-310,-311,-213,-279,-272,3,6
LMR,6,1,5,5,32,-14778,0,1,0,0,0,-311,-310,-311,-108,-268,-279,2,19
LMR,3,1,2,3,2,-970,0,1,0,0,0,-311,-310,-415,-303,-302,-302,1,2
LMR,4,1,3,4,2,4884,0,0,1,0,0,310,311,304,134,373,362,1,1
LMR,7,1,6,6,8,-9755,0,1,0,0,0,-311,-310,-311,-39,-279,-324,2,13
LMR,7,3,6,7,4,-1483,0,0,0,0,0,310,311,180,-69,374,374,1,2
LMR,7,1,6,7,14,-16612,0,1,0,0,0,-311,-310,-311,-39,-152,-366,1,5
LMR,5,1,4,5,5,-8347,0,0,0,1,0,310,311,217,96,391,391,2,2
LMR,5,1,4,5,4,-1881,0,1,0,0,0,-311,-310,-321,-219,-260,-377,1,7
LMR,7,1,6,6,18,-16669,0,1,0,0,0,-311,-310,-311,-39,-270,-317,1,23
LMR,5,1,4,5,7,-8062,0,1,0,0,0,-311,-310,-324,-208,-238,-271,3,14
LMR,7,1,6,6,25,-16505,0,1,0,0,0,-311,-310,-311,-39,-266,-277,1,34
LMR,4,1,3,3,2,8803,0,1,0,0,0,-311,-310,-326,-280,-299,-311,3,7
LMR,4,1,3,3,6,-292,0,1,0,0,0,-311,-310,-311,-280,-302,-310,2,8
LMR,7,5,6,6,2,5735,0,0,0,0,0,310,311,292,258,312,312,7,7
LMR,8,3,7,7,3,17981,0,1,0,0,0,-311,-310,-311,-302,-276,-262,4,16
LMR,3,1,2,3,5,-7179,0,1,0,0,0,-293,-292,-325,-222,-197,-260,2,5
LMR,4,1,3,4,2,676,0,0,1,0,0,292,293,268,154,373,326,1,2
LMR,7,1,6,6,11,-14036,0,1,0,0,0,-293,-292,-293,-123,-264,-291,3,10
LMR,9,7,8,9,2,9229,0,0,0,0,0,-311,-310,-373,-386,-310,-310,25,16
LMR,10,6,9,8,2,11113,0,1,1,0,1,310,311,310,325,313,311,28,55
LMR,5,1,4,5,2,11386,0,1,0,0,0,310,311,308,422,366,311,5,7
LMR,4,1,3,4,3,22132,0,1,0,0,0,335,336,289,280,371,365,2,6
LMR,3,1,2,2,2,21001,0,1,0,0,0,338,339,319,350,341,341,7,5
LMR,3,1,2,2,3,12719,0,1,0,0,0,318,319,314,309,331,328,2,10
LMR,4,1,3,4,3,-640,0,0,0,0,0,-336,-335,-368,-318,-266,-312,2,9
LMR,7,2,6,6,4,269,0,1,0,0,1,335,336,318,336,348,308,11,15
LMR,5,1,4,4,3,7779,0,1,0,0,0,-321,-320,-323,-180,-287,-305,3,5
LMR,5,1,4,5,2,9519,0,1,0,0,0,316,317,156,363,366,357,1,6
LMR,5,1,4,4,2,2894,0,1,0,0,0,319,320,293,261,320,320,10,13
LMR,6,4,5,5,2,8647,0,0,1,1,0,-320,-319,-320,-310,-289,-307,6,6
LMR,8,1,7,7,8,-4456,0,0,0,0,0,-320,-319,-361,-311,-310,-308,13,49
LMR,9,6,8,9,2,33816,0,1,0,0,0,319,320,309,443,409,335,7,8
LMR,5,1,4,5,6,-1276,0,1,0,0,0,319,320,165,255,351,351,3,9
LMR,3,1,2,3,4,-15696,0,0,0,0,0,-320,-319,-367,-189,-83,-250,1,2
LMR,6,1,5,6,2,554,0,1,0,0,0,319,320,267,601,582,691,5,8
LMR,8,6,7,8,2,7985,0,0,0,0,0,-320,-319,-638,-189,-311,-295,9,22
LMR,13,8,12,12,4,-10137,0,0,0,0,0,-320,-319,-332,-327,-319,-319,25,83
LMR,3,1,2,3,4,-4700,0,1,0,0,0,-320,-319,-355,-326,-235,-250,1,1
LMR,6,1,5,5,3,1335,0,1,0,0,0,319,320,296,418,320,350,9,8
LMR,12,9,11,10,2,27617,0,1,0,0,1,319,320,319,384,320,320,23,133
LMR,6,1,5,6,2,24028,0,1,0,0,0,319,320,223,494,444,356,1,4
LMR,3,1,2,2,2,-6353,0,1,0,0,0,318,319,285,314,319,319,1,3
LMR,3,1,2,2,2,-1613,0,1,0,0,0,365,366,347,445,367,366,7,4
LMR,3,1,2,2,2,11678,0,1,0,0,0,303,304,303,473,324,328,2,7
LMR,4,1,3,3,3,1701,0,1,0,0,0,310,311,306,463,321,262,1,10
LMR,4,1,3,2,4,-11018,0,1,0,0,0,310,311,306,463,311,311,2,8
LMR,3,1,2,3,2,-4856,0,1,0,0,0,696,697,551,312,977,1090,0,1
LMR,4,1,3,3,2,24217,0,1,0,0,0,318,319,279,308,320,320,1,2
LMR,5,1,4,4,10,-12226,0,1,0,0,0,-320,-319,-320,-191,-312,-265,1,4
LMR,4,1,3,4,2,1393,0,1,0,0,0,-293,-292,-398,-209,-274,-243,2,7
LMR,5,1,4,4,23,-6127,0,1,0,0,0,319,320,319,394,368,303,2,20
LMR,5,3,4,5,2,9326,0,0,1,0,0,280,281,257,259,354,281,9,28
LMR,5,2,4,4,2,1160,0,1,0,0,1,295,296,281,379,296,296,3,9
LMR,3,1,2,3,2,4584,0,0,1,0,0,-296,-295,-334,-365,-273,-287,2,3
LMR,7,2,6,6,2,241,0,1,0,0,1,295,296,289,324,303,311,5,0
LMR,5,1,4,5,2,7879,0,1,0,0,0,306,307,265,498,329,329,1,0
LMR,6,1,5,6,9,-3076,0,0,1,1,0,-307,-306,-473,-875,-197,-228,8,5
LMR,9,5,8,9,7,-15369,0,0,0,0,1,281,282,217,217,282,282,10,8
LMR,6,2,5,4,9,-3390,0,0,1,0,0,-307,-306,-307,-389,-306,-306,3,3
LMR,7,1,6,6,2,13158,0,1,0,0,0,306,307,289,282,324,306,3,20
LMR,4,1,3,4,2,-8694,0,1,0,0,0,-282,-281,-310,-245,-141,-47,0,1
LMR,10,6,9,10,4,-4885,0,0,0,0,1,281,282,242,192,298,298,18,23
LMR,6,1,5,6,9,-14086,0,0,0,0,0,-307,-306,-317,-325,-174,-247,1,5
LMR,9,2,8,9,5,-4804,0,0,0,0,0,-307,-306,-489,-478,-306,-286,7,14
LMR,9,2,8,9,2,5315,0,1,0,0,0,306,307,255,644,314,288,4,34
LMR,9,1,8,8,6,-12089,0,1,0,0,0,306,307,288,644,337,350,9,24
LMR,3,1,2,2,2,1994,0,0,1,0,0,-307,-306,-307,-220,-286,-286,2,0
LMR,7,2,6,7,3,-1276,0,0,0,0,0,-307,-306,-327,-138,-268,-299,1,6
LMR,11,8,10,11,9,8137,0,0,0,0,1,-307,-306,-307,-298,-196,-299,5,20
LMR,5,1,4,5,2,-5775,0,1,0,0,0,-307,-306,-410,-202,-143,-276,1,3
LMR,8,4,7,7,2,25780,0,1,0,0,0,-307,-306,-331,-67,-289,-289,5,5
LMR,8,1,7,8,13,-21096,0,1,0,1,0,-307,-306,-307,-240,-230,-226,1,13
LMR,5,1,4,5,2,6133,0,1,0,0,0,-307,-306,-368,-205,-273,-307,2,19
LMR,5,1,4,5,3,771,0,1,0,0,0,-307,-306,-307,-205,-229,-277,2,11
LMR,5,1,4,4,3,4558,0,1,0,0,0,-307,-306,-329,-324,-289,-292,4,8
LMR,3,1,2,3,4,9560,0,1,0,0,0,-307,-306,-358,-304,-301,-284,3,6
LMR,5,1,4,4,3,113,0,1,0,0,0,-307,-306,-320,-263,-277,-277,3,3
LMR,5,1,4,4,2,6151,0,1,0,0,0,-307,-306,-315,-199,-278,-307,6,30
LMR,3,1,2,2,2,7382,0,0,0,0,0,-307,-306,-327,-272,-306,-306,4,5
LMR,8,1,7,7,14,-17066,0,0,0,0,0,-307,-306,-326,-307,-291,-306,3,22
LMR,9,6,8,8,2,276,0,0,0,0,1,-307,-306,-344,-307,-306,-306,59,14
LMR,11,5,10,9,31,-16745,0,1,0,0,1,306,307,300,337,307,306,52,88
LMR,3,1,2,3,3,5720,0,1,0,0,0,-297,-296,-297,-62,-107,-227,1,2
LMR,3,1,2,2,8,7543,0,1,0,0,1,-320,-319,-322,-249,-288,-306,4,3
LMR,3,1,2,3,2,18823,0,1,0,0,0,-282,-281,-293,-185,-172,-214,1,2
LMR,9,2,8,9,2,2376,0,1,0,0,0,-282,-281,-710,-112,-178,-262,5,17
LMR,5,1,4,4,2,-21382,0,1,0,0,0,-282,-281,-312,-174,-271,-281,4,6
LMR,10,6,9,9,2,17079,0,1,0,0,0,-282,-281,-282,-207,-243,-281,4,26
LMR,5,1,4,4,7,-3623,0,1,0,0,0,-282,-281,-307,-246,-270,-257,1,3
LMR,12,9,11,10,2,6222,0,1,0,0,1,-282,-281,-282,-113,-281,-281,10,114
LMR,6,1,5,6,2,8642,0,1,0,0,0,-282,-281,-307,-94,-231,-187,2,4
LMR,4,1,3,4,3,4023,0,0,0,0,0,229,230,100,49,230,230,4,8
LMR,3,1,2,3,2,6220,0,0,0,0,0,229,230,133,36,234,231,6,9
LMR,5,1,4,5,9,-14176,0,1,0,0,1,-230,-229,-230,-138,-143,-230,4,23
LMR,5,1,4,5,2,6535,0,1,1,0,0,281,282,207,38,282,284,7,34
LMR,3,1,2,3,3,12352,0,0,0,0,0,-282,-281,-332,-533,-271,-271,4,4
LMR,3,1,2,3,2,11081,0,1,0,0,0,281,282,239,230,343,273,1,10
LMR,11,3,10,10,3,-3848,0,1,0,0,0,-282,-281,-283,-112,-273,-271,23,70
LMR,5,1,4,5,2,-1276,0,1,0,0,0,306,307,223,413,309,309,3,6
LMR,7,1,6,7,3,-5332,0,1,0,0,0,306,307,296,398,362,304,5,17
LMR,10,5,9,10,2,23414,0,1,0,0,0,306,307,222,420,402,307,8,14
LMR,4,1,3,4,3,-16204,0,1,0,0,0,306,307,278,254,1548,1548,0,0
LMR,3,1,2,3,2,-10962,0,1,0,1,0,306,307,244,342,353,345,2,2
LMR,6,1,5,6,2,-13860,0,1,0,0,0,306,307,282,316,397,326,1,3
LMR,7,4,6,6,2,12941,0,0,1,0,0,-307,-306,-307,-444,-255,-255,3,3
LMR,10,3,9,9,2,2070,0,1,0,0,0,306,307,261,521,307,307,4,11
LMR,5,1,4,5,2,7852,0,1,0,0,0,-307,-306,-315,-267,-251,-302,3,11
LMR,8,3,7,7,5,1476,0,0,0,0,1,-307,-306,-321,-377,-298,-296,6,9
LMR,9,5,8,8,2,13268,0,1,0,0,1,306,307,302,391,326,297,20,61
LMR,7,1,6,6,5,-7951,0,1,0,0,0,-282,-281,-294,-227,-265,-159,3,5
LMR,9,5,8,9,3,-1533,0,0,0,0,0,281,282,174,210,302,282,6,9
LMR,5,1,4,5,3,12579,0,1,0,0,0,-282,-281,-325,-250,-167,-288,4,13
LMR,6,1,5,6,3,-7633,0,1,0,0,0,-282,-281,-342,-183,-267,-287,1,32
LMR,6,1,5,5,9,2592,0,1,0,0,0,-282,-281,-287,-183,-254,-256,3,10
LMR,6,1,5,6,2,-6848,0,1,0,0,0,-282,-281,-327,-173,-145,-217,1,4
LMR,8,1,7,8,3,-8133,0,1,0,0,0,-282,-281,-357,-256,-234,-226,2,16
LMR,6,1,5,5,2,6282,0,1,0,0,0,-282,-281,-282,-120,-253,-213,1,7
LMR,6,1,5,6,14,-11685,0,1,0,0,0,-282,-281,-282,-134,-67,-165,1,10
LMR,11,5,10,9,11,-17142,0,0,0,0,1,281,282,279,290,282,282,14,12
LMR,3,1,2,2,4,-2830,0,1,0,0,0,-286,-285,-304,-163,-252,-258,3,2
LMR,7,1,6,7,2,-1968,0,1,1,0,0,-282,-281,-288,-251,-234,-222,3,11
LMR,9,3,8,8,2,12892,0,1,0,0,0,-282,-281,-303,-223,-251,-229,5,38
LMR,8,1,7,8,2,7091,0,1,0,0,0,-282,-281,-291,-130,-177,-260,1,13
LMR,5,2,4,5,4,3790,0,0,0,0,0,281,282,194,290,300,291,11,13
LMR,8,1,7,8,2,8332,0,1,0,0,0,-282,-281,-289,-212,-125,-214,3,9
LMR,5,1,4,4,2,13489,0,1,0,0,0,-282,-281,-285,-209,-261,-257,2,0
LMR,5,1,4,5,2,14009,0,1,0,0,0,306,307,232,312,315,319,3,5
LMR,5,1,4,4,10,-12839,0,1,0,0,0,306,307,296,352,307,307,4,2
LMR,7,1,6,6,4,489,0,0,0,0,0,-307,-306,-307,-345,-285,-289,11,7
LMR,8,1,7,7,9,-14147,0,1,0,0,0,306,307,292,329,307,341,6,24
LMR,9,7,8,8,3,22301,0,0,0,0,0,-307,-306,-307,-344,-298,-294,31,13
LMR,5,1,4,4,4,5624,0,1,0,0,0,306,307,297,512,309,309,5,6
LMR,10,5,9,10,3,11119,0,1,0,0,0,306,307,295,549,379,307,4,36
LMR,7,1,6,6,5,-12562,0,1,0,0,0,306,307,302,425,317,319,12,13
LMR,9,3,8,9,2,14657,0,1,0,0,0,306,307,209,384,314,317,5,43
LMR,6,1,5,6,5,-16906,0,1,0,0,0,306,307,262,262,331,346,4,14
LMR,7,4,6,7,3,-3805,0,0,0,0,0,-307,-306,-366,-218,-262,-340,3,22
LMR,7,1,6,7,22,-14636,0,0,0,0,0,-307,-306,-321,-218,-262,-270,2,8
LMR,9,4,8,8,8,-16255,0,0,0,0,1,306,307,306,245,325,325,9,10
LMR,5,1,4,4,2,7008,0,1,0,0,0,306,307,302,404,342,390,2,5
LMR,3,1,2,3,2,14725,0,1,0,0,0,-307,-306,-369,-339,-217,-274,4,2
LMR,9,3,8,8,5,-13166,0,1,0,0,1,-307,-306,-308,-275,-297,-306,16,30
LMR,5,1,4,3,6,-5612,0,1,0,0,0,-287,-286,-287,-102,-280,-287,2,6
LMR,5,1,4,4,12,-12762,0,1,0,0,0,-287,-286,-287,-102,-249,-229,2,5
LMR,3,1,2,3,2,4316,0,1,0,0,0,303,304,198,470,384,369,2,5
LMR,5,1,4,5,2,4467,0,1,0,0,0,285,286,279,513,383,373,2,5
LMR,4,2,3,4,2,2929,0,0,0,0,0,286,287,118,231,342,238,3,2
LMR,6,1,5,6,2,23739,0,1,0,0,0,-287,-286,-287,-154,-222,-225,1,5
LMR,9,2,8,9,2,-11430,0,1,0,0,1,-287,-286,-691,-336,-286,-271,6,37
LMR,10,4,9,10,14,-16329,0,0,0,0,1,286,287,279,278,336,272,10,45
LMR,5,1,4,5,2,16744,0,1,0,0,0,-287,-286,-395,-317,-286,-280,4,8
LMR,3,1,2,3,5,-1276,0,0,0,0,0,286,287,271,281,345,312,1,1
LMR,4,1,3,4,2,3645,0,1,0,0,0,-287,-286,-305,-323,-240,-248,3,13
LMR,5,1,4,4,5,-2363,0,1,0,0,0,-287,-286,-287,-309,-279,-278,5,9
LMR,5,1,4,4,2,19871,0,1,0,0,0,-287,-286,-315,-345,-265,-265,16,4
LMR,4,1,3,3,2,-2580,0,1,0,0,0,302,303,302,400,313,317,2,10
LMR,4,1,3,3,4,-13756,0,1,0,0,0,379,380,379,508,400,380,1,8
LMR,7,1,6,7,3,13620,0,1,0,0,0,306,307,197,334,348,341,3,13
LMR,5,1,4,5,4,-1455,0,0,0,0,0,-320,-319,-500,-625,-300,-296,4,8
LMR,7,1,6,7,2,6258,0,1,0,0,0,319,320,299,469,473,354,1,10
LMR,7,1,6,6,4,-2753,0,1,0,0,0,319,320,318,546,356,304,2,31
LMR,7,1,6,6,9,-6184,0,1,0,0,0,319,320,318,546,342,320,3,18
LMR,12,9,11,12,2,-1314,0,0,0,0,0,-320,-319,-774,-425,-306,-301,27,24
LMR,5,1,4,4,3,-16807,0,1,0,0,0,-295,-294,-295,-512,-261,-243,4,11
LMR,5,1,4,5,2,-7458,0,0,0,1,0,294,295,73,75,295,251,7,18
LMR,7,2,6,6,3,-6840,0,0,0,1,0,294,295,257,225,295,308,5,6
LMR,7,1,6,6,4,-11771,0,1,0,0,0,319,320,303,546,325,328,1,15
LMR,9,1,8,9,3,-11244,0,1,0,0,0,319,320,32,367,321,321,15,41
LMR,8,3,7,8,10,957,0,0,1,1,0,-320,-319,-328,-849,-273,-334,3,14
LMR,4,2,3,3,4,-5595,0,1,0,0,1,293,294,275,327,294,294,5,8
LMR,7,1,6,6,2,15029,0,1,1,0,0,319,320,286,339,332,331,4,19
LMR,5,1,4,5,2,15318,0,1,1,0,0,319,320,317,355,382,337,3,7
LMR,3,1,2,3,3,-11990,0,1,0,0,0,312,313,295,449,375,340,1,6
LMR,3,1,2,2,2,-8259,0,1,0,0,0,338,339,301,374,348,365,3,4
LMR,3,1,2,3,4,-4438,0,1,0,0,0,333,334,314,402,381,353,1,1
LMR,3,1,2,3,2,34223,0,1,0,0,0,347,348,279,349,349,350,8,15
LMR,10,8,9,9,17,-12983,1,0,0,0,1,-320,-294,-320,-309,-303,-303,159,0
LMR,6,1,5,6,3,-12248,0,1,0,0,0,319,320,295,532,496,377,1,10
LMR,3,1,2,2,2,6713,0,1,0,0,0,319,320,276,212,320,320,5,5
LMR,8,6,7,8,2,7732,0,0,1,0,0,-320,-319,-438,-720,-292,-320,5,29
LMR,3,1,2,3,2,-2521,0,0,0,0,0,-320,-319,-347,-396,-238,-252,2,2
LMR,4,1,3,4,8,-11107,0,1,0,0,0,319,320,288,520,344,377,6,16
LMR,5,1,4,4,2,8105,0,1,0,0,0,319,320,280,463,333,333,3,8
LMR,3,1,2,3,2,-15206,0,1,0,0,0,337,338,180,-535,751,658,1,1
LMR,5,1,4,5,8,-91,0,1,1,0,0,-304,-303,-304,-237,-205,-160,3,5
LMR,9,1,8,8,6,-14560,0,0,0,0,0,-337,-336,-338,-330,-308,-318,1,12
LMR,5,1,4,5,2,-11583,0,1,0,0,0,-304,-303,-320,-171,-229,-230,3,5
LMR,3,1,2,3,5,5251,0,1,0,0,0,-249,-248,-284,-188,22,-25,1,2
LMR,10,8,9,9,5,11271,0,1,0,0,1,-304,-303,-304,-300,-279,-269,28,43
LMR,6,1,5,5,5,-9195,0,1,0,0,0,-304,-303,-304,-17,-259,-304,5,18
LMR,6,1,5,5,12,131,0,1,0,0,0,-304,-303,-304,-17,-268,-264,2,10
LMR,4,2,3,3,2,5289,0,0,0,0,0,-337,-336,-358,-380,-336,-337,3,6
LMR,5,1,4,4,9,-14766,0,1,0,0,0,336,337,317,364,337,310,10,9
LMR,5,1,4,4,3,8768,0,1,0,0,0,335,336,325,436,351,338,4,8
LMR,8,6,7,8,2,15962,0,1,1,0,1,335,336,278,334,336,335,28,160
LMR,4,1,3,3,6,1905,0,1,0,0,0,-304,-303,-304,-258,-288,-304,4,5
LMR,5,1,4,4,6,-10977,0,1,0,0,0,335,336,309,423,336,315,1,7
LMR,6,1,5,5,2,-10460,0,1,0,0,0,-336,-335,-356,-168,-311,-316,1,4
LMR,3,1,2,2,4,-2766,0,1,0,0,1,-342,-341,-355,-321,-338,-342,3,11
LMR,3,1,2,2,5,-7522,0,1,0,0,1,-342,-341,-342,-321,-333,-341,2,8
LMR,3,1,2,2,2,-3231,0,1,0,0,0,-304,-303,-304,-304,-266,-279,3,2
LMR,4,2,3,3,3,13523,0,0,0,0,0,303,304,279,226,304,285,10,8
LMR,7,1,6,7,3,13223,0,1,0,0,0,-304,-303,-338,-237,-110,-294,1,3
LMR,5,1,4,4,2,16577,0,1,0,0,0,-304,-303,-330,-232,-288,-276,3,7
LMR,5,1,4,5,3,-1276,0,1,0,1,0,-127,-126,-159,8,-90,-79,3,7
LMR,6,1,5,6,2,-6636,0,1,0,0,0,-304,-303,-356,-78,-230,-233,2,6
LMR,5,1,4,3,5,-3805,0,1,0,0,0,-281,-280,-281,-199,-277,-302,2,3
LMR,3,1,2,2,2,-4846,0,1,0,0,0,302,303,302,262,350,356,5,2
LMR,4,1,3,3,3,1882,0,0,0,0,0,-303,-302,-342,-261,-299,-302,3,6
LMR,7,1,6,5,6,-8718,0,1,0,0,0,302,303,302,320,306,294,1,9
LMR,10,4,9,9,4,-7867,0,1,0,0,1,302,303,302,324,316,299,7,27
LMR,7,3,6,6,3,5696,0,1,0,0,1,302,303,283,269,320,353,4,16
LMR,5,1,4,5,2,4799,0,1,0,0,0,302,303,255,427,397,358,1,3
LMR,3,1,2,3,2,-6012,0,1,0,1,0,323,324,311,419,444,422,2,3
LMR,4,1,3,4,2,-5062,0,1,0,0,0,302,303,213,460,430,345,3,5
LMR,10,7,9,10,3,10395,0,0,0,0,0,-303,-302,-332,-335,-273,-312,11,24
LMR,3,1,2,3,2,6351,0,0,1,1,0,-295,-294,-295,-288,-212,-264,1,2
LMR,4,1,3,3,4,4115,0,1,0,0,0,292,293,278,239,293,293,4,8
LMR,5,1,4,5,8,-2076,0,1,0,0,0,302,303,289,439,414,303,1,14
LMR,7,1,6,7,12,-2535,0,0,1,0,0,-303,-302,-369,-433,-151,-192,1,2
LMR,5,1,4,4,7,-11892,0,1,0,0,0,302,303,298,518,309,306,5,10
LMR,4,1,3,4,2,16227,0,1,1,0,0,302,303,-416,214,577,1041,0,2
LMR,8,2,7,8,2,16007,0,1,1,0,0,302,303,205,342,304,303,5,96
LMR,7,1,6,7,14,4584,0,1,1,0,0,302,303,283,521,504,356,2,9
LMR,3,1,2,3,4,1365,0,0,0,0,0,-303,-302,-304,-416,-175,-256,3,6
LMR,3,1,2,3,2,7942,0,1,0,0,0,302,303,237,225,416,267,2,12
LMR,11,7,10,11,6,-11888,0,0,0,0,1,-303,-302,-357,-418,-290,-294,47,45
LMR,7,4,6,6,3,2389,0,0,0,0,0,302,303,279,277,313,313,14,12
LMR,9,5,8,9,2,22364,0,1,0,0,0,-303,-302,-879,-252,-294,-310,11,48
LMR,5,1,4,5,2,676,0,1,1,0,0,302,303,289,254,426,322,6,15
LMR,12,10,11,11,2,11045,0,1,0,0,1,302,303,294,356,310,303,101,163
LMR,3,1,2,2,2,10340,0,1,0,0,0,341,342,339,448,386,378,1,1
LMR,4,1,3,4,2,5941,0,1,0,0,0,341,342,296,488,383,342,2,12
LMR,4,1,3,4,2,1861,0,1,0,0,0,332,333,300,494,368,333,1,6
LMR,5,1,4,4,2,-10412,0,1,0,0,0,333,334,317,408,346,333,3,11
LMR,6,1,5,6,30,-13315,0,0,0,0,0,280,281,246,328,333,300,4,5
LMR,8,3,7,7,6,274,0,0,1,0,0,280,281,278,317,297,297,4,30
LMR,5,1,4,4,3,7068,0,1,0,0,0,-281,-280,-301,-213,-280,-280,6,6
LMR,5,1,4,4,3,-6280,0,1,0,0,0,-281,-280,-303,-224,-280,-264,5,8
LMR,5,1,4,4,3,6035,0,1,0,0,0,-281,-280,-290,-205,-249,-260,3,6
LMR,8,2,7,8,3,14834,0,1,0,0,0,-281,-280,-288,-193,-190,-236,5,25
LMR,4,1,3,3,5,-11237,0,1,0,0,1,-316,-315,-340,-247,-311,-316,1,8
LMR,5,1,4,5,3,-10737,0,0,0,0,0,280,281,204,188,322,315,4,5
LMR,5,1,4,5,12,-9884,0,1,0,0,0,-281,-280,-307,-269,-188,-309,1,12
LMR,5,1,4,4,2,5700,0,1,0,0,0,280,281,280,359,290,306,1,8
LMR,9,1,8,7,12,-18148,0,0,0,0,0,-281,-280,-281,-300,-280,-228,3,12
LMR,4,1,3,3,3,-4067,0,1,0,0,0,280,281,271,331,318,311,1,5
LMR,10,2,9,9,22,-13847,0,1,0,0,1,280,281,280,280,315,294,1,26
LMR,5,1,4,4,2,11921,0,1,0,0,0,-281,-280,-295,-228,-249,-249,1,1
LMR,12,5,11,11,7,-13876,0,1,0,0,1,-281,-280,-281,-176,-263,-255,9,43
LMR,12,5,11,11,2,4797,0,1,0,0,0,-281,-280,-309,-205,-280,-280,14,45
LMR,3,1,2,3,2,-976,0,0,0,0,0,280,281,268,243,348,316,5,5
LMR,9,7,8,8,2,10433,0,0,0,0,0,280,281,269,260,281,281,37,28
LMR,10,2,9,9,2,5575,0,1,0,0,0,-281,-280,-293,-126,-261,-281,2,68
LMR,10,1,9,8,4,-7991,0,1,0,0,0,-281,-280,-281,-126,-274,-286,1,23
LMR,7,1,6,7,3,-2914,0,1,0,0,0,-281,-280,-310,-221,-244,-271,1,9
LMR,10,1,9,9,6,-12855,0,1,0,0,0,-281,-280,-281,-126,-254,-276,2,39
LMR,3,1,2,3,2,336,0,0,0,0,0,248,249,172,241,258,256,2,5
LMR,4,1,3,3,4,-17897,0,1,0,1,0,-249,-248,-275,-213,-232,-254,7,9
LMR,4,1,3,2,8,-4880,0,1,0,0,1,-323,-322,-323,-305,-321,-326,2,9
LMR,7,1,6,6,2,10810,0,1,0,0,0,-281,-280,-297,-91,-280,-265,3,5
LMR,3,1,2,3,2,8922,0,1,0,0,0,-272,-271,-306,-415,140,-234,2,1
LMR,5,1,4,5,3,17163,0,1,0,0,0,-281,-280,-543,-259,-119,-194,3,4
LMR,4,1,3,3,2,20007,0,1,0,0,0,-281,-280,-301,-362,-261,-218,0,3
LMR,11,3,10,10,10,-9292,0,0,0,0,0,280,281,260,291,287,280,7,22
LMR,9,3,8,8,2,8847,0,1,0,0,0,-281,-280,-289,-249,-280,-210,7,16
LMR,6,1,5,5,19,-14894,0,1,0,0,0,-281,-280,-281,-207,-250,-250,4,9
LMR,5,1,4,5,2,1949,0,1,0,0,0,-279,-278,-334,-78,-249,-218,1,7
LMR,9,2,8,8,4,-4841,0,0,0,0,0,280,281,271,211,282,281,7,17
LMR,9,3,8,9,2,13732,0,1,0,0,0,-281,-280,-440,-168,-256,-281,2,51
LMR,9,2,8,8,3,5099,0,1,0,0,0,-281,-280,-281,-168,-238,-280,2,16
LMR,3,1,2,3,4,-13446,0,1,0,0,0,-281,-280,-606,-537,228,-267,0,1
LMR,4,1,3,2,5,-10133,0,1,0,0,0,-307,-306,-307,-299,-306,-306,2,2
LMR,10,1,9,8,5,-11928,0,1,0,0,0,-281,-280,-281,-297,-276,-254,4,8
LMR,3,1,2,2,3,6222,0,1,1,0,0,-281,-280,-281,-300,-255,-259,2,2
LMR,8,1,7,7,3,8491,0,1,1,0,0,-281,-280,-281,-11,-263,-280,5,23
LMR,6,4,5,6,2,8054,0,0,1,0,0,280,281,173,178,281,281,14,24
LMR,7,1,6,6,30,-13558,0,1,0,0,0,-281,-280,-281,-152,-269,-281,4,45
LMR,3,1,2,3,3,-6298,0,1,0,0,0,280,281,-170,286,327,318,2,4
LMR,6,1,5,4,8,-10501,0,1,0,0,1,280,281,280,303,283,308,3,12
LMR,3,1,2,3,10,-2038,0,0,1,1,0,-334,-333,-334,-702,-159,-271,6,5
LMR,4,1,3,3,2,6654,0,1,0,0,0,333,334,318,241,334,286,3,16
LMR,4,1,3,3,6,-17779,0,1,0,0,0,333,334,318,241,334,334,3,3
LMR,7,2,6,7,2,18391,0,1,0,0,0,333,334,233,389,354,323,6,21
LMR,5,1,4,5,3,-2361,0,1,1,1,0,-321,-320,-353,-201,-295,-321,2,20
LMR,5,1,4,3,4,6492,0,1,0,0,0,-321,-320,-321,-201,-314,-306,11,9
LMR,4,1,3,4,2,16012,0,1,0,0,0,-321,-320,-367,-268,-270,-316,2,5
LMR,7,2,6,6,2,14950,0,1,0,0,0,-290,-289,-341,-159,-289,-247,4,17
LMR,3,1,2,3,2,-14340,0,1,0,1,0,324,325,300,406,501,387,1,2
LMR,10,7,9,9,2,14355,0,1,0,0,1,-290,-289,-303,-289,-289,-291,27,63
LMR,4,1,3,2,4,-7502,0,1,0,0,0,333,334,333,433,337,334,2,4
LMR,3,1,2,3,2,13511,0,1,0,0,0,315,316,178,321,316,346,1,7
LMR,3,1,2,2,2,17479,0,1,0,0,0,-283,-282,-319,-152,-282,-282,3,3
LMR,5,1,4,5,2,13742,0,1,0,0,0,-286,-285,-708,-107,-253,-282,4,9
LMR,4,1,3,4,4,-12935,0,1,0,0,0,-286,-285,-359,-269,-255,-136,2,6
LMR,5,1,4,4,6,15358,0,1,0,0,0,-286,-285,-301,-198,-265,-273,9,4
LMR,3,1,2,3,2,229,0,1,1,0,0,-109,-108,-129,-263,-20,-35,1,3
LMR,4,1,3,3,3,-87,0,0,0,0,0,108,109,58,91,109,109,2,7
LMR,6,1,5,6,20,-15852,0,1,0,0,0,-286,-285,-286,-180,-232,-265,2,8
LMR,5,1,4,4,4,-7676,0,1,0,0,0,305,306,305,411,321,297,2,4
LMR,5,1,4,4,22,-10767,0,1,0,0,0,305,306,305,411,350,293,2,20
LMR,3,1,2,3,2,17719,0,1,0,0,0,-242,-241,-280,-46,-133,-152,2,4
LMR,4,2,3,3,3,10102,0,0,0,0,0,276,277,276,253,329,277,3,7
LMR,7,1,6,7,2,-2346,0,1,0,0,0,-286,-285,-558,-292,-236,-271,1,6
LMR,9,3,8,8,6,-12688,0,0,0,0,0,285,286,272,196,307,273,4,13
LMR,7,3,6,6,2,6954,0,1,0,0,1,-286,-285,-308,-195,-285,-228,6,14
LMR,3,1,2,2,5,-2967,0,0,0,0,0,258,259,252,282,297,290,2,4
LMR,5,1,4,5,5,-14473,0,1,0,0,0,-286,-285,-304,-170,-199,-214,2,2
LMR,8,1,7,7,4,5418,0,1,0,0,0,-286,-285,-303,-70,-270,-266,2,39
LMR,5,1,4,5,2,-3871,0,1,0,0,0,-292,-291,-348,-246,-240,-215,3,8
LMR,9,3,8,9,2,25933,0,1,0,0,0,-286,-285,-1131,-176,-255,-258,5,20
LMR,6,1,5,5,22,-13478,0,1,0,0,0,-286,-285,-294,-286,-251,-251,5,10
LMR,7,2,6,7,6,-4570,0,0,0,0,0,285,286,219,18,286,255,14,33
LMR,4,2,3,4,2,6708,0,1,0,0,1,-288,-287,-492,-225,-285,-285,4,16
LMR,6,1,5,6,2,5162,0,1,1,1,0,-273,-272,-346,-143,31984,31984,0,0
LMR,12,9,11,11,2,4761,0,0,1,0,0,272,273,248,194,276,276,65,55
LMR,4,1,3,4,2,7773,0,1,0,0,0,284,285,223,337,338,319,1,13
LMR,7,2,6,7,3,-14984,0,0,0,0,0,-285,-284,-373,-373,-146,-277,1,6
LMR,7,2,6,7,2,15971,0,1,0,0,0,284,285,70,333,373,277,4,10
LMR,5,1,4,4,2,7780,0,1,0,0,0,284,285,271,330,308,316,4,7
LMR,7,1,6,6,6,10101,0,1,0,0,0,284,285,277,333,300,310,7,25
LMR,6,3,5,6,2,-791,0,0,0,0,0,-285,-284,-343,-387,-213,-284,5,15
LMR,10,6,9,9,3,8952,0,0,1,0,0,-285,-284,-306,-429,-284,-284,47,30
LMR,3,1,2,2,3,2439,0,1,1,0,0,-288,-287,-288,-303,-235,-268,7,4
LMR,5,1,4,5,2,6923,0,1,1,0,0,-273,-272,-337,-224,-262,-273,1,17
LMR,9,7,8,8,2,10902,0,0,1,0,0,272,273,252,-110,273,273,49,11
LMR,4,1,3,3,3,2395,0,1,0,0,0,272,273,260,378,311,310,6,12
LMR,6,1,5,5,2,6024,0,1,0,0,0,272,273,264,380,310,302,3,31
LMR,5,1,4,5,3,-6052,0,1,0,0,0,-274,-273,-280,-40,-52,-91,1,1
LMR,5,1,4,4,3,612,0,0,0,0,0,273,274,253,227,274,274,7,28
LMR,6,1,5,5,2,24570,0,1,0,0,0,-274,-273,-274,-116,-257,-274,2,43
LMR,6,1,5,5,3,17081,0,1,0,0,0,-274,-273,-274,-116,-241,-242,2,5
LMR,4,1,3,4,2,-7811,0,0,0,0,0,214,215,151,132,260,224,2,8
LMR,4,1,3,4,3,20655,0,1,0,0,0,-215,-214,-289,-257,-137,-222,1,12
LMR,3,1,2,3,5,-9779,0,0,0,0,0,287,288,287,294,375,323,1,4
LMR,10,4,9,10,2,8695,0,1,0,0,0,-274,-273,-324,-183,-225,-252,8,28
LMR,5,1,4,5,4,5003,0,1,1,0,0,-274,-273,-321,-515,-234,-234,4,4
LMR,4,1,3,4,17,-1448,0,1,1,0,0,-274,-273,-274,-199,-89,-234,1,5
LMR,7,1,6,7,2,3071,0,1,0,0,0,-274,-273,-277,-11,-148,-170,2,4
LMR,5,1,4,4,4,-9497,0,1,0,0,0,273,274,265,343,274,274,3,7
LMR,4,1,3,4,2,-12859,0,1,0,1,0,273,274,273,371,562,376,2,2
LMR,4,1,3,3,4,9389,0,1,0,0,0,302,303,291,304,321,318,1,3
LMR,6,1,5,4,15,-10706,0,1,0,0,0,284,285,278,274,285,285,3,4
LMR,7,1,6,6,7,-3528,0,0,0,0,0,-285,-284,-292,-285,-284,-285,13,21
LMR,7,1,6,5,19,-10570,0,0,0,0,0,-285,-284,-285,-285,-284,-284,6,9
LMR,5,2,4,5,3,1756,0,0,0,0,0,258,259,216,346,303,299,2,6
LMR,6,2,5,6,3,-7735,0,0,0,0,0,284,285,152,13,360,360,3,3
LMR,6,1,5,6,2,7251,0,1,0,0,0,-285,-284,-466,-252,-13,-349,1,9
LMR,6,1,5,6,16,-14276,0,1,0,0,0,-285,-284,-285,-252,-160,-188,3,9
LMR,5,1,4,5,4,-5102,0,1,0,0,0,-247,-246,-265,-118,36,-202,1,6
LMR,6,1,5,6,2,-8900,0,1,0,0,0,-247,-246,-247,-52,-190,-232,2,26
LMR,6,1,5,6,2,740,0,1,0,0,0,-280,-279,-361,-173,-231,-231,2,3
LMR,8,2,7,8,2,11522,0,1,0,0,0,-285,-284,-509,-210,-277,-277,7,15
LMR,3,1,2,2,5,-4609,0,1,0,0,0,-255,-254,-277,-156,-254,-254,7,6
LMR,4,2,3,3,5,11788,0,0,0,0,0,254,255,254,212,275,275,6,7
LMR,4,1,3,4,2,12799,0,1,0,0,0,-255,-254,-269,-138,-212,-271,7,37
LMR,4,1,3,3,3,14382,0,1,0,0,0,-248,-247,-268,-180,-241,-223,2,9
LMR,3,1,2,2,3,5019,0,1,0,0,0,-240,-239,-242,-204,-192,-264,1,3
LMR,4,1,3,4,4,-4397,0,0,0,0,0,284,285,217,194,318,304,6,9
LMR,4,1,3,4,3,-3258,0,1,0,0,0,-285,-284,-334,-317,-239,-300,1,18
LMR,7,3,6,7,7,-3616,0,0,0,0,0,284,285,205,164,300,312,33,17
LMR,9,2,8,9,7,-12536,0,0,0,0,0,284,285,128,95,339,323,6,17
LMR,9,1,8,9,2,-3029,0,1,0,0,0,-285,-284,-733,-178,-95,-319,2,28
LMR,11,1,10,11,16,-16710,0,1,0,0,0,-285,-284,-306,-318,-238,-285,2,80
LMR,4,1,3,4,12,-623,0,0,1,1,0,-285,-284,-789,-1395,-223,-262,4,2
LMR,10,1,9,9,4,-11809,0,1,0,0,0,-285,-284,-313,-434,-284,-274,6,20
LMR,11,5,10,11,5,1376,0,0,0,0,0,284,285,104,118,293,274,10,37
LMR,3,1,2,3,3,-824,0,1,0,0,0,-285,-284,-526,-251,-91,-184,3,4
LMR,5,1,4,4,6,114,0,1,0,0,0,-285,-284,-299,-50,-257,-257,1,5
LMR,11,6,10,9,2,6956,0,1,0,0,1,-285,-284,-285,-290,-282,-282,38,162
LMR,13,7,12,11,9,-18869,0,0,0,0,1,284,285,284,273,290,282,99,358
LMR,5,1,4,5,4,-13365,0,1,0,0,0,291,292,242,380,426,308,1,16
LMR,3,1,2,3,2,26745,0,1,0,0,0,-285,-284,-429,-255,-284,-284,2,4
LMR,3,1,2,3,8,-14422,0,1,0,0,0,-227,-226,-227,-105,-156,-201,1,3
LMR,3,1,2,3,2,1004,0,0,0,0,0,-291,-290,-291,-364,-216,-251,8,2
LMR,3,1,2,3,3,11754,0,1,0,0,0,-288,-287,-312,-123,-212,-225,1,1
LMR,8,1,7,8,2,-9001,0,1,0,0,0,-273,-272,-353,-157,-269,-280,2,39
LMR,8,1,7,7,3,-4730,0,1,0,0,0,-273,-272,-280,-157,-251,-275,1,31
LMR,6,1,5,6,3,6380,0,1,0,0,0,-273,-272,-294,-125,-170,-286,9,10
LMR,8,1,7,8,11,-12877,0,1,0,0,0,-273,-272,-275,-157,-208,-281,1,56
LMR,3,1,2,3,2,-2453,0,1,0,0,0,272,273,159,264,280,279,5,9
LMR,5,1,4,5,5,-17883,0,1,0,0,0,284,285,198,468,338,352,2,10
LMR,7,1,6,7,6,-611,0,1,0,0,0,284,285,262,365,339,313,4,34
LMR,10,1,9,10,15,-15298,0,0,0,0,0,-285,-284,-309,-346,-230,-251,2,12
LMR,3,1,2,3,2,-2867,0,0,0,0,0,287,288,254,295,319,313,2,4
LMR,4,1,3,2,4,-2551,0,1,0,0,0,-288,-287,-288,-211,-284,-284,2,0
LMR,5,1,4,4,10,-9017,0,1,0,0,0,-273,-272,-277,-270,-232,-239,1,4
LMR,3,1,2,2,5,-7548,0,0,0,0,0,309,310,289,400,316,316,3,1
LMR,5,1,4,4,3,7836,0,1,0,0,0,309,310,309,374,331,297,2,6
LMR,3,1,2,3,2,-1276,0,1,0,0,0,-220,-219,-482,-204,-189,-103,1,2
LMR,5,2,4,4,4,3031,0,0,0,0,1,307,308,307,307,318,318,7,9
LMR,6,4,5,5,2,4866,0,1,0,0,1,-308,-307,-318,-179,-307,-316,8,25
LMR,6,4,5,5,5,15420,0,1,0,0,1,-308,-307,-316,-179,-306,-308,6,9
LMR,3,1,2,2,5,-10523,0,0,0,1,0,282,283,282,147,335,335,3,3
LMR,4,1,3,3,14,-864,0,1,0,0,0,-283,-282,-318,-363,-282,-322,8,12
LMR,4,1,3,4,2,525,0,1,1,1,0,-78,-77,-86,-610,-26,-41,3,7
LMR,5,1,4,5,4,14125,0,1,0,0,0,-273,-272,-293,-79,-213,-273,1,34
LMR,5,1,4,5,6,6810,0,1,0,0,0,-273,-272,-273,-79,-210,-210,3,8
LMR,5,1,4,5,4,-8085,0,1,0,0,0,-273,-272,-370,-123,-264,-264,2,10
LMR,4,1,3,4,3,8810,0,1,0,0,0,-273,-272,-360,-257,-179,-230,5,10
LMR,6,2,5,6,2,24059,0,1,0,0,0,-273,-272,-393,-108,-159,-172,5,6
LMR,5,1,4,4,2,9592,0,1,0,0,0,-273,-272,-273,-145,-254,-220,1,3
LMR,6,1,5,6,2,7347,0,1,0,0,0,-273,-272,-310,-53,-252,-228,2,15
LMR,4,1,3,3,6,11157,0,1,0,0,0,-273,-272,-285,-210,-264,-264,2,2
LMR,5,2,4,4,2,-3178,0,0,0,0,0,272,273,265,199,273,273,6,8
LMR,5,1,4,5,3,11965,0,1,0,0,0,-273,-272,-356,-83,-245,-273,1,26
LMR,5,1,4,3,3,-5956,0,0,0,0,0,272,273,272,211,277,277,2,3
LMR,5,1,4,5,15,-11175,0,1,0,0,0,-273,-272,-273,-83,-211,-276,2,14
LMR,4,1,3,3,2,-7211,0,0,0,0,0,272,273,266,177,282,280,6,4
LMR,5,1,4,4,22,2596,0,1,0,0,0,-273,-272,-273,-83,-254,-278,1,13
LMR,10,1,9,9,21,-18065,0,1,0,0,1,-273,-272,-273,-273,-230,-197,1,8
LMR,13,6,12,11,21,-17064,0,0,0,0,1,272,273,272,234,273,203,81,39
LMR,5,1,4,5,2,11320,0,1,0,0,0,-273,-272,-401,-165,-46,-86,2,3
LMR,7,1,6,6,2,13940,0,1,1,0,0,-273,-272,-279,-246,-234,-232,11,20
LMR,6,1,5,6,3,-9808,0,1,0,0,0,272,273,-1259,548,539,301,1,11
LMR,8,1,7,8,7,-8868,0,1,0,0,0,272,273,246,447,391,297,1,23
LMR,6,1,5,6,2,13195,0,1,1,0,0,272,273,74,121,385,365,1,6
LMR,5,1,4,4,2,17839,0,1,0,0,0,272,273,226,282,273,277,23,21
LMR,7,4,6,6,2,31627,0,1,0,0,0,284,285,255,303,290,273,6,9
LMR,11,6,10,10,2,11975,0,1,0,0,0,284,285,273,484,285,285,12,21
LMR,5,1,4,4,6,-8658,0,1,0,0,0,284,285,254,450,302,302,1,7
LMR,7,1,6,7,2,7735,0,1,0,0,0,284,285,281,426,356,285,3,33
LMR,3,1,2,2,3,3655,0,0,0,0,0,-285,-284,-296,-326,-275,-280,5,2
LMR,4,2,3,3,2,41447,0,1,0,0,0,284,285,281,476,317,327,2,4
LMR,3,1,2,2,2,31672,0,1,0,0,0,284,285,284,313,304,306,6,6
LMR,3,1,2,3,6,1196,0,1,0,0,0,419,420,359,598,568,541,1,2
LMR,5,1,4,4,3,9220,0,1,1,0,0,368,369,340,318,385,385,2,8
LMR,6,1,5,6,3,-15232,0,0,0,0,0,-285,-284,-701,-1227,-132,-251,1,8
LMR,9,1,8,8,2,-14405,0,1,0,0,0,284,285,255,789,304,399,4,14
LMR,3,1,2,2,2,-4894,0,1,0,0,1,295,296,287,351,299,328,2,13
LMR,4,1,3,4,4,2944,0,1,0,0,1,378,379,325,441,648,511,1,2
LMR,5,1,4,5,2,10335,0,1,0,0,0,-277,-276,-277,-98,-117,-268,2,7
LMR,5,1,4,4,9,-9081,0,1,0,0,0,301,302,280,496,325,333,5,10
LMR,3,1,2,3,4,-4153,0,1,0,0,0,-254,-253,-263,-59,-184,-152,3,3
LMR,5,1,4,4,13,-4391,0,1,1,1,0,-263,-262,-266,-244,-230,-243,10,4
LMR,5,1,4,5,2,9572,0,1,0,0,0,-273,-272,-283,-228,-209,-271,1,14
LMR,4,2,3,4,2,14004,0,0,0,0,0,272,273,148,35,349,321,6,3
LMR,10,4,9,9,15,-11485,0,0,0,0,1,272,273,272,175,285,305,21,27
LMR,9,1,8,8,10,-8895,0,1,0,0,0,301,302,259,481,304,328,5,24
LMR,5,1,4,5,4,-6636,0,1,0,0,0,-273,-272,-312,-104,-143,-262,2,5
LMR,4,1,3,4,4,-11300,0,1,0,0,0,-273,-272,-273,-105,-94,-232,1,3
LMR,9,1,8,9,13,-5434,0,1,0,0,0,-273,-272,-273,-55,-216,-240,1,20
LMR,9,1,8,7,2,1925,0,1,0,0,0,-273,-272,-279,-113,-272,-273,4,22
LMR,9,1,8,8,4,6373,0,1,0,0,0,-273,-272,-273,-113,-256,-234,1,9
LMR,3,1,2,2,3,4190,0,0,0,0,0,95,96,79,92,96,96,12,1
LMR,7,1,6,7,3,19597,0,1,0,0,0,-273,-272,-349,20,-207,-222,3,9
LMR,5,1,4,5,3,4858,0,1,0,0,0,-273,-272,-318,-253,-203,-246,3,5
LMR,10,1,9,9,4,4540,0,1,0,0,0,-273,-272,-273,9,-252,-273,4,52
LMR,3,1,2,3,2,4572,0,0,0,0,0,95,96,39,-91,125,120,1,1
LMR,10,2,9,10,10,16185,0,1,0,0,0,-273,-272,-273,9,-214,-237,2,27
LMR,5,1,4,4,2,10669,0,1,1,0,0,-291,-290,-300,-261,-281,-276,3,6
LMR,4,1,3,3,2,5160,0,1,0,0,0,-273,-272,-277,-96,-243,-273,1,14
LMR,4,1,3,3,11,-11175,0,1,0,0,0,-273,-272,-273,-96,-252,-252,7,5
LMR,5,1,4,5,2,11791,0,1,0,0,0,-273,-272,-294,-182,-199,-248,5,5
LMR,8,1,7,8,2,7210,0,1,0,0,0,-273,-272,-328,-43,-233,-252,3,28
LMR,7,1,6,7,2,16739,0,1,0,0,0,-273,-272,-288,-46,-211,-230,6,10
LMR,4,1,3,3,3,4058,0,1,0,0,0,-277,-276,-305,-199,-276,-276,2,4
LMR,4,1,3,2,3,9205,0,1,0,0,0,-273,-272,-273,-230,-271,-271,6,5
LMR,7,1,6,7,3,19385,0,1,0,0,0,-273,-272,-305,-352,-179,-271,5,40
LMR,5,1,4,5,2,18365,0,1,0,0,0,-273,-272,-1053,-169,-237,-254,5,5
LMR,4,1,3,4,2,13288,0,1,0,0,0,-238,-237,-284,-187,-175,-186,2,4
LMR,4,1,3,4,3,-9915,0,0,0,0,0,272,273,239,212,621,474,0,3
LMR,5,1,4,5,2,6183,0,1,0,0,0,-273,-272,-433,-193,-149,-171,1,2
LMR,4,1,3,4,3,-2610,0,0,0,0,0,272,273,200,82,296,290,2,7
LMR,5,1,4,5,2,-10710,0,1,0,0,0,-273,-272,-286,-153,-133,-208,1,2
LMR,4,1,3,4,5,5714,0,1,0,0,0,-273,-272,-279,-128,-48,-245,1,1
LMR,5,1,4,5,2,-7027,0,1,0,0,0,-273,-272,-323,-95,-209,-250,2,19
LMR,5,1,4,5,3,-721,0,1,0,0,0,-273,-272,-340,-247,-100,-165,2,3
LMR,3,1,2,3,2,13122,0,1,0,0,0,-254,-253,-538,-57,-151,-209,2,3
LMR,11,5,10,11,2,9420,0,1,1,0,0,272,273,268,285,339,273,17,61
LMR,4,1,3,4,2,4741,0,1,1,0,0,272,273,168,318,425,393,3,6
LMR,5,3,4,5,2,31,0,1,0,0,1,263,264,207,347,266,264,8,15
LMR,5,1,4,5,2,23510,0,1,0,0,0,-273,-272,-288,-44,-228,-270,3,0
LMR,5,2,4,4,8,-7446,0,1,0,0,1,-299,-298,-329,-259,-298,-281,5,5
LMR,7,1,6,7,3,-15369,0,1,0,0,0,-273,-272,-323,-108,-214,-276,1,12
LMR,7,1,6,7,10,-9839,0,1,0,0,0,-273,-272,-276,-108,-181,-256,3,6
LMR,7,1,6,5,20,-16853,0,1,0,0,0,-273,-272,-275,-274,-268,-268,3,6
LMR,9,5,8,8,2,-3174,0,0,0,0,0,272,273,258,213,274,268,15,31
LMR,7,4,6,7,2,4021,0,0,0,0,0,272,273,124,325,328,328,3,8
LMR,3,1,2,3,5,-17066,0,0,0,0,0,314,315,151,325,380,369,1,3
LMR,11,8,10,10,2,-2688,0,0,0,0,0,272,273,268,272,276,278,23,23
LMR,6,1,5,6,8,-4875,0,1,0,0,0,272,273,258,247,313,277,5,23
LMR,4,2,3,3,2,10683,0,1,1,0,1,272,273,251,362,273,257,2,7
LMR,6,1,5,5,21,-8345,0,1,0,0,1,272,273,259,329,274,270,4,6
LMR,5,1,4,5,9,-9681,0,1,0,0,0,-273,-272,-299,-253,-240,-240,2,4
LMR,12,6,11,10,2,-16271,0,1,0,0,1,-273,-272,-273,-259,-270,-272,47,79
LMR,5,1,4,4,2,12037,0,1,0,0,0,-291,-290,-291,-238,-238,-215,2,5
LMR,13,7,12,13,2,7945,0,1,0,0,0,-250,-249,-282,311,-211,-171,7,18
LMR,5,3,4,4,2,5771,0,0,1,0,0,72,73,68,-656,97,97,9,6
LMR,3,1,2,3,7,9009,0,1,1,1,0,-73,-72,-167,-454,1027,87,2,2
LMR,6,3,5,6,3,1446,0,0,1,0,0,249,250,178,-13,267,254,17,28
LMR,7,4,6,7,2,566,0,0,1,0,0,249,250,100,-194,255,257,8,16
LMR,9,2,8,9,4,17107,0,1,0,0,0,-250,-249,-253,-50,-198,-255,12,37
LMR,4,1,3,4,2,2690,0,1,1,1,0,-250,-249,-405,-301,31980,31980,0,0
LMR,9,3,8,9,3,676,0,0,1,0,0,249,250,207,-562,313,321,5,11
LMR,9,1,8,9,5,1615,0,1,0,0,0,-250,-249,-253,-50,-170,-313,12,31
LMR,7,3,6,6,9,9714,0,0,1,1,0,-491,-490,-542,-825,-490,-490,5,4
LMR,11,8,10,11,2,1415,0,0,0,0,0,-250,-249,-279,-431,-178,-203,14,31
LMR,6,1,5,5,13,-1867,0,1,1,1,0,-250,-249,-258,-165,-235,-202,2,4
LMR,12,8,11,10,2,23795,0,1,0,0,1,-250,-249,-253,-250,-249,-249,167,0
LMR,15,10,14,13,10,-2992,0,0,0,0,1,249,250,247,128,250,249,210,197
LMR,4,1,3,4,2,3978,0,1,1,0,0,249,250,122,-399,803,320,0,4
LMR,9,1,8,9,3,-783,0,1,0,0,0,-250,-249,-306,-10,-214,-177,6,16
LMR,5,1,4,5,2,12841,0,1,0,0,0,-250,-249,-556,35,25,-165,1,1
LMR,5,1,4,5,2,343,0,1,0,0,0,-250,-249,-532,-311,-213,-158,2,13
LMR,3,1,2,3,7,10792,0,1,1,1,0,-491,-490,-604,-846,556,-364,2,2
LMR,5,1,4,5,2,8611,0,1,1,0,0,-276,-275,-405,6,-249,-249,2,0
LMR,6,4,5,6,2,35825,0,1,0,0,0,-276,-275,-356,221,-175,-253,3,13
LMR,4,1,3,4,15,653,0,1,1,1,0,-250,-249,-271,-338,-125,-147,2,2
LMR,4,2,3,4,2,3862,0,0,1,0,0,249,250,166,227,338,167,6,17
LMR,5,1,4,5,3,12397,0,1,0,0,0,-250,-249,-443,-223,-249,-233,5,9
LMR,3,1,2,3,2,2791,0,1,1,1,0,-250,-249,-352,-315,-246,-246,3,3
LMR,5,3,4,4,3,5579,0,1,0,0,1,-252,-251,-257,-121,-227,-224,8,6
LMR,6,2,5,6,3,-13121,0,0,0,0,0,249,250,212,438,282,260,13,12
LMR,3,1,2,3,2,9943,0,1,0,0,0,249,250,185,170,250,250,9,6
LMR,5,1,4,5,2,-1482,0,1,0,0,0,249,250,119,404,369,250,3,9
LMR,4,1,3,4,2,-6287,0,1,0,0,0,249,250,229,354,295,272,3,11
LMR,6,1,5,5,4,1385,0,1,0,0,0,249,250,249,343,294,267,11,25
LMR,5,1,4,5,2,-5540,0,1,0,0,0,-250,-249,-633,-62,-249,-249,7,16
LMR,4,1,3,4,2,26838,0,1,0,0,0,-250,-249,-290,-341,-220,-220,1,0
LMR,5,2,4,4,2,32495,0,1,0,0,0,-250,-249,-263,-161,-234,-238,2,0
LMR,10,7,9,8,3,4935,0,0,0,0,1,249,250,249,238,250,250,39,42
LMR,12,7,11,10,3,7716,0,1,0,0,1,-250,-249,-250,-275,-249,-250,83,327
LMR,4,1,3,4,3,-1239,0,1,0,0,0,249,250,246,273,478,280,1,18
LMR,14,9,13,12,9,-14609,0,0,0,0,1,249,250,249,272,250,250,209,519
LMR,5,1,4,3,4,-9632,0,1,0,0,0,249,250,248,268,250,250,7,5
LMR,8,6,7,8,2,952,0,0,0,0,0,249,250,-164,331,269,261,19,20
LMR,5,1,4,4,5,-8886,0,1,0,0,0,249,250,249,364,269,276,5,12
LMR,4,1,3,3,3,-9550,0,1,0,0,0,283,284,278,381,316,316,2,13
LMR,6,1,5,6,10,-2644,0,1,0,0,0,-251,-250,-270,-270,-115,-234,1,14
LMR,7,4,6,7,4,480,0,0,0,0,0,250,251,63,191,270,236,6,23
LMR,7,3,6,6,12,676,0,0,1,0,0,250,251,236,191,274,250,15,4
LMR,7,1,6,7,6,4931,0,1,0,0,0,-251,-250,-264,-137,-143,-158,1,5
LMR,9,2,8,9,2,16269,0,1,0,0,0,-251,-250,-379,-26,-163,-225,3,10
LMR,3,1,2,3,10,2854,0,1,0,0,0,-236,-235,-261,-98,-187,-195,3,4
LMR,6,1,5,6,2,10559,0,1,1,0,0,250,251,75,-304,251,251,17,31
LMR,5,1,4,4,5,-11319,0,1,0,0,0,-251,-250,-251,-251,-240,-245,4,13
LMR,8,3,7,6,4,-12707,0,0,0,0,0,250,251,247,244,251,245,31,25
LMR,8,2,7,6,5,-8248,0,0,0,0,0,250,251,247,244,251,251,29,29
LMR,10,1,9,8,6,-19016,0,1,0,0,0,-251,-250,-251,-70,-249,-251,4,125
LMR,10,7,9,9,3,-11666,0,0,0,0,1,250,251,241,240,251,251,422,42
LMR,3,1,2,2,2,14724,0,1,0,0,0,332,333,289,367,333,343,2,9
LMR,4,2,3,4,3,13925,0,0,0,0,0,251,252,156,96,252,243,4,7
LMR,3,1,2,3,3,13328,0,1,0,0,0,-280,-279,-345,-99,-190,-224,2,3
LMR,3,1,2,2,3,3537,0,1,1,0,0,277,278,264,278,283,282,2,3
LMR,5,1,4,5,2,-7786,0,1,0,0,0,250,251,-280,483,303,311,6,16
LMR,6,2,5,5,2,29989,0,1,0,0,0,250,251,228,619,259,263,14,11
LMR,5,1,4,5,2,16289,0,1,1,0,0,250,251,-1340,560,416,685,0,1
LMR,4,1,3,4,2,27823,0,1,0,0,0,-251,-250,-387,-518,-246,-247,5,11
LMR,9,7,8,9,2,10724,0,0,1,0,0,-251,-250,-440,-616,-247,-247,56,26
LMR,4,1,3,4,5,-1276,0,1,0,0,0,-251,-250,-252,-261,-171,-180,1,1
LMR,6,1,5,6,13,-4804,0,1,0,0,0,-251,-250,-258,-258,-82,-213,1,6
LMR,8,1,7,7,6,-8508,0,0,0,0,0,250,251,233,212,258,218,6,18
LMR,4,1,3,4,15,-5666,0,1,0,0,0,-251,-250,-251,-184,-163,-158,1,6
LMR,4,1,3,4,6,-1951,0,0,0,0,0,250,251,245,228,323,291,1,6
LMR,4,1,3,4,3,2396,0,1,0,0,0,-251,-250,-295,-319,-228,-283,3,13
LMR,7,4,6,6,5,-14002,0,0,0,0,1,250,251,235,287,254,251,20,40
LMR,11,7,10,9,2,2242,0,1,1,0,1,250,251,247,345,251,251,163,11
LMR,9,4,8,9,2,-9144,0,0,0,0,0,-251,-250,-251,-370,-137,-248,5,8
LMR,12,8,11,10,2,28013,0,1,0,0,0,250,251,248,337,251,275,31,62
LMR,5,1,4,5,12,-1312,0,0,1,0,0,-251,-250,-285,-431,-229,-229,4,3
LMR,5,1,4,5,2,8187,0,1,0,0,0,250,251,103,478,425,232,3,15
LMR,5,1,4,5,9,-17976,0,1,0,0,0,250,251,232,478,309,307,3,12
LMR,6,1,5,6,4,-5923,0,1,0,0,0,250,251,189,550,348,251,1,58
LMR,3,1,2,3,3,13572,0,0,0,0,0,-251,-250,-347,-452,-250,-250,3,6
LMR,6,1,5,5,9,-7177,0,1,0,0,0,250,251,250,459,267,248,1,9
LMR,5,1,4,5,2,12851,0,1,0,0,0,-251,-250,-545,-347,-226,-250,1,24
LMR,5,2,4,4,2,1962,0,1,0,0,1,261,262,244,292,262,261,9,9
LMR,3,1,2,3,2,10255,0,1,0,0,0,-251,-250,-261,-31,-136,-250,2,4
LMR,7,3,6,5,2,-6570,0,1,0,0,1,-251,-250,-251,-250,-250,-251,4,15
LMR,4,1,3,2,2,20326,0,1,0,0,0,250,251,250,366,256,251,2,4
LMR,6,1,5,5,2,1105,0,1,0,0,0,-248,-247,-248,-156,-231,-247,3,11
LMR,3,1,2,3,3,3177,0,1,0,0,0,-288,-287,-289,-226,-215,-268,2,5
LMR,3,1,2,3,2,42057,0,1,0,0,0,-248,-247,-248,-49,-160,-180,4,5
LMR,4,1,3,2,3,20151,0,1,0,0,0,-253,-252,-253,-119,-249,-249,2,4
LMR,4,2,3,4,6,-8492,0,1,0,0,1,-247,-246,-268,-131,-138,-228,6,10
LMR,6,1,5,6,11,-232,0,1,1,1,0,-253,-252,-261,-183,-197,416,2,3
LMR,3,1,2,3,8,6317,0,1,0,0,0,-280,-279,-312,-69,-181,-251,1,1
LMR,4,1,3,4,3,2780,0,0,0,0,0,252,253,230,217,285,270,1,11
LMR,8,4,7,8,2,-2574,0,0,0,0,0,252,253,-498,91,264,264,14,23
LMR,8,1,7,8,6,11674,0,1,0,0,0,-253,-252,-260,-69,-161,-262,1,40
LMR,12,9,11,11,4,-8725,0,0,0,0,1,252,253,243,247,260,253,96,90
LMR,11,5,10,10,5,-1941,0,1,0,0,1,-253,-252,-253,-238,-230,-253,15,29
LMR,5,1,4,4,4,-15591,0,1,0,0,0,252,253,219,219,261,239,5,4
LMR,5,1,4,5,2,-11107,0,0,0,0,0,-253,-252,-321,-337,-219,-239,2,16
LMR,5,1,4,5,3,8332,0,1,0,0,0,252,253,220,327,292,241,1,20
LMR,7,1,6,7,2,-12276,0,1,0,0,0,-253,-252,-426,-205,-239,-254,2,23
LMR,7,1,6,6,5,10763,0,1,0,0,0,-253,-252,-254,-205,-227,-248,1,12
LMR,10,5,9,9,2,-11588,0,1,0,0,1,-253,-252,-253,-246,-241,-252,27,130
LMR,4,1,3,4,2,10877,0,1,0,0,0,-259,-258,-323,-130,10,-194,1,3
LMR,3,1,2,3,2,-14501,0,1,0,0,0,-265,-264,-265,72,-175,-201,1,3
LMR,4,2,3,3,2,5882,0,1,0,0,1,-289,-288,-300,-156,-275,-270,2,3

===========================
Total time (ms) : 64
Nodes searched  : 48833
Nodes/second    : 763015
LMR_TOTAL,26131,1096,723
