
Position: 1/1 (r1bqkb1r/3p1ppp/1P2pn2/8/1n6/8/P2BPPPP/RN1QKBNR w KQkq - 0 9)
LMR,5,1,4,5,2,9315,0,1,0,0,0,384,385,370,490,464,419,1,7
LMR,4,2,3,3,2,4884,0,0,1,0,0,331,332,296,279,336,336,2,2
LMR,4,1,3,4,2,676,0,1,1,0,0,309,310,182,-229,1050,688,0,1
LMR,6,1,5,6,3,-8148,0,0,0,0,0,302,303,-393,193,318,310,2,11
LMR,6,1,5,6,24,-9007,0,1,0,0,0,-303,-302,-303,-252,-193,-309,2,19
LMR,4,1,3,4,2,-8912,0,0,0,0,0,-328,-327,-332,-220,-255,-267,1,8
LMR,7,1,6,7,6,-6902,0,1,0,0,0,-301,-300,-319,32,-77,-288,1,18
LMR,6,2,5,6,6,-6693,0,0,0,0,0,300,301,224,336,301,345,17,11
LMR,6,1,5,5,4,-7326,0,0,0,0,0,300,301,292,188,330,305,5,12
LMR,7,1,6,6,4,-4397,0,1,0,0,0,-301,-300,-344,-152,-293,-304,12,29
LMR,7,1,6,6,8,-6902,0,1,0,0,0,-301,-300,-304,-152,-267,-256,13,18
LMR,9,1,8,9,2,-2273,0,1,0,0,0,-301,-300,-338,-218,-236,-261,1,99
LMR,5,1,4,5,5,-1780,0,1,0,0,0,-301,-300,-310,-179,-226,-252,2,12
LMR,10,6,9,9,40,-12543,0,0,0,0,1,300,301,300,301,323,323,13,10
LMR,6,2,5,6,4,15006,0,0,0,0,0,-328,-327,-442,-849,-327,-327,19,29
LMR,6,1,5,6,2,2634,0,1,0,0,0,327,328,-18,601,434,327,3,59
LMR,4,1,3,3,3,6085,0,1,0,0,0,327,328,327,353,348,345,2,3
LMR,6,1,5,5,3,-3843,0,1,0,0,0,327,328,327,601,338,341,1,11
LMR,7,4,6,6,2,2677,0,1,0,0,1,327,328,290,392,333,343,8,13
LMR,8,5,7,8,7,-10678,0,0,0,0,1,-328,-327,-429,-374,-278,-326,7,3
LMR,6,1,5,6,17,-15214,0,1,0,0,0,-301,-300,-327,-160,-258,-300,1,30
LMR,5,1,4,5,5,-10524,0,1,0,0,0,-287,-286,-349,-458,-270,-274,4,29
LMR,6,1,5,6,2,4884,0,1,1,0,0,-287,-286,-375,-458,-286,-276,5,59
LMR,9,3,8,7,4,-154,0,0,0,0,0,286,287,281,96,287,279,12,85
LMR,7,2,6,7,3,-12037,0,0,0,0,0,286,287,227,-5,349,288,5,5
LMR,7,1,6,7,2,8026,0,1,0,0,0,-287,-286,-419,-58,5,-287,2,16
LMR,7,1,6,6,3,10614,0,1,0,0,0,-287,-286,-287,-58,-278,-278,4,0
LMR,3,1,2,3,2,19538,0,1,0,0,0,-308,-307,-340,-161,-225,-264,1,3
LMR,3,1,2,3,2,-2043,0,1,1,0,0,-284,-283,-338,-458,-283,-551,7,4
LMR,5,1,4,5,3,-1276,0,0,0,0,0,-305,-304,-596,-482,-232,-274,2,12
LMR,5,1,4,5,23,-11148,0,1,0,0,0,304,305,294,294,482,279,6,16
LMR,5,1,4,5,4,-6935,0,0,0,0,0,-305,-304,-617,-373,-294,-294,7,42
LMR,5,1,4,5,2,-359,0,1,0,0,0,304,305,133,412,328,295,1,51
LMR,5,1,4,4,24,-987,0,1,0,0,0,304,305,295,412,323,298,1,11
LMR,5,1,4,4,2,3613,0,1,0,0,0,-298,-297,-305,-232,-281,-297,2,14
LMR,5,1,4,5,2,5776,0,1,0,0,0,-293,-292,-293,-192,-94,-244,1,4
LMR,3,1,2,3,2,-231,0,1,0,0,0,-276,-275,-511,-212,-235,-261,2,12
LMR,9,5,8,8,2,-3395,0,0,1,0,0,292,293,289,258,314,314,9,16
LMR,8,1,7,8,11,-14837,0,1,0,0,1,-293,-292,-299,-205,192,-249,4,12
LMR,6,1,5,6,2,16897,0,1,0,0,0,-293,-292,-530,15,-177,-246,3,17
LMR,6,1,5,6,2,11582,0,1,0,0,0,-293,-292,-530,-81,-188,-212,3,12
LMR,3,1,2,2,2,2196,0,1,0,0,1,-293,-292,-332,-348,-292,-246,12,3
LMR,5,1,4,5,2,4884,0,1,1,0,0,-293,-292,-31992,-254,1315,1189,0,4
LMR,4,1,3,4,2,6671,0,1,1,0,0,-293,-292,-31994,-175,1384,1384,0,0
LMR,3,1,2,3,2,13560,0,1,0,1,0,343,344,343,178,430,624,3,4
LMR,4,2,3,4,3,2732,0,1,0,0,1,-344,-343,-486,-218,-343,-343,5,18
LMR,7,1,6,7,2,-6180,0,1,0,0,0,-293,-292,-857,-38,-184,-287,3,20
LMR,3,1,2,2,3,8216,0,1,0,0,0,-305,-304,-307,-231,-282,-292,2,6
LMR,5,1,4,5,3,326,0,1,0,0,0,-279,-278,-291,-238,-168,-187,1,9
LMR,9,1,8,8,16,-8856,0,0,0,0,0,278,279,278,280,316,287,6,11
LMR,7,1,6,6,2,-5772,0,1,0,0,0,305,306,280,358,313,305,1,25
LMR,5,1,4,4,7,-8267,0,1,0,0,0,305,306,305,305,317,317,2,5
LMR,6,4,5,6,2,9224,0,0,0,0,0,-306,-305,-360,-316,-305,-315,22,16
LMR,7,1,6,6,5,-6586,0,1,0,0,0,305,306,305,358,316,306,2,54
LMR,9,6,8,7,2,1850,0,0,0,0,0,-306,-305,-306,-442,-305,-330,31,11
LMR,5,1,4,5,17,-1757,0,1,0,0,0,305,306,305,470,378,340,3,15
LMR,3,1,2,3,2,5826,0,1,0,0,0,-269,-268,-438,-272,-250,-253,4,2
LMR,4,1,3,3,3,1102,0,1,0,0,0,-261,-260,-261,20,-246,-180,1,4
LMR,4,1,3,4,3,-829,0,1,0,0,0,-232,-231,-246,-76,-175,-211,2,11
LMR,4,1,3,3,2,-856,0,1,0,0,0,-289,-288,-298,-92,-288,-288,6,10
LMR,6,1,5,6,15,-7998,0,1,0,0,0,-279,-278,-288,-85,-180,-198,2,11
LMR,4,1,3,4,3,120,0,0,0,0,0,278,279,96,278,432,369,3,5
LMR,7,5,6,6,2,8767,0,0,0,0,0,278,279,242,175,279,323,12,5
LMR,7,1,6,7,4,-11681,0,1,0,0,0,-279,-278,-335,-278,-278,-317,4,31
LMR,7,1,6,7,8,1547,0,1,1,0,0,-279,-278,-317,-278,-36,63,4,7
LMR,5,1,4,3,7,-1256,0,1,1,0,0,-279,-278,-279,-76,-278,-534,6,7
LMR,5,1,4,5,15,-11986,0,1,0,0,0,-279,-278,-279,-76,-87,-206,4,7
LMR,10,4,9,10,2,6563,0,1,0,0,0,-279,-278,-348,-92,-278,-278,16,197
LMR,4,1,3,4,2,15638,0,1,0,0,0,-298,-297,-323,-110,-265,-298,1,11
LMR,4,1,3,4,3,13144,0,1,0,0,0,-298,-297,-298,-110,-237,-240,1,11
LMR,3,1,2,2,2,17713,0,1,0,0,0,-299,-298,-306,-223,-292,-289,2,3
LMR,7,2,6,6,2,21562,0,1,0,0,0,-279,-278,-282,-223,-273,-273,6,30
LMR,8,2,7,8,2,6322,0,1,0,0,0,-260,-259,-419,-173,-209,-209,4,15
LMR,5,1,4,5,11,-1731,0,1,0,0,0,-260,-259,-272,-185,-189,-259,2,15
LMR,5,1,4,5,2,4995,0,1,0,0,0,-260,-259,-271,-189,-194,-221,2,9
LMR,10,3,9,10,9,-10867,0,0,0,0,0,259,260,241,175,406,264,10,20
LMR,6,1,5,6,2,11164,0,1,0,0,0,-260,-259,-472,-75,-232,-232,1,3
LMR,9,1,8,8,24,-12279,0,1,0,0,0,-260,-259,-263,-230,-244,-259,2,18
LMR,6,1,5,6,3,-4397,0,1,0,0,0,-260,-259,-360,-152,-259,-223,3,17
LMR,5,1,4,5,3,956,0,1,0,0,0,-260,-259,-430,-215,-230,-230,3,6
LMR,10,3,9,10,8,3297,0,0,0,0,0,259,260,244,3,298,260,6,18
LMR,7,1,6,6,2,4201,0,1,0,0,0,259,260,259,305,268,239,2,18
LMR,7,1,6,5,11,-9292,0,1,0,0,0,259,260,259,305,262,239,3,9
LMR,8,2,7,7,3,3326,0,1,0,0,0,-260,-259,-260,-199,-247,-313,3,12
LMR,8,1,7,8,11,-11650,0,1,0,0,0,-260,-259,-260,-199,58,-168,1,8
LMR,3,1,2,3,2,20569,0,1,0,0,0,-260,-259,-260,-224,-135,-254,1,1
LMR,4,1,3,3,3,-1003,0,1,0,0,0,259,260,251,314,287,282,1,2
LMR,12,6,11,11,6,-17037,0,0,0,0,1,259,260,259,208,267,268,19,46
LMR,7,1,6,6,2,15007,0,1,0,0,0,259,260,256,413,297,259,2,41
LMR,10,8,9,9,2,11953,0,0,0,0,0,-260,-259,-304,-359,-259,-259,79,22
LMR,3,1,2,3,2,15501,0,1,0,0,0,-231,-230,-336,-83,-1,1,1,1
LMR,3,1,2,3,3,8952,0,1,0,0,0,-260,-259,-296,18,-156,-174,2,4
LMR,3,1,2,3,2,20702,0,1,0,0,0,-207,-206,-215,6,-156,-132,1,3
LMR,6,3,5,4,3,4584,0,0,1,0,0,259,260,259,-369,264,264,3,3
LMR,8,6,7,7,2,4320,0,0,0,0,0,259,260,234,222,263,263,61,0
LMR,4,1,3,3,2,2441,0,1,1,0,0,259,260,224,320,273,271,3,3
LMR,5,1,4,4,3,1396,0,1,1,0,0,296,297,267,313,299,288,3,10
LMR,5,1,4,4,17,-7700,0,1,0,0,0,296,297,288,313,314,314,14,6
LMR,5,1,4,3,9,-2295,0,1,0,0,0,-260,-259,-262,-122,-259,-259,9,6
LMR,5,1,4,5,21,-8943,0,1,0,0,0,-235,-234,-249,-181,-195,-202,4,9
LMR,5,1,4,4,5,-9677,0,1,0,0,0,-235,-234,-239,-176,-219,-225,26,10
LMR,3,1,2,3,3,-3996,0,1,0,0,0,-235,-234,-282,-226,-159,-159,3,5
LMR,3,1,2,3,2,2486,0,1,0,0,0,-296,-295,-336,-118,-233,-244,1,2
LMR,8,3,7,8,2,15207,0,1,0,0,0,-235,-234,-259,-118,-205,-234,4,15
LMR,6,3,5,5,2,26754,0,1,0,0,0,-235,-234,-251,-177,-234,-234,4,26
LMR,3,1,2,3,2,10080,0,1,0,0,0,-201,-200,-329,-131,-200,-168,3,5
LMR,3,1,2,2,4,-7608,0,1,0,0,0,-201,-200,-233,-136,-200,-200,5,3
LMR,5,1,4,5,3,-57,0,1,0,0,0,-201,-200,-303,-205,-177,-186,4,6
LMR,8,1,7,6,8,-6502,0,0,1,0,0,200,201,200,135,201,188,4,16
LMR,10,7,9,8,4,-3924,0,0,0,0,1,200,201,200,103,201,201,44,17
LMR,10,7,9,8,5,2255,0,0,0,0,1,200,201,200,233,201,201,166,0
LMR,5,3,4,5,5,-11397,0,0,0,0,1,237,238,164,182,260,317,1,2
LMR,5,1,4,5,2,1312,0,1,0,0,0,237,238,-205,401,605,259,1,2
LMR,10,3,9,9,2,6095,0,1,0,0,0,237,238,237,418,269,253,5,15
LMR,7,2,6,7,11,1829,0,0,1,0,0,-238,-237,-288,-690,-155,-199,8,5
LMR,5,1,4,5,10,6018,0,0,1,0,0,-238,-237,-298,-588,-172,-262,2,6
LMR,10,2,9,10,3,-3880,0,1,0,0,0,237,238,213,347,273,259,3,28
LMR,6,1,5,6,2,11588,0,1,0,0,0,237,238,34,444,354,342,1,5
LMR,10,7,9,9,3,2742,0,1,0,0,1,-238,-237,-241,-200,-228,-237,166,239
LMR,6,1,5,4,2,1874,0,1,0,0,1,246,247,241,240,247,247,2,9
LMR,3,1,2,3,4,-6924,0,0,0,0,0,246,247,238,231,447,266,2,3
LMR,5,1,4,3,2,23028,0,1,0,0,0,-247,-246,-247,-301,-244,-261,6,11
LMR,8,4,7,7,2,8431,0,1,0,0,1,246,247,238,337,247,247,29,34
LMR,6,1,5,6,4,-12900,0,1,0,1,0,255,256,200,362,332,369,7,4
LMR,5,1,4,5,8,-9465,0,1,0,0,0,-237,-236,-240,-57,-171,-176,1,4
LMR,7,1,6,7,8,-4842,0,0,0,1,0,236,237,172,-709,428,304,7,2
LMR,3,1,2,3,6,-10605,0,0,0,1,0,477,478,103,-180,630,603,1,1
LMR,3,1,2,3,4,-10711,0,1,0,0,0,-478,-477,-611,-271,-126,-571,0,5
LMR,8,6,7,8,7,-9236,1,0,0,0,1,236,256,229,249,295,296,51,30
LMR,6,4,5,6,2,13140,0,0,0,0,0,-256,-255,-358,-316,-255,-274,10,3
LMR,7,1,6,6,3,-515,0,1,1,0,0,255,256,249,574,268,271,3,24
LMR,8,1,7,7,3,53,0,1,1,0,0,255,256,255,543,285,239,3,14
LMR,7,4,6,7,2,4584,0,0,1,0,0,-256,-255,-300,-627,-234,-247,10,10
LMR,6,3,5,6,2,4584,0,0,1,0,0,236,237,224,-302,368,289,2,5
LMR,7,1,6,7,2,12557,0,1,0,0,0,255,256,231,343,288,255,2,32
LMR,5,1,4,4,2,-10532,0,1,0,0,0,-237,-236,-265,-104,-236,-217,4,12
LMR,9,2,8,8,5,-17005,0,0,0,0,0,236,237,227,255,280,280,2,7
LMR,3,1,2,2,3,-2948,0,1,1,0,0,294,295,252,291,295,295,5,8
LMR,4,1,3,4,6,-1813,0,1,0,0,0,255,256,201,200,383,128,5,7
LMR,4,1,3,4,8,7530,0,1,0,0,0,255,256,201,200,265,266,12,9
LMR,3,1,2,2,4,7192,0,1,0,0,0,-228,-227,-248,-214,-215,-217,2,2
LMR,5,1,4,5,3,-2526,0,1,0,1,0,240,241,240,366,431,365,2,4
LMR,7,1,6,7,2,11053,0,1,0,0,0,255,256,157,562,719,293,1,3
LMR,3,1,2,3,2,6961,0,1,0,1,0,243,244,235,372,365,365,2,0
LMR,3,1,2,3,3,195,0,1,1,0,0,599,600,446,97,625,615,2,9
LMR,13,6,12,11,16,-12489,0,0,0,0,1,-256,-255,-257,-281,-255,-251,18,32
LMR,5,1,4,5,3,-13779,0,1,0,0,0,-256,-255,-365,-195,-184,-207,7,7
LMR,5,1,4,4,7,-12628,0,1,0,0,0,-256,-255,-256,-256,-206,-206,3,3
LMR,6,1,5,5,7,-4348,0,0,0,0,0,255,256,220,-9,256,214,7,13
LMR,6,1,5,6,2,-1276,0,1,0,0,0,-256,-255,-306,-114,-232,-222,5,30
LMR,4,1,3,4,2,-1040,0,0,1,0,0,255,256,188,104,358,292,2,1
LMR,5,1,4,4,13,-10770,0,1,0,0,0,-256,-255,-256,-192,-206,-284,3,7
LMR,8,6,7,7,2,5761,0,0,0,0,0,255,256,247,140,256,256,20,9
LMR,11,1,10,11,13,-16239,0,1,0,0,0,-256,-255,-256,-256,-139,-251,2,30
LMR,13,8,12,11,5,-18319,0,0,0,1,1,255,256,255,82,256,255,46,135
LMR,4,1,3,4,2,2521,0,1,0,0,0,-256,-255,-274,-631,551,551,0,0
LMR,5,1,4,4,11,-17442,0,1,0,0,0,-249,-248,-256,-34,-248,-248,5,17
LMR,3,1,2,3,3,-2612,0,1,0,0,0,255,256,179,142,276,258,5,9
LMR,5,1,4,5,2,15107,0,1,0,0,0,255,256,220,425,293,280,1,6
LMR,12,9,11,10,2,10499,0,1,1,0,1,255,256,255,285,256,256,481,0
LMR,5,1,4,4,6,3482,0,1,0,0,0,432,433,432,614,453,451,8,8
LMR,3,1,2,3,2,14652,0,1,0,0,0,405,406,389,600,981,324,0,7
LMR,3,1,2,3,3,5791,0,1,0,0,0,405,406,389,600,472,455,3,3
LMR,3,1,2,2,2,-6171,0,1,0,1,0,255,256,255,312,283,278,2,2
LMR,3,1,2,3,2,1351,0,1,1,0,0,255,256,109,228,1361,312,0,1
LMR,12,6,11,11,2,9383,0,1,0,0,0,255,256,252,812,280,289,6,51
LMR,3,1,2,2,5,-1276,0,0,0,0,0,256,257,248,195,280,280,1,1
LMR,6,1,5,6,2,-1276,0,1,0,0,0,-257,-256,-274,-170,-98,-143,1,3
LMR,6,2,5,6,7,-4397,0,0,0,0,0,256,257,190,83,346,376,11,8
LMR,7,1,6,7,9,-4397,0,0,0,0,0,256,257,251,-62,332,319,1,1
LMR,9,1,8,9,2,-5297,0,1,1,0,0,-257,-256,-347,-255,-250,-305,3,13
LMR,8,1,7,8,6,-2745,0,1,0,0,0,256,257,189,206,284,276,6,29
LMR,3,1,2,3,2,7263,0,1,0,0,0,256,257,192,162,293,281,3,12
LMR,5,1,4,5,2,-7964,0,1,0,1,0,256,257,197,308,397,372,4,3
LMR,7,1,6,7,5,-1276,0,1,0,0,0,-257,-256,-1980,81,-195,-256,1,13
LMR,7,2,6,6,2,16462,0,1,0,0,0,-257,-256,-289,-110,-248,-256,5,12
LMR,6,1,5,6,11,-8589,0,1,0,0,0,-257,-256,-265,-116,-129,-248,2,6
LMR,6,2,5,6,2,-9849,0,0,0,1,0,256,257,162,375,434,434,3,2
LMR,7,1,6,7,16,-10053,0,0,0,0,0,256,257,238,215,352,309,1,4
LMR,7,1,6,7,19,-7269,0,1,0,0,0,-257,-256,-361,-209,-256,-302,2,28
LMR,9,1,8,9,9,-11004,0,1,0,0,1,-257,-256,-328,-298,-252,-297,4,63
LMR,9,4,8,9,9,-6709,0,0,1,0,1,256,257,204,189,482,363,2,3
LMR,9,1,8,9,13,-2853,0,1,0,0,1,-257,-256,-297,-298,-189,-352,1,20
LMR,11,3,10,10,11,-12855,0,0,0,0,1,256,257,256,137,298,297,8,115
LMR,11,6,10,11,4,-7783,0,1,0,0,1,-257,-256,-272,-164,-206,-293,64,204
LMR,4,2,3,4,3,147,0,1,0,1,1,238,239,181,946,615,437,3,2
LMR,13,5,12,11,10,-15411,0,1,0,0,1,-257,-256,-257,-199,-256,-262,24,36
LMR,5,1,4,5,3,15272,0,1,0,1,0,256,257,23,348,409,368,3,3
LMR,4,1,3,4,5,-6630,0,1,0,0,1,263,264,201,318,372,333,2,3
LMR,7,1,6,6,7,-5005,0,1,1,0,0,265,266,265,407,315,266,2,15
LMR,3,1,2,3,2,-2703,0,1,0,1,0,265,266,105,-424,353,320,12,3
LMR,8,5,7,8,2,-3519,0,0,1,0,0,-266,-265,-560,-442,-148,-301,2,22
LMR,5,1,4,5,3,2442,0,1,0,1,0,265,266,153,258,275,306,14,10
LMR,11,5,10,9,25,-17769,0,0,0,0,1,-266,-265,-266,-263,-265,-265,16,19
LMR,6,2,5,6,6,-1276,0,0,0,0,0,256,257,73,180,339,289,6,8
LMR,7,1,6,7,2,8351,0,1,1,0,0,-257,-256,-270,-256,-170,-239,1,3
LMR,8,1,7,8,2,1765,0,1,0,0,0,-257,-256,-336,-181,-256,-241,5,22
LMR,11,6,10,10,2,9004,0,1,0,0,0,-257,-256,-278,-182,-242,-256,2,49
LMR,6,1,5,6,3,12671,0,1,0,0,0,-257,-256,-371,-127,-213,-135,2,4
LMR,12,6,11,11,4,5204,0,0,0,0,0,256,257,256,199,297,285,0,32
LMR,5,3,4,5,2,3085,0,0,0,0,0,-257,-256,-502,-254,-256,-256,5,8
LMR,5,1,4,5,3,460,0,1,0,1,0,256,257,256,418,761,435,2,2
LMR,7,2,6,7,5,-8669,0,0,0,0,0,-257,-256,-359,-344,-247,-247,2,7
LMR,8,1,7,7,2,330,0,1,0,0,0,256,257,256,254,299,248,1,21
LMR,10,5,9,9,5,-6070,0,0,0,0,1,256,257,256,253,264,267,22,17
LMR,11,8,10,10,2,10966,0,1,0,0,1,-257,-256,-282,-200,-256,-266,48,122
LMR,5,1,4,5,4,-11594,0,1,0,0,0,256,257,238,446,404,404,3,3
LMR,4,1,3,4,5,-8294,0,1,0,0,0,256,257,243,269,560,301,1,0
LMR,4,1,3,3,2,-3060,0,1,0,0,0,256,257,235,346,260,311,2,4
LMR,3,1,2,3,3,-14968,0,0,0,0,0,-507,-506,-691,-277,-465,-473,2,2
LMR,3,1,2,3,2,-2951,0,0,1,0,0,-286,-285,-496,-389,24,24,2,0
LMR,3,1,2,3,6,2585,0,1,0,0,0,285,286,258,283,389,53,7,5
LMR,10,3,9,10,3,7104,0,1,0,1,0,265,266,249,906,518,518,3,2
LMR,6,1,5,5,9,-5427,0,1,1,0,0,265,266,265,466,294,303,4,5
LMR,8,1,7,8,2,4161,0,1,0,1,0,265,266,-173,762,901,491,2,2
LMR,5,2,4,4,3,6115,0,1,1,0,1,254,255,230,296,265,308,3,8
LMR,7,1,6,7,11,-7306,0,1,0,0,0,265,266,265,265,346,290,2,8
LMR,8,3,7,8,4,-12847,0,0,0,0,0,-266,-265,-353,-248,-265,-287,6,17
LMR,8,1,7,8,2,-1276,0,1,0,0,0,506,507,443,748,967,678,1,5
LMR,5,1,4,5,2,10288,0,1,0,1,0,265,266,173,380,298,292,4,3
LMR,13,11,12,13,2,4991,0,0,0,0,0,-266,-265,-575,-278,-254,-254,39,36
LMR,9,2,8,8,3,3564,0,1,0,0,0,265,266,231,546,272,272,1,12
LMR,5,1,4,4,3,-5136,0,1,0,0,0,265,266,244,231,290,290,7,8
LMR,14,6,13,13,2,2647,0,1,1,0,0,265,266,254,274,272,270,6,93
LMR,15,6,14,14,16,-16398,0,0,0,0,1,-266,-265,-269,-272,-235,-260,8,51
LMR,3,1,2,3,2,1660,0,1,0,0,0,-236,-235,-340,-202,-197,-179,7,5
LMR,7,2,6,6,9,-10110,0,0,0,1,0,265,266,246,417,266,347,3,4
LMR,3,1,2,3,2,-4018,0,1,0,0,0,265,266,73,220,354,339,2,3
LMR,11,4,10,11,10,-14216,0,0,0,0,1,265,266,256,228,319,272,7,57
LMR,5,1,4,5,2,-17058,0,0,0,0,0,265,266,239,129,507,507,2,4
LMR,6,1,5,6,4,-1909,0,1,1,1,0,-266,-265,-466,-250,31985,31985,0,0
LMR,10,5,9,9,5,429,0,1,0,0,1,-266,-265,-271,-216,-255,-238,16,48
LMR,5,1,4,5,3,-3065,0,1,0,0,0,-266,-265,-281,-167,-204,-215,1,12
LMR,5,1,4,5,2,8792,0,1,0,0,0,-266,-265,-352,-153,-183,-183,3,3
LMR,6,1,5,6,4,-5223,0,1,0,0,0,-266,-265,-321,-122,-242,-256,3,0
LMR,8,1,7,8,5,1177,0,1,0,0,0,-266,-265,-309,-24,-203,-257,2,15
LMR,7,1,6,7,2,-8157,0,1,0,1,0,265,266,252,511,507,464,4,8
LMR,6,2,5,6,2,-5635,0,0,0,0,0,265,266,-605,24,268,256,5,9
LMR,5,1,4,5,2,7960,0,1,1,0,0,-266,-265,-482,-803,-223,-179,1,3
LMR,14,8,13,14,5,-3839,0,0,0,0,1,265,266,257,265,361,299,1,8
LMR,15,7,14,14,5,-7943,0,1,0,0,1,-266,-265,-275,-272,-265,-296,13,98
LMR,6,1,5,6,3,-4397,0,1,0,0,0,-266,-265,-327,-147,-252,-252,1,9
LMR,6,3,5,5,2,-742,0,0,0,1,0,265,266,225,326,266,265,3,3
LMR,6,1,5,6,13,-13728,0,0,0,0,0,265,266,265,326,452,282,2,2
LMR,14,8,13,13,3,-13952,0,0,0,0,1,265,266,254,228,267,267,49,38
LMR,15,6,14,14,6,-8041,0,1,0,0,1,-266,-265,-275,-272,-250,-266,30,163
LMR,5,1,4,5,3,15714,0,1,0,0,0,265,266,182,316,349,335,1,1
LMR,5,1,4,5,2,-9369,0,0,0,0,0,-266,-265,-385,-295,-38,-78,1,1
LMR,5,1,4,5,8,-5640,0,1,0,0,0,-266,-265,-292,-136,-123,-198,1,2
LMR,8,1,7,7,17,-13365,0,1,0,0,0,-266,-265,-266,-126,-252,-265,2,30
LMR,5,1,4,4,3,-14855,0,1,0,0,0,-266,-265,-266,-168,-231,-265,2,11
LMR,5,1,4,5,2,13596,0,1,0,0,0,-266,-265,-314,-317,-217,-256,5,6
LMR,7,3,6,6,3,3611,0,0,0,0,0,265,266,259,307,289,289,2,3
LMR,12,5,11,11,11,-15234,0,0,0,0,1,265,266,265,232,278,267,9,54
LMR,13,6,12,12,6,-10237,0,1,0,0,1,-266,-265,-266,-265,-236,-266,42,184
LMR,7,1,6,6,4,-11929,0,1,0,1,0,265,266,238,556,272,341,3,8
LMR,6,1,5,5,8,4634,0,1,1,0,0,265,266,250,354,301,207,1,8
LMR,9,7,8,9,3,1288,0,0,0,0,1,-266,-265,-377,-297,-265,-265,28,17
LMR,10,4,9,9,2,-5197,0,1,0,0,1,265,266,265,202,297,265,12,48
LMR,10,7,9,10,3,-7148,0,0,0,0,1,-266,-265,-338,-266,-265,-265,14,99
LMR,12,8,11,10,4,6083,0,1,0,0,1,-266,-265,-266,-214,-265,-265,146,0
LMR,8,1,7,7,3,17999,0,1,0,0,0,-266,-265,-289,-118,-255,-266,1,12
LMR,8,1,7,8,8,4363,0,1,1,0,0,265,266,265,296,334,290,1,8
LMR,4,2,3,4,3,11308,0,0,0,0,0,-266,-265,-391,-276,-107,-197,1,3
LMR,10,7,9,9,2,-2362,0,0,0,0,0,-266,-265,-287,-266,-265,-265,28,38
LMR,14,9,13,12,5,7347,0,1,0,0,1,265,266,265,257,266,265,42,110
LMR,4,1,3,4,2,-7530,0,1,0,0,0,-235,-234,-274,-132,-206,-265,3,6
LMR,7,1,6,7,2,10922,0,1,0,0,0,-266,-265,-306,-152,-182,-196,2,9
LMR,8,1,7,8,4,401,0,1,0,1,0,265,266,243,543,397,273,4,10
LMR,5,2,4,5,2,-1139,0,0,0,1,0,-266,-265,-308,-290,-105,-133,1,1
LMR,10,5,9,9,4,-9145,0,0,0,0,1,-266,-265,-272,-266,-259,-259,18,17
LMR,12,5,11,10,4,7010,0,1,0,0,1,265,266,265,260,266,259,14,77
LMR,13,9,12,12,5,1821,0,0,0,0,1,-266,-265,-289,-276,-265,-265,42,183
LMR,14,6,13,13,19,-16763,0,1,0,0,1,265,266,265,257,276,265,15,270
LMR,6,1,5,6,2,5343,0,1,0,0,0,-266,-265,-716,-269,-172,-172,2,7
LMR,5,1,4,5,2,8421,0,1,0,0,0,-266,-265,-293,-157,-184,-265,1,12
LMR,5,1,4,4,2,9226,0,1,1,0,0,265,266,262,288,310,302,3,3
LMR,4,1,3,3,5,4553,0,1,0,0,0,-266,-265,-278,-227,-258,-257,13,7
LMR,13,9,12,11,3,3323,0,0,0,0,1,-266,-265,-266,-303,-265,-265,66,114
LMR,15,10,14,13,3,8349,0,1,1,0,1,265,266,265,266,266,265,56,190
LMR,3,1,2,3,4,-4007,0,0,0,1,0,24,25,-73,47,40,42,2,3
LMR,6,1,5,6,11,-8274,0,0,0,0,0,24,25,-26,-190,143,93,5,5
LMR,6,1,5,6,2,13682,0,1,0,0,0,-25,-24,-37,179,26,-83,2,22
LMR,6,1,5,6,14,-4812,0,0,1,0,0,24,25,-16,-54,196,46,5,1
LMR,6,1,5,6,3,-278,0,1,0,0,0,-25,-24,-37,179,54,-43,4,21
LMR,6,1,5,6,10,-5003,0,0,1,0,0,24,25,-66,-215,96,33,2,4
LMR,6,1,5,6,5,-2790,0,1,0,0,0,-25,-24,-37,179,85,-31,1,13
LMR,6,1,5,5,6,-11638,0,1,0,0,0,-25,-24,-31,179,-14,-10,4,16
LMR,4,1,3,4,2,-530,0,1,0,0,0,-168,-167,-1345,-157,-159,-160,2,3
LMR,4,1,3,4,2,-7662,0,1,0,0,0,-266,-265,-282,-100,-26,-264,1,1
LMR,5,1,4,5,4,-6913,0,1,0,0,0,-266,-265,-303,-60,-193,-265,2,18
LMR,7,2,6,7,2,21886,0,1,0,0,0,265,266,93,425,619,359,1,1
LMR,11,9,10,11,2,7339,0,0,1,0,0,-266,-265,-320,-905,-265,-265,41,15
LMR,15,7,14,13,7,-12445,0,1,0,0,1,265,266,265,266,266,265,46,137
LMR,5,1,4,5,2,4584,0,1,1,0,0,-266,-265,-331,-225,-139,-171,5,5
LMR,8,1,7,6,5,-5071,0,0,0,0,0,265,266,265,111,271,266,3,20
LMR,8,6,7,8,2,8975,0,0,0,0,0,265,266,128,151,266,266,107,18
LMR,11,5,10,9,2,10940,0,1,0,0,0,-266,-265,-266,-151,-265,-233,17,38
LMR,3,1,2,3,3,-7911,0,1,0,0,0,-266,-265,-623,-519,1292,1292,0,0
LMR,5,1,4,5,2,16194,0,1,0,0,0,-266,-265,-320,-122,-227,-265,3,8
LMR,5,1,4,5,2,3622,0,1,0,0,0,-266,-265,-402,-97,-221,-265,1,16
LMR,5,1,4,5,2,7026,0,1,0,0,0,-266,-265,-280,-231,-219,-265,3,11
LMR,4,1,3,4,2,6629,0,1,0,0,0,-221,-220,-420,-238,-210,-240,7,5
LMR,6,1,5,5,11,-14933,0,1,0,0,0,-257,-256,-274,-154,-234,-232,4,8
LMR,5,1,4,5,3,-19941,0,1,0,0,0,-249,-248,-401,-207,-134,-134,6,13
LMR,3,1,2,3,4,-8739,0,1,0,0,1,-264,-263,-373,-246,-215,-247,1,3
LMR,8,1,7,6,3,-7824,0,1,0,0,0,-257,-256,-258,7,-256,-256,3,15
LMR,8,1,7,7,3,-8062,0,1,0,0,0,-257,-256,-262,-124,-215,-264,1,16
LMR,6,1,5,6,3,-10374,0,0,0,0,0,256,257,230,198,339,257,7,7
LMR,8,1,7,6,18,-12633,0,1,0,0,0,-257,-256,-262,-124,-256,-257,9,21
LMR,5,3,4,5,2,8096,0,0,0,0,0,-266,-265,-423,-836,-175,-179,16,6
LMR,6,1,5,6,2,15069,0,1,0,0,0,-257,-256,-393,-14,-92,-158,2,11
LMR,6,1,5,6,2,12649,0,1,0,0,0,-257,-256,-746,-82,354,-351,0,7
LMR,6,1,5,6,3,-7105,0,1,0,0,0,-257,-256,-351,-82,-91,-213,1,9
LMR,5,1,4,5,4,8240,0,0,0,0,0,256,257,242,96,330,264,12,6
LMR,6,1,5,5,2,2238,0,1,0,0,0,-257,-256,-257,-49,-242,-262,5,36
LMR,3,1,2,2,4,-2039,0,0,0,0,0,256,257,256,186,271,271,7,3
LMR,4,1,3,4,2,10751,0,1,1,0,0,-257,-256,-267,-49,-190,-131,1,1
LMR,6,1,5,5,6,-17173,0,1,0,0,0,-257,-256,-257,-49,-246,-230,5,46
LMR,6,1,5,6,2,19831,0,1,0,0,0,-257,-256,-1509,-119,-182,-195,2,5
LMR,5,1,4,3,6,-2093,0,1,0,0,0,-257,-256,-257,-276,-256,-256,4,5
LMR,4,1,3,3,7,-5506,0,1,0,0,1,-283,-282,-307,-253,-275,-277,2,5
LMR,4,1,3,4,2,9367,0,1,1,0,0,-257,-256,-341,-153,-140,-48,1,1
LMR,9,3,8,9,2,10791,0,1,0,0,0,-257,-256,-1853,-208,-209,-245,3,15
LMR,4,1,3,4,3,-12050,0,1,0,0,0,-257,-256,-428,-35,-253,-236,1,12
LMR,11,9,10,10,3,-876,0,0,1,0,1,256,257,246,157,257,249,29,31
LMR,9,2,8,8,3,8422,0,1,0,0,0,-257,-256,-270,-163,-256,-254,4,17
LMR,5,1,4,5,2,9780,0,1,0,0,0,-257,-256,-305,-142,-154,-193,3,4
LMR,7,1,6,7,2,6254,0,1,0,0,0,-257,-256,-316,-193,-215,-215,2,7
LMR,6,1,5,5,5,-13617,0,1,0,0,0,-257,-256,-269,-145,-256,-256,13,16
LMR,7,1,6,7,2,-2869,0,1,0,0,0,-257,-256,-477,-216,-173,-178,4,10
LMR,6,1,5,6,2,13892,0,1,0,0,0,-257,-256,-326,-75,-213,-177,2,6
LMR,10,5,9,10,3,23556,0,1,0,0,0,-257,-256,-330,31,-250,-256,1,8
LMR,4,1,3,4,4,3569,0,1,0,0,0,-257,-256,-266,-134,-189,-210,3,4
LMR,7,1,6,7,3,8667,0,1,0,0,0,-257,-256,-272,-24,-203,-219,3,37
LMR,7,1,6,7,2,-13642,0,1,0,0,0,-257,-256,-558,231,-94,-150,1,12
LMR,9,4,8,9,2,24081,0,1,0,0,0,-257,-256,-372,343,-107,-212,2,25
LMR,10,6,9,9,3,29171,0,1,0,0,0,-257,-256,-264,-269,-256,-256,23,31
LMR,10,4,9,9,2,14218,0,1,0,0,0,-257,-256,-285,-132,-254,-254,29,38
LMR,7,1,6,7,3,17798,0,1,0,0,0,-257,-256,-437,-174,-256,-256,4,12
LMR,5,1,4,5,2,11794,0,1,0,0,0,-257,-256,-323,-158,-256,-232,4,20
LMR,5,1,4,5,3,13055,0,1,0,0,0,-257,-256,-338,-169,-256,-223,4,13
LMR,4,1,3,4,2,-876,0,0,1,0,0,15,16,-7,100,81,20,2,7
LMR,9,5,8,8,4,-7133,0,0,0,0,0,15,16,-1,-8,32,19,25,46
LMR,8,6,7,8,2,7853,0,0,0,0,0,-16,-15,-125,-236,-1,1,21,32
LMR,9,5,8,8,3,9260,0,1,0,0,1,-16,-15,-18,-18,0,0,68,8
LMR,9,7,8,9,3,-8483,0,0,0,0,1,15,16,-199,-170,18,1,106,85
LMR,3,1,2,3,4,-8137,0,1,0,0,0,-272,-271,-306,-74,-64,-294,1,10
LMR,3,1,2,3,4,4619,0,1,0,0,0,-257,-256,-281,-287,-141,-225,6,8
LMR,3,1,2,3,2,-7282,0,0,0,0,0,256,257,124,210,287,232,3,18
LMR,6,1,5,4,2,-4955,0,1,0,0,0,-257,-256,-259,-200,-256,-256,7,7
LMR,5,1,4,5,3,14977,0,1,0,0,0,-257,-256,-357,-110,-148,-167,1,2
LMR,7,1,6,7,3,11559,0,1,0,0,0,-257,-256,-619,-218,-193,-181,1,23
LMR,5,1,4,4,9,-4804,0,1,0,0,0,-244,-243,-255,-197,-243,-243,11,19
LMR,3,1,2,3,2,13147,0,1,1,0,0,-80,-79,-189,-507,7,-60,6,3
LMR,8,1,7,8,2,5973,0,1,0,0,0,-257,-256,-416,-63,-128,-256,2,23
LMR,3,1,2,2,2,9357,0,1,0,0,0,-257,-256,-271,-205,-256,-256,9,6
LMR,5,1,4,4,4,-1807,0,0,1,0,0,256,257,256,99,266,266,7,4
LMR,6,1,5,5,2,5682,0,1,0,0,0,-257,-256,-257,-40,-248,-264,12,38
LMR,6,1,5,5,3,4696,0,1,0,0,0,-257,-256,-257,-40,-238,-238,10,13
LMR,7,1,6,7,2,13872,0,1,0,0,0,-257,-256,-414,-100,-254,-218,4,23
LMR,7,1,6,7,2,-2647,0,1,0,0,0,-80,-79,-593,17,27,-27,7,17
LMR,4,1,3,4,2,-13999,0,1,0,0,0,-230,-229,-306,-171,-193,-199,1,1
LMR,5,3,4,5,2,-768,0,1,0,0,1,-255,-254,-381,-194,-254,-254,15,8
LMR,7,1,6,7,2,-1254,0,1,0,0,0,-257,-256,-1750,-82,-146,-220,1,6
LMR,5,1,4,5,4,-9800,0,1,0,0,0,-257,-256,-289,-73,-120,-239,2,7
LMR,4,1,3,4,2,-11147,0,1,0,0,0,-257,-256,-260,-177,-82,-112,2,3
LMR,3,1,2,3,4,-8126,0,1,0,0,0,-230,-229,-268,-24,550,-172,2,4
LMR,4,1,3,4,2,13103,0,1,0,0,0,281,282,230,242,288,396,1,3
LMR,13,7,12,12,3,13440,0,1,0,0,0,-257,-256,-292,46,-249,-112,10,16
LMR,5,2,4,5,3,-1374,0,1,0,0,1,-241,-240,-269,-224,-209,-202,9,21
LMR,9,5,8,9,2,-5099,0,0,0,0,0,256,257,-40,-80,287,259,12,32
LMR,9,3,8,9,7,356,0,0,0,1,0,256,257,160,107,304,263,9,9
LMR,10,2,9,9,5,-489,0,1,0,0,0,-257,-256,-258,-186,-248,-262,5,28
LMR,12,8,11,11,5,401,0,0,0,0,1,256,257,256,244,268,268,25,38
LMR,13,8,12,12,5,2441,0,1,0,0,1,-257,-256,-257,-248,-244,-267,12,97
LMR,16,13,15,14,5,229,0,0,0,0,1,256,257,256,208,257,267,284,46
LMR,6,1,5,5,2,-4188,0,1,0,0,0,256,257,229,328,276,278,3,7
LMR,3,1,2,2,6,-1008,0,1,0,0,1,293,294,287,352,301,294,7,5
LMR,6,1,5,5,3,-4016,0,0,0,0,0,-257,-256,-264,-312,-256,-256,9,15
LMR,6,1,5,6,2,6473,0,1,0,0,0,256,257,190,358,261,256,3,32
LMR,6,4,5,6,3,13662,0,0,0,0,0,256,257,91,131,257,257,13,11
LMR,11,8,10,11,2,4100,0,0,0,0,1,256,257,96,256,257,257,48,21
LMR,13,7,12,11,3,6096,0,1,0,0,1,-257,-256,-261,-265,-256,-257,72,87
LMR,4,1,3,4,3,-2553,0,1,0,0,0,265,266,265,300,347,294,7,7
LMR,3,1,2,3,4,162,0,1,0,0,0,-272,-271,-332,-294,328,-141,3,2
LMR,8,2,7,8,3,14383,0,1,0,0,0,265,266,-313,380,295,288,6,11
LMR,9,2,8,9,2,3801,0,1,0,0,0,265,266,-458,653,364,298,1,11
LMR,4,1,3,3,6,-8459,0,1,0,0,0,254,255,243,458,266,266,1,3
LMR,3,1,2,3,4,7420,0,1,0,0,1,269,270,208,377,272,269,1,8
LMR,4,1,3,4,5,1585,0,0,0,0,0,-443,-442,-477,-452,-353,-423,1,7
LMR,6,1,5,6,2,1870,0,1,0,0,0,265,266,226,308,342,324,1,4
LMR,5,1,4,5,2,17296,0,1,0,0,0,265,266,150,428,341,292,1,1
LMR,6,1,5,6,2,2251,0,1,1,0,0,265,266,260,433,323,287,2,6
LMR,3,1,2,3,3,2973,0,1,0,0,0,265,266,113,298,317,305,3,2
LMR,8,2,7,7,2,4209,0,1,0,0,0,265,266,247,442,266,297,7,27
LMR,8,1,7,8,7,9144,0,1,0,0,0,265,266,253,448,332,299,8,19
LMR,4,1,3,3,8,7757,0,1,0,0,0,228,229,226,277,268,247,1,4
LMR,5,1,4,5,5,-10805,0,0,0,0,0,-229,-228,-243,51,-122,-134,1,2
LMR,5,1,4,5,3,-10638,0,1,0,0,0,265,266,195,529,310,310,1,4
LMR,4,1,3,4,3,-5435,0,0,0,0,0,-266,-265,-328,-381,-108,-237,4,8
LMR,4,1,3,4,5,-6491,0,1,0,0,0,265,266,265,313,379,242,1,15
LMR,4,1,3,3,12,-2172,0,1,1,0,0,273,274,273,352,310,303,3,3
LMR,6,2,5,5,2,16536,0,1,0,0,0,273,274,252,461,301,287,7,27
LMR,3,1,2,3,2,28697,0,1,0,0,0,438,439,222,582,441,431,2,4
LMR,4,1,3,4,3,13864,0,1,0,0,0,442,443,442,602,523,476,3,11
LMR,7,1,6,7,2,2899,0,1,0,0,0,442,443,-183,666,511,443,2,33
LMR,9,5,8,7,3,5235,0,0,0,0,0,-443,-442,-443,-529,-442,-442,20,16
LMR,4,2,3,3,2,6780,0,0,0,0,0,-452,-451,-471,-435,-451,-451,9,5
LMR,5,1,4,5,15,-294,0,1,1,0,0,265,266,246,265,308,265,7,19
LMR,6,2,5,5,2,-6430,0,0,0,0,0,-266,-265,-276,-339,-265,-265,9,40
LMR,8,1,7,8,2,11617,0,1,0,0,0,265,266,68,419,275,265,7,82
LMR,6,3,5,6,2,-5020,0,0,0,0,0,-266,-265,-331,-279,-265,-265,13,24
LMR,8,1,7,6,6,-12130,0,1,0,0,0,265,266,265,419,269,265,3,39
LMR,5,1,4,4,4,2347,0,1,0,1,0,265,266,265,349,315,348,3,4
LMR,8,1,7,7,7,-3276,0,1,0,0,0,265,266,265,419,301,334,2,21
LMR,5,1,4,5,3,15769,0,1,0,0,0,442,443,442,385,509,464,8,12
LMR,6,1,5,5,5,-1611,0,0,0,0,0,-443,-442,-452,-510,-442,-460,13,31
LMR,5,1,4,5,3,6880,0,0,0,0,0,-443,-442,-481,-433,-423,-437,2,21
LMR,6,2,5,6,2,24546,0,1,0,0,0,442,443,437,637,615,615,1,2
LMR,5,1,4,5,3,-11412,0,1,0,0,0,-249,-248,-356,-114,-131,-248,3,12
LMR,12,4,11,12,3,4646,0,1,0,0,0,278,279,278,270,365,331,2,25
LMR,10,2,9,10,2,-2331,0,1,0,0,0,278,279,-678,305,627,333,1,8
LMR,14,9,13,13,32,-16655,0,0,0,0,1,-279,-278,-279,-268,-269,-266,31,53
LMR,3,1,2,3,3,-6385,0,1,0,0,0,278,279,222,267,362,353,3,4
LMR,4,1,3,3,3,-14590,0,0,0,0,0,-279,-278,-292,-57,-269,-334,5,11
LMR,3,1,2,3,5,-7601,0,1,0,0,0,-267,-266,-284,-130,-182,-264,1,4
LMR,6,1,5,6,3,12078,0,1,0,0,0,-267,-266,-267,-109,-179,-206,6,11
LMR,5,1,4,5,2,11361,0,1,0,0,0,-267,-266,-633,-237,-56,-245,1,3
LMR,4,2,3,4,2,8751,0,0,1,1,0,266,267,180,155,270,245,3,10
LMR,6,1,5,6,2,-8278,0,1,0,0,0,-267,-266,-1186,-61,-266,-277,2,19
LMR,11,7,10,11,4,-11885,0,0,0,0,1,266,267,205,127,276,277,69,44
LMR,9,3,8,9,16,-16932,0,0,0,0,0,-279,-278,-360,-340,-191,-191,2,12
LMR,4,1,3,4,2,4870,0,0,0,1,0,266,267,38,-300,402,347,1,2
LMR,4,1,3,4,2,-936,0,1,0,0,0,-267,-266,-607,13,300,-331,2,5
LMR,4,1,3,4,4,-14271,0,1,0,0,0,-267,-266,-331,13,296,-38,0,4
LMR,4,1,3,4,2,-7823,0,1,0,0,0,-267,-266,-507,13,59,-176,0,1
LMR,8,1,7,7,13,-10524,0,1,0,0,0,-267,-266,-299,13,-259,-194,1,29
LMR,6,1,5,6,6,4884,0,1,1,0,0,278,279,240,536,405,383,1,2
LMR,9,1,8,9,3,2159,0,1,0,1,0,278,279,260,428,580,526,4,5
LMR,9,1,8,9,5,-5564,0,1,0,0,0,278,279,214,723,365,368,2,21
LMR,4,1,3,2,3,-1757,0,1,0,0,1,246,247,246,504,247,242,2,3
LMR,9,3,8,9,2,14475,0,1,0,1,0,278,279,198,759,981,571,3,2
LMR,9,3,8,9,2,10534,0,1,0,0,0,-279,-278,-468,90,-275,-275,5,23
LMR,6,1,5,6,2,19092,0,1,0,0,0,-279,-278,-926,-161,-232,-282,1,28
LMR,6,1,5,6,5,848,0,1,0,0,0,-279,-278,-282,-161,-221,-223,1,16
LMR,7,2,6,7,2,16571,0,1,0,0,0,-279,-278,-375,-191,-256,-256,8,0
LMR,5,1,4,5,2,2292,0,1,0,0,0,-279,-278,-343,-229,-235,-235,1,3
LMR,5,1,4,5,2,32403,0,1,0,1,0,278,279,184,315,474,452,3,3
LMR,4,1,3,2,3,16455,0,1,0,0,0,-279,-278,-279,-398,-278,-278,6,4
LMR,9,6,8,8,4,19623,0,1,0,0,1,-279,-278,-281,-171,-256,-278,7,41
LMR,5,1,4,5,11,-4001,0,0,1,0,0,266,267,231,224,325,314,3,6
LMR,5,1,4,5,2,2587,0,1,0,0,0,-267,-266,-293,-107,-224,-306,5,20
LMR,5,1,4,4,3,-17064,0,1,0,0,0,-267,-266,-293,-107,-262,-262,5,5
LMR,8,2,7,8,13,-209,0,0,1,0,0,266,267,262,168,365,267,1,5
LMR,9,3,8,8,2,-754,0,1,0,0,0,-267,-266,-267,-127,-238,-260,6,13
LMR,9,3,8,9,4,18494,0,1,0,0,0,-267,-266,-360,-14,-243,-256,3,18
LMR,9,2,8,9,3,2353,0,1,0,0,0,-267,-266,-390,-231,-236,-279,3,17
LMR,5,1,4,5,2,3658,0,1,0,0,0,278,279,271,468,843,891,0,3
LMR,8,4,7,8,2,-4901,0,0,0,0,0,-279,-278,-491,-245,-226,-278,13,24
LMR,5,1,4,5,2,11999,0,1,0,0,0,-267,-266,-525,-191,-213,-217,5,12
LMR,4,1,3,4,3,-441,0,1,0,0,0,-90,-89,-108,-16,63,-67,2,5
LMR,4,1,3,4,2,21691,0,1,0,0,0,-273,-272,-303,-191,-207,-207,1,2
LMR,3,1,2,3,4,-6830,0,1,0,0,1,-294,-293,-376,-194,-288,-298,1,9
LMR,3,1,2,3,3,13800,0,0,0,0,0,259,260,195,70,265,259,9,6
LMR,4,1,3,3,4,-6862,0,1,0,0,0,-260,-259,-271,-77,-259,-259,2,19
LMR,6,1,5,6,4,-548,0,1,0,0,0,-267,-266,-272,-164,-172,-217,1,11
LMR,6,1,5,5,17,-17042,0,1,0,0,0,-267,-266,-270,-45,-247,-195,1,5
LMR,8,6,7,8,3,9383,0,0,1,1,0,266,267,-143,-541,365,341,8,8
LMR,11,1,10,11,6,-6016,0,1,0,0,0,-267,-266,-304,60,213,184,0,1
LMR,6,1,5,6,2,14157,0,1,0,0,0,-267,-266,-317,3,73,-138,2,5
LMR,5,1,4,5,4,-13715,0,1,0,0,0,-268,-267,-617,-155,-214,-267,2,17
LMR,6,1,5,6,4,-17066,0,1,0,0,0,-267,-266,-304,-273,-188,-248,2,25
LMR,7,5,6,7,3,10262,0,0,1,0,0,266,267,143,-389,273,250,21,31
LMR,5,2,4,4,5,-16570,0,1,0,0,1,-278,-277,-287,-271,-272,-252,3,15
LMR,3,1,2,3,3,-13442,0,1,0,0,0,-267,-266,-459,-1437,287,287,2,0
LMR,4,1,3,4,2,1022,0,1,0,0,0,-237,-236,-400,-98,-144,-236,1,13
LMR,4,1,3,4,2,4769,0,1,1,0,0,239,240,206,200,467,427,1,2
LMR,4,1,3,4,4,-7556,0,1,0,1,0,272,273,254,316,563,450,3,2
LMR,8,1,7,8,3,3962,0,1,0,0,0,-267,-266,-508,-502,-150,-265,15,50
LMR,9,6,8,9,2,-1140,0,0,0,0,0,266,267,-186,115,338,265,4,68
LMR,3,1,2,2,4,-16386,0,0,0,1,0,266,267,258,-25,268,268,4,4
LMR,3,1,2,3,3,-4397,0,1,0,0,0,-267,-266,-544,-227,-126,-267,1,10
LMR,3,1,2,2,4,-8802,0,1,0,0,0,-267,-266,-267,-227,-232,-238,4,6
LMR,5,1,4,5,2,736,0,1,0,0,0,-257,-256,-908,-220,-172,-213,2,4
LMR,6,2,5,6,2,41287,0,1,0,0,0,-267,-266,-1035,-87,-241,-266,4,17
LMR,10,3,9,10,2,14,0,1,0,0,0,-267,-266,-488,-22,-190,-234,2,19
LMR,4,1,3,4,3,6014,0,1,0,0,0,-267,-266,-322,-155,-204,-266,2,5
LMR,5,1,4,5,3,-3182,0,0,1,0,0,266,267,266,184,362,362,9,4
LMR,6,1,5,5,5,-177,0,1,0,0,0,-267,-266,-286,-161,-240,-346,2,31
LMR,6,1,5,6,13,-19245,0,1,0,0,0,-267,-266,-271,-161,-187,-219,1,12
LMR,5,2,4,4,5,25396,0,0,0,0,0,266,267,239,85,267,267,12,9
LMR,4,1,3,4,2,-876,0,0,0,0,0,266,267,190,231,273,272,4,11
LMR,5,1,4,4,3,6729,0,1,0,0,0,-267,-266,-304,-219,-255,-271,3,17
LMR,8,1,7,7,2,13939,0,1,0,0,0,-267,-266,-267,27,-245,-267,1,42
LMR,8,1,7,8,3,-1432,0,1,0,0,0,-267,-266,-267,27,-175,-249,1,32
LMR,3,1,2,3,3,3762,0,1,0,0,0,-193,-192,-316,-252,-172,-189,2,8
LMR,11,9,10,10,3,24081,0,1,0,0,1,-267,-266,-277,-266,-266,-266,86,0
LMR,3,1,2,3,3,-9968,0,1,0,0,0,-264,-263,-280,-11,-171,-263,2,13
LMR,5,2,4,4,7,-7093,0,1,0,0,1,-224,-223,-266,-206,-223,-223,15,13
LMR,4,1,3,2,2,11423,0,1,0,1,0,221,222,221,210,223,223,12,3
LMR,4,1,3,4,2,9044,0,1,0,0,0,-210,-209,-280,-107,-115,-147,1,5
LMR,5,3,4,5,2,6120,0,0,0,1,0,89,90,-247,-345,149,138,3,4
LMR,10,4,9,10,2,20645,0,1,0,0,0,-267,-266,-268,103,-207,-266,4,20
LMR,4,1,3,3,3,12844,0,1,0,0,0,-210,-209,-210,55,-175,-180,4,7
LMR,10,3,9,10,2,16707,0,1,0,0,0,-267,-266,-280,97,-186,-266,2,23
LMR,5,1,4,4,5,2330,0,0,0,0,0,266,267,252,349,274,275,3,8
LMR,11,1,10,11,10,-13893,0,1,0,0,0,-267,-266,-267,-38,-115,-229,3,19
LMR,5,1,4,3,5,-17093,0,1,0,0,0,-234,-233,-234,-179,-233,-233,19,8
LMR,3,1,2,3,2,6013,0,1,0,0,0,-191,-190,-217,-41,-106,-121,2,6
LMR,3,1,2,3,3,3102,0,1,0,0,0,272,273,235,272,393,326,2,3
LMR,4,1,3,3,4,352,0,0,0,0,0,-273,-272,-273,-282,-237,-272,1,9
LMR,5,1,4,4,27,-16967,0,1,0,0,0,272,273,271,496,282,272,4,16
LMR,4,1,3,3,5,-1816,0,0,0,0,0,-273,-272,-282,-411,-256,-264,3,5
LMR,5,1,4,4,3,-6562,0,1,0,0,0,272,273,246,455,298,265,6,15
LMR,7,1,6,7,3,788,0,1,1,0,1,272,273,272,444,351,269,2,52
LMR,5,1,4,5,2,9554,0,1,1,1,0,272,273,264,-147,31992,31992,0,0
LMR,7,1,6,6,15,-15365,0,1,0,0,1,272,273,272,444,313,280,7,15
LMR,5,1,4,5,2,26325,0,1,0,0,0,272,273,270,403,357,279,6,8
LMR,9,4,8,7,3,1309,0,1,0,0,1,272,273,269,354,273,268,18,58
LMR,4,1,3,2,2,-1257,0,1,1,0,0,-250,-249,-250,-224,-249,-249,2,2
LMR,5,1,4,4,6,2362,0,1,0,0,0,-250,-249,-262,-219,-237,-250,2,10
LMR,6,1,5,5,4,-13171,0,1,0,0,1,-250,-249,-250,-229,-205,-229,2,15
LMR,4,1,3,4,2,6974,0,1,0,0,0,-246,-245,-476,-30,-175,-245,1,4
LMR,3,1,2,3,2,148,0,1,0,0,0,-222,-221,-226,-123,-144,-165,1,2
LMR,3,1,2,3,3,6451,0,1,0,0,0,-264,-263,-419,-62,-86,-263,1,5
LMR,8,3,7,6,4,-4592,0,0,1,0,0,249,250,249,107,250,254,15,19
LMR,5,1,4,5,5,-802,0,1,0,0,0,249,250,249,355,495,257,4,3
LMR,5,1,4,5,3,5122,0,1,0,0,0,-250,-249,-266,3,-209,-262,2,14
LMR,5,1,4,5,5,-5214,0,1,0,0,0,-250,-249,-262,3,51,-187,1,1
LMR,5,1,4,4,3,-10889,0,1,0,0,0,-250,-249,-262,-93,-223,-249,1,11
LMR,4,1,3,4,2,10798,0,1,1,0,0,-255,-254,-387,-227,-95,-112,0,1
LMR,5,1,4,3,11,-7436,0,0,0,0,1,187,188,184,143,188,188,4,3
LMR,5,3,4,5,3,-3250,0,1,0,0,1,-188,-187,-354,-131,-187,-188,4,17
LMR,4,1,3,4,3,30209,0,1,0,0,0,-274,-273,-301,-182,-186,-201,1,2
LMR,8,2,7,8,3,12075,0,1,0,1,0,271,272,217,598,543,488,4,3
LMR,5,1,4,4,4,2472,0,1,0,0,0,271,272,238,415,279,279,2,4
LMR,5,1,4,5,3,-6795,0,1,0,0,0,271,272,221,352,515,398,1,2
LMR,10,2,9,10,3,-5817,0,1,0,1,0,271,272,234,535,399,410,3,7
LMR,5,1,4,5,3,-6222,0,1,0,0,0,271,272,157,564,421,363,1,3
LMR,4,1,3,4,3,10587,0,1,0,0,0,448,449,446,547,512,467,1,6
LMR,4,1,3,3,5,-9716,0,1,0,0,0,257,258,257,437,266,266,1,2
LMR,7,1,6,7,5,3756,0,1,0,0,0,271,272,244,515,355,284,1,10
LMR,3,1,2,3,2,412,0,1,0,1,1,250,251,97,915,693,445,2,2
LMR,7,1,6,6,5,6657,0,1,1,0,0,302,303,302,463,313,432,1,8
LMR,3,1,2,2,2,11045,0,1,0,0,0,302,303,290,278,303,303,6,4
LMR,3,1,2,3,5,-2203,0,1,0,0,0,250,251,240,293,387,255,6,3
LMR,5,1,4,4,14,-17897,0,1,0,1,1,250,251,243,721,269,254,2,16
LMR,4,1,3,4,3,-2420,0,1,0,0,0,467,468,421,512,531,469,7,9
LMR,3,1,2,3,2,3728,0,1,0,0,0,302,303,66,494,410,410,1,4
LMR,6,1,5,6,6,-2558,0,0,0,0,0,-303,-302,-383,-450,-265,-283,3,4
LMR,6,1,5,6,20,-17066,0,1,0,0,0,302,303,302,413,385,285,2,20
LMR,6,1,5,5,26,-16774,0,1,0,0,0,302,303,302,413,352,264,1,11
LMR,8,4,7,8,4,701,0,0,0,0,0,-303,-302,-474,-389,-296,-299,20,11
LMR,9,1,8,8,4,-3279,0,1,0,0,0,302,303,302,679,344,299,4,49
LMR,13,10,12,11,16,-1369,0,0,0,0,1,-303,-302,-303,-296,-302,-299,166,84
LMR,4,1,3,3,3,-10616,0,1,0,0,0,-239,-238,-267,-159,-237,-213,3,10
LMR,7,1,6,7,2,-13824,0,1,0,0,0,-273,-272,-937,-382,-198,-126,1,6
LMR,8,1,7,8,2,476,0,1,0,0,0,-273,-272,-381,-82,-272,-272,10,27
LMR,5,1,4,5,3,-5952,0,1,0,0,0,-273,-272,-365,-119,-245,-272,1,20
LMR,4,1,3,3,5,-4388,0,1,0,0,0,-273,-272,-286,-233,-272,-272,5,8
LMR,10,5,9,8,6,-6508,0,0,0,0,1,272,273,272,256,278,272,14,14
LMR,10,4,9,10,20,-14357,0,0,0,0,1,272,273,272,256,327,391,2,13
LMR,5,1,4,5,4,119,0,1,0,1,0,272,273,207,128,273,318,3,4
LMR,6,1,5,6,5,-10741,0,0,0,0,0,-273,-272,-354,-364,-155,-310,1,11
LMR,6,1,5,6,2,-9352,0,1,0,0,0,272,273,179,344,319,310,1,26
LMR,7,1,6,6,4,-11814,0,1,0,0,0,-273,-272,-282,-185,-269,-267,2,15
LMR,5,1,4,5,3,-4172,0,1,0,0,0,-273,-272,-298,-223,-205,-224,3,9
LMR,4,1,3,4,2,15823,0,1,1,0,0,-273,-272,-613,-272,-19,-60,0,2
LMR,5,1,4,5,2,4555,0,1,0,0,0,-273,-272,-329,-239,-272,-250,5,34
LMR,4,1,3,3,9,-789,0,0,1,0,0,272,273,265,251,310,303,6,5
LMR,5,1,4,4,6,-9659,0,1,0,0,0,-273,-272,-304,-169,-272,-297,13,30
LMR,9,5,8,8,6,-1399,0,0,0,0,1,272,273,267,272,292,292,66,17
LMR,11,6,10,9,8,-6738,0,1,0,0,1,-273,-272,-273,-257,-272,-290,17,175
LMR,6,1,5,6,6,-13807,0,1,0,0,0,272,273,206,259,624,366,1,3
LMR,3,1,2,2,2,1119,0,1,0,0,0,269,270,252,423,289,292,2,3
LMR,7,1,6,6,2,-7260,0,1,0,0,0,302,303,286,606,303,303,14,37
LMR,5,1,4,5,2,-2858,0,1,1,0,0,302,303,291,402,364,354,3,10
LMR,5,1,4,4,7,-1910,0,0,0,0,0,-303,-302,-336,-218,-293,-293,4,7
LMR,9,7,8,9,2,9716,0,0,0,0,0,-303,-302,-340,-364,-285,-294,27,37
LMR,8,3,7,8,6,2730,0,1,0,0,1,302,303,294,599,401,426,4,13
LMR,3,1,2,3,2,29303,0,1,0,1,0,296,297,274,541,365,365,1,0
LMR,3,1,2,3,4,5874,0,0,0,0,0,-319,-318,-319,-369,-260,-270,2,4
LMR,3,1,2,3,3,2690,0,1,0,0,0,318,319,265,591,369,282,2,14
LMR,5,1,4,5,2,15297,0,1,0,0,0,287,288,233,569,303,305,2,3
LMR,7,1,6,7,2,-4929,0,1,0,0,0,302,303,295,527,592,391,1,2
LMR,11,6,10,11,2,16106,0,1,0,1,0,302,303,302,442,375,313,4,13
LMR,10,4,9,10,3,-16824,0,0,0,0,0,-303,-302,-623,-558,-302,-302,9,8
LMR,11,2,10,11,6,-11784,0,1,0,0,0,302,303,302,450,524,496,1,5
LMR,6,1,5,5,2,15809,0,1,0,0,0,302,303,302,514,327,327,4,3
LMR,5,1,4,5,9,4889,0,0,1,0,0,229,230,187,229,308,294,1,1
LMR,6,1,5,5,3,5040,0,1,0,0,0,-230,-229,-279,-723,-229,-283,11,22
LMR,8,5,7,7,5,6297,0,1,0,0,1,-230,-229,-246,-179,-220,-219,29,43
LMR,5,1,4,5,3,5977,0,1,0,0,0,-230,-229,-314,-125,-210,-209,4,15
LMR,6,1,5,6,2,11311,0,1,0,0,0,-230,-229,-355,56,-184,-212,5,44
LMR,4,1,3,4,3,-8531,0,1,0,0,0,-275,-274,-302,-92,-237,-237,2,12
LMR,4,1,3,4,7,-1276,0,1,0,0,0,-276,-275,-340,158,-235,-209,5,7
LMR,9,2,8,9,2,2620,0,1,0,0,0,-230,-229,-1671,410,437,-158,1,2
LMR,3,1,2,3,2,3665,0,1,0,0,0,-254,-253,-906,-199,-181,-213,1,0
LMR,3,1,2,3,3,-5546,0,1,0,0,0,-273,-272,-327,-97,-160,-106,2,7
LMR,3,1,2,3,2,3589,0,0,0,1,0,52,53,-808,-59,116,105,4,3
LMR,8,1,7,8,3,17767,0,1,0,0,0,-230,-229,-277,-145,-175,-178,8,12
LMR,3,1,2,3,5,-3273,0,1,0,0,0,-242,-241,-242,-144,-183,-193,6,6
LMR,5,1,4,5,2,-986,0,1,0,0,0,229,230,86,211,271,248,2,9
LMR,13,2,12,12,7,-11408,0,1,0,0,0,-230,-229,-242,-150,-196,-197,1,36
LMR,7,1,6,7,4,-3673,0,1,0,0,0,-230,-229,-290,-57,-197,-191,1,7
LMR,11,4,10,11,2,3417,0,1,0,0,0,-230,-229,-1160,15,-172,-213,8,64
LMR,7,1,6,7,4,-9538,0,1,0,0,0,-230,-229,-268,-21,-205,-209,1,12
LMR,8,2,7,8,5,13517,0,1,0,0,0,-230,-229,-327,-84,-155,-211,1,22
LMR,5,1,4,5,5,17201,0,1,0,0,0,-267,-266,-301,-158,-243,-226,3,7
LMR,3,1,2,3,2,2514,0,1,0,0,1,-245,-244,-318,-226,-244,-244,7,4
LMR,3,1,2,3,2,-1183,0,1,0,0,0,-230,-229,-253,-56,-133,-133,2,2
LMR,4,1,3,4,3,16377,0,1,0,0,0,-239,-238,-391,-252,-131,-134,2,0
LMR,4,1,3,4,2,-1627,0,1,0,0,0,-265,-264,-395,-252,-60,-245,1,0
LMR,3,1,2,3,2,6689,0,0,0,0,0,283,284,283,214,988,467,0,3
LMR,6,1,5,5,2,100,0,1,0,0,0,-230,-229,-235,-138,-195,-184,3,7
LMR,7,1,6,7,2,-10359,0,1,0,0,0,-230,-229,-506,-21,-229,-184,5,19
LMR,5,1,4,4,10,-2026,0,1,0,0,0,-230,-229,-230,-67,-202,-159,9,7
LMR,6,1,5,6,32,-16695,0,1,0,0,0,-230,-229,-263,-106,-159,-221,1,38
LMR,5,1,4,5,6,-9704,0,1,0,0,0,-230,-229,-253,-94,-128,-191,4,5
LMR,8,1,7,7,8,-11177,0,1,0,0,0,-230,-229,-236,106,-214,-229,9,31
LMR,3,1,2,2,5,4948,0,1,0,0,0,-262,-261,-265,-127,-243,-241,10,2
LMR,4,1,3,4,2,23375,0,1,0,0,0,-230,-229,-243,-171,-187,-186,4,7
LMR,4,1,3,3,2,28047,0,1,0,0,0,-230,-229,-239,-150,-212,-211,4,7
LMR,4,1,3,3,2,29456,0,1,0,0,0,-230,-229,-241,-158,-219,-202,4,8
LMR,4,1,3,3,7,-1726,0,1,0,0,0,-265,-264,-265,-201,-253,-264,3,9
LMR,5,1,4,4,3,-16146,0,0,0,0,0,229,230,190,198,230,230,7,9
LMR,5,1,4,4,8,3187,0,1,0,0,0,-230,-229,-261,-177,-229,-229,5,4
LMR,9,4,8,7,2,11989,0,1,0,0,0,-230,-229,-230,-201,-229,-229,10,36
LMR,3,1,2,3,2,1971,0,1,0,0,0,-256,-255,-401,-51,-229,-255,2,10
LMR,4,1,3,2,6,-6286,0,0,0,0,0,229,230,229,232,236,193,3,6
LMR,3,1,2,2,2,14566,0,1,0,0,0,-208,-207,-211,34,-180,-176,2,5
LMR,3,1,2,3,2,392,0,1,0,0,0,-274,-273,-274,109,-199,-212,2,3
LMR,3,1,2,3,2,3097,0,1,0,0,0,-274,-273,-274,96,-105,-148,1,3
LMR,3,1,2,3,2,-2975,0,1,0,0,0,-264,-263,-624,-12,-198,-168,3,2
LMR,5,1,4,5,2,-6526,0,1,0,0,0,-230,-229,-254,-45,-131,-148,1,2
LMR,10,5,9,10,4,2352,0,1,0,0,1,229,230,192,246,260,260,15,43
LMR,6,1,5,6,3,16449,0,1,0,0,0,229,230,120,441,256,272,1,0
LMR,4,1,3,3,3,-4585,0,1,0,0,0,229,230,229,432,252,319,1,3
LMR,8,6,7,7,4,24413,0,1,0,0,1,229,230,224,413,255,242,11,14
LMR,5,1,4,5,2,17968,0,1,0,0,0,255,256,139,228,366,416,3,4
LMR,9,6,8,8,2,-8440,0,0,0,0,0,-303,-302,-327,-265,-302,-302,25,22
LMR,10,5,9,8,2,24563,0,1,0,0,0,302,303,302,321,309,309,16,16
LMR,3,1,2,3,3,-1024,0,0,0,0,0,302,303,268,131,375,362,2,7
LMR,3,1,2,3,4,-3792,0,1,0,0,0,-303,-302,-334,-255,-131,-347,1,12
LMR,3,1,2,2,6,-1301,0,1,0,0,0,-303,-302,-334,-255,-286,-302,2,5
LMR,5,1,4,5,3,-11922,0,1,0,0,0,-303,-302,-313,-151,-208,-271,1,6
LMR,3,1,2,3,3,7331,0,1,0,0,1,226,227,198,368,271,271,2,7

===========================
Total time (ms) : 49
Nodes searched  : 39009
Nodes/second    : 796102
LMR_TOTAL,20745,904,648
