
Position: 1/1 (rn1qkbnr/1b1p1ppp/1pp1p3/p2P4/2B1P3/2N2Q2/PPP2PPP/R1B1K1NR w KQkq - 0 7)
LMR,3,1,2,2,2,-1276,0,1,0,0,0,-358,-357,-396,-227,-357,-357,11,5
LMR,4,1,3,3,2,-1195,0,1,0,0,0,-221,-220,-221,-77,-187,-203,4,6
LMR,3,1,2,3,3,-1276,0,1,0,0,0,-201,-200,-253,-264,-147,-194,1,4
LMR,3,1,2,3,5,474,0,0,0,0,0,200,201,199,185,264,195,1,7
LMR,3,1,2,3,3,18046,0,1,0,0,0,-201,-200,-224,-169,-126,-139,1,7
LMR,3,1,2,2,2,2640,0,1,0,0,0,-201,-200,-209,-47,-183,-200,2,9
LMR,3,1,2,3,6,-1276,0,0,0,0,0,187,188,168,155,382,228,3,6
LMR,3,1,2,2,7,1320,0,0,0,0,0,228,229,223,136,267,241,6,7
LMR,7,3,6,5,2,-2409,0,0,0,0,0,228,229,228,85,229,229,41,31
LMR,4,1,3,4,2,-2268,0,1,1,0,0,-218,-217,-259,-274,-136,-180,2,3
LMR,9,3,8,8,22,-735,0,0,1,0,0,217,218,187,170,228,228,8,8
LMR,4,1,3,4,2,-2927,0,0,1,0,0,-218,-217,-305,-186,-191,-196,4,10
LMR,8,4,7,7,2,-1013,0,1,0,0,1,-218,-217,-227,-175,-208,-208,30,20
LMR,4,2,3,3,2,3952,0,0,1,0,0,217,218,203,187,218,218,5,3
LMR,5,1,4,3,3,5925,0,1,0,0,0,-218,-217,-218,-64,-217,-216,2,6
LMR,3,1,2,3,2,7939,0,1,1,0,0,-218,-217,-243,-577,-88,-198,1,5
LMR,5,1,4,5,3,1276,0,1,1,0,0,-218,-217,-246,-333,-60,-187,1,14
LMR,3,1,2,3,2,-91,0,1,1,0,0,-218,-217,-406,-314,-177,-212,4,7
LMR,3,1,2,3,2,2549,0,1,1,0,0,-218,-217,-235,-531,-180,-153,1,13
LMR,3,1,2,3,3,2333,0,1,1,0,0,-218,-217,-318,-357,-86,-206,1,3
LMR,3,1,2,3,2,263,0,1,1,0,0,-218,-217,-305,-714,-189,-194,2,10
LMR,5,1,4,4,2,1930,0,1,0,0,0,-218,-217,-237,-32,-217,-181,3,8
LMR,4,1,3,3,5,-693,0,0,0,0,0,217,218,217,45,228,228,1,5
LMR,7,1,6,6,3,1639,0,1,1,0,0,-218,-217,-224,-329,-179,-179,1,22
LMR,3,1,2,3,3,345,0,1,1,0,0,-218,-217,-279,-438,-192,-196,2,3
LMR,4,1,3,2,7,-4562,0,1,0,0,0,-205,-204,-205,-182,-203,-72,1,3
LMR,3,1,2,3,2,6865,0,0,1,0,0,-234,-233,-288,-533,-225,-227,1,7
LMR,4,1,3,3,3,4782,0,1,0,0,0,233,234,228,219,253,244,4,9
LMR,3,1,2,3,3,-2074,0,1,0,0,0,-219,-218,-259,-206,380,210,2,1
LMR,5,1,4,4,2,10553,0,1,0,0,0,-219,-218,-224,-126,-216,-218,8,12
LMR,4,1,3,4,2,-522,0,1,0,0,0,-219,-218,-246,-193,-183,-214,1,13
LMR,5,1,4,5,18,283,0,0,1,0,1,218,219,218,190,282,123,2,5
LMR,5,1,4,5,14,676,0,0,1,0,0,218,219,180,175,244,240,1,2
LMR,5,1,4,5,2,8096,0,1,1,0,0,-219,-218,-326,-990,-175,-236,2,17
LMR,3,1,2,2,6,6871,0,1,0,0,0,-219,-218,-232,-230,-218,-218,8,4
LMR,4,1,3,3,8,-4397,0,0,0,0,0,218,219,218,194,230,218,7,18
LMR,4,1,3,4,13,-2361,0,0,1,0,0,218,219,218,194,389,279,5,1
LMR,5,1,4,4,10,-10507,0,1,0,0,0,-219,-218,-226,-120,-201,-267,18,65
LMR,8,2,7,7,10,-1799,0,1,1,0,1,-219,-218,-233,-203,-213,-219,3,152
LMR,4,1,3,4,2,8746,0,1,1,0,0,-219,-218,-240,-984,-138,-167,1,4
LMR,8,2,7,7,11,-7645,0,1,0,0,1,-219,-218,-219,-203,-209,-209,2,24
LMR,4,1,3,3,6,-8088,0,1,0,0,0,-219,-218,-229,-137,-210,-209,12,11
LMR,6,1,5,5,8,-6378,0,1,1,0,0,-219,-218,-224,-95,-183,-210,2,38
LMR,3,1,2,2,2,-6565,0,1,0,0,0,-219,-218,-237,-116,-218,-218,22,9
LMR,3,1,2,3,2,-10460,0,1,0,0,0,-220,-219,-280,25,-200,-200,4,18
LMR,4,1,3,4,2,-2804,0,1,1,0,0,-219,-218,-230,-243,-130,-145,2,3
LMR,4,1,3,4,2,-5822,0,0,0,0,0,218,219,169,82,233,159,1,7
LMR,3,1,2,2,5,-252,0,1,1,0,1,-226,-225,-232,-272,-222,-253,1,3
LMR,4,1,3,4,4,2119,0,1,0,0,0,-209,-208,-268,-197,-130,-167,1,3
LMR,3,1,2,2,2,779,0,1,1,0,1,-212,-211,-238,-219,-204,-206,2,2
LMR,5,1,4,4,2,9741,0,1,1,0,0,-209,-208,-227,-521,-192,-176,1,5
LMR,7,1,6,6,9,-6902,0,0,0,0,0,208,209,196,148,228,227,3,8
LMR,7,1,6,7,2,-7836,0,1,0,0,0,-209,-208,-979,-90,-148,-224,1,19
LMR,7,1,6,7,8,-518,0,1,0,0,0,-209,-208,-223,-90,-51,-148,1,20
LMR,3,1,2,2,4,-220,0,1,1,0,1,-231,-230,-242,-135,-226,-253,2,3
LMR,4,1,3,3,5,-6496,0,1,0,0,0,-209,-208,-213,-144,-205,-208,1,13
LMR,4,1,3,4,2,-6133,0,1,0,0,0,-209,-208,-251,-252,-180,-185,1,5
LMR,3,1,2,2,3,4125,0,1,0,0,1,-232,-231,-247,-115,-231,-231,6,4
LMR,3,1,2,3,5,-4407,0,1,1,0,0,-185,-184,-199,-7,-139,-170,1,24
LMR,3,1,2,2,2,-11236,0,1,0,0,0,-223,-222,-245,-25,-219,-220,2,5
LMR,3,1,2,3,2,-2438,0,1,1,0,0,-184,-183,-184,44,-95,-111,1,1
LMR,6,1,5,4,3,3013,0,1,0,0,0,-196,-195,-196,-159,-189,-189,3,3
LMR,9,4,8,7,6,-9990,0,0,0,0,1,195,196,189,71,196,196,19,22
LMR,4,1,3,4,4,-13860,0,0,0,0,0,-196,-195,-226,-273,358,-174,2,5
LMR,7,1,6,7,12,-5285,0,1,0,0,0,195,196,183,311,429,248,1,6
LMR,8,3,7,6,4,-8696,0,1,0,0,1,-196,-195,-196,-179,-195,-198,38,17
LMR,3,1,2,2,3,3029,0,0,0,0,0,202,203,202,149,234,234,2,4
LMR,4,1,3,3,2,9299,0,1,0,0,1,-203,-202,-215,-95,-165,-134,1,2
LMR,5,1,4,5,7,7998,0,1,0,0,0,-197,-196,-237,-57,-154,-196,4,19
LMR,6,1,5,5,5,16262,0,1,0,0,0,-197,-196,-245,-85,-195,-196,3,34
LMR,4,1,3,4,2,-1276,0,0,0,1,0,196,197,-362,205,331,307,3,2
LMR,7,1,6,7,19,-14564,0,1,0,0,0,-197,-196,-244,110,14,-164,1,10
LMR,5,2,4,4,3,4765,0,1,0,0,1,-197,-196,-201,-171,-175,-171,6,7
LMR,9,1,8,7,33,-10229,0,0,0,0,0,196,197,196,196,197,196,3,11
LMR,10,4,9,9,2,5113,0,1,0,0,0,-197,-196,-205,-91,-196,-196,11,111
LMR,7,1,6,7,8,-14940,0,1,0,0,0,-197,-196,-287,-110,-127,-127,7,13
LMR,3,1,2,3,2,-4110,0,1,0,0,0,-147,-146,-202,-136,-144,-132,11,10
LMR,8,4,7,8,2,31830,0,1,0,0,0,-197,-196,-256,114,-125,-125,0,0
LMR,7,1,6,7,2,6880,0,1,1,0,0,-197,-196,-218,-148,-52,-145,3,8
LMR,5,1,4,5,4,-1276,0,0,0,0,0,196,197,145,116,221,205,7,10
LMR,5,1,4,5,2,-4973,0,1,0,0,0,-197,-196,-286,-96,-161,-203,3,24
LMR,7,1,6,7,2,-2446,0,1,1,0,0,-197,-196,-400,-105,-163,-198,3,46
LMR,7,1,6,7,3,18899,0,1,0,0,0,-197,-196,-198,-105,-143,-142,12,21
LMR,3,1,2,3,3,-3163,0,1,0,0,0,-197,-196,-394,-128,-46,-72,1,1
LMR,5,1,4,3,5,-1276,0,1,0,0,0,-197,-196,-203,-281,-196,-197,8,8
LMR,11,4,10,9,19,-16970,0,0,0,0,1,196,197,196,158,197,200,21,37
LMR,4,1,3,3,3,9333,0,1,0,0,0,-223,-222,-248,-280,-220,-220,3,4
LMR,8,6,7,8,2,11539,0,0,1,0,0,-223,-222,-274,-728,-220,-207,32,37
LMR,5,1,4,5,3,-3687,0,1,1,0,0,-223,-222,-282,-462,-71,-165,3,3
LMR,9,1,8,9,3,3335,0,1,0,0,0,222,223,208,354,289,258,1,21
LMR,3,1,2,3,2,108,0,1,1,0,0,-200,-199,-273,-93,-195,-183,4,10
LMR,7,1,6,7,2,448,0,1,0,0,0,-209,-208,-353,-109,-146,-208,1,20
LMR,3,1,2,3,2,-3852,0,1,0,0,0,-195,-194,-286,-28,-134,-144,2,6
LMR,3,1,2,3,2,-3255,0,1,0,0,0,-197,-196,-218,48,-158,-158,1,2
LMR,5,1,4,5,2,16539,0,1,0,0,0,-209,-208,-280,-63,-208,-221,8,12
LMR,3,1,2,2,2,10548,0,1,0,0,0,-209,-208,-217,-114,-201,-201,17,6
LMR,5,1,4,4,6,-4459,0,1,1,0,0,-209,-208,-209,-63,-167,-202,2,36
LMR,3,1,2,3,2,-4048,0,1,1,0,0,-185,-184,-190,46,-111,-111,0,0
LMR,5,1,4,5,2,7223,0,1,0,0,0,-209,-208,-291,-52,-207,-208,5,44
LMR,3,1,2,3,3,-4290,0,1,1,0,0,-210,-209,-238,-71,-171,-179,1,19
LMR,3,1,2,3,2,2550,0,1,0,0,0,205,206,143,225,240,234,1,1
LMR,8,1,7,8,2,347,0,1,0,0,0,207,208,32,497,302,284,1,4
LMR,12,7,11,12,3,1248,0,0,1,0,0,-208,-207,-275,-539,-189,-195,26,49
LMR,5,1,4,5,2,6107,0,1,0,0,0,-207,-206,-337,-2,-156,-164,1,4
LMR,10,1,9,10,8,-9250,0,1,0,0,0,-200,-199,-200,405,75,-140,0,14
LMR,5,1,4,4,2,8591,0,1,0,0,0,-207,-206,-207,-138,-199,-199,2,2
LMR,4,1,3,4,11,-11905,0,1,0,0,0,-218,-217,-240,-103,-133,-150,1,5
LMR,5,1,4,5,2,16765,0,1,0,0,0,-200,-199,-206,-129,-140,-140,3,7
LMR,7,2,6,6,13,996,0,0,1,0,0,199,200,169,45,209,209,15,7
LMR,8,3,7,8,2,17992,0,1,0,0,0,-200,-199,-207,6,-143,-148,5,19
LMR,5,1,4,5,2,18450,0,1,0,0,0,-200,-199,-376,44,571,214,2,6
LMR,4,1,3,2,3,27047,0,1,0,0,0,-188,-187,-188,-169,-184,-185,2,8
LMR,4,1,3,4,2,2580,0,1,0,0,0,-207,-206,-255,40,-116,-103,6,4
LMR,4,1,3,4,2,-109,0,1,1,0,0,-200,-199,-313,-71,-167,-193,3,22
LMR,4,1,3,3,2,1569,0,1,1,0,1,-225,-224,-249,-89,-205,-208,1,16
LMR,6,1,5,6,3,7038,0,1,1,0,0,-200,-199,-204,-504,-143,-174,9,11
LMR,3,1,2,3,2,3014,0,1,1,0,0,-200,-199,-213,-565,-141,-151,3,3
LMR,3,1,2,2,3,32597,0,1,0,0,0,-200,-199,-211,-109,-199,-199,3,6
LMR,3,1,2,3,3,1057,0,1,1,0,0,-200,-199,-259,-431,-154,-162,4,4
LMR,6,1,5,6,3,-748,0,1,1,0,0,-200,-199,-243,-428,-154,-154,3,12
LMR,3,1,2,3,2,-934,0,1,1,0,0,-200,-199,-470,-311,-154,-167,1,5
LMR,4,1,3,4,2,24970,0,1,0,0,0,-226,-225,-291,-256,-225,-225,19,35
LMR,3,1,2,3,2,5791,0,1,1,0,0,-200,-199,-223,-411,-88,-127,2,5
LMR,5,1,4,5,2,9623,0,1,1,0,0,-200,-199,-261,-766,-198,-178,2,6
LMR,4,1,3,3,5,-105,0,1,1,0,0,-200,-199,-227,-253,-182,-185,1,2
LMR,4,1,3,4,4,-12169,0,0,0,0,0,63,64,24,164,170,182,2,2
LMR,4,1,3,4,3,-23057,0,1,0,1,0,-64,-63,-261,-388,-27,-158,22,10
LMR,12,6,11,11,10,-1021,0,0,1,0,0,199,200,199,7,236,208,13,44
LMR,4,1,3,4,2,676,0,1,1,0,0,199,200,133,187,336,231,1,1
LMR,7,4,6,6,3,19107,0,1,0,0,1,199,200,183,301,226,235,9,7
LMR,4,1,3,4,5,5517,0,1,1,0,1,207,208,165,1,222,220,14,26
LMR,5,1,4,4,7,-8201,0,0,0,0,1,-208,-207,-208,-222,-174,-217,11,44
LMR,5,1,4,5,2,18582,0,1,0,0,0,207,208,78,216,208,208,4,16
LMR,5,1,4,5,3,5539,0,1,1,0,0,219,220,185,242,266,295,4,5
LMR,4,1,3,4,4,-15573,0,1,0,0,0,219,220,142,187,287,251,4,6
LMR,8,2,7,6,5,10491,0,0,0,0,0,-220,-219,-226,-312,-219,-219,46,24
LMR,9,1,8,9,8,9856,0,1,1,0,0,219,220,219,220,320,247,5,17
LMR,5,1,4,5,2,19182,0,1,0,0,0,219,220,164,331,224,223,3,18
LMR,5,2,4,5,2,1694,0,0,1,0,0,-285,-284,-497,-1258,-237,-280,1,8
LMR,4,1,3,2,3,19493,0,1,0,0,0,284,285,284,385,289,289,1,1
LMR,6,1,5,5,4,-7866,0,1,0,0,0,284,285,280,435,306,288,2,21
LMR,3,1,2,3,2,25731,0,1,0,0,0,313,314,175,192,359,336,4,17
LMR,3,1,2,3,4,-8877,0,1,0,0,0,280,281,253,416,345,333,2,3
LMR,5,1,4,5,2,4459,0,1,1,0,0,246,247,213,344,268,259,19,16
LMR,4,2,3,4,18,3350,0,1,0,0,1,235,236,234,283,350,329,1,7
LMR,3,1,2,3,4,-4670,0,1,0,0,0,280,281,258,434,348,336,2,3
LMR,8,6,7,8,3,-2322,0,0,1,0,1,-278,-277,-422,-496,-220,-273,5,5
LMR,8,5,7,8,3,14992,0,1,0,0,1,277,278,274,311,332,273,3,20
LMR,3,1,2,3,4,560,0,1,0,0,0,330,331,293,434,374,367,2,3
LMR,6,1,5,6,2,3411,0,1,0,0,0,319,320,218,403,436,418,2,10
LMR,6,1,5,4,5,-20273,0,1,0,0,0,319,320,319,480,323,319,2,16
LMR,8,1,7,7,12,-21305,0,1,0,0,0,319,320,319,319,335,342,3,23
LMR,10,7,9,8,3,5777,0,0,0,0,0,-320,-319,-326,-437,-319,-339,35,44
LMR,5,1,4,4,2,4884,0,1,1,0,0,319,320,319,408,362,355,3,4
LMR,8,4,7,8,6,1584,0,0,0,0,0,-320,-319,-479,-415,-289,-289,17,21
LMR,8,1,7,8,13,-14691,0,1,0,0,0,319,320,319,603,415,292,1,48
LMR,7,1,6,7,2,10192,0,1,1,0,0,-248,-247,-248,-76,-107,-187,1,3
LMR,7,1,6,6,14,-16517,0,1,0,0,0,-248,-247,-266,-114,-217,-247,8,25
LMR,3,1,2,3,3,-5496,0,1,0,0,0,-209,-208,-227,-71,-157,-166,4,6
LMR,6,1,5,4,2,5507,0,1,0,0,0,-191,-190,-197,-131,-190,-190,6,14
LMR,6,1,5,5,11,-10668,0,0,0,0,0,190,191,190,337,211,190,2,6
LMR,4,1,3,4,4,-15687,0,0,0,0,0,190,191,175,232,256,237,1,4
LMR,6,1,5,5,39,-14031,0,0,0,0,0,190,191,190,337,208,208,2,14
LMR,7,1,6,6,7,-9807,0,0,0,0,0,-247,-246,-270,-282,-246,-246,2,9
LMR,8,1,7,8,3,-16787,0,1,0,0,0,246,247,246,227,312,271,1,6
LMR,7,1,6,5,21,-16009,0,1,0,0,0,246,247,246,319,247,244,1,10
LMR,3,1,2,2,2,12094,0,1,1,0,0,-247,-246,-283,-689,-235,-237,1,2
LMR,3,1,2,3,3,9050,0,0,0,0,0,196,197,128,81,203,202,1,1
LMR,3,1,2,3,5,-4118,0,1,1,0,0,-197,-196,-198,-90,-114,-200,1,5
LMR,6,1,5,4,2,12092,0,1,0,0,0,246,247,246,197,251,248,5,4
LMR,3,1,2,2,3,2399,0,0,0,0,0,-247,-246,-262,-378,-216,-214,15,3
LMR,9,1,8,7,4,-1710,0,1,0,0,0,-191,-190,-191,-137,-186,-212,5,14
LMR,3,1,2,3,2,3940,0,0,1,0,0,-247,-246,-500,-1070,-219,-224,1,1
LMR,6,2,5,6,2,-5740,0,0,0,0,0,-247,-246,-512,-328,-238,-238,8,14
LMR,6,1,5,6,4,-5862,0,1,0,0,0,246,247,229,288,290,239,1,26
LMR,6,1,5,5,14,-15406,0,1,0,0,0,246,247,239,288,249,250,4,7
LMR,9,6,8,7,4,1388,0,0,0,0,0,-247,-246,-247,-215,-246,-246,42,28
LMR,4,1,3,4,10,9872,0,0,1,0,0,190,191,167,-96,261,269,11,5
LMR,4,1,3,4,2,4883,0,1,0,0,0,-191,-190,-338,-122,-187,-253,11,21
LMR,5,1,4,5,15,-14710,0,1,0,0,0,-210,-209,-211,-64,-125,-209,1,18
LMR,6,1,5,6,7,-7134,0,1,1,0,0,-210,-209,-210,-103,-146,-209,3,51
LMR,6,1,5,5,6,-4425,0,1,1,0,0,-210,-209,-219,-219,-184,-149,2,8
LMR,8,3,7,7,3,-8631,0,0,0,0,0,209,210,209,159,219,157,13,21
LMR,8,1,7,6,29,-6564,0,0,0,0,0,209,210,209,159,212,212,2,9
LMR,7,3,6,5,3,2365,0,1,0,0,1,-210,-209,-211,-56,-209,-203,12,40
LMR,3,1,2,3,3,9132,0,1,1,0,0,240,241,179,155,388,293,7,1
LMR,3,1,2,3,2,-14564,0,1,0,0,0,-235,-234,-396,-140,-234,-234,3,11
LMR,6,1,5,6,2,926,0,1,0,0,0,-235,-234,-377,-171,-179,-145,2,6
LMR,5,1,4,5,6,-5253,0,1,1,0,0,-235,-234,-240,-267,-72,-101,1,3
LMR,3,1,2,2,2,-3041,0,1,0,0,0,-235,-234,-244,-227,-202,-234,2,7
LMR,6,1,5,6,2,6275,0,1,0,0,0,-235,-234,-269,-134,-19,-157,8,9
LMR,4,1,3,3,2,23652,0,1,0,0,0,-235,-234,-245,-144,-201,-201,1,5
LMR,3,1,2,3,2,10481,0,1,0,0,0,234,235,129,200,249,223,10,10
LMR,6,1,5,6,2,-2678,0,1,1,0,0,-235,-234,-273,-252,-136,-153,2,3
LMR,8,2,7,7,3,-8826,0,0,0,0,0,234,235,218,200,252,164,8,7
LMR,9,3,8,8,4,12302,0,1,0,0,0,-235,-234,-238,-133,-223,-218,23,55
LMR,3,1,2,3,2,20002,0,1,0,0,0,-235,-234,-276,-330,-181,-224,2,4
LMR,4,1,3,3,2,-254,0,0,0,0,0,234,235,226,194,253,250,2,2
LMR,6,1,5,5,3,13945,0,1,0,0,0,-235,-234,-243,-78,-234,-208,4,23
LMR,3,1,2,3,3,14875,0,1,0,0,0,-197,-196,-369,-304,-115,-191,2,4
LMR,5,1,4,4,3,10215,0,1,0,0,0,-235,-234,-243,-64,-200,-242,1,3
LMR,5,1,4,5,4,-3523,0,1,0,0,0,-235,-234,-242,-64,-162,-175,2,5
LMR,7,1,6,6,3,5330,0,1,0,0,0,-235,-234,-235,-39,-226,-251,3,11
LMR,7,1,6,7,13,-16758,0,1,0,0,0,-235,-234,-235,-39,-160,-160,3,14
LMR,3,1,2,2,3,12283,0,1,0,0,0,-209,-208,-221,-262,-205,-206,4,2
LMR,3,1,2,3,2,1015,0,0,0,0,0,208,209,175,182,235,206,1,22
LMR,4,1,3,3,2,18,0,1,1,0,0,-203,-202,-221,-104,-199,-223,2,6
LMR,4,1,3,3,6,-696,0,1,0,0,0,-203,-202,-217,-104,-202,-200,14,6
LMR,8,1,7,7,11,-5994,0,1,1,0,0,-235,-234,-248,-412,-210,-210,1,5
LMR,9,6,8,9,2,-231,0,0,0,0,0,234,235,221,165,310,212,3,10
LMR,4,1,3,4,2,9258,0,1,1,0,0,-235,-234,-299,-556,-165,-177,2,3
LMR,5,2,4,5,3,6513,0,0,0,0,0,234,235,87,22,357,299,5,8
LMR,5,1,4,5,4,-5673,0,1,0,0,0,-235,-234,-360,-173,-87,-288,4,17
LMR,7,5,6,7,2,10255,0,0,0,0,0,234,235,-23,60,276,288,31,12
LMR,7,1,6,7,8,-12992,0,1,0,0,0,-235,-234,-315,-331,-212,-281,5,47
LMR,11,6,10,10,6,-16205,0,0,0,0,1,234,235,224,111,267,237,7,75
LMR,6,2,5,5,2,-1146,0,0,1,0,0,-235,-234,-236,-384,-223,-221,4,9
LMR,9,4,8,7,3,-2264,0,0,0,1,0,234,235,231,215,236,236,13,3
LMR,10,4,9,9,3,23328,0,1,0,0,0,-235,-234,-235,-222,-227,-230,30,49
LMR,12,10,11,11,2,14180,0,1,0,0,1,-235,-234,-236,-189,-223,-234,70,183
LMR,11,6,10,11,2,-11524,0,0,0,1,0,234,235,-38,68,239,235,23,28
LMR,4,1,3,2,4,-3344,0,1,0,0,0,-235,-234,-235,-360,-234,-321,11,13
LMR,10,4,9,8,3,14206,0,1,0,0,0,234,235,230,449,235,235,31,15
LMR,5,1,4,5,4,-6672,0,1,0,0,0,234,235,192,274,272,194,2,6
LMR,7,1,6,7,2,-2676,0,1,0,0,0,-235,-234,-323,38,8,-230,1,2
LMR,6,1,5,6,2,11372,0,1,1,0,0,-235,-234,-298,-30,-230,-230,1,0
LMR,13,9,12,11,2,15768,0,1,0,0,1,-235,-234,-235,-193,-234,-230,54,159
LMR,4,2,3,3,15,5917,0,1,0,0,1,-217,-216,-243,-116,-216,-216,3,8
LMR,4,1,3,4,2,10435,0,1,1,0,0,-235,-234,-269,-534,-7,-232,2,4
LMR,4,2,3,3,2,5989,0,1,0,0,1,-223,-222,-244,-100,-209,-209,7,4
LMR,4,1,3,4,3,-4666,0,1,1,0,0,-202,-201,-202,-13,-111,-166,0,14
LMR,6,1,5,6,2,2195,0,1,1,0,0,233,234,166,308,260,235,1,15
LMR,4,1,3,3,7,3974,0,1,1,0,0,233,234,233,298,247,229,1,8
LMR,10,3,9,9,8,-10714,0,0,0,0,0,-234,-233,-277,-388,-233,-243,22,23
LMR,5,1,4,5,4,-16864,0,0,0,1,0,224,225,218,110,298,285,2,2
LMR,6,1,5,6,2,5537,0,1,1,0,0,-225,-224,-275,-227,87,32,1,3
LMR,5,1,4,5,2,-15391,0,1,0,0,0,-225,-224,-233,-452,448,91,2,3
LMR,9,2,8,9,2,-17066,0,0,0,1,0,224,225,-8,219,299,308,7,5
LMR,9,1,8,9,2,-11674,0,1,0,0,0,-225,-224,-308,-238,-224,-299,6,27
LMR,4,1,3,3,4,-9741,0,1,0,0,0,224,225,224,292,242,296,3,5
LMR,6,1,5,6,12,8736,0,0,1,0,0,224,225,188,138,316,425,5,7
LMR,6,1,5,6,2,7896,0,1,0,0,0,-225,-224,-330,-69,-164,-396,10,33
LMR,6,1,5,6,3,9829,0,1,0,0,0,-225,-224,-330,-69,-208,-193,9,17
LMR,10,6,9,10,5,9658,0,0,1,0,1,224,225,197,177,262,233,20,23
LMR,12,2,11,10,13,-16853,0,1,0,0,1,-225,-224,-229,-105,-222,-232,16,157
LMR,5,1,4,5,3,-6098,0,0,0,0,0,-225,-224,-378,-322,-224,-219,4,12
LMR,6,1,5,5,3,16567,0,1,1,0,0,224,225,219,285,239,406,1,3
LMR,5,1,4,5,2,9047,0,1,0,0,0,224,225,205,280,290,247,1,2
LMR,4,1,3,4,3,-16450,0,0,0,0,0,-234,-233,-237,-345,-163,-216,1,6
LMR,8,5,7,8,2,1915,0,0,0,0,0,-234,-233,-370,-345,-233,-233,42,27
LMR,3,1,2,2,6,-16703,0,1,0,1,0,-131,-130,-133,-216,-96,-98,9,6
LMR,4,1,3,4,2,6332,0,1,1,0,0,-225,-224,-352,-224,-189,-214,1,7
LMR,3,1,2,3,3,-9387,0,0,0,1,0,224,225,75,145,522,341,3,2
LMR,4,1,3,4,2,-4425,0,1,0,0,0,-225,-224,-312,-224,-224,-222,6,11
LMR,6,1,5,5,2,17245,0,1,0,0,0,-225,-224,-259,-187,-224,-222,5,46
LMR,5,1,4,4,3,-7689,0,1,0,0,0,-225,-224,-232,-193,-224,-224,22,13
LMR,3,1,2,3,2,7114,0,1,1,0,0,-225,-224,-371,-219,-215,-216,1,3
LMR,5,1,4,4,5,-4490,0,1,1,0,0,-225,-224,-243,-148,-221,-218,4,15
LMR,6,1,5,6,3,13665,0,1,0,0,0,-225,-224,-226,19,-118,-172,1,5
LMR,3,1,2,3,3,10055,0,1,0,0,0,-225,-224,-403,-337,-125,-86,2,5
LMR,7,2,6,6,4,25811,0,1,0,0,0,-225,-224,-225,-207,-182,-182,8,16
LMR,6,1,5,6,3,8867,0,1,1,0,0,-225,-224,-275,-847,-131,-182,3,0
LMR,4,1,3,4,2,6453,0,1,1,0,0,-225,-224,-305,-665,-117,-185,2,3
LMR,9,1,8,8,6,392,0,1,0,0,0,-225,-224,-240,-80,-224,-256,4,18
LMR,9,1,8,8,10,-6028,0,1,0,0,0,-225,-224,-240,-80,-216,-213,10,52
LMR,7,1,6,7,3,-4557,0,1,0,0,0,-249,-248,-264,-15,-148,-182,2,5
LMR,5,1,4,5,14,676,0,0,1,0,0,156,157,-351,-515,212,171,5,14
LMR,5,1,4,5,25,-16945,0,1,0,0,0,-157,-156,-215,422,230,-168,3,26
LMR,3,1,2,3,3,-1276,0,1,0,0,0,-160,-159,-205,2,-130,-162,1,9
LMR,9,7,8,8,2,12072,0,0,0,0,0,224,225,210,179,226,226,43,26
LMR,10,5,9,9,2,20792,0,1,0,0,0,-225,-224,-225,-181,-181,-181,8,11
LMR,4,1,3,4,2,6319,0,1,1,0,0,-161,-160,-191,-121,23,-35,0,3
LMR,5,1,4,4,6,-10510,0,1,0,0,1,255,256,255,251,266,270,5,20
LMR,5,1,4,5,4,-4496,0,1,0,0,0,-225,-224,-274,-61,-202,-268,1,4
LMR,5,1,4,5,9,-12272,0,1,0,0,0,-225,-224,-257,-61,-186,-106,1,8
LMR,4,1,3,4,6,-10113,0,1,0,0,0,-225,-224,-241,-154,-168,-193,4,9
LMR,5,1,4,5,2,-6107,0,1,0,0,0,-225,-224,-414,-97,-222,-183,1,9
LMR,6,1,5,5,4,-9913,0,1,0,0,0,-225,-224,-229,1,-209,-226,1,13
LMR,5,1,4,5,2,-15195,0,1,0,0,0,-225,-224,-668,-86,-223,-223,1,8
LMR,6,1,5,6,9,676,0,1,1,0,0,-225,-224,-226,1,-164,-223,3,26
LMR,12,9,11,12,2,42243,0,1,0,0,0,-225,-224,-876,-205,-177,-224,18,134
LMR,3,1,2,3,2,2682,0,0,0,0,0,210,211,161,217,280,269,1,2
LMR,4,1,3,4,2,11245,0,1,1,0,0,-211,-210,-254,-221,-175,-189,2,5
LMR,3,1,2,3,3,210,0,1,1,0,0,-211,-210,-235,-283,-91,-161,3,2
LMR,4,1,3,4,2,-13121,0,0,0,0,0,217,218,189,216,304,313,2,3
LMR,3,1,2,3,2,-10134,0,1,0,0,0,-48,-47,-481,198,112,79,2,4
LMR,8,1,7,8,10,-9398,0,0,0,0,0,224,225,208,92,320,250,2,6
LMR,11,4,10,11,3,-1284,0,1,0,0,0,-225,-224,-243,-161,-146,-194,7,23
LMR,3,1,2,2,2,-3163,0,1,0,0,0,-206,-205,-228,-107,-205,-205,3,13
LMR,4,1,3,4,4,16,0,1,0,0,0,-225,-224,-231,-119,-123,-185,1,7
LMR,3,1,2,3,2,10839,0,1,0,0,0,-225,-224,-261,-133,-133,-185,4,5
LMR,3,1,2,3,2,-3052,0,1,1,0,0,-225,-224,-317,-76,-201,-212,3,11
LMR,5,1,4,5,2,6603,0,1,0,0,0,-209,-208,-271,37,-143,-143,1,4
LMR,5,1,4,4,3,-3496,0,1,1,0,1,-212,-211,-219,-82,-206,-180,5,13
LMR,5,1,4,5,2,-7825,0,0,0,0,0,224,225,130,201,239,239,1,7
LMR,4,1,3,4,2,3010,0,1,0,0,0,-225,-224,-267,-166,-209,-224,3,15
LMR,6,1,5,5,5,-9281,0,1,0,0,0,-225,-224,-236,-147,-207,-224,2,32
LMR,5,1,4,4,6,-11365,0,1,0,0,0,-225,-224,-237,-157,-224,-220,4,15
LMR,5,1,4,4,5,-3480,0,1,1,0,1,-221,-220,-258,-182,-207,-209,16,10
LMR,3,1,2,2,3,-2021,0,1,0,0,0,-48,-47,-90,-91,-46,-46,3,6
LMR,6,2,5,6,2,31880,0,1,0,0,0,-225,-224,-530,-285,-184,-227,8,6
LMR,5,1,4,5,3,1596,0,1,0,0,0,-225,-224,-241,16,-150,-194,1,8
LMR,9,1,8,7,32,-16921,0,1,0,0,0,-225,-224,-226,21,-223,-200,2,32
LMR,3,1,2,2,3,-1276,0,1,0,0,0,-225,-224,-254,-224,-224,-224,2,2
LMR,8,6,7,7,2,17732,0,0,0,0,0,224,225,224,140,232,229,16,20
LMR,9,2,8,8,2,7475,0,1,1,0,0,-225,-224,-259,-167,-224,-228,5,62
LMR,5,1,4,5,17,-13440,0,1,0,0,0,-225,-224,-235,-71,-63,-111,4,6
LMR,13,9,12,12,2,20718,0,1,0,0,0,-225,-224,-226,-4,-195,-224,11,66
LMR,5,1,4,5,2,4327,0,1,0,0,0,-225,-224,-225,-588,-171,-197,3,6
LMR,7,1,6,6,10,-8912,0,0,0,0,0,224,225,224,276,255,249,2,8
LMR,7,3,6,7,2,14947,0,0,0,0,0,224,225,-589,142,248,253,15,32
LMR,8,3,7,7,2,20621,0,1,0,0,0,-225,-224,-246,-278,-224,-249,4,52
LMR,3,1,2,3,2,-10066,0,1,0,0,0,-225,-224,-470,-162,-182,-189,4,4
LMR,13,3,12,12,9,-3537,0,1,1,0,0,-225,-224,-231,-167,-187,-208,21,89
LMR,3,1,2,3,2,11980,0,1,1,0,0,-254,-253,-439,-880,-54,-99,1,2
LMR,4,1,3,4,5,-6141,0,0,0,0,0,253,254,253,257,445,285,1,1
LMR,5,2,4,4,2,-1847,0,1,1,0,1,-254,-253,-278,-80,-249,-276,2,9
LMR,5,2,4,5,3,-683,0,1,1,0,1,-254,-253,-276,-80,-170,-206,2,10
LMR,7,1,6,6,8,-10928,0,0,0,0,0,224,225,211,124,260,233,3,5
LMR,4,1,3,4,2,5515,0,1,1,0,0,-225,-224,-254,-208,-155,-167,2,3
LMR,5,1,4,5,7,-740,0,1,1,0,0,-225,-224,-225,-127,-161,-206,4,10
LMR,4,1,3,4,3,-414,0,1,1,0,0,-225,-224,-232,-117,-162,-221,4,18
LMR,5,1,4,5,2,-1553,0,1,1,0,0,-225,-224,-248,-100,-186,-221,2,41
LMR,4,1,3,4,7,-69,0,1,1,0,0,-225,-224,-235,-125,-170,-179,2,4
LMR,12,7,11,11,3,2414,0,1,0,0,1,-225,-224,-229,-100,-213,-224,21,208
LMR,5,1,4,4,3,-1362,0,1,1,0,0,-204,-203,-210,-13,-166,-167,2,4
LMR,3,1,2,3,2,8842,0,1,1,0,0,10,11,9,-248,176,147,1,3
LMR,7,1,6,6,10,-8146,0,1,0,0,0,211,212,203,397,232,232,1,8
LMR,8,1,7,8,3,12901,0,1,0,0,0,211,212,59,437,241,227,8,25
LMR,4,1,3,3,2,507,0,1,1,0,0,232,233,195,107,239,165,8,16
LMR,3,1,2,3,2,1572,0,1,1,0,0,235,236,209,296,326,194,5,19
LMR,10,4,9,9,18,-16620,0,0,0,0,1,-212,-211,-225,-237,-190,-200,24,42
LMR,11,8,10,10,2,18550,0,1,0,0,1,-212,-211,-228,-218,-211,-201,368,38
LMR,3,1,2,3,3,1067,0,0,0,0,0,34,35,-46,0,126,109,1,5
LMR,9,4,8,9,2,-18658,0,0,0,0,0,211,212,168,250,222,341,10,8
LMR,10,1,9,9,5,-20679,0,1,0,1,0,-212,-211,-218,-11,-168,-328,9,28
LMR,3,1,2,2,4,-21797,0,1,0,1,0,-131,-130,-133,-168,-93,-97,4,6
LMR,5,1,4,5,10,-11302,0,0,0,1,0,211,212,24,-515,288,263,9,9
LMR,10,1,9,9,9,-7453,0,1,0,0,0,-212,-211,-218,-11,-182,-230,6,47
LMR,7,1,6,6,2,4104,0,1,1,0,0,223,224,210,256,224,255,4,19
LMR,8,1,7,8,2,-12663,0,1,0,1,0,223,224,-36,264,256,251,3,41
LMR,4,1,3,4,2,5355,0,1,1,0,0,223,224,209,-188,413,300,1,1
LMR,4,1,3,4,2,-1276,0,0,0,0,0,-224,-223,-556,-273,173,98,0,1
LMR,7,1,6,6,2,2503,0,1,0,1,0,223,224,203,286,246,221,2,7
LMR,5,1,4,5,11,-13947,0,1,0,0,0,-212,-211,-212,-151,-125,-152,1,8
LMR,6,1,5,6,10,-1276,0,1,0,0,0,-212,-211,-287,-65,89,-433,0,2
LMR,6,1,5,6,30,-16534,0,1,0,0,0,-212,-211,-224,-65,-72,-140,4,4
LMR,3,1,2,3,2,15118,0,1,1,0,0,-212,-211,-345,34,545,545,1,0
LMR,6,1,5,6,2,15026,0,1,0,0,0,-212,-211,-289,34,-162,-140,4,14
LMR,8,1,7,7,2,-6555,0,1,0,0,0,-212,-211,-214,42,-197,-240,4,6
LMR,8,1,7,8,19,-17066,0,1,0,0,0,-212,-211,-214,42,-139,-196,4,25
LMR,4,1,3,4,2,16567,0,1,1,0,0,-212,-211,-356,130,324,-197,0,1
LMR,5,3,4,4,2,4986,0,0,0,0,0,211,212,199,-20,234,254,3,6
LMR,8,3,7,7,3,7553,0,0,0,0,0,211,212,181,65,212,238,7,15
LMR,8,1,7,8,2,-18970,0,1,0,0,0,-212,-211,-247,130,-92,-235,1,36
LMR,8,1,7,8,6,-11026,0,1,0,0,0,-212,-211,-231,130,-86,-165,4,18
LMR,8,1,7,8,4,-3026,0,1,0,0,0,-212,-211,-219,13,-127,-211,4,23
LMR,4,1,3,3,2,27937,0,1,0,0,0,-150,-149,-186,-122,-148,-149,4,12
LMR,6,1,5,5,10,-5844,0,1,0,0,0,-228,-227,-229,-302,-217,-217,4,0
LMR,3,1,2,2,4,-2081,0,1,0,0,0,-223,-222,-241,-140,-190,-206,1,4
LMR,3,1,2,3,3,7508,0,1,0,0,0,-151,-150,-202,-65,-148,-147,6,10
LMR,3,1,2,3,5,11858,0,1,0,0,0,-224,-223,-235,-238,-163,-191,2,6
LMR,3,1,2,3,6,-4061,0,0,0,0,0,223,224,169,189,238,199,5,15
LMR,4,1,3,3,2,-3795,0,1,0,0,0,-224,-223,-236,-81,-189,-199,4,29
LMR,4,1,3,4,2,-3314,0,1,0,0,0,-177,-176,-219,-70,-153,-176,2,11
LMR,7,4,6,7,3,-500,0,0,0,0,0,211,212,2,188,238,251,12,5
LMR,7,1,6,7,2,-14739,0,1,0,0,0,-212,-211,-317,65,-190,-246,2,21
LMR,7,1,6,7,8,-22197,0,1,0,0,0,-212,-211,-242,65,-175,-236,5,12
LMR,7,1,6,6,34,-14981,0,1,0,0,0,-212,-211,-236,65,-211,-211,3,31
LMR,6,4,5,5,2,3258,0,1,1,0,1,249,250,227,82,250,225,20,17
LMR,4,1,3,4,2,9645,0,1,1,0,0,-232,-231,-287,-918,-202,-194,1,0
LMR,3,1,2,2,7,1953,0,1,0,0,0,-237,-236,-271,-316,-224,-224,1,1
LMR,3,1,2,3,6,-1276,0,1,0,0,0,-237,-236,-255,-308,-104,-221,1,1
LMR,4,1,3,3,2,1799,0,0,1,0,0,236,237,227,273,259,224,1,5
LMR,5,1,4,4,10,4407,0,1,0,0,0,-225,-224,-255,-65,-221,-220,14,16
LMR,5,1,4,5,3,9548,0,1,0,0,0,-212,-211,-300,-147,-161,-138,7,7
LMR,3,1,2,3,2,10033,0,1,0,0,0,-196,-195,-236,16,-167,-185,3,3
LMR,8,2,7,8,2,11608,0,1,1,0,0,-212,-211,-274,-268,-201,-220,3,12
LMR,14,8,13,13,3,9780,0,1,0,0,0,-212,-211,-218,-10,-182,-177,5,63
LMR,7,1,6,7,2,-7265,0,1,0,0,0,-212,-211,-268,76,-162,-203,1,7
LMR,3,1,2,3,2,-3075,0,1,0,0,0,-186,-185,-446,-41,-169,-127,2,3
LMR,3,1,2,3,2,22757,0,1,0,0,0,16,17,-59,94,72,48,15,5
LMR,5,1,4,5,3,-1626,0,1,1,0,0,-235,-234,-303,-179,-232,-243,3,12
LMR,3,1,2,2,2,11484,0,1,1,0,0,-248,-247,-272,-666,-220,-225,2,3
LMR,4,1,3,4,3,-807,0,1,1,0,0,-248,-247,-267,-432,-175,-205,3,2
LMR,4,1,3,4,3,8832,0,0,0,0,0,247,248,236,283,344,213,1,8
LMR,4,1,3,3,4,-737,0,0,0,0,0,247,248,236,283,287,256,1,8
LMR,6,1,5,5,13,-14319,0,1,0,0,0,-237,-236,-240,-12,-219,-157,2,15
LMR,4,1,3,3,4,-480,0,1,0,0,0,-212,-211,-248,-431,-211,-211,9,5
LMR,5,1,4,5,10,-6787,0,1,0,0,0,-212,-211,-262,-187,-138,-151,5,8
LMR,5,1,4,5,2,962,0,1,0,0,0,-212,-211,-265,-48,-172,-172,5,6
LMR,6,1,5,6,2,22825,0,1,0,0,0,-212,-211,-564,-133,-189,-189,5,5
LMR,3,1,2,2,2,21957,0,1,0,0,0,-216,-215,-225,-189,-200,-202,4,6
LMR,3,1,2,3,2,17254,0,1,0,0,0,-148,-147,-155,-108,40,-136,1,1
LMR,5,3,4,5,3,-14252,0,0,0,0,1,211,212,78,163,250,278,4,4
LMR,8,6,7,7,4,23712,0,1,0,0,1,-212,-211,-221,-192,-208,-208,24,15
LMR,5,1,4,4,3,-5201,0,1,1,0,1,-212,-211,-219,-71,-190,-180,4,5
LMR,8,3,7,8,3,18241,0,1,0,0,0,-212,-211,-282,-43,-139,-152,8,26
LMR,5,2,4,4,2,1110,0,1,1,0,1,-221,-220,-233,-164,-194,-181,3,3
LMR,3,1,2,3,2,-12445,0,0,0,0,0,247,248,137,-60,504,291,1,1
LMR,5,2,4,5,3,-864,0,1,1,0,1,-248,-247,-253,-64,-180,-274,5,12
LMR,5,2,4,5,4,218,0,1,1,0,1,-248,-247,-253,-64,-179,-173,2,6
LMR,5,1,4,4,3,-1366,0,1,1,0,0,-204,-203,-210,9,-167,-201,2,3
LMR,3,1,2,2,2,-9580,0,1,0,0,0,-150,-149,-178,-1082,-145,-147,10,3
LMR,7,1,6,7,2,5978,0,1,0,0,0,-195,-194,-289,-104,-79,-145,1,15
LMR,9,2,8,8,3,8487,0,1,0,0,0,-195,-194,-201,-151,-178,-200,1,19
LMR,8,3,7,8,8,-9728,0,0,0,0,0,194,195,154,25,244,244,3,7
LMR,9,1,8,8,5,-13576,0,1,0,0,0,-195,-194,-242,-258,-189,-238,2,17
LMR,14,9,13,12,7,15277,0,0,0,0,0,194,195,194,-3,200,200,49,52
LMR,6,2,5,6,2,35470,0,1,0,0,0,194,195,131,435,260,297,1,3
LMR,5,1,4,5,6,-4397,0,1,0,0,0,210,211,210,451,412,309,2,5
LMR,7,4,6,7,2,5810,0,0,0,0,0,-211,-210,-292,-451,-199,-197,10,20
LMR,5,2,4,4,3,-10762,0,1,0,0,1,-233,-232,-249,-107,-211,-215,7,7
LMR,4,1,3,4,2,1673,0,1,0,0,0,-207,-206,-213,36,-127,-123,3,4
LMR,4,1,3,3,2,570,0,1,0,0,0,-174,-173,-209,229,-173,-197,9,4
LMR,4,1,3,4,8,-14186,0,1,0,0,0,-174,-173,-191,229,6,-101,0,4
LMR,6,4,5,6,2,7007,0,1,1,0,1,-239,-238,-351,-377,-236,-227,8,13
LMR,4,1,3,4,6,-1404,0,1,0,0,0,-219,-218,-374,-300,-108,-195,1,0
LMR,3,1,2,3,2,-453,0,1,0,0,0,-159,-158,-173,-323,345,20,2,1
LMR,3,1,2,3,2,9780,0,1,0,0,0,-86,-85,-471,-234,67,-65,2,0
LMR,3,1,2,3,2,11822,0,1,1,0,0,-229,-228,-280,-782,-69,-194,1,0
LMR,5,2,4,5,3,26906,0,1,0,0,0,-190,-189,-331,-167,-174,-189,3,26
LMR,4,1,3,3,10,-3525,0,1,0,0,0,-218,-217,-243,-44,-217,-217,4,15
LMR,4,1,3,4,2,-6902,0,1,0,0,0,-172,-171,-236,-122,-171,-160,2,7
LMR,7,1,6,7,2,-1488,0,1,0,0,0,-195,-194,-327,-35,-176,-194,1,16
LMR,8,6,7,8,2,7689,0,1,0,0,1,-195,-194,-205,-157,-134,-194,10,62
LMR,3,1,2,3,4,-7746,0,1,0,0,0,194,195,180,283,276,262,1,3
LMR,4,1,3,4,2,16144,0,1,0,0,0,194,195,96,284,232,245,2,11
LMR,4,1,3,3,3,14141,0,1,0,0,0,194,195,194,199,239,231,3,5
LMR,10,8,9,9,2,-8075,0,0,0,0,1,194,195,194,70,207,207,147,0
LMR,9,2,8,8,3,6396,0,1,0,0,0,-195,-194,-198,-12,-171,-153,4,24
LMR,9,1,8,9,9,-8334,0,1,0,0,0,-195,-194,-195,1,-102,-194,2,7
LMR,7,1,6,6,2,12683,0,1,0,0,0,-195,-194,-197,-34,-161,-205,8,14
LMR,7,1,6,7,5,-12857,0,1,0,0,0,-195,-194,-197,-34,-68,-152,1,6
LMR,11,4,10,11,3,3879,0,1,0,0,0,-195,-194,-207,-128,-136,-194,6,145
LMR,14,8,13,13,2,9780,0,1,1,0,0,-195,-194,-205,-211,-170,-194,9,214
LMR,5,2,4,5,3,6750,0,0,0,0,0,-195,-194,-289,-309,-191,-192,15,9
LMR,5,1,4,5,3,-16198,0,1,0,0,0,194,195,184,340,309,192,3,27
LMR,5,1,4,5,6,-9895,0,1,0,0,0,194,195,192,340,297,238,2,2
LMR,10,2,9,10,2,-8826,0,1,0,0,0,194,195,-269,282,220,195,3,26
LMR,3,1,2,2,4,-6917,0,1,0,0,0,194,195,161,272,210,210,1,1
LMR,5,1,4,5,2,13810,0,1,0,0,0,194,195,149,253,206,206,1,5
LMR,5,1,4,5,9,-5682,0,1,0,0,0,210,211,203,309,441,323,1,3
LMR,11,5,10,11,6,-6612,0,0,0,0,0,-211,-210,-529,-310,-203,-210,5,29
LMR,12,5,11,12,2,4962,0,1,0,0,0,210,211,210,458,310,259,4,24
LMR,4,1,3,4,2,4378,0,1,0,0,0,210,211,54,384,280,275,1,2
LMR,5,1,4,5,2,-15353,0,1,0,0,0,358,359,320,456,453,436,1,4
LMR,4,1,3,4,3,2225,0,1,0,0,0,195,196,147,283,278,235,1,2
LMR,10,1,9,9,12,-13081,0,1,0,0,0,210,211,196,197,214,214,2,14
LMR,12,5,11,11,5,-16801,0,0,0,0,0,-211,-210,-211,-252,-197,-213,15,36
LMR,4,1,3,4,2,4468,0,1,0,0,0,210,211,143,183,229,225,1,3
LMR,3,1,2,2,2,10007,0,1,0,0,0,210,211,205,245,256,248,2,2
LMR,12,3,11,10,19,-16493,0,0,0,0,0,-211,-210,-211,-252,-210,-207,13,17
LMR,9,1,8,9,2,-2466,0,1,0,0,0,210,211,207,487,327,211,2,13
LMR,11,8,10,11,2,13536,0,1,0,0,1,210,211,207,315,273,211,7,54
LMR,5,1,4,4,2,13821,0,1,0,0,0,210,211,182,351,211,256,5,7
LMR,8,1,7,7,13,-13486,0,1,0,0,1,210,211,202,257,233,246,2,27
LMR,9,5,8,8,2,8503,0,0,0,0,0,-211,-210,-224,-407,-201,-203,17,22
LMR,9,2,8,9,2,11601,0,1,0,0,0,210,211,153,259,241,203,5,47
LMR,9,1,8,8,28,-12013,0,1,0,0,0,210,211,210,259,225,211,5,25
LMR,3,1,2,3,4,-3173,0,1,0,0,0,192,193,190,270,302,283,1,1
LMR,5,1,4,4,2,11893,0,1,0,0,0,210,211,201,387,252,252,2,0
LMR,8,6,7,8,2,12373,0,0,0,0,0,-211,-210,-288,-262,-194,-208,13,14
LMR,9,2,8,8,4,3307,0,1,0,0,0,210,211,208,245,228,227,3,5
LMR,3,1,2,3,2,7681,0,0,0,0,0,-184,-183,-369,-294,-154,-171,2,3
LMR,5,1,4,5,4,-4666,0,1,0,0,0,183,184,113,203,192,175,5,13
LMR,5,1,4,5,2,-507,0,1,0,0,0,200,201,197,309,334,291,1,5
LMR,7,1,6,7,5,-4116,0,1,0,0,0,200,201,179,237,247,216,3,18
LMR,5,1,4,4,7,-10777,0,0,0,0,0,-211,-210,-234,-186,-203,-210,1,7
LMR,9,6,8,9,2,-1334,0,0,0,0,0,-211,-210,-323,-228,-210,-210,3,23
LMR,12,4,11,12,2,11136,0,1,0,0,0,210,211,210,446,278,229,2,28
LMR,5,1,4,5,3,1965,0,1,0,0,0,210,211,194,166,298,286,3,4
LMR,6,1,5,5,7,-5404,0,0,0,0,0,-211,-210,-239,-284,-194,-273,4,12
LMR,7,1,6,6,3,13119,0,1,0,0,0,210,211,208,241,239,239,1,19
LMR,10,2,9,9,3,11333,0,1,0,0,0,210,211,202,412,223,235,1,27
LMR,7,1,6,6,4,-2767,0,1,0,0,0,210,211,203,159,224,245,1,15
LMR,7,1,6,5,22,-17244,0,0,0,0,0,-211,-210,-211,-152,-206,-216,2,8
LMR,5,1,4,5,2,5828,0,1,0,0,0,210,211,191,195,259,246,14,19
LMR,5,1,4,5,2,12561,0,1,0,0,0,210,211,-412,251,280,279,2,6
LMR,5,1,4,5,2,21134,0,1,0,0,0,200,201,120,243,201,190,2,7
LMR,7,4,6,7,3,893,0,0,0,0,0,-211,-210,-385,-270,-129,-177,3,3
LMR,5,1,4,4,2,-7566,0,1,0,0,0,210,211,168,303,218,218,1,5
LMR,8,1,7,8,2,-2892,0,1,0,0,0,210,211,181,211,263,216,3,24
LMR,5,1,4,5,4,5996,0,1,0,0,0,210,211,161,261,425,230,2,5
LMR,6,1,5,5,6,-17066,0,1,0,0,0,210,211,197,407,211,235,3,6
LMR,4,1,3,4,3,-627,0,1,0,0,0,210,211,210,231,266,281,1,4
LMR,4,1,3,4,10,-2199,0,1,0,0,1,193,194,164,227,383,238,1,2
LMR,4,1,3,4,2,18434,0,1,0,0,0,210,211,-7,210,230,226,1,5
LMR,4,1,3,4,3,4002,0,1,0,0,0,210,211,97,1,221,219,3,5
LMR,4,1,3,4,6,822,0,0,0,0,0,-211,-210,-220,-400,-1,-217,3,11
LMR,4,1,3,4,3,6323,0,1,0,0,0,210,211,130,228,223,217,2,18
LMR,12,5,11,12,3,20083,0,1,0,0,0,210,211,203,476,279,214,3,74
LMR,7,3,6,5,5,-4707,0,0,0,0,0,-211,-210,-217,-381,-210,-210,7,10
LMR,5,1,4,5,2,11886,0,1,1,0,0,-211,-210,-267,-582,-189,-220,2,7
LMR,4,1,3,2,2,5124,0,1,0,0,0,210,211,210,321,211,211,3,3
LMR,10,1,9,9,13,-11492,0,1,0,0,0,210,211,210,371,250,211,1,24
LMR,13,5,12,12,2,1625,0,1,1,0,0,210,211,210,306,220,211,15,85
LMR,6,1,5,6,2,5683,0,1,0,0,0,210,211,204,392,351,264,1,2
LMR,11,2,10,11,2,752,0,1,0,0,0,210,211,165,458,266,238,2,31
LMR,3,1,2,3,13,4388,0,1,1,0,0,210,211,190,291,341,256,1,2
LMR,3,1,2,3,2,12912,0,1,0,0,0,210,211,204,370,263,263,1,3
LMR,7,1,6,6,4,5889,0,1,0,0,0,210,211,210,399,245,218,2,11
LMR,5,1,4,5,4,137,0,1,0,0,0,210,211,210,309,457,384,2,2
LMR,3,1,2,2,3,6503,0,0,0,0,0,-244,-243,-278,-344,-226,-226,1,2
LMR,4,1,3,4,3,475,0,1,0,0,0,243,244,230,340,291,274,2,6
LMR,8,1,7,8,3,2407,0,1,0,0,0,210,211,172,523,380,380,2,3
LMR,4,1,3,3,4,1679,0,1,0,0,0,210,211,210,356,246,231,2,12
LMR,3,1,2,3,2,-831,0,1,0,0,1,195,196,183,367,268,251,1,1
LMR,5,1,4,4,3,-4403,0,0,0,0,0,-234,-233,-248,-309,-229,-229,9,10
LMR,9,3,8,7,2,8267,0,1,0,0,0,233,234,229,211,234,234,8,15
LMR,4,1,3,4,2,-1303,0,1,0,0,0,-189,-188,-307,-125,-175,-172,2,9
LMR,3,1,2,3,4,544,0,1,0,0,0,209,210,166,311,232,267,1,3
LMR,6,1,5,6,2,-4509,0,1,0,0,0,219,220,151,437,269,269,1,3
LMR,3,1,2,2,4,1122,0,1,0,0,0,234,235,234,478,263,258,1,1
LMR,3,1,2,3,2,8168,0,1,0,0,0,220,221,215,462,379,278,1,2
LMR,3,1,2,3,3,-3452,0,1,0,0,0,216,217,216,448,366,234,1,2
LMR,5,1,4,5,2,-1333,0,1,0,0,0,220,221,160,448,347,269,1,0
LMR,3,1,2,2,2,-2892,0,1,0,0,0,235,236,234,476,264,259,1,1
LMR,3,1,2,3,4,-8996,0,1,0,0,0,204,205,204,254,321,205,3,3
LMR,3,1,2,2,2,12755,0,1,0,0,0,-192,-191,-210,-209,-185,-186,7,5
LMR,12,4,11,12,3,219,0,1,0,0,0,233,234,55,733,560,347,2,17
LMR,10,7,9,10,2,-5155,0,0,0,0,0,-234,-233,-488,-227,-233,-233,28,49
LMR,11,6,10,10,2,13621,0,1,0,0,0,233,234,233,271,255,261,11,34
LMR,11,4,10,11,9,-17060,0,0,0,0,0,-234,-233,-334,-372,-229,-229,21,43
LMR,12,6,11,11,2,14177,0,1,0,0,0,233,234,229,291,273,298,6,25
LMR,5,1,4,3,3,17209,0,1,0,0,0,202,203,202,250,203,203,12,8
LMR,4,2,3,3,2,8484,0,1,0,0,1,199,200,191,236,200,196,7,7
LMR,4,1,3,4,2,-7443,0,1,0,0,0,225,226,31,309,260,248,1,5
LMR,3,1,2,3,2,9909,0,1,0,0,0,252,253,219,290,278,274,3,3
LMR,4,1,3,4,2,16138,0,1,0,0,0,233,234,-261,348,380,354,1,1
LMR,6,1,5,5,2,13677,0,1,0,0,0,233,234,233,296,255,306,2,13
LMR,3,1,2,3,2,16872,0,1,0,0,0,276,277,276,417,418,348,1,1
LMR,3,1,2,3,2,-2357,0,1,0,0,0,203,204,127,429,241,234,2,6
LMR,3,1,2,3,2,16459,0,1,0,0,0,260,261,223,299,484,445,1,2
LMR,4,1,3,3,2,655,0,1,0,0,0,185,186,159,115,188,197,10,7
LMR,3,1,2,3,2,29345,0,1,0,0,0,233,234,233,361,767,506,0,2
LMR,3,1,2,3,2,20488,0,1,0,0,0,205,206,192,461,336,313,1,1
LMR,5,1,4,4,2,23216,0,1,0,0,0,233,234,229,354,257,233,1,16
LMR,5,1,4,4,6,10714,0,1,0,0,0,233,234,233,354,282,248,1,5
LMR,5,1,4,5,2,20112,0,1,0,0,0,233,234,142,352,289,279,1,2
LMR,5,1,4,5,10,-3935,0,1,0,0,0,233,234,228,233,393,296,8,20
LMR,5,1,4,5,12,-3322,0,0,0,0,0,-234,-233,-291,-291,-233,-285,15,39
LMR,5,1,4,5,10,-11257,0,1,0,0,0,233,234,233,254,291,285,4,60
LMR,5,1,4,5,3,16831,0,1,0,0,0,233,234,208,334,293,278,4,5
LMR,4,1,3,4,4,7119,0,1,0,0,0,217,218,197,464,500,295,1,4
LMR,8,1,7,8,4,-687,0,1,0,0,0,233,234,205,417,495,257,1,6
LMR,8,1,7,7,6,8028,0,1,0,0,0,233,234,228,501,251,251,1,12
LMR,3,1,2,3,3,5509,0,1,0,0,0,224,225,188,432,348,269,1,0
LMR,5,1,4,4,2,-2770,0,1,0,0,0,208,209,182,345,209,240,4,7
LMR,3,1,2,2,2,20130,0,1,0,0,0,226,227,217,296,269,261,1,1
LMR,4,1,3,3,3,-8789,0,0,0,0,0,-265,-264,-265,-321,-253,-258,4,9
LMR,8,4,7,7,2,25054,0,1,0,0,0,264,265,259,296,286,265,4,26
LMR,8,2,7,8,10,-13311,0,0,0,0,0,-265,-264,-304,-246,-220,-250,3,7
LMR,9,1,8,9,4,-9754,0,1,0,0,0,264,265,251,243,386,265,1,4
LMR,4,1,3,4,3,2030,0,0,0,0,0,-265,-264,-309,-246,-199,-210,2,2
LMR,8,4,7,8,3,673,0,0,0,0,0,-265,-264,-366,-294,-264,-264,13,27
LMR,9,6,8,8,2,37215,0,1,0,0,0,264,265,244,316,280,264,3,43
LMR,12,9,11,10,6,-16236,0,0,0,0,1,-265,-264,-265,-269,-264,-264,105,67
LMR,5,1,4,4,2,-376,0,1,0,0,0,-265,-264,-288,-196,-247,-279,4,4
LMR,4,1,3,4,5,802,0,1,0,0,0,-265,-264,-286,-357,-38,-214,2,5
LMR,4,1,3,4,4,-3308,0,0,0,0,0,264,265,264,233,357,224,2,12
LMR,5,1,4,4,6,-5561,0,1,1,0,0,-265,-264,-279,-196,-264,-264,7,21
LMR,11,6,10,10,6,-3494,0,0,0,0,0,264,265,216,216,265,268,83,49
LMR,5,1,4,5,2,10318,0,1,0,0,0,264,265,250,427,339,326,1,3
LMR,7,1,6,7,2,7517,0,1,0,0,0,264,265,264,300,334,267,1,14
LMR,3,1,2,3,2,12502,0,1,0,0,0,270,271,92,431,277,270,1,6
LMR,3,1,2,2,3,9005,0,1,0,0,0,270,271,270,431,286,283,2,7
LMR,5,1,4,5,2,11407,0,1,0,0,0,222,223,186,410,241,231,1,8
LMR,3,1,2,3,13,6936,0,1,1,0,0,227,228,220,323,326,308,1,1
LMR,7,1,6,6,3,13917,0,1,0,0,0,264,265,253,317,284,287,3,16
LMR,3,1,2,3,2,6336,0,1,0,0,0,281,282,164,477,292,282,3,17
LMR,4,1,3,4,3,11494,0,1,0,0,0,281,282,246,493,334,282,2,28
LMR,3,1,2,3,5,11832,0,1,0,0,0,203,204,203,277,271,241,2,3
LMR,4,1,3,4,17,676,0,1,1,0,0,264,265,261,300,678,618,2,1
LMR,9,5,8,8,2,22732,0,1,0,0,0,306,307,295,309,307,307,16,18
LMR,5,1,4,4,2,13385,0,1,0,0,0,306,307,306,446,345,302,2,10
LMR,3,1,2,2,9,-6384,0,1,0,0,0,306,307,306,341,330,326,2,3
LMR,5,1,4,4,8,-8985,0,1,0,0,0,306,307,306,446,321,321,1,37
LMR,5,1,4,5,2,3334,0,1,0,0,0,254,255,206,455,292,255,1,4
LMR,3,1,2,2,2,-2975,0,0,0,0,0,-307,-306,-356,-409,-303,-303,2,2
LMR,4,1,3,3,4,-8241,0,1,0,0,0,306,307,303,383,343,337,2,2
LMR,4,1,3,4,3,6201,0,1,0,0,0,261,262,252,435,344,269,1,0
LMR,4,1,3,3,2,59,0,1,0,0,0,306,307,291,300,325,322,1,1
LMR,3,1,2,3,2,5330,0,1,0,0,0,237,238,87,447,628,356,1,1
LMR,12,5,11,10,7,-17183,0,0,0,0,0,-307,-306,-307,-363,-306,-325,22,25
LMR,3,1,2,3,2,14629,0,1,0,0,0,243,244,190,251,403,375,1,2
LMR,4,1,3,4,2,30264,0,1,0,0,0,286,287,236,325,478,335,1,3
LMR,6,1,5,4,2,15775,0,1,0,0,0,306,307,306,368,307,319,4,7
LMR,13,8,12,13,4,2984,0,0,0,0,0,-307,-306,-518,-292,-272,-261,37,47
LMR,12,9,11,11,7,-8278,0,0,0,0,1,-307,-306,-307,-266,-273,-298,231,14
LMR,5,1,4,5,3,-4420,0,1,0,0,0,-264,-263,-325,-101,-232,-248,3,14
LMR,3,1,2,3,2,4938,0,1,1,0,0,-264,-263,-289,-565,-188,-201,3,3
LMR,3,1,2,2,4,-2089,0,0,0,0,0,-257,-256,-291,-280,-252,-252,2,2
LMR,4,1,3,4,3,-3389,0,1,0,0,0,256,257,253,302,456,320,1,2
LMR,5,1,4,5,2,11814,0,1,0,0,0,256,257,256,412,330,256,1,13
LMR,5,1,4,4,3,-3244,0,1,0,0,0,256,257,256,412,264,256,2,18
LMR,5,1,4,4,4,-1407,0,1,0,0,0,256,257,256,412,309,309,4,6
LMR,3,1,2,3,4,-1384,0,1,0,0,0,422,423,417,372,646,603,1,2
LMR,3,1,2,3,2,-1070,0,1,0,0,0,241,242,54,379,252,294,1,2
LMR,3,1,2,3,2,18488,0,1,0,0,0,256,257,213,277,362,258,8,10
LMR,3,1,2,3,2,18680,0,1,0,0,0,256,257,256,345,405,378,1,1
LMR,3,1,2,2,3,7977,0,1,0,0,0,227,228,227,357,265,229,1,2
LMR,6,1,5,6,3,4234,0,1,0,0,0,256,257,216,383,406,343,1,8
LMR,3,1,2,3,4,-10580,0,1,0,0,0,338,339,310,472,569,470,1,2
LMR,7,1,6,7,3,8493,0,1,0,0,0,256,257,215,506,694,322,1,3
LMR,5,1,4,5,3,21954,0,1,0,0,0,256,257,228,425,608,318,1,3
LMR,4,1,3,4,2,5668,0,1,0,0,0,-247,-246,-287,-208,-210,-216,2,3
LMR,6,1,5,5,3,-1276,0,1,0,0,0,-247,-246,-276,-208,-246,-230,6,16
LMR,3,1,2,2,2,10196,0,1,0,0,0,292,293,292,391,335,303,2,4
LMR,3,1,2,3,3,-1276,0,1,0,0,0,-247,-246,-268,-510,-199,-232,2,9
LMR,3,1,2,3,6,-4236,0,0,0,0,0,246,247,187,174,273,235,1,14
LMR,3,1,2,3,2,10234,0,1,0,0,0,-247,-246,-402,-360,-174,-235,2,26
LMR,4,1,3,3,2,583,0,0,0,0,0,246,247,235,299,254,237,2,30
LMR,4,2,3,4,8,8354,0,0,0,0,0,246,247,237,299,398,279,2,5
LMR,5,1,4,5,2,-2361,0,1,1,0,0,-247,-246,-254,-287,-121,-240,1,5
LMR,6,1,5,6,8,-8259,0,0,0,0,0,246,247,197,96,256,241,1,8
LMR,7,1,6,6,2,16778,0,1,0,0,0,-247,-246,-272,-356,-221,-241,3,21
LMR,9,3,8,8,16,-16442,0,0,0,0,0,246,247,233,256,247,241,4,71
LMR,7,1,6,7,2,13891,0,1,0,0,0,-247,-246,-743,122,-244,-210,4,25
LMR,9,2,8,7,9,12029,0,1,0,0,0,-247,-246,-250,-53,-245,-215,12,18
LMR,4,1,3,4,3,3380,0,1,0,0,0,-247,-246,-247,-147,-165,-180,3,7
LMR,3,1,2,3,3,6838,0,1,0,0,0,-217,-216,-337,-273,-215,-215,3,5
LMR,3,1,2,2,2,4815,0,1,0,0,0,-247,-246,-247,-103,-218,-246,2,3
LMR,3,1,2,3,2,14085,0,1,0,0,0,-247,-246,-427,-314,-244,-244,3,5
LMR,3,1,2,3,3,12300,0,1,0,0,0,-247,-246,-577,-287,-231,-224,5,4
LMR,5,1,4,5,5,7968,0,1,0,0,0,-247,-246,-255,-107,-82,-103,2,4
LMR,4,1,3,4,5,15770,0,1,0,0,0,-247,-246,-265,-120,-204,-189,5,8
LMR,7,1,6,7,6,2108,0,1,0,0,0,-247,-246,-247,-88,-186,-186,1,5
LMR,9,1,8,9,10,-192,0,1,0,0,0,-247,-246,-254,-65,-194,-246,2,55
LMR,5,1,4,4,2,6569,0,1,0,0,0,-192,-191,-204,-136,-176,-192,2,8
LMR,3,1,2,3,3,3556,0,0,0,0,0,191,192,149,174,375,343,1,2
LMR,5,1,4,3,3,-17561,0,1,0,0,0,-192,-191,-192,-136,-188,-305,1,11
LMR,3,1,2,3,8,11335,0,1,0,0,0,-251,-250,-302,-33,-197,-207,1,1
LMR,6,1,5,6,4,8049,0,1,0,0,0,-247,-246,-251,-61,-83,-152,3,10
LMR,3,1,2,2,2,8322,0,1,0,0,0,-195,-194,-226,-102,-184,-194,2,9
LMR,3,1,2,3,5,-3535,0,1,0,0,0,-235,-234,-246,-143,-187,-234,5,5
LMR,6,1,5,6,5,-12507,0,0,0,0,0,244,245,234,237,409,292,1,4
LMR,3,1,2,3,7,1591,0,1,0,0,0,273,274,203,179,318,310,4,2
LMR,3,1,2,2,5,923,0,0,0,0,0,-260,-259,-265,-198,-234,-390,2,5
LMR,4,2,3,4,5,-1200,0,1,0,0,1,239,240,207,400,320,329,1,4
LMR,4,1,3,4,4,3161,0,1,0,0,0,255,256,163,259,290,284,2,3
LMR,4,1,3,4,2,26146,0,1,0,0,0,281,282,250,436,363,323,1,4
LMR,6,2,5,6,2,-5343,0,0,0,0,0,-266,-265,-424,-358,-263,-263,6,13
LMR,7,1,6,7,4,-1774,0,1,0,0,0,265,266,263,320,325,263,4,42
LMR,8,1,7,8,15,-16752,0,0,0,0,0,231,232,215,263,308,260,1,18
LMR,7,1,6,7,3,-3081,0,1,0,0,0,265,266,255,407,694,310,3,4
LMR,5,1,4,5,18,-13303,0,1,0,0,0,265,266,228,377,349,431,2,6
LMR,7,1,6,7,2,7149,0,1,0,0,0,265,266,215,396,280,280,2,31
LMR,4,1,3,4,2,3124,0,1,0,0,0,-232,-231,-319,-202,459,-184,0,8
LMR,5,1,4,5,2,25482,0,1,0,0,0,-232,-231,-320,-291,-134,-151,2,3
LMR,5,2,4,5,2,36401,0,1,0,0,0,-232,-231,-334,-201,-193,-193,2,6
LMR,4,1,3,3,2,-1150,0,1,0,0,0,-250,-249,-269,-153,-241,-243,2,5
LMR,7,1,6,7,2,2919,0,1,1,0,0,-232,-231,-542,-338,-154,-237,5,19
LMR,7,1,6,7,3,-1322,0,1,1,0,0,-232,-231,-237,-338,-155,-184,2,18
LMR,11,1,10,11,20,-17066,0,1,0,0,0,-232,-231,-232,-311,2,-226,2,92
LMR,11,8,10,11,2,-4943,0,0,0,0,0,231,232,-190,241,232,226,30,116
LMR,5,1,4,5,2,28495,0,1,0,0,0,-232,-231,-356,-87,-229,-181,5,10
LMR,3,1,2,2,3,15361,0,1,0,0,0,-241,-240,-260,-263,-240,-240,4,5
LMR,5,1,4,5,8,-6902,0,1,0,0,0,-232,-231,-239,-91,-148,-231,4,16
LMR,3,1,2,3,3,10802,0,0,0,0,0,-10,-9,-27,-67,99,99,1,2
LMR,11,6,10,9,7,15396,0,0,0,0,0,231,232,231,241,232,232,38,10
LMR,4,1,3,4,5,4466,0,1,0,0,0,-232,-231,-278,-315,-97,-135,2,7
LMR,8,1,7,8,10,99,0,1,0,0,0,-232,-231,-239,-35,-141,-225,2,18
LMR,5,2,4,5,3,3656,0,0,0,0,0,231,232,192,195,254,232,2,12
LMR,5,1,4,5,5,-5451,0,1,0,0,0,-232,-231,-294,-184,-215,-232,3,16
LMR,5,1,4,5,2,-3780,0,0,0,0,0,231,232,83,-69,514,331,5,20
LMR,5,1,4,5,7,-532,0,1,1,0,0,-232,-231,-232,-184,-95,-314,3,27
LMR,10,5,9,8,3,-9839,0,0,0,0,1,231,232,225,188,232,232,55,9
LMR,11,5,10,10,3,492,0,1,0,0,1,-232,-231,-232,-182,-214,-232,12,124
LMR,4,1,3,4,10,-7339,0,1,0,0,0,-233,-232,-256,-260,-87,-112,2,6
LMR,4,2,3,4,5,9536,0,0,0,0,0,232,233,180,156,260,136,3,14
LMR,4,1,3,4,2,1121,0,1,0,0,0,-233,-232,-320,-117,-219,-189,12,13

===========================
Total time (ms) : 54
Nodes searched  : 41850
Nodes/second    : 775000
LMR_TOTAL,22174,920,672
