
Position: 1/1 (r1bqk2r/pp2ppbp/3p1np1/8/3nP3/1BN1B3/PPP2PPP/R2QK2R w KQkq - 0 9)
WIT 7 -83 -82 -78 -91 -91 3756 0 0 1 -77 0 -1 0 0 0 32002 32002 0 0 0 0 0 2910
WIT 6 -83 -82 -30 -35 -118 0 0 0 0 -82 0 -1 0 0 0 32002 32002 0 0 0 0 0 3169
WIT 7 -83 -82 -68 -81 -86 0 0 0 0 -96 0 -1 0 0 0 32002 32002 0 0 0 0 0 0
WIT 6 91 92 168 163 162 0 0 0 0 92 0 -1 0 0 0 32002 32002 0 0 0 0 0 1748
WIT 7 96 97 92 79 78 0 0 0 0 97 0 -1 0 0 0 32002 32002 0 0 0 0 0 1748
WIT 7 96 97 92 79 92 211 0 0 1 96 1 1 2274 1 1 96 97 0 0 0 0 13 211
WIT 7 -120 -119 63 57 -11 0 0 0 0 -79 0 -1 0 0 0 32002 32002 0 0 0 0 0 3501
WIT 7 130 131 145 139 179 0 0 0 0 32002 0 -1 0 0 0 32002 32002 0 0 0 0 0 0
WIT 7 130 131 208 195 136 0 0 0 0 131 0 -1 0 0 0 32002 32002 0 0 0 0 0 1748
WIT 6 130 131 116 111 111 204 0 0 1 131 0 -1 0 0 0 32002 32002 0 0 0 0 0 211
WIT 6 130 131 124 119 119 204 0 0 1 151 0 -1 0 0 0 32002 32002 0 0 0 0 0 211
WIT 6 130 131 128 123 133 204 0 0 0 32002 0 -1 0 0 0 32002 32002 0 0 0 0 0 0
WIT 6 136 137 131 126 111 0 0 0 0 137 0 -1 0 0 0 32002 32002 0 0 0 0 0 49408
WIT 6 136 137 186 181 -84 0 0 0 0 196 0 -1 0 0 0 32002 32002 0 0 0 0 0 1748
WIT 8 136 137 131 124 137 1773 1 0 0 32002 0 -1 0 0 0 32002 32002 0 0 0 0 0 0
WIT 8 136 137 131 124 124 204 0 0 1 137 0 -1 0 0 0 32002 32002 0 0 0 0 0 211
WIT 6 136 137 145 140 177 0 0 0 0 32002 0 -1 0 0 0 32002 32002 0 0 0 0 0 0
WIT 6 136 137 128 123 133 204 0 0 1 136 1 2 5597 1 1 136 137 1 0 1 0 17 204
WIT 7 144 145 131 125 137 1773 1 0 0 145 0 -1 0 0 0 32002 32002 0 0 0 0 0 203
WIT 6 154 155 145 140 141 1773 1 0 0 155 0 -1 0 0 0 32002 32002 0 0 0 0 0 203
WIT 7 152 153 155 149 152 1773 1 0 0 174 0 -1 0 0 0 32002 32002 0 0 0 0 0 203
WIT 6 152 153 145 140 180 0 0 0 0 32002 0 -1 0 0 0 32002 32002 0 0 0 0 0 0
WIT 6 152 153 155 150 150 204 0 0 1 155 0 -1 0 0 0 32002 32002 0 0 0 0 0 211
WIT 6 159 160 210 205 169 0 0 0 0 209 0 -1 0 0 0 32002 32002 0 0 0 0 0 801
WIT 8 159 160 145 138 179 0 0 0 0 32002 0 -1 0 0 0 32002 32002 0 0 0 0 0 0
WIT 7 159 160 155 149 164 204 0 0 0 32002 0 -1 0 0 0 32002 32002 0 0 0 0 0 0
WIT 7 159 160 160 154 110 0 0 0 0 128 0 -1 0 0 0 32002 32002 0 0 0 0 0 0
WIT 6 159 160 167 162 161 0 0 0 0 131 0 -1 0 0 0 32002 32002 0 0 0 0 0 211
WIT 6 -152 -151 -119 -124 -128 0 0 0 0 -151 0 -1 0 0 0 32002 32002 0 0 0 0 0 3169
WIT 6 -140 -139 -63 -68 -115 0 0 0 0 -35 0 -1 0 0 0 32002 32002 0 0 0 0 0 3501
WIT 10 -140 -139 -83 -102 -102 3373 1 0 0 32002 0 -1 0 0 0 32002 32002 0 0 0 0 0 0
WIT 7 -140 -139 -103 -109 -113 0 0 0 0 -215 0 -1 0 0 0 32002 32002 0 0 0 0 0 1971
WIT 7 139 140 160 154 133 0 0 0 0 139 0 -1 0 0 0 32002 32002 0 0 0 0 0 0
WIT 8 150 151 149 134 135 49408 0 0 1 151 0 -1 0 0 0 32002 32002 0 0 0 0 0 536
WIT 8 150 151 140 133 132 0 0 0 0 151 0 -1 0 0 0 32002 32002 0 0 0 0 0 49408
WIT 6 150 151 170 165 207 1180 1 0 0 32002 0 -1 0 0 0 32002 32002 0 0 0 0 0 0
WIT 6 150 151 155 150 128 0 0 0 0 151 0 -1 0 0 0 32002 32002 0 0 0 0 0 49408
WIT 8 150 151 160 145 164 536 0 0 0 32002 0 -1 0 0 0 32002 32002 0 0 0 0 0 0
WIT 7 150 151 171 165 178 853 0 0 0 32002 0 -1 0 0 0 32002 32002 0 0 0 0 0 0
WIT 6 150 151 145 140 175 0 0 0 0 32002 0 -1 0 0 0 32002 32002 0 0 0 0 0 0
WIT 7 150 151 154 148 148 204 0 0 1 155 0 -1 0 0 0 32002 32002 0 0 0 0 0 211
WIT 6 150 151 173 168 168 204 0 0 0 32002 0 -1 0 0 0 32002 32002 0 0 0 0 0 0
WIT 7 -151 -139 -151 -157 -160 0 0 0 0 -151 0 -1 0 0 0 32002 32002 0 0 0 0 0 0
WIT 8 166 167 151 144 158 204 0 0 1 173 0 -1 0 0 0 32002 32002 0 0 0 0 0 211
WIT 6 166 167 160 155 184 536 0 0 0 32002 0 -1 0 0 0 32002 32002 0 0 0 0 0 0
WIT 6 166 167 145 140 176 0 0 0 0 32002 0 -1 0 0 0 32002 32002 0 0 0 0 0 0
WIT 6 166 167 154 149 149 204 0 0 1 166 1 1 14237 1 1 166 164 0 0 0 0 4 0
WIT 6 162 163 137 132 132 657 1 0 0 150 0 -1 0 0 0 32002 32002 0 0 0 0 0 0
WIT 9 -150 -149 -77 -94 -90 3756 0 0 0 32002 0 -1 0 0 0 32002 32002 0 0 0 0 0 0
WIT 6 -150 -149 16 11 432 1770 0 1 0 32002 0 -1 0 0 0 32002 32002 0 0 0 0 0 0
WIT 7 148 149 147 141 115 0 0 0 0 155 0 -1 0 0 0 32002 32002 0 0 0 0 0 49408
WIT 7 -149 -142 -149 -155 -177 0 0 0 0 -149 0 -1 0 0 0 32002 32002 0 0 0 0 0 0
WIT 9 148 149 161 153 153 657 1 0 0 32002 0 -1 0 0 0 32002 32002 0 0 0 0 0 0
WIT 6 148 149 248 243 701 1180 1 0 0 32002 0 -1 0 0 0 32002 32002 0 0 0 0 0 0
WIT 8 -149 -142 -149 -156 -166 0 0 0 0 -149 0 -1 0 0 0 32002 32002 0 0 0 0 0 0
WIT 7 148 149 187 181 180 0 0 0 0 152 0 -1 0 0 0 32002 32002 0 0 0 0 0 49408
WIT 6 148 149 170 165 207 1180 1 0 0 32002 0 -1 0 0 0 32002 32002 0 0 0 0 0 0
WIT 7 148 149 166 160 159 0 0 0 0 148 0 -1 0 0 0 32002 32002 0 0 0 0 0 0
WIT 7 148 149 185 179 150 0 0 0 0 148 0 -1 0 0 0 32002 32002 0 0 0 0 0 0
WIT 7 148 149 167 154 158 536 0 0 0 32002 0 -1 0 0 0 32002 32002 0 0 0 0 0 0
WIT 7 148 149 145 139 156 0 0 0 0 32002 0 -1 0 0 0 32002 32002 0 0 0 0 0 0
WIT 6 148 149 233 228 307 1180 1 0 0 32002 0 -1 0 0 0 32002 32002 0 0 0 0 0 0
WIT 9 148 149 173 156 134 0 0 0 0 149 0 -1 0 0 0 32002 32002 0 0 0 0 0 49408
WIT 8 148 149 172 165 164 0 0 0 0 149 0 -1 0 0 0 32002 32002 0 0 0 0 0 211
WIT 7 148 149 193 187 187 204 0 0 0 32002 0 -1 0 0 0 32002 32002 0 0 0 0 0 0
WIT 7 148 149 198 192 210 204 0 0 0 32002 0 -1 0 0 0 32002 32002 0 0 0 0 0 0
WIT 6 148 149 215 210 222 211 0 0 0 32002 0 -1 0 0 0 32002 32002 0 0 0 0 0 0
WIT 7 148 149 230 217 183 0 0 0 0 149 0 -1 0 0 0 32002 32002 0 0 0 0 0 1748
WIT 9 -149 -142 -149 -157 -162 0 0 0 0 -149 0 -1 0 0 0 32002 32002 0 0 0 0 0 0
WIT 9 157 158 161 153 153 657 1 0 0 142 0 -1 0 0 0 32002 32002 0 0 0 0 0 657
WIT 9 157 158 169 161 160 0 0 0 0 158 0 -1 0 0 0 32002 32002 0 0 0 0 0 129
WIT 8 157 158 149 142 142 129 0 0 1 191 0 -1 0 0 0 32002 32002 0 0 0 0 0 853
WIT 8 157 158 149 134 124 0 0 0 0 158 0 -1 0 0 0 32002 32002 0 0 0 0 0 49408
WIT 6 157 158 149 144 147 1132 1 0 0 169 0 -1 0 0 0 32002 32002 0 0 0 0 0 49408
WIT 7 142 158 149 143 143 204 0 0 1 158 0 -1 0 0 0 32002 32002 0 0 0 0 0 211
WIT 10 157 158 149 130 134 204 0 0 1 153 1 1 12454 1 1 157 158 0 0 0 0 105 204
WIT 8 157 158 149 134 75 0 0 0 0 158 0 -1 0 0 0 32002 32002 0 0 0 0 0 1748
WIT 8 157 158 155 148 148 211 0 0 1 158 0 -1 0 0 0 32002 32002 0 0 0 0 0 1112
WIT 8 157 158 149 134 176 204 0 0 0 32002 0 -1 0 0 0 32002 32002 0 0 0 0 0 0
WIT 8 157 158 212 205 228 204 0 0 0 32002 0 -1 0 0 0 32002 32002 0 0 0 0 0 0
WIT 8 157 158 167 152 158 536 0 0 0 32002 0 -1 0 0 0 32002 32002 0 0 0 0 0 0
WIT 8 157 158 149 134 155 204 0 0 1 173 0 -1 0 0 0 32002 32002 0 0 0 0 0 211
WIT 7 157 158 193 187 187 204 0 0 0 32002 0 -1 0 0 0 32002 32002 0 0 0 0 0 0
WIT 7 157 158 145 139 160 0 0 0 0 32002 0 -1 0 0 0 32002 32002 0 0 0 0 0 0
WIT 7 157 158 198 192 210 204 0 0 0 32002 0 -1 0 0 0 32002 32002 0 0 0 0 0 0
WIT 7 157 158 171 165 165 211 0 0 0 32002 0 -1 0 0 0 32002 32002 0 0 0 0 0 0
WIT 7 157 158 177 171 206 204 0 0 0 32002 0 -1 0 0 0 32002 32002 0 0 0 0 0 0
WIT 7 157 158 215 209 230 211 0 0 0 32002 0 -1 0 0 0 32002 32002 0 0 0 0 0 0
WIT 8 169 170 158 143 143 853 0 0 1 170 0 -1 0 0 0 32002 32002 0 0 0 0 0 129
WIT 8 169 170 158 151 151 129 0 0 1 170 0 -1 0 0 0 32002 32002 0 0 0 0 0 853
WIT 6 169 170 167 162 191 0 0 0 0 32002 0 -1 0 0 0 32002 32002 0 0 0 0 0 0
WIT 7 169 170 158 145 143 0 0 0 0 170 0 -1 0 0 0 32002 32002 0 0 0 0 0 49408
WIT 6 169 170 162 157 248 1112 0 0 0 32002 0 -1 0 0 0 32002 32002 0 0 0 0 0 0
WIT 7 -170 -169 -148 -154 -155 0 0 0 0 -169 0 -1 0 0 0 32002 32002 0 0 0 0 0 2086
WIT 9 169 170 158 141 141 211 0 0 1 168 1 1 33168 1 1 169 169 0 0 0 0 169 0
WIT 6 164 165 158 153 148 0 0 0 0 166 0 -1 0 0 0 32002 32002 0 0 0 0 0 1112
WIT 8 163 164 227 220 175 0 0 0 0 252 0 -1 0 0 0 32002 32002 0 0 0 0 0 1569
WIT 7 163 164 208 202 124 0 0 0 0 239 0 -1 0 0 0 32002 32002 0 0 0 0 0 1587
WIT 7 163 164 156 150 156 211 0 0 1 169 0 -1 0 0 0 32002 32002 0 0 0 0 0 1553
WIT 6 163 164 171 166 166 48 1 0 0 32002 0 -1 0 0 0 32002 32002 0 0 0 0 0 0
WIT 10 163 164 181 172 549 529 1 0 0 32002 0 -1 0 0 0 32002 32002 0 0 0 0 0 0
WIT 9 163 164 170 153 153 1132 1 0 0 168 0 -1 0 0 0 32002 32002 0 0 0 0 0 129
WIT 6 163 164 167 162 191 0 0 0 0 32002 0 -1 0 0 0 32002 32002 0 0 0 0 0 0
WIT 9 163 164 170 153 151 0 0 0 0 164 0 -1 0 0 0 32002 32002 0 0 0 0 0 49408
WIT 9 163 164 162 154 154 1112 0 0 1 164 0 -1 0 0 0 32002 32002 0 0 0 0 0 49408
WIT 8 163 164 167 152 158 536 0 0 1 167 0 -1 0 0 0 32002 32002 0 0 0 0 0 211
WIT 7 163 164 145 139 179 0 0 0 0 32002 0 -1 0 0 0 32002 32002 0 0 0 0 0 0
WIT 8 163 164 171 156 161 204 0 0 1 175 0 -1 0 0 0 32002 32002 0 0 0 0 0 211
WIT 7 163 164 249 236 166 0 0 0 0 164 0 -1 0 0 0 32002 32002 0 0 0 0 0 1748
WIT 7 163 164 193 187 187 204 0 0 0 32002 0 -1 0 0 0 32002 32002 0 0 0 0 0 0
WIT 7 163 164 198 192 210 204 0 0 0 32002 0 -1 0 0 0 32002 32002 0 0 0 0 0 0
WIT 7 163 164 185 172 186 204 0 0 0 32002 0 -1 0 0 0 32002 32002 0 0 0 0 0 0
WIT 7 170 171 225 219 175 0 0 0 0 210 0 -1 0 0 0 32002 32002 0 0 0 0 0 129
WIT 7 170 171 246 240 244 1748 0 1 0 32002 0 -1 0 0 0 32002 32002 0 0 0 0 0 0
WIT 7 170 171 171 165 161 0 0 0 0 171 0 -1 0 0 0 32002 32002 0 0 0 0 0 129
WIT 8 170 171 171 156 142 0 0 0 0 171 0 -1 0 0 0 32002 32002 0 0 0 0 0 49408
WIT 7 170 171 190 184 182 0 0 0 0 171 0 -1 0 0 0 32002 32002 0 0 0 0 0 49408
WIT 9 170 171 188 171 144 0 0 0 0 171 0 -1 0 0 0 32002 32002 0 0 0 0 0 1748
WIT 8 157 171 164 157 151 0 0 0 0 171 0 -1 0 0 0 32002 32002 0 0 0 0 0 204
WIT 8 170 171 164 149 149 853 0 0 1 181 0 -1 0 0 0 32002 32002 0 0 0 0 0 49408
WIT 11 170 171 164 143 143 204 0 0 1 171 0 -1 0 0 0 32002 32002 0 0 0 0 0 211
WIT 9 170 171 167 150 150 211 0 0 1 178 0 -1 0 0 0 32002 32002 0 0 0 0 0 1112
WIT 9 170 171 166 149 149 204 0 0 1 171 0 -1 0 0 0 32002 32002 0 0 0 0 0 211
WIT 8 170 171 145 138 178 0 0 0 0 32002 0 -1 0 0 0 32002 32002 0 0 0 0 0 0
WIT 7 170 171 279 273 314 203 0 0 0 32002 0 -1 0 0 0 32002 32002 0 0 0 0 0 0
WIT 9 170 171 164 147 136 0 0 0 0 171 0 -1 0 0 0 32002 32002 0 0 0 0 0 1748
WIT 7 170 171 149 143 182 853 0 0 0 32002 0 -1 0 0 0 32002 32002 0 0 0 0 0 0
WIT 8 170 171 173 158 161 204 0 0 1 262 0 -1 0 0 0 32002 32002 0 0 0 0 0 211
WIT 8 170 171 171 164 164 211 0 0 1 171 0 -1 0 0 0 32002 32002 0 0 0 0 0 203
WIT 7 170 171 193 187 187 204 0 0 0 32002 0 -1 0 0 0 32002 32002 0 0 0 0 0 0
WIT 7 170 171 198 192 210 204 0 0 0 32002 0 -1 0 0 0 32002 32002 0 0 0 0 0 0
WIT 7 170 171 171 165 204 204 0 0 0 32002 0 -1 0 0 0 32002 32002 0 0 0 0 0 0
WIT 7 179 180 323 317 212 0 0 0 0 266 0 -1 0 0 0 32002 32002 0 0 0 0 0 1748
WIT 8 179 180 190 183 712 796 1 0 0 32002 0 -1 0 0 0 32002 32002 0 0 0 0 0 0
WIT 7 179 180 171 158 149 0 0 0 0 196 0 -1 0 0 0 32002 32002 0 0 0 0 0 49408
WIT 7 179 180 171 165 136 0 0 0 0 185 0 -1 0 0 0 32002 32002 0 0 0 0 0 529
WIT 7 179 180 178 172 175 529 1 0 0 180 0 -1 0 0 0 32002 32002 0 0 0 0 0 657
WIT 6 179 180 171 166 161 0 0 0 0 180 0 -1 0 0 0 32002 32002 0 0 0 0 0 49408
WIT 6 179 180 171 166 176 1132 1 0 0 188 0 -1 0 0 0 32002 32002 0 0 0 0 0 49408
WIT 7 179 180 246 240 244 1748 0 1 0 32002 0 -1 0 0 0 32002 32002 0 0 0 0 0 0
WIT 6 179 180 189 184 184 452 0 0 0 32002 0 -1 0 0 0 32002 32002 0 0 0 0 0 0
WIT 6 179 180 186 181 387 1746 1 0 0 32002 0 -1 0 0 0 32002 32002 0 0 0 0 0 0
WIT 8 179 180 229 222 650 796 1 0 0 32002 0 -1 0 0 0 32002 32002 0 0 0 0 0 0
WIT 7 179 180 232 226 159 0 0 0 0 180 0 -1 0 0 0 32002 32002 0 0 0 0 0 1748
WIT 6 179 180 181 176 147 0 0 0 0 190 0 -1 0 0 0 32002 32002 0 0 0 0 0 49408
WIT 9 179 180 171 154 150 0 0 0 0 180 0 -1 0 0 0 32002 32002 0 0 0 0 0 853
WIT 7 179 180 224 218 172 0 0 0 0 180 0 -1 0 0 0 32002 32002 0 0 0 0 0 853
WIT 9 179 180 171 163 157 0 0 0 0 180 0 -1 0 0 0 32002 32002 0 0 0 0 0 49408
WIT 9 179 180 171 154 167 49408 0 0 1 185 0 -1 0 0 0 32002 32002 0 0 0 0 0 536
WIT 7 179 180 196 190 215 853 0 0 0 32002 0 -1 0 0 0 32002 32002 0 0 0 0 0 0
WIT 8 179 180 171 164 245 787 0 0 0 32002 0 -1 0 0 0 32002 32002 0 0 0 0 0 0
WIT 7 179 180 171 158 155 0 0 0 0 180 0 -1 0 0 0 32002 32002 0 0 0 0 0 1748
WIT 8 179 180 171 156 187 853 0 0 0 32002 0 -1 0 0 0 32002 32002 0 0 0 0 0 0
WIT 7 162 180 171 165 151 0 0 0 0 180 0 -1 0 0 0 32002 32002 0 0 0 0 0 204
WIT 10 179 180 177 158 171 204 0 0 1 180 0 -1 0 0 0 32002 32002 0 0 0 0 0 1112
WIT 8 179 180 171 156 161 204 0 0 1 180 0 -1 0 0 0 32002 32002 0 0 0 0 0 211
WIT 8 179 180 171 156 159 536 0 0 1 193 0 -1 0 0 0 32002 32002 0 0 0 0 0 211
WIT 7 179 180 279 273 314 203 0 0 0 32002 0 -1 0 0 0 32002 32002 0 0 0 0 0 0
WIT 8 179 180 171 156 136 0 0 0 0 180 0 -1 0 0 0 32002 32002 0 0 0 0 0 1748
WIT 8 179 180 171 156 182 204 0 0 0 32002 0 -1 0 0 0 32002 32002 0 0 0 0 0 0
WIT 7 179 180 171 165 165 211 0 0 1 180 0 -1 0 0 0 32002 32002 0 0 0 0 0 203
WIT 7 179 180 193 187 187 204 0 0 0 32002 0 -1 0 0 0 32002 32002 0 0 0 0 0 0
WIT 6 179 180 198 193 209 204 0 0 0 32002 0 -1 0 0 0 32002 32002 0 0 0 0 0 0
WIT 9 179 180 166 158 163 1828 0 0 1 229 0 -1 0 0 0 32002 32002 0 0 0 0 0 1185
WIT 8 179 180 149 142 185 129 0 0 0 32002 0 -1 0 0 0 32002 32002 0 0 0 0 0 0
WIT 6 179 180 241 236 235 0 0 0 0 180 0 -1 0 0 0 32002 32002 0 0 0 0 0 853
WIT 7 179 180 205 199 189 0 0 0 0 180 0 -1 0 0 0 32002 32002 0 0 0 0 0 536
WIT 8 179 180 262 247 221 0 0 0 0 180 0 -1 0 0 0 32002 32002 0 0 0 0 0 49408
WIT 6 179 180 202 197 209 853 0 0 0 32002 0 -1 0 0 0 32002 32002 0 0 0 0 0 0
WIT 7 179 180 251 238 230 0 0 0 0 180 0 -1 0 0 0 32002 32002 0 0 0 0 0 211
WIT 6 179 180 172 167 228 0 0 0 0 32002 0 -1 0 0 0 32002 32002 0 0 0 0 0 0
WIT 6 179 180 171 166 200 204 0 0 0 32002 0 -1 0 0 0 32002 32002 0 0 0 0 0 0
WIT 9 191 192 183 166 166 529 1 0 0 194 0 -1 0 0 0 32002 32002 0 0 0 0 0 657
WIT 8 191 192 205 198 160 0 0 0 0 210 0 -1 0 0 0 32002 32002 0 0 0 0 0 657
WIT 8 191 192 189 182 182 452 0 0 1 206 0 -1 0 0 0 32002 32002 0 0 0 0 0 211
WIT 6 191 192 186 181 187 0 0 0 0 307 0 -1 0 0 0 32002 32002 0 0 0 0 0 594
WIT 7 191 192 180 167 158 0 0 0 0 192 0 -1 0 0 0 32002 32002 0 0 0 0 0 129
WIT 8 191 192 180 165 150 0 0 0 0 192 0 -1 0 0 0 32002 32002 0 0 0 0 0 49408
WIT 9 191 192 223 215 203 0 0 0 0 196 0 -1 0 0 0 32002 32002 0 0 0 0 0 801
WIT 8 191 192 229 222 490 796 1 0 0 32002 0 -1 0 0 0 32002 32002 0 0 0 0 0 0
WIT 6 191 192 241 236 236 203 0 1 0 32002 0 -1 0 0 0 32002 32002 0 0 0 0 0 0
WIT 8 191 192 180 173 166 0 0 0 0 201 0 -1 0 0 0 32002 32002 0 0 0 0 0 49408
WIT 8 191 192 180 165 44 0 0 0 0 192 0 -1 0 0 0 32002 32002 0 0 0 0 0 1748
WIT 9 191 192 211 203 203 452 0 0 0 32002 0 -1 0 0 0 32002 32002 0 0 0 0 0 0
WIT 8 191 192 188 173 147 0 0 0 0 203 0 -1 0 0 0 32002 32002 0 0 0 0 0 49408
WIT 7 191 192 215 209 208 0 0 0 0 225 0 -1 0 0 0 32002 32002 0 0 0 0 0 129
WIT 8 191 192 204 197 188 0 0 0 0 221 0 -1 0 0 0 32002 32002 0 0 0 0 0 49408
WIT 8 191 192 228 221 221 801 0 0 0 32002 0 -1 0 0 0 32002 32002 0 0 0 0 0 0
WIT 6 191 192 188 183 170 0 0 0 0 198 0 -1 0 0 0 32002 32002 0 0 0 0 0 49408
WIT 7 191 192 180 167 154 0 0 0 0 192 0 -1 0 0 0 32002 32002 0 0 0 0 0 853
WIT 7 191 192 184 171 171 49408 0 0 1 204 0 -1 0 0 0 32002 32002 0 0 0 0 0 536
WIT 7 191 192 184 178 184 1828 0 0 1 232 0 -1 0 0 0 32002 32002 0 0 0 0 0 1185
WIT 6 191 192 171 166 157 0 0 0 0 197 0 -1 0 0 0 32002 32002 0 0 0 0 0 49408
WIT 6 191 192 196 191 162 0 0 0 0 203 0 -1 0 0 0 32002 32002 0 0 0 0 0 853
WIT 6 191 192 206 201 207 853 0 0 0 32002 0 -1 0 0 0 32002 32002 0 0 0 0 0 0
WIT 6 191 192 185 180 148 0 0 0 0 199 0 -1 0 0 0 32002 32002 0 0 0 0 0 536
WIT 9 191 192 180 163 163 204 0 0 1 192 0 -1 0 0 0 32002 32002 0 0 0 0 0 211
WIT 8 191 192 180 165 188 204 0 0 1 203 0 -1 0 0 0 32002 32002 0 0 0 0 0 211
WIT 7 191 192 180 167 173 204 0 0 1 191 1 2 34166 1 1 191 192 1 0 2 0 6 204
WIT 7 191 192 191 178 185 536 0 0 1 193 0 -1 0 0 0 32002 32002 0 0 0 0 0 211
WIT 7 191 192 171 158 165 853 0 0 1 220 0 -1 0 0 0 32002 32002 0 0 0 0 0 211
WIT 8 191 192 279 272 314 203 0 0 0 32002 0 -1 0 0 0 32002 32002 0 0 0 0 0 0
WIT 7 191 192 180 167 136 0 0 0 0 192 0 -1 0 0 0 32002 32002 0 0 0 0 0 1748
WIT 6 191 192 193 188 204 204 0 0 0 32002 0 -1 0 0 0 32002 32002 0 0 0 0 0 0
WIT 6 191 192 181 176 241 0 0 0 0 32002 0 -1 0 0 0 32002 32002 0 0 0 0 0 0
WIT 6 191 192 180 175 199 211 0 0 0 32002 0 -1 0 0 0 32002 32002 0 0 0 0 0 0
WIT 6 191 192 198 193 209 204 0 0 0 32002 0 -1 0 0 0 32002 32002 0 0 0 0 0 0
WIT 6 191 192 171 166 218 204 0 0 0 32002 0 -1 0 0 0 32002 32002 0 0 0 0 0 0
WIT 6 191 192 172 167 224 0 0 0 0 32002 0 -1 0 0 0 32002 32002 0 0 0 0 0 0
WIT 8 207 208 192 177 182 1112 0 0 1 207 1 1 12255 1 1 207 207 0 0 0 0 10 0
WIT 10 -181 -180 -148 -157 -225 0 0 0 0 -220 0 -1 0 0 0 32002 32002 0 0 0 0 0 0
WIT 9 -181 -180 -148 -156 -194 0 0 0 0 -216 0 -1 0 0 0 32002 32002 0 0 0 0 0 0
WIT 8 195 196 164 157 157 1112 0 0 1 244 0 -1 0 0 0 32002 32002 0 0 0 0 0 49408
WIT 8 195 196 190 183 712 796 1 0 0 32002 0 -1 0 0 0 32002 32002 0 0 0 0 0 0
WIT 7 195 196 227 221 212 0 0 0 0 269 0 -1 0 0 0 32002 32002 0 0 0 0 0 49408
WIT 6 195 196 284 279 221 0 0 0 0 196 0 -1 0 0 0 32002 32002 0 0 0 0 0 49408
WIT 9 195 196 244 227 226 0 0 0 0 197 0 -1 0 0 0 32002 32002 0 0 0 0 0 657
WIT 8 195 196 218 211 210 0 0 0 0 196 0 -1 0 0 0 32002 32002 0 0 0 0 0 129
WIT 9 195 196 204 196 223 452 0 0 0 32002 0 -1 0 0 0 32002 32002 0 0 0 0 0 0
WIT 9 195 196 290 282 449 1746 1 0 0 32002 0 -1 0 0 0 32002 32002 0 0 0 0 0 0
WIT 6 195 196 269 264 494 796 1 0 0 32002 0 -1 0 0 0 32002 32002 0 0 0 0 0 0
WIT 7 195 196 192 179 174 0 0 0 0 208 0 -1 0 0 0 32002 32002 0 0 0 0 0 129
WIT 8 195 196 206 191 175 0 0 0 0 196 0 -1 0 0 0 32002 32002 0 0 0 0 0 49408
WIT 7 195 196 197 184 184 983 0 0 1 198 0 -1 0 0 0 32002 32002 0 0 0 0 0 49408
WIT 8 195 196 193 186 480 796 1 0 0 32002 0 -1 0 0 0 32002 32002 0 0 0 0 0 0
WIT 8 195 196 180 173 182 1828 0 0 1 226 0 -1 0 0 0 32002 32002 0 0 0 0 0 129
WIT 7 195 196 180 174 151 0 0 0 0 222 0 -1 0 0 0 32002 32002 0 0 0 0 0 853
WIT 6 195 196 169 164 170 853 0 0 1 253 0 -1 0 0 0 32002 32002 0 0 0 0 0 49408
WIT 9 195 196 181 173 229 529 1 0 0 32002 0 -1 0 0 0 32002 32002 0 0 0 0 0 0
WIT 7 195 196 158 152 179 657 1 0 0 217 0 -1 0 0 0 32002 32002 0 0 0 0 0 529
WIT 9 195 196 187 179 197 129 0 0 0 32002 0 -1 0 0 0 32002 32002 0 0 0 0 0 0
WIT 8 195 196 225 218 245 0 0 0 0 32002 0 -1 0 0 0 32002 32002 0 0 0 0 0 0
WIT 7 195 196 167 161 207 0 0 0 0 32002 0 -1 0 0 0 32002 32002 0 0 0 0 0 0
WIT 8 195 196 170 163 163 129 0 0 1 196 0 -1 0 0 0 32002 32002 0 0 0 0 0 853
WIT 6 195 196 194 189 199 853 0 0 0 32002 0 -1 0 0 0 32002 32002 0 0 0 0 0 0
WIT 8 195 196 207 192 181 0 0 0 0 196 0 -1 0 0 0 32002 32002 0 0 0 0 0 49408
WIT 6 195 196 171 166 168 853 0 0 1 196 0 -1 0 0 0 32002 32002 0 0 0 0 0 49408
WIT 8 195 196 201 186 193 204 0 0 1 203 0 -1 0 0 0 32002 32002 0 0 0 0 0 211
WIT 7 195 196 193 187 205 204 0 0 0 32002 0 -1 0 0 0 32002 32002 0 0 0 0 0 0
WIT 7 195 196 198 192 210 204 0 0 0 32002 0 -1 0 0 0 32002 32002 0 0 0 0 0 0
WIT 9 195 196 216 199 207 204 0 0 0 32002 0 -1 0 0 0 32002 32002 0 0 0 0 0 0
WIT 7 195 196 207 194 209 536 0 0 0 32002 0 -1 0 0 0 32002 32002 0 0 0 0 0 0
WIT 6 195 196 215 210 228 211 0 0 0 32002 0 -1 0 0 0 32002 32002 0 0 0 0 0 0
WIT 8 195 196 279 272 314 203 0 0 0 32002 0 -1 0 0 0 32002 32002 0 0 0 0 0 0
WIT 7 195 196 242 229 136 0 0 0 0 196 0 -1 0 0 0 32002 32002 0 0 0 0 0 1748
WIT 6 195 196 172 167 230 0 0 0 0 32002 0 -1 0 0 0 32002 32002 0 0 0 0 0 0
WIT 7 195 196 180 174 174 211 0 0 1 212 0 -1 0 0 0 32002 32002 0 0 0 0 0 203
WIT 6 195 196 171 166 218 204 0 0 0 32002 0 -1 0 0 0 32002 32002 0 0 0 0 0 0
WIT 8 188 204 201 194 206 203 0 0 0 32002 0 -1 0 0 0 32002 32002 0 0 0 0 0 0
WIT 6 203 204 185 180 164 0 0 0 0 203 0 -1 0 0 0 32002 32002 0 0 0 0 0 0
WIT 7 203 204 202 189 188 0 0 0 0 204 0 -1 0 0 0 32002 32002 0 0 0 0 0 49408
WIT 11 203 204 196 175 175 211 0 0 1 201 1 1 25878 1 1 203 204 0 0 0 0 67 211
WIT 9 203 204 196 179 179 204 0 0 1 204 0 -1 0 0 0 32002 32002 0 0 0 0 0 211
WIT 9 203 204 216 199 199 204 0 0 1 204 0 -1 0 0 0 32002 32002 0 0 0 0 0 211
WIT 9 203 204 215 207 205 0 0 0 0 207 0 -1 0 0 0 32002 32002 0 0 0 0 0 2130
WIT 7 203 204 244 238 237 0 0 1 0 207 0 -1 0 0 0 32002 32002 0 0 0 0 0 2130
WIT 9 203 204 211 203 199 0 0 0 0 206 0 -1 0 0 0 32002 32002 0 0 0 0 0 1185
WIT 8 203 204 202 187 193 204 0 0 1 204 0 -1 0 0 0 32002 32002 0 0 0 0 0 211
WIT 7 203 204 279 273 314 203 0 0 0 32002 0 -1 0 0 0 32002 32002 0 0 0 0 0 0
WIT 9 203 204 196 179 143 0 0 0 0 204 0 -1 0 0 0 32002 32002 0 0 0 0 0 1748
WIT 8 203 204 193 186 211 203 0 0 0 32002 0 -1 0 0 0 32002 32002 0 0 0 0 0 0
WIT 8 203 204 198 191 203 203 0 0 1 208 0 -1 0 0 0 32002 32002 0 0 0 0 0 211
WIT 6 203 204 201 196 306 1112 1 0 0 32002 0 -1 0 0 0 32002 32002 0 0 0 0 0 0
WIT 7 203 204 210 204 204 211 0 0 0 32002 0 -1 0 0 0 32002 32002 0 0 0 0 0 0
WIT 7 203 204 215 209 230 211 0 0 0 32002 0 -1 0 0 0 32002 32002 0 0 0 0 0 0
WIT 7 203 204 171 165 222 203 0 0 0 32002 0 -1 0 0 0 32002 32002 0 0 0 0 0 0
WIT 7 203 204 172 166 246 0 0 0 0 32002 0 -1 0 0 0 32002 32002 0 0 0 0 0 0
WIT 6 213 214 211 206 208 853 0 0 1 214 0 -1 0 0 0 32002 32002 0 0 0 0 0 983
WIT 6 213 214 340 335 334 0 0 0 0 270 0 -1 0 0 0 32002 32002 0 0 0 0 0 1748
WIT 7 194 214 201 195 195 203 0 0 1 214 0 -1 0 0 0 32002 32002 0 0 0 0 0 211
WIT 10 213 214 204 185 192 204 0 0 1 220 0 -1 0 0 0 32002 32002 0 0 0 0 0 211
WIT 8 213 214 205 190 190 204 0 0 1 214 0 -1 0 0 0 32002 32002 0 0 0 0 0 1185
WIT 8 213 214 204 189 196 204 0 0 1 230 0 -1 0 0 0 32002 32002 0 0 0 0 0 211
WIT 8 213 214 204 189 194 204 0 0 1 214 0 -1 0 0 0 32002 32002 0 0 0 0 0 211
WIT 8 213 214 236 221 221 853 0 0 0 32002 0 -1 0 0 0 32002 32002 0 0 0 0 0 0
WIT 8 213 214 244 237 226 0 0 0 0 220 0 -1 0 0 0 32002 32002 0 0 0 0 0 49408
WIT 8 213 214 231 216 208 0 0 0 0 219 0 -1 0 0 0 32002 32002 0 0 0 0 0 529
WIT 8 213 214 181 174 225 529 1 0 0 32002 0 -1 0 0 0 32002 32002 0 0 0 0 0 0
WIT 9 213 214 187 179 197 129 0 0 1 214 0 -1 0 0 0 32002 32002 0 0 0 0 0 853
WIT 7 213 214 167 161 207 0 0 0 0 189 0 -1 0 0 0 32002 32002 0 0 0 0 0 1244
WIT 7 213 214 225 219 244 0 0 0 0 32002 0 -1 0 0 0 32002 32002 0 0 0 0 0 0
WIT 6 213 214 196 191 191 853 0 0 1 214 0 -1 0 0 0 32002 32002 0 0 0 0 0 49408
WIT 7 213 214 204 191 188 0 0 0 0 214 0 -1 0 0 0 32002 32002 0 0 0 0 0 211
WIT 7 213 214 193 187 205 204 0 0 1 255 0 -1 0 0 0 32002 32002 0 0 0 0 0 211
WIT 7 213 214 207 201 213 204 0 0 1 222 0 -1 0 0 0 32002 32002 0 0 0 0 0 211
WIT 6 213 214 210 205 223 211 0 0 0 32002 0 -1 0 0 0 32002 32002 0 0 0 0 0 0
WIT 7 213 214 215 209 230 211 0 0 0 32002 0 -1 0 0 0 32002 32002 0 0 0 0 0 0
WIT 7 213 214 204 191 209 536 0 0 1 220 0 -1 0 0 0 32002 32002 0 0 0 0 0 211
WIT 7 213 214 172 166 244 0 0 0 0 32002 0 -1 0 0 0 32002 32002 0 0 0 0 0 0
WIT 8 213 214 204 189 99 0 0 0 0 214 0 -1 0 0 0 32002 32002 0 0 0 0 0 1748
WIT 7 213 214 171 165 180 204 0 0 1 245 0 -1 0 0 0 32002 32002 0 0 0 0 0 211
WIT 9 226 227 220 212 387 991 0 0 0 32002 0 -1 0 0 0 32002 32002 0 0 0 0 0 0
WIT 8 226 227 216 209 178 0 0 1 0 293 0 -1 0 0 0 32002 32002 0 0 0 0 0 129
WIT 9 226 227 219 202 201 0 0 0 0 227 0 -1 0 0 0 32002 32002 0 0 0 0 0 211
WIT 8 226 227 228 213 204 0 0 0 0 227 0 -1 0 0 0 32002 32002 0 0 0 0 0 211
WIT 7 226 227 214 201 206 211 0 0 1 256 0 -1 0 0 0 32002 32002 0 0 0 0 0 1185
WIT 8 226 227 236 221 221 853 0 0 1 243 0 -1 0 0 0 32002 32002 0 0 0 0 0 49408
WIT 6 226 227 240 235 269 49408 0 0 0 32002 0 -1 0 0 0 32002 32002 0 0 0 0 0 0
WIT 8 226 227 218 203 196 0 0 0 0 241 0 -1 0 0 0 32002 32002 0 0 0 0 0 529
WIT 8 226 227 181 174 225 529 1 0 0 236 0 -1 0 0 0 32002 32002 0 0 0 0 0 657
WIT 8 226 227 169 162 209 657 1 0 0 244 0 -1 0 0 0 32002 32002 0 0 0 0 0 529
WIT 6 226 227 214 209 227 129 0 0 0 32002 0 -1 0 0 0 32002 32002 0 0 0 0 0 0
WIT 7 226 227 228 222 221 0 0 0 0 227 0 -1 0 0 0 32002 32002 0 0 0 0 0 49408
WIT 7 226 227 214 201 192 0 0 0 0 227 0 -1 0 0 0 32002 32002 0 0 0 0 0 211
WIT 7 226 227 214 201 100 0 0 0 0 227 0 -1 0 0 0 32002 32002 0 0 0 0 0 1748
WIT 7 226 227 214 201 201 204 0 0 1 240 0 -1 0 0 0 32002 32002 0 0 0 0 0 211
WIT 6 226 227 181 176 248 0 0 0 0 32002 0 -1 0 0 0 32002 32002 0 0 0 0 0 0
WIT 6 226 227 219 214 238 211 0 0 0 32002 0 -1 0 0 0 32002 32002 0 0 0 0 0 0
WIT 6 226 227 215 210 228 211 0 0 0 32002 0 -1 0 0 0 32002 32002 0 0 0 0 0 0
WIT 6 226 227 172 167 238 0 0 0 0 32002 0 -1 0 0 0 32002 32002 0 0 0 0 0 0
WIT 6 243 244 234 229 222 0 0 0 0 259 0 -1 0 0 0 32002 32002 0 0 0 0 0 49408
WIT 11 243 244 220 210 298 991 0 0 0 32002 0 -1 0 0 0 32002 32002 0 0 0 0 0 0
WIT 10 243 244 286 267 147 0 0 1 0 244 0 -1 0 0 0 32002 32002 0 0 0 0 0 129
WIT 7 243 244 214 208 253 657 1 0 0 32002 0 -1 0 0 0 32002 32002 0 0 0 0 0 0
WIT 8 243 244 280 273 282 853 0 0 0 32002 0 -1 0 0 0 32002 32002 0 0 0 0 0 0
WIT 7 243 244 227 221 200 0 0 0 0 246 0 -1 0 0 0 32002 32002 0 0 0 0 0 853
WIT 9 243 244 227 210 196 0 0 0 0 244 0 -1 0 0 0 32002 32002 0 0 0 0 0 49408
WIT 9 243 244 227 219 223 853 0 0 1 243 1 1 29655 1 1 243 243 0 0 0 0 4 0
WIT 7 -244 -243 -171 -177 -179 0 0 0 0 -243 0 -1 0 0 0 32002 32002 0 0 0 0 0 2137
WIT 6 -244 -243 -186 -191 -198 0 0 0 0 -243 0 -1 0 0 0 32002 32002 0 0 0 0 0 3169
WIT 8 243 244 227 212 204 0 0 0 0 243 0 -1 0 0 0 32002 32002 0 0 0 0 0 0

===========================
Total time (ms) : 18
Nodes searched  : 13862
Nodes/second    : 770111
