
Position: 1/1 (r1bqkbnr/1pp1n1pp/p2p1p2/3Pp3/4P3/2N2N1P/PPP2PP1/R1BQKB1R w KQkq - 0 7)
WIT 7 -338 -337 -338 -344 -345 0 0 0 0 -339 0 -1 0 0 0 32002 32002 0 0 0 0 0 0
WIT 7 360 361 394 388 369 0 0 0 0 391 0 -1 0 0 0 32002 32002 0 0 0 0 0 1375
WIT 9 -338 -337 -337 -345 -320 3742 0 0 0 32002 0 -1 0 0 0 32002 32002 0 0 0 0 0 0
WIT 7 -338 -337 -293 -299 -299 2917 0 0 0 32002 0 -1 0 0 0 32002 32002 0 0 0 0 0 0
WIT 7 -338 -337 -333 -339 -321 2917 0 0 0 32002 0 -1 0 0 0 32002 32002 0 0 0 0 0 0
WIT 7 -338 -337 -309 -315 -315 2917 0 0 0 32002 0 -1 0 0 0 32002 32002 0 0 0 0 0 0
WIT 6 -338 -337 -326 -331 -331 2917 0 0 0 32002 0 -1 0 0 0 32002 32002 0 0 0 0 0 0
WIT 7 -338 -337 -282 -288 -298 0 0 0 0 -337 0 -1 0 0 0 32002 32002 0 0 0 0 0 3958
WIT 6 -338 -337 -300 -305 -305 2917 0 0 0 32002 0 -1 0 0 0 32002 32002 0 0 0 0 0 0
WIT 7 -338 -337 -303 -309 -326 0 0 0 0 -337 0 -1 0 0 0 32002 32002 0 0 0 0 0 3958
WIT 6 -338 -337 -293 -298 -298 2917 0 0 0 32002 0 -1 0 0 0 32002 32002 0 0 0 0 0 0
WIT 6 -338 -337 -316 -321 -309 2917 0 0 0 32002 0 -1 0 0 0 32002 32002 0 0 0 0 0 0
WIT 6 -338 -337 -280 -285 -285 2917 0 0 0 32002 0 -1 0 0 0 32002 32002 0 0 0 0 0 0
WIT 6 -338 -337 -299 -304 -281 2917 0 0 0 32002 0 -1 0 0 0 32002 32002 0 0 0 0 0 0
WIT 7 -338 -337 -306 -312 -350 0 0 0 0 -331 0 -1 0 0 0 32002 32002 0 0 0 0 0 3958
WIT 6 -338 -337 -299 -304 -304 2917 0 0 0 32002 0 -1 0 0 0 32002 32002 0 0 0 0 0 0
WIT 7 -338 -337 -330 -336 -336 3567 0 0 0 32002 0 -1 0 0 0 32002 32002 0 0 0 0 0 0
WIT 6 -338 -337 -319 -324 -324 3567 0 0 0 32002 0 -1 0 0 0 32002 32002 0 0 0 0 0 0
WIT 10 -338 -337 -338 -357 -365 0 0 0 0 -337 0 -1 0 0 0 32002 32002 0 0 0 0 0 3502
WIT 7 -338 -337 -324 -330 -316 3502 0 0 0 32002 0 -1 0 0 0 32002 32002 0 0 0 0 0 0
WIT 7 -338 -337 -274 -280 -279 3567 0 0 0 32002 0 -1 0 0 0 32002 32002 0 0 0 0 0 0
WIT 7 -338 -337 -293 -299 -272 3502 0 0 0 32002 0 -1 0 0 0 32002 32002 0 0 0 0 0 0
WIT 7 -338 -337 -337 -343 -327 3502 0 0 0 32002 0 -1 0 0 0 32002 32002 0 0 0 0 0 0
WIT 7 -338 -337 -318 -324 -291 3502 0 0 0 32002 0 -1 0 0 0 32002 32002 0 0 0 0 0 0
WIT 7 -338 -337 -342 -348 -332 3502 0 0 0 32002 0 -1 0 0 0 32002 32002 0 0 0 0 0 0
WIT 7 -338 -337 -350 -356 -333 3502 0 0 0 32002 0 -1 0 0 0 32002 32002 0 0 0 0 0 0
WIT 9 -321 -320 -316 -324 -324 4015 0 0 1 -318 0 -1 0 0 0 32002 32002 0 0 0 0 0 2917
WIT 9 -321 -320 -337 -354 -368 0 0 0 0 -320 0 -1 0 0 0 32002 32002 0 0 0 0 0 3958
WIT 6 -321 -320 -333 -338 -330 2917 0 0 1 -325 1 1 11475 1 1 -321 -322 0 0 0 0 22 3951
WIT 8 -337 -320 -333 -340 -361 0 0 0 0 -320 0 -1 0 0 0 32002 32002 0 0 0 0 0 3502
WIT 12 -321 -320 -320 -343 -325 2917 0 0 1 -320 0 -1 0 0 0 32002 32002 0 0 0 0 0 3958
WIT 10 -321 -320 -331 -350 -332 3951 0 0 1 -320 0 -1 0 0 0 32002 32002 0 0 0 0 0 3958
WIT 9 -321 -320 -337 -354 -354 3951 0 0 1 -320 0 -1 0 0 0 32002 32002 0 0 0 0 0 3958
WIT 8 -321 -320 -337 -344 -344 3951 0 0 1 -320 0 -1 0 0 0 32002 32002 0 0 0 0 0 3958
WIT 8 -321 -320 -337 -352 -352 3951 0 0 1 -270 0 -1 0 0 0 32002 32002 0 0 0 0 0 3958
WIT 8 -321 -320 -293 -300 -300 3951 0 0 0 32002 0 -1 0 0 0 32002 32002 0 0 0 0 0 0
WIT 7 -321 -320 -293 -299 -299 3951 0 0 0 32002 0 -1 0 0 0 32002 32002 0 0 0 0 0 0
WIT 7 -321 -320 -326 -332 -332 3951 0 0 1 -242 0 -1 0 0 0 32002 32002 0 0 0 0 0 3958
WIT 7 -321 -320 -299 -305 -305 3951 0 0 0 32002 0 -1 0 0 0 32002 32002 0 0 0 0 0 0
WIT 7 -321 -320 -280 -286 -286 3951 0 0 0 32002 0 -1 0 0 0 32002 32002 0 0 0 0 0 0
WIT 7 -321 -320 -309 -315 -315 3951 0 0 0 32002 0 -1 0 0 0 32002 32002 0 0 0 0 0 0
WIT 7 -321 -320 -300 -306 -306 3951 0 0 0 32002 0 -1 0 0 0 32002 32002 0 0 0 0 0 0
WIT 7 -321 -320 -300 -306 -306 3951 0 0 0 32002 0 -1 0 0 0 32002 32002 0 0 0 0 0 0
WIT 7 -321 -320 -315 -321 -321 3951 0 0 1 -311 0 -1 0 0 0 32002 32002 0 0 0 0 0 3958
WIT 7 -321 -320 -299 -305 -280 3951 0 0 0 32002 0 -1 0 0 0 32002 32002 0 0 0 0 0 0
WIT 7 -321 -320 -333 -339 -339 3951 0 0 1 -260 0 -1 0 0 0 32002 32002 0 0 0 0 0 3958
WIT 7 -321 -320 -330 -336 -336 3951 0 0 1 -257 0 -1 0 0 0 32002 32002 0 0 0 0 0 3958
WIT 7 -321 -320 -319 -325 -325 3951 0 0 1 -317 0 -1 0 0 0 32002 32002 0 0 0 0 0 3958
WIT 7 -321 -320 -302 -308 -308 3951 0 0 0 32002 0 -1 0 0 0 32002 32002 0 0 0 0 0 0
WIT 7 -321 -320 -316 -322 -286 3951 0 0 0 32002 0 -1 0 0 0 32002 32002 0 0 0 0 0 0
WIT 7 -321 -320 -300 -306 -306 3951 0 0 0 32002 0 -1 0 0 0 32002 32002 0 0 0 0 0 0
WIT 11 -321 -320 -337 -358 -367 0 0 0 0 -320 0 -1 0 0 0 32002 32002 0 0 0 0 0 3502
WIT 8 -321 -320 -304 -319 -319 4015 0 0 0 32002 0 -1 0 0 0 32002 32002 0 0 0 0 0 0
WIT 8 -321 -320 -276 -283 -283 4015 0 0 0 32002 0 -1 0 0 0 32002 32002 0 0 0 0 0 0
WIT 7 -321 -320 -317 -323 -323 3951 0 0 1 -317 0 -1 0 0 0 32002 32002 0 0 0 0 0 3958
WIT 6 -321 -320 -300 -305 -305 3951 0 0 0 32002 0 -1 0 0 0 32002 32002 0 0 0 0 0 0
WIT 7 320 321 321 315 281 0 0 0 0 320 0 -1 0 0 0 32002 32002 0 0 0 0 0 0
WIT 9 -321 -320 -327 -344 -348 0 0 0 0 -320 0 -1 0 0 0 32002 32002 0 0 0 0 0 3502
WIT 7 -321 -320 -318 -324 -303 3502 0 0 0 32002 0 -1 0 0 0 32002 32002 0 0 0 0 0 0
WIT 7 -321 -320 -274 -280 -276 3567 0 0 0 32002 0 -1 0 0 0 32002 32002 0 0 0 0 0 0
WIT 7 -321 -320 -293 -299 -272 3502 0 0 0 32002 0 -1 0 0 0 32002 32002 0 0 0 0 0 0
WIT 7 -321 -320 -337 -343 -327 3502 0 0 1 -298 0 -1 0 0 0 32002 32002 0 0 0 0 0 2917
WIT 7 -321 -320 -318 -324 -291 3502 0 0 0 32002 0 -1 0 0 0 32002 32002 0 0 0 0 0 0
WIT 7 -321 -320 -337 -343 -281 3502 0 0 0 32002 0 -1 0 0 0 32002 32002 0 0 0 0 0 0
WIT 7 -321 -320 -342 -348 -332 3502 0 0 1 -257 0 -1 0 0 0 32002 32002 0 0 0 0 0 2917
WIT 7 -321 -320 -350 -356 -333 3502 0 0 1 -295 0 -1 0 0 0 32002 32002 0 0 0 0 0 2917
WIT 8 -321 -320 -303 -310 -321 0 0 0 0 -320 0 -1 0 0 0 32002 32002 0 0 0 0 0 2917
WIT 7 -298 -297 -320 -326 -320 3567 0 0 1 -280 0 -1 0 0 0 32002 32002 0 0 0 0 0 2917
WIT 9 -298 -297 -320 -328 -328 2917 0 0 1 -297 0 -1 0 0 0 32002 32002 0 0 0 0 0 3958
WIT 7 -298 -297 -320 -326 -324 2917 0 0 1 -298 1 2 14457 1 1 -298 -314 1 0 5 0 2 0
WIT 6 314 315 376 371 345 0 0 0 0 315 0 -1 0 0 0 32002 32002 0 0 0 0 0 332
WIT 8 -320 -297 -320 -327 -354 0 0 0 0 -315 0 -1 0 0 0 32002 32002 0 0 0 0 0 3502
WIT 8 -316 -315 -320 -335 -325 2917 0 0 1 -310 0 -1 0 0 0 32002 32002 0 0 0 0 0 3958
WIT 8 -316 -315 -320 -335 -329 3951 0 0 1 -279 0 -1 0 0 0 32002 32002 0 0 0 0 0 3958
WIT 6 -316 -315 -320 -325 -325 3951 0 0 1 -315 0 -1 0 0 0 32002 32002 0 0 0 0 0 3958
WIT 7 -316 -315 -320 -333 -367 0 0 0 0 -315 0 -1 0 0 0 32002 32002 0 0 0 0 0 3502
WIT 6 -316 -315 -346 -351 -351 3502 0 0 1 -302 0 -1 0 0 0 32002 32002 0 0 0 0 0 2917
WIT 9 -312 -311 -316 -324 -324 2917 0 0 1 -274 0 -1 0 0 0 32002 32002 0 0 0 0 0 3958
WIT 8 -312 -311 -285 -292 -249 2917 0 0 0 32002 0 -1 0 0 0 32002 32002 0 0 0 0 0 0
WIT 9 -312 -311 -255 -263 -263 3951 0 0 0 32002 0 -1 0 0 0 32002 32002 0 0 0 0 0 0
WIT 9 -312 -311 -297 -305 -285 2917 0 0 0 32002 0 -1 0 0 0 32002 32002 0 0 0 0 0 0
WIT 8 -312 -311 -299 -306 -306 2917 0 0 0 32002 0 -1 0 0 0 32002 32002 0 0 0 0 0 0
WIT 8 -312 -311 -310 -317 -316 2917 0 0 1 -309 0 -1 0 0 0 32002 32002 0 0 0 0 0 3958
WIT 8 -312 -311 -278 -285 -285 2917 0 0 0 32002 0 -1 0 0 0 32002 32002 0 0 0 0 0 0
WIT 8 -312 -311 -292 -299 -299 3951 0 0 0 32002 0 -1 0 0 0 32002 32002 0 0 0 0 0 0
WIT 7 -312 -311 -268 -274 -240 2917 0 0 0 32002 0 -1 0 0 0 32002 32002 0 0 0 0 0 0
WIT 7 -312 -311 -289 -295 -286 2917 0 0 0 32002 0 -1 0 0 0 32002 32002 0 0 0 0 0 0
WIT 8 -312 -311 -310 -317 -283 2917 0 0 0 32002 0 -1 0 0 0 32002 32002 0 0 0 0 0 0
WIT 8 -312 -311 -310 -325 -322 2917 0 0 1 -310 0 -1 0 0 0 32002 32002 0 0 0 0 0 3958
WIT 9 -341 -311 -315 -323 -324 0 0 0 0 -311 0 -1 0 0 0 32002 32002 0 0 0 0 0 3502
WIT 11 -312 -311 -310 -331 -323 2917 0 0 1 -311 0 -1 0 0 0 32002 32002 0 0 0 0 0 3958
WIT 8 -312 -311 -337 -344 -338 2917 0 0 1 -311 0 -1 0 0 0 32002 32002 0 0 0 0 0 4015
WIT 8 -312 -311 -283 -298 -298 3951 0 0 0 32002 0 -1 0 0 0 32002 32002 0 0 0 0 0 0
WIT 7 -312 -311 -288 -301 -301 3951 0 0 0 32002 0 -1 0 0 0 32002 32002 0 0 0 0 0 0
WIT 6 -312 -311 -297 -302 -300 3951 0 0 0 32002 0 -1 0 0 0 32002 32002 0 0 0 0 0 0
WIT 6 -312 -311 -313 -318 -318 3951 0 0 1 -311 0 -1 0 0 0 32002 32002 0 0 0 0 0 3958
WIT 10 -312 -311 -315 -334 -367 0 0 0 0 -311 0 -1 0 0 0 32002 32002 0 0 0 0 0 3502
WIT 6 -71 -70 268 263 908 3374 0 1 0 32002 0 -1 0 0 0 32002 32002 0 0 0 0 0 0
WIT 8 -312 -311 -272 -279 -247 3502 0 0 0 32002 0 -1 0 0 0 32002 32002 0 0 0 0 0 0
WIT 6 -312 -311 -316 -321 -321 3365 1 0 0 -310 0 -1 0 0 0 32002 32002 0 0 0 0 0 3749
WIT 8 -312 -311 -315 -322 -323 0 0 0 0 -311 0 -1 0 0 0 32002 32002 0 0 0 0 0 3502
WIT 8 -312 -311 -309 -316 -313 3502 0 0 1 -308 0 -1 0 0 0 32002 32002 0 0 0 0 0 2917
WIT 8 -312 -311 -272 -279 -277 3502 0 0 0 32002 0 -1 0 0 0 32002 32002 0 0 0 0 0 0
WIT 6 -312 -311 -267 -272 -269 3567 0 0 0 32002 0 -1 0 0 0 32002 32002 0 0 0 0 0 0
WIT 7 -312 -311 -286 -292 -270 3502 0 0 0 32002 0 -1 0 0 0 32002 32002 0 0 0 0 0 0
WIT 8 -312 -311 -300 -307 -267 3502 0 0 0 32002 0 -1 0 0 0 32002 32002 0 0 0 0 0 0
WIT 7 -312 -311 -311 -317 -290 3502 0 0 0 32002 0 -1 0 0 0 32002 32002 0 0 0 0 0 0
WIT 8 -312 -311 -315 -322 -276 3502 0 0 0 32002 0 -1 0 0 0 32002 32002 0 0 0 0 0 0
WIT 8 -312 -311 -298 -305 -295 3502 0 0 0 32002 0 -1 0 0 0 32002 32002 0 0 0 0 0 0
WIT 9 -312 -311 -315 -332 -333 0 0 0 0 -311 0 -1 0 0 0 32002 32002 0 0 0 0 0 2917
WIT 7 -312 -311 -269 -275 -275 3559 0 0 0 32002 0 -1 0 0 0 32002 32002 0 0 0 0 0 0
WIT 7 -312 -311 -282 -288 -293 0 0 0 0 -288 0 -1 0 0 0 32002 32002 0 0 0 0 0 2917
WIT 7 -312 -311 -264 -270 -258 3502 0 0 0 32002 0 -1 0 0 0 32002 32002 0 0 0 0 0 0
WIT 7 -312 -311 -289 -295 -260 3502 0 0 0 32002 0 -1 0 0 0 32002 32002 0 0 0 0 0 0
WIT 7 -312 -311 -262 -268 -239 3502 0 0 0 32002 0 -1 0 0 0 32002 32002 0 0 0 0 0 0
WIT 8 -312 -311 -315 -322 -280 3502 0 0 0 32002 0 -1 0 0 0 32002 32002 0 0 0 0 0 0
WIT 7 -312 -311 -303 -309 -269 3502 0 0 0 32002 0 -1 0 0 0 32002 32002 0 0 0 0 0 0
WIT 8 -312 -311 -303 -310 -295 3502 0 0 0 32002 0 -1 0 0 0 32002 32002 0 0 0 0 0 0
WIT 7 -312 -311 -259 -265 -257 3502 0 0 0 32002 0 -1 0 0 0 32002 32002 0 0 0 0 0 0
WIT 7 310 311 325 319 339 0 0 0 0 32002 0 -1 0 0 0 32002 32002 0 0 0 0 0 0
WIT 8 310 311 298 291 288 0 0 0 0 304 0 -1 0 0 0 32002 32002 0 0 0 0 0 0
WIT 8 -311 -296 -311 -318 -318 2917 0 0 1 -311 1 2 1545 1 1 -311 -311 1 0 95 0 61 3559
WIT 9 -297 -296 -311 -328 -318 2917 0 0 1 -268 0 -1 0 0 0 32002 32002 0 0 0 0 0 3958
WIT 9 -297 -296 -277 -285 -285 2917 0 0 0 32002 0 -1 0 0 0 32002 32002 0 0 0 0 0 0
WIT 9 -297 -296 -297 -305 -285 2917 0 0 0 32002 0 -1 0 0 0 32002 32002 0 0 0 0 0 0
WIT 9 -297 -296 -272 -280 -229 2917 0 0 0 32002 0 -1 0 0 0 32002 32002 0 0 0 0 0 0
WIT 8 -297 -296 -297 -304 -237 2917 0 0 0 32002 0 -1 0 0 0 32002 32002 0 0 0 0 0 0
WIT 8 -297 -296 -263 -270 -228 2917 0 0 0 32002 0 -1 0 0 0 32002 32002 0 0 0 0 0 0
WIT 8 -297 -296 -262 -269 -207 2917 0 0 0 32002 0 -1 0 0 0 32002 32002 0 0 0 0 0 0
WIT 8 -297 -296 -285 -292 -249 2917 0 0 0 32002 0 -1 0 0 0 32002 32002 0 0 0 0 0 0
WIT 9 -297 -296 -255 -263 -263 4015 0 0 0 32002 0 -1 0 0 0 32002 32002 0 0 0 0 0 0
WIT 8 -297 -296 -268 -275 -240 2917 0 0 0 32002 0 -1 0 0 0 32002 32002 0 0 0 0 0 0
WIT 8 -297 -296 -311 -318 -318 2917 0 0 1 -296 0 -1 0 0 0 32002 32002 0 0 0 0 0 3958
WIT 8 -297 -296 -300 -307 -259 2917 0 0 0 32002 0 -1 0 0 0 32002 32002 0 0 0 0 0 0
WIT 8 -297 -296 -310 -317 -283 2917 0 0 0 32002 0 -1 0 0 0 32002 32002 0 0 0 0 0 0
WIT 8 -297 -296 -269 -276 -223 2917 0 0 0 32002 0 -1 0 0 0 32002 32002 0 0 0 0 0 0
WIT 8 -297 -296 -289 -296 -287 2917 0 0 0 32002 0 -1 0 0 0 32002 32002 0 0 0 0 0 0
WIT 8 -297 -296 -264 -271 -236 2917 0 0 0 32002 0 -1 0 0 0 32002 32002 0 0 0 0 0 0
WIT 9 -297 -296 -309 -317 -300 2917 0 0 1 -281 0 -1 0 0 0 32002 32002 0 0 0 0 0 3958
WIT 8 -297 -296 -270 -277 -220 2917 0 0 0 32002 0 -1 0 0 0 32002 32002 0 0 0 0 0 0
WIT 8 -297 -296 -262 -269 -224 2917 0 0 0 32002 0 -1 0 0 0 32002 32002 0 0 0 0 0 0
WIT 6 -297 -296 -265 -270 -370 0 0 0 0 -283 0 -1 0 0 0 32002 32002 0 0 0 0 0 2981
WIT 9 -297 -296 -311 -328 -323 2917 0 0 1 -297 1 1 -3925 1 1 -297 -288 0 0 0 0 79 2917
WIT 9 -311 -296 -311 -319 -320 0 0 0 0 -296 0 -1 0 0 0 32002 32002 0 0 0 0 0 3502
WIT 11 -297 -296 -288 -309 -289 3958 0 0 0 32002 0 -1 0 0 0 32002 32002 0 0 0 0 0 0
WIT 11 -297 -296 -311 -321 -291 3559 0 0 0 32002 0 -1 0 0 0 32002 32002 0 0 0 0 0 0
WIT 9 -297 -296 -283 -300 -278 3951 0 0 0 32002 0 -1 0 0 0 32002 32002 0 0 0 0 0 0
WIT 8 -297 -296 -288 -303 -288 2917 0 0 0 32002 0 -1 0 0 0 32002 32002 0 0 0 0 0 0
WIT 7 -297 -296 -264 -270 -270 3559 0 0 0 32002 0 -1 0 0 0 32002 32002 0 0 0 0 0 0
WIT 7 -297 -296 -311 -317 -317 3951 0 0 1 -242 0 -1 0 0 0 32002 32002 0 0 0 0 0 3958
WIT 7 -297 -296 -297 -303 -301 2917 0 0 1 -294 0 -1 0 0 0 32002 32002 0 0 0 0 0 3958
WIT 6 -297 -296 -280 -285 -285 3951 0 0 0 32002 0 -1 0 0 0 32002 32002 0 0 0 0 0 0
WIT 6 -297 -296 -259 -264 -214 2917 0 0 0 32002 0 -1 0 0 0 32002 32002 0 0 0 0 0 0
WIT 6 -297 -296 -309 -314 -313 3567 0 0 1 -215 0 -1 0 0 0 32002 32002 0 0 0 0 0 3958
WIT 6 -297 -296 -261 -266 -266 3951 0 0 0 32002 0 -1 0 0 0 32002 32002 0 0 0 0 0 0
WIT 6 -297 -296 -272 -277 -250 2917 0 0 0 32002 0 -1 0 0 0 32002 32002 0 0 0 0 0 0
WIT 10 -297 -296 -311 -330 -367 0 0 0 0 -296 0 -1 0 0 0 32002 32002 0 0 0 0 0 3502
WIT 10 -297 -296 -62 -71 266 2788 1 0 0 32002 0 -1 0 0 0 32002 32002 0 0 0 0 0 0
WIT 6 -297 -296 -298 -303 -299 4013 0 0 1 -296 0 -1 0 0 0 32002 32002 0 0 0 0 0 3502
WIT 10 -297 -296 -311 -330 -306 3502 0 0 1 -296 0 -1 0 0 0 32002 32002 0 0 0 0 0 2917
WIT 9 -297 -296 -311 -328 -328 3559 0 0 1 -296 0 -1 0 0 0 32002 32002 0 0 0 0 0 3502
WIT 8 -297 -296 -272 -279 -247 3502 0 0 0 32002 0 -1 0 0 0 32002 32002 0 0 0 0 0 0
WIT 11 -297 -296 -270 -291 -279 2917 0 0 0 32002 0 -1 0 0 0 32002 32002 0 0 0 0 0 0
WIT 7 -297 -296 -280 -286 -269 3763 0 0 0 32002 0 -1 0 0 0 32002 32002 0 0 0 0 0 0
WIT 7 -297 -296 -261 -267 -228 2917 0 0 0 32002 0 -1 0 0 0 32002 32002 0 0 0 0 0 0
WIT 7 -297 -296 -275 -281 -281 2917 0 0 0 32002 0 -1 0 0 0 32002 32002 0 0 0 0 0 0
WIT 7 -297 -296 -258 -264 -252 2917 0 0 0 32002 0 -1 0 0 0 32002 32002 0 0 0 0 0 0
WIT 7 -297 -296 -267 -273 -273 2917 0 0 0 32002 0 -1 0 0 0 32002 32002 0 0 0 0 0 0
WIT 7 -297 -296 -269 -275 -275 3559 0 0 0 32002 0 -1 0 0 0 32002 32002 0 0 0 0 0 0
WIT 6 -297 -296 -259 -264 -264 2917 0 0 0 32002 0 -1 0 0 0 32002 32002 0 0 0 0 0 0
WIT 6 -297 -296 -272 -277 -248 2917 0 0 0 32002 0 -1 0 0 0 32002 32002 0 0 0 0 0 0
WIT 6 -297 -296 -274 -279 -225 2917 0 0 0 32002 0 -1 0 0 0 32002 32002 0 0 0 0 0 0
WIT 6 -297 -296 -250 -255 -227 2917 0 0 0 32002 0 -1 0 0 0 32002 32002 0 0 0 0 0 0
WIT 6 -297 -296 -265 -270 -270 3763 0 0 0 32002 0 -1 0 0 0 32002 32002 0 0 0 0 0 0
WIT 6 -297 -296 -318 -323 -323 3951 0 0 1 -1 0 -1 0 0 0 32002 32002 0 0 0 0 0 3958
WIT 6 -297 -296 -280 -285 -285 3763 0 0 0 32002 0 -1 0 0 0 32002 32002 0 0 0 0 0 0
WIT 10 -297 -296 -311 -330 -339 0 0 0 0 -296 0 -1 0 0 0 32002 32002 0 0 0 0 0 3502
WIT 8 -297 -296 -310 -317 -258 3502 0 0 0 32002 0 -1 0 0 0 32002 32002 0 0 0 0 0 0
WIT 9 -297 -296 -308 -316 -312 3502 0 0 1 -297 1 1 8608 1 1 -297 -296 0 0 0 0 42 3502
WIT 8 -297 -296 -300 -307 -267 3502 0 0 0 32002 0 -1 0 0 0 32002 32002 0 0 0 0 0 0
WIT 8 -297 -296 -315 -322 -276 3502 0 0 0 32002 0 -1 0 0 0 32002 32002 0 0 0 0 0 0
WIT 8 -297 -296 -298 -305 -295 3502 0 0 0 32002 0 -1 0 0 0 32002 32002 0 0 0 0 0 0
WIT 9 -297 -296 -281 -289 -256 3559 0 0 0 32002 0 -1 0 0 0 32002 32002 0 0 0 0 0 0
WIT 8 -297 -296 -290 -305 -272 3502 0 0 0 32002 0 -1 0 0 0 32002 32002 0 0 0 0 0 0
WIT 8 -297 -296 -264 -271 -258 3502 0 0 0 32002 0 -1 0 0 0 32002 32002 0 0 0 0 0 0
WIT 9 -297 -296 -303 -311 -295 3502 0 0 0 32002 0 -1 0 0 0 32002 32002 0 0 0 0 0 0
WIT 7 -296 -276 -296 -302 -302 4015 0 0 1 -267 0 -1 0 0 0 32002 32002 0 0 0 0 0 3958
WIT 8 -277 -276 -294 -301 -301 4015 0 0 1 -260 0 -1 0 0 0 32002 32002 0 0 0 0 0 3958
WIT 7 -277 -276 -263 -269 -260 4015 0 0 0 32002 0 -1 0 0 0 32002 32002 0 0 0 0 0 0
WIT 8 -296 -276 -296 -303 -311 0 0 0 0 -276 0 -1 0 0 0 32002 32002 0 0 0 0 0 3559
WIT 11 -277 -276 -270 -291 -277 2917 0 0 1 -276 0 -1 0 0 0 32002 32002 0 0 0 0 0 3958
WIT 6 -277 -276 -269 -274 -274 4015 0 0 0 32002 0 -1 0 0 0 32002 32002 0 0 0 0 0 0
WIT 11 -277 -276 -297 -307 -284 2917 0 0 1 -276 0 -1 0 0 0 32002 32002 0 0 0 0 0 3958
WIT 9 -277 -276 -296 -304 -276 2917 0 0 0 32002 0 -1 0 0 0 32002 32002 0 0 0 0 0 0
WIT 9 -277 -276 -277 -285 -277 2917 0 0 1 -274 0 -1 0 0 0 32002 32002 0 0 0 0 0 3958
WIT 9 -277 -276 -282 -290 -259 2917 0 0 0 32002 0 -1 0 0 0 32002 32002 0 0 0 0 0 0
WIT 6 -277 -276 -288 -293 -289 3567 0 0 1 -276 0 -1 0 0 0 32002 32002 0 0 0 0 0 4013
WIT 9 -277 -276 -288 -305 -289 3958 0 0 1 -276 0 -1 0 0 0 32002 32002 0 0 0 0 0 2917
WIT 9 -277 -276 -279 -287 -233 2917 0 0 0 32002 0 -1 0 0 0 32002 32002 0 0 0 0 0 0
WIT 9 -277 -276 -290 -298 -298 2917 0 0 1 -267 0 -1 0 0 0 32002 32002 0 0 0 0 0 3958
WIT 9 -277 -276 -269 -277 -243 2917 0 0 0 32002 0 -1 0 0 0 32002 32002 0 0 0 0 0 0
WIT 9 -277 -276 -272 -280 -229 2917 0 0 0 32002 0 -1 0 0 0 32002 32002 0 0 0 0 0 0
WIT 9 -277 -276 -285 -293 -269 2917 0 0 0 32002 0 -1 0 0 0 32002 32002 0 0 0 0 0 0
WIT 9 -277 -276 -255 -263 -263 4015 0 0 0 32002 0 -1 0 0 0 32002 32002 0 0 0 0 0 0
WIT 8 -277 -276 -297 -304 -237 2917 0 0 0 32002 0 -1 0 0 0 32002 32002 0 0 0 0 0 0
WIT 9 -277 -276 -296 -304 -304 2917 0 0 1 -276 0 -1 0 0 0 32002 32002 0 0 0 0 0 3958
WIT 8 -277 -276 -263 -270 -228 2917 0 0 0 32002 0 -1 0 0 0 32002 32002 0 0 0 0 0 0
WIT 8 -277 -276 -262 -269 -207 2917 0 0 0 32002 0 -1 0 0 0 32002 32002 0 0 0 0 0 0
WIT 8 -277 -276 -268 -275 -240 2917 0 0 0 32002 0 -1 0 0 0 32002 32002 0 0 0 0 0 0
WIT 8 -277 -276 -300 -307 -259 2917 0 0 0 32002 0 -1 0 0 0 32002 32002 0 0 0 0 0 0
WIT 8 -277 -276 -269 -276 -228 2917 0 0 0 32002 0 -1 0 0 0 32002 32002 0 0 0 0 0 0
WIT 8 -277 -276 -289 -296 -287 2917 0 0 1 -267 0 -1 0 0 0 32002 32002 0 0 0 0 0 3958
WIT 9 -277 -276 -264 -272 -269 2917 0 0 0 32002 0 -1 0 0 0 32002 32002 0 0 0 0 0 0
WIT 8 -277 -276 -270 -277 -220 2917 0 0 0 32002 0 -1 0 0 0 32002 32002 0 0 0 0 0 0
WIT 9 -277 -276 -262 -270 -206 2917 0 0 0 32002 0 -1 0 0 0 32002 32002 0 0 0 0 0 0
WIT 9 -296 -276 -296 -304 -319 0 0 0 0 -276 0 -1 0 0 0 32002 32002 0 0 0 0 0 3502
WIT 7 -277 -276 -212 -218 -284 0 0 0 0 -276 0 -1 0 0 0 32002 32002 0 0 0 0 0 3756
WIT 7 -277 -276 -217 -223 -460 0 0 0 0 -276 0 -1 0 0 0 32002 32002 0 0 0 0 0 3756
WIT 7 -277 -276 -265 -271 -287 0 0 0 0 -276 0 -1 0 0 0 32002 32002 0 0 0 0 0 4013
WIT 7 -277 -276 -277 -283 -315 0 0 0 0 -276 0 -1 0 0 0 32002 32002 0 0 0 0 0 2981
WIT 6 -277 -276 -274 -279 -262 4013 0 0 0 32002 0 -1 0 0 0 32002 32002 0 0 0 0 0 0
WIT 13 -277 -276 -311 -323 -275 3559 0 0 0 32002 0 -1 0 0 0 32002 32002 0 0 0 0 0 0
WIT 11 -277 -276 -283 -304 -284 2917 0 0 1 -276 0 -1 0 0 0 32002 32002 0 0 0 0 0 3958
WIT 9 -277 -276 -294 -302 -263 2917 0 0 0 32002 0 -1 0 0 0 32002 32002 0 0 0 0 0 0
WIT 8 -277 -276 -248 -255 -255 3951 0 0 0 32002 0 -1 0 0 0 32002 32002 0 0 0 0 0 0
WIT 8 -277 -276 -275 -290 -290 3951 0 0 1 -270 0 -1 0 0 0 32002 32002 0 0 0 0 0 3958
WIT 8 -277 -276 -288 -303 -288 2917 0 0 1 -273 0 -1 0 0 0 32002 32002 0 0 0 0 0 3958
WIT 7 -277 -276 -261 -267 -256 3951 0 0 0 32002 0 -1 0 0 0 32002 32002 0 0 0 0 0 0
WIT 7 -277 -276 -259 -265 -265 2917 0 0 0 32002 0 -1 0 0 0 32002 32002 0 0 0 0 0 0
WIT 7 -277 -276 -280 -286 -285 3951 0 0 1 -274 0 -1 0 0 0 32002 32002 0 0 0 0 0 3958
WIT 7 -277 -276 -264 -270 -270 3559 0 0 0 32002 0 -1 0 0 0 32002 32002 0 0 0 0 0 0
WIT 6 -277 -276 -272 -277 -272 2917 0 0 0 32002 0 -1 0 0 0 32002 32002 0 0 0 0 0 0
WIT 6 -277 -276 -226 -231 -231 3951 0 0 0 32002 0 -1 0 0 0 32002 32002 0 0 0 0 0 0
WIT 6 -277 -276 -290 -295 -295 3951 0 0 1 -276 0 -1 0 0 0 32002 32002 0 0 0 0 0 3958
WIT 6 -277 -276 -293 -298 -298 3951 0 0 1 -202 0 -1 0 0 0 32002 32002 0 0 0 0 0 3958
WIT 6 -277 -276 -279 -284 -284 2917 0 0 1 -276 0 -1 0 0 0 32002 32002 0 0 0 0 0 3958
WIT 6 -277 -276 -295 -300 -300 3763 0 0 1 -211 0 -1 0 0 0 32002 32002 0 0 0 0 0 3958
WIT 6 -277 -276 -296 -301 -301 3763 0 0 1 -276 0 -1 0 0 0 32002 32002 0 0 0 0 0 3958
WIT 6 -277 -276 -247 -252 -252 3763 0 0 0 32002 0 -1 0 0 0 32002 32002 0 0 0 0 0 0
WIT 6 -277 -276 -316 -321 -321 3763 0 0 1 -219 0 -1 0 0 0 32002 32002 0 0 0 0 0 3958
WIT 6 -277 -276 -259 -264 -264 3763 0 0 0 32002 0 -1 0 0 0 32002 32002 0 0 0 0 0 0
WIT 6 -277 -276 -292 -297 -257 2917 0 0 0 32002 0 -1 0 0 0 32002 32002 0 0 0 0 0 0
WIT 6 -277 -276 -247 -252 -252 3951 0 0 0 32002 0 -1 0 0 0 32002 32002 0 0 0 0 0 0
WIT 6 -277 -276 -293 -298 -298 3951 0 0 1 -258 0 -1 0 0 0 32002 32002 0 0 0 0 0 3958
WIT 12 -277 -276 -296 -319 -367 0 0 0 0 -276 0 -1 0 0 0 32002 32002 0 0 0 0 0 3502
WIT 10 -277 -276 -62 -71 266 2788 1 0 0 32002 0 -1 0 0 0 32002 32002 0 0 0 0 0 0
WIT 6 -277 -276 -296 -301 -287 4013 0 0 1 -276 0 -1 0 0 0 32002 32002 0 0 0 0 0 3502
WIT 10 -277 -276 -296 -315 -303 3502 0 0 1 -276 0 -1 0 0 0 32002 32002 0 0 0 0 0 2917
WIT 6 -277 -276 -229 -234 -221 2917 0 0 0 32002 0 -1 0 0 0 32002 32002 0 0 0 0 0 0
WIT 11 -277 -276 -296 -317 -314 3958 0 0 1 -260 0 -1 0 0 0 32002 32002 0 0 0 0 0 3559
WIT 11 -277 -276 -265 -275 -231 2917 0 0 0 32002 0 -1 0 0 0 32002 32002 0 0 0 0 0 0
WIT 8 -277 -276 -275 -282 -281 2917 0 0 1 -216 0 -1 0 0 0 32002 32002 0 0 0 0 0 3958
WIT 7 -277 -276 -280 -286 -256 2917 0 0 0 32002 0 -1 0 0 0 32002 32002 0 0 0 0 0 0
WIT 7 -277 -276 -261 -267 -228 2917 0 0 0 32002 0 -1 0 0 0 32002 32002 0 0 0 0 0 0
WIT 7 -277 -276 -258 -264 -252 2917 0 0 0 32002 0 -1 0 0 0 32002 32002 0 0 0 0 0 0
WIT 6 -277 -276 -295 -300 -284 2917 0 0 1 -235 0 -1 0 0 0 32002 32002 0 0 0 0 0 3958
WIT 6 -277 -276 -274 -279 -225 2917 0 0 0 32002 0 -1 0 0 0 32002 32002 0 0 0 0 0 0
WIT 6 -277 -276 -267 -272 -258 2917 0 0 0 32002 0 -1 0 0 0 32002 32002 0 0 0 0 0 0
WIT 6 -277 -276 -260 -265 -229 2917 0 0 0 32002 0 -1 0 0 0 32002 32002 0 0 0 0 0 0
WIT 6 -277 -276 -272 -277 -248 2917 0 0 0 32002 0 -1 0 0 0 32002 32002 0 0 0 0 0 0
WIT 6 -277 -276 -259 -264 -264 2917 0 0 0 32002 0 -1 0 0 0 32002 32002 0 0 0 0 0 0
WIT 6 -277 -276 -269 -274 -274 3559 0 0 0 32002 0 -1 0 0 0 32002 32002 0 0 0 0 0 0
WIT 6 -277 -276 -280 -285 -249 3763 0 0 0 32002 0 -1 0 0 0 32002 32002 0 0 0 0 0 0
WIT 10 -277 -276 -296 -315 -316 0 0 0 0 -276 0 -1 0 0 0 32002 32002 0 0 0 0 0 3502
WIT 9 -277 -276 -296 -313 -313 3559 0 0 1 -276 0 -1 0 0 0 32002 32002 0 0 0 0 0 3502
WIT 8 -277 -276 -272 -279 -247 3502 0 0 0 32002 0 -1 0 0 0 32002 32002 0 0 0 0 0 0
WIT 8 -277 -276 -310 -317 -258 3502 0 0 0 32002 0 -1 0 0 0 32002 32002 0 0 0 0 0 0
WIT 10 -277 -276 -296 -305 -301 2917 0 0 1 -269 0 -1 0 0 0 32002 32002 0 0 0 0 0 3502
WIT 8 -277 -276 -311 -318 -302 3502 0 0 1 -225 0 -1 0 0 0 32002 32002 0 0 0 0 0 2917
WIT 8 -277 -276 -224 -231 -231 3567 0 0 0 32002 0 -1 0 0 0 32002 32002 0 0 0 0 0 0
WIT 8 -277 -276 -289 -296 -271 3502 0 0 0 32002 0 -1 0 0 0 32002 32002 0 0 0 0 0 0
WIT 9 -277 -276 -300 -308 -264 3502 0 0 0 32002 0 -1 0 0 0 32002 32002 0 0 0 0 0 0
WIT 8 -277 -276 -296 -303 -286 3502 0 0 1 -246 0 -1 0 0 0 32002 32002 0 0 0 0 0 2917
WIT 8 -277 -276 -298 -305 -295 3502 0 0 1 -277 1 1 4958 1 1 -277 -276 0 0 0 0 18 3502
WIT 8 -277 -276 -264 -271 -258 3502 0 0 0 32002 0 -1 0 0 0 32002 32002 0 0 0 0 0 0
WIT 9 -277 -276 -281 -289 -256 3559 0 0 0 32002 0 -1 0 0 0 32002 32002 0 0 0 0 0 0
WIT 8 -277 -276 -290 -305 -272 3502 0 0 0 32002 0 -1 0 0 0 32002 32002 0 0 0 0 0 0
WIT 8 -277 -276 -296 -303 -277 3502 0 0 1 -276 0 -1 0 0 0 32002 32002 0 0 0 0 0 3559
WIT 8 -277 -276 -272 -279 -277 3502 0 0 1 -264 0 -1 0 0 0 32002 32002 0 0 0 0 0 2917
WIT 9 -277 -276 -303 -311 -295 3502 0 0 1 -280 1 1 -3217 1 1 -277 -276 0 0 0 0 29 3502
WIT 8 -277 -276 -259 -266 -257 3502 0 0 0 32002 0 -1 0 0 0 32002 32002 0 0 0 0 0 0
WIT 6 -250 -249 -241 -246 -207 2917 0 0 0 32002 0 -1 0 0 0 32002 32002 0 0 0 0 0 0
WIT 7 -276 -249 -268 -274 -274 4015 0 0 1 -249 0 -1 0 0 0 32002 32002 0 0 0 0 0 3958
WIT 10 -250 -249 -268 -277 -250 4015 0 0 1 -238 0 -1 0 0 0 32002 32002 0 0 0 0 0 3958
WIT 9 -250 -249 -276 -284 -260 4015 0 0 1 -249 0 -1 0 0 0 32002 32002 0 0 0 0 0 3958
WIT 8 -250 -249 -276 -283 -273 4015 0 0 1 -249 0 -1 0 0 0 32002 32002 0 0 0 0 0 3958
WIT 8 -250 -249 -261 -268 -252 4015 0 0 1 -249 0 -1 0 0 0 32002 32002 0 0 0 0 0 3958
WIT 7 -250 -249 -263 -269 -260 4015 0 0 1 -223 0 -1 0 0 0 32002 32002 0 0 0 0 0 3958
WIT 8 -250 -249 -246 -253 -241 4015 0 0 0 32002 0 -1 0 0 0 32002 32002 0 0 0 0 0 0
WIT 8 -276 -249 -276 -283 -309 0 0 0 0 -249 0 -1 0 0 0 32002 32002 0 0 0 0 0 3559
WIT 11 -250 -249 -276 -297 -297 4015 0 0 1 -249 0 -1 0 0 0 32002 32002 0 0 0 0 0 3958
WIT 10 -250 -249 -276 -285 -281 2917 0 0 1 -249 0 -1 0 0 0 32002 32002 0 0 0 0 0 3958
WIT 9 -250 -249 -296 -304 -281 2917 0 0 1 -249 0 -1 0 0 0 32002 32002 0 0 0 0 0 3958
WIT 9 -250 -249 -255 -263 -263 4015 0 0 1 -179 0 -1 0 0 0 32002 32002 0 0 0 0 0 3958
WIT 6 -250 -249 -276 -281 -271 3567 0 0 1 -249 0 -1 0 0 0 32002 32002 0 0 0 0 0 4013
WIT 9 -250 -249 -276 -293 -286 3958 0 0 1 -249 0 -1 0 0 0 32002 32002 0 0 0 0 0 2917
WIT 9 -250 -249 -274 -282 -276 2917 0 0 1 -249 0 -1 0 0 0 32002 32002 0 0 0 0 0 3958
WIT 9 -250 -249 -285 -293 -269 2917 0 0 1 -241 0 -1 0 0 0 32002 32002 0 0 0 0 0 3958
WIT 9 -250 -249 -282 -290 -259 2917 0 0 1 -249 0 -1 0 0 0 32002 32002 0 0 0 0 0 3958
WIT 9 -250 -249 -269 -277 -243 2917 0 0 0 32002 0 -1 0 0 0 32002 32002 0 0 0 0 0 0
WIT 9 -250 -249 -297 -305 -273 2917 0 0 1 -237 0 -1 0 0 0 32002 32002 0 0 0 0 0 3958
WIT 9 -250 -249 -267 -275 -246 2917 0 0 0 32002 0 -1 0 0 0 32002 32002 0 0 0 0 0 0
WIT 9 -250 -249 -272 -280 -229 2917 0 0 0 32002 0 -1 0 0 0 32002 32002 0 0 0 0 0 0
WIT 9 -250 -249 -279 -287 -233 2917 0 0 0 32002 0 -1 0 0 0 32002 32002 0 0 0 0 0 0
WIT 9 -250 -249 -263 -271 -271 2917 0 0 1 -201 0 -1 0 0 0 32002 32002 0 0 0 0 0 3958
WIT 9 -250 -249 -262 -270 -270 2917 0 0 1 -192 0 -1 0 0 0 32002 32002 0 0 0 0 0 3958
WIT 8 -250 -249 -300 -307 -285 2917 0 0 1 -221 0 -1 0 0 0 32002 32002 0 0 0 0 0 3958
WIT 9 -250 -249 -275 -283 -283 2917 0 0 1 -232 0 -1 0 0 0 32002 32002 0 0 0 0 0 3958
WIT 9 -250 -249 -269 -277 -223 2917 0 0 0 32002 0 -1 0 0 0 32002 32002 0 0 0 0 0 0
WIT 9 -250 -249 -268 -276 -272 2917 0 0 1 -213 0 -1 0 0 0 32002 32002 0 0 0 0 0 3958
WIT 9 -250 -249 -270 -278 -220 2917 0 0 0 32002 0 -1 0 0 0 32002 32002 0 0 0 0 0 0
WIT 9 -250 -249 -262 -270 -206 2917 0 0 0 32002 0 -1 0 0 0 32002 32002 0 0 0 0 0 0
WIT 9 -250 -249 -264 -272 -269 2917 0 0 1 -249 0 -1 0 0 0 32002 32002 0 0 0 0 0 3958
WIT 9 -250 -249 -276 -284 -284 3559 0 0 1 -249 0 -1 0 0 0 32002 32002 0 0 0 0 0 3958
WIT 9 -250 -249 167 159 3 0 0 1 0 124 0 -1 0 0 0 32002 32002 0 0 0 0 0 2593
WIT 9 -276 -249 -276 -284 -314 0 0 0 0 -249 0 -1 0 0 0 32002 32002 0 0 0 0 0 3502
WIT 10 -250 -249 -276 -285 -323 0 0 0 0 -222 0 -1 0 0 0 32002 32002 0 0 0 0 0 3756
WIT 11 -250 -249 -276 -286 -334 0 0 0 0 -249 0 -1 0 0 0 32002 32002 0 0 0 0 0 4013
WIT 10 -250 -249 -272 -281 -239 4013 0 0 0 32002 0 -1 0 0 0 32002 32002 0 0 0 0 0 0
WIT 8 -250 -249 -132 -139 -378 0 0 0 0 -185 0 -1 0 0 0 32002 32002 0 0 0 0 0 2788
WIT 11 -250 -249 -276 -297 -336 0 0 0 0 -249 0 -1 0 0 0 32002 32002 0 0 0 0 0 2981
WIT 6 -250 -249 -276 -281 -356 0 0 0 0 -249 0 -1 0 0 0 32002 32002 0 0 0 0 0 2981
WIT 11 -250 -249 -276 -286 -266 3567 0 0 1 -249 0 -1 0 0 0 32002 32002 0 0 0 0 0 4013
WIT 8 -250 -249 -260 -267 -267 4013 0 0 1 -249 0 -1 0 0 0 32002 32002 0 0 0 0 0 3958
WIT 8 -250 -249 -276 -283 -272 4013 0 0 1 -249 0 -1 0 0 0 32002 32002 0 0 0 0 0 3958
WIT 8 -250 -249 -276 -283 -275 4013 0 0 1 -243 0 -1 0 0 0 32002 32002 0 0 0 0 0 3958
WIT 8 -250 -249 -246 -253 -240 3567 0 0 0 32002 0 -1 0 0 0 32002 32002 0 0 0 0 0 0
WIT 7 -250 -249 -276 -282 -282 4013 0 0 1 -249 0 -1 0 0 0 32002 32002 0 0 0 0 0 3958
WIT 7 -250 -249 -276 -282 -385 0 0 0 0 -249 0 -1 0 0 0 32002 32002 0 0 0 0 0 3756
WIT 6 -250 -249 -276 -281 -322 0 0 0 0 -249 0 -1 0 0 0 32002 32002 0 0 0 0 0 4013
WIT 6 -250 -249 -276 -281 -312 0 0 0 0 -249 0 -1 0 0 0 32002 32002 0 0 0 0 0 2981
WIT 7 -250 -249 -276 -282 -282 3567 0 0 1 -249 0 -1 0 0 0 32002 32002 0 0 0 0 0 3958
WIT 8 -250 -249 -276 -283 -283 4013 0 0 1 -244 0 -1 0 0 0 32002 32002 0 0 0 0 0 3958
WIT 7 -250 -249 -241 -247 -247 4013 0 0 0 32002 0 -1 0 0 0 32002 32002 0 0 0 0 0 0
WIT 13 -250 -249 -276 -301 -301 2917 0 0 1 -249 0 -1 0 0 0 32002 32002 0 0 0 0 0 3958
WIT 10 -250 -249 -311 -320 -278 3559 0 0 1 -250 1 1 6346 1 1 -250 -239 0 0 0 0 18 3559
WIT 9 -250 -249 -248 -256 -256 2917 0 0 1 -223 0 -1 0 0 0 32002 32002 0 0 0 0 0 3958
WIT 9 -250 -249 -264 -272 -272 3567 0 0 1 -204 0 -1 0 0 0 32002 32002 0 0 0 0 0 3958
WIT 10 -250 -249 -294 -303 -263 2917 0 0 1 -194 0 -1 0 0 0 32002 32002 0 0 0 0 0 3958
WIT 9 -250 -249 -270 -287 -275 3763 0 0 1 -251 1 2 -6988 1 1 -250 -265 1 0 1 0 4 3951
WIT 8 -250 -249 -261 -268 -256 3951 0 0 1 -249 0 -1 0 0 0 32002 32002 0 0 0 0 0 3958
WIT 8 -250 -249 -272 -279 -272 2917 0 0 1 -238 0 -1 0 0 0 32002 32002 0 0 0 0 0 3958
WIT 8 -250 -249 -274 -281 -281 3951 0 0 1 -230 0 -1 0 0 0 32002 32002 0 0 0 0 0 3958
WIT 7 -250 -249 -259 -265 -265 2917 0 0 1 -249 0 -1 0 0 0 32002 32002 0 0 0 0 0 3958
WIT 8 -250 -249 -226 -233 -231 3951 0 0 0 32002 0 -1 0 0 0 32002 32002 0 0 0 0 0 0
WIT 7 -250 -249 -251 -257 -257 3951 0 0 1 -242 0 -1 0 0 0 32002 32002 0 0 0 0 0 3958
WIT 7 -250 -249 -276 -282 -282 3951 0 0 1 -252 1 1 3222 1 1 -250 -237 0 0 0 0 22 3951
WIT 7 -250 -249 -212 -218 -218 3951 0 0 0 32002 0 -1 0 0 0 32002 32002 0 0 0 0 0 0
WIT 7 -250 -249 -276 -282 -282 3951 0 0 1 -207 0 -1 0 0 0 32002 32002 0 0 0 0 0 3958
WIT 8 -250 -249 -273 -288 -285 3951 0 0 1 -250 1 1 3198 1 1 -250 -248 0 0 0 0 18 3951
WIT 7 -250 -249 -220 -226 -226 3951 0 0 0 32002 0 -1 0 0 0 32002 32002 0 0 0 0 0 0
WIT 7 -250 -249 -276 -282 -282 3951 0 0 1 -250 1 1 9481 1 1 -250 -250 0 0 0 0 6 2917
WIT 7 -250 -249 -247 -253 -253 3951 0 0 1 -233 0 -1 0 0 0 32002 32002 0 0 0 0 0 3958
WIT 7 -250 -249 -227 -233 -233 2917 0 0 0 32002 0 -1 0 0 0 32002 32002 0 0 0 0 0 0
WIT 7 -250 -249 -292 -298 -253 2917 0 0 1 -242 0 -1 0 0 0 32002 32002 0 0 0 0 0 3958
WIT 7 -250 -249 -259 -265 -265 3951 0 0 1 -247 0 -1 0 0 0 32002 32002 0 0 0 0 0 3958
WIT 7 -250 -249 -247 -253 -252 3951 0 0 1 -233 0 -1 0 0 0 32002 32002 0 0 0 0 0 3958
WIT 7 -250 -249 -260 -266 -266 3951 0 0 1 -171 0 -1 0 0 0 32002 32002 0 0 0 0 0 3958
WIT 12 -250 -249 -276 -299 -346 0 0 0 0 -249 0 -1 0 0 0 32002 32002 0 0 0 0 0 3502
WIT 10 -250 -249 -62 -71 88 2788 1 0 0 32002 0 -1 0 0 0 32002 32002 0 0 0 0 0 0
WIT 10 -250 -249 -276 -295 -279 3502 0 0 1 -249 0 -1 0 0 0 32002 32002 0 0 0 0 0 2917
WIT 8 -250 -249 -220 -227 -215 4015 0 0 0 32002 0 -1 0 0 0 32002 32002 0 0 0 0 0 0
WIT 7 -250 -249 -249 -255 -255 4015 0 0 1 -259 1 1 13186 1 1 -250 -249 0 0 0 0 20 4015
WIT 6 -250 -249 -265 -270 -241 4015 0 0 0 32002 0 -1 0 0 0 32002 32002 0 0 0 0 0 0
WIT 11 -250 -249 -261 -282 -284 0 0 0 0 -249 0 -1 0 0 0 32002 32002 0 0 0 0 0 3559
WIT 12 -250 -249 -249 -272 -267 2917 0 0 1 -249 0 -1 0 0 0 32002 32002 0 0 0 0 0 3958
WIT 8 -250 -249 -265 -272 -235 2917 0 0 0 32002 0 -1 0 0 0 32002 32002 0 0 0 0 0 0
WIT 8 -250 -249 -258 -265 -253 2917 0 0 1 -248 0 -1 0 0 0 32002 32002 0 0 0 0 0 3958
WIT 8 -250 -249 -267 -274 -213 3559 0 0 0 32002 0 -1 0 0 0 32002 32002 0 0 0 0 0 0
WIT 7 -250 -249 -240 -246 -230 2917 0 0 0 32002 0 -1 0 0 0 32002 32002 0 0 0 0 0 0
WIT 7 -250 -249 -261 -267 -228 2917 0 0 0 32002 0 -1 0 0 0 32002 32002 0 0 0 0 0 0
WIT 8 -250 -249 -222 -229 -229 2917 0 0 0 32002 0 -1 0 0 0 32002 32002 0 0 0 0 0 0
WIT 7 -250 -249 -274 -280 -218 2917 0 0 0 32002 0 -1 0 0 0 32002 32002 0 0 0 0 0 0
WIT 8 -250 -249 -269 -276 -274 3559 0 0 1 -224 0 -1 0 0 0 32002 32002 0 0 0 0 0 3958
WIT 8 -250 -249 -280 -287 -287 3951 0 0 1 -227 0 -1 0 0 0 32002 32002 0 0 0 0 0 3958
WIT 7 -250 -249 -216 -222 -216 2917 0 0 0 32002 0 -1 0 0 0 32002 32002 0 0 0 0 0 0
WIT 7 -250 -249 -272 -278 -245 2917 0 0 0 32002 0 -1 0 0 0 32002 32002 0 0 0 0 0 0
WIT 7 -250 -249 -247 -253 -253 3951 0 0 1 -247 0 -1 0 0 0 32002 32002 0 0 0 0 0 3958
WIT 7 -250 -249 -276 -282 -282 3951 0 0 1 -247 0 -1 0 0 0 32002 32002 0 0 0 0 0 3958
WIT 7 -250 -249 -283 -289 -231 2917 0 0 0 32002 0 -1 0 0 0 32002 32002 0 0 0 0 0 0
WIT 7 -250 -249 -265 -271 -267 2917 0 0 1 -220 0 -1 0 0 0 32002 32002 0 0 0 0 0 3958
WIT 6 -250 -249 -268 -273 -273 2917 0 0 1 -204 0 -1 0 0 0 32002 32002 0 0 0 0 0 3958
WIT 7 -250 -249 -43 -49 -49 2917 0 0 0 32002 0 -1 0 0 0 32002 32002 0 0 0 0 0 0
WIT 10 -250 -249 -276 -295 -318 0 0 0 0 -249 0 -1 0 0 0 32002 32002 0 0 0 0 0 3502
WIT 9 -250 -249 -276 -293 -293 3559 0 0 1 -249 0 -1 0 0 0 32002 32002 0 0 0 0 0 3502
WIT 10 -250 -249 -281 -290 -256 3559 0 0 1 -249 0 -1 0 0 0 32002 32002 0 0 0 0 0 2917
WIT 8 -250 -249 -272 -279 -247 3502 0 0 0 32002 0 -1 0 0 0 32002 32002 0 0 0 0 0 0
WIT 8 -250 -249 -310 -317 -258 3502 0 0 1 -254 1 1 17637 1 1 -250 -249 0 0 0 0 32 3502
WIT 10 -250 -249 -276 -285 -283 2917 0 0 1 -249 0 -1 0 0 0 32002 32002 0 0 0 0 0 3502
WIT 9 -250 -249 -269 -277 -278 0 0 0 0 -249 0 -1 0 0 0 32002 32002 0 0 0 0 0 3502
WIT 8 -250 -249 -289 -296 -271 3502 0 0 1 -203 0 -1 0 0 0 32002 32002 0 0 0 0 0 2917
WIT 9 -250 -249 -300 -308 -264 3502 0 0 1 -249 0 -1 0 0 0 32002 32002 0 0 0 0 0 2917
WIT 8 -250 -249 -276 -283 -266 3502 0 0 1 -257 1 1 30235 1 1 -250 -250 0 0 0 0 4 0
WIT 8 -250 -249 -276 -283 -283 2917 0 0 1 -246 0 -1 0 0 0 32002 32002 0 0 0 0 0 3502
WIT 8 -250 -249 -290 -305 -272 3502 0 0 1 -249 0 -1 0 0 0 32002 32002 0 0 0 0 0 2917
WIT 9 -250 -249 -264 -272 -257 3502 0 0 1 -261 1 1 9465 1 1 -250 -249 0 0 0 0 29 3502
WIT 8 -250 -249 -215 -222 -201 3502 0 0 0 32002 0 -1 0 0 0 32002 32002 0 0 0 0 0 0
WIT 8 -250 -249 -276 -283 -272 3502 0 0 1 -249 0 -1 0 0 0 32002 32002 0 0 0 0 0 3559
WIT 8 -250 -249 -273 -280 -256 3502 0 0 1 -249 0 -1 0 0 0 32002 32002 0 0 0 0 0 2917
WIT 8 -250 -249 -265 -272 -264 3502 0 0 1 -205 0 -1 0 0 0 32002 32002 0 0 0 0 0 2917
WIT 8 -250 -249 -230 -237 -234 3502 0 0 0 32002 0 -1 0 0 0 32002 32002 0 0 0 0 0 0
WIT 8 -250 -249 -237 -244 -210 3502 0 0 0 32002 0 -1 0 0 0 32002 32002 0 0 0 0 0 0
WIT 8 -250 -249 -224 -231 -231 3567 0 0 0 32002 0 -1 0 0 0 32002 32002 0 0 0 0 0 0
WIT 8 -250 -249 -259 -266 -257 3502 0 0 1 -248 0 -1 0 0 0 32002 32002 0 0 0 0 0 2917
WIT 6 -214 -213 -237 -242 -226 4015 0 0 1 -205 0 -1 0 0 0 32002 32002 0 0 0 0 0 2917
WIT 7 -249 -213 -249 -255 -255 4015 0 0 1 -213 0 -1 0 0 0 32002 32002 0 0 0 0 0 3958
WIT 10 -214 -213 -226 -235 -226 4015 0 0 1 -213 0 -1 0 0 0 32002 32002 0 0 0 0 0 3958
WIT 8 -214 -213 -228 -235 -235 4015 0 0 1 -199 0 -1 0 0 0 32002 32002 0 0 0 0 0 3958
WIT 8 -214 -213 -249 -256 -249 4015 0 0 1 -208 0 -1 0 0 0 32002 32002 0 0 0 0 0 3958
WIT 8 -214 -213 -249 -256 -243 4015 0 0 1 -208 0 -1 0 0 0 32002 32002 0 0 0 0 0 3958
WIT 8 -214 -213 -246 -253 -241 4015 0 0 1 -195 0 -1 0 0 0 32002 32002 0 0 0 0 0 3958
WIT 8 -214 -213 -239 -246 -244 4015 0 0 1 -213 0 -1 0 0 0 32002 32002 0 0 0 0 0 3958
WIT 8 -214 -213 -249 -256 -253 3958 0 0 1 -213 0 -1 0 0 0 32002 32002 0 0 0 0 0 4015
WIT 8 -249 -213 -249 -256 -292 0 0 0 0 -213 0 -1 0 0 0 32002 32002 0 0 0 0 0 3559
WIT 11 -214 -213 -186 -196 -193 3951 0 0 0 32002 0 -1 0 0 0 32002 32002 0 0 0 0 0 0
WIT 11 -214 -213 90 69 -53 0 0 1 0 310 0 -1 0 0 0 32002 32002 0 0 0 0 0 2593
WIT 11 -214 -213 -249 -259 -259 4015 0 0 1 -214 1 1 1705 1 1 -214 -214 0 0 0 0 5 2917
WIT 9 -214 -213 -241 -249 -249 2917 0 0 1 -213 0 -1 0 0 0 32002 32002 0 0 0 0 0 3958
WIT 9 -214 -213 -249 -257 -257 3951 0 0 1 -224 1 1 -5181 1 1 -214 -214 0 0 0 0 8 0
WIT 6 248 249 214 209 230 1382 0 0 1 245 1 1 14713 1 1 248 240 0 0 0 0 3 0
WIT 9 -214 -213 -269 -277 -243 2917 0 0 1 -213 0 -1 0 0 0 32002 32002 0 0 0 0 0 3958
WIT 9 -214 -213 -249 -257 -253 2917 0 0 1 -214 1 1 24046 1 1 -214 -213 0 0 0 0 45 2917
WIT 9 -214 -213 -267 -275 -246 2917 0 0 1 -195 0 -1 0 0 0 32002 32002 0 0 0 0 0 3958
WIT 9 -214 -213 -249 -257 -255 2917 0 0 1 -214 1 1 32434 1 1 -214 -213 0 0 0 0 94 2917
WIT 9 -214 -213 -238 -246 -202 2917 0 0 0 32002 0 -1 0 0 0 32002 32002 0 0 0 0 0 0
WIT 9 -214 -213 -279 -287 -233 2917 0 0 1 -185 0 -1 0 0 0 32002 32002 0 0 0 0 0 3958
WIT 9 -214 -213 -272 -280 -229 2917 0 0 1 -205 0 -1 0 0 0 32002 32002 0 0 0 0 0 3958
WIT 9 -214 -213 -249 -257 -217 2917 0 0 1 -213 0 -1 0 0 0 32002 32002 0 0 0 0 0 3958
WIT 9 -214 -213 -205 -213 -173 2917 0 0 0 32002 0 -1 0 0 0 32002 32002 0 0 0 0 0 0
WIT 9 -214 -213 -197 -205 -205 2917 0 0 0 32002 0 -1 0 0 0 32002 32002 0 0 0 0 0 0
WIT 9 -214 -213 -224 -232 -232 2917 0 0 1 -197 0 -1 0 0 0 32002 32002 0 0 0 0 0 3958
WIT 9 -214 -213 -233 -241 -197 2917 0 0 0 32002 0 -1 0 0 0 32002 32002 0 0 0 0 0 0
WIT 9 -214 -213 -249 -266 -266 2917 0 0 1 -213 0 -1 0 0 0 32002 32002 0 0 0 0 0 3958
WIT 9 -214 -213 -269 -277 -223 2917 0 0 1 -213 0 -1 0 0 0 32002 32002 0 0 0 0 0 3958
WIT 9 -214 -213 -216 -224 -203 2917 0 0 0 32002 0 -1 0 0 0 32002 32002 0 0 0 0 0 0
WIT 9 -214 -213 -249 -257 -257 2917 0 0 1 -213 0 -1 0 0 0 32002 32002 0 0 0 0 0 3958
WIT 9 -214 -213 -270 -278 -220 2917 0 0 1 -178 0 -1 0 0 0 32002 32002 0 0 0 0 0 3958
WIT 9 -214 -213 -262 -270 -206 2917 0 0 0 32002 0 -1 0 0 0 32002 32002 0 0 0 0 0 0
WIT 9 -214 -213 -249 -257 -216 2917 0 0 1 -213 0 -1 0 0 0 32002 32002 0 0 0 0 0 3958
WIT 6 -214 -213 -249 -254 -250 3567 0 0 1 -213 0 -1 0 0 0 32002 32002 0 0 0 0 0 4013
WIT 9 -214 -213 -249 -266 -235 3958 0 0 1 -213 0 -1 0 0 0 32002 32002 0 0 0 0 0 2917
WIT 9 -214 -213 -278 -286 -240 2917 0 0 1 -180 0 -1 0 0 0 32002 32002 0 0 0 0 0 3958
WIT 9 -249 -213 -249 -257 -307 0 0 0 0 -213 0 -1 0 0 0 32002 32002 0 0 0 0 0 3502
WIT 12 -214 -213 -222 -233 -115 2787 0 0 0 32002 0 -1 0 0 0 32002 32002 0 0 0 0 0 0
WIT 7 -214 -213 131 125 446 2867 0 1 0 32002 0 -1 0 0 0 32002 32002 0 0 0 0 0 0
WIT 12 -214 -213 -224 -235 -294 0 0 0 0 -115 0 -1 0 0 0 32002 32002 0 0 0 0 0 3756
WIT 11 -214 -213 -249 -270 -286 0 0 0 0 -227 0 -1 0 0 0 32002 32002 0 0 0 0 0 0
WIT 11 -214 -213 -249 -270 -317 0 0 0 0 -226 0 -1 0 0 0 32002 32002 0 0 0 0 0 0
WIT 6 -214 -213 -249 -254 -308 0 0 0 0 -196 0 -1 0 0 0 32002 32002 0 0 0 0 0 4013
WIT 10 -214 -213 -310 -319 -319 4015 0 0 1 -213 0 -1 0 0 0 32002 32002 0 0 0 0 0 2917
WIT 12 -214 -213 -239 -250 -251 0 0 0 0 -213 0 -1 0 0 0 32002 32002 0 0 0 0 0 3559
WIT 11 -214 -213 -199 -209 -220 0 0 0 0 -213 0 -1 0 0 0 32002 32002 0 0 0 0 0 3958
WIT 10 -214 -213 -249 -268 -264 3951 0 0 1 -198 0 -1 0 0 0 32002 32002 0 0 0 0 0 3958
WIT 10 -214 -213 -208 -217 -171 3559 0 0 0 32002 0 -1 0 0 0 32002 32002 0 0 0 0 0 0
WIT 10 -214 -213 -249 -258 -258 3951 0 0 1 -196 0 -1 0 0 0 32002 32002 0 0 0 0 0 3958
WIT 9 -214 -213 -239 -247 -247 3951 0 0 1 -184 0 -1 0 0 0 32002 32002 0 0 0 0 0 3958
WIT 10 -214 -213 -248 -267 -246 3958 0 0 1 -203 0 -1 0 0 0 32002 32002 0 0 0 0 0 3951
WIT 9 -214 -213 -232 -240 -233 3951 0 0 1 -214 1 1 14995 1 1 -214 -220 0 0 0 0 1 0
WIT 9 -214 -213 -247 -255 -253 3951 0 0 1 -176 0 -1 0 0 0 32002 32002 0 0 0 0 0 3958
WIT 9 -214 -213 -249 -257 -224 3951 0 0 1 -177 0 -1 0 0 0 32002 32002 0 0 0 0 0 3958
WIT 9 -214 -213 -242 -250 -211 3951 0 0 0 32002 0 -1 0 0 0 32002 32002 0 0 0 0 0 0
WIT 8 -214 -213 -267 -274 -224 3951 0 0 1 -190 0 -1 0 0 0 32002 32002 0 0 0 0 0 3958
WIT 9 -214 -213 -225 -233 -237 0 0 0 0 -213 0 -1 0 0 0 32002 32002 0 0 0 0 0 3958
WIT 9 -214 -213 -212 -220 -218 3951 0 0 1 -213 0 -1 0 0 0 32002 32002 0 0 0 0 0 3958
WIT 9 -214 -213 -212 -220 -188 3951 0 0 0 32002 0 -1 0 0 0 32002 32002 0 0 0 0 0 0
WIT 9 -214 -213 -249 -257 -257 3958 0 0 1 -213 0 -1 0 0 0 32002 32002 0 0 0 0 0 2917
WIT 9 -214 -213 -220 -228 -228 3951 0 0 1 -196 0 -1 0 0 0 32002 32002 0 0 0 0 0 3958
WIT 9 -214 -213 -235 -243 -176 3951 0 0 0 32002 0 -1 0 0 0 32002 32002 0 0 0 0 0 0
WIT 9 -214 -213 -227 -235 -203 3951 0 0 0 32002 0 -1 0 0 0 32002 32002 0 0 0 0 0 0
WIT 9 -214 -213 -238 -246 -246 2917 0 0 1 -213 0 -1 0 0 0 32002 32002 0 0 0 0 0 3951
WIT 8 -214 -213 -191 -198 -167 3951 0 0 0 32002 0 -1 0 0 0 32002 32002 0 0 0 0 0 0
WIT 9 -214 -213 -242 -250 -250 2917 0 0 1 -191 0 -1 0 0 0 32002 32002 0 0 0 0 0 3958
WIT 9 -214 -213 -226 -234 -232 3951 0 0 1 -159 0 -1 0 0 0 32002 32002 0 0 0 0 0 3958
WIT 9 -214 -213 -235 -243 -195 3951 0 0 0 32002 0 -1 0 0 0 32002 32002 0 0 0 0 0 0
WIT 9 -214 -213 -180 -188 -152 3951 0 0 0 32002 0 -1 0 0 0 32002 32002 0 0 0 0 0 0
WIT 12 -214 -213 -249 -272 -323 0 0 0 0 -213 0 -1 0 0 0 32002 32002 0 0 0 0 0 3502
WIT 10 -214 -213 -249 -268 -268 3502 0 0 1 -213 0 -1 0 0 0 32002 32002 0 0 0 0 0 2917
WIT 10 -214 -213 -62 -71 141 2788 1 0 0 32002 0 -1 0 0 0 32002 32002 0 0 0 0 0 0
WIT 6 -214 -213 -311 -316 -286 3763 0 0 1 -213 0 -1 0 0 0 32002 32002 0 0 0 0 0 2917
WIT 11 -214 -213 -298 -308 -308 3951 0 0 1 -220 1 1 21088 1 1 -214 -218 0 0 0 0 16 0
WIT 6 213 214 280 275 267 0 0 0 0 254 0 -1 0 0 0 32002 32002 0 0 0 0 0 1829
WIT 10 -214 -213 -249 -268 -274 0 0 0 0 -217 0 -1 0 0 0 32002 32002 0 0 0 0 0 0
WIT 7 -214 -213 -213 -219 -213 3763 0 0 0 32002 0 -1 0 0 0 32002 32002 0 0 0 0 0 0
WIT 7 -214 -213 -213 -219 -213 3763 0 0 0 32002 0 -1 0 0 0 32002 32002 0 0 0 0 0 0
WIT 7 213 249 217 211 211 204 0 0 1 213 1 1 1861 1 1 213 242 0 0 0 0 113 204
WIT 9 -243 -242 -226 -234 -174 4015 0 0 0 32002 0 -1 0 0 0 32002 32002 0 0 0 0 0 0
WIT 8 -243 -242 -230 -237 -200 4015 0 0 0 32002 0 -1 0 0 0 32002 32002 0 0 0 0 0 0
WIT 6 -243 -242 -220 -225 -215 4015 0 0 0 32002 0 -1 0 0 0 32002 32002 0 0 0 0 0 0
WIT 8 -243 -242 -249 -264 -278 0 0 0 0 -236 0 -1 0 0 0 32002 32002 0 0 0 0 0 3559
WIT 9 -243 -242 -248 -256 -232 3951 0 0 0 32002 0 -1 0 0 0 32002 32002 0 0 0 0 0 0
WIT 8 -243 -242 -261 -268 -268 3951 0 0 1 -215 0 -1 0 0 0 32002 32002 0 0 0 0 0 3958
WIT 7 -243 -242 -249 -262 -323 0 0 0 0 -238 0 -1 0 0 0 32002 32002 0 0 0 0 0 3502
WIT 7 -243 -242 -249 -262 -256 3502 0 0 1 -229 0 -1 0 0 0 32002 32002 0 0 0 0 0 2917
WIT 6 -243 -242 -272 -277 -250 3502 0 0 1 -228 0 -1 0 0 0 32002 32002 0 0 0 0 0 2917
WIT 7 -243 -242 -249 -255 -249 3559 0 0 1 -221 0 -1 0 0 0 32002 32002 0 0 0 0 0 2917
WIT 6 -243 -242 -249 -254 -239 3567 0 0 0 32002 0 -1 0 0 0 32002 32002 0 0 0 0 0 0
WIT 6 -243 -242 -249 -254 -254 2917 0 0 1 -186 0 -1 0 0 0 32002 32002 0 0 0 0 0 3502
WIT 7 -243 -242 -249 -255 -254 3502 0 0 1 -242 0 -1 0 0 0 32002 32002 0 0 0 0 0 2917
WIT 6 -243 -242 -249 -254 -254 3502 0 0 1 -228 0 -1 0 0 0 32002 32002 0 0 0 0 0 2917
WIT 7 -243 -242 -246 -252 -252 2917 0 0 1 -230 0 -1 0 0 0 32002 32002 0 0 0 0 0 3502
WIT 6 -243 -242 -249 -254 -254 3502 0 0 1 -236 0 -1 0 0 0 32002 32002 0 0 0 0 0 3559
WIT 6 -243 -242 -249 -254 -250 3502 0 0 1 -242 0 -1 0 0 0 32002 32002 0 0 0 0 0 2917
WIT 8 -243 -242 -276 -283 -282 3951 0 0 1 -242 0 -1 0 0 0 32002 32002 0 0 0 0 0 3958
WIT 7 -243 -242 -249 -255 -260 0 0 0 0 -242 0 -1 0 0 0 32002 32002 0 0 0 0 0 3502
WIT 7 -243 -242 -248 -254 -236 3502 0 0 0 32002 0 -1 0 0 0 32002 32002 0 0 0 0 0 0
WIT 8 266 267 246 239 238 0 0 0 0 249 0 -1 0 0 0 32002 32002 0 0 0 0 0 0
WIT 6 -246 -245 -239 -244 -269 0 0 0 0 -224 0 -1 0 0 0 32002 32002 0 0 0 0 0 4013
WIT 6 -246 -245 -264 -269 -322 0 0 0 0 -226 0 -1 0 0 0 32002 32002 0 0 0 0 0 2981
WIT 6 -246 -245 -213 -218 -214 3763 0 0 0 32002 0 -1 0 0 0 32002 32002 0 0 0 0 0 0
WIT 10 -246 -245 -213 -222 -222 3763 0 0 0 32002 0 -1 0 0 0 32002 32002 0 0 0 0 0 0
WIT 10 -246 -245 -213 -222 -223 0 0 0 0 -245 0 -1 0 0 0 32002 32002 0 0 0 0 0 3951
WIT 6 -246 -245 -213 -218 -219 0 0 0 0 -245 0 -1 0 0 0 32002 32002 0 0 0 0 0 53055
WIT 7 -246 -245 -180 -186 -186 3951 0 0 0 32002 0 -1 0 0 0 32002 32002 0 0 0 0 0 0
WIT 7 -246 -245 -228 -234 -234 3951 0 0 0 32002 0 -1 0 0 0 32002 32002 0 0 0 0 0 0
WIT 6 -246 -245 -210 -215 -203 3951 0 0 0 32002 0 -1 0 0 0 32002 32002 0 0 0 0 0 0
WIT 7 -246 -245 -205 -211 -297 0 0 0 0 -246 0 -1 0 0 0 32002 32002 0 0 0 0 0 0
WIT 7 -246 -245 -236 -242 -246 0 0 0 0 -245 0 -1 0 0 0 32002 32002 0 0 0 0 0 3010
WIT 9 -246 -245 -230 -247 -265 0 0 0 0 -245 0 -1 0 0 0 32002 32002 0 0 0 0 0 4015
WIT 11 -246 -245 -213 -223 -223 3958 0 0 0 32002 0 -1 0 0 0 32002 32002 0 0 0 0 0 0
WIT 9 -246 -245 -213 -221 -221 3951 0 0 0 32002 0 -1 0 0 0 32002 32002 0 0 0 0 0 0
WIT 12 -246 -245 -245 -268 -268 3958 0 0 1 -245 0 -1 0 0 0 32002 32002 0 0 0 0 0 3951
WIT 11 -246 -245 -213 -223 -244 0 0 0 0 -246 0 -1 0 0 0 32002 32002 0 0 0 0 0 0
WIT 7 245 246 315 302 274 0 0 0 0 261 0 -1 0 0 0 32002 32002 0 0 0 0 0 1375
WIT 7 245 246 383 377 313 0 0 0 0 283 0 -1 0 0 0 32002 32002 0 0 0 0 0 1382
WIT 7 245 246 376 370 370 1375 0 0 0 32002 0 -1 0 0 0 32002 32002 0 0 0 0 0 0
WIT 6 245 246 426 421 402 0 0 0 0 246 0 -1 0 0 0 32002 32002 0 0 0 0 0 1382
WIT 7 245 246 375 362 306 0 0 0 0 246 0 -1 0 0 0 32002 32002 0 0 0 0 0 211
WIT 6 245 246 394 389 421 1382 0 0 0 32002 0 -1 0 0 0 32002 32002 0 0 0 0 0 0
WIT 7 245 246 343 337 337 1568 0 0 0 32002 0 -1 0 0 0 32002 32002 0 0 0 0 0 0
WIT 6 245 246 331 326 326 1568 0 0 0 32002 0 -1 0 0 0 32002 32002 0 0 0 0 0 0
WIT 12 -246 -245 -213 -236 -253 0 0 0 0 -246 0 -1 0 0 0 32002 32002 0 0 0 0 0 0
WIT 9 266 267 246 238 240 1503 0 0 1 267 0 -1 0 0 0 32002 32002 0 0 0 0 0 332
WIT 9 266 267 248 240 240 339 0 0 1 259 1 1 -6893 1 1 266 258 0 0 0 0 4 0
WIT 6 -246 -245 -239 -244 -258 0 0 0 0 -234 0 -1 0 0 0 32002 32002 0 0 0 0 0 3010
WIT 6 -246 -245 -258 -263 -258 0 0 0 0 -245 0 -1 0 0 0 32002 32002 0 0 0 0 0 4015
WIT 8 -246 -245 -238 -245 -245 3951 0 0 0 32002 0 -1 0 0 0 32002 32002 0 0 0 0 0 0
WIT 9 -246 -245 -213 -221 -221 3951 0 0 0 32002 0 -1 0 0 0 32002 32002 0 0 0 0 0 0
WIT 8 245 267 246 239 239 332 0 0 1 245 1 1 -934 1 1 245 245 0 0 0 0 1 0
WIT 10 -246 -245 -62 -71 141 2788 1 0 0 32002 0 -1 0 0 0 32002 32002 0 0 0 0 0 0
WIT 10 -246 -245 -183 -192 -192 3951 0 0 0 32002 0 -1 0 0 0 32002 32002 0 0 0 0 0 0
WIT 9 -246 -245 -242 -250 -251 0 0 0 0 -245 0 -1 0 0 0 32002 32002 0 0 0 0 0 3958
WIT 8 -246 -245 -231 -238 -244 0 0 0 0 -245 0 -1 0 0 0 32002 32002 0 0 0 0 0 3559
WIT 6 -246 -245 -207 -212 -206 3951 0 0 0 32002 0 -1 0 0 0 32002 32002 0 0 0 0 0 0
WIT 9 -246 -245 -242 -259 -263 0 0 0 0 -245 0 -1 0 0 0 32002 32002 0 0 0 0 0 3502
WIT 8 -246 -245 -220 -227 -215 4015 0 0 0 32002 0 -1 0 0 0 32002 32002 0 0 0 0 0 0
WIT 7 -246 -245 -236 -242 -59 4015 0 0 0 32002 0 -1 0 0 0 32002 32002 0 0 0 0 0 0
WIT 6 -246 -245 -216 -221 -206 4015 0 0 0 32002 0 -1 0 0 0 32002 32002 0 0 0 0 0 0
WIT 6 -246 -245 -216 -221 -185 3951 0 0 0 32002 0 -1 0 0 0 32002 32002 0 0 0 0 0 0
WIT 6 -246 -245 -249 -254 -216 4015 0 0 0 32002 0 -1 0 0 0 32002 32002 0 0 0 0 0 0
WIT 7 -246 -245 -265 -271 -187 4015 0 0 0 32002 0 -1 0 0 0 32002 32002 0 0 0 0 0 0
WIT 11 -246 -245 -236 -257 -270 0 0 0 0 -245 0 -1 0 0 0 32002 32002 0 0 0 0 0 3559
WIT 9 -246 -245 -248 -256 -232 3951 0 0 0 32002 0 -1 0 0 0 32002 32002 0 0 0 0 0 0
WIT 8 -246 -245 -218 -225 -225 3951 0 0 0 32002 0 -1 0 0 0 32002 32002 0 0 0 0 0 0
WIT 7 -246 -245 -218 -224 -224 3951 0 0 0 32002 0 -1 0 0 0 32002 32002 0 0 0 0 0 0
WIT 10 -246 -245 -238 -257 -294 0 0 0 0 -245 0 -1 0 0 0 32002 32002 0 0 0 0 0 3502
WIT 9 -246 -245 -230 -247 -243 3502 0 0 0 32002 0 -1 0 0 0 32002 32002 0 0 0 0 0 0
WIT 8 -246 -245 -231 -238 -239 0 0 0 0 -245 0 -1 0 0 0 32002 32002 0 0 0 0 0 3502
WIT 7 -246 -245 -242 -248 -182 3502 0 0 0 32002 0 -1 0 0 0 32002 32002 0 0 0 0 0 0
WIT 6 -246 -245 -207 -212 -206 3951 0 0 0 32002 0 -1 0 0 0 32002 32002 0 0 0 0 0 0
WIT 8 -246 -245 -231 -246 -252 0 0 0 0 -245 0 -1 0 0 0 32002 32002 0 0 0 0 0 3502
WIT 8 -246 -245 -242 -249 -218 3502 0 0 0 32002 0 -1 0 0 0 32002 32002 0 0 0 0 0 0
WIT 7 -246 -245 -230 -236 -237 0 0 0 0 -245 0 -1 0 0 0 32002 32002 0 0 0 0 0 2917
WIT 7 -246 -245 -249 -255 -231 3559 0 0 0 32002 0 -1 0 0 0 32002 32002 0 0 0 0 0 0
WIT 8 -246 -245 -223 -230 -209 3559 0 0 0 32002 0 -1 0 0 0 32002 32002 0 0 0 0 0 0
WIT 7 -246 -245 -242 -255 -221 3502 0 0 0 32002 0 -1 0 0 0 32002 32002 0 0 0 0 0 0
WIT 9 -246 -245 -236 -244 -236 3502 0 0 0 32002 0 -1 0 0 0 32002 32002 0 0 0 0 0 0
WIT 7 -246 -245 -230 -236 -234 3502 0 0 0 32002 0 -1 0 0 0 32002 32002 0 0 0 0 0 0
WIT 8 -246 -245 -243 -250 -250 3951 0 0 1 -242 0 -1 0 0 0 32002 32002 0 0 0 0 0 3958
WIT 7 -246 -245 -194 -200 -211 0 0 0 0 -245 0 -1 0 0 0 32002 32002 0 0 0 0 0 3502
WIT 7 -246 -245 -230 -236 -197 3502 0 0 0 32002 0 -1 0 0 0 32002 32002 0 0 0 0 0 0
WIT 7 -246 -245 -248 -254 -236 3502 0 0 0 32002 0 -1 0 0 0 32002 32002 0 0 0 0 0 0
WIT 9 -235 -234 -218 -226 -237 0 0 0 0 -253 0 -1 0 0 0 32002 32002 0 0 0 0 0 0
WIT 8 -235 -234 -226 -233 -267 0 0 0 0 -240 0 -1 0 0 0 32002 32002 0 0 0 0 0 0
WIT 8 -235 -234 -228 -243 -304 0 0 0 0 -239 0 -1 0 0 0 32002 32002 0 0 0 0 0 0
WIT 7 -235 -234 -243 -249 -246 3169 0 0 1 -231 0 -1 0 0 0 32002 32002 0 0 0 0 0 2917
WIT 7 -235 -234 -225 -231 -207 3169 0 0 0 32002 0 -1 0 0 0 32002 32002 0 0 0 0 0 0
WIT 7 -235 -234 -213 -219 -226 0 0 0 0 -235 0 -1 0 0 0 32002 32002 0 0 0 0 0 2917
WIT 6 -235 -234 -245 -250 -200 3169 0 0 0 32002 0 -1 0 0 0 32002 32002 0 0 0 0 0 0
WIT 8 -235 -234 -214 -221 -219 3901 0 1 0 32002 0 -1 0 0 0 32002 32002 0 0 0 0 0 0
WIT 9 -245 -234 -245 -253 -253 3951 0 0 1 -234 0 -1 0 0 0 32002 32002 0 0 0 0 0 3958
WIT 6 -235 -234 -215 -220 -208 3061 0 0 0 32002 0 -1 0 0 0 32002 32002 0 0 0 0 0 0
WIT 7 -235 -234 -231 -237 -1073 0 0 0 0 -225 0 -1 0 0 0 32002 32002 0 0 0 0 0 4015
WIT 7 -235 -234 -215 -221 -211 0 0 0 0 32002 0 -1 0 0 0 32002 32002 0 0 0 0 0 0
WIT 12 -235 -234 -245 -268 -268 3958 0 0 1 -234 0 -1 0 0 0 32002 32002 0 0 0 0 0 3951
WIT 7 -235 -234 -234 -240 -213 0 0 0 0 32002 0 -1 0 0 0 32002 32002 0 0 0 0 0 0
WIT 10 -235 -234 -245 -264 -240 3958 0 0 1 -234 0 -1 0 0 0 32002 32002 0 0 0 0 0 3951
WIT 10 -235 -234 -158 -167 27 2788 1 0 0 32002 0 -1 0 0 0 32002 32002 0 0 0 0 0 0
WIT 9 -235 -234 -245 -262 -262 3958 0 0 1 -236 1 1 58246 1 1 -235 -234 0 0 0 0 57 3958
WIT 8 -235 -234 -245 -252 -246 3951 0 0 1 -234 0 -1 0 0 0 32002 32002 0 0 0 0 0 3958
WIT 9 -235 -234 -211 -219 -219 3951 0 0 0 32002 0 -1 0 0 0 32002 32002 0 0 0 0 0 0
WIT 8 -235 -234 -180 -187 -186 3951 0 0 0 32002 0 -1 0 0 0 32002 32002 0 0 0 0 0 0
WIT 8 -235 -234 -245 -252 -252 3951 0 0 1 -234 0 -1 0 0 0 32002 32002 0 0 0 0 0 3958
WIT 7 -235 -234 -241 -247 -247 3951 0 0 1 -234 0 -1 0 0 0 32002 32002 0 0 0 0 0 3958
WIT 8 -235 -234 -227 -234 -234 3951 0 0 0 32002 0 -1 0 0 0 32002 32002 0 0 0 0 0 0
WIT 8 -235 -234 -245 -252 -238 3951 0 0 1 -233 0 -1 0 0 0 32002 32002 0 0 0 0 0 3958
WIT 7 -235 -234 -245 -251 -251 3951 0 0 1 -220 0 -1 0 0 0 32002 32002 0 0 0 0 0 3958
WIT 8 -235 -234 -227 -234 -234 3951 0 0 0 32002 0 -1 0 0 0 32002 32002 0 0 0 0 0 0
WIT 8 -235 -234 -219 -226 -206 3951 0 0 0 32002 0 -1 0 0 0 32002 32002 0 0 0 0 0 0
WIT 7 -235 -234 -203 -209 -209 3951 0 0 0 32002 0 -1 0 0 0 32002 32002 0 0 0 0 0 0
WIT 7 -235 -234 -218 -224 -224 3951 0 0 0 32002 0 -1 0 0 0 32002 32002 0 0 0 0 0 0
WIT 7 -235 -234 -210 -216 -202 3951 0 0 0 32002 0 -1 0 0 0 32002 32002 0 0 0 0 0 0
WIT 7 -235 -234 -209 -215 -215 3951 0 0 0 32002 0 -1 0 0 0 32002 32002 0 0 0 0 0 0
WIT 7 -235 -234 -245 -251 -217 3951 0 0 0 32002 0 -1 0 0 0 32002 32002 0 0 0 0 0 0
WIT 7 -235 -234 -219 -225 -225 3951 0 0 0 32002 0 -1 0 0 0 32002 32002 0 0 0 0 0 0
WIT 7 -235 -234 -189 -195 -195 3951 0 0 0 32002 0 -1 0 0 0 32002 32002 0 0 0 0 0 0
WIT 7 -235 -234 -199 -205 -205 3951 0 0 0 32002 0 -1 0 0 0 32002 32002 0 0 0 0 0 0
WIT 6 -235 -234 -184 -189 -189 3951 0 0 0 32002 0 -1 0 0 0 32002 32002 0 0 0 0 0 0
WIT 10 -245 -234 -245 -254 -255 0 0 0 0 -234 0 -1 0 0 0 32002 32002 0 0 0 0 0 3502
WIT 11 -235 -234 -62 -72 77 2788 1 0 0 32002 0 -1 0 0 0 32002 32002 0 0 0 0 0 0
WIT 10 -235 -234 -245 -264 -259 2917 0 0 1 -236 1 2 26613 1 1 -235 -246 1 0 1 0 1 0
WIT 14 234 235 246 219 219 332 0 0 1 236 0 -1 0 0 0 32002 32002 0 0 0 0 0 1568
WIT 10 234 235 246 227 227 1382 0 0 1 246 0 -1 0 0 0 32002 32002 0 0 0 0 0 339
WIT 8 234 235 288 273 289 1382 0 0 0 32002 0 -1 0 0 0 32002 32002 0 0 0 0 0 0
WIT 6 234 235 252 247 279 1382 0 0 0 32002 0 -1 0 0 0 32002 32002 0 0 0 0 0 0
WIT 10 234 235 246 227 203 0 0 0 0 245 0 -1 0 0 0 32002 32002 0 0 0 0 0 1829
WIT 7 234 235 343 337 337 1568 0 0 0 32002 0 -1 0 0 0 32002 32002 0 0 0 0 0 0
WIT 12 -235 -234 -245 -268 -269 0 0 0 0 -235 0 -1 0 0 0 32002 32002 0 0 0 0 0 0
WIT 7 -235 -234 -234 -247 -256 0 0 0 0 -234 0 -1 0 0 0 32002 32002 0 0 0 0 0 3010
WIT 6 -235 -234 -245 -250 -259 0 0 0 0 -234 0 -1 0 0 0 32002 32002 0 0 0 0 0 2917
WIT 6 -235 -234 -245 -250 -252 0 0 0 0 -234 0 -1 0 0 0 32002 32002 0 0 0 0 0 3010
WIT 6 -235 -234 -245 -250 -246 3763 0 0 1 -213 0 -1 0 0 0 32002 32002 0 0 0 0 0 2917
WIT 6 -235 -234 -245 -250 -223 0 0 0 0 32002 0 -1 0 0 0 32002 32002 0 0 0 0 0 0
WIT 11 -235 -234 -234 -255 -258 0 0 0 0 -234 0 -1 0 0 0 32002 32002 0 0 0 0 0 3010
WIT 7 234 235 267 261 271 148 0 0 0 32002 0 -1 0 0 0 32002 32002 0 0 0 0 0 0
WIT 6 234 235 301 296 270 0 0 0 0 235 0 -1 0 0 0 32002 32002 0 0 0 0 0 1568
WIT 10 -235 -234 -245 -264 -265 0 0 0 0 -235 0 -1 0 0 0 32002 32002 0 0 0 0 0 0
WIT 10 -235 -234 -234 -253 -237 3951 0 0 1 -234 0 -1 0 0 0 32002 32002 0 0 0 0 0 3958
WIT 9 -235 -234 -216 -224 -186 3951 0 0 0 32002 0 -1 0 0 0 32002 32002 0 0 0 0 0 0
WIT 8 -235 -234 -238 -245 -245 3951 0 0 1 -213 0 -1 0 0 0 32002 32002 0 0 0 0 0 3958
WIT 9 -235 -234 -245 -262 -262 4015 0 0 1 -234 0 -1 0 0 0 32002 32002 0 0 0 0 0 3958
WIT 6 -235 -234 -231 -236 -192 3061 0 0 0 32002 0 -1 0 0 0 32002 32002 0 0 0 0 0 0
WIT 6 -235 -234 -229 -234 -207 53055 0 0 0 32002 0 -1 0 0 0 32002 32002 0 0 0 0 0 0
WIT 9 -235 -234 -213 -221 -222 0 0 0 0 -234 0 -1 0 0 0 32002 32002 0 0 0 0 0 4015
WIT 7 -235 -234 -213 -219 -219 3951 0 0 0 32002 0 -1 0 0 0 32002 32002 0 0 0 0 0 0
WIT 8 -235 -234 -245 -260 -265 0 0 0 0 -234 0 -1 0 0 0 32002 32002 0 0 0 0 0 3559
WIT 8 -235 -234 -187 -194 -194 3951 0 0 0 32002 0 -1 0 0 0 32002 32002 0 0 0 0 0 0
WIT 8 234 245 235 228 228 332 0 0 1 234 1 1 10941 1 1 234 234 0 0 0 0 700 0
WIT 7 -235 -234 -245 -251 -251 3763 0 0 1 -235 1 1 16615 1 1 -235 -237 0 0 0 0 1 0
WIT 7 -235 -234 -211 -217 -183 2137 0 0 0 32002 0 -1 0 0 0 32002 32002 0 0 0 0 0 0
WIT 8 234 235 258 251 221 0 0 0 0 260 0 -1 0 0 0 32002 32002 0 0 0 0 0 1160
WIT 12 -235 -234 -245 -268 -268 2917 0 0 1 -235 1 1 21811 1 1 -235 -235 0 0 0 0 21 0
WIT 11 -235 -234 -245 -266 -267 0 0 0 0 -235 0 -1 0 0 0 32002 32002 0 0 0 0 0 0
WIT 6 -235 -234 -243 -248 -253 0 0 0 0 -219 0 -1 0 0 0 32002 32002 0 0 0 0 0 3169
WIT 8 -235 -234 -193 -200 -146 3763 0 0 0 32002 0 -1 0 0 0 32002 32002 0 0 0 0 0 0
WIT 7 -235 -234 -210 -216 -216 3763 0 0 0 32002 0 -1 0 0 0 32002 32002 0 0 0 0 0 0
WIT 7 234 245 235 229 198 0 0 0 0 234 0 -1 0 0 0 32002 32002 0 0 0 0 0 0
WIT 11 -235 -234 -245 -266 -260 3951 0 0 1 -221 0 -1 0 0 0 32002 32002 0 0 0 0 0 3559
WIT 8 -235 -234 -189 -196 -196 3763 0 0 0 32002 0 -1 0 0 0 32002 32002 0 0 0 0 0 0
WIT 8 234 245 235 228 220 0 0 0 0 234 0 -1 0 0 0 32002 32002 0 0 0 0 0 0
WIT 11 -235 -234 -234 -255 -255 3763 0 0 1 -234 0 -1 0 0 0 32002 32002 0 0 0 0 0 3958
WIT 8 -235 -234 -234 -241 -241 3951 0 0 1 -233 0 -1 0 0 0 32002 32002 0 0 0 0 0 3958
WIT 7 -235 -234 -180 -186 -186 3951 0 0 0 32002 0 -1 0 0 0 32002 32002 0 0 0 0 0 0
WIT 11 -235 -234 -245 -266 -267 0 0 0 0 -234 0 -1 0 0 0 32002 32002 0 0 0 0 0 3502
WIT 13 -235 -234 -215 -227 -206 3763 0 0 0 32002 0 -1 0 0 0 32002 32002 0 0 0 0 0 0
WIT 8 -235 -234 -236 -243 -231 3763 0 0 0 32002 0 -1 0 0 0 32002 32002 0 0 0 0 0 0
WIT 7 -235 -234 -216 -222 -222 3763 0 0 0 32002 0 -1 0 0 0 32002 32002 0 0 0 0 0 0
WIT 12 -235 -234 -245 -268 -270 0 0 0 0 -234 0 -1 0 0 0 32002 32002 0 0 0 0 0 3559
WIT 12 -235 -234 -229 -240 -235 3951 0 0 1 -229 0 -1 0 0 0 32002 32002 0 0 0 0 0 3958
WIT 8 -235 -234 -224 -231 -216 2917 0 0 0 32002 0 -1 0 0 0 32002 32002 0 0 0 0 0 0
WIT 8 -235 -234 -43 -50 -50 2917 0 0 0 32002 0 -1 0 0 0 32002 32002 0 0 0 0 0 0
WIT 8 -235 -234 -229 -236 -236 3951 0 0 1 -227 0 -1 0 0 0 32002 32002 0 0 0 0 0 3958
WIT 7 -235 -234 -249 -255 -249 2917 0 0 1 -225 0 -1 0 0 0 32002 32002 0 0 0 0 0 3958
WIT 6 -235 -234 -218 -223 -206 2917 0 0 0 32002 0 -1 0 0 0 32002 32002 0 0 0 0 0 0
WIT 6 -235 -234 -163 -168 -168 2917 0 0 0 32002 0 -1 0 0 0 32002 32002 0 0 0 0 0 0
WIT 7 -235 -234 -234 -247 -248 0 0 0 0 -235 0 -1 0 0 0 32002 32002 0 0 0 0 0 0
WIT 7 234 235 246 233 245 1568 0 0 0 32002 0 -1 0 0 0 32002 32002 0 0 0 0 0 0
WIT 6 234 235 353 348 373 1382 0 0 0 32002 0 -1 0 0 0 32002 32002 0 0 0 0 0 0
WIT 11 -235 -234 -245 -266 -278 0 0 0 0 -235 0 -1 0 0 0 32002 32002 0 0 0 0 0 0
WIT 6 -235 -234 -222 -227 -247 0 0 0 0 -236 0 -1 0 0 0 32002 32002 0 0 0 0 0 0
WIT 8 234 245 235 228 228 1568 0 0 1 243 1 1 40580 1 1 243 234 0 0 0 0 1 1503
WIT 8 242 243 246 231 235 1568 0 0 1 249 0 -1 0 0 0 32002 32002 0 0 0 0 0 1829
WIT 9 242 243 262 254 264 1568 0 0 0 32002 0 -1 0 0 0 32002 32002 0 0 0 0 0 0
WIT 7 242 243 333 327 323 0 0 0 0 243 0 -1 0 0 0 32002 32002 0 0 0 0 0 2543
WIT 8 242 243 259 244 237 0 0 0 0 243 0 -1 0 0 0 32002 32002 0 0 0 0 0 1503
WIT 8 242 243 235 220 222 1160 0 0 1 243 0 -1 0 0 0 32002 32002 0 0 0 0 0 1568
WIT 6 242 243 235 230 230 1503 0 0 1 243 0 -1 0 0 0 32002 32002 0 0 0 0 0 1568
WIT 6 -244 -243 -43 -48 -48 2917 0 0 0 32002 0 -1 0 0 0 32002 32002 0 0 0 0 0 0
WIT 8 234 245 235 228 223 0 0 0 0 243 0 -1 0 0 0 32002 32002 0 0 0 0 0 536
WIT 6 -244 -243 -163 -168 -172 0 0 0 0 -213 0 -1 0 0 0 32002 32002 0 0 0 0 0 3958
WIT 7 -244 -243 -245 -258 -258 3502 0 0 1 -243 0 -1 0 0 0 32002 32002 0 0 0 0 0 2917
WIT 8 -244 -243 -230 -245 -243 3502 0 0 0 32002 0 -1 0 0 0 32002 32002 0 0 0 0 0 0
WIT 7 -244 -243 -236 -242 -236 3502 0 0 0 32002 0 -1 0 0 0 32002 32002 0 0 0 0 0 0
WIT 6 -244 -243 -242 -247 -189 3502 0 0 0 32002 0 -1 0 0 0 32002 32002 0 0 0 0 0 0
WIT 6 -244 -243 -248 -253 -238 3502 0 0 0 32002 0 -1 0 0 0 32002 32002 0 0 0 0 0 0
WIT 8 -244 -243 -218 -225 -225 2917 0 0 0 32002 0 -1 0 0 0 32002 32002 0 0 0 0 0 0
WIT 9 -244 -243 -231 -239 -226 2917 0 0 0 32002 0 -1 0 0 0 32002 32002 0 0 0 0 0 0
WIT 8 -244 -243 -233 -240 -240 2917 0 0 0 32002 0 -1 0 0 0 32002 32002 0 0 0 0 0 0
WIT 7 -244 -243 -245 -258 -265 0 0 0 0 -240 0 -1 0 0 0 32002 32002 0 0 0 0 0 3502
WIT 6 -244 -243 -249 -254 -256 0 0 0 0 -227 0 -1 0 0 0 32002 32002 0 0 0 0 0 3502
WIT 7 -244 -243 -242 -248 -218 3502 0 0 0 32002 0 -1 0 0 0 32002 32002 0 0 0 0 0 0
WIT 6 -244 -243 -230 -235 -201 3502 0 0 0 32002 0 -1 0 0 0 32002 32002 0 0 0 0 0 0
WIT 7 -244 -243 -223 -229 -215 3559 0 0 0 32002 0 -1 0 0 0 32002 32002 0 0 0 0 0 0
WIT 6 243 244 243 238 223 0 0 0 0 244 0 -1 0 0 0 32002 32002 0 0 0 0 0 2023
WIT 6 -245 -244 -207 -212 -176 0 0 0 0 32002 0 -1 0 0 0 32002 32002 0 0 0 0 0 0
WIT 6 -245 -244 -213 -218 -209 0 0 0 0 32002 0 -1 0 0 0 32002 32002 0 0 0 0 0 0
WIT 6 -245 -244 -201 -206 -207 0 0 0 0 -207 0 -1 0 0 0 32002 32002 0 0 0 0 0 2917
WIT 6 -245 -244 -221 -226 -191 0 0 0 0 32002 0 -1 0 0 0 32002 32002 0 0 0 0 0 0
WIT 8 243 244 254 239 239 1568 0 0 1 255 0 -1 0 0 0 32002 32002 0 0 0 0 0 1829
WIT 6 243 244 252 247 281 1375 0 0 0 32002 0 -1 0 0 0 32002 32002 0 0 0 0 0 0
WIT 7 243 244 243 230 230 1568 0 0 1 262 0 -1 0 0 0 32002 32002 0 0 0 0 0 1503
WIT 6 243 244 243 238 238 1503 0 0 1 244 0 -1 0 0 0 32002 32002 0 0 0 0 0 1568
WIT 9 -262 -240 -243 -251 -252 0 0 0 0 -244 0 -1 0 0 0 32002 32002 0 0 0 0 0 3951
WIT 6 -245 -244 -218 -223 -223 3951 0 0 0 32002 0 -1 0 0 0 32002 32002 0 0 0 0 0 0
WIT 6 -245 -244 -222 -227 -227 3951 0 0 0 32002 0 -1 0 0 0 32002 32002 0 0 0 0 0 0
WIT 6 -245 -244 -223 -228 -212 2917 0 0 0 32002 0 -1 0 0 0 32002 32002 0 0 0 0 0 0
WIT 8 243 244 283 268 292 1382 0 0 0 32002 0 -1 0 0 0 32002 32002 0 0 0 0 0 0
WIT 8 243 244 290 283 283 1382 0 0 0 32002 0 -1 0 0 0 32002 32002 0 0 0 0 0 0
WIT 7 243 244 308 302 309 0 0 0 0 32002 0 -1 0 0 0 32002 32002 0 0 0 0 0 0
WIT 11 -245 -244 -234 -255 -241 3763 0 0 0 32002 0 -1 0 0 0 32002 32002 0 0 0 0 0 0
WIT 11 -245 -244 -183 -193 -192 3951 0 0 0 32002 0 -1 0 0 0 32002 32002 0 0 0 0 0 0
WIT 6 -245 -244 -217 -222 -243 0 0 0 0 -231 0 -1 0 0 0 32002 32002 0 0 0 0 0 3169
WIT 8 -245 -244 -234 -249 -252 0 0 0 0 -245 0 -1 0 0 0 32002 32002 0 0 0 0 0 3958
WIT 6 -245 -244 -189 -194 -194 3763 0 0 0 32002 0 -1 0 0 0 32002 32002 0 0 0 0 0 0
WIT 6 -245 -244 -206 -211 -211 3763 0 0 0 32002 0 -1 0 0 0 32002 32002 0 0 0 0 0 0
WIT 10 -245 -244 -234 -253 -272 0 0 0 0 -244 0 -1 0 0 0 32002 32002 0 0 0 0 0 3502
WIT 8 -245 -244 -162 -169 -437 0 0 1 0 -211 0 -1 0 0 0 32002 32002 0 0 0 0 0 3502
WIT 7 -245 -244 171 165 -15 0 0 1 0 -116 0 -1 0 0 0 32002 32002 0 0 0 0 0 2593
WIT 9 -245 -244 -172 -180 -298 0 0 1 0 -244 0 -1 0 0 0 32002 32002 0 0 0 0 0 3502
WIT 8 -245 -244 -213 -220 -192 2397 0 0 0 32002 0 -1 0 0 0 32002 32002 0 0 0 0 0 0
WIT 7 -245 -244 -224 -230 -185 0 0 0 0 32002 0 -1 0 0 0 32002 32002 0 0 0 0 0 0
WIT 8 244 245 245 238 256 0 0 0 0 32002 0 -1 0 0 0 32002 32002 0 0 0 0 0 0
WIT 9 -245 -244 -244 -261 -258 3958 0 0 1 -244 0 -1 0 0 0 32002 32002 0 0 0 0 0 3951
WIT 10 -245 -244 -213 -232 -236 0 0 0 0 -255 0 -1 0 0 0 32002 32002 0 0 0 0 0 3502
WIT 9 -245 -244 -205 -213 -213 3951 0 0 0 32002 0 -1 0 0 0 32002 32002 0 0 0 0 0 0
WIT 8 -245 -244 -219 -234 -242 0 0 0 0 -243 0 -1 0 0 0 32002 32002 0 0 0 0 0 3502
WIT 10 -245 -244 -234 -253 -253 2917 0 0 1 -234 0 -1 0 0 0 32002 32002 0 0 0 0 0 3951
WIT 7 -245 -244 -197 -203 -204 0 0 0 0 -228 0 -1 0 0 0 32002 32002 0 0 0 0 0 4013
WIT 7 -245 -244 -211 -224 -225 0 0 0 0 -229 0 -1 0 0 0 32002 32002 0 0 0 0 0 2917
WIT 6 -245 -244 -219 -224 -202 0 0 0 0 32002 0 -1 0 0 0 32002 32002 0 0 0 0 0 0
WIT 6 -245 -244 -204 -209 -171 0 0 0 0 32002 0 -1 0 0 0 32002 32002 0 0 0 0 0 0
WIT 6 -245 -244 -214 -219 -204 0 0 0 0 32002 0 -1 0 0 0 32002 32002 0 0 0 0 0 0
WIT 6 -245 -244 -233 -238 -231 0 0 0 0 32002 0 -1 0 0 0 32002 32002 0 0 0 0 0 0
WIT 11 244 245 235 214 223 332 0 0 1 234 1 1 17620 1 1 244 244 0 0 0 0 191 0
WIT 9 -245 -244 -234 -251 -252 0 0 0 0 -244 0 -1 0 0 0 32002 32002 0 0 0 0 0 3502
WIT 8 -245 -244 -243 -258 -258 3502 0 0 1 -244 0 -1 0 0 0 32002 32002 0 0 0 0 0 2917
WIT 8 -245 -244 -237 -244 -210 3502 0 0 0 32002 0 -1 0 0 0 32002 32002 0 0 0 0 0 0
WIT 9 -245 -244 -223 -231 -209 3559 0 0 0 32002 0 -1 0 0 0 32002 32002 0 0 0 0 0 0
WIT 9 -245 -244 -230 -247 -243 3502 0 0 0 32002 0 -1 0 0 0 32002 32002 0 0 0 0 0 0
WIT 8 -245 -244 -242 -257 -221 3502 0 0 0 32002 0 -1 0 0 0 32002 32002 0 0 0 0 0 0
WIT 8 -245 -244 -242 -249 -183 3502 0 0 0 32002 0 -1 0 0 0 32002 32002 0 0 0 0 0 0
WIT 8 -245 -244 -242 -249 -218 3502 0 0 0 32002 0 -1 0 0 0 32002 32002 0 0 0 0 0 0
WIT 7 -245 -244 -230 -236 -197 3502 0 0 0 32002 0 -1 0 0 0 32002 32002 0 0 0 0 0 0
WIT 8 -245 -244 -209 -216 -217 0 0 0 0 -236 0 -1 0 0 0 32002 32002 0 0 0 0 0 2917
WIT 8 -245 -244 -215 -222 -201 3502 0 0 0 32002 0 -1 0 0 0 32002 32002 0 0 0 0 0 0
WIT 8 -245 -244 -230 -237 -234 3502 0 0 0 32002 0 -1 0 0 0 32002 32002 0 0 0 0 0 0
WIT 9 -245 -244 -218 -226 -226 3951 0 0 0 32002 0 -1 0 0 0 32002 32002 0 0 0 0 0 0
WIT 7 -245 -244 -233 -239 -239 2917 0 0 0 32002 0 -1 0 0 0 32002 32002 0 0 0 0 0 0
WIT 8 -245 -244 -240 -255 -262 0 0 0 0 -239 0 -1 0 0 0 32002 32002 0 0 0 0 0 3502
WIT 8 -245 -244 -224 -231 -231 3567 0 0 0 32002 0 -1 0 0 0 32002 32002 0 0 0 0 0 0
WIT 8 -245 -244 -208 -215 -216 0 0 0 0 -205 0 -1 0 0 0 32002 32002 0 0 0 0 0 2917
WIT 8 -245 -244 -229 -244 -224 3559 0 0 0 32002 0 -1 0 0 0 32002 32002 0 0 0 0 0 0
WIT 9 -245 -244 -236 -244 -236 3502 0 0 0 32002 0 -1 0 0 0 32002 32002 0 0 0 0 0 0
WIT 7 -238 -237 -223 -236 -264 0 0 0 0 -237 0 -1 0 0 0 32002 32002 0 0 0 0 0 3038
WIT 6 -238 -237 -207 -212 -192 3763 0 0 0 32002 0 -1 0 0 0 32002 32002 0 0 0 0 0 0
WIT 9 -259 -237 -244 -252 -253 0 0 0 0 -237 0 -1 0 0 0 32002 32002 0 0 0 0 0 3559
WIT 6 -238 -237 -237 -242 -219 2917 0 0 0 32002 0 -1 0 0 0 32002 32002 0 0 0 0 0 0
WIT 10 -259 -237 -244 -253 -264 0 0 0 0 -237 0 -1 0 0 0 32002 32002 0 0 0 0 0 3010
WIT 8 -238 -237 -234 -241 -211 3567 0 0 0 32002 0 -1 0 0 0 32002 32002 0 0 0 0 0 0
WIT 9 -238 -237 -234 -242 -269 0 0 0 0 -234 0 -1 0 0 0 32002 32002 0 0 0 0 0 2981
WIT 13 -238 -237 -234 -246 -256 0 0 0 0 -237 0 -1 0 0 0 32002 32002 0 0 0 0 0 2917
WIT 12 -238 -237 -217 -228 -228 4015 0 0 0 32002 0 -1 0 0 0 32002 32002 0 0 0 0 0 0
WIT 13 -238 -237 -234 -259 -260 0 0 0 0 -237 0 -1 0 0 0 32002 32002 0 0 0 0 0 3010
WIT 11 -238 -237 -230 -251 -251 3062 0 0 1 -229 0 -1 0 0 0 32002 32002 0 0 0 0 0 2917
WIT 9 -238 -237 -208 -216 -216 2917 0 0 0 32002 0 -1 0 0 0 32002 32002 0 0 0 0 0 0
WIT 7 258 259 256 250 231 0 0 0 0 262 0 -1 0 0 0 32002 32002 0 0 0 0 0 148
WIT 8 237 259 238 231 172 0 0 0 0 259 0 -1 0 0 0 32002 32002 0 0 0 0 0 194
WIT 6 -259 -258 -212 -217 -212 0 0 0 0 32002 0 -1 0 0 0 32002 32002 0 0 0 0 0 0
WIT 10 258 259 238 229 218 0 0 0 0 246 0 -1 0 0 0 32002 32002 0 0 0 0 0 0
WIT 7 -259 -237 -246 -252 -292 0 0 0 0 -237 0 -1 0 0 0 32002 32002 0 0 0 0 0 3062
WIT 9 -238 -237 -212 -220 -889 0 0 0 0 -237 0 -1 0 0 0 32002 32002 0 0 0 0 0 4015
WIT 8 -238 -237 -207 -214 -184 0 0 0 0 32002 0 -1 0 0 0 32002 32002 0 0 0 0 0 0
WIT 8 -238 -237 -204 -211 -179 0 0 0 0 32002 0 -1 0 0 0 32002 32002 0 0 0 0 0 0
WIT 8 -238 -237 -244 -251 -241 0 0 0 0 -237 0 -1 0 0 0 32002 32002 0 0 0 0 0 3010
WIT 8 -238 -237 -195 -202 -171 0 0 0 0 32002 0 -1 0 0 0 32002 32002 0 0 0 0 0 0
WIT 8 -238 -237 -210 -217 -194 0 0 0 0 32002 0 -1 0 0 0 32002 32002 0 0 0 0 0 0
WIT 8 -238 -237 -238 -245 -211 0 0 0 0 32002 0 -1 0 0 0 32002 32002 0 0 0 0 0 0
WIT 8 -238 -237 -230 -237 -237 2917 0 0 0 32002 0 -1 0 0 0 32002 32002 0 0 0 0 0 0
WIT 8 -238 -237 -233 -240 -240 2917 0 0 1 -231 0 -1 0 0 0 32002 32002 0 0 0 0 0 3010
WIT 8 -238 -237 -213 -220 -220 3763 0 0 0 32002 0 -1 0 0 0 32002 32002 0 0 0 0 0 0
WIT 8 -238 -237 -207 -214 -183 0 0 0 0 32002 0 -1 0 0 0 32002 32002 0 0 0 0 0 0
WIT 8 -238 -237 -235 -242 -242 2917 0 0 1 -234 0 -1 0 0 0 32002 32002 0 0 0 0 0 3010
WIT 8 -238 -237 -195 -202 -170 0 0 0 0 32002 0 -1 0 0 0 32002 32002 0 0 0 0 0 0
WIT 8 -238 -237 -195 -202 -168 0 0 0 0 32002 0 -1 0 0 0 32002 32002 0 0 0 0 0 0
WIT 7 -238 -237 -209 -215 -196 0 0 0 0 32002 0 -1 0 0 0 32002 32002 0 0 0 0 0 0
WIT 10 -259 -237 -244 -253 -254 0 0 0 0 -237 0 -1 0 0 0 32002 32002 0 0 0 0 0 3951
WIT 6 -238 -237 -258 -263 -263 3567 0 0 1 -237 0 -1 0 0 0 32002 32002 0 0 0 0 0 3763
WIT 6 -238 -237 -237 -242 -243 0 0 0 0 -237 0 -1 0 0 0 32002 32002 0 0 0 0 0 3062
WIT 10 -238 -237 -226 -235 -230 3951 0 0 0 32002 0 -1 0 0 0 32002 32002 0 0 0 0 0 0
WIT 10 -238 -237 -218 -227 -214 3951 0 0 0 32002 0 -1 0 0 0 32002 32002 0 0 0 0 0 0
WIT 10 -238 -237 -216 -235 -235 3951 0 0 0 32002 0 -1 0 0 0 32002 32002 0 0 0 0 0 0
WIT 9 -238 -237 -180 -188 -171 3951 0 0 0 32002 0 -1 0 0 0 32002 32002 0 0 0 0 0 0
WIT 9 -238 -237 -222 -230 -230 3951 0 0 0 32002 0 -1 0 0 0 32002 32002 0 0 0 0 0 0
WIT 8 -238 -237 -210 -217 -202 3951 0 0 0 32002 0 -1 0 0 0 32002 32002 0 0 0 0 0 0
WIT 9 -238 -237 -231 -239 -239 3951 0 0 1 -230 0 -1 0 0 0 32002 32002 0 0 0 0 0 3958
WIT 9 -238 -237 -179 -187 -176 3951 0 0 0 32002 0 -1 0 0 0 32002 32002 0 0 0 0 0 0
WIT 9 -238 -237 -223 -231 -231 3951 0 0 0 32002 0 -1 0 0 0 32002 32002 0 0 0 0 0 0
WIT 9 -238 -237 -227 -235 -195 3951 0 0 0 32002 0 -1 0 0 0 32002 32002 0 0 0 0 0 0
WIT 14 -238 -237 -213 -240 -235 3951 0 0 0 32002 0 -1 0 0 0 32002 32002 0 0 0 0 0 0
WIT 12 -238 -237 -213 -236 -216 3951 0 0 0 32002 0 -1 0 0 0 32002 32002 0 0 0 0 0 0
WIT 10 -238 -237 -208 -217 -217 3951 0 0 0 32002 0 -1 0 0 0 32002 32002 0 0 0 0 0 0
WIT 8 -238 -237 -227 -234 -229 3951 0 0 0 32002 0 -1 0 0 0 32002 32002 0 0 0 0 0 0
WIT 7 -238 -237 -212 -218 -218 3951 0 0 0 32002 0 -1 0 0 0 32002 32002 0 0 0 0 0 0
WIT 6 -238 -237 -242 -247 -217 3951 0 0 0 32002 0 -1 0 0 0 32002 32002 0 0 0 0 0 0
WIT 13 -238 -237 -213 -238 -249 0 0 0 0 -235 0 -1 0 0 0 32002 32002 0 0 0 0 0 3502
WIT 11 -238 -237 -236 -257 -247 3502 0 0 1 -236 0 -1 0 0 0 32002 32002 0 0 0 0 0 2917
WIT 11 -238 -237 -208 -229 -229 3502 0 0 0 32002 0 -1 0 0 0 32002 32002 0 0 0 0 0 0
WIT 12 -238 -237 -234 -257 -256 3763 0 0 1 -234 0 -1 0 0 0 32002 32002 0 0 0 0 0 3958
WIT 11 -238 -237 -183 -193 -194 0 0 0 0 -238 0 -1 0 0 0 32002 32002 0 0 0 0 0 2917
WIT 9 -238 -237 -244 -261 -261 2917 0 0 1 -240 1 1 33706 1 1 -238 -235 0 0 0 0 55 2917
WIT 10 -238 -237 -234 -243 -244 0 0 0 0 -238 0 -1 0 0 0 32002 32002 0 0 0 0 0 0
WIT 11 -238 -237 -244 -265 -266 0 0 0 0 -238 0 -1 0 0 0 32002 32002 0 0 0 0 0 0
WIT 6 258 259 245 240 160 0 0 0 0 269 0 -1 0 0 0 32002 32002 0 0 0 0 0 1958
WIT 6 237 238 240 235 224 0 0 0 0 242 0 -1 0 0 0 32002 32002 0 0 0 0 0 1957
WIT 8 258 259 250 243 252 1957 1 0 0 266 0 -1 0 0 0 32002 32002 0 0 0 0 0 1829
WIT 8 258 259 242 235 234 0 0 0 0 258 0 -1 0 0 0 32002 32002 0 0 0 0 0 454
WIT 8 258 259 241 226 222 0 0 0 0 266 0 -1 0 0 0 32002 32002 0 0 0 0 0 1957
WIT 7 258 259 239 226 219 0 0 0 0 258 0 -1 0 0 0 32002 32002 0 0 0 0 0 0
WIT 6 -238 -237 -256 -261 -245 4015 0 0 1 -237 0 -1 0 0 0 32002 32002 0 0 0 0 0 3169
WIT 9 237 259 238 230 238 148 0 0 1 237 1 1 -4650 1 1 237 237 0 0 0 0 488 0
WIT 10 -238 -237 -237 -246 -246 4015 0 0 1 -237 0 -1 0 0 0 32002 32002 0 0 0 0 0 3763
WIT 7 -238 -237 -237 -243 -250 0 0 0 0 -251 0 -1 0 0 0 32002 32002 0 0 0 0 0 0
WIT 6 237 238 294 289 280 0 0 0 0 238 0 -1 0 0 0 32002 32002 0 0 0 0 0 1958
WIT 7 237 238 264 258 261 1568 0 0 0 32002 0 -1 0 0 0 32002 32002 0 0 0 0 0 0
WIT 8 -238 -237 -258 -273 -294 0 0 0 0 -246 0 -1 0 0 0 32002 32002 0 0 0 0 0 0
WIT 6 237 238 282 277 291 1958 0 0 0 32002 0 -1 0 0 0 32002 32002 0 0 0 0 0 0
WIT 7 237 259 238 232 134 0 0 0 0 259 0 -1 0 0 0 32002 32002 0 0 0 0 0 1291
WIT 9 258 259 251 243 239 0 0 0 0 273 0 -1 0 0 0 32002 32002 0 0 0 0 0 926
WIT 7 -259 -258 -257 -263 -274 0 0 0 0 -258 0 -1 0 0 0 32002 32002 0 0 0 0 0 3958
WIT 8 258 259 259 252 232 0 0 0 0 258 0 -1 0 0 0 32002 32002 0 0 0 0 0 0
WIT 10 258 259 245 236 232 0 0 0 0 257 0 -1 0 0 0 32002 32002 0 0 0 0 0 0
WIT 7 258 259 259 253 188 0 0 0 0 245 0 -1 0 0 0 32002 32002 0 0 0 0 0 0
WIT 9 258 259 251 243 242 0 0 0 0 256 0 -1 0 0 0 32002 32002 0 0 0 0 0 0
WIT 8 258 259 252 245 254 1327 1 0 0 261 0 -1 0 0 0 32002 32002 0 0 0 0 0 1829
WIT 8 237 259 238 231 230 0 0 0 0 259 0 -1 0 0 0 32002 32002 0 0 0 0 0 49408
WIT 6 -259 -258 -258 -263 -268 0 0 0 0 -258 0 -1 0 0 0 32002 32002 0 0 0 0 0 2917
WIT 7 -259 -258 -200 -213 -197 53055 0 0 0 32002 0 -1 0 0 0 32002 32002 0 0 0 0 0 0
WIT 6 -259 -258 -109 -114 -929 0 0 0 0 -119 0 -1 0 0 0 32002 32002 0 0 0 0 0 3503
WIT 7 -259 -258 -190 -196 -228 0 0 0 0 -251 0 -1 0 0 0 32002 32002 0 0 0 0 0 3169
WIT 6 -259 -258 -180 -185 -172 4015 0 0 0 32002 0 -1 0 0 0 32002 32002 0 0 0 0 0 0
WIT 6 -259 -258 -210 -215 -176 3567 0 0 0 32002 0 -1 0 0 0 32002 32002 0 0 0 0 0 0
WIT 6 -259 -258 -237 -242 -243 0 0 0 0 -259 0 -1 0 0 0 32002 32002 0 0 0 0 0 0
WIT 10 258 259 259 250 249 0 0 0 0 257 0 -1 0 0 0 32002 32002 0 0 0 0 0 0
WIT 12 258 259 238 215 212 0 0 0 0 258 0 -1 0 0 0 32002 32002 0 0 0 0 0 0
WIT 11 258 259 238 217 216 0 0 0 0 258 0 -1 0 0 0 32002 32002 0 0 0 0 0 0
WIT 7 -238 -237 -28 -34 -87 0 0 0 0 -211 0 -1 0 0 0 32002 32002 0 0 0 0 0 2137
WIT 10 -238 -237 -251 -270 -277 0 0 0 0 -238 0 -1 0 0 0 32002 32002 0 0 0 0 0 0
WIT 9 -238 -237 -251 -259 -275 0 0 0 0 -238 0 -1 0 0 0 32002 32002 0 0 0 0 0 3169
WIT 7 -238 -237 -214 -220 -221 0 0 0 0 -237 0 -1 0 0 0 32002 32002 0 0 0 0 0 2917
WIT 7 -238 -237 -257 -263 -223 2917 0 0 0 32002 0 -1 0 0 0 32002 32002 0 0 0 0 0 0
WIT 7 -238 -237 -230 -236 -236 2917 0 0 0 32002 0 -1 0 0 0 32002 32002 0 0 0 0 0 0
WIT 10 -238 -237 -231 -240 -234 2917 0 0 0 32002 0 -1 0 0 0 32002 32002 0 0 0 0 0 0
WIT 9 -238 -237 -189 -197 -197 2917 0 0 0 32002 0 -1 0 0 0 32002 32002 0 0 0 0 0 0
WIT 9 -238 -237 -180 -188 -188 2917 0 0 0 32002 0 -1 0 0 0 32002 32002 0 0 0 0 0 0
WIT 9 -238 -237 -189 -197 -195 2917 0 0 0 32002 0 -1 0 0 0 32002 32002 0 0 0 0 0 0
WIT 8 -238 -237 -234 -241 -216 2917 0 0 0 32002 0 -1 0 0 0 32002 32002 0 0 0 0 0 0
WIT 10 -238 -237 -234 -243 -243 2917 0 0 1 -234 0 -1 0 0 0 32002 32002 0 0 0 0 0 3958
WIT 10 237 259 238 229 228 0 0 0 0 237 0 -1 0 0 0 32002 32002 0 0 0 0 0 0
WIT 10 -238 -237 -237 -246 -208 3502 0 0 0 32002 0 -1 0 0 0 32002 32002 0 0 0 0 0 0
WIT 6 -238 -237 -219 -224 -226 0 0 0 0 -238 0 -1 0 0 0 32002 32002 0 0 0 0 0 0
WIT 6 237 238 267 262 223 0 0 0 0 253 0 -1 0 0 0 32002 32002 0 0 0 0 0 1829
WIT 11 -238 -237 -243 -264 -264 3763 0 0 1 -238 1 2 -10072 1 1 -238 -238 1 0 21 0 172 0
WIT 6 254 255 238 233 247 148 0 0 1 255 0 -1 0 0 0 32002 32002 0 0 0 0 0 1568
WIT 9 237 259 238 230 235 148 0 0 1 255 1 1 9864 1 1 255 259 0 0 0 0 187 148
WIT 8 258 259 259 252 252 1958 0 0 1 268 0 -1 0 0 0 32002 32002 0 0 0 0 0 203
WIT 7 258 259 259 253 253 536 0 0 1 259 0 -1 0 0 0 32002 32002 0 0 0 0 0 203
WIT 7 -238 -237 -211 -217 -98 3365 1 0 0 32002 0 -1 0 0 0 32002 32002 0 0 0 0 0 0
WIT 6 -238 -237 -258 -263 -335 0 0 0 0 -237 0 -1 0 0 0 32002 32002 0 0 0 0 0 2917
WIT 10 237 259 238 229 212 0 0 0 0 259 0 -1 0 0 0 32002 32002 0 0 0 0 0 926
WIT 7 -259 -237 -258 -264 -264 2917 0 0 1 -259 1 1 15118 1 1 -259 -259 0 0 0 0 30 0
WIT 8 -259 -237 -258 -265 -315 0 0 0 0 -259 0 -1 0 0 0 32002 32002 0 0 0 0 0 0
WIT 11 258 259 238 217 218 536 0 0 1 258 1 2 -2439 1 1 258 258 1 0 23 0 6 0
WIT 8 -259 -237 -258 -265 -266 0 0 0 0 -259 0 -1 0 0 0 32002 32002 0 0 0 0 0 0
WIT 7 -238 -237 -258 -264 -289 0 0 0 0 -237 0 -1 0 0 0 32002 32002 0 0 0 0 0 4015
WIT 6 238 239 312 307 313 0 0 0 0 32002 0 -1 0 0 0 32002 32002 0 0 0 0 0 0
WIT 7 -259 -237 -251 -257 -293 0 0 0 0 -289 0 -1 0 0 0 32002 32002 0 0 0 0 0 2526
WIT 6 -240 -239 -254 -259 -259 3494 0 0 1 -242 1 1 -1358 1 1 -240 -259 0 0 0 0 1 0
WIT 7 269 270 259 253 243 0 0 0 0 264 0 -1 0 0 0 32002 32002 0 0 0 0 0 0
WIT 7 269 270 284 278 244 0 0 0 0 273 0 -1 0 0 0 32002 32002 0 0 0 0 0 1160
WIT 8 269 270 259 244 246 536 0 0 1 286 0 -1 0 0 0 32002 32002 0 0 0 0 0 203
WIT 9 248 270 259 251 251 536 0 0 1 270 0 -1 0 0 0 32002 32002 0 0 0 0 0 148
WIT 12 269 270 259 248 247 0 0 0 0 270 0 -1 0 0 0 32002 32002 0 0 0 0 0 536
WIT 7 269 270 259 253 270 536 0 0 0 32002 0 -1 0 0 0 32002 32002 0 0 0 0 0 0
WIT 6 269 270 291 286 238 0 0 0 0 270 0 -1 0 0 0 32002 32002 0 0 0 0 0 1568
WIT 6 269 270 331 326 384 1957 1 0 0 32002 0 -1 0 0 0 32002 32002 0 0 0 0 0 0
WIT 7 269 270 259 246 246 49408 0 0 1 269 1 2 4519 1 1 269 252 1 0 1 0 15 0
WIT 8 269 270 276 269 601 2477 1 0 0 32002 0 -1 0 0 0 32002 32002 0 0 0 0 0 0
WIT 11 269 270 267 257 269 1958 0 0 1 269 1 1 29000 1 1 269 315 0 0 0 0 25 1958
WIT 7 269 270 262 256 255 0 0 0 0 270 0 -1 0 0 0 32002 32002 0 0 0 0 0 1958
WIT 10 269 270 259 250 249 0 0 0 0 270 0 -1 0 0 0 32002 32002 0 0 0 0 0 148
WIT 6 269 270 259 254 272 1959 1 0 0 32002 0 -1 0 0 0 32002 32002 0 0 0 0 0 0
WIT 10 269 270 259 240 246 536 0 0 1 271 0 -1 0 0 0 32002 32002 0 0 0 0 0 148
WIT 10 269 270 283 274 297 0 0 0 0 32002 0 -1 0 0 0 32002 32002 0 0 0 0 0 0
WIT 7 269 270 306 300 300 2477 1 0 0 32002 0 -1 0 0 0 32002 32002 0 0 0 0 0 0
WIT 7 269 270 307 301 288 0 0 0 0 270 0 -1 0 0 0 32002 32002 0 0 0 0 0 1382
WIT 10 269 270 261 252 251 0 0 0 0 270 0 -1 0 0 0 32002 32002 0 0 0 0 0 1958
WIT 10 269 270 281 272 276 536 0 0 0 32002 0 -1 0 0 0 32002 32002 0 0 0 0 0 0
WIT 8 269 270 313 306 335 536 0 0 0 32002 0 -1 0 0 0 32002 32002 0 0 0 0 0 0
WIT 8 269 270 259 252 272 536 0 0 0 32002 0 -1 0 0 0 32002 32002 0 0 0 0 0 0
WIT 10 248 270 259 250 210 0 0 0 0 270 0 -1 0 0 0 32002 32002 0 0 0 0 0 926
WIT 9 269 270 265 257 267 1959 1 0 0 270 0 -1 0 0 0 32002 32002 0 0 0 0 0 1958
WIT 9 269 270 269 261 276 1503 0 0 0 32002 0 -1 0 0 0 32002 32002 0 0 0 0 0 0
WIT 8 269 270 276 269 276 1503 0 0 0 32002 0 -1 0 0 0 32002 32002 0 0 0 0 0 0
WIT 7 269 270 272 266 238 0 0 0 0 280 0 -1 0 0 0 32002 32002 0 0 0 0 0 1160
WIT 6 269 270 264 259 258 0 0 0 0 278 0 -1 0 0 0 32002 32002 0 0 0 0 0 536
WIT 12 269 270 274 263 242 0 0 0 0 282 0 -1 0 0 0 32002 32002 0 0 0 0 0 926
WIT 8 269 270 318 311 306 0 0 0 0 323 0 -1 0 0 0 32002 32002 0 0 0 0 0 148
WIT 12 269 270 269 258 236 0 0 0 0 275 0 -1 0 0 0 32002 32002 0 0 0 0 0 926
WIT 10 269 270 339 330 309 0 0 0 0 270 0 -1 0 0 0 32002 32002 0 0 0 0 0 926
WIT 8 269 270 358 351 350 0 0 0 0 278 0 -1 0 0 0 32002 32002 0 0 0 0 0 926
WIT 8 269 270 382 375 374 0 0 0 0 405 0 -1 0 0 0 32002 32002 0 0 0 0 0 926
WIT 12 269 270 268 245 211 0 0 0 0 270 0 -1 0 0 0 32002 32002 0 0 0 0 0 1829
WIT 9 269 270 286 278 278 658 0 0 0 32002 0 -1 0 0 0 32002 32002 0 0 0 0 0 0
WIT 6 269 270 337 332 472 926 0 0 0 32002 0 -1 0 0 0 32002 32002 0 0 0 0 0 0
WIT 11 269 270 259 238 238 537 1 0 0 312 0 -1 0 0 0 32002 32002 0 0 0 0 0 1829
WIT 6 269 270 275 270 269 0 0 0 0 281 0 -1 0 0 0 32002 32002 0 0 0 0 0 926
WIT 14 269 270 327 314 319 1829 1 0 0 32002 0 -1 0 0 0 32002 32002 0 0 0 0 0 0
WIT 12 269 270 259 236 231 0 0 0 0 270 0 -1 0 0 0 32002 32002 0 0 0 0 0 536
WIT 7 269 270 259 253 253 148 0 0 1 287 0 -1 0 0 0 32002 32002 0 0 0 0 0 1568
WIT 7 269 270 269 263 275 1568 0 0 0 32002 0 -1 0 0 0 32002 32002 0 0 0 0 0 0
WIT 10 269 270 259 250 266 536 0 0 1 289 0 -1 0 0 0 32002 32002 0 0 0 0 0 926
WIT 10 269 270 299 290 360 536 0 0 0 32002 0 -1 0 0 0 32002 32002 0 0 0 0 0 0
WIT 10 269 270 274 265 269 1375 0 0 1 276 0 -1 0 0 0 32002 32002 0 0 0 0 0 926
WIT 10 269 270 259 250 214 0 0 0 0 270 0 -1 0 0 0 32002 32002 0 0 0 0 0 1187
WIT 9 269 270 259 251 250 0 0 0 0 270 0 -1 0 0 0 32002 32002 0 0 0 0 0 148
WIT 9 269 270 259 251 303 926 0 0 0 32002 0 -1 0 0 0 32002 32002 0 0 0 0 0 0
WIT 9 269 270 259 251 259 536 0 0 1 284 0 -1 0 0 0 32002 32002 0 0 0 0 0 926
WIT 9 269 270 283 275 291 148 0 0 0 32002 0 -1 0 0 0 32002 32002 0 0 0 0 0 0
WIT 10 269 270 259 250 288 175 1 0 0 32002 0 -1 0 0 0 32002 32002 0 0 0 0 0 0
WIT 9 269 270 259 251 276 148 0 0 0 32002 0 -1 0 0 0 32002 32002 0 0 0 0 0 0
WIT 9 269 270 278 270 308 148 0 0 0 32002 0 -1 0 0 0 32002 32002 0 0 0 0 0 0
WIT 9 269 270 283 275 275 536 0 0 0 32002 0 -1 0 0 0 32002 32002 0 0 0 0 0 0
WIT 8 284 285 270 255 264 528 0 0 1 285 0 -1 0 0 0 32002 32002 0 0 0 0 0 536
WIT 7 284 285 282 276 423 1957 1 0 0 32002 0 -1 0 0 0 32002 32002 0 0 0 0 0 0
WIT 6 284 285 277 272 274 203 0 0 1 286 0 -1 0 0 0 32002 32002 0 0 0 0 0 536
WIT 8 255 285 270 263 263 536 0 0 1 285 0 -1 0 0 0 32002 32002 0 0 0 0 0 148
WIT 6 284 285 284 279 256 0 0 0 0 286 0 -1 0 0 0 32002 32002 0 0 0 0 0 2477
WIT 11 284 285 282 261 261 148 0 0 1 285 0 -1 0 0 0 32002 32002 0 0 0 0 0 1958
WIT 9 284 285 270 253 253 528 0 0 1 290 0 -1 0 0 0 32002 32002 0 0 0 0 0 536
WIT 9 284 285 270 253 253 536 0 0 1 285 0 -1 0 0 0 32002 32002 0 0 0 0 0 148
WIT 10 284 285 270 261 256 0 0 0 0 346 0 -1 0 0 0 32002 32002 0 0 0 0 0 1382
WIT 7 284 285 287 281 280 0 0 0 0 253 0 -1 0 0 0 32002 32002 0 0 0 0 0 0
WIT 11 -285 -284 -253 -263 -258 2918 1 0 0 32002 0 -1 0 0 0 32002 32002 0 0 0 0 0 0
WIT 6 -285 -284 -258 -263 -219 2396 1 0 0 32002 0 -1 0 0 0 32002 32002 0 0 0 0 0 0
WIT 8 -285 -284 -258 -265 -284 0 0 0 0 -257 0 -1 0 0 0 32002 32002 0 0 0 0 0 2917
WIT 12 284 285 270 259 258 0 0 0 0 284 0 -1 0 0 0 32002 32002 0 0 0 0 0 0
WIT 9 284 285 270 253 244 0 0 0 0 284 0 -1 0 0 0 32002 32002 0 0 0 0 0 0
WIT 6 -256 -255 -256 -261 -261 2981 1 0 0 -250 0 -1 0 0 0 32002 32002 0 0 0 0 0 3365
WIT 7 -256 -255 -259 -272 -278 0 0 0 0 -255 0 -1 0 0 0 32002 32002 0 0 0 0 0 2917
WIT 7 -256 -255 -259 -265 -265 3567 0 0 1 -255 0 -1 0 0 0 32002 32002 0 0 0 0 0 2917
WIT 9 -256 -255 -240 -248 -264 0 0 0 0 -243 0 -1 0 0 0 32002 32002 0 0 0 0 0 3028
WIT 8 -256 -255 -246 -253 -240 0 0 0 0 32002 0 -1 0 0 0 32002 32002 0 0 0 0 0 0
WIT 9 284 285 283 275 310 0 0 0 0 32002 0 -1 0 0 0 32002 32002 0 0 0 0 0 0
WIT 9 284 285 270 253 266 536 0 0 1 285 0 -1 0 0 0 32002 32002 0 0 0 0 0 148
WIT 10 284 285 281 272 276 536 0 0 1 285 0 -1 0 0 0 32002 32002 0 0 0 0 0 148
WIT 9 255 285 270 262 210 0 0 0 0 285 0 -1 0 0 0 32002 32002 0 0 0 0 0 926
WIT 8 284 285 275 260 260 203 0 0 1 303 0 -1 0 0 0 32002 32002 0 0 0 0 0 1503
WIT 8 284 285 270 263 262 0 0 0 0 285 0 -1 0 0 0 32002 32002 0 0 0 0 0 203
WIT 6 284 285 274 269 292 1327 1 0 0 32002 0 -1 0 0 0 32002 32002 0 0 0 0 0 0
WIT 7 284 285 270 257 256 0 0 0 0 285 0 -1 0 0 0 32002 32002 0 0 0 0 0 148
WIT 7 284 285 276 270 276 536 0 0 1 285 0 -1 0 0 0 32002 32002 0 0 0 0 0 148
WIT 12 284 285 270 247 247 536 0 0 1 285 0 -1 0 0 0 32002 32002 0 0 0 0 0 926
WIT 11 284 285 283 273 272 0 0 0 0 285 0 -1 0 0 0 32002 32002 0 0 0 0 0 148
WIT 10 284 285 317 308 335 211 0 0 0 32002 0 -1 0 0 0 32002 32002 0 0 0 0 0 0
WIT 10 284 285 281 262 242 0 0 0 0 285 0 -1 0 0 0 32002 32002 0 0 0 0 0 926
WIT 6 284 285 275 270 284 0 0 0 0 285 0 -1 0 0 0 32002 32002 0 0 0 0 0 1375
WIT 11 284 285 274 253 258 1382 0 0 1 285 0 -1 0 0 0 32002 32002 0 0 0 0 0 926
WIT 9 284 285 270 253 253 1382 0 0 1 349 0 -1 0 0 0 32002 32002 0 0 0 0 0 926
WIT 10 284 285 270 251 225 0 0 0 0 285 0 -1 0 0 0 32002 32002 0 0 0 0 0 1829
WIT 8 284 285 270 263 273 148 0 0 1 285 0 -1 0 0 0 32002 32002 0 0 0 0 0 353
WIT 6 284 285 338 333 343 658 0 0 0 32002 0 -1 0 0 0 32002 32002 0 0 0 0 0 0
WIT 12 284 285 270 247 264 658 0 0 1 285 0 -1 0 0 0 32002 32002 0 0 0 0 0 926
WIT 7 284 285 279 266 266 35050 1 0 0 309 0 -1 0 0 0 32002 32002 0 0 0 0 0 926
WIT 11 284 285 270 249 201 0 0 0 0 285 0 -1 0 0 0 32002 32002 0 0 0 0 0 1160
WIT 12 284 285 327 316 319 1829 1 0 0 32002 0 -1 0 0 0 32002 32002 0 0 0 0 0 0
WIT 10 284 285 270 251 248 0 0 0 0 285 0 -1 0 0 0 32002 32002 0 0 0 0 0 536
WIT 10 284 285 259 250 260 536 0 0 1 285 0 -1 0 0 0 32002 32002 0 0 0 0 0 926
WIT 6 284 285 314 309 349 1382 0 0 0 32002 0 -1 0 0 0 32002 32002 0 0 0 0 0 0
WIT 6 284 285 270 265 283 1382 0 0 1 285 0 -1 0 0 0 32002 32002 0 0 0 0 0 926
WIT 11 284 285 270 249 258 1382 0 0 1 285 0 -1 0 0 0 32002 32002 0 0 0 0 0 1829
WIT 10 284 285 270 261 270 1568 0 0 1 285 0 -1 0 0 0 32002 32002 0 0 0 0 0 926
WIT 7 284 285 284 278 281 148 0 0 1 287 0 -1 0 0 0 32002 32002 0 0 0 0 0 1568
WIT 6 284 285 327 322 323 1568 0 0 0 32002 0 -1 0 0 0 32002 32002 0 0 0 0 0 0
WIT 10 284 285 270 251 245 0 0 0 0 285 0 -1 0 0 0 32002 32002 0 0 0 0 0 536
WIT 11 284 285 279 269 252 0 0 0 0 285 0 -1 0 0 0 32002 32002 0 0 0 0 0 2257
WIT 7 284 285 352 346 346 2257 0 0 0 32002 0 -1 0 0 0 32002 32002 0 0 0 0 0 0
WIT 10 284 285 272 263 182 0 0 0 0 285 0 -1 0 0 0 32002 32002 0 0 0 0 0 227
WIT 6 284 285 270 265 381 658 0 1 0 32002 0 -1 0 0 0 32002 32002 0 0 0 0 0 0
WIT 10 284 285 270 261 223 0 0 0 0 285 0 -1 0 0 0 32002 32002 0 0 0 0 0 1187
WIT 8 284 285 342 335 643 536 0 0 0 32002 0 -1 0 0 0 32002 32002 0 0 0 0 0 0
WIT 6 284 285 270 265 335 2282 1 0 0 32002 0 -1 0 0 0 32002 32002 0 0 0 0 0 0
WIT 9 284 285 270 253 250 0 0 0 0 285 0 -1 0 0 0 32002 32002 0 0 0 0 0 148
WIT 9 284 285 275 267 279 1375 0 0 1 285 0 -1 0 0 0 32002 32002 0 0 0 0 0 926
WIT 9 284 285 259 251 303 926 0 0 0 32002 0 -1 0 0 0 32002 32002 0 0 0 0 0 0
WIT 8 284 285 283 276 365 536 0 0 0 32002 0 -1 0 0 0 32002 32002 0 0 0 0 0 0
WIT 8 284 285 282 275 282 536 0 0 1 295 0 -1 0 0 0 32002 32002 0 0 0 0 0 926
WIT 9 284 285 259 251 268 926 0 0 1 295 0 -1 0 0 0 32002 32002 0 0 0 0 0 148
WIT 8 304 305 285 278 291 203 0 0 1 307 0 -1 0 0 0 32002 32002 0 0 0 0 0 536
WIT 8 304 305 282 275 286 0 0 0 0 332 0 -1 0 0 0 32002 32002 0 0 0 0 0 1829
WIT 6 304 305 310 305 367 536 0 0 0 32002 0 -1 0 0 0 32002 32002 0 0 0 0 0 0
WIT 6 304 305 318 313 329 203 0 0 0 32002 0 -1 0 0 0 32002 32002 0 0 0 0 0 0
WIT 6 304 305 357 352 399 536 0 0 0 32002 0 -1 0 0 0 32002 32002 0 0 0 0 0 0
WIT 8 265 305 285 278 278 536 0 0 1 306 0 -1 0 0 0 32002 32002 0 0 0 0 0 148
WIT 7 304 305 301 295 289 0 0 0 0 326 0 -1 0 0 0 32002 32002 0 0 0 0 0 1957
WIT 7 304 305 285 279 283 1958 0 0 1 304 1 1 30522 1 1 304 305 0 0 0 0 16 1958
WIT 7 304 305 318 312 337 0 0 0 0 32002 0 -1 0 0 0 32002 32002 0 0 0 0 0 0
WIT 6 304 305 440 435 372 0 0 0 0 488 0 -1 0 0 0 32002 32002 0 0 0 0 0 157
WIT 9 -305 -304 -255 -272 -327 0 0 0 0 -284 0 -1 0 0 0 32002 32002 0 0 0 0 0 3062
WIT 7 304 305 465 452 387 0 0 0 0 367 0 -1 0 0 0 32002 32002 0 0 0 0 0 157
WIT 7 304 305 318 312 337 0 0 0 0 32002 0 -1 0 0 0 32002 32002 0 0 0 0 0 0
WIT 9 304 305 289 272 272 528 0 0 1 306 0 -1 0 0 0 32002 32002 0 0 0 0 0 536
WIT 9 304 305 285 268 288 1958 0 0 1 307 0 -1 0 0 0 32002 32002 0 0 0 0 0 148
WIT 6 -305 -304 -263 -268 -261 3763 0 0 0 32002 0 -1 0 0 0 32002 32002 0 0 0 0 0 0
WIT 9 304 305 285 268 268 148 0 0 1 289 1 1 39696 1 1 304 269 0 0 0 0 1 0
WIT 7 -305 -265 -289 -295 -355 0 0 0 0 -265 0 -1 0 0 0 32002 32002 0 0 0 0 0 3061
WIT 11 -266 -265 -269 -290 -291 0 0 0 0 -267 0 -1 0 0 0 32002 32002 0 0 0 0 0 0
WIT 10 -266 -265 -269 -288 -289 0 0 0 0 -266 0 -1 0 0 0 32002 32002 0 0 0 0 0 0
WIT 6 304 305 290 285 285 1958 0 0 1 319 0 -1 0 0 0 32002 32002 0 0 0 0 0 536
WIT 7 304 305 320 314 323 1958 0 0 0 32002 0 -1 0 0 0 32002 32002 0 0 0 0 0 0
WIT 6 304 305 321 316 316 536 0 0 0 32002 0 -1 0 0 0 32002 32002 0 0 0 0 0 0
WIT 11 304 305 286 276 276 536 0 0 1 307 0 -1 0 0 0 32002 32002 0 0 0 0 0 1503
WIT 7 304 305 343 337 314 0 0 0 0 347 0 -1 0 0 0 32002 32002 0 0 0 0 0 1382
WIT 10 304 305 270 261 256 0 0 0 0 306 0 -1 0 0 0 32002 32002 0 0 0 0 0 1958
WIT 9 304 305 313 296 300 536 0 0 1 315 0 -1 0 0 0 32002 32002 0 0 0 0 0 203
WIT 9 304 305 285 268 263 0 0 0 0 305 0 -1 0 0 0 32002 32002 0 0 0 0 0 148
WIT 9 304 305 285 277 277 536 0 0 1 306 0 -1 0 0 0 32002 32002 0 0 0 0 0 148
WIT 8 265 305 285 278 210 0 0 0 0 305 0 -1 0 0 0 32002 32002 0 0 0 0 0 926
WIT 7 -305 -304 -252 -265 -275 0 0 0 0 -304 0 -1 0 0 0 32002 32002 0 0 0 0 0 3169
WIT 8 304 305 267 252 253 536 0 0 1 304 1 3 12840 1 1 304 305 2 0 96 0 25 536
WIT 10 304 305 301 282 284 203 0 0 1 302 1 1 53310 1 1 304 304 0 0 0 0 284 536
WIT 7 304 305 285 272 297 536 0 0 1 310 0 -1 0 0 0 32002 32002 0 0 0 0 0 203
WIT 6 304 305 308 303 311 203 0 0 0 32002 0 -1 0 0 0 32002 32002 0 0 0 0 0 0
WIT 6 304 305 286 281 306 536 0 0 0 32002 0 -1 0 0 0 32002 32002 0 0 0 0 0 0
WIT 6 304 305 274 269 311 536 0 0 0 32002 0 -1 0 0 0 32002 32002 0 0 0 0 0 0
WIT 7 304 305 280 274 273 0 0 0 0 296 0 -1 0 0 0 32002 32002 0 0 0 0 0 1503
WIT 6 -305 -304 -256 -261 -337 0 0 0 0 -304 0 -1 0 0 0 32002 32002 0 0 0 0 0 3061
WIT 7 -305 -304 -242 -248 -298 0 0 0 0 -299 0 -1 0 0 0 32002 32002 0 0 0 0 0 3365
WIT 6 -305 -304 -263 -268 -264 4015 0 0 0 32002 0 -1 0 0 0 32002 32002 0 0 0 0 0 0
WIT 6 -305 -304 -263 -268 -264 4015 0 0 0 32002 0 -1 0 0 0 32002 32002 0 0 0 0 0 0
WIT 7 -305 -304 -232 -238 -231 2917 0 0 0 32002 0 -1 0 0 0 32002 32002 0 0 0 0 0 0
WIT 11 304 305 285 264 263 0 0 0 0 304 0 -1 0 0 0 32002 32002 0 0 0 0 0 0
WIT 8 304 305 270 263 268 1959 1 0 0 305 0 -1 0 0 0 32002 32002 0 0 0 0 0 1958
WIT 7 304 305 285 272 284 536 0 0 1 309 0 -1 0 0 0 32002 32002 0 0 0 0 0 148
WIT 6 304 305 285 280 280 536 0 0 1 328 0 -1 0 0 0 32002 32002 0 0 0 0 0 148
WIT 6 304 305 299 294 294 536 0 0 1 305 0 -1 0 0 0 32002 32002 0 0 0 0 0 148
WIT 6 304 305 301 296 296 536 0 0 1 307 0 -1 0 0 0 32002 32002 0 0 0 0 0 148
WIT 7 304 305 285 279 298 536 0 0 1 318 0 -1 0 0 0 32002 32002 0 0 0 0 0 148
WIT 8 304 305 286 279 280 658 0 0 1 305 0 -1 0 0 0 32002 32002 0 0 0 0 0 148
WIT 6 304 305 324 319 368 658 0 0 0 32002 0 -1 0 0 0 32002 32002 0 0 0 0 0 0
WIT 6 304 305 285 280 294 1959 1 0 0 305 0 -1 0 0 0 32002 32002 0 0 0 0 0 148
WIT 6 304 305 286 281 305 658 0 0 0 32002 0 -1 0 0 0 32002 32002 0 0 0 0 0 0
WIT 13 304 305 285 260 270 658 0 0 1 305 0 -1 0 0 0 32002 32002 0 0 0 0 0 926
WIT 11 304 305 324 314 314 926 0 0 0 32002 0 -1 0 0 0 32002 32002 0 0 0 0 0 0
WIT 11 304 305 308 287 284 0 0 0 0 305 0 -1 0 0 0 32002 32002 0 0 0 0 0 1829
WIT 7 304 305 310 304 303 0 0 0 0 303 0 -1 0 0 0 32002 32002 0 0 0 0 0 0
WIT 11 -305 -304 -303 -313 -336 0 0 0 0 -304 0 -1 0 0 0 32002 32002 0 0 0 0 0 3242
WIT 7 -305 -304 -294 -300 -326 0 0 0 0 -304 0 -1 0 0 0 32002 32002 0 0 0 0 0 1618
WIT 7 -305 -304 -248 -254 -270 0 0 0 0 -304 0 -1 0 0 0 32002 32002 0 0 0 0 0 2917
WIT 12 304 305 285 262 212 0 0 0 0 304 0 -1 0 0 0 32002 32002 0 0 0 0 0 0
WIT 9 304 305 305 297 276 0 0 0 0 306 0 -1 0 0 0 32002 32002 0 0 0 0 0 1829
WIT 7 304 305 305 299 291 0 0 0 0 315 0 -1 0 0 0 32002 32002 0 0 0 0 0 926
WIT 7 -305 -304 -304 -310 -326 0 0 0 0 -292 0 -1 0 0 0 32002 32002 0 0 0 0 0 2917
WIT 6 304 305 305 300 275 0 0 0 0 305 0 -1 0 0 0 32002 32002 0 0 0 0 0 148
WIT 6 304 305 315 310 313 1048 0 0 0 32002 0 -1 0 0 0 32002 32002 0 0 0 0 0 0
WIT 7 304 305 305 299 290 0 0 0 0 305 0 -1 0 0 0 32002 32002 0 0 0 0 0 926
WIT 6 304 305 307 302 346 175 1 0 0 32002 0 -1 0 0 0 32002 32002 0 0 0 0 0 0
WIT 11 304 305 285 264 263 0 0 0 0 304 0 -1 0 0 0 32002 32002 0 0 0 0 0 528
WIT 10 304 305 285 266 266 1382 0 0 1 305 0 -1 0 0 0 32002 32002 0 0 0 0 0 148
WIT 9 304 305 302 294 337 1382 0 0 0 32002 0 -1 0 0 0 32002 32002 0 0 0 0 0 0
WIT 9 304 305 285 268 250 0 0 0 0 305 0 -1 0 0 0 32002 32002 0 0 0 0 0 926
WIT 10 304 305 285 266 284 1382 0 0 1 324 0 -1 0 0 0 32002 32002 0 0 0 0 0 926
WIT 8 304 305 342 327 327 1382 0 0 0 32002 0 -1 0 0 0 32002 32002 0 0 0 0 0 0
WIT 9 304 305 285 268 236 0 0 0 0 305 0 -1 0 0 0 32002 32002 0 0 0 0 0 1829
WIT 9 304 305 285 277 281 148 0 0 1 305 0 -1 0 0 0 32002 32002 0 0 0 0 0 926
WIT 7 304 305 285 279 297 1382 0 0 1 343 0 -1 0 0 0 32002 32002 0 0 0 0 0 926
WIT 10 304 305 285 266 266 1382 0 0 1 314 0 -1 0 0 0 32002 32002 0 0 0 0 0 1829
WIT 9 304 305 320 312 280 0 0 0 0 305 0 -1 0 0 0 32002 32002 0 0 0 0 0 1568
WIT 8 304 305 319 312 338 0 0 0 0 32002 0 -1 0 0 0 32002 32002 0 0 0 0 0 0
WIT 11 304 305 296 286 285 0 0 0 0 305 0 -1 0 0 0 32002 32002 0 0 0 0 0 148
WIT 10 304 305 285 276 287 1568 0 0 1 305 0 -1 0 0 0 32002 32002 0 0 0 0 0 926
WIT 8 304 305 304 297 315 1568 0 0 0 32002 0 -1 0 0 0 32002 32002 0 0 0 0 0 0
WIT 7 304 305 285 279 279 1568 0 0 1 305 0 -1 0 0 0 32002 32002 0 0 0 0 0 148
WIT 8 304 305 287 280 289 1568 0 0 1 305 0 -1 0 0 0 32002 32002 0 0 0 0 0 148
WIT 9 304 305 286 278 290 148 0 0 1 305 0 -1 0 0 0 32002 32002 0 0 0 0 0 1568
WIT 7 304 305 327 321 323 1568 0 0 0 32002 0 -1 0 0 0 32002 32002 0 0 0 0 0 0
WIT 7 304 305 320 314 333 1568 0 0 0 32002 0 -1 0 0 0 32002 32002 0 0 0 0 0 0
WIT 6 304 305 362 357 357 926 0 0 0 32002 0 -1 0 0 0 32002 32002 0 0 0 0 0 0
WIT 6 304 305 285 280 318 1568 0 0 0 32002 0 -1 0 0 0 32002 32002 0 0 0 0 0 0
WIT 6 304 305 315 310 364 1568 0 0 0 32002 0 -1 0 0 0 32002 32002 0 0 0 0 0 0
WIT 6 304 305 324 319 360 1568 0 0 0 32002 0 -1 0 0 0 32002 32002 0 0 0 0 0 0
WIT 9 304 305 285 268 265 0 0 0 0 305 0 -1 0 0 0 32002 32002 0 0 0 0 0 536
WIT 8 304 305 303 296 282 0 0 1 0 305 0 -1 0 0 0 32002 32002 0 0 0 0 0 658
WIT 6 304 305 295 290 289 0 0 0 0 304 0 -1 0 0 0 32002 32002 0 0 0 0 0 0
WIT 7 304 305 285 279 236 0 0 0 0 304 0 -1 0 0 0 32002 32002 0 0 0 0 0 0
WIT 9 304 305 285 277 191 0 0 0 0 304 0 -1 0 0 0 32002 32002 0 0 0 0 0 0
WIT 9 304 305 285 268 236 0 0 0 0 304 0 -1 0 0 0 32002 32002 0 0 0 0 0 0
WIT 8 304 305 285 270 269 0 0 0 0 304 0 -1 0 0 0 32002 32002 0 0 0 0 0 0
WIT 7 -266 -265 -302 -308 -308 4015 0 0 1 -239 0 -1 0 0 0 32002 32002 0 0 0 0 0 2917
WIT 9 -266 -265 -298 -306 -308 0 0 0 0 -275 0 -1 0 0 0 32002 32002 0 0 0 0 0 0
WIT 8 -266 -265 -243 -250 -289 0 0 0 0 -263 0 -1 0 0 0 32002 32002 0 0 0 0 0 3178
WIT 7 -266 -265 -296 -302 -335 0 0 0 0 -262 0 -1 0 0 0 32002 32002 0 0 0 0 0 4071
WIT 7 265 305 266 260 254 0 0 0 0 305 0 -1 0 0 0 32002 32002 0 0 0 0 0 1958
WIT 9 304 305 266 258 262 536 0 0 1 303 1 1 15748 1 1 304 289 0 0 0 0 1 0
WIT 8 331 332 309 302 278 0 0 0 0 332 0 -1 0 0 0 32002 32002 0 0 0 0 0 454
WIT 8 331 332 305 290 296 454 0 0 1 359 0 -1 0 0 0 32002 32002 0 0 0 0 0 536
WIT 6 331 332 326 321 321 148 0 0 1 336 0 -1 0 0 0 32002 32002 0 0 0 0 0 536
WIT 6 331 332 305 300 300 1375 0 0 1 385 0 -1 0 0 0 32002 32002 0 0 0 0 0 148
WIT 6 331 332 305 300 316 148 0 0 1 332 0 -1 0 0 0 32002 32002 0 0 0 0 0 536
WIT 6 331 332 305 300 300 148 0 0 1 332 0 -1 0 0 0 32002 32002 0 0 0 0 0 536
WIT 7 278 332 305 299 262 0 0 0 0 332 0 -1 0 0 0 32002 32002 0 0 0 0 0 1958
WIT 8 331 332 305 298 334 1503 0 0 0 32002 0 -1 0 0 0 32002 32002 0 0 0 0 0 0
WIT 6 331 332 305 300 290 0 0 0 0 326 0 -1 0 0 0 32002 32002 0 0 0 0 0 0
WIT 8 -286 -285 -230 -245 -243 3502 0 0 0 32002 0 -1 0 0 0 32002 32002 0 0 0 0 0 0

===========================
Total time (ms) : 64
Nodes searched  : 46720
Nodes/second    : 730000
