
Position: 1/1 (rnbqk1nr/pp3pp1/7p/3p4/1bpP4/2N1PN2/PP1B1PPP/R2QKB1R w KQkq - 0 8)
WIT 6 -178 -177 -145 -150 -664 0 0 0 0 -110 0 -1 0 0 0 32002 32002 0 0 0 0 0 1611
WIT 6 195 196 362 357 339 0 0 0 0 200 0 -1 0 0 0 32002 32002 0 0 0 0 0 1114
WIT 6 -174 -173 -152 -157 -135 4020 0 0 0 32002 0 -1 0 0 0 32002 32002 0 0 0 0 0 0
WIT 6 -174 -173 -180 -185 -187 0 0 0 0 -141 0 -1 0 0 0 32002 32002 0 0 0 0 0 1097
WIT 7 -174 -173 -181 -194 -307 0 0 1 0 -173 0 -1 0 0 0 32002 32002 0 0 0 0 0 3690
WIT 6 -174 -173 -137 -142 -244 0 0 0 0 -173 0 -1 0 0 0 32002 32002 0 0 0 0 0 1618
WIT 6 -174 -173 -137 -142 -138 3690 0 0 0 32002 0 -1 0 0 0 32002 32002 0 0 0 0 0 0
WIT 6 -174 -173 -128 -133 -134 0 0 0 0 -173 0 -1 0 0 0 32002 32002 0 0 0 0 0 1618
WIT 6 -174 -173 -135 -140 -96 0 0 0 0 32002 0 -1 0 0 0 32002 32002 0 0 0 0 0 0
WIT 6 -174 -173 -93 -98 -37 0 0 0 0 32002 0 -1 0 0 0 32002 32002 0 0 0 0 0 0
WIT 6 -174 -173 -121 -126 -77 0 0 0 0 32002 0 -1 0 0 0 32002 32002 0 0 0 0 0 0
WIT 6 -174 -173 -102 -107 -45 0 0 0 0 32002 0 -1 0 0 0 32002 32002 0 0 0 0 0 0
WIT 6 -174 -173 -108 -113 -59 0 0 0 0 32002 0 -1 0 0 0 32002 32002 0 0 0 0 0 0
WIT 6 -174 -173 -102 -107 -46 0 0 0 0 32002 0 -1 0 0 0 32002 32002 0 0 0 0 0 0
WIT 6 -174 -173 -87 -92 -56 0 0 0 0 32002 0 -1 0 0 0 32002 32002 0 0 0 0 0 0
WIT 6 -174 -173 -115 -120 -75 0 0 0 0 32002 0 -1 0 0 0 32002 32002 0 0 0 0 0 0
WIT 6 -174 -173 -114 -119 -59 0 0 0 0 32002 0 -1 0 0 0 32002 32002 0 0 0 0 0 0
WIT 6 -174 -173 -129 -134 -134 4020 0 0 0 32002 0 -1 0 0 0 32002 32002 0 0 0 0 0 0
WIT 6 -174 -173 -128 -133 -133 3690 0 0 0 32002 0 -1 0 0 0 32002 32002 0 0 0 0 0 0
WIT 6 -174 -173 -88 -93 -40 0 0 0 0 32002 0 -1 0 0 0 32002 32002 0 0 0 0 0 0
WIT 6 -174 -173 -118 -123 -73 0 0 0 0 32002 0 -1 0 0 0 32002 32002 0 0 0 0 0 0
WIT 6 -174 -173 -128 -133 -133 3690 0 0 0 32002 0 -1 0 0 0 32002 32002 0 0 0 0 0 0
WIT 6 -174 -173 -127 -132 -85 0 0 0 0 32002 0 -1 0 0 0 32002 32002 0 0 0 0 0 0
WIT 6 -174 -173 -128 -133 -77 0 0 0 0 32002 0 -1 0 0 0 32002 32002 0 0 0 0 0 0
WIT 6 -174 -173 -128 -133 -133 3690 0 0 0 32002 0 -1 0 0 0 32002 32002 0 0 0 0 0 0
WIT 6 -174 -173 -109 -114 -69 0 0 0 0 32002 0 -1 0 0 0 32002 32002 0 0 0 0 0 0
WIT 6 -174 -173 -119 -124 -85 0 0 0 0 32002 0 -1 0 0 0 32002 32002 0 0 0 0 0 0
WIT 8 -164 -163 -170 -185 -183 4020 0 0 1 -163 0 -1 0 0 0 32002 32002 0 0 0 0 0 1618
WIT 6 -164 -163 -104 -109 219 1097 0 0 0 32002 0 -1 0 0 0 32002 32002 0 0 0 0 0 0
WIT 8 -164 -163 -170 -185 -214 0 0 0 0 -163 0 -1 0 0 0 32002 32002 0 0 0 0 0 1681
WIT 8 -164 -163 -110 -117 -183 0 0 0 0 -137 0 -1 0 0 0 32002 32002 0 0 0 0 0 1611
WIT 7 -164 -163 -173 -186 -299 0 0 1 0 -163 0 -1 0 0 0 32002 32002 0 0 0 0 0 3690
WIT 8 -164 -163 -78 -85 -374 0 0 0 0 -137 0 -1 0 0 0 32002 32002 0 0 0 0 0 3811
WIT 7 -164 -163 -118 -131 -401 0 0 0 0 -139 0 -1 0 0 0 32002 32002 0 0 0 0 0 1611
WIT 6 -164 -163 -137 -142 -138 3690 0 0 0 32002 0 -1 0 0 0 32002 32002 0 0 0 0 0 0
WIT 6 -164 -163 -173 -178 -146 0 0 0 0 32002 0 -1 0 0 0 32002 32002 0 0 0 0 0 0
WIT 6 -164 -163 -135 -140 -96 0 0 0 0 32002 0 -1 0 0 0 32002 32002 0 0 0 0 0 0
WIT 6 -164 -163 -93 -98 -37 0 0 0 0 32002 0 -1 0 0 0 32002 32002 0 0 0 0 0 0
WIT 6 -164 -163 -121 -126 -77 0 0 0 0 32002 0 -1 0 0 0 32002 32002 0 0 0 0 0 0
WIT 6 -164 -163 -102 -107 -45 0 0 0 0 32002 0 -1 0 0 0 32002 32002 0 0 0 0 0 0
WIT 6 -164 -163 -108 -113 -59 0 0 0 0 32002 0 -1 0 0 0 32002 32002 0 0 0 0 0 0
WIT 6 -164 -163 -102 -107 -46 0 0 0 0 32002 0 -1 0 0 0 32002 32002 0 0 0 0 0 0
WIT 6 -164 -163 -87 -92 -56 0 0 0 0 32002 0 -1 0 0 0 32002 32002 0 0 0 0 0 0
WIT 6 -164 -163 -115 -120 -75 0 0 0 0 32002 0 -1 0 0 0 32002 32002 0 0 0 0 0 0
WIT 6 -164 -163 -114 -119 -59 0 0 0 0 32002 0 -1 0 0 0 32002 32002 0 0 0 0 0 0
WIT 6 -164 -163 -129 -134 -134 4020 0 0 0 32002 0 -1 0 0 0 32002 32002 0 0 0 0 0 0
WIT 6 -164 -163 -128 -133 -133 3690 0 0 0 32002 0 -1 0 0 0 32002 32002 0 0 0 0 0 0
WIT 6 -164 -163 -88 -93 -40 0 0 0 0 32002 0 -1 0 0 0 32002 32002 0 0 0 0 0 0
WIT 6 -164 -163 -118 -123 -73 0 0 0 0 32002 0 -1 0 0 0 32002 32002 0 0 0 0 0 0
WIT 6 -164 -163 -128 -133 -133 3690 0 0 0 32002 0 -1 0 0 0 32002 32002 0 0 0 0 0 0
WIT 6 -164 -163 -127 -132 -85 0 0 0 0 32002 0 -1 0 0 0 32002 32002 0 0 0 0 0 0
WIT 6 -164 -163 -128 -133 -77 0 0 0 0 32002 0 -1 0 0 0 32002 32002 0 0 0 0 0 0
WIT 6 -164 -163 -128 -133 -133 3690 0 0 0 32002 0 -1 0 0 0 32002 32002 0 0 0 0 0 0
WIT 6 -164 -163 -109 -114 -69 0 0 0 0 32002 0 -1 0 0 0 32002 32002 0 0 0 0 0 0
WIT 6 -164 -163 -119 -124 -85 0 0 0 0 32002 0 -1 0 0 0 32002 32002 0 0 0 0 0 0
WIT 8 -151 -150 -163 -178 -159 4013 0 0 1 -152 1 1 8362 1 1 -151 -134 0 0 0 0 22 4013
WIT 8 -151 -150 -136 -143 -124 4020 0 0 0 32002 0 -1 0 0 0 32002 32002 0 0 0 0 0 0
WIT 6 -151 -150 -22 -27 37 3827 0 1 0 32002 0 -1 0 0 0 32002 32002 0 0 0 0 0 0
WIT 8 -151 -150 -141 -148 -198 0 0 1 0 -137 0 -1 0 0 0 32002 32002 0 0 0 0 0 3178
WIT 7 -151 -150 -145 -158 -179 0 0 0 0 -138 0 -1 0 0 0 32002 32002 0 0 0 0 0 1097
WIT 6 -151 -150 -136 -141 -106 1097 0 0 0 32002 0 -1 0 0 0 32002 32002 0 0 0 0 0 0
WIT 6 -151 -150 -104 -109 219 1097 0 0 0 32002 0 -1 0 0 0 32002 32002 0 0 0 0 0 0
WIT 6 -151 -150 -137 -142 -92 0 0 0 0 32002 0 -1 0 0 0 32002 32002 0 0 0 0 0 0
WIT 8 -151 -150 -163 -178 -199 0 0 0 0 -148 0 -1 0 0 0 32002 32002 0 0 0 0 0 1681
WIT 7 -151 -150 -113 -119 -48 0 0 0 0 32002 0 -1 0 0 0 32002 32002 0 0 0 0 0 0
WIT 7 -151 -150 -163 -176 -290 0 0 1 0 -148 0 -1 0 0 0 32002 32002 0 0 0 0 0 3690
WIT 7 -151 -150 -94 -100 -100 3169 0 0 0 32002 0 -1 0 0 0 32002 32002 0 0 0 0 0 0
WIT 7 -151 -150 -124 -137 -174 0 0 0 0 -104 0 -1 0 0 0 32002 32002 0 0 0 0 0 1618
WIT 6 -151 -150 -137 -142 -138 3690 0 0 0 32002 0 -1 0 0 0 32002 32002 0 0 0 0 0 0
WIT 6 -151 -150 -173 -178 -145 0 0 0 0 32002 0 -1 0 0 0 32002 32002 0 0 0 0 0 0
WIT 6 -151 -150 -135 -140 -96 0 0 0 0 32002 0 -1 0 0 0 32002 32002 0 0 0 0 0 0
WIT 6 -151 -150 -93 -98 -37 0 0 0 0 32002 0 -1 0 0 0 32002 32002 0 0 0 0 0 0
WIT 6 -151 -150 -121 -126 -77 0 0 0 0 32002 0 -1 0 0 0 32002 32002 0 0 0 0 0 0
WIT 6 -151 -150 -102 -107 -45 0 0 0 0 32002 0 -1 0 0 0 32002 32002 0 0 0 0 0 0
WIT 6 -151 -150 -108 -113 -59 0 0 0 0 32002 0 -1 0 0 0 32002 32002 0 0 0 0 0 0
WIT 6 -151 -150 -102 -107 -46 0 0 0 0 32002 0 -1 0 0 0 32002 32002 0 0 0 0 0 0
WIT 6 -151 -150 -87 -92 -56 0 0 0 0 32002 0 -1 0 0 0 32002 32002 0 0 0 0 0 0
WIT 6 -151 -150 -115 -120 -75 0 0 0 0 32002 0 -1 0 0 0 32002 32002 0 0 0 0 0 0
WIT 6 -151 -150 -114 -119 -59 0 0 0 0 32002 0 -1 0 0 0 32002 32002 0 0 0 0 0 0
WIT 6 -151 -150 -129 -134 -134 4020 0 0 0 32002 0 -1 0 0 0 32002 32002 0 0 0 0 0 0
WIT 6 -151 -150 -128 -133 -133 3690 0 0 0 32002 0 -1 0 0 0 32002 32002 0 0 0 0 0 0
WIT 6 -151 -150 -88 -93 -40 0 0 0 0 32002 0 -1 0 0 0 32002 32002 0 0 0 0 0 0
WIT 6 -151 -150 -118 -123 -73 0 0 0 0 32002 0 -1 0 0 0 32002 32002 0 0 0 0 0 0
WIT 6 -151 -150 -128 -133 -133 3690 0 0 0 32002 0 -1 0 0 0 32002 32002 0 0 0 0 0 0
WIT 6 -151 -150 -127 -132 -85 0 0 0 0 32002 0 -1 0 0 0 32002 32002 0 0 0 0 0 0
WIT 6 -151 -150 -128 -133 -77 0 0 0 0 32002 0 -1 0 0 0 32002 32002 0 0 0 0 0 0
WIT 6 -151 -150 -128 -133 -133 3690 0 0 0 32002 0 -1 0 0 0 32002 32002 0 0 0 0 0 0
WIT 6 -151 -150 -109 -114 -69 0 0 0 0 32002 0 -1 0 0 0 32002 32002 0 0 0 0 0 0
WIT 6 -151 -150 -119 -124 -85 0 0 0 0 32002 0 -1 0 0 0 32002 32002 0 0 0 0 0 0
WIT 8 -134 -133 -135 -150 -124 4020 0 0 0 32002 0 -1 0 0 0 32002 32002 0 0 0 0 0 0
WIT 9 -134 -133 -136 -144 -129 4020 0 0 0 32002 0 -1 0 0 0 32002 32002 0 0 0 0 0 0
WIT 9 -134 -133 -138 -155 -202 0 0 1 0 -130 0 -1 0 0 0 32002 32002 0 0 0 0 0 3178
WIT 8 -134 -133 -139 -154 -177 0 0 0 0 -135 0 -1 0 0 0 32002 32002 0 0 0 0 0 0
WIT 8 -134 -133 -148 -163 -189 0 0 0 0 -134 0 -1 0 0 0 32002 32002 0 0 0 0 0 0
WIT 7 -134 -133 -148 -161 -278 0 0 1 0 -134 0 -1 0 0 0 32002 32002 0 0 0 0 0 0
WIT 6 159 160 149 144 164 722 1 0 0 32002 0 -1 0 0 0 32002 32002 0 0 0 0 0 0
WIT 7 178 179 303 297 180 0 0 0 0 179 0 -1 0 0 0 32002 32002 0 0 0 0 0 1114
WIT 9 178 179 174 157 157 353 0 0 1 181 0 -1 0 0 0 32002 32002 0 0 0 0 0 209
WIT 7 178 179 283 270 221 0 0 0 0 179 0 -1 0 0 0 32002 32002 0 0 0 0 0 1114
WIT 7 178 179 253 247 222 0 0 0 0 198 0 -1 0 0 0 32002 32002 0 0 0 0 0 1114
WIT 6 187 188 191 186 261 0 0 0 0 32002 0 -1 0 0 0 32002 32002 0 0 0 0 0 0
WIT 8 187 188 180 165 165 353 0 0 1 205 0 -1 0 0 0 32002 32002 0 0 0 0 0 209
WIT 7 205 206 203 190 195 353 0 0 1 209 0 -1 0 0 0 32002 32002 0 0 0 0 0 209
WIT 7 208 209 191 185 265 0 0 0 0 32002 0 -1 0 0 0 32002 32002 0 0 0 0 0 0
WIT 7 208 209 208 195 196 353 0 0 1 209 0 -1 0 0 0 32002 32002 0 0 0 0 0 209
WIT 6 217 218 191 186 267 0 0 0 0 32002 0 -1 0 0 0 32002 32002 0 0 0 0 0 0
WIT 6 217 218 390 385 289 0 0 0 0 238 0 -1 0 0 0 32002 32002 0 0 0 0 0 1114
WIT 6 217 218 349 344 319 0 0 0 0 234 0 -1 0 0 0 32002 32002 0 0 0 0 0 1114
WIT 8 217 218 209 194 196 353 0 0 1 217 1 1 56075 1 1 217 217 0 0 0 0 12 0
WIT 8 -200 -199 -217 -224 -262 0 0 0 0 -203 0 -1 0 0 0 32002 32002 0 0 0 0 0 0
WIT 6 216 217 203 198 214 1177 0 0 1 217 0 -1 0 0 0 32002 32002 0 0 0 0 0 353
WIT 7 216 217 214 208 232 0 0 0 0 32002 0 -1 0 0 0 32002 32002 0 0 0 0 0 0
WIT 7 -217 -199 -186 -192 -260 0 0 0 0 -178 0 -1 0 0 0 32002 32002 0 0 0 0 0 2138
WIT 6 -200 -199 -133 -138 -84 3690 0 0 0 32002 0 -1 0 0 0 32002 32002 0 0 0 0 0 0
WIT 7 -217 -199 -193 -199 -235 0 0 0 0 -199 0 -1 0 0 0 32002 32002 0 0 0 0 0 3169
WIT 8 199 217 206 199 188 0 0 0 0 324 0 -1 0 0 0 32002 32002 0 0 0 0 0 2154
WIT 7 -200 -199 -127 -133 -203 0 0 1 0 -153 0 -1 0 0 0 32002 32002 0 0 0 0 0 3763
WIT 8 216 217 232 225 178 0 0 0 0 219 0 -1 0 0 0 32002 32002 0 0 0 0 0 2723
WIT 8 216 217 228 221 204 0 0 0 0 218 0 -1 0 0 0 32002 32002 0 0 0 0 0 1578
WIT 7 -217 -199 -190 -196 -212 0 0 1 0 -199 0 -1 0 0 0 32002 32002 0 0 0 0 0 3178
WIT 11 -200 -199 -136 -146 -130 4020 0 0 0 32002 0 -1 0 0 0 32002 32002 0 0 0 0 0 0
WIT 10 -200 -199 -135 -154 -146 1618 1 0 0 32002 0 -1 0 0 0 32002 32002 0 0 0 0 0 0
WIT 8 199 217 200 193 153 0 0 0 0 199 0 -1 0 0 0 32002 32002 0 0 0 0 0 0
WIT 10 -200 -199 -137 -146 -378 0 0 0 0 -134 0 -1 0 0 0 32002 32002 0 0 0 0 0 3811
WIT 9 -200 -199 -139 -156 -416 0 0 0 0 -139 0 -1 0 0 0 32002 32002 0 0 0 0 0 1611
WIT 6 199 200 -37 -42 -347 0 0 0 0 134 0 -1 0 0 0 32002 32002 0 0 0 0 0 0
WIT 8 -200 -199 -72 -79 47 4013 0 0 0 32002 0 -1 0 0 0 32002 32002 0 0 0 0 0 0
WIT 7 199 217 200 194 -380 0 0 0 0 199 0 -1 0 0 0 32002 32002 0 0 0 0 0 0
WIT 8 -200 -199 -109 -116 -79 3690 0 0 0 32002 0 -1 0 0 0 32002 32002 0 0 0 0 0 0
WIT 8 -200 -199 -119 -126 -105 3690 0 0 0 32002 0 -1 0 0 0 32002 32002 0 0 0 0 0 0
WIT 8 -200 -199 -128 -135 -135 3690 0 0 0 32002 0 -1 0 0 0 32002 32002 0 0 0 0 0 0
WIT 7 -200 -199 -128 -134 -134 4013 0 0 0 32002 0 -1 0 0 0 32002 32002 0 0 0 0 0 0
WIT 6 -200 -199 -87 -92 -56 0 0 0 0 32002 0 -1 0 0 0 32002 32002 0 0 0 0 0 0
WIT 6 -200 -199 -115 -120 -75 0 0 0 0 32002 0 -1 0 0 0 32002 32002 0 0 0 0 0 0
WIT 7 -200 -199 -129 -135 -136 0 0 0 0 -199 0 -1 0 0 0 32002 32002 0 0 0 0 0 3690
WIT 7 -200 -199 -128 -134 -134 4013 0 0 0 32002 0 -1 0 0 0 32002 32002 0 0 0 0 0 0
WIT 7 -200 -199 -137 -143 -143 4020 0 0 0 32002 0 -1 0 0 0 32002 32002 0 0 0 0 0 0
WIT 6 -200 -199 -102 -107 -46 0 0 0 0 32002 0 -1 0 0 0 32002 32002 0 0 0 0 0 0
WIT 6 -200 -199 -108 -113 -60 0 0 0 0 32002 0 -1 0 0 0 32002 32002 0 0 0 0 0 0
WIT 6 -200 -199 -102 -107 -47 0 0 0 0 32002 0 -1 0 0 0 32002 32002 0 0 0 0 0 0
WIT 6 -191 -190 -147 -152 -112 0 0 0 0 32002 0 -1 0 0 0 32002 32002 0 0 0 0 0 0
WIT 7 -199 -190 -154 -160 -181 0 0 1 0 -136 0 -1 0 0 0 32002 32002 0 0 0 0 0 3763
WIT 8 -199 -190 -180 -187 -256 0 0 0 0 -183 0 -1 0 0 0 32002 32002 0 0 0 0 0 2138
WIT 7 -191 -190 -183 -189 -197 0 0 1 0 -190 0 -1 0 0 0 32002 32002 0 0 0 0 0 3763
WIT 7 -191 -190 -199 -205 -252 0 0 0 0 -190 0 -1 0 0 0 32002 32002 0 0 0 0 0 2138
WIT 7 -191 -190 -164 -170 -136 4020 0 0 0 32002 0 -1 0 0 0 32002 32002 0 0 0 0 0 0
WIT 7 -191 -190 -133 -139 -116 3690 0 0 0 32002 0 -1 0 0 0 32002 32002 0 0 0 0 0 0
WIT 7 -191 -190 -143 -149 -95 4020 0 0 0 32002 0 -1 0 0 0 32002 32002 0 0 0 0 0 0
WIT 7 -191 -190 -130 -136 -112 4020 0 0 0 32002 0 -1 0 0 0 32002 32002 0 0 0 0 0 0
WIT 6 198 199 217 212 226 536 0 0 0 32002 0 -1 0 0 0 32002 32002 0 0 0 0 0 0
WIT 8 -199 -190 -199 -206 -235 0 0 0 0 -211 0 -1 0 0 0 32002 32002 0 0 0 0 0 0
WIT 9 198 199 236 228 224 0 0 0 0 199 0 -1 0 0 0 32002 32002 0 0 0 0 0 1114
WIT 9 198 199 275 258 193 0 0 0 0 199 0 -1 0 0 0 32002 32002 0 0 0 0 0 1114
WIT 8 198 199 204 189 177 0 0 0 0 198 0 -1 0 0 0 32002 32002 0 0 0 0 0 49415
WIT 7 198 199 315 309 308 0 0 0 0 311 0 -1 0 0 0 32002 32002 0 0 0 0 0 1177
WIT 9 198 199 217 200 199 0 0 0 0 202 0 -1 0 0 0 32002 32002 0 0 0 0 0 722
WIT 7 198 199 214 208 228 0 0 0 0 32002 0 -1 0 0 0 32002 32002 0 0 0 0 0 0
WIT 9 198 199 217 200 199 0 0 0 0 201 0 -1 0 0 0 32002 32002 0 0 0 0 0 209
WIT 9 -199 -190 -199 -207 -217 0 0 0 0 -199 0 -1 0 0 0 32002 32002 0 0 0 0 0 0
WIT 9 210 211 199 182 170 0 0 0 0 211 0 -1 0 0 0 32002 32002 0 0 0 0 0 1114
WIT 9 210 211 382 374 323 0 0 0 0 211 0 -1 0 0 0 32002 32002 0 0 0 0 0 1114
WIT 9 210 211 202 194 267 0 0 0 0 32002 0 -1 0 0 0 32002 32002 0 0 0 0 0 0
WIT 8 210 211 232 217 230 536 0 0 0 32002 0 -1 0 0 0 32002 32002 0 0 0 0 0 0
WIT 7 190 211 199 193 180 0 0 0 0 211 0 -1 0 0 0 32002 32002 0 0 0 0 0 722
WIT 9 210 211 199 182 144 0 0 0 0 211 0 -1 0 0 0 32002 32002 0 0 0 0 0 1114
WIT 9 210 211 356 348 314 0 0 0 0 211 0 -1 0 0 0 32002 32002 0 0 0 0 0 722
WIT 9 210 211 199 182 149 0 0 0 0 211 0 -1 0 0 0 32002 32002 0 0 0 0 0 1114
WIT 9 210 211 199 191 89 0 0 0 0 211 0 -1 0 0 0 32002 32002 0 0 0 0 0 722
WIT 9 210 211 199 182 117 0 0 0 0 211 0 -1 0 0 0 32002 32002 0 0 0 0 0 1114
WIT 8 210 211 200 185 187 353 0 0 1 210 1 1 49064 1 1 210 202 0 1 0 4 8 0
WIT 8 212 213 203 196 196 536 0 0 1 213 0 -1 0 0 0 32002 32002 0 0 0 0 0 353
WIT 8 212 213 214 207 225 0 0 0 0 32002 0 -1 0 0 0 32002 32002 0 0 0 0 0 0
WIT 11 212 213 202 192 266 0 0 0 0 32002 0 -1 0 0 0 32002 32002 0 0 0 0 0 0
WIT 12 212 213 211 188 220 536 0 0 0 32002 0 -1 0 0 0 32002 32002 0 0 0 0 0 0
WIT 10 212 213 295 276 244 0 0 0 0 311 0 -1 0 0 0 32002 32002 0 0 0 0 0 1114
WIT 8 212 213 211 196 178 0 0 0 0 213 0 -1 0 0 0 32002 32002 0 0 0 0 0 1114
WIT 7 212 213 232 219 231 536 0 0 0 32002 0 -1 0 0 0 32002 32002 0 0 0 0 0 0
WIT 6 453 454 483 478 538 0 0 0 0 32002 0 -1 0 0 0 32002 32002 0 0 0 0 0 0
WIT 10 212 213 211 192 152 0 0 0 0 213 0 -1 0 0 0 32002 32002 0 0 0 0 0 1114
WIT 10 212 213 211 192 75 0 0 0 0 213 0 -1 0 0 0 32002 32002 0 0 0 0 0 722
WIT 10 212 213 211 192 155 0 0 0 0 213 0 -1 0 0 0 32002 32002 0 0 0 0 0 1114
WIT 10 212 213 211 192 89 0 0 0 0 213 0 -1 0 0 0 32002 32002 0 0 0 0 0 722
WIT 10 212 213 211 192 124 0 0 0 0 213 0 -1 0 0 0 32002 32002 0 0 0 0 0 1114
WIT 6 217 218 213 208 208 536 0 0 1 218 0 -1 0 0 0 32002 32002 0 0 0 0 0 353
WIT 6 -219 -218 -199 -204 -198 3690 0 0 0 32002 0 -1 0 0 0 32002 32002 0 0 0 0 0 0
WIT 7 -219 -218 -199 -212 -228 0 0 1 0 -244 0 -1 0 0 0 32002 32002 0 0 0 0 0 0
WIT 7 204 222 213 207 199 0 0 0 0 218 0 -1 0 0 0 32002 32002 0 0 0 0 0 353
WIT 8 221 222 214 207 228 0 0 0 0 32002 0 -1 0 0 0 32002 32002 0 0 0 0 0 0
WIT 8 204 222 213 206 202 0 0 0 0 224 0 -1 0 0 0 32002 32002 0 0 0 0 0 209
WIT 9 221 222 357 349 307 0 0 0 0 272 0 -1 0 0 0 32002 32002 0 0 0 0 0 1569
WIT 11 221 222 253 232 207 0 0 0 0 225 0 -1 0 0 0 32002 32002 0 0 0 0 0 536
WIT 9 221 222 247 230 217 0 0 0 0 222 0 -1 0 0 0 32002 32002 0 0 0 0 0 49415
WIT 8 221 222 298 291 290 0 0 0 0 222 0 -1 0 0 0 32002 32002 0 0 0 0 0 1177
WIT 8 221 222 218 211 210 0 0 0 0 222 0 -1 0 0 0 32002 32002 0 0 0 0 0 353
WIT 13 221 222 211 186 220 536 0 0 1 239 0 -1 0 0 0 32002 32002 0 0 0 0 0 1114
WIT 8 221 222 213 198 180 0 0 0 0 222 0 -1 0 0 0 32002 32002 0 0 0 0 0 1114
WIT 7 221 222 232 219 231 536 0 0 0 32002 0 -1 0 0 0 32002 32002 0 0 0 0 0 0
WIT 11 221 222 213 192 167 0 0 0 0 222 0 -1 0 0 0 32002 32002 0 0 0 0 0 722
WIT 11 221 222 213 192 193 332 0 0 1 236 0 -1 0 0 0 32002 32002 0 0 0 0 0 1114
WIT 9 221 222 454 446 342 0 0 0 0 315 0 -1 0 0 0 32002 32002 0 0 0 0 0 722
WIT 9 221 222 213 196 173 0 0 0 0 222 0 -1 0 0 0 32002 32002 0 0 0 0 0 1114
WIT 9 221 222 213 196 117 0 0 0 0 222 0 -1 0 0 0 32002 32002 0 0 0 0 0 722
WIT 9 221 222 213 196 159 0 0 0 0 222 0 -1 0 0 0 32002 32002 0 0 0 0 0 1114
WIT 7 233 234 214 208 229 0 0 0 0 307 0 -1 0 0 0 32002 32002 0 0 0 0 0 1123
WIT 7 210 234 223 217 202 0 0 0 0 236 0 -1 0 0 0 32002 32002 0 0 0 0 0 209
WIT 11 233 234 408 398 280 0 0 0 0 302 0 -1 0 0 0 32002 32002 0 0 0 0 0 1177
WIT 10 233 234 267 248 244 0 0 0 0 383 0 -1 0 0 0 32002 32002 0 0 0 0 0 1569
WIT 10 233 234 224 205 194 0 0 0 0 251 0 -1 0 0 0 32002 32002 0 0 0 0 0 536
WIT 12 233 234 222 211 270 0 0 0 0 32002 0 -1 0 0 0 32002 32002 0 0 0 0 0 0
WIT 10 233 234 222 203 183 0 0 0 0 234 0 -1 0 0 0 32002 32002 0 0 0 0 0 1114
WIT 9 233 234 232 215 255 536 0 0 0 32002 0 -1 0 0 0 32002 32002 0 0 0 0 0 0
WIT 10 233 234 222 203 168 0 0 0 0 234 0 -1 0 0 0 32002 32002 0 0 0 0 0 722
WIT 10 233 234 222 203 117 0 0 0 0 234 0 -1 0 0 0 32002 32002 0 0 0 0 0 722
WIT 10 233 234 222 203 163 0 0 0 0 234 0 -1 0 0 0 32002 32002 0 0 0 0 0 1114
WIT 8 233 234 222 207 183 0 0 0 0 234 0 -1 0 0 0 32002 32002 0 0 0 0 0 1114
WIT 8 233 234 238 231 244 658 1 0 0 32002 0 -1 0 0 0 32002 32002 0 0 0 0 0 0
WIT 7 233 234 222 216 176 0 0 0 0 241 0 -1 0 0 0 32002 32002 0 0 0 0 0 202
WIT 10 249 250 249 230 195 0 0 0 0 251 0 -1 0 0 0 32002 32002 0 0 0 0 0 536
WIT 12 249 250 222 211 271 0 0 0 0 32002 0 -1 0 0 0 32002 32002 0 0 0 0 0 0
WIT 11 249 250 302 281 262 0 0 0 0 250 0 -1 0 0 0 32002 32002 0 0 0 0 0 1114
WIT 10 249 250 234 215 191 0 0 0 0 250 0 -1 0 0 0 32002 32002 0 0 0 0 0 1114
WIT 11 249 250 237 216 224 536 0 0 1 255 0 -1 0 0 0 32002 32002 0 0 0 0 0 1114
WIT 8 249 250 232 217 253 536 0 0 0 32002 0 -1 0 0 0 32002 32002 0 0 0 0 0 0
WIT 7 249 250 421 415 371 0 0 0 0 302 0 -1 0 0 0 32002 32002 0 0 0 0 0 1114
WIT 9 249 250 234 217 -51 0 0 0 0 250 0 -1 0 0 0 32002 32002 0 0 0 0 0 722
WIT 9 249 250 234 217 204 0 0 0 0 250 0 -1 0 0 0 32002 32002 0 0 0 0 0 1114
WIT 9 249 250 234 217 121 0 0 0 0 250 0 -1 0 0 0 32002 32002 0 0 0 0 0 722
WIT 11 249 250 281 271 345 0 0 0 0 32002 0 -1 0 0 0 32002 32002 0 0 0 0 0 0
WIT 9 249 250 234 217 173 0 0 0 0 250 0 -1 0 0 0 32002 32002 0 0 0 0 0 1114
WIT 8 249 250 234 219 225 332 0 0 1 253 0 -1 0 0 0 32002 32002 0 0 0 0 0 1114
WIT 6 249 250 280 275 275 353 0 0 0 32002 0 -1 0 0 0 32002 32002 0 0 0 0 0 0
WIT 8 270 271 250 235 190 0 0 0 0 275 0 -1 0 0 0 32002 32002 0 0 0 0 0 536
WIT 10 270 271 222 213 277 0 0 0 0 32002 0 -1 0 0 0 32002 32002 0 0 0 0 0 0
WIT 9 270 271 250 233 223 0 0 0 0 271 0 -1 0 0 0 32002 32002 0 0 0 0 0 1114
WIT 10 270 271 254 235 254 536 0 0 1 384 0 -1 0 0 0 32002 32002 0 0 0 0 0 1114
WIT 7 270 271 257 251 294 1177 0 0 0 32002 0 -1 0 0 0 32002 32002 0 0 0 0 0 0
WIT 8 270 271 250 235 204 0 0 0 0 271 0 -1 0 0 0 32002 32002 0 0 0 0 0 1114
WIT 8 270 271 250 235 190 0 0 0 0 271 0 -1 0 0 0 32002 32002 0 0 0 0 0 722
WIT 8 270 271 250 235 215 0 0 0 0 271 0 -1 0 0 0 32002 32002 0 0 0 0 0 1114
WIT 8 270 271 250 235 121 0 0 0 0 271 0 -1 0 0 0 32002 32002 0 0 0 0 0 722
WIT 9 270 271 442 434 429 0 0 0 0 368 0 -1 0 0 0 32002 32002 0 0 0 0 0 1187
WIT 8 270 271 250 235 186 0 0 0 0 271 0 -1 0 0 0 32002 32002 0 0 0 0 0 1114
WIT 8 270 271 252 237 237 332 0 0 1 355 0 -1 0 0 0 32002 32002 0 0 0 0 0 1114
WIT 13 256 257 296 271 196 0 0 0 0 274 0 -1 0 0 0 32002 32002 0 0 0 0 0 1177
WIT 11 256 257 370 349 298 0 0 0 0 301 0 -1 0 0 0 32002 32002 0 0 0 0 0 1569
WIT 12 256 257 274 251 195 0 0 0 0 272 0 -1 0 0 0 32002 32002 0 0 0 0 0 536
WIT 12 256 257 222 211 275 0 0 0 0 32002 0 -1 0 0 0 32002 32002 0 0 0 0 0 0
WIT 11 256 257 271 250 250 536 0 0 1 271 0 -1 0 0 0 32002 32002 0 0 0 0 0 1114
WIT 10 256 257 373 354 351 0 0 0 0 257 0 -1 0 0 0 32002 32002 0 0 0 0 0 1114
WIT 9 256 257 271 254 249 0 0 0 0 271 0 -1 0 0 0 32002 32002 0 0 0 0 0 1114
WIT 7 256 257 357 344 352 536 0 0 0 32002 0 -1 0 0 0 32002 32002 0 0 0 0 0 0
WIT 11 256 257 271 250 -195 0 0 0 0 257 0 -1 0 0 0 32002 32002 0 0 0 0 0 722
WIT 9 256 257 271 254 228 0 0 0 0 271 0 -1 0 0 0 32002 32002 0 0 0 0 0 1114
WIT 10 256 257 271 252 53 0 0 0 0 257 0 -1 0 0 0 32002 32002 0 0 0 0 0 722
WIT 10 256 257 359 340 340 1698 0 0 0 32002 0 -1 0 0 0 32002 32002 0 0 0 0 0 0
WIT 10 256 257 271 252 198 0 0 0 0 257 0 -1 0 0 0 32002 32002 0 0 0 0 0 1114
WIT 9 256 257 345 328 320 0 0 0 0 257 0 -1 0 0 0 32002 32002 0 0 0 0 0 1114
WIT 9 256 257 406 398 396 0 0 0 0 424 0 -1 0 0 0 32002 32002 0 0 0 0 0 1185
WIT 9 256 257 280 272 271 0 0 0 0 257 0 -1 0 0 0 32002 32002 0 0 0 0 0 657
WIT 8 256 257 281 274 242 0 0 0 0 278 0 -1 0 0 0 32002 32002 0 0 0 0 0 1114
WIT 8 256 257 278 263 205 0 0 0 0 257 0 -1 0 0 0 32002 32002 0 0 0 0 0 202
WIT 6 256 257 422 417 376 0 0 0 0 338 0 -1 0 0 0 32002 32002 0 0 0 0 0 1114
WIT 7 246 268 257 251 206 0 0 0 0 266 0 -1 0 0 0 32002 32002 0 0 0 0 0 209
WIT 10 265 266 222 213 276 0 0 0 0 32002 0 -1 0 0 0 32002 32002 0 0 0 0 0 0
WIT 8 265 266 269 254 217 0 0 0 0 266 0 -1 0 0 0 32002 32002 0 0 0 0 0 1114
WIT 8 265 266 257 242 237 0 0 0 0 271 0 -1 0 0 0 32002 32002 0 0 0 0 0 1114
WIT 7 265 266 357 344 352 536 0 0 0 32002 0 -1 0 0 0 32002 32002 0 0 0 0 0 0
WIT 7 265 266 257 244 -57 0 0 0 0 266 0 -1 0 0 0 32002 32002 0 0 0 0 0 722
WIT 7 265 266 257 244 73 0 0 0 0 266 0 -1 0 0 0 32002 32002 0 0 0 0 0 722
WIT 7 265 266 257 244 192 0 0 0 0 266 0 -1 0 0 0 32002 32002 0 0 0 0 0 1114
WIT 6 -267 -266 -128 -133 -133 3690 0 0 0 32002 0 -1 0 0 0 32002 32002 0 0 0 0 0 0
WIT 6 -267 -266 -147 -152 -152 3690 0 0 0 32002 0 -1 0 0 0 32002 32002 0 0 0 0 0 0

===========================
Total time (ms) : 11
Nodes searched  : 9922
Nodes/second    : 902000
