
Position: 1/1 (rn2k1nr/ppp2ppp/3p2q1/2b1p3/2B1P3/2PP1NP1/PP3P1P/RNB2QK1 b kq - 0 8)
WIT 6 -253 -252 -217 -222 -254 0 0 0 0 -247 0 -1 0 0 0 32002 32002 0 0 0 0 0 398
WIT 8 265 266 259 244 221 0 0 0 0 266 0 -1 0 0 0 32002 32002 0 0 0 0 0 3104
WIT 7 265 266 254 248 233 0 0 0 0 266 0 -1 0 0 0 32002 32002 0 0 0 0 0 3699
WIT 6 276 277 281 276 310 3242 0 1 0 32002 0 -1 0 0 0 32002 32002 0 0 0 0 0 0
WIT 7 276 277 266 253 248 0 0 0 0 277 0 -1 0 0 0 32002 32002 0 0 0 0 0 3104
WIT 7 276 277 390 384 802 3300 1 0 0 32002 0 -1 0 0 0 32002 32002 0 0 0 0 0 0
WIT 6 276 277 299 294 677 3300 1 0 0 32002 0 -1 0 0 0 32002 32002 0 0 0 0 0 0
WIT 6 276 277 266 261 148 0 0 0 0 284 0 -1 0 0 0 32002 32002 0 0 0 0 0 2989
WIT 7 295 296 299 293 725 3300 1 0 0 32002 0 -1 0 0 0 32002 32002 0 0 0 0 0 0
WIT 8 295 296 284 269 251 0 0 0 0 306 0 -1 0 0 0 32002 32002 0 0 0 0 0 3104
WIT 8 295 296 329 322 345 4020 0 0 0 32002 0 -1 0 0 0 32002 32002 0 0 0 0 0 0
WIT 7 295 296 284 271 174 0 0 0 0 302 0 -1 0 0 0 32002 32002 0 0 0 0 0 2989
WIT 8 295 296 284 269 257 0 0 0 0 328 0 -1 0 0 0 32002 32002 0 0 0 0 0 3699
WIT 8 295 296 278 271 178 0 0 0 0 306 0 -1 0 0 0 32002 32002 0 0 0 0 0 2989
WIT 7 295 296 284 271 256 0 0 0 0 295 0 -1 0 0 0 32002 32002 0 0 0 0 0 0
WIT 6 -273 -272 141 136 162 397 1 1 0 32002 0 -1 0 0 0 32002 32002 0 0 0 0 0 0
WIT 6 327 328 317 312 277 0 0 0 0 335 0 -1 0 0 0 32002 32002 0 0 0 0 0 3104
WIT 6 349 350 367 362 339 0 0 0 0 366 0 -1 0 0 0 32002 32002 0 0 0 0 0 3104
WIT 8 349 350 390 383 802 3300 1 0 0 32002 0 -1 0 0 0 32002 32002 0 0 0 0 0 0
WIT 7 349 350 297 284 222 0 0 0 0 353 0 -1 0 0 0 32002 32002 0 0 0 0 0 2989
WIT 7 349 350 293 287 258 0 0 0 0 350 0 -1 0 0 0 32002 32002 0 0 0 0 0 2217
WIT 7 348 349 378 365 294 0 0 0 0 368 0 -1 0 0 0 32002 32002 0 0 0 0 0 4020
WIT 10 348 349 364 345 329 0 0 0 0 370 0 -1 0 0 0 32002 32002 0 0 0 0 0 3104
WIT 11 348 349 360 339 176 0 0 0 0 329 0 -1 0 0 0 32002 32002 0 0 0 0 0 0
WIT 8 -318 -317 -318 -325 -306 725 0 0 0 32002 0 -1 0 0 0 32002 32002 0 0 0 0 0 0
WIT 8 -318 -317 -308 -315 -323 0 0 0 0 -284 0 -1 0 0 0 32002 32002 0 0 0 0 0 725
WIT 6 -318 -317 -104 -109 -109 398 0 1 0 32002 0 -1 0 0 0 32002 32002 0 0 0 0 0 0
WIT 7 -349 -317 -329 -335 -368 0 0 0 0 -309 0 -1 0 0 0 32002 32002 0 0 0 0 0 75
WIT 6 317 318 175 170 49 0 0 0 0 340 0 -1 0 0 0 32002 32002 0 0 0 0 0 3632
WIT 9 -318 -317 -295 -312 -313 0 0 0 0 -359 0 -1 0 0 0 32002 32002 0 0 0 0 0 0
WIT 9 317 318 305 288 267 0 0 0 0 302 0 -1 0 0 0 32002 32002 0 0 0 0 0 0
WIT 8 317 318 301 286 185 0 0 0 0 304 0 -1 0 0 0 32002 32002 0 0 0 0 0 0
WIT 10 -318 -317 -247 -266 -242 75 0 0 0 32002 0 -1 0 0 0 32002 32002 0 0 0 0 0 0
WIT 8 -318 -317 -209 -224 -225 0 0 0 0 -313 0 -1 0 0 0 32002 32002 0 0 0 0 0 1375
WIT 6 -318 -317 -192 -197 -183 1243 0 0 0 32002 0 -1 0 0 0 32002 32002 0 0 0 0 0 0
WIT 6 -318 -317 -150 -155 -127 1243 0 0 0 32002 0 -1 0 0 0 32002 32002 0 0 0 0 0 0
WIT 6 -318 -317 -228 -233 -233 1375 0 0 0 32002 0 -1 0 0 0 32002 32002 0 0 0 0 0 0
WIT 6 -318 -317 -193 -198 -198 1375 0 0 0 32002 0 -1 0 0 0 32002 32002 0 0 0 0 0 0
WIT 7 -302 -301 -261 -267 -264 536 0 0 0 32002 0 -1 0 0 0 32002 32002 0 0 0 0 0 0
WIT 7 -302 -301 -284 -297 -282 536 0 0 0 32002 0 -1 0 0 0 32002 32002 0 0 0 0 0 0
WIT 6 -302 -301 -287 -292 -248 536 0 0 0 32002 0 -1 0 0 0 32002 32002 0 0 0 0 0 0
WIT 9 -302 -301 66 58 -298 0 0 1 0 -50 0 -1 0 0 0 32002 32002 0 0 0 0 0 397
WIT 8 -302 -301 -181 -188 -402 0 0 1 0 -282 0 -1 0 0 0 32002 32002 0 0 0 0 0 333
WIT 6 -302 -301 -255 -260 -232 536 0 0 0 32002 0 -1 0 0 0 32002 32002 0 0 0 0 0 0
WIT 8 -317 -301 -309 -316 -368 0 0 0 0 -287 0 -1 0 0 0 32002 32002 0 0 0 0 0 75
WIT 9 -317 -301 -309 -317 -325 0 0 0 0 -288 0 -1 0 0 0 32002 32002 0 0 0 0 0 1375
WIT 11 -302 -301 -305 -326 -306 536 0 0 1 -301 0 -1 0 0 0 32002 32002 0 0 0 0 0 1375
WIT 9 -302 -301 -313 -330 -309 75 0 0 1 -299 0 -1 0 0 0 32002 32002 0 0 0 0 0 1375
WIT 10 -302 -301 -247 -266 -238 75 0 0 0 32002 0 -1 0 0 0 32002 32002 0 0 0 0 0 0
WIT 8 -302 -301 -269 -276 -223 75 0 0 0 32002 0 -1 0 0 0 32002 32002 0 0 0 0 0 0
WIT 8 -302 -301 -309 -324 -324 75 0 0 1 -301 0 -1 0 0 0 32002 32002 0 0 0 0 0 601
WIT 8 -302 -301 -308 -315 -315 1375 0 0 1 -280 0 -1 0 0 0 32002 32002 0 0 0 0 0 1243
WIT 9 -302 -301 -313 -321 -296 1243 0 0 0 32002 0 -1 0 0 0 32002 32002 0 0 0 0 0 0
WIT 9 -302 -301 -264 -272 -279 0 0 0 0 -282 0 -1 0 0 0 32002 32002 0 0 0 0 0 1243
WIT 7 -281 -280 1 -5 -263 0 0 1 0 -186 0 -1 0 0 0 32002 32002 0 0 0 0 0 333
WIT 6 -281 -280 -287 -292 -248 536 0 0 0 32002 0 -1 0 0 0 32002 32002 0 0 0 0 0 0
WIT 9 -281 -280 -283 -300 -291 536 0 0 1 -280 0 -1 0 0 0 32002 32002 0 0 0 0 0 725
WIT 7 -281 -280 -287 -300 -291 536 0 0 1 -279 0 -1 0 0 0 32002 32002 0 0 0 0 0 725
WIT 8 -281 -280 -283 -298 -473 0 0 1 0 -162 0 -1 0 0 0 32002 32002 0 0 0 0 0 333
WIT 7 -281 -280 -117 -123 -66 398 0 1 0 32002 0 -1 0 0 0 32002 32002 0 0 0 0 0 0
WIT 7 -281 -280 -255 -261 -243 536 0 0 0 32002 0 -1 0 0 0 32002 32002 0 0 0 0 0 0
WIT 7 -281 -280 -291 -297 -274 536 0 0 0 32002 0 -1 0 0 0 32002 32002 0 0 0 0 0 0
WIT 7 -281 -280 -309 -315 -369 0 0 0 0 -282 0 -1 0 0 0 32002 32002 0 0 0 0 0 0
WIT 6 -281 -280 -226 -231 -215 1243 0 0 0 32002 0 -1 0 0 0 32002 32002 0 0 0 0 0 0
WIT 7 -281 -280 -284 -290 -291 0 0 0 0 -263 0 -1 0 0 0 32002 32002 0 0 0 0 0 725
WIT 7 300 301 286 280 220 0 0 0 0 301 0 -1 0 0 0 32002 32002 0 0 0 0 0 2650
WIT 9 300 301 435 427 435 2217 0 0 0 32002 0 -1 0 0 0 32002 32002 0 0 0 0 0 0
WIT 8 300 301 433 426 427 4020 0 0 0 32002 0 -1 0 0 0 32002 32002 0 0 0 0 0 0
WIT 7 -301 -280 -288 -294 -368 0 0 0 0 -301 0 -1 0 0 0 32002 32002 0 0 0 0 0 0
WIT 9 -301 -280 -289 -297 -297 75 0 0 1 -301 1 1 3774 1 1 -301 -279 0 0 0 0 253 75
WIT 10 -281 -280 -301 -320 -307 536 0 0 1 -280 0 -1 0 0 0 32002 32002 0 0 0 0 0 1375
WIT 10 -281 -280 -247 -266 -266 75 0 0 0 32002 0 -1 0 0 0 32002 32002 0 0 0 0 0 0
WIT 10 -281 -280 -299 -318 -303 75 0 0 1 -273 0 -1 0 0 0 32002 32002 0 0 0 0 0 1375
WIT 11 -281 -280 -291 -312 -314 0 0 0 0 -279 0 -1 0 0 0 32002 32002 0 0 0 0 0 1764
WIT 11 -281 -280 -248 -258 -289 0 0 0 0 -219 0 -1 0 0 0 32002 32002 0 0 0 0 0 1179
WIT 10 -281 -280 -293 -312 -313 0 0 0 0 -279 0 -1 0 0 0 32002 32002 0 0 0 0 0 1243
WIT 8 -281 -280 -269 -276 -216 75 0 0 0 32002 0 -1 0 0 0 32002 32002 0 0 0 0 0 0
WIT 8 -281 -280 -269 -276 -250 1375 0 0 0 32002 0 -1 0 0 0 32002 32002 0 0 0 0 0 0
WIT 9 -281 -280 -301 -318 -296 1375 0 0 1 -252 0 -1 0 0 0 32002 32002 0 0 0 0 0 601
WIT 8 -281 -280 -282 -289 -286 1375 0 0 1 -280 0 -1 0 0 0 32002 32002 0 0 0 0 0 1243
WIT 9 -281 -280 -313 -321 -296 1243 0 0 1 -202 0 -1 0 0 0 32002 32002 0 0 0 0 0 1375
WIT 8 -281 -280 -301 -308 -209 1243 0 0 0 32002 0 -1 0 0 0 32002 32002 0 0 0 0 0 0
WIT 8 -281 -280 -271 -278 -158 75 0 0 0 32002 0 -1 0 0 0 32002 32002 0 0 0 0 0 0
WIT 8 -281 -280 -245 -252 -249 1375 0 0 0 32002 0 -1 0 0 0 32002 32002 0 0 0 0 0 0
WIT 9 -281 -280 -251 -259 -260 0 0 0 0 -223 0 -1 0 0 0 32002 32002 0 0 0 0 0 1764
WIT 8 -281 -280 -283 -298 -303 0 0 0 0 -275 0 -1 0 0 0 32002 32002 0 0 0 0 0 1243
WIT 10 -253 -252 -265 -274 -274 536 0 0 1 -252 0 -1 0 0 0 32002 32002 0 0 0 0 0 1375
WIT 9 -253 -252 -260 -268 -269 0 0 0 0 -253 0 -1 0 0 0 32002 32002 0 0 0 0 0 1681
WIT 8 -253 -252 -277 -284 -298 0 0 0 0 -252 0 -1 0 0 0 32002 32002 0 0 0 0 0 1243
WIT 8 -253 -252 83 76 149 397 1 1 0 32002 0 -1 0 0 0 32002 32002 0 0 0 0 0 0
WIT 9 -253 -252 -279 -296 -294 536 0 0 1 -252 0 -1 0 0 0 32002 32002 0 0 0 0 0 725
WIT 8 -253 -252 -279 -286 -298 0 0 0 0 -252 0 -1 0 0 0 32002 32002 0 0 0 0 0 1375
WIT 7 -253 -252 -246 -252 -234 536 0 0 0 32002 0 -1 0 0 0 32002 32002 0 0 0 0 0 0
WIT 7 -253 -252 -262 -268 -245 536 0 0 0 32002 0 -1 0 0 0 32002 32002 0 0 0 0 0 0
WIT 7 -253 -252 -266 -272 -272 1243 0 0 1 -244 0 -1 0 0 0 32002 32002 0 0 0 0 0 1375
WIT 9 -280 -252 -279 -287 -301 0 0 0 0 -252 0 -1 0 0 0 32002 32002 0 0 0 0 0 75
WIT 8 -253 -252 -227 -234 -204 332 0 0 0 32002 0 -1 0 0 0 32002 32002 0 0 0 0 0 0
WIT 6 -253 -252 -208 -213 -201 536 0 0 0 32002 0 -1 0 0 0 32002 32002 0 0 0 0 0 0
WIT 12 -253 -252 -280 -303 -298 536 0 0 1 -252 0 -1 0 0 0 32002 32002 0 0 0 0 0 1375
WIT 10 -253 -252 149 140 367 397 1 1 0 32002 0 -1 0 0 0 32002 32002 0 0 0 0 0 0
WIT 12 -253 -252 -252 -263 -246 332 0 0 0 32002 0 -1 0 0 0 32002 32002 0 0 0 0 0 0
WIT 10 -253 -252 -237 -246 -239 332 0 0 0 32002 0 -1 0 0 0 32002 32002 0 0 0 0 0 0
WIT 12 -253 -252 -254 -265 -272 0 0 0 0 -246 0 -1 0 0 0 32002 32002 0 0 0 0 0 2347
WIT 12 -253 -252 -279 -290 -149 0 0 0 0 32002 0 -1 0 0 0 32002 32002 0 0 0 0 0 0
WIT 10 -253 -252 -222 -231 -258 0 0 0 0 -230 0 -1 0 0 0 32002 32002 0 0 0 0 0 2347
WIT 12 -253 -252 -279 -302 -308 0 0 0 0 -252 0 -1 0 0 0 32002 32002 0 0 0 0 0 1764
WIT 12 -253 -252 -223 -234 -64 1355 0 0 0 32002 0 -1 0 0 0 32002 32002 0 0 0 0 0 0
WIT 7 252 253 259 253 185 0 0 0 0 271 0 -1 0 0 0 32002 32002 0 0 0 0 0 3690
WIT 12 -253 -252 -219 -230 -259 0 0 0 0 -253 0 -1 0 0 0 32002 32002 0 0 0 0 0 148
WIT 12 -253 -252 -223 -246 -285 0 0 0 0 -252 0 -1 0 0 0 32002 32002 0 0 0 0 0 1179
WIT 11 -253 -252 -279 -300 -301 0 0 0 0 -252 0 -1 0 0 0 32002 32002 0 0 0 0 0 1243
WIT 10 -253 -252 -273 -292 -281 398 0 0 1 -249 0 -1 0 0 0 32002 32002 0 0 0 0 0 1375
WIT 13 -253 -252 -228 -253 -253 148 0 0 1 -223 0 -1 0 0 0 32002 32002 0 0 0 0 0 1764
WIT 9 -253 -252 -216 -224 -199 1375 0 0 0 32002 0 -1 0 0 0 32002 32002 0 0 0 0 0 0
WIT 10 -253 -252 -275 -294 -296 0 0 0 0 -252 0 -1 0 0 0 32002 32002 0 0 0 0 0 1243
WIT 9 -253 -252 -269 -277 -265 1375 0 0 1 -250 0 -1 0 0 0 32002 32002 0 0 0 0 0 398
WIT 9 -253 -252 -269 -277 -249 1375 0 0 0 32002 0 -1 0 0 0 32002 32002 0 0 0 0 0 0
WIT 10 -253 -252 -254 -273 -252 1375 0 0 0 32002 0 -1 0 0 0 32002 32002 0 0 0 0 0 0
WIT 10 -253 -252 -209 -218 -179 1243 0 0 0 32002 0 -1 0 0 0 32002 32002 0 0 0 0 0 0
WIT 9 -253 -252 -301 -309 -264 1243 0 0 1 -252 0 -1 0 0 0 32002 32002 0 0 0 0 0 1375
WIT 9 -253 -252 -271 -279 -239 1243 0 0 0 32002 0 -1 0 0 0 32002 32002 0 0 0 0 0 0
WIT 9 -253 -252 -245 -253 -249 1375 0 0 0 32002 0 -1 0 0 0 32002 32002 0 0 0 0 0 0
WIT 10 -253 -252 -280 -289 -285 1375 0 0 1 -236 0 -1 0 0 0 32002 32002 0 0 0 0 0 1243
WIT 6 -252 -251 -226 -231 -215 1243 0 0 0 32002 0 -1 0 0 0 32002 32002 0 0 0 0 0 0
WIT 9 251 252 301 284 280 0 0 0 0 251 0 -1 0 0 0 32002 32002 0 0 0 0 0 0
WIT 7 -215 -214 139 133 337 397 1 1 0 32002 0 -1 0 0 0 32002 32002 0 0 0 0 0 0
WIT 6 -215 -214 -244 -249 365 725 0 0 0 32002 0 -1 0 0 0 32002 32002 0 0 0 0 0 0
WIT 8 -215 -214 -244 -259 -340 0 0 0 0 -205 0 -1 0 0 0 32002 32002 0 0 0 0 0 2021
WIT 6 -215 -214 -282 -287 -287 1243 0 0 1 -214 0 -1 0 0 0 32002 32002 0 0 0 0 0 536
WIT 8 -215 -214 -251 -266 -275 0 0 0 0 -214 0 -1 0 0 0 32002 32002 0 0 0 0 0 725
WIT 8 -252 -214 -248 -255 -221 332 0 0 1 -258 1 3 -8566 0 0 32002 32002 1 0 372 0 0 1375
WIT 11 -215 -214 -252 -262 -253 536 0 0 1 -206 0 -1 0 0 0 32002 32002 0 0 0 0 0 1375
WIT 9 -215 -214 -252 -269 -254 1375 0 0 1 -180 0 -1 0 0 0 32002 32002 0 0 0 0 0 1681
WIT 6 -215 -214 -252 -257 -296 0 0 0 0 -143 0 -1 0 0 0 32002 32002 0 0 0 0 0 1375
WIT 9 -215 -214 -252 -269 -217 1375 0 0 1 -200 0 -1 0 0 0 32002 32002 0 0 0 0 0 1243
WIT 9 -215 -214 83 75 277 397 1 1 0 32002 0 -1 0 0 0 32002 32002 0 0 0 0 0 0
WIT 8 -215 -214 -172 -179 -179 1243 0 0 0 32002 0 -1 0 0 0 32002 32002 0 0 0 0 0 0
WIT 8 -215 -214 171 164 200 397 1 1 0 32002 0 -1 0 0 0 32002 32002 0 0 0 0 0 0
WIT 7 -215 -214 -204 -217 -34 536 0 0 0 32002 0 -1 0 0 0 32002 32002 0 0 0 0 0 0
WIT 10 -215 -214 -214 -233 -252 0 0 0 0 -207 0 -1 0 0 0 32002 32002 0 0 0 0 0 725
WIT 9 -215 -214 -252 -269 -288 0 0 0 0 -212 0 -1 0 0 0 32002 32002 0 0 0 0 0 1375
WIT 8 -215 -214 -262 -269 -269 1243 0 0 1 -183 0 -1 0 0 0 32002 32002 0 0 0 0 0 1375
WIT 8 -215 -214 -246 -253 -211 536 0 0 0 32002 0 -1 0 0 0 32002 32002 0 0 0 0 0 0
WIT 8 -215 -214 -245 -252 -252 1243 0 0 1 -197 0 -1 0 0 0 32002 32002 0 0 0 0 0 1375
WIT 8 -215 -214 -246 -253 -232 536 0 0 1 -140 0 -1 0 0 0 32002 32002 0 0 0 0 0 1375
WIT 9 -252 -214 -252 -260 -301 0 0 0 0 -214 0 -1 0 0 0 32002 32002 0 0 0 0 0 75
WIT 6 -215 -214 -231 -236 -221 1243 0 0 1 -214 0 -1 0 0 0 32002 32002 0 0 0 0 0 536
WIT 12 -215 -214 -232 -255 -255 1375 0 0 1 -214 0 -1 0 0 0 32002 32002 0 0 0 0 0 398
WIT 12 -215 -214 -301 -312 -337 0 0 0 0 -215 0 -1 0 0 0 32002 32002 0 0 0 0 0 0
WIT 11 -215 -214 -302 -323 -326 0 0 0 0 -215 0 -1 0 0 0 32002 32002 0 0 0 0 0 0
WIT 6 214 215 329 324 343 4020 0 0 0 32002 0 -1 0 0 0 32002 32002 0 0 0 0 0 0
WIT 12 -215 -214 -252 -275 -277 0 0 0 0 -215 0 -1 0 0 0 32002 32002 0 0 0 0 0 0
WIT 9 251 252 215 207 217 3567 0 0 1 252 0 -1 0 0 0 32002 32002 0 0 0 0 0 4020
WIT 7 251 252 329 323 345 4020 0 0 0 32002 0 -1 0 0 0 32002 32002 0 0 0 0 0 0
WIT 7 251 252 322 316 328 4020 0 0 0 32002 0 -1 0 0 0 32002 32002 0 0 0 0 0 0
WIT 7 214 252 215 209 134 0 0 0 0 252 0 -1 0 0 0 32002 32002 0 0 0 0 0 2989
WIT 10 251 252 215 196 196 3567 0 0 1 252 0 -1 0 0 0 32002 32002 0 0 0 0 0 4020
WIT 6 251 252 215 210 277 0 0 0 0 32002 0 -1 0 0 0 32002 32002 0 0 0 0 0 0
WIT 7 251 252 215 209 28 0 0 0 0 277 0 -1 0 0 0 32002 32002 0 0 0 0 0 3567
WIT 7 251 252 304 298 313 3494 0 0 0 32002 0 -1 0 0 0 32002 32002 0 0 0 0 0 0
WIT 7 251 252 215 209 271 0 0 0 0 32002 0 -1 0 0 0 32002 32002 0 0 0 0 0 0
WIT 6 251 252 392 387 303 0 0 0 0 271 0 -1 0 0 0 32002 32002 0 0 0 0 0 3567
WIT 7 251 252 392 386 350 0 0 0 0 268 0 -1 0 0 0 32002 32002 0 0 0 0 0 2331
WIT 9 251 252 215 198 204 3567 0 0 1 252 0 -1 0 0 0 32002 32002 0 0 0 0 0 4020
WIT 8 251 252 328 321 362 4020 0 0 0 32002 0 -1 0 0 0 32002 32002 0 0 0 0 0 0
WIT 6 251 252 316 311 373 4020 0 0 0 32002 0 -1 0 0 0 32002 32002 0 0 0 0 0 0
WIT 6 251 252 374 369 381 4020 0 0 0 32002 0 -1 0 0 0 32002 32002 0 0 0 0 0 0
WIT 8 251 252 299 292 340 2916 1 0 0 32002 0 -1 0 0 0 32002 32002 0 0 0 0 0 0
WIT 10 251 252 369 360 418 0 0 0 0 32002 0 -1 0 0 0 32002 32002 0 0 0 0 0 0
WIT 9 251 252 324 307 292 0 0 0 0 252 0 -1 0 0 0 32002 32002 0 0 0 0 0 3699
WIT 10 251 252 308 289 250 0 0 0 0 252 0 -1 0 0 0 32002 32002 0 0 0 0 0 3104
WIT 9 251 252 350 333 313 0 0 0 0 252 0 -1 0 0 0 32002 32002 0 0 0 0 0 3104
WIT 9 251 252 354 346 394 0 0 0 0 32002 0 -1 0 0 0 32002 32002 0 0 0 0 0 0
WIT 11 251 252 258 248 275 4020 0 0 0 32002 0 -1 0 0 0 32002 32002 0 0 0 0 0 0
WIT 9 251 252 353 345 295 0 0 0 0 252 0 -1 0 0 0 32002 32002 0 0 0 0 0 3104
WIT 10 251 252 352 333 207 0 0 0 0 252 0 -1 0 0 0 32002 32002 0 0 0 0 0 2989
WIT 8 251 252 327 312 294 0 0 0 0 252 0 -1 0 0 0 32002 32002 0 0 0 0 0 3699
WIT 7 302 303 215 209 274 0 0 0 0 303 0 -1 0 0 0 32002 32002 0 0 0 0 0 2331
WIT 10 302 303 215 206 189 0 0 0 0 303 0 -1 0 0 0 32002 32002 0 0 0 0 0 3567
WIT 9 302 303 252 244 234 0 0 0 0 303 0 -1 0 0 0 32002 32002 0 0 0 0 0 4020
WIT 8 302 303 262 255 251 0 0 0 0 303 0 -1 0 0 0 32002 32002 0 0 0 0 0 3690
WIT 7 302 303 329 323 345 4020 0 0 0 32002 0 -1 0 0 0 32002 32002 0 0 0 0 0 0
WIT 7 302 303 351 345 377 3690 0 0 0 32002 0 -1 0 0 0 32002 32002 0 0 0 0 0 0
WIT 7 214 303 215 209 179 0 0 0 0 303 0 -1 0 0 0 32002 32002 0 0 0 0 0 2989
WIT 8 302 303 303 296 347 0 0 0 0 32002 0 -1 0 0 0 32002 32002 0 0 0 0 0 0
WIT 7 302 303 303 290 288 0 0 0 0 347 0 -1 0 0 0 32002 32002 0 0 0 0 0 3567
WIT 6 302 303 252 247 170 0 0 0 0 303 0 -1 0 0 0 32002 32002 0 0 0 0 0 2989
WIT 11 302 303 252 231 231 3567 0 0 1 303 0 -1 0 0 0 32002 32002 0 0 0 0 0 4020
WIT 9 302 303 215 207 264 3699 0 0 1 303 0 -1 0 0 0 32002 32002 0 0 0 0 0 2651
WIT 8 302 303 381 374 442 3242 0 1 0 32002 0 -1 0 0 0 32002 32002 0 0 0 0 0 0
WIT 10 302 303 342 323 -128 0 0 0 0 303 0 -1 0 0 0 32002 32002 0 0 0 0 0 3567
WIT 8 302 303 291 284 367 0 0 0 0 32002 0 -1 0 0 0 32002 32002 0 0 0 0 0 0
WIT 8 302 303 329 322 268 0 0 0 0 303 0 -1 0 0 0 32002 32002 0 0 0 0 0 3567
WIT 6 302 303 313 308 315 3494 0 0 0 32002 0 -1 0 0 0 32002 32002 0 0 0 0 0 0
WIT 10 302 303 328 319 319 4020 0 0 0 32002 0 -1 0 0 0 32002 32002 0 0 0 0 0 0
WIT 9 302 303 348 331 400 2331 1 0 0 32002 0 -1 0 0 0 32002 32002 0 0 0 0 0 0
WIT 10 302 303 339 330 197 0 0 0 0 321 0 -1 0 0 0 32002 32002 0 0 0 0 0 3632
WIT 9 302 303 334 317 316 0 0 0 0 319 0 -1 0 0 0 32002 32002 0 0 0 0 0 4020
WIT 7 302 303 374 368 369 4020 0 0 0 32002 0 -1 0 0 0 32002 32002 0 0 0 0 0 0
WIT 6 302 303 316 311 466 3242 0 1 0 32002 0 -1 0 0 0 32002 32002 0 0 0 0 0 0
WIT 6 302 303 360 355 365 3699 0 0 0 32002 0 -1 0 0 0 32002 32002 0 0 0 0 0 0
WIT 6 302 303 306 301 321 3567 0 0 0 32002 0 -1 0 0 0 32002 32002 0 0 0 0 0 0
WIT 11 302 303 252 231 155 0 0 0 0 303 0 -1 0 0 0 32002 32002 0 0 0 0 0 2989
WIT 11 302 303 261 251 310 2916 1 0 0 32002 0 -1 0 0 0 32002 32002 0 0 0 0 0 0
WIT 8 302 303 259 252 253 3300 0 0 1 296 1 2 7123 1 1 302 320 1 0 1 0 38 3300
WIT 13 302 303 258 246 276 4020 0 0 1 318 0 -1 0 0 0 32002 32002 0 0 0 0 0 2331
WIT 9 302 303 302 294 345 0 0 0 0 32002 0 -1 0 0 0 32002 32002 0 0 0 0 0 0
WIT 10 302 303 257 238 151 0 0 0 0 308 0 -1 0 0 0 32002 32002 0 0 0 0 0 2989
WIT 12 302 303 369 358 521 3300 1 0 0 32002 0 -1 0 0 0 32002 32002 0 0 0 0 0 0
WIT 7 302 303 307 301 210 0 0 0 0 254 0 -1 0 0 0 32002 32002 0 0 0 0 0 0
WIT 12 302 303 256 245 267 4020 0 0 1 277 1 1 51124 1 1 302 312 0 0 0 0 66 4020
WIT 6 -303 -302 -220 -225 -225 75 0 0 0 32002 0 -1 0 0 0 32002 32002 0 0 0 0 0 0
WIT 9 302 303 252 235 228 0 0 0 0 302 0 -1 0 0 0 32002 32002 0 0 0 0 0 0
WIT 6 -303 -302 -153 -158 -159 0 0 0 0 -146 0 -1 0 0 0 32002 32002 0 0 0 0 0 1568
WIT 10 302 303 252 233 213 0 0 0 0 302 0 -1 0 0 0 32002 32002 0 0 0 0 0 0
WIT 7 282 283 303 290 200 0 0 0 0 303 0 -1 0 0 0 32002 32002 0 0 0 0 0 2989
WIT 9 282 283 320 312 312 3699 0 0 0 32002 0 -1 0 0 0 32002 32002 0 0 0 0 0 0
WIT 6 282 283 286 281 255 0 0 0 0 288 0 -1 0 0 0 32002 32002 0 0 0 0 0 3104
WIT 7 282 283 262 256 214 0 0 0 0 303 0 -1 0 0 0 32002 32002 0 0 0 0 0 2989
WIT 6 282 283 254 249 248 0 0 0 0 283 0 -1 0 0 0 32002 32002 0 0 0 0 0 3690
WIT 6 282 283 303 298 334 2644 1 0 0 32002 0 -1 0 0 0 32002 32002 0 0 0 0 0 0
WIT 6 -283 -282 -283 -288 -297 0 0 0 0 -283 0 -1 0 0 0 32002 32002 0 0 0 0 0 4
WIT 7 -283 -282 -269 -282 -287 0 0 0 0 -282 0 -1 0 0 0 32002 32002 0 0 0 0 0 4
WIT 6 -283 -282 -283 -288 -297 0 0 0 0 -282 0 -1 0 0 0 32002 32002 0 0 0 0 0 75
WIT 8 282 283 252 237 231 0 0 0 0 282 0 -1 0 0 0 32002 32002 0 0 0 0 0 0
WIT 7 282 283 252 239 238 0 0 0 0 282 0 -1 0 0 0 32002 32002 0 0 0 0 0 3690
WIT 8 -261 -260 -266 -273 -275 0 0 0 0 -248 0 -1 0 0 0 32002 32002 0 0 0 0 0 1764
WIT 6 -261 -260 -294 -299 -303 0 0 0 0 -274 0 -1 0 0 0 32002 32002 0 0 0 0 0 0
WIT 7 -261 -260 -268 -274 -320 0 0 0 0 -261 0 -1 0 0 0 32002 32002 0 0 0 0 0 0
WIT 7 283 284 305 299 176 0 0 0 0 308 0 -1 0 0 0 32002 32002 0 0 0 0 0 3567
WIT 6 283 284 275 270 223 0 0 0 0 283 0 -1 0 0 0 32002 32002 0 0 0 0 0 0
WIT 8 283 284 336 329 253 0 0 0 0 284 0 -1 0 0 0 32002 32002 0 0 0 0 0 2989
WIT 8 283 284 326 319 260 0 0 0 0 284 0 -1 0 0 0 32002 32002 0 0 0 0 0 2720
WIT 6 283 284 283 278 288 4020 0 0 0 32002 0 -1 0 0 0 32002 32002 0 0 0 0 0 0
WIT 12 283 284 215 192 268 3690 0 0 1 303 0 -1 0 0 0 32002 32002 0 0 0 0 0 3104
WIT 12 283 284 303 280 292 3567 0 0 0 32002 0 -1 0 0 0 32002 32002 0 0 0 0 0 0
WIT 10 283 284 303 294 294 3567 0 0 0 32002 0 -1 0 0 0 32002 32002 0 0 0 0 0 0
WIT 8 283 284 303 296 344 4020 0 0 0 32002 0 -1 0 0 0 32002 32002 0 0 0 0 0 0
WIT 6 283 284 355 350 -144 0 0 1 0 426 0 -1 0 0 0 32002 32002 0 0 0 0 0 3178
WIT 9 283 284 303 286 260 0 0 0 0 294 0 -1 0 0 0 32002 32002 0 0 0 0 0 3690
WIT 7 283 284 314 308 333 4020 0 0 0 32002 0 -1 0 0 0 32002 32002 0 0 0 0 0 0
WIT 6 283 284 333 328 321 0 0 0 0 284 0 -1 0 0 0 32002 32002 0 0 0 0 0 3567
WIT 7 283 284 349 343 270 0 0 0 0 284 0 -1 0 0 0 32002 32002 0 0 0 0 0 3104
WIT 7 283 284 339 333 335 3690 0 0 0 32002 0 -1 0 0 0 32002 32002 0 0 0 0 0 0
WIT 7 283 284 349 343 351 3690 0 0 0 32002 0 -1 0 0 0 32002 32002 0 0 0 0 0 0
WIT 8 283 284 351 344 377 3690 0 0 0 32002 0 -1 0 0 0 32002 32002 0 0 0 0 0 0
WIT 7 283 284 372 366 375 3690 0 1 0 32002 0 -1 0 0 0 32002 32002 0 0 0 0 0 0
WIT 11 283 284 215 194 133 0 0 0 0 284 0 -1 0 0 0 32002 32002 0 0 0 0 0 2989
WIT 7 283 284 394 381 279 0 0 0 0 370 0 -1 0 0 0 32002 32002 0 0 0 0 0 2989
WIT 12 283 284 303 292 292 3567 0 0 0 32002 0 -1 0 0 0 32002 32002 0 0 0 0 0 0
WIT 9 283 284 347 339 339 3567 0 0 0 32002 0 -1 0 0 0 32002 32002 0 0 0 0 0 0
WIT 6 283 284 335 330 342 3104 0 0 0 32002 0 -1 0 0 0 32002 32002 0 0 0 0 0 0
WIT 11 283 284 300 290 258 0 0 0 0 292 0 -1 0 0 0 32002 32002 0 0 0 0 0 2989
WIT 9 283 284 283 266 258 0 0 0 0 291 0 -1 0 0 0 32002 32002 0 0 0 0 0 3690
WIT 9 283 284 289 272 264 0 0 0 0 286 0 -1 0 0 0 32002 32002 0 0 0 0 0 3690
WIT 8 283 284 381 374 401 3690 0 1 0 32002 0 -1 0 0 0 32002 32002 0 0 0 0 0 0
WIT 11 283 284 303 282 185 0 0 0 0 284 0 -1 0 0 0 32002 32002 0 0 0 0 0 3567
WIT 7 283 284 331 325 375 3242 0 1 0 32002 0 -1 0 0 0 32002 32002 0 0 0 0 0 0
WIT 10 283 284 300 281 222 0 0 0 0 284 0 -1 0 0 0 32002 32002 0 0 0 0 0 2989
WIT 10 283 284 320 311 311 3699 0 0 0 32002 0 -1 0 0 0 32002 32002 0 0 0 0 0 0
WIT 9 283 284 287 270 242 0 0 0 0 284 0 -1 0 0 0 32002 32002 0 0 0 0 0 3104
WIT 9 283 284 286 269 268 0 0 0 0 284 0 -1 0 0 0 32002 32002 0 0 0 0 0 4020
WIT 7 283 284 335 322 371 3242 0 1 0 32002 0 -1 0 0 0 32002 32002 0 0 0 0 0 0
WIT 12 -261 -260 -207 -230 -252 0 0 0 0 -261 0 -1 0 0 0 32002 32002 0 0 0 0 0 0
WIT 7 260 261 288 282 296 2217 0 0 0 32002 0 -1 0 0 0 32002 32002 0 0 0 0 0 0
WIT 11 -261 -260 -212 -233 -263 0 0 0 0 -261 0 -1 0 0 0 32002 32002 0 0 0 0 0 0
WIT 6 -261 -260 -209 -214 -251 0 0 0 0 -276 0 -1 0 0 0 32002 32002 0 0 0 0 0 0
WIT 8 -261 -260 -258 -273 -286 0 0 0 0 -260 0 -1 0 0 0 32002 32002 0 0 0 0 0 1243
WIT 10 -261 -260 -214 -233 -301 0 0 0 0 -261 0 -1 0 0 0 32002 32002 0 0 0 0 0 0
WIT 7 283 284 272 266 282 3104 0 0 1 291 0 -1 0 0 0 32002 32002 0 0 0 0 0 3567
WIT 8 283 284 261 254 254 3112 0 0 1 305 0 -1 0 0 0 32002 32002 0 0 0 0 0 3104
WIT 7 283 284 283 277 248 0 0 0 0 296 0 -1 0 0 0 32002 32002 0 0 0 0 0 2217
WIT 7 283 284 261 255 264 3104 0 0 1 275 1 1 23803 1 1 283 283 0 0 0 0 20 0
WIT 6 283 284 265 260 206 0 0 0 0 284 0 -1 0 0 0 32002 32002 0 0 0 0 0 2217
WIT 7 260 284 261 255 214 0 0 0 0 284 0 -1 0 0 0 32002 32002 0 0 0 0 0 4020
WIT 9 283 284 261 244 205 0 0 0 0 284 0 -1 0 0 0 32002 32002 0 0 0 0 0 3567
WIT 9 283 284 290 282 282 3104 0 0 1 284 0 -1 0 0 0 32002 32002 0 0 0 0 0 3567
WIT 8 283 284 266 259 212 0 0 0 0 325 0 -1 0 0 0 32002 32002 0 0 0 0 0 2217
WIT 6 283 284 289 284 341 3104 0 0 0 32002 0 -1 0 0 0 32002 32002 0 0 0 0 0 0
WIT 10 283 284 301 282 184 0 0 0 0 284 0 -1 0 0 0 32002 32002 0 0 0 0 0 2989
WIT 9 283 284 349 332 290 0 0 0 0 266 0 -1 0 0 0 32002 32002 0 0 0 0 0 0
WIT 8 283 284 349 334 318 0 0 0 0 267 0 -1 0 0 0 32002 32002 0 0 0 0 0 4020
WIT 8 283 284 350 335 180 0 0 0 0 282 0 -1 0 0 0 32002 32002 0 0 0 0 0 0
WIT 6 -261 -260 -89 -94 -160 0 0 0 0 -178 0 -1 0 0 0 32002 32002 0 0 0 0 0 1568
WIT 9 -261 -260 -245 -253 -249 1375 0 0 0 32002 0 -1 0 0 0 32002 32002 0 0 0 0 0 0
WIT 6 260 261 314 309 309 2217 0 0 0 32002 0 -1 0 0 0 32002 32002 0 0 0 0 0 0
WIT 9 -261 -260 -254 -271 -272 0 0 0 0 -270 0 -1 0 0 0 32002 32002 0 0 0 0 0 0
WIT 7 260 284 273 267 241 0 0 0 0 256 0 -1 0 0 0 32002 32002 0 0 0 0 0 0
WIT 7 260 284 271 265 203 0 0 0 0 259 0 -1 0 0 0 32002 32002 0 0 0 0 0 0
WIT 6 260 261 104 99 104 0 0 0 0 241 0 -1 0 0 0 32002 32002 0 0 0 0 0 0
WIT 7 260 284 270 264 233 0 0 0 0 259 0 -1 0 0 0 32002 32002 0 0 0 0 0 0
WIT 6 -261 -260 -269 -274 -252 1375 0 0 0 32002 0 -1 0 0 0 32002 32002 0 0 0 0 0 0
WIT 7 -261 -260 -271 -277 -277 75 0 0 1 -243 0 -1 0 0 0 32002 32002 0 0 0 0 0 1375
WIT 7 -260 -248 -115 -121 60 1717 1 0 0 32002 0 -1 0 0 0 32002 32002 0 0 0 0 0 0
WIT 10 -249 -248 -186 -195 -143 1717 1 0 0 32002 0 -1 0 0 0 32002 32002 0 0 0 0 0 0
WIT 10 -249 -248 -76 -85 126 1717 1 0 0 32002 0 -1 0 0 0 32002 32002 0 0 0 0 0 0
WIT 10 -249 -248 -55 -64 208 1717 1 0 0 32002 0 -1 0 0 0 32002 32002 0 0 0 0 0 0
WIT 8 -249 -248 -193 -200 -52 1717 1 0 0 32002 0 -1 0 0 0 32002 32002 0 0 0 0 0 0
WIT 8 -249 -248 -260 -267 43 1717 1 0 0 32002 0 -1 0 0 0 32002 32002 0 0 0 0 0 0
WIT 8 -249 -248 -204 -211 31 1717 1 0 0 32002 0 -1 0 0 0 32002 32002 0 0 0 0 0 0
WIT 9 -260 -248 -260 -268 -284 0 0 0 0 -242 0 -1 0 0 0 32002 32002 0 0 0 0 0 1382
WIT 7 -249 -248 -249 -255 -212 1568 0 0 0 32002 0 -1 0 0 0 32002 32002 0 0 0 0 0 0
WIT 10 248 249 26 17 -81 0 0 0 0 186 0 -1 0 0 0 32002 32002 0 0 0 0 0 0
WIT 7 248 249 284 278 248 0 0 0 0 249 0 -1 0 0 0 32002 32002 0 0 0 0 0 3104
WIT 10 -249 -248 -259 -278 -266 75 0 0 1 -249 1 1 31313 1 1 -249 -249 0 0 0 0 16 0
WIT 6 248 249 287 282 281 0 0 0 0 296 0 -1 0 0 0 32002 32002 0 0 0 0 0 3567
WIT 10 -249 -248 -227 -236 -244 0 0 0 0 -248 0 -1 0 0 0 32002 32002 0 0 0 0 0 1681
WIT 7 -249 -248 -224 -230 -249 0 0 0 0 -194 0 -1 0 0 0 32002 32002 0 0 0 0 0 1633
WIT 9 -249 -248 -257 -265 -266 0 0 0 0 -248 0 -1 0 0 0 32002 32002 0 0 0 0 0 536
WIT 8 -249 -248 -231 -238 -185 1681 0 0 0 32002 0 -1 0 0 0 32002 32002 0 0 0 0 0 0
WIT 6 248 249 274 269 283 3494 0 0 0 32002 0 -1 0 0 0 32002 32002 0 0 0 0 0 0
WIT 8 -249 -248 -243 -250 -253 0 0 0 0 -249 0 -1 0 0 0 32002 32002 0 0 0 0 0 0
WIT 9 -249 -248 -224 -232 -239 0 0 0 0 -254 0 -1 0 0 0 32002 32002 0 0 0 0 0 0
WIT 6 259 260 298 293 293 3112 0 0 0 32002 0 -1 0 0 0 32002 32002 0 0 0 0 0 0
WIT 9 259 260 249 241 226 0 0 0 0 269 0 -1 0 0 0 32002 32002 0 0 0 0 0 2747
WIT 7 259 260 256 250 233 0 0 0 0 263 0 -1 0 0 0 32002 32002 0 0 0 0 0 2747
WIT 8 259 260 249 234 224 0 0 0 0 260 0 -1 0 0 0 32002 32002 0 0 0 0 0 3104
WIT 7 259 260 271 265 249 0 0 0 0 298 0 -1 0 0 0 32002 32002 0 0 0 0 0 3494
WIT 8 259 260 357 350 349 0 0 0 0 273 0 -1 0 0 0 32002 32002 0 0 0 0 0 2720
WIT 7 259 260 335 329 329 2747 0 0 0 32002 0 -1 0 0 0 32002 32002 0 0 0 0 0 0
WIT 7 248 260 249 243 -204 0 0 0 0 260 0 -1 0 0 0 32002 32002 0 0 0 0 0 2989
WIT 10 259 260 249 230 174 0 0 0 0 260 0 -1 0 0 0 32002 32002 0 0 0 0 0 3104
WIT 8 -260 -259 -233 -248 -335 0 0 0 0 -275 0 -1 0 0 0 32002 32002 0 0 0 0 0 0
WIT 7 -260 -259 -234 -247 -266 0 0 0 0 -260 0 -1 0 0 0 32002 32002 0 0 0 0 0 0
WIT 6 -249 -248 -259 -264 -230 1243 0 0 0 32002 0 -1 0 0 0 32002 32002 0 0 0 0 0 0
WIT 8 -249 -248 -259 -266 -266 536 0 0 1 -248 0 -1 0 0 0 32002 32002 0 0 0 0 0 1681
WIT 8 -249 -248 -205 -212 -185 536 0 0 0 32002 0 -1 0 0 0 32002 32002 0 0 0 0 0 0
WIT 7 -249 -248 -251 -257 -233 536 0 0 0 32002 0 -1 0 0 0 32002 32002 0 0 0 0 0 0
WIT 9 -249 -248 -242 -250 -67 0 0 0 0 32002 0 -1 0 0 0 32002 32002 0 0 0 0 0 0
WIT 7 248 260 249 243 242 0 0 0 0 248 0 -1 0 0 0 32002 32002 0 0 0 0 0 0
WIT 10 -249 -248 149 140 367 397 1 1 0 32002 0 -1 0 0 0 32002 32002 0 0 0 0 0 0
WIT 10 -249 -248 -245 -254 -250 1375 0 0 1 -238 0 -1 0 0 0 32002 32002 0 0 0 0 0 1243
WIT 10 -249 -248 -252 -271 -247 1375 0 0 0 32002 0 -1 0 0 0 32002 32002 0 0 0 0 0 0
WIT 13 -249 -248 -246 -271 -277 0 0 0 0 -246 0 -1 0 0 0 32002 32002 0 0 0 0 0 2347
WIT 12 -249 -248 -224 -235 -171 75 0 0 0 32002 0 -1 0 0 0 32002 32002 0 0 0 0 0 0
WIT 13 -249 -248 -231 -256 -258 0 0 0 0 -236 0 -1 0 0 0 32002 32002 0 0 0 0 0 2347
WIT 10 -249 -248 -279 -288 -152 0 0 0 0 32002 0 -1 0 0 0 32002 32002 0 0 0 0 0 0
WIT 7 -249 -248 -252 -258 -179 0 0 0 0 32002 0 -1 0 0 0 32002 32002 0 0 0 0 0 0
WIT 11 -249 -248 -252 -273 -299 0 0 0 0 -248 0 -1 0 0 0 32002 32002 0 0 0 0 0 1764
WIT 14 -249 -248 -231 -258 -237 82 0 0 0 32002 0 -1 0 0 0 32002 32002 0 0 0 0 0 0
WIT 12 -249 -248 -252 -275 -285 0 0 0 0 -237 0 -1 0 0 0 32002 32002 0 0 0 0 0 1179
WIT 11 -249 -248 -223 -233 -173 1355 0 0 0 32002 0 -1 0 0 0 32002 32002 0 0 0 0 0 0
WIT 10 -249 -248 -252 -271 -278 0 0 0 0 -248 0 -1 0 0 0 32002 32002 0 0 0 0 0 1243
WIT 10 -249 -248 -209 -218 -179 1243 0 0 0 32002 0 -1 0 0 0 32002 32002 0 0 0 0 0 0
WIT 9 -249 -248 -269 -277 -249 1375 0 0 1 -219 0 -1 0 0 0 32002 32002 0 0 0 0 0 1243
WIT 9 -249 -248 -245 -253 -224 1243 0 0 0 32002 0 -1 0 0 0 32002 32002 0 0 0 0 0 0
WIT 10 248 249 8 -1 -2 0 0 0 0 236 0 -1 0 0 0 32002 32002 0 0 0 0 0 0
WIT 10 -249 -248 -237 -246 -247 0 0 0 0 -237 0 -1 0 0 0 32002 32002 0 0 0 0 0 1243
WIT 9 -249 -248 -252 -260 -253 1243 0 0 1 -245 0 -1 0 0 0 32002 32002 0 0 0 0 0 1375
WIT 9 -249 -248 -250 -258 -252 1382 0 0 1 -224 0 -1 0 0 0 32002 32002 0 0 0 0 0 398
WIT 9 -249 -248 -249 -266 -215 1382 0 0 0 32002 0 -1 0 0 0 32002 32002 0 0 0 0 0 0
WIT 8 -248 -232 -186 -193 -154 332 0 0 0 32002 0 -1 0 0 0 32002 32002 0 0 0 0 0 0
WIT 11 -233 -232 -76 -86 25 1717 1 0 0 32002 0 -1 0 0 0 32002 32002 0 0 0 0 0 0
WIT 9 -233 -232 -260 -268 64 1717 1 0 0 32002 0 -1 0 0 0 32002 32002 0 0 0 0 0 0
WIT 9 -233 -232 -193 -201 -42 1717 1 0 0 32002 0 -1 0 0 0 32002 32002 0 0 0 0 0 0
WIT 9 -233 -232 -204 -212 47 1717 1 0 0 32002 0 -1 0 0 0 32002 32002 0 0 0 0 0 0
WIT 9 -248 -232 -242 -250 -284 0 0 0 0 -232 0 -1 0 0 0 32002 32002 0 0 0 0 0 1382
WIT 10 -233 -232 149 140 257 397 1 1 0 32002 0 -1 0 0 0 32002 32002 0 0 0 0 0 0
WIT 12 -233 -232 -240 -263 -274 0 0 0 0 -233 0 -1 0 0 0 32002 32002 0 0 0 0 0 0
WIT 11 -233 -232 -246 -267 -270 0 0 0 0 -233 0 -1 0 0 0 32002 32002 0 0 0 0 0 0
WIT 10 -233 -232 -246 -265 -284 0 0 0 0 -233 0 -1 0 0 0 32002 32002 0 0 0 0 0 0
WIT 7 247 248 614 608 500 0 0 1 0 609 0 -1 0 0 0 32002 32002 0 0 0 0 0 3061
WIT 9 247 248 276 268 218 0 0 0 0 244 0 -1 0 0 0 32002 32002 0 0 0 0 0 0
WIT 6 -248 -247 -259 -264 -409 0 0 0 0 -193 0 -1 0 0 0 32002 32002 0 0 0 0 0 1179
WIT 6 -248 -247 -248 -253 -263 0 0 0 0 -271 0 -1 0 0 0 32002 32002 0 0 0 0 0 0
WIT 8 247 248 274 259 253 0 0 0 0 244 0 -1 0 0 0 32002 32002 0 0 0 0 0 4015
WIT 9 247 248 369 361 398 0 0 0 0 32002 0 -1 0 0 0 32002 32002 0 0 0 0 0 0
WIT 7 232 248 233 227 226 0 0 0 0 248 0 -1 0 0 0 32002 32002 0 0 0 0 0 3104
WIT 9 247 248 301 293 280 0 0 0 0 257 0 -1 0 0 0 32002 32002 0 0 0 0 0 2989
WIT 10 247 248 254 245 244 0 0 0 0 253 0 -1 0 0 0 32002 32002 0 0 0 0 0 4020
WIT 11 247 248 568 547 -43 0 0 1 0 479 0 -1 0 0 0 32002 32002 0 0 0 0 0 3061
WIT 10 247 248 233 224 217 0 0 0 0 248 0 -1 0 0 0 32002 32002 0 0 0 0 0 4015
WIT 9 247 248 273 265 264 0 0 0 0 247 0 -1 0 0 0 32002 32002 0 0 0 0 0 4015
WIT 9 247 248 354 346 378 0 0 0 0 32002 0 -1 0 0 0 32002 32002 0 0 0 0 0 0
WIT 7 232 248 233 227 131 0 0 0 0 248 0 -1 0 0 0 32002 32002 0 0 0 0 0 2217
WIT 8 247 248 233 226 198 0 0 0 0 248 0 -1 0 0 0 32002 32002 0 0 0 0 0 4015
WIT 9 247 248 261 244 248 3104 0 0 0 32002 0 -1 0 0 0 32002 32002 0 0 0 0 0 0
WIT 11 247 248 302 292 292 3112 0 0 0 32002 0 -1 0 0 0 32002 32002 0 0 0 0 0 0
WIT 10 247 248 293 284 296 2217 0 0 0 32002 0 -1 0 0 0 32002 32002 0 0 0 0 0 0
WIT 8 247 248 284 269 226 0 0 0 0 248 0 -1 0 0 0 32002 32002 0 0 0 0 0 4020
WIT 12 268 269 461 438 74 0 0 1 0 479 0 -1 0 0 0 32002 32002 0 0 0 0 0 3061
WIT 9 268 269 334 317 211 0 0 0 0 332 0 -1 0 0 0 32002 32002 0 0 0 0 0 2651
WIT 9 268 269 325 308 280 0 0 0 0 276 0 -1 0 0 0 32002 32002 0 0 0 0 0 2331
WIT 9 268 269 248 240 293 0 0 0 0 32002 0 -1 0 0 0 32002 32002 0 0 0 0 0 0
WIT 10 268 269 248 239 226 0 0 0 0 269 0 -1 0 0 0 32002 32002 0 0 0 0 0 3104
WIT 11 268 269 583 573 490 0 0 1 0 635 0 -1 0 0 0 32002 32002 0 0 0 0 0 3061
WIT 9 268 269 248 231 221 0 0 0 0 269 0 -1 0 0 0 32002 32002 0 0 0 0 0 4015
WIT 9 268 269 249 232 232 4020 0 0 1 270 0 -1 0 0 0 32002 32002 0 0 0 0 0 4015
WIT 8 268 269 252 237 235 0 0 0 0 308 0 -1 0 0 0 32002 32002 0 0 0 0 0 3104
WIT 7 268 269 252 239 212 0 0 0 0 271 0 -1 0 0 0 32002 32002 0 0 0 0 0 2989
WIT 10 268 269 257 248 252 3494 0 0 1 333 0 -1 0 0 0 32002 32002 0 0 0 0 0 3104
WIT 9 268 269 256 248 191 0 0 0 0 306 0 -1 0 0 0 32002 32002 0 0 0 0 0 2989
WIT 7 268 269 252 239 238 0 0 0 0 269 0 -1 0 0 0 32002 32002 0 0 0 0 0 4020
WIT 7 232 269 248 242 241 0 0 0 0 269 0 -1 0 0 0 32002 32002 0 0 0 0 0 2217
WIT 10 268 269 332 323 329 2217 0 0 0 32002 0 -1 0 0 0 32002 32002 0 0 0 0 0 0
WIT 9 268 269 248 231 179 0 0 0 0 269 0 -1 0 0 0 32002 32002 0 0 0 0 0 4015
WIT 10 268 269 261 242 256 3104 0 0 1 274 0 -1 0 0 0 32002 32002 0 0 0 0 0 3112
WIT 9 296 297 275 258 250 0 0 0 0 326 0 -1 0 0 0 32002 32002 0 0 0 0 0 2331
WIT 9 296 297 248 240 301 0 0 0 0 32002 0 -1 0 0 0 32002 32002 0 0 0 0 0 0
WIT 8 296 297 285 278 346 0 0 0 0 32002 0 -1 0 0 0 32002 32002 0 0 0 0 0 0
WIT 8 296 297 269 262 316 0 0 0 0 32002 0 -1 0 0 0 32002 32002 0 0 0 0 0 0
WIT 8 296 297 269 254 251 0 0 0 0 297 0 -1 0 0 0 32002 32002 0 0 0 0 0 3104
WIT 7 296 297 269 256 221 0 0 0 0 297 0 -1 0 0 0 32002 32002 0 0 0 0 0 4015
WIT 6 296 297 271 266 67 0 0 0 0 305 0 -1 0 0 0 32002 32002 0 0 0 0 0 2989
WIT 8 296 297 365 358 344 0 0 0 0 301 0 -1 0 0 0 32002 32002 0 0 0 0 0 2991
WIT 7 296 297 269 256 255 0 0 0 0 266 0 -1 0 0 0 32002 32002 0 0 0 0 0 0
WIT 8 -242 -241 -236 -251 -227 332 0 0 0 32002 0 -1 0 0 0 32002 32002 0 0 0 0 0 0
WIT 6 -242 -241 -230 -235 -363 0 0 0 0 -224 0 -1 0 0 0 32002 32002 0 0 0 0 0 1179
WIT 7 -242 -241 -239 -252 -280 0 0 0 0 -227 0 -1 0 0 0 32002 32002 0 0 0 0 0 75
WIT 6 -242 -241 -247 -252 -252 75 0 0 1 -243 1 1 19024 1 1 -242 -241 0 0 0 0 11 75
WIT 6 -242 -241 -247 -252 -255 0 0 0 0 -241 0 -1 0 0 0 32002 32002 0 0 0 0 0 536
WIT 6 -242 -241 -204 -209 -259 0 0 0 0 -267 0 -1 0 0 0 32002 32002 0 0 0 0 0 0
WIT 7 -251 -250 -255 -261 -247 1375 0 0 0 32002 0 -1 0 0 0 32002 32002 0 0 0 0 0 0
WIT 6 -251 -250 -167 -172 -246 0 0 0 0 -106 0 -1 0 0 0 32002 32002 0 0 0 0 0 1375
WIT 9 -251 -250 -266 -283 -293 0 0 0 0 -250 0 -1 0 0 0 32002 32002 0 0 0 0 0 332
WIT 7 -251 -250 -241 -254 -245 75 0 0 0 32002 0 -1 0 0 0 32002 32002 0 0 0 0 0 0
WIT 7 -251 -250 -266 -272 -272 75 0 0 1 -243 0 -1 0 0 0 32002 32002 0 0 0 0 0 536
WIT 8 -251 -250 -181 -188 -224 0 0 0 0 -250 0 -1 0 0 0 32002 32002 0 0 0 0 0 82
WIT 7 -251 -250 -189 -195 -293 0 0 0 0 -250 0 -1 0 0 0 32002 32002 0 0 0 0 0 1179
WIT 7 -251 -250 -256 -262 -256 332 0 0 1 -248 0 -1 0 0 0 32002 32002 0 0 0 0 0 75
WIT 11 -251 -250 -107 -117 -66 1355 0 0 0 32002 0 -1 0 0 0 32002 32002 0 0 0 0 0 0
WIT 6 250 251 93 88 93 0 0 0 0 218 0 -1 0 0 0 32002 32002 0 0 0 0 0 0
WIT 10 -251 -250 149 140 257 397 1 1 0 32002 0 -1 0 0 0 32002 32002 0 0 0 0 0 0
WIT 9 250 251 331 323 359 2916 1 0 0 32002 0 -1 0 0 0 32002 32002 0 0 0 0 0 0
WIT 11 250 251 286 276 251 0 0 0 0 251 0 -1 0 0 0 32002 32002 0 0 0 0 0 2989
WIT 8 250 251 313 306 324 2974 0 0 0 32002 0 -1 0 0 0 32002 32002 0 0 0 0 0 0
WIT 7 250 251 316 310 309 0 0 0 0 260 0 -1 0 0 0 32002 32002 0 0 0 0 0 2331
WIT 6 250 251 309 304 285 0 0 0 0 310 0 -1 0 0 0 32002 32002 0 0 0 0 0 2331
WIT 10 250 251 285 266 265 0 0 0 0 251 0 -1 0 0 0 32002 32002 0 0 0 0 0 3690
WIT 9 250 251 284 267 275 3104 0 0 0 32002 0 -1 0 0 0 32002 32002 0 0 0 0 0 0
WIT 11 -251 -250 -232 -253 -284 0 0 0 0 -251 0 -1 0 0 0 32002 32002 0 0 0 0 0 0
WIT 7 250 272 428 422 422 3690 0 0 0 32002 0 -1 0 0 0 32002 32002 0 0 0 0 0 0
WIT 8 250 272 251 244 232 0 0 0 0 272 0 -1 0 0 0 32002 32002 0 0 0 0 0 4015
WIT 10 271 272 251 232 235 3699 0 0 1 271 1 1 32815 1 1 271 272 0 2 0 22 77 3699
WIT 10 271 272 284 265 274 3104 0 0 0 32002 0 -1 0 0 0 32002 32002 0 0 0 0 0 0
WIT 7 271 272 272 266 287 2972 1 0 0 32002 0 -1 0 0 0 32002 32002 0 0 0 0 0 0
WIT 7 271 272 285 279 180 0 0 0 0 275 0 -1 0 0 0 32002 32002 0 0 0 0 0 2989
WIT 6 271 272 284 279 279 3567 0 0 0 32002 0 -1 0 0 0 32002 32002 0 0 0 0 0 0
WIT 9 271 272 284 276 273 0 0 0 0 273 0 -1 0 0 0 32002 32002 0 0 0 0 0 4020
WIT 7 271 272 329 316 370 3242 0 1 0 32002 0 -1 0 0 0 32002 32002 0 0 0 0 0 0
WIT 7 261 283 302 296 296 3690 0 0 0 32002 0 -1 0 0 0 32002 32002 0 0 0 0 0 0
WIT 9 282 283 272 264 263 0 0 0 0 286 0 -1 0 0 0 32002 32002 0 0 0 0 0 3104
WIT 9 282 283 536 528 81 0 0 1 0 576 0 -1 0 0 0 32002 32002 0 0 0 0 0 3061
WIT 8 282 283 404 397 430 3242 0 1 0 32002 0 -1 0 0 0 32002 32002 0 0 0 0 0 0
WIT 8 261 283 272 265 232 0 0 0 0 285 0 -1 0 0 0 32002 32002 0 0 0 0 0 4015
WIT 6 -283 -282 -250 -255 -311 0 0 0 0 -264 0 -1 0 0 0 32002 32002 0 0 0 0 0 1179
WIT 7 282 283 251 238 245 2974 0 0 1 277 1 1 70320 1 1 282 303 0 2 0 2 28 2974
WIT 8 282 283 300 285 294 2989 0 0 0 32002 0 -1 0 0 0 32002 32002 0 0 0 0 0 0
WIT 11 282 283 272 251 251 3690 0 0 1 282 1 1 32048 1 1 282 288 0 2 0 25 125 3690
WIT 10 282 283 284 265 274 3104 0 0 1 284 0 -1 0 0 0 32002 32002 0 0 0 0 0 3690
WIT 9 282 283 272 255 257 3690 0 0 1 284 0 -1 0 0 0 32002 32002 0 0 0 0 0 4020
WIT 7 282 283 329 316 370 3242 0 1 0 32002 0 -1 0 0 0 32002 32002 0 0 0 0 0 0
WIT 6 297 298 286 281 381 3699 0 1 0 32002 0 -1 0 0 0 32002 32002 0 0 0 0 0 0
WIT 7 297 298 556 550 69 0 0 1 0 568 0 -1 0 0 0 32002 32002 0 0 0 0 0 3061
WIT 7 297 298 404 398 431 3242 0 1 0 32002 0 -1 0 0 0 32002 32002 0 0 0 0 0 0
WIT 7 268 298 284 278 232 0 0 0 0 302 0 -1 0 0 0 32002 32002 0 0 0 0 0 4015
WIT 10 297 298 287 268 272 3699 0 0 1 300 0 -1 0 0 0 32002 32002 0 0 0 0 0 3690
WIT 11 297 298 302 292 292 3690 0 0 1 303 0 -1 0 0 0 32002 32002 0 0 0 0 0 2331
WIT 9 297 298 284 276 291 4020 0 0 1 306 0 -1 0 0 0 32002 32002 0 0 0 0 0 3699
WIT 7 297 298 293 280 302 3242 0 0 0 32002 0 -1 0 0 0 32002 32002 0 0 0 0 0 0
WIT 7 297 298 349 343 351 3690 0 0 0 32002 0 -1 0 0 0 32002 32002 0 0 0 0 0 0
WIT 8 297 298 372 365 398 3242 0 1 0 32002 0 -1 0 0 0 32002 32002 0 0 0 0 0 0
WIT 7 297 298 351 345 377 3690 0 0 0 32002 0 -1 0 0 0 32002 32002 0 0 0 0 0 0
WIT 6 297 298 339 334 335 3690 0 0 0 32002 0 -1 0 0 0 32002 32002 0 0 0 0 0 0
WIT 9 297 298 284 267 228 0 0 0 0 301 0 -1 0 0 0 32002 32002 0 0 0 0 0 2989
WIT 6 -298 -297 -241 -246 -276 0 0 0 0 -278 0 -1 0 0 0 32002 32002 0 0 0 0 0 1179
WIT 6 -298 -297 -232 -237 -223 332 0 0 0 32002 0 -1 0 0 0 32002 32002 0 0 0 0 0 0
WIT 9 297 298 283 266 274 3104 0 0 1 297 1 1 46541 1 1 297 287 0 0 0 0 102 0
WIT 7 297 298 284 278 366 2974 0 0 0 32002 0 -1 0 0 0 32002 32002 0 0 0 0 0 0
WIT 7 297 298 316 303 259 0 0 0 0 320 0 -1 0 0 0 32002 32002 0 0 0 0 0 2720
WIT 7 -298 -297 -285 -291 -607 0 0 0 0 -298 0 -1 0 0 0 32002 32002 0 0 0 0 0 0
WIT 7 297 298 284 278 261 0 0 0 0 298 0 -1 0 0 0 32002 32002 0 0 0 0 0 3104
WIT 7 297 298 298 285 227 0 0 0 0 298 0 -1 0 0 0 32002 32002 0 0 0 0 0 2989
WIT 9 297 298 309 292 291 0 0 0 0 299 0 -1 0 0 0 32002 32002 0 0 0 0 0 4020
WIT 8 297 298 284 277 266 0 0 0 0 297 0 -1 0 0 0 32002 32002 0 0 0 0 0 0
WIT 7 297 298 284 278 277 0 0 0 0 297 0 -1 0 0 0 32002 32002 0 0 0 0 0 0
WIT 9 297 298 278 270 269 0 0 0 0 297 0 -1 0 0 0 32002 32002 0 0 0 0 0 0
WIT 6 -298 -297 -249 -254 -239 75 0 0 0 32002 0 -1 0 0 0 32002 32002 0 0 0 0 0 0
WIT 8 297 298 260 253 249 0 0 0 0 297 0 -1 0 0 0 32002 32002 0 0 0 0 0 0
WIT 7 297 298 260 247 192 0 0 0 0 297 0 -1 0 0 0 32002 32002 0 0 0 0 0 0
WIT 8 -269 -268 -287 -302 -303 0 0 0 0 -271 0 -1 0 0 0 32002 32002 0 0 0 0 0 0
WIT 6 297 298 281 276 275 0 0 0 0 298 0 -1 0 0 0 32002 32002 0 0 0 0 0 4015
WIT 6 297 298 277 272 290 3699 0 0 1 348 0 -1 0 0 0 32002 32002 0 0 0 0 0 4020
WIT 9 297 298 280 272 266 0 0 0 0 298 0 -1 0 0 0 32002 32002 0 0 0 0 0 3104
WIT 6 297 298 302 297 285 0 0 0 0 312 0 -1 0 0 0 32002 32002 0 0 0 0 0 3104
WIT 7 297 298 295 289 289 3112 0 0 1 309 0 -1 0 0 0 32002 32002 0 0 0 0 0 3104
WIT 11 297 298 274 264 185 0 0 0 0 300 0 -1 0 0 0 32002 32002 0 0 0 0 0 2989
WIT 8 297 298 285 278 288 3567 0 0 1 326 0 -1 0 0 0 32002 32002 0 0 0 0 0 3699
WIT 6 297 298 374 369 382 0 0 0 0 32002 0 -1 0 0 0 32002 32002 0 0 0 0 0 0
WIT 8 297 298 283 268 267 0 0 0 0 298 0 -1 0 0 0 32002 32002 0 0 0 0 0 4020
WIT 6 297 298 284 279 297 4020 0 0 1 297 1 1 16520 1 1 297 297 0 0 0 0 3 3104
WIT 8 297 298 290 283 310 3699 0 0 0 32002 0 -1 0 0 0 32002 32002 0 0 0 0 0 0
WIT 7 317 318 302 296 320 53055 0 0 0 32002 0 -1 0 0 0 32002 32002 0 0 0 0 0 0
WIT 10 317 318 301 282 282 3112 0 0 1 319 0 -1 0 0 0 32002 32002 0 0 0 0 0 3104
WIT 8 317 318 312 305 419 3699 0 0 0 32002 0 -1 0 0 0 32002 32002 0 0 0 0 0 0
WIT 7 317 318 303 297 333 0 0 0 0 32002 0 -1 0 0 0 32002 32002 0 0 0 0 0 0
WIT 9 317 318 284 267 217 0 0 0 0 318 0 -1 0 0 0 32002 32002 0 0 0 0 0 3567
WIT 9 317 318 303 286 291 3494 0 0 1 329 0 -1 0 0 0 32002 32002 0 0 0 0 0 2331
WIT 6 317 318 309 304 314 3494 0 0 1 368 0 -1 0 0 0 32002 32002 0 0 0 0 0 3567
WIT 8 317 318 303 296 295 0 0 0 0 318 0 -1 0 0 0 32002 32002 0 0 0 0 0 3104
WIT 6 317 318 320 315 341 3494 0 0 0 32002 0 -1 0 0 0 32002 32002 0 0 0 0 0 0
WIT 11 317 318 303 282 292 3567 0 0 1 318 0 -1 0 0 0 32002 32002 0 0 0 0 0 4020
WIT 8 317 318 305 298 299 4020 0 0 1 334 0 -1 0 0 0 32002 32002 0 0 0 0 0 3699
WIT 9 317 318 339 331 467 3699 0 0 0 32002 0 -1 0 0 0 32002 32002 0 0 0 0 0 0
WIT 9 317 318 311 303 303 3494 0 0 1 322 0 -1 0 0 0 32002 32002 0 0 0 0 0 4020
WIT 8 317 318 335 328 327 0 0 0 0 349 0 -1 0 0 0 32002 32002 0 0 0 0 0 4020
WIT 8 317 318 303 296 294 0 0 0 0 318 0 -1 0 0 0 32002 32002 0 0 0 0 0 4020
WIT 7 317 318 336 330 329 0 0 0 0 318 0 -1 0 0 0 32002 32002 0 0 0 0 0 4020
WIT 7 317 318 293 280 278 0 0 0 0 318 0 -1 0 0 0 32002 32002 0 0 0 0 0 3690
WIT 8 317 318 302 295 338 4020 0 0 0 32002 0 -1 0 0 0 32002 32002 0 0 0 0 0 0
WIT 9 317 318 351 343 371 3690 0 0 0 32002 0 -1 0 0 0 32002 32002 0 0 0 0 0 0
WIT 6 317 318 314 309 331 4020 0 0 0 32002 0 -1 0 0 0 32002 32002 0 0 0 0 0 0
WIT 7 317 318 372 366 399 3242 0 1 0 32002 0 -1 0 0 0 32002 32002 0 0 0 0 0 0
WIT 9 317 318 300 283 244 0 0 0 0 318 0 -1 0 0 0 32002 32002 0 0 0 0 0 2989
WIT 8 317 318 300 285 289 2989 0 0 1 321 0 -1 0 0 0 32002 32002 0 0 0 0 0 2974
WIT 7 317 318 288 282 292 3104 0 0 1 384 0 -1 0 0 0 32002 32002 0 0 0 0 0 2331
WIT 7 317 318 299 286 272 0 0 0 0 318 0 -1 0 0 0 32002 32002 0 0 0 0 0 3690
WIT 7 -318 -317 -278 -284 -291 0 0 0 0 -317 0 -1 0 0 0 32002 32002 0 0 0 0 0 148
WIT 7 -318 -317 -280 -293 -351 0 0 0 0 -317 0 -1 0 0 0 32002 32002 0 0 0 0 0 1179
WIT 9 317 318 298 281 280 0 0 0 0 317 0 -1 0 0 0 32002 32002 0 0 0 0 0 0
WIT 6 -272 -271 -209 -214 -214 75 0 0 0 32002 0 -1 0 0 0 32002 32002 0 0 0 0 0 0
WIT 8 -272 -271 -260 -267 -229 148 0 0 0 32002 0 -1 0 0 0 32002 32002 0 0 0 0 0 0
WIT 9 -272 -271 -260 -268 -271 0 0 0 0 -271 0 -1 0 0 0 32002 32002 0 0 0 0 0 332
WIT 8 -272 -271 -277 -284 -227 332 0 0 0 32002 0 -1 0 0 0 32002 32002 0 0 0 0 0 0
WIT 6 -272 -271 -257 -262 -241 332 0 0 0 32002 0 -1 0 0 0 32002 32002 0 0 0 0 0 0
WIT 7 -272 -271 -297 -310 -325 0 0 0 0 -256 0 -1 0 0 0 32002 32002 0 0 0 0 0 1179
WIT 7 -272 -271 -102 -108 -77 0 0 0 0 32002 0 -1 0 0 0 32002 32002 0 0 0 0 0 0
WIT 7 -272 -271 -255 -268 -265 1375 0 0 0 32002 0 -1 0 0 0 32002 32002 0 0 0 0 0 0
WIT 6 -272 -271 -229 -234 -228 1375 0 0 0 32002 0 -1 0 0 0 32002 32002 0 0 0 0 0 0
WIT 6 271 272 260 255 236 0 0 0 0 262 0 -1 0 0 0 32002 32002 0 0 0 0 0 4020
WIT 10 -272 -271 -297 -306 -297 1375 0 0 1 -272 1 1 22975 1 1 -272 -274 0 0 0 0 2 0
WIT 9 -272 -271 -297 -314 -332 0 0 0 0 -272 0 -1 0 0 0 32002 32002 0 0 0 0 0 0
WIT 8 271 272 284 277 304 2974 0 0 0 32002 0 -1 0 0 0 32002 32002 0 0 0 0 0 0
WIT 6 271 272 320 315 -200 0 0 0 0 291 0 -1 0 0 0 32002 32002 0 0 0 0 0 2656
WIT 8 271 272 317 302 258 0 0 0 0 288 0 -1 0 0 0 32002 32002 0 0 0 0 0 2720
WIT 6 -272 -271 -249 -254 -239 75 0 0 0 32002 0 -1 0 0 0 32002 32002 0 0 0 0 0 0
WIT 6 -272 -271 -175 -180 -196 0 0 0 0 -272 0 -1 0 0 0 32002 32002 0 0 0 0 0 75
WIT 9 -272 -271 -285 -293 -253 1375 0 0 0 32002 0 -1 0 0 0 32002 32002 0 0 0 0 0 0
WIT 8 -272 -271 -295 -302 -294 1375 0 0 1 -271 0 -1 0 0 0 32002 32002 0 0 0 0 0 1568
WIT 7 -272 -271 -165 -178 -220 0 0 0 0 -139 0 -1 0 0 0 32002 32002 0 0 0 0 0 1568
WIT 10 -272 -271 149 140 257 397 1 1 0 32002 0 -1 0 0 0 32002 32002 0 0 0 0 0 0
WIT 6 -272 -271 -255 -260 -248 1375 0 0 0 32002 0 -1 0 0 0 32002 32002 0 0 0 0 0 0
WIT 8 -272 -271 -209 -216 -177 332 0 0 0 32002 0 -1 0 0 0 32002 32002 0 0 0 0 0 0
WIT 10 -272 -271 -250 -269 -273 0 0 0 0 -271 0 -1 0 0 0 32002 32002 0 0 0 0 0 1243
WIT 10 -272 -271 -248 -257 -254 536 0 0 0 32002 0 -1 0 0 0 32002 32002 0 0 0 0 0 0
WIT 8 -272 -271 -205 -212 -185 536 0 0 0 32002 0 -1 0 0 0 32002 32002 0 0 0 0 0 0
WIT 6 -272 -271 -204 -209 -185 332 0 0 0 32002 0 -1 0 0 0 32002 32002 0 0 0 0 0 0
WIT 7 -272 -271 -234 -240 -240 536 0 0 0 32002 0 -1 0 0 0 32002 32002 0 0 0 0 0 0
WIT 6 -272 -271 -251 -256 -237 536 0 0 0 32002 0 -1 0 0 0 32002 32002 0 0 0 0 0 0
WIT 6 -272 -271 -219 -224 -206 536 0 0 0 32002 0 -1 0 0 0 32002 32002 0 0 0 0 0 0
WIT 11 -272 -271 -242 -252 -56 0 0 0 0 32002 0 -1 0 0 0 32002 32002 0 0 0 0 0 0
WIT 11 -272 -271 -248 -269 -270 0 0 0 0 -271 0 -1 0 0 0 32002 32002 0 0 0 0 0 601
WIT 9 -272 -271 -226 -234 -202 75 0 0 0 32002 0 -1 0 0 0 32002 32002 0 0 0 0 0 0
WIT 11 -272 -271 -252 -273 -268 1375 0 0 0 32002 0 -1 0 0 0 32002 32002 0 0 0 0 0 0
WIT 9 -272 -271 -209 -217 -179 1243 0 0 0 32002 0 -1 0 0 0 32002 32002 0 0 0 0 0 0
WIT 8 -272 -271 -245 -252 -225 1243 0 0 0 32002 0 -1 0 0 0 32002 32002 0 0 0 0 0 0
WIT 7 -260 -259 -242 -248 -195 332 0 0 0 32002 0 -1 0 0 0 32002 32002 0 0 0 0 0 0
WIT 7 -271 -259 -264 -270 -288 0 0 0 0 -259 0 -1 0 0 0 32002 32002 0 0 0 0 0 75
WIT 8 -260 -259 -227 -234 -247 0 0 0 0 -226 0 -1 0 0 0 32002 32002 0 0 0 0 0 82
WIT 6 -260 -259 -246 -251 119 1371 1 0 0 32002 0 -1 0 0 0 32002 32002 0 0 0 0 0 0
WIT 8 -260 -259 -243 -250 -264 0 0 0 0 -270 0 -1 0 0 0 32002 32002 0 0 0 0 0 332
WIT 8 -260 -259 -271 -286 -253 75 0 0 0 32002 0 -1 0 0 0 32002 32002 0 0 0 0 0 0
WIT 8 -260 -259 -210 -217 -247 0 0 0 0 -301 0 -1 0 0 0 32002 32002 0 0 0 0 0 0
WIT 7 270 271 292 286 198 0 0 0 0 276 0 -1 0 0 0 32002 32002 0 0 0 0 0 2989
WIT 6 -260 -259 -249 -254 -324 0 0 0 0 -250 0 -1 0 0 0 32002 32002 0 0 0 0 0 1179
WIT 8 -271 -259 -271 -278 -305 0 0 0 0 -271 0 -1 0 0 0 32002 32002 0 0 0 0 0 1697
WIT 9 -260 -259 -193 -201 -198 1697 0 0 0 32002 0 -1 0 0 0 32002 32002 0 0 0 0 0 0
WIT 7 -260 -259 -254 -260 -299 0 0 0 0 -252 0 -1 0 0 0 32002 32002 0 0 0 0 0 1375
WIT 8 -260 -259 -231 -246 -308 0 0 0 0 -202 0 -1 0 0 0 32002 32002 0 0 0 0 0 1375
WIT 8 -260 -259 -153 -160 -277 0 0 0 0 -259 0 -1 0 0 0 32002 32002 0 0 0 0 0 1179
WIT 7 259 260 260 254 223 0 0 0 0 260 0 -1 0 0 0 32002 32002 0 0 0 0 0 1822
WIT 8 259 260 309 302 336 3038 0 0 0 32002 0 -1 0 0 0 32002 32002 0 0 0 0 0 0
WIT 7 259 260 304 291 244 0 0 0 0 260 0 -1 0 0 0 32002 32002 0 0 0 0 0 2989
WIT 11 -260 -259 -271 -292 -296 0 0 0 0 -260 0 -1 0 0 0 32002 32002 0 0 0 0 0 0
WIT 8 270 271 309 302 336 3038 0 0 0 32002 0 -1 0 0 0 32002 32002 0 0 0 0 0 0
WIT 8 270 271 428 421 355 0 0 0 0 307 0 -1 0 0 0 32002 32002 0 0 0 0 0 2927
WIT 7 270 271 290 284 314 2916 1 0 0 32002 0 -1 0 0 0 32002 32002 0 0 0 0 0 0
WIT 7 270 271 260 247 222 0 0 0 0 272 0 -1 0 0 0 32002 32002 0 0 0 0 0 2989
WIT 7 270 271 267 261 261 2972 1 0 0 274 0 -1 0 0 0 32002 32002 0 0 0 0 0 4020
WIT 9 270 271 340 332 330 0 0 0 0 290 0 -1 0 0 0 32002 32002 0 0 0 0 0 4020
WIT 10 270 271 305 296 296 3699 0 0 0 32002 0 -1 0 0 0 32002 32002 0 0 0 0 0 0
WIT 7 270 271 337 331 359 53055 0 0 0 32002 0 -1 0 0 0 32002 32002 0 0 0 0 0 0
WIT 9 270 271 298 281 254 0 0 0 0 296 0 -1 0 0 0 32002 32002 0 0 0 0 0 4015
WIT 7 270 271 294 281 296 3699 0 0 0 32002 0 -1 0 0 0 32002 32002 0 0 0 0 0 0
WIT 6 270 271 312 307 310 4020 0 0 0 32002 0 -1 0 0 0 32002 32002 0 0 0 0 0 0
WIT 9 -271 -259 -271 -279 -294 0 0 0 0 -271 0 -1 0 0 0 32002 32002 0 0 0 0 0 0
WIT 13 270 271 318 293 293 3690 0 0 0 32002 0 -1 0 0 0 32002 32002 0 0 0 0 0 0
WIT 13 270 271 318 293 294 3104 0 0 0 32002 0 -1 0 0 0 32002 32002 0 0 0 0 0 0
WIT 7 270 271 351 345 369 3690 0 0 0 32002 0 -1 0 0 0 32002 32002 0 0 0 0 0 0
WIT 6 270 271 372 367 395 3242 0 1 0 32002 0 -1 0 0 0 32002 32002 0 0 0 0 0 0
WIT 12 270 271 318 295 249 0 0 0 0 283 0 -1 0 0 0 32002 32002 0 0 0 0 0 2989
WIT 9 270 271 289 281 325 2656 1 0 0 32002 0 -1 0 0 0 32002 32002 0 0 0 0 0 0
WIT 10 270 271 375 366 327 0 0 0 0 271 0 -1 0 0 0 32002 32002 0 0 0 0 0 2331
WIT 10 270 271 258 249 249 4013 0 0 1 289 0 -1 0 0 0 32002 32002 0 0 0 0 0 4020
WIT 6 270 271 338 333 249 0 0 0 0 285 0 -1 0 0 0 32002 32002 0 0 0 0 0 2740
WIT 6 270 271 427 422 388 0 0 0 0 350 0 -1 0 0 0 32002 32002 0 0 0 0 0 2331
WIT 11 270 271 318 297 274 0 0 0 0 271 0 -1 0 0 0 32002 32002 0 0 0 0 0 3690
WIT 9 270 271 298 290 290 3690 0 0 0 32002 0 -1 0 0 0 32002 32002 0 0 0 0 0 0
WIT 8 270 271 298 291 314 4020 0 0 0 32002 0 -1 0 0 0 32002 32002 0 0 0 0 0 0
WIT 8 270 271 290 283 288 3690 0 0 0 32002 0 -1 0 0 0 32002 32002 0 0 0 0 0 0
WIT 9 270 271 370 362 368 2989 0 0 0 32002 0 -1 0 0 0 32002 32002 0 0 0 0 0 0
WIT 7 270 271 353 340 376 3242 0 1 0 32002 0 -1 0 0 0 32002 32002 0 0 0 0 0 0
WIT 7 270 271 279 273 304 4020 0 0 0 32002 0 -1 0 0 0 32002 32002 0 0 0 0 0 0
WIT 7 270 271 308 302 308 4020 0 0 0 32002 0 -1 0 0 0 32002 32002 0 0 0 0 0 0
WIT 7 270 271 321 315 339 3690 0 0 0 32002 0 -1 0 0 0 32002 32002 0 0 0 0 0 0
WIT 7 270 271 251 245 245 3690 0 0 1 271 0 -1 0 0 0 32002 32002 0 0 0 0 0 4020
WIT 10 -271 -259 -271 -280 -284 0 0 0 0 -271 0 -1 0 0 0 32002 32002 0 0 0 0 0 0
WIT 6 277 278 275 270 292 0 0 0 0 32002 0 -1 0 0 0 32002 32002 0 0 0 0 0 0
WIT 8 259 287 271 264 266 3690 0 0 1 278 1 1 19658 1 1 278 273 0 0 0 0 24 3104
WIT 7 277 278 271 258 265 3699 0 0 1 287 0 -1 0 0 0 32002 32002 0 0 0 0 0 3690
WIT 6 277 278 298 293 312 4020 0 0 0 32002 0 -1 0 0 0 32002 32002 0 0 0 0 0 0

===========================
Total time (ms) : 41
Nodes searched  : 30908
Nodes/second    : 753853
