
Position: 1/1 (rnbqkb1r/pp2pp2/2pp1n1p/6p1/3PP1P1/2N2N1P/PPP2P2/R1BQKB1R b KQkq - 0 6)
WIT 6 233 234 244 239 239 1380 1 0 0 32002 0 -1 0 0 0 32002 32002 0 0 0 0 0 0
WIT 6 233 234 238 233 189 0 0 0 0 237 0 -1 0 0 0 32002 32002 0 0 0 0 0 1764
WIT 7 256 257 250 237 252 148 0 0 1 258 0 -1 0 0 0 32002 32002 0 0 0 0 0 1503
WIT 7 256 257 270 257 257 148 0 0 0 32002 0 -1 0 0 0 32002 32002 0 0 0 0 0 0
WIT 7 273 274 257 244 244 536 0 0 1 274 0 -1 0 0 0 32002 32002 0 0 0 0 0 1503
WIT 7 273 274 270 257 257 148 0 0 1 275 0 -1 0 0 0 32002 32002 0 0 0 0 0 1764
WIT 6 273 274 258 253 253 536 0 0 1 282 0 -1 0 0 0 32002 32002 0 0 0 0 0 148
WIT 7 296 297 274 261 261 536 0 0 1 297 0 -1 0 0 0 32002 32002 0 0 0 0 0 1503
WIT 7 296 297 274 261 261 148 0 0 1 336 0 -1 0 0 0 32002 32002 0 0 0 0 0 1764
WIT 6 296 297 280 275 274 0 0 0 0 291 0 -1 0 0 0 32002 32002 0 0 0 0 0 0
WIT 7 -258 -257 -280 -286 -287 0 0 0 0 -258 0 -1 0 0 0 32002 32002 0 0 0 0 0 0
WIT 7 278 279 297 284 281 0 0 0 0 290 0 -1 0 0 0 32002 32002 0 0 0 0 0 1503
WIT 8 289 290 288 273 279 536 0 0 1 290 0 -1 0 0 0 32002 32002 0 0 0 0 0 1503
WIT 7 289 290 284 278 269 0 0 0 0 290 0 -1 0 0 0 32002 32002 0 0 0 0 0 139
WIT 6 289 290 284 279 282 536 0 0 1 316 0 -1 0 0 0 32002 32002 0 0 0 0 0 1503
WIT 6 289 290 323 318 318 148 0 0 0 32002 0 -1 0 0 0 32002 32002 0 0 0 0 0 0
WIT 6 289 290 295 290 290 1503 0 0 0 32002 0 -1 0 0 0 32002 32002 0 0 0 0 0 0
WIT 6 289 290 295 290 318 1503 0 0 0 32002 0 -1 0 0 0 32002 32002 0 0 0 0 0 0
WIT 6 289 290 279 274 273 0 0 0 0 290 0 -1 0 0 0 32002 32002 0 0 0 0 0 1503
WIT 6 289 290 291 286 384 1503 0 0 0 32002 0 -1 0 0 0 32002 32002 0 0 0 0 0 0
WIT 6 289 290 283 278 280 1503 0 0 1 290 0 -1 0 0 0 32002 32002 0 0 0 0 0 536
WIT 6 289 290 279 274 314 148 0 0 0 32002 0 -1 0 0 0 32002 32002 0 0 0 0 0 0
WIT 6 289 290 294 289 289 1503 0 0 1 298 0 -1 0 0 0 32002 32002 0 0 0 0 0 536
WIT 6 289 290 280 275 275 1503 0 0 1 310 0 -1 0 0 0 32002 32002 0 0 0 0 0 536
WIT 6 289 290 335 330 393 0 0 0 0 32002 0 -1 0 0 0 32002 32002 0 0 0 0 0 0
WIT 6 289 290 327 322 322 1503 0 0 0 32002 0 -1 0 0 0 32002 32002 0 0 0 0 0 0
WIT 6 289 290 287 282 282 536 0 0 1 290 0 -1 0 0 0 32002 32002 0 0 0 0 0 339
WIT 6 289 290 291 286 286 1503 0 0 1 295 0 -1 0 0 0 32002 32002 0 0 0 0 0 536
WIT 6 289 290 282 277 277 536 0 0 1 287 1 1 29435 1 1 289 305 0 0 0 0 8 536
WIT 6 289 290 282 277 277 1828 0 0 1 313 0 -1 0 0 0 32002 32002 0 0 0 0 0 536
WIT 6 289 290 299 294 294 148 0 0 0 32002 0 -1 0 0 0 32002 32002 0 0 0 0 0 0
WIT 7 301 302 339 326 318 0 0 0 0 303 0 -1 0 0 0 32002 32002 0 0 0 0 0 1503
WIT 8 314 315 302 287 298 148 0 0 1 315 0 -1 0 0 0 32002 32002 0 0 0 0 0 1503
WIT 7 314 315 336 330 315 0 0 0 0 315 0 -1 0 0 0 32002 32002 0 0 0 0 0 1503
WIT 6 314 315 307 302 342 1503 0 0 0 32002 0 -1 0 0 0 32002 32002 0 0 0 0 0 0
WIT 8 314 315 306 291 279 0 0 0 0 315 0 -1 0 0 0 32002 32002 0 0 0 0 0 139
WIT 7 314 315 327 321 321 148 0 0 0 32002 0 -1 0 0 0 32002 32002 0 0 0 0 0 0
WIT 7 314 315 309 303 307 1503 0 0 1 344 0 -1 0 0 0 32002 32002 0 0 0 0 0 536
WIT 7 314 315 302 296 335 1503 0 0 0 32002 0 -1 0 0 0 32002 32002 0 0 0 0 0 0
WIT 7 314 315 309 303 303 536 0 0 1 317 0 -1 0 0 0 32002 32002 0 0 0 0 0 1503
WIT 7 314 315 290 284 230 0 0 0 0 349 0 -1 0 0 0 32002 32002 0 0 0 0 0 2477
WIT 8 314 315 290 283 112 0 0 0 0 345 0 -1 0 0 0 32002 32002 0 0 0 0 0 2022
WIT 7 314 315 310 297 295 0 0 0 0 314 0 -1 0 0 0 32002 32002 0 0 0 0 0 0
WIT 6 -303 -302 -229 -234 -273 0 0 0 0 -231 0 -1 0 0 0 32002 32002 0 0 0 0 0 2137
WIT 6 -303 -302 -305 -310 -325 0 0 0 0 -284 0 -1 0 0 0 32002 32002 0 0 0 0 0 2788
WIT 7 -286 -285 -239 -252 -330 0 0 0 0 -257 0 -1 0 0 0 32002 32002 0 0 0 0 0 2137
WIT 7 -286 -285 -274 -280 -299 0 0 0 0 -259 0 -1 0 0 0 32002 32002 0 0 0 0 0 3779
WIT 7 -286 -285 -284 -290 -295 0 0 0 0 -293 0 -1 0 0 0 32002 32002 0 0 0 0 0 0
WIT 7 -286 -285 -286 -299 -315 0 0 0 0 -292 0 -1 0 0 0 32002 32002 0 0 0 0 0 0
WIT 6 313 314 327 322 319 0 0 0 0 333 0 -1 0 0 0 32002 32002 0 0 0 0 0 1762
WIT 6 313 314 335 330 378 0 0 0 0 32002 0 -1 0 0 0 32002 32002 0 0 0 0 0 0
WIT 6 313 314 302 297 296 0 0 0 0 314 0 -1 0 0 0 32002 32002 0 0 0 0 0 536
WIT 6 313 314 302 297 297 1828 0 0 1 332 0 -1 0 0 0 32002 32002 0 0 0 0 0 536
WIT 7 313 314 331 318 267 0 0 0 0 348 0 -1 0 0 0 32002 32002 0 0 0 0 0 1764
WIT 6 313 314 302 297 388 1503 0 0 0 32002 0 -1 0 0 0 32002 32002 0 0 0 0 0 0
WIT 6 313 314 302 297 297 139 0 0 1 313 1 1 146 1 1 313 313 0 0 0 0 2 1828
WIT 6 313 314 327 322 322 1828 0 0 0 32002 0 -1 0 0 0 32002 32002 0 0 0 0 0 0
WIT 6 313 314 311 306 305 0 0 0 0 364 0 -1 0 0 0 32002 32002 0 0 0 0 0 148
WIT 6 313 314 312 307 307 148 0 0 1 315 0 -1 0 0 0 32002 32002 0 0 0 0 0 536
WIT 6 313 314 307 302 302 148 0 0 1 329 0 -1 0 0 0 32002 32002 0 0 0 0 0 536
WIT 7 313 314 325 312 305 0 0 0 0 306 0 -1 0 0 0 32002 32002 0 0 0 0 0 0
WIT 6 313 314 327 322 322 148 0 0 0 32002 0 -1 0 0 0 32002 32002 0 0 0 0 0 0
WIT 6 313 314 332 327 327 148 0 0 0 32002 0 -1 0 0 0 32002 32002 0 0 0 0 0 0
WIT 6 313 314 302 297 297 1503 0 0 1 342 0 -1 0 0 0 32002 32002 0 0 0 0 0 536
WIT 6 313 314 312 307 321 148 0 0 0 32002 0 -1 0 0 0 32002 32002 0 0 0 0 0 0
WIT 6 313 314 304 299 299 148 0 0 1 349 0 -1 0 0 0 32002 32002 0 0 0 0 0 536
WIT 7 326 327 354 348 347 0 0 0 0 395 0 -1 0 0 0 32002 32002 0 0 0 0 0 1187
WIT 8 326 327 314 299 291 0 0 0 0 327 0 -1 0 0 0 32002 32002 0 0 0 0 0 1380
WIT 7 326 327 314 301 290 0 0 0 0 327 0 -1 0 0 0 32002 32002 0 0 0 0 0 1164
WIT 6 326 327 302 297 297 1503 0 0 1 325 1 1 9189 1 1 326 327 0 0 0 0 12 1503
WIT 9 326 327 353 345 318 0 0 0 0 354 0 -1 0 0 0 32002 32002 0 0 0 0 0 511
WIT 9 326 327 325 317 309 0 0 0 0 334 0 -1 0 0 0 32002 32002 0 0 0 0 0 2022
WIT 9 326 327 363 346 281 0 0 0 0 377 0 -1 0 0 0 32002 32002 0 0 0 0 0 2022
WIT 8 326 327 359 352 405 536 0 0 0 32002 0 -1 0 0 0 32002 32002 0 0 0 0 0 0
WIT 8 326 327 315 300 293 0 0 0 0 327 0 -1 0 0 0 32002 32002 0 0 0 0 0 1503
WIT 7 326 327 342 329 319 0 0 0 0 341 0 -1 0 0 0 32002 32002 0 0 0 0 0 49408
WIT 9 326 327 338 330 330 1503 0 0 0 32002 0 -1 0 0 0 32002 32002 0 0 0 0 0 0
WIT 8 326 327 314 307 303 0 0 0 0 301 0 -1 0 0 0 32002 32002 0 0 0 0 0 0
WIT 8 326 327 314 299 292 0 0 0 0 319 0 -1 0 0 0 32002 32002 0 0 0 0 0 0
WIT 6 -315 -314 -318 -323 -327 0 0 0 0 -222 0 -1 0 0 0 32002 32002 0 0 0 0 0 2137
WIT 7 -315 -314 -241 -247 -241 2931 0 0 0 32002 0 -1 0 0 0 32002 32002 0 0 0 0 0 0
WIT 7 -298 -297 -308 -321 -325 0 0 0 0 -298 0 -1 0 0 0 32002 32002 0 0 0 0 0 2722
WIT 7 -298 -297 -241 -247 -247 2915 0 0 0 32002 0 -1 0 0 0 32002 32002 0 0 0 0 0 0
WIT 7 275 276 330 317 317 148 0 0 0 32002 0 -1 0 0 0 32002 32002 0 0 0 0 0 0
WIT 6 275 276 335 330 389 0 0 0 0 32002 0 -1 0 0 0 32002 32002 0 0 0 0 0 0
WIT 7 275 276 327 314 313 0 0 0 0 276 0 -1 0 0 0 32002 32002 0 0 0 0 0 1828
WIT 6 275 276 338 333 333 1503 0 0 0 32002 0 -1 0 0 0 32002 32002 0 0 0 0 0 0
WIT 7 286 287 288 282 281 0 0 0 0 295 0 -1 0 0 0 32002 32002 0 0 0 0 0 1762
WIT 7 286 287 330 317 318 148 0 0 0 32002 0 -1 0 0 0 32002 32002 0 0 0 0 0 0
WIT 6 286 287 335 330 390 0 0 0 0 32002 0 -1 0 0 0 32002 32002 0 0 0 0 0 0
WIT 6 286 287 329 324 346 148 0 0 0 32002 0 -1 0 0 0 32002 32002 0 0 0 0 0 0
WIT 7 286 287 276 263 281 148 0 0 1 289 0 -1 0 0 0 32002 32002 0 0 0 0 0 1828
WIT 6 286 287 347 342 354 148 0 0 0 32002 0 -1 0 0 0 32002 32002 0 0 0 0 0 0
WIT 6 286 287 327 322 380 148 0 0 0 32002 0 -1 0 0 0 32002 32002 0 0 0 0 0 0
WIT 6 286 287 314 309 321 148 0 0 0 32002 0 -1 0 0 0 32002 32002 0 0 0 0 0 0
WIT 6 286 287 326 321 364 148 0 0 0 32002 0 -1 0 0 0 32002 32002 0 0 0 0 0 0
WIT 6 286 287 327 322 441 148 0 0 0 32002 0 -1 0 0 0 32002 32002 0 0 0 0 0 0
WIT 6 286 287 331 326 385 148 0 0 0 32002 0 -1 0 0 0 32002 32002 0 0 0 0 0 0
WIT 6 286 287 338 333 333 1503 0 0 0 32002 0 -1 0 0 0 32002 32002 0 0 0 0 0 0
WIT 6 286 287 300 295 317 148 0 0 0 32002 0 -1 0 0 0 32002 32002 0 0 0 0 0 0
WIT 6 286 287 344 339 363 1503 0 0 0 32002 0 -1 0 0 0 32002 32002 0 0 0 0 0 0
WIT 6 302 303 295 290 346 0 0 0 0 32002 0 -1 0 0 0 32002 32002 0 0 0 0 0 0
WIT 7 302 303 330 317 318 148 0 0 0 32002 0 -1 0 0 0 32002 32002 0 0 0 0 0 0
WIT 6 302 303 382 377 430 148 0 0 0 32002 0 -1 0 0 0 32002 32002 0 0 0 0 0 0
WIT 7 302 303 335 329 327 0 0 0 0 351 0 -1 0 0 0 32002 32002 0 0 0 0 0 1959
WIT 7 302 303 314 301 337 148 0 0 0 32002 0 -1 0 0 0 32002 32002 0 0 0 0 0 0
WIT 7 302 303 340 334 385 148 0 0 0 32002 0 -1 0 0 0 32002 32002 0 0 0 0 0 0
WIT 7 302 303 329 323 349 148 0 0 0 32002 0 -1 0 0 0 32002 32002 0 0 0 0 0 0
WIT 7 302 303 316 310 337 148 0 0 0 32002 0 -1 0 0 0 32002 32002 0 0 0 0 0 0
WIT 7 302 303 288 275 281 528 0 0 1 302 1 1 5430 1 1 302 303 0 0 0 0 28 528
WIT 7 302 303 347 341 355 148 0 0 0 32002 0 -1 0 0 0 32002 32002 0 0 0 0 0 0
WIT 7 302 303 327 321 387 148 0 0 0 32002 0 -1 0 0 0 32002 32002 0 0 0 0 0 0
WIT 8 302 303 367 360 359 0 0 0 0 303 0 -1 0 0 0 32002 32002 0 0 0 0 0 203
WIT 7 302 303 357 344 328 0 0 0 0 303 0 -1 0 0 0 32002 32002 0 0 0 0 0 148
WIT 7 302 303 314 308 322 148 0 0 0 32002 0 -1 0 0 0 32002 32002 0 0 0 0 0 0
WIT 7 302 303 326 320 369 148 0 0 0 32002 0 -1 0 0 0 32002 32002 0 0 0 0 0 0
WIT 6 302 303 303 298 -252 0 0 0 0 292 0 -1 0 0 0 32002 32002 0 0 0 0 0 0
WIT 7 302 303 310 297 234 0 0 0 0 307 0 -1 0 0 0 32002 32002 0 0 0 0 0 1828
WIT 7 302 303 331 325 392 148 0 0 0 32002 0 -1 0 0 0 32002 32002 0 0 0 0 0 0
WIT 7 302 303 338 332 332 1503 0 0 0 32002 0 -1 0 0 0 32002 32002 0 0 0 0 0 0
WIT 7 302 303 300 294 320 148 0 0 0 32002 0 -1 0 0 0 32002 32002 0 0 0 0 0 0
WIT 7 302 303 344 338 394 148 0 0 0 32002 0 -1 0 0 0 32002 32002 0 0 0 0 0 0
WIT 7 322 323 327 321 306 0 0 0 0 330 0 -1 0 0 0 32002 32002 0 0 0 0 0 203
WIT 7 322 323 330 317 318 148 0 0 1 333 0 -1 0 0 0 32002 32002 0 0 0 0 0 1762
WIT 7 322 323 314 301 337 148 0 0 0 32002 0 -1 0 0 0 32002 32002 0 0 0 0 0 0
WIT 7 322 323 340 334 376 148 0 0 0 32002 0 -1 0 0 0 32002 32002 0 0 0 0 0 0
WIT 7 322 323 329 323 374 148 0 0 0 32002 0 -1 0 0 0 32002 32002 0 0 0 0 0 0
WIT 7 322 323 316 310 316 148 0 0 1 323 0 -1 0 0 0 32002 32002 0 0 0 0 0 1503
WIT 7 322 323 303 290 290 1828 0 0 1 323 0 -1 0 0 0 32002 32002 0 0 0 0 0 528
WIT 8 322 323 317 302 299 0 0 0 0 323 0 -1 0 0 0 32002 32002 0 0 0 0 0 339
WIT 8 322 323 387 380 452 1503 0 0 0 32002 0 -1 0 0 0 32002 32002 0 0 0 0 0 0
WIT 7 322 323 306 293 253 0 0 0 0 323 0 -1 0 0 0 32002 32002 0 0 0 0 0 1828
WIT 7 322 323 347 341 380 1503 0 0 0 32002 0 -1 0 0 0 32002 32002 0 0 0 0 0 0
WIT 7 322 323 327 321 365 1503 0 0 0 32002 0 -1 0 0 0 32002 32002 0 0 0 0 0 0
WIT 7 322 323 303 290 290 139 0 0 1 334 0 -1 0 0 0 32002 32002 0 0 0 0 0 148
WIT 7 322 323 314 308 322 148 0 0 1 322 1 1 11295 1 1 322 327 0 0 0 0 21 148
WIT 7 322 323 326 320 369 148 0 0 0 32002 0 -1 0 0 0 32002 32002 0 0 0 0 0 0
WIT 7 322 323 331 325 392 148 0 0 0 32002 0 -1 0 0 0 32002 32002 0 0 0 0 0 0
WIT 7 322 323 315 302 333 528 0 0 0 32002 0 -1 0 0 0 32002 32002 0 0 0 0 0 0
WIT 7 322 323 338 332 332 1503 0 0 0 32002 0 -1 0 0 0 32002 32002 0 0 0 0 0 0
WIT 7 322 323 300 294 309 148 0 0 1 332 0 -1 0 0 0 32002 32002 0 0 0 0 0 1503
WIT 7 322 323 344 338 341 1503 0 0 0 32002 0 -1 0 0 0 32002 32002 0 0 0 0 0 0
WIT 8 349 350 337 330 330 1828 0 0 1 350 0 -1 0 0 0 32002 32002 0 0 0 0 0 528
WIT 7 349 350 329 316 310 0 0 0 0 340 0 -1 0 0 0 32002 32002 0 0 0 0 0 1291
WIT 8 349 350 326 319 318 0 0 0 0 364 0 -1 0 0 0 32002 32002 0 0 0 0 0 148
WIT 7 349 350 331 318 318 148 0 0 1 352 0 -1 0 0 0 32002 32002 0 0 0 0 0 1762
WIT 7 349 350 314 301 337 148 0 0 1 352 0 -1 0 0 0 32002 32002 0 0 0 0 0 536
WIT 7 349 350 340 334 376 148 0 0 0 32002 0 -1 0 0 0 32002 32002 0 0 0 0 0 0
WIT 7 349 350 329 323 374 148 0 0 0 32002 0 -1 0 0 0 32002 32002 0 0 0 0 0 0
WIT 7 349 350 323 317 318 148 0 0 1 352 0 -1 0 0 0 32002 32002 0 0 0 0 0 1503
WIT 7 349 350 323 310 337 148 0 0 1 350 0 -1 0 0 0 32002 32002 0 0 0 0 0 528
WIT 7 349 350 344 331 341 148 0 0 1 352 0 -1 0 0 0 32002 32002 0 0 0 0 0 1764
WIT 7 349 350 327 321 333 148 0 0 1 350 0 -1 0 0 0 32002 32002 0 0 0 0 0 536
WIT 7 349 350 347 341 359 148 0 0 0 32002 0 -1 0 0 0 32002 32002 0 0 0 0 0 0
WIT 7 349 350 327 321 375 148 0 0 0 32002 0 -1 0 0 0 32002 32002 0 0 0 0 0 0
WIT 8 349 350 351 336 336 360 1 0 0 352 0 -1 0 0 0 32002 32002 0 0 0 0 0 203
WIT 6 349 350 334 329 337 339 0 0 1 390 0 -1 0 0 0 32002 32002 0 0 0 0 0 203
WIT 7 349 350 332 319 318 0 0 0 0 350 0 -1 0 0 0 32002 32002 0 0 0 0 0 148
WIT 7 349 350 327 314 320 148 0 0 1 350 0 -1 0 0 0 32002 32002 0 0 0 0 0 1503
WIT 9 349 350 401 393 405 49415 0 0 0 32002 0 -1 0 0 0 32002 32002 0 0 0 0 0 0
WIT 9 349 350 348 340 285 0 0 0 0 350 0 -1 0 0 0 32002 32002 0 0 0 0 0 594
WIT 10 349 350 345 336 336 261 0 0 1 352 0 -1 0 0 0 32002 32002 0 0 0 0 0 49415
WIT 8 349 350 323 308 298 0 0 0 0 350 0 -1 0 0 0 32002 32002 0 0 0 0 0 339
WIT 8 349 350 387 380 452 1503 0 0 0 32002 0 -1 0 0 0 32002 32002 0 0 0 0 0 0
WIT 7 349 350 323 310 256 0 0 0 0 350 0 -1 0 0 0 32002 32002 0 0 0 0 0 1828
WIT 7 349 350 326 320 369 148 0 0 0 32002 0 -1 0 0 0 32002 32002 0 0 0 0 0 0
WIT 6 349 350 351 346 364 1382 0 0 0 32002 0 -1 0 0 0 32002 32002 0 0 0 0 0 0
WIT 7 349 350 345 332 328 0 0 0 0 364 0 -1 0 0 0 32002 32002 0 0 0 0 0 1959
WIT 7 349 350 327 321 456 148 0 0 0 32002 0 -1 0 0 0 32002 32002 0 0 0 0 0 0
WIT 7 349 350 331 325 392 148 0 0 0 32002 0 -1 0 0 0 32002 32002 0 0 0 0 0 0
WIT 9 349 350 315 298 307 339 0 0 1 388 0 -1 0 0 0 32002 32002 0 0 0 0 0 139
WIT 7 349 350 338 332 332 1828 0 0 1 372 0 -1 0 0 0 32002 32002 0 0 0 0 0 536
WIT 7 349 350 330 324 351 148 0 0 0 32002 0 -1 0 0 0 32002 32002 0 0 0 0 0 0
WIT 7 349 350 344 338 394 148 0 0 0 32002 0 -1 0 0 0 32002 32002 0 0 0 0 0 0
WIT 8 346 347 369 362 361 0 0 0 0 358 0 -1 0 0 0 32002 32002 0 0 0 0 0 1828
WIT 7 346 347 339 326 301 0 0 0 0 346 0 -1 0 0 0 32002 32002 0 0 0 0 0 0
WIT 10 -318 -317 -328 -337 -282 3756 0 0 0 32002 0 -1 0 0 0 32002 32002 0 0 0 0 0 0
WIT 8 -318 -317 -350 -365 -365 3699 0 0 1 -317 0 -1 0 0 0 32002 32002 0 0 0 0 0 2722
WIT 7 -318 -317 -238 -244 -264 0 0 0 0 -281 0 -1 0 0 0 32002 32002 0 0 0 0 0 3742
WIT 7 -318 -317 -330 -336 -312 3756 0 0 0 32002 0 -1 0 0 0 32002 32002 0 0 0 0 0 0
WIT 7 -318 -317 -311 -317 -284 3756 0 0 0 32002 0 -1 0 0 0 32002 32002 0 0 0 0 0 0
WIT 7 -318 -317 -235 -241 -241 2915 0 0 0 32002 0 -1 0 0 0 32002 32002 0 0 0 0 0 0
WIT 7 -318 -317 -331 -337 -295 3699 0 0 0 32002 0 -1 0 0 0 32002 32002 0 0 0 0 0 0
WIT 6 -318 -317 -305 -310 -305 3756 0 0 0 32002 0 -1 0 0 0 32002 32002 0 0 0 0 0 0
WIT 7 -303 -302 -330 -336 -306 0 0 0 0 -254 0 -1 0 0 0 32002 32002 0 0 0 0 0 2824
WIT 6 -303 -302 -301 -306 -335 0 0 0 0 -267 0 -1 0 0 0 32002 32002 0 0 0 0 0 3699
WIT 6 -303 -302 -301 -306 -329 0 0 0 0 -302 0 -1 0 0 0 32002 32002 0 0 0 0 0 3808
WIT 6 -328 -327 -328 -333 -286 3699 0 0 0 32002 0 -1 0 0 0 32002 32002 0 0 0 0 0 0
WIT 7 326 327 350 337 330 0 0 0 0 327 0 -1 0 0 0 32002 32002 0 0 0 0 0 1503
WIT 7 334 335 332 319 279 0 0 0 0 334 0 -1 0 0 0 32002 32002 0 0 0 0 0 0
WIT 9 -313 -312 -317 -334 -331 3699 0 0 1 -313 1 1 17792 1 1 -313 -308 0 0 0 0 34 3699
WIT 9 -313 -312 -328 -336 -282 3756 0 0 0 32002 0 -1 0 0 0 32002 32002 0 0 0 0 0 0
WIT 8 -313 -312 -267 -274 -900 0 0 1 0 -306 0 -1 0 0 0 32002 32002 0 0 0 0 0 3519
WIT 8 -313 -312 -281 -288 -304 0 0 0 0 -306 0 -1 0 0 0 32002 32002 0 0 0 0 0 3046
WIT 8 -313 -312 -285 -300 -314 0 0 0 0 -306 0 -1 0 0 0 32002 32002 0 0 0 0 0 3742
WIT 8 -313 -312 -235 -242 -222 2915 0 0 0 32002 0 -1 0 0 0 32002 32002 0 0 0 0 0 0
WIT 7 -313 -312 -323 -329 -311 3756 0 0 0 32002 0 -1 0 0 0 32002 32002 0 0 0 0 0 0
WIT 8 -313 -312 -311 -318 -284 3756 0 0 0 32002 0 -1 0 0 0 32002 32002 0 0 0 0 0 0
WIT 7 -313 -312 -298 -304 -280 3699 0 0 0 32002 0 -1 0 0 0 32002 32002 0 0 0 0 0 0
WIT 7 -313 -312 -295 -301 -286 3699 0 0 0 32002 0 -1 0 0 0 32002 32002 0 0 0 0 0 0
WIT 6 -313 -312 -292 -297 -297 3699 0 0 0 32002 0 -1 0 0 0 32002 32002 0 0 0 0 0 0
WIT 6 -313 -312 -275 -280 -280 3699 0 0 0 32002 0 -1 0 0 0 32002 32002 0 0 0 0 0 0
WIT 7 -313 -312 -305 -311 -302 3756 0 0 0 32002 0 -1 0 0 0 32002 32002 0 0 0 0 0 0
WIT 7 -313 -312 -316 -322 -309 3756 0 0 0 32002 0 -1 0 0 0 32002 32002 0 0 0 0 0 0
WIT 7 -298 -297 -334 -340 -382 0 0 0 0 -297 0 -1 0 0 0 32002 32002 0 0 0 0 0 3325
WIT 6 326 327 358 353 312 0 0 0 0 324 0 -1 0 0 0 32002 32002 0 0 0 0 0 0
WIT 6 297 298 298 293 292 0 0 0 0 320 0 -1 0 0 0 32002 32002 0 0 0 0 0 528
WIT 9 -298 -297 -334 -351 -367 0 0 0 0 -298 0 -1 0 0 0 32002 32002 0 0 0 0 0 0
WIT 7 -327 -297 -312 -318 -335 0 0 0 0 -327 0 -1 0 0 0 32002 32002 0 0 0 0 0 3699
WIT 7 -312 -311 -328 -334 -280 3699 0 0 0 32002 0 -1 0 0 0 32002 32002 0 0 0 0 0 0
WIT 6 -312 -311 -235 -240 -224 2915 0 0 0 32002 0 -1 0 0 0 32002 32002 0 0 0 0 0 0
WIT 6 310 311 339 334 352 148 0 0 0 32002 0 -1 0 0 0 32002 32002 0 0 0 0 0 0
WIT 6 331 332 311 306 306 708 0 0 1 416 0 -1 0 0 0 32002 32002 0 0 0 0 0 1828
WIT 8 331 332 404 397 365 0 0 0 0 331 0 -1 0 0 0 32002 32002 0 0 0 0 0 0
WIT 7 331 332 335 322 304 0 0 0 0 331 0 -1 0 0 0 32002 32002 0 0 0 0 0 0
WIT 6 -305 -304 -310 -315 -317 0 0 0 0 -304 0 -1 0 0 0 32002 32002 0 0 0 0 0 3325
WIT 7 -305 -304 -105 -111 -150 0 0 0 0 -279 0 -1 0 0 0 32002 32002 0 0 0 0 0 2910
WIT 7 -305 -304 -267 -273 -274 0 0 0 0 -303 0 -1 0 0 0 32002 32002 0 0 0 0 0 3325
WIT 9 -305 -304 -308 -325 -318 3756 0 0 1 -303 0 -1 0 0 0 32002 32002 0 0 0 0 0 3699
WIT 9 -305 -304 -306 -314 -522 0 0 1 0 -301 0 -1 0 0 0 32002 32002 0 0 0 0 0 3519
WIT 9 -305 -304 -306 -323 -328 0 0 0 0 -302 0 -1 0 0 0 32002 32002 0 0 0 0 0 3046
WIT 9 -305 -304 -306 -323 -330 0 0 0 0 -304 0 -1 0 0 0 32002 32002 0 0 0 0 0 3742
WIT 9 -305 -304 -316 -324 -305 3756 0 0 1 -304 0 -1 0 0 0 32002 32002 0 0 0 0 0 3699
WIT 8 -305 -304 -311 -318 -304 3756 0 0 0 32002 0 -1 0 0 0 32002 32002 0 0 0 0 0 0
WIT 8 -305 -304 -291 -298 -286 3699 0 0 0 32002 0 -1 0 0 0 32002 32002 0 0 0 0 0 0
WIT 8 -305 -304 -328 -335 -281 3699 0 0 0 32002 0 -1 0 0 0 32002 32002 0 0 0 0 0 0
WIT 7 -305 -304 -275 -281 -252 3699 0 0 0 32002 0 -1 0 0 0 32002 32002 0 0 0 0 0 0
WIT 8 -305 -304 -311 -318 -284 3756 0 0 0 32002 0 -1 0 0 0 32002 32002 0 0 0 0 0 0
WIT 8 -305 -304 -311 -318 -308 3756 0 0 1 -280 0 -1 0 0 0 32002 32002 0 0 0 0 0 3699
WIT 7 -305 -304 -292 -298 -298 3699 0 0 0 32002 0 -1 0 0 0 32002 32002 0 0 0 0 0 0
WIT 7 -305 -304 -298 -304 -301 3169 0 0 0 32002 0 -1 0 0 0 32002 32002 0 0 0 0 0 0
WIT 7 -305 -304 -293 -299 -230 3699 0 0 0 32002 0 -1 0 0 0 32002 32002 0 0 0 0 0 0
WIT 8 -305 -304 -312 -319 -311 3699 0 0 1 -304 0 -1 0 0 0 32002 32002 0 0 0 0 0 3756
WIT 6 -305 -304 -303 -308 -308 3699 0 0 1 -302 0 -1 0 0 0 32002 32002 0 0 0 0 0 3756
WIT 7 -291 -290 -303 -309 -306 3756 0 0 1 -294 1 1 5047 1 1 -291 -298 0 0 0 0 2 0
WIT 7 314 315 375 369 368 0 0 0 0 314 0 -1 0 0 0 32002 32002 0 0 0 0 0 129
WIT 7 314 315 326 320 325 339 0 0 0 32002 0 -1 0 0 0 32002 32002 0 0 0 0 0 0
WIT 7 314 315 332 319 309 0 0 0 0 319 0 -1 0 0 0 32002 32002 0 0 0 0 0 49408
WIT 7 314 315 402 396 379 0 0 0 0 315 0 -1 0 0 0 32002 32002 0 0 0 0 0 49408
WIT 7 -315 -314 -280 -286 -326 0 0 1 0 -272 0 -1 0 0 0 32002 32002 0 0 0 0 0 3763
WIT 6 314 315 327 322 77 0 0 0 0 280 0 -1 0 0 0 32002 32002 0 0 0 0 0 0
WIT 6 314 315 327 322 258 0 0 0 0 284 0 -1 0 0 0 32002 32002 0 0 0 0 0 0
WIT 8 -315 -314 -280 -287 -301 0 0 0 0 -276 0 -1 0 0 0 32002 32002 0 0 0 0 0 3309
WIT 7 -315 -314 -284 -290 -579 0 0 0 0 -279 0 -1 0 0 0 32002 32002 0 0 0 0 0 1618
WIT 7 314 315 345 332 292 0 0 0 0 314 0 -1 0 0 0 32002 32002 0 0 0 0 0 0
WIT 7 -318 -290 -304 -310 -332 0 0 0 0 -315 0 -1 0 0 0 32002 32002 0 0 0 0 0 3169
WIT 8 -291 -290 -304 -311 -305 3808 0 0 1 -291 1 1 7079 1 1 -291 -309 0 0 0 0 5 0
WIT 7 317 318 305 299 311 49408 0 0 1 318 0 -1 0 0 0 32002 32002 0 0 0 0 0 1828
WIT 7 -291 -290 -304 -310 -319 0 0 0 0 -294 0 -1 0 0 0 32002 32002 0 0 0 0 0 0
WIT 8 317 318 327 320 343 0 0 0 0 32002 0 -1 0 0 0 32002 32002 0 0 0 0 0 0
WIT 8 317 318 361 354 306 0 0 0 0 321 0 -1 0 0 0 32002 32002 0 0 0 0 0 1827
WIT 9 317 318 298 281 280 0 0 0 0 318 0 -1 0 0 0 32002 32002 0 0 0 0 0 203
WIT 7 317 318 327 321 306 0 0 0 0 318 0 -1 0 0 0 32002 32002 0 0 0 0 0 1828
WIT 8 317 318 366 351 334 0 0 0 0 313 0 -1 0 0 0 32002 32002 0 0 0 0 0 0
WIT 7 -291 -290 -310 -316 -265 2867 0 0 0 32002 0 -1 0 0 0 32002 32002 0 0 0 0 0 0
WIT 9 -291 -290 -304 -321 -321 3699 0 0 1 -281 0 -1 0 0 0 32002 32002 0 0 0 0 0 3756
WIT 8 -291 -290 -313 -320 -320 3699 0 0 1 -290 0 -1 0 0 0 32002 32002 0 0 0 0 0 3756
WIT 8 -318 -290 -304 -311 -324 0 0 0 0 -318 0 -1 0 0 0 32002 32002 0 0 0 0 0 3808
WIT 6 -291 -290 -290 -295 -248 3699 0 0 0 32002 0 -1 0 0 0 32002 32002 0 0 0 0 0 0
WIT 8 -291 -290 -303 -318 -318 2722 0 0 1 -290 0 -1 0 0 0 32002 32002 0 0 0 0 0 3699
WIT 9 -291 -290 -304 -312 -286 0 0 0 0 32002 0 -1 0 0 0 32002 32002 0 0 0 0 0 0
WIT 8 -291 -290 -301 -316 -523 0 0 1 0 -265 0 -1 0 0 0 32002 32002 0 0 0 0 0 3519
WIT 8 -291 -290 -302 -317 -377 0 0 0 0 -283 0 -1 0 0 0 32002 32002 0 0 0 0 0 3046
WIT 8 -291 -290 -304 -319 -322 0 0 0 0 -290 0 -1 0 0 0 32002 32002 0 0 0 0 0 3742
WIT 8 -291 -290 -291 -298 -292 2722 0 0 1 -287 0 -1 0 0 0 32002 32002 0 0 0 0 0 3756
WIT 8 -291 -290 -282 -289 -280 3756 0 0 0 32002 0 -1 0 0 0 32002 32002 0 0 0 0 0 0
WIT 8 -291 -290 -304 -311 -303 3756 0 0 1 -290 0 -1 0 0 0 32002 32002 0 0 0 0 0 3699
WIT 9 -291 -290 -304 -312 -309 3699 0 0 1 -278 0 -1 0 0 0 32002 32002 0 0 0 0 0 3756
WIT 8 -291 -290 -311 -318 -284 3756 0 0 0 32002 0 -1 0 0 0 32002 32002 0 0 0 0 0 0
WIT 7 -291 -290 -275 -281 -252 3699 0 0 0 32002 0 -1 0 0 0 32002 32002 0 0 0 0 0 0
WIT 7 -291 -290 -298 -304 -304 2722 0 0 1 -277 0 -1 0 0 0 32002 32002 0 0 0 0 0 3756
WIT 7 -272 -271 -287 -300 -289 2098 0 0 1 -256 0 -1 0 0 0 32002 32002 0 0 0 0 0 3699
WIT 9 -272 -271 -290 -298 -302 0 0 0 0 -281 0 -1 0 0 0 32002 32002 0 0 0 0 0 0
WIT 6 308 309 300 295 80 0 0 0 0 333 0 -1 0 0 0 32002 32002 0 0 0 0 0 204
WIT 7 308 309 343 337 333 0 0 0 0 309 0 -1 0 0 0 32002 32002 0 0 0 0 0 49408
WIT 6 308 309 282 277 -1 0 0 0 0 309 0 -1 0 0 0 32002 32002 0 0 0 0 0 204
WIT 8 308 309 296 281 277 0 0 0 0 309 0 -1 0 0 0 32002 32002 0 0 0 0 0 203
WIT 8 308 309 372 365 394 0 0 0 0 32002 0 -1 0 0 0 32002 32002 0 0 0 0 0 0
WIT 7 308 309 354 348 357 0 0 0 0 32002 0 -1 0 0 0 32002 32002 0 0 0 0 0 0
WIT 8 308 309 318 303 303 204 0 0 1 309 0 -1 0 0 0 32002 32002 0 0 0 0 0 339
WIT 8 308 309 338 331 330 0 0 0 0 317 0 -1 0 0 0 32002 32002 0 0 0 0 0 203
WIT 6 308 309 350 345 334 0 0 0 0 309 0 -1 0 0 0 32002 32002 0 0 0 0 0 1828
WIT 6 308 309 372 367 383 339 0 0 0 32002 0 -1 0 0 0 32002 32002 0 0 0 0 0 0
WIT 7 -309 -271 -290 -296 -318 0 0 0 0 -309 0 -1 0 0 0 32002 32002 0 0 0 0 0 3817
WIT 10 -272 -271 -290 -299 -288 3817 0 0 1 -271 0 -1 0 0 0 32002 32002 0 0 0 0 0 2722
WIT 8 -272 -271 -290 -297 -231 3817 0 0 0 32002 0 -1 0 0 0 32002 32002 0 0 0 0 0 0
WIT 8 -272 -271 -282 -289 -244 3817 0 0 0 32002 0 -1 0 0 0 32002 32002 0 0 0 0 0 0
WIT 7 -272 -271 -290 -303 -303 2722 0 0 1 -271 0 -1 0 0 0 32002 32002 0 0 0 0 0 3699
WIT 8 -272 -271 -304 -311 -283 0 0 0 0 -271 0 -1 0 0 0 32002 32002 0 0 0 0 0 2788
WIT 7 -272 -271 -283 -296 -332 0 0 0 0 -267 0 -1 0 0 0 32002 32002 0 0 0 0 0 3046
WIT 7 -272 -271 -272 -278 -165 0 0 0 0 32002 0 -1 0 0 0 32002 32002 0 0 0 0 0 0
WIT 7 -272 -271 -290 -303 -306 0 0 0 0 -267 0 -1 0 0 0 32002 32002 0 0 0 0 0 3742
WIT 7 -272 -271 -282 -288 -287 3817 0 0 1 -260 0 -1 0 0 0 32002 32002 0 0 0 0 0 3699
WIT 7 -272 -271 -287 -293 -272 3817 0 0 1 -264 0 -1 0 0 0 32002 32002 0 0 0 0 0 3756
WIT 8 -272 -271 -279 -286 -244 3817 0 0 0 32002 0 -1 0 0 0 32002 32002 0 0 0 0 0 0
WIT 7 -272 -271 -311 -317 -291 3817 0 0 1 -232 0 -1 0 0 0 32002 32002 0 0 0 0 0 3699
WIT 6 -272 -271 -275 -280 -280 3817 0 0 1 -267 0 -1 0 0 0 32002 32002 0 0 0 0 0 3756
WIT 7 -272 -271 -278 -284 -282 3817 0 0 1 -264 0 -1 0 0 0 32002 32002 0 0 0 0 0 3756
WIT 7 -247 -246 -262 -268 -290 0 0 0 0 -205 0 -1 0 0 0 32002 32002 0 0 0 0 0 2633
WIT 7 -247 -246 -176 -182 -182 2788 1 0 0 32002 0 -1 0 0 0 32002 32002 0 0 0 0 0 0
WIT 9 -247 -246 -271 -279 -289 0 0 0 0 -246 0 -1 0 0 0 32002 32002 0 0 0 0 0 2722
WIT 9 -247 -246 -290 -298 -227 3817 0 0 0 32002 0 -1 0 0 0 32002 32002 0 0 0 0 0 0
WIT 7 -247 -246 -271 -284 -284 2722 0 0 1 -246 0 -1 0 0 0 32002 32002 0 0 0 0 0 3699
WIT 7 -247 -246 -282 -288 -244 3817 0 0 0 32002 0 -1 0 0 0 32002 32002 0 0 0 0 0 0
WIT 8 -247 -246 -245 -252 -222 2931 0 0 0 32002 0 -1 0 0 0 32002 32002 0 0 0 0 0 0
WIT 7 -247 -246 -262 -268 -205 0 0 0 0 32002 0 -1 0 0 0 32002 32002 0 0 0 0 0 0
WIT 7 -247 -246 -267 -280 -500 0 0 1 0 -238 0 -1 0 0 0 32002 32002 0 0 0 0 0 3519
WIT 7 -247 -246 -267 -280 -319 0 0 0 0 -238 0 -1 0 0 0 32002 32002 0 0 0 0 0 3046
WIT 8 -247 -246 -272 -279 -165 0 0 0 0 32002 0 -1 0 0 0 32002 32002 0 0 0 0 0 0
WIT 7 -247 -246 -267 -280 -287 0 0 0 0 -238 0 -1 0 0 0 32002 32002 0 0 0 0 0 3742
WIT 7 -247 -246 -279 -285 -243 3817 0 0 0 32002 0 -1 0 0 0 32002 32002 0 0 0 0 0 0
WIT 7 -247 -246 -271 -277 -255 0 0 0 0 -246 0 -1 0 0 0 32002 32002 0 0 0 0 0 2788
WIT 6 -247 -246 -261 -266 -249 2722 0 0 1 -241 0 -1 0 0 0 32002 32002 0 0 0 0 0 3699
WIT 6 -247 -246 -264 -269 -266 2722 0 0 1 -229 0 -1 0 0 0 32002 32002 0 0 0 0 0 3756
WIT 6 -247 -246 -293 -298 -189 2722 0 0 0 32002 0 -1 0 0 0 32002 32002 0 0 0 0 0 0
WIT 7 -247 -246 -264 -270 -270 3817 0 0 1 -247 1 1 15215 1 1 -247 -262 0 0 0 0 30 0
WIT 6 -297 -296 -235 -240 -250 0 0 0 0 -297 0 -1 0 0 0 32002 32002 0 0 0 0 0 0
WIT 8 -290 -289 -209 -224 -294 0 0 0 0 -252 0 -1 0 0 0 32002 32002 0 0 0 0 0 2633
WIT 6 -290 -289 -176 -181 -181 2788 1 0 0 32002 0 -1 0 0 0 32002 32002 0 0 0 0 0 0
WIT 6 -290 -289 -183 -188 -267 0 0 0 0 -286 0 -1 0 0 0 32002 32002 0 0 0 0 0 2633
WIT 8 -290 -289 -240 -255 -272 0 0 0 0 -286 0 -1 0 0 0 32002 32002 0 0 0 0 0 3817
WIT 7 -290 -289 -290 -296 -231 3817 0 0 0 32002 0 -1 0 0 0 32002 32002 0 0 0 0 0 0
WIT 7 -290 -289 -241 -247 -244 2722 0 0 0 32002 0 -1 0 0 0 32002 32002 0 0 0 0 0 0
WIT 8 288 289 369 362 361 0 0 0 0 296 0 -1 0 0 0 32002 32002 0 0 0 0 0 536
WIT 7 288 289 351 338 338 148 0 0 0 32002 0 -1 0 0 0 32002 32002 0 0 0 0 0 0
WIT 6 288 289 340 335 372 148 0 0 0 32002 0 -1 0 0 0 32002 32002 0 0 0 0 0 0
WIT 6 288 289 324 319 367 148 0 0 0 32002 0 -1 0 0 0 32002 32002 0 0 0 0 0 0
WIT 6 288 289 347 342 342 332 0 0 0 32002 0 -1 0 0 0 32002 32002 0 0 0 0 0 0
WIT 6 288 289 340 335 369 148 0 0 0 32002 0 -1 0 0 0 32002 32002 0 0 0 0 0 0
WIT 6 288 289 339 334 352 148 0 0 0 32002 0 -1 0 0 0 32002 32002 0 0 0 0 0 0

===========================
Total time (ms) : 20
Nodes searched  : 15349
Nodes/second    : 767450
