
Position: 1/1 (r1bqk1nr/pp1p1pbp/2n1p1p1/8/1p1PPP2/3BBN2/P1P3PP/RN1QK2R b KQkq - 3 7)
WIT 7 -343 -342 -337 -350 -382 0 0 0 0 -342 0 -1 0 0 0 32002 32002 0 0 0 0 0 1828
WIT 6 -342 -341 -227 -232 -357 0 0 0 0 -316 0 -1 0 0 0 32002 32002 0 0 0 0 0 1286
WIT 6 341 342 498 493 462 0 0 0 0 316 0 -1 0 0 0 32002 32002 0 0 0 0 0 0
WIT 8 -319 -318 -251 -258 -211 75 0 0 0 32002 0 -1 0 0 0 32002 32002 0 0 0 0 0 0
WIT 8 -319 -318 -273 -280 -248 75 0 0 0 32002 0 -1 0 0 0 32002 32002 0 0 0 0 0 0
WIT 7 -319 -318 -342 -355 -364 0 0 0 0 -298 0 -1 0 0 0 32002 32002 0 0 0 0 0 1828
WIT 8 -287 -286 -251 -258 -211 75 0 0 0 32002 0 -1 0 0 0 32002 32002 0 0 0 0 0 0
WIT 8 -287 -286 -273 -280 -248 75 0 0 0 32002 0 -1 0 0 0 32002 32002 0 0 0 0 0 0
WIT 7 -287 -286 -274 -280 -250 528 0 0 0 32002 0 -1 0 0 0 32002 32002 0 0 0 0 0 0
WIT 7 -287 -286 -300 -313 -337 0 0 0 0 -252 0 -1 0 0 0 32002 32002 0 0 0 0 0 1828
WIT 8 -244 -243 -251 -258 -211 75 0 0 0 32002 0 -1 0 0 0 32002 32002 0 0 0 0 0 0
WIT 8 -244 -243 -273 -280 -248 75 0 0 1 -191 0 -1 0 0 0 32002 32002 0 0 0 0 0 528
WIT 7 -244 -243 -255 -268 -301 0 0 0 0 -211 0 -1 0 0 0 32002 32002 0 0 0 0 0 1828
WIT 9 -186 -185 -251 -259 -208 75 0 0 1 -170 0 -1 0 0 0 32002 32002 0 0 0 0 0 528
WIT 8 -186 -185 -199 -206 -166 528 0 0 0 32002 0 -1 0 0 0 32002 32002 0 0 0 0 0 0
WIT 7 -186 -185 -214 -227 -273 0 0 0 0 -178 0 -1 0 0 0 32002 32002 0 0 0 0 0 1828
WIT 6 184 185 417 412 476 2915 0 0 0 32002 0 -1 0 0 0 32002 32002 0 0 0 0 0 0
WIT 6 251 252 251 246 420 2915 0 0 0 32002 0 -1 0 0 0 32002 32002 0 0 0 0 0 0
WIT 6 304 305 276 271 315 53055 0 0 0 32002 0 -1 0 0 0 32002 32002 0 0 0 0 0 0
WIT 6 304 305 437 432 401 0 0 0 0 334 0 -1 0 0 0 32002 32002 0 0 0 0 0 2910
WIT 6 304 305 336 331 294 0 0 0 0 353 0 -1 0 0 0 32002 32002 0 0 0 0 0 2915
WIT 6 304 305 323 318 323 3104 0 0 0 32002 0 -1 0 0 0 32002 32002 0 0 0 0 0 0
WIT 7 316 317 330 317 329 53055 0 0 0 32002 0 -1 0 0 0 32002 32002 0 0 0 0 0 0
WIT 7 316 317 347 334 283 0 0 0 0 445 0 -1 0 0 0 32002 32002 0 0 0 0 0 2915
WIT 6 316 317 305 300 333 53055 0 0 0 32002 0 -1 0 0 0 32002 32002 0 0 0 0 0 0
WIT 6 316 317 340 335 374 53055 0 0 0 32002 0 -1 0 0 0 32002 32002 0 0 0 0 0 0
WIT 6 316 317 305 300 436 53055 0 0 0 32002 0 -1 0 0 0 32002 32002 0 0 0 0 0 0
WIT 6 316 317 276 271 315 53055 0 0 1 296 1 1 4424 1 1 316 314 0 0 0 0 27 0
WIT 8 -290 -289 -314 -321 -351 0 0 0 0 -329 0 -1 0 0 0 32002 32002 0 0 0 0 0 0
WIT 7 316 317 389 383 382 0 0 0 0 344 0 -1 0 0 0 32002 32002 0 0 0 0 0 2915
WIT 6 316 317 323 318 290 0 0 0 0 373 0 -1 0 0 0 32002 32002 0 0 0 0 0 53055
WIT 6 316 317 327 322 372 3307 0 0 0 32002 0 -1 0 0 0 32002 32002 0 0 0 0 0 0
WIT 7 330 331 370 364 338 0 0 0 0 333 0 -1 0 0 0 32002 32002 0 0 0 0 0 2910
WIT 7 330 331 329 316 288 0 0 0 0 339 0 -1 0 0 0 32002 32002 0 0 0 0 0 2910
WIT 9 330 331 317 300 308 53055 0 0 1 330 1 1 10764 1 1 330 338 0 0 0 0 33 53055
WIT 8 330 331 317 302 321 2910 0 0 1 334 0 -1 0 0 0 32002 32002 0 0 0 0 0 53055
WIT 7 330 331 305 299 353 53055 0 0 0 32002 0 -1 0 0 0 32002 32002 0 0 0 0 0 0
WIT 7 330 331 325 319 343 53055 0 0 0 32002 0 -1 0 0 0 32002 32002 0 0 0 0 0 0
WIT 6 330 331 305 300 436 53055 0 0 0 32002 0 -1 0 0 0 32002 32002 0 0 0 0 0 0
WIT 7 330 331 330 317 329 53055 0 0 1 334 0 -1 0 0 0 32002 32002 0 0 0 0 0 2910
WIT 6 330 331 340 335 374 53055 0 0 0 32002 0 -1 0 0 0 32002 32002 0 0 0 0 0 0
WIT 8 349 350 337 322 325 3104 0 0 1 376 0 -1 0 0 0 32002 32002 0 0 0 0 0 53055
WIT 7 349 350 333 320 332 2910 0 0 1 350 0 -1 0 0 0 32002 32002 0 0 0 0 0 53055
WIT 6 349 350 334 329 250 0 0 0 0 360 0 -1 0 0 0 32002 32002 0 0 0 0 0 2713
WIT 6 349 350 305 300 348 53055 0 0 1 350 0 -1 0 0 0 32002 32002 0 0 0 0 0 3104
WIT 6 349 350 383 378 481 3104 0 0 0 32002 0 -1 0 0 0 32002 32002 0 0 0 0 0 0
WIT 6 349 350 305 300 436 53055 0 0 0 32002 0 -1 0 0 0 32002 32002 0 0 0 0 0 0
WIT 6 349 350 325 320 341 53055 0 0 1 349 1 1 25663 1 1 349 369 0 0 0 0 10 53055
WIT 7 374 375 373 360 353 0 0 0 0 369 0 -1 0 0 0 32002 32002 0 0 0 0 0 0
WIT 9 -320 -319 -316 -333 -331 49415 0 0 1 -316 0 -1 0 0 0 32002 32002 0 0 0 0 0 528
WIT 8 -320 -319 -349 -356 -352 528 0 0 1 -295 0 -1 0 0 0 32002 32002 0 0 0 0 0 983
WIT 7 -320 -319 -96 -102 -234 0 0 0 0 -278 0 -1 0 0 0 32002 32002 0 0 0 0 0 1828
WIT 8 -320 -319 -149 -156 -165 0 0 0 0 -310 0 -1 0 0 0 32002 32002 0 0 0 0 0 528
WIT 8 -320 -319 -185 -192 -176 75 0 0 0 32002 0 -1 0 0 0 32002 32002 0 0 0 0 0 0
WIT 7 -320 -319 -155 -161 -181 0 0 0 0 -286 0 -1 0 0 0 32002 32002 0 0 0 0 0 528
WIT 8 -320 -319 -185 -192 -207 0 0 0 0 -319 0 -1 0 0 0 32002 32002 0 0 0 0 0 528
WIT 7 -320 -319 -185 -191 -173 528 0 0 0 32002 0 -1 0 0 0 32002 32002 0 0 0 0 0 0
WIT 7 -320 -319 -157 -163 -160 75 0 0 0 32002 0 -1 0 0 0 32002 32002 0 0 0 0 0 0
WIT 7 -320 -319 -178 -184 -163 528 0 0 0 32002 0 -1 0 0 0 32002 32002 0 0 0 0 0 0
WIT 6 -320 -319 -199 -204 -75 528 0 0 0 32002 0 -1 0 0 0 32002 32002 0 0 0 0 0 0
WIT 9 -320 -319 -178 -195 -269 0 0 0 0 -302 0 -1 0 0 0 32002 32002 0 0 0 0 0 1828
WIT 7 -320 -319 -180 -186 -198 0 0 0 0 -272 0 -1 0 0 0 32002 32002 0 0 0 0 0 1828
WIT 7 -320 -319 -164 -170 -220 0 0 0 0 -274 0 -1 0 0 0 32002 32002 0 0 0 0 0 528
WIT 7 -320 -319 -319 -325 -296 983 0 0 0 32002 0 -1 0 0 0 32002 32002 0 0 0 0 0 0
WIT 6 -320 -319 -108 -113 -150 0 0 0 0 -296 0 -1 0 0 0 32002 32002 0 0 0 0 0 528
WIT 7 -320 -319 -185 -191 -192 0 0 0 0 -319 0 -1 0 0 0 32002 32002 0 0 0 0 0 75
WIT 7 -320 -319 -110 -116 -62 528 0 0 0 32002 0 -1 0 0 0 32002 32002 0 0 0 0 0 0
WIT 6 -304 -303 -289 -294 -320 0 0 0 0 -303 0 -1 0 0 0 32002 32002 0 0 0 0 0 49415
WIT 11 -304 -303 -316 -337 -302 49415 0 0 0 32002 0 -1 0 0 0 32002 32002 0 0 0 0 0 0
WIT 6 -304 -303 -244 -249 -250 0 0 0 0 -257 0 -1 0 0 0 32002 32002 0 0 0 0 0 49415
WIT 8 -304 -303 -48 -55 -112 0 0 0 0 -303 0 -1 0 0 0 32002 32002 0 0 0 0 0 49415
WIT 8 -304 -303 -302 -309 -350 0 0 0 0 -301 0 -1 0 0 0 32002 32002 0 0 0 0 0 49415
WIT 8 -319 -303 -316 -323 -376 0 0 0 0 -303 0 -1 0 0 0 32002 32002 0 0 0 0 0 983
WIT 6 -304 -303 -303 -308 -265 0 0 0 0 32002 0 -1 0 0 0 32002 32002 0 0 0 0 0 0
WIT 12 -304 -303 -316 -339 -303 49415 0 0 0 32002 0 -1 0 0 0 32002 32002 0 0 0 0 0 0
WIT 11 -304 -303 -316 -337 -343 0 0 0 0 -303 0 -1 0 0 0 32002 32002 0 0 0 0 0 983
WIT 9 -304 -303 -316 -324 -431 0 0 0 0 -303 0 -1 0 0 0 32002 32002 0 0 0 0 0 1286
WIT 10 -304 -303 -278 -287 -319 0 0 0 0 -303 0 -1 0 0 0 32002 32002 0 0 0 0 0 1286
WIT 9 -304 -303 -282 -299 -330 0 0 0 0 -303 0 -1 0 0 0 32002 32002 0 0 0 0 0 1828
WIT 8 -304 -303 -93 -100 -121 0 0 0 0 -303 0 -1 0 0 0 32002 32002 0 0 0 0 0 983
WIT 9 -304 -303 -297 -305 -294 528 0 0 0 32002 0 -1 0 0 0 32002 32002 0 0 0 0 0 0
WIT 8 -319 -303 -319 -326 -356 0 0 0 0 -303 0 -1 0 0 0 32002 32002 0 0 0 0 0 75
WIT 9 -304 -303 -279 -296 -282 75 0 0 0 32002 0 -1 0 0 0 32002 32002 0 0 0 0 0 0
WIT 9 -304 -303 -310 -327 -287 75 0 0 0 32002 0 -1 0 0 0 32002 32002 0 0 0 0 0 0
WIT 8 -304 -303 -289 -304 -303 75 0 0 0 32002 0 -1 0 0 0 32002 32002 0 0 0 0 0 0
WIT 8 -304 -303 -319 -334 -306 75 0 0 1 -294 0 -1 0 0 0 32002 32002 0 0 0 0 0 528
WIT 9 -304 -303 -302 -319 -306 75 0 0 1 -301 0 -1 0 0 0 32002 32002 0 0 0 0 0 528
WIT 8 -304 -303 -185 -192 -178 75 0 0 0 32002 0 -1 0 0 0 32002 32002 0 0 0 0 0 0
WIT 8 -304 -303 -277 -292 -271 75 0 0 0 32002 0 -1 0 0 0 32002 32002 0 0 0 0 0 0
WIT 8 -304 -303 -319 -334 -304 528 0 0 1 -303 0 -1 0 0 0 32002 32002 0 0 0 0 0 75
WIT 7 -304 -303 -110 -116 -72 528 0 0 0 32002 0 -1 0 0 0 32002 32002 0 0 0 0 0 0
WIT 7 -304 -303 -185 -191 -176 75 0 0 0 32002 0 -1 0 0 0 32002 32002 0 0 0 0 0 0
WIT 8 -283 -282 -293 -300 -244 333 0 0 0 32002 0 -1 0 0 0 32002 32002 0 0 0 0 0 0
WIT 8 -283 -282 -273 -280 -271 196 0 0 0 32002 0 -1 0 0 0 32002 32002 0 0 0 0 0 0
WIT 7 -283 -282 -303 -309 -267 0 0 0 0 32002 0 -1 0 0 0 32002 32002 0 0 0 0 0 0
WIT 8 -283 -282 -303 -318 -320 0 0 0 0 -282 0 -1 0 0 0 32002 32002 0 0 0 0 0 49415
WIT 7 -283 -282 -285 -291 -294 0 0 0 0 -286 0 -1 0 0 0 32002 32002 0 0 0 0 0 0
WIT 6 302 303 288 283 253 0 0 0 0 345 0 -1 0 0 0 32002 32002 0 0 0 0 0 2713
WIT 6 -283 -282 -293 -298 -76 196 0 0 0 32002 0 -1 0 0 0 32002 32002 0 0 0 0 0 0
WIT 6 -283 -282 -288 -293 -292 196 0 0 1 -235 0 -1 0 0 0 32002 32002 0 0 0 0 0 528
WIT 8 -303 -282 -303 -310 -293 49415 0 0 1 -303 1 1 25168 1 1 -303 -274 0 0 0 0 60 49415
WIT 11 -283 -282 -281 -291 -249 324 0 0 0 32002 0 -1 0 0 0 32002 32002 0 0 0 0 0 0
WIT 10 -283 -282 -301 -320 -353 0 0 0 0 -255 0 -1 0 0 0 32002 32002 0 0 0 0 0 49415
WIT 10 -283 -282 -316 -335 -303 49415 0 0 1 -294 1 1 35393 1 1 -283 -282 0 0 0 0 52 49415
WIT 10 -283 -282 -303 -312 -316 0 0 0 0 -261 0 -1 0 0 0 32002 32002 0 0 0 0 0 1828
WIT 11 -283 -282 -299 -309 -310 0 0 0 0 -300 0 -1 0 0 0 32002 32002 0 0 0 0 0 0
WIT 6 282 283 411 406 361 0 0 0 0 309 0 -1 0 0 0 32002 32002 0 0 0 0 0 2915
WIT 9 -283 -282 -303 -320 -321 0 0 0 0 -283 0 -1 0 0 0 32002 32002 0 0 0 0 0 0
WIT 7 302 303 313 307 278 0 0 0 0 323 0 -1 0 0 0 32002 32002 0 0 0 0 0 2915
WIT 8 302 303 283 276 268 0 0 0 0 282 0 -1 0 0 0 32002 32002 0 0 0 0 0 0
WIT 7 302 303 283 277 236 0 0 0 0 292 0 -1 0 0 0 32002 32002 0 0 0 0 0 0
WIT 6 -283 -282 -247 -252 -298 0 0 0 0 -282 0 -1 0 0 0 32002 32002 0 0 0 0 0 1828
WIT 7 -283 -282 -241 -247 -245 196 0 0 0 32002 0 -1 0 0 0 32002 32002 0 0 0 0 0 0
WIT 9 -283 -282 -238 -246 -202 49415 0 0 0 32002 0 -1 0 0 0 32002 32002 0 0 0 0 0 0
WIT 9 -283 -282 -56 -64 715 1307 1 0 0 32002 0 -1 0 0 0 32002 32002 0 0 0 0 0 0
WIT 9 -283 -282 -299 -307 -295 49415 0 0 1 -276 0 -1 0 0 0 32002 32002 0 0 0 0 0 1249
WIT 9 -283 -282 -259 -267 -267 49415 0 0 0 32002 0 -1 0 0 0 32002 32002 0 0 0 0 0 0
WIT 9 -283 -282 -239 -247 -229 49415 0 0 0 32002 0 -1 0 0 0 32002 32002 0 0 0 0 0 0
WIT 9 -283 -282 -235 -243 -215 49415 0 0 0 32002 0 -1 0 0 0 32002 32002 0 0 0 0 0 0
WIT 9 -283 -282 -300 -308 -273 49415 0 0 0 32002 0 -1 0 0 0 32002 32002 0 0 0 0 0 0
WIT 9 -283 -282 -259 -267 -214 528 0 0 0 32002 0 -1 0 0 0 32002 32002 0 0 0 0 0 0
WIT 9 -283 -282 -270 -278 -250 528 0 0 0 32002 0 -1 0 0 0 32002 32002 0 0 0 0 0 0
WIT 8 -303 -282 -303 -310 -374 0 0 0 0 -282 0 -1 0 0 0 32002 32002 0 0 0 0 0 983
WIT 7 -283 -282 -274 -280 -252 196 0 0 0 32002 0 -1 0 0 0 32002 32002 0 0 0 0 0 0
WIT 7 -283 -282 -293 -299 -223 196 0 0 0 32002 0 -1 0 0 0 32002 32002 0 0 0 0 0 0
WIT 11 -283 -282 -274 -295 -320 0 0 0 0 -282 0 -1 0 0 0 32002 32002 0 0 0 0 0 49415
WIT 7 -283 -282 -292 -298 -309 0 0 0 0 -282 0 -1 0 0 0 32002 32002 0 0 0 0 0 528
WIT 8 -283 -282 -282 -297 -328 0 0 0 0 -282 0 -1 0 0 0 32002 32002 0 0 0 0 0 1828
WIT 6 282 283 466 461 280 0 0 0 0 383 0 -1 0 0 0 32002 32002 0 0 0 0 0 34386
WIT 7 282 283 299 293 292 0 0 0 0 289 0 -1 0 0 0 32002 32002 0 0 0 0 0 2713
WIT 8 282 283 284 277 295 3761 0 0 0 32002 0 -1 0 0 0 32002 32002 0 0 0 0 0 0
WIT 7 282 283 283 270 268 0 0 0 0 282 0 -1 0 0 0 32002 32002 0 0 0 0 0 3761
WIT 12 -283 -282 -303 -314 -323 0 0 0 0 -284 0 -1 0 0 0 32002 32002 0 0 0 0 0 0
WIT 11 -283 -282 -303 -324 -435 0 0 0 0 -283 0 -1 0 0 0 32002 32002 0 0 0 0 0 0
WIT 8 -301 -300 -303 -318 -279 528 0 0 0 32002 0 -1 0 0 0 32002 32002 0 0 0 0 0 0
WIT 10 300 301 301 282 267 0 0 0 0 300 0 -1 0 0 0 32002 32002 0 0 0 0 0 3761
WIT 6 300 301 390 385 337 0 0 0 0 329 0 -1 0 0 0 32002 32002 0 0 0 0 0 2915
WIT 10 -301 -300 -282 -301 -302 0 0 0 0 -301 0 -1 0 0 0 32002 32002 0 0 0 0 0 0
WIT 7 -301 -300 -303 -316 -342 0 0 0 0 -301 0 -1 0 0 0 32002 32002 0 0 0 0 0 0
WIT 6 302 303 336 331 332 53055 0 0 0 32002 0 -1 0 0 0 32002 32002 0 0 0 0 0 0
WIT 7 302 303 298 285 347 3104 0 0 0 32002 0 -1 0 0 0 32002 32002 0 0 0 0 0 0
WIT 6 302 303 300 295 299 3104 0 0 1 305 0 -1 0 0 0 32002 32002 0 0 0 0 0 1616
WIT 7 302 303 305 292 272 0 0 0 0 306 0 -1 0 0 0 32002 32002 0 0 0 0 0 2915
WIT 8 302 303 303 296 281 0 0 0 0 303 0 -1 0 0 0 32002 32002 0 0 0 0 0 3761
WIT 11 302 303 301 280 281 3826 0 0 1 303 0 -1 0 0 0 32002 32002 0 0 0 0 0 3761
WIT 7 302 303 403 397 318 0 0 0 0 364 0 -1 0 0 0 32002 32002 0 0 0 0 0 2713
WIT 10 302 303 391 372 350 0 0 0 0 303 0 -1 0 0 0 32002 32002 0 0 0 0 0 3104
WIT 8 302 303 358 343 323 0 0 0 0 333 0 -1 0 0 0 32002 32002 0 0 0 0 0 2713
WIT 9 302 303 356 339 338 0 0 0 0 303 0 -1 0 0 0 32002 32002 0 0 0 0 0 53055
WIT 9 302 303 430 413 312 0 0 0 0 303 0 -1 0 0 0 32002 32002 0 0 0 0 0 2915
WIT 6 -303 -302 -317 -322 -364 0 0 0 0 -302 0 -1 0 0 0 32002 32002 0 0 0 0 0 1286
WIT 6 -283 -282 -290 -295 -320 0 0 0 0 -282 0 -1 0 0 0 32002 32002 0 0 0 0 0 1828
WIT 7 -283 -282 -302 -315 -356 0 0 0 0 -282 0 -1 0 0 0 32002 32002 0 0 0 0 0 1286
WIT 7 -283 -282 -276 -282 -226 983 0 0 0 32002 0 -1 0 0 0 32002 32002 0 0 0 0 0 0
WIT 6 -283 -282 -289 -294 -304 0 0 0 0 -282 0 -1 0 0 0 32002 32002 0 0 0 0 0 1286
WIT 6 -283 -282 -289 -294 -356 0 0 0 0 -282 0 -1 0 0 0 32002 32002 0 0 0 0 0 1828
WIT 9 -283 -282 -302 -319 -355 0 0 0 0 -282 0 -1 0 0 0 32002 32002 0 0 0 0 0 1286
WIT 8 -303 -282 -303 -310 -356 0 0 0 0 -309 0 -1 0 0 0 32002 32002 0 0 0 0 0 666
WIT 9 -283 -282 -279 -296 -280 983 0 0 0 32002 0 -1 0 0 0 32002 32002 0 0 0 0 0 0
WIT 7 -283 -282 -303 -316 -349 0 0 0 0 -250 0 -1 0 0 0 32002 32002 0 0 0 0 0 1286
WIT 7 -283 -282 -154 -160 -130 983 0 0 0 32002 0 -1 0 0 0 32002 32002 0 0 0 0 0 0
WIT 6 -283 -282 -130 -135 -99 528 0 0 0 32002 0 -1 0 0 0 32002 32002 0 0 0 0 0 0
WIT 6 -283 -282 -166 -171 -123 528 0 0 0 32002 0 -1 0 0 0 32002 32002 0 0 0 0 0 0
WIT 6 -283 -282 -199 -204 -38 528 0 0 0 32002 0 -1 0 0 0 32002 32002 0 0 0 0 0 0
WIT 11 -283 -282 -303 -324 -351 0 0 0 0 -282 0 -1 0 0 0 32002 32002 0 0 0 0 0 1828
WIT 8 -283 -282 -310 -325 -289 75 0 0 1 -282 0 -1 0 0 0 32002 32002 0 0 0 0 0 528
WIT 9 -283 -282 -295 -312 -300 75 0 0 1 -279 0 -1 0 0 0 32002 32002 0 0 0 0 0 528
WIT 9 -283 -282 -301 -318 -318 983 0 0 1 -282 0 -1 0 0 0 32002 32002 0 0 0 0 0 528
WIT 8 -283 -282 -185 -192 -174 528 0 0 0 32002 0 -1 0 0 0 32002 32002 0 0 0 0 0 0
WIT 8 -283 -282 -277 -292 -271 75 0 0 0 32002 0 -1 0 0 0 32002 32002 0 0 0 0 0 0
WIT 7 -283 -282 -185 -191 -188 666 0 0 0 32002 0 -1 0 0 0 32002 32002 0 0 0 0 0 0
WIT 8 -283 -282 -303 -318 -300 528 0 0 1 -283 1 1 16192 1 1 -283 -283 0 0 0 0 13 0
WIT 8 -283 -282 -298 -305 -298 983 0 0 1 -282 0 -1 0 0 0 32002 32002 0 0 0 0 0 528
WIT 7 -283 -282 -267 -273 -281 0 0 0 0 -274 0 -1 0 0 0 32002 32002 0 0 0 0 0 204
WIT 7 -283 -282 -266 -272 -292 0 0 0 0 -282 0 -1 0 0 0 32002 32002 0 0 0 0 0 1828
WIT 7 -283 -282 -110 -116 -72 528 0 0 0 32002 0 -1 0 0 0 32002 32002 0 0 0 0 0 0
WIT 8 -283 -282 -289 -304 -286 1293 0 0 1 -282 0 -1 0 0 0 32002 32002 0 0 0 0 0 528
WIT 8 -255 -254 -252 -259 -304 0 0 0 0 -247 0 -1 0 0 0 32002 32002 0 0 0 0 0 49415
WIT 7 -282 -254 -277 -283 -308 0 0 0 0 -254 0 -1 0 0 0 32002 32002 0 0 0 0 0 983
WIT 6 -255 -254 -266 -271 -289 0 0 0 0 -246 0 -1 0 0 0 32002 32002 0 0 0 0 0 983
WIT 6 -255 -254 -222 -227 -237 0 0 0 0 -202 0 -1 0 0 0 32002 32002 0 0 0 0 0 983
WIT 6 -255 -254 -227 -232 -233 0 0 0 0 -250 0 -1 0 0 0 32002 32002 0 0 0 0 0 983
WIT 11 -255 -254 -267 -288 -276 983 0 0 1 -250 0 -1 0 0 0 32002 32002 0 0 0 0 0 1828
WIT 6 -255 -254 -255 -260 -268 0 0 0 0 -263 0 -1 0 0 0 32002 32002 0 0 0 0 0 1828
WIT 9 -255 -254 -282 -299 -320 0 0 0 0 -254 0 -1 0 0 0 32002 32002 0 0 0 0 0 1828
WIT 10 -255 -254 -282 -301 -339 0 0 0 0 -254 0 -1 0 0 0 32002 32002 0 0 0 0 0 1286
WIT 6 -255 -254 -282 -287 -276 1828 0 0 1 -244 0 -1 0 0 0 32002 32002 0 0 0 0 0 49415
WIT 9 -255 -254 -282 -299 -354 0 0 0 0 -254 0 -1 0 0 0 32002 32002 0 0 0 0 0 1828
WIT 8 -255 -254 -276 -283 -226 983 0 0 0 32002 0 -1 0 0 0 32002 32002 0 0 0 0 0 0
WIT 7 -282 -254 -282 -288 -324 0 0 0 0 -254 0 -1 0 0 0 32002 32002 0 0 0 0 0 75
WIT 8 -255 -254 -282 -289 -333 0 0 0 0 -254 0 -1 0 0 0 32002 32002 0 0 0 0 0 1286
WIT 7 -255 -254 -250 -256 -260 0 0 0 0 -228 0 -1 0 0 0 32002 32002 0 0 0 0 0 1828
WIT 10 -255 -254 -282 -291 -328 0 0 0 0 -254 0 -1 0 0 0 32002 32002 0 0 0 0 0 82
WIT 11 -255 -254 -282 -292 -290 983 0 0 1 -254 0 -1 0 0 0 32002 32002 0 0 0 0 0 75
WIT 10 -255 -254 -269 -278 -378 0 0 0 0 -254 0 -1 0 0 0 32002 32002 0 0 0 0 0 1242
WIT 9 -255 -254 -282 -290 -300 0 0 0 0 -254 0 -1 0 0 0 32002 32002 0 0 0 0 0 1828
WIT 7 -255 -254 -278 -284 -278 75 0 0 1 -254 0 -1 0 0 0 32002 32002 0 0 0 0 0 983
WIT 7 -255 -254 -29 -35 28 411 1 0 0 32002 0 -1 0 0 0 32002 32002 0 0 0 0 0 0
WIT 10 -255 -254 -282 -301 -347 0 0 0 0 -254 0 -1 0 0 0 32002 32002 0 0 0 0 0 1286
WIT 7 -255 -254 -282 -288 -298 0 0 0 0 -254 0 -1 0 0 0 32002 32002 0 0 0 0 0 1286
WIT 9 -255 -254 -282 -290 -304 0 0 0 0 -254 0 -1 0 0 0 32002 32002 0 0 0 0 0 1828
WIT 8 -255 -254 -103 -110 -274 0 0 0 0 -81 0 -1 0 0 0 32002 32002 0 0 0 0 0 1244
WIT 8 -255 -254 -41 -48 661 1307 1 0 0 32002 0 -1 0 0 0 32002 32002 0 0 0 0 0 0
WIT 8 -255 -254 -282 -289 -286 1828 0 0 1 -254 0 -1 0 0 0 32002 32002 0 0 0 0 0 983
WIT 11 -255 -254 -234 -244 -244 196 0 0 0 32002 0 -1 0 0 0 32002 32002 0 0 0 0 0 0
WIT 10 -255 -254 -247 -266 -366 0 0 0 0 -258 0 -1 0 0 0 32002 32002 0 0 0 0 0 0
WIT 8 254 255 405 398 397 0 0 0 0 278 0 -1 0 0 0 32002 32002 0 0 0 0 0 2910
WIT 9 -255 -254 -254 -271 -328 0 0 0 0 -257 0 -1 0 0 0 32002 32002 0 0 0 0 0 0
WIT 8 -255 -254 -278 -285 -286 0 0 0 0 -256 0 -1 0 0 0 32002 32002 0 0 0 0 0 0
WIT 8 281 282 256 249 273 2852 0 0 1 318 0 -1 0 0 0 32002 32002 0 0 0 0 0 53055
WIT 6 281 282 328 323 322 0 0 0 0 329 0 -1 0 0 0 32002 32002 0 0 0 0 0 2910
WIT 9 281 282 301 284 284 3177 0 0 0 32002 0 -1 0 0 0 32002 32002 0 0 0 0 0 0
WIT 9 281 282 351 334 307 0 0 0 0 282 0 -1 0 0 0 32002 32002 0 0 0 0 0 2915
WIT 11 281 282 303 282 281 0 0 0 0 298 0 -1 0 0 0 32002 32002 0 0 0 0 0 53055
WIT 6 281 282 436 431 461 0 0 0 0 32002 0 -1 0 0 0 32002 32002 0 0 0 0 0 0
WIT 7 281 282 321 315 314 0 0 0 0 326 0 -1 0 0 0 32002 32002 0 0 0 0 0 3761
WIT 6 281 282 436 431 376 0 0 0 0 346 0 -1 0 0 0 32002 32002 0 0 0 0 0 2915
WIT 8 281 282 327 320 319 0 0 0 0 312 0 -1 0 0 0 32002 32002 0 0 0 0 0 53055
WIT 8 281 282 305 298 349 53055 0 0 0 32002 0 -1 0 0 0 32002 32002 0 0 0 0 0 0
WIT 8 281 282 340 333 372 53055 0 0 0 32002 0 -1 0 0 0 32002 32002 0 0 0 0 0 0
WIT 8 281 282 350 335 336 2910 0 0 0 32002 0 -1 0 0 0 32002 32002 0 0 0 0 0 0
WIT 8 281 282 350 343 364 53055 0 0 0 32002 0 -1 0 0 0 32002 32002 0 0 0 0 0 0
WIT 8 281 282 327 320 378 3307 0 0 0 32002 0 -1 0 0 0 32002 32002 0 0 0 0 0 0
WIT 8 -282 -254 -282 -289 -303 0 0 0 0 -287 0 -1 0 0 0 32002 32002 0 0 0 0 0 0
WIT 7 319 320 314 308 300 0 0 0 0 320 0 -1 0 0 0 32002 32002 0 0 0 0 0 53055
WIT 8 319 320 329 322 397 0 0 0 0 32002 0 -1 0 0 0 32002 32002 0 0 0 0 0 0
WIT 7 319 320 323 310 308 0 0 0 0 396 0 -1 0 0 0 32002 32002 0 0 0 0 0 2910
WIT 7 319 320 356 350 357 53055 0 0 0 32002 0 -1 0 0 0 32002 32002 0 0 0 0 0 0
WIT 7 319 320 308 295 334 2852 0 0 0 32002 0 -1 0 0 0 32002 32002 0 0 0 0 0 0
WIT 6 319 320 310 305 321 2852 0 0 0 32002 0 -1 0 0 0 32002 32002 0 0 0 0 0 0
WIT 6 319 320 288 283 282 0 0 0 0 320 0 -1 0 0 0 32002 32002 0 0 0 0 0 53055
WIT 9 319 320 282 265 295 53055 0 0 1 320 0 -1 0 0 0 32002 32002 0 0 0 0 0 3104
WIT 8 319 320 296 281 281 3104 0 0 1 313 1 3 -7525 1 1 319 309 2 0 45 0 28 0
WIT 6 319 320 303 298 299 3104 0 0 1 314 1 1 14031 1 1 319 311 0 0 0 0 2 0
WIT 6 319 320 303 298 278 0 0 0 0 308 0 -1 0 0 0 32002 32002 0 0 0 0 0 0
WIT 7 319 320 303 297 281 0 0 0 0 309 0 -1 0 0 0 32002 32002 0 0 0 0 0 0
WIT 6 319 320 303 298 285 0 0 0 0 310 0 -1 0 0 0 32002 32002 0 0 0 0 0 0
WIT 7 319 320 303 290 289 0 0 0 0 319 0 -1 0 0 0 32002 32002 0 0 0 0 0 0
WIT 6 319 320 309 304 260 0 0 0 0 319 0 -1 0 0 0 32002 32002 0 0 0 0 0 0
WIT 8 319 320 303 288 273 0 0 0 0 320 0 -1 0 0 0 32002 32002 0 0 0 0 0 2915
WIT 6 319 320 340 335 368 53055 0 0 0 32002 0 -1 0 0 0 32002 32002 0 0 0 0 0 0
WIT 6 319 320 366 361 377 3104 0 0 0 32002 0 -1 0 0 0 32002 32002 0 0 0 0 0 0
WIT 6 -294 -293 -316 -321 -302 196 0 0 1 -280 0 -1 0 0 0 32002 32002 0 0 0 0 0 658
WIT 8 -294 -293 -293 -308 -296 528 0 0 1 -293 0 -1 0 0 0 32002 32002 0 0 0 0 0 75
WIT 7 -294 -293 -293 -299 -299 75 0 0 1 -293 0 -1 0 0 0 32002 32002 0 0 0 0 0 528
WIT 7 -294 -293 -293 -306 -308 0 0 0 0 -293 0 -1 0 0 0 32002 32002 0 0 0 0 0 196
WIT 9 -294 -293 -281 -289 -272 666 0 0 0 32002 0 -1 0 0 0 32002 32002 0 0 0 0 0 0
WIT 8 -294 -293 -282 -289 -293 0 0 0 0 -293 0 -1 0 0 0 32002 32002 0 0 0 0 0 528
WIT 7 -294 -293 -281 -287 -283 666 0 0 0 32002 0 -1 0 0 0 32002 32002 0 0 0 0 0 0
WIT 7 -294 -293 -268 -274 -247 666 0 0 0 32002 0 -1 0 0 0 32002 32002 0 0 0 0 0 0
WIT 10 -294 -293 -282 -291 -277 49415 0 0 0 32002 0 -1 0 0 0 32002 32002 0 0 0 0 0 0
WIT 9 -294 -293 -274 -282 -271 1293 0 0 0 32002 0 -1 0 0 0 32002 32002 0 0 0 0 0 0
WIT 8 -294 -293 -282 -297 -311 0 0 0 0 -293 0 -1 0 0 0 32002 32002 0 0 0 0 0 1828
WIT 6 -294 -293 -270 -275 -249 49415 0 0 0 32002 0 -1 0 0 0 32002 32002 0 0 0 0 0 0
WIT 10 -294 -293 -279 -298 -282 983 0 0 0 32002 0 -1 0 0 0 32002 32002 0 0 0 0 0 0
WIT 11 -294 -293 -282 -303 -270 983 0 0 0 32002 0 -1 0 0 0 32002 32002 0 0 0 0 0 0
WIT 10 -294 -293 -282 -301 -301 983 0 0 1 -293 0 -1 0 0 0 32002 32002 0 0 0 0 0 528
WIT 7 -294 -293 -110 -116 -72 528 0 0 0 32002 0 -1 0 0 0 32002 32002 0 0 0 0 0 0
WIT 9 -294 -293 -279 -296 -281 983 0 0 0 32002 0 -1 0 0 0 32002 32002 0 0 0 0 0 0
WIT 7 -294 -293 -185 -191 -173 528 0 0 0 32002 0 -1 0 0 0 32002 32002 0 0 0 0 0 0
WIT 7 -294 -293 -185 -191 -192 0 0 0 0 -293 0 -1 0 0 0 32002 32002 0 0 0 0 0 528
WIT 9 -294 -293 -282 -299 -296 49415 0 0 1 -282 0 -1 0 0 0 32002 32002 0 0 0 0 0 528
WIT 8 -293 -279 -308 -315 -334 0 0 0 0 -279 0 -1 0 0 0 32002 32002 0 0 0 0 0 658
WIT 9 -280 -279 -261 -269 -269 287 0 0 0 32002 0 -1 0 0 0 32002 32002 0 0 0 0 0 0
WIT 9 -280 -279 -216 -224 -238 0 0 0 0 -279 0 -1 0 0 0 32002 32002 0 0 0 0 0 1828
WIT 10 -280 -279 -282 -291 -308 0 0 0 0 -279 0 -1 0 0 0 32002 32002 0 0 0 0 0 16
WIT 9 -280 -279 -282 -299 -318 0 0 0 0 -285 0 -1 0 0 0 32002 32002 0 0 0 0 0 0
WIT 7 279 293 287 281 280 0 0 0 0 301 0 -1 0 0 0 32002 32002 0 0 0 0 0 1616
WIT 10 292 293 376 367 317 0 0 0 0 293 0 -1 0 0 0 32002 32002 0 0 0 0 0 2853
WIT 8 279 293 285 278 217 0 0 0 0 279 0 -1 0 0 0 32002 32002 0 0 0 0 0 3826
WIT 6 279 280 283 278 215 0 0 0 0 288 0 -1 0 0 0 32002 32002 0 0 0 0 0 1616
WIT 7 279 293 287 281 260 0 0 0 0 277 0 -1 0 0 0 32002 32002 0 0 0 0 0 3104
WIT 10 -280 -279 -282 -301 -305 0 0 0 0 -279 0 -1 0 0 0 32002 32002 0 0 0 0 0 1828
WIT 10 -293 -279 -293 -302 -304 0 0 0 0 -279 0 -1 0 0 0 32002 32002 0 0 0 0 0 75
WIT 9 279 280 279 262 262 1616 1 0 0 277 0 -1 0 0 0 32002 32002 0 0 0 0 0 0
WIT 7 -280 -279 -262 -268 -274 0 0 0 0 -280 0 -1 0 0 0 32002 32002 0 0 0 0 0 0
WIT 6 -280 -279 -264 -269 -270 0 0 0 0 -280 0 -1 0 0 0 32002 32002 0 0 0 0 0 0
WIT 10 -293 -279 -293 -302 -303 0 0 0 0 -279 0 -1 0 0 0 32002 32002 0 0 0 0 0 196
WIT 7 -280 -279 -269 -275 -275 196 0 0 0 32002 0 -1 0 0 0 32002 32002 0 0 0 0 0 0
WIT 6 -280 -279 -281 -286 -281 196 0 0 1 -258 0 -1 0 0 0 32002 32002 0 0 0 0 0 658
WIT 6 -280 -279 -269 -274 -235 196 0 0 0 32002 0 -1 0 0 0 32002 32002 0 0 0 0 0 0
WIT 11 -280 -279 -293 -314 -314 196 0 0 1 -261 0 -1 0 0 0 32002 32002 0 0 0 0 0 528
WIT 10 -293 -279 -293 -302 -303 0 0 0 0 -279 0 -1 0 0 0 32002 32002 0 0 0 0 0 49415
WIT 7 -280 -279 -260 -266 -297 0 0 0 0 -279 0 -1 0 0 0 32002 32002 0 0 0 0 0 1828
WIT 6 -280 -279 -293 -298 -285 75 0 0 1 -279 0 -1 0 0 0 32002 32002 0 0 0 0 0 528
WIT 7 -280 -279 -293 -299 -300 0 0 0 0 -279 0 -1 0 0 0 32002 32002 0 0 0 0 0 196
WIT 12 -280 -279 -293 -304 -285 528 0 0 1 -279 0 -1 0 0 0 32002 32002 0 0 0 0 0 49415
WIT 6 -280 -279 -293 -298 -285 196 0 0 1 -279 0 -1 0 0 0 32002 32002 0 0 0 0 0 528
WIT 11 -280 -279 -293 -314 -280 528 0 0 1 -279 0 -1 0 0 0 32002 32002 0 0 0 0 0 49415
WIT 10 -280 -279 -275 -284 -250 528 0 0 0 32002 0 -1 0 0 0 32002 32002 0 0 0 0 0 0
WIT 11 -280 -279 -284 -294 -300 0 0 0 0 -260 0 -1 0 0 0 32002 32002 0 0 0 0 0 1828
WIT 11 -280 -279 -276 -286 -675 0 0 0 0 -275 0 -1 0 0 0 32002 32002 0 0 0 0 0 1244
WIT 10 -280 -279 -269 -278 -256 528 0 0 0 32002 0 -1 0 0 0 32002 32002 0 0 0 0 0 0
WIT 9 -280 -279 -293 -301 -250 528 0 0 0 32002 0 -1 0 0 0 32002 32002 0 0 0 0 0 0
WIT 11 -280 -279 -279 -289 -289 196 0 0 1 -279 0 -1 0 0 0 32002 32002 0 0 0 0 0 528
WIT 10 -280 -279 -266 -275 -289 0 0 0 0 -279 0 -1 0 0 0 32002 32002 0 0 0 0 0 49415
WIT 9 -280 -279 -293 -301 -281 75 0 0 1 -270 0 -1 0 0 0 32002 32002 0 0 0 0 0 49415
WIT 9 -280 -279 -286 -294 -258 528 0 0 0 32002 0 -1 0 0 0 32002 32002 0 0 0 0 0 0
WIT 9 -280 -279 -258 -266 -263 528 0 0 0 32002 0 -1 0 0 0 32002 32002 0 0 0 0 0 0
WIT 10 -293 -279 -293 -302 -307 0 0 0 0 -279 0 -1 0 0 0 32002 32002 0 0 0 0 0 983
WIT 6 -280 -279 -242 -247 -284 0 0 0 0 -235 0 -1 0 0 0 32002 32002 0 0 0 0 0 82
WIT 11 -280 -279 -293 -314 -314 528 0 0 1 -280 1 1 43564 1 1 -280 -279 0 0 0 0 212 528
WIT 10 -280 -279 -279 -298 -282 983 0 0 1 -274 0 -1 0 0 0 32002 32002 0 0 0 0 0 528
WIT 10 -280 -279 -278 -287 -203 528 0 0 0 32002 0 -1 0 0 0 32002 32002 0 0 0 0 0 0
WIT 10 -280 -279 -191 -200 -146 75 0 0 0 32002 0 -1 0 0 0 32002 32002 0 0 0 0 0 0
WIT 11 -280 -279 -277 -298 -293 1829 1 0 0 -272 0 -1 0 0 0 32002 32002 0 0 0 0 0 1828
WIT 9 -280 -279 -282 -299 -271 983 0 0 0 32002 0 -1 0 0 0 32002 32002 0 0 0 0 0 0
WIT 8 -280 -279 -228 -235 -217 528 0 0 0 32002 0 -1 0 0 0 32002 32002 0 0 0 0 0 0
WIT 9 -280 -279 -268 -276 -276 528 0 0 0 32002 0 -1 0 0 0 32002 32002 0 0 0 0 0 0
WIT 7 -280 -279 -166 -172 -148 528 0 0 0 32002 0 -1 0 0 0 32002 32002 0 0 0 0 0 0
WIT 6 -280 -279 -130 -135 -99 528 0 0 0 32002 0 -1 0 0 0 32002 32002 0 0 0 0 0 0
WIT 6 -280 -279 -150 -155 -95 528 0 0 0 32002 0 -1 0 0 0 32002 32002 0 0 0 0 0 0
WIT 11 -280 -279 -282 -303 -350 0 0 0 0 -279 0 -1 0 0 0 32002 32002 0 0 0 0 0 1828
WIT 6 -280 -279 -227 -232 -303 0 0 0 0 -243 0 -1 0 0 0 32002 32002 0 0 0 0 0 1049
WIT 11 -280 -279 -293 -314 -303 983 0 0 1 -279 0 -1 0 0 0 32002 32002 0 0 0 0 0 528
WIT 9 -280 -279 -293 -310 -293 49415 0 0 1 -237 0 -1 0 0 0 32002 32002 0 0 0 0 0 528
WIT 9 -280 -279 -283 -300 -296 49415 0 0 1 -270 0 -1 0 0 0 32002 32002 0 0 0 0 0 528
WIT 6 -261 -260 -261 -266 -280 0 0 0 0 -317 0 -1 0 0 0 32002 32002 0 0 0 0 0 0
WIT 6 264 265 479 474 358 0 0 0 0 308 0 -1 0 0 0 32002 32002 0 0 0 0 0 2713
WIT 8 -279 -260 -279 -286 -283 528 0 0 1 -265 1 1 49908 1 1 -265 -265 0 0 0 0 69 75
WIT 8 -266 -265 -279 -286 -286 75 0 0 1 -269 1 1 24625 1 1 -266 -302 0 0 0 0 1 0
WIT 6 278 279 302 297 291 0 0 0 0 278 0 -1 0 0 0 32002 32002 0 0 0 0 0 3826
WIT 6 -279 -278 -78 -83 -428 0 0 0 0 -73 0 -1 0 0 0 32002 32002 0 0 0 0 0 1177
WIT 10 278 279 265 246 234 0 0 0 0 278 0 -1 0 0 0 32002 32002 0 0 0 0 0 0
WIT 7 -279 -278 -261 -267 -267 666 0 0 0 32002 0 -1 0 0 0 32002 32002 0 0 0 0 0 0
WIT 6 -261 -260 -217 -222 -309 0 0 0 0 -260 0 -1 0 0 0 32002 32002 0 0 0 0 0 1828
WIT 7 -279 -260 -278 -284 -284 666 0 0 1 -260 0 -1 0 0 0 32002 32002 0 0 0 0 0 75
WIT 10 -261 -260 -278 -297 -297 666 0 0 1 -260 0 -1 0 0 0 32002 32002 0 0 0 0 0 75
WIT 8 -261 -260 -236 -243 -233 0 0 0 0 32002 0 -1 0 0 0 32002 32002 0 0 0 0 0 0
WIT 8 -261 -260 -278 -285 -252 0 0 0 0 32002 0 -1 0 0 0 32002 32002 0 0 0 0 0 0
WIT 7 -279 -260 -278 -284 -300 0 0 0 0 -260 0 -1 0 0 0 32002 32002 0 0 0 0 0 196
WIT 9 -261 -260 -261 -269 -268 666 0 0 1 -260 0 -1 0 0 0 32002 32002 0 0 0 0 0 658
WIT 8 -261 -260 -237 -244 -220 658 0 0 0 32002 0 -1 0 0 0 32002 32002 0 0 0 0 0 0
WIT 7 -261 -260 -251 -257 -245 658 0 0 0 32002 0 -1 0 0 0 32002 32002 0 0 0 0 0 0
WIT 8 -261 -260 -240 -247 -199 0 0 0 0 32002 0 -1 0 0 0 32002 32002 0 0 0 0 0 0
WIT 10 -279 -260 -279 -288 -283 528 0 0 1 -279 1 1 48966 1 1 -279 -260 0 0 0 0 515 528
WIT 11 -261 -260 -279 -289 -269 391 0 0 1 -260 0 -1 0 0 0 32002 32002 0 0 0 0 0 528
WIT 11 -261 -260 -279 -289 -280 196 0 0 1 -260 0 -1 0 0 0 32002 32002 0 0 0 0 0 528
WIT 11 -261 -260 -231 -241 -627 0 0 0 0 -227 0 -1 0 0 0 32002 32002 0 0 0 0 0 1244
WIT 13 -261 -260 -275 -287 -251 528 0 0 0 32002 0 -1 0 0 0 32002 32002 0 0 0 0 0 0
WIT 12 -261 -260 -275 -286 -363 0 0 0 0 -251 0 -1 0 0 0 32002 32002 0 0 0 0 0 1828
WIT 11 -261 -260 -253 -263 -94 196 0 0 0 32002 0 -1 0 0 0 32002 32002 0 0 0 0 0 0
WIT 10 -261 -260 -270 -279 -248 1249 1 0 0 32002 0 -1 0 0 0 32002 32002 0 0 0 0 0 0
WIT 10 -261 -260 -251 -260 -224 196 0 0 0 32002 0 -1 0 0 0 32002 32002 0 0 0 0 0 0
WIT 10 -261 -260 -242 -251 -90 196 0 0 0 32002 0 -1 0 0 0 32002 32002 0 0 0 0 0 0
WIT 10 -261 -260 -279 -288 -287 196 0 0 1 -195 0 -1 0 0 0 32002 32002 0 0 0 0 0 528
WIT 10 -261 -260 -262 -281 -269 196 0 0 1 -249 0 -1 0 0 0 32002 32002 0 0 0 0 0 528
WIT 10 -261 -260 -253 -262 -251 196 0 0 0 32002 0 -1 0 0 0 32002 32002 0 0 0 0 0 0
WIT 10 -261 -260 -247 -256 42 196 0 0 0 32002 0 -1 0 0 0 32002 32002 0 0 0 0 0 0
WIT 10 -261 -260 -222 -231 -189 196 0 0 0 32002 0 -1 0 0 0 32002 32002 0 0 0 0 0 0
WIT 10 -261 -260 -275 -284 -252 196 0 0 0 32002 0 -1 0 0 0 32002 32002 0 0 0 0 0 0
WIT 10 -261 -260 -271 -280 -254 196 0 0 0 32002 0 -1 0 0 0 32002 32002 0 0 0 0 0 0
WIT 10 -279 -260 -279 -288 -292 0 0 0 0 -260 0 -1 0 0 0 32002 32002 0 0 0 0 0 49415
WIT 13 -261 -260 -279 -304 -214 926 0 0 0 32002 0 -1 0 0 0 32002 32002 0 0 0 0 0 0
WIT 6 -261 -260 -229 -234 -222 666 0 0 0 32002 0 -1 0 0 0 32002 32002 0 0 0 0 0 0
WIT 6 -261 -260 -188 -193 -255 0 0 0 0 -260 0 -1 0 0 0 32002 32002 0 0 0 0 0 35117
WIT 10 -261 -260 -279 -288 -299 0 0 0 0 -260 0 -1 0 0 0 32002 32002 0 0 0 0 0 1828
WIT 7 -261 -260 -265 -278 -264 528 0 0 1 -260 0 -1 0 0 0 32002 32002 0 0 0 0 0 75
WIT 8 -261 -260 -243 -250 -268 0 0 0 0 -260 0 -1 0 0 0 32002 32002 0 0 0 0 0 1828
WIT 12 -261 -260 -279 -290 -295 0 0 0 0 -260 0 -1 0 0 0 32002 32002 0 0 0 0 0 49415
WIT 12 -261 -260 -260 -271 -271 75 0 0 1 -260 0 -1 0 0 0 32002 32002 0 0 0 0 0 528
WIT 9 -261 -260 -253 -261 -235 528 0 0 0 32002 0 -1 0 0 0 32002 32002 0 0 0 0 0 0
WIT 8 -261 -260 -275 -282 -254 528 0 0 0 32002 0 -1 0 0 0 32002 32002 0 0 0 0 0 0
WIT 8 -261 -260 -245 -252 -220 0 0 0 0 32002 0 -1 0 0 0 32002 32002 0 0 0 0 0 0
WIT 14 -261 -260 -260 -273 -278 0 0 0 0 -260 0 -1 0 0 0 32002 32002 0 0 0 0 0 49415
WIT 13 -261 -260 -261 -286 -366 0 0 0 0 -260 0 -1 0 0 0 32002 32002 0 0 0 0 0 1828
WIT 12 -261 -260 -275 -298 -708 0 0 0 0 -161 0 -1 0 0 0 32002 32002 0 0 0 0 0 1244
WIT 6 -261 -260 -143 -148 -500 0 0 0 0 -233 0 -1 0 0 0 32002 32002 0 0 0 0 0 1244
WIT 11 -261 -260 -279 -300 -278 528 0 0 1 -260 0 -1 0 0 0 32002 32002 0 0 0 0 0 49415
WIT 10 -261 -260 -270 -279 -276 75 0 0 1 -260 0 -1 0 0 0 32002 32002 0 0 0 0 0 49415
WIT 10 -261 -260 -268 -277 -202 528 0 0 0 32002 0 -1 0 0 0 32002 32002 0 0 0 0 0 0
WIT 10 -261 -260 -269 -278 -256 528 0 0 0 32002 0 -1 0 0 0 32002 32002 0 0 0 0 0 0
WIT 10 -261 -260 -256 -265 -217 528 0 0 0 32002 0 -1 0 0 0 32002 32002 0 0 0 0 0 0
WIT 10 -261 -260 -286 -295 -259 528 0 0 0 32002 0 -1 0 0 0 32002 32002 0 0 0 0 0 0
WIT 10 -261 -260 -258 -267 -190 528 0 0 0 32002 0 -1 0 0 0 32002 32002 0 0 0 0 0 0
WIT 10 -279 -260 -279 -288 -304 0 0 0 0 -260 0 -1 0 0 0 32002 32002 0 0 0 0 0 983
WIT 8 -261 -260 -279 -294 -293 49415 0 0 1 -260 0 -1 0 0 0 32002 32002 0 0 0 0 0 658
WIT 8 -261 -260 -279 -286 -234 0 0 0 0 32002 0 -1 0 0 0 32002 32002 0 0 0 0 0 0
WIT 13 -261 -260 -279 -304 -298 49415 0 0 1 -260 0 -1 0 0 0 32002 32002 0 0 0 0 0 528
WIT 11 -261 -260 -36 -46 444 1307 1 0 0 32002 0 -1 0 0 0 32002 32002 0 0 0 0 0 0
WIT 6 -261 -260 -268 -273 -273 658 0 0 1 -218 0 -1 0 0 0 32002 32002 0 0 0 0 0 983
WIT 11 -261 -260 -274 -295 -292 983 0 0 1 -260 0 -1 0 0 0 32002 32002 0 0 0 0 0 528
WIT 11 -261 -260 -278 -288 -199 528 0 0 0 32002 0 -1 0 0 0 32002 32002 0 0 0 0 0 0
WIT 11 -261 -260 -272 -293 -290 1829 1 0 0 -260 0 -1 0 0 0 32002 32002 0 0 0 0 0 1828
WIT 6 -261 -260 -310 -315 -312 658 0 0 1 -238 0 -1 0 0 0 32002 32002 0 0 0 0 0 983
WIT 11 -261 -260 -282 -303 -270 983 0 0 1 -241 0 -1 0 0 0 32002 32002 0 0 0 0 0 528
WIT 10 -261 -260 -251 -260 -98 528 0 0 0 32002 0 -1 0 0 0 32002 32002 0 0 0 0 0 0
WIT 10 -261 -260 -241 -260 -259 75 0 0 0 32002 0 -1 0 0 0 32002 32002 0 0 0 0 0 0
WIT 11 -261 -260 -270 -291 -291 49415 0 0 1 -248 0 -1 0 0 0 32002 32002 0 0 0 0 0 528
WIT 11 -261 -260 -279 -300 -259 49415 0 0 0 32002 0 -1 0 0 0 32002 32002 0 0 0 0 0 0
WIT 11 -261 -260 -279 -300 -300 983 0 0 1 -257 0 -1 0 0 0 32002 32002 0 0 0 0 0 528
WIT 10 -261 -260 -279 -288 -192 528 0 0 0 32002 0 -1 0 0 0 32002 32002 0 0 0 0 0 0
WIT 13 -261 -260 -279 -291 -276 75 0 0 1 -260 0 -1 0 0 0 32002 32002 0 0 0 0 0 528
WIT 6 -261 -260 -274 -279 -220 528 0 0 0 32002 0 -1 0 0 0 32002 32002 0 0 0 0 0 0
WIT 11 -261 -260 -274 -284 -264 1293 0 0 1 -228 0 -1 0 0 0 32002 32002 0 0 0 0 0 75
WIT 10 -261 -260 -268 -277 -263 528 0 0 1 -253 0 -1 0 0 0 32002 32002 0 0 0 0 0 75
WIT 7 -261 -260 -279 -285 -228 1293 0 0 0 32002 0 -1 0 0 0 32002 32002 0 0 0 0 0 0
WIT 6 -261 -260 -271 -276 -266 75 0 0 1 -253 0 -1 0 0 0 32002 32002 0 0 0 0 0 528
WIT 7 -261 -260 -166 -172 -148 528 0 0 0 32002 0 -1 0 0 0 32002 32002 0 0 0 0 0 0
WIT 6 -261 -260 -130 -135 -112 528 0 0 0 32002 0 -1 0 0 0 32002 32002 0 0 0 0 0 0
WIT 6 -261 -260 -221 -226 -197 528 0 0 0 32002 0 -1 0 0 0 32002 32002 0 0 0 0 0 0
WIT 6 -261 -260 -200 -205 -161 528 0 0 0 32002 0 -1 0 0 0 32002 32002 0 0 0 0 0 0
WIT 6 -261 -260 -202 -207 -168 528 0 0 0 32002 0 -1 0 0 0 32002 32002 0 0 0 0 0 0
WIT 6 -261 -260 -194 -199 -166 75 0 0 0 32002 0 -1 0 0 0 32002 32002 0 0 0 0 0 0
WIT 6 -261 -260 -219 -224 -174 528 0 0 0 32002 0 -1 0 0 0 32002 32002 0 0 0 0 0 0
WIT 12 -261 -260 -279 -302 -348 0 0 0 0 -260 0 -1 0 0 0 32002 32002 0 0 0 0 0 1828
WIT 6 -260 -259 -278 -283 -254 0 0 0 0 32002 0 -1 0 0 0 32002 32002 0 0 0 0 0 0
WIT 7 -260 -235 -260 -266 -275 0 0 0 0 -259 0 -1 0 0 0 32002 32002 0 0 0 0 0 666
WIT 8 -236 -235 -251 -258 -254 196 0 0 1 -235 0 -1 0 0 0 32002 32002 0 0 0 0 0 666
WIT 7 -236 -235 -260 -266 -264 666 0 0 1 -212 0 -1 0 0 0 32002 32002 0 0 0 0 0 658
WIT 8 -236 -235 -240 -247 -185 0 0 0 0 32002 0 -1 0 0 0 32002 32002 0 0 0 0 0 0
WIT 7 -236 -235 -246 -252 -253 0 0 0 0 -235 0 -1 0 0 0 32002 32002 0 0 0 0 0 1828
WIT 8 -260 -235 -260 -267 -279 0 0 0 0 -235 0 -1 0 0 0 32002 32002 0 0 0 0 0 528
WIT 11 -236 -235 -81 -91 -33 0 0 0 0 32002 0 -1 0 0 0 32002 32002 0 0 0 0 0 0
WIT 9 -236 -235 -260 -268 -268 196 0 0 1 -235 0 -1 0 0 0 32002 32002 0 0 0 0 0 528
WIT 8 -236 -235 -260 -267 -265 391 0 0 1 -184 0 -1 0 0 0 32002 32002 0 0 0 0 0 528
WIT 10 -236 -235 -275 -284 -252 528 0 0 1 -235 0 -1 0 0 0 32002 32002 0 0 0 0 0 75
WIT 9 -236 -235 -251 -268 -343 0 0 0 0 -235 0 -1 0 0 0 32002 32002 0 0 0 0 0 1828
WIT 8 -236 -235 -270 -277 -250 1249 1 0 0 -235 0 -1 0 0 0 32002 32002 0 0 0 0 0 75
WIT 8 -236 -235 -251 -258 -225 196 0 0 0 32002 0 -1 0 0 0 32002 32002 0 0 0 0 0 0
WIT 8 -236 -235 -242 -249 -249 196 0 0 1 -229 0 -1 0 0 0 32002 32002 0 0 0 0 0 528
WIT 9 -236 -235 -250 -267 -266 196 0 0 1 -220 0 -1 0 0 0 32002 32002 0 0 0 0 0 528
WIT 8 -236 -235 -253 -260 -110 196 0 0 0 32002 0 -1 0 0 0 32002 32002 0 0 0 0 0 0
WIT 8 -236 -235 -253 -260 -251 196 0 0 1 -180 0 -1 0 0 0 32002 32002 0 0 0 0 0 528
WIT 7 -236 -235 -275 -281 -253 196 0 0 1 -184 0 -1 0 0 0 32002 32002 0 0 0 0 0 528
WIT 7 -236 -235 -271 -277 -255 196 0 0 1 -205 0 -1 0 0 0 32002 32002 0 0 0 0 0 528
WIT 10 -260 -235 -260 -269 -264 528 0 0 1 -235 0 -1 0 0 0 32002 32002 0 0 0 0 0 49415
WIT 7 -236 -235 -240 -246 -259 0 0 0 0 -231 0 -1 0 0 0 32002 32002 0 0 0 0 0 1828
WIT 13 -236 -235 -279 -304 -290 926 0 0 1 -235 0 -1 0 0 0 32002 32002 0 0 0 0 0 49415
WIT 7 -236 -235 -253 -259 -236 528 0 0 1 -215 0 -1 0 0 0 32002 32002 0 0 0 0 0 35117
WIT 7 -236 -235 -245 -251 -223 0 0 0 0 32002 0 -1 0 0 0 32002 32002 0 0 0 0 0 0
WIT 6 -236 -235 -230 -235 -228 196 0 0 0 32002 0 -1 0 0 0 32002 32002 0 0 0 0 0 0
WIT 6 -236 -235 -245 -250 -234 75 0 0 0 32002 0 -1 0 0 0 32002 32002 0 0 0 0 0 0
WIT 14 -236 -235 -260 -287 -287 75 0 0 1 -235 0 -1 0 0 0 32002 32002 0 0 0 0 0 49415
WIT 12 -236 -235 -233 -244 -245 0 0 0 0 -235 0 -1 0 0 0 32002 32002 0 0 0 0 0 49415
WIT 13 -236 -235 -260 -285 -315 0 0 0 0 -235 0 -1 0 0 0 32002 32002 0 0 0 0 0 1828
WIT 8 -236 -235 -250 -257 -295 0 0 0 0 -235 0 -1 0 0 0 32002 32002 0 0 0 0 0 1828
WIT 11 -236 -235 -260 -281 -275 528 0 0 1 -235 0 -1 0 0 0 32002 32002 0 0 0 0 0 49415
WIT 6 -236 -235 -260 -265 -250 528 0 0 1 -235 0 -1 0 0 0 32002 32002 0 0 0 0 0 196
WIT 11 -236 -235 -260 -281 -281 528 0 0 1 -235 0 -1 0 0 0 32002 32002 0 0 0 0 0 49415
WIT 10 -236 -235 -260 -269 -269 75 0 0 1 -235 0 -1 0 0 0 32002 32002 0 0 0 0 0 49415
WIT 10 -236 -235 -268 -277 -222 528 0 0 0 32002 0 -1 0 0 0 32002 32002 0 0 0 0 0 0
WIT 10 -236 -235 -243 -252 -240 528 0 0 1 -229 0 -1 0 0 0 32002 32002 0 0 0 0 0 49415
WIT 10 -236 -235 -279 -288 -239 528 0 0 1 -235 0 -1 0 0 0 32002 32002 0 0 0 0 0 49415
WIT 10 -236 -235 -286 -295 -259 528 0 0 1 -230 0 -1 0 0 0 32002 32002 0 0 0 0 0 49415
WIT 7 -236 -235 -247 -253 -154 196 0 0 0 32002 0 -1 0 0 0 32002 32002 0 0 0 0 0 0
WIT 10 -236 -235 -256 -265 -217 528 0 0 0 32002 0 -1 0 0 0 32002 32002 0 0 0 0 0 0
WIT 8 -236 -235 -251 -258 -212 196 0 0 0 32002 0 -1 0 0 0 32002 32002 0 0 0 0 0 0
WIT 10 -236 -235 -258 -267 -260 528 0 0 1 -212 0 -1 0 0 0 32002 32002 0 0 0 0 0 49415
WIT 10 -260 -235 -260 -269 -299 0 0 0 0 -235 0 -1 0 0 0 32002 32002 0 0 0 0 0 983
WIT 6 -236 -235 -257 -262 -241 1049 1 0 0 -224 0 -1 0 0 0 32002 32002 0 0 0 0 0 49415
WIT 8 235 236 236 229 229 3365 0 0 1 236 0 -1 0 0 0 32002 32002 0 0 0 0 0 3363
WIT 8 235 236 236 229 188 0 0 0 0 236 0 -1 0 0 0 32002 32002 0 0 0 0 0 2396
WIT 6 235 236 329 324 310 0 0 0 0 292 0 -1 0 0 0 32002 32002 0 0 0 0 0 3429
WIT 8 235 236 291 276 275 0 0 0 0 236 0 -1 0 0 0 32002 32002 0 0 0 0 0 53055
WIT 6 235 236 317 312 319 3429 0 0 0 32002 0 -1 0 0 0 32002 32002 0 0 0 0 0 0
WIT 13 -236 -235 -260 -285 -286 0 0 0 0 -236 0 -1 0 0 0 32002 32002 0 0 0 0 0 0
WIT 7 259 260 261 255 237 0 0 0 0 268 0 -1 0 0 0 32002 32002 0 0 0 0 0 1635
WIT 7 259 260 256 250 251 3299 0 0 1 260 0 -1 0 0 0 32002 32002 0 0 0 0 0 1635
WIT 8 235 260 236 229 232 2713 1 0 0 260 0 -1 0 0 0 32002 32002 0 0 0 0 0 2396
WIT 11 259 260 238 228 227 0 0 0 0 259 0 -1 0 0 0 32002 32002 0 0 0 0 0 0
WIT 9 -236 -235 -259 -267 -267 1049 1 0 0 -239 0 -1 0 0 0 32002 32002 0 0 0 0 0 666
WIT 7 -236 -235 -225 -231 -264 0 0 0 0 -228 0 -1 0 0 0 32002 32002 0 0 0 0 0 49415
WIT 9 -236 -235 -219 -227 -190 1049 1 0 0 32002 0 -1 0 0 0 32002 32002 0 0 0 0 0 0
WIT 8 235 260 236 229 228 0 0 0 0 235 0 -1 0 0 0 32002 32002 0 0 0 0 0 0
WIT 11 -236 -235 -36 -46 444 1307 1 0 0 32002 0 -1 0 0 0 32002 32002 0 0 0 0 0 0
WIT 11 -236 -235 -260 -281 -282 0 0 0 0 -235 0 -1 0 0 0 32002 32002 0 0 0 0 0 1828
WIT 11 -236 -235 -260 -281 -231 983 0 0 0 32002 0 -1 0 0 0 32002 32002 0 0 0 0 0 0
WIT 6 -236 -235 -235 -240 -207 0 0 0 0 32002 0 -1 0 0 0 32002 32002 0 0 0 0 0 0
WIT 14 -236 -235 -260 -273 -252 75 0 0 1 -235 0 -1 0 0 0 32002 32002 0 0 0 0 0 528
WIT 13 -236 -235 -279 -291 -207 528 0 0 0 32002 0 -1 0 0 0 32002 32002 0 0 0 0 0 0
WIT 11 -236 -235 -230 -240 -212 528 0 0 0 32002 0 -1 0 0 0 32002 32002 0 0 0 0 0 0
WIT 10 -236 -235 -171 -180 -173 75 0 0 0 32002 0 -1 0 0 0 32002 32002 0 0 0 0 0 0
WIT 10 -236 -235 -253 -262 -260 528 0 0 1 -231 0 -1 0 0 0 32002 32002 0 0 0 0 0 75
WIT 8 -236 -235 -254 -261 -254 75 0 0 1 -224 0 -1 0 0 0 32002 32002 0 0 0 0 0 528
WIT 13 -236 -235 -260 -285 -337 0 0 0 0 -235 0 -1 0 0 0 32002 32002 0 0 0 0 0 1828
WIT 11 -236 -235 -191 -201 -201 75 0 0 0 32002 0 -1 0 0 0 32002 32002 0 0 0 0 0 0
WIT 11 -236 -235 -278 -288 -199 528 0 0 0 32002 0 -1 0 0 0 32002 32002 0 0 0 0 0 0
WIT 6 -236 -235 -183 -188 -202 0 0 0 0 -235 0 -1 0 0 0 32002 32002 0 0 0 0 0 1828
WIT 10 -236 -235 -242 -261 -242 983 0 0 1 -235 0 -1 0 0 0 32002 32002 0 0 0 0 0 528
WIT 11 -236 -235 -257 -278 -277 983 0 0 1 -230 0 -1 0 0 0 32002 32002 0 0 0 0 0 528
WIT 10 -236 -235 -251 -260 -98 528 0 0 0 32002 0 -1 0 0 0 32002 32002 0 0 0 0 0 0
WIT 11 -236 -235 -279 -289 -209 528 0 0 0 32002 0 -1 0 0 0 32002 32002 0 0 0 0 0 0
WIT 10 -236 -235 -241 -260 -259 75 0 0 1 -235 0 -1 0 0 0 32002 32002 0 0 0 0 0 528
WIT 11 -236 -235 -249 -270 -263 49415 0 0 1 -235 0 -1 0 0 0 32002 32002 0 0 0 0 0 528
WIT 11 -236 -235 -279 -300 -277 983 0 0 1 -235 0 -1 0 0 0 32002 32002 0 0 0 0 0 528
WIT 6 234 235 383 378 377 0 0 0 0 238 0 -1 0 0 0 32002 32002 0 0 0 0 0 2915
WIT 8 234 235 309 302 269 0 0 0 0 237 0 -1 0 0 0 32002 32002 0 0 0 0 0 2740
WIT 7 -235 -201 -231 -237 -259 0 0 0 0 -238 0 -1 0 0 0 32002 32002 0 0 0 0 0 0
WIT 8 234 235 280 273 257 0 0 0 0 280 0 -1 0 0 0 32002 32002 0 0 0 0 0 3752
WIT 8 234 235 239 224 230 3826 0 0 1 240 0 -1 0 0 0 32002 32002 0 0 0 0 0 1616
WIT 6 -235 -234 -210 -215 -353 0 0 0 0 -234 0 -1 0 0 0 32002 32002 0 0 0 0 0 1828
WIT 8 234 235 244 229 225 0 0 0 0 234 0 -1 0 0 0 32002 32002 0 0 0 0 0 0
WIT 7 234 235 236 223 225 3642 0 0 1 237 0 -1 0 0 0 32002 32002 0 0 0 0 0 3104
WIT 9 234 235 279 262 261 0 0 0 0 234 0 -1 0 0 0 32002 32002 0 0 0 0 0 3761
WIT 6 234 235 255 250 190 0 0 0 0 249 0 -1 0 0 0 32002 32002 0 0 0 0 0 2713
WIT 9 234 235 380 372 291 0 0 0 0 235 0 -1 0 0 0 32002 32002 0 0 0 0 0 2915
WIT 7 234 235 338 332 303 0 0 0 0 293 0 -1 0 0 0 32002 32002 0 0 0 0 0 2915
WIT 8 234 235 321 314 313 0 0 0 0 236 0 -1 0 0 0 32002 32002 0 0 0 0 0 3761
WIT 8 -235 -201 -235 -242 -252 0 0 0 0 -235 0 -1 0 0 0 32002 32002 0 0 0 0 0 0
WIT 7 234 235 240 234 166 0 0 0 0 258 0 -1 0 0 0 32002 32002 0 0 0 0 0 3811
WIT 8 -235 -234 -204 -211 -408 0 0 0 0 -234 0 -1 0 0 0 32002 32002 0 0 0 0 0 82
WIT 10 234 235 235 216 214 0 0 0 0 234 0 -1 0 0 0 32002 32002 0 0 0 0 0 0
WIT 6 -235 -234 -268 -273 -376 0 0 0 0 -234 0 -1 0 0 0 32002 32002 0 0 0 0 0 49415
WIT 9 -202 -201 -234 -242 -271 0 0 0 0 -166 0 -1 0 0 0 32002 32002 0 0 0 0 0 1828
WIT 9 -202 -201 -227 -235 -257 0 0 0 0 -201 0 -1 0 0 0 32002 32002 0 0 0 0 0 1828
WIT 6 201 202 238 233 132 0 0 0 0 245 0 -1 0 0 0 32002 32002 0 0 0 0 0 2740
WIT 8 -202 -201 -234 -249 -417 0 0 0 0 -202 0 -1 0 0 0 32002 32002 0 0 0 0 0 0
WIT 7 -235 -234 -220 -226 -240 0 0 0 0 -206 0 -1 0 0 0 32002 32002 0 0 0 0 0 75
WIT 6 234 235 235 230 202 0 0 0 0 228 0 -1 0 0 0 32002 32002 0 0 0 0 0 0
WIT 8 234 235 235 228 227 0 0 0 0 230 0 -1 0 0 0 32002 32002 0 0 0 0 0 0
WIT 8 -202 -201 -228 -235 -287 0 0 0 0 -201 0 -1 0 0 0 32002 32002 0 0 0 0 0 1282
WIT 7 -202 -201 -234 -247 -267 0 0 0 0 -202 0 -1 0 0 0 32002 32002 0 0 0 0 0 0
WIT 6 234 235 210 205 189 0 0 0 0 310 0 -1 0 0 0 32002 32002 0 0 0 0 0 2915
WIT 7 234 235 254 248 269 2740 0 0 0 32002 0 -1 0 0 0 32002 32002 0 0 0 0 0 0
WIT 7 -235 -201 -234 -240 -238 196 0 0 1 -236 1 1 13599 1 1 -235 -238 0 0 0 0 163 0
WIT 9 234 235 333 325 284 0 0 0 0 299 0 -1 0 0 0 32002 32002 0 0 0 0 0 2915
WIT 6 234 235 359 354 216 0 0 0 0 327 0 -1 0 0 0 32002 32002 0 0 0 0 0 2713
WIT 6 234 235 460 455 404 0 0 0 0 386 0 -1 0 0 0 32002 32002 0 0 0 0 0 2915
WIT 7 -235 -201 -234 -240 -266 0 0 0 0 -235 0 -1 0 0 0 32002 32002 0 0 0 0 0 0
WIT 12 234 235 235 212 241 1618 1 0 0 32002 0 -1 0 0 0 32002 32002 0 0 0 0 0 0
WIT 7 -235 -234 -124 -130 -289 0 0 0 0 -125 0 -1 0 0 0 32002 32002 0 0 0 0 0 1187
WIT 10 234 235 237 228 205 0 0 0 0 234 0 -1 0 0 0 32002 32002 0 0 0 0 0 2740
WIT 10 234 235 236 227 226 0 0 0 0 236 0 -1 0 0 0 32002 32002 0 0 0 0 0 1618
WIT 11 234 235 312 302 301 0 0 0 0 235 0 -1 0 0 0 32002 32002 0 0 0 0 0 3177
WIT 7 234 235 308 302 342 2919 0 0 0 32002 0 -1 0 0 0 32002 32002 0 0 0 0 0 0
WIT 10 -235 -201 -235 -244 -236 528 0 0 1 -235 1 1 21412 1 1 -235 -235 0 0 0 0 1737 0
WIT 11 234 235 251 241 219 0 0 0 0 235 0 -1 0 0 0 32002 32002 0 0 0 0 0 2713
WIT 7 234 235 249 243 218 0 0 0 0 234 0 -1 0 0 0 32002 32002 0 0 0 0 0 0
WIT 6 -235 -234 -166 -171 -281 0 0 0 0 -174 0 -1 0 0 0 32002 32002 0 0 0 0 0 82
WIT 10 234 235 235 216 209 0 0 0 0 234 0 -1 0 0 0 32002 32002 0 0 0 0 0 0
WIT 9 234 235 235 218 201 0 0 0 0 234 0 -1 0 0 0 32002 32002 0 0 0 0 0 0
WIT 8 -235 -234 -227 -234 -231 1828 0 0 0 32002 0 -1 0 0 0 32002 32002 0 0 0 0 0 0
WIT 7 -235 -234 -255 -268 -329 0 0 0 0 -234 0 -1 0 0 0 32002 32002 0 0 0 0 0 1286
WIT 7 -235 -201 -234 -240 -251 0 0 0 0 -234 0 -1 0 0 0 32002 32002 0 0 0 0 0 49415
WIT 6 -235 -234 -234 -239 -206 0 0 0 0 32002 0 -1 0 0 0 32002 32002 0 0 0 0 0 0
WIT 6 -235 -234 -211 -216 -355 0 0 0 0 -234 0 -1 0 0 0 32002 32002 0 0 0 0 0 1828
WIT 6 233 234 246 241 297 0 0 0 0 32002 0 -1 0 0 0 32002 32002 0 0 0 0 0 0
WIT 8 -235 -201 -234 -241 -246 0 0 0 0 -234 0 -1 0 0 0 32002 32002 0 0 0 0 0 983
WIT 7 233 234 341 328 328 53055 0 0 0 32002 0 -1 0 0 0 32002 32002 0 0 0 0 0 0
WIT 6 233 234 305 300 344 53055 0 0 0 32002 0 -1 0 0 0 32002 32002 0 0 0 0 0 0
WIT 6 233 234 340 335 368 53055 0 0 0 32002 0 -1 0 0 0 32002 32002 0 0 0 0 0 0
WIT 7 233 234 305 292 309 53055 0 0 0 32002 0 -1 0 0 0 32002 32002 0 0 0 0 0 0
WIT 6 233 234 350 345 363 53055 0 0 0 32002 0 -1 0 0 0 32002 32002 0 0 0 0 0 0
WIT 10 -235 -201 -235 -244 -293 0 0 0 0 -235 0 -1 0 0 0 32002 32002 0 0 0 0 0 528
WIT 9 -235 -234 -235 -252 -260 0 0 0 0 -236 0 -1 0 0 0 32002 32002 0 0 0 0 0 0
WIT 6 234 235 268 263 303 3429 0 0 0 32002 0 -1 0 0 0 32002 32002 0 0 0 0 0 0
WIT 8 -202 -201 -227 -234 -175 666 0 0 0 32002 0 -1 0 0 0 32002 32002 0 0 0 0 0 0
WIT 8 -202 -201 -197 -204 -22 666 0 0 0 32002 0 -1 0 0 0 32002 32002 0 0 0 0 0 0
WIT 8 -202 -201 -218 -225 -207 0 0 0 0 -185 0 -1 0 0 0 32002 32002 0 0 0 0 0 1049
WIT 7 -281 -201 -259 -265 -462 0 0 0 0 -201 0 -1 0 0 0 32002 32002 0 0 0 0 0 1282
WIT 10 -202 -201 -235 -244 -244 1049 1 0 0 -200 0 -1 0 0 0 32002 32002 0 0 0 0 0 666
WIT 8 -202 -201 -196 -203 -199 1293 0 0 0 32002 0 -1 0 0 0 32002 32002 0 0 0 0 0 0
WIT 8 -202 -201 -235 -242 -242 1293 0 0 1 -201 0 -1 0 0 0 32002 32002 0 0 0 0 0 666
WIT 12 -202 -201 -235 -246 -248 0 0 0 0 -192 0 -1 0 0 0 32002 32002 0 0 0 0 0 1828
WIT 8 -202 -201 -189 -196 -181 2 0 0 0 32002 0 -1 0 0 0 32002 32002 0 0 0 0 0 0
WIT 8 -202 -201 -235 -242 -245 0 0 0 0 -180 0 -1 0 0 0 32002 32002 0 0 0 0 0 1828
WIT 12 -202 -201 -235 -258 -363 0 0 0 0 -201 0 -1 0 0 0 32002 32002 0 0 0 0 0 82
WIT 12 -202 -201 -175 -186 -261 0 0 0 0 -201 0 -1 0 0 0 32002 32002 0 0 0 0 0 1244
WIT 13 -202 -201 -216 -228 -239 0 0 0 0 -201 0 -1 0 0 0 32002 32002 0 0 0 0 0 1049
WIT 12 -202 -201 -235 -246 -201 1828 0 0 0 32002 0 -1 0 0 0 32002 32002 0 0 0 0 0 0
WIT 10 -202 -201 -208 -217 -165 0 0 0 0 32002 0 -1 0 0 0 32002 32002 0 0 0 0 0 0
WIT 6 -202 -201 -228 -233 -231 1049 1 0 0 -205 0 -1 0 0 0 32002 32002 0 0 0 0 0 1049
WIT 11 -202 -201 -235 -256 -257 0 0 0 0 -201 0 -1 0 0 0 32002 32002 0 0 0 0 0 658
WIT 7 -202 -201 -231 -237 -237 1049 1 0 0 -201 0 -1 0 0 0 32002 32002 0 0 0 0 0 1828
WIT 8 -202 -201 -231 -238 -239 0 0 0 0 -201 0 -1 0 0 0 32002 32002 0 0 0 0 0 658
WIT 9 -202 -201 -190 -198 -156 0 0 0 0 32002 0 -1 0 0 0 32002 32002 0 0 0 0 0 0
WIT 9 -202 -201 -228 -236 -179 0 0 0 0 32002 0 -1 0 0 0 32002 32002 0 0 0 0 0 0
WIT 7 -202 -201 -235 -241 -205 0 0 0 0 -201 0 -1 0 0 0 32002 32002 0 0 0 0 0 80
WIT 10 -202 -201 -235 -244 -248 0 0 0 0 -201 0 -1 0 0 0 32002 32002 0 0 0 0 0 1828
WIT 9 -202 -201 -235 -243 -241 1049 1 0 0 -201 0 -1 0 0 0 32002 32002 0 0 0 0 0 658
WIT 9 -202 -201 -235 -243 -243 658 0 0 1 -201 0 -1 0 0 0 32002 32002 0 0 0 0 0 49415
WIT 9 -202 -201 -219 -227 -190 1049 1 0 0 32002 0 -1 0 0 0 32002 32002 0 0 0 0 0 0
WIT 8 201 281 236 229 228 0 0 0 0 201 0 -1 0 0 0 32002 32002 0 0 0 0 0 0
WIT 7 -202 -201 -230 -236 -218 0 0 0 0 -80 0 -1 0 0 0 32002 32002 0 0 0 0 0 1049
WIT 9 -202 -201 -234 -251 -264 0 0 0 0 -211 0 -1 0 0 0 32002 32002 0 0 0 0 0 0
WIT 7 201 202 234 221 204 0 0 0 0 205 0 -1 0 0 0 32002 32002 0 0 0 0 0 53055
WIT 11 -202 -201 -234 -255 -247 983 0 0 1 -204 1 1 12493 1 1 -202 -235 0 0 0 0 1 0
WIT 7 201 281 217 211 196 0 0 0 0 228 0 -1 0 0 0 32002 32002 0 0 0 0 0 1616
WIT 7 -202 -201 -159 -165 -165 1828 0 0 0 32002 0 -1 0 0 0 32002 32002 0 0 0 0 0 0
WIT 9 -202 -201 -157 -165 -90 1244 1 0 0 32002 0 -1 0 0 0 32002 32002 0 0 0 0 0 0
WIT 10 -202 -201 -209 -228 -241 0 0 0 0 -201 0 -1 0 0 0 32002 32002 0 0 0 0 0 75
WIT 6 -202 -201 -234 -239 -247 0 0 0 0 -185 0 -1 0 0 0 32002 32002 0 0 0 0 0 75
WIT 9 -202 -201 -221 -229 -252 0 0 0 0 -188 0 -1 0 0 0 32002 32002 0 0 0 0 0 274
WIT 9 -202 -201 -234 -242 -294 0 0 0 0 -201 0 -1 0 0 0 32002 32002 0 0 0 0 0 2349
WIT 9 -202 -201 -185 -202 -227 0 0 0 0 -222 0 -1 0 0 0 32002 32002 0 0 0 0 0 8
WIT 8 -202 -201 -234 -249 -260 0 0 0 0 -217 0 -1 0 0 0 32002 32002 0 0 0 0 0 0
WIT 7 -202 -201 -197 -210 -239 0 0 0 0 -215 0 -1 0 0 0 32002 32002 0 0 0 0 0 0
WIT 9 -202 -201 -187 -204 -220 0 0 0 0 -201 0 -1 0 0 0 32002 32002 0 0 0 0 0 75
WIT 8 -202 -201 -189 -204 -417 0 0 0 0 -201 0 -1 0 0 0 32002 32002 0 0 0 0 0 1828
WIT 6 -202 -201 -115 -120 -312 0 0 0 0 -201 0 -1 0 0 0 32002 32002 0 0 0 0 0 1827
WIT 8 -202 -201 -190 -205 -254 0 0 0 0 -201 0 -1 0 0 0 32002 32002 0 0 0 0 0 1699
WIT 7 -202 -201 -181 -194 -305 0 0 0 0 -170 0 -1 0 0 0 32002 32002 0 0 0 0 0 82
WIT 6 -202 -201 -162 -167 -757 0 0 0 0 -118 0 -1 0 0 0 32002 32002 0 0 0 0 0 1244
WIT 6 -202 -201 -224 -229 -268 0 0 0 0 -227 0 -1 0 0 0 32002 32002 0 0 0 0 0 0
WIT 8 -202 -201 -108 -115 616 1307 1 0 0 32002 0 -1 0 0 0 32002 32002 0 0 0 0 0 0
WIT 7 -202 -201 -53 -59 -98 0 0 0 0 -103 0 -1 0 0 0 32002 32002 0 0 0 0 0 1049
WIT 8 -202 -201 -95 -102 -124 0 0 0 0 -158 0 -1 0 0 0 32002 32002 0 0 0 0 0 1049
WIT 8 -202 -201 -238 -245 -275 0 0 0 0 -201 0 -1 0 0 0 32002 32002 0 0 0 0 0 1828
WIT 7 201 281 214 208 200 0 0 0 0 201 0 -1 0 0 0 32002 32002 0 0 0 0 0 0
WIT 8 -202 -201 -235 -242 -211 196 0 0 1 -155 0 -1 0 0 0 32002 32002 0 0 0 0 0 666
WIT 7 -202 -201 -231 -237 -234 203 0 0 1 -198 0 -1 0 0 0 32002 32002 0 0 0 0 0 666
WIT 8 -202 -201 -214 -221 -221 196 0 0 1 -205 1 1 26991 1 1 -202 -208 0 0 0 0 17 0
WIT 8 280 281 208 193 193 3761 0 0 1 256 1 1 42622 1 1 280 250 0 0 0 0 6 0
WIT 7 201 281 212 206 179 0 0 0 0 201 0 -1 0 0 0 32002 32002 0 0 0 0 0 0
WIT 6 -202 -201 -152 -157 -142 0 0 0 0 32002 0 -1 0 0 0 32002 32002 0 0 0 0 0 0
WIT 11 -202 -201 -201 -222 -223 0 0 0 0 -201 0 -1 0 0 0 32002 32002 0 0 0 0 0 75
WIT 10 -202 -201 -201 -220 -263 0 0 0 0 -201 0 -1 0 0 0 32002 32002 0 0 0 0 0 1828
WIT 8 -202 -201 -201 -216 -451 0 0 0 0 -201 0 -1 0 0 0 32002 32002 0 0 0 0 0 1827
WIT 10 -202 -201 -201 -220 -268 0 0 0 0 -201 0 -1 0 0 0 32002 32002 0 0 0 0 0 1699
WIT 8 -202 -201 -183 -190 -225 0 0 0 0 -183 0 -1 0 0 0 32002 32002 0 0 0 0 0 926
WIT 8 -202 -201 -164 -171 -198 0 0 0 0 -201 0 -1 0 0 0 32002 32002 0 0 0 0 0 1828
WIT 9 -202 -201 -201 -218 -239 0 0 0 0 -201 0 -1 0 0 0 32002 32002 0 0 0 0 0 666
WIT 8 -202 -201 -192 -199 -214 0 0 0 0 -203 0 -1 0 0 0 32002 32002 0 0 0 0 0 0
WIT 6 -202 -201 -192 -197 -220 0 0 0 0 -207 0 -1 0 0 0 32002 32002 0 0 0 0 0 0
WIT 8 -202 -201 -201 -216 -229 0 0 0 0 -202 0 -1 0 0 0 32002 32002 0 0 0 0 0 0
WIT 7 -220 -219 -188 -194 -192 1355 1 0 0 32002 0 -1 0 0 0 32002 32002 0 0 0 0 0 0
WIT 8 -220 -219 -234 -241 -286 0 0 0 0 -219 0 -1 0 0 0 32002 32002 0 0 0 0 0 49415
WIT 7 -220 -219 -234 -247 -392 0 0 0 0 -219 0 -1 0 0 0 32002 32002 0 0 0 0 0 1828
WIT 6 -220 -219 -234 -239 -208 0 0 0 0 32002 0 -1 0 0 0 32002 32002 0 0 0 0 0 0
WIT 7 -220 -219 -231 -244 -232 926 0 0 1 -219 0 -1 0 0 0 32002 32002 0 0 0 0 0 49415
WIT 7 201 281 211 205 193 0 0 0 0 201 0 -1 0 0 0 32002 32002 0 0 0 0 0 3104
WIT 7 218 219 205 192 202 1618 1 0 0 245 0 -1 0 0 0 32002 32002 0 0 0 0 0 2910
WIT 7 218 219 288 275 266 0 0 0 0 254 0 -1 0 0 0 32002 32002 0 0 0 0 0 2915
WIT 7 218 219 246 240 306 0 0 0 0 32002 0 -1 0 0 0 32002 32002 0 0 0 0 0 0
WIT 7 201 281 204 198 197 0 0 0 0 219 0 -1 0 0 0 32002 32002 0 0 0 0 0 53055
WIT 7 218 219 226 213 222 53055 0 0 0 32002 0 -1 0 0 0 32002 32002 0 0 0 0 0 0
WIT 8 -220 -219 -231 -238 -210 528 0 0 0 32002 0 -1 0 0 0 32002 32002 0 0 0 0 0 0
WIT 9 -220 -219 -232 -240 -203 528 0 0 0 32002 0 -1 0 0 0 32002 32002 0 0 0 0 0 0
WIT 7 -220 -219 -235 -248 -251 0 0 0 0 -210 0 -1 0 0 0 32002 32002 0 0 0 0 0 1828
WIT 6 -220 -219 -278 -283 -215 528 0 0 0 32002 0 -1 0 0 0 32002 32002 0 0 0 0 0 0
WIT 7 -220 -219 -230 -243 -225 983 0 0 1 -218 0 -1 0 0 0 32002 32002 0 0 0 0 0 528
WIT 6 -220 -219 -279 -284 -214 0 0 0 0 32002 0 -1 0 0 0 32002 32002 0 0 0 0 0 0
WIT 8 -220 -219 -279 -286 -217 528 0 0 0 32002 0 -1 0 0 0 32002 32002 0 0 0 0 0 0
WIT 9 -220 -219 -235 -243 -235 75 0 0 1 -201 0 -1 0 0 0 32002 32002 0 0 0 0 0 528
WIT 7 -220 -219 -235 -248 -338 0 0 0 0 -218 0 -1 0 0 0 32002 32002 0 0 0 0 0 1828
WIT 6 -220 -219 -175 -180 -85 528 0 0 0 32002 0 -1 0 0 0 32002 32002 0 0 0 0 0 0
WIT 6 -220 -219 -228 -233 -179 0 0 0 0 32002 0 -1 0 0 0 32002 32002 0 0 0 0 0 0
WIT 6 -220 -219 -251 -256 -124 528 0 0 0 32002 0 -1 0 0 0 32002 32002 0 0 0 0 0 0
WIT 7 248 249 214 208 158 0 0 0 0 232 0 -1 0 0 0 32002 32002 0 0 0 0 0 0
WIT 7 248 249 202 196 193 0 0 0 0 233 0 -1 0 0 0 32002 32002 0 0 0 0 0 0
WIT 7 -230 -229 -186 -199 -220 0 0 0 0 -166 0 -1 0 0 0 32002 32002 0 0 0 0 0 82
WIT 8 -230 -229 -249 -256 -247 196 0 0 1 -229 0 -1 0 0 0 32002 32002 0 0 0 0 0 391
WIT 9 -230 -229 -214 -222 -222 666 0 0 0 32002 0 -1 0 0 0 32002 32002 0 0 0 0 0 0
WIT 8 -230 -229 -220 -227 -331 0 0 0 0 -222 0 -1 0 0 0 32002 32002 0 0 0 0 0 1828
WIT 7 -230 -229 -290 -296 -219 0 0 0 0 32002 0 -1 0 0 0 32002 32002 0 0 0 0 0 0
WIT 7 -230 -229 -155 -161 -510 0 0 0 0 -34 0 -1 0 0 0 32002 32002 0 0 0 0 0 1244
WIT 6 -230 -229 -229 -234 -219 666 0 0 0 32002 0 -1 0 0 0 32002 32002 0 0 0 0 0 0
WIT 6 -230 -229 -244 -249 49 666 0 0 0 32002 0 -1 0 0 0 32002 32002 0 0 0 0 0 0
WIT 6 -230 -229 -246 -251 -251 391 0 0 1 -229 0 -1 0 0 0 32002 32002 0 0 0 0 0 196
WIT 6 -230 -229 -183 -188 -221 0 0 0 0 -177 0 -1 0 0 0 32002 32002 0 0 0 0 0 926
WIT 11 -230 -229 -201 -222 -212 75 0 0 0 32002 0 -1 0 0 0 32002 32002 0 0 0 0 0 0
WIT 15 -230 -229 -146 -160 -186 0 0 0 0 -221 0 -1 0 0 0 32002 32002 0 0 0 0 0 1256
WIT 10 -230 -229 -196 -205 -221 0 0 0 0 -229 0 -1 0 0 0 32002 32002 0 0 0 0 0 1893
WIT 10 -230 -229 -201 -210 -329 0 0 0 0 -229 0 -1 0 0 0 32002 32002 0 0 0 0 0 1244
WIT 9 -230 -229 -138 -146 -102 1837 0 0 0 32002 0 -1 0 0 0 32002 32002 0 0 0 0 0 0
WIT 14 -230 -229 -201 -228 -236 0 0 0 0 -229 0 -1 0 0 0 32002 32002 0 0 0 0 0 75
WIT 6 -53 -52 75 70 -110 0 0 0 0 84 0 -1 0 0 0 32002 32002 0 0 0 0 0 2934
WIT 13 -230 -229 -201 -226 -247 0 0 0 0 -229 0 -1 0 0 0 32002 32002 0 0 0 0 0 1828
WIT 11 -230 -229 -201 -222 -414 0 0 0 0 -213 0 -1 0 0 0 32002 32002 0 0 0 0 0 1827
WIT 13 -230 -229 -201 -226 -278 0 0 0 0 -229 0 -1 0 0 0 32002 32002 0 0 0 0 0 1699
WIT 11 -230 -229 -196 -217 -229 0 0 0 0 -229 0 -1 0 0 0 32002 32002 0 0 0 0 0 16
WIT 12 -230 -229 -1 -12 -444 0 0 0 0 -171 0 -1 0 0 0 32002 32002 0 0 0 0 0 1171
WIT 8 -230 -229 -165 -172 86 2934 1 0 0 32002 0 -1 0 0 0 32002 32002 0 0 0 0 0 0
WIT 11 -230 -229 -189 -199 -227 0 0 0 0 -196 0 -1 0 0 0 32002 32002 0 0 0 0 0 274
WIT 9 -230 -229 -201 -209 -76 16 1 0 0 32002 0 -1 0 0 0 32002 32002 0 0 0 0 0 0
WIT 11 -230 -229 -201 -222 -291 0 0 0 0 -198 0 -1 0 0 0 32002 32002 0 0 0 0 0 2349
WIT 11 -230 -229 -201 -211 -286 0 0 0 0 -223 0 -1 0 0 0 32002 32002 0 0 0 0 0 2349
WIT 11 -230 -229 -201 -222 -223 0 0 0 0 -223 0 -1 0 0 0 32002 32002 0 0 0 0 0 8
WIT 10 -230 -229 -201 -220 -250 0 0 0 0 -229 0 -1 0 0 0 32002 32002 0 0 0 0 0 1828
WIT 7 -230 -229 -140 -146 -167 0 0 0 0 -229 0 -1 0 0 0 32002 32002 0 0 0 0 0 1828
WIT 11 -230 -229 -173 -194 -320 0 0 0 0 -229 0 -1 0 0 0 32002 32002 0 0 0 0 0 82
WIT 10 -230 -229 -128 -147 -735 0 0 0 0 -164 0 -1 0 0 0 32002 32002 0 0 0 0 0 1244
WIT 10 -230 -229 -201 -220 -239 0 0 0 0 -229 0 -1 0 0 0 32002 32002 0 0 0 0 0 666
WIT 8 -230 -229 -197 -212 -248 0 0 0 0 -229 0 -1 0 0 0 32002 32002 0 0 0 0 0 80
WIT 8 -230 -229 -108 -115 616 1307 1 0 0 32002 0 -1 0 0 0 32002 32002 0 0 0 0 0 0
WIT 7 -230 -229 -233 -239 -220 0 0 0 0 32002 0 -1 0 0 0 32002 32002 0 0 0 0 0 0
WIT 6 -230 -229 -170 -175 -132 0 0 0 0 32002 0 -1 0 0 0 32002 32002 0 0 0 0 0 0
WIT 6 -230 -229 -204 -209 -216 0 0 0 0 -149 0 -1 0 0 0 32002 32002 0 0 0 0 0 2349
WIT 7 -230 -229 -229 -235 -231 75 0 0 1 -229 0 -1 0 0 0 32002 32002 0 0 0 0 0 1828
WIT 11 -230 -229 -201 -222 -235 0 0 0 0 -229 0 -1 0 0 0 32002 32002 0 0 0 0 0 49415
WIT 9 -230 -229 -73 -81 -227 0 0 0 0 -170 0 -1 0 0 0 32002 32002 0 0 0 0 0 1244
WIT 7 -230 -229 -234 -240 -264 0 0 0 0 -239 0 -1 0 0 0 32002 32002 0 0 0 0 0 0
WIT 8 -249 -248 -232 -239 -241 0 0 0 0 -230 0 -1 0 0 0 32002 32002 0 0 0 0 0 211
WIT 9 248 249 230 222 147 0 0 0 0 251 0 -1 0 0 0 32002 32002 0 0 0 0 0 2713
WIT 7 248 249 236 230 214 0 0 0 0 248 0 -1 0 0 0 32002 32002 0 0 0 0 0 0
WIT 6 232 233 322 317 200 0 0 0 0 266 0 -1 0 0 0 32002 32002 0 0 0 0 0 2915
WIT 6 248 249 294 289 150 0 0 0 0 266 0 -1 0 0 0 32002 32002 0 0 0 0 0 3761
WIT 8 229 249 219 212 201 0 0 0 0 229 0 -1 0 0 0 32002 32002 0 0 0 0 0 3169
WIT 6 248 249 237 232 232 3761 0 0 1 244 1 1 22452 1 1 248 234 0 0 0 0 1 0
WIT 8 248 249 237 230 230 3761 0 0 1 249 0 -1 0 0 0 32002 32002 0 0 0 0 0 2740
WIT 7 248 249 236 230 218 0 0 0 0 249 0 -1 0 0 0 32002 32002 0 0 0 0 0 1965
WIT 7 -249 -229 -243 -249 -295 0 0 0 0 -249 0 -1 0 0 0 32002 32002 0 0 0 0 0 0
WIT 7 -249 -229 -243 -249 -327 0 0 0 0 -249 0 -1 0 0 0 32002 32002 0 0 0 0 0 1291
WIT 6 -230 -229 -214 -219 -239 0 0 0 0 -193 0 -1 0 0 0 32002 32002 0 0 0 0 0 983
WIT 10 -230 -229 -248 -267 -388 0 0 0 0 -229 0 -1 0 0 0 32002 32002 0 0 0 0 0 82
WIT 7 -230 -229 -218 -231 -229 983 0 0 0 32002 0 -1 0 0 0 32002 32002 0 0 0 0 0 0
WIT 8 -230 -229 -294 -301 -301 658 0 0 1 -201 0 -1 0 0 0 32002 32002 0 0 0 0 0 983
WIT 6 -230 -229 -197 -202 -202 658 0 0 0 32002 0 -1 0 0 0 32002 32002 0 0 0 0 0 0
WIT 6 -230 -229 -80 -85 -114 0 0 0 0 -172 0 -1 0 0 0 32002 32002 0 0 0 0 0 1049
WIT 9 -230 -229 -201 -218 -218 49415 0 0 0 32002 0 -1 0 0 0 32002 32002 0 0 0 0 0 0
WIT 12 -230 -229 -200 -211 -212 0 0 0 0 -229 0 -1 0 0 0 32002 32002 0 0 0 0 0 666
WIT 6 -230 -229 -190 -195 -282 0 0 0 0 -212 0 -1 0 0 0 32002 32002 0 0 0 0 0 82
WIT 6 230 231 261 256 270 0 0 0 0 32002 0 -1 0 0 0 32002 32002 0 0 0 0 0 0
WIT 12 -230 -229 -187 -198 -163 991 0 0 0 32002 0 -1 0 0 0 32002 32002 0 0 0 0 0 0
WIT 16 -230 -229 -192 -223 -241 0 0 0 0 -229 0 -1 0 0 0 32002 32002 0 0 0 0 0 1828
WIT 13 -230 -229 -201 -213 -183 203 0 0 0 32002 0 -1 0 0 0 32002 32002 0 0 0 0 0 0
WIT 12 -230 -229 -182 -205 -253 0 0 0 0 -229 0 -1 0 0 0 32002 32002 0 0 0 0 0 1828
WIT 13 -230 -229 -121 -133 367 1307 1 0 0 32002 0 -1 0 0 0 32002 32002 0 0 0 0 0 0
WIT 13 -230 -229 -198 -210 158 1307 1 0 0 32002 0 -1 0 0 0 32002 32002 0 0 0 0 0 0
WIT 6 -230 -229 -166 -171 -190 0 0 0 0 -176 0 -1 0 0 0 32002 32002 0 0 0 0 0 1828
WIT 16 -230 -229 -201 -232 -255 0 0 0 0 -229 0 -1 0 0 0 32002 32002 0 0 0 0 0 82
WIT 6 228 229 239 234 231 0 0 0 0 228 0 -1 0 0 0 32002 32002 0 0 0 0 0 0
WIT 14 -230 -229 -201 -228 -228 1828 0 0 0 32002 0 -1 0 0 0 32002 32002 0 0 0 0 0 0
WIT 12 -230 -229 -235 -246 -201 1828 0 0 0 32002 0 -1 0 0 0 32002 32002 0 0 0 0 0 0
WIT 10 -230 -229 -208 -217 -171 0 0 0 0 32002 0 -1 0 0 0 32002 32002 0 0 0 0 0 0
WIT 7 -230 -229 -85 -91 -81 0 0 0 0 32002 0 -1 0 0 0 32002 32002 0 0 0 0 0 0
WIT 8 -230 -229 -109 -116 -141 0 0 0 0 -226 0 -1 0 0 0 32002 32002 0 0 0 0 0 1049
WIT 15 -230 -229 -201 -230 -231 0 0 0 0 -229 0 -1 0 0 0 32002 32002 0 0 0 0 0 658
WIT 6 229 230 230 225 168 0 0 0 0 230 0 -1 0 0 0 32002 32002 0 0 0 0 0 2713
WIT 12 -230 -229 -201 -224 -239 0 0 0 0 -229 0 -1 0 0 0 32002 32002 0 0 0 0 0 1828
WIT 10 -230 -229 -131 -140 -186 0 0 0 0 -204 0 -1 0 0 0 32002 32002 0 0 0 0 0 82
WIT 9 -230 -229 -201 -218 -219 0 0 0 0 -229 0 -1 0 0 0 32002 32002 0 0 0 0 0 658
WIT 8 -230 -229 -201 -208 -188 49415 0 0 0 32002 0 -1 0 0 0 32002 32002 0 0 0 0 0 0
WIT 7 -230 -229 -201 -207 -207 658 0 0 0 32002 0 -1 0 0 0 32002 32002 0 0 0 0 0 0
WIT 7 -230 -229 -228 -234 -184 0 0 0 0 32002 0 -1 0 0 0 32002 32002 0 0 0 0 0 0
WIT 13 229 230 236 211 201 0 0 0 0 229 0 -1 0 0 0 32002 32002 0 0 0 0 0 0
WIT 11 -230 -229 -201 -222 -236 0 0 0 0 -229 0 -1 0 0 0 32002 32002 0 0 0 0 0 528
WIT 9 -230 -229 -219 -236 -231 983 0 0 1 -219 0 -1 0 0 0 32002 32002 0 0 0 0 0 528
WIT 9 -230 -229 -217 -234 -197 983 0 0 0 32002 0 -1 0 0 0 32002 32002 0 0 0 0 0 0
WIT 7 -230 -229 -251 -257 -107 528 0 0 0 32002 0 -1 0 0 0 32002 32002 0 0 0 0 0 0
WIT 8 -230 -229 -278 -285 -207 528 0 0 0 32002 0 -1 0 0 0 32002 32002 0 0 0 0 0 0
WIT 9 -230 -229 -232 -240 -203 528 0 0 0 32002 0 -1 0 0 0 32002 32002 0 0 0 0 0 0
WIT 8 -230 -229 -231 -238 -231 528 0 0 1 -185 0 -1 0 0 0 32002 32002 0 0 0 0 0 666
WIT 8 -230 -229 -211 -226 -241 0 0 0 0 -229 0 -1 0 0 0 32002 32002 0 0 0 0 0 1828
WIT 7 -230 -229 -201 -207 -204 49415 0 0 0 32002 0 -1 0 0 0 32002 32002 0 0 0 0 0 0
WIT 8 -230 -229 -210 -225 -226 0 0 0 0 -229 0 -1 0 0 0 32002 32002 0 0 0 0 0 528
WIT 8 -230 -229 -219 -234 -234 49415 0 0 1 -219 0 -1 0 0 0 32002 32002 0 0 0 0 0 528
WIT 9 -230 -229 -206 -223 -222 983 0 0 0 32002 0 -1 0 0 0 32002 32002 0 0 0 0 0 0
WIT 9 -230 -229 -218 -235 -231 658 0 0 1 -229 0 -1 0 0 0 32002 32002 0 0 0 0 0 528
WIT 8 -230 -229 -279 -286 -217 0 0 0 0 32002 0 -1 0 0 0 32002 32002 0 0 0 0 0 0
WIT 12 -230 -229 -279 -290 -210 528 0 0 0 32002 0 -1 0 0 0 32002 32002 0 0 0 0 0 0
WIT 12 -230 -229 -235 -246 -236 75 0 0 1 -229 0 -1 0 0 0 32002 32002 0 0 0 0 0 528
WIT 8 -230 -229 -231 -238 -191 528 0 0 0 32002 0 -1 0 0 0 32002 32002 0 0 0 0 0 0
WIT 7 -230 -229 -230 -236 -214 528 0 0 0 32002 0 -1 0 0 0 32002 32002 0 0 0 0 0 0
WIT 6 -230 -229 -200 -205 -161 528 0 0 0 32002 0 -1 0 0 0 32002 32002 0 0 0 0 0 0
WIT 6 -230 -229 -202 -207 -168 528 0 0 0 32002 0 -1 0 0 0 32002 32002 0 0 0 0 0 0
WIT 6 -230 -229 -162 -167 -99 528 0 0 0 32002 0 -1 0 0 0 32002 32002 0 0 0 0 0 0
WIT 6 -230 -229 -235 -240 -228 49415 0 0 0 32002 0 -1 0 0 0 32002 32002 0 0 0 0 0 0
WIT 6 -230 -229 -230 -235 -170 528 0 0 0 32002 0 -1 0 0 0 32002 32002 0 0 0 0 0 0
WIT 11 -230 -229 -218 -239 -341 0 0 0 0 -229 0 -1 0 0 0 32002 32002 0 0 0 0 0 1828
WIT 8 -220 -219 -89 -96 -168 0 0 0 0 -189 0 -1 0 0 0 32002 32002 0 0 0 0 0 1828
WIT 8 -220 -219 -158 -165 -150 983 0 0 0 32002 0 -1 0 0 0 32002 32002 0 0 0 0 0 0
WIT 9 -220 -219 -193 -201 -211 0 0 0 0 -219 0 -1 0 0 0 32002 32002 0 0 0 0 0 49415
WIT 8 -220 -219 -197 -212 -233 0 0 0 0 -219 0 -1 0 0 0 32002 32002 0 0 0 0 0 983
WIT 7 -220 -219 -127 -133 -135 0 0 0 0 -219 0 -1 0 0 0 32002 32002 0 0 0 0 0 1828
WIT 7 -229 -219 -229 -235 -375 0 0 0 0 -219 0 -1 0 0 0 32002 32002 0 0 0 0 0 82
WIT 8 -229 -219 -229 -236 -249 0 0 0 0 -219 0 -1 0 0 0 32002 32002 0 0 0 0 0 1291
WIT 8 -220 -219 -215 -230 -92 49415 0 0 0 32002 0 -1 0 0 0 32002 32002 0 0 0 0 0 0
WIT 10 -220 -219 -215 -224 -238 0 0 0 0 -219 0 -1 0 0 0 32002 32002 0 0 0 0 0 1828
WIT 7 219 220 221 215 214 0 0 0 0 181 0 -1 0 0 0 32002 32002 0 0 0 0 0 0
WIT 7 -220 -219 -207 -213 -228 0 0 0 0 -220 0 -1 0 0 0 32002 32002 0 0 0 0 0 0
WIT 10 219 220 220 211 198 0 0 0 0 221 0 -1 0 0 0 32002 32002 0 0 0 0 0 1967
WIT 8 219 220 249 242 237 0 0 0 0 231 0 -1 0 0 0 32002 32002 0 0 0 0 0 2788
WIT 6 219 220 265 260 193 0 0 0 0 260 0 -1 0 0 0 32002 32002 0 0 0 0 0 2788
WIT 11 -220 -219 -207 -217 -159 926 0 0 0 32002 0 -1 0 0 0 32002 32002 0 0 0 0 0 0
WIT 11 -220 -219 -219 -240 -200 2 0 0 0 32002 0 -1 0 0 0 32002 32002 0 0 0 0 0 0
WIT 8 -220 -219 -207 -214 -179 2 0 0 0 32002 0 -1 0 0 0 32002 32002 0 0 0 0 0 0
WIT 10 -220 -219 -183 -192 -280 0 0 0 0 -163 0 -1 0 0 0 32002 32002 0 0 0 0 0 1371
WIT 9 -220 -219 -192 -209 -259 0 0 0 0 -219 0 -1 0 0 0 32002 32002 0 0 0 0 0 1828
WIT 8 -220 -219 -143 -150 -133 983 0 0 0 32002 0 -1 0 0 0 32002 32002 0 0 0 0 0 0
WIT 8 -220 -219 -158 -165 -130 983 0 0 0 32002 0 -1 0 0 0 32002 32002 0 0 0 0 0 0
WIT 12 -220 -219 -224 -235 -247 0 0 0 0 -219 0 -1 0 0 0 32002 32002 0 0 0 0 0 1291
WIT 7 219 220 202 196 196 2788 1 0 0 215 0 -1 0 0 0 32002 32002 0 0 0 0 0 2788
WIT 11 -220 -219 -229 -250 -262 0 0 0 0 -220 0 -1 0 0 0 32002 32002 0 0 0 0 0 0
WIT 7 228 229 239 233 216 0 0 0 0 274 0 -1 0 0 0 32002 32002 0 0 0 0 0 2910
WIT 8 228 229 252 245 253 2910 0 0 0 32002 0 -1 0 0 0 32002 32002 0 0 0 0 0 0
WIT 11 228 229 330 309 247 0 0 0 0 229 0 -1 0 0 0 32002 32002 0 0 0 0 0 2713
WIT 12 228 229 348 337 334 0 0 0 0 252 0 -1 0 0 0 32002 32002 0 0 0 0 0 2910
WIT 8 228 229 384 377 302 0 0 0 0 229 0 -1 0 0 0 32002 32002 0 0 0 0 0 2915
WIT 6 228 229 293 288 223 0 0 0 0 235 0 -1 0 0 0 32002 32002 0 0 0 0 0 3104
WIT 7 -229 -228 -219 -225 -226 0 0 0 0 -468 0 -1 0 0 0 32002 32002 0 0 0 0 0 0
WIT 9 228 229 263 246 200 0 0 0 0 228 0 -1 0 0 0 32002 32002 0 0 0 0 0 3104
WIT 10 228 229 250 231 229 0 0 0 0 229 0 -1 0 0 0 32002 32002 0 0 0 0 0 2915
WIT 8 -220 -219 -216 -223 -223 1828 0 0 1 -214 0 -1 0 0 0 32002 32002 0 0 0 0 0 658
WIT 9 -220 -219 -212 -220 -239 0 0 0 0 -219 0 -1 0 0 0 32002 32002 0 0 0 0 0 1049
WIT 8 228 229 265 258 258 3104 0 0 0 32002 0 -1 0 0 0 32002 32002 0 0 0 0 0 0
WIT 8 228 229 330 315 333 2910 0 0 0 32002 0 -1 0 0 0 32002 32002 0 0 0 0 0 0
WIT 8 228 229 320 313 326 3104 0 0 0 32002 0 -1 0 0 0 32002 32002 0 0 0 0 0 0
WIT 6 228 229 517 512 462 0 0 0 0 304 0 -1 0 0 0 32002 32002 0 0 0 0 0 3826
WIT 8 228 229 358 351 350 0 0 0 0 229 0 -1 0 0 0 32002 32002 0 0 0 0 0 2910
WIT 9 -229 -219 -229 -237 -250 0 0 0 0 -229 0 -1 0 0 0 32002 32002 0 0 0 0 0 0
WIT 9 -229 -228 -229 -246 -240 75 0 0 1 -228 0 -1 0 0 0 32002 32002 0 0 0 0 0 666
WIT 10 -229 -228 -201 -220 -218 75 0 0 0 32002 0 -1 0 0 0 32002 32002 0 0 0 0 0 0
WIT 9 -229 -228 -228 -236 -236 75 0 0 1 -228 0 -1 0 0 0 32002 32002 0 0 0 0 0 2347
WIT 11 -229 -228 -229 -250 -275 0 0 0 0 -229 0 -1 0 0 0 32002 32002 0 0 0 0 0 1828
WIT 11 -229 -228 -229 -239 -242 0 0 0 0 -228 0 -1 0 0 0 32002 32002 0 0 0 0 0 2414
WIT 11 -229 -228 -229 -239 -249 0 0 0 0 -234 0 -1 0 0 0 32002 32002 0 0 0 0 0 1253
WIT 14 -229 -228 -229 -242 -243 0 0 0 0 -228 0 -1 0 0 0 32002 32002 0 0 0 0 0 1893
WIT 14 -229 -228 -229 -242 -243 0 0 0 0 -228 0 -1 0 0 0 32002 32002 0 0 0 0 0 35117
WIT 14 -229 -228 -229 -242 -350 0 0 0 0 -228 0 -1 0 0 0 32002 32002 0 0 0 0 0 1244
WIT 14 -229 -228 -229 -242 -243 1893 0 0 0 -228 0 -1 0 0 0 32002 32002 0 0 0 0 0 732
WIT 8 -52 -51 -183 -190 -182 1893 0 0 1 -51 0 -1 0 0 0 32002 32002 0 0 0 0 0 16
WIT 7 -52 -51 85 79 -49 0 0 0 0 -51 0 -1 0 0 0 32002 32002 0 0 0 0 0 1244
WIT 7 -52 -51 41 35 -53 0 0 0 0 -51 0 -1 0 0 0 32002 32002 0 0 0 0 0 1244
WIT 14 -229 -228 -218 -231 -240 0 0 0 0 -229 0 -1 0 0 0 32002 32002 0 0 0 0 0 1375
WIT 13 -229 -228 -229 -254 -255 0 0 0 0 -228 0 -1 0 0 0 32002 32002 0 0 0 0 0 75
WIT 10 -229 -228 -229 -248 -374 0 0 0 0 -228 0 -1 0 0 0 32002 32002 0 0 0 0 0 1828
WIT 10 -229 -228 -204 -213 -126 0 0 0 0 32002 0 -1 0 0 0 32002 32002 0 0 0 0 0 0
WIT 10 -229 -228 -229 -248 -274 0 0 0 0 -228 0 -1 0 0 0 32002 32002 0 0 0 0 0 1699
WIT 8 -229 -228 -177 -184 -181 75 0 0 0 32002 0 -1 0 0 0 32002 32002 0 0 0 0 0 0
WIT 9 -229 -228 -229 -246 -209 926 0 0 0 32002 0 -1 0 0 0 32002 32002 0 0 0 0 0 0
WIT 7 -229 -228 -229 -235 -189 0 0 0 0 32002 0 -1 0 0 0 32002 32002 0 0 0 0 0 0
WIT 8 -229 -228 -229 -244 -284 0 0 0 0 -228 0 -1 0 0 0 32002 32002 0 0 0 0 0 1828
WIT 11 -229 -228 -229 -239 -211 1291 0 0 0 32002 0 -1 0 0 0 32002 32002 0 0 0 0 0 0
WIT 10 -229 -228 -229 -248 -250 0 0 0 0 -228 0 -1 0 0 0 32002 32002 0 0 0 0 0 1828
WIT 10 -229 -228 -229 -248 -339 0 0 0 0 -228 0 -1 0 0 0 32002 32002 0 0 0 0 0 82
WIT 6 -229 -228 -194 -199 -199 75 0 0 0 32002 0 -1 0 0 0 32002 32002 0 0 0 0 0 0
WIT 6 -229 -228 -226 -231 -237 0 0 0 0 -228 0 -1 0 0 0 32002 32002 0 0 0 0 0 1828
WIT 6 -229 -228 12 7 -156 0 0 0 0 -205 0 -1 0 0 0 32002 32002 0 0 0 0 0 1699
WIT 6 -229 -228 -229 -234 -237 0 0 0 0 -228 0 -1 0 0 0 32002 32002 0 0 0 0 0 1828
WIT 6 -229 -228 -229 -234 -234 75 0 0 1 -228 0 -1 0 0 0 32002 32002 0 0 0 0 0 1828
WIT 6 -229 -228 -168 -173 -200 0 0 0 0 -228 0 -1 0 0 0 32002 32002 0 0 0 0 0 1828
WIT 9 -229 -228 -229 -246 -257 0 0 0 0 -228 0 -1 0 0 0 32002 32002 0 0 0 0 0 666
WIT 6 -229 -228 -168 -173 -206 0 0 0 0 -178 0 -1 0 0 0 32002 32002 0 0 0 0 0 1828
WIT 8 -229 -228 -229 -244 -248 0 0 0 0 -228 0 -1 0 0 0 32002 32002 0 0 0 0 0 196
WIT 7 -229 -228 -243 -249 -252 0 0 0 0 -215 0 -1 0 0 0 32002 32002 0 0 0 0 0 1249
WIT 6 -229 -228 -230 -235 -239 0 0 0 0 -196 0 -1 0 0 0 32002 32002 0 0 0 0 0 1249
WIT 6 -229 -228 -235 -240 -241 0 0 0 0 -228 0 -1 0 0 0 32002 32002 0 0 0 0 0 75
WIT 9 -229 -228 -221 -238 -234 196 0 0 1 -228 0 -1 0 0 0 32002 32002 0 0 0 0 0 528
WIT 8 -229 -228 -235 -242 -224 528 0 0 0 32002 0 -1 0 0 0 32002 32002 0 0 0 0 0 0
WIT 7 -229 -228 -235 -248 -327 0 0 0 0 -228 0 -1 0 0 0 32002 32002 0 0 0 0 0 1828
WIT 6 -229 -228 -235 -240 -226 528 0 0 0 32002 0 -1 0 0 0 32002 32002 0 0 0 0 0 0
WIT 6 -229 -228 -235 -240 -166 666 0 0 0 32002 0 -1 0 0 0 32002 32002 0 0 0 0 0 0
WIT 11 -229 -228 -235 -256 -256 75 0 0 1 -226 0 -1 0 0 0 32002 32002 0 0 0 0 0 49415
WIT 10 -229 -228 -235 -254 -255 0 0 0 0 -228 0 -1 0 0 0 32002 32002 0 0 0 0 0 49415
WIT 10 -229 -228 -235 -254 -259 0 0 0 0 -228 0 -1 0 0 0 32002 32002 0 0 0 0 0 1828
WIT 6 -229 -228 -196 -201 54 2131 0 0 0 32002 0 -1 0 0 0 32002 32002 0 0 0 0 0 0
WIT 8 -229 -228 -216 -223 -231 0 0 0 0 -206 0 -1 0 0 0 32002 32002 0 0 0 0 0 1249
WIT 9 -229 -228 -235 -243 -252 0 0 0 0 -229 0 -1 0 0 0 32002 32002 0 0 0 0 0 75
WIT 7 -229 -228 -235 -248 -245 528 0 0 1 -228 0 -1 0 0 0 32002 32002 0 0 0 0 0 49415
WIT 7 -229 -228 -229 -235 -203 528 0 0 0 32002 0 -1 0 0 0 32002 32002 0 0 0 0 0 0
WIT 8 -220 -219 -133 -140 -536 0 0 0 0 -105 0 -1 0 0 0 32002 32002 0 0 0 0 0 1244
WIT 6 -220 -219 -228 -233 -246 0 0 0 0 -193 0 -1 0 0 0 32002 32002 0 0 0 0 0 1828
WIT 8 -220 -219 -228 -235 -311 0 0 0 0 -219 0 -1 0 0 0 32002 32002 0 0 0 0 0 82
WIT 8 -229 -219 -228 -235 -232 75 0 0 1 -219 0 -1 0 0 0 32002 32002 0 0 0 0 0 666
WIT 9 -220 -219 -221 -238 -214 1291 0 0 0 32002 0 -1 0 0 0 32002 32002 0 0 0 0 0 0
WIT 9 -220 -219 -184 -201 -288 0 0 0 0 -194 0 -1 0 0 0 32002 32002 0 0 0 0 0 1828
WIT 7 -220 -219 -222 -228 -229 0 0 0 0 -218 0 -1 0 0 0 32002 32002 0 0 0 0 0 658
WIT 11 -220 -219 -201 -222 -222 75 0 0 1 -201 0 -1 0 0 0 32002 32002 0 0 0 0 0 1828
WIT 7 -220 -219 -229 -235 -236 0 0 0 0 -210 0 -1 0 0 0 32002 32002 0 0 0 0 0 926
WIT 6 -220 -219 -229 -234 -184 0 0 0 0 32002 0 -1 0 0 0 32002 32002 0 0 0 0 0 0
WIT 12 -220 -219 -229 -252 -234 926 0 0 1 -219 0 -1 0 0 0 32002 32002 0 0 0 0 0 16
WIT 13 -220 -219 -175 -187 -329 0 0 0 0 -53 0 -1 0 0 0 32002 32002 0 0 0 0 0 1171
WIT 12 -220 -219 -198 -221 -240 0 0 0 0 -216 0 -1 0 0 0 32002 32002 0 0 0 0 0 274
WIT 6 -220 -219 -168 -173 -220 0 0 0 0 -220 0 -1 0 0 0 32002 32002 0 0 0 0 0 0
WIT 12 -220 -219 -200 -223 -284 0 0 0 0 -216 0 -1 0 0 0 32002 32002 0 0 0 0 0 2349
WIT 8 -220 -219 -229 -236 -193 0 0 0 0 32002 0 -1 0 0 0 32002 32002 0 0 0 0 0 0
WIT 12 -220 -219 -176 -187 -17 523 0 0 0 32002 0 -1 0 0 0 32002 32002 0 0 0 0 0 0
WIT 12 -220 -219 -223 -234 -218 274 0 0 0 32002 0 -1 0 0 0 32002 32002 0 0 0 0 0 0
WIT 10 -220 -219 -139 -148 -116 523 0 0 0 32002 0 -1 0 0 0 32002 32002 0 0 0 0 0 0
WIT 12 -220 -219 -223 -246 -275 0 0 0 0 -218 0 -1 0 0 0 32002 32002 0 0 0 0 0 2349
WIT 6 -220 -219 -217 -222 -206 523 0 0 0 32002 0 -1 0 0 0 32002 32002 0 0 0 0 0 0
WIT 11 -220 -219 -218 -228 -220 528 0 0 1 -206 0 -1 0 0 0 32002 32002 0 0 0 0 0 926
WIT 12 -220 -219 -223 -246 -247 0 0 0 0 -219 0 -1 0 0 0 32002 32002 0 0 0 0 0 8
WIT 11 -220 -219 -228 -249 -250 0 0 0 0 -219 0 -1 0 0 0 32002 32002 0 0 0 0 0 1828
WIT 8 -220 -219 -228 -243 -243 75 0 0 1 -210 0 -1 0 0 0 32002 32002 0 0 0 0 0 1828
WIT 10 -220 -219 -228 -247 -263 0 0 0 0 -219 0 -1 0 0 0 32002 32002 0 0 0 0 0 1828
WIT 8 -220 -219 -229 -236 -213 1291 0 0 0 32002 0 -1 0 0 0 32002 32002 0 0 0 0 0 0
WIT 10 -220 -219 -228 -247 -339 0 0 0 0 -219 0 -1 0 0 0 32002 32002 0 0 0 0 0 82
WIT 10 -220 -219 -51 -60 -56 1763 0 0 0 32002 0 -1 0 0 0 32002 32002 0 0 0 0 0 0
WIT 14 -220 -219 -228 -241 -311 0 0 0 0 -219 0 -1 0 0 0 32002 32002 0 0 0 0 0 1244
WIT 16 -220 -219 -228 -242 -164 1837 0 0 0 32002 0 -1 0 0 0 32002 32002 0 0 0 0 0 0
WIT 14 -220 -219 -228 -255 -275 0 0 0 0 -219 0 -1 0 0 0 32002 32002 0 0 0 0 0 732
WIT 6 -220 -219 -223 -228 -170 267 1 0 0 32002 0 -1 0 0 0 32002 32002 0 0 0 0 0 0
WIT 13 -220 -219 -228 -253 -249 1293 0 0 1 -215 0 -1 0 0 0 32002 32002 0 0 0 0 0 1375
WIT 8 -43 -42 -19 -26 -8 0 0 0 0 32002 0 -1 0 0 0 32002 32002 0 0 0 0 0 0
WIT 7 -43 -42 -36 -42 -108 0 0 0 0 -42 0 -1 0 0 0 32002 32002 0 0 0 0 0 1244
WIT 9 -220 -219 -171 -179 -111 2999 1 0 0 32002 0 -1 0 0 0 32002 32002 0 0 0 0 0 0
WIT 15 -220 -219 -228 -242 -242 16 1 0 0 -195 0 -1 0 0 0 32002 32002 0 0 0 0 0 2414
WIT 12 -220 -219 -228 -239 -209 1375 0 0 0 32002 0 -1 0 0 0 32002 32002 0 0 0 0 0 0
WIT 10 -220 -219 -228 -237 -159 0 0 0 0 32002 0 -1 0 0 0 32002 32002 0 0 0 0 0 0
WIT 14 -220 -219 -228 -241 -252 0 0 0 0 -209 0 -1 0 0 0 32002 32002 0 0 0 0 0 1893
WIT 7 -43 -42 -30 -36 -37 0 0 0 0 -36 0 -1 0 0 0 32002 32002 0 0 0 0 0 1244
WIT 9 -220 -219 -163 -171 -112 0 0 0 0 32002 0 -1 0 0 0 32002 32002 0 0 0 0 0 0
WIT 13 -220 -219 -228 -253 -254 0 0 0 0 -219 0 -1 0 0 0 32002 32002 0 0 0 0 0 35117
WIT 12 -220 -219 -51 -62 -62 1355 1 0 0 32002 0 -1 0 0 0 32002 32002 0 0 0 0 0 0
WIT 9 -220 -219 -51 -59 -38 1244 1 0 0 32002 0 -1 0 0 0 32002 32002 0 0 0 0 0 0
WIT 8 -220 -219 -221 -236 -240 0 0 0 0 -104 0 -1 0 0 0 32002 32002 0 0 0 0 0 1256
WIT 9 -220 -219 -51 -59 -59 1244 1 0 0 32002 0 -1 0 0 0 32002 32002 0 0 0 0 0 0
WIT 12 -220 -219 -228 -251 -255 0 0 0 0 -219 0 -1 0 0 0 32002 32002 0 0 0 0 0 75
WIT 9 -220 -219 -228 -245 -287 0 0 0 0 -219 0 -1 0 0 0 32002 32002 0 0 0 0 0 1828
WIT 9 -220 -219 -228 -245 -269 0 0 0 0 -219 0 -1 0 0 0 32002 32002 0 0 0 0 0 1699
WIT 7 -220 -219 -228 -241 -243 0 0 0 0 -219 0 -1 0 0 0 32002 32002 0 0 0 0 0 1828
WIT 6 -220 -219 -194 -199 -114 75 0 0 0 32002 0 -1 0 0 0 32002 32002 0 0 0 0 0 0
WIT 6 -220 -219 -125 -130 -117 0 0 0 0 32002 0 -1 0 0 0 32002 32002 0 0 0 0 0 0
WIT 6 -220 -219 -192 -197 -197 75 0 0 0 32002 0 -1 0 0 0 32002 32002 0 0 0 0 0 0
WIT 6 -220 -219 -228 -233 -203 75 0 0 0 32002 0 -1 0 0 0 32002 32002 0 0 0 0 0 0
WIT 6 -220 -219 -178 -183 -183 75 0 0 0 32002 0 -1 0 0 0 32002 32002 0 0 0 0 0 0
WIT 6 -220 -219 -177 -182 -180 75 0 0 0 32002 0 -1 0 0 0 32002 32002 0 0 0 0 0 0
WIT 10 -220 -219 -228 -247 -277 0 0 0 0 -219 0 -1 0 0 0 32002 32002 0 0 0 0 0 666
WIT 8 -220 -219 -113 -128 -129 0 0 0 0 -103 0 -1 0 0 0 32002 32002 0 0 0 0 0 1049
WIT 9 -220 -219 -162 -179 -189 0 0 0 0 -156 0 -1 0 0 0 32002 32002 0 0 0 0 0 1049
WIT 9 -220 -219 -108 -116 664 1307 1 0 0 32002 0 -1 0 0 0 32002 32002 0 0 0 0 0 0
WIT 8 -220 -219 -171 -178 -152 0 0 0 0 32002 0 -1 0 0 0 32002 32002 0 0 0 0 0 0
WIT 9 -220 -219 -201 -218 -241 0 0 0 0 -171 0 -1 0 0 0 32002 32002 0 0 0 0 0 1828
WIT 8 -229 -219 -228 -235 -239 0 0 0 0 -219 0 -1 0 0 0 32002 32002 0 0 0 0 0 196
WIT 10 -220 -219 -233 -242 -208 0 0 0 0 32002 0 -1 0 0 0 32002 32002 0 0 0 0 0 0
WIT 9 -220 -219 -220 -237 -249 0 0 0 0 -219 0 -1 0 0 0 32002 32002 0 0 0 0 0 1828
WIT 8 -220 -219 -228 -235 -231 75 0 0 1 -219 0 -1 0 0 0 32002 32002 0 0 0 0 0 1828
WIT 6 -220 -219 -211 -216 -234 0 0 0 0 -219 0 -1 0 0 0 32002 32002 0 0 0 0 0 1828
WIT 8 -220 -219 -117 -124 -560 0 0 0 0 -67 0 -1 0 0 0 32002 32002 0 0 0 0 0 1244
WIT 7 -220 -219 -193 -199 -200 0 0 0 0 -219 0 -1 0 0 0 32002 32002 0 0 0 0 0 1828
WIT 8 -220 -219 -154 -161 -182 0 0 0 0 -165 0 -1 0 0 0 32002 32002 0 0 0 0 0 1828
WIT 8 -220 -219 -173 -188 -206 0 0 0 0 -219 0 -1 0 0 0 32002 32002 0 0 0 0 0 82
WIT 9 -220 -219 -198 -206 -199 196 0 0 0 32002 0 -1 0 0 0 32002 32002 0 0 0 0 0 0
WIT 8 -220 -219 -160 -167 -167 324 0 0 0 32002 0 -1 0 0 0 32002 32002 0 0 0 0 0 0
WIT 9 -220 -219 -201 -218 -259 0 0 0 0 -219 0 -1 0 0 0 32002 32002 0 0 0 0 0 1828
WIT 8 -220 -219 -196 -203 -145 926 0 0 0 32002 0 -1 0 0 0 32002 32002 0 0 0 0 0 0
WIT 8 -229 -219 -228 -235 -236 0 0 0 0 -219 0 -1 0 0 0 32002 32002 0 0 0 0 0 528
WIT 9 -220 -219 -208 -216 -226 0 0 0 0 -206 0 -1 0 0 0 32002 32002 0 0 0 0 0 1249
WIT 9 -220 -219 -200 -208 -208 196 0 0 0 32002 0 -1 0 0 0 32002 32002 0 0 0 0 0 0
WIT 7 -220 -219 -225 -231 -171 1828 0 0 0 32002 0 -1 0 0 0 32002 32002 0 0 0 0 0 0
WIT 9 -220 -219 -189 -197 -197 196 0 0 0 32002 0 -1 0 0 0 32002 32002 0 0 0 0 0 0
WIT 10 -220 -219 -81 -90 -29 0 0 0 0 32002 0 -1 0 0 0 32002 32002 0 0 0 0 0 0
WIT 11 -220 -219 -228 -249 -236 196 0 0 1 -219 0 -1 0 0 0 32002 32002 0 0 0 0 0 528
WIT 11 -220 -219 -228 -249 -320 0 0 0 0 -219 0 -1 0 0 0 32002 32002 0 0 0 0 0 1828
WIT 9 -220 -219 -229 -237 -212 196 0 0 0 32002 0 -1 0 0 0 32002 32002 0 0 0 0 0 0
WIT 8 -220 -219 -235 -242 -242 196 0 0 1 -219 0 -1 0 0 0 32002 32002 0 0 0 0 0 528
WIT 9 -220 -219 -251 -259 -223 196 0 0 1 -141 0 -1 0 0 0 32002 32002 0 0 0 0 0 528
WIT 9 -220 -219 -253 -261 -229 196 0 0 1 -168 0 -1 0 0 0 32002 32002 0 0 0 0 0 528
WIT 9 -220 -219 -186 -194 -194 196 0 0 0 32002 0 -1 0 0 0 32002 32002 0 0 0 0 0 0
WIT 8 -229 -219 -228 -235 -240 0 0 0 0 -219 0 -1 0 0 0 32002 32002 0 0 0 0 0 49415
WIT 6 -220 -219 -207 -212 -197 1244 1 0 0 32002 0 -1 0 0 0 32002 32002 0 0 0 0 0 0
WIT 12 -220 -219 -226 -249 -249 75 0 0 1 -219 0 -1 0 0 0 32002 32002 0 0 0 0 0 49415
WIT 10 -220 -219 -228 -247 -248 0 0 0 0 -219 0 -1 0 0 0 32002 32002 0 0 0 0 0 49415
WIT 11 -220 -219 -228 -249 -334 0 0 0 0 -219 0 -1 0 0 0 32002 32002 0 0 0 0 0 1828
WIT 10 -220 -219 -228 -247 -242 49415 0 0 1 -219 0 -1 0 0 0 32002 32002 0 0 0 0 0 75
WIT 9 -220 -219 -228 -245 -235 528 0 0 1 -219 0 -1 0 0 0 32002 32002 0 0 0 0 0 49415
WIT 9 -220 -219 -235 -252 -176 926 0 0 0 32002 0 -1 0 0 0 32002 32002 0 0 0 0 0 0
WIT 9 -220 -219 -229 -237 -191 528 0 0 0 32002 0 -1 0 0 0 32002 32002 0 0 0 0 0 0
WIT 8 -220 -219 -228 -243 -232 528 0 0 1 -219 0 -1 0 0 0 32002 32002 0 0 0 0 0 49415
WIT 11 -229 -219 -229 -239 -235 983 0 0 1 -229 1 1 3049 1 1 -229 -219 0 0 0 0 6690 983
WIT 6 258 259 270 265 250 0 0 0 0 252 0 -1 0 0 0 32002 32002 0 0 0 0 0 0
WIT 7 -220 -219 -229 -235 -215 0 0 0 0 32002 0 -1 0 0 0 32002 32002 0 0 0 0 0 0
WIT 10 -220 -219 -229 -248 -228 1291 0 0 1 -218 0 -1 0 0 0 32002 32002 0 0 0 0 0 1282
WIT 8 -220 -219 -229 -244 -210 1291 0 0 0 32002 0 -1 0 0 0 32002 32002 0 0 0 0 0 0
WIT 15 -220 -219 -229 -258 -258 1829 1 0 0 -218 0 -1 0 0 0 32002 32002 0 0 0 0 0 1828
WIT 10 -220 -219 -229 -238 -175 0 0 0 0 32002 0 -1 0 0 0 32002 32002 0 0 0 0 0 0
WIT 11 -220 -219 -187 -197 -193 991 0 0 0 32002 0 -1 0 0 0 32002 32002 0 0 0 0 0 0
WIT 9 -220 -219 -229 -237 -238 0 0 0 0 -219 0 -1 0 0 0 32002 32002 0 0 0 0 0 991
WIT 9 -220 -219 -229 -246 -251 0 0 0 0 -219 0 -1 0 0 0 32002 32002 0 0 0 0 0 1828
WIT 11 -220 -219 -229 -239 -219 203 0 0 0 32002 0 -1 0 0 0 32002 32002 0 0 0 0 0 0
WIT 8 -220 -219 -229 -236 -198 0 0 0 0 32002 0 -1 0 0 0 32002 32002 0 0 0 0 0 0
WIT 9 -220 -219 -229 -246 -285 0 0 0 0 -219 0 -1 0 0 0 32002 32002 0 0 0 0 0 1828
WIT 9 -220 -219 -229 -246 -339 0 0 0 0 -219 0 -1 0 0 0 32002 32002 0 0 0 0 0 82
WIT 7 -220 -219 -235 -241 -205 1828 0 0 0 32002 0 -1 0 0 0 32002 32002 0 0 0 0 0 0
WIT 14 -220 -219 -229 -256 -256 49415 0 0 1 -219 0 -1 0 0 0 32002 32002 0 0 0 0 0 658
WIT 14 -220 -219 -229 -242 -234 1253 1 0 0 -212 0 -1 0 0 0 32002 32002 0 0 0 0 0 1293
WIT 6 -220 -219 -229 -234 -234 991 0 0 1 -219 0 -1 0 0 0 32002 32002 0 0 0 0 0 49415
WIT 13 -220 -219 -229 -241 -230 658 0 0 1 -219 0 -1 0 0 0 32002 32002 0 0 0 0 0 80
WIT 9 -220 -219 -229 -237 -237 75 0 0 1 -218 0 -1 0 0 0 32002 32002 0 0 0 0 0 49415
WIT 14 -220 -219 -229 -256 -257 0 0 0 0 -219 0 -1 0 0 0 32002 32002 0 0 0 0 0 1828
WIT 8 -220 -219 -198 -205 -219 0 0 0 0 -184 0 -1 0 0 0 32002 32002 0 0 0 0 0 8
WIT 6 -220 -219 -229 -234 -246 0 0 0 0 -200 0 -1 0 0 0 32002 32002 0 0 0 0 0 1828
WIT 13 -220 -219 -229 -241 -239 80 1 0 0 -219 0 -1 0 0 0 32002 32002 0 0 0 0 0 658
WIT 10 -220 -219 -229 -248 -239 49415 0 0 1 -206 0 -1 0 0 0 32002 32002 0 0 0 0 0 658
WIT 11 -220 -219 -201 -211 -182 49415 0 0 0 32002 0 -1 0 0 0 32002 32002 0 0 0 0 0 0
WIT 7 -220 -219 -228 -234 -234 82 0 0 1 -215 0 -1 0 0 0 32002 32002 0 0 0 0 0 1249
WIT 10 -220 -219 -201 -210 -203 658 0 0 0 32002 0 -1 0 0 0 32002 32002 0 0 0 0 0 0
WIT 14 -220 -219 -229 -256 -260 0 0 0 0 -219 0 -1 0 0 0 32002 32002 0 0 0 0 0 528
WIT 12 -220 -219 -220 -243 -243 983 0 0 1 -219 0 -1 0 0 0 32002 32002 0 0 0 0 0 528
WIT 13 -220 -219 -232 -244 -201 528 0 0 0 32002 0 -1 0 0 0 32002 32002 0 0 0 0 0 0
WIT 10 -220 -219 -231 -240 -240 49415 0 0 1 -194 0 -1 0 0 0 32002 32002 0 0 0 0 0 528
WIT 7 -220 -219 -217 -223 -223 75 0 0 1 -215 0 -1 0 0 0 32002 32002 0 0 0 0 0 528
WIT 7 -220 -219 -187 -193 -241 0 0 0 0 -219 0 -1 0 0 0 32002 32002 0 0 0 0 0 82
WIT 8 -220 -219 -201 -208 -196 1049 1 0 0 32002 0 -1 0 0 0 32002 32002 0 0 0 0 0 0
WIT 8 -220 -219 -213 -220 -180 528 0 0 0 32002 0 -1 0 0 0 32002 32002 0 0 0 0 0 0
WIT 6 -220 -219 -235 -240 -138 666 0 0 0 32002 0 -1 0 0 0 32002 32002 0 0 0 0 0 0
WIT 12 -220 -219 -229 -252 -261 0 0 0 0 -219 0 -1 0 0 0 32002 32002 0 0 0 0 0 1828
WIT 7 -220 -219 -229 -242 -231 1291 0 0 1 -220 1 1 20876 1 1 -220 -219 0 0 0 0 18 1291
WIT 7 -220 -219 -184 -190 -199 0 0 0 0 -219 0 -1 0 0 0 32002 32002 0 0 0 0 0 1828
WIT 7 -220 -219 -250 -256 -243 983 0 0 1 -219 0 -1 0 0 0 32002 32002 0 0 0 0 0 528
WIT 11 -220 -219 -191 -201 -201 75 0 0 0 32002 0 -1 0 0 0 32002 32002 0 0 0 0 0 0
WIT 11 -220 -219 -158 -168 -113 657 1 0 0 32002 0 -1 0 0 0 32002 32002 0 0 0 0 0 0
WIT 7 -220 -219 -229 -235 -211 49415 0 0 0 32002 0 -1 0 0 0 32002 32002 0 0 0 0 0 0
WIT 6 -220 -219 -229 -234 -235 0 0 0 0 -219 0 -1 0 0 0 32002 32002 0 0 0 0 0 1828
WIT 11 -220 -219 -229 -250 -250 75 0 0 1 -219 0 -1 0 0 0 32002 32002 0 0 0 0 0 528
WIT 8 -220 -219 -229 -236 -236 49415 0 0 1 -219 0 -1 0 0 0 32002 32002 0 0 0 0 0 658
WIT 7 -220 -219 -218 -231 -231 983 0 0 1 -218 0 -1 0 0 0 32002 32002 0 0 0 0 0 658
WIT 12 -220 -219 -229 -252 -252 49415 0 0 1 -218 0 -1 0 0 0 32002 32002 0 0 0 0 0 528
WIT 6 -220 -219 -279 -284 -217 0 0 0 0 32002 0 -1 0 0 0 32002 32002 0 0 0 0 0 0
WIT 6 -220 -219 -208 -213 -213 75 0 0 0 32002 0 -1 0 0 0 32002 32002 0 0 0 0 0 0
WIT 13 -220 -219 -279 -291 -201 528 0 0 0 32002 0 -1 0 0 0 32002 32002 0 0 0 0 0 0
WIT 9 -220 -219 -208 -216 -216 528 0 0 0 32002 0 -1 0 0 0 32002 32002 0 0 0 0 0 0
WIT 8 -220 -219 -196 -203 -204 0 0 0 0 -219 0 -1 0 0 0 32002 32002 0 0 0 0 0 983
WIT 9 -220 -219 -274 -282 -275 204 0 0 1 -176 0 -1 0 0 0 32002 32002 0 0 0 0 0 1293
WIT 10 -220 -219 -222 -231 -221 528 0 0 1 -198 0 -1 0 0 0 32002 32002 0 0 0 0 0 75
WIT 9 -220 -219 -229 -237 -234 75 0 0 1 -219 0 -1 0 0 0 32002 32002 0 0 0 0 0 528
WIT 7 -220 -219 -225 -231 -225 75 0 0 1 -216 0 -1 0 0 0 32002 32002 0 0 0 0 0 528
WIT 8 -220 -219 -200 -207 -142 528 0 0 0 32002 0 -1 0 0 0 32002 32002 0 0 0 0 0 0
WIT 8 -220 -219 -202 -209 -174 528 0 0 0 32002 0 -1 0 0 0 32002 32002 0 0 0 0 0 0
WIT 8 -220 -219 -230 -237 -214 528 0 0 0 32002 0 -1 0 0 0 32002 32002 0 0 0 0 0 0
WIT 7 -220 -219 -162 -168 -112 528 0 0 0 32002 0 -1 0 0 0 32002 32002 0 0 0 0 0 0
WIT 8 -220 -219 -235 -242 -201 75 0 0 0 32002 0 -1 0 0 0 32002 32002 0 0 0 0 0 0
WIT 12 -220 -219 -229 -252 -308 0 0 0 0 -219 0 -1 0 0 0 32002 32002 0 0 0 0 0 1828
WIT 7 -219 -206 -174 -180 -177 1828 0 0 0 32002 0 -1 0 0 0 32002 32002 0 0 0 0 0 0
WIT 8 -207 -206 -89 -96 -144 0 0 0 0 -69 0 -1 0 0 0 32002 32002 0 0 0 0 0 2349
WIT 7 -207 -206 -210 -216 -197 926 0 0 0 32002 0 -1 0 0 0 32002 32002 0 0 0 0 0 0
WIT 9 -207 -206 -210 -218 -230 0 0 0 0 -197 0 -1 0 0 0 32002 32002 0 0 0 0 0 1828
WIT 8 -207 -206 -183 -198 -199 0 0 0 0 -206 0 -1 0 0 0 32002 32002 0 0 0 0 0 926
WIT 8 -207 -206 -188 -195 -237 0 0 0 0 -182 0 -1 0 0 0 32002 32002 0 0 0 0 0 1828
WIT 7 206 207 207 201 151 0 0 0 0 206 0 -1 0 0 0 32002 32002 0 0 0 0 0 0
WIT 9 -207 -206 -219 -236 -308 0 0 0 0 -206 0 -1 0 0 0 32002 32002 0 0 0 0 0 82
WIT 9 -219 -206 -219 -227 -223 658 0 0 1 -206 0 -1 0 0 0 32002 32002 0 0 0 0 0 666
WIT 6 -207 -206 -214 -219 -90 1282 0 0 0 32002 0 -1 0 0 0 32002 32002 0 0 0 0 0 0
WIT 6 -207 -206 -179 -184 -148 1291 0 0 0 32002 0 -1 0 0 0 32002 32002 0 0 0 0 0 0
WIT 11 -207 -206 -219 -240 -240 16 1 0 0 -206 0 -1 0 0 0 32002 32002 0 0 0 0 0 80
WIT 10 -207 -206 -161 -180 -187 0 0 0 0 -167 0 -1 0 0 0 32002 32002 0 0 0 0 0 1049
WIT 9 -207 -206 -114 -131 -131 666 0 0 0 32002 0 -1 0 0 0 32002 32002 0 0 0 0 0 0
WIT 11 -207 -206 -202 -223 -222 75 0 0 1 -201 0 -1 0 0 0 32002 32002 0 0 0 0 0 1828
WIT 14 -207 -206 -176 -189 -12 523 0 0 0 32002 0 -1 0 0 0 32002 32002 0 0 0 0 0 0
WIT 10 -207 -206 -102 -111 -546 0 0 0 0 -90 0 -1 0 0 0 32002 32002 0 0 0 0 0 1043
WIT 6 -207 -206 -202 -207 -207 917 1 0 0 -200 0 -1 0 0 0 32002 32002 0 0 0 0 0 341
WIT 13 -207 -206 -218 -243 -304 0 0 0 0 -205 0 -1 0 0 0 32002 32002 0 0 0 0 0 2349
WIT 7 -207 -206 -217 -223 -203 523 0 0 0 32002 0 -1 0 0 0 32002 32002 0 0 0 0 0 0
WIT 13 -207 -206 -207 -219 -219 528 0 0 1 -203 0 -1 0 0 0 32002 32002 0 0 0 0 0 926
WIT 13 -207 -206 -219 -244 -245 0 0 0 0 -206 0 -1 0 0 0 32002 32002 0 0 0 0 0 8
WIT 6 245 246 240 235 240 0 0 0 0 260 0 -1 0 0 0 32002 32002 0 0 0 0 0 1220
WIT 15 -207 -206 -216 -245 -218 268 0 0 1 -171 0 -1 0 0 0 32002 32002 0 0 0 0 0 274
WIT 8 -30 -29 69 62 -330 0 0 0 0 99 0 -1 0 0 0 32002 32002 0 0 0 0 0 1043
WIT 13 -207 -206 -203 -215 -215 268 0 0 1 -200 0 -1 0 0 0 32002 32002 0 0 0 0 0 16
WIT 15 -207 -206 -216 -245 -254 0 0 0 0 -200 0 -1 0 0 0 32002 32002 0 0 0 0 0 2349
WIT 13 -207 -206 -219 -244 -147 926 0 0 0 32002 0 -1 0 0 0 32002 32002 0 0 0 0 0 0
WIT 9 -207 -206 -229 -237 -189 0 0 0 0 32002 0 -1 0 0 0 32002 32002 0 0 0 0 0 0
WIT 12 -207 -206 -219 -242 -250 0 0 0 0 -206 0 -1 0 0 0 32002 32002 0 0 0 0 0 1828
WIT 13 -207 -206 -219 -231 -203 16 1 0 0 32002 0 -1 0 0 0 32002 32002 0 0 0 0 0 0
WIT 12 -207 -206 -219 -230 -118 0 0 0 0 32002 0 -1 0 0 0 32002 32002 0 0 0 0 0 0
WIT 6 -30 -29 252 247 188 0 0 1 0 17 0 -1 0 0 0 32002 32002 0 0 0 0 0 3157
WIT 11 -207 -206 -51 -61 4 1893 0 0 0 32002 0 -1 0 0 0 32002 32002 0 0 0 0 0 0
WIT 8 -207 -206 -40 -47 23 0 0 0 0 32002 0 -1 0 0 0 32002 32002 0 0 0 0 0 0
WIT 13 -207 -206 -219 -244 -255 0 0 0 0 -206 0 -1 0 0 0 32002 32002 0 0 0 0 0 1244
WIT 14 -207 -206 -228 -241 -165 1837 0 0 0 32002 0 -1 0 0 0 32002 32002 0 0 0 0 0 0
WIT 13 -207 -206 -219 -244 -286 0 0 0 0 -206 0 -1 0 0 0 32002 32002 0 0 0 0 0 732
WIT 6 -207 -206 -228 -233 -229 2369 0 0 1 -151 0 -1 0 0 0 32002 32002 0 0 0 0 0 2387
WIT 13 -207 -206 -228 -240 -209 1375 0 0 1 -158 0 -1 0 0 0 32002 32002 0 0 0 0 0 1253
WIT 11 -207 -206 -228 -238 -164 0 0 0 0 32002 0 -1 0 0 0 32002 32002 0 0 0 0 0 0
WIT 11 -207 -206 -209 -230 -241 0 0 0 0 -206 0 -1 0 0 0 32002 32002 0 0 0 0 0 1893
WIT 11 -207 -206 -42 -52 -77 0 0 0 0 -206 0 -1 0 0 0 32002 32002 0 0 0 0 0 1244
WIT 11 -207 -206 -36 -46 -47 0 0 0 0 -206 0 -1 0 0 0 32002 32002 0 0 0 0 0 1244
WIT 11 -207 -206 -36 -46 -76 0 0 0 0 -206 0 -1 0 0 0 32002 32002 0 0 0 0 0 732
WIT 10 -207 -206 -219 -228 -111 0 0 0 0 32002 0 -1 0 0 0 32002 32002 0 0 0 0 0 0
WIT 11 -207 -206 -219 -240 -241 0 0 0 0 -206 0 -1 0 0 0 32002 32002 0 0 0 0 0 35117
WIT 11 -207 -206 -51 -61 -61 1355 1 0 0 32002 0 -1 0 0 0 32002 32002 0 0 0 0 0 0
WIT 9 -207 -206 -44 -52 -35 1355 1 0 0 32002 0 -1 0 0 0 32002 32002 0 0 0 0 0 0
WIT 9 -207 -206 -221 -238 -241 0 0 0 0 -109 0 -1 0 0 0 32002 32002 0 0 0 0 0 1256
WIT 10 -207 -206 -215 -234 -234 1293 0 0 1 -205 0 -1 0 0 0 32002 32002 0 0 0 0 0 1375
WIT 8 -207 -206 -51 -58 -45 0 0 0 0 32002 0 -1 0 0 0 32002 32002 0 0 0 0 0 0
WIT 10 -207 -206 -219 -238 -252 0 0 0 0 -206 0 -1 0 0 0 32002 32002 0 0 0 0 0 75
WIT 8 -207 -206 -219 -234 -358 0 0 0 0 -206 0 -1 0 0 0 32002 32002 0 0 0 0 0 1828
WIT 7 -207 -206 -214 -227 -459 0 0 0 0 -201 0 -1 0 0 0 32002 32002 0 0 0 0 0 1827
WIT 10 -207 -206 -219 -238 -272 0 0 0 0 -206 0 -1 0 0 0 32002 32002 0 0 0 0 0 1699
WIT 10 -207 -206 -184 -203 -245 0 0 0 0 -206 0 -1 0 0 0 32002 32002 0 0 0 0 0 926
WIT 10 -207 -206 -211 -230 -236 0 0 0 0 -203 0 -1 0 0 0 32002 32002 0 0 0 0 0 1828
WIT 9 -207 -206 -143 -151 -151 75 0 0 0 32002 0 -1 0 0 0 32002 32002 0 0 0 0 0 0
WIT 10 -207 -206 -219 -238 -246 0 0 0 0 -206 0 -1 0 0 0 32002 32002 0 0 0 0 0 1828
WIT 11 -207 -206 -169 -190 -392 0 0 0 0 -200 0 -1 0 0 0 32002 32002 0 0 0 0 0 1244
WIT 11 -207 -206 -219 -240 -246 0 0 0 0 -206 0 -1 0 0 0 32002 32002 0 0 0 0 0 1828
WIT 9 -207 -206 -229 -237 -212 1291 0 0 1 -179 0 -1 0 0 0 32002 32002 0 0 0 0 0 1
WIT 11 -207 -206 -219 -240 -311 0 0 0 0 -206 0 -1 0 0 0 32002 32002 0 0 0 0 0 82
WIT 10 -207 -206 24 15 431 1307 1 0 0 32002 0 -1 0 0 0 32002 32002 0 0 0 0 0 0
WIT 7 -207 -206 -194 -200 -194 82 0 0 0 32002 0 -1 0 0 0 32002 32002 0 0 0 0 0 0
WIT 7 -207 -206 -125 -131 -120 0 0 0 0 32002 0 -1 0 0 0 32002 32002 0 0 0 0 0 0
WIT 6 -207 -206 -154 -159 -153 75 0 0 0 32002 0 -1 0 0 0 32002 32002 0 0 0 0 0 0
WIT 8 -207 -206 -219 -234 -251 0 0 0 0 -207 0 -1 0 0 0 32002 32002 0 0 0 0 0 0
WIT 8 206 207 369 362 252 0 0 0 0 207 0 -1 0 0 0 32002 32002 0 0 0 0 0 2915
WIT 7 206 207 298 285 251 0 0 0 0 226 0 -1 0 0 0 32002 32002 0 0 0 0 0 2740
WIT 10 -207 -206 -219 -238 -272 0 0 0 0 -207 0 -1 0 0 0 32002 32002 0 0 0 0 0 0
WIT 7 206 219 207 201 204 2940 0 0 1 219 0 -1 0 0 0 32002 32002 0 0 0 0 0 3307
WIT 9 218 219 207 190 167 0 0 0 0 219 0 -1 0 0 0 32002 32002 0 0 0 0 0 2915
WIT 10 218 219 441 422 381 0 0 0 0 410 0 -1 0 0 0 32002 32002 0 0 0 0 0 3164
WIT 10 218 219 226 217 236 2073 1 0 0 32002 0 -1 0 0 0 32002 32002 0 0 0 0 0 0
WIT 7 218 219 231 225 387 2073 1 0 0 32002 0 -1 0 0 0 32002 32002 0 0 0 0 0 0
WIT 10 218 219 228 219 218 0 0 0 0 221 0 -1 0 0 0 32002 32002 0 0 0 0 0 2915
WIT 9 218 219 223 206 205 0 0 0 0 220 0 -1 0 0 0 32002 32002 0 0 0 0 0 2740
WIT 7 218 219 310 304 287 0 0 0 0 219 0 -1 0 0 0 32002 32002 0 0 0 0 0 2915
WIT 8 218 219 234 219 215 0 0 0 0 219 0 -1 0 0 0 32002 32002 0 0 0 0 0 1616
WIT 8 218 219 240 225 213 0 0 0 0 253 0 -1 0 0 0 32002 32002 0 0 0 0 0 2713
WIT 12 218 219 240 217 232 3307 0 0 0 32002 0 -1 0 0 0 32002 32002 0 0 0 0 0 0
WIT 12 218 219 239 216 215 0 0 0 0 228 0 -1 0 0 0 32002 32002 0 0 0 0 0 34386
WIT 8 218 219 202 187 194 3104 0 0 1 225 0 -1 0 0 0 32002 32002 0 0 0 0 0 3299
WIT 7 218 219 286 280 279 0 0 0 0 220 0 -1 0 0 0 32002 32002 0 0 0 0 0 2713
WIT 8 218 219 300 285 271 0 0 0 0 219 0 -1 0 0 0 32002 32002 0 0 0 0 0 2915
WIT 6 218 219 256 251 269 3299 0 0 0 32002 0 -1 0 0 0 32002 32002 0 0 0 0 0 0
WIT 7 218 219 306 300 299 0 0 0 0 219 0 -1 0 0 0 32002 32002 0 0 0 0 0 3826
WIT 11 218 219 253 243 200 0 0 0 0 219 0 -1 0 0 0 32002 32002 0 0 0 0 0 2915
WIT 8 218 219 235 228 275 3826 0 0 0 32002 0 -1 0 0 0 32002 32002 0 0 0 0 0 0
WIT 9 218 219 236 219 219 3104 0 0 0 32002 0 -1 0 0 0 32002 32002 0 0 0 0 0 0
WIT 9 218 219 284 276 275 0 0 0 0 219 0 -1 0 0 0 32002 32002 0 0 0 0 0 3104
WIT 11 -219 -206 -219 -229 -229 324 0 0 1 -219 1 2 13520 1 1 -219 -219 1 0 59 0 108 0
WIT 6 209 210 320 315 314 0 0 0 0 205 0 -1 0 0 0 32002 32002 0 0 0 0 0 0
WIT 8 218 219 236 221 221 3642 0 0 0 32002 0 -1 0 0 0 32002 32002 0 0 0 0 0 0
WIT 6 218 219 317 312 271 0 0 0 0 256 0 -1 0 0 0 32002 32002 0 0 0 0 0 2915
WIT 13 218 219 235 210 210 3826 0 0 1 219 0 -1 0 0 0 32002 32002 0 0 0 0 0 3761
WIT 10 218 219 260 251 251 3826 0 0 0 32002 0 -1 0 0 0 32002 32002 0 0 0 0 0 0
WIT 7 218 219 275 269 234 0 0 0 0 283 0 -1 0 0 0 32002 32002 0 0 0 0 0 1619
WIT 13 218 219 245 233 232 0 0 0 0 226 0 -1 0 0 0 32002 32002 0 0 0 0 0 34386
WIT 12 218 219 235 212 192 0 0 0 0 219 0 -1 0 0 0 32002 32002 0 0 0 0 0 2915
WIT 10 218 219 235 226 225 0 0 0 0 219 0 -1 0 0 0 32002 32002 0 0 0 0 0 3761
WIT 10 218 219 235 216 224 1618 1 0 0 32002 0 -1 0 0 0 32002 32002 0 0 0 0 0 0
WIT 10 218 219 303 284 299 3761 0 0 0 32002 0 -1 0 0 0 32002 32002 0 0 0 0 0 0
WIT 6 218 219 235 230 233 3761 0 0 0 32002 0 -1 0 0 0 32002 32002 0 0 0 0 0 0
WIT 9 218 219 235 227 227 3826 0 0 0 32002 0 -1 0 0 0 32002 32002 0 0 0 0 0 0
WIT 8 218 219 293 286 292 3826 0 0 0 32002 0 -1 0 0 0 32002 32002 0 0 0 0 0 0
WIT 11 -219 -206 -219 -229 -235 0 0 0 0 -219 0 -1 0 0 0 32002 32002 0 0 0 0 0 0
WIT 14 218 219 229 202 216 3177 0 0 1 229 0 -1 0 0 0 32002 32002 0 0 0 0 0 3169
WIT 12 218 219 242 231 328 0 0 0 0 32002 0 -1 0 0 0 32002 32002 0 0 0 0 0 0
WIT 11 218 219 303 282 289 3104 0 0 0 32002 0 -1 0 0 0 32002 32002 0 0 0 0 0 0
WIT 11 218 219 249 239 244 3104 0 0 0 32002 0 -1 0 0 0 32002 32002 0 0 0 0 0 0
WIT 8 218 219 266 259 292 3169 0 0 0 32002 0 -1 0 0 0 32002 32002 0 0 0 0 0 0
WIT 9 218 219 308 300 336 2919 0 0 0 32002 0 -1 0 0 0 32002 32002 0 0 0 0 0 0
WIT 7 218 219 283 277 284 2919 0 0 0 32002 0 -1 0 0 0 32002 32002 0 0 0 0 0 0
WIT 7 218 219 250 244 286 2919 0 0 0 32002 0 -1 0 0 0 32002 32002 0 0 0 0 0 0
WIT 11 -219 -206 -219 -229 -230 0 0 0 0 -219 0 -1 0 0 0 32002 32002 0 0 0 0 0 0
WIT 9 218 219 252 244 253 2910 0 0 0 32002 0 -1 0 0 0 32002 32002 0 0 0 0 0 0
WIT 14 218 219 250 223 220 0 0 0 0 219 0 -1 0 0 0 32002 32002 0 0 0 0 0 2910
WIT 13 218 219 259 247 247 3104 0 0 0 32002 0 -1 0 0 0 32002 32002 0 0 0 0 0 0
WIT 11 218 219 229 208 207 0 0 0 0 219 0 -1 0 0 0 32002 32002 0 0 0 0 0 2915
WIT 9 218 219 283 275 279 34386 1 0 0 32002 0 -1 0 0 0 32002 32002 0 0 0 0 0 0
WIT 7 218 219 338 332 332 3104 0 0 0 32002 0 -1 0 0 0 32002 32002 0 0 0 0 0 0
WIT 7 218 219 330 317 333 2910 0 0 0 32002 0 -1 0 0 0 32002 32002 0 0 0 0 0 0
WIT 7 218 219 265 259 259 3104 0 0 0 32002 0 -1 0 0 0 32002 32002 0 0 0 0 0 0
WIT 6 218 219 269 264 267 3104 0 0 0 32002 0 -1 0 0 0 32002 32002 0 0 0 0 0 0
WIT 7 218 219 320 314 326 3104 0 0 0 32002 0 -1 0 0 0 32002 32002 0 0 0 0 0 0
WIT 12 218 219 229 206 205 0 0 0 0 219 0 -1 0 0 0 32002 32002 0 0 0 0 0 53055
WIT 9 218 219 292 275 281 2910 0 0 0 32002 0 -1 0 0 0 32002 32002 0 0 0 0 0 0
WIT 7 218 219 361 348 265 0 0 0 0 282 0 -1 0 0 0 32002 32002 0 0 0 0 0 2915
WIT 12 218 219 360 337 308 0 0 0 0 243 0 -1 0 0 0 32002 32002 0 0 0 0 0 2910
WIT 12 218 219 320 297 289 0 0 0 0 219 0 -1 0 0 0 32002 32002 0 0 0 0 0 2915
WIT 10 218 219 338 329 318 0 0 0 0 219 0 -1 0 0 0 32002 32002 0 0 0 0 0 2915
WIT 10 218 219 309 290 280 0 0 0 0 219 0 -1 0 0 0 32002 32002 0 0 0 0 0 53055
WIT 8 218 219 396 381 380 0 0 0 0 277 0 -1 0 0 0 32002 32002 0 0 0 0 0 2910
WIT 7 218 219 329 316 360 2788 1 0 0 32002 0 -1 0 0 0 32002 32002 0 0 0 0 0 0
WIT 10 218 219 320 301 261 0 0 0 0 219 0 -1 0 0 0 32002 32002 0 0 0 0 0 53055
WIT 10 218 219 387 368 291 0 0 0 0 219 0 -1 0 0 0 32002 32002 0 0 0 0 0 2910
WIT 10 218 219 356 347 338 0 0 0 0 254 0 -1 0 0 0 32002 32002 0 0 0 0 0 2910
WIT 9 218 219 247 230 273 2852 0 0 0 32002 0 -1 0 0 0 32002 32002 0 0 0 0 0 0
WIT 7 218 219 219 213 217 2852 0 0 1 219 0 -1 0 0 0 32002 32002 0 0 0 0 0 2919
WIT 8 218 219 320 305 290 0 0 0 0 219 0 -1 0 0 0 32002 32002 0 0 0 0 0 53055
WIT 8 218 219 340 333 372 53055 0 0 0 32002 0 -1 0 0 0 32002 32002 0 0 0 0 0 0
WIT 8 218 219 356 349 349 3307 0 0 0 32002 0 -1 0 0 0 32002 32002 0 0 0 0 0 0
WIT 8 218 219 350 343 364 53055 0 0 0 32002 0 -1 0 0 0 32002 32002 0 0 0 0 0 0
WIT 8 218 219 327 320 319 0 0 0 0 274 0 -1 0 0 0 32002 32002 0 0 0 0 0 53055
WIT 8 218 219 305 298 349 53055 0 0 0 32002 0 -1 0 0 0 32002 32002 0 0 0 0 0 0
WIT 8 218 219 350 335 342 2910 0 0 0 32002 0 -1 0 0 0 32002 32002 0 0 0 0 0 0
WIT 11 -219 -206 -219 -229 -230 0 0 0 0 -219 0 -1 0 0 0 32002 32002 0 0 0 0 0 0
WIT 8 235 236 235 228 228 2908 0 0 1 236 0 -1 0 0 0 32002 32002 0 0 0 0 0 2915
WIT 8 235 236 235 220 183 0 0 0 0 236 0 -1 0 0 0 32002 32002 0 0 0 0 0 2713
WIT 7 235 236 219 206 212 3642 0 0 1 235 1 7 -5665 1 1 235 236 5 0 8 0 27 3642
WIT 7 235 236 227 214 196 0 0 0 0 240 0 -1 0 0 0 32002 32002 0 0 0 0 0 34386
WIT 8 235 236 219 204 169 0 0 0 0 236 0 -1 0 0 0 32002 32002 0 0 0 0 0 2915
WIT 6 235 236 235 230 232 2919 0 0 1 236 0 -1 0 0 0 32002 32002 0 0 0 0 0 3104
WIT 7 206 236 219 213 215 3104 0 0 1 236 0 -1 0 0 0 32002 32002 0 0 0 0 0 3761
WIT 8 235 236 260 253 270 3826 0 0 0 32002 0 -1 0 0 0 32002 32002 0 0 0 0 0 0
WIT 8 235 236 219 204 204 3104 0 0 1 236 0 -1 0 0 0 32002 32002 0 0 0 0 0 3761
WIT 8 235 236 219 204 206 3826 0 0 1 236 0 -1 0 0 0 32002 32002 0 0 0 0 0 3761
WIT 8 235 236 225 210 210 3761 0 0 1 236 0 -1 0 0 0 32002 32002 0 0 0 0 0 34386
WIT 8 235 236 219 212 238 3104 0 0 0 32002 0 -1 0 0 0 32002 32002 0 0 0 0 0 0
WIT 8 235 236 219 204 190 0 0 0 0 236 0 -1 0 0 0 32002 32002 0 0 0 0 0 2915
WIT 7 235 236 219 213 240 3826 0 0 0 32002 0 -1 0 0 0 32002 32002 0 0 0 0 0 0
WIT 7 206 236 219 213 196 0 0 0 0 236 0 -1 0 0 0 32002 32002 0 0 0 0 0 3177
WIT 6 235 236 345 340 270 0 0 0 0 308 0 -1 0 0 0 32002 32002 0 0 0 0 0 2915
WIT 9 235 236 228 211 230 3177 0 0 1 236 0 -1 0 0 0 32002 32002 0 0 0 0 0 3169
WIT 8 235 236 235 220 237 1618 1 0 0 32002 0 -1 0 0 0 32002 32002 0 0 0 0 0 0
WIT 8 235 236 249 242 271 3169 0 0 0 32002 0 -1 0 0 0 32002 32002 0 0 0 0 0 0
WIT 8 235 236 308 301 334 2919 0 0 0 32002 0 -1 0 0 0 32002 32002 0 0 0 0 0 0
WIT 9 206 236 219 211 212 3177 0 0 1 236 0 -1 0 0 0 32002 32002 0 0 0 0 0 53055
WIT 7 235 236 219 206 207 2910 0 0 1 242 0 -1 0 0 0 32002 32002 0 0 0 0 0 1618
WIT 7 235 236 333 327 365 0 0 0 0 32002 0 -1 0 0 0 32002 32002 0 0 0 0 0 0
WIT 7 235 236 264 258 317 0 0 0 0 32002 0 -1 0 0 0 32002 32002 0 0 0 0 0 0
WIT 7 235 236 229 216 181 0 0 0 0 236 0 -1 0 0 0 32002 32002 0 0 0 0 0 2713
WIT 7 235 236 219 206 210 3104 0 0 1 350 0 -1 0 0 0 32002 32002 0 0 0 0 0 2910
WIT 12 235 236 219 196 204 2910 0 0 1 236 0 -1 0 0 0 32002 32002 0 0 0 0 0 53055
WIT 10 235 236 229 210 284 53055 0 0 0 32002 0 -1 0 0 0 32002 32002 0 0 0 0 0 0
WIT 10 235 236 219 200 200 2910 0 0 1 261 0 -1 0 0 0 32002 32002 0 0 0 0 0 2915
WIT 9 235 236 268 251 277 2910 0 0 0 32002 0 -1 0 0 0 32002 32002 0 0 0 0 0 0
WIT 8 235 236 356 349 358 2910 0 0 0 32002 0 -1 0 0 0 32002 32002 0 0 0 0 0 0
WIT 9 235 236 219 202 203 2910 0 0 1 243 0 -1 0 0 0 32002 32002 0 0 0 0 0 53055
WIT 8 235 236 340 333 372 53055 0 0 0 32002 0 -1 0 0 0 32002 32002 0 0 0 0 0 0
WIT 9 235 236 219 202 226 53055 0 0 1 239 0 -1 0 0 0 32002 32002 0 0 0 0 0 3307
WIT 8 235 236 338 331 334 2910 0 0 0 32002 0 -1 0 0 0 32002 32002 0 0 0 0 0 0
WIT 8 235 236 350 343 364 53055 0 0 0 32002 0 -1 0 0 0 32002 32002 0 0 0 0 0 0
WIT 8 235 236 350 335 342 2910 0 0 0 32002 0 -1 0 0 0 32002 32002 0 0 0 0 0 0
WIT 8 235 236 305 298 349 53055 0 0 0 32002 0 -1 0 0 0 32002 32002 0 0 0 0 0 0
WIT 7 -238 -237 -260 -266 -261 196 0 0 1 -237 0 -1 0 0 0 32002 32002 0 0 0 0 0 528
WIT 8 213 259 236 229 229 3177 0 0 1 237 1 1 21195 1 1 237 237 0 0 0 0 45 53055
WIT 8 236 237 236 221 221 2910 0 0 1 237 0 -1 0 0 0 32002 32002 0 0 0 0 0 53055

===========================
Total time (ms) : 79
Nodes searched  : 58074
Nodes/second    : 735113
