
Position: 1/1 (rnbqkbnr/1pp3pp/p3pp2/3p4/2PP4/1QN1P3/PP3PPP/R1B1KBNR b KQkq - 1 5)
WIT 6 312 313 319 314 344 332 0 0 0 32002 0 -1 0 0 0 32002 32002 0 0 0 0 0 0
WIT 6 312 313 308 303 272 0 0 0 0 346 0 -1 0 0 0 32002 32002 0 0 0 0 0 1123
WIT 6 312 313 306 301 289 0 0 0 0 337 0 -1 0 0 0 32002 32002 0 0 0 0 0 1699
WIT 7 -368 -367 -361 -374 -374 2266 1 0 0 -360 0 -1 0 0 0 32002 32002 0 0 0 0 0 2720
WIT 6 -368 -367 -355 -360 -312 3690 0 1 0 32002 0 -1 0 0 0 32002 32002 0 0 0 0 0 0
WIT 7 -368 -367 -365 -371 -371 3363 1 0 0 -364 0 -1 0 0 0 32002 32002 0 0 0 0 0 2851
WIT 7 -368 -367 -362 -368 -354 2266 1 0 0 32002 0 -1 0 0 0 32002 32002 0 0 0 0 0 0
WIT 7 -368 -367 -373 -379 -358 2266 1 0 0 32002 0 -1 0 0 0 32002 32002 0 0 0 0 0 0
WIT 6 -349 -348 -367 -372 -362 0 0 0 0 -337 0 -1 0 0 0 32002 32002 0 0 0 0 0 2266
WIT 6 -349 -348 -367 -372 -353 0 0 0 0 -337 0 -1 0 0 0 32002 32002 0 0 0 0 0 2266
WIT 7 -349 -348 -337 -343 -394 0 0 0 0 -349 0 -1 0 0 0 32002 32002 0 0 0 0 0 0
WIT 8 -349 -348 -360 -375 -384 0 0 0 0 -349 0 -1 0 0 0 32002 32002 0 0 0 0 0 0
WIT 6 -356 -355 -322 -327 -319 0 0 0 0 32002 0 -1 0 0 0 32002 32002 0 0 0 0 0 0
WIT 9 -356 -355 -364 -372 -371 3363 1 0 0 -354 0 -1 0 0 0 32002 32002 0 0 0 0 0 2851
WIT 6 355 356 349 344 329 0 0 0 0 356 0 -1 0 0 0 32002 32002 0 0 0 0 0 1112
WIT 8 -356 -355 -348 -363 -376 0 0 0 0 -356 0 -1 0 0 0 32002 32002 0 0 0 0 0 0
WIT 6 -360 -359 -302 -307 -268 0 0 0 0 32002 0 -1 0 0 0 32002 32002 0 0 0 0 0 0
WIT 6 359 360 356 351 293 0 0 0 0 402 0 -1 0 0 0 32002 32002 0 0 0 0 0 346
WIT 8 -360 -359 -355 -370 -427 0 0 0 0 -360 0 -1 0 0 0 32002 32002 0 0 0 0 0 0
WIT 6 -360 -359 -367 -372 -370 2266 1 0 0 -355 0 -1 0 0 0 32002 32002 0 0 0 0 0 3690
WIT 7 358 359 387 381 326 0 0 0 0 359 0 -1 0 0 0 32002 32002 0 0 0 0 0 346
WIT 6 358 359 346 341 -74 0 0 0 0 408 0 -1 0 0 0 32002 32002 0 0 0 0 0 1187
WIT 6 358 359 391 386 333 0 0 0 0 401 0 -1 0 0 0 32002 32002 0 0 0 0 0 1123
WIT 7 358 359 385 372 355 0 0 0 0 395 0 -1 0 0 0 32002 32002 0 0 0 0 0 1699
WIT 6 358 359 390 385 385 139 0 0 0 32002 0 -1 0 0 0 32002 32002 0 0 0 0 0 0
WIT 6 -348 -347 -331 -336 -337 0 0 0 0 -335 0 -1 0 0 0 32002 32002 0 0 0 0 0 2851
WIT 9 382 383 366 349 307 0 0 0 0 383 0 -1 0 0 0 32002 32002 0 0 0 0 0 346
WIT 7 382 383 359 353 369 0 0 0 0 383 0 -1 0 0 0 32002 32002 0 0 0 0 0 1697
WIT 7 382 383 412 406 389 0 0 0 0 353 0 -1 0 0 0 32002 32002 0 0 0 0 0 0
WIT 6 382 383 356 351 323 0 0 0 0 383 0 -1 0 0 0 32002 32002 0 0 0 0 0 1681
WIT 8 -348 -347 -338 -345 -335 0 0 0 0 32002 0 -1 0 0 0 32002 32002 0 0 0 0 0 0
WIT 8 -348 -347 -330 -337 -337 3363 1 0 0 32002 0 -1 0 0 0 32002 32002 0 0 0 0 0 0
WIT 8 -348 -347 -302 -309 -266 0 0 0 0 32002 0 -1 0 0 0 32002 32002 0 0 0 0 0 0
WIT 7 -348 -347 -251 -257 -257 2266 1 0 0 32002 0 -1 0 0 0 32002 32002 0 0 0 0 0 0
WIT 7 -348 -347 -339 -345 -339 3827 0 0 0 32002 0 -1 0 0 0 32002 32002 0 0 0 0 0 0
WIT 7 -348 -347 -346 -352 -305 0 0 0 0 32002 0 -1 0 0 0 32002 32002 0 0 0 0 0 0
WIT 8 -348 -347 -348 -355 -312 0 0 0 0 32002 0 -1 0 0 0 32002 32002 0 0 0 0 0 0
WIT 7 347 383 357 351 306 0 0 0 0 383 0 -1 0 0 0 32002 32002 0 0 0 0 0 346
WIT 6 382 383 357 352 296 0 0 0 0 382 0 -1 0 0 0 32002 32002 0 0 0 0 0 0
WIT 11 382 383 356 346 363 528 0 0 1 382 1 1 2317 1 1 382 387 0 0 0 0 124 528
WIT 7 382 383 383 377 395 528 0 0 0 32002 0 -1 0 0 0 32002 32002 0 0 0 0 0 0
WIT 6 382 383 348 343 342 0 0 0 0 378 0 -1 0 0 0 32002 32002 0 0 0 0 0 0
WIT 7 -383 -382 -378 -384 -385 0 0 0 0 -392 0 -1 0 0 0 32002 32002 0 0 0 0 0 0
WIT 10 382 383 348 339 329 0 0 0 0 382 0 -1 0 0 0 32002 32002 0 0 0 0 0 0
WIT 6 -348 -347 -355 -360 -372 0 0 0 0 -347 0 -1 0 0 0 32002 32002 0 0 0 0 0 1642
WIT 7 -348 -347 -336 -342 -315 0 0 0 0 32002 0 -1 0 0 0 32002 32002 0 0 0 0 0 0
WIT 8 -348 -347 -382 -389 -389 2852 0 0 1 -347 0 -1 0 0 0 32002 32002 0 0 0 0 0 2720
WIT 6 347 348 381 376 356 0 0 0 0 351 0 -1 0 0 0 32002 32002 0 0 0 0 0 1112
WIT 8 -348 -347 -347 -362 -369 0 0 0 0 -348 0 -1 0 0 0 32002 32002 0 0 0 0 0 0
WIT 7 382 383 348 342 338 0 0 0 0 389 0 -1 0 0 0 32002 32002 0 0 0 0 0 49415
WIT 9 382 383 350 333 277 0 0 0 0 382 0 -1 0 0 0 32002 32002 0 0 0 0 0 0
WIT 7 -348 -347 -296 -302 -290 2266 1 0 0 32002 0 -1 0 0 0 32002 32002 0 0 0 0 0 0
WIT 8 -348 -347 -341 -348 -359 0 0 0 0 -347 0 -1 0 0 0 32002 32002 0 0 0 0 0 2266
WIT 7 347 383 348 342 341 0 0 0 0 338 0 -1 0 0 0 32002 32002 0 0 0 0 0 0
WIT 8 -348 -347 -335 -342 -307 3749 0 0 0 32002 0 -1 0 0 0 32002 32002 0 0 0 0 0 0
WIT 10 -348 -347 -354 -363 -366 0 0 0 0 -348 0 -1 0 0 0 32002 32002 0 0 0 0 0 3363
WIT 7 -348 -347 -330 -336 -336 2266 1 0 0 32002 0 -1 0 0 0 32002 32002 0 0 0 0 0 0
WIT 7 -348 -347 -382 -388 -367 0 0 0 0 -348 0 -1 0 0 0 32002 32002 0 0 0 0 0 0
WIT 8 347 348 375 368 343 0 0 0 0 348 0 -1 0 0 0 32002 32002 0 0 0 0 0 49415
WIT 8 -348 -347 -382 -389 -490 0 0 0 0 -348 0 -1 0 0 0 32002 32002 0 0 0 0 0 0
WIT 10 -348 -347 -347 -366 -373 0 0 0 0 -348 0 -1 0 0 0 32002 32002 0 0 0 0 0 0
WIT 8 347 348 360 345 337 0 0 0 0 348 0 -1 0 0 0 32002 32002 0 0 0 0 0 405
WIT 7 382 383 387 381 475 1683 0 0 0 32002 0 -1 0 0 0 32002 32002 0 0 0 0 0 0
WIT 7 382 383 348 342 294 0 0 0 0 383 0 -1 0 0 0 32002 32002 0 0 0 0 0 643
WIT 9 -348 -347 -330 -338 -336 2266 1 0 0 32002 0 -1 0 0 0 32002 32002 0 0 0 0 0 0
WIT 9 -348 -347 -301 -309 -337 0 0 0 0 -285 0 -1 0 0 0 32002 32002 0 0 0 0 0 2720
WIT 8 -348 -347 -323 -330 -330 3169 0 0 0 32002 0 -1 0 0 0 32002 32002 0 0 0 0 0 0
WIT 9 -348 -347 -326 -334 -377 0 0 0 0 -330 0 -1 0 0 0 32002 32002 0 0 0 0 0 2266
WIT 8 -348 -347 -327 -334 -334 3177 0 0 0 32002 0 -1 0 0 0 32002 32002 0 0 0 0 0 0
WIT 7 347 383 348 342 341 0 0 0 0 347 0 -1 0 0 0 32002 32002 0 0 0 0 0 0
WIT 8 -348 -347 -355 -362 -329 0 0 0 0 32002 0 -1 0 0 0 32002 32002 0 0 0 0 0 0
WIT 8 -348 -347 -337 -344 -325 3363 1 0 0 32002 0 -1 0 0 0 32002 32002 0 0 0 0 0 0
WIT 7 347 383 348 342 341 0 0 0 0 347 0 -1 0 0 0 32002 32002 0 0 0 0 0 0
WIT 8 -348 -347 -362 -369 -317 0 0 0 0 32002 0 -1 0 0 0 32002 32002 0 0 0 0 0 0
WIT 7 -348 -347 -350 -356 -324 0 0 0 0 32002 0 -1 0 0 0 32002 32002 0 0 0 0 0 0
WIT 8 -348 -347 -352 -359 -364 0 0 0 0 -328 0 -1 0 0 0 32002 32002 0 0 0 0 0 3690
WIT 6 -348 -347 -338 -343 -360 0 0 0 0 -335 0 -1 0 0 0 32002 32002 0 0 0 0 0 2266
WIT 8 -348 -347 -362 -369 -369 3827 0 0 1 -339 0 -1 0 0 0 32002 32002 0 0 0 0 0 3690
WIT 7 -348 -347 -349 -355 -353 3690 0 1 0 -321 0 -1 0 0 0 32002 32002 0 0 0 0 0 3242
WIT 8 -348 -347 -319 -326 -326 2266 1 0 0 32002 0 -1 0 0 0 32002 32002 0 0 0 0 0 0
WIT 6 -348 -347 -355 -360 -360 3827 0 0 1 -310 0 -1 0 0 0 32002 32002 0 0 0 0 0 3690
WIT 7 -348 -347 -359 -365 -335 3827 0 0 0 32002 0 -1 0 0 0 32002 32002 0 0 0 0 0 0
WIT 7 -348 -347 -361 -367 -361 3827 0 0 1 -329 0 -1 0 0 0 32002 32002 0 0 0 0 0 3690
WIT 7 -330 -329 -326 -332 -296 3761 0 0 0 32002 0 -1 0 0 0 32002 32002 0 0 0 0 0 0
WIT 7 -330 -329 -347 -353 -331 0 0 0 0 -330 0 -1 0 0 0 32002 32002 0 0 0 0 0 3761
WIT 9 -330 -329 -330 -338 -311 2266 1 0 0 32002 0 -1 0 0 0 32002 32002 0 0 0 0 0 0
WIT 8 -330 -329 -336 -343 -336 0 0 0 0 -314 0 -1 0 0 0 32002 32002 0 0 0 0 0 2266
WIT 7 -330 -329 -347 -360 -349 2720 0 0 1 -330 1 1 12222 1 1 -330 -326 0 0 0 0 16 2720
WIT 7 -330 -329 -331 -344 -332 2720 0 0 1 -323 0 -1 0 0 0 32002 32002 0 0 0 0 0 2266
WIT 7 -330 -329 -330 -336 -342 0 0 0 0 -329 0 -1 0 0 0 32002 32002 0 0 0 0 0 3177
WIT 7 -330 -329 -339 -345 -386 0 0 0 0 -331 0 -1 0 0 0 32002 32002 0 0 0 0 0 0
WIT 7 336 337 389 383 386 332 0 0 0 32002 0 -1 0 0 0 32002 32002 0 0 0 0 0 0
WIT 7 -365 -329 -347 -353 -378 0 0 0 0 -337 0 -1 0 0 0 32002 32002 0 0 0 0 0 3827
WIT 7 -338 -337 -338 -351 -372 0 0 0 0 -331 0 -1 0 0 0 32002 32002 0 0 0 0 0 2720
WIT 7 -338 -337 -382 -388 -385 2266 1 0 0 -337 0 -1 0 0 0 32002 32002 0 0 0 0 0 2713
WIT 8 336 337 371 364 340 0 0 0 0 340 0 -1 0 0 0 32002 32002 0 0 0 0 0 346
WIT 7 336 337 359 353 353 1098 0 0 0 32002 0 -1 0 0 0 32002 32002 0 0 0 0 0 0
WIT 6 336 337 363 358 358 332 0 0 0 32002 0 -1 0 0 0 32002 32002 0 0 0 0 0 0
WIT 8 -365 -329 -347 -354 -359 0 0 0 0 -337 0 -1 0 0 0 32002 32002 0 0 0 0 0 3690
WIT 6 -338 -337 -330 -335 -360 0 0 0 0 -337 0 -1 0 0 0 32002 32002 0 0 0 0 0 2720
WIT 9 -338 -337 -332 -340 -340 2720 0 0 1 -331 0 -1 0 0 0 32002 32002 0 0 0 0 0 3827
WIT 6 -338 -337 -347 -352 -303 0 0 0 0 32002 0 -1 0 0 0 32002 32002 0 0 0 0 0 0
WIT 6 -338 -337 -347 -352 -325 2266 1 0 0 32002 0 -1 0 0 0 32002 32002 0 0 0 0 0 0
WIT 8 -338 -337 -347 -362 -365 0 0 0 0 -337 0 -1 0 0 0 32002 32002 0 0 0 0 0 3690
WIT 8 -338 -337 -347 -362 -362 3177 0 0 1 -337 0 -1 0 0 0 32002 32002 0 0 0 0 0 3690
WIT 8 -338 -337 -322 -329 -265 2266 1 0 0 32002 0 -1 0 0 0 32002 32002 0 0 0 0 0 0
WIT 6 -338 -337 -293 -298 -224 2074 1 0 0 32002 0 -1 0 0 0 32002 32002 0 0 0 0 0 0
WIT 10 -338 -337 -296 -305 -289 2266 1 0 0 32002 0 -1 0 0 0 32002 32002 0 0 0 0 0 0
WIT 9 -338 -337 -331 -348 -362 0 0 0 0 -335 0 -1 0 0 0 32002 32002 0 0 0 0 0 2720
WIT 7 -338 -337 -288 -294 -321 0 0 0 0 -325 0 -1 0 0 0 32002 32002 0 0 0 0 0 2720
WIT 8 -338 -337 -347 -362 -364 0 0 0 0 -338 0 -1 0 0 0 32002 32002 0 0 0 0 0 0
WIT 11 364 365 359 338 309 0 0 0 0 365 0 -1 0 0 0 32002 32002 0 0 0 0 0 346
WIT 9 364 365 401 393 283 0 0 0 0 378 0 -1 0 0 0 32002 32002 0 0 0 0 0 1187
WIT 11 364 365 391 370 350 0 0 0 0 375 0 -1 0 0 0 32002 32002 0 0 0 0 0 1699
WIT 7 364 365 532 526 462 0 0 0 0 424 0 -1 0 0 0 32002 32002 0 0 0 0 0 346
WIT 7 364 365 297 291 291 139 0 0 1 365 0 -1 0 0 0 32002 32002 0 0 0 0 0 1308
WIT 8 364 365 482 475 481 405 0 0 0 32002 0 -1 0 0 0 32002 32002 0 0 0 0 0 0
WIT 6 365 366 189 184 183 0 0 0 0 339 0 -1 0 0 0 32002 32002 0 0 0 0 0 0
WIT 10 -366 -365 -326 -345 -365 0 0 0 0 -365 0 -1 0 0 0 32002 32002 0 0 0 0 0 2720
WIT 8 365 389 338 331 326 0 0 0 0 365 0 -1 0 0 0 32002 32002 0 0 0 0 0 0
WIT 11 -366 -365 -327 -337 -337 3363 1 0 0 32002 0 -1 0 0 0 32002 32002 0 0 0 0 0 0
WIT 8 -366 -365 -313 -320 -348 0 0 1 0 -365 0 -1 0 0 0 32002 32002 0 0 0 0 0 3502
WIT 7 -366 -365 -347 -353 -285 0 0 0 0 32002 0 -1 0 0 0 32002 32002 0 0 0 0 0 0
WIT 7 -366 -365 -347 -353 -277 0 0 0 0 32002 0 -1 0 0 0 32002 32002 0 0 0 0 0 0
WIT 8 365 389 338 331 327 0 0 0 0 365 0 -1 0 0 0 32002 32002 0 0 0 0 0 0
WIT 7 -366 -365 -325 -331 -419 0 0 1 0 -338 0 -1 0 0 0 32002 32002 0 0 0 0 0 3502
WIT 7 -366 -365 -338 -344 -334 2258 1 0 0 32002 0 -1 0 0 0 32002 32002 0 0 0 0 0 0
WIT 9 -366 -365 19 11 10 0 0 1 0 -75 0 -1 0 0 0 32002 32002 0 0 0 0 0 2593
WIT 12 -366 -365 -347 -370 -371 0 0 0 0 -365 0 -1 0 0 0 32002 32002 0 0 0 0 0 3363
WIT 9 -366 -365 -330 -338 -338 3363 1 0 0 32002 0 -1 0 0 0 32002 32002 0 0 0 0 0 0
WIT 7 -366 -365 -337 -343 -343 3177 0 0 0 32002 0 -1 0 0 0 32002 32002 0 0 0 0 0 0
WIT 8 -366 -365 -312 -319 -305 0 0 0 0 32002 0 -1 0 0 0 32002 32002 0 0 0 0 0 0
WIT 7 -366 -365 -337 -343 -328 2074 1 0 0 32002 0 -1 0 0 0 32002 32002 0 0 0 0 0 0
WIT 9 -366 -365 -329 -346 -334 2266 1 0 0 32002 0 -1 0 0 0 32002 32002 0 0 0 0 0 0
WIT 7 -366 -365 -307 -313 -314 0 0 0 0 -333 0 -1 0 0 0 32002 32002 0 0 0 0 0 3363
WIT 7 -366 -365 -326 -332 -303 3761 0 0 0 32002 0 -1 0 0 0 32002 32002 0 0 0 0 0 0
WIT 8 -366 -365 -324 -339 -345 0 0 0 0 -365 0 -1 0 0 0 32002 32002 0 0 0 0 0 3177
WIT 7 -366 -365 -342 -348 -342 0 0 0 0 32002 0 -1 0 0 0 32002 32002 0 0 0 0 0 0
WIT 8 -366 -365 -323 -338 -335 2720 0 0 0 32002 0 -1 0 0 0 32002 32002 0 0 0 0 0 0
WIT 6 -366 -365 -327 -332 -333 0 0 0 0 -348 0 -1 0 0 0 32002 32002 0 0 0 0 0 2720
WIT 11 -366 -365 -337 -358 -371 0 0 0 0 -365 0 -1 0 0 0 32002 32002 0 0 0 0 0 3827
WIT 9 -366 -365 -331 -339 -339 2720 0 0 0 32002 0 -1 0 0 0 32002 32002 0 0 0 0 0 0
WIT 8 -366 -365 -347 -354 -354 3502 0 0 0 32002 0 -1 0 0 0 32002 32002 0 0 0 0 0 0
WIT 8 -366 -365 -305 -312 -309 2720 0 0 0 32002 0 -1 0 0 0 32002 32002 0 0 0 0 0 0
WIT 10 -366 -365 -337 -356 -361 0 0 0 0 -365 0 -1 0 0 0 32002 32002 0 0 0 0 0 3690
WIT 9 -366 -365 -337 -354 -354 3177 0 0 0 32002 0 -1 0 0 0 32002 32002 0 0 0 0 0 0
WIT 9 -366 -365 -329 -337 -318 2266 1 0 0 32002 0 -1 0 0 0 32002 32002 0 0 0 0 0 0
WIT 6 -366 -365 -341 -346 -347 0 0 0 0 -344 0 -1 0 0 0 32002 32002 0 0 0 0 0 3827
WIT 7 -366 -365 -341 -354 -354 2266 1 0 0 32002 0 -1 0 0 0 32002 32002 0 0 0 0 0 0
WIT 8 -366 -365 -347 -354 -355 0 0 0 0 -357 0 -1 0 0 0 32002 32002 0 0 0 0 0 3690
WIT 7 -366 -365 -324 -330 -327 3690 0 1 0 32002 0 -1 0 0 0 32002 32002 0 0 0 0 0 0
WIT 7 -366 -365 -319 -325 -325 2266 1 0 0 32002 0 -1 0 0 0 32002 32002 0 0 0 0 0 0
WIT 6 -366 -365 -292 -297 -297 3177 0 0 0 32002 0 -1 0 0 0 32002 32002 0 0 0 0 0 0
WIT 6 -366 -365 -315 -320 -320 3177 0 0 0 32002 0 -1 0 0 0 32002 32002 0 0 0 0 0 0
WIT 6 -366 -365 -325 -330 -318 2266 1 0 0 32002 0 -1 0 0 0 32002 32002 0 0 0 0 0 0
WIT 7 -366 -365 -331 -337 -338 0 0 0 0 -364 0 -1 0 0 0 32002 32002 0 0 0 0 0 3690
WIT 6 -366 -365 -359 -364 -338 3827 0 0 0 32002 0 -1 0 0 0 32002 32002 0 0 0 0 0 0
WIT 7 -389 -333 -365 -371 -368 3827 0 0 1 -335 1 1 41066 1 1 -335 -333 0 0 0 0 47 3827
WIT 10 -334 -333 -327 -336 -336 3363 1 0 0 -333 0 -1 0 0 0 32002 32002 0 0 0 0 0 2851
WIT 8 333 334 383 376 376 139 0 0 0 32002 0 -1 0 0 0 32002 32002 0 0 0 0 0 0
WIT 9 -334 -333 -335 -352 -375 0 0 1 0 -334 0 -1 0 0 0 32002 32002 0 0 0 0 0 0
WIT 8 -334 -333 -335 -350 -375 0 0 0 0 -334 0 -1 0 0 0 32002 32002 0 0 0 0 0 0
WIT 7 -334 -333 -296 -302 -300 0 0 0 0 32002 0 -1 0 0 0 32002 32002 0 0 0 0 0 0
WIT 9 -334 -333 -317 -325 -270 0 0 0 0 32002 0 -1 0 0 0 32002 32002 0 0 0 0 0 0
WIT 8 -334 -333 -365 -380 -407 0 0 1 0 -333 0 -1 0 0 0 32002 32002 0 0 0 0 0 3502
WIT 8 -334 -333 -321 -328 -285 0 0 0 0 32002 0 -1 0 0 0 32002 32002 0 0 0 0 0 0
WIT 7 -334 -333 -365 -371 -328 0 0 0 0 32002 0 -1 0 0 0 32002 32002 0 0 0 0 0 0
WIT 7 -334 -333 -347 -353 -333 0 0 0 0 32002 0 -1 0 0 0 32002 32002 0 0 0 0 0 0
WIT 8 -334 -333 -347 -354 -276 0 0 0 0 32002 0 -1 0 0 0 32002 32002 0 0 0 0 0 0
WIT 6 -334 -333 -339 -344 -300 0 0 0 0 32002 0 -1 0 0 0 32002 32002 0 0 0 0 0 0
WIT 8 -389 -333 -365 -372 -386 0 0 0 0 -333 0 -1 0 0 0 32002 32002 0 0 0 0 0 3690
WIT 6 -334 -333 -329 -334 -335 0 0 0 0 -333 0 -1 0 0 0 32002 32002 0 0 0 0 0 3690
WIT 6 -334 -333 -352 -357 -357 3756 0 0 1 -333 0 -1 0 0 0 32002 32002 0 0 0 0 0 3690
WIT 11 -334 -333 -353 -363 -359 3811 1 0 0 -333 0 -1 0 0 0 32002 32002 0 0 0 0 0 2851
WIT 9 -334 -333 -327 -335 -335 2258 1 0 0 -322 0 -1 0 0 0 32002 32002 0 0 0 0 0 2720
WIT 9 -334 -333 -341 -349 -431 0 0 1 0 -331 0 -1 0 0 0 32002 32002 0 0 0 0 0 3502
WIT 10 -334 -333 -365 -374 -374 2258 1 0 0 -333 0 -1 0 0 0 32002 32002 0 0 0 0 0 3827
WIT 11 -334 -333 -365 -375 -378 0 0 0 0 -333 0 -1 0 0 0 32002 32002 0 0 0 0 0 3690
WIT 10 -334 -333 -365 -374 -374 2258 1 0 0 -333 0 -1 0 0 0 32002 32002 0 0 0 0 0 3690
WIT 9 -334 -333 -365 -373 -332 0 0 0 0 32002 0 -1 0 0 0 32002 32002 0 0 0 0 0 0
WIT 9 -334 -333 -365 -373 -365 3177 0 0 1 -333 0 -1 0 0 0 32002 32002 0 0 0 0 0 3690
WIT 7 -334 -333 -365 -371 -336 2265 0 0 1 -334 1 1 39184 1 1 -334 -292 0 0 0 0 12 2265
WIT 9 -334 -333 -365 -373 -381 0 0 0 0 -333 0 -1 0 0 0 32002 32002 0 0 0 0 0 3690
WIT 8 -334 -333 -293 -300 -300 3827 0 1 0 32002 0 -1 0 0 0 32002 32002 0 0 0 0 0 0
WIT 7 -334 -333 -339 -345 -354 0 0 0 0 -308 0 -1 0 0 0 32002 32002 0 0 0 0 0 2258
WIT 8 -334 -333 -317 -324 -315 0 0 0 0 32002 0 -1 0 0 0 32002 32002 0 0 0 0 0 0
WIT 8 -334 -333 -338 -345 -334 2258 1 0 0 -357 0 -1 0 0 0 32002 32002 0 0 0 0 0 3169
WIT 7 -334 -333 -347 -353 -324 0 0 0 0 32002 0 -1 0 0 0 32002 32002 0 0 0 0 0 0
WIT 7 -334 -333 -338 -344 -307 0 0 0 0 32002 0 -1 0 0 0 32002 32002 0 0 0 0 0 0
WIT 11 -334 -333 -365 -386 -393 0 0 0 0 -333 0 -1 0 0 0 32002 32002 0 0 0 0 0 3363
WIT 7 -334 -333 -365 -378 -371 2851 1 0 0 -334 0 -1 0 0 0 32002 32002 0 0 0 0 0 0
WIT 9 333 334 383 375 429 0 0 0 0 32002 0 -1 0 0 0 32002 32002 0 0 0 0 0 0
WIT 7 -334 -333 -488 -494 -979 0 0 0 0 -494 0 -1 0 0 0 32002 32002 0 0 0 0 0 0
WIT 9 333 334 376 359 283 0 0 0 0 334 0 -1 0 0 0 32002 32002 0 0 0 0 0 1112
WIT 7 333 334 334 328 322 0 0 0 0 340 0 -1 0 0 0 32002 32002 0 0 0 0 0 1308
WIT 9 333 334 389 381 380 0 0 0 0 333 0 -1 0 0 0 32002 32002 0 0 0 0 0 1699
WIT 7 333 334 381 368 368 2 0 0 0 32002 0 -1 0 0 0 32002 32002 0 0 0 0 0 0
WIT 12 -334 -333 -365 -388 -388 2266 1 0 0 -334 0 -1 0 0 0 32002 32002 0 0 0 0 0 0
WIT 11 -334 -333 -345 -366 -367 0 0 0 0 -334 0 -1 0 0 0 32002 32002 0 0 0 0 0 0
WIT 6 347 348 334 329 358 0 0 0 0 32002 0 -1 0 0 0 32002 32002 0 0 0 0 0 0
WIT 6 347 348 517 512 503 0 0 0 0 348 0 -1 0 0 0 32002 32002 0 0 0 0 0 1699
WIT 6 -349 -348 -365 -370 -323 0 0 0 0 32002 0 -1 0 0 0 32002 32002 0 0 0 0 0 0
WIT 8 348 349 334 319 323 332 0 0 1 355 0 -1 0 0 0 32002 32002 0 0 0 0 0 528
WIT 7 348 349 383 377 436 0 0 0 0 32002 0 -1 0 0 0 32002 32002 0 0 0 0 0 0
WIT 6 348 349 344 339 315 0 0 0 0 494 0 -1 0 0 0 32002 32002 0 0 0 0 0 1568
WIT 7 348 349 334 321 268 0 0 0 0 354 0 -1 0 0 0 32002 32002 0 0 0 0 0 1112
WIT 7 348 349 334 321 324 339 0 0 1 349 0 -1 0 0 0 32002 32002 0 0 0 0 0 1699
WIT 8 -349 -348 -365 -380 -382 0 0 0 0 -349 0 -1 0 0 0 32002 32002 0 0 0 0 0 0
WIT 8 -349 -348 -337 -352 -352 3177 0 0 1 -337 0 -1 0 0 0 32002 32002 0 0 0 0 0 3690
WIT 6 -349 -348 -319 -324 -317 3690 0 0 0 32002 0 -1 0 0 0 32002 32002 0 0 0 0 0 0
WIT 6 -341 -340 -325 -330 -309 2265 0 0 0 32002 0 -1 0 0 0 32002 32002 0 0 0 0 0 0
WIT 7 -341 -340 -342 -348 -341 0 0 0 0 -331 0 -1 0 0 0 32002 32002 0 0 0 0 0 2266
WIT 6 -341 -340 -290 -295 -295 2266 1 0 0 32002 0 -1 0 0 0 32002 32002 0 0 0 0 0 0
WIT 9 -341 -340 -338 -355 -343 2266 1 0 0 -337 0 -1 0 0 0 32002 32002 0 0 0 0 0 2720
WIT 8 -341 -340 -323 -330 -283 0 0 0 0 32002 0 -1 0 0 0 32002 32002 0 0 0 0 0 0
WIT 8 -341 -340 -330 -337 -334 3363 1 0 0 32002 0 -1 0 0 0 32002 32002 0 0 0 0 0 0
WIT 8 -341 -340 -251 -258 -257 2266 1 0 0 32002 0 -1 0 0 0 32002 32002 0 0 0 0 0 0
WIT 7 -341 -340 -382 -388 -388 2266 1 0 0 -339 0 -1 0 0 0 32002 32002 0 0 0 0 0 2713
WIT 6 -341 -340 -337 -342 -342 3177 0 0 1 -337 0 -1 0 0 0 32002 32002 0 0 0 0 0 3827
WIT 6 -341 -340 -337 -342 -338 2266 1 0 0 32002 0 -1 0 0 0 32002 32002 0 0 0 0 0 0
WIT 8 -341 -340 -335 -350 -364 0 0 0 0 -345 0 -1 0 0 0 32002 32002 0 0 0 0 0 0
WIT 7 -341 -340 -336 -349 -351 0 0 0 0 -344 0 -1 0 0 0 32002 32002 0 0 0 0 0 0
WIT 11 340 341 349 328 328 332 0 0 1 344 0 -1 0 0 0 32002 32002 0 0 0 0 0 405
WIT 7 340 341 349 343 343 1699 1 0 0 32002 0 -1 0 0 0 32002 32002 0 0 0 0 0 0
WIT 7 340 374 344 338 336 0 0 0 0 370 0 -1 0 0 0 32002 32002 0 0 0 0 0 1699
WIT 8 369 370 354 339 352 332 0 0 1 370 0 -1 0 0 0 32002 32002 0 0 0 0 0 528
WIT 7 369 370 383 377 435 0 0 0 0 32002 0 -1 0 0 0 32002 32002 0 0 0 0 0 0
WIT 7 369 370 353 340 268 0 0 0 0 370 0 -1 0 0 0 32002 32002 0 0 0 0 0 1112
WIT 9 369 370 370 362 336 0 0 0 0 370 0 -1 0 0 0 32002 32002 0 0 0 0 0 722
WIT 7 369 370 349 336 335 0 0 0 0 370 0 -1 0 0 0 32002 32002 0 0 0 0 0 1308
WIT 7 369 370 349 336 333 0 0 0 0 369 0 -1 0 0 0 32002 32002 0 0 0 0 0 0
WIT 7 340 374 343 337 334 0 0 0 0 369 0 -1 0 0 0 32002 32002 0 0 0 0 0 405
WIT 7 368 369 349 343 343 1699 1 0 0 369 0 -1 0 0 0 32002 32002 0 0 0 0 0 405
WIT 7 368 369 353 347 349 339 0 0 1 370 0 -1 0 0 0 32002 32002 0 0 0 0 0 1699
WIT 6 368 369 377 372 372 1676 0 0 0 32002 0 -1 0 0 0 32002 32002 0 0 0 0 0 0
WIT 6 368 369 341 336 377 0 0 0 0 32002 0 -1 0 0 0 32002 32002 0 0 0 0 0 0
WIT 8 -370 -369 -311 -318 -325 0 0 0 0 -339 0 -1 0 0 0 32002 32002 0 0 0 0 0 2266
WIT 6 -370 -369 -324 -329 -284 0 0 0 0 32002 0 -1 0 0 0 32002 32002 0 0 0 0 0 0
WIT 7 -370 -369 -347 -360 -366 0 0 0 0 -357 0 -1 0 0 0 32002 32002 0 0 0 0 0 3690
WIT 6 -370 -369 -319 -324 -324 2266 1 0 0 32002 0 -1 0 0 0 32002 32002 0 0 0 0 0 0
WIT 8 368 369 365 350 313 0 0 0 0 369 0 -1 0 0 0 32002 32002 0 0 0 0 0 346
WIT 6 368 369 482 477 481 405 0 0 0 32002 0 -1 0 0 0 32002 32002 0 0 0 0 0 0
WIT 6 368 369 436 431 431 139 0 0 0 32002 0 -1 0 0 0 32002 32002 0 0 0 0 0 0
WIT 6 378 379 370 365 389 322 0 0 0 32002 0 -1 0 0 0 32002 32002 0 0 0 0 0 0
WIT 7 378 379 370 364 353 0 0 0 0 389 0 -1 0 0 0 32002 32002 0 0 0 0 0 49415
WIT 9 378 379 393 385 421 1098 0 0 0 32002 0 -1 0 0 0 32002 32002 0 0 0 0 0 0
WIT 8 378 379 370 363 363 346 0 0 1 379 0 -1 0 0 0 32002 32002 0 0 0 0 0 332
WIT 6 -379 -378 -328 -333 -395 0 0 0 0 -356 0 -1 0 0 0 32002 32002 0 0 0 0 0 3761
WIT 10 378 379 370 351 328 0 0 0 0 371 0 -1 0 0 0 32002 32002 0 0 0 0 0 0
WIT 8 378 379 370 355 339 0 0 0 0 371 0 -1 0 0 0 32002 32002 0 0 0 0 0 0
WIT 6 -351 -350 -317 -322 -351 0 0 0 0 -314 0 -1 0 0 0 32002 32002 0 0 0 0 0 2268
WIT 7 349 350 370 357 332 0 0 0 0 350 0 -1 0 0 0 32002 32002 0 0 0 0 0 1699
WIT 9 -351 -350 -355 -363 -339 3363 1 0 0 32002 0 -1 0 0 0 32002 32002 0 0 0 0 0 0
WIT 7 -351 -350 -337 -343 -302 0 0 0 0 32002 0 -1 0 0 0 32002 32002 0 0 0 0 0 0
WIT 6 -351 -350 -347 -352 -337 3502 0 0 0 32002 0 -1 0 0 0 32002 32002 0 0 0 0 0 0
WIT 6 -351 -350 -364 -369 -369 3827 0 0 1 -350 0 -1 0 0 0 32002 32002 0 0 0 0 0 2720
WIT 7 349 350 350 344 312 0 0 0 0 384 0 -1 0 0 0 32002 32002 0 0 0 0 0 1098
WIT 6 -350 -349 -337 -342 -321 3761 0 0 0 32002 0 -1 0 0 0 32002 32002 0 0 0 0 0 0
WIT 8 -350 -349 -365 -372 -366 3299 1 0 0 -342 0 -1 0 0 0 32002 32002 0 0 0 0 0 2851
WIT 6 -350 -349 -300 -305 -299 2720 0 0 0 32002 0 -1 0 0 0 32002 32002 0 0 0 0 0 0
WIT 11 349 350 350 329 324 0 0 0 0 349 0 -1 0 0 0 32002 32002 0 0 0 0 0 0
WIT 10 349 350 369 360 359 0 0 0 0 349 0 -1 0 0 0 32002 32002 0 0 0 0 0 0
WIT 7 -346 -345 -323 -336 -322 2720 0 0 0 32002 0 -1 0 0 0 32002 32002 0 0 0 0 0 0
WIT 6 -346 -345 -349 -354 -372 0 0 0 0 -345 0 -1 0 0 0 32002 32002 0 0 0 0 0 3690
WIT 7 -346 -345 -333 -339 -353 0 0 0 0 -304 0 -1 0 0 0 32002 32002 0 0 0 0 0 3299
WIT 7 345 346 334 328 296 0 0 0 0 346 0 -1 0 0 0 32002 32002 0 0 0 0 0 2517
WIT 7 -346 -345 -333 -346 -360 0 0 1 0 -345 0 -1 0 0 0 32002 32002 0 0 0 0 0 3502
WIT 7 -346 -345 -335 -348 -363 0 0 0 0 -345 0 -1 0 0 0 32002 32002 0 0 0 0 0 3363
WIT 6 -346 -345 -337 -342 -359 0 0 0 0 -345 0 -1 0 0 0 32002 32002 0 0 0 0 0 3690
WIT 6 -346 -345 -339 -344 -347 0 0 0 0 -345 0 -1 0 0 0 32002 32002 0 0 0 0 0 3690
WIT 6 -346 -345 -308 -313 -324 0 0 0 0 -345 0 -1 0 0 0 32002 32002 0 0 0 0 0 2258
WIT 6 -346 -345 -349 -354 -394 0 0 0 0 -345 0 -1 0 0 0 32002 32002 0 0 0 0 0 3363
WIT 9 -346 -345 -333 -341 -341 3819 0 0 0 32002 0 -1 0 0 0 32002 32002 0 0 0 0 0 0
WIT 14 -346 -345 -333 -346 -346 3811 1 0 0 -341 0 -1 0 0 0 32002 32002 0 0 0 0 0 2851
WIT 13 -346 -345 -333 -345 -345 3811 1 0 0 32002 0 -1 0 0 0 32002 32002 0 0 0 0 0 0
WIT 6 -169 -168 -147 -152 -153 0 0 0 0 -154 0 -1 0 0 0 32002 32002 0 0 0 0 0 3929
WIT 12 -346 -345 -323 -334 -334 2258 1 0 0 32002 0 -1 0 0 0 32002 32002 0 0 0 0 0 0
WIT 7 -346 -345 -331 -337 -320 2258 1 0 0 32002 0 -1 0 0 0 32002 32002 0 0 0 0 0 0
WIT 11 -346 -345 -331 -341 -424 0 0 1 0 -342 0 -1 0 0 0 32002 32002 0 0 0 0 0 3502
WIT 11 -346 -345 -333 -343 -343 2258 1 0 0 32002 0 -1 0 0 0 32002 32002 0 0 0 0 0 0
WIT 12 -346 -345 -333 -356 -357 0 0 0 0 -345 0 -1 0 0 0 32002 32002 0 0 0 0 0 3690
WIT 11 -346 -345 -333 -354 -325 2265 0 0 0 32002 0 -1 0 0 0 32002 32002 0 0 0 0 0 0
WIT 7 -346 -345 -365 -371 -331 0 0 0 0 32002 0 -1 0 0 0 32002 32002 0 0 0 0 0 0
WIT 7 -346 -345 -333 -339 -298 0 0 0 0 32002 0 -1 0 0 0 32002 32002 0 0 0 0 0 0
WIT 6 -346 -345 -333 -338 -292 0 0 0 0 32002 0 -1 0 0 0 32002 32002 0 0 0 0 0 0
WIT 6 -346 -345 -338 -343 -305 0 0 0 0 32002 0 -1 0 0 0 32002 32002 0 0 0 0 0 0
WIT 6 -346 -345 -296 -301 -288 2265 0 0 0 32002 0 -1 0 0 0 32002 32002 0 0 0 0 0 0
WIT 6 -346 -345 -347 -352 -321 0 0 0 0 32002 0 -1 0 0 0 32002 32002 0 0 0 0 0 0
WIT 6 -346 -345 -333 -338 -290 0 0 0 0 32002 0 -1 0 0 0 32002 32002 0 0 0 0 0 0
WIT 6 -346 -345 -317 -322 -312 0 0 0 0 32002 0 -1 0 0 0 32002 32002 0 0 0 0 0 0
WIT 14 -346 -345 -333 -360 -375 0 0 0 0 -345 0 -1 0 0 0 32002 32002 0 0 0 0 0 3363
WIT 7 -346 -345 -300 -306 -299 2720 0 0 0 32002 0 -1 0 0 0 32002 32002 0 0 0 0 0 0
WIT 7 -346 -345 -333 -346 -365 0 0 0 0 -324 0 -1 0 0 0 32002 32002 0 0 0 0 0 2258
WIT 7 -346 -345 -349 -362 -372 0 0 0 0 -345 0 -1 0 0 0 32002 32002 0 0 0 0 0 3363
WIT 7 -346 -345 -334 -340 -325 3370 0 1 0 32002 0 -1 0 0 0 32002 32002 0 0 0 0 0 0
WIT 7 -346 -345 -335 -341 -343 0 0 0 0 -325 0 -1 0 0 0 32002 32002 0 0 0 0 0 2720
WIT 6 -346 -345 -327 -332 -336 0 0 0 0 -323 0 -1 0 0 0 32002 32002 0 0 0 0 0 3827
WIT 7 -346 -345 -336 -342 -350 0 0 0 0 -327 0 -1 0 0 0 32002 32002 0 0 0 0 0 2266
WIT 11 -346 -345 -345 -366 -374 0 0 1 0 -346 0 -1 0 0 0 32002 32002 0 0 0 0 0 3899
WIT 6 345 346 358 353 288 0 0 0 0 360 0 -1 0 0 0 32002 32002 0 0 0 0 0 807
WIT 9 -346 -345 -270 -278 -392 0 0 0 0 -345 0 -1 0 0 0 32002 32002 0 0 0 0 0 2851
WIT 9 -346 -345 -308 -325 -341 0 0 0 0 -345 0 -1 0 0 0 32002 32002 0 0 0 0 0 3299
WIT 7 -346 -345 -345 -351 -311 0 0 0 0 32002 0 -1 0 0 0 32002 32002 0 0 0 0 0 0
WIT 11 -346 -345 -345 -366 -411 0 0 0 0 -345 0 -1 0 0 0 32002 32002 0 0 0 0 0 3363
WIT 6 -346 -345 -324 -329 -307 2266 1 0 0 32002 0 -1 0 0 0 32002 32002 0 0 0 0 0 0
WIT 13 -346 -345 -333 -345 -345 3363 1 0 0 32002 0 -1 0 0 0 32002 32002 0 0 0 0 0 0
WIT 12 -346 -345 -306 -317 -188 0 0 0 0 32002 0 -1 0 0 0 32002 32002 0 0 0 0 0 0
WIT 12 -346 -345 -311 -322 -252 0 0 0 0 32002 0 -1 0 0 0 32002 32002 0 0 0 0 0 0
WIT 11 -346 -345 -333 -354 -439 0 0 1 0 -345 0 -1 0 0 0 32002 32002 0 0 0 0 0 3502
WIT 8 345 346 334 327 310 0 0 0 0 346 0 -1 0 0 0 32002 32002 0 0 0 0 0 49415
WIT 8 345 346 334 319 317 0 0 0 0 346 0 -1 0 0 0 32002 32002 0 0 0 0 0 1699
WIT 8 -346 -345 -334 -349 -366 0 0 0 0 -346 0 -1 0 0 0 32002 32002 0 0 0 0 0 0
WIT 12 -346 -345 -341 -352 -336 3169 0 0 0 32002 0 -1 0 0 0 32002 32002 0 0 0 0 0 0
WIT 8 -346 -345 -308 -315 -305 3947 0 0 0 32002 0 -1 0 0 0 32002 32002 0 0 0 0 0 0
WIT 12 345 346 346 323 318 0 0 0 0 345 0 -1 0 0 0 32002 32002 0 0 0 0 0 0
WIT 11 -346 -345 -240 -261 -261 2266 1 0 0 32002 0 -1 0 0 0 32002 32002 0 0 0 0 0 0
WIT 7 -346 -345 -335 -341 -422 0 0 0 0 -317 0 -1 0 0 0 32002 32002 0 0 0 0 0 3169
WIT 12 345 346 346 323 317 0 0 0 0 345 0 -1 0 0 0 32002 32002 0 0 0 0 0 0
WIT 11 345 346 346 325 296 0 0 0 0 345 0 -1 0 0 0 32002 32002 0 0 0 0 0 0
WIT 7 -346 -345 -347 -353 -273 0 0 0 0 32002 0 -1 0 0 0 32002 32002 0 0 0 0 0 0
WIT 6 -346 -345 -347 -352 -280 0 0 0 0 32002 0 -1 0 0 0 32002 32002 0 0 0 0 0 0
WIT 6 -346 -345 -365 -370 -324 0 0 0 0 32002 0 -1 0 0 0 32002 32002 0 0 0 0 0 0
WIT 6 -346 -345 -347 -352 -334 0 0 0 0 32002 0 -1 0 0 0 32002 32002 0 0 0 0 0 0
WIT 12 -346 -345 -333 -356 -360 0 0 0 0 -345 0 -1 0 0 0 32002 32002 0 0 0 0 0 3690
WIT 7 -346 -345 -347 -353 -297 0 0 0 0 32002 0 -1 0 0 0 32002 32002 0 0 0 0 0 0
WIT 12 -346 -345 -347 -358 -353 2266 1 0 0 -329 0 -1 0 0 0 32002 32002 0 0 0 0 0 3690
WIT 6 -346 -345 -357 -362 -362 2851 1 0 0 -337 0 -1 0 0 0 32002 32002 0 0 0 0 0 3363
WIT 11 -346 -345 -358 -379 -371 3242 0 0 1 -345 0 -1 0 0 0 32002 32002 0 0 0 0 0 3690
WIT 10 -346 -345 -324 -333 -326 3690 0 1 0 32002 0 -1 0 0 0 32002 32002 0 0 0 0 0 0
WIT 9 -346 -345 -365 -373 -313 0 0 0 0 32002 0 -1 0 0 0 32002 32002 0 0 0 0 0 0
WIT 10 -346 -345 -329 -348 -331 3242 0 0 0 32002 0 -1 0 0 0 32002 32002 0 0 0 0 0 0
WIT 9 -346 -345 -292 -300 -301 0 0 0 0 -345 0 -1 0 0 0 32002 32002 0 0 0 0 0 3690
WIT 9 -346 -345 -325 -333 -333 3242 0 0 0 32002 0 -1 0 0 0 32002 32002 0 0 0 0 0 0
WIT 9 -346 -345 -339 -347 -347 3242 0 0 1 -337 0 -1 0 0 0 32002 32002 0 0 0 0 0 3690
WIT 10 -346 -345 -329 -338 -338 3242 0 0 0 32002 0 -1 0 0 0 32002 32002 0 0 0 0 0 0
WIT 9 -346 -345 -315 -323 -310 3242 0 0 0 32002 0 -1 0 0 0 32002 32002 0 0 0 0 0 0
WIT 8 -346 -345 -326 -333 -322 3370 0 0 0 32002 0 -1 0 0 0 32002 32002 0 0 0 0 0 0
WIT 8 -346 -345 -335 -342 -287 0 0 0 0 32002 0 -1 0 0 0 32002 32002 0 0 0 0 0 0
WIT 9 -346 -345 -364 -381 -381 3242 0 0 1 -345 0 -1 0 0 0 32002 32002 0 0 0 0 0 3690
WIT 8 -346 -345 -312 -319 -286 3242 0 0 0 32002 0 -1 0 0 0 32002 32002 0 0 0 0 0 0
WIT 10 -346 -345 -338 -357 -357 3177 0 0 1 -345 0 -1 0 0 0 32002 32002 0 0 0 0 0 3690
WIT 7 -329 -328 -330 -336 -367 0 0 0 0 -323 0 -1 0 0 0 32002 32002 0 0 0 0 0 3761
WIT 8 -329 -328 -323 -330 -331 0 0 0 0 -328 0 -1 0 0 0 32002 32002 0 0 0 0 0 53048
WIT 7 -329 -328 -333 -339 -364 0 0 0 0 -328 0 -1 0 0 0 32002 32002 0 0 0 0 0 3761
WIT 7 -329 -328 -336 -349 -358 0 0 0 0 -328 0 -1 0 0 0 32002 32002 0 0 0 0 0 2851
WIT 7 -329 -328 -337 -343 -321 3761 0 0 0 32002 0 -1 0 0 0 32002 32002 0 0 0 0 0 0
WIT 7 -329 -328 -331 -344 -399 0 0 0 0 -321 0 -1 0 0 0 32002 32002 0 0 0 0 0 2258
WIT 7 -329 -328 -365 -371 -371 3761 0 0 1 -328 0 -1 0 0 0 32002 32002 0 0 0 0 0 2258
WIT 9 -329 -328 -342 -350 -326 3299 1 0 0 32002 0 -1 0 0 0 32002 32002 0 0 0 0 0 0
WIT 9 -329 -328 -324 -341 -354 0 0 0 0 -329 0 -1 0 0 0 32002 32002 0 0 0 0 0 0
WIT 9 -329 -328 -326 -343 -365 0 0 0 0 -329 0 -1 0 0 0 32002 32002 0 0 0 0 0 0
WIT 6 -329 -328 -300 -305 -294 2720 0 0 0 32002 0 -1 0 0 0 32002 32002 0 0 0 0 0 0
WIT 7 -329 -328 -325 -331 -331 2258 1 0 0 -328 0 -1 0 0 0 32002 32002 0 0 0 0 0 3177
WIT 7 -329 -328 -331 -337 -331 2281 0 0 1 -328 0 -1 0 0 0 32002 32002 0 0 0 0 0 3169
WIT 7 -329 -328 -299 -305 -306 0 0 0 0 -301 0 -1 0 0 0 32002 32002 0 0 0 0 0 2265
WIT 7 -329 -328 -345 -351 -319 0 0 0 0 32002 0 -1 0 0 0 32002 32002 0 0 0 0 0 0
WIT 7 -362 -328 -345 -351 -372 0 0 0 0 -328 0 -1 0 0 0 32002 32002 0 0 0 0 0 3363
WIT 8 -329 -328 -365 -372 -326 0 0 0 0 32002 0 -1 0 0 0 32002 32002 0 0 0 0 0 0
WIT 7 -329 -328 -309 -322 -322 2266 1 0 0 32002 0 -1 0 0 0 32002 32002 0 0 0 0 0 0
WIT 7 -329 -328 -323 -336 -322 2720 0 0 0 32002 0 -1 0 0 0 32002 32002 0 0 0 0 0 0
WIT 8 -362 -328 -349 -356 -365 0 0 0 0 -328 0 -1 0 0 0 32002 32002 0 0 0 0 0 3690
WIT 10 -329 -328 -345 -364 -359 2851 1 0 0 -328 0 -1 0 0 0 32002 32002 0 0 0 0 0 3299
WIT 7 -329 -328 -337 -343 -345 0 0 0 0 -317 0 -1 0 0 0 32002 32002 0 0 0 0 0 2720
WIT 6 -329 -328 -339 -344 -320 2713 0 0 0 32002 0 -1 0 0 0 32002 32002 0 0 0 0 0 0
WIT 10 -329 -328 -345 -364 -360 3502 0 1 0 -328 0 -1 0 0 0 32002 32002 0 0 0 0 0 3899
WIT 8 -329 -328 -293 -300 -300 2720 0 0 0 32002 0 -1 0 0 0 32002 32002 0 0 0 0 0 0
WIT 6 -329 -328 -339 -344 -322 2713 0 0 0 32002 0 -1 0 0 0 32002 32002 0 0 0 0 0 0
WIT 7 -329 -328 -326 -332 -337 0 0 0 0 -323 0 -1 0 0 0 32002 32002 0 0 0 0 0 2851
WIT 9 -329 -328 -328 -345 -343 3299 1 0 0 -328 0 -1 0 0 0 32002 32002 0 0 0 0 0 2851
WIT 8 -329 -328 -328 -343 -356 0 0 0 0 -328 0 -1 0 0 0 32002 32002 0 0 0 0 0 3177
WIT 6 -329 -328 -345 -350 -314 0 0 0 0 32002 0 -1 0 0 0 32002 32002 0 0 0 0 0 0
WIT 6 -329 -328 -345 -350 -348 2258 1 0 0 -330 0 -1 0 0 0 32002 32002 0 0 0 0 0 0
WIT 6 328 329 360 355 355 594 1 0 0 32002 0 -1 0 0 0 32002 32002 0 0 0 0 0 0
WIT 9 -329 -328 -345 -353 -360 0 0 0 0 -329 0 -1 0 0 0 32002 32002 0 0 0 0 0 0
WIT 10 -329 -328 -345 -364 -386 0 0 0 0 -329 0 -1 0 0 0 32002 32002 0 0 0 0 0 0
WIT 8 -329 -328 -345 -352 -352 2851 1 0 0 -328 0 -1 0 0 0 32002 32002 0 0 0 0 0 3299
WIT 8 -329 -328 -345 -352 -352 3690 0 0 1 -316 0 -1 0 0 0 32002 32002 0 0 0 0 0 2258
WIT 7 -329 -328 -345 -351 -279 2265 0 0 0 32002 0 -1 0 0 0 32002 32002 0 0 0 0 0 0
WIT 6 -329 -328 -313 -318 -318 3299 1 0 0 32002 0 -1 0 0 0 32002 32002 0 0 0 0 0 0
WIT 9 -329 -328 -345 -362 -346 2266 1 0 0 -328 0 -1 0 0 0 32002 32002 0 0 0 0 0 3690
WIT 8 -329 -328 -345 -360 -345 2266 1 0 0 -328 0 -1 0 0 0 32002 32002 0 0 0 0 0 3690
WIT 7 -329 -328 -345 -351 -351 3177 0 0 1 -328 0 -1 0 0 0 32002 32002 0 0 0 0 0 3690
WIT 10 -362 -328 -345 -354 -354 3690 0 0 1 -328 0 -1 0 0 0 32002 32002 0 0 0 0 0 3827
WIT 8 -329 -328 -333 -340 -340 3502 0 0 1 -328 0 -1 0 0 0 32002 32002 0 0 0 0 0 3690
WIT 7 -329 -328 -333 -339 -340 0 0 0 0 -331 0 -1 0 0 0 32002 32002 0 0 0 0 0 0
WIT 6 -329 -328 -333 -338 -339 0 0 0 0 -329 0 -1 0 0 0 32002 32002 0 0 0 0 0 3242
WIT 13 -329 -328 -341 -353 -347 3811 1 0 0 -328 0 -1 0 0 0 32002 32002 0 0 0 0 0 2851
WIT 8 -329 -328 -333 -340 -294 3811 1 0 0 32002 0 -1 0 0 0 32002 32002 0 0 0 0 0 0
WIT 8 -329 -328 -333 -340 -340 2258 1 0 0 -328 0 -1 0 0 0 32002 32002 0 0 0 0 0 3827
WIT 6 328 329 329 324 323 0 0 0 0 345 0 -1 0 0 0 32002 32002 0 0 0 0 0 1098
WIT 13 -329 -328 -345 -370 -370 2281 0 0 1 -329 0 -1 0 0 0 32002 32002 0 1 0 65 0 2258
WIT 9 -329 -328 -333 -341 -334 2258 1 0 0 -328 0 -1 0 0 0 32002 32002 0 0 0 0 0 3690
WIT 11 -329 -328 -333 -343 -307 3690 0 0 0 32002 0 -1 0 0 0 32002 32002 0 0 0 0 0 0
WIT 11 -329 -328 -333 -354 -310 2265 0 0 0 32002 0 -1 0 0 0 32002 32002 0 0 0 0 0 0
WIT 6 -329 -328 -335 -340 -352 0 0 0 0 -328 0 -1 0 0 0 32002 32002 0 0 0 0 0 3947
WIT 11 -329 -328 -345 -355 -353 3947 0 0 1 -328 0 -1 0 0 0 32002 32002 0 0 0 0 0 3690
WIT 11 -329 -328 -345 -366 -374 0 0 0 0 -328 0 -1 0 0 0 32002 32002 0 0 0 0 0 2258
WIT 6 -329 -328 -362 -367 -365 3947 0 0 1 -337 1 1 41682 1 1 -329 -329 0 0 0 0 23 0
WIT 8 -329 -328 -336 -343 -340 2720 0 0 1 -328 0 -1 0 0 0 32002 32002 0 0 0 0 0 2258
WIT 9 328 329 343 326 323 0 0 0 0 339 0 -1 0 0 0 32002 32002 0 0 0 0 0 1098
WIT 8 -329 -328 -328 -335 -364 0 0 0 0 -325 0 -1 0 0 0 32002 32002 0 0 0 0 0 3947
WIT 10 -329 -328 -333 -342 -343 0 0 0 0 -328 0 -1 0 0 0 32002 32002 0 0 0 0 0 3690
WIT 8 -329 -328 -293 -300 -300 3827 0 1 0 32002 0 -1 0 0 0 32002 32002 0 0 0 0 0 0
WIT 7 -329 -328 -317 -323 -315 0 0 0 0 32002 0 -1 0 0 0 32002 32002 0 0 0 0 0 0
WIT 8 -329 -328 -296 -303 -293 2265 0 0 0 32002 0 -1 0 0 0 32002 32002 0 0 0 0 0 0
WIT 9 -329 -328 -69 -77 219 3827 0 1 0 32002 0 -1 0 0 0 32002 32002 0 0 0 0 0 0
WIT 10 -329 -328 -101 -120 -121 0 0 1 0 219 0 -1 0 0 0 32002 32002 0 0 0 0 0 2593
WIT 7 -329 -328 -308 -314 -260 0 0 0 0 32002 0 -1 0 0 0 32002 32002 0 0 0 0 0 0
WIT 6 -329 -328 -296 -301 -244 0 0 0 0 32002 0 -1 0 0 0 32002 32002 0 0 0 0 0 0
WIT 7 -329 -328 -338 -344 -308 0 0 0 0 32002 0 -1 0 0 0 32002 32002 0 0 0 0 0 0
WIT 7 -329 -328 -333 -339 -295 0 0 0 0 32002 0 -1 0 0 0 32002 32002 0 0 0 0 0 0
WIT 6 -329 -328 -330 -335 -551 0 0 0 0 -324 0 -1 0 0 0 32002 32002 0 0 0 0 0 2851
WIT 7 -329 -328 -330 -336 -344 0 0 0 0 -328 0 -1 0 0 0 32002 32002 0 0 0 0 0 3169
WIT 7 -329 -328 -347 -353 -319 0 0 0 0 32002 0 -1 0 0 0 32002 32002 0 0 0 0 0 0
WIT 7 -329 -328 -333 -339 -301 0 0 0 0 32002 0 -1 0 0 0 32002 32002 0 0 0 0 0 0
WIT 6 -329 -328 -283 -288 -288 3169 0 0 0 32002 0 -1 0 0 0 32002 32002 0 0 0 0 0 0
WIT 7 -329 -328 -333 -339 -287 0 0 0 0 32002 0 -1 0 0 0 32002 32002 0 0 0 0 0 0
WIT 8 -329 -328 3 -4 -5 0 0 1 0 419 0 -1 0 0 0 32002 32002 0 0 0 0 0 2593
WIT 13 -329 -328 -345 -370 -381 0 0 0 0 -328 0 -1 0 0 0 32002 32002 0 0 0 0 0 3363
WIT 8 -329 -328 -345 -360 -357 3177 0 0 1 -328 0 -1 0 0 0 32002 32002 0 0 0 0 0 3827
WIT 8 -329 -328 -336 -343 -345 0 0 0 0 -328 0 -1 0 0 0 32002 32002 0 0 0 0 0 3363
WIT 8 328 329 395 380 379 0 0 0 0 348 0 -1 0 0 0 32002 32002 0 0 0 0 0 1699
WIT 8 328 329 348 341 342 1699 1 0 0 32002 0 -1 0 0 0 32002 32002 0 0 0 0 0 0
WIT 9 328 329 398 381 351 0 0 0 0 329 0 -1 0 0 0 32002 32002 0 0 0 0 0 346
WIT 13 -329 -328 -345 -370 -370 3827 0 0 1 -330 1 1 4832 1 1 -329 -329 0 0 0 0 26 0
WIT 6 361 362 346 341 336 0 0 0 0 342 0 -1 0 0 0 32002 32002 0 0 0 0 0 0
WIT 6 -330 -329 -345 -350 -350 2713 0 0 1 -329 0 -1 0 0 0 32002 32002 0 0 0 0 0 3756
WIT 6 -330 -329 -336 -341 -341 3169 0 0 1 -305 0 -1 0 0 0 32002 32002 0 0 0 0 0 3756
WIT 7 -362 -328 -345 -351 -362 0 0 0 0 -329 0 -1 0 0 0 32002 32002 0 0 0 0 0 2851
WIT 7 -330 -329 -332 -338 -281 2266 1 0 0 32002 0 -1 0 0 0 32002 32002 0 0 0 0 0 0
WIT 8 -362 -328 -345 -352 -370 0 0 1 0 -329 0 -1 0 0 0 32002 32002 0 0 0 0 0 3370
WIT 7 -330 -329 -345 -351 -322 0 0 0 0 32002 0 -1 0 0 0 32002 32002 0 0 0 0 0 0
WIT 7 328 362 331 325 281 0 0 0 0 329 0 -1 0 0 0 32002 32002 0 0 0 0 0 1112
WIT 7 328 329 382 369 384 1683 0 0 0 32002 0 -1 0 0 0 32002 32002 0 0 0 0 0 0
WIT 7 328 329 360 347 338 0 0 0 0 329 0 -1 0 0 0 32002 32002 0 0 0 0 0 1114
WIT 7 -330 -329 -323 -329 -277 0 0 0 0 32002 0 -1 0 0 0 32002 32002 0 0 0 0 0 0
WIT 8 328 362 330 323 318 0 0 0 0 329 0 -1 0 0 0 32002 32002 0 0 0 0 0 332
WIT 6 328 329 348 343 343 1699 1 0 0 32002 0 -1 0 0 0 32002 32002 0 0 0 0 0 0
WIT 10 -330 -329 -345 -364 -360 2266 1 0 0 -328 0 -1 0 0 0 32002 32002 0 0 0 0 0 3827
WIT 10 -330 -329 -333 -342 -342 3363 1 0 0 -329 0 -1 0 0 0 32002 32002 0 0 0 0 0 2851
WIT 7 329 330 350 344 331 0 0 0 0 353 0 -1 0 0 0 32002 32002 0 0 0 0 0 49415
WIT 6 329 330 346 341 229 0 0 0 0 335 0 -1 0 0 0 32002 32002 0 0 0 0 0 1546
WIT 8 -330 -329 -329 -344 -383 0 0 1 0 -330 0 -1 0 0 0 32002 32002 0 0 0 0 0 0
WIT 9 -330 -329 -345 -362 -372 0 0 0 0 -330 0 -1 0 0 0 32002 32002 0 0 0 0 0 0
WIT 7 -330 -329 -347 -353 -266 0 0 0 0 32002 0 -1 0 0 0 32002 32002 0 0 0 0 0 0
WIT 9 -330 -329 -347 -355 -298 0 0 0 0 32002 0 -1 0 0 0 32002 32002 0 0 0 0 0 0
WIT 8 -330 -329 -330 -337 -345 0 0 0 0 -329 0 -1 0 0 0 32002 32002 0 0 0 0 0 3690
WIT 10 -330 -329 -285 -294 -270 2266 1 0 0 32002 0 -1 0 0 0 32002 32002 0 0 0 0 0 0
WIT 6 -330 -329 -344 -349 -363 0 0 0 0 -335 0 -1 0 0 0 32002 32002 0 0 0 0 0 0
WIT 7 -330 -329 -345 -358 -359 0 0 0 0 -330 0 -1 0 0 0 32002 32002 0 0 0 0 0 0
WIT 6 361 362 346 341 276 0 0 0 0 362 0 -1 0 0 0 32002 32002 0 0 0 0 0 346
WIT 8 361 362 350 343 296 0 0 0 0 362 0 -1 0 0 0 32002 32002 0 0 0 0 0 346
WIT 6 538 539 603 598 603 0 0 0 0 32002 0 -1 0 0 0 32002 32002 0 0 0 0 0 0
WIT 6 538 539 754 749 754 0 0 0 0 32002 0 -1 0 0 0 32002 32002 0 0 0 0 0 0
WIT 10 361 362 369 360 376 405 0 0 0 32002 0 -1 0 0 0 32002 32002 0 0 0 0 0 0
WIT 6 538 539 587 582 616 1123 1 0 0 32002 0 -1 0 0 0 32002 32002 0 0 0 0 0 0
WIT 12 361 362 375 352 352 396 0 0 1 376 0 -1 0 0 0 32002 32002 0 0 0 0 0 1123
WIT 12 361 362 475 464 463 0 0 0 0 487 0 -1 0 0 0 32002 32002 0 0 0 0 0 1112
WIT 12 361 362 374 351 323 0 0 0 0 374 0 -1 0 0 0 32002 32002 0 0 0 0 0 1699
WIT 11 361 362 381 371 371 405 0 0 0 32002 0 -1 0 0 0 32002 32002 0 0 0 0 0 0
WIT 10 361 362 443 434 442 405 0 0 0 32002 0 -1 0 0 0 32002 32002 0 0 0 0 0 0
WIT 12 361 362 468 457 551 1697 1 0 0 32002 0 -1 0 0 0 32002 32002 0 0 0 0 0 0
WIT 11 361 362 401 391 399 1762 1 0 0 32002 0 -1 0 0 0 32002 32002 0 0 0 0 0 0
WIT 10 361 362 417 408 407 0 0 0 0 422 0 -1 0 0 0 32002 32002 0 0 0 0 0 1699
WIT 10 361 362 412 403 403 405 0 0 0 32002 0 -1 0 0 0 32002 32002 0 0 0 0 0 0
WIT 11 361 362 394 384 386 1698 0 0 0 32002 0 -1 0 0 0 32002 32002 0 0 0 0 0 0
WIT 10 361 362 421 412 412 405 0 0 0 32002 0 -1 0 0 0 32002 32002 0 0 0 0 0 0
WIT 7 361 362 379 373 372 0 0 0 0 362 0 -1 0 0 0 32002 32002 0 0 0 0 0 1308
WIT 6 361 362 404 399 404 0 0 0 0 32002 0 -1 0 0 0 32002 32002 0 0 0 0 0 0
WIT 12 -363 -362 -285 -296 -271 2266 1 0 0 32002 0 -1 0 0 0 32002 32002 0 0 0 0 0 0
WIT 10 -363 -362 -329 -338 -308 2851 1 0 0 32002 0 -1 0 0 0 32002 32002 0 0 0 0 0 0
WIT 8 -363 -362 -277 -284 -250 0 0 0 0 32002 0 -1 0 0 0 32002 32002 0 0 0 0 0 0
WIT 11 362 363 330 309 318 139 0 0 1 363 0 -1 0 0 0 32002 32002 0 0 0 0 0 49415
WIT 10 362 363 378 369 381 528 0 0 0 32002 0 -1 0 0 0 32002 32002 0 0 0 0 0 0
WIT 9 362 363 350 342 331 0 0 0 0 381 0 -1 0 0 0 32002 32002 0 0 0 0 0 49415
WIT 8 362 363 334 319 215 0 0 0 0 363 0 -1 0 0 0 32002 32002 0 0 0 0 0 1546
WIT 11 362 363 330 309 308 0 0 0 0 363 0 -1 0 0 0 32002 32002 0 0 0 0 0 1699
WIT 10 362 363 330 311 277 0 0 0 0 363 0 -1 0 0 0 32002 32002 0 0 0 0 0 1112
WIT 6 362 363 358 353 352 0 0 0 0 385 0 -1 0 0 0 32002 32002 0 0 0 0 0 49415
WIT 8 -363 -362 -362 -377 -378 0 0 0 0 -362 0 -1 0 0 0 32002 32002 0 0 0 0 0 3363
WIT 11 -363 -362 -328 -349 -347 2851 1 0 0 32002 0 -1 0 0 0 32002 32002 0 0 0 0 0 0
WIT 8 -363 -362 -323 -330 -281 0 0 0 0 32002 0 -1 0 0 0 32002 32002 0 0 0 0 0 0
WIT 6 -363 -362 -337 -342 -342 3365 0 0 0 32002 0 -1 0 0 0 32002 32002 0 0 0 0 0 0
WIT 12 -363 -362 -328 -351 -350 3690 0 0 0 32002 0 -1 0 0 0 32002 32002 0 0 0 0 0 0
WIT 10 -363 -362 -329 -338 -334 3363 1 0 0 32002 0 -1 0 0 0 32002 32002 0 0 0 0 0 0
WIT 7 -363 -362 -277 -283 -253 0 0 0 0 32002 0 -1 0 0 0 32002 32002 0 0 0 0 0 0
WIT 6 -363 -362 -365 -370 -321 0 0 0 0 32002 0 -1 0 0 0 32002 32002 0 0 0 0 0 0
WIT 6 -363 -362 -321 -326 -277 0 0 0 0 32002 0 -1 0 0 0 32002 32002 0 0 0 0 0 0
WIT 10 362 363 330 311 315 1699 1 0 0 362 0 -1 0 0 0 32002 32002 0 0 0 0 0 0
WIT 10 -363 -362 -324 -333 -326 3690 0 1 0 32002 0 -1 0 0 0 32002 32002 0 0 0 0 0 0
WIT 11 -363 -362 -352 -362 -362 3811 1 0 0 32002 0 -1 0 0 0 32002 32002 0 0 0 0 0 0
WIT 9 -363 -362 5 -3 178 3242 0 1 0 32002 0 -1 0 0 0 32002 32002 0 0 0 0 0 0
WIT 10 -363 -362 -327 -336 -353 0 0 0 0 -362 0 -1 0 0 0 32002 32002 0 0 0 0 0 2720
WIT 9 -363 -362 -297 -305 -306 0 0 0 0 -357 0 -1 0 0 0 32002 32002 0 0 0 0 0 2720
WIT 6 -363 -362 -307 -312 -269 0 0 0 0 32002 0 -1 0 0 0 32002 32002 0 0 0 0 0 0
WIT 7 -363 -362 -321 -327 -327 2720 0 0 0 32002 0 -1 0 0 0 32002 32002 0 0 0 0 0 0
WIT 6 -363 -362 -302 -307 -345 0 0 0 0 -299 0 -1 0 0 0 32002 32002 0 0 0 0 0 2720
WIT 7 -363 -362 -306 -312 -313 0 0 0 0 -362 0 -1 0 0 0 32002 32002 0 0 0 0 0 2266
WIT 12 -363 -362 -329 -352 -354 0 0 0 0 -362 0 -1 0 0 0 32002 32002 0 0 0 0 0 3690
WIT 10 -363 -362 -345 -364 -364 3827 0 0 1 -345 0 -1 0 0 0 32002 32002 0 0 0 0 0 3690
WIT 10 -363 -362 -365 -374 -322 0 0 0 0 32002 0 -1 0 0 0 32002 32002 0 0 0 0 0 0
WIT 10 -363 -362 -329 -348 -339 3242 0 0 0 32002 0 -1 0 0 0 32002 32002 0 0 0 0 0 0
WIT 9 -363 -362 -325 -333 -323 3242 0 0 0 32002 0 -1 0 0 0 32002 32002 0 0 0 0 0 0
WIT 8 -363 -362 -311 -318 -271 0 0 0 0 32002 0 -1 0 0 0 32002 32002 0 0 0 0 0 0
WIT 9 -363 -362 -337 -345 -341 3242 0 0 0 32002 0 -1 0 0 0 32002 32002 0 0 0 0 0 0
WIT 9 -363 -362 -315 -323 -310 3242 0 0 0 32002 0 -1 0 0 0 32002 32002 0 0 0 0 0 0
WIT 9 -363 -362 -345 -362 -360 3242 0 0 0 32002 0 -1 0 0 0 32002 32002 0 0 0 0 0 0
WIT 10 -363 -362 -313 -322 -301 2266 1 0 0 32002 0 -1 0 0 0 32002 32002 0 0 0 0 0 0
WIT 11 -363 -362 -329 -339 -338 3242 0 0 0 32002 0 -1 0 0 0 32002 32002 0 0 0 0 0 0
WIT 10 -385 -331 -355 -364 -457 0 0 0 0 -385 0 -1 0 0 0 32002 32002 0 0 0 0 0 0
WIT 6 384 385 362 357 387 34857 1 0 0 32002 0 -1 0 0 0 32002 32002 0 0 0 0 0 0
WIT 10 384 385 422 413 313 0 0 0 0 384 0 -1 0 0 0 32002 32002 0 0 0 0 0 0
WIT 8 -332 -331 -384 -391 -412 0 0 0 0 -336 0 -1 0 0 0 32002 32002 0 0 0 0 0 0
WIT 7 -385 -331 -384 -390 -421 0 0 0 0 -397 0 -1 0 0 0 32002 32002 0 0 0 0 0 0
WIT 8 -385 -331 -383 -390 -422 0 0 0 0 -409 0 -1 0 0 0 32002 32002 0 0 0 0 0 0
WIT 6 -385 -384 -384 -389 -374 2851 1 0 0 32002 0 -1 0 0 0 32002 32002 0 0 0 0 0 0
WIT 11 384 385 385 375 297 0 0 0 0 385 0 -1 0 0 0 32002 32002 0 0 0 0 0 346
WIT 10 384 385 385 376 385 339 0 0 0 32002 0 -1 0 0 0 32002 32002 0 0 0 0 0 0
WIT 8 384 385 395 388 388 40 1 0 0 32002 0 -1 0 0 0 32002 32002 0 0 0 0 0 0
WIT 10 384 385 393 384 381 0 0 0 0 388 0 -1 0 0 0 32002 32002 0 0 0 0 0 1699
WIT 10 384 385 392 383 379 0 0 0 0 387 0 -1 0 0 0 32002 32002 0 0 0 0 0 2089
WIT 9 384 385 421 413 413 139 0 0 0 32002 0 -1 0 0 0 32002 32002 0 0 0 0 0 0
WIT 9 384 385 385 377 377 332 0 0 1 385 0 -1 0 0 0 32002 32002 0 0 0 0 0 139
WIT 8 -385 -331 -374 -381 -385 0 0 0 0 -385 0 -1 0 0 0 32002 32002 0 0 0 0 0 0
WIT 7 -385 -331 -356 -362 -1002 0 0 0 0 -281 0 -1 0 0 0 32002 32002 0 0 0 0 0 2713
WIT 9 -385 -331 -374 -382 -384 0 0 0 0 -319 0 -1 0 0 0 32002 32002 0 0 0 0 0 2777
WIT 7 331 332 371 365 287 0 0 0 0 379 0 -1 0 0 0 32002 32002 0 0 0 0 0 346
WIT 7 331 385 373 367 291 0 0 0 0 385 0 -1 0 0 0 32002 32002 0 0 0 0 0 346
WIT 7 -332 -331 -384 -390 -469 0 0 0 0 -351 0 -1 0 0 0 32002 32002 0 0 0 0 0 0
WIT 8 384 385 412 405 416 0 0 0 0 32002 0 -1 0 0 0 32002 32002 0 0 0 0 0 0
WIT 11 -332 -331 -313 -323 -331 0 0 0 0 -315 0 -1 0 0 0 32002 32002 0 0 0 0 0 3641
WIT 6 384 385 337 332 235 0 0 0 0 366 0 -1 0 0 0 32002 32002 0 0 0 0 0 0
WIT 8 331 385 343 336 313 0 0 0 0 331 0 -1 0 0 0 32002 32002 0 0 0 0 0 1698
WIT 9 384 385 332 324 315 0 0 0 0 385 0 -1 0 0 0 32002 32002 0 0 0 0 0 1096
WIT 10 384 385 385 376 332 0 0 0 0 385 0 -1 0 0 0 32002 32002 0 0 0 0 0 346
WIT 9 384 385 341 333 332 0 0 0 0 384 0 -1 0 0 0 32002 32002 0 0 0 0 0 0
WIT 8 -332 -331 -361 -368 -370 0 0 0 0 -331 0 -1 0 0 0 32002 32002 0 0 0 0 0 2266
WIT 7 -332 -331 -308 -314 -270 2811 0 0 0 32002 0 -1 0 0 0 32002 32002 0 0 0 0 0 0
WIT 7 -332 -331 -368 -374 -296 2851 1 0 0 32002 0 -1 0 0 0 32002 32002 0 0 0 0 0 0
WIT 7 384 385 385 379 379 139 0 0 1 385 0 -1 0 0 0 32002 32002 0 0 0 0 0 332
WIT 8 -385 -331 -373 -380 -447 0 0 0 0 -385 0 -1 0 0 0 32002 32002 0 0 0 0 0 0
WIT 7 -385 -331 -384 -390 -407 0 0 0 0 -331 0 -1 0 0 0 32002 32002 0 0 0 0 0 3177
WIT 7 -332 -331 -253 -259 -243 0 0 0 0 32002 0 -1 0 0 0 32002 32002 0 0 0 0 0 0
WIT 10 -332 -331 -380 -389 -390 0 0 0 0 -331 0 -1 0 0 0 32002 32002 0 0 0 0 0 3177
WIT 8 -332 -331 -330 -337 -338 0 0 0 0 -331 0 -1 0 0 0 32002 32002 0 0 0 0 0 2720
WIT 6 -332 -331 -320 -325 -346 0 0 0 0 -316 0 -1 0 0 0 32002 32002 0 0 0 0 0 2720
WIT 9 -332 -331 -373 -381 -384 0 0 0 0 -331 0 -1 0 0 0 32002 32002 0 0 0 0 0 3177
WIT 8 -332 -331 -362 -369 -355 3363 1 0 0 -318 0 -1 0 0 0 32002 32002 0 0 0 0 0 2851
WIT 6 -332 -331 -331 -336 -367 0 0 0 0 -331 0 -1 0 0 0 32002 32002 0 0 0 0 0 2720
WIT 9 -332 -331 -378 -386 -388 0 0 0 0 -331 0 -1 0 0 0 32002 32002 0 0 0 0 0 3177
WIT 10 -385 -331 -362 -371 -372 0 0 0 0 -385 0 -1 0 0 0 32002 32002 0 0 0 0 0 3893
WIT 13 -332 -331 -285 -297 -286 2266 1 0 0 32002 0 -1 0 0 0 32002 32002 0 0 0 0 0 0
WIT 11 -332 -331 -329 -339 -282 0 0 0 0 32002 0 -1 0 0 0 32002 32002 0 0 0 0 0 0
WIT 10 -332 -331 -291 -300 -250 0 0 0 0 32002 0 -1 0 0 0 32002 32002 0 0 0 0 0 0
WIT 10 -385 -331 -362 -371 -372 0 0 0 0 -331 0 -1 0 0 0 32002 32002 0 0 0 0 0 3690
WIT 8 -332 -331 -351 -358 -411 0 0 0 0 -320 0 -1 0 0 0 32002 32002 0 0 0 0 0 3947
WIT 10 -332 -331 -352 -361 -362 0 0 0 0 -329 0 -1 0 0 0 32002 32002 0 0 0 0 0 2258
WIT 10 -332 -331 -333 -342 -297 0 0 0 0 32002 0 -1 0 0 0 32002 32002 0 0 0 0 0 0
WIT 9 -332 -331 -344 -352 -328 2281 0 0 0 32002 0 -1 0 0 0 32002 32002 0 0 0 0 0 0
WIT 6 -332 -331 -331 -336 -297 0 0 0 0 32002 0 -1 0 0 0 32002 32002 0 0 0 0 0 0
WIT 9 -332 -331 -362 -379 -382 0 0 0 0 -331 0 -1 0 0 0 32002 32002 0 0 0 0 0 3363
WIT 11 -332 -331 -362 -372 -329 3370 0 1 0 32002 0 -1 0 0 0 32002 32002 0 0 0 0 0 0
WIT 9 -332 -331 -362 -379 -384 0 0 0 0 -329 0 -1 0 0 0 32002 32002 0 0 0 0 0 2720
WIT 14 -332 -331 -362 -389 -384 2720 0 0 1 -331 0 -1 0 0 0 32002 32002 0 0 0 0 0 2266
WIT 8 -332 -331 -357 -364 -363 3363 0 0 1 -326 0 -1 0 0 0 32002 32002 0 0 0 0 0 3827
WIT 13 -332 -331 -362 -387 -373 2720 0 0 1 -329 0 -1 0 0 0 32002 32002 0 0 0 0 0 2266
WIT 12 -332 -331 -328 -351 -349 2851 1 0 0 -328 0 -1 0 0 0 32002 32002 0 0 0 0 0 3363
WIT 8 -332 -331 -342 -349 -328 3299 1 0 0 32002 0 -1 0 0 0 32002 32002 0 0 0 0 0 0
WIT 9 -332 -331 -328 -336 -312 2720 0 0 0 32002 0 -1 0 0 0 32002 32002 0 0 0 0 0 0
WIT 6 331 332 332 327 285 0 0 0 0 327 0 -1 0 0 0 32002 32002 0 0 0 0 0 0
WIT 8 -332 -331 -328 -343 -384 0 0 0 0 -329 0 -1 0 0 0 32002 32002 0 0 0 0 0 3363
WIT 8 -332 -331 -309 -324 -323 2266 1 0 0 32002 0 -1 0 0 0 32002 32002 0 0 0 0 0 0
WIT 6 -332 -331 -324 -329 -330 0 0 0 0 -293 0 -1 0 0 0 32002 32002 0 0 0 0 0 2720
WIT 7 -332 -331 -323 -336 -322 2720 0 0 0 32002 0 -1 0 0 0 32002 32002 0 0 0 0 0 0
WIT 7 -332 -331 -342 -348 -351 0 0 0 0 -381 0 -1 0 0 0 32002 32002 0 0 0 0 0 0
WIT 10 -332 -331 -339 -348 -358 0 0 0 0 -332 0 -1 0 0 0 32002 32002 0 0 0 0 0 0
WIT 9 331 332 423 406 362 0 0 0 0 332 0 -1 0 0 0 32002 32002 0 0 0 0 0 1676
WIT 6 331 332 383 378 324 0 0 0 0 332 0 -1 0 0 0 32002 32002 0 0 0 0 0 1676
WIT 9 331 332 383 375 306 0 0 0 0 332 0 -1 0 0 0 32002 32002 0 0 0 0 0 346
WIT 7 331 332 332 326 325 0 0 0 0 331 0 -1 0 0 0 32002 32002 0 0 0 0 0 0
WIT 10 -332 -331 -331 -340 -360 0 0 0 0 -331 0 -1 0 0 0 32002 32002 0 0 0 0 0 3761
WIT 7 -332 -331 -331 -344 -338 3761 0 0 1 -331 0 -1 0 0 0 32002 32002 0 0 0 0 0 3827
WIT 6 -332 -331 -304 -309 -299 3827 0 0 0 32002 0 -1 0 0 0 32002 32002 0 0 0 0 0 0
WIT 10 -332 -331 -329 -348 -349 0 0 0 0 -331 0 -1 0 0 0 32002 32002 0 0 0 0 0 2266
WIT 9 -332 -331 -337 -345 -318 3177 0 0 0 32002 0 -1 0 0 0 32002 32002 0 0 0 0 0 0
WIT 9 -332 -331 -322 -330 -294 3177 0 0 0 32002 0 -1 0 0 0 32002 32002 0 0 0 0 0 0
WIT 9 -332 -331 -337 -354 -342 2266 1 0 0 -331 0 -1 0 0 0 32002 32002 0 0 0 0 0 2720
WIT 8 -332 -331 -253 -260 -257 2266 1 0 0 32002 0 -1 0 0 0 32002 32002 0 0 0 0 0 0
WIT 13 -332 -331 -362 -387 -388 0 0 0 0 -331 0 -1 0 0 0 32002 32002 0 0 0 0 0 3690
WIT 12 -332 -331 -311 -322 -245 0 0 0 0 32002 0 -1 0 0 0 32002 32002 0 0 0 0 0 0
WIT 11 -332 -331 -306 -316 -180 0 0 0 0 32002 0 -1 0 0 0 32002 32002 0 0 0 0 0 0
WIT 11 -332 -331 -345 -366 -405 0 0 1 0 -331 0 -1 0 0 0 32002 32002 0 0 0 0 0 3502
WIT 8 -332 -331 -303 -310 -310 2720 0 0 0 32002 0 -1 0 0 0 32002 32002 0 0 0 0 0 0
WIT 7 -332 -331 -312 -318 -377 0 0 1 0 -310 0 -1 0 0 0 32002 32002 0 0 0 0 0 3502
WIT 12 -332 -331 -329 -340 -334 3363 1 0 0 -331 0 -1 0 0 0 32002 32002 0 0 0 0 0 2851
WIT 8 -332 -331 -315 -322 -292 0 0 0 0 32002 0 -1 0 0 0 32002 32002 0 0 0 0 0 0
WIT 6 -332 -331 -347 -352 -332 0 0 0 0 -331 0 -1 0 0 0 32002 32002 0 0 0 0 0 2266
WIT 6 -332 -331 -365 -370 -313 0 0 0 0 32002 0 -1 0 0 0 32002 32002 0 0 0 0 0 0
WIT 12 -332 -331 -362 -385 -386 0 0 0 0 -331 0 -1 0 0 0 32002 32002 0 0 0 0 0 3690
WIT 12 -332 -331 -362 -373 -301 0 0 0 0 32002 0 -1 0 0 0 32002 32002 0 0 0 0 0 0
WIT 7 -332 -331 -349 -355 -286 0 0 0 0 32002 0 -1 0 0 0 32002 32002 0 0 0 0 0 0
WIT 8 -332 -331 -299 -306 -231 3370 0 1 0 32002 0 -1 0 0 0 32002 32002 0 0 0 0 0 0
WIT 7 -332 -331 -32 -38 335 3242 0 1 0 32002 0 -1 0 0 0 32002 32002 0 0 0 0 0 0
WIT 9 -332 -331 -306 -314 -354 0 0 0 0 -264 0 -1 0 0 0 32002 32002 0 0 0 0 0 2720
WIT 10 -332 -331 -362 -381 -391 0 0 0 0 -331 0 -1 0 0 0 32002 32002 0 0 0 0 0 2266
WIT 6 -332 -331 -307 -312 -262 0 0 0 0 32002 0 -1 0 0 0 32002 32002 0 0 0 0 0 0
WIT 7 -332 -331 -320 -326 -282 0 0 0 0 32002 0 -1 0 0 0 32002 32002 0 0 0 0 0 0
WIT 6 -332 -331 -347 -352 -330 0 0 0 0 32002 0 -1 0 0 0 32002 32002 0 0 0 0 0 0
WIT 6 -332 -331 -297 -302 -256 0 0 0 0 32002 0 -1 0 0 0 32002 32002 0 0 0 0 0 0
WIT 6 -332 -331 -322 -327 -280 0 0 0 0 32002 0 -1 0 0 0 32002 32002 0 0 0 0 0 0
WIT 6 -332 -331 -315 -320 -285 0 0 0 0 32002 0 -1 0 0 0 32002 32002 0 0 0 0 0 0
WIT 11 -332 -331 -362 -383 -384 0 0 0 0 -331 0 -1 0 0 0 32002 32002 0 0 0 0 0 3690
WIT 11 -332 -331 -346 -367 -361 3177 0 0 1 -331 0 -1 0 0 0 32002 32002 0 0 0 0 0 3690
WIT 10 -332 -331 -329 -338 -338 3242 0 0 1 -327 0 -1 0 0 0 32002 32002 0 0 0 0 0 3690
WIT 10 -332 -331 -328 -347 -335 3690 0 0 1 -328 0 -1 0 0 0 32002 32002 0 0 0 0 0 3827
WIT 9 -332 -331 -365 -373 -316 0 0 0 0 32002 0 -1 0 0 0 32002 32002 0 0 0 0 0 0
WIT 9 -332 -331 -345 -362 -360 3242 0 0 1 -323 0 -1 0 0 0 32002 32002 0 0 0 0 0 3690
WIT 9 -332 -331 -325 -333 -323 3242 0 0 0 32002 0 -1 0 0 0 32002 32002 0 0 0 0 0 0
WIT 9 -332 -331 -348 -356 -356 3169 0 0 1 -305 0 -1 0 0 0 32002 32002 0 0 0 0 0 3690
WIT 9 -332 -331 -311 -319 -256 0 0 0 0 32002 0 -1 0 0 0 32002 32002 0 0 0 0 0 0
WIT 9 -332 -331 -337 -345 -341 3242 0 0 1 -310 0 -1 0 0 0 32002 32002 0 0 0 0 0 3690
WIT 9 -332 -331 -315 -323 -310 3242 0 0 0 32002 0 -1 0 0 0 32002 32002 0 0 0 0 0 0
WIT 9 -332 -331 -329 -346 -338 3242 0 0 1 -328 0 -1 0 0 0 32002 32002 0 0 0 0 0 3690
WIT 9 -332 -331 -362 -370 -341 3242 0 0 1 -315 0 -1 0 0 0 32002 32002 0 0 0 0 0 3690
WIT 10 -332 -331 -345 -364 -355 3242 0 0 1 -331 0 -1 0 0 0 32002 32002 0 0 0 0 0 3690
WIT 7 -290 -289 -114 -120 -192 0 0 0 0 -267 0 -1 0 0 0 32002 32002 0 0 0 0 0 2720
WIT 6 -290 -289 -307 -312 -312 2720 1 0 0 -285 0 -1 0 0 0 32002 32002 0 0 0 0 0 3363
WIT 7 -290 -289 -229 -235 -267 0 0 0 0 -218 0 -1 0 0 0 32002 32002 0 0 0 0 0 2656
WIT 7 -290 -289 -236 -242 -243 0 0 0 0 -225 0 -1 0 0 0 32002 32002 0 0 0 0 0 2720
WIT 6 -290 -289 -311 -316 -296 0 0 0 0 -289 0 -1 0 0 0 32002 32002 0 0 0 0 0 3241
WIT 6 -290 -289 -331 -336 -353 0 0 0 0 -289 0 -1 0 0 0 32002 32002 0 0 0 0 0 3363
WIT 8 -290 -289 -247 -262 -944 0 0 0 0 -289 0 -1 0 0 0 32002 32002 0 0 0 0 0 2656
WIT 10 -290 -289 -331 -340 -451 0 0 0 0 -289 0 -1 0 0 0 32002 32002 0 0 0 0 0 3241
WIT 6 -290 -289 -254 -259 -300 0 0 1 0 -275 0 -1 0 0 0 32002 32002 0 0 0 0 0 3502
WIT 8 -290 -289 -315 -322 -323 0 0 0 0 -289 0 -1 0 0 0 32002 32002 0 0 0 0 0 3363
WIT 9 -290 -289 -331 -348 -356 0 0 0 0 -289 0 -1 0 0 0 32002 32002 0 0 0 0 0 3177
WIT 7 -290 -289 -322 -328 -329 0 0 0 0 -289 0 -1 0 0 0 32002 32002 0 0 0 0 0 2720
WIT 8 -290 -289 -331 -346 -347 0 0 0 0 -289 0 -1 0 0 0 32002 32002 0 0 0 0 0 3177
WIT 7 -290 -289 -330 -336 -470 0 0 0 0 -289 0 -1 0 0 0 32002 32002 0 0 0 0 0 2656
WIT 6 -290 -289 -287 -292 -295 0 0 0 0 -289 0 -1 0 0 0 32002 32002 0 0 0 0 0 2720
WIT 8 -290 -289 -326 -333 -326 2266 1 0 0 -289 0 -1 0 0 0 32002 32002 0 0 0 0 0 2720
WIT 9 -290 -289 -331 -339 -362 0 0 0 0 -289 0 -1 0 0 0 32002 32002 0 0 0 0 0 3241
WIT 8 -290 -289 -226 -233 -170 2266 1 0 0 32002 0 -1 0 0 0 32002 32002 0 0 0 0 0 0
WIT 7 -290 -289 -316 -322 -323 0 0 0 0 -289 0 -1 0 0 0 32002 32002 0 0 0 0 0 3363
WIT 8 -290 -289 -331 -346 -368 0 0 0 0 -289 0 -1 0 0 0 32002 32002 0 0 0 0 0 3177
WIT 8 -290 -289 -331 -338 -309 3559 0 0 1 -286 0 -1 0 0 0 32002 32002 0 0 0 0 0 3177
WIT 7 -290 -289 -317 -323 -270 3559 0 0 0 32002 0 -1 0 0 0 32002 32002 0 0 0 0 0 0
WIT 7 -290 -289 -319 -325 -322 3363 1 0 0 -281 0 -1 0 0 0 32002 32002 0 0 0 0 0 2851
WIT 7 -290 -289 -328 -334 -307 3559 0 0 1 -264 0 -1 0 0 0 32002 32002 0 0 0 0 0 3177
WIT 7 -290 -289 -328 -334 -304 3559 0 0 1 -289 0 -1 0 0 0 32002 32002 0 0 0 0 0 3177
WIT 7 -290 -289 -307 -313 -313 3502 0 0 1 -287 0 -1 0 0 0 32002 32002 0 0 0 0 0 3177
WIT 7 -290 -289 -282 -288 -288 3559 0 0 0 32002 0 -1 0 0 0 32002 32002 0 0 0 0 0 0
WIT 7 -290 -289 -331 -337 -304 3559 0 0 1 -264 0 -1 0 0 0 32002 32002 0 0 0 0 0 3177
WIT 7 -290 -289 -331 -337 -295 3559 0 0 1 -289 0 -1 0 0 0 32002 32002 0 0 0 0 0 3177
WIT 9 -373 -289 -331 -339 -332 3559 0 0 1 -289 0 -1 0 0 0 32002 32002 0 0 0 0 0 3893
WIT 10 -290 -289 -329 -338 -279 0 0 0 0 32002 0 -1 0 0 0 32002 32002 0 0 0 0 0 0
WIT 9 -373 -289 -331 -339 -340 0 0 0 0 -289 0 -1 0 0 0 32002 32002 0 0 0 0 0 3690
WIT 8 289 290 310 303 255 0 0 0 0 345 0 -1 0 0 0 32002 32002 0 0 0 0 0 1178
WIT 7 -290 -289 -284 -290 -135 2713 0 0 0 32002 0 -1 0 0 0 32002 32002 0 0 0 0 0 0
WIT 8 -290 -289 -289 -296 -373 0 0 0 0 -275 0 -1 0 0 0 32002 32002 0 0 0 0 0 3177
WIT 6 -290 -289 -280 -285 -273 3836 0 0 0 32002 0 -1 0 0 0 32002 32002 0 0 0 0 0 0
WIT 6 -290 -289 -318 -323 -329 0 0 0 0 -290 0 -1 0 0 0 32002 32002 0 0 0 0 0 0
WIT 6 289 290 290 285 282 0 0 0 0 295 0 -1 0 0 0 32002 32002 0 0 0 0 0 1698
WIT 9 289 290 290 282 276 0 0 0 0 282 0 -1 0 0 0 32002 32002 0 0 0 0 0 0
WIT 12 -290 -289 -325 -336 -337 0 0 0 0 -289 0 -1 0 0 0 32002 32002 0 0 0 0 0 53055
WIT 10 -290 -289 -324 -333 -360 0 0 0 0 -294 0 -1 0 0 0 32002 32002 0 0 0 0 0 0
WIT 6 289 290 393 388 388 1683 0 0 0 32002 0 -1 0 0 0 32002 32002 0 0 0 0 0 0
WIT 14 -290 -289 -329 -356 -357 0 0 0 0 -292 0 -1 0 0 0 32002 32002 0 0 0 0 0 0
WIT 7 289 290 381 375 375 1681 0 0 0 32002 0 -1 0 0 0 32002 32002 0 0 0 0 0 0
WIT 7 289 290 382 369 391 1683 0 0 0 32002 0 -1 0 0 0 32002 32002 0 0 0 0 0 0
WIT 13 -290 -289 -331 -356 -362 0 0 0 0 -291 0 -1 0 0 0 32002 32002 0 0 0 0 0 0
WIT 6 -290 -289 -262 -267 -513 0 0 0 0 -287 0 -1 0 0 0 32002 32002 0 0 0 0 0 2266
WIT 6 -290 -289 -321 -326 -316 3947 0 0 1 -246 0 -1 0 0 0 32002 32002 0 0 0 0 0 3827
WIT 7 -290 -289 -83 -89 211 2851 1 0 0 32002 0 -1 0 0 0 32002 32002 0 0 0 0 0 0
WIT 6 -290 -289 -332 -337 -346 0 0 0 0 -289 0 -1 0 0 0 32002 32002 0 0 0 0 0 3827
WIT 6 -290 -289 -339 -344 -370 0 0 0 0 -300 0 -1 0 0 0 32002 32002 0 0 0 0 0 3756
WIT 6 -290 -289 -308 -313 -292 3947 0 0 1 -281 0 -1 0 0 0 32002 32002 0 0 0 0 0 3756
WIT 9 -290 -289 -134 -142 -14 2713 1 0 0 32002 0 -1 0 0 0 32002 32002 0 0 0 0 0 0
WIT 8 -290 -289 -289 -304 -359 0 0 0 0 -287 0 -1 0 0 0 32002 32002 0 0 0 0 0 3827
WIT 7 -290 -289 -308 -314 -318 0 0 0 0 -287 0 -1 0 0 0 32002 32002 0 0 0 0 0 3756
WIT 12 289 290 363 340 339 0 0 0 0 289 0 -1 0 0 0 32002 32002 0 0 0 0 0 0
WIT 8 -290 -289 -296 -303 -407 0 0 0 0 -257 0 -1 0 0 0 32002 32002 0 0 0 0 0 2074
WIT 6 -290 -289 -317 -322 -341 0 0 0 0 -280 0 -1 0 0 0 32002 32002 0 0 0 0 0 2137
WIT 12 289 290 363 340 296 0 0 0 0 289 0 -1 0 0 0 32002 32002 0 0 0 0 0 0
WIT 8 -290 -289 -345 -352 -361 0 0 0 0 -271 0 -1 0 0 0 32002 32002 0 0 0 0 0 2074
WIT 6 -290 -289 -153 -158 -189 0 0 0 0 -271 0 -1 0 0 0 32002 32002 0 0 0 0 0 2074
WIT 11 289 290 363 342 285 0 0 0 0 289 0 -1 0 0 0 32002 32002 0 0 0 0 0 0
WIT 13 -290 -289 -331 -356 -357 0 0 0 0 -290 0 -1 0 0 0 32002 32002 0 0 0 0 0 2720
WIT 7 357 358 346 340 324 0 0 0 0 393 0 -1 0 0 0 32002 32002 0 0 0 0 0 1137
WIT 6 357 358 346 341 316 0 0 0 0 358 0 -1 0 0 0 32002 32002 0 0 0 0 0 339
WIT 10 -290 -289 -289 -298 -298 4031 0 0 1 -289 0 -1 0 0 0 32002 32002 0 0 0 0 0 3177
WIT 9 -290 -289 -289 -297 -307 0 0 0 0 -293 0 -1 0 0 0 32002 32002 0 0 0 0 0 0
WIT 7 -290 -289 -280 -286 -269 2720 0 0 0 32002 0 -1 0 0 0 32002 32002 0 0 0 0 0 0
WIT 6 -290 -289 -289 -294 -310 0 0 0 0 -269 0 -1 0 0 0 32002 32002 0 0 0 0 0 53055
WIT 9 -290 -289 -307 -324 -345 0 0 0 0 -299 0 -1 0 0 0 32002 32002 0 0 0 0 0 0
WIT 8 -290 -289 -323 -338 -343 0 0 0 0 -298 0 -1 0 0 0 32002 32002 0 0 0 0 0 0
WIT 7 -290 -289 -328 -341 -350 0 0 0 0 -297 0 -1 0 0 0 32002 32002 0 0 0 0 0 0
WIT 6 -276 -275 -328 -333 -316 0 0 0 0 -286 0 -1 0 0 0 32002 32002 0 0 0 0 0 3761
WIT 11 289 290 297 276 283 1308 0 0 1 298 0 -1 0 0 0 32002 32002 0 0 0 0 0 49415
WIT 8 289 290 313 306 297 0 0 0 0 305 0 -1 0 0 0 32002 32002 0 0 0 0 0 722
WIT 8 289 290 334 327 327 1308 0 0 0 32002 0 -1 0 0 0 32002 32002 0 0 0 0 0 0
WIT 9 289 290 389 381 359 0 0 0 0 300 0 -1 0 0 0 32002 32002 0 0 0 0 0 1137
WIT 6 289 290 393 388 398 139 0 0 0 32002 0 -1 0 0 0 32002 32002 0 0 0 0 0 0
WIT 7 289 290 426 420 398 0 0 0 0 394 0 -1 0 0 0 32002 32002 0 0 0 0 0 1112
WIT 15 -290 -289 -328 -357 -358 0 0 0 0 -290 0 -1 0 0 0 32002 32002 0 0 0 0 0 0
WIT 9 289 290 346 329 357 139 0 0 0 32002 0 -1 0 0 0 32002 32002 0 0 0 0 0 0
WIT 6 289 290 351 346 358 0 0 0 0 32002 0 -1 0 0 0 32002 32002 0 0 0 0 0 0
WIT 8 289 290 460 445 395 0 0 0 0 329 0 -1 0 0 0 32002 32002 0 0 0 0 0 346
WIT 12 -290 -289 -331 -354 -356 0 0 0 0 -290 0 -1 0 0 0 32002 32002 0 0 0 0 0 0
WIT 7 289 373 290 284 286 139 0 0 1 329 1 1 24018 1 1 329 329 0 0 0 0 22 1699
WIT 7 328 329 315 309 321 1699 1 0 0 351 0 -1 0 0 0 32002 32002 0 0 0 0 0 339
WIT 10 -330 -329 -362 -371 -310 0 0 0 0 32002 0 -1 0 0 0 32002 32002 0 0 0 0 0 0
WIT 6 -330 -329 -348 -353 -324 2090 0 1 0 32002 0 -1 0 0 0 32002 32002 0 0 0 0 0 0
WIT 11 -330 -329 -347 -357 -332 3827 0 0 1 -324 0 -1 0 0 0 32002 32002 0 0 0 0 0 2266
WIT 9 -330 -329 -331 -339 -292 0 0 0 0 32002 0 -1 0 0 0 32002 32002 0 0 0 0 0 0
WIT 6 -330 -329 -331 -336 -320 2713 0 0 0 32002 0 -1 0 0 0 32002 32002 0 0 0 0 0 0
WIT 11 -330 -329 -331 -341 -338 3827 0 0 1 -320 0 -1 0 0 0 32002 32002 0 0 0 0 0 3363
WIT 9 -330 -329 -331 -348 -362 0 0 0 0 -320 0 -1 0 0 0 32002 32002 0 0 0 0 0 2266
WIT 7 -330 -329 -349 -355 -295 0 0 0 0 32002 0 -1 0 0 0 32002 32002 0 0 0 0 0 0
WIT 7 -330 -329 -331 -337 -329 2720 0 0 0 32002 0 -1 0 0 0 32002 32002 0 0 0 0 0 0
WIT 9 -330 -329 -331 -348 -362 0 0 0 0 -329 0 -1 0 0 0 32002 32002 0 0 0 0 0 3690
WIT 6 -330 -329 -347 -352 -353 0 0 0 0 -329 0 -1 0 0 0 32002 32002 0 0 0 0 0 3749
WIT 11 -330 -329 -331 -341 -341 3363 1 0 0 -329 0 -1 0 0 0 32002 32002 0 0 0 0 0 2851
WIT 10 -330 -329 -311 -320 -253 0 0 0 0 32002 0 -1 0 0 0 32002 32002 0 0 0 0 0 0
WIT 8 -330 -329 -317 -324 -264 0 0 0 0 32002 0 -1 0 0 0 32002 32002 0 0 0 0 0 0
WIT 7 -330 -329 -331 -344 -381 0 0 1 0 -329 0 -1 0 0 0 32002 32002 0 0 0 0 0 3502
WIT 6 -330 -329 -331 -336 -295 0 0 0 0 32002 0 -1 0 0 0 32002 32002 0 0 0 0 0 0
WIT 7 -330 -329 -347 -353 -272 0 0 0 0 32002 0 -1 0 0 0 32002 32002 0 0 0 0 0 0
WIT 6 -330 -329 -331 -336 -326 0 0 0 0 32002 0 -1 0 0 0 32002 32002 0 0 0 0 0 0
WIT 6 -330 -329 -315 -320 -294 0 0 0 0 32002 0 -1 0 0 0 32002 32002 0 0 0 0 0 0
WIT 8 -330 -329 -331 -346 -366 0 0 0 0 -329 0 -1 0 0 0 32002 32002 0 0 0 0 0 3690
WIT 7 -330 -329 -331 -344 -344 3177 0 0 1 -330 1 1 -585 1 1 -330 -329 0 1 0 6 56 3177
WIT 6 -330 -329 -365 -370 -314 0 0 0 0 32002 0 -1 0 0 0 32002 32002 0 0 0 0 0 0
WIT 6 -330 -329 -331 -336 -328 3690 0 1 0 32002 0 -1 0 0 0 32002 32002 0 0 0 0 0 0
WIT 7 -330 -329 -331 -344 -344 3242 0 0 1 -330 1 1 2718 1 1 -330 -331 0 0 0 0 15 0

===========================
Total time (ms) : 53
Nodes searched  : 38970
Nodes/second    : 735283
