
Position: 1/1 (rnbq1rk1/ppp1ppbp/5np1/3p2N1/3P4/2N1P3/PPPQ1PPP/R1B1KB1R b KQ - 5 6)
WIT 6 341 342 342 337 311 0 0 0 0 351 0 -1 0 0 0 32002 32002 0 0 0 0 0 3364
WIT 6 -314 -313 -316 -321 -419 0 0 0 0 -290 0 -1 0 0 0 32002 32002 0 0 0 0 0 2453
WIT 6 -314 -313 -327 -332 -310 593 0 0 0 32002 0 -1 0 0 0 32002 32002 0 0 0 0 0 0
WIT 6 -314 -313 -272 -277 -249 332 0 0 0 32002 0 -1 0 0 0 32002 32002 0 0 0 0 0 0
WIT 8 -315 -314 -308 -323 -353 0 0 0 0 -315 0 -1 0 0 0 32002 32002 0 0 0 0 0 0
WIT 7 -315 -314 -310 -323 -346 0 0 0 0 -315 0 -1 0 0 0 32002 32002 0 0 0 0 0 0
WIT 7 343 344 322 316 311 0 0 0 0 344 0 -1 0 0 0 32002 32002 0 0 0 0 0 3364
WIT 8 344 345 348 333 325 0 0 0 0 344 0 -1 0 0 0 32002 32002 0 0 0 0 0 2908
WIT 7 344 345 364 358 342 0 0 0 0 355 0 -1 0 0 0 32002 32002 0 0 0 0 0 3364
WIT 7 344 345 362 356 376 3364 0 0 0 32002 0 -1 0 0 0 32002 32002 0 0 0 0 0 0
WIT 6 344 345 344 339 351 3364 0 0 0 32002 0 -1 0 0 0 32002 32002 0 0 0 0 0 0
WIT 6 344 345 344 339 258 0 0 0 0 343 0 -1 0 0 0 32002 32002 0 0 0 0 0 0
WIT 7 -316 -315 -275 -281 -271 332 0 0 0 32002 0 -1 0 0 0 32002 32002 0 0 0 0 0 0
WIT 8 -316 -315 -313 -320 -266 861 0 0 0 32002 0 -1 0 0 0 32002 32002 0 0 0 0 0 0
WIT 7 -316 -315 -309 -315 -42 861 0 0 0 32002 0 -1 0 0 0 32002 32002 0 0 0 0 0 0
WIT 7 -316 -315 -290 -296 -284 861 0 0 0 32002 0 -1 0 0 0 32002 32002 0 0 0 0 0 0
WIT 6 -316 -315 -330 -335 -335 2453 0 0 1 -316 1 1 7673 1 1 -316 -300 0 0 0 0 11 2453
WIT 6 -316 -315 -259 -264 -227 2453 0 0 0 32002 0 -1 0 0 0 32002 32002 0 0 0 0 0 0
WIT 6 -316 -315 -307 -312 -276 861 0 0 0 32002 0 -1 0 0 0 32002 32002 0 0 0 0 0 0
WIT 6 -316 -315 -278 -283 -348 0 0 0 0 -300 0 -1 0 0 0 32002 32002 0 0 0 0 0 2453
WIT 6 -316 -315 -296 -301 -230 861 0 0 0 32002 0 -1 0 0 0 32002 32002 0 0 0 0 0 0
WIT 6 -316 -315 -302 -307 -249 707 0 0 0 32002 0 -1 0 0 0 32002 32002 0 0 0 0 0 0
WIT 6 -316 -315 -315 -320 -320 861 0 0 1 -308 0 -1 0 0 0 32002 32002 0 0 0 0 0 2453
WIT 8 -316 -315 -308 -323 -353 0 0 0 0 -308 0 -1 0 0 0 32002 32002 0 0 0 0 0 1762
WIT 6 -316 -315 -299 -304 -302 2453 0 0 0 32002 0 -1 0 0 0 32002 32002 0 0 0 0 0 0
WIT 6 -316 -315 -272 -277 -263 861 0 0 0 32002 0 -1 0 0 0 32002 32002 0 0 0 0 0 0
WIT 7 -316 -315 -298 -304 -290 593 0 0 0 32002 0 -1 0 0 0 32002 32002 0 0 0 0 0 0
WIT 6 -316 -315 -274 -279 -21 861 0 0 0 32002 0 -1 0 0 0 32002 32002 0 0 0 0 0 0
WIT 7 -316 -315 -312 -325 -335 0 0 0 0 -312 0 -1 0 0 0 32002 32002 0 0 0 0 0 332
WIT 6 -301 -300 -313 -318 -498 0 0 0 0 -300 0 -1 0 0 0 32002 32002 0 0 0 0 0 1307
WIT 7 -301 -300 -315 -321 -98 332 0 0 0 32002 0 -1 0 0 0 32002 32002 0 0 0 0 0 0
WIT 6 -301 -300 -302 -307 -42 332 0 0 0 32002 0 -1 0 0 0 32002 32002 0 0 0 0 0 0
WIT 7 -315 -300 -315 -321 -345 0 0 0 0 -294 0 -1 0 0 0 32002 32002 0 0 0 0 0 861
WIT 10 -301 -300 -247 -256 -310 0 0 0 0 -199 0 -1 0 0 0 32002 32002 0 0 0 0 0 1764
WIT 9 -301 -300 -124 -132 -119 2460 1 0 0 32002 0 -1 0 0 0 32002 32002 0 0 0 0 0 0
WIT 8 -301 -300 -280 -287 -53 332 0 0 0 32002 0 -1 0 0 0 32002 32002 0 0 0 0 0 0
WIT 7 -301 -300 -254 -260 -228 2453 0 0 0 32002 0 -1 0 0 0 32002 32002 0 0 0 0 0 0
WIT 9 -301 -300 -297 -305 -321 0 0 0 0 -300 0 -1 0 0 0 32002 32002 0 0 0 0 0 332
WIT 7 -301 -300 -262 -268 -308 0 0 0 0 -245 0 -1 0 0 0 32002 32002 0 0 0 0 0 2217
WIT 7 -301 -300 -240 -246 -271 0 0 0 0 -267 0 -1 0 0 0 32002 32002 0 0 0 0 0 360
WIT 8 -301 -300 -308 -323 -336 0 0 0 0 -300 0 -1 0 0 0 32002 32002 0 0 0 0 0 1762
WIT 7 -301 -300 -309 -315 -114 332 0 0 0 32002 0 -1 0 0 0 32002 32002 0 0 0 0 0 0
WIT 8 -301 -300 -313 -320 -290 861 0 0 0 32002 0 -1 0 0 0 32002 32002 0 0 0 0 0 0
WIT 9 -301 -300 -284 -292 -249 0 0 0 0 32002 0 -1 0 0 0 32002 32002 0 0 0 0 0 0
WIT 8 -301 -300 -279 -286 -292 0 0 0 0 -250 0 -1 0 0 0 32002 32002 0 0 0 0 0 1180
WIT 6 -301 -300 -290 -295 -292 1371 0 0 0 32002 0 -1 0 0 0 32002 32002 0 0 0 0 0 0
WIT 8 -301 -300 -294 -301 -306 0 0 0 0 -292 0 -1 0 0 0 32002 32002 0 0 0 0 0 1762
WIT 8 -301 -300 -301 -316 -331 0 0 0 0 -300 0 -1 0 0 0 32002 32002 0 0 0 0 0 2453
WIT 6 -301 -300 -296 -301 -230 861 0 0 0 32002 0 -1 0 0 0 32002 32002 0 0 0 0 0 0
WIT 6 -301 -300 -302 -307 -237 332 0 0 0 32002 0 -1 0 0 0 32002 32002 0 0 0 0 0 0
WIT 6 -301 -300 -309 -314 -314 861 0 0 1 -284 0 -1 0 0 0 32002 32002 0 0 0 0 0 2453
WIT 6 -301 -300 -288 -293 -364 0 0 0 0 -301 0 -1 0 0 0 32002 32002 0 0 0 0 0 0
WIT 8 300 301 311 296 288 0 0 0 0 294 0 -1 0 0 0 32002 32002 0 0 0 0 0 0
WIT 7 300 301 337 324 302 0 0 0 0 300 0 -1 0 0 0 32002 32002 0 0 0 0 0 0
WIT 9 -301 -300 -312 -329 -337 0 0 0 0 -301 0 -1 0 0 0 32002 32002 0 0 0 0 0 49415
WIT 7 -60 -59 -51 -57 -21 2460 1 0 0 32002 0 -1 0 0 0 32002 32002 0 0 0 0 0 0
WIT 9 -301 -300 -274 -282 -239 861 0 0 0 32002 0 -1 0 0 0 32002 32002 0 0 0 0 0 0
WIT 7 -301 -300 -298 -304 -294 861 0 0 0 32002 0 -1 0 0 0 32002 32002 0 0 0 0 0 0
WIT 8 -301 -300 -312 -327 -352 0 0 0 0 -300 0 -1 0 0 0 32002 32002 0 0 0 0 0 332
WIT 6 -301 -300 -299 -304 -302 2453 0 0 1 -292 0 -1 0 0 0 32002 32002 0 0 0 0 0 353
WIT 7 -301 -300 -272 -278 -246 332 0 0 0 32002 0 -1 0 0 0 32002 32002 0 0 0 0 0 0
WIT 8 -281 -280 -270 -277 -284 0 0 0 0 -280 0 -1 0 0 0 32002 32002 0 0 0 0 0 2453
WIT 8 -281 -280 -274 -281 -270 339 0 0 0 32002 0 -1 0 0 0 32002 32002 0 0 0 0 0 0
WIT 7 -281 -280 -294 -300 -265 339 0 0 0 32002 0 -1 0 0 0 32002 32002 0 0 0 0 0 0
WIT 7 -281 -280 -315 -321 -297 339 0 0 1 -253 0 -1 0 0 0 32002 32002 0 0 0 0 0 2453
WIT 7 -300 -280 -294 -300 -345 0 0 0 0 -280 0 -1 0 0 0 32002 32002 0 0 0 0 0 861
WIT 8 -281 -280 -309 -316 -277 2453 0 0 0 32002 0 -1 0 0 0 32002 32002 0 0 0 0 0 0
WIT 9 -281 -280 -284 -292 -248 0 0 0 0 32002 0 -1 0 0 0 32002 32002 0 0 0 0 0 0
WIT 9 -281 -280 -292 -309 -287 339 0 0 1 -265 0 -1 0 0 0 32002 32002 0 0 0 0 0 1762
WIT 8 -281 -280 -260 -267 -233 339 0 0 0 32002 0 -1 0 0 0 32002 32002 0 0 0 0 0 0
WIT 6 -281 -280 -262 -267 -247 339 0 0 0 32002 0 -1 0 0 0 32002 32002 0 0 0 0 0 0
WIT 6 -281 -280 -253 -258 -214 339 0 0 0 32002 0 -1 0 0 0 32002 32002 0 0 0 0 0 0
WIT 8 -281 -280 -300 -315 -356 0 0 0 0 -276 0 -1 0 0 0 32002 32002 0 0 0 0 0 2453
WIT 7 -281 -280 -275 -281 -302 0 0 0 0 -264 0 -1 0 0 0 32002 32002 0 0 0 0 0 1307
WIT 7 -281 -280 -245 -258 -219 2460 1 0 0 32002 0 -1 0 0 0 32002 32002 0 0 0 0 0 0
WIT 7 280 281 317 311 279 0 0 0 0 290 0 -1 0 0 0 32002 32002 0 0 0 0 0 2082
WIT 8 -281 -280 -300 -315 -323 0 0 0 0 -281 0 -1 0 0 0 32002 32002 0 0 0 0 0 0
WIT 9 -281 -280 -300 -317 -336 0 0 0 0 -281 0 -1 0 0 0 32002 32002 0 0 0 0 0 0
WIT 6 299 300 283 278 265 0 0 0 0 300 0 -1 0 0 0 32002 32002 0 0 0 0 0 3808
WIT 7 299 300 330 317 315 0 0 0 0 299 0 -1 0 0 0 32002 32002 0 0 0 0 0 3690
WIT 6 326 327 318 313 343 3364 0 0 0 32002 0 -1 0 0 0 32002 32002 0 0 0 0 0 0
WIT 6 326 327 300 295 285 0 0 0 0 347 0 -1 0 0 0 32002 32002 0 0 0 0 0 2082
WIT 8 326 327 300 285 300 3567 0 0 1 326 1 1 2911 1 1 326 320 0 0 0 0 6 0
WIT 6 326 327 300 295 329 2908 0 0 0 32002 0 -1 0 0 0 32002 32002 0 0 0 0 0 0
WIT 8 -309 -308 -299 -314 -546 0 0 0 0 -308 0 -1 0 0 0 32002 32002 0 0 0 0 0 1307
WIT 7 -309 -308 -320 -333 -464 0 0 0 0 -327 0 -1 0 0 0 32002 32002 0 0 0 0 0 0
WIT 7 326 327 300 294 312 2908 0 0 1 393 0 -1 0 0 0 32002 32002 0 0 0 0 0 3690
WIT 6 -310 -309 -327 -332 -375 0 0 0 0 -309 0 -1 0 0 0 32002 32002 0 0 0 0 0 49415
WIT 6 -335 -334 -300 -305 -468 0 0 0 0 -308 0 -1 0 0 0 32002 32002 0 0 0 0 0 1307
WIT 7 -335 -334 -308 -321 -380 0 0 0 0 -334 0 -1 0 0 0 32002 32002 0 0 0 0 0 49415
WIT 8 333 334 334 327 345 0 0 0 0 32002 0 -1 0 0 0 32002 32002 0 0 0 0 0 0
WIT 8 333 334 371 364 415 2218 1 0 0 32002 0 -1 0 0 0 32002 32002 0 0 0 0 0 0
WIT 8 333 334 370 363 372 2217 0 0 0 32002 0 -1 0 0 0 32002 32002 0 0 0 0 0 0
WIT 7 333 334 382 376 376 3364 0 0 0 32002 0 -1 0 0 0 32002 32002 0 0 0 0 0 0
WIT 8 333 334 368 353 328 0 0 0 0 372 0 -1 0 0 0 32002 32002 0 0 0 0 0 2082
WIT 7 333 334 363 350 345 0 0 0 0 338 0 -1 0 0 0 32002 32002 0 0 0 0 0 3808
WIT 6 -310 -309 -309 -314 -307 2154 1 0 0 32002 0 -1 0 0 0 32002 32002 0 0 0 0 0 0
WIT 7 -310 -309 -333 -346 -352 0 0 0 0 -310 0 -1 0 0 0 32002 32002 0 0 0 0 0 0
WIT 6 333 334 373 368 283 0 0 0 0 465 0 -1 0 0 0 32002 32002 0 0 0 0 0 2059
WIT 7 333 334 355 342 338 0 0 0 0 364 0 -1 0 0 0 32002 32002 0 0 0 0 0 2082
WIT 7 333 334 389 383 957 2915 1 0 0 32002 0 -1 0 0 0 32002 32002 0 0 0 0 0 0
WIT 6 333 334 347 342 337 0 0 0 0 333 0 -1 0 0 0 32002 32002 0 0 0 0 0 2082
WIT 8 333 334 384 377 403 2908 0 0 0 32002 0 -1 0 0 0 32002 32002 0 0 0 0 0 0
WIT 6 -335 -334 -286 -291 -291 332 0 0 0 32002 0 -1 0 0 0 32002 32002 0 0 0 0 0 0
WIT 6 -335 -334 -282 -287 -185 332 0 0 0 32002 0 -1 0 0 0 32002 32002 0 0 0 0 0 0
WIT 8 -313 -312 -304 -311 -657 0 0 0 0 -304 0 -1 0 0 0 32002 32002 0 0 0 0 0 594
WIT 7 -313 -312 -309 -322 -397 0 0 0 0 -310 0 -1 0 0 0 32002 32002 0 0 0 0 0 49415
WIT 6 -313 -312 -285 -290 -275 0 0 0 0 32002 0 -1 0 0 0 32002 32002 0 0 0 0 0 0
WIT 10 -313 -312 -326 -345 -275 1762 1 0 0 32002 0 -1 0 0 0 32002 32002 0 0 0 0 0 0
WIT 10 -313 -312 -334 -353 -360 0 0 0 0 -312 0 -1 0 0 0 32002 32002 0 0 0 0 0 1762
WIT 10 -313 -312 -308 -317 -305 1185 0 0 0 32002 0 -1 0 0 0 32002 32002 0 0 0 0 0 0
WIT 9 -313 -312 -331 -339 -394 0 0 0 0 -310 0 -1 0 0 0 32002 32002 0 0 0 0 0 2453
WIT 8 -313 -312 -274 -281 -275 2453 0 0 0 32002 0 -1 0 0 0 32002 32002 0 0 0 0 0 0
WIT 6 312 313 313 308 307 0 0 0 0 309 0 -1 0 0 0 32002 32002 0 0 0 0 0 2908
WIT 8 -313 -312 -311 -326 -458 0 0 0 0 -314 0 -1 0 0 0 32002 32002 0 0 0 0 0 0
WIT 6 312 313 313 308 285 0 0 0 0 315 0 -1 0 0 0 32002 32002 0 0 0 0 0 3963
WIT 7 -313 -312 -336 -342 -360 0 0 1 0 -227 0 -1 0 0 0 32002 32002 0 0 0 0 0 139
WIT 10 -313 -312 -333 -352 -339 1185 0 0 1 -313 1 1 33390 1 1 -313 -276 0 0 0 0 16 1185
WIT 8 312 313 334 319 311 0 0 0 0 279 0 -1 0 0 0 32002 32002 0 0 0 0 0 0
WIT 10 -313 -312 -290 -299 -221 2460 1 0 0 32002 0 -1 0 0 0 32002 32002 0 0 0 0 0 0
WIT 13 312 313 314 289 288 0 0 0 0 316 0 -1 0 0 0 32002 32002 0 0 0 0 0 3749
WIT 11 -313 -312 -308 -329 -349 0 0 0 0 -315 0 -1 0 0 0 32002 32002 0 0 0 0 0 0
WIT 10 -313 -312 -308 -327 -566 0 0 0 0 -313 0 -1 0 0 0 32002 32002 0 0 0 0 0 0
WIT 8 341 342 342 335 335 3964 0 0 1 436 0 -1 0 0 0 32002 32002 0 0 0 0 0 3642
WIT 7 341 342 316 310 301 0 0 0 0 341 0 -1 0 0 0 32002 32002 0 0 0 0 0 0
WIT 6 -313 -312 -301 -306 -318 0 0 0 0 -312 0 -1 0 0 0 32002 32002 0 0 0 0 0 1764
WIT 9 -313 -312 -257 -265 -350 0 0 0 0 -280 0 -1 0 0 0 32002 32002 0 0 0 0 0 1764
WIT 8 -313 -312 -274 -281 -275 2453 0 0 0 32002 0 -1 0 0 0 32002 32002 0 0 0 0 0 0
WIT 7 312 342 315 309 288 0 0 0 0 312 0 -1 0 0 0 32002 32002 0 0 0 0 0 0
WIT 7 312 342 313 307 278 0 0 0 0 312 0 -1 0 0 0 32002 32002 0 0 0 0 0 0
WIT 9 -313 -312 -311 -319 -299 1185 0 0 0 32002 0 -1 0 0 0 32002 32002 0 0 0 0 0 0
WIT 8 -313 -312 -257 -264 -260 0 0 0 0 32002 0 -1 0 0 0 32002 32002 0 0 0 0 0 0
WIT 8 -313 -312 -265 -272 -256 0 0 0 0 32002 0 -1 0 0 0 32002 32002 0 0 0 0 0 0
WIT 13 -313 -312 -207 -232 -301 0 0 0 0 -309 0 -1 0 0 0 32002 32002 0 0 0 0 0 1764
WIT 13 -313 -312 -280 -292 -141 2460 1 0 0 32002 0 -1 0 0 0 32002 32002 0 0 0 0 0 0
WIT 9 312 342 325 317 303 0 0 0 0 342 0 -1 0 0 0 32002 32002 0 0 0 0 0 3242
WIT 9 341 342 342 334 240 0 0 0 0 358 0 -1 0 0 0 32002 32002 0 0 0 0 0 2268
WIT 8 341 342 343 336 332 0 0 0 0 342 0 -1 0 0 0 32002 32002 0 0 0 0 0 3234
WIT 11 341 342 318 308 305 0 0 0 0 338 0 -1 0 0 0 32002 32002 0 0 0 0 0 2908
WIT 11 341 342 313 303 286 0 0 0 0 341 0 -1 0 0 0 32002 32002 0 0 0 0 0 0
WIT 7 -342 -312 -341 -347 -344 353 0 0 1 -312 0 -1 0 0 0 32002 32002 0 0 0 0 0 1762
WIT 9 -313 -312 -285 -293 -275 2453 0 0 0 32002 0 -1 0 0 0 32002 32002 0 0 0 0 0 0
WIT 8 -313 -312 -286 -293 -262 339 0 0 0 32002 0 -1 0 0 0 32002 32002 0 0 0 0 0 0
WIT 6 -313 -312 -279 -284 -284 707 0 0 0 32002 0 -1 0 0 0 32002 32002 0 0 0 0 0 0
WIT 6 -313 -312 -304 -309 -251 716 1 0 0 32002 0 -1 0 0 0 32002 32002 0 0 0 0 0 0
WIT 10 -313 -312 -280 -289 -37 332 0 0 0 32002 0 -1 0 0 0 32002 32002 0 0 0 0 0 0
WIT 10 -313 -312 -217 -226 -198 332 0 0 0 32002 0 -1 0 0 0 32002 32002 0 0 0 0 0 0
WIT 8 -313 -312 -313 -320 -115 332 0 0 0 32002 0 -1 0 0 0 32002 32002 0 0 0 0 0 0
WIT 11 -313 -312 -276 -297 -346 0 0 0 0 -314 0 -1 0 0 0 32002 32002 0 0 0 0 0 0
WIT 8 312 342 318 311 298 0 0 0 0 312 0 -1 0 0 0 32002 32002 0 0 0 0 0 0
WIT 11 -313 -312 -266 -287 -286 339 0 0 0 32002 0 -1 0 0 0 32002 32002 0 0 0 0 0 0
WIT 9 -313 -312 -260 -268 -252 1380 0 0 0 32002 0 -1 0 0 0 32002 32002 0 0 0 0 0 0
WIT 9 312 342 314 306 289 0 0 0 0 312 0 -1 0 0 0 32002 32002 0 0 0 0 0 0
WIT 9 -313 -312 -274 -282 -283 0 0 0 0 -291 0 -1 0 0 0 32002 32002 0 0 0 0 0 332
WIT 10 -313 -312 -280 -289 -248 2460 1 0 0 32002 0 -1 0 0 0 32002 32002 0 0 0 0 0 0
WIT 6 -313 -312 -243 -248 -239 0 0 0 0 32002 0 -1 0 0 0 32002 32002 0 0 0 0 0 0
WIT 7 -313 -312 -245 -251 -674 0 0 0 0 -275 0 -1 0 0 0 32002 32002 0 0 0 0 0 1307
WIT 12 -313 -312 -233 -244 -183 2460 1 0 0 32002 0 -1 0 0 0 32002 32002 0 0 0 0 0 0
WIT 10 -313 -312 -231 -240 -259 0 0 0 0 -276 0 -1 0 0 0 32002 32002 0 0 0 0 0 1180
WIT 7 -313 -312 -280 -286 -284 1380 0 0 0 32002 0 -1 0 0 0 32002 32002 0 0 0 0 0 0
WIT 9 -313 -312 -280 -297 -359 0 0 0 0 -302 0 -1 0 0 0 32002 32002 0 0 0 0 0 2453
WIT 8 -313 -312 -294 -301 -287 2453 0 0 0 32002 0 -1 0 0 0 32002 32002 0 0 0 0 0 0
WIT 7 -313 -312 -302 -308 -288 339 0 0 0 32002 0 -1 0 0 0 32002 32002 0 0 0 0 0 0
WIT 7 -313 -312 -256 -262 -234 339 0 0 0 32002 0 -1 0 0 0 32002 32002 0 0 0 0 0 0
WIT 11 -313 -312 -280 -301 -324 0 0 0 0 -302 0 -1 0 0 0 32002 32002 0 0 0 0 0 861
WIT 8 -313 -312 -306 -313 -271 861 0 0 0 32002 0 -1 0 0 0 32002 32002 0 0 0 0 0 0
WIT 12 -313 -312 -294 -317 -343 0 0 0 0 -312 0 -1 0 0 0 32002 32002 0 0 0 0 0 1764
WIT 11 -313 -312 -300 -321 -332 0 0 0 0 -313 0 -1 0 0 0 32002 32002 0 0 0 0 0 0
WIT 9 312 313 301 284 320 3567 0 0 0 32002 0 -1 0 0 0 32002 32002 0 0 0 0 0 0
WIT 10 -313 -312 -300 -319 -334 0 0 0 0 -313 0 -1 0 0 0 32002 32002 0 0 0 0 0 0
WIT 9 -313 -312 -300 -317 -332 0 0 0 0 -313 0 -1 0 0 0 32002 32002 0 0 0 0 0 593
WIT 10 -313 -312 -282 -291 -284 593 0 0 0 32002 0 -1 0 0 0 32002 32002 0 0 0 0 0 0
WIT 7 -313 -312 -272 -278 -270 2453 0 0 0 32002 0 -1 0 0 0 32002 32002 0 0 0 0 0 0
WIT 10 -313 -312 -290 -299 -305 0 0 0 0 -305 0 -1 0 0 0 32002 32002 0 0 0 0 0 1762
WIT 9 -313 -312 -265 -273 -274 0 0 0 0 -306 0 -1 0 0 0 32002 32002 0 0 0 0 0 332
WIT 8 -298 -297 -300 -307 -302 1764 1 0 0 -297 0 -1 0 0 0 32002 32002 0 0 0 0 0 1180
WIT 6 -298 -297 -260 -265 -324 0 0 0 0 -283 0 -1 0 0 0 32002 32002 0 0 0 0 0 594
WIT 7 -298 -297 -310 -316 -327 0 0 0 0 -288 0 -1 0 0 0 32002 32002 0 0 0 0 0 1307
WIT 7 -298 -297 -297 -303 -293 0 0 0 0 32002 0 -1 0 0 0 32002 32002 0 0 0 0 0 0
WIT 7 -312 -297 -310 -316 -374 0 0 0 0 -297 0 -1 0 0 0 32002 32002 0 0 0 0 0 49415
WIT 6 -298 -297 -273 -278 -268 1 0 0 0 32002 0 -1 0 0 0 32002 32002 0 0 0 0 0 0
WIT 6 -298 -297 -285 -290 -308 0 0 0 0 -298 0 -1 0 0 0 32002 32002 0 0 0 0 0 0
WIT 8 -298 -297 -292 -299 -287 0 0 0 0 32002 0 -1 0 0 0 32002 32002 0 0 0 0 0 0
WIT 7 -298 -297 -280 -286 -314 0 0 0 0 -290 0 -1 0 0 0 32002 32002 0 0 0 0 0 1307
WIT 7 -298 -297 -299 -305 -321 0 0 0 0 -297 0 -1 0 0 0 32002 32002 0 0 0 0 0 49415
WIT 6 -298 -297 -293 -298 -287 0 0 0 0 32002 0 -1 0 0 0 32002 32002 0 0 0 0 0 0
WIT 6 -298 -297 -295 -300 -289 0 0 0 0 32002 0 -1 0 0 0 32002 32002 0 0 0 0 0 0
WIT 6 -298 -297 -312 -317 -317 1 0 0 1 -239 0 -1 0 0 0 32002 32002 0 0 0 0 0 49415
WIT 7 -298 -297 -294 -300 -295 0 0 0 0 32002 0 -1 0 0 0 32002 32002 0 0 0 0 0 0
WIT 6 -298 -297 -277 -282 -247 0 0 0 0 32002 0 -1 0 0 0 32002 32002 0 0 0 0 0 0
WIT 6 -298 -297 -312 -317 -293 0 0 0 0 32002 0 -1 0 0 0 32002 32002 0 0 0 0 0 0
WIT 6 -298 -297 -285 -290 -274 0 0 0 0 32002 0 -1 0 0 0 32002 32002 0 0 0 0 0 0
WIT 6 -298 -297 -285 -290 -272 0 0 0 0 32002 0 -1 0 0 0 32002 32002 0 0 0 0 0 0
WIT 6 -298 -297 -312 -317 -287 0 0 0 0 32002 0 -1 0 0 0 32002 32002 0 0 0 0 0 0
WIT 6 -298 -297 -286 -291 -265 0 0 0 0 32002 0 -1 0 0 0 32002 32002 0 0 0 0 0 0
WIT 6 -298 -297 -297 -302 -255 0 0 0 0 32002 0 -1 0 0 0 32002 32002 0 0 0 0 0 0
WIT 9 -298 -297 -249 -257 -316 0 0 0 0 -259 0 -1 0 0 0 32002 32002 0 0 0 0 0 1180
WIT 10 -298 -297 -265 -274 -277 0 0 0 0 -277 0 -1 0 0 0 32002 32002 0 0 0 0 0 1762
WIT 9 -298 -297 -312 -320 -306 1762 1 0 0 -292 0 -1 0 0 0 32002 32002 0 0 0 0 0 707
WIT 10 -298 -297 -278 -287 -317 0 0 0 0 -295 0 -1 0 0 0 32002 32002 0 0 0 0 0 1307
WIT 8 -298 -297 -252 -259 -248 49415 0 0 0 32002 0 -1 0 0 0 32002 32002 0 0 0 0 0 0
WIT 8 -298 -297 -248 -255 -245 0 0 0 0 32002 0 -1 0 0 0 32002 32002 0 0 0 0 0 0
WIT 8 -298 -297 -262 -269 -269 707 0 0 0 32002 0 -1 0 0 0 32002 32002 0 0 0 0 0 0
WIT 9 -298 -297 -312 -320 -306 1762 1 0 0 -298 0 -1 0 0 0 32002 32002 0 0 0 0 0 49415
WIT 9 -298 -297 -288 -296 -288 1380 0 0 0 32002 0 -1 0 0 0 32002 32002 0 0 0 0 0 0
WIT 8 -298 -297 -295 -302 -278 0 0 0 0 32002 0 -1 0 0 0 32002 32002 0 0 0 0 0 0
WIT 8 -298 -297 -250 -257 -235 0 0 0 0 32002 0 -1 0 0 0 32002 32002 0 0 0 0 0 0
WIT 8 -298 -297 -287 -294 -260 0 0 0 0 32002 0 -1 0 0 0 32002 32002 0 0 0 0 0 0
WIT 8 -298 -297 -277 -284 -251 0 0 0 0 32002 0 -1 0 0 0 32002 32002 0 0 0 0 0 0
WIT 8 -298 -297 -293 -300 -275 0 0 0 0 32002 0 -1 0 0 0 32002 32002 0 0 0 0 0 0
WIT 8 -298 -297 -301 -308 -265 0 0 0 0 32002 0 -1 0 0 0 32002 32002 0 0 0 0 0 0
WIT 10 -312 -297 -312 -321 -337 0 0 0 0 -297 0 -1 0 0 0 32002 32002 0 0 0 0 0 2453
WIT 7 -298 -297 -245 -258 -219 2460 1 0 0 32002 0 -1 0 0 0 32002 32002 0 0 0 0 0 0
WIT 7 -298 -297 -299 -305 -303 707 0 0 1 -296 0 -1 0 0 0 32002 32002 0 0 0 0 0 323
WIT 6 -298 -297 -283 -288 -377 0 0 0 0 -292 0 -1 0 0 0 32002 32002 0 0 0 0 0 2453
WIT 6 -298 -297 -312 -317 -358 0 0 0 0 -296 0 -1 0 0 0 32002 32002 0 0 0 0 0 49415
WIT 13 -298 -297 -312 -337 -329 49415 0 0 1 -296 0 -1 0 0 0 32002 32002 0 0 0 0 0 1762
WIT 11 -298 -297 -290 -300 -238 2460 1 0 0 32002 0 -1 0 0 0 32002 32002 0 0 0 0 0 0
WIT 9 -298 -297 -262 -270 -275 0 0 0 0 -297 0 -1 0 0 0 32002 32002 0 0 0 0 0 49415
WIT 10 -298 -297 -341 -350 -350 148 0 0 1 -297 0 -1 0 0 0 32002 32002 0 0 0 0 0 536
WIT 9 -298 -297 -341 -349 -385 0 0 0 0 -297 0 -1 0 0 0 32002 32002 0 0 0 0 0 2453
WIT 6 -298 -297 -270 -275 -237 0 0 0 0 32002 0 -1 0 0 0 32002 32002 0 0 0 0 0 0
WIT 6 -298 -297 -128 -133 -578 0 0 0 0 -211 0 -1 0 0 0 32002 32002 0 0 0 0 0 219
WIT 8 -298 -297 -312 -319 -320 0 0 0 0 -297 0 -1 0 0 0 32002 32002 0 0 0 0 0 49415
WIT 6 297 298 315 310 309 0 0 0 0 297 0 -1 0 0 0 32002 32002 0 0 0 0 0 0
WIT 11 -298 -297 -297 -318 -318 148 0 0 1 -297 0 -1 0 0 0 32002 32002 0 0 0 0 0 2453
WIT 8 -298 -297 -221 -236 -644 0 0 0 0 -144 0 -1 0 0 0 32002 32002 0 0 0 0 0 219
WIT 6 -298 -297 -290 -295 -290 148 0 0 0 32002 0 -1 0 0 0 32002 32002 0 0 0 0 0 0
WIT 7 -298 -297 -275 -281 -295 0 0 0 0 -297 0 -1 0 0 0 32002 32002 0 0 0 0 0 2453
WIT 6 -298 -297 -270 -275 -229 0 0 0 0 32002 0 -1 0 0 0 32002 32002 0 0 0 0 0 0
WIT 10 -298 -297 -297 -316 -317 0 0 0 0 -297 0 -1 0 0 0 32002 32002 0 0 0 0 0 49415
WIT 6 -298 -297 -290 -295 -290 148 0 0 0 32002 0 -1 0 0 0 32002 32002 0 0 0 0 0 0
WIT 6 -298 -297 -286 -291 -291 536 0 0 0 32002 0 -1 0 0 0 32002 32002 0 0 0 0 0 0
WIT 12 -298 -297 -312 -323 -306 49415 0 0 1 -297 0 -1 0 0 0 32002 32002 0 0 0 0 0 707
WIT 8 -298 -297 -312 -319 -302 707 0 0 1 -297 0 -1 0 0 0 32002 32002 0 0 0 0 0 49415
WIT 8 -298 -297 -278 -285 -316 0 0 0 0 -295 0 -1 0 0 0 32002 32002 0 0 0 0 0 2453
WIT 11 -298 -297 -312 -333 -569 0 0 0 0 -297 0 -1 0 0 0 32002 32002 0 0 0 0 0 1307
WIT 10 -298 -297 -312 -321 -283 0 0 0 0 32002 0 -1 0 0 0 32002 32002 0 0 0 0 0 0
WIT 6 297 298 298 293 269 0 0 0 0 306 0 -1 0 0 0 32002 32002 0 0 0 0 0 3234
WIT 6 297 298 325 320 320 3963 0 0 0 32002 0 -1 0 0 0 32002 32002 0 0 0 0 0 0
WIT 10 -298 -297 -312 -321 -322 0 0 0 0 -298 0 -1 0 0 0 32002 32002 0 0 0 0 0 0
WIT 6 311 312 310 305 285 0 0 0 0 307 0 -1 0 0 0 32002 32002 0 0 0 0 0 0
WIT 7 297 312 305 299 280 0 0 0 0 312 0 -1 0 0 0 32002 32002 0 0 0 0 0 3234
WIT 6 311 312 312 307 268 0 0 0 0 339 0 -1 0 0 0 32002 32002 0 0 0 0 0 3690
WIT 6 -303 -302 -275 -280 -324 0 0 0 0 -297 0 -1 0 0 0 32002 32002 0 0 0 0 0 2453
WIT 6 -303 -302 -245 -250 -251 0 0 0 0 -302 0 -1 0 0 0 32002 32002 0 0 0 0 0 1764
WIT 8 297 312 298 291 290 0 0 0 0 302 0 -1 0 0 0 32002 32002 0 0 0 0 0 3112
WIT 8 301 302 312 305 271 0 0 0 0 303 0 -1 0 0 0 32002 32002 0 0 0 0 0 3242
WIT 6 301 302 313 308 308 3169 0 0 0 32002 0 -1 0 0 0 32002 32002 0 0 0 0 0 0
WIT 7 301 302 306 300 299 0 0 0 0 302 0 -1 0 0 0 32002 32002 0 0 0 0 0 3112
WIT 7 301 302 302 296 295 0 0 0 0 302 0 -1 0 0 0 32002 32002 0 0 0 0 0 3963
WIT 6 301 302 315 310 309 0 0 0 0 302 0 -1 0 0 0 32002 32002 0 0 0 0 0 3112
WIT 6 301 302 307 302 302 3963 0 0 0 32002 0 -1 0 0 0 32002 32002 0 0 0 0 0 0
WIT 8 -303 -302 -71 -78 -79 0 0 0 0 -204 0 -1 0 0 0 32002 32002 0 0 0 0 0 1764
WIT 7 311 312 348 342 324 0 0 0 0 322 0 -1 0 0 0 32002 32002 0 0 0 0 0 3761
WIT 7 311 312 320 314 310 0 0 0 0 311 0 -1 0 0 0 32002 32002 0 0 0 0 0 0
WIT 8 -303 -302 -305 -312 -309 49415 0 0 1 -264 0 -1 0 0 0 32002 32002 0 0 0 0 0 1762
WIT 7 -303 -302 -265 -271 -263 0 0 0 0 32002 0 -1 0 0 0 32002 32002 0 0 0 0 0 0
WIT 8 -303 -302 -255 -262 -293 0 0 0 0 -246 0 -1 0 0 0 32002 32002 0 0 0 0 0 2022
WIT 7 -303 -302 -309 -315 -323 0 0 0 0 -294 0 -1 0 0 0 32002 32002 0 0 0 0 0 991
WIT 7 -303 -302 -280 -286 -273 0 0 0 0 32002 0 -1 0 0 0 32002 32002 0 0 0 0 0 0
WIT 7 -303 -302 -309 -315 -281 593 0 0 0 32002 0 -1 0 0 0 32002 32002 0 0 0 0 0 0
WIT 7 -303 -302 -312 -318 -280 0 0 0 0 32002 0 -1 0 0 0 32002 32002 0 0 0 0 0 0
WIT 8 -303 -302 -274 -281 -256 593 0 0 0 32002 0 -1 0 0 0 32002 32002 0 0 0 0 0 0
WIT 8 -303 -302 -311 -318 -300 1185 0 0 0 32002 0 -1 0 0 0 32002 32002 0 0 0 0 0 0
WIT 7 -303 -302 -311 -317 -318 0 0 0 0 -298 0 -1 0 0 0 32002 32002 0 0 0 0 0 49415
WIT 9 301 302 310 293 310 3112 0 0 0 32002 0 -1 0 0 0 32002 32002 0 0 0 0 0 0
WIT 7 -302 -301 -300 -306 -307 0 0 0 0 -265 0 -1 0 0 0 32002 32002 0 0 0 0 0 1187
WIT 6 -302 -301 -251 -256 -296 0 0 0 0 -297 0 -1 0 0 0 32002 32002 0 0 0 0 0 332
WIT 8 -302 -297 -224 -231 -304 0 0 1 0 -229 0 -1 0 0 0 32002 32002 0 0 0 0 0 139
WIT 9 -302 -297 -263 -271 -301 0 0 0 0 -297 0 -1 0 0 0 32002 32002 0 0 0 0 0 1185
WIT 11 -298 -297 -269 -290 -290 1308 0 0 0 32002 0 -1 0 0 0 32002 32002 0 0 0 0 0 0
WIT 8 -298 -297 -309 -324 -352 0 0 0 0 -297 0 -1 0 0 0 32002 32002 0 0 0 0 0 49415
WIT 8 -298 -297 -288 -295 -313 0 0 0 0 -299 0 -1 0 0 0 32002 32002 0 0 0 0 0 0
WIT 10 -298 -297 -297 -316 -317 0 0 0 0 -297 0 -1 0 0 0 32002 32002 0 0 0 0 0 332
WIT 9 -298 -297 -270 -287 -311 0 0 0 0 -297 0 -1 0 0 0 32002 32002 0 0 0 0 0 360
WIT 9 -298 -297 -245 -253 -227 536 0 0 0 32002 0 -1 0 0 0 32002 32002 0 0 0 0 0 0
WIT 9 -298 -297 -251 -268 -299 0 0 0 0 -286 0 -1 0 0 0 32002 32002 0 0 0 0 0 2217
WIT 10 -298 -297 -255 -274 -346 0 0 0 0 -285 0 -1 0 0 0 32002 32002 0 0 0 0 0 1180
WIT 7 -298 -297 -192 -198 -218 0 0 0 0 -297 0 -1 0 0 0 32002 32002 0 0 0 0 0 2217
WIT 9 -298 -297 -292 -309 -325 0 0 0 0 -297 0 -1 0 0 0 32002 32002 0 0 0 0 0 2453
WIT 11 -312 -297 -312 -322 -337 0 0 0 0 -302 0 -1 0 0 0 32002 32002 0 0 0 0 0 1762
WIT 7 -298 -297 -341 -347 -328 332 0 0 1 -294 0 -1 0 0 0 32002 32002 0 0 0 0 0 1762
WIT 8 -298 -297 -268 -275 -276 0 0 0 0 -233 0 -1 0 0 0 32002 32002 0 0 0 0 0 1180
WIT 7 -298 -297 -302 -308 -321 0 0 0 0 -290 0 -1 0 0 0 32002 32002 0 0 0 0 0 2453
WIT 12 -298 -297 -312 -335 -332 332 0 0 1 -294 0 -1 0 0 0 32002 32002 0 0 0 0 0 861
WIT 8 -298 -297 -280 -287 -250 2460 1 0 0 32002 0 -1 0 0 0 32002 32002 0 0 0 0 0 0
WIT 7 -298 -297 -317 -330 -330 707 0 0 1 -295 0 -1 0 0 0 32002 32002 0 0 0 0 0 1180
WIT 11 -298 -297 -295 -316 -355 0 0 0 0 -297 0 -1 0 0 0 32002 32002 0 0 0 0 0 2453
WIT 8 -298 -297 -235 -242 -200 2460 1 0 0 32002 0 -1 0 0 0 32002 32002 0 0 0 0 0 0
WIT 8 -298 -297 -270 -277 -277 536 0 0 0 32002 0 -1 0 0 0 32002 32002 0 0 0 0 0 0
WIT 13 -298 -297 -302 -327 -320 332 0 0 1 -310 1 1 24770 1 1 -298 -297 0 0 0 0 473 332
WIT 11 -298 -297 -276 -286 -301 0 0 0 0 -297 0 -1 0 0 0 32002 32002 0 0 0 0 0 1380
WIT 12 -298 -297 -279 -302 -303 0 0 0 0 -297 0 -1 0 0 0 32002 32002 0 0 0 0 0 1180
WIT 7 -298 -297 -302 -308 -271 332 0 0 0 32002 0 -1 0 0 0 32002 32002 0 0 0 0 0 0
WIT 11 -298 -297 -302 -323 -342 0 0 0 0 -297 0 -1 0 0 0 32002 32002 0 0 0 0 0 2453
WIT 9 -298 -297 -294 -302 -302 2453 0 0 1 -271 0 -1 0 0 0 32002 32002 0 0 0 0 0 332
WIT 8 -298 -297 -291 -298 -297 2453 0 0 0 32002 0 -1 0 0 0 32002 32002 0 0 0 0 0 0
WIT 8 -298 -297 -274 -281 -270 339 0 0 0 32002 0 -1 0 0 0 32002 32002 0 0 0 0 0 0
WIT 7 -298 -297 -302 -308 -9 332 0 0 0 32002 0 -1 0 0 0 32002 32002 0 0 0 0 0 0
WIT 6 -298 -297 -270 -275 -235 2453 0 0 0 32002 0 -1 0 0 0 32002 32002 0 0 0 0 0 0
WIT 7 -298 -297 -275 -281 -253 332 0 0 0 32002 0 -1 0 0 0 32002 32002 0 0 0 0 0 0
WIT 12 -298 -297 -302 -325 -335 0 0 0 0 -297 0 -1 0 0 0 32002 32002 0 0 0 0 0 861
WIT 12 -298 -297 -312 -323 -292 339 0 0 0 32002 0 -1 0 0 0 32002 32002 0 0 0 0 0 0
WIT 12 -298 -297 -312 -323 -304 332 0 0 1 -291 0 -1 0 0 0 32002 32002 0 0 0 0 0 2453
WIT 6 -298 -297 -273 -278 -260 1 0 0 0 32002 0 -1 0 0 0 32002 32002 0 0 0 0 0 0
WIT 10 -298 -297 -294 -313 -314 0 0 0 0 -292 0 -1 0 0 0 32002 32002 0 0 0 0 0 49415
WIT 12 -298 -297 -296 -307 -344 0 0 0 0 -297 0 -1 0 0 0 32002 32002 0 0 0 0 0 594
WIT 7 -298 -297 -295 -301 -282 0 0 0 0 32002 0 -1 0 0 0 32002 32002 0 0 0 0 0 0
WIT 8 -298 -297 -274 -281 -281 1180 1 0 0 32002 0 -1 0 0 0 32002 32002 0 0 0 0 0 0
WIT 8 -298 -297 -295 -302 -264 0 0 0 0 32002 0 -1 0 0 0 32002 32002 0 0 0 0 0 0
WIT 7 -298 -297 -294 -300 -285 0 0 0 0 32002 0 -1 0 0 0 32002 32002 0 0 0 0 0 0
WIT 7 -298 -297 -286 -292 -252 0 0 0 0 32002 0 -1 0 0 0 32002 32002 0 0 0 0 0 0
WIT 6 -298 -297 -292 -297 -274 0 0 0 0 32002 0 -1 0 0 0 32002 32002 0 0 0 0 0 0
WIT 12 -298 -297 -285 -296 -269 1371 0 0 0 32002 0 -1 0 0 0 32002 32002 0 0 0 0 0 0
WIT 12 -298 -297 -286 -309 -331 0 0 0 0 -269 0 -1 0 0 0 32002 32002 0 0 0 0 0 1180
WIT 10 -298 -297 -255 -264 -247 1 0 0 0 32002 0 -1 0 0 0 32002 32002 0 0 0 0 0 0
WIT 9 -298 -297 -297 -314 -315 0 0 0 0 -297 0 -1 0 0 0 32002 32002 0 0 0 0 0 2217
WIT 6 -298 -297 -275 -280 -256 1 0 0 0 32002 0 -1 0 0 0 32002 32002 0 0 0 0 0 0
WIT 7 -298 -297 -280 -286 -278 353 0 0 0 32002 0 -1 0 0 0 32002 32002 0 0 0 0 0 0
WIT 6 -298 -297 -248 -253 -254 0 0 0 0 -265 0 -1 0 0 0 32002 32002 0 0 0 0 0 332
WIT 6 -298 -297 -303 -308 -308 2330 0 0 1 -297 0 -1 0 0 0 32002 32002 0 0 0 0 0 332
WIT 7 -298 -297 -304 -310 -311 0 0 0 0 -297 0 -1 0 0 0 32002 32002 0 0 0 0 0 1180
WIT 6 -298 -297 -305 -310 -304 339 0 0 1 -293 0 -1 0 0 0 32002 32002 0 0 0 0 0 332
WIT 12 -298 -297 -305 -316 -299 332 0 0 1 -297 0 -1 0 0 0 32002 32002 0 0 0 0 0 1380
WIT 11 -298 -297 -304 -314 -295 707 0 0 0 32002 0 -1 0 0 0 32002 32002 0 0 0 0 0 0
WIT 9 -298 -297 -260 -268 -252 1380 0 0 0 32002 0 -1 0 0 0 32002 32002 0 0 0 0 0 0
WIT 8 -298 -297 -310 -317 -284 707 0 0 0 32002 0 -1 0 0 0 32002 32002 0 0 0 0 0 0
WIT 9 -298 -297 -276 -284 -251 707 0 0 0 32002 0 -1 0 0 0 32002 32002 0 0 0 0 0 0
WIT 8 -298 -297 -262 -269 -269 707 0 0 0 32002 0 -1 0 0 0 32002 32002 0 0 0 0 0 0
WIT 8 -298 -297 -278 -285 -276 707 0 0 0 32002 0 -1 0 0 0 32002 32002 0 0 0 0 0 0
WIT 7 -298 -297 -270 -276 -243 707 0 0 0 32002 0 -1 0 0 0 32002 32002 0 0 0 0 0 0
WIT 7 -298 -297 -298 -304 -265 707 0 0 0 32002 0 -1 0 0 0 32002 32002 0 0 0 0 0 0
WIT 13 -298 -297 -312 -337 -374 0 0 0 0 -297 0 -1 0 0 0 32002 32002 0 0 0 0 0 2453
WIT 12 -298 -297 -312 -323 -318 2453 0 0 1 -284 0 -1 0 0 0 32002 32002 0 0 0 0 0 332
WIT 6 297 298 298 293 294 3234 0 0 1 298 0 -1 0 0 0 32002 32002 0 0 0 0 0 3364
WIT 7 -298 -297 -312 -318 -331 0 0 0 0 -287 0 -1 0 0 0 32002 32002 0 0 0 0 0 137
WIT 9 -298 -297 -312 -320 -350 0 0 0 0 -297 0 -1 0 0 0 32002 32002 0 0 0 0 0 2453
WIT 12 -298 -297 -312 -335 -305 332 0 0 1 -297 0 -1 0 0 0 32002 32002 0 0 0 0 0 593
WIT 11 -298 -297 -292 -313 -309 2453 0 0 1 -291 0 -1 0 0 0 32002 32002 0 0 0 0 0 332
WIT 12 -298 -297 -312 -323 -318 2453 0 0 1 -296 0 -1 0 0 0 32002 32002 0 0 0 0 0 861
WIT 6 297 298 300 295 267 0 0 0 0 283 0 -1 0 0 0 32002 32002 0 0 0 0 0 0
WIT 13 -298 -297 -261 -273 -195 2460 1 0 0 32002 0 -1 0 0 0 32002 32002 0 0 0 0 0 0
WIT 8 -298 -297 -309 -316 -34 861 0 0 0 32002 0 -1 0 0 0 32002 32002 0 0 0 0 0 0
WIT 13 -298 -297 -309 -334 -358 0 0 0 0 -297 0 -1 0 0 0 32002 32002 0 0 0 0 0 1764
WIT 11 -298 -297 -312 -322 -302 332 0 0 1 -291 0 -1 0 0 0 32002 32002 0 0 0 0 0 2453
WIT 7 -298 -297 -264 -270 -247 339 0 0 0 32002 0 -1 0 0 0 32002 32002 0 0 0 0 0 0
WIT 8 -297 -277 -235 -242 -315 0 0 1 0 -267 0 -1 0 0 0 32002 32002 0 0 0 0 0 139
WIT 10 -278 -277 -190 -199 -166 332 0 0 0 32002 0 -1 0 0 0 32002 32002 0 0 0 0 0 0
WIT 9 -297 -277 -297 -305 -306 0 0 0 0 -277 0 -1 0 0 0 32002 32002 0 0 0 0 0 1185
WIT 10 -278 -277 -253 -262 -704 0 0 0 0 -277 0 -1 0 0 0 32002 32002 0 0 0 0 0 739
WIT 10 -278 -277 -297 -306 -278 2453 0 0 1 -231 0 -1 0 0 0 32002 32002 0 0 0 0 0 49415
WIT 10 -278 -277 -297 -316 -323 0 0 0 0 -235 0 -1 0 0 0 32002 32002 0 0 0 0 0 360
WIT 10 -278 -277 -296 -315 -311 353 0 0 1 -259 0 -1 0 0 0 32002 32002 0 0 0 0 0 332
WIT 11 -278 -277 -297 -307 -295 528 0 0 1 -185 0 -1 0 0 0 32002 32002 0 0 0 0 0 34985
WIT 8 -278 -277 -297 -304 -285 528 0 0 1 -239 0 -1 0 0 0 32002 32002 0 0 0 0 0 49415
WIT 8 -278 -277 -273 -280 -314 0 0 0 0 -277 0 -1 0 0 0 32002 32002 0 0 0 0 0 2453
WIT 10 -278 -277 -297 -316 -317 0 0 0 0 -277 0 -1 0 0 0 32002 32002 0 0 0 0 0 332
WIT 10 -278 -277 -286 -295 -231 0 0 0 0 32002 0 -1 0 0 0 32002 32002 0 0 0 0 0 0
WIT 7 -278 -277 -251 -257 -198 0 0 0 0 32002 0 -1 0 0 0 32002 32002 0 0 0 0 0 0
WIT 10 -278 -277 -287 -306 -326 0 0 0 0 -274 0 -1 0 0 0 32002 32002 0 0 0 0 0 2217
WIT 9 -278 -277 -285 -293 -331 0 0 0 0 -267 0 -1 0 0 0 32002 32002 0 0 0 0 0 1187
WIT 10 -278 -277 -243 -252 -262 0 0 0 0 -244 0 -1 0 0 0 32002 32002 0 0 0 0 0 1180
WIT 11 -278 -277 -297 -318 -319 0 0 0 0 -271 0 -1 0 0 0 32002 32002 0 0 0 0 0 2217
WIT 10 -278 -277 -255 -264 -244 339 0 0 0 32002 0 -1 0 0 0 32002 32002 0 0 0 0 0 0
WIT 6 -278 -277 -255 -260 -290 0 0 0 0 -230 0 -1 0 0 0 32002 32002 0 0 0 0 0 1180
WIT 8 -278 -277 -209 -216 -211 0 0 0 0 32002 0 -1 0 0 0 32002 32002 0 0 0 0 0 0
WIT 9 277 278 297 289 276 0 0 0 0 330 0 -1 0 0 0 32002 32002 0 0 0 0 0 2908
WIT 10 -278 -277 -297 -316 -404 0 0 0 0 -278 0 -1 0 0 0 32002 32002 0 0 0 0 0 0
WIT 7 277 297 278 272 271 0 0 0 0 290 0 -1 0 0 0 32002 32002 0 0 0 0 0 3699
WIT 10 289 290 389 380 944 2915 1 0 0 32002 0 -1 0 0 0 32002 32002 0 0 0 0 0 0
WIT 9 289 290 337 320 313 0 0 0 0 262 0 -1 0 0 0 32002 32002 0 0 0 0 0 3364
WIT 8 289 290 384 377 376 0 0 0 0 290 0 -1 0 0 0 32002 32002 0 0 0 0 0 3690
WIT 11 -297 -277 -297 -307 -304 332 0 0 1 -290 1 1 27495 1 1 -290 -292 0 0 0 0 46 1762
WIT 8 -291 -290 -280 -287 -328 0 0 0 0 -282 0 -1 0 0 0 32002 32002 0 0 0 0 0 1307
WIT 7 -114 -113 -55 -61 -13 0 0 0 0 32002 0 -1 0 0 0 32002 32002 0 0 0 0 0 0
WIT 12 -291 -290 -289 -300 -297 1380 0 0 1 -289 0 -1 0 0 0 32002 32002 0 0 0 0 0 49415
WIT 15 -291 -290 -297 -326 -370 0 0 0 0 -290 0 -1 0 0 0 32002 32002 0 0 0 0 0 2453
WIT 8 -291 -290 -263 -270 -300 0 0 0 0 -265 0 -1 0 0 0 32002 32002 0 0 0 0 0 1569
WIT 8 -291 -290 -295 -302 -247 0 0 0 0 32002 0 -1 0 0 0 32002 32002 0 0 0 0 0 0
WIT 8 -291 -290 -277 -284 -265 536 0 0 0 32002 0 -1 0 0 0 32002 32002 0 0 0 0 0 0
WIT 14 -291 -290 -297 -324 -326 0 0 0 0 -290 0 -1 0 0 0 32002 32002 0 0 0 0 0 332
WIT 15 -291 -290 -290 -304 -265 2460 1 0 0 32002 0 -1 0 0 0 32002 32002 0 0 0 0 0 0
WIT 12 -291 -290 -297 -308 -293 1892 1 0 0 -267 0 -1 0 0 0 32002 32002 0 0 0 0 0 1764
WIT 11 -291 -290 -297 -318 -363 0 0 0 0 -290 0 -1 0 0 0 32002 32002 0 0 0 0 0 1380
WIT 16 -291 -290 -297 -328 -328 707 0 0 1 -290 0 -1 0 0 0 32002 32002 0 0 0 0 0 1180
WIT 6 -291 -290 -116 -121 -121 1244 1 0 0 32002 0 -1 0 0 0 32002 32002 0 0 0 0 0 0
WIT 11 -291 -290 -293 -303 -292 332 0 0 1 -261 0 -1 0 0 0 32002 32002 0 0 0 0 0 339
WIT 15 -291 -290 -297 -326 -342 0 0 0 0 -290 0 -1 0 0 0 32002 32002 0 0 0 0 0 2453
WIT 7 290 291 297 291 270 0 0 0 0 296 0 -1 0 0 0 32002 32002 0 0 0 0 0 3234
WIT 6 290 291 305 300 285 0 0 0 0 320 0 -1 0 0 0 32002 32002 0 0 0 0 0 3234
WIT 12 -291 -290 -273 -284 -265 2453 0 0 0 32002 0 -1 0 0 0 32002 32002 0 0 0 0 0 0
WIT 8 -291 -290 -267 -274 -245 339 0 0 0 32002 0 -1 0 0 0 32002 32002 0 0 0 0 0 0
WIT 8 -291 -290 -270 -277 -244 339 0 0 0 32002 0 -1 0 0 0 32002 32002 0 0 0 0 0 0
WIT 8 -291 -290 -302 -309 -264 332 0 0 0 32002 0 -1 0 0 0 32002 32002 0 0 0 0 0 0
WIT 9 -291 -290 -256 -264 -253 332 0 0 0 32002 0 -1 0 0 0 32002 32002 0 0 0 0 0 0
WIT 13 -291 -290 -297 -322 -335 0 0 0 0 -290 0 -1 0 0 0 32002 32002 0 0 0 0 0 861
WIT 13 -291 -290 -261 -273 -194 2460 1 0 0 32002 0 -1 0 0 0 32002 32002 0 0 0 0 0 0
WIT 12 -291 -290 -297 -308 -233 861 0 0 0 32002 0 -1 0 0 0 32002 32002 0 0 0 0 0 0
WIT 10 -291 -290 -297 -306 -175 0 0 0 0 32002 0 -1 0 0 0 32002 32002 0 0 0 0 0 0
WIT 13 -291 -290 -297 -322 -346 0 0 0 0 -289 0 -1 0 0 0 32002 32002 0 0 0 0 0 1764
WIT 12 -291 -290 -296 -307 -308 0 0 0 0 -290 0 -1 0 0 0 32002 32002 0 0 0 0 0 861
WIT 10 -291 -290 -294 -313 -313 339 0 0 1 -290 0 -1 0 0 0 32002 32002 0 0 0 0 0 861
WIT 11 -291 -290 -297 -307 -300 861 0 0 1 -296 1 1 23300 1 1 -291 -286 0 0 0 0 176 861
WIT 10 -291 -290 -291 -300 -291 861 0 0 1 -290 0 -1 0 0 0 32002 32002 0 0 0 0 0 2453
WIT 10 -291 -290 -297 -306 -267 332 0 0 0 32002 0 -1 0 0 0 32002 32002 0 0 0 0 0 0
WIT 10 -291 -290 -297 -306 -269 861 0 0 0 32002 0 -1 0 0 0 32002 32002 0 0 0 0 0 0
WIT 10 -291 -290 -297 -306 -323 0 0 0 0 -277 0 -1 0 0 0 32002 32002 0 0 0 0 0 1762
WIT 11 -291 -290 -297 -307 -308 0 0 0 0 -291 0 -1 0 0 0 32002 32002 0 0 0 0 0 0
WIT 8 296 297 310 303 280 0 0 0 0 296 0 -1 0 0 0 32002 32002 0 0 0 0 0 0
WIT 6 -291 -290 -254 -259 -217 2460 1 0 0 32002 0 -1 0 0 0 32002 32002 0 0 0 0 0 0
WIT 8 -291 -290 -287 -294 -288 536 0 0 0 32002 0 -1 0 0 0 32002 32002 0 0 0 0 0 0
WIT 8 290 297 291 284 285 3234 0 0 1 287 1 2 -4157 1 1 290 290 1 0 9 0 1 0
WIT 10 -291 -290 -240 -249 -302 0 0 0 0 -250 0 -1 0 0 0 32002 32002 0 0 0 0 0 1634
WIT 9 290 291 291 283 239 0 0 0 0 286 0 -1 0 0 0 32002 32002 0 0 0 0 0 0
WIT 7 -291 -290 -222 -228 -272 0 0 0 0 -246 0 -1 0 0 0 32002 32002 0 0 0 0 0 1176
WIT 12 -291 -290 -261 -272 -273 0 0 0 0 -291 0 -1 0 0 0 32002 32002 0 0 0 0 0 49415
WIT 6 -291 -290 -241 -246 -242 49415 0 0 0 32002 0 -1 0 0 0 32002 32002 0 0 0 0 0 0
WIT 10 -291 -290 -256 -265 -342 0 0 0 0 -281 0 -1 0 0 0 32002 32002 0 0 0 0 0 2453
WIT 9 290 297 291 283 282 0 0 0 0 290 0 -1 0 0 0 32002 32002 0 0 0 0 0 0
WIT 9 -291 -290 -297 -305 -229 332 0 0 0 32002 0 -1 0 0 0 32002 32002 0 0 0 0 0 0
WIT 10 -291 -290 -291 -310 -309 2453 0 0 1 -287 0 -1 0 0 0 32002 32002 0 0 0 0 0 332
WIT 9 -291 -290 -297 -305 -305 861 0 0 1 -290 0 -1 0 0 0 32002 32002 0 0 0 0 0 2453
WIT 7 -291 -290 -275 -281 -205 1380 0 0 0 32002 0 -1 0 0 0 32002 32002 0 0 0 0 0 0
WIT 8 -291 -290 -265 -272 -251 339 0 0 0 32002 0 -1 0 0 0 32002 32002 0 0 0 0 0 0
WIT 6 -291 -290 -297 -302 -267 0 0 0 0 32002 0 -1 0 0 0 32002 32002 0 0 0 0 0 0
WIT 8 -291 -290 -297 -312 -357 0 0 0 0 -276 0 -1 0 0 0 32002 32002 0 0 0 0 0 2453
WIT 6 -291 -290 -272 -277 -235 332 0 0 0 32002 0 -1 0 0 0 32002 32002 0 0 0 0 0 0
WIT 11 -291 -290 -297 -318 -303 332 0 0 1 -288 0 -1 0 0 0 32002 32002 0 0 0 0 0 593
WIT 9 -291 -290 -297 -305 -249 332 0 0 0 32002 0 -1 0 0 0 32002 32002 0 0 0 0 0 0
WIT 9 -291 -290 -306 -323 -323 2453 0 0 1 -288 0 -1 0 0 0 32002 32002 0 0 0 0 0 332
WIT 9 -291 -290 -312 -320 -292 339 0 0 1 -277 0 -1 0 0 0 32002 32002 0 0 0 0 0 332
WIT 9 -291 -290 -246 -254 -255 0 0 0 0 -290 0 -1 0 0 0 32002 32002 0 0 0 0 0 1371
WIT 9 -291 -290 -251 -268 -284 0 0 0 0 -290 0 -1 0 0 0 32002 32002 0 0 0 0 0 1762
WIT 6 -291 -290 -273 -278 -236 1 0 0 0 32002 0 -1 0 0 0 32002 32002 0 0 0 0 0 0
WIT 14 -291 -290 -292 -319 -319 1 0 0 1 -290 0 -1 0 0 0 32002 32002 0 0 0 0 0 49415
WIT 6 -114 -113 -52 -57 -310 0 0 0 0 -35 0 -1 0 0 0 32002 32002 0 0 0 0 0 1764
WIT 12 -291 -290 -284 -295 -289 1 0 0 0 32002 0 -1 0 0 0 32002 32002 0 0 0 0 0 0
WIT 7 -291 -290 -285 -291 -273 536 0 0 0 32002 0 -1 0 0 0 32002 32002 0 0 0 0 0 0
WIT 12 -291 -290 -291 -302 -297 1 0 0 1 -285 0 -1 0 0 0 32002 32002 0 0 0 0 0 49415
WIT 9 -291 -290 -286 -294 -294 1 0 0 1 -285 0 -1 0 0 0 32002 32002 0 0 0 0 0 49415
WIT 7 -291 -290 -248 -254 -224 0 0 0 0 32002 0 -1 0 0 0 32002 32002 0 0 0 0 0 0
WIT 9 -291 -290 -276 -284 -271 536 0 0 0 32002 0 -1 0 0 0 32002 32002 0 0 0 0 0 0
WIT 13 -291 -290 -297 -309 -310 0 0 0 0 -290 0 -1 0 0 0 32002 32002 0 0 0 0 0 332
WIT 10 -291 -290 -284 -293 -289 1 0 0 0 32002 0 -1 0 0 0 32002 32002 0 0 0 0 0 0
WIT 6 -114 -113 2 -3 -308 0 0 0 0 -64 0 -1 0 0 0 32002 32002 0 0 0 0 0 1764
WIT 7 -291 -290 -287 -293 -273 536 0 0 0 32002 0 -1 0 0 0 32002 32002 0 0 0 0 0 0
WIT 13 -291 -290 -297 -322 -345 0 0 0 0 -290 0 -1 0 0 0 32002 32002 0 0 0 0 0 594
WIT 9 -291 -290 -297 -305 -306 0 0 0 0 -285 0 -1 0 0 0 32002 32002 0 0 0 0 0 1180
WIT 6 -291 -290 -297 -302 -283 0 0 0 0 32002 0 -1 0 0 0 32002 32002 0 0 0 0 0 0
WIT 8 -291 -290 -284 -291 -314 0 0 0 0 -236 0 -1 0 0 0 32002 32002 0 0 0 0 0 594
WIT 8 -291 -290 -289 -304 -306 0 0 0 0 -284 0 -1 0 0 0 32002 32002 0 0 0 0 0 1307
WIT 7 290 291 324 318 295 0 0 0 0 301 0 -1 0 0 0 32002 32002 0 0 0 0 0 2268
WIT 11 -291 -290 -297 -307 -310 0 0 0 0 -291 0 -1 0 0 0 32002 32002 0 0 0 0 0 0
WIT 12 -291 -290 -297 -320 -321 0 0 0 0 -291 0 -1 0 0 0 32002 32002 0 0 0 0 0 0
WIT 11 -291 -290 -297 -318 -385 0 0 0 0 -291 0 -1 0 0 0 32002 32002 0 0 0 0 0 0
WIT 7 290 297 291 285 285 3749 0 0 1 297 0 -1 0 0 0 32002 32002 0 0 0 0 0 3742
WIT 10 296 297 331 322 177 0 0 0 0 335 0 -1 0 0 0 32002 32002 0 0 0 0 0 2268
WIT 7 290 297 291 285 284 0 0 0 0 297 0 -1 0 0 0 32002 32002 0 0 0 0 0 3690
WIT 10 296 297 299 280 224 0 0 0 0 297 0 -1 0 0 0 32002 32002 0 0 0 0 0 2268
WIT 8 296 297 318 311 310 0 0 0 0 330 0 -1 0 0 0 32002 32002 0 0 0 0 0 1810
WIT 8 296 297 300 293 341 0 0 0 0 32002 0 -1 0 0 0 32002 32002 0 0 0 0 0 0
WIT 9 290 297 291 283 284 1810 1 0 0 297 0 -1 0 0 0 32002 32002 0 0 0 0 0 3234
WIT 10 296 297 311 302 366 3234 0 0 0 32002 0 -1 0 0 0 32002 32002 0 0 0 0 0 0
WIT 9 290 297 291 283 266 0 0 0 0 297 0 -1 0 0 0 32002 32002 0 0 0 0 0 2908
WIT 6 323 324 297 292 291 0 0 0 0 323 0 -1 0 0 0 32002 32002 0 0 0 0 0 3642
WIT 7 323 324 300 294 301 0 0 0 0 321 0 -1 0 0 0 32002 32002 0 0 0 0 0 0
WIT 6 323 324 309 304 335 0 0 0 0 32002 0 -1 0 0 0 32002 32002 0 0 0 0 0 0
WIT 7 277 324 297 291 291 3749 0 0 1 324 0 -1 0 0 0 32002 32002 0 0 0 0 0 3742
WIT 10 323 324 297 288 308 3749 0 0 1 324 0 -1 0 0 0 32002 32002 0 0 0 0 0 3742
WIT 8 323 324 301 294 323 2203 1 0 0 324 0 -1 0 0 0 32002 32002 0 0 0 0 0 3742
WIT 7 277 324 297 291 290 0 0 0 0 324 0 -1 0 0 0 32002 32002 0 0 0 0 0 3690
WIT 10 323 324 297 278 223 0 0 0 0 324 0 -1 0 0 0 32002 32002 0 0 0 0 0 2268
WIT 10 323 324 306 297 343 0 0 0 0 32002 0 -1 0 0 0 32002 32002 0 0 0 0 0 0
WIT 10 323 324 326 307 306 0 0 0 0 339 0 -1 0 0 0 32002 32002 0 0 0 0 0 1810
WIT 8 323 324 300 293 343 0 0 0 0 32002 0 -1 0 0 0 32002 32002 0 0 0 0 0 0
WIT 9 277 324 297 289 289 1810 1 0 0 324 0 -1 0 0 0 32002 32002 0 0 0 0 0 3234
WIT 7 323 324 425 412 1458 3492 1 0 0 32002 0 -1 0 0 0 32002 32002 0 0 0 0 0 0
WIT 9 323 324 358 350 334 0 0 0 0 323 0 -1 0 0 0 32002 32002 0 0 0 0 0 0
WIT 11 -324 -323 -323 -333 -453 0 0 0 0 -323 0 -1 0 0 0 32002 32002 0 0 0 0 0 2325
WIT 12 323 324 320 297 284 0 0 0 0 323 0 -1 0 0 0 32002 32002 0 0 0 0 0 0
WIT 12 323 324 318 295 198 0 0 0 0 323 0 -1 0 0 0 32002 32002 0 0 0 0 0 0
WIT 6 -278 -277 -308 -313 -295 139 1 1 0 -245 0 -1 0 0 0 32002 32002 0 0 0 0 0 1355
WIT 6 -278 -277 -323 -328 -370 0 0 0 0 -277 0 -1 0 0 0 32002 32002 0 0 0 0 0 1762
WIT 6 -278 -277 -314 -319 -324 0 0 0 0 -282 0 -1 0 0 0 32002 32002 0 0 0 0 0 0
WIT 7 -324 -277 -323 -329 -329 332 0 0 1 -317 1 1 19770 1 1 -317 -324 0 1 0 4 1 861
WIT 7 -318 -317 -266 -272 -259 332 0 0 0 32002 0 -1 0 0 0 32002 32002 0 0 0 0 0 0
WIT 6 -318 -317 -323 -328 -328 332 0 0 1 -317 0 -1 0 0 0 32002 32002 0 0 0 0 0 861
WIT 6 -318 -317 -286 -291 -273 0 0 0 0 32002 0 -1 0 0 0 32002 32002 0 0 0 0 0 0
WIT 7 -324 -277 -323 -329 -378 0 0 0 0 -317 0 -1 0 0 0 32002 32002 0 0 0 0 0 1380
WIT 7 316 317 311 305 330 0 0 0 0 32002 0 -1 0 0 0 32002 32002 0 0 0 0 0 0
WIT 8 316 317 361 354 316 0 0 0 0 414 0 -1 0 0 0 32002 32002 0 0 0 0 0 2268
WIT 7 316 317 297 291 305 1810 1 0 0 353 0 -1 0 0 0 32002 32002 0 0 0 0 0 3234
WIT 7 316 317 297 291 290 0 0 0 0 347 0 -1 0 0 0 32002 32002 0 0 0 0 0 3749
WIT 8 -318 -317 -266 -273 -270 1380 0 0 0 32002 0 -1 0 0 0 32002 32002 0 0 0 0 0 0
WIT 7 -318 -317 -262 -268 -268 707 0 0 0 32002 0 -1 0 0 0 32002 32002 0 0 0 0 0 0
WIT 6 -318 -317 -265 -270 -239 707 0 0 0 32002 0 -1 0 0 0 32002 32002 0 0 0 0 0 0
WIT 9 277 324 297 289 286 0 0 0 0 317 0 -1 0 0 0 32002 32002 0 0 0 0 0 2908
WIT 8 -318 -317 -290 -305 -302 332 0 0 0 32002 0 -1 0 0 0 32002 32002 0 0 0 0 0 0
WIT 6 -318 -317 -278 -283 -218 332 0 0 0 32002 0 -1 0 0 0 32002 32002 0 0 0 0 0 0
WIT 7 -291 -290 -298 -304 -321 0 0 0 0 -290 0 -1 0 0 0 32002 32002 0 0 0 0 0 1764
WIT 7 -291 -290 -323 -329 -329 339 0 0 1 -302 1 1 8576 1 1 -291 -290 0 0 0 0 25 339
WIT 7 -291 -290 -277 -290 -340 0 0 0 0 -277 0 -1 0 0 0 32002 32002 0 0 0 0 0 1762
WIT 6 317 318 368 363 333 0 0 0 0 317 0 -1 0 0 0 32002 32002 0 0 0 0 0 0
WIT 6 -291 -290 -284 -289 -367 0 0 0 0 -256 0 -1 0 0 0 32002 32002 0 0 0 0 0 1307
WIT 6 -291 -290 -307 -312 -340 0 0 0 0 -287 0 -1 0 0 0 32002 32002 0 0 0 0 0 2330
WIT 9 -291 -290 -269 -277 -283 0 0 1 0 -273 0 -1 0 0 0 32002 32002 0 0 0 0 0 139
WIT 9 -291 -290 -273 -281 -370 0 0 0 0 -288 0 -1 0 0 0 32002 32002 0 0 0 0 0 1764
WIT 8 -291 -290 -266 -273 -274 0 0 0 0 -290 0 -1 0 0 0 32002 32002 0 0 0 0 0 861
WIT 8 -291 -290 -308 -315 -315 861 0 0 1 -232 0 -1 0 0 0 32002 32002 0 0 0 0 0 332
WIT 8 -291 -290 -214 -221 -197 0 0 0 0 32002 0 -1 0 0 0 32002 32002 0 0 0 0 0 0
WIT 8 -291 -290 -297 -304 -293 861 0 0 1 -290 0 -1 0 0 0 32002 32002 0 0 0 0 0 332
WIT 8 290 318 317 310 272 0 0 0 0 290 0 -1 0 0 0 32002 32002 0 0 0 0 0 0
WIT 7 290 291 312 306 298 0 0 0 0 315 0 -1 0 0 0 32002 32002 0 0 0 0 0 3364
WIT 12 -291 -290 -297 -320 -300 332 0 0 1 -285 0 -1 0 0 0 32002 32002 0 0 0 0 0 339
WIT 6 290 291 314 309 287 0 0 0 0 325 0 -1 0 0 0 32002 32002 0 0 0 0 0 2908
WIT 10 -291 -290 -297 -306 -298 332 0 0 1 -290 0 -1 0 0 0 32002 32002 0 0 0 0 0 1380
WIT 11 -291 -290 -296 -306 -182 1380 1 0 0 32002 0 -1 0 0 0 32002 32002 0 0 0 0 0 0
WIT 9 -291 -290 -310 -318 -311 983 0 0 1 -272 0 -1 0 0 0 32002 32002 0 0 0 0 0 332
WIT 10 -291 -290 -304 -313 -310 983 0 0 1 -290 0 -1 0 0 0 32002 32002 0 0 0 0 0 332
WIT 9 -291 -290 -259 -267 -222 332 0 0 0 32002 0 -1 0 0 0 32002 32002 0 0 0 0 0 0
WIT 9 -291 -290 -276 -284 -269 983 0 0 0 32002 0 -1 0 0 0 32002 32002 0 0 0 0 0 0
WIT 9 -291 -290 -271 -279 -115 983 0 0 0 32002 0 -1 0 0 0 32002 32002 0 0 0 0 0 0
WIT 9 -291 -290 -267 -275 -217 983 0 0 0 32002 0 -1 0 0 0 32002 32002 0 0 0 0 0 0
WIT 10 290 318 317 308 266 0 0 0 0 290 0 -1 0 0 0 32002 32002 0 0 0 0 0 0
WIT 9 290 291 292 275 300 3567 0 0 0 32002 0 -1 0 0 0 32002 32002 0 0 0 0 0 0
WIT 8 290 291 290 275 377 2908 0 0 0 32002 0 -1 0 0 0 32002 32002 0 0 0 0 0 0
WIT 7 290 318 311 305 269 0 0 0 0 318 0 -1 0 0 0 32002 32002 0 0 0 0 0 3298
WIT 8 317 318 314 307 325 0 0 0 0 32002 0 -1 0 0 0 32002 32002 0 0 0 0 0 0
WIT 8 317 318 347 340 293 0 0 0 0 356 0 -1 0 0 0 32002 32002 0 0 0 0 0 3298
WIT 8 317 318 328 313 224 0 0 0 0 340 0 -1 0 0 0 32002 32002 0 0 0 0 0 2908
WIT 8 290 318 291 284 271 0 0 0 0 318 0 -1 0 0 0 32002 32002 0 0 0 0 0 3699
WIT 9 290 318 291 283 279 0 0 0 0 318 0 -1 0 0 0 32002 32002 0 0 0 0 0 3567
WIT 10 317 318 292 273 300 3567 0 0 1 312 1 1 13405 1 1 317 297 0 0 0 0 1 0
WIT 7 -318 -290 -312 -318 -318 1762 1 0 0 -290 0 -1 0 0 0 32002 32002 0 0 0 0 0 323
WIT 9 -291 -290 -297 -305 -318 0 0 0 0 -278 0 -1 0 0 0 32002 32002 0 0 0 0 0 1762
WIT 9 -291 -290 -270 -278 -279 0 0 0 0 -290 0 -1 0 0 0 32002 32002 0 0 0 0 0 1185
WIT 8 -291 -290 -252 -259 -259 536 0 0 0 32002 0 -1 0 0 0 32002 32002 0 0 0 0 0 0
WIT 7 -291 -290 -310 -316 -375 0 0 0 0 -290 0 -1 0 0 0 32002 32002 0 0 0 0 0 1307
WIT 7 -318 -290 -312 -318 -319 0 0 0 0 -290 0 -1 0 0 0 32002 32002 0 0 0 0 0 49415
WIT 6 -291 -290 -290 -295 -285 148 0 0 0 32002 0 -1 0 0 0 32002 32002 0 0 0 0 0 0
WIT 7 -291 -290 -296 -302 -288 2453 0 0 0 32002 0 -1 0 0 0 32002 32002 0 0 0 0 0 0
WIT 11 -291 -290 -297 -318 -313 49415 0 0 1 -290 0 -1 0 0 0 32002 32002 0 0 0 0 0 707
WIT 9 -291 -290 -297 -305 -303 49415 0 0 1 -290 0 -1 0 0 0 32002 32002 0 0 0 0 0 707
WIT 8 -291 -290 -296 -303 -249 49415 0 0 0 32002 0 -1 0 0 0 32002 32002 0 0 0 0 0 0
WIT 7 -291 -290 -242 -248 -210 49415 0 0 0 32002 0 -1 0 0 0 32002 32002 0 0 0 0 0 0
WIT 10 -291 -290 -295 -304 -247 0 0 0 0 32002 0 -1 0 0 0 32002 32002 0 0 0 0 0 0
WIT 8 -291 -290 -287 -294 -288 707 0 0 0 32002 0 -1 0 0 0 32002 32002 0 0 0 0 0 0
WIT 7 -291 -290 -295 -308 -339 0 0 0 0 -288 0 -1 0 0 0 32002 32002 0 0 0 0 0 2453
WIT 6 -291 -290 -297 -302 -258 49415 0 0 0 32002 0 -1 0 0 0 32002 32002 0 0 0 0 0 0
WIT 10 -291 -290 -297 -316 -553 0 0 0 0 -290 0 -1 0 0 0 32002 32002 0 0 0 0 0 1307
WIT 6 -291 -290 -292 -297 -285 1762 1 0 0 32002 0 -1 0 0 0 32002 32002 0 0 0 0 0 0
WIT 7 -291 -290 -292 -298 -293 536 0 0 1 -290 0 -1 0 0 0 32002 32002 0 0 0 0 0 139
WIT 11 -291 -290 -290 -311 -427 0 0 0 0 -290 0 -1 0 0 0 32002 32002 0 0 0 0 0 594
WIT 7 -291 -290 -283 -289 -256 536 0 0 0 32002 0 -1 0 0 0 32002 32002 0 0 0 0 0 0
WIT 10 -291 -290 -241 -260 -434 0 0 0 0 -256 0 -1 0 0 0 32002 32002 0 0 0 0 0 594
WIT 9 -291 -290 -297 -305 -305 983 0 0 1 -290 0 -1 0 0 0 32002 32002 0 0 0 0 0 536
WIT 6 -291 -290 -222 -227 -340 0 0 0 0 -211 0 -1 0 0 0 32002 32002 0 0 0 0 0 1371
WIT 10 -291 -290 -284 -303 -317 0 0 0 0 -290 0 -1 0 0 0 32002 32002 0 0 0 0 0 1307
WIT 7 -291 -290 -229 -235 -243 0 0 0 0 -275 0 -1 0 0 0 32002 32002 0 0 0 0 0 1
WIT 7 -291 -290 -282 -288 -303 0 0 0 0 -290 0 -1 0 0 0 32002 32002 0 0 0 0 0 594
WIT 7 -291 -290 -290 -296 -267 0 0 0 0 32002 0 -1 0 0 0 32002 32002 0 0 0 0 0 0
WIT 6 290 291 299 294 204 0 0 0 0 301 0 -1 0 0 0 32002 32002 0 0 0 0 0 2203
WIT 11 -291 -290 -297 -318 -323 0 0 0 0 -292 0 -1 0 0 0 32002 32002 0 0 0 0 0 0
WIT 10 -291 -290 -297 -316 -334 0 0 0 0 -291 0 -1 0 0 0 32002 32002 0 0 0 0 0 0
WIT 8 302 303 290 275 377 2908 0 0 0 32002 0 -1 0 0 0 32002 32002 0 0 0 0 0 0
WIT 7 302 303 319 313 360 0 0 0 0 32002 0 -1 0 0 0 32002 32002 0 0 0 0 0 0
WIT 6 302 303 293 288 304 3826 0 0 0 32002 0 -1 0 0 0 32002 32002 0 0 0 0 0 0
WIT 11 -304 -303 -296 -306 -297 49415 0 0 0 32002 0 -1 0 0 0 32002 32002 0 0 0 0 0 0
WIT 8 303 304 294 287 267 0 0 0 0 320 0 -1 0 0 0 32002 32002 0 0 0 0 0 2137
WIT 6 303 304 324 319 312 0 0 0 0 310 0 -1 0 0 0 32002 32002 0 0 0 0 0 2137
WIT 10 303 304 291 282 282 3234 0 0 1 316 0 -1 0 0 0 32002 32002 0 0 0 0 0 3364
WIT 10 -304 -303 -300 -309 -340 0 0 0 0 -303 0 -1 0 0 0 32002 32002 0 0 0 0 0 49415
WIT 12 -304 -303 -290 -313 -314 0 0 0 0 -304 0 -1 0 0 0 32002 32002 0 0 0 0 0 536
WIT 12 -304 -303 -258 -269 -262 536 0 0 0 32002 0 -1 0 0 0 32002 32002 0 0 0 0 0 0
WIT 8 -304 -303 -241 -248 -207 49415 0 0 0 32002 0 -1 0 0 0 32002 32002 0 0 0 0 0 0
WIT 7 -304 -303 -281 -287 -238 593 0 0 0 32002 0 -1 0 0 0 32002 32002 0 0 0 0 0 0
WIT 7 -304 -303 -252 -258 -248 49415 0 0 0 32002 0 -1 0 0 0 32002 32002 0 0 0 0 0 0
WIT 11 -304 -303 -281 -302 -322 0 0 0 0 -303 0 -1 0 0 0 32002 32002 0 0 0 0 0 2453
WIT 9 -304 -303 -272 -280 -280 2453 0 0 0 32002 0 -1 0 0 0 32002 32002 0 0 0 0 0 0
WIT 11 -304 -303 -290 -311 -312 0 0 0 0 -303 0 -1 0 0 0 32002 32002 0 0 0 0 0 332
WIT 12 -304 -303 -286 -297 -287 332 0 0 0 32002 0 -1 0 0 0 32002 32002 0 0 0 0 0 0
WIT 10 -304 -303 -288 -307 -284 593 0 0 0 32002 0 -1 0 0 0 32002 32002 0 0 0 0 0 0
WIT 11 -304 -303 -288 -309 -300 332 0 0 0 32002 0 -1 0 0 0 32002 32002 0 0 0 0 0 0
WIT 10 -304 -303 -297 -306 -285 332 0 0 0 32002 0 -1 0 0 0 32002 32002 0 0 0 0 0 0
WIT 10 -304 -303 -290 -299 -299 861 0 0 0 32002 0 -1 0 0 0 32002 32002 0 0 0 0 0 0
WIT 10 -304 -303 -287 -306 -294 593 0 0 0 32002 0 -1 0 0 0 32002 32002 0 0 0 0 0 0
WIT 10 -304 -303 -297 -306 -250 332 0 0 0 32002 0 -1 0 0 0 32002 32002 0 0 0 0 0 0
WIT 11 -304 -303 -278 -288 -286 339 0 0 0 32002 0 -1 0 0 0 32002 32002 0 0 0 0 0 0
WIT 8 303 304 310 303 294 0 0 0 0 337 0 -1 0 0 0 32002 32002 0 0 0 0 0 2203
WIT 12 -304 -303 -341 -352 -342 1762 1 0 0 -309 0 -1 0 0 0 32002 32002 0 0 0 0 0 0
WIT 7 303 304 313 307 290 0 0 0 0 329 0 -1 0 0 0 32002 32002 0 0 0 0 0 3876
WIT 11 -304 -303 -290 -311 -312 0 0 0 0 -307 0 -1 0 0 0 32002 32002 0 0 0 0 0 0
WIT 7 303 318 310 304 285 0 0 0 0 318 0 -1 0 0 0 32002 32002 0 0 0 0 0 3364
WIT 7 -304 -303 -296 -302 347 1764 1 0 0 32002 0 -1 0 0 0 32002 32002 0 0 0 0 0 0
WIT 7 -304 -303 -317 -323 -323 708 0 0 1 -301 0 -1 0 0 0 32002 32002 0 0 0 0 0 1180
WIT 6 -304 -303 -317 -322 -328 0 0 0 0 -301 0 -1 0 0 0 32002 32002 0 0 0 0 0 2453
WIT 8 303 318 309 302 286 0 0 0 0 301 0 -1 0 0 0 32002 32002 0 0 0 0 0 3699
WIT 12 317 318 333 322 310 0 0 0 0 330 0 -1 0 0 0 32002 32002 0 0 0 0 0 2203
WIT 8 -318 -317 -308 -315 -316 0 0 0 0 -317 0 -1 0 0 0 32002 32002 0 0 0 0 0 49415
WIT 8 -318 -317 -299 -306 -548 0 0 0 0 -318 0 -1 0 0 0 32002 32002 0 0 0 0 0 0
WIT 11 317 318 330 320 303 0 0 0 0 317 0 -1 0 0 0 32002 32002 0 0 0 0 0 2203
WIT 9 303 318 307 299 290 0 0 0 0 318 0 -1 0 0 0 32002 32002 0 0 0 0 0 3234
WIT 12 317 318 309 286 285 0 0 0 0 318 0 -1 0 0 0 32002 32002 0 0 0 0 0 3364
WIT 10 317 318 343 334 320 0 0 0 0 337 0 -1 0 0 0 32002 32002 0 0 0 0 0 3364
WIT 11 317 318 342 321 303 0 0 0 0 318 0 -1 0 0 0 32002 32002 0 0 0 0 0 3242
WIT 8 317 318 319 312 312 3364 0 0 1 311 1 1 34200 1 1 317 330 0 0 0 0 12 3364
WIT 7 331 332 327 321 300 0 0 0 0 332 0 -1 0 0 0 32002 32002 0 0 0 0 0 3763
WIT 8 304 332 318 311 282 0 0 0 0 332 0 -1 0 0 0 32002 32002 0 0 0 0 0 3112
WIT 10 331 332 387 378 396 3827 1 0 0 32002 0 -1 0 0 0 32002 32002 0 0 0 0 0 0
WIT 8 331 332 332 325 324 0 0 0 0 322 0 -1 0 0 0 32002 32002 0 0 0 0 0 0
WIT 6 -332 -331 -322 -327 -341 0 0 0 0 -332 0 -1 0 0 0 32002 32002 0 0 0 0 0 0
WIT 11 331 332 332 322 288 0 0 0 0 341 0 -1 0 0 0 32002 32002 0 0 0 0 0 2073
WIT 7 331 332 336 330 292 0 0 0 0 331 0 -1 0 0 0 32002 32002 0 0 0 0 0 0
WIT 11 -332 -331 -322 -332 -336 0 0 0 0 -332 0 -1 0 0 0 32002 32002 0 0 0 0 0 1187
WIT 11 -332 -331 -324 -334 -372 0 0 0 0 -331 0 -1 0 0 0 32002 32002 0 0 0 0 0 1762
WIT 7 -332 -331 -318 -324 -327 0 0 0 0 -326 0 -1 0 0 0 32002 32002 0 0 0 0 0 1762
WIT 11 331 332 324 314 279 0 0 0 0 331 0 -1 0 0 0 32002 32002 0 0 0 0 0 0
WIT 7 -305 -304 -326 -332 -333 0 0 0 0 -304 0 -1 0 0 0 32002 32002 0 0 0 0 0 1762
WIT 7 -305 -304 -308 -314 -300 0 0 0 0 32002 0 -1 0 0 0 32002 32002 0 0 0 0 0 0
WIT 7 -305 -304 -319 -325 -359 0 0 0 0 -293 0 -1 0 0 0 32002 32002 0 0 0 0 0 1307
WIT 12 -305 -304 -285 -296 -276 1307 1 0 0 32002 0 -1 0 0 0 32002 32002 0 0 0 0 0 0
WIT 9 304 305 393 385 345 0 0 0 0 305 0 -1 0 0 0 32002 32002 0 0 0 0 0 3178
WIT 9 304 305 318 310 253 0 0 0 0 304 0 -1 0 0 0 32002 32002 0 0 0 0 0 0
WIT 7 304 305 340 327 312 0 0 0 0 304 0 -1 0 0 0 32002 32002 0 0 0 0 0 0
WIT 6 -305 -304 -304 -309 -310 0 0 0 0 -305 0 -1 0 0 0 32002 32002 0 0 0 0 0 2154
WIT 6 -305 -304 -236 -241 -233 0 0 0 0 32002 0 -1 0 0 0 32002 32002 0 0 0 0 0 0
WIT 11 -305 -304 -301 -322 -340 0 0 0 0 -317 0 -1 0 0 0 32002 32002 0 0 0 0 0 1762
WIT 8 -305 -304 -284 -291 -278 0 0 0 0 32002 0 -1 0 0 0 32002 32002 0 0 0 0 0 0
WIT 10 -305 -304 -189 -198 720 1764 1 0 0 32002 0 -1 0 0 0 32002 32002 0 0 0 0 0 0
WIT 9 -305 -304 -289 -297 -280 2453 0 0 0 32002 0 -1 0 0 0 32002 32002 0 0 0 0 0 0
WIT 9 304 332 318 310 301 0 0 0 0 304 0 -1 0 0 0 32002 32002 0 0 0 0 0 3763
WIT 11 331 332 318 308 328 3699 0 0 1 326 1 1 4951 1 1 331 332 0 0 0 0 59 3699
WIT 8 331 332 338 331 392 3817 0 0 0 32002 0 -1 0 0 0 32002 32002 0 0 0 0 0 0
WIT 7 331 332 329 323 294 0 0 0 0 332 0 -1 0 0 0 32002 32002 0 0 0 0 0 3690
WIT 6 331 332 318 313 262 0 0 0 0 332 0 -1 0 0 0 32002 32002 0 0 0 0 0 3749
WIT 11 331 332 318 297 299 3690 0 0 1 332 0 -1 0 0 0 32002 32002 0 0 0 0 0 2203
WIT 10 331 332 325 316 363 0 0 0 0 32002 0 -1 0 0 0 32002 32002 0 0 0 0 0 0
WIT 10 331 332 318 309 362 0 0 0 0 32002 0 -1 0 0 0 32002 32002 0 0 0 0 0 0
WIT 10 331 332 328 319 304 0 0 0 0 332 0 -1 0 0 0 32002 32002 0 0 0 0 0 3690
WIT 9 304 332 318 310 290 0 0 0 0 332 0 -1 0 0 0 32002 32002 0 0 0 0 0 3234
WIT 8 331 332 402 395 348 0 0 0 0 329 0 -1 0 0 0 32002 32002 0 0 0 0 0 0
WIT 9 -332 -331 -319 -327 -939 0 0 0 0 -318 0 -1 0 0 0 32002 32002 0 0 0 0 0 739
WIT 11 -332 -331 -329 -339 -452 0 0 0 0 -329 0 -1 0 0 0 32002 32002 0 0 0 0 0 1187
WIT 14 331 332 353 340 319 0 0 0 0 331 0 -1 0 0 0 32002 32002 0 0 0 0 0 0
WIT 13 331 332 318 293 288 0 0 0 0 331 0 -1 0 0 0 32002 32002 0 0 0 0 0 0
WIT 12 331 332 318 295 272 0 0 0 0 331 0 -1 0 0 0 32002 32002 0 0 0 0 0 0
WIT 6 -305 -304 -325 -330 -330 1371 0 0 1 -270 0 -1 0 0 0 32002 32002 0 0 0 0 0 49415
WIT 7 -332 -304 -331 -337 -338 0 0 0 0 -304 0 -1 0 0 0 32002 32002 0 0 0 0 0 1764
WIT 10 -305 -304 -331 -340 -308 2453 0 0 1 -305 1 1 23219 1 1 -305 -304 0 0 0 0 37 2453
WIT 9 -305 -304 -132 -140 -105 2460 1 0 0 32002 0 -1 0 0 0 32002 32002 0 0 0 0 0 0
WIT 9 -305 -304 -314 -322 -323 0 0 0 0 -240 0 -1 0 0 0 32002 32002 0 0 0 0 0 861
WIT 8 -305 -304 -314 -321 -300 861 0 0 0 32002 0 -1 0 0 0 32002 32002 0 0 0 0 0 0
WIT 8 -305 -304 -309 -316 -322 0 0 0 0 -298 0 -1 0 0 0 32002 32002 0 0 0 0 0 861
WIT 8 304 305 290 275 275 2203 1 0 0 305 0 -1 0 0 0 32002 32002 0 0 0 0 0 3690
WIT 6 304 305 319 314 381 0 0 0 0 32002 0 -1 0 0 0 32002 32002 0 0 0 0 0 0
WIT 6 -305 -304 -297 -302 -309 0 0 0 0 -307 0 -1 0 0 0 32002 32002 0 0 0 0 0 1762
WIT 6 304 305 301 296 -165 0 0 0 0 325 0 -1 0 0 0 32002 32002 0 0 0 0 0 2268
WIT 8 -305 -304 -292 -307 -336 0 0 0 0 -306 0 -1 0 0 0 32002 32002 0 0 0 0 0 139
WIT 6 -305 -304 -255 -260 -230 0 0 0 0 32002 0 -1 0 0 0 32002 32002 0 0 0 0 0 0
WIT 6 -305 -304 -254 -259 -259 1355 0 0 0 32002 0 -1 0 0 0 32002 32002 0 0 0 0 0 0
WIT 6 -305 -304 -286 -291 -265 0 0 0 0 32002 0 -1 0 0 0 32002 32002 0 0 0 0 0 0
WIT 6 -305 -304 -280 -285 -243 0 0 0 0 32002 0 -1 0 0 0 32002 32002 0 0 0 0 0 0
WIT 6 -305 -304 -312 -317 -292 0 0 0 0 32002 0 -1 0 0 0 32002 32002 0 0 0 0 0 0
WIT 6 -305 -304 -296 -301 -279 0 0 0 0 32002 0 -1 0 0 0 32002 32002 0 0 0 0 0 0
WIT 6 -305 -304 -286 -291 -255 0 0 0 0 32002 0 -1 0 0 0 32002 32002 0 0 0 0 0 0
WIT 6 -305 -304 -224 -229 -195 0 0 0 0 32002 0 -1 0 0 0 32002 32002 0 0 0 0 0 0
WIT 10 -305 -304 -276 -285 -265 536 0 0 0 32002 0 -1 0 0 0 32002 32002 0 0 0 0 0 0
WIT 7 -305 -304 -250 -256 -219 0 0 0 0 32002 0 -1 0 0 0 32002 32002 0 0 0 0 0 0
WIT 8 -305 -304 -295 -302 -247 0 0 0 0 32002 0 -1 0 0 0 32002 32002 0 0 0 0 0 0
WIT 7 304 332 305 299 295 0 0 0 0 304 0 -1 0 0 0 32002 32002 0 0 0 0 0 0
WIT 12 -305 -304 -290 -313 -303 49415 0 0 0 32002 0 -1 0 0 0 32002 32002 0 0 0 0 0 0
WIT 9 -305 -304 -243 -251 -251 707 0 0 0 32002 0 -1 0 0 0 32002 32002 0 0 0 0 0 0
WIT 9 -305 -304 -287 -295 -287 707 0 0 0 32002 0 -1 0 0 0 32002 32002 0 0 0 0 0 0
WIT 8 -305 -304 -288 -303 -328 0 0 0 0 -295 0 -1 0 0 0 32002 32002 0 0 0 0 0 2453
WIT 8 -305 -304 -297 -304 -272 2453 0 0 0 32002 0 -1 0 0 0 32002 32002 0 0 0 0 0 0
WIT 6 -305 -304 -256 -261 -255 707 0 0 0 32002 0 -1 0 0 0 32002 32002 0 0 0 0 0 0
WIT 11 -305 -304 -290 -311 -466 0 0 0 0 -303 0 -1 0 0 0 32002 32002 0 0 0 0 0 1307
WIT 11 -305 -304 -213 -234 -262 0 0 0 0 -296 0 -1 0 0 0 32002 32002 0 0 0 0 0 1764
WIT 11 -305 -304 -290 -300 -238 2460 1 0 0 32002 0 -1 0 0 0 32002 32002 0 0 0 0 0 0
WIT 9 -305 -304 -254 -271 -263 601 0 0 0 32002 0 -1 0 0 0 32002 32002 0 0 0 0 0 0
WIT 8 -305 -304 -285 -292 -246 1176 0 0 0 32002 0 -1 0 0 0 32002 32002 0 0 0 0 0 0
WIT 7 -305 -304 -290 -296 -282 0 0 0 0 32002 0 -1 0 0 0 32002 32002 0 0 0 0 0 0
WIT 6 -305 -304 -285 -290 -291 0 0 0 0 -286 0 -1 0 0 0 32002 32002 0 0 0 0 0 1176
WIT 6 -305 -304 -262 -267 -299 0 0 0 0 -304 0 -1 0 0 0 32002 32002 0 0 0 0 0 1762
WIT 9 -305 -304 -290 -298 -346 0 0 0 0 -304 0 -1 0 0 0 32002 32002 0 0 0 0 0 2453
WIT 8 -305 -304 -269 -284 -289 0 0 0 0 -305 0 -1 0 0 0 32002 32002 0 0 0 0 0 1308
WIT 6 -305 -304 -272 -277 -306 0 0 0 0 -291 0 -1 0 0 0 32002 32002 0 0 0 0 0 2453
WIT 8 -305 -304 -274 -281 -291 0 0 0 0 -304 0 -1 0 0 0 32002 32002 0 0 0 0 0 1762
WIT 6 -305 -304 -283 -288 -243 0 0 0 0 32002 0 -1 0 0 0 32002 32002 0 0 0 0 0 0
WIT 6 -305 -304 -290 -295 -273 0 0 0 0 32002 0 -1 0 0 0 32002 32002 0 0 0 0 0 0
WIT 10 -305 -304 -290 -309 -310 0 0 0 0 -304 0 -1 0 0 0 32002 32002 0 0 0 0 0 323
WIT 8 -305 -304 -290 -297 -294 2453 0 0 0 32002 0 -1 0 0 0 32002 32002 0 0 0 0 0 0
WIT 10 -305 -304 -290 -309 -419 0 0 0 0 -304 0 -1 0 0 0 32002 32002 0 0 0 0 0 1307
WIT 10 -305 -304 -279 -298 -316 0 0 0 0 -304 0 -1 0 0 0 32002 32002 0 0 0 0 0 1762
WIT 9 -305 -304 -263 -280 -323 0 0 0 0 -304 0 -1 0 0 0 32002 32002 0 0 0 0 0 2453
WIT 7 -305 -304 -303 -309 -326 0 0 0 0 -304 0 -1 0 0 0 32002 32002 0 0 0 0 0 1307
WIT 7 -305 -304 -302 -315 -307 1185 0 0 1 -302 0 -1 0 0 0 32002 32002 0 0 0 0 0 1764
WIT 9 -305 -304 -290 -307 -308 0 0 0 0 -304 0 -1 0 0 0 32002 32002 0 0 0 0 0 49415
WIT 9 -305 -304 -274 -282 -282 2453 0 0 0 32002 0 -1 0 0 0 32002 32002 0 0 0 0 0 0
WIT 10 -305 -304 -312 -321 -321 49415 0 0 1 -297 0 -1 0 0 0 32002 32002 0 0 0 0 0 1762
WIT 9 -305 -304 -294 -311 -284 861 0 0 0 32002 0 -1 0 0 0 32002 32002 0 0 0 0 0 0
WIT 9 -305 -304 -280 -288 -232 49415 0 0 0 32002 0 -1 0 0 0 32002 32002 0 0 0 0 0 0
WIT 9 -305 -304 -311 -319 -299 1185 0 0 0 32002 0 -1 0 0 0 32002 32002 0 0 0 0 0 0
WIT 9 -305 -304 -299 -316 -317 0 0 0 0 -313 0 -1 0 0 0 32002 32002 0 0 0 0 0 0
WIT 6 -305 -304 -272 -277 -472 0 0 0 0 -273 0 -1 0 0 0 32002 32002 0 0 0 0 0 1307
WIT 8 -305 -304 -287 -294 -382 0 0 0 0 -300 0 -1 0 0 0 32002 32002 0 0 0 0 0 2453
WIT 8 304 332 305 298 296 0 0 0 0 304 0 -1 0 0 0 32002 32002 0 0 0 0 0 0
WIT 10 -305 -304 -288 -307 -304 353 0 0 0 32002 0 -1 0 0 0 32002 32002 0 0 0 0 0 0
WIT 12 -305 -304 -290 -313 -313 707 0 0 1 -290 0 -1 0 0 0 32002 32002 0 0 0 0 0 1180
WIT 10 -305 -304 -296 -305 -187 1380 1 0 0 32002 0 -1 0 0 0 32002 32002 0 0 0 0 0 0
WIT 10 -305 -304 -290 -299 -293 707 0 0 0 32002 0 -1 0 0 0 32002 32002 0 0 0 0 0 0
WIT 8 -305 -304 -263 -270 -254 983 0 0 0 32002 0 -1 0 0 0 32002 32002 0 0 0 0 0 0
WIT 7 -305 -304 -269 -275 -267 983 0 0 0 32002 0 -1 0 0 0 32002 32002 0 0 0 0 0 0
WIT 7 -305 -304 -278 -284 -276 707 0 0 0 32002 0 -1 0 0 0 32002 32002 0 0 0 0 0 0
WIT 7 -305 -304 -265 -271 -261 707 0 0 0 32002 0 -1 0 0 0 32002 32002 0 0 0 0 0 0
WIT 11 -305 -304 -290 -311 -507 0 0 0 0 -298 0 -1 0 0 0 32002 32002 0 0 0 0 0 2453
WIT 9 -305 -304 -290 -298 -283 861 0 0 0 32002 0 -1 0 0 0 32002 32002 0 0 0 0 0 0
WIT 10 -305 -304 -278 -287 -286 339 0 0 0 32002 0 -1 0 0 0 32002 32002 0 0 0 0 0 0
WIT 11 -305 -304 -288 -309 -304 332 0 0 0 32002 0 -1 0 0 0 32002 32002 0 0 0 0 0 0
WIT 9 -305 -304 -254 -262 -226 2453 0 0 0 32002 0 -1 0 0 0 32002 32002 0 0 0 0 0 0
WIT 8 -304 -285 -329 -336 -385 0 0 0 0 -285 0 -1 0 0 0 32002 32002 0 0 0 0 0 1187
WIT 8 -304 -285 -331 -338 -364 0 0 0 0 -285 0 -1 0 0 0 32002 32002 0 0 0 0 0 323
WIT 6 -286 -285 -304 -309 -321 0 0 0 0 -277 0 -1 0 0 0 32002 32002 0 0 0 0 0 1187
WIT 11 -286 -285 -331 -341 -341 983 0 0 1 -280 0 -1 0 0 0 32002 32002 0 0 0 0 0 323
WIT 10 -286 -285 -303 -312 -320 0 0 0 0 -285 0 -1 0 0 0 32002 32002 0 0 0 0 0 593
WIT 6 -286 -285 -331 -336 -307 601 0 0 1 -285 0 -1 0 0 0 32002 32002 0 0 0 0 0 593
WIT 6 -286 -285 -280 -285 -341 0 0 0 0 -281 0 -1 0 0 0 32002 32002 0 0 0 0 0 1180
WIT 9 -286 -285 -331 -339 -340 0 0 0 0 -285 0 -1 0 0 0 32002 32002 0 0 0 0 0 1
WIT 9 -286 -285 -319 -327 -315 323 0 0 1 -304 1 1 35450 1 1 -286 -286 0 0 0 0 7 0
WIT 6 286 287 286 281 271 0 0 0 0 287 0 -1 0 0 0 32002 32002 0 0 0 0 0 3242
WIT 8 -304 -285 -331 -338 -376 0 0 0 0 -285 0 -1 0 0 0 32002 32002 0 0 0 0 0 49415
WIT 6 -286 -285 -270 -275 -292 0 0 0 0 -168 0 -1 0 0 0 32002 32002 0 0 0 0 0 1180
WIT 7 285 304 302 296 285 0 0 0 0 304 0 -1 0 0 0 32002 32002 0 0 0 0 0 3234
WIT 9 -304 -285 -331 -339 -356 0 0 0 0 -304 0 -1 0 0 0 32002 32002 0 0 0 0 0 0
WIT 13 303 304 318 306 357 2332 0 0 0 32002 0 -1 0 0 0 32002 32002 0 0 0 0 0 0
WIT 11 303 304 338 328 352 2332 0 0 0 32002 0 -1 0 0 0 32002 32002 0 0 0 0 0 0
WIT 10 -304 -285 -331 -340 -341 0 0 0 0 -304 0 -1 0 0 0 32002 32002 0 0 0 0 0 0
WIT 11 303 304 392 382 344 0 0 0 0 304 0 -1 0 0 0 32002 32002 0 0 0 0 0 3364
WIT 11 303 304 342 321 333 1810 1 0 0 32002 0 -1 0 0 0 32002 32002 0 0 0 0 0 0
WIT 7 303 304 362 356 395 0 0 0 0 32002 0 -1 0 0 0 32002 32002 0 0 0 0 0 0
WIT 13 303 304 342 317 316 0 0 0 0 304 0 -1 0 0 0 32002 32002 0 0 0 0 0 2908
WIT 9 303 304 413 405 451 2908 0 0 0 32002 0 -1 0 0 0 32002 32002 0 0 0 0 0 0
WIT 8 303 304 343 336 348 3372 0 0 0 32002 0 -1 0 0 0 32002 32002 0 0 0 0 0 0
WIT 7 303 304 332 326 347 0 0 0 0 32002 0 -1 0 0 0 32002 32002 0 0 0 0 0 0
WIT 6 303 304 369 364 376 3372 0 0 0 32002 0 -1 0 0 0 32002 32002 0 0 0 0 0 0
WIT 6 303 304 447 442 443 0 0 0 0 32002 0 -1 0 0 0 32002 32002 0 0 0 0 0 0
WIT 8 -304 -303 -289 -296 -305 0 0 0 0 -303 0 -1 0 0 0 32002 32002 0 0 0 0 0 49415
WIT 9 -304 -303 -304 -312 -376 0 0 0 0 -303 0 -1 0 0 0 32002 32002 0 0 0 0 0 2453
WIT 10 -304 -303 -169 -178 -179 0 0 0 0 -208 0 -1 0 0 0 32002 32002 0 0 0 0 0 2172
WIT 6 -304 -303 -198 -203 -137 2460 1 0 0 32002 0 -1 0 0 0 32002 32002 0 0 0 0 0 0
WIT 9 -304 -303 -304 -321 -325 0 0 0 0 -303 0 -1 0 0 0 32002 32002 0 0 0 0 0 1892
WIT 8 -304 -303 -300 -315 -312 2136 0 0 1 -300 0 -1 0 0 0 32002 32002 0 0 0 0 0 2154
WIT 7 -304 -303 -236 -242 -307 0 0 0 0 -260 0 -1 0 0 0 32002 32002 0 0 0 0 0 1307
WIT 6 -304 -303 -289 -294 -316 0 0 0 0 -277 0 -1 0 0 0 32002 32002 0 0 0 0 0 49415
WIT 6 -304 -303 -282 -287 -287 332 0 0 0 32002 0 -1 0 0 0 32002 32002 0 0 0 0 0 0
WIT 6 -304 -303 -312 -317 -192 1185 0 0 0 32002 0 -1 0 0 0 32002 32002 0 0 0 0 0 0
WIT 14 303 304 332 319 316 0 0 0 0 291 0 -1 0 0 0 32002 32002 0 0 0 0 0 0
WIT 7 -304 -303 -285 -291 -252 332 0 0 0 32002 0 -1 0 0 0 32002 32002 0 0 0 0 0 0
WIT 6 -304 -303 -281 -286 -238 332 0 0 0 32002 0 -1 0 0 0 32002 32002 0 0 0 0 0 0
WIT 7 -304 -303 -273 -279 -87 332 0 0 0 32002 0 -1 0 0 0 32002 32002 0 0 0 0 0 0
WIT 13 303 304 332 307 286 0 0 0 0 303 0 -1 0 0 0 32002 32002 0 0 0 0 0 0
WIT 7 -304 -285 -291 -297 -517 0 0 0 0 -240 0 -1 0 0 0 32002 32002 0 0 0 0 0 2285
WIT 10 -286 -285 -234 -243 -363 0 0 0 0 -279 0 -1 0 0 0 32002 32002 0 0 0 0 0 739
WIT 8 -304 -285 -291 -298 -327 0 0 0 0 -279 0 -1 0 0 0 32002 32002 0 0 0 0 0 1187
WIT 13 -286 -285 -303 -315 -349 0 0 0 0 -285 0 -1 0 0 0 32002 32002 0 0 0 0 0 49415
WIT 12 -286 -285 -303 -326 -458 0 0 0 0 -286 0 -1 0 0 0 32002 32002 0 0 0 0 0 0
WIT 9 285 286 415 407 336 0 0 0 0 326 0 -1 0 0 0 32002 32002 0 0 0 0 0 3178
WIT 8 285 286 327 312 -19 0 0 0 0 440 0 -1 0 0 0 32002 32002 0 0 0 0 0 3178
WIT 7 285 286 360 354 333 0 0 0 0 352 0 -1 0 0 0 32002 32002 0 0 0 0 0 3742
WIT 12 -286 -285 -303 -326 -327 0 0 0 0 -286 0 -1 0 0 0 32002 32002 0 0 0 0 0 0
WIT 7 285 286 351 345 353 0 0 0 0 32002 0 -1 0 0 0 32002 32002 0 0 0 0 0 0
WIT 11 -286 -285 -303 -313 -334 0 0 0 0 -286 0 -1 0 0 0 32002 32002 0 0 0 0 0 0
WIT 9 303 304 287 279 233 0 0 0 0 295 0 -1 0 0 0 32002 32002 0 0 0 0 0 0
WIT 6 -286 -285 -286 -291 -334 0 0 0 0 -280 0 -1 0 0 0 32002 32002 0 0 0 0 0 332
WIT 6 -286 -285 -294 -299 -319 0 0 0 0 -285 0 -1 0 0 0 32002 32002 0 0 0 0 0 332
WIT 6 -286 -285 -295 -300 -398 0 0 0 0 -285 0 -1 0 0 0 32002 32002 0 0 0 0 0 1180
WIT 6 -286 -285 -153 -158 -90 2460 1 0 0 32002 0 -1 0 0 0 32002 32002 0 0 0 0 0 0
WIT 8 -286 -285 -285 -292 -294 0 0 0 0 -284 0 -1 0 0 0 32002 32002 0 0 0 0 0 353
WIT 11 -286 -285 -286 -296 -323 0 0 0 0 -284 0 -1 0 0 0 32002 32002 0 0 0 0 0 2453
WIT 7 -286 -285 -309 -315 -395 0 0 0 0 -283 0 -1 0 0 0 32002 32002 0 0 0 0 0 2453
WIT 8 -286 -285 -313 -320 -420 0 0 0 0 -285 0 -1 0 0 0 32002 32002 0 0 0 0 0 349
WIT 7 -286 -285 -317 -323 -336 0 0 0 0 -292 0 -1 0 0 0 32002 32002 0 0 0 0 0 1892
WIT 11 -286 -285 -303 -324 -318 332 0 0 1 -286 1 1 18822 1 1 -286 -283 0 0 0 0 195 332
WIT 9 -286 -285 -294 -302 -295 332 0 0 1 -286 1 1 31126 1 1 -286 -266 0 0 0 0 27 332
WIT 9 -286 -285 -290 -298 -236 0 0 0 0 32002 0 -1 0 0 0 32002 32002 0 0 0 0 0 0
WIT 9 -286 -285 -292 -300 -301 0 0 0 0 -286 0 -1 0 0 0 32002 32002 0 0 0 0 0 0
WIT 8 -286 -285 -274 -281 -270 0 0 0 0 32002 0 -1 0 0 0 32002 32002 0 0 0 0 0 0
WIT 9 -286 -285 -245 -253 -206 353 0 0 0 32002 0 -1 0 0 0 32002 32002 0 0 0 0 0 0
WIT 8 -286 -285 -268 -275 -259 332 0 0 0 32002 0 -1 0 0 0 32002 32002 0 0 0 0 0 0
WIT 9 -304 -285 -303 -311 -312 0 0 0 0 -285 0 -1 0 0 0 32002 32002 0 0 0 0 0 1762
WIT 10 -286 -285 -54 -63 -55 1892 1 0 0 32002 0 -1 0 0 0 32002 32002 0 0 0 0 0 0
WIT 11 -286 -285 -239 -249 -262 0 0 0 0 -285 0 -1 0 0 0 32002 32002 0 0 0 0 0 1180
WIT 10 -286 -285 -290 -309 -329 0 0 0 0 -285 0 -1 0 0 0 32002 32002 0 0 0 0 0 2453
WIT 9 -286 -285 -286 -294 -258 332 0 0 0 32002 0 -1 0 0 0 32002 32002 0 0 0 0 0 0
WIT 9 -286 -285 -331 -339 -352 0 0 0 0 -285 0 -1 0 0 0 32002 32002 0 0 0 0 0 323
WIT 7 -286 -285 -292 -298 -354 0 0 0 0 -285 0 -1 0 0 0 32002 32002 0 0 0 0 0 2285
WIT 9 -286 -285 -331 -339 -342 0 0 0 0 -285 0 -1 0 0 0 32002 32002 0 0 0 0 0 1187
WIT 8 -286 -285 -303 -310 -356 0 0 0 0 -286 0 -1 0 0 0 32002 32002 0 0 0 0 0 0
WIT 9 -286 -285 -331 -339 -360 0 0 0 0 -286 0 -1 0 0 0 32002 32002 0 0 0 0 0 0
WIT 9 -286 -285 -331 -339 -352 0 0 0 0 -286 0 -1 0 0 0 32002 32002 0 0 0 0 0 0
WIT 8 -286 -285 -304 -319 -320 0 0 0 0 -286 0 -1 0 0 0 32002 32002 0 0 0 0 0 0
WIT 8 -286 -285 -298 -305 -287 536 0 0 1 -269 0 -1 0 0 0 32002 32002 0 0 0 0 0 49415
WIT 6 -286 -285 -260 -265 -243 536 0 0 0 32002 0 -1 0 0 0 32002 32002 0 0 0 0 0 0
WIT 6 -286 -285 -270 -275 -297 0 0 0 0 -265 0 -1 0 0 0 32002 32002 0 0 0 0 0 2453
WIT 8 -286 -285 -233 -240 -240 2453 0 0 0 32002 0 -1 0 0 0 32002 32002 0 0 0 0 0 0
WIT 11 -304 -285 -304 -314 -318 0 0 0 0 -304 0 -1 0 0 0 32002 32002 0 0 0 0 0 861
WIT 8 285 286 320 305 221 0 0 0 0 324 0 -1 0 0 0 32002 32002 0 0 0 0 0 2268
WIT 12 -286 -285 -304 -327 -328 0 0 0 0 -299 0 -1 0 0 0 32002 32002 0 0 0 0 0 0
WIT 8 303 304 326 319 264 0 0 0 0 340 0 -1 0 0 0 32002 32002 0 0 0 0 0 2203
WIT 9 303 304 354 346 355 3492 1 0 0 32002 0 -1 0 0 0 32002 32002 0 0 0 0 0 0
WIT 7 303 304 322 309 -59 0 0 0 0 332 0 -1 0 0 0 32002 32002 0 0 0 0 0 2268
WIT 6 303 304 642 637 205 0 0 1 0 487 0 -1 0 0 0 32002 32002 0 0 0 0 0 2740
WIT 7 303 304 376 363 258 0 0 0 0 313 0 -1 0 0 0 32002 32002 0 0 0 0 0 2203
WIT 7 303 304 310 304 303 0 0 0 0 303 0 -1 0 0 0 32002 32002 0 0 0 0 0 0
WIT 7 303 304 309 303 260 0 0 0 0 303 0 -1 0 0 0 32002 32002 0 0 0 0 0 0
WIT 9 -286 -285 -290 -298 -282 983 0 0 0 32002 0 -1 0 0 0 32002 32002 0 0 0 0 0 0
WIT 8 -286 -285 -290 -305 -322 0 0 0 0 -285 0 -1 0 0 0 32002 32002 0 0 0 0 0 1307
WIT 9 -286 -285 -290 -298 -298 137 0 0 1 -285 0 -1 0 0 0 32002 32002 0 0 0 0 0 139
WIT 8 -286 -285 -290 -305 -301 536 0 0 1 -285 0 -1 0 0 0 32002 32002 0 0 0 0 0 1762
WIT 6 -286 -285 -291 -296 -286 1762 1 0 0 -285 0 -1 0 0 0 32002 32002 0 0 0 0 0 1
WIT 8 -286 -285 -290 -305 -825 0 0 0 0 -285 0 -1 0 0 0 32002 32002 0 0 0 0 0 594
WIT 8 -286 -285 -273 -288 -499 0 0 0 0 -285 0 -1 0 0 0 32002 32002 0 0 0 0 0 594
WIT 8 -286 -285 -258 -265 -201 0 0 0 0 32002 0 -1 0 0 0 32002 32002 0 0 0 0 0 0
WIT 9 -286 -285 -276 -284 -306 0 0 0 0 -285 0 -1 0 0 0 32002 32002 0 0 0 0 0 1
WIT 9 -286 -285 -290 -298 -286 1371 0 0 1 -269 0 -1 0 0 0 32002 32002 0 0 0 0 0 1
WIT 8 -286 -285 -246 -253 -232 1371 0 0 0 32002 0 -1 0 0 0 32002 32002 0 0 0 0 0 0
WIT 8 -286 -285 -290 -305 -921 0 0 0 0 -285 0 -1 0 0 0 32002 32002 0 0 0 0 0 594
WIT 7 -286 -285 -289 -295 -259 1187 1 0 0 32002 0 -1 0 0 0 32002 32002 0 0 0 0 0 0
WIT 7 -286 -285 -250 -256 -249 0 0 0 0 32002 0 -1 0 0 0 32002 32002 0 0 0 0 0 0
WIT 8 -286 -285 -290 -305 -308 0 0 0 0 -285 0 -1 0 0 0 32002 32002 0 0 0 0 0 1762
WIT 8 -286 -285 -290 -297 -399 0 0 0 0 -279 0 -1 0 0 0 32002 32002 0 0 0 0 0 594
WIT 8 -286 -285 -281 -288 -227 0 0 0 0 32002 0 -1 0 0 0 32002 32002 0 0 0 0 0 0
WIT 6 -286 -285 -273 -278 -311 0 0 0 0 -279 0 -1 0 0 0 32002 32002 0 0 0 0 0 789
WIT 7 -286 -285 -290 -303 -309 0 0 0 0 -285 0 -1 0 0 0 32002 32002 0 0 0 0 0 983
WIT 7 -286 -285 -287 -293 -279 0 0 0 0 32002 0 -1 0 0 0 32002 32002 0 0 0 0 0 0
WIT 7 -286 -285 -290 -303 -303 1762 1 0 0 -285 0 -1 0 0 0 32002 32002 0 0 0 0 0 536
WIT 11 -286 -285 -290 -311 -311 1 0 0 1 -285 0 -1 0 0 0 32002 32002 0 0 0 0 0 49415
WIT 11 -286 -285 -290 -300 -290 1307 1 0 0 -232 0 -1 0 0 0 32002 32002 0 0 0 0 0 1179
WIT 8 -286 -285 -290 -297 -291 49415 0 0 1 -285 0 -1 0 0 0 32002 32002 0 0 0 0 0 139
WIT 7 -286 -285 -289 -295 -291 1 0 0 1 -285 0 -1 0 0 0 32002 32002 0 0 0 0 0 49415
WIT 6 -286 -285 -289 -294 -236 0 0 0 0 32002 0 -1 0 0 0 32002 32002 0 0 0 0 0 0
WIT 6 -286 -285 -290 -295 -263 1 0 0 0 32002 0 -1 0 0 0 32002 32002 0 0 0 0 0 0
WIT 6 -286 -285 -290 -295 -292 536 0 0 1 -259 0 -1 0 0 0 32002 32002 0 0 0 0 0 49415
WIT 10 -286 -285 -296 -315 -517 0 0 0 0 -285 0 -1 0 0 0 32002 32002 0 0 0 0 0 594
WIT 9 -286 -285 -290 -298 -424 0 0 0 0 -280 0 -1 0 0 0 32002 32002 0 0 0 0 0 594
WIT 8 -286 -285 -286 -293 -288 536 0 0 1 -285 0 -1 0 0 0 32002 32002 0 0 0 0 0 49415
WIT 9 -286 -285 -290 -307 -330 0 0 0 0 -285 0 -1 0 0 0 32002 32002 0 0 0 0 0 1307
WIT 7 -286 -285 -303 -309 -321 0 0 0 0 -285 0 -1 0 0 0 32002 32002 0 0 0 0 0 323
WIT 7 -286 -285 -303 -309 -330 0 0 0 0 -285 0 -1 0 0 0 32002 32002 0 0 0 0 0 203
WIT 7 285 286 306 293 285 0 0 0 0 285 0 -1 0 0 0 32002 32002 0 0 0 0 0 0
WIT 10 -286 -285 -304 -323 -297 49415 0 0 1 -286 1 1 61167 1 1 -286 -285 0 0 0 0 135 49415
WIT 10 -286 -285 -285 -294 -358 0 0 0 0 -276 0 -1 0 0 0 32002 32002 0 0 0 0 0 196
WIT 8 -286 -285 -271 -278 -253 137 0 0 0 32002 0 -1 0 0 0 32002 32002 0 0 0 0 0 0
WIT 7 -286 -285 -264 -270 -270 196 0 0 0 32002 0 -1 0 0 0 32002 32002 0 0 0 0 0 0
WIT 10 -286 -285 -285 -304 -402 0 0 0 0 -285 0 -1 0 0 0 32002 32002 0 0 0 0 0 594
WIT 9 -286 -285 -289 -297 -265 1187 1 0 0 32002 0 -1 0 0 0 32002 32002 0 0 0 0 0 0
WIT 8 -286 -285 -250 -257 -248 0 0 0 0 32002 0 -1 0 0 0 32002 32002 0 0 0 0 0 0
WIT 8 -286 -285 -255 -262 -250 0 0 0 0 32002 0 -1 0 0 0 32002 32002 0 0 0 0 0 0
WIT 10 -286 -285 -285 -304 -332 0 0 0 0 -285 0 -1 0 0 0 32002 32002 0 0 0 0 0 1762
WIT 6 -286 -285 -260 -265 -263 1 0 0 0 32002 0 -1 0 0 0 32002 32002 0 0 0 0 0 0
WIT 10 -286 -285 -292 -301 -318 0 0 0 0 -285 0 -1 0 0 0 32002 32002 0 0 0 0 0 594
WIT 9 -286 -285 -297 -314 -326 0 0 0 0 -285 0 -1 0 0 0 32002 32002 0 0 0 0 0 49415
WIT 8 -286 -285 -295 -302 -271 0 0 0 0 32002 0 -1 0 0 0 32002 32002 0 0 0 0 0 0
WIT 8 -286 -285 -224 -231 -192 0 0 0 0 32002 0 -1 0 0 0 32002 32002 0 0 0 0 0 0
WIT 8 -286 -285 -255 -262 -230 0 0 0 0 32002 0 -1 0 0 0 32002 32002 0 0 0 0 0 0
WIT 8 -286 -285 -292 -299 -280 0 0 0 0 32002 0 -1 0 0 0 32002 32002 0 0 0 0 0 0
WIT 8 -286 -285 -286 -293 -255 0 0 0 0 32002 0 -1 0 0 0 32002 32002 0 0 0 0 0 0
WIT 8 -286 -285 -293 -300 -278 0 0 0 0 32002 0 -1 0 0 0 32002 32002 0 0 0 0 0 0
WIT 8 -286 -285 -296 -303 -278 0 0 0 0 32002 0 -1 0 0 0 32002 32002 0 0 0 0 0 0
WIT 8 -286 -285 -280 -287 -243 0 0 0 0 32002 0 -1 0 0 0 32002 32002 0 0 0 0 0 0
WIT 8 285 304 302 295 295 3749 0 0 1 285 1 2 -2813 1 1 285 285 1 2 203 217 632 0
WIT 11 -286 -285 -278 -299 -299 49415 0 0 1 -277 0 -1 0 0 0 32002 32002 0 0 0 0 0 1762
WIT 10 -286 -285 -276 -285 -270 707 0 0 0 32002 0 -1 0 0 0 32002 32002 0 0 0 0 0 0
WIT 9 -286 -285 -292 -300 -299 1762 1 0 0 -285 0 -1 0 0 0 32002 32002 0 0 0 0 0 707
WIT 9 -286 -285 -295 -303 -245 0 0 0 0 32002 0 -1 0 0 0 32002 32002 0 0 0 0 0 0
WIT 9 -286 -285 -248 -256 -194 707 0 0 0 32002 0 -1 0 0 0 32002 32002 0 0 0 0 0 0
WIT 10 -286 -285 -243 -252 -251 707 0 0 0 32002 0 -1 0 0 0 32002 32002 0 0 0 0 0 0
WIT 7 -286 -285 -287 -293 -287 707 0 0 1 -285 0 -1 0 0 0 32002 32002 0 0 0 0 0 49415
WIT 9 -286 -285 -295 -312 -342 0 0 0 0 -285 0 -1 0 0 0 32002 32002 0 0 0 0 0 1307
WIT 8 -286 -285 -288 -295 -288 1380 0 0 1 -285 0 -1 0 0 0 32002 32002 0 0 0 0 0 49415
WIT 9 -286 -285 -304 -312 -306 1762 1 0 0 -285 0 -1 0 0 0 32002 32002 0 0 0 0 0 49415
WIT 8 -286 -285 -250 -257 -224 0 0 0 0 32002 0 -1 0 0 0 32002 32002 0 0 0 0 0 0
WIT 8 -286 -285 -248 -255 -233 0 0 0 0 32002 0 -1 0 0 0 32002 32002 0 0 0 0 0 0
WIT 8 -286 -285 -277 -284 -250 0 0 0 0 32002 0 -1 0 0 0 32002 32002 0 0 0 0 0 0
WIT 8 -286 -285 -297 -304 -301 1762 1 0 0 -258 0 -1 0 0 0 32002 32002 0 0 0 0 0 49415
WIT 8 -286 -285 -262 -269 -269 707 0 0 0 32002 0 -1 0 0 0 32002 32002 0 0 0 0 0 0
WIT 8 285 304 300 293 292 0 0 0 0 285 0 -1 0 0 0 32002 32002 0 0 0 0 0 0
WIT 8 -286 -285 -304 -311 -377 0 0 0 0 -285 0 -1 0 0 0 32002 32002 0 0 0 0 0 601
WIT 7 -286 -285 -304 -317 -349 0 0 0 0 -285 0 -1 0 0 0 32002 32002 0 0 0 0 0 1
WIT 9 -286 -285 -254 -271 -263 601 0 0 0 32002 0 -1 0 0 0 32002 32002 0 0 0 0 0 0
WIT 8 -286 -285 -290 -297 -272 2453 0 0 0 32002 0 -1 0 0 0 32002 32002 0 0 0 0 0 0
WIT 7 -286 -285 -304 -317 -372 0 0 0 0 -285 0 -1 0 0 0 32002 32002 0 0 0 0 0 1762
WIT 10 -286 -285 -304 -313 -315 0 0 0 0 -285 0 -1 0 0 0 32002 32002 0 0 0 0 0 1762
WIT 7 -286 -285 -295 -301 -331 0 0 0 0 -263 0 -1 0 0 0 32002 32002 0 0 0 0 0 1307
WIT 8 -286 -285 -304 -319 -360 0 0 0 0 -285 0 -1 0 0 0 32002 32002 0 0 0 0 0 2453
WIT 7 -286 -285 -283 -289 -242 0 0 0 0 32002 0 -1 0 0 0 32002 32002 0 0 0 0 0 0
WIT 7 -286 -285 -290 -296 -272 0 0 0 0 32002 0 -1 0 0 0 32002 32002 0 0 0 0 0 0
WIT 7 -286 -285 -289 -295 -312 0 0 0 0 -273 0 -1 0 0 0 32002 32002 0 0 0 0 0 1762
WIT 6 -286 -285 -304 -309 -277 2453 0 0 0 32002 0 -1 0 0 0 32002 32002 0 0 0 0 0 0
WIT 6 -286 -285 -304 -309 -437 0 0 0 0 -281 0 -1 0 0 0 32002 32002 0 0 0 0 0 1307
WIT 12 -286 -285 -304 -327 -312 1762 1 0 0 -285 0 -1 0 0 0 32002 32002 0 0 0 0 0 323
WIT 10 -286 -285 -280 -289 -289 707 0 0 1 -278 0 -1 0 0 0 32002 32002 0 0 0 0 0 2453
WIT 8 -286 -285 -244 -251 -256 0 0 0 0 -285 0 -1 0 0 0 32002 32002 0 0 0 0 0 2453
WIT 12 -286 -285 -304 -327 -372 0 0 0 0 -285 0 -1 0 0 0 32002 32002 0 0 0 0 0 1307
WIT 12 -286 -285 -304 -315 -302 1185 0 0 1 -285 0 -1 0 0 0 32002 32002 0 0 0 0 0 1307
WIT 11 -286 -285 -292 -302 -264 536 0 0 0 32002 0 -1 0 0 0 32002 32002 0 0 0 0 0 0
WIT 8 -286 -285 -269 -276 -221 0 0 0 0 32002 0 -1 0 0 0 32002 32002 0 0 0 0 0 0
WIT 7 -286 -285 -127 -133 -169 0 0 0 0 -271 0 -1 0 0 0 32002 32002 0 0 0 0 0 1762
WIT 11 -286 -285 -304 -325 -327 0 0 0 0 -285 0 -1 0 0 0 32002 32002 0 0 0 0 0 2453
WIT 10 -286 -285 -304 -323 -318 2453 0 0 1 -274 0 -1 0 0 0 32002 32002 0 0 0 0 0 1762
WIT 9 -286 -285 -304 -312 -294 2453 0 0 1 -285 0 -1 0 0 0 32002 32002 0 0 0 0 0 323
WIT 8 -286 -285 -252 -259 -221 2453 0 0 0 32002 0 -1 0 0 0 32002 32002 0 0 0 0 0 0
WIT 9 -286 -285 -290 -307 -304 2453 0 0 1 -276 0 -1 0 0 0 32002 32002 0 0 0 0 0 1185
WIT 7 -286 -285 -302 -315 -307 1185 0 0 1 -283 0 -1 0 0 0 32002 32002 0 0 0 0 0 1764
WIT 7 -286 -285 -281 -287 -287 323 0 0 1 -277 0 -1 0 0 0 32002 32002 0 0 0 0 0 593
WIT 7 -286 -285 -276 -282 -282 2453 0 0 0 32002 0 -1 0 0 0 32002 32002 0 0 0 0 0 0
WIT 8 -286 -285 -290 -297 -239 0 0 0 0 32002 0 -1 0 0 0 32002 32002 0 0 0 0 0 0
WIT 11 -286 -285 -304 -325 -326 0 0 0 0 -285 0 -1 0 0 0 32002 32002 0 0 0 0 0 49415
WIT 6 -286 -285 -143 -148 -124 2453 0 0 0 32002 0 -1 0 0 0 32002 32002 0 0 0 0 0 0
WIT 7 -286 -285 -177 -190 -245 0 0 0 0 -284 0 -1 0 0 0 32002 32002 0 0 0 0 0 1185
WIT 8 -286 -285 -243 -250 -238 2453 0 0 0 32002 0 -1 0 0 0 32002 32002 0 0 0 0 0 0
WIT 12 -286 -285 -296 -319 -313 49415 0 0 1 -284 0 -1 0 0 0 32002 32002 0 0 0 0 0 1762
WIT 10 -286 -285 -296 -315 -303 1762 1 0 0 -92 0 -1 0 0 0 32002 32002 0 0 0 0 0 1764
WIT 10 -286 -285 -297 -306 -306 49415 0 0 1 -276 0 -1 0 0 0 32002 32002 0 0 0 0 0 1762
WIT 10 -286 -285 -290 -299 -240 2460 1 0 0 32002 0 -1 0 0 0 32002 32002 0 0 0 0 0 0
WIT 7 -286 -285 -297 -310 -298 148 0 0 1 -285 0 -1 0 0 0 32002 32002 0 0 0 0 0 2453
WIT 12 -286 -285 -297 -320 -307 2453 0 0 1 -285 0 -1 0 0 0 32002 32002 0 0 0 0 0 49415
WIT 7 -286 -285 -282 -288 -234 1176 0 0 0 32002 0 -1 0 0 0 32002 32002 0 0 0 0 0 0
WIT 10 -286 -285 -296 -305 -284 2453 0 0 0 32002 0 -1 0 0 0 32002 32002 0 0 0 0 0 0
WIT 8 -286 -285 -279 -286 -243 0 0 0 0 32002 0 -1 0 0 0 32002 32002 0 0 0 0 0 0
WIT 8 -286 -285 -271 -278 -245 2453 0 0 0 32002 0 -1 0 0 0 32002 32002 0 0 0 0 0 0
WIT 7 -286 -285 -283 -289 -278 2453 0 0 0 32002 0 -1 0 0 0 32002 32002 0 0 0 0 0 0
WIT 8 -286 -285 -255 -262 -261 49415 0 0 0 32002 0 -1 0 0 0 32002 32002 0 0 0 0 0 0
WIT 7 -286 -285 -297 -310 -304 2453 0 0 1 -276 0 -1 0 0 0 32002 32002 0 0 0 0 0 49415
WIT 6 -286 -285 -297 -302 -260 2453 0 0 0 32002 0 -1 0 0 0 32002 32002 0 0 0 0 0 0
WIT 11 -286 -285 -290 -311 -312 0 0 0 0 -285 0 -1 0 0 0 32002 32002 0 0 0 0 0 707
WIT 6 -286 -285 -111 -116 -97 0 0 0 0 32002 0 -1 0 0 0 32002 32002 0 0 0 0 0 0
WIT 13 -286 -285 -297 -309 -291 49415 0 0 1 -285 0 -1 0 0 0 32002 32002 0 0 0 0 0 707
WIT 9 -286 -285 -295 -303 -244 0 0 0 0 32002 0 -1 0 0 0 32002 32002 0 0 0 0 0 0
WIT 8 -286 -285 -285 -292 -286 707 0 0 1 -216 0 -1 0 0 0 32002 32002 0 0 0 0 0 49415
WIT 9 -286 -285 -295 -312 -347 0 0 0 0 -285 0 -1 0 0 0 32002 32002 0 0 0 0 0 2453
WIT 7 -286 -285 -297 -303 -272 2453 0 0 0 32002 0 -1 0 0 0 32002 32002 0 0 0 0 0 0
WIT 7 -286 -285 -242 -248 -204 0 0 0 0 32002 0 -1 0 0 0 32002 32002 0 0 0 0 0 0
WIT 6 -286 -285 -296 -301 -255 2453 0 0 0 32002 0 -1 0 0 0 32002 32002 0 0 0 0 0 0
WIT 7 -286 -285 -256 -262 -249 707 0 0 0 32002 0 -1 0 0 0 32002 32002 0 0 0 0 0 0
WIT 6 -286 -285 -265 -270 -244 49415 0 0 0 32002 0 -1 0 0 0 32002 32002 0 0 0 0 0 0
WIT 6 -286 -285 -290 -295 -291 707 0 0 1 -285 0 -1 0 0 0 32002 32002 0 0 0 0 0 49415
WIT 6 -286 -285 -297 -302 -298 707 0 0 1 -285 0 -1 0 0 0 32002 32002 0 0 0 0 0 49415
WIT 10 -286 -285 -303 -322 -559 0 0 0 0 -285 0 -1 0 0 0 32002 32002 0 0 0 0 0 1307
WIT 10 -286 -285 -304 -323 -319 593 0 0 1 -313 1 1 10727 1 1 -286 -304 0 1 0 1 14 0
WIT 7 -286 -285 -276 -282 -236 2460 1 0 0 32002 0 -1 0 0 0 32002 32002 0 0 0 0 0 0
WIT 7 -286 -285 -296 -302 -362 0 0 0 0 -283 0 -1 0 0 0 32002 32002 0 0 0 0 0 2453
WIT 9 -286 -285 -273 -281 -250 2453 0 0 0 32002 0 -1 0 0 0 32002 32002 0 0 0 0 0 0
WIT 9 -286 -285 -276 -293 -551 0 0 0 0 -285 0 -1 0 0 0 32002 32002 0 0 0 0 0 1307
WIT 7 -286 -285 -298 -304 -304 1 0 0 1 -281 0 -1 0 0 0 32002 32002 0 0 0 0 0 593
WIT 7 -286 -285 -304 -310 -290 0 0 0 0 -274 0 -1 0 0 0 32002 32002 0 0 0 0 0 1762
WIT 7 -286 -285 -297 -303 -337 0 0 0 0 -285 0 -1 0 0 0 32002 32002 0 0 0 0 0 2453
WIT 10 -286 -285 -298 -307 -289 323 0 0 1 -284 0 -1 0 0 0 32002 32002 0 0 0 0 0 593
WIT 7 -286 -285 -285 -291 -291 983 0 0 1 -285 0 -1 0 0 0 32002 32002 0 0 0 0 0 323
WIT 7 -286 -285 -284 -290 -264 0 0 0 0 32002 0 -1 0 0 0 32002 32002 0 0 0 0 0 0
WIT 8 -286 -285 -300 -315 -406 0 0 0 0 -285 0 -1 0 0 0 32002 32002 0 0 0 0 0 2453
WIT 8 -286 -285 -272 -279 -321 0 0 0 0 -270 0 -1 0 0 0 32002 32002 0 0 0 0 0 1307
WIT 8 -286 -285 -304 -311 -311 593 0 0 1 -284 0 -1 0 0 0 32002 32002 0 0 0 0 0 323
WIT 8 -286 -285 -286 -293 -287 323 0 0 1 -284 0 -1 0 0 0 32002 32002 0 0 0 0 0 593
WIT 7 -286 -285 -279 -285 -272 323 0 0 0 32002 0 -1 0 0 0 32002 32002 0 0 0 0 0 0
WIT 7 285 304 313 307 300 0 0 0 0 285 0 -1 0 0 0 32002 32002 0 0 0 0 0 0
WIT 10 -286 -285 -280 -289 -272 49415 0 0 0 32002 0 -1 0 0 0 32002 32002 0 0 0 0 0 0
WIT 10 -286 -285 -274 -283 -282 2453 0 0 0 32002 0 -1 0 0 0 32002 32002 0 0 0 0 0 0
WIT 6 -286 -285 -290 -295 -296 0 0 0 0 -277 0 -1 0 0 0 32002 32002 0 0 0 0 0 536
WIT 6 -286 -285 -289 -294 -279 536 0 0 0 32002 0 -1 0 0 0 32002 32002 0 0 0 0 0 0
WIT 10 -286 -285 -291 -310 -300 49415 0 0 1 -285 0 -1 0 0 0 32002 32002 0 0 0 0 0 861
WIT 9 -286 -285 -294 -311 -284 861 0 0 0 32002 0 -1 0 0 0 32002 32002 0 0 0 0 0 0
WIT 9 -286 -285 -246 -254 -237 536 0 0 0 32002 0 -1 0 0 0 32002 32002 0 0 0 0 0 0
WIT 9 -286 -285 -297 -305 -285 49415 0 0 0 32002 0 -1 0 0 0 32002 32002 0 0 0 0 0 0
WIT 10 -286 -285 -268 -277 -273 49415 0 0 0 32002 0 -1 0 0 0 32002 32002 0 0 0 0 0 0
WIT 9 -286 -285 -272 -280 -273 49415 0 0 0 32002 0 -1 0 0 0 32002 32002 0 0 0 0 0 0
WIT 9 -286 -285 -226 -234 -203 0 0 0 0 32002 0 -1 0 0 0 32002 32002 0 0 0 0 0 0
WIT 9 -286 -285 -280 -288 -246 0 0 0 0 32002 0 -1 0 0 0 32002 32002 0 0 0 0 0 0
WIT 10 285 304 299 290 293 3826 0 0 1 285 1 1 5760 1 1 285 285 0 0 0 0 1453 0
WIT 6 -286 -285 -174 -179 -131 139 1 1 0 32002 0 -1 0 0 0 32002 32002 0 0 0 0 0 0
WIT 9 -286 -285 -290 -307 -291 1762 1 0 0 -286 0 -1 0 0 0 32002 32002 0 0 0 0 0 0
WIT 9 -286 -285 -290 -307 -317 0 0 0 0 -286 0 -1 0 0 0 32002 32002 0 0 0 0 0 0
WIT 8 -286 -285 -290 -305 -371 0 0 0 0 -286 0 -1 0 0 0 32002 32002 0 0 0 0 0 0
WIT 7 285 286 292 279 -109 0 0 0 0 286 0 -1 0 0 0 32002 32002 0 0 0 0 0 2268
WIT 8 285 286 315 308 358 0 0 0 0 32002 0 -1 0 0 0 32002 32002 0 0 0 0 0 0
WIT 8 -286 -285 -285 -300 -331 0 0 0 0 -286 0 -1 0 0 0 32002 32002 0 0 0 0 0 0
WIT 7 -286 -285 -291 -304 -324 0 0 0 0 -286 0 -1 0 0 0 32002 32002 0 0 0 0 0 0
WIT 13 -286 -285 -291 -316 -313 707 0 0 1 -286 1 1 59501 1 1 -286 -286 0 0 0 0 304 0
WIT 12 -286 -285 -298 -321 -342 0 0 0 0 -286 0 -1 0 0 0 32002 32002 0 0 0 0 0 0
WIT 6 303 304 337 332 286 0 0 0 0 318 0 -1 0 0 0 32002 32002 0 0 0 0 0 3763
WIT 7 303 304 286 273 240 0 0 0 0 304 0 -1 0 0 0 32002 32002 0 0 0 0 0 3699
WIT 7 285 304 286 280 279 0 0 0 0 304 0 -1 0 0 0 32002 32002 0 0 0 0 0 3364
WIT 8 285 304 286 279 278 0 0 0 0 304 0 -1 0 0 0 32002 32002 0 0 0 0 0 34581
WIT 9 303 304 330 322 358 2203 1 0 0 32002 0 -1 0 0 0 32002 32002 0 0 0 0 0 0
WIT 6 303 304 327 322 251 0 0 0 0 318 0 -1 0 0 0 32002 32002 0 0 0 0 0 34581
WIT 8 303 304 353 346 345 0 0 0 0 305 0 -1 0 0 0 32002 32002 0 0 0 0 0 34581
WIT 7 303 304 325 319 318 0 0 0 0 304 0 -1 0 0 0 32002 32002 0 0 0 0 0 3826
WIT 8 285 304 286 279 278 0 0 0 0 304 0 -1 0 0 0 32002 32002 0 0 0 0 0 3234
WIT 9 285 304 286 278 212 0 0 0 0 304 0 -1 0 0 0 32002 32002 0 0 0 0 0 2268
WIT 11 303 304 286 265 265 1810 1 0 0 304 0 -1 0 0 0 32002 32002 0 0 0 0 0 3234
WIT 10 303 304 404 395 351 0 0 0 0 442 0 -1 0 0 0 32002 32002 0 0 0 0 0 2268
WIT 10 303 304 348 339 336 0 0 0 0 306 0 -1 0 0 0 32002 32002 0 0 0 0 0 3234
WIT 9 303 304 343 326 317 0 0 0 0 304 0 -1 0 0 0 32002 32002 0 0 0 0 0 3749
WIT 9 303 304 311 303 366 3234 0 0 0 32002 0 -1 0 0 0 32002 32002 0 0 0 0 0 0
WIT 9 285 304 286 278 277 0 0 0 0 304 0 -1 0 0 0 32002 32002 0 0 0 0 0 2908
WIT 7 285 329 304 298 290 0 0 0 0 304 0 -1 0 0 0 32002 32002 0 0 0 0 0 34581
WIT 6 -305 -304 -290 -295 -221 332 0 0 0 32002 0 -1 0 0 0 32002 32002 0 0 0 0 0 0
WIT 8 285 329 304 297 290 0 0 0 0 304 0 -1 0 0 0 32002 32002 0 0 0 0 0 3234
WIT 8 285 329 304 297 84 0 0 0 0 304 0 -1 0 0 0 32002 32002 0 0 0 0 0 2268
WIT 6 303 304 311 306 327 0 0 0 0 32002 0 -1 0 0 0 32002 32002 0 0 0 0 0 0
WIT 7 -305 -304 -248 -254 -64 1380 0 0 0 32002 0 -1 0 0 0 32002 32002 0 0 0 0 0 0
WIT 7 -305 -304 -269 -275 -256 1380 0 0 0 32002 0 -1 0 0 0 32002 32002 0 0 0 0 0 0
WIT 9 285 329 304 296 290 0 0 0 0 304 0 -1 0 0 0 32002 32002 0 0 0 0 0 2908

===========================
Total time (ms) : 84
Nodes searched  : 58313
Nodes/second    : 694202
