
Position: 1/1 (rn1qk1nr/1bppbppp/pp2p3/8/Q1PPP3/2N5/PP3PPP/R1B1KBNR w KQkq - 4 6)
WIT 6 -178 -177 -185 -190 -229 0 0 0 0 -190 0 -1 0 0 0 32002 32002 0 0 0 0 0 0
WIT 7 -186 -185 -186 -192 -182 3307 0 0 0 32002 0 -1 0 0 0 32002 32002 0 0 0 0 0 0
WIT 7 -186 -185 -186 -192 -196 0 0 0 0 -186 0 -1 0 0 0 32002 32002 0 0 0 0 0 0
WIT 7 -190 -189 -188 -201 -186 3307 0 0 0 32002 0 -1 0 0 0 32002 32002 0 0 0 0 0 0
WIT 7 -190 -189 -165 -171 -277 0 0 0 0 -237 0 -1 0 0 0 32002 32002 0 0 0 0 0 0
WIT 6 -190 -189 -173 -178 -202 0 0 0 0 -231 0 -1 0 0 0 32002 32002 0 0 0 0 0 3690
WIT 6 -190 -189 -186 -191 -198 0 0 0 0 -189 0 -1 0 0 0 32002 32002 0 0 0 0 0 4013
WIT 6 -190 -189 -186 -191 -191 3690 0 0 1 -185 0 -1 0 0 0 32002 32002 0 0 0 0 0 4013
WIT 6 -190 -189 -165 -170 -199 0 0 0 0 -197 0 -1 0 0 0 32002 32002 0 0 0 0 0 0
WIT 7 204 205 208 202 201 0 0 0 0 198 0 -1 0 0 0 32002 32002 0 0 0 0 0 0
WIT 6 -190 -189 -178 -183 -183 3366 0 0 0 32002 0 -1 0 0 0 32002 32002 0 0 0 0 0 0
WIT 6 -190 -189 -125 -130 -131 0 0 0 0 -167 0 -1 0 0 0 32002 32002 0 0 0 0 0 4013
WIT 6 -190 -189 -185 -190 -191 0 0 0 0 -189 0 -1 0 0 0 32002 32002 0 0 0 0 0 4013
WIT 6 -190 -189 -186 -191 -191 3690 0 0 1 -185 0 -1 0 0 0 32002 32002 0 0 0 0 0 4013
WIT 6 -190 -189 -155 -160 -160 3690 0 0 0 32002 0 -1 0 0 0 32002 32002 0 0 0 0 0 0
WIT 6 -190 -189 -190 -195 -198 0 0 0 0 -189 0 -1 0 0 0 32002 32002 0 0 0 0 0 4013
WIT 6 -190 -189 -186 -191 -238 0 0 0 0 -189 0 -1 0 0 0 32002 32002 0 0 0 0 0 4013
WIT 7 -190 -189 -185 -191 -191 3690 0 0 1 -176 0 -1 0 0 0 32002 32002 0 0 0 0 0 3307
WIT 6 -190 -189 -186 -191 -207 0 0 0 0 -183 0 -1 0 0 0 32002 32002 0 0 0 0 0 4013
WIT 6 -190 -189 -158 -163 -185 0 0 0 0 -160 0 -1 0 0 0 32002 32002 0 0 0 0 0 4013
WIT 6 -190 -189 -193 -198 -198 3690 0 0 1 -164 0 -1 0 0 0 32002 32002 0 0 0 0 0 4013
WIT 6 -190 -189 -182 -187 -187 3690 0 0 0 32002 0 -1 0 0 0 32002 32002 0 0 0 0 0 0
WIT 6 -190 -189 -186 -191 -183 3307 0 0 0 32002 0 -1 0 0 0 32002 32002 0 0 0 0 0 0
WIT 6 -190 -189 -166 -171 -179 0 0 0 0 -164 0 -1 0 0 0 32002 32002 0 0 0 0 0 4013
WIT 6 -190 -189 -186 -191 -191 3690 0 0 1 -185 0 -1 0 0 0 32002 32002 0 0 0 0 0 4013
WIT 6 198 199 197 192 267 1763 0 0 0 32002 0 -1 0 0 0 32002 32002 0 0 0 0 0 0
WIT 6 204 205 202 197 197 1763 0 0 1 205 0 -1 0 0 0 32002 32002 0 0 0 0 0 1828
WIT 6 204 205 218 213 236 0 0 0 0 32002 0 -1 0 0 0 32002 32002 0 0 0 0 0 0
WIT 6 204 205 202 197 197 1546 0 0 1 205 0 -1 0 0 0 32002 32002 0 0 0 0 0 148
WIT 6 212 213 218 213 236 0 0 0 0 32002 0 -1 0 0 0 32002 32002 0 0 0 0 0 0
WIT 6 212 213 205 200 218 1763 0 0 0 32002 0 -1 0 0 0 32002 32002 0 0 0 0 0 0
WIT 6 212 213 231 226 188 0 0 0 0 282 0 -1 0 0 0 32002 32002 0 0 0 0 0 1763
WIT 6 223 224 218 213 244 0 0 0 0 32002 0 -1 0 0 0 32002 32002 0 0 0 0 0 0
WIT 6 223 224 236 231 244 1763 0 0 0 32002 0 -1 0 0 0 32002 32002 0 0 0 0 0 0
WIT 6 223 224 247 242 276 0 0 0 0 32002 0 -1 0 0 0 32002 32002 0 0 0 0 0 0
WIT 6 232 233 218 213 244 0 0 0 0 32002 0 -1 0 0 0 32002 32002 0 0 0 0 0 0
WIT 6 232 233 236 231 245 1763 0 0 0 32002 0 -1 0 0 0 32002 32002 0 0 0 0 0 0
WIT 7 242 243 218 212 244 0 0 0 0 32002 0 -1 0 0 0 32002 32002 0 0 0 0 0 0
WIT 7 242 243 251 245 245 1763 0 0 0 32002 0 -1 0 0 0 32002 32002 0 0 0 0 0 0
WIT 7 242 243 247 241 277 0 0 0 0 32002 0 -1 0 0 0 32002 32002 0 0 0 0 0 0
WIT 6 242 243 233 228 279 1763 0 0 0 32002 0 -1 0 0 0 32002 32002 0 0 0 0 0 0
WIT 6 242 243 288 283 295 1763 0 0 0 32002 0 -1 0 0 0 32002 32002 0 0 0 0 0 0
WIT 6 242 243 293 288 240 0 0 0 0 243 0 -1 0 0 0 32002 32002 0 0 0 0 0 1569
WIT 6 242 243 267 262 261 0 0 0 0 243 0 -1 0 0 0 32002 32002 0 0 0 0 0 1697
WIT 7 252 253 218 212 245 0 0 0 0 309 0 -1 0 0 0 32002 32002 0 0 0 0 0 1829
WIT 6 252 253 251 246 258 1763 0 0 0 32002 0 -1 0 0 0 32002 32002 0 0 0 0 0 0
WIT 6 252 253 247 242 279 0 0 0 0 32002 0 -1 0 0 0 32002 32002 0 0 0 0 0 0
WIT 6 252 253 288 283 295 1763 0 0 0 32002 0 -1 0 0 0 32002 32002 0 0 0 0 0 0
WIT 6 252 253 294 289 289 1553 0 0 0 32002 0 -1 0 0 0 32002 32002 0 0 0 0 0 0
WIT 6 266 267 246 241 224 0 0 0 0 290 0 -1 0 0 0 32002 32002 0 0 0 0 0 1828
WIT 6 266 267 256 251 250 0 0 0 0 264 0 -1 0 0 0 32002 32002 0 0 0 0 0 0
WIT 6 -250 -249 -183 -188 -282 0 0 0 0 -228 0 -1 0 0 0 32002 32002 0 0 0 0 0 2908
WIT 6 -250 -249 -201 -206 -194 0 0 0 0 32002 0 -1 0 0 0 32002 32002 0 0 0 0 0 0
WIT 7 -250 -249 -188 -201 -186 3307 0 0 0 32002 0 -1 0 0 0 32002 32002 0 0 0 0 0 0
WIT 6 -250 -249 -178 -183 -247 0 0 0 0 -250 0 -1 0 0 0 32002 32002 0 0 0 0 0 3366
WIT 6 -243 -242 -158 -163 -148 3690 0 1 0 32002 0 -1 0 0 0 32002 32002 0 0 0 0 0 0
WIT 6 -243 -242 -178 -183 -184 0 0 0 0 -243 0 -1 0 0 0 32002 32002 0 0 0 0 0 0
WIT 6 -243 -242 -263 -268 -269 0 0 0 0 -242 0 -1 0 0 0 32002 32002 0 0 0 0 0 2724
WIT 6 -243 -242 -184 -189 -228 0 0 0 0 -218 0 -1 0 0 0 32002 32002 0 0 0 0 0 3699
WIT 10 -243 -242 -162 -171 -199 0 0 0 0 -242 0 -1 0 0 0 32002 32002 0 0 0 0 0 3164
WIT 9 -243 -242 -230 -247 -248 0 0 0 0 -242 0 -1 0 0 0 32002 32002 0 0 0 0 0 2908
WIT 9 -243 -242 -177 -185 -240 0 0 0 0 -242 0 -1 0 0 0 32002 32002 0 0 0 0 0 2593
WIT 8 -243 -242 -177 -192 -231 0 0 0 0 -242 0 -1 0 0 0 32002 32002 0 0 0 0 0 2657
WIT 11 242 243 103 93 -699 0 0 0 0 271 0 -1 0 0 0 32002 32002 0 0 0 0 0 1592
WIT 11 -243 -242 -239 -249 -260 0 0 0 0 -265 0 -1 0 0 0 32002 32002 0 0 0 0 0 0
WIT 11 -243 -242 -242 -263 -284 0 0 0 0 -263 0 -1 0 0 0 32002 32002 0 0 0 0 0 0
WIT 10 -243 -242 -242 -261 -304 0 0 0 0 -258 0 -1 0 0 0 32002 32002 0 0 0 0 0 0
WIT 6 242 243 288 283 287 652 0 0 0 32002 0 -1 0 0 0 32002 32002 0 0 0 0 0 0
WIT 6 242 243 342 337 118 0 0 0 0 300 0 -1 0 0 0 32002 32002 0 0 0 0 0 1180
WIT 10 -243 -242 -242 -261 -262 0 0 0 0 -243 0 -1 0 0 0 32002 32002 0 0 0 0 0 0
WIT 7 -243 -242 -202 -208 -184 53055 0 0 0 32002 0 -1 0 0 0 32002 32002 0 0 0 0 0 0
WIT 6 -243 -242 -175 -180 -203 0 0 0 0 -240 0 -1 0 0 0 32002 32002 0 0 0 0 0 4013
WIT 9 242 243 190 173 173 528 0 0 1 243 0 -1 0 0 0 32002 32002 0 0 0 0 0 405
WIT 7 242 264 254 248 248 49415 0 0 1 291 0 -1 0 0 0 32002 32002 0 0 0 0 0 528
WIT 10 263 264 243 224 224 528 0 0 1 258 1 1 24237 1 1 263 263 0 0 0 0 60 0
WIT 6 -250 -249 -147 -152 -180 0 0 0 0 -231 0 -1 0 0 0 32002 32002 0 0 0 0 0 2788
WIT 7 248 249 288 282 294 528 0 0 0 32002 0 -1 0 0 0 32002 32002 0 0 0 0 0 0
WIT 7 -250 -249 -221 -234 -235 0 0 0 0 -250 0 -1 0 0 0 32002 32002 0 0 0 0 0 0
WIT 6 -250 -249 -188 -193 -158 3690 0 1 0 32002 0 -1 0 0 0 32002 32002 0 0 0 0 0 0
WIT 7 -250 -249 -249 -255 -230 0 0 0 0 32002 0 -1 0 0 0 32002 32002 0 0 0 0 0 0
WIT 6 -250 -249 -202 -207 -203 3300 0 0 0 32002 0 -1 0 0 0 32002 32002 0 0 0 0 0 0
WIT 6 -250 -249 -225 -230 -231 0 0 0 0 -230 0 -1 0 0 0 32002 32002 0 0 0 0 0 3699
WIT 7 242 264 243 237 221 0 0 0 0 249 0 -1 0 0 0 32002 32002 0 0 0 0 0 339
WIT 6 248 249 243 238 238 528 0 0 1 251 0 -1 0 0 0 32002 32002 0 0 0 0 0 668
WIT 9 242 264 243 235 246 1828 0 0 1 249 1 1 4600 1 1 249 286 0 0 0 0 100 1828
WIT 7 263 264 243 230 237 528 0 0 1 268 0 -1 0 0 0 32002 32002 0 0 0 0 0 405
WIT 7 263 264 250 237 240 1828 0 0 1 264 0 -1 0 0 0 32002 32002 0 0 0 0 0 49415
WIT 7 263 264 243 237 226 0 0 0 0 264 0 -1 0 0 0 32002 32002 0 0 0 0 0 405
WIT 8 263 264 247 240 222 0 0 0 0 267 0 -1 0 0 0 32002 32002 0 0 0 0 0 664
WIT 7 263 264 273 267 914 1764 1 0 0 32002 0 -1 0 0 0 32002 32002 0 0 0 0 0 0
WIT 7 263 264 243 237 222 0 0 0 0 266 0 -1 0 0 0 32002 32002 0 0 0 0 0 405
WIT 8 263 264 249 234 242 528 0 0 1 264 0 -1 0 0 0 32002 32002 0 0 0 0 0 339
WIT 9 263 264 264 247 249 528 0 0 1 264 0 -1 0 0 0 32002 32002 0 0 0 0 0 339
WIT 7 263 264 264 258 245 0 0 0 0 264 0 -1 0 0 0 32002 32002 0 0 0 0 0 339
WIT 6 263 264 280 275 233 0 0 0 0 282 0 -1 0 0 0 32002 32002 0 0 0 0 0 1763
WIT 12 263 264 243 220 234 405 0 0 1 263 1 1 35145 1 1 263 264 0 0 0 0 83 405
WIT 6 263 264 243 238 198 0 0 0 0 264 0 -1 0 0 0 32002 32002 0 0 0 0 0 652
WIT 11 263 264 243 222 222 148 0 0 1 264 0 -1 0 0 0 32002 32002 0 0 0 0 0 405
WIT 8 -243 -242 -250 -257 -253 3307 0 0 1 -230 0 -1 0 0 0 32002 32002 0 0 0 0 0 2434
WIT 6 274 275 292 287 258 0 0 0 0 322 0 -1 0 0 0 32002 32002 0 0 0 0 0 175
WIT 7 -254 -253 -253 -259 -240 2851 1 0 0 32002 0 -1 0 0 0 32002 32002 0 0 0 0 0 0
WIT 9 -254 -253 -247 -255 -256 0 0 0 0 -245 0 -1 0 0 0 32002 32002 0 0 0 0 0 2788
WIT 8 -254 -253 -274 -281 -358 0 0 0 0 -250 0 -1 0 0 0 32002 32002 0 0 0 0 0 3307
WIT 6 -254 -253 -274 -279 -280 0 0 0 0 -254 0 -1 0 0 0 32002 32002 0 0 0 0 0 0
WIT 11 253 254 264 243 248 528 0 0 1 264 0 -1 0 0 0 32002 32002 0 0 0 0 0 339
WIT 7 253 254 539 533 757 1810 0 1 0 32002 0 -1 0 0 0 32002 32002 0 0 0 0 0 0
WIT 8 253 254 292 277 103 0 0 0 0 300 0 -1 0 0 0 32002 32002 0 0 0 0 0 1180
WIT 7 253 254 351 345 77 0 0 0 0 632 0 -1 0 0 0 32002 32002 0 0 0 0 0 1180
WIT 9 274 275 287 270 270 49415 0 0 1 290 0 -1 0 0 0 32002 32002 0 0 0 0 0 1828
WIT 8 274 275 288 281 302 528 0 0 0 32002 0 -1 0 0 0 32002 32002 0 0 0 0 0 0
WIT 7 274 275 287 274 276 49415 0 0 0 32002 0 -1 0 0 0 32002 32002 0 0 0 0 0 0
WIT 7 274 275 287 281 671 1244 1 0 0 32002 0 -1 0 0 0 32002 32002 0 0 0 0 0 0
WIT 8 253 275 263 256 256 528 0 0 1 275 0 -1 0 0 0 32002 32002 0 0 0 0 0 339
WIT 10 274 275 295 276 108 0 0 0 0 300 0 -1 0 0 0 32002 32002 0 0 0 0 0 1180
WIT 6 274 275 268 263 184 0 0 0 0 285 0 -1 0 0 0 32002 32002 0 0 0 0 0 652
WIT 7 274 275 245 239 226 0 0 0 0 241 0 -1 0 0 0 32002 32002 0 0 0 0 0 0
WIT 7 274 275 290 277 210 0 0 0 0 295 0 -1 0 0 0 32002 32002 0 0 0 0 0 1828
WIT 9 274 275 319 311 341 157 0 0 0 32002 0 -1 0 0 0 32002 32002 0 0 0 0 0 0
WIT 8 274 275 272 265 272 339 0 0 1 277 0 -1 0 0 0 32002 32002 0 0 0 0 0 1828
WIT 8 274 275 273 258 258 339 0 0 1 277 0 -1 0 0 0 32002 32002 0 0 0 0 0 1828
WIT 9 253 275 282 274 272 0 0 0 0 253 0 -1 0 0 0 32002 32002 0 0 0 0 0 405
WIT 8 274 275 273 266 914 1764 1 0 0 32002 0 -1 0 0 0 32002 32002 0 0 0 0 0 0
WIT 6 -275 -274 -274 -279 -327 0 0 0 0 -280 0 -1 0 0 0 32002 32002 0 0 0 0 0 0
WIT 8 274 275 278 263 247 0 0 0 0 299 0 -1 0 0 0 32002 32002 0 0 0 0 0 1764
WIT 6 274 275 314 309 288 0 0 0 0 475 0 -1 0 0 0 32002 32002 0 0 0 0 0 2349
WIT 7 -275 -274 -167 -173 -195 0 0 0 0 -274 0 -1 0 0 0 32002 32002 0 0 0 0 0 2910
WIT 8 -275 -274 -233 -248 -252 0 0 0 0 -274 0 -1 0 0 0 32002 32002 0 0 0 0 0 2788
WIT 9 274 275 275 258 255 0 0 0 0 274 0 -1 0 0 0 32002 32002 0 0 0 0 0 157
WIT 7 274 275 264 251 242 0 0 0 0 275 0 -1 0 0 0 32002 32002 0 0 0 0 0 339
WIT 7 274 275 284 278 282 157 0 0 0 32002 0 -1 0 0 0 32002 32002 0 0 0 0 0 0
WIT 12 274 275 264 241 241 339 0 0 1 275 0 -1 0 0 0 32002 32002 0 0 0 0 0 405
WIT 9 274 275 264 256 256 405 0 0 1 264 1 1 12990 1 1 274 275 0 0 0 0 17 405
WIT 7 274 275 264 258 319 405 0 0 0 32002 0 -1 0 0 0 32002 32002 0 0 0 0 0 0
WIT 11 274 275 264 243 243 148 0 0 1 275 0 -1 0 0 0 32002 32002 0 0 0 0 0 405
WIT 10 274 275 264 255 255 1827 1 0 0 296 0 -1 0 0 0 32002 32002 0 0 0 0 0 1699
WIT 10 274 275 271 262 279 148 0 0 0 32002 0 -1 0 0 0 32002 32002 0 0 0 0 0 0
WIT 10 274 275 307 298 315 148 0 0 0 32002 0 -1 0 0 0 32002 32002 0 0 0 0 0 0
WIT 10 274 275 264 255 252 0 0 0 0 275 0 -1 0 0 0 32002 32002 0 0 0 0 0 339
WIT 8 274 275 319 312 312 148 0 0 0 32002 0 -1 0 0 0 32002 32002 0 0 0 0 0 0
WIT 10 274 275 265 256 255 0 0 0 0 275 0 -1 0 0 0 32002 32002 0 0 0 0 0 405
WIT 10 274 275 264 255 255 339 0 0 1 275 0 -1 0 0 0 32002 32002 0 0 0 0 0 405
WIT 10 274 275 265 256 254 0 0 0 0 275 0 -1 0 0 0 32002 32002 0 0 0 0 0 1763
WIT 7 289 290 283 277 277 49415 0 0 1 295 0 -1 0 0 0 32002 32002 0 0 0 0 0 1828
WIT 6 289 290 275 270 236 0 0 0 0 289 0 -1 0 0 0 32002 32002 0 0 0 0 0 0
WIT 7 260 290 275 269 269 49415 0 0 1 274 1 1 24771 1 1 274 274 0 0 0 0 1 983
WIT 10 289 290 275 266 284 983 0 0 1 287 1 1 3019 1 1 289 286 0 0 0 0 69 0
WIT 7 289 290 314 308 308 148 0 0 0 32002 0 -1 0 0 0 32002 32002 0 0 0 0 0 0
WIT 6 289 290 306 301 299 0 0 0 0 289 0 -1 0 0 0 32002 32002 0 0 0 0 0 0
WIT 8 289 290 288 273 273 49415 0 0 1 290 0 -1 0 0 0 32002 32002 0 0 0 0 0 1828
WIT 8 289 290 288 281 302 528 0 0 0 32002 0 -1 0 0 0 32002 32002 0 0 0 0 0 0
WIT 8 289 290 287 272 275 49415 0 0 1 291 0 -1 0 0 0 32002 32002 0 0 0 0 0 528
WIT 8 289 290 452 445 839 1244 1 0 0 32002 0 -1 0 0 0 32002 32002 0 0 0 0 0 0
WIT 8 289 290 300 293 293 528 0 0 0 32002 0 -1 0 0 0 32002 32002 0 0 0 0 0 0
WIT 7 289 290 271 265 242 0 0 0 0 290 0 -1 0 0 0 32002 32002 0 0 0 0 0 1763
WIT 7 260 290 275 269 263 0 0 0 0 290 0 -1 0 0 0 32002 32002 0 0 0 0 0 339
WIT 6 289 290 303 298 310 528 0 0 0 32002 0 -1 0 0 0 32002 32002 0 0 0 0 0 0
WIT 10 289 290 275 256 269 528 0 0 1 290 0 -1 0 0 0 32002 32002 0 0 0 0 0 1828
WIT 8 289 290 276 269 273 339 0 0 1 313 0 -1 0 0 0 32002 32002 0 0 0 0 0 1828
WIT 8 289 290 269 262 262 1828 0 0 1 290 0 -1 0 0 0 32002 32002 0 0 0 0 0 339
WIT 8 289 290 276 261 261 339 0 0 1 337 0 -1 0 0 0 32002 32002 0 0 0 0 0 1828
WIT 8 260 290 275 268 253 0 0 0 0 290 0 -1 0 0 0 32002 32002 0 0 0 0 0 405
WIT 6 289 290 275 270 270 49415 0 0 1 301 0 -1 0 0 0 32002 32002 0 0 0 0 0 148
WIT 6 289 290 273 268 325 0 0 0 0 32002 0 -1 0 0 0 32002 32002 0 0 0 0 0 0
WIT 6 289 290 304 299 298 0 0 0 0 309 0 -1 0 0 0 32002 32002 0 0 0 0 0 528
WIT 6 -290 -289 -289 -294 -364 0 0 0 0 -312 0 -1 0 0 0 32002 32002 0 0 0 0 0 0
WIT 7 -290 -289 -289 -295 -327 0 0 0 0 -289 0 -1 0 0 0 32002 32002 0 0 0 0 0 3366
WIT 7 -290 -289 -263 -276 -270 53055 0 0 0 32002 0 -1 0 0 0 32002 32002 0 0 0 0 0 0
WIT 6 -290 -289 -182 -187 -188 0 0 0 0 -287 0 -1 0 0 0 32002 32002 0 0 0 0 0 4013
WIT 7 -290 -289 -232 -245 -242 53055 0 0 0 32002 0 -1 0 0 0 32002 32002 0 0 0 0 0 0
WIT 6 -290 -289 -182 -187 -188 0 0 0 0 -282 0 -1 0 0 0 32002 32002 0 0 0 0 0 4013
WIT 11 289 290 275 254 254 339 0 0 1 289 1 1 35158 1 1 289 289 0 0 0 0 551 0
WIT 6 289 290 275 270 270 49408 0 0 1 312 0 -1 0 0 0 32002 32002 0 0 0 0 0 983
WIT 6 289 290 299 294 278 0 0 0 0 306 0 -1 0 0 0 32002 32002 0 0 0 0 0 148
WIT 10 289 290 275 256 256 148 0 0 1 290 0 -1 0 0 0 32002 32002 0 0 0 0 0 405
WIT 10 289 290 282 273 267 0 0 0 0 290 0 -1 0 0 0 32002 32002 0 0 0 0 0 853
WIT 8 289 290 285 278 290 407 0 0 0 32002 0 -1 0 0 0 32002 32002 0 0 0 0 0 0
WIT 7 289 290 296 290 318 0 0 0 0 32002 0 -1 0 0 0 32002 32002 0 0 0 0 0 0
WIT 10 289 290 275 266 261 0 0 1 0 290 0 -1 0 0 0 32002 32002 0 0 0 0 0 658
WIT 8 289 290 302 295 289 0 0 0 0 305 0 -1 0 0 0 32002 32002 0 0 0 0 0 1828
WIT 9 -290 -289 -287 -295 -303 0 0 0 0 -286 0 -1 0 0 0 32002 32002 0 0 0 0 0 3699
WIT 11 289 290 306 296 175 0 0 1 0 286 0 -1 0 0 0 32002 32002 0 0 0 0 0 0
WIT 10 289 290 283 274 265 0 0 0 0 286 0 -1 0 0 0 32002 32002 0 0 0 0 0 396
WIT 8 289 290 292 285 285 396 0 0 1 296 0 -1 0 0 0 32002 32002 0 0 0 0 0 405
WIT 7 289 290 275 269 269 396 0 0 1 290 0 -1 0 0 0 32002 32002 0 0 0 0 0 405
WIT 9 289 290 275 258 255 0 0 0 0 290 0 -1 0 0 0 32002 32002 0 0 0 0 0 339
WIT 11 289 290 275 254 227 0 0 1 0 290 0 -1 0 0 0 32002 32002 0 0 0 0 0 918
WIT 9 289 290 275 267 308 1763 0 0 0 32002 0 -1 0 0 0 32002 32002 0 0 0 0 0 0
WIT 10 289 290 275 256 245 0 0 0 0 290 0 -1 0 0 0 32002 32002 0 0 0 0 0 861
WIT 9 289 290 275 258 266 148 0 0 1 298 0 -1 0 0 0 32002 32002 0 0 0 0 0 405
WIT 9 289 290 271 263 279 148 0 0 1 290 0 -1 0 0 0 32002 32002 0 0 0 0 0 405
WIT 8 289 290 307 300 315 148 0 0 0 32002 0 -1 0 0 0 32002 32002 0 0 0 0 0 0
WIT 10 289 290 275 266 278 405 0 0 1 290 0 -1 0 0 0 32002 32002 0 0 0 0 0 339
WIT 8 289 290 275 268 303 405 0 0 0 32002 0 -1 0 0 0 32002 32002 0 0 0 0 0 0
WIT 7 289 290 275 269 271 339 0 0 1 290 0 -1 0 0 0 32002 32002 0 0 0 0 0 405
WIT 9 289 290 275 258 214 0 0 0 0 290 0 -1 0 0 0 32002 32002 0 0 0 0 0 1763
WIT 9 -271 -270 -274 -291 -291 3567 0 0 1 -268 0 -1 0 0 0 32002 32002 0 0 0 0 0 2852
WIT 6 -271 -270 -259 -264 -205 2852 0 0 0 32002 0 -1 0 0 0 32002 32002 0 0 0 0 0 0
WIT 7 -271 -270 -204 -210 -211 0 0 0 0 -268 0 -1 0 0 0 32002 32002 0 0 0 0 0 2910
WIT 8 -271 -270 -259 -266 -241 2852 0 0 0 32002 0 -1 0 0 0 32002 32002 0 0 0 0 0 0
WIT 7 -271 -270 -268 -281 -260 2919 0 0 0 32002 0 -1 0 0 0 32002 32002 0 0 0 0 0 0
WIT 7 270 271 274 268 229 0 0 0 0 275 0 -1 0 0 0 32002 32002 0 0 0 0 0 1763
WIT 8 -271 -270 -258 -265 -271 0 0 0 0 -271 0 -1 0 0 0 32002 32002 0 0 0 0 0 0
WIT 8 270 271 264 249 252 1828 0 0 1 262 1 3 -8102 1 1 270 245 2 0 3 0 8 0
WIT 6 -271 -270 -231 -236 -237 0 0 0 0 -246 0 -1 0 0 0 32002 32002 0 0 0 0 0 2910
WIT 8 -271 -270 -259 -266 -260 53055 0 0 0 32002 0 -1 0 0 0 32002 32002 0 0 0 0 0 0
WIT 8 270 271 250 235 227 0 0 0 0 260 0 -1 0 0 0 32002 32002 0 0 0 0 0 0
WIT 9 -271 -270 -197 -205 -167 2931 0 0 0 32002 0 -1 0 0 0 32002 32002 0 0 0 0 0 0
WIT 8 -271 -270 -175 -182 -151 3699 0 0 0 32002 0 -1 0 0 0 32002 32002 0 0 0 0 0 0
WIT 8 -271 -270 -270 -285 -286 0 0 0 0 -271 0 -1 0 0 0 32002 32002 0 0 0 0 0 0
WIT 8 -271 -270 -236 -243 -230 53055 0 0 0 32002 0 -1 0 0 0 32002 32002 0 0 0 0 0 0
WIT 8 -271 -270 -242 -257 -255 53055 0 0 0 32002 0 -1 0 0 0 32002 32002 0 0 0 0 0 0
WIT 8 -271 -270 -218 -225 -232 0 0 0 0 -270 0 -1 0 0 0 32002 32002 0 0 0 0 0 3699
WIT 8 -271 -270 -221 -228 -204 53055 0 0 0 32002 0 -1 0 0 0 32002 32002 0 0 0 0 0 0
WIT 8 -271 -270 -232 -247 -235 53055 0 0 0 32002 0 -1 0 0 0 32002 32002 0 0 0 0 0 0
WIT 7 270 310 290 284 266 0 0 0 0 270 0 -1 0 0 0 32002 32002 0 0 0 0 0 0
WIT 10 -271 -270 -146 -165 -214 0 0 0 0 -256 0 -1 0 0 0 32002 32002 0 0 0 0 0 3690
WIT 8 -271 -270 -188 -195 -195 3690 0 0 0 32002 0 -1 0 0 0 32002 32002 0 0 0 0 0 0
WIT 9 -271 -270 -185 -193 -189 53055 0 0 0 32002 0 -1 0 0 0 32002 32002 0 0 0 0 0 0
WIT 8 -271 -270 -177 -184 -184 3690 0 0 0 32002 0 -1 0 0 0 32002 32002 0 0 0 0 0 0
WIT 7 -271 -270 -235 -241 -233 0 0 0 0 32002 0 -1 0 0 0 32002 32002 0 0 0 0 0 0
WIT 7 -271 -270 -246 -252 -270 0 0 0 0 -256 0 -1 0 0 0 32002 32002 0 0 0 0 0 3157
WIT 8 -271 -270 -253 -268 -290 0 0 0 0 -271 0 -1 0 0 0 32002 32002 0 0 0 0 0 0
WIT 7 270 310 290 284 275 0 0 0 0 270 0 -1 0 0 0 32002 32002 0 0 0 0 0 1828
WIT 8 -288 -287 -188 -195 -195 3690 0 0 0 32002 0 -1 0 0 0 32002 32002 0 0 0 0 0 0
WIT 6 -288 -287 -189 -194 -200 0 0 0 0 -268 0 -1 0 0 0 32002 32002 0 0 0 0 0 2908
WIT 7 -288 -287 -189 -202 -243 0 0 0 0 -270 0 -1 0 0 0 32002 32002 0 0 0 0 0 4013
WIT 6 -288 -287 -185 -190 -191 0 0 0 0 -287 0 -1 0 0 0 32002 32002 0 0 0 0 0 4013
WIT 6 -288 -287 -185 -190 -191 0 0 0 0 -254 0 -1 0 0 0 32002 32002 0 0 0 0 0 4013
WIT 6 -288 -287 -195 -200 -186 3307 0 0 0 32002 0 -1 0 0 0 32002 32002 0 0 0 0 0 0
WIT 6 -288 -287 -185 -190 -191 0 0 0 0 -287 0 -1 0 0 0 32002 32002 0 0 0 0 0 4013
WIT 6 -278 -277 -166 -171 -172 0 0 0 0 -282 0 -1 0 0 0 32002 32002 0 0 0 0 0 3699
WIT 6 -278 -277 -281 -286 -273 3699 0 0 0 32002 0 -1 0 0 0 32002 32002 0 0 0 0 0 0
WIT 6 276 277 322 317 307 0 0 0 0 319 0 -1 0 0 0 32002 32002 0 0 0 0 0 148
WIT 7 276 277 283 277 105 0 0 0 0 282 0 -1 0 0 0 32002 32002 0 0 0 0 0 917
WIT 6 276 277 303 298 327 148 0 0 0 32002 0 -1 0 0 0 32002 32002 0 0 0 0 0 0
WIT 7 276 277 289 283 1693 334 1 0 0 32002 0 -1 0 0 0 32002 32002 0 0 0 0 0 0
WIT 8 276 277 305 290 276 0 0 0 0 280 0 -1 0 0 0 32002 32002 0 0 0 0 0 1828
WIT 7 276 277 297 284 284 148 0 0 0 32002 0 -1 0 0 0 32002 32002 0 0 0 0 0 0
WIT 9 -278 -277 -188 -196 -184 2910 0 0 0 32002 0 -1 0 0 0 32002 32002 0 0 0 0 0 0
WIT 8 -278 -277 -242 -249 -249 3690 0 0 0 32002 0 -1 0 0 0 32002 32002 0 0 0 0 0 0
WIT 7 -278 -277 -270 -283 -192 2910 0 0 0 32002 0 -1 0 0 0 32002 32002 0 0 0 0 0 0
WIT 8 -278 -277 -271 -286 -300 0 0 0 0 -265 0 -1 0 0 0 32002 32002 0 0 0 0 0 4013
WIT 9 -278 -277 -177 -185 -184 3690 0 0 0 32002 0 -1 0 0 0 32002 32002 0 0 0 0 0 0
WIT 9 -278 -277 -212 -220 -221 0 0 0 0 -267 0 -1 0 0 0 32002 32002 0 0 0 0 0 2908
WIT 8 -278 -277 -183 -198 -270 0 0 0 0 -277 0 -1 0 0 0 32002 32002 0 0 0 0 0 4013
WIT 7 -278 -277 -287 -300 -300 3307 0 0 1 -273 0 -1 0 0 0 32002 32002 0 0 0 0 0 4013
WIT 7 -278 -277 -195 -201 -184 3307 0 0 0 32002 0 -1 0 0 0 32002 32002 0 0 0 0 0 0
WIT 6 -278 -277 -167 -172 -173 0 0 0 0 -270 0 -1 0 0 0 32002 32002 0 0 0 0 0 4013
WIT 8 -278 -277 -155 -162 -176 0 0 0 0 -248 0 -1 0 0 0 32002 32002 0 0 0 0 0 3690
WIT 7 -278 -277 -163 -176 -270 0 0 0 0 -277 0 -1 0 0 0 32002 32002 0 0 0 0 0 4013

===========================
Total time (ms) : 25
Nodes searched  : 17983
Nodes/second    : 719320
