
Position: 1/1 (rnbqk1nr/pp3pbp/4p1p1/3pP3/3Q1P2/2NB1N2/PPP3PP/R1B1K2R b KQkq - 1 8)
WIT 6 318 319 323 318 289 0 0 0 0 319 0 -1 0 0 0 32002 32002 0 0 0 0 0 1741
WIT 7 318 319 335 329 342 139 0 0 0 32002 0 -1 0 0 0 32002 32002 0 0 0 0 0 0
WIT 6 318 319 326 321 255 0 0 0 0 319 0 -1 0 0 0 32002 32002 0 0 0 0 0 1741
WIT 6 318 319 314 309 315 1741 0 0 1 319 0 -1 0 0 0 32002 32002 0 0 0 0 0 991
WIT 6 335 336 336 331 349 139 0 0 0 32002 0 -1 0 0 0 32002 32002 0 0 0 0 0 0
WIT 6 335 336 319 314 317 1741 0 0 1 343 0 -1 0 0 0 32002 32002 0 0 0 0 0 991
WIT 6 358 359 336 331 347 139 0 0 1 372 0 -1 0 0 0 32002 32002 0 0 0 0 0 991
WIT 6 358 359 342 337 355 1741 0 0 1 363 0 -1 0 0 0 32002 32002 0 0 0 0 0 991
WIT 6 389 390 390 385 387 139 0 0 1 390 0 -1 0 0 0 32002 32002 0 0 0 0 0 991
WIT 6 389 390 362 357 362 1741 0 0 1 390 0 -1 0 0 0 32002 32002 0 0 0 0 0 991
WIT 6 -307 -306 -310 -315 -261 3690 0 0 0 32002 0 -1 0 0 0 32002 32002 0 0 0 0 0 0
WIT 6 -273 -272 -295 -300 -300 53055 0 0 1 -272 0 -1 0 0 0 32002 32002 0 0 0 0 0 3690
WIT 7 295 296 296 290 265 0 0 0 0 276 0 -1 0 0 0 32002 32002 0 0 0 0 0 0
WIT 6 295 296 367 362 1176 722 1 0 0 32002 0 -1 0 0 0 32002 32002 0 0 0 0 0 0
WIT 7 295 296 321 308 260 0 0 0 0 332 0 -1 0 0 0 32002 32002 0 0 0 0 0 49408
WIT 7 -296 -295 -281 -287 -278 53055 0 0 0 32002 0 -1 0 0 0 32002 32002 0 0 0 0 0 0
WIT 8 -296 -295 -272 -279 -279 2916 1 0 0 32002 0 -1 0 0 0 32002 32002 0 0 0 0 0 0
WIT 7 295 296 303 297 296 0 0 0 0 305 0 -1 0 0 0 32002 32002 0 0 0 0 0 1741
WIT 9 295 296 390 373 334 0 0 0 0 295 0 -1 0 0 0 32002 32002 0 0 0 0 0 139
WIT 6 295 296 455 450 458 139 0 0 0 32002 0 -1 0 0 0 32002 32002 0 0 0 0 0 0
WIT 6 295 296 390 385 349 0 0 0 0 321 0 -1 0 0 0 32002 32002 0 0 0 0 0 1741
WIT 7 295 296 390 377 337 0 0 0 0 304 0 -1 0 0 0 32002 32002 0 0 0 0 0 1741
WIT 6 295 296 422 417 417 139 0 0 0 32002 0 -1 0 0 0 32002 32002 0 0 0 0 0 0
WIT 6 295 296 399 394 490 1185 0 0 0 32002 0 -1 0 0 0 32002 32002 0 0 0 0 0 0
WIT 6 295 296 359 354 400 139 0 0 0 32002 0 -1 0 0 0 32002 32002 0 0 0 0 0 0
WIT 7 295 296 359 346 345 0 0 0 0 296 0 -1 0 0 0 32002 32002 0 0 0 0 0 1741
WIT 6 295 296 369 364 364 139 0 0 0 32002 0 -1 0 0 0 32002 32002 0 0 0 0 0 0
WIT 6 295 296 393 388 526 1185 0 0 0 32002 0 -1 0 0 0 32002 32002 0 0 0 0 0 0
WIT 6 295 296 365 360 568 1185 0 0 0 32002 0 -1 0 0 0 32002 32002 0 0 0 0 0 0
WIT 6 295 296 401 396 396 1185 0 0 0 32002 0 -1 0 0 0 32002 32002 0 0 0 0 0 0
WIT 6 295 296 361 356 472 1185 0 0 0 32002 0 -1 0 0 0 32002 32002 0 0 0 0 0 0
WIT 7 295 296 390 384 388 1741 0 0 0 32002 0 -1 0 0 0 32002 32002 0 0 0 0 0 0
WIT 6 295 296 380 375 375 1185 0 0 0 32002 0 -1 0 0 0 32002 32002 0 0 0 0 0 0
WIT 6 295 296 406 401 415 139 0 0 0 32002 0 -1 0 0 0 32002 32002 0 0 0 0 0 0
WIT 8 -297 -296 -274 -281 -267 4015 0 0 0 32002 0 -1 0 0 0 32002 32002 0 0 0 0 0 0
WIT 7 -297 -296 -305 -311 -311 3821 1 0 0 -291 0 -1 0 0 0 32002 32002 0 0 0 0 0 4013
WIT 7 -297 -296 -297 -303 -306 0 0 0 0 -304 0 -1 0 0 0 32002 32002 0 0 0 0 0 0
WIT 7 -297 -296 -245 -251 -277 0 0 0 0 -296 0 -1 0 0 0 32002 32002 0 0 0 0 0 3690
WIT 6 -297 -296 -270 -275 -275 4015 0 0 0 32002 0 -1 0 0 0 32002 32002 0 0 0 0 0 0
WIT 6 307 308 371 366 639 139 0 1 0 32002 0 -1 0 0 0 32002 32002 0 0 0 0 0 0
WIT 6 -308 -307 -284 -289 -290 0 0 0 0 -307 0 -1 0 0 0 32002 32002 0 0 0 0 0 53055
WIT 10 307 308 304 285 295 148 0 0 1 294 1 2 -6228 1 1 307 238 1 0 54 0 44 0
WIT 9 307 308 303 286 249 0 0 0 0 307 0 -1 0 0 0 32002 32002 0 0 0 0 0 0
WIT 7 307 308 296 283 283 991 0 0 1 308 0 -1 0 0 0 32002 32002 0 0 0 0 0 1741
WIT 7 307 308 380 374 373 0 0 0 0 308 0 -1 0 0 0 32002 32002 0 0 0 0 0 1741
WIT 7 307 308 406 400 399 0 0 0 0 336 0 -1 0 0 0 32002 32002 0 0 0 0 0 1741
WIT 7 307 308 455 449 448 0 0 0 0 308 0 -1 0 0 0 32002 32002 0 0 0 0 0 1741
WIT 8 307 308 321 314 313 0 0 0 0 333 0 -1 0 0 0 32002 32002 0 0 0 0 0 139
WIT 7 307 308 317 304 303 0 0 0 0 330 0 -1 0 0 0 32002 32002 0 0 0 0 0 1741
WIT 7 307 308 399 393 393 991 0 0 0 32002 0 -1 0 0 0 32002 32002 0 0 0 0 0 0
WIT 7 307 308 422 416 425 139 0 0 0 32002 0 -1 0 0 0 32002 32002 0 0 0 0 0 0
WIT 8 307 308 300 285 286 1741 0 0 1 299 1 1 42589 1 1 307 295 0 0 0 0 1 0
WIT 7 342 343 306 300 302 991 0 0 1 405 0 -1 0 0 0 32002 32002 0 0 0 0 0 49408
WIT 7 342 343 307 301 300 0 0 0 0 371 0 -1 0 0 0 32002 32002 0 0 0 0 0 1773
WIT 8 342 343 338 323 269 0 0 0 0 343 0 -1 0 0 0 32002 32002 0 0 0 0 0 2155
WIT 8 342 343 318 303 290 0 0 0 0 418 0 -1 0 0 0 32002 32002 0 0 0 0 0 1892
WIT 7 342 343 464 458 500 658 0 1 0 32002 0 -1 0 0 0 32002 32002 0 0 0 0 0 0
WIT 9 342 343 326 309 302 0 0 0 0 343 0 -1 0 0 0 32002 32002 0 0 0 0 0 1185
WIT 11 -343 -342 -307 -328 -340 0 0 0 0 -342 0 -1 0 0 0 32002 32002 0 0 0 0 0 4015
WIT 6 -343 -342 -279 -284 -297 0 0 0 0 -342 0 -1 0 0 0 32002 32002 0 0 0 0 0 3437
WIT 9 342 343 311 294 279 0 0 0 0 342 0 -1 0 0 0 32002 32002 0 0 0 0 0 0
WIT 8 -314 -313 -302 -309 -367 0 0 0 0 -313 0 -1 0 0 0 32002 32002 0 0 0 0 0 53055
WIT 7 -314 -313 -303 -309 -397 0 0 0 0 -300 0 -1 0 0 0 32002 32002 0 0 0 0 0 53055
WIT 8 -314 -313 -307 -322 -329 0 0 0 0 -313 0 -1 0 0 0 32002 32002 0 0 0 0 0 3821
WIT 10 -314 -313 -332 -341 -346 0 0 0 0 -313 0 -1 0 0 0 32002 32002 0 0 0 0 0 53055
WIT 8 -314 -313 -283 -290 -291 0 0 0 0 -313 0 -1 0 0 0 32002 32002 0 0 0 0 0 53055
WIT 7 -314 -313 -332 -345 -366 0 0 0 0 -313 0 -1 0 0 0 32002 32002 0 0 0 0 0 3437
WIT 7 -314 -313 -342 -348 -339 53055 0 0 1 -313 0 -1 0 0 0 32002 32002 0 0 0 0 0 3437
WIT 6 -314 -313 -226 -231 -241 0 0 0 0 -313 0 -1 0 0 0 32002 32002 0 0 0 0 0 4015
WIT 9 -314 -313 -342 -359 -362 0 0 0 0 -313 0 -1 0 0 0 32002 32002 0 0 0 0 0 3437
WIT 8 -299 -298 -313 -320 -347 0 0 0 0 -293 0 -1 0 0 0 32002 32002 0 0 0 0 0 3038
WIT 9 -299 -298 -313 -321 -322 0 0 0 0 -307 0 -1 0 0 0 32002 32002 0 0 0 0 0 2713
WIT 8 -299 -298 -313 -328 -338 0 0 0 0 -292 0 -1 0 0 0 32002 32002 0 0 0 0 0 53055
WIT 8 -299 -298 -301 -316 -401 0 0 0 0 -298 0 -1 0 0 0 32002 32002 0 0 0 0 0 53055
WIT 8 -299 -298 -313 -320 -318 2713 0 0 1 -299 1 2 4940 1 1 -299 -300 1 0 1 0 1 0
WIT 8 -299 -298 -313 -328 -331 0 0 0 0 -299 0 -1 0 0 0 32002 32002 0 0 0 0 0 0
WIT 7 -299 -298 -313 -326 -351 0 0 0 0 -299 0 -1 0 0 0 32002 32002 0 0 0 0 0 53055
WIT 6 -299 -298 -313 -318 -288 53055 0 0 0 32002 0 -1 0 0 0 32002 32002 0 0 0 0 0 0
WIT 6 -299 -298 -313 -318 -275 53055 0 0 0 32002 0 -1 0 0 0 32002 32002 0 0 0 0 0 0
WIT 9 -299 -298 -313 -330 -330 2713 0 0 1 -298 0 -1 0 0 0 32002 32002 0 0 0 0 0 3437
WIT 6 -279 -278 -290 -295 -296 0 0 0 0 -279 0 -1 0 0 0 32002 32002 0 0 0 0 0 3038
WIT 6 -279 -278 -313 -318 -275 53055 0 0 0 32002 0 -1 0 0 0 32002 32002 0 0 0 0 0 0
WIT 8 -279 -278 -298 -313 -313 2713 0 0 1 -278 0 -1 0 0 0 32002 32002 0 0 0 0 0 3437
WIT 8 -252 -251 -201 -208 -209 0 0 0 0 -251 0 -1 0 0 0 32002 32002 0 0 0 0 0 4013
WIT 10 -252 -251 -292 -301 -301 2724 1 0 0 -240 0 -1 0 0 0 32002 32002 0 0 0 0 0 4015
WIT 10 -252 -251 -293 -302 -335 0 0 0 0 -249 0 -1 0 0 0 32002 32002 0 0 0 0 0 2916
WIT 7 -252 -251 -313 -326 -326 2916 1 0 0 -245 0 -1 0 0 0 32002 32002 0 0 0 0 0 4015
WIT 6 -252 -251 -306 -311 -356 0 0 0 0 -217 0 -1 0 0 0 32002 32002 0 0 0 0 0 3492
WIT 8 -252 -251 -306 -313 -329 0 0 0 0 -235 0 -1 0 0 0 32002 32002 0 0 0 0 0 2724
WIT 7 -252 -251 -306 -312 -437 0 0 0 0 -236 0 -1 0 0 0 32002 32002 0 0 0 0 0 2916
WIT 6 -252 -251 -313 -318 -318 4015 0 0 1 -251 0 -1 0 0 0 32002 32002 0 0 0 0 0 2916
WIT 7 -252 -251 -283 -289 -227 0 0 0 0 32002 0 -1 0 0 0 32002 32002 0 0 0 0 0 0
WIT 7 -252 -251 -278 -291 -292 0 0 0 0 -251 0 -1 0 0 0 32002 32002 0 0 0 0 0 3437
WIT 6 -216 -215 -227 -232 -224 4015 0 0 1 -152 0 -1 0 0 0 32002 32002 0 0 0 0 0 4020
WIT 11 -265 -264 -332 -353 -362 0 0 0 0 -264 0 -1 0 0 0 32002 32002 0 0 0 0 0 3559
WIT 10 -265 -264 -332 -351 -352 0 0 0 0 -264 0 -1 0 0 0 32002 32002 0 0 0 0 0 3038
WIT 8 -265 -264 -313 -320 -287 2713 0 0 1 -264 0 -1 0 0 0 32002 32002 0 0 0 0 0 3437
WIT 8 -265 -264 -278 -285 -270 53055 0 0 1 -218 0 -1 0 0 0 32002 32002 0 0 0 0 0 3437
WIT 8 -265 -264 -294 -309 -309 53055 0 0 1 -263 0 -1 0 0 0 32002 32002 0 0 0 0 0 3437
WIT 7 -265 -264 -342 -348 -294 53055 0 0 1 -204 0 -1 0 0 0 32002 32002 0 0 0 0 0 3437
WIT 7 -330 -264 -342 -348 -389 0 0 0 0 -264 0 -1 0 0 0 32002 32002 0 0 0 0 0 4015
WIT 9 -265 -264 -212 -229 -230 0 0 0 0 -264 0 -1 0 0 0 32002 32002 0 0 0 0 0 4020
WIT 7 -175 -174 -238 -251 -272 0 0 0 0 -119 0 -1 0 0 0 32002 32002 0 0 0 0 0 3038
WIT 10 -175 -174 -332 -341 -341 2713 0 0 1 -92 0 -1 0 0 0 32002 32002 0 0 0 0 0 53055
WIT 8 -175 -174 -264 -279 -324 0 0 0 0 -150 0 -1 0 0 0 32002 32002 0 0 0 0 0 3559
WIT 8 -175 -174 -222 -229 -193 3437 0 0 1 -115 0 -1 0 0 0 32002 32002 0 0 0 0 0 3559
WIT 6 -175 -174 -182 -187 -193 0 0 0 0 -173 0 -1 0 0 0 32002 32002 0 0 0 0 0 3559
WIT 7 -175 -174 -264 -277 -343 0 0 0 0 -173 0 -1 0 0 0 32002 32002 0 0 0 0 0 3038
WIT 6 -175 -174 -208 -213 -172 0 0 0 0 32002 0 -1 0 0 0 32002 32002 0 0 0 0 0 0
WIT 7 -175 -174 -264 -270 -271 0 0 0 0 -174 0 -1 0 0 0 32002 32002 0 0 0 0 0 2713
WIT 7 -175 -174 -241 -247 -254 0 0 0 0 -174 0 -1 0 0 0 32002 32002 0 0 0 0 0 4015
WIT 7 -175 -174 -249 -262 -266 0 0 0 0 -175 0 -1 0 0 0 32002 32002 0 0 0 0 0 0
WIT 7 174 175 296 290 294 991 0 0 0 32002 0 -1 0 0 0 32002 32002 0 0 0 0 0 0
WIT 9 -175 -174 -264 -281 -255 3437 0 0 1 -192 1 1 27701 1 1 -175 -175 0 0 0 0 175 0
WIT 7 -252 -251 -254 -267 -262 3821 1 0 0 -251 0 -1 0 0 0 32002 32002 0 0 0 0 0 4013
WIT 6 -252 -251 -110 -115 -175 0 0 0 0 -215 0 -1 0 0 0 32002 32002 0 0 0 0 0 2724
WIT 6 -252 -251 -309 -314 -345 0 0 0 0 -219 0 -1 0 0 0 32002 32002 0 0 0 0 0 2916
WIT 7 -252 -251 -119 -125 -106 0 0 0 0 32002 0 -1 0 0 0 32002 32002 0 0 0 0 0 0
WIT 8 -252 -251 -125 -140 -189 0 0 0 0 -214 0 -1 0 0 0 32002 32002 0 0 0 0 0 3038
WIT 9 -252 -251 -152 -169 -246 0 0 0 0 -251 0 -1 0 0 0 32002 32002 0 0 0 0 0 3559
WIT 7 -252 -251 -173 -186 -183 3437 0 0 0 32002 0 -1 0 0 0 32002 32002 0 0 0 0 0 0
WIT 8 -252 -251 -173 -188 -270 0 0 0 0 -251 0 -1 0 0 0 32002 32002 0 0 0 0 0 3038
WIT 6 -252 -251 -156 -161 -159 3763 0 0 0 32002 0 -1 0 0 0 32002 32002 0 0 0 0 0 0
WIT 8 -252 -251 -264 -271 -190 4015 0 0 0 32002 0 -1 0 0 0 32002 32002 0 0 0 0 0 0
WIT 7 -252 -251 -240 -246 -219 4015 0 0 0 32002 0 -1 0 0 0 32002 32002 0 0 0 0 0 0
WIT 7 -241 -240 -251 -264 -261 3821 1 0 0 -153 0 -1 0 0 0 32002 32002 0 0 0 0 0 4013
WIT 6 -241 -240 -230 -235 -236 0 0 0 0 -219 0 -1 0 0 0 32002 32002 0 0 0 0 0 2713
WIT 6 -241 -240 -279 -284 -279 2852 0 0 1 -241 1 1 5714 1 1 -241 -247 0 0 0 0 1 3038
WIT 9 -241 -240 -313 -321 -244 0 0 0 0 -240 0 -1 0 0 0 32002 32002 0 0 0 0 0 3821
WIT 10 -241 -240 -219 -228 -228 3038 0 0 0 32002 0 -1 0 0 0 32002 32002 0 0 0 0 0 0
WIT 10 -241 -240 -223 -242 -249 0 0 0 0 -228 0 -1 0 0 0 32002 32002 0 0 0 0 0 2916
WIT 6 -241 -240 -226 -231 -231 0 0 0 0 32002 0 -1 0 0 0 32002 32002 0 0 0 0 0 0
WIT 6 -241 -240 -88 -93 -181 0 0 0 0 -150 0 -1 0 0 0 32002 32002 0 0 0 0 0 2916
WIT 7 -241 -240 -170 -176 -252 0 0 0 0 -233 0 -1 0 0 0 32002 32002 0 0 0 0 0 3437
WIT 10 -241 -240 -231 -250 -279 0 0 0 0 -240 0 -1 0 0 0 32002 32002 0 0 0 0 0 53055
WIT 13 -241 -240 -251 -276 -316 0 0 0 0 -240 0 -1 0 0 0 32002 32002 0 0 0 0 0 3559
WIT 10 -241 -240 -121 -130 -130 3437 0 0 0 32002 0 -1 0 0 0 32002 32002 0 0 0 0 0 0
WIT 12 -241 -240 -251 -274 -302 0 0 0 0 -240 0 -1 0 0 0 32002 32002 0 0 0 0 0 3038
WIT 8 -241 -240 -119 -126 -110 0 0 0 0 32002 0 -1 0 0 0 32002 32002 0 0 0 0 0 0
WIT 9 -241 -240 -217 -234 -259 0 0 0 0 -216 0 -1 0 0 0 32002 32002 0 0 0 0 0 3038
WIT 11 -241 -240 -211 -221 -242 0 0 0 0 -240 0 -1 0 0 0 32002 32002 0 0 0 0 0 3821
WIT 10 -241 -240 -233 -252 -287 0 0 0 0 -240 0 -1 0 0 0 32002 32002 0 0 0 0 0 3437
WIT 9 -241 -240 -174 -191 -193 0 0 0 0 -240 0 -1 0 0 0 32002 32002 0 0 0 0 0 53055
WIT 8 -241 -240 -174 -189 -183 3763 0 0 0 32002 0 -1 0 0 0 32002 32002 0 0 0 0 0 0
WIT 9 -241 -240 -251 -268 -295 0 0 0 0 -240 0 -1 0 0 0 32002 32002 0 0 0 0 0 4015
WIT 8 -241 -240 -264 -271 -190 4015 0 0 0 32002 0 -1 0 0 0 32002 32002 0 0 0 0 0 0
WIT 7 -241 -240 -223 -229 -229 4020 0 0 0 32002 0 -1 0 0 0 32002 32002 0 0 0 0 0 0
WIT 7 -241 -240 -240 -246 -219 4015 0 0 0 32002 0 -1 0 0 0 32002 32002 0 0 0 0 0 0
WIT 6 225 226 348 343 298 0 0 0 0 279 0 -1 0 0 0 32002 32002 0 0 0 0 0 854
WIT 11 -226 -225 -274 -295 -307 0 0 0 0 -226 0 -1 0 0 0 32002 32002 0 0 0 0 0 0
WIT 11 -226 -225 -240 -250 -298 0 0 0 0 -226 0 -1 0 0 0 32002 32002 0 0 0 0 0 0
WIT 8 225 226 360 353 359 844 0 0 0 32002 0 -1 0 0 0 32002 32002 0 0 0 0 0 0
WIT 10 -226 -225 -240 -259 -323 0 0 0 0 -226 0 -1 0 0 0 32002 32002 0 0 0 0 0 0
WIT 9 -226 -225 -240 -257 -279 0 0 0 0 -226 0 -1 0 0 0 32002 32002 0 0 0 0 0 0
WIT 8 -226 -225 -240 -255 -295 0 0 0 0 -226 0 -1 0 0 0 32002 32002 0 0 0 0 0 0
WIT 8 254 255 339 324 324 2349 1 0 0 32002 0 -1 0 0 0 32002 32002 0 0 0 0 0 0
WIT 7 254 255 268 262 219 0 0 0 0 255 0 -1 0 0 0 32002 32002 0 0 0 0 0 2023
WIT 8 254 255 272 265 264 0 0 0 0 254 0 -1 0 0 0 32002 32002 0 0 0 0 0 991
WIT 9 254 255 367 350 349 0 0 0 0 246 0 -1 0 0 0 32002 32002 0 0 0 0 0 2349
WIT 8 254 255 397 390 389 0 0 0 0 255 0 -1 0 0 0 32002 32002 0 0 0 0 0 49408
WIT 12 254 255 343 332 332 1734 0 0 0 32002 0 -1 0 0 0 32002 32002 0 0 0 0 0 0
WIT 9 254 255 343 326 313 0 0 0 0 255 0 -1 0 0 0 32002 32002 0 0 0 0 0 139
WIT 7 254 255 374 368 368 991 0 0 0 32002 0 -1 0 0 0 32002 32002 0 0 0 0 0 0
WIT 7 254 255 390 384 388 1741 0 0 0 32002 0 -1 0 0 0 32002 32002 0 0 0 0 0 0
WIT 8 254 255 270 255 255 1734 0 0 0 32002 0 -1 0 0 0 32002 32002 0 0 0 0 0 0
WIT 7 254 255 308 302 302 1734 0 0 0 32002 0 -1 0 0 0 32002 32002 0 0 0 0 0 0
WIT 7 254 255 308 295 294 0 0 0 0 296 0 -1 0 0 0 32002 32002 0 0 0 0 0 1741
WIT 7 254 255 350 344 372 139 0 0 0 32002 0 -1 0 0 0 32002 32002 0 0 0 0 0 0
WIT 7 254 255 374 368 399 1185 0 0 0 32002 0 -1 0 0 0 32002 32002 0 0 0 0 0 0
WIT 7 254 255 346 340 589 1185 0 0 0 32002 0 -1 0 0 0 32002 32002 0 0 0 0 0 0
WIT 6 274 275 256 251 251 991 0 0 1 275 0 -1 0 0 0 32002 32002 0 0 0 0 0 129
WIT 6 274 275 274 269 -396 0 0 1 0 286 0 -1 0 0 0 32002 32002 0 0 0 0 0 659
WIT 6 274 275 247 242 342 854 0 0 0 32002 0 -1 0 0 0 32002 32002 0 0 0 0 0 0
WIT 6 274 275 244 239 293 49408 0 0 0 32002 0 -1 0 0 0 32002 32002 0 0 0 0 0 0
WIT 7 255 275 226 220 220 991 0 0 1 275 0 -1 0 0 0 32002 32002 0 0 0 0 0 139
WIT 7 274 275 390 384 394 148 0 0 0 32002 0 -1 0 0 0 32002 32002 0 0 0 0 0 0
WIT 8 255 275 255 248 225 0 0 0 0 275 0 -1 0 0 0 32002 32002 0 0 0 0 0 1741
WIT 9 274 275 270 253 253 1734 0 0 1 275 0 -1 0 0 0 32002 32002 0 0 0 0 0 1741
WIT 8 274 275 308 293 335 1185 0 0 0 32002 0 -1 0 0 0 32002 32002 0 0 0 0 0 0
WIT 8 274 275 332 317 432 1185 0 0 0 32002 0 -1 0 0 0 32002 32002 0 0 0 0 0 0
WIT 8 274 275 327 312 312 139 0 0 0 32002 0 -1 0 0 0 32002 32002 0 0 0 0 0 0
WIT 9 274 275 255 238 250 1741 0 0 1 295 0 -1 0 0 0 32002 32002 0 0 0 0 0 139
WIT 7 274 275 390 384 388 1741 0 0 0 32002 0 -1 0 0 0 32002 32002 0 0 0 0 0 0
WIT 8 274 275 308 301 318 139 0 0 0 32002 0 -1 0 0 0 32002 32002 0 0 0 0 0 0
WIT 10 274 275 296 287 286 0 0 0 0 275 0 -1 0 0 0 32002 32002 0 0 0 0 0 139
WIT 8 274 275 296 289 324 991 0 0 0 32002 0 -1 0 0 0 32002 32002 0 0 0 0 0 0
WIT 8 274 275 307 300 303 1185 0 0 0 32002 0 -1 0 0 0 32002 32002 0 0 0 0 0 0
WIT 7 274 275 275 262 321 148 0 0 0 32002 0 -1 0 0 0 32002 32002 0 0 0 0 0 0
WIT 9 274 275 291 274 273 0 0 0 0 275 0 -1 0 0 0 32002 32002 0 0 0 0 0 1741
WIT 8 -276 -275 -221 -236 -236 3763 0 0 0 32002 0 -1 0 0 0 32002 32002 0 0 0 0 0 0
WIT 7 -276 -275 -161 -174 -174 3763 0 0 0 32002 0 -1 0 0 0 32002 32002 0 0 0 0 0 0
WIT 7 -276 -275 -220 -226 -223 3038 0 0 0 32002 0 -1 0 0 0 32002 32002 0 0 0 0 0 0
WIT 7 275 302 226 220 219 0 0 0 0 268 0 -1 0 0 0 32002 32002 0 0 0 0 0 0
WIT 8 -276 -275 -187 -194 -212 0 0 0 0 -275 0 -1 0 0 0 32002 32002 0 0 0 0 0 3437
WIT 7 -276 -275 -240 -246 -276 0 0 0 0 -240 0 -1 0 0 0 32002 32002 0 0 0 0 0 3437
WIT 7 275 302 226 220 219 0 0 0 0 268 0 -1 0 0 0 32002 32002 0 0 0 0 0 0
WIT 9 -276 -275 -174 -191 -184 3763 0 0 0 32002 0 -1 0 0 0 32002 32002 0 0 0 0 0 0
WIT 8 -276 -275 -174 -181 -182 0 0 0 0 -259 0 -1 0 0 0 32002 32002 0 0 0 0 0 3437
WIT 7 -276 -275 -192 -198 -187 3437 0 0 0 32002 0 -1 0 0 0 32002 32002 0 0 0 0 0 0
WIT 7 -276 -275 -211 -217 -211 53055 0 0 0 32002 0 -1 0 0 0 32002 32002 0 0 0 0 0 0
WIT 7 -276 -275 -236 -242 -236 3038 0 0 0 32002 0 -1 0 0 0 32002 32002 0 0 0 0 0 0
WIT 8 275 302 275 268 240 0 0 0 0 275 0 -1 0 0 0 32002 32002 0 0 0 0 0 0
WIT 6 -276 -275 -275 -280 -337 0 0 0 0 -277 0 -1 0 0 0 32002 32002 0 0 0 0 0 0
WIT 8 275 276 273 258 264 148 0 0 1 276 0 -1 0 0 0 32002 32002 0 0 0 0 0 991
WIT 6 -277 -276 -223 -228 -209 4020 0 0 0 32002 0 -1 0 0 0 32002 32002 0 0 0 0 0 0
WIT 6 -277 -276 -240 -245 -222 4015 0 0 0 32002 0 -1 0 0 0 32002 32002 0 0 0 0 0 0
WIT 8 275 302 275 268 225 0 0 0 0 275 0 -1 0 0 0 32002 32002 0 0 0 0 0 1734
WIT 6 275 276 281 276 320 148 0 0 0 32002 0 -1 0 0 0 32002 32002 0 0 0 0 0 0
WIT 7 -265 -264 -163 -176 -183 0 0 0 0 -251 0 -1 0 0 0 32002 32002 0 0 0 0 0 4013
WIT 7 -265 -264 -274 -287 -290 0 0 0 0 -265 0 -1 0 0 0 32002 32002 0 0 0 0 0 0
WIT 7 -265 -264 -225 -231 -232 0 0 0 0 -264 0 -1 0 0 0 32002 32002 0 0 0 0 0 2916
WIT 6 -265 -264 -241 -246 -289 0 0 0 0 -268 0 -1 0 0 0 32002 32002 0 0 0 0 0 0
WIT 7 -265 -264 -263 -269 -270 0 0 0 0 -265 0 -1 0 0 0 32002 32002 0 0 0 0 0 0
WIT 7 264 265 285 279 292 854 0 0 0 32002 0 -1 0 0 0 32002 32002 0 0 0 0 0 0
WIT 10 264 265 265 256 204 0 0 0 0 267 0 -1 0 0 0 32002 32002 0 0 0 0 0 211
WIT 8 264 265 306 299 251 0 0 0 0 265 0 -1 0 0 0 32002 32002 0 0 0 0 0 452
WIT 8 264 265 268 261 215 0 0 0 0 265 0 -1 0 0 0 32002 32002 0 0 0 0 0 211
WIT 7 264 265 267 254 209 0 0 0 0 265 0 -1 0 0 0 32002 32002 0 0 0 0 0 854
WIT 12 -265 -264 -189 -200 -188 3038 0 0 0 32002 0 -1 0 0 0 32002 32002 0 0 0 0 0 0
WIT 10 -265 -264 -207 -216 -217 0 0 0 0 -242 0 -1 0 0 0 32002 32002 0 0 0 0 0 1619
WIT 6 -265 -264 -169 -174 -133 0 0 0 0 32002 0 -1 0 0 0 32002 32002 0 0 0 0 0 0
WIT 8 -265 -264 -205 -212 -187 0 0 0 0 32002 0 -1 0 0 0 32002 32002 0 0 0 0 0 0
WIT 6 -265 -264 -170 -175 -142 0 0 0 0 32002 0 -1 0 0 0 32002 32002 0 0 0 0 0 0
WIT 7 -265 -264 -165 -171 -158 0 0 0 0 32002 0 -1 0 0 0 32002 32002 0 0 0 0 0 0
WIT 12 264 265 226 203 189 0 0 0 0 264 0 -1 0 0 0 32002 32002 0 0 0 0 0 1249
WIT 9 264 265 314 306 288 0 0 0 0 284 0 -1 0 0 0 32002 32002 0 0 0 0 0 1892
WIT 7 264 265 272 259 242 0 0 0 0 265 0 -1 0 0 0 32002 32002 0 0 0 0 0 854
WIT 11 264 265 226 205 175 0 0 0 0 265 0 -1 0 0 0 32002 32002 0 0 0 0 0 129
WIT 7 264 265 332 326 326 991 0 0 0 32002 0 -1 0 0 0 32002 32002 0 0 0 0 0 0
WIT 7 264 265 238 232 232 991 0 0 1 211 1 1 17259 1 1 264 257 0 0 0 0 4 0
WIT 6 264 265 236 231 152 0 0 0 0 259 0 -1 0 0 0 32002 32002 0 0 0 0 0 0
WIT 9 -265 -264 -259 -267 -360 0 0 0 0 -247 0 -1 0 0 0 32002 32002 0 0 0 0 0 1965
WIT 8 264 265 360 353 348 0 0 0 0 375 0 -1 0 0 0 32002 32002 0 0 0 0 0 854
WIT 7 264 265 275 269 269 991 0 0 0 32002 0 -1 0 0 0 32002 32002 0 0 0 0 0 0
WIT 11 -265 -264 -268 -289 -299 0 0 0 0 -265 0 -1 0 0 0 32002 32002 0 0 0 0 0 0
WIT 7 264 265 247 241 335 854 0 0 0 32002 0 -1 0 0 0 32002 32002 0 0 0 0 0 0
WIT 10 -265 -264 -275 -294 -295 0 0 0 0 -265 0 -1 0 0 0 32002 32002 0 0 0 0 0 0
WIT 9 -265 -264 -275 -292 -339 0 0 0 0 -265 0 -1 0 0 0 32002 32002 0 0 0 0 0 0
WIT 12 278 279 343 320 345 1746 0 0 0 32002 0 -1 0 0 0 32002 32002 0 0 0 0 0 0
WIT 11 278 279 469 459 453 0 0 0 0 431 0 -1 0 0 0 32002 32002 0 0 0 0 0 2155
WIT 11 278 279 343 322 307 0 0 0 0 291 0 -1 0 0 0 32002 32002 0 0 0 0 0 1185
WIT 9 278 279 334 326 668 1185 0 0 0 32002 0 -1 0 0 0 32002 32002 0 0 0 0 0 0
WIT 9 278 279 365 357 446 1185 0 0 0 32002 0 -1 0 0 0 32002 32002 0 0 0 0 0 0
WIT 9 278 279 327 310 310 139 0 0 0 32002 0 -1 0 0 0 32002 32002 0 0 0 0 0 0
WIT 7 278 279 278 272 358 1185 0 0 0 32002 0 -1 0 0 0 32002 32002 0 0 0 0 0 0
WIT 10 278 279 293 274 278 1741 0 0 1 279 0 -1 0 0 0 32002 32002 0 0 0 0 0 139
WIT 8 278 279 390 383 388 1741 0 0 0 32002 0 -1 0 0 0 32002 32002 0 0 0 0 0 0
WIT 7 278 279 310 304 319 139 0 0 0 32002 0 -1 0 0 0 32002 32002 0 0 0 0 0 0
WIT 8 278 279 276 261 264 1734 0 0 1 294 0 -1 0 0 0 32002 32002 0 0 0 0 0 1741
WIT 6 289 290 370 365 209 0 0 0 0 388 0 -1 0 0 0 32002 32002 0 0 0 0 0 74
WIT 8 279 290 265 258 258 706 0 0 1 293 0 -1 0 0 0 32002 32002 0 0 0 0 0 1249
WIT 11 289 290 284 274 273 0 0 0 0 250 0 -1 0 0 0 32002 32002 0 0 0 0 0 1187
WIT 11 289 290 282 261 175 0 0 0 0 321 0 -1 0 0 0 32002 32002 0 0 0 0 0 1892
WIT 11 289 290 265 244 277 844 0 0 1 361 0 -1 0 0 0 32002 32002 0 0 0 0 0 854
WIT 9 289 290 322 314 349 706 0 0 0 32002 0 -1 0 0 0 32002 32002 0 0 0 0 0 0
WIT 8 279 290 265 258 225 0 0 0 0 290 0 -1 0 0 0 32002 32002 0 0 0 0 0 129
WIT 10 289 290 285 276 248 0 0 0 0 290 0 -1 0 0 0 32002 32002 0 0 0 0 0 129
WIT 6 -290 -289 -257 -262 -290 0 0 0 0 -250 0 -1 0 0 0 32002 32002 0 0 0 0 0 2932
WIT 9 289 290 279 262 248 0 0 0 0 290 0 -1 0 0 0 32002 32002 0 0 0 0 0 844
WIT 9 279 290 265 257 236 0 0 0 0 290 0 -1 0 0 0 32002 32002 0 0 0 0 0 2349
WIT 12 289 290 364 341 446 844 0 0 0 32002 0 -1 0 0 0 32002 32002 0 0 0 0 0 0
WIT 9 279 290 265 257 249 0 0 0 0 290 0 -1 0 0 0 32002 32002 0 0 0 0 0 49408
WIT 10 289 290 299 280 288 49408 0 0 1 299 0 -1 0 0 0 32002 32002 0 0 0 0 0 991
WIT 8 289 290 328 313 278 0 0 0 0 290 0 -1 0 0 0 32002 32002 0 0 0 0 0 49408
WIT 11 289 290 299 278 277 0 0 0 0 290 0 -1 0 0 0 32002 32002 0 0 0 0 0 2349
WIT 10 289 290 275 266 302 49408 0 0 0 32002 0 -1 0 0 0 32002 32002 0 0 0 0 0 0
WIT 10 289 290 275 266 266 1249 0 0 1 290 0 -1 0 0 0 32002 32002 0 0 0 0 0 49408
WIT 10 279 290 265 256 240 0 0 0 0 290 0 -1 0 0 0 32002 32002 0 0 0 0 0 139
WIT 11 289 290 317 296 296 139 0 0 0 32002 0 -1 0 0 0 32002 32002 0 0 0 0 0 0
WIT 9 289 290 351 343 411 983 0 0 0 32002 0 -1 0 0 0 32002 32002 0 0 0 0 0 0
WIT 8 289 290 296 289 313 148 0 0 0 32002 0 -1 0 0 0 32002 32002 0 0 0 0 0 0
WIT 10 279 290 279 270 264 0 0 0 0 290 0 -1 0 0 0 32002 32002 0 0 0 0 0 1741
WIT 11 289 290 334 324 366 139 0 0 0 32002 0 -1 0 0 0 32002 32002 0 0 0 0 0 0
WIT 11 289 290 365 355 453 1185 0 0 0 32002 0 -1 0 0 0 32002 32002 0 0 0 0 0 0
WIT 11 289 290 309 299 349 139 0 0 0 32002 0 -1 0 0 0 32002 32002 0 0 0 0 0 0
WIT 10 289 290 327 308 310 139 0 0 0 32002 0 -1 0 0 0 32002 32002 0 0 0 0 0 0
WIT 8 289 290 340 333 359 1185 0 0 0 32002 0 -1 0 0 0 32002 32002 0 0 0 0 0 0
WIT 11 289 290 279 258 258 1741 0 0 1 290 0 -1 0 0 0 32002 32002 0 0 0 0 0 139
WIT 6 289 290 279 274 320 148 0 0 0 32002 0 -1 0 0 0 32002 32002 0 0 0 0 0 0
WIT 11 289 290 279 258 273 1734 0 0 1 297 0 -1 0 0 0 32002 32002 0 0 0 0 0 1741
WIT 11 289 290 292 271 282 139 0 0 1 292 0 -1 0 0 0 32002 32002 0 0 0 0 0 1741
WIT 6 289 290 390 385 369 0 0 0 0 290 0 -1 0 0 0 32002 32002 0 0 0 0 0 2023
WIT 6 289 290 374 369 333 0 0 0 0 237 0 -1 0 0 0 32002 32002 0 0 0 0 0 0
WIT 10 289 290 308 289 328 139 0 0 0 32002 0 -1 0 0 0 32002 32002 0 0 0 0 0 0
WIT 8 304 305 310 295 337 2136 0 0 0 32002 0 -1 0 0 0 32002 32002 0 0 0 0 0 0
WIT 8 304 305 293 286 343 991 0 0 0 32002 0 -1 0 0 0 32002 32002 0 0 0 0 0 0
WIT 7 304 305 308 302 312 844 0 0 0 32002 0 -1 0 0 0 32002 32002 0 0 0 0 0 0
WIT 7 304 305 292 279 264 0 0 0 0 305 0 -1 0 0 0 32002 32002 0 0 0 0 0 1249
WIT 9 304 305 290 282 299 991 0 0 1 305 0 -1 0 0 0 32002 32002 0 0 0 0 0 129
WIT 10 304 305 290 281 278 0 0 0 0 308 0 -1 0 0 0 32002 32002 0 0 0 0 0 918
WIT 9 304 305 290 273 232 0 0 0 0 301 0 -1 0 0 0 32002 32002 0 0 0 0 0 0
WIT 7 -305 -304 -166 -172 -166 0 0 0 0 32002 0 -1 0 0 0 32002 32002 0 0 0 0 0 0
WIT 8 304 305 290 275 248 0 0 0 0 301 0 -1 0 0 0 32002 32002 0 0 0 0 0 0
WIT 6 -295 -294 -194 -199 -212 0 0 0 0 -255 0 -1 0 0 0 32002 32002 0 0 0 0 0 2916
WIT 7 290 305 290 284 230 0 0 0 0 294 0 -1 0 0 0 32002 32002 0 0 0 0 0 2349
WIT 6 293 294 290 285 285 129 0 0 1 294 0 -1 0 0 0 32002 32002 0 0 0 0 0 1249
WIT 7 -295 -294 -216 -222 -223 0 0 0 0 -258 0 -1 0 0 0 32002 32002 0 0 0 0 0 2713
WIT 9 -295 -294 -259 -276 -264 3763 0 0 0 32002 0 -1 0 0 0 32002 32002 0 0 0 0 0 0
WIT 8 -295 -294 -233 -240 -273 0 0 0 0 -265 0 -1 0 0 0 32002 32002 0 0 0 0 0 3437
WIT 6 -295 -294 -249 -254 -212 3437 0 0 0 32002 0 -1 0 0 0 32002 32002 0 0 0 0 0 0
WIT 8 290 305 290 283 275 0 0 0 0 294 0 -1 0 0 0 32002 32002 0 0 0 0 0 49408
WIT 10 293 294 305 296 308 991 0 0 0 32002 0 -1 0 0 0 32002 32002 0 0 0 0 0 0
WIT 8 293 294 322 315 1266 722 1 0 0 32002 0 -1 0 0 0 32002 32002 0 0 0 0 0 0
WIT 8 293 294 290 275 244 0 0 0 0 307 0 -1 0 0 0 32002 32002 0 0 0 0 0 49408
WIT 8 293 294 290 275 274 0 0 0 0 298 0 -1 0 0 0 32002 32002 0 0 0 0 0 2349
WIT 7 293 294 290 284 302 854 0 0 0 32002 0 -1 0 0 0 32002 32002 0 0 0 0 0 0
WIT 7 293 294 290 284 -385 0 0 1 0 293 0 -1 0 0 0 32002 32002 0 0 0 0 0 0
WIT 6 293 294 290 285 275 0 0 0 0 293 0 -1 0 0 0 32002 32002 0 0 0 0 0 1249
WIT 6 293 294 275 270 298 49408 0 0 0 32002 0 -1 0 0 0 32002 32002 0 0 0 0 0 0
WIT 8 -295 -294 -207 -214 -241 0 0 0 0 -195 0 -1 0 0 0 32002 32002 0 0 0 0 0 2889
WIT 8 -295 -294 -209 -216 -316 0 0 0 0 -294 0 -1 0 0 0 32002 32002 0 0 0 0 0 3437
WIT 6 -295 -294 -122 -127 -118 3437 0 0 0 32002 0 -1 0 0 0 32002 32002 0 0 0 0 0 0
WIT 6 -295 -294 -160 -165 -112 3038 0 0 0 32002 0 -1 0 0 0 32002 32002 0 0 0 0 0 0
WIT 7 -295 -294 -173 -186 -200 0 0 0 0 -294 0 -1 0 0 0 32002 32002 0 0 0 0 0 53055
WIT 9 290 305 290 282 240 0 0 0 0 294 0 -1 0 0 0 32002 32002 0 0 0 0 0 139
WIT 6 294 295 276 271 293 148 0 0 1 303 0 -1 0 0 0 32002 32002 0 0 0 0 0 139
WIT 10 290 305 290 281 264 0 0 0 0 294 0 -1 0 0 0 32002 32002 0 0 0 0 0 1734
WIT 9 294 295 290 273 277 1741 0 0 1 343 0 -1 0 0 0 32002 32002 0 0 0 0 0 1185
WIT 8 294 295 365 358 444 1185 0 0 0 32002 0 -1 0 0 0 32002 32002 0 0 0 0 0 0
WIT 8 294 295 334 327 647 1185 0 0 0 32002 0 -1 0 0 0 32002 32002 0 0 0 0 0 0
WIT 8 294 295 309 302 345 139 0 0 0 32002 0 -1 0 0 0 32002 32002 0 0 0 0 0 0
WIT 8 294 295 327 312 330 139 0 0 0 32002 0 -1 0 0 0 32002 32002 0 0 0 0 0 0
WIT 9 294 295 290 273 273 1741 0 0 1 302 0 -1 0 0 0 32002 32002 0 0 0 0 0 139
WIT 7 294 295 290 284 346 139 0 0 0 32002 0 -1 0 0 0 32002 32002 0 0 0 0 0 0
WIT 8 294 295 291 276 282 139 0 0 1 298 0 -1 0 0 0 32002 32002 0 0 0 0 0 1741
WIT 8 -281 -280 -252 -267 -276 0 0 0 0 -251 0 -1 0 0 0 32002 32002 0 0 0 0 0 4013
WIT 6 -281 -280 -161 -166 -134 4015 0 0 0 32002 0 -1 0 0 0 32002 32002 0 0 0 0 0 0
WIT 7 -281 -280 -220 -233 -448 0 0 0 0 -241 0 -1 0 0 0 32002 32002 0 0 0 0 0 2916
WIT 7 279 280 301 295 302 148 0 0 0 32002 0 -1 0 0 0 32002 32002 0 0 0 0 0 0
WIT 8 280 281 294 279 229 0 0 0 0 289 0 -1 0 0 0 32002 32002 0 0 0 0 0 2349
WIT 10 -281 -280 -294 -313 -351 0 0 0 0 -286 0 -1 0 0 0 32002 32002 0 0 0 0 0 0
WIT 12 297 298 343 320 340 1746 0 0 0 32002 0 -1 0 0 0 32002 32002 0 0 0 0 0 0
WIT 10 297 298 308 289 335 1185 0 0 0 32002 0 -1 0 0 0 32002 32002 0 0 0 0 0 0
WIT 10 297 298 327 308 322 139 0 0 0 32002 0 -1 0 0 0 32002 32002 0 0 0 0 0 0
WIT 7 297 298 301 295 302 148 0 0 0 32002 0 -1 0 0 0 32002 32002 0 0 0 0 0 0
WIT 8 297 298 301 294 302 148 0 0 0 32002 0 -1 0 0 0 32002 32002 0 0 0 0 0 0
WIT 11 297 298 301 280 280 1741 0 0 1 297 1 1 47663 1 1 297 295 0 0 0 0 1 0
WIT 7 274 275 255 242 242 129 0 0 1 274 1 1 48343 1 1 274 254 0 0 0 0 1 528
WIT 6 297 298 282 277 294 528 0 0 1 366 0 -1 0 0 0 32002 32002 0 0 0 0 0 129
WIT 8 297 298 288 281 281 1249 0 0 1 297 1 1 17200 1 1 297 286 0 0 0 0 3 1185
WIT 8 -298 -274 -297 -304 -315 0 0 0 0 -298 0 -1 0 0 0 32002 32002 0 0 0 0 0 0
WIT 12 297 298 343 332 332 1734 0 0 0 32002 0 -1 0 0 0 32002 32002 0 0 0 0 0 0
WIT 10 297 298 343 334 335 2349 1 0 0 32002 0 -1 0 0 0 32002 32002 0 0 0 0 0 0
WIT 8 297 298 343 336 354 49408 0 0 0 32002 0 -1 0 0 0 32002 32002 0 0 0 0 0 0
WIT 6 297 298 352 347 381 1734 0 0 0 32002 0 -1 0 0 0 32002 32002 0 0 0 0 0 0
WIT 7 297 298 343 337 391 49408 0 0 0 32002 0 -1 0 0 0 32002 32002 0 0 0 0 0 0
WIT 6 297 298 413 408 430 0 0 0 0 32002 0 -1 0 0 0 32002 32002 0 0 0 0 0 0
WIT 9 -298 -274 -297 -305 -343 0 0 0 0 -298 0 -1 0 0 0 32002 32002 0 0 0 0 0 0
WIT 10 297 298 296 277 286 1734 0 0 1 299 0 -1 0 0 0 32002 32002 0 0 0 0 0 1741
WIT 10 297 298 297 278 283 139 0 0 1 298 0 -1 0 0 0 32002 32002 0 0 0 0 0 1741
WIT 8 297 298 309 302 345 139 0 0 0 32002 0 -1 0 0 0 32002 32002 0 0 0 0 0 0
WIT 8 297 298 365 358 444 1185 0 0 0 32002 0 -1 0 0 0 32002 32002 0 0 0 0 0 0
WIT 8 297 298 334 327 363 139 0 0 0 32002 0 -1 0 0 0 32002 32002 0 0 0 0 0 0
WIT 9 297 298 290 282 320 139 0 0 0 32002 0 -1 0 0 0 32002 32002 0 0 0 0 0 0
WIT 9 309 310 308 300 336 452 0 0 0 32002 0 -1 0 0 0 32002 32002 0 0 0 0 0 0
WIT 9 309 310 316 308 311 452 0 0 0 32002 0 -1 0 0 0 32002 32002 0 0 0 0 0 0
WIT 8 309 310 307 292 245 0 0 0 0 310 0 -1 0 0 0 32002 32002 0 0 0 0 0 918
WIT 7 309 310 372 366 361 0 0 0 0 352 0 -1 0 0 0 32002 32002 0 0 0 0 0 1249
WIT 11 309 310 290 269 310 983 0 0 0 32002 0 -1 0 0 0 32002 32002 0 0 0 0 0 0
WIT 8 309 310 385 378 438 983 0 0 0 32002 0 -1 0 0 0 32002 32002 0 0 0 0 0 0
WIT 8 298 310 289 282 185 0 0 0 0 310 0 -1 0 0 0 32002 32002 0 0 0 0 0 844
WIT 7 309 310 314 308 21 0 0 1 0 557 0 -1 0 0 0 32002 32002 0 0 0 0 0 842
WIT 6 309 310 316 311 82 0 0 0 0 474 0 -1 0 0 0 32002 32002 0 0 0 0 0 594
WIT 8 309 310 509 502 679 657 0 1 0 32002 0 -1 0 0 0 32002 32002 0 0 0 0 0 0
WIT 8 309 310 375 360 327 0 0 0 0 394 0 -1 0 0 0 32002 32002 0 0 0 0 0 74
WIT 6 309 310 305 300 382 844 0 0 0 32002 0 -1 0 0 0 32002 32002 0 0 0 0 0 0
WIT 6 309 310 308 303 311 844 0 0 0 32002 0 -1 0 0 0 32002 32002 0 0 0 0 0 0
WIT 9 309 310 305 288 264 0 0 0 0 310 0 -1 0 0 0 32002 32002 0 0 0 0 0 1249
WIT 6 309 310 421 416 372 0 0 0 0 348 0 -1 0 0 0 32002 32002 0 0 0 0 0 854
WIT 9 309 310 307 299 298 0 0 0 0 316 0 -1 0 0 0 32002 32002 0 0 0 0 0 528
WIT 11 309 310 305 295 319 528 0 0 0 32002 0 -1 0 0 0 32002 32002 0 0 0 0 0 0
WIT 9 309 310 340 332 360 129 0 0 0 32002 0 -1 0 0 0 32002 32002 0 0 0 0 0 0
WIT 9 298 310 288 280 259 0 0 0 0 310 0 -1 0 0 0 32002 32002 0 0 0 0 0 2349
WIT 11 309 310 364 343 368 844 0 0 0 32002 0 -1 0 0 0 32002 32002 0 0 0 0 0 0
WIT 10 309 310 290 281 281 129 0 0 1 338 0 -1 0 0 0 32002 32002 0 0 0 0 0 1249
WIT 6 309 310 275 270 263 0 0 0 0 291 0 -1 0 0 0 32002 32002 0 0 0 0 0 0
WIT 9 298 310 287 279 278 0 0 0 0 310 0 -1 0 0 0 32002 32002 0 0 0 0 0 49408
WIT 6 -310 -309 -265 -270 -289 0 0 0 0 -310 0 -1 0 0 0 32002 32002 0 0 0 0 0 0
WIT 9 309 310 310 302 237 0 0 0 0 311 0 -1 0 0 0 32002 32002 0 0 0 0 0 2349
WIT 10 309 310 275 266 265 0 0 0 0 299 0 -1 0 0 0 32002 32002 0 0 0 0 0 0
WIT 9 309 310 310 293 297 129 0 0 1 311 0 -1 0 0 0 32002 32002 0 0 0 0 0 528
WIT 6 309 310 307 302 328 983 0 0 0 32002 0 -1 0 0 0 32002 32002 0 0 0 0 0 0
WIT 11 309 310 290 280 290 854 0 0 1 328 0 -1 0 0 0 32002 32002 0 0 0 0 0 844
WIT 7 309 310 314 308 320 528 0 0 0 32002 0 -1 0 0 0 32002 32002 0 0 0 0 0 0
WIT 8 -310 -309 -292 -307 -314 0 0 0 0 -310 0 -1 0 0 0 32002 32002 0 0 0 0 0 0
WIT 9 309 310 298 281 304 49408 0 0 1 289 1 1 52008 1 1 309 310 0 0 0 0 30 49408
WIT 9 309 310 305 297 318 528 0 0 0 32002 0 -1 0 0 0 32002 32002 0 0 0 0 0 0
WIT 8 309 310 322 315 324 452 0 0 0 32002 0 -1 0 0 0 32002 32002 0 0 0 0 0 0
WIT 9 309 310 415 407 406 0 0 0 0 326 0 -1 0 0 0 32002 32002 0 0 0 0 0 1249
WIT 9 309 310 322 314 1329 722 1 0 0 32002 0 -1 0 0 0 32002 32002 0 0 0 0 0 0
WIT 8 309 310 305 290 255 0 0 0 0 318 0 -1 0 0 0 32002 32002 0 0 0 0 0 49408
WIT 10 309 310 294 275 278 49408 0 0 1 283 1 1 63435 1 1 309 294 0 0 0 0 2 1185
WIT 9 309 310 361 353 353 1185 0 0 0 32002 0 -1 0 0 0 32002 32002 0 0 0 0 0 0
WIT 10 298 310 286 277 276 0 0 0 0 310 0 -1 0 0 0 32002 32002 0 0 0 0 0 139
WIT 11 309 310 317 296 301 139 0 0 1 343 0 -1 0 0 0 32002 32002 0 0 0 0 0 1185
WIT 10 309 310 287 278 278 49415 0 0 1 310 0 -1 0 0 0 32002 32002 0 0 0 0 0 148
WIT 9 309 310 291 283 353 148 0 0 0 32002 0 -1 0 0 0 32002 32002 0 0 0 0 0 0
WIT 11 298 310 298 288 280 0 0 0 0 310 0 -1 0 0 0 32002 32002 0 0 0 0 0 1741
WIT 8 309 310 298 283 293 49415 0 0 1 310 0 -1 0 0 0 32002 32002 0 0 0 0 0 139
WIT 13 309 310 298 273 273 528 0 0 1 310 0 -1 0 0 0 32002 32002 0 0 0 0 0 1741
WIT 6 272 273 280 275 274 0 0 0 0 293 0 -1 0 0 0 32002 32002 0 0 0 0 0 139
WIT 8 309 310 298 283 303 1741 0 0 1 310 0 -1 0 0 0 32002 32002 0 0 0 0 0 1734
WIT 10 309 310 343 334 334 991 0 0 0 32002 0 -1 0 0 0 32002 32002 0 0 0 0 0 0
WIT 13 309 310 298 273 275 1741 0 0 1 310 0 -1 0 0 0 32002 32002 0 0 0 0 0 139
WIT 10 309 310 330 311 327 49415 0 0 0 32002 0 -1 0 0 0 32002 32002 0 0 0 0 0 0
WIT 8 309 310 291 284 349 148 0 0 0 32002 0 -1 0 0 0 32002 32002 0 0 0 0 0 0
WIT 6 309 310 290 285 315 49415 0 0 0 32002 0 -1 0 0 0 32002 32002 0 0 0 0 0 0
WIT 11 309 310 290 280 280 139 0 0 1 315 0 -1 0 0 0 32002 32002 0 0 0 0 0 1741
WIT 6 309 310 332 327 326 0 0 0 0 313 0 -1 0 0 0 32002 32002 0 0 0 0 0 49408
WIT 8 309 310 312 305 333 148 0 0 0 32002 0 -1 0 0 0 32002 32002 0 0 0 0 0 0
WIT 13 309 310 298 273 276 139 0 0 1 311 0 -1 0 0 0 32002 32002 0 0 0 0 0 1741
WIT 11 309 310 300 290 329 139 0 0 0 32002 0 -1 0 0 0 32002 32002 0 0 0 0 0 0
WIT 11 309 310 308 287 292 139 0 0 1 340 0 -1 0 0 0 32002 32002 0 0 0 0 0 1741
WIT 11 309 310 309 299 349 139 0 0 0 32002 0 -1 0 0 0 32002 32002 0 0 0 0 0 0
WIT 11 309 310 365 355 402 1185 0 0 0 32002 0 -1 0 0 0 32002 32002 0 0 0 0 0 0
WIT 11 309 310 334 324 484 1185 0 0 0 32002 0 -1 0 0 0 32002 32002 0 0 0 0 0 0
WIT 11 309 310 356 346 394 1185 0 0 0 32002 0 -1 0 0 0 32002 32002 0 0 0 0 0 0
WIT 9 325 326 347 330 346 452 0 0 0 32002 0 -1 0 0 0 32002 32002 0 0 0 0 0 0
WIT 9 325 326 308 300 336 452 0 0 0 32002 0 -1 0 0 0 32002 32002 0 0 0 0 0 0
WIT 10 325 326 316 307 311 452 0 0 1 331 0 -1 0 0 0 32002 32002 0 0 0 0 0 991
WIT 6 325 326 479 474 433 0 0 0 0 410 0 -1 0 0 0 32002 32002 0 0 0 0 0 1371
WIT 8 325 326 310 295 287 0 0 0 0 326 0 -1 0 0 0 32002 32002 0 0 0 0 0 918
WIT 7 325 326 335 329 352 452 0 0 0 32002 0 -1 0 0 0 32002 32002 0 0 0 0 0 0
WIT 7 325 326 314 308 327 452 0 0 0 32002 0 -1 0 0 0 32002 32002 0 0 0 0 0 0
WIT 7 -311 -310 -269 -275 -294 0 0 0 0 -278 0 -1 0 0 0 32002 32002 0 0 0 0 0 2919
WIT 7 310 326 310 304 283 0 0 0 0 326 0 -1 0 0 0 32002 32002 0 0 0 0 0 129
WIT 7 325 326 290 284 340 983 0 0 0 32002 0 -1 0 0 0 32002 32002 0 0 0 0 0 0
WIT 6 325 326 313 308 308 983 0 0 1 446 0 -1 0 0 0 32002 32002 0 0 0 0 0 1249
WIT 10 325 326 290 271 312 983 0 0 1 331 0 -1 0 0 0 32002 32002 0 0 0 0 0 129
WIT 7 310 326 310 304 248 0 0 0 0 326 0 -1 0 0 0 32002 32002 0 0 0 0 0 844
WIT 11 325 326 322 301 342 528 0 0 0 32002 0 -1 0 0 0 32002 32002 0 0 0 0 0 0
WIT 12 325 326 375 352 469 2136 0 0 0 32002 0 -1 0 0 0 32002 32002 0 0 0 0 0 0
WIT 12 325 326 332 309 294 0 0 0 0 326 0 -1 0 0 0 32002 32002 0 0 0 0 0 2136
WIT 9 325 326 310 302 317 452 0 0 1 383 0 -1 0 0 0 32002 32002 0 0 0 0 0 2136
WIT 10 325 326 385 366 219 0 0 0 0 394 0 -1 0 0 0 32002 32002 0 0 0 0 0 74
WIT 7 325 326 308 302 312 844 0 0 1 339 0 -1 0 0 0 32002 32002 0 0 0 0 0 854
WIT 8 325 326 345 338 368 528 0 0 0 32002 0 -1 0 0 0 32002 32002 0 0 0 0 0 0
WIT 8 325 326 320 313 345 528 0 0 0 32002 0 -1 0 0 0 32002 32002 0 0 0 0 0 0
WIT 7 325 326 440 434 412 0 0 0 0 376 0 -1 0 0 0 32002 32002 0 0 0 0 0 1180
WIT 11 325 326 310 289 254 0 0 0 0 326 0 -1 0 0 0 32002 32002 0 0 0 0 0 1249
WIT 9 325 326 322 314 349 706 0 0 0 32002 0 -1 0 0 0 32002 32002 0 0 0 0 0 0
WIT 9 325 326 330 322 342 196 0 0 0 32002 0 -1 0 0 0 32002 32002 0 0 0 0 0 0
WIT 8 325 326 315 300 298 0 0 0 0 322 0 -1 0 0 0 32002 32002 0 0 0 0 0 0
WIT 10 325 326 310 291 262 0 0 0 0 322 0 -1 0 0 0 32002 32002 0 0 0 0 0 0
WIT 6 -311 -310 -305 -310 -326 0 0 0 0 -310 0 -1 0 0 0 32002 32002 0 0 0 0 0 3642
WIT 6 -311 -310 -302 -307 -307 2713 0 0 0 32002 0 -1 0 0 0 32002 32002 0 0 0 0 0 0
WIT 6 310 311 73 68 36 0 0 0 0 278 0 -1 0 0 0 32002 32002 0 0 0 0 0 0
WIT 6 -311 -310 -175 -180 -181 0 0 0 0 -282 0 -1 0 0 0 32002 32002 0 0 0 0 0 2852
WIT 6 -311 -310 -305 -310 -303 3763 0 0 0 32002 0 -1 0 0 0 32002 32002 0 0 0 0 0 0
WIT 9 -311 -310 -240 -248 -248 3763 0 0 0 32002 0 -1 0 0 0 32002 32002 0 0 0 0 0 0
WIT 8 310 326 310 303 294 0 0 0 0 310 0 -1 0 0 0 32002 32002 0 0 0 0 0 0
WIT 9 -311 -310 -278 -286 -250 2923 0 0 0 32002 0 -1 0 0 0 32002 32002 0 0 0 0 0 0
WIT 7 -311 -310 -250 -256 -300 0 0 0 0 114 0 -1 0 0 0 32002 32002 0 0 0 0 0 2724
WIT 6 -311 -310 -300 -305 -390 0 0 0 0 -310 0 -1 0 0 0 32002 32002 0 0 0 0 0 3169
WIT 7 -311 -310 -322 -335 -336 2939 0 0 0 -310 0 -1 0 0 0 32002 32002 0 0 0 0 0 3962
WIT 10 -311 -310 -308 -317 -415 0 0 0 0 -308 0 -1 0 0 0 32002 32002 0 0 0 0 0 3169
WIT 10 -311 -310 -310 -329 -337 0 0 0 0 -310 0 -1 0 0 0 32002 32002 0 0 0 0 0 3169
WIT 9 -311 -310 -294 -302 -303 0 0 0 0 -310 0 -1 0 0 0 32002 32002 0 0 0 0 0 3169
WIT 7 -311 -310 -225 -231 -232 0 0 0 0 -292 0 -1 0 0 0 32002 32002 0 0 0 0 0 3169
WIT 6 -311 -310 -258 -263 -267 0 0 0 0 -304 0 -1 0 0 0 32002 32002 0 0 0 0 0 3169
WIT 7 -311 -310 -294 -300 -338 0 0 0 0 -317 0 -1 0 0 0 32002 32002 0 0 0 0 0 0
WIT 7 -311 -310 -322 -328 -329 0 0 0 0 -316 0 -1 0 0 0 32002 32002 0 0 0 0 0 0
WIT 8 -311 -310 -273 -280 -280 3961 0 0 0 32002 0 -1 0 0 0 32002 32002 0 0 0 0 0 0
WIT 9 -311 -310 -310 -327 -329 0 0 0 0 -311 0 -1 0 0 0 32002 32002 0 0 0 0 0 3169
WIT 6 -311 -310 -308 -313 -304 3641 0 0 0 32002 0 -1 0 0 0 32002 32002 0 0 0 0 0 0
WIT 10 -311 -310 -285 -304 -305 0 0 0 0 -345 0 -1 0 0 0 32002 32002 0 0 0 0 0 3763
WIT 11 -311 -310 -243 -264 -301 0 0 0 0 -310 0 -1 0 0 0 32002 32002 0 0 0 0 0 3437
WIT 9 -311 -310 -294 -311 -279 3763 0 0 0 32002 0 -1 0 0 0 32002 32002 0 0 0 0 0 0
WIT 8 -311 -310 -273 -280 -280 3763 0 0 0 32002 0 -1 0 0 0 32002 32002 0 0 0 0 0 0
WIT 9 -311 -310 -267 -284 -275 3763 0 0 0 32002 0 -1 0 0 0 32002 32002 0 0 0 0 0 0
WIT 9 -311 -310 -249 -257 -257 3437 0 0 0 32002 0 -1 0 0 0 32002 32002 0 0 0 0 0 0
WIT 9 310 326 310 302 294 0 0 0 0 310 0 -1 0 0 0 32002 32002 0 0 0 0 0 0
WIT 11 -311 -310 -260 -281 -281 53055 0 0 0 32002 0 -1 0 0 0 32002 32002 0 0 0 0 0 0
WIT 9 -311 -310 -211 -219 -219 53055 0 0 0 32002 0 -1 0 0 0 32002 32002 0 0 0 0 0 0
WIT 9 -311 -310 -275 -283 -269 3437 0 0 0 32002 0 -1 0 0 0 32002 32002 0 0 0 0 0 0
WIT 9 -311 -310 -236 -244 -244 3437 0 0 0 32002 0 -1 0 0 0 32002 32002 0 0 0 0 0 0
WIT 8 -311 -310 -195 -202 -188 3437 0 0 0 32002 0 -1 0 0 0 32002 32002 0 0 0 0 0 0
WIT 10 -311 -310 -174 -193 -185 3763 0 0 0 32002 0 -1 0 0 0 32002 32002 0 0 0 0 0 0
WIT 10 310 326 310 301 295 0 0 0 0 310 0 -1 0 0 0 32002 32002 0 0 0 0 0 0
WIT 6 310 311 308 303 297 0 0 0 0 335 0 -1 0 0 0 32002 32002 0 0 0 0 0 49408
WIT 7 310 311 302 296 295 0 0 0 0 332 0 -1 0 0 0 32002 32002 0 0 0 0 0 1380
WIT 8 310 311 282 267 238 0 0 0 0 310 0 -1 0 0 0 32002 32002 0 0 0 0 0 0
WIT 12 -311 -310 -253 -276 -274 3821 1 0 0 32002 0 -1 0 0 0 32002 32002 0 0 0 0 0 0
WIT 6 -311 -310 -205 -210 -238 0 0 0 0 -279 0 -1 0 0 0 32002 32002 0 0 0 0 0 2724
WIT 9 -311 -310 -174 -182 -206 0 0 0 0 -311 0 -1 0 0 0 32002 32002 0 0 0 0 0 3061
WIT 7 -311 -310 -131 -137 -224 0 0 0 0 -145 0 -1 0 0 0 32002 32002 0 0 0 0 0 3503
WIT 8 -311 -310 -174 -189 -235 0 0 0 0 -310 0 -1 0 0 0 32002 32002 0 0 0 0 0 4015
WIT 10 -311 -310 -279 -298 -310 0 0 0 0 -310 0 -1 0 0 0 32002 32002 0 0 0 0 0 2916
WIT 10 -311 -310 -221 -230 -370 0 0 0 0 -266 0 -1 0 0 0 32002 32002 0 0 0 0 0 3492
WIT 10 -311 -310 -236 -245 -306 0 0 0 0 -272 0 -1 0 0 0 32002 32002 0 0 0 0 0 2724
WIT 8 -311 -310 -181 -188 -218 0 0 0 0 -242 0 -1 0 0 0 32002 32002 0 0 0 0 0 3517
WIT 8 -311 -310 -161 -168 -179 0 0 0 0 -310 0 -1 0 0 0 32002 32002 0 0 0 0 0 4020
WIT 10 -311 -310 -245 -264 -323 0 0 0 0 -310 0 -1 0 0 0 32002 32002 0 0 0 0 0 2916
WIT 6 -311 -310 -225 -230 -184 0 0 0 0 32002 0 -1 0 0 0 32002 32002 0 0 0 0 0 0
WIT 8 -311 -310 -259 -266 -266 4020 0 0 0 32002 0 -1 0 0 0 32002 32002 0 0 0 0 0 0
WIT 9 -311 -310 -264 -272 -272 53055 0 0 0 32002 0 -1 0 0 0 32002 32002 0 0 0 0 0 0
WIT 10 -311 -310 -264 -273 -257 3437 0 0 0 32002 0 -1 0 0 0 32002 32002 0 0 0 0 0 0
WIT 11 310 326 310 300 280 0 0 0 0 310 0 -1 0 0 0 32002 32002 0 0 0 0 0 0
WIT 7 -290 -289 -294 -307 -295 3763 0 0 1 -184 0 -1 0 0 0 32002 32002 0 0 0 0 0 2916
WIT 9 -290 -289 -294 -311 -292 3763 0 0 1 -253 0 -1 0 0 0 32002 32002 0 0 0 0 0 3437
WIT 7 -290 -289 -310 -316 -316 3763 0 0 1 -272 0 -1 0 0 0 32002 32002 0 0 0 0 0 3437
WIT 7 -290 -289 -310 -316 -278 3763 0 0 0 32002 0 -1 0 0 0 32002 32002 0 0 0 0 0 0
WIT 7 -290 -289 -310 -323 -294 3763 0 0 1 -267 0 -1 0 0 0 32002 32002 0 0 0 0 0 3437
WIT 7 -290 -289 -310 -316 -282 3763 0 0 0 32002 0 -1 0 0 0 32002 32002 0 0 0 0 0 0
WIT 8 -326 -289 -310 -317 -317 3437 0 0 1 -286 0 -1 0 0 0 32002 32002 0 0 0 0 0 53055
WIT 11 -290 -289 -256 -277 -262 3763 0 0 0 32002 0 -1 0 0 0 32002 32002 0 0 0 0 0 0
WIT 10 -290 -289 -295 -314 -336 0 0 0 0 -289 0 -1 0 0 0 32002 32002 0 0 0 0 0 53055
WIT 6 -290 -289 -310 -315 -299 3763 0 0 1 -270 0 -1 0 0 0 32002 32002 0 0 0 0 0 3437
WIT 11 -290 -289 -310 -320 -302 3437 0 0 1 -289 0 -1 0 0 0 32002 32002 0 0 0 0 0 53055
WIT 9 -290 -289 -211 -219 -219 53055 0 0 0 32002 0 -1 0 0 0 32002 32002 0 0 0 0 0 0
WIT 8 -290 -289 -275 -282 -270 3437 0 0 0 32002 0 -1 0 0 0 32002 32002 0 0 0 0 0 0
WIT 8 -290 -289 -174 -189 -175 3763 0 0 0 32002 0 -1 0 0 0 32002 32002 0 0 0 0 0 0
WIT 9 -326 -289 -310 -318 -342 0 0 0 0 -289 0 -1 0 0 0 32002 32002 0 0 0 0 0 4015
WIT 7 -290 -289 -310 -323 -320 4015 0 0 1 -269 0 -1 0 0 0 32002 32002 0 0 0 0 0 2916
WIT 12 -290 -289 -310 -333 -333 4020 0 0 1 -289 0 -1 0 0 0 32002 32002 0 0 0 0 0 3437
WIT 8 -290 -289 -290 -297 -297 3763 0 0 1 -287 0 -1 0 0 0 32002 32002 0 0 0 0 0 53055
WIT 7 -290 -289 -303 -309 -431 0 0 0 0 -285 0 -1 0 0 0 32002 32002 0 0 0 0 0 53055
WIT 10 -290 -289 -303 -312 -313 0 0 0 0 -287 0 -1 0 0 0 32002 32002 0 0 0 0 0 4020
WIT 10 -290 -289 -264 -273 -233 4015 0 0 0 32002 0 -1 0 0 0 32002 32002 0 0 0 0 0 0
WIT 10 -290 -289 -290 -299 -266 4015 0 0 0 32002 0 -1 0 0 0 32002 32002 0 0 0 0 0 0
WIT 7 -317 -261 -286 -292 -310 0 0 0 0 -287 0 -1 0 0 0 32002 32002 0 0 0 0 0 53055
WIT 7 -288 -287 -289 -295 -293 3437 0 0 1 -287 0 -1 0 0 0 32002 32002 0 0 0 0 0 53055
WIT 6 286 287 390 385 392 148 0 0 0 32002 0 -1 0 0 0 32002 32002 0 0 0 0 0 0
WIT 8 -317 -261 -289 -296 -310 0 0 0 0 -287 0 -1 0 0 0 32002 32002 0 0 0 0 0 4015
WIT 8 -288 -287 -289 -304 -304 4020 0 0 1 -285 0 -1 0 0 0 32002 32002 0 0 0 0 0 3437
WIT 6 -288 -287 -290 -295 -270 4015 0 0 0 32002 0 -1 0 0 0 32002 32002 0 0 0 0 0 0
WIT 7 -283 -282 -286 -292 -279 3763 0 0 0 32002 0 -1 0 0 0 32002 32002 0 0 0 0 0 0
WIT 9 -283 -282 -269 -286 -262 3763 0 0 0 32002 0 -1 0 0 0 32002 32002 0 0 0 0 0 0
WIT 8 -283 -282 -310 -317 -252 3763 0 0 0 32002 0 -1 0 0 0 32002 32002 0 0 0 0 0 0
WIT 7 -283 -282 -310 -316 -316 3763 0 0 1 -269 0 -1 0 0 0 32002 32002 0 0 0 0 0 3437
WIT 7 -283 -282 -310 -316 -282 3763 0 0 0 32002 0 -1 0 0 0 32002 32002 0 0 0 0 0 0
WIT 7 -283 -282 -273 -279 -279 3763 0 0 0 32002 0 -1 0 0 0 32002 32002 0 0 0 0 0 0
WIT 7 -283 -282 -310 -316 -273 3763 0 0 0 32002 0 -1 0 0 0 32002 32002 0 0 0 0 0 0
WIT 7 -283 -282 -294 -300 -260 3763 0 0 0 32002 0 -1 0 0 0 32002 32002 0 0 0 0 0 0
WIT 7 -283 -282 -271 -277 -271 3763 0 0 0 32002 0 -1 0 0 0 32002 32002 0 0 0 0 0 0
WIT 6 -283 -282 -249 -254 -202 3437 0 0 0 32002 0 -1 0 0 0 32002 32002 0 0 0 0 0 0
WIT 8 -308 -282 -287 -294 -310 0 0 0 0 -282 0 -1 0 0 0 32002 32002 0 0 0 0 0 53055
WIT 10 -283 -282 -256 -275 -259 3763 0 0 0 32002 0 -1 0 0 0 32002 32002 0 0 0 0 0 0
WIT 9 -283 -282 -238 -246 -218 3437 0 0 0 32002 0 -1 0 0 0 32002 32002 0 0 0 0 0 0
WIT 9 -283 -282 -272 -289 -326 0 0 0 0 -282 0 -1 0 0 0 32002 32002 0 0 0 0 0 53055
WIT 9 -283 -282 -287 -295 -293 3437 0 0 1 -282 0 -1 0 0 0 32002 32002 0 0 0 0 0 53055
WIT 8 -283 -282 -211 -218 -218 53055 0 0 0 32002 0 -1 0 0 0 32002 32002 0 0 0 0 0 0
WIT 7 -283 -282 -275 -281 -269 3437 0 0 0 32002 0 -1 0 0 0 32002 32002 0 0 0 0 0 0
WIT 7 -283 -282 -195 -201 -188 3437 0 0 0 32002 0 -1 0 0 0 32002 32002 0 0 0 0 0 0
WIT 8 -283 -282 -174 -189 -184 3763 0 0 0 32002 0 -1 0 0 0 32002 32002 0 0 0 0 0 0
WIT 7 -283 -282 -236 -242 -242 2713 0 0 0 32002 0 -1 0 0 0 32002 32002 0 0 0 0 0 0
WIT 7 -283 -282 -310 -316 -316 3437 0 0 1 -271 0 -1 0 0 0 32002 32002 0 0 0 0 0 53055
WIT 10 -283 -282 -271 -290 -290 4015 0 0 1 -287 1 1 12016 1 1 -283 -283 0 0 0 0 41 0
WIT 7 282 283 301 295 302 148 0 0 0 32002 0 -1 0 0 0 32002 32002 0 0 0 0 0 0
WIT 6 301 302 283 278 335 0 0 0 0 32002 0 -1 0 0 0 32002 32002 0 0 0 0 0 0
WIT 6 -303 -302 -307 -312 -310 3061 0 0 1 -302 0 -1 0 0 0 32002 32002 0 0 0 0 0 3038
WIT 8 282 308 283 276 276 139 0 0 1 302 1 1 15237 1 1 302 302 0 1 0 1 31 148
WIT 7 301 302 301 295 302 148 0 0 0 32002 0 -1 0 0 0 32002 32002 0 0 0 0 0 0
WIT 12 -283 -282 -262 -273 -253 53055 0 0 0 32002 0 -1 0 0 0 32002 32002 0 0 0 0 0 0
WIT 7 -283 -282 -221 -227 -227 2713 0 0 0 32002 0 -1 0 0 0 32002 32002 0 0 0 0 0 0
WIT 10 -283 -282 -285 -294 -425 0 0 0 0 -272 0 -1 0 0 0 32002 32002 0 0 0 0 0 53055
WIT 9 -283 -282 -287 -295 -295 3763 0 0 1 -282 0 -1 0 0 0 32002 32002 0 0 0 0 0 53055
WIT 11 -283 -282 -287 -308 -311 0 0 0 0 -282 0 -1 0 0 0 32002 32002 0 0 0 0 0 4020
WIT 10 -283 -282 -290 -299 -279 3437 0 0 0 32002 0 -1 0 0 0 32002 32002 0 0 0 0 0 0
WIT 8 -283 -282 -264 -271 -257 3437 0 0 0 32002 0 -1 0 0 0 32002 32002 0 0 0 0 0 0
WIT 7 269 270 310 297 298 129 0 0 0 32002 0 -1 0 0 0 32002 32002 0 0 0 0 0 0
WIT 7 -295 -269 -282 -288 -310 0 0 0 0 -270 0 -1 0 0 0 32002 32002 0 0 0 0 0 3437
WIT 8 -271 -270 -310 -317 -279 0 0 0 0 -271 0 -1 0 0 0 32002 32002 0 0 0 0 0 0
WIT 7 -271 -270 -269 -282 -327 0 0 0 0 -271 0 -1 0 0 0 32002 32002 0 0 0 0 0 0
WIT 8 -295 -269 -282 -289 -310 0 0 0 0 -270 0 -1 0 0 0 32002 32002 0 0 0 0 0 53055
WIT 9 -271 -270 -256 -273 -261 3763 0 0 0 32002 0 -1 0 0 0 32002 32002 0 0 0 0 0 0
WIT 8 -271 -270 -238 -245 -219 3437 0 0 0 32002 0 -1 0 0 0 32002 32002 0 0 0 0 0 0
WIT 8 -271 -270 -282 -297 -626 0 0 0 0 -270 0 -1 0 0 0 32002 32002 0 0 0 0 0 53055
WIT 7 -271 -270 -278 -284 -235 3501 1 0 0 32002 0 -1 0 0 0 32002 32002 0 0 0 0 0 0
WIT 6 -271 -270 -282 -287 -309 0 0 0 0 -250 0 -1 0 0 0 32002 32002 0 0 0 0 0 3437
WIT 6 -271 -270 -195 -200 -189 3437 0 0 0 32002 0 -1 0 0 0 32002 32002 0 0 0 0 0 0
WIT 7 -271 -270 -282 -288 -288 3437 0 0 1 -270 0 -1 0 0 0 32002 32002 0 0 0 0 0 53055
WIT 6 -271 -270 -275 -280 -270 3437 0 0 0 32002 0 -1 0 0 0 32002 32002 0 0 0 0 0 0
WIT 6 -271 -270 -203 -208 -208 3437 0 0 0 32002 0 -1 0 0 0 32002 32002 0 0 0 0 0 0
WIT 6 -271 -270 -272 -277 -277 3437 0 0 1 -268 0 -1 0 0 0 32002 32002 0 0 0 0 0 53055
WIT 6 -271 -270 -273 -278 -278 3437 0 0 1 -269 0 -1 0 0 0 32002 32002 0 0 0 0 0 53055
WIT 6 -271 -270 -244 -249 -243 3437 0 0 0 32002 0 -1 0 0 0 32002 32002 0 0 0 0 0 0
WIT 6 -271 -270 -282 -287 -287 3437 0 0 1 -270 0 -1 0 0 0 32002 32002 0 0 0 0 0 53055
WIT 6 -271 -270 -280 -285 -269 3437 0 0 0 32002 0 -1 0 0 0 32002 32002 0 0 0 0 0 0
WIT 7 269 270 390 384 383 0 0 0 0 273 0 -1 0 0 0 32002 32002 0 0 0 0 0 991
WIT 9 -295 -269 -282 -290 -310 0 0 0 0 -270 0 -1 0 0 0 32002 32002 0 0 0 0 0 4015
WIT 7 -271 -270 -282 -288 -307 0 0 0 0 -274 0 -1 0 0 0 32002 32002 0 0 0 0 0 0
WIT 7 -271 -270 -282 -295 -317 0 0 0 0 -273 0 -1 0 0 0 32002 32002 0 0 0 0 0 0
WIT 6 294 295 302 297 465 1314 0 0 0 32002 0 -1 0 0 0 32002 32002 0 0 0 0 0 0
WIT 8 294 295 302 287 287 2349 1 0 0 302 0 -1 0 0 0 32002 32002 0 0 0 0 0 49408
WIT 8 294 295 302 287 278 0 0 0 0 295 0 -1 0 0 0 32002 32002 0 0 0 0 0 148
WIT 7 294 295 302 289 295 148 0 0 0 32002 0 -1 0 0 0 32002 32002 0 0 0 0 0 0
WIT 6 294 295 301 296 302 148 0 0 0 32002 0 -1 0 0 0 32002 32002 0 0 0 0 0 0
WIT 6 294 295 299 294 330 1185 0 0 0 32002 0 -1 0 0 0 32002 32002 0 0 0 0 0 0
WIT 9 294 295 309 301 348 139 0 0 0 32002 0 -1 0 0 0 32002 32002 0 0 0 0 0 0
WIT 9 294 295 365 357 401 1185 0 0 0 32002 0 -1 0 0 0 32002 32002 0 0 0 0 0 0
WIT 9 294 295 334 326 478 1185 0 0 0 32002 0 -1 0 0 0 32002 32002 0 0 0 0 0 0
WIT 6 311 312 329 324 314 0 0 0 0 312 0 -1 0 0 0 32002 32002 0 0 0 0 0 3113
WIT 7 311 312 295 289 307 0 0 0 0 330 0 -1 0 0 0 32002 32002 0 0 0 0 0 1328
WIT 9 311 312 330 313 270 0 0 0 0 313 0 -1 0 0 0 32002 32002 0 0 0 0 0 991
WIT 9 311 312 277 269 266 0 0 0 0 312 0 -1 0 0 0 32002 32002 0 0 0 0 0 1892
WIT 7 311 312 312 306 321 2349 1 0 0 32002 0 -1 0 0 0 32002 32002 0 0 0 0 0 0
WIT 8 311 312 365 358 405 129 0 0 0 32002 0 -1 0 0 0 32002 32002 0 0 0 0 0 0
WIT 6 311 312 348 343 321 0 0 0 0 361 0 -1 0 0 0 32002 32002 0 0 0 0 0 129
WIT 7 311 312 335 329 313 0 0 0 0 344 0 -1 0 0 0 32002 32002 0 0 0 0 0 49408
WIT 11 -312 -311 -264 -285 -322 0 0 0 0 -312 0 -1 0 0 0 32002 32002 0 0 0 0 0 0
WIT 9 311 312 361 353 299 0 0 0 0 312 0 -1 0 0 0 32002 32002 0 0 0 0 0 211
WIT 10 311 312 340 321 310 0 0 0 0 312 0 -1 0 0 0 32002 32002 0 0 0 0 0 49408
WIT 9 311 312 341 333 284 0 0 1 0 312 0 -1 0 0 0 32002 32002 0 0 0 0 0 211
WIT 8 311 312 337 330 323 0 0 0 0 312 0 -1 0 0 0 32002 32002 0 0 0 0 0 49408
WIT 6 311 312 414 409 412 1249 0 0 0 32002 0 -1 0 0 0 32002 32002 0 0 0 0 0 0
WIT 6 311 312 306 301 301 129 0 0 1 514 0 -1 0 0 0 32002 32002 0 0 0 0 0 1314
WIT 9 311 312 316 299 315 1314 0 0 0 32002 0 -1 0 0 0 32002 32002 0 0 0 0 0 0
WIT 8 311 312 456 449 468 129 0 0 0 32002 0 -1 0 0 0 32002 32002 0 0 0 0 0 0
WIT 7 311 312 413 407 406 0 0 0 0 351 0 -1 0 0 0 32002 32002 0 0 0 0 0 991
WIT 11 311 312 320 299 317 991 0 0 0 32002 0 -1 0 0 0 32002 32002 0 0 0 0 0 0
WIT 9 311 312 355 347 307 0 0 0 0 354 0 -1 0 0 0 32002 32002 0 0 0 0 0 2023
WIT 8 311 312 335 328 327 0 0 0 0 326 0 -1 0 0 0 32002 32002 0 0 0 0 0 991
WIT 9 311 312 332 324 308 0 0 0 0 311 0 -1 0 0 0 32002 32002 0 0 0 0 0 0
WIT 9 311 312 329 312 303 0 0 0 0 311 0 -1 0 0 0 32002 32002 0 0 0 0 0 0
WIT 11 311 312 295 274 271 0 0 0 0 311 0 -1 0 0 0 32002 32002 0 0 0 0 0 0
WIT 10 311 312 295 276 275 0 0 0 0 311 0 -1 0 0 0 32002 32002 0 0 0 0 0 0
WIT 8 -296 -295 -132 -139 -95 0 0 0 0 32002 0 -1 0 0 0 32002 32002 0 0 0 0 0 0
WIT 7 -312 -295 -311 -317 -317 4015 0 0 1 -295 0 -1 0 0 0 32002 32002 0 0 0 0 0 2916
WIT 10 -296 -295 -253 -272 -273 0 0 0 0 -295 0 -1 0 0 0 32002 32002 0 0 0 0 0 4013
WIT 8 -296 -295 -302 -317 -311 2724 1 0 0 -295 0 -1 0 0 0 32002 32002 0 0 0 0 0 4015
WIT 8 -296 -295 -310 -325 -316 4015 0 0 1 -208 0 -1 0 0 0 32002 32002 0 0 0 0 0 4020
WIT 8 -296 -295 -310 -325 -379 0 0 0 0 -275 0 -1 0 0 0 32002 32002 0 0 0 0 0 2916
WIT 8 -296 -295 -288 -295 -295 2916 1 0 0 32002 0 -1 0 0 0 32002 32002 0 0 0 0 0 0
WIT 7 295 296 301 288 257 0 0 0 0 295 0 -1 0 0 0 32002 32002 0 0 0 0 0 0
WIT 8 -296 -295 -119 -126 -136 0 0 0 0 -295 0 -1 0 0 0 32002 32002 0 0 0 0 0 1940
WIT 10 -296 -295 -218 -237 -279 0 0 0 0 -295 0 -1 0 0 0 32002 32002 0 0 0 0 0 3038
WIT 8 -296 -295 -245 -252 -257 0 0 0 0 -295 0 -1 0 0 0 32002 32002 0 0 0 0 0 2916
WIT 7 -296 -295 -250 -256 -246 3517 0 0 0 32002 0 -1 0 0 0 32002 32002 0 0 0 0 0 0
WIT 8 -296 -295 -252 -267 -296 0 0 0 0 -295 0 -1 0 0 0 32002 32002 0 0 0 0 0 3437
WIT 9 -296 -295 -256 -273 -262 3763 0 0 0 32002 0 -1 0 0 0 32002 32002 0 0 0 0 0 0
WIT 9 -296 -295 -270 -287 -331 0 0 0 0 -289 0 -1 0 0 0 32002 32002 0 0 0 0 0 53055
WIT 10 -296 -295 -270 -279 -267 3763 0 0 0 32002 0 -1 0 0 0 32002 32002 0 0 0 0 0 0
WIT 6 -296 -295 -310 -315 -315 3038 0 0 1 -282 0 -1 0 0 0 32002 32002 0 0 0 0 0 3437
WIT 9 -296 -295 -270 -278 -279 0 0 0 0 -293 0 -1 0 0 0 32002 32002 0 0 0 0 0 53055
WIT 7 -296 -295 -275 -281 -269 3437 0 0 0 32002 0 -1 0 0 0 32002 32002 0 0 0 0 0 0
WIT 6 -296 -295 -195 -200 -189 3437 0 0 0 32002 0 -1 0 0 0 32002 32002 0 0 0 0 0 0
WIT 9 -296 -295 -290 -298 -278 3437 0 0 0 32002 0 -1 0 0 0 32002 32002 0 0 0 0 0 0
WIT 7 -296 -295 -264 -270 -257 3437 0 0 0 32002 0 -1 0 0 0 32002 32002 0 0 0 0 0 0
WIT 6 -273 -272 -293 -298 -254 2326 0 0 0 32002 0 -1 0 0 0 32002 32002 0 0 0 0 0 0
WIT 8 -273 -272 -270 -277 -248 2325 1 0 0 32002 0 -1 0 0 0 32002 32002 0 0 0 0 0 0
WIT 7 -312 -272 -311 -317 -314 4015 0 0 1 -271 0 -1 0 0 0 32002 32002 0 0 0 0 0 2724
WIT 8 -273 -272 -292 -307 -278 2724 1 0 0 -254 0 -1 0 0 0 32002 32002 0 0 0 0 0 4015
WIT 8 -312 -272 -295 -302 -305 0 0 0 0 -271 0 -1 0 0 0 32002 32002 0 0 0 0 0 2916
WIT 11 -273 -272 -295 -316 -317 0 0 0 0 -272 0 -1 0 0 0 32002 32002 0 0 0 0 0 4013
WIT 8 -273 -272 -285 -300 -295 2724 1 0 0 -272 0 -1 0 0 0 32002 32002 0 0 0 0 0 53055
WIT 7 -273 -272 -212 -218 -255 0 0 0 0 -272 0 -1 0 0 0 32002 32002 0 0 0 0 0 3178
WIT 7 -273 -272 -267 -273 -217 0 0 0 0 32002 0 -1 0 0 0 32002 32002 0 0 0 0 0 0
WIT 10 -273 -272 -295 -314 -313 2724 1 0 0 -272 0 -1 0 0 0 32002 32002 0 0 0 0 0 4015
WIT 8 -273 -272 -210 -217 -184 4013 0 0 0 32002 0 -1 0 0 0 32002 32002 0 0 0 0 0 0
WIT 10 -273 -272 -295 -314 -315 0 0 0 0 -272 0 -1 0 0 0 32002 32002 0 0 0 0 0 2916
WIT 6 -273 -272 -250 -255 -83 4013 0 0 0 32002 0 -1 0 0 0 32002 32002 0 0 0 0 0 0
WIT 12 -273 -272 -269 -280 -433 0 0 0 0 -222 0 -1 0 0 0 32002 32002 0 0 0 0 0 3492
WIT 11 -273 -272 -256 -266 -250 2325 1 0 0 32002 0 -1 0 0 0 32002 32002 0 0 0 0 0 0
WIT 12 -273 -272 -253 -264 -200 2325 1 0 0 32002 0 -1 0 0 0 32002 32002 0 0 0 0 0 0
WIT 8 -273 -272 106 99 -157 0 0 1 0 156 0 -1 0 0 0 32002 32002 0 0 0 0 0 3826
WIT 11 -273 -272 -275 -296 -456 0 0 0 0 -279 0 -1 0 0 0 32002 32002 0 0 0 0 0 0
WIT 10 -273 -272 -277 -296 -357 0 0 0 0 -278 0 -1 0 0 0 32002 32002 0 0 0 0 0 0
WIT 8 -312 -311 -310 -317 -274 3428 1 0 0 32002 0 -1 0 0 0 32002 32002 0 0 0 0 0 0
WIT 6 -312 -311 -272 -277 -277 3428 1 0 0 32002 0 -1 0 0 0 32002 32002 0 0 0 0 0 0
WIT 7 -312 -311 -272 -285 -311 0 0 0 0 -311 0 -1 0 0 0 32002 32002 0 0 0 0 0 3061
WIT 7 311 312 283 277 333 0 0 0 0 32002 0 -1 0 0 0 32002 32002 0 0 0 0 0 0
WIT 6 311 312 283 278 349 0 0 0 0 32002 0 -1 0 0 0 32002 32002 0 0 0 0 0 0
WIT 9 311 312 327 319 323 49408 0 0 0 32002 0 -1 0 0 0 32002 32002 0 0 0 0 0 0
WIT 6 311 312 445 440 402 0 0 0 0 474 0 -1 0 0 0 32002 32002 0 0 0 0 0 2155
WIT 7 311 312 348 342 341 0 0 0 0 338 0 -1 0 0 0 32002 32002 0 0 0 0 0 1185
WIT 7 311 312 349 343 352 0 0 0 0 32002 0 -1 0 0 0 32002 32002 0 0 0 0 0 0
WIT 8 311 312 312 305 305 1328 1 0 0 313 0 -1 0 0 0 32002 32002 0 0 0 0 0 49408
WIT 6 311 312 376 371 371 1328 1 0 0 32002 0 -1 0 0 0 32002 32002 0 0 0 0 0 0
WIT 10 311 312 312 293 271 0 0 0 0 312 0 -1 0 0 0 32002 32002 0 0 0 0 0 148
WIT 9 -312 -272 -295 -303 -304 0 0 0 0 -312 0 -1 0 0 0 32002 32002 0 0 0 0 0 0
WIT 8 311 312 311 296 329 148 0 0 0 32002 0 -1 0 0 0 32002 32002 0 0 0 0 0 0
WIT 8 311 312 312 305 333 148 0 0 0 32002 0 -1 0 0 0 32002 32002 0 0 0 0 0 0
WIT 7 311 312 360 354 395 148 0 0 0 32002 0 -1 0 0 0 32002 32002 0 0 0 0 0 0
WIT 13 311 312 310 285 285 1734 0 0 1 312 0 -1 0 0 0 32002 32002 0 0 0 0 0 1741
WIT 8 311 312 299 292 294 991 0 0 1 312 0 -1 0 0 0 32002 32002 0 0 0 0 0 49408
WIT 7 311 312 310 297 297 991 0 0 1 305 1 1 12257 1 1 311 309 0 0 0 0 2 0
WIT 6 311 312 310 305 282 0 0 0 0 309 0 -1 0 0 0 32002 32002 0 0 0 0 0 0
WIT 7 311 312 310 297 286 0 0 0 0 309 0 -1 0 0 0 32002 32002 0 0 0 0 0 0
WIT 7 -312 -311 -275 -281 -258 2713 0 0 0 32002 0 -1 0 0 0 32002 32002 0 0 0 0 0 0
WIT 6 311 312 303 298 313 139 0 0 0 32002 0 -1 0 0 0 32002 32002 0 0 0 0 0 0
WIT 12 311 312 310 287 297 1734 0 0 1 309 1 2 18884 1 1 311 312 1 0 26 0 58 1734
WIT 7 311 312 310 297 294 0 0 0 0 311 0 -1 0 0 0 32002 32002 0 0 0 0 0 1762
WIT 9 311 312 343 335 363 991 0 0 0 32002 0 -1 0 0 0 32002 32002 0 0 0 0 0 0
WIT 6 311 312 343 338 353 49408 0 0 0 32002 0 -1 0 0 0 32002 32002 0 0 0 0 0 0
WIT 12 311 312 310 287 288 1734 0 0 1 324 0 -1 0 0 0 32002 32002 0 0 0 0 0 139
WIT 9 311 312 300 292 328 139 0 0 0 32002 0 -1 0 0 0 32002 32002 0 0 0 0 0 0
WIT 9 311 312 309 301 348 139 0 0 0 32002 0 -1 0 0 0 32002 32002 0 0 0 0 0 0
WIT 9 311 312 365 357 401 1185 0 0 0 32002 0 -1 0 0 0 32002 32002 0 0 0 0 0 0
WIT 9 311 312 334 326 365 139 0 0 0 32002 0 -1 0 0 0 32002 32002 0 0 0 0 0 0
WIT 7 -313 -312 -335 -341 -407 0 0 1 0 -312 0 -1 0 0 0 32002 32002 0 0 0 0 0 3901
WIT 8 312 343 280 273 113 0 0 1 0 312 0 -1 0 0 0 32002 32002 0 0 0 0 0 0
WIT 11 -313 -312 -253 -263 -218 2325 1 0 0 32002 0 -1 0 0 0 32002 32002 0 0 0 0 0 0
WIT 10 -313 -312 113 94 -172 0 0 1 0 73 0 -1 0 0 0 32002 32002 0 0 0 0 0 3826
WIT 10 -313 -312 -256 -265 -219 0 0 0 0 32002 0 -1 0 0 0 32002 32002 0 0 0 0 0 0
WIT 9 -313 -312 -104 -112 462 2350 1 1 0 32002 0 -1 0 0 0 32002 32002 0 0 0 0 0 0
WIT 8 312 343 279 272 256 0 0 0 0 312 0 -1 0 0 0 32002 32002 0 0 0 0 0 0
WIT 11 -313 -312 -248 -269 -249 2332 0 0 0 32002 0 -1 0 0 0 32002 32002 0 0 0 0 0 0
WIT 11 -313 -312 -310 -320 -263 53055 0 0 0 32002 0 -1 0 0 0 32002 32002 0 0 0 0 0 0
WIT 10 -313 -312 -217 -236 -242 0 0 0 0 -312 0 -1 0 0 0 32002 32002 0 0 0 0 0 4020
WIT 9 312 343 278 270 248 0 0 0 0 312 0 -1 0 0 0 32002 32002 0 0 0 0 0 0
WIT 12 -313 -312 -272 -283 -275 3763 0 0 0 32002 0 -1 0 0 0 32002 32002 0 0 0 0 0 0
WIT 12 -313 -312 -272 -295 -304 0 0 0 0 -312 0 -1 0 0 0 32002 32002 0 0 0 0 0 4013
WIT 9 -313 -312 -270 -278 -270 2325 1 0 0 32002 0 -1 0 0 0 32002 32002 0 0 0 0 0 0
WIT 10 -313 -312 -256 -275 -251 2724 1 0 0 32002 0 -1 0 0 0 32002 32002 0 0 0 0 0 0
WIT 11 -313 -312 -264 -274 -178 0 0 0 0 32002 0 -1 0 0 0 32002 32002 0 0 0 0 0 0
WIT 7 -313 -312 -225 -231 -198 4015 0 0 0 32002 0 -1 0 0 0 32002 32002 0 0 0 0 0 0
WIT 10 312 343 312 303 296 0 0 0 0 312 0 -1 0 0 0 32002 32002 0 0 0 0 0 0
WIT 8 -313 -312 -262 -269 -245 3763 0 0 0 32002 0 -1 0 0 0 32002 32002 0 0 0 0 0 0
WIT 6 -313 -312 -286 -291 -268 3763 0 0 0 32002 0 -1 0 0 0 32002 32002 0 0 0 0 0 0
WIT 7 -313 -312 -286 -292 -272 3763 0 0 0 32002 0 -1 0 0 0 32002 32002 0 0 0 0 0 0
WIT 12 -313 -312 -240 -251 -284 0 0 0 0 -193 0 -1 0 0 0 32002 32002 0 0 0 0 0 3559
WIT 6 -313 -312 -135 -140 -138 3437 0 0 0 32002 0 -1 0 0 0 32002 32002 0 0 0 0 0 0
WIT 11 -313 -312 -240 -261 -266 0 0 0 0 -288 0 -1 0 0 0 32002 32002 0 0 0 0 0 3038
WIT 11 -313 -312 -295 -316 -307 3763 0 0 0 32002 0 -1 0 0 0 32002 32002 0 0 0 0 0 0
WIT 6 -313 -312 -249 -254 -202 3437 0 0 0 32002 0 -1 0 0 0 32002 32002 0 0 0 0 0 0
WIT 6 -313 -312 -229 -234 -232 3763 0 0 0 32002 0 -1 0 0 0 32002 32002 0 0 0 0 0 0
WIT 7 -136 -135 -118 -124 -124 53055 0 0 0 32002 0 -1 0 0 0 32002 32002 0 0 0 0 0 0
WIT 11 -313 -312 -295 -316 -316 3437 0 0 1 -295 0 -1 0 0 0 32002 32002 0 0 0 0 0 1940
WIT 10 -313 -312 -295 -314 -194 3517 0 0 0 32002 0 -1 0 0 0 32002 32002 0 0 0 0 0 0
WIT 9 -313 -312 -162 -170 -173 0 0 0 0 -302 0 -1 0 0 0 32002 32002 0 0 0 0 0 3763
WIT 6 -313 -312 -164 -169 -139 0 0 0 0 32002 0 -1 0 0 0 32002 32002 0 0 0 0 0 0
WIT 8 -313 -312 -174 -189 -216 0 0 0 0 -308 0 -1 0 0 0 32002 32002 0 0 0 0 0 2713
WIT 7 -313 -312 -195 -201 -193 3763 0 0 0 32002 0 -1 0 0 0 32002 32002 0 0 0 0 0 0
WIT 7 -313 -312 -275 -281 -275 3437 0 0 0 32002 0 -1 0 0 0 32002 32002 0 0 0 0 0 0
WIT 7 -313 -312 -211 -217 -167 53055 0 0 0 32002 0 -1 0 0 0 32002 32002 0 0 0 0 0 0
WIT 6 -313 -312 -203 -208 -208 3763 0 0 0 32002 0 -1 0 0 0 32002 32002 0 0 0 0 0 0
WIT 7 -313 -312 -268 -274 -274 3437 0 0 0 32002 0 -1 0 0 0 32002 32002 0 0 0 0 0 0
WIT 7 -313 -312 -192 -198 -183 3437 0 0 0 32002 0 -1 0 0 0 32002 32002 0 0 0 0 0 0
WIT 7 -313 -312 -269 -275 -275 3437 0 0 0 32002 0 -1 0 0 0 32002 32002 0 0 0 0 0 0
WIT 6 -313 -312 -226 -231 -223 3437 0 0 0 32002 0 -1 0 0 0 32002 32002 0 0 0 0 0 0
WIT 7 -313 -312 -244 -250 -243 3437 0 0 0 32002 0 -1 0 0 0 32002 32002 0 0 0 0 0 0
WIT 6 -313 -312 -270 -275 -275 3763 0 0 0 32002 0 -1 0 0 0 32002 32002 0 0 0 0 0 0
WIT 14 -313 -312 -295 -322 -323 0 0 0 0 -312 0 -1 0 0 0 32002 32002 0 0 0 0 0 4015
WIT 13 -313 -312 -281 -293 -239 3763 0 0 0 32002 0 -1 0 0 0 32002 32002 0 0 0 0 0 0
WIT 13 -313 -312 -262 -274 -232 53055 0 0 0 32002 0 -1 0 0 0 32002 32002 0 0 0 0 0 0
WIT 10 -313 -312 -252 -261 -261 3437 0 0 0 32002 0 -1 0 0 0 32002 32002 0 0 0 0 0 0
WIT 6 -313 -312 -231 -236 -232 3559 0 0 0 32002 0 -1 0 0 0 32002 32002 0 0 0 0 0 0
WIT 6 -313 -312 -240 -245 -219 3763 0 0 0 32002 0 -1 0 0 0 32002 32002 0 0 0 0 0 0
WIT 12 -313 -312 -282 -305 -310 0 0 0 0 -282 0 -1 0 0 0 32002 32002 0 0 0 0 0 4020
WIT 10 -313 -312 -290 -299 -266 4015 0 0 0 32002 0 -1 0 0 0 32002 32002 0 0 0 0 0 0
WIT 9 -313 -312 -264 -272 -233 4015 0 0 0 32002 0 -1 0 0 0 32002 32002 0 0 0 0 0 0
WIT 11 312 343 312 302 295 0 0 0 0 312 0 -1 0 0 0 32002 32002 0 0 0 0 0 0
WIT 9 -271 -270 -312 -329 -324 4015 0 0 1 -205 0 -1 0 0 0 32002 32002 0 0 0 0 0 4020
WIT 7 -343 -270 -312 -318 -341 0 0 0 0 -270 0 -1 0 0 0 32002 32002 0 0 0 0 0 2916
WIT 6 270 271 283 278 347 0 0 0 0 32002 0 -1 0 0 0 32002 32002 0 0 0 0 0 0
WIT 10 -271 -270 -311 -330 -322 4015 0 0 1 -277 1 1 14931 1 1 -271 -292 0 0 0 0 8 0
WIT 8 -271 -270 -272 -287 -284 2724 1 0 0 -270 0 -1 0 0 0 32002 32002 0 0 0 0 0 4015
WIT 10 -271 -270 -310 -319 -271 3428 1 0 0 -270 0 -1 0 0 0 32002 32002 0 0 0 0 0 2724
WIT 10 -271 -270 -311 -320 -283 3428 1 0 0 -252 0 -1 0 0 0 32002 32002 0 0 0 0 0 3112
WIT 9 -271 -270 -311 -328 -329 0 0 0 0 -270 0 -1 0 0 0 32002 32002 0 0 0 0 0 3061
WIT 11 -271 -270 -163 -184 -724 0 0 0 0 -270 0 -1 0 0 0 32002 32002 0 0 0 0 0 3503
WIT 8 -271 -270 -307 -314 -308 2724 1 0 0 -270 0 -1 0 0 0 32002 32002 0 0 0 0 0 1956
WIT 9 -271 -270 -295 -303 -271 3112 0 0 1 -253 0 -1 0 0 0 32002 32002 0 0 0 0 0 3061
WIT 7 -271 -270 128 122 -58 0 0 1 0 -70 0 -1 0 0 0 32002 32002 0 0 0 0 0 3566
WIT 8 -271 -270 -272 -287 -294 0 0 0 0 -270 0 -1 0 0 0 32002 32002 0 0 0 0 0 4015
WIT 8 -271 -270 -272 -287 -294 0 0 0 0 -270 0 -1 0 0 0 32002 32002 0 0 0 0 0 2916
WIT 8 -271 -270 -296 -303 -297 2916 1 0 0 -270 0 -1 0 0 0 32002 32002 0 0 0 0 0 4015
WIT 8 -271 -270 -312 -327 -326 3821 1 0 0 -270 0 -1 0 0 0 32002 32002 0 0 0 0 0 4013
WIT 7 -271 -270 -101 -107 -115 0 0 0 0 -235 0 -1 0 0 0 32002 32002 0 0 0 0 0 2916
WIT 9 -343 -270 -312 -320 -320 4015 0 0 1 -270 0 -1 0 0 0 32002 32002 0 0 0 0 0 3437
WIT 6 270 271 381 376 375 991 0 0 0 328 0 -1 0 0 0 32002 32002 0 0 0 0 0 452
WIT 6 270 271 315 310 309 0 0 0 0 270 0 -1 0 0 0 32002 32002 0 0 0 0 0 0
WIT 7 270 271 312 299 298 0 0 0 0 270 0 -1 0 0 0 32002 32002 0 0 0 0 0 0
WIT 8 -271 -270 -304 -319 -313 3763 0 0 1 -272 1 1 22445 1 1 -271 -270 0 0 0 0 230 3763
WIT 8 -271 -270 -289 -304 -294 3437 0 0 1 -270 0 -1 0 0 0 32002 32002 0 0 0 0 0 3038
WIT 7 -271 -270 -295 -308 -306 3763 0 0 1 -257 0 -1 0 0 0 32002 32002 0 0 0 0 0 3437
WIT 13 -271 -270 -307 -332 -318 3437 0 0 1 -270 0 -1 0 0 0 32002 32002 0 0 0 0 0 53055
WIT 10 -271 -270 -296 -315 -294 3437 0 0 1 -216 0 -1 0 0 0 32002 32002 0 0 0 0 0 1940
WIT 13 -271 -270 -312 -337 -342 0 0 0 0 -220 0 -1 0 0 0 32002 32002 0 0 0 0 0 3038
WIT 11 -271 -270 -282 -292 -200 3038 0 0 0 32002 0 -1 0 0 0 32002 32002 0 0 0 0 0 0
WIT 9 -271 -270 -256 -273 -262 3763 0 0 0 32002 0 -1 0 0 0 32002 32002 0 0 0 0 0 0
WIT 6 -271 -270 -263 -268 -262 3038 0 0 0 32002 0 -1 0 0 0 32002 32002 0 0 0 0 0 0
WIT 10 -271 -270 -289 -308 -343 0 0 0 0 -270 0 -1 0 0 0 32002 32002 0 0 0 0 0 53055
WIT 9 -271 -270 -295 -312 -256 3517 0 0 0 32002 0 -1 0 0 0 32002 32002 0 0 0 0 0 0
WIT 9 -271 -270 -214 -222 -201 53055 0 0 0 32002 0 -1 0 0 0 32002 32002 0 0 0 0 0 0
WIT 10 -271 -270 -308 -327 -276 3763 0 0 1 -247 0 -1 0 0 0 32002 32002 0 0 0 0 0 2713
WIT 8 -271 -270 -203 -210 -208 3437 0 0 0 32002 0 -1 0 0 0 32002 32002 0 0 0 0 0 0
WIT 8 -271 -270 -275 -282 -275 3437 0 0 1 -261 0 -1 0 0 0 32002 32002 0 0 0 0 0 53055
WIT 9 -271 -270 -211 -219 -176 53055 0 0 0 32002 0 -1 0 0 0 32002 32002 0 0 0 0 0 0
WIT 7 -271 -270 -236 -242 -242 3437 0 0 0 32002 0 -1 0 0 0 32002 32002 0 0 0 0 0 0
WIT 9 -271 -270 -213 -221 -221 53055 0 0 0 32002 0 -1 0 0 0 32002 32002 0 0 0 0 0 0
WIT 9 -271 -270 -268 -276 -275 3437 0 0 1 -264 0 -1 0 0 0 32002 32002 0 0 0 0 0 53055
WIT 8 -271 -270 -192 -199 -183 3437 0 0 0 32002 0 -1 0 0 0 32002 32002 0 0 0 0 0 0
WIT 9 -271 -270 -269 -277 -275 3437 0 0 1 -269 0 -1 0 0 0 32002 32002 0 0 0 0 0 53055
WIT 9 -271 -270 -293 -310 -289 3437 0 0 1 -251 0 -1 0 0 0 32002 32002 0 0 0 0 0 53055
WIT 9 -271 -270 -244 -252 -252 3437 0 0 0 32002 0 -1 0 0 0 32002 32002 0 0 0 0 0 0
WIT 8 -271 -270 -265 -272 -272 3437 0 0 1 -264 0 -1 0 0 0 32002 32002 0 0 0 0 0 53055
WIT 8 -271 -270 -270 -277 -277 3437 0 0 1 -175 0 -1 0 0 0 32002 32002 0 0 0 0 0 53055
WIT 8 -271 -270 -243 -250 -249 3437 0 0 0 32002 0 -1 0 0 0 32002 32002 0 0 0 0 0 0
WIT 7 -271 -270 -307 -313 -274 3437 0 0 1 -211 0 -1 0 0 0 32002 32002 0 0 0 0 0 53055
WIT 12 -271 -270 -312 -335 -336 0 0 0 0 -270 0 -1 0 0 0 32002 32002 0 0 0 0 0 4015
WIT 7 -271 -270 -281 -287 -245 3763 0 0 0 32002 0 -1 0 0 0 32002 32002 0 0 0 0 0 0
WIT 12 -271 -270 -284 -307 -294 3112 0 0 1 -270 0 -1 0 0 0 32002 32002 0 0 0 0 0 4020
WIT 9 -271 -270 -290 -298 -266 4015 0 0 0 32002 0 -1 0 0 0 32002 32002 0 0 0 0 0 0
WIT 8 -271 -270 -264 -271 -235 4015 0 0 0 32002 0 -1 0 0 0 32002 32002 0 0 0 0 0 0
WIT 6 -243 -242 -253 -258 -239 0 0 0 0 32002 0 -1 0 0 0 32002 32002 0 0 0 0 0 0
WIT 6 -243 -242 -256 -261 -213 0 0 0 0 32002 0 -1 0 0 0 32002 32002 0 0 0 0 0 0
WIT 7 -327 -213 -270 -276 -363 0 0 0 0 -242 0 -1 0 0 0 32002 32002 0 0 0 0 0 2724
WIT 7 -243 -242 -211 -224 -224 3112 0 0 0 32002 0 -1 0 0 0 32002 32002 0 0 0 0 0 0
WIT 7 -243 -242 -248 -261 -252 2332 0 0 1 -242 0 -1 0 0 0 32002 32002 0 0 0 0 0 3517
WIT 6 241 242 342 337 295 0 0 0 0 342 0 -1 0 0 0 32002 32002 0 0 0 0 0 2155
WIT 6 241 242 312 307 376 0 0 0 0 32002 0 -1 0 0 0 32002 32002 0 0 0 0 0 0
WIT 6 241 242 370 365 364 0 0 0 0 333 0 -1 0 0 0 32002 32002 0 0 0 0 0 2155
WIT 8 -327 -213 -270 -277 -312 0 0 0 0 -242 0 -1 0 0 0 32002 32002 0 0 0 0 0 2916
WIT 8 -243 -242 -270 -285 -285 3821 1 0 0 -204 0 -1 0 0 0 32002 32002 0 0 0 0 0 4013
WIT 8 -243 -242 -311 -326 -320 4015 0 0 1 -258 1 1 18878 1 1 -243 -312 0 0 0 0 1 0
WIT 8 -243 -242 -270 -285 -298 0 0 0 0 -256 0 -1 0 0 0 32002 32002 0 0 0 0 0 0
WIT 7 -243 -242 -270 -276 -268 2916 1 0 0 -242 0 -1 0 0 0 32002 32002 0 0 0 0 0 4015
WIT 8 -327 -213 -270 -277 -312 0 0 0 0 -242 0 -1 0 0 0 32002 32002 0 0 0 0 0 3437
WIT 6 -243 -242 -233 -238 -299 0 0 0 0 -242 0 -1 0 0 0 32002 32002 0 0 0 0 0 3559
WIT 10 -243 -242 -270 -289 -279 3437 0 0 1 -242 0 -1 0 0 0 32002 32002 0 0 0 0 0 3763
WIT 7 -243 -242 -288 -294 -282 3437 0 0 1 -105 0 -1 0 0 0 32002 32002 0 0 0 0 0 3559
WIT 10 -243 -242 -270 -289 -282 3437 0 0 1 -201 0 -1 0 0 0 32002 32002 0 0 0 0 0 3038
WIT 8 -243 -242 -258 -273 -249 3763 0 0 1 -247 1 1 10644 1 1 -243 -242 0 0 0 0 4 3763
WIT 6 -243 -242 -271 -276 -272 3763 0 0 1 -242 0 -1 0 0 0 32002 32002 0 0 0 0 0 3437
WIT 6 -243 -242 -229 -234 -228 3763 0 0 0 32002 0 -1 0 0 0 32002 32002 0 0 0 0 0 0
WIT 9 -243 -242 -270 -287 -288 0 0 0 0 -242 0 -1 0 0 0 32002 32002 0 0 0 0 0 53055
WIT 10 -243 -242 -282 -291 -203 3038 0 0 0 32002 0 -1 0 0 0 32002 32002 0 0 0 0 0 0
WIT 6 -243 -242 -294 -299 -299 3501 1 0 0 -159 0 -1 0 0 0 32002 32002 0 0 0 0 0 3821
WIT 7 -243 -242 -197 -210 -210 3763 0 0 0 32002 0 -1 0 0 0 32002 32002 0 0 0 0 0 0
WIT 9 -243 -242 -238 -246 -218 3437 0 0 0 32002 0 -1 0 0 0 32002 32002 0 0 0 0 0 0
WIT 9 -243 -242 -270 -287 -326 0 0 0 0 -242 0 -1 0 0 0 32002 32002 0 0 0 0 0 53055
WIT 6 -243 -242 -250 -255 -247 3517 0 0 1 -236 0 -1 0 0 0 32002 32002 0 0 0 0 0 3061
WIT 9 -243 -242 -295 -312 -312 3112 0 0 1 -236 0 -1 0 0 0 32002 32002 0 0 0 0 0 3437
WIT 7 -243 -242 -267 -273 -206 3437 0 0 0 32002 0 -1 0 0 0 32002 32002 0 0 0 0 0 0
WIT 8 -243 -242 -270 -285 -368 0 0 0 0 -242 0 -1 0 0 0 32002 32002 0 0 0 0 0 4015
WIT 9 -243 -242 -212 -220 -220 3437 0 0 0 32002 0 -1 0 0 0 32002 32002 0 0 0 0 0 0
WIT 8 -243 -242 -272 -279 -279 3437 0 0 1 -242 0 -1 0 0 0 32002 32002 0 0 0 0 0 3559
WIT 8 -243 -242 -270 -285 -414 0 0 0 0 -242 0 -1 0 0 0 32002 32002 0 0 0 0 0 53055
WIT 8 -243 -242 -281 -288 -245 3763 0 0 1 -242 0 -1 0 0 0 32002 32002 0 0 0 0 0 53055
WIT 7 -243 -242 -282 -288 -288 3763 0 0 1 -228 0 -1 0 0 0 32002 32002 0 0 0 0 0 53055
WIT 7 -243 -242 -233 -239 -239 3763 0 0 0 32002 0 -1 0 0 0 32002 32002 0 0 0 0 0 0
WIT 6 -243 -242 -282 -287 -288 0 0 0 0 -242 0 -1 0 0 0 32002 32002 0 0 0 0 0 3559
WIT 7 -243 -242 -270 -283 -303 0 0 0 0 -242 0 -1 0 0 0 32002 32002 0 0 0 0 0 4020
WIT 6 -243 -242 -290 -295 -270 4015 0 0 1 -242 0 -1 0 0 0 32002 32002 0 0 0 0 0 4020
WIT 6 -243 -242 -264 -269 -239 4015 0 0 0 32002 0 -1 0 0 0 32002 32002 0 0 0 0 0 0

===========================
Total time (ms) : 44
Nodes searched  : 33697
Nodes/second    : 765840
