
Position: 1/1 (r1bqk2r/pp2npbp/2n1p1p1/1BppP3/3P4/2P1BN2/PP1N1PPP/R2QK2R w KQkq - 4 9)
WIT 7 331 332 302 289 297 1309 0 0 1 325 1 1 20872 1 1 331 307 0 1 0 6 15 0
WIT 6 -303 -302 -278 -283 -283 2202 0 0 0 32002 0 -1 0 0 0 32002 32002 0 0 0 0 0 0
WIT 7 -288 -287 -278 -284 -283 2202 0 0 0 32002 0 -1 0 0 0 32002 32002 0 0 0 0 0 0
WIT 6 -288 -287 -280 -285 -275 53055 0 0 0 32002 0 -1 0 0 0 32002 32002 0 0 0 0 0 0
WIT 6 -288 -287 -268 -273 -231 0 0 0 0 32002 0 -1 0 0 0 32002 32002 0 0 0 0 0 0
WIT 6 -288 -287 -278 -283 -317 0 0 0 0 -287 0 -1 0 0 0 32002 32002 0 0 0 0 0 2203
WIT 6 -268 -267 -278 -283 -283 2202 0 0 1 -256 0 -1 0 0 0 32002 32002 0 0 0 0 0 2203
WIT 6 -268 -267 -280 -285 -263 53055 0 0 0 32002 0 -1 0 0 0 32002 32002 0 0 0 0 0 0
WIT 6 -241 -240 -193 -198 -244 0 0 0 0 -195 0 -1 0 0 0 32002 32002 0 0 0 0 0 2724
WIT 6 -241 -240 -280 -285 -263 53055 0 0 1 -218 0 -1 0 0 0 32002 32002 0 0 0 0 0 2203
WIT 6 -241 -240 -257 -262 -249 53055 0 0 1 -236 0 -1 0 0 0 32002 32002 0 0 0 0 0 2203
WIT 6 -255 -254 -251 -256 -257 0 0 1 0 -221 0 -1 0 0 0 32002 32002 0 0 0 0 0 3370
WIT 6 -255 -254 -249 -254 -241 3567 0 0 0 32002 0 -1 0 0 0 32002 32002 0 0 0 0 0 0
WIT 6 -255 -254 -234 -239 -778 0 0 0 0 -254 0 -1 0 0 0 32002 32002 0 0 0 0 0 3370
WIT 6 -255 -254 -214 -219 -244 0 0 0 0 -237 0 -1 0 0 0 32002 32002 0 0 0 0 0 2658
WIT 7 -255 -254 -195 -201 -328 0 0 0 0 -254 0 -1 0 0 0 32002 32002 0 0 0 0 0 3492
WIT 7 -255 -254 -200 -213 -261 0 0 0 0 -254 0 -1 0 0 0 32002 32002 0 0 0 0 0 2724
WIT 7 -255 -254 -185 -191 -196 0 0 0 0 -229 0 -1 0 0 0 32002 32002 0 0 0 0 0 2724
WIT 6 -255 -254 -232 -237 -236 0 0 0 0 32002 0 -1 0 0 0 32002 32002 0 0 0 0 0 0
WIT 6 -255 -254 -192 -197 -306 0 0 0 0 -254 0 -1 0 0 0 32002 32002 0 0 0 0 0 3492
WIT 6 -255 -254 -198 -203 -205 0 0 0 0 -254 0 -1 0 0 0 32002 32002 0 0 0 0 0 2724
WIT 8 -255 -254 -239 -254 -273 0 0 0 0 -254 0 -1 0 0 0 32002 32002 0 0 0 0 0 53055
WIT 8 -255 -254 -234 -249 -246 2203 1 0 0 32002 0 -1 0 0 0 32002 32002 0 0 0 0 0 0
WIT 7 -255 -254 -257 -263 -245 2201 1 0 0 32002 0 -1 0 0 0 32002 32002 0 0 0 0 0 0
WIT 7 -255 -254 -259 -265 -265 53055 0 0 1 -254 0 -1 0 0 0 32002 32002 0 0 0 0 0 2203
WIT 6 -255 -254 -252 -257 -194 0 0 0 0 32002 0 -1 0 0 0 32002 32002 0 0 0 0 0 0
WIT 6 -255 -254 -255 -260 -218 0 0 0 0 32002 0 -1 0 0 0 32002 32002 0 0 0 0 0 0
WIT 6 -255 -254 -260 -265 -217 0 0 0 0 32002 0 -1 0 0 0 32002 32002 0 0 0 0 0 0
WIT 6 -255 -254 -237 -242 -204 0 0 0 0 32002 0 -1 0 0 0 32002 32002 0 0 0 0 0 0
WIT 6 -255 -254 -233 -238 -224 53055 0 0 0 32002 0 -1 0 0 0 32002 32002 0 0 0 0 0 0
WIT 7 -255 -254 -236 -242 -243 0 0 0 0 -254 0 -1 0 0 0 32002 32002 0 0 0 0 0 2203
WIT 6 -255 -254 -260 -265 -226 0 0 0 0 32002 0 -1 0 0 0 32002 32002 0 0 0 0 0 0
WIT 6 -255 -254 -257 -262 -262 3817 0 0 1 -252 0 -1 0 0 0 32002 32002 0 0 0 0 0 2203
WIT 7 -255 -254 -221 -227 -228 0 0 0 0 -253 0 -1 0 0 0 32002 32002 0 0 0 0 0 2203
WIT 6 -255 -254 -208 -213 -167 0 0 0 0 32002 0 -1 0 0 0 32002 32002 0 0 0 0 0 0
WIT 6 -255 -254 -253 -258 -251 3112 0 0 0 32002 0 -1 0 0 0 32002 32002 0 0 0 0 0 0
WIT 6 -255 -254 -236 -241 -195 0 0 0 0 32002 0 -1 0 0 0 32002 32002 0 0 0 0 0 0
WIT 6 -255 -254 -257 -262 -224 0 0 0 0 32002 0 -1 0 0 0 32002 32002 0 0 0 0 0 0
WIT 6 -255 -254 -244 -249 -213 0 0 0 0 32002 0 -1 0 0 0 32002 32002 0 0 0 0 0 0
WIT 7 -255 -254 -260 -266 -249 3365 0 0 0 32002 0 -1 0 0 0 32002 32002 0 0 0 0 0 0
WIT 6 -255 -254 -261 -266 -263 3365 0 0 1 -251 0 -1 0 0 0 32002 32002 0 0 0 0 0 2203
WIT 6 -243 -242 -181 -186 -349 0 0 0 0 -189 0 -1 0 0 0 32002 32002 0 0 0 0 0 3297
WIT 7 -243 -242 -231 -237 -240 0 0 0 0 -219 0 -1 0 0 0 32002 32002 0 0 0 0 0 2724
WIT 7 -243 -242 -221 -227 -241 0 0 0 0 -242 0 -1 0 0 0 32002 32002 0 0 0 0 0 3567
WIT 8 -243 -242 -225 -240 -256 0 0 1 0 -242 0 -1 0 0 0 32002 32002 0 0 0 0 0 3370
WIT 7 -254 -242 -250 -256 -273 0 0 0 0 -242 0 -1 0 0 0 32002 32002 0 0 0 0 0 2203
WIT 7 -243 -242 -259 -265 -253 3567 0 0 1 -218 0 -1 0 0 0 32002 32002 0 0 0 0 0 2203
WIT 10 -243 -242 -254 -273 -308 0 0 1 0 -242 0 -1 0 0 0 32002 32002 0 0 0 0 0 3370
WIT 9 -243 -242 -241 -258 -254 3177 0 0 1 -240 0 -1 0 0 0 32002 32002 0 0 0 0 0 3826
WIT 9 -243 -242 -248 -265 -332 0 0 0 0 -242 0 -1 0 0 0 32002 32002 0 0 0 0 0 3370
WIT 10 -243 -242 -254 -273 -364 0 0 0 0 -242 0 -1 0 0 0 32002 32002 0 0 0 0 0 3370
WIT 6 -243 -242 -242 -247 -242 3817 0 0 0 32002 0 -1 0 0 0 32002 32002 0 0 0 0 0 0
WIT 9 -243 -242 -189 -197 -294 0 0 0 0 -210 0 -1 0 0 0 32002 32002 0 0 0 0 0 3370
WIT 6 -243 -242 -237 -242 -321 0 0 0 0 -242 0 -1 0 0 0 32002 32002 0 0 0 0 0 3826
WIT 9 -243 -242 -239 -256 -271 0 0 0 0 -242 0 -1 0 0 0 32002 32002 0 0 0 0 0 2658
WIT 9 -243 -242 -254 -271 -295 0 0 0 0 -242 0 -1 0 0 0 32002 32002 0 0 0 0 0 3177
WIT 6 -243 -242 -254 -259 -260 0 0 0 0 -226 0 -1 0 0 0 32002 32002 0 0 0 0 0 3112
WIT 8 -243 -242 -226 -233 -175 2358 0 0 0 32002 0 -1 0 0 0 32002 32002 0 0 0 0 0 0
WIT 10 -243 -242 -254 -273 -334 0 0 0 0 -238 0 -1 0 0 0 32002 32002 0 0 0 0 0 3492
WIT 10 -243 -242 -254 -273 -281 0 0 0 0 -238 0 -1 0 0 0 32002 32002 0 0 0 0 0 2724
WIT 9 -243 -242 -254 -271 -269 3826 0 0 1 -170 0 -1 0 0 0 32002 32002 0 0 0 0 0 2724
WIT 8 -243 -242 -231 -246 -241 3826 0 0 0 32002 0 -1 0 0 0 32002 32002 0 0 0 0 0 0
WIT 8 -243 -242 -254 -269 -278 0 0 0 0 -242 0 -1 0 0 0 32002 32002 0 0 0 0 0 53055
WIT 8 -243 -242 -234 -249 -246 2203 1 0 0 -234 0 -1 0 0 0 32002 32002 0 0 0 0 0 2202
WIT 8 -243 -242 -254 -269 -268 53055 0 0 1 -242 0 -1 0 0 0 32002 32002 0 0 0 0 0 2203
WIT 9 -243 -242 -253 -270 -265 53055 0 0 1 -225 0 -1 0 0 0 32002 32002 0 0 0 0 0 2203
WIT 8 -243 -242 -252 -259 -259 3817 0 0 1 -240 0 -1 0 0 0 32002 32002 0 0 0 0 0 2203
WIT 8 -243 -242 -254 -261 -261 3567 0 0 1 -242 0 -1 0 0 0 32002 32002 0 0 0 0 0 2203
WIT 7 -243 -242 -252 -258 -193 0 0 0 0 32002 0 -1 0 0 0 32002 32002 0 0 0 0 0 0
WIT 8 -243 -242 -233 -240 -226 53055 0 0 0 32002 0 -1 0 0 0 32002 32002 0 0 0 0 0 0
WIT 8 -243 -242 -257 -264 -250 3817 0 0 1 -237 0 -1 0 0 0 32002 32002 0 0 0 0 0 2203
WIT 8 -243 -242 -253 -260 -260 3567 0 0 1 -233 0 -1 0 0 0 32002 32002 0 0 0 0 0 2203
WIT 8 -243 -242 -251 -258 -231 53055 0 0 0 32002 0 -1 0 0 0 32002 32002 0 0 0 0 0 0
WIT 8 -243 -242 -260 -267 -249 3365 0 0 1 -214 0 -1 0 0 0 32002 32002 0 0 0 0 0 2203
WIT 6 241 242 294 289 301 2154 1 0 0 32002 0 -1 0 0 0 32002 32002 0 0 0 0 0 0
WIT 6 241 242 284 279 282 2154 1 0 0 32002 0 -1 0 0 0 32002 32002 0 0 0 0 0 0
WIT 6 241 242 288 283 276 0 0 0 0 248 0 -1 0 0 0 32002 32002 0 0 0 0 0 2023
WIT 7 241 242 291 285 311 2154 1 0 0 32002 0 -1 0 0 0 32002 32002 0 0 0 0 0 0
WIT 7 -242 -226 -242 -248 -275 0 0 0 0 -242 0 -1 0 0 0 32002 32002 0 0 0 0 0 3763
WIT 7 -237 -236 -239 -252 -244 53055 0 0 1 -236 0 -1 0 0 0 32002 32002 0 0 0 0 0 2724
WIT 7 -237 -236 -242 -255 -291 0 0 1 0 -236 0 -1 0 0 0 32002 32002 0 0 0 0 0 3370
WIT 8 -256 -236 -236 -243 -243 2203 1 0 0 -236 0 -1 0 0 0 32002 32002 0 0 0 0 0 3763
WIT 6 -237 -236 -239 -244 -614 0 0 0 0 -224 0 -1 0 0 0 32002 32002 0 0 0 0 0 3492
WIT 9 -237 -236 -236 -253 -244 53055 0 0 1 -225 0 -1 0 0 0 32002 32002 0 0 0 0 0 2724
WIT 7 -237 -236 -242 -248 -239 3763 0 0 1 -206 0 -1 0 0 0 32002 32002 0 0 0 0 0 2203
WIT 9 -237 -236 -236 -253 -289 0 0 1 0 -233 0 -1 0 0 0 32002 32002 0 0 0 0 0 3370
WIT 9 -237 -236 -240 -257 -245 3177 0 0 1 -214 0 -1 0 0 0 32002 32002 0 0 0 0 0 3826
WIT 9 -237 -236 -218 -226 -288 0 0 0 0 -215 0 -1 0 0 0 32002 32002 0 0 0 0 0 3492
WIT 9 -237 -236 -220 -228 -245 0 0 0 0 -216 0 -1 0 0 0 32002 32002 0 0 0 0 0 2724
WIT 7 -237 -236 -181 -187 -179 0 0 0 0 32002 0 -1 0 0 0 32002 32002 0 0 0 0 0 0
WIT 9 -237 -236 -242 -259 -328 0 0 0 0 -231 0 -1 0 0 0 32002 32002 0 0 0 0 0 3370
WIT 8 -237 -236 -200 -207 -181 3817 0 0 0 32002 0 -1 0 0 0 32002 32002 0 0 0 0 0 0
WIT 10 -237 -236 -183 -192 -146 0 0 0 0 32002 0 -1 0 0 0 32002 32002 0 0 0 0 0 0
WIT 10 -237 -236 -242 -261 -368 0 0 0 0 -236 0 -1 0 0 0 32002 32002 0 0 0 0 0 3370
WIT 12 -237 -236 -204 -215 -321 0 0 0 0 -211 0 -1 0 0 0 32002 32002 0 0 0 0 0 3370
WIT 9 -237 -236 -218 -226 -202 3763 0 0 0 32002 0 -1 0 0 0 32002 32002 0 0 0 0 0 0
WIT 6 -237 -236 -242 -247 -196 3817 0 0 0 32002 0 -1 0 0 0 32002 32002 0 0 0 0 0 0
WIT 12 -237 -236 -242 -253 -280 0 0 0 0 -236 0 -1 0 0 0 32002 32002 0 0 0 0 0 2658
WIT 10 -237 -236 -242 -251 -239 3817 0 0 1 -236 0 -1 0 0 0 32002 32002 0 0 0 0 0 3826
WIT 9 -237 -236 -242 -250 -221 3817 0 0 0 32002 0 -1 0 0 0 32002 32002 0 0 0 0 0 0
WIT 8 -237 -236 -242 -249 -386 0 0 0 0 -236 0 -1 0 0 0 32002 32002 0 0 0 0 0 3370
WIT 7 -237 -236 -242 -248 -201 3817 0 0 0 32002 0 -1 0 0 0 32002 32002 0 0 0 0 0 0
WIT 11 -237 -236 -242 -263 -264 0 0 0 0 -236 0 -1 0 0 0 32002 32002 0 0 0 0 0 2658
WIT 10 -237 -236 -212 -231 -333 0 0 0 0 -232 0 -1 0 0 0 32002 32002 0 0 0 0 0 3370
WIT 7 -237 -236 -242 -248 -258 0 0 0 0 -236 0 -1 0 0 0 32002 32002 0 0 0 0 0 3567
WIT 10 -237 -236 -242 -261 -247 3817 0 0 1 -236 0 -1 0 0 0 32002 32002 0 0 0 0 0 3826
WIT 8 -237 -236 -215 -222 -222 3567 0 0 0 32002 0 -1 0 0 0 32002 32002 0 0 0 0 0 0
WIT 6 -237 -236 -210 -215 -142 3817 0 0 0 32002 0 -1 0 0 0 32002 32002 0 0 0 0 0 0
WIT 10 -237 -236 -242 -261 -274 0 0 0 0 -236 0 -1 0 0 0 32002 32002 0 0 0 0 0 2658
WIT 10 -237 -236 -220 -229 -252 0 0 0 0 -236 0 -1 0 0 0 32002 32002 0 0 0 0 0 3817
WIT 8 -237 -236 -190 -197 -146 3641 0 0 0 32002 0 -1 0 0 0 32002 32002 0 0 0 0 0 0
WIT 10 -237 -236 -218 -227 -242 0 0 0 0 -234 0 -1 0 0 0 32002 32002 0 0 0 0 0 2658
WIT 7 -237 -236 -224 -230 -239 0 0 0 0 -237 0 -1 0 0 0 32002 32002 0 0 0 0 0 3761
WIT 9 -237 -236 -242 -259 -278 0 0 0 0 -236 0 -1 0 0 0 32002 32002 0 0 0 0 0 3177
WIT 10 -237 -236 -217 -226 -308 0 0 0 0 -236 0 -1 0 0 0 32002 32002 0 0 0 0 0 3492
WIT 10 -237 -236 -232 -241 -292 0 0 0 0 -236 0 -1 0 0 0 32002 32002 0 0 0 0 0 2724
WIT 11 -237 -236 -233 -243 -171 2358 0 0 0 32002 0 -1 0 0 0 32002 32002 0 0 0 0 0 0
WIT 10 -237 -236 -238 -247 -174 2358 0 0 0 32002 0 -1 0 0 0 32002 32002 0 0 0 0 0 0
WIT 7 -237 -236 -226 -232 -175 2358 0 0 0 32002 0 -1 0 0 0 32002 32002 0 0 0 0 0 0
WIT 10 -237 -236 -238 -257 -320 0 0 0 0 -236 0 -1 0 0 0 32002 32002 0 0 0 0 0 3492
WIT 10 -237 -236 -238 -257 -281 0 0 0 0 -236 0 -1 0 0 0 32002 32002 0 0 0 0 0 2724
WIT 8 -237 -236 -231 -246 -240 3826 0 0 1 -229 0 -1 0 0 0 32002 32002 0 0 0 0 0 2724
WIT 8 -237 -236 -236 -251 -255 0 0 0 0 -236 0 -1 0 0 0 32002 32002 0 0 0 0 0 53055
WIT 8 -237 -236 -234 -249 -246 2203 1 0 0 -234 0 -1 0 0 0 32002 32002 0 0 0 0 0 2202
WIT 8 -237 -236 -234 -241 -235 3817 0 0 0 32002 0 -1 0 0 0 32002 32002 0 0 0 0 0 0
WIT 6 -237 -236 -228 -233 -225 53055 0 0 0 32002 0 -1 0 0 0 32002 32002 0 0 0 0 0 0
WIT 6 -237 -236 -236 -241 -198 0 0 0 0 32002 0 -1 0 0 0 32002 32002 0 0 0 0 0 0
WIT 6 -237 -236 -226 -231 -177 0 0 0 0 32002 0 -1 0 0 0 32002 32002 0 0 0 0 0 0
WIT 7 -237 -236 -231 -237 -259 0 0 1 0 -227 0 -1 0 0 0 32002 32002 0 0 0 0 0 3370
WIT 7 -237 -236 -231 -244 -245 0 0 0 0 -236 0 -1 0 0 0 32002 32002 0 0 0 0 0 2203
WIT 6 -237 -236 -235 -240 -240 3817 0 0 1 -235 0 -1 0 0 0 32002 32002 0 0 0 0 0 2203
WIT 6 -237 -236 -230 -235 -226 53055 0 0 0 32002 0 -1 0 0 0 32002 32002 0 0 0 0 0 0
WIT 6 -237 -236 -225 -230 -183 0 0 0 0 32002 0 -1 0 0 0 32002 32002 0 0 0 0 0 0
WIT 6 235 236 243 238 223 0 0 0 0 251 0 -1 0 0 0 32002 32002 0 0 0 0 0 2023
WIT 7 -236 -235 -195 -201 -202 0 0 0 0 -197 0 -1 0 0 0 32002 32002 0 0 0 0 0 2982
WIT 6 -236 -235 -242 -247 -247 2740 0 0 1 -235 0 -1 0 0 0 32002 32002 0 0 0 0 0 3763
WIT 7 -236 -235 -242 -255 -278 0 0 1 0 -235 0 -1 0 0 0 32002 32002 0 0 0 0 0 3370
WIT 6 -227 -226 -202 -207 -231 0 0 0 0 -214 0 -1 0 0 0 32002 32002 0 0 0 0 0 2724
WIT 8 -227 -226 -235 -242 -224 3517 0 0 0 32002 0 -1 0 0 0 32002 32002 0 0 0 0 0 0
WIT 9 -227 -226 -197 -205 -134 3517 0 0 0 32002 0 -1 0 0 0 32002 32002 0 0 0 0 0 0
WIT 8 -227 -226 -201 -216 -226 0 0 0 0 -226 0 -1 0 0 0 32002 32002 0 0 0 0 0 2982
WIT 8 -227 -226 -235 -242 -230 53055 0 0 1 -226 0 -1 0 0 0 32002 32002 0 0 0 0 0 3763
WIT 7 -227 -226 -235 -248 -251 0 0 0 0 -226 0 -1 0 0 0 32002 32002 0 0 0 0 0 3567
WIT 7 -227 -226 -235 -248 -273 0 0 1 0 -226 0 -1 0 0 0 32002 32002 0 0 0 0 0 3370
WIT 8 -236 -226 -236 -243 -243 2203 1 0 0 -236 0 -1 0 0 0 32002 32002 0 0 0 0 0 2203
WIT 8 -227 -226 -175 -182 -182 2349 0 0 0 32002 0 -1 0 0 0 32002 32002 0 0 0 0 0 0
WIT 6 -227 -226 -224 -229 -191 2349 0 0 0 32002 0 -1 0 0 0 32002 32002 0 0 0 0 0 0
WIT 7 -227 -226 -225 -238 -381 0 0 0 0 -195 0 -1 0 0 0 32002 32002 0 0 0 0 0 3492
WIT 11 -227 -226 -226 -247 -233 53055 0 0 1 -218 0 -1 0 0 0 32002 32002 0 0 0 0 0 2724
WIT 9 -227 -226 -221 -229 -223 53055 0 0 0 32002 0 -1 0 0 0 32002 32002 0 0 0 0 0 0
WIT 11 -227 -226 -233 -254 -292 0 0 1 0 -226 0 -1 0 0 0 32002 32002 0 0 0 0 0 3370
WIT 10 -227 -226 -216 -235 -228 3177 0 0 1 -215 0 -1 0 0 0 32002 32002 0 0 0 0 0 3826
WIT 10 -227 -226 -231 -250 -325 0 0 0 0 -226 0 -1 0 0 0 32002 32002 0 0 0 0 0 3370
WIT 11 -227 -226 -183 -193 -146 3752 0 0 0 32002 0 -1 0 0 0 32002 32002 0 0 0 0 0 0
WIT 11 -227 -226 -186 -196 -180 3752 0 0 0 32002 0 -1 0 0 0 32002 32002 0 0 0 0 0 0
WIT 6 -227 -226 -254 -259 -183 0 0 0 0 32002 0 -1 0 0 0 32002 32002 0 0 0 0 0 0
WIT 11 -227 -226 -236 -257 -264 0 0 0 0 -204 0 -1 0 0 0 32002 32002 0 0 0 0 0 3370
WIT 12 -227 -226 -165 -176 -250 0 0 0 0 -226 0 -1 0 0 0 32002 32002 0 0 0 0 0 3370
WIT 9 -227 -226 -236 -244 -248 0 0 0 0 -226 0 -1 0 0 0 32002 32002 0 0 0 0 0 3112
WIT 12 -227 -226 -236 -247 -249 0 0 0 0 -226 0 -1 0 0 0 32002 32002 0 0 0 0 0 3641
WIT 12 -227 -226 -236 -259 -299 0 0 0 0 -226 0 -1 0 0 0 32002 32002 0 0 0 0 0 3817
WIT 13 -227 -226 -236 -248 -211 3641 0 0 0 32002 0 -1 0 0 0 32002 32002 0 0 0 0 0 0
WIT 6 -227 -226 -242 -247 -284 0 0 0 0 -221 0 -1 0 0 0 32002 32002 0 0 0 0 0 2724
WIT 12 -227 -226 -236 -259 -267 0 0 0 0 -226 0 -1 0 0 0 32002 32002 0 0 0 0 0 2658
WIT 11 -227 -226 -236 -257 -217 3763 0 0 0 32002 0 -1 0 0 0 32002 32002 0 0 0 0 0 0
WIT 7 -227 -226 -17 -23 -48 0 0 0 0 -128 0 -1 0 0 0 32002 32002 0 0 0 0 0 3370
WIT 6 -227 -226 -58 -63 -38 3112 0 0 0 32002 0 -1 0 0 0 32002 32002 0 0 0 0 0 0
WIT 10 -227 -226 -234 -253 -258 0 0 0 0 -226 0 -1 0 0 0 32002 32002 0 0 0 0 0 2658
WIT 8 -227 -226 -59 -66 -83 0 0 0 0 -220 0 -1 0 0 0 32002 32002 0 0 0 0 0 2658
WIT 9 -227 -226 -236 -244 -237 3817 0 0 1 -240 1 2 14775 1 1 -227 -226 1 0 6 0 30 3817
WIT 9 -227 -226 -242 -250 -230 3817 0 0 1 -226 0 -1 0 0 0 32002 32002 0 0 0 0 0 3826
WIT 9 -227 -226 -236 -244 -154 3817 0 0 0 32002 0 -1 0 0 0 32002 32002 0 0 0 0 0 0
WIT 9 -227 -226 -236 -253 -322 0 0 0 0 -226 0 -1 0 0 0 32002 32002 0 0 0 0 0 3370
WIT 7 -227 -226 -228 -234 -177 3817 0 0 0 32002 0 -1 0 0 0 32002 32002 0 0 0 0 0 0
WIT 9 -227 -226 -236 -253 -264 0 0 0 0 -226 0 -1 0 0 0 32002 32002 0 0 0 0 0 2658
WIT 9 -227 -226 -228 -236 -232 3826 0 0 1 -221 0 -1 0 0 0 32002 32002 0 0 0 0 0 2658
WIT 6 -227 -226 -179 -184 -166 0 0 0 0 32002 0 -1 0 0 0 32002 32002 0 0 0 0 0 0
WIT 8 -227 -226 -226 -233 -143 3817 0 0 0 32002 0 -1 0 0 0 32002 32002 0 0 0 0 0 0
WIT 8 -227 -226 -232 -239 -221 3817 0 0 0 32002 0 -1 0 0 0 32002 32002 0 0 0 0 0 0
WIT 8 -227 -226 -232 -247 -318 0 0 0 0 -221 0 -1 0 0 0 32002 32002 0 0 0 0 0 3370
WIT 10 -227 -226 -218 -227 -220 3817 0 0 0 32002 0 -1 0 0 0 32002 32002 0 0 0 0 0 0
WIT 8 -227 -226 -210 -217 -151 3817 0 0 0 32002 0 -1 0 0 0 32002 32002 0 0 0 0 0 0
WIT 6 -227 -226 -140 -145 -139 3374 1 0 0 32002 0 -1 0 0 0 32002 32002 0 0 0 0 0 0
WIT 6 -227 -226 -234 -239 -225 0 0 0 0 32002 0 -1 0 0 0 32002 32002 0 0 0 0 0 0
WIT 8 -227 -226 -236 -251 -257 0 0 0 0 -226 0 -1 0 0 0 32002 32002 0 0 0 0 0 2658
WIT 6 -227 -226 -183 -188 -162 0 0 0 0 32002 0 -1 0 0 0 32002 32002 0 0 0 0 0 0
WIT 10 -227 -226 -236 -255 -268 0 0 0 0 -226 0 -1 0 0 0 32002 32002 0 0 0 0 0 3177
WIT 10 -227 -226 -238 -247 -174 2358 0 0 0 32002 0 -1 0 0 0 32002 32002 0 0 0 0 0 0
WIT 10 -227 -226 -236 -245 -248 0 0 0 0 -226 0 -1 0 0 0 32002 32002 0 0 0 0 0 2358
WIT 10 -227 -226 -233 -242 -174 2358 0 0 0 32002 0 -1 0 0 0 32002 32002 0 0 0 0 0 0
WIT 8 -227 -226 -226 -233 -175 2358 0 0 0 32002 0 -1 0 0 0 32002 32002 0 0 0 0 0 0
WIT 6 -227 -226 -170 -175 -145 2367 0 0 0 32002 0 -1 0 0 0 32002 32002 0 0 0 0 0 0
WIT 10 -227 -226 -236 -255 -319 0 0 0 0 -226 0 -1 0 0 0 32002 32002 0 0 0 0 0 3492
WIT 10 -227 -226 -236 -255 -267 0 0 0 0 -226 0 -1 0 0 0 32002 32002 0 0 0 0 0 2724
WIT 8 -227 -226 -236 -243 -194 2349 0 0 0 32002 0 -1 0 0 0 32002 32002 0 0 0 0 0 0
WIT 10 -227 -226 -236 -245 -333 0 0 0 0 -222 0 -1 0 0 0 32002 32002 0 0 0 0 0 3492
WIT 10 -227 -226 -236 -255 -265 0 0 0 0 -226 0 -1 0 0 0 32002 32002 0 0 0 0 0 2724
WIT 9 -227 -226 -177 -194 -194 3826 0 0 0 32002 0 -1 0 0 0 32002 32002 0 0 0 0 0 0
WIT 7 -227 -226 -229 -242 -239 3826 0 0 1 -226 0 -1 0 0 0 32002 32002 0 0 0 0 0 2724
WIT 9 -227 -226 -236 -253 -256 0 0 0 0 -226 0 -1 0 0 0 32002 32002 0 0 0 0 0 53055
WIT 8 -227 -226 -226 -233 -175 53055 0 0 0 32002 0 -1 0 0 0 32002 32002 0 0 0 0 0 0
WIT 7 -227 -226 -234 -240 -219 3826 0 0 0 32002 0 -1 0 0 0 32002 32002 0 0 0 0 0 0
WIT 9 -227 -226 -234 -251 -254 0 0 0 0 -219 0 -1 0 0 0 32002 32002 0 0 0 0 0 2202
WIT 7 -227 -226 -210 -216 -148 0 0 0 0 32002 0 -1 0 0 0 32002 32002 0 0 0 0 0 0
WIT 7 -227 -226 -235 -241 -162 0 0 0 0 32002 0 -1 0 0 0 32002 32002 0 0 0 0 0 0
WIT 7 -227 -226 -183 -189 -187 2202 0 0 0 32002 0 -1 0 0 0 32002 32002 0 0 0 0 0 0
WIT 7 -227 -226 -234 -240 -240 2202 0 0 1 -221 0 -1 0 0 0 32002 32002 0 0 0 0 0 2203
WIT 7 -227 -226 -218 -224 -224 2202 0 0 0 32002 0 -1 0 0 0 32002 32002 0 0 0 0 0 0
WIT 7 -227 -226 -236 -242 -242 2202 0 0 1 -196 0 -1 0 0 0 32002 32002 0 0 0 0 0 2203
WIT 7 -227 -226 -228 -234 -234 2202 0 0 1 -188 0 -1 0 0 0 32002 32002 0 0 0 0 0 2203
WIT 8 -227 -226 -234 -241 -235 3817 0 0 1 -210 0 -1 0 0 0 32002 32002 0 0 0 0 0 2203
WIT 7 -227 -226 -207 -213 -149 0 0 0 0 32002 0 -1 0 0 0 32002 32002 0 0 0 0 0 0
WIT 9 -227 -226 -232 -240 -231 3763 0 0 1 -226 0 -1 0 0 0 32002 32002 0 0 0 0 0 3817
WIT 9 -227 -226 -227 -235 -223 3567 0 0 0 32002 0 -1 0 0 0 32002 32002 0 0 0 0 0 0
WIT 9 -227 -226 -228 -245 -264 0 0 1 0 -226 0 -1 0 0 0 32002 32002 0 0 0 0 0 3370
WIT 9 -227 -226 -236 -253 -254 0 0 0 0 -226 0 -1 0 0 0 32002 32002 0 0 0 0 0 2203
WIT 7 -227 -226 -233 -239 -176 0 0 0 0 32002 0 -1 0 0 0 32002 32002 0 0 0 0 0 0
WIT 7 -227 -226 -224 -230 -198 53055 0 0 0 32002 0 -1 0 0 0 32002 32002 0 0 0 0 0 0
WIT 8 -227 -226 -235 -242 -240 3817 0 0 1 -227 1 1 -2459 1 1 -227 -226 0 0 0 0 71 3817
WIT 7 -227 -226 -198 -204 -201 3817 0 0 0 32002 0 -1 0 0 0 32002 32002 0 0 0 0 0 0
WIT 8 -227 -226 -217 -224 -212 3365 0 0 0 32002 0 -1 0 0 0 32002 32002 0 0 0 0 0 0
WIT 7 -227 -226 -186 -192 -192 2202 0 0 0 32002 0 -1 0 0 0 32002 32002 0 0 0 0 0 0
WIT 7 -227 -226 -230 -236 -225 53055 0 0 0 32002 0 -1 0 0 0 32002 32002 0 0 0 0 0 0
WIT 7 -227 -226 -225 -231 -231 2202 0 0 1 -223 0 -1 0 0 0 32002 32002 0 0 0 0 0 2203
WIT 7 -227 -226 -234 -240 -235 3112 0 0 1 -191 0 -1 0 0 0 32002 32002 0 0 0 0 0 2203
WIT 6 -214 -213 -217 -222 -212 3567 0 0 0 32002 0 -1 0 0 0 32002 32002 0 0 0 0 0 0
WIT 8 -214 -213 -23 -30 -70 0 0 0 0 -109 0 -1 0 0 0 32002 32002 0 0 0 0 0 3297
WIT 9 -214 -213 -215 -232 -247 0 0 0 0 -210 0 -1 0 0 0 32002 32002 0 0 0 0 0 2724
WIT 7 -214 -213 -219 -225 -277 0 0 0 0 -175 0 -1 0 0 0 32002 32002 0 0 0 0 0 3297
WIT 8 -214 -213 -189 -196 -215 0 0 0 0 -213 0 -1 0 0 0 32002 32002 0 0 0 0 0 3517
WIT 8 -214 -213 -195 -202 -219 0 0 0 0 -213 0 -1 0 0 0 32002 32002 0 0 0 0 0 3297
WIT 7 -214 -213 -135 -141 -272 0 0 1 0 -109 0 -1 0 0 0 32002 32002 0 0 0 0 0 2355
WIT 7 -214 -213 -221 -234 -241 0 0 0 0 -213 0 -1 0 0 0 32002 32002 0 0 0 0 0 2724
WIT 7 -214 -213 -212 -225 -241 0 0 0 0 -214 0 -1 0 0 0 32002 32002 0 0 0 0 0 0
WIT 6 -214 -213 -162 -167 -204 0 0 0 0 -171 0 -1 0 0 0 32002 32002 0 0 0 0 0 2388
WIT 7 -214 -213 -230 -236 -214 2724 1 0 0 -212 0 -1 0 0 0 32002 32002 0 0 0 0 0 3365
WIT 6 -214 -213 -206 -211 -230 0 0 0 0 -208 0 -1 0 0 0 32002 32002 0 0 0 0 0 3817
WIT 6 -214 -213 -230 -235 -212 3567 0 0 0 32002 0 -1 0 0 0 32002 32002 0 0 0 0 0 0
WIT 7 -226 -213 -221 -227 -242 0 0 0 0 -213 0 -1 0 0 0 32002 32002 0 0 0 0 0 3763
WIT 6 -214 -213 -226 -231 -232 0 0 0 0 -202 0 -1 0 0 0 32002 32002 0 0 0 0 0 2740
WIT 11 -214 -213 -226 -236 -215 3517 0 0 1 -203 0 -1 0 0 0 32002 32002 0 0 0 0 0 3763
WIT 8 -214 -213 -197 -204 -138 3517 0 0 0 32002 0 -1 0 0 0 32002 32002 0 0 0 0 0 0
WIT 10 -214 -213 -226 -235 -208 3517 0 0 0 32002 0 -1 0 0 0 32002 32002 0 0 0 0 0 0
WIT 6 -214 -213 -204 -209 -217 0 0 0 0 -213 0 -1 0 0 0 32002 32002 0 0 0 0 0 53055
WIT 7 -214 -213 -226 -239 -240 0 0 0 0 -213 0 -1 0 0 0 32002 32002 0 0 0 0 0 2982
WIT 6 -214 -213 -226 -231 -219 2740 0 0 1 -214 1 2 10503 1 1 -214 -213 1 0 2 0 23 2740
WIT 8 -214 -213 -226 -241 -248 0 0 0 0 -213 0 -1 0 0 0 32002 32002 0 0 0 0 0 3567
WIT 9 -214 -213 -226 -243 -244 0 0 1 0 -213 0 -1 0 0 0 32002 32002 0 0 0 0 0 3370
WIT 8 -226 -213 -226 -233 -236 0 0 0 0 -213 0 -1 0 0 0 32002 32002 0 0 0 0 0 2203
WIT 6 -214 -213 -218 -223 -175 2346 0 1 0 32002 0 -1 0 0 0 32002 32002 0 0 0 0 0 0
WIT 8 -214 -213 -198 -213 -275 0 0 0 0 -195 0 -1 0 0 0 32002 32002 0 0 0 0 0 3492
WIT 11 -214 -213 -218 -239 -228 53055 0 0 1 -196 0 -1 0 0 0 32002 32002 0 0 0 0 0 2724
WIT 9 -214 -213 -224 -232 -203 2202 0 0 0 32002 0 -1 0 0 0 32002 32002 0 0 0 0 0 0
WIT 9 -214 -213 -221 -229 -225 53055 0 0 1 -211 0 -1 0 0 0 32002 32002 0 0 0 0 0 2203
WIT 7 -214 -213 -226 -232 -219 53055 0 0 1 -188 0 -1 0 0 0 32002 32002 0 0 0 0 0 2203
WIT 7 -214 -213 -209 -215 -215 3567 0 0 1 -213 0 -1 0 0 0 32002 32002 0 0 0 0 0 2203
WIT 6 -214 -213 -180 -185 -185 3567 0 0 0 32002 0 -1 0 0 0 32002 32002 0 0 0 0 0 0
WIT 6 -214 -213 -55 -60 -150 0 0 0 0 -211 0 -1 0 0 0 32002 32002 0 0 0 0 0 3817
WIT 11 -214 -213 -226 -247 -290 0 0 1 0 -213 0 -1 0 0 0 32002 32002 0 0 0 0 0 3370
WIT 11 -214 -213 -216 -237 -209 3177 0 0 0 32002 0 -1 0 0 0 32002 32002 0 0 0 0 0 0
WIT 7 -214 -213 -156 -162 -135 2349 0 0 0 32002 0 -1 0 0 0 32002 32002 0 0 0 0 0 0
WIT 7 -214 -213 -216 -222 -305 0 0 0 0 -187 0 -1 0 0 0 32002 32002 0 0 0 0 0 3492
WIT 12 -214 -213 -217 -240 -230 3826 0 0 1 -189 0 -1 0 0 0 32002 32002 0 0 0 0 0 2724
WIT 7 -214 -213 -209 -215 -167 0 0 0 0 32002 0 -1 0 0 0 32002 32002 0 0 0 0 0 0
WIT 6 -214 -213 -181 -186 -198 0 0 0 0 -190 0 -1 0 0 0 32002 32002 0 0 0 0 0 2724
WIT 11 -214 -213 -226 -247 -339 0 0 0 0 -213 0 -1 0 0 0 32002 32002 0 0 0 0 0 3370
WIT 11 -214 -213 -226 -247 -303 0 0 0 0 -210 0 -1 0 0 0 32002 32002 0 0 0 0 0 3370
WIT 8 -214 -213 -49 -56 -104 0 0 0 0 -136 0 -1 0 0 0 32002 32002 0 0 0 0 0 3752
WIT 12 -214 -213 -216 -227 -195 2633 1 0 0 32002 0 -1 0 0 0 32002 32002 0 0 0 0 0 0
WIT 10 -214 -213 -226 -235 -210 0 0 0 0 32002 0 -1 0 0 0 32002 32002 0 0 0 0 0 0
WIT 11 -214 -213 -226 -236 -240 0 0 0 0 -210 0 -1 0 0 0 32002 32002 0 0 0 0 0 3112
WIT 11 -214 -213 -226 -247 -257 0 0 0 0 -210 0 -1 0 0 0 32002 32002 0 0 0 0 0 3641
WIT 6 213 214 217 212 193 0 0 0 0 220 0 -1 0 0 0 32002 32002 0 0 0 0 0 1633
WIT 11 -214 -213 -226 -236 -246 0 0 0 0 -216 0 -1 0 0 0 32002 32002 0 0 0 0 0 0
WIT 11 -214 -213 -226 -247 -284 0 0 0 0 -214 0 -1 0 0 0 32002 32002 0 0 0 0 0 0
WIT 10 -214 -213 -226 -245 -259 0 0 0 0 -214 0 -1 0 0 0 32002 32002 0 0 0 0 0 0
WIT 10 -214 -213 -226 -245 -281 0 0 0 0 -214 0 -1 0 0 0 32002 32002 0 0 0 0 0 0
WIT 9 -214 -213 -238 -246 -174 2358 0 0 0 32002 0 -1 0 0 0 32002 32002 0 0 0 0 0 0
WIT 11 -214 -213 -152 -162 -137 3437 0 1 0 32002 0 -1 0 0 0 32002 32002 0 0 0 0 0 0
WIT 11 -214 -213 -226 -236 -274 0 0 0 0 -213 0 -1 0 0 0 32002 32002 0 0 0 0 0 4022
WIT 8 -214 -213 -226 -241 -247 0 0 0 0 -213 0 -1 0 0 0 32002 32002 0 0 0 0 0 2358
WIT 8 -214 -213 -222 -229 -184 2349 0 0 0 32002 0 -1 0 0 0 32002 32002 0 0 0 0 0 0
WIT 8 -214 -213 -226 -241 -323 0 0 0 0 -213 0 -1 0 0 0 32002 32002 0 0 0 0 0 3492
WIT 8 -214 -213 -46 -53 25 0 0 0 0 32002 0 -1 0 0 0 32002 32002 0 0 0 0 0 0
WIT 8 -214 -213 -226 -241 -257 0 0 0 0 -213 0 -1 0 0 0 32002 32002 0 0 0 0 0 2724
WIT 7 -214 -213 -121 -127 -131 0 0 0 0 -213 0 -1 0 0 0 32002 32002 0 0 0 0 0 2358
WIT 9 -214 -213 -158 -166 -166 2349 0 0 0 32002 0 -1 0 0 0 32002 32002 0 0 0 0 0 0
WIT 7 -214 -213 -222 -228 -183 2349 0 0 0 32002 0 -1 0 0 0 32002 32002 0 0 0 0 0 0
WIT 7 -214 -213 -222 -235 -261 0 0 0 0 -213 0 -1 0 0 0 32002 32002 0 0 0 0 0 3492
WIT 7 -214 -213 -226 -239 -265 0 0 0 0 -213 0 -1 0 0 0 32002 32002 0 0 0 0 0 2724
WIT 10 -214 -213 -198 -207 -266 0 0 1 0 -209 0 -1 0 0 0 32002 32002 0 0 0 0 0 3370
WIT 10 -214 -213 -209 -218 -218 3177 0 0 1 -208 0 -1 0 0 0 32002 32002 0 0 0 0 0 3817
WIT 6 -214 -213 -234 -239 -239 3365 0 0 1 -153 0 -1 0 0 0 32002 32002 0 0 0 0 0 3817
WIT 9 -214 -213 -219 -236 -243 0 0 0 0 -212 0 -1 0 0 0 32002 32002 0 0 0 0 0 2202
WIT 6 -214 -213 -203 -208 -190 3370 1 1 0 32002 0 -1 0 0 0 32002 32002 0 0 0 0 0 0
WIT 9 -214 -213 -226 -243 -245 0 0 0 0 -213 0 -1 0 0 0 32002 32002 0 0 0 0 0 2203
WIT 9 -214 -213 -221 -229 -227 3763 0 0 1 -197 0 -1 0 0 0 32002 32002 0 0 0 0 0 2203
WIT 9 -214 -213 -226 -234 -226 3763 0 0 1 -213 0 -1 0 0 0 32002 32002 0 0 0 0 0 2203
WIT 9 -214 -213 -211 -219 -188 3817 0 0 0 32002 0 -1 0 0 0 32002 32002 0 0 0 0 0 0
WIT 8 -214 -213 -226 -233 -230 3763 0 0 1 -236 1 1 21898 1 1 -214 -213 0 0 0 0 65 3763
WIT 8 -214 -213 -227 -234 -219 3763 0 0 1 -247 1 1 25851 1 1 -214 -221 0 0 0 0 42 0
WIT 8 -214 -213 -226 -241 -262 0 0 1 0 -214 0 -1 0 0 0 32002 32002 0 0 0 0 0 0
WIT 9 -214 -213 -226 -243 -246 0 0 0 0 -214 0 -1 0 0 0 32002 32002 0 0 0 0 0 0
WIT 6 -214 -213 -226 -231 -231 3177 0 0 1 -213 0 -1 0 0 0 32002 32002 0 0 0 0 0 3763
WIT 8 -214 -213 -223 -230 -222 2201 1 0 0 -206 0 -1 0 0 0 32002 32002 0 0 0 0 0 2203
WIT 8 -214 -213 -226 -233 -227 3763 0 0 1 -207 0 -1 0 0 0 32002 32002 0 0 0 0 0 2203
WIT 8 -214 -213 -210 -217 -148 0 0 0 0 32002 0 -1 0 0 0 32002 32002 0 0 0 0 0 0
WIT 8 -214 -213 -235 -242 -162 0 0 0 0 32002 0 -1 0 0 0 32002 32002 0 0 0 0 0 0
WIT 8 -214 -213 -218 -225 -204 3763 0 0 0 32002 0 -1 0 0 0 32002 32002 0 0 0 0 0 0
WIT 8 -214 -213 -183 -190 -171 3763 0 0 0 32002 0 -1 0 0 0 32002 32002 0 0 0 0 0 0
WIT 8 -214 -213 -220 -227 -217 3763 0 0 1 -210 0 -1 0 0 0 32002 32002 0 0 0 0 0 2203
WIT 8 -214 -213 -199 -206 -203 3763 0 0 0 32002 0 -1 0 0 0 32002 32002 0 0 0 0 0 0
WIT 9 -214 -213 -226 -234 -232 2203 1 0 0 -211 0 -1 0 0 0 32002 32002 0 0 0 0 0 3817
WIT 8 -214 -213 -192 -199 -198 3763 0 0 0 32002 0 -1 0 0 0 32002 32002 0 0 0 0 0 0
WIT 8 -214 -213 -226 -233 -197 3763 0 0 0 32002 0 -1 0 0 0 32002 32002 0 0 0 0 0 0
WIT 8 -214 -213 -233 -240 -176 0 0 0 0 32002 0 -1 0 0 0 32002 32002 0 0 0 0 0 0
WIT 8 -214 -213 -224 -231 -215 3763 0 0 1 -211 0 -1 0 0 0 32002 32002 0 0 0 0 0 2203
WIT 8 -214 -213 -198 -205 -199 3763 0 0 0 32002 0 -1 0 0 0 32002 32002 0 0 0 0 0 0
WIT 8 -214 -213 -207 -214 -214 3763 0 0 1 -203 0 -1 0 0 0 32002 32002 0 0 0 0 0 2203
WIT 8 -214 -213 -223 -230 -224 3763 0 0 1 -196 0 -1 0 0 0 32002 32002 0 0 0 0 0 2203
WIT 9 -214 -213 -195 -203 -170 3365 0 0 0 32002 0 -1 0 0 0 32002 32002 0 0 0 0 0 0
WIT 9 -214 -213 -217 -225 -212 3365 0 0 0 32002 0 -1 0 0 0 32002 32002 0 0 0 0 0 0
WIT 7 -197 -196 -217 -223 -211 3567 0 0 1 -189 0 -1 0 0 0 32002 32002 0 0 0 0 0 3365
WIT 6 -197 -196 -183 -188 -180 2739 0 0 0 32002 0 -1 0 0 0 32002 32002 0 0 0 0 0 0
WIT 9 -197 -196 -119 -136 -184 0 0 0 0 -109 0 -1 0 0 0 32002 32002 0 0 0 0 0 3297
WIT 10 -197 -196 -210 -219 -256 0 0 0 0 -196 0 -1 0 0 0 32002 32002 0 0 0 0 0 3297
WIT 9 -197 -196 -144 -152 -309 0 0 1 0 -14 0 -1 0 0 0 32002 32002 0 0 0 0 0 2355
WIT 9 -197 -196 -210 -227 -242 0 0 0 0 -196 0 -1 0 0 0 32002 32002 0 0 0 0 0 2724
WIT 8 -197 -196 -213 -228 -242 0 0 0 0 -197 0 -1 0 0 0 32002 32002 0 0 0 0 0 0
WIT 10 212 213 244 225 224 0 0 0 0 213 0 -1 0 0 0 32002 32002 0 0 0 0 0 721
WIT 6 212 213 246 241 241 2 0 0 0 32002 0 -1 0 0 0 32002 32002 0 0 0 0 0 0
WIT 8 212 213 242 235 234 0 0 0 0 213 0 -1 0 0 0 32002 32002 0 0 0 0 0 721
WIT 8 212 213 242 227 211 0 0 0 0 213 0 -1 0 0 0 32002 32002 0 0 0 0 0 2154
WIT 7 -213 -196 -213 -219 -242 0 0 0 0 -213 0 -1 0 0 0 32002 32002 0 0 0 0 0 0
WIT 7 212 213 306 300 308 0 0 0 0 32002 0 -1 0 0 0 32002 32002 0 0 0 0 0 0
WIT 7 212 213 258 252 270 1309 0 0 0 32002 0 -1 0 0 0 32002 32002 0 0 0 0 0 0
WIT 10 212 213 256 247 246 0 0 0 0 236 0 -1 0 0 0 32002 32002 0 0 0 0 0 1762
WIT 8 212 213 252 245 234 0 0 0 0 245 0 -1 0 0 0 32002 32002 0 0 0 0 0 2542
WIT 8 212 213 242 235 219 0 0 0 0 213 0 -1 0 0 0 32002 32002 0 0 0 0 0 1179
WIT 6 212 213 247 242 300 0 0 0 0 32002 0 -1 0 0 0 32002 32002 0 0 0 0 0 0
WIT 7 212 213 267 261 286 1762 1 0 0 32002 0 -1 0 0 0 32002 32002 0 0 0 0 0 0
WIT 6 212 213 242 237 288 0 0 0 0 32002 0 -1 0 0 0 32002 32002 0 0 0 0 0 0
WIT 9 212 213 236 219 217 0 0 0 0 213 0 -1 0 0 0 32002 32002 0 0 0 0 0 2154
WIT 9 212 213 266 258 257 0 0 0 0 261 0 -1 0 0 0 32002 32002 0 0 0 0 0 2154
WIT 7 212 213 284 278 296 2154 1 0 0 32002 0 -1 0 0 0 32002 32002 0 0 0 0 0 0
WIT 6 212 213 291 286 308 2154 1 0 0 32002 0 -1 0 0 0 32002 32002 0 0 0 0 0 0
WIT 8 -213 -196 -213 -220 -236 0 0 0 0 -213 0 -1 0 0 0 32002 32002 0 0 0 0 0 0
WIT 8 -208 -207 -179 -194 -257 0 0 0 0 -99 0 -1 0 0 0 32002 32002 0 0 0 0 0 3297
WIT 12 -208 -207 -213 -224 -234 0 0 0 0 -207 0 -1 0 0 0 32002 32002 0 0 0 0 0 3517
WIT 9 207 208 250 242 214 0 0 0 0 209 0 -1 0 0 0 32002 32002 0 0 0 0 0 1318
WIT 10 -208 -207 -213 -232 -573 0 0 0 0 -207 0 -1 0 0 0 32002 32002 0 0 0 0 0 3297
WIT 8 -208 -207 -120 -135 -236 0 0 1 0 -172 0 -1 0 0 0 32002 32002 0 0 0 0 0 2355
WIT 8 -208 -207 -213 -228 -235 0 0 0 0 -207 0 -1 0 0 0 32002 32002 0 0 0 0 0 2724
WIT 8 -208 -207 -203 -210 -198 3567 0 0 0 32002 0 -1 0 0 0 32002 32002 0 0 0 0 0 0
WIT 7 -208 -207 -192 -198 -199 0 0 0 0 -207 0 -1 0 0 0 32002 32002 0 0 0 0 0 3306
WIT 7 -208 -207 -208 -221 -233 0 0 0 0 -207 0 -1 0 0 0 32002 32002 0 0 0 0 0 3817
WIT 8 -208 -207 -196 -211 -212 0 0 0 0 -211 0 -1 0 0 0 32002 32002 0 0 0 0 0 0
WIT 9 224 225 213 196 196 2131 0 0 1 228 0 -1 0 0 0 32002 32002 0 0 0 0 0 2154
WIT 8 224 225 213 198 198 2154 1 0 0 225 0 -1 0 0 0 32002 32002 0 0 0 0 0 721
WIT 7 224 225 217 211 259 2154 1 0 0 32002 0 -1 0 0 0 32002 32002 0 0 0 0 0 0
WIT 7 224 225 231 225 279 0 0 0 0 32002 0 -1 0 0 0 32002 32002 0 0 0 0 0 0
WIT 7 224 225 247 234 243 2154 1 0 0 32002 0 -1 0 0 0 32002 32002 0 0 0 0 0 0
WIT 7 224 225 284 278 296 2154 1 0 0 32002 0 -1 0 0 0 32002 32002 0 0 0 0 0 0
WIT 7 224 225 256 250 250 2131 0 0 0 32002 0 -1 0 0 0 32002 32002 0 0 0 0 0 0
WIT 7 224 225 279 273 291 0 0 0 0 32002 0 -1 0 0 0 32002 32002 0 0 0 0 0 0
WIT 6 224 225 267 262 257 0 0 0 0 225 0 -1 0 0 0 32002 32002 0 0 0 0 0 2023
WIT 11 224 225 213 192 193 2131 0 0 1 225 0 -1 0 0 0 32002 32002 0 0 0 0 0 2154
WIT 7 224 225 238 232 247 0 0 0 0 32002 0 -1 0 0 0 32002 32002 0 0 0 0 0 0
WIT 6 224 225 243 238 277 0 0 0 0 32002 0 -1 0 0 0 32002 32002 0 0 0 0 0 0
WIT 7 224 225 275 269 308 0 0 0 0 32002 0 -1 0 0 0 32002 32002 0 0 0 0 0 0
WIT 7 224 225 284 278 302 2154 1 0 0 32002 0 -1 0 0 0 32002 32002 0 0 0 0 0 0
WIT 7 224 225 248 242 281 0 0 0 0 32002 0 -1 0 0 0 32002 32002 0 0 0 0 0 0
WIT 7 224 225 291 285 311 2154 1 0 0 32002 0 -1 0 0 0 32002 32002 0 0 0 0 0 0
WIT 6 -217 -216 -196 -201 -201 3365 0 0 0 32002 0 -1 0 0 0 32002 32002 0 0 0 0 0 0
WIT 8 -217 -216 -189 -196 -192 3567 0 0 0 32002 0 -1 0 0 0 32002 32002 0 0 0 0 0 0
WIT 6 -217 -216 -171 -176 -166 3365 0 0 0 32002 0 -1 0 0 0 32002 32002 0 0 0 0 0 0
WIT 6 -217 -216 -183 -188 -136 3365 0 0 0 32002 0 -1 0 0 0 32002 32002 0 0 0 0 0 0
WIT 6 216 217 214 209 209 721 0 0 1 216 1 1 13513 1 1 216 213 0 0 0 0 2 0
WIT 6 233 234 221 216 232 2023 0 0 1 234 0 -1 0 0 0 32002 32002 0 0 0 0 0 49415
WIT 7 233 234 217 204 205 721 0 0 1 233 1 1 16167 1 1 233 239 0 0 0 0 53 721
WIT 6 233 234 229 224 227 49415 0 0 1 234 0 -1 0 0 0 32002 32002 0 0 0 0 0 721
WIT 7 -217 -216 -203 -209 -197 3567 0 0 0 32002 0 -1 0 0 0 32002 32002 0 0 0 0 0 0
WIT 8 -217 -216 -212 -219 -211 3567 0 0 0 32002 0 -1 0 0 0 32002 32002 0 0 0 0 0 0
WIT 6 -217 -216 -213 -218 -226 0 0 0 0 -216 0 -1 0 0 0 32002 32002 0 0 0 0 0 3567
WIT 6 -217 -216 -230 -235 -236 0 0 0 0 -204 0 -1 0 0 0 32002 32002 0 0 0 0 0 3365
WIT 7 216 234 225 219 214 0 0 0 0 216 0 -1 0 0 0 32002 32002 0 0 0 0 0 0
WIT 10 -217 -216 -226 -235 -219 3437 0 0 1 -216 0 -1 0 0 0 32002 32002 0 0 0 0 0 3763
WIT 9 -217 -216 -213 -230 -194 3437 0 0 0 32002 0 -1 0 0 0 32002 32002 0 0 0 0 0 0
WIT 11 -217 -216 -213 -234 -245 0 0 0 0 -216 0 -1 0 0 0 32002 32002 0 0 0 0 0 2982
WIT 7 216 217 212 206 184 0 0 0 0 214 0 -1 0 0 0 32002 32002 0 0 0 0 0 0
WIT 10 -217 -216 -214 -223 -224 0 0 0 0 -202 0 -1 0 0 0 32002 32002 0 0 0 0 0 2740
WIT 7 -217 -216 -216 -222 -210 2982 0 0 0 32002 0 -1 0 0 0 32002 32002 0 0 0 0 0 0
WIT 6 -217 -216 -171 -176 -128 3752 0 0 0 32002 0 -1 0 0 0 32002 32002 0 0 0 0 0 0
WIT 12 -217 -216 -200 -211 -212 0 0 0 0 -224 0 -1 0 0 0 32002 32002 0 0 0 0 0 3177
WIT 8 216 217 217 210 209 0 0 0 0 216 0 -1 0 0 0 32002 32002 0 0 0 0 0 0
WIT 8 -217 -216 -143 -150 -147 3437 0 0 0 32002 0 -1 0 0 0 32002 32002 0 0 0 0 0 0
WIT 6 -217 -216 -183 -188 -188 2740 0 0 0 32002 0 -1 0 0 0 32002 32002 0 0 0 0 0 0
WIT 10 -217 -216 -213 -232 -237 0 0 0 0 -216 0 -1 0 0 0 32002 32002 0 0 0 0 0 3567
WIT 11 -217 -216 -213 -234 -242 0 0 1 0 -216 0 -1 0 0 0 32002 32002 0 0 0 0 0 3370
WIT 9 -217 -216 -150 -158 -111 0 0 0 0 32002 0 -1 0 0 0 32002 32002 0 0 0 0 0 0
WIT 8 216 234 225 218 213 0 0 0 0 216 0 -1 0 0 0 32002 32002 0 0 0 0 0 0
WIT 12 -217 -216 -197 -220 -214 53055 0 0 0 32002 0 -1 0 0 0 32002 32002 0 0 0 0 0 0
WIT 10 -217 -216 -224 -233 -213 2202 0 0 0 32002 0 -1 0 0 0 32002 32002 0 0 0 0 0 0
WIT 8 -217 -216 -191 -198 -199 0 0 0 0 -216 0 -1 0 0 0 32002 32002 0 0 0 0 0 2203
WIT 6 -217 -216 -163 -168 -159 3567 0 0 0 32002 0 -1 0 0 0 32002 32002 0 0 0 0 0 0
WIT 8 -217 -216 -178 -185 -91 2202 0 0 0 32002 0 -1 0 0 0 32002 32002 0 0 0 0 0 0
WIT 7 -217 -216 -211 -224 -250 0 0 0 0 -211 0 -1 0 0 0 32002 32002 0 0 0 0 0 3817
WIT 6 -217 -216 -160 -165 -159 3817 0 0 0 32002 0 -1 0 0 0 32002 32002 0 0 0 0 0 0
WIT 12 -217 -216 -213 -236 -289 0 0 1 0 -216 0 -1 0 0 0 32002 32002 0 0 0 0 0 3370
WIT 8 -189 -188 -203 -210 -153 0 0 0 0 32002 0 -1 0 0 0 32002 32002 0 0 0 0 0 0
WIT 9 -189 -188 -216 -224 -196 2633 1 0 0 -228 0 -1 0 0 0 32002 32002 0 0 0 0 0 0
WIT 8 -189 -188 -210 -225 -240 0 0 0 0 -189 0 -1 0 0 0 32002 32002 0 0 0 0 0 0
WIT 7 -189 -188 -210 -223 -247 0 0 0 0 -189 0 -1 0 0 0 32002 32002 0 0 0 0 0 0
WIT 11 216 217 216 206 166 0 0 0 0 217 0 -1 0 0 0 32002 32002 0 0 0 0 0 2154
WIT 8 216 217 235 228 253 49415 0 0 0 32002 0 -1 0 0 0 32002 32002 0 0 0 0 0 0
WIT 8 216 217 215 208 290 1380 1 0 0 32002 0 -1 0 0 0 32002 32002 0 0 0 0 0 0
WIT 6 216 217 242 237 208 0 0 0 0 256 0 -1 0 0 0 32002 32002 0 0 0 0 0 204
WIT 13 216 217 214 189 189 204 0 0 1 217 0 -1 0 0 0 32002 32002 0 0 0 0 0 536
WIT 8 216 217 221 214 274 0 0 0 0 32002 0 -1 0 0 0 32002 32002 0 0 0 0 0 0
WIT 9 216 217 325 317 326 2131 0 0 0 32002 0 -1 0 0 0 32002 32002 0 0 0 0 0 0
WIT 7 216 217 299 293 302 1892 1 0 0 32002 0 -1 0 0 0 32002 32002 0 0 0 0 0 0
WIT 13 216 217 214 189 188 0 0 0 0 217 0 -1 0 0 0 32002 32002 0 0 0 0 0 2217
WIT 11 216 217 254 233 229 0 0 0 0 217 0 -1 0 0 0 32002 32002 0 0 0 0 0 204
WIT 10 216 217 267 258 457 1892 1 0 0 32002 0 -1 0 0 0 32002 32002 0 0 0 0 0 0
WIT 6 216 217 337 332 329 0 0 0 0 236 0 -1 0 0 0 32002 32002 0 0 0 0 0 204
WIT 12 216 217 214 191 190 0 0 0 0 217 0 -1 0 0 0 32002 32002 0 0 0 0 0 1309
WIT 10 -217 -216 -213 -232 -273 0 0 0 0 -217 0 -1 0 0 0 32002 32002 0 0 0 0 0 0
WIT 6 231 232 221 216 282 0 0 0 0 32002 0 -1 0 0 0 32002 32002 0 0 0 0 0 0
WIT 7 216 234 217 211 210 0 0 0 0 232 0 -1 0 0 0 32002 32002 0 0 0 0 0 2217
WIT 8 231 232 307 300 240 0 0 0 0 303 0 -1 0 0 0 32002 32002 0 0 0 0 0 2349
WIT 8 231 232 217 210 281 0 0 0 0 32002 0 -1 0 0 0 32002 32002 0 0 0 0 0 0
WIT 7 231 232 379 373 463 1892 1 0 0 32002 0 -1 0 0 0 32002 32002 0 0 0 0 0 0
WIT 7 231 232 217 204 201 0 0 0 0 232 0 -1 0 0 0 32002 32002 0 0 0 0 0 204
WIT 7 231 232 226 220 230 0 0 0 0 272 0 -1 0 0 0 32002 32002 0 0 0 0 0 2349
WIT 7 231 232 267 261 445 1892 1 0 0 32002 0 -1 0 0 0 32002 32002 0 0 0 0 0 0
WIT 6 231 232 219 214 250 0 0 0 0 32002 0 -1 0 0 0 32002 32002 0 0 0 0 0 0
WIT 7 -233 -232 -160 -173 -209 0 0 0 0 -213 0 -1 0 0 0 32002 32002 0 0 0 0 0 2724
WIT 7 216 234 217 211 196 0 0 0 0 232 0 -1 0 0 0 32002 32002 0 0 0 0 0 1309
WIT 6 231 232 235 230 252 49415 0 0 0 32002 0 -1 0 0 0 32002 32002 0 0 0 0 0 0
WIT 7 231 232 230 224 166 0 0 0 0 242 0 -1 0 0 0 32002 32002 0 0 0 0 0 1569
WIT 6 231 232 228 223 222 0 0 0 0 240 0 -1 0 0 0 32002 32002 0 0 0 0 0 204
WIT 6 231 232 242 237 216 0 0 0 0 224 0 -1 0 0 0 32002 32002 0 0 0 0 0 0
WIT 7 214 215 227 221 220 0 0 0 0 216 0 -1 0 0 0 32002 32002 0 0 0 0 0 601
WIT 7 -215 -214 -216 -222 -232 0 0 0 0 -215 0 -1 0 0 0 32002 32002 0 0 0 0 0 0
WIT 8 231 232 221 214 270 0 0 0 0 32002 0 -1 0 0 0 32002 32002 0 0 0 0 0 0
WIT 8 231 232 325 318 322 0 0 0 0 32002 0 -1 0 0 0 32002 32002 0 0 0 0 0 0
WIT 8 231 232 299 292 303 1892 1 0 0 32002 0 -1 0 0 0 32002 32002 0 0 0 0 0 0
WIT 9 231 232 267 259 328 1892 1 0 0 32002 0 -1 0 0 0 32002 32002 0 0 0 0 0 0
WIT 7 231 232 233 220 220 2154 1 0 0 236 0 -1 0 0 0 32002 32002 0 0 0 0 0 204
WIT 7 231 232 219 213 243 0 0 0 0 32002 0 -1 0 0 0 32002 32002 0 0 0 0 0 0
WIT 7 231 232 227 221 211 0 0 0 0 241 0 -1 0 0 0 32002 32002 0 0 0 0 0 1899
WIT 8 231 232 267 260 242 0 0 0 0 240 0 -1 0 0 0 32002 32002 0 0 0 0 0 2349
WIT 6 231 232 217 212 243 0 0 0 0 32002 0 -1 0 0 0 32002 32002 0 0 0 0 0 0
WIT 8 -232 -214 -232 -239 -267 0 0 0 0 -232 0 -1 0 0 0 32002 32002 0 0 0 0 0 0
WIT 7 231 232 248 235 245 2154 1 0 0 32002 0 -1 0 0 0 32002 32002 0 0 0 0 0 0
WIT 7 223 241 232 226 222 0 0 0 0 230 0 -1 0 0 0 32002 32002 0 0 0 0 0 2217
WIT 6 229 230 219 214 242 0 0 0 0 32002 0 -1 0 0 0 32002 32002 0 0 0 0 0 0
WIT 8 -231 -230 -215 -230 -263 0 0 0 0 -213 0 -1 0 0 0 32002 32002 0 0 0 0 0 2724
WIT 6 -231 -230 -226 -231 -203 0 0 0 0 32002 0 -1 0 0 0 32002 32002 0 0 0 0 0 0
WIT 8 223 241 232 225 216 0 0 0 0 230 0 -1 0 0 0 32002 32002 0 0 0 0 0 1309
WIT 6 -231 -230 -215 -220 -212 3365 0 0 0 32002 0 -1 0 0 0 32002 32002 0 0 0 0 0 0
WIT 8 217 237 230 223 216 0 0 0 0 230 0 -1 0 0 0 32002 32002 0 0 0 0 0 2217
WIT 6 229 230 219 214 243 0 0 0 0 32002 0 -1 0 0 0 32002 32002 0 0 0 0 0 0
WIT 6 -231 -230 -185 -190 -187 0 0 0 0 32002 0 -1 0 0 0 32002 32002 0 0 0 0 0 0
WIT 6 -231 -230 -226 -231 -202 0 0 0 0 32002 0 -1 0 0 0 32002 32002 0 0 0 0 0 0
WIT 8 229 230 235 220 220 2154 1 0 0 236 0 -1 0 0 0 32002 32002 0 0 0 0 0 204
WIT 6 229 230 343 338 354 1380 1 0 0 32002 0 -1 0 0 0 32002 32002 0 0 0 0 0 0
WIT 7 229 230 232 219 147 0 0 0 0 235 0 -1 0 0 0 32002 32002 0 0 0 0 0 1309
WIT 6 229 230 299 294 308 0 0 0 0 32002 0 -1 0 0 0 32002 32002 0 0 0 0 0 0
WIT 6 -231 -230 -196 -201 -201 3365 0 0 0 32002 0 -1 0 0 0 32002 32002 0 0 0 0 0 0
WIT 9 -231 -230 -189 -197 -196 3567 0 0 0 32002 0 -1 0 0 0 32002 32002 0 0 0 0 0 0
WIT 7 -231 -230 -165 -171 -132 2721 0 0 0 32002 0 -1 0 0 0 32002 32002 0 0 0 0 0 0
WIT 7 -231 -230 -219 -232 -242 0 0 0 0 -231 0 -1 0 0 0 32002 32002 0 0 0 0 0 0
WIT 8 230 231 238 223 222 0 0 0 0 231 0 -1 0 0 0 32002 32002 0 0 0 0 0 721
WIT 7 230 231 235 229 282 2543 0 0 0 32002 0 -1 0 0 0 32002 32002 0 0 0 0 0 0
WIT 6 230 231 242 237 187 0 0 0 0 251 0 -1 0 0 0 32002 32002 0 0 0 0 0 1309
WIT 8 230 231 234 227 227 721 0 0 1 235 0 -1 0 0 0 32002 32002 0 0 0 0 0 49415
WIT 8 230 231 234 219 193 0 0 0 0 231 0 -1 0 0 0 32002 32002 0 0 0 0 0 1253
WIT 7 230 231 234 221 220 0 0 0 0 231 0 -1 0 0 0 32002 32002 0 0 0 0 0 2349
WIT 7 230 231 225 212 212 49415 0 0 1 244 0 -1 0 0 0 32002 32002 0 0 0 0 0 721
WIT 10 -231 -230 -216 -235 -236 0 0 0 0 -231 0 -1 0 0 0 32002 32002 0 0 0 0 0 0
WIT 10 -231 -230 -216 -235 -275 0 0 0 0 -231 0 -1 0 0 0 32002 32002 0 0 0 0 0 0
WIT 7 230 237 231 225 267 1291 0 0 0 32002 0 -1 0 0 0 32002 32002 0 0 0 0 0 0
WIT 8 230 237 231 224 218 0 0 0 0 237 0 -1 0 0 0 32002 32002 0 0 0 0 0 1217
WIT 7 236 237 244 238 237 0 0 0 0 252 0 -1 0 0 0 32002 32002 0 0 0 0 0 1122
WIT 12 236 237 231 208 208 1122 0 0 1 223 1 1 31157 1 1 236 237 0 0 0 0 110 1122
WIT 11 236 237 231 210 -447 0 0 1 0 237 0 -1 0 0 0 32002 32002 0 0 0 0 0 211
WIT 8 230 237 231 224 194 0 0 0 0 237 0 -1 0 0 0 32002 32002 0 0 0 0 0 721
WIT 10 -237 -236 -215 -224 -290 0 0 0 0 -212 0 -1 0 0 0 32002 32002 0 0 0 0 0 3519
WIT 7 -237 -236 -186 -192 -217 0 0 0 0 -237 0 -1 0 0 0 32002 32002 0 0 0 0 0 3567
WIT 10 236 237 231 212 199 0 0 0 0 236 0 -1 0 0 0 32002 32002 0 0 0 0 0 0
WIT 11 236 237 231 210 206 0 0 0 0 236 0 -1 0 0 0 32002 32002 0 0 0 0 0 0
WIT 8 -231 -230 -230 -245 -248 0 0 0 0 -230 0 -1 0 0 0 32002 32002 0 0 0 0 0 3437
WIT 7 -231 -230 -236 -242 -243 0 0 0 0 -231 0 -1 0 0 0 32002 32002 0 0 0 0 0 0
WIT 8 236 237 234 227 227 721 0 0 1 266 0 -1 0 0 0 32002 32002 0 0 0 0 0 49415
WIT 10 236 237 231 212 214 49415 0 0 1 237 0 -1 0 0 0 32002 32002 0 0 0 0 0 721
WIT 8 236 237 261 254 216 0 0 0 0 249 0 -1 0 0 0 32002 32002 0 0 0 0 0 1253
WIT 6 236 237 246 241 241 2 0 0 0 32002 0 -1 0 0 0 32002 32002 0 0 0 0 0 0
WIT 7 236 237 231 218 213 0 0 0 0 237 0 -1 0 0 0 32002 32002 0 0 0 0 0 721
WIT 9 236 237 231 214 209 0 0 0 0 237 0 -1 0 0 0 32002 32002 0 0 0 0 0 2349
WIT 8 236 237 234 227 227 721 0 0 1 237 0 -1 0 0 0 32002 32002 0 0 0 0 0 49415
WIT 8 236 237 234 227 227 2023 0 0 1 254 0 -1 0 0 0 32002 32002 0 0 0 0 0 721
WIT 8 230 237 231 224 217 0 0 0 0 237 0 -1 0 0 0 32002 32002 0 0 0 0 0 2131
WIT 9 236 237 261 253 253 2131 0 0 0 32002 0 -1 0 0 0 32002 32002 0 0 0 0 0 0
WIT 8 236 237 230 223 239 0 0 0 0 32002 0 -1 0 0 0 32002 32002 0 0 0 0 0 0
WIT 6 236 237 273 268 325 1309 0 0 0 32002 0 -1 0 0 0 32002 32002 0 0 0 0 0 0
WIT 10 236 237 247 228 284 2349 1 0 0 32002 0 -1 0 0 0 32002 32002 0 0 0 0 0 0
WIT 6 236 237 213 208 208 1318 0 0 1 237 0 -1 0 0 0 32002 32002 0 0 0 0 0 2
WIT 6 236 237 231 226 226 2 0 0 1 237 0 -1 0 0 0 32002 32002 0 0 0 0 0 1318
WIT 8 236 237 231 224 286 0 0 0 0 32002 0 -1 0 0 0 32002 32002 0 0 0 0 0 0
WIT 9 230 237 231 223 216 0 0 0 0 237 0 -1 0 0 0 32002 32002 0 0 0 0 0 1179
WIT 10 236 237 261 252 228 0 0 0 0 237 0 -1 0 0 0 32002 32002 0 0 0 0 0 1318
WIT 10 236 237 256 237 234 0 0 0 0 237 0 -1 0 0 0 32002 32002 0 0 0 0 0 2154
WIT 8 236 237 225 210 211 2131 0 0 1 237 0 -1 0 0 0 32002 32002 0 0 0 0 0 2154
WIT 7 236 237 243 237 279 0 0 0 0 32002 0 -1 0 0 0 32002 32002 0 0 0 0 0 0
WIT 9 236 237 234 217 217 2023 0 0 1 238 0 -1 0 0 0 32002 32002 0 0 0 0 0 1762
WIT 8 236 237 231 224 276 0 0 0 0 32002 0 -1 0 0 0 32002 32002 0 0 0 0 0 0
WIT 8 236 237 284 277 302 2154 1 0 0 32002 0 -1 0 0 0 32002 32002 0 0 0 0 0 0
WIT 7 236 237 238 232 252 0 0 0 0 32002 0 -1 0 0 0 32002 32002 0 0 0 0 0 0
WIT 7 236 237 248 242 283 0 0 0 0 32002 0 -1 0 0 0 32002 32002 0 0 0 0 0 0
WIT 7 246 247 231 225 240 0 0 0 0 247 0 -1 0 0 0 32002 32002 0 0 0 0 0 101
WIT 6 246 247 237 232 234 2023 0 0 1 247 0 -1 0 0 0 32002 32002 0 0 0 0 0 49415
WIT 11 246 247 273 263 257 0 0 0 0 285 0 -1 0 0 0 32002 32002 0 0 0 0 0 2225
WIT 10 246 247 237 228 247 1291 0 0 0 32002 0 -1 0 0 0 32002 32002 0 0 0 0 0 0
WIT 7 246 247 237 231 230 0 0 0 0 236 0 -1 0 0 0 32002 32002 0 0 0 0 0 0
WIT 10 -247 -246 -236 -245 -246 0 0 0 0 -235 0 -1 0 0 0 32002 32002 0 0 0 0 0 3177
WIT 6 -247 -246 -186 -191 -209 0 0 0 0 -246 0 -1 0 0 0 32002 32002 0 0 0 0 0 3365
WIT 6 -247 -246 -193 -198 -219 0 0 0 0 -216 0 -1 0 0 0 32002 32002 0 0 0 0 0 2982
WIT 10 246 247 237 218 216 0 0 0 0 235 0 -1 0 0 0 32002 32002 0 0 0 0 0 0
WIT 9 246 247 237 220 -440 0 0 1 0 246 0 -1 0 0 0 32002 32002 0 0 0 0 0 0
WIT 7 227 247 237 231 194 0 0 0 0 235 0 -1 0 0 0 32002 32002 0 0 0 0 0 1217
WIT 6 -236 -235 -200 -205 -241 0 0 0 0 -232 0 -1 0 0 0 32002 32002 0 0 0 0 0 3817
WIT 7 235 236 237 224 211 0 0 0 0 234 0 -1 0 0 0 32002 32002 0 0 0 0 0 0
WIT 11 -228 -227 -216 -237 -238 0 0 0 0 -227 0 -1 0 0 0 32002 32002 0 0 0 0 0 3567
WIT 6 -228 -227 -152 -157 -161 0 0 0 0 -208 0 -1 0 0 0 32002 32002 0 0 0 0 0 3828
WIT 10 -228 -227 -189 -198 -196 3567 0 0 0 32002 0 -1 0 0 0 32002 32002 0 0 0 0 0 0
WIT 8 -228 -227 -183 -190 -163 3365 0 0 0 32002 0 -1 0 0 0 32002 32002 0 0 0 0 0 0
WIT 7 -228 -227 -171 -177 -164 2721 0 0 0 32002 0 -1 0 0 0 32002 32002 0 0 0 0 0 0
WIT 6 -228 -227 -165 -170 -136 2721 0 0 0 32002 0 -1 0 0 0 32002 32002 0 0 0 0 0 0
WIT 11 -228 -227 -217 -238 -239 0 0 0 0 -227 0 -1 0 0 0 32002 32002 0 0 0 0 0 3306
WIT 11 -228 -227 -116 -137 -202 0 0 0 0 -110 0 -1 0 0 0 32002 32002 0 0 0 0 0 3297
WIT 12 -228 -227 -196 -219 -410 0 0 0 0 -227 0 -1 0 0 0 32002 32002 0 0 0 0 0 3297
WIT 11 -228 -227 -30 -51 -220 0 0 1 0 -136 0 -1 0 0 0 32002 32002 0 0 0 0 0 2355
WIT 11 -228 -227 -196 -217 -230 0 0 0 0 -227 0 -1 0 0 0 32002 32002 0 0 0 0 0 2724
WIT 10 -228 -227 -109 -128 -214 0 0 0 0 -225 0 -1 0 0 0 32002 32002 0 0 0 0 0 3297
WIT 11 -228 -227 -207 -228 -272 0 0 0 0 -207 0 -1 0 0 0 32002 32002 0 0 0 0 0 3297
WIT 10 -228 -227 -172 -181 -84 3501 0 0 0 32002 0 -1 0 0 0 32002 32002 0 0 0 0 0 0
WIT 10 -228 -227 -175 -194 -274 0 0 1 0 -173 0 -1 0 0 0 32002 32002 0 0 0 0 0 2355
WIT 10 -228 -227 -207 -226 -236 0 0 0 0 -225 0 -1 0 0 0 32002 32002 0 0 0 0 0 2724
WIT 10 -228 -227 -212 -221 -198 2724 1 0 0 32002 0 -1 0 0 0 32002 32002 0 0 0 0 0 0
WIT 9 -228 -227 -192 -200 -221 0 0 0 0 -219 0 -1 0 0 0 32002 32002 0 0 0 0 0 3306
WIT 8 -228 -227 -170 -177 -149 0 0 0 0 32002 0 -1 0 0 0 32002 32002 0 0 0 0 0 0
WIT 8 -228 -227 -205 -220 -228 0 0 0 0 -228 0 -1 0 0 0 32002 32002 0 0 0 0 0 0
WIT 9 246 247 238 230 227 0 0 0 0 249 0 -1 0 0 0 32002 32002 0 0 0 0 0 721
WIT 9 -228 -227 -207 -224 -184 2713 0 0 0 32002 0 -1 0 0 0 32002 32002 0 0 0 0 0 0
WIT 9 -228 -227 -203 -211 -173 2713 0 0 0 32002 0 -1 0 0 0 32002 32002 0 0 0 0 0 0
WIT 8 -228 -227 -216 -223 -217 3112 0 0 0 32002 0 -1 0 0 0 32002 32002 0 0 0 0 0 0
WIT 8 -228 -227 -170 -177 -177 3112 0 0 0 32002 0 -1 0 0 0 32002 32002 0 0 0 0 0 0
WIT 8 -228 -227 -216 -223 -223 3112 0 0 0 32002 0 -1 0 0 0 32002 32002 0 0 0 0 0 0
WIT 8 -228 -227 -183 -190 -191 0 0 0 0 -183 0 -1 0 0 0 32002 32002 0 0 0 0 0 3365
WIT 8 -228 -227 -186 -193 -143 3112 0 0 0 32002 0 -1 0 0 0 32002 32002 0 0 0 0 0 0
WIT 8 227 247 237 230 217 0 0 0 0 225 0 -1 0 0 0 32002 32002 0 0 0 0 0 0
WIT 9 227 247 237 229 228 0 0 0 0 227 0 -1 0 0 0 32002 32002 0 0 0 0 0 0
WIT 9 227 228 230 213 212 0 0 0 0 237 0 -1 0 0 0 32002 32002 0 0 0 0 0 2217
WIT 7 227 247 244 238 188 0 0 0 0 247 0 -1 0 0 0 32002 32002 0 0 0 0 0 2154
WIT 11 246 247 240 230 171 0 0 0 0 306 0 -1 0 0 0 32002 32002 0 0 0 0 0 1569
WIT 10 246 247 239 220 219 0 0 0 0 247 0 -1 0 0 0 32002 32002 0 0 0 0 0 204
WIT 7 246 247 215 209 6 0 0 0 0 248 0 -1 0 0 0 32002 32002 0 0 0 0 0 601
WIT 7 246 247 215 209 147 0 0 0 0 247 0 -1 0 0 0 32002 32002 0 0 0 0 0 2154
WIT 7 246 247 235 229 238 49415 0 0 1 275 0 -1 0 0 0 32002 32002 0 0 0 0 0 601
WIT 8 246 247 241 234 240 601 0 0 1 247 0 -1 0 0 0 32002 32002 0 0 0 0 0 204
WIT 8 246 247 245 238 238 601 0 0 1 248 0 -1 0 0 0 32002 32002 0 0 0 0 0 204
WIT 7 246 247 260 254 253 0 0 0 0 247 0 -1 0 0 0 32002 32002 0 0 0 0 0 49415
WIT 9 246 247 256 248 251 2154 1 0 0 32002 0 -1 0 0 0 32002 32002 0 0 0 0 0 0
WIT 6 246 247 256 251 251 601 0 0 0 32002 0 -1 0 0 0 32002 32002 0 0 0 0 0 0
WIT 8 246 247 251 236 208 0 0 0 0 247 0 -1 0 0 0 32002 32002 0 0 0 0 0 204
WIT 7 227 247 237 231 225 0 0 0 0 247 0 -1 0 0 0 32002 32002 0 0 0 0 0 536
WIT 9 246 247 299 291 305 1892 1 0 0 32002 0 -1 0 0 0 32002 32002 0 0 0 0 0 0
WIT 8 246 247 221 214 272 0 0 0 0 32002 0 -1 0 0 0 32002 32002 0 0 0 0 0 0
WIT 6 246 247 232 227 287 0 0 0 0 32002 0 -1 0 0 0 32002 32002 0 0 0 0 0 0
WIT 8 227 247 236 229 226 0 0 0 0 247 0 -1 0 0 0 32002 32002 0 0 0 0 0 2217
WIT 10 246 247 267 258 328 1892 1 0 0 32002 0 -1 0 0 0 32002 32002 0 0 0 0 0 0
WIT 8 246 247 240 233 218 0 0 0 0 246 0 -1 0 0 0 32002 32002 0 0 0 0 0 0
WIT 11 246 247 239 218 215 0 0 0 0 246 0 -1 0 0 0 32002 32002 0 0 0 0 0 0
WIT 10 -228 -227 -246 -255 -302 0 0 0 0 -227 0 -1 0 0 0 32002 32002 0 0 0 0 0 2332
WIT 7 -228 -227 -246 -252 -252 2941 0 0 1 -227 0 -1 0 0 0 32002 32002 0 0 0 0 0 2909
WIT 7 -228 -227 -246 -259 -266 0 0 0 0 -227 0 -1 0 0 0 32002 32002 0 0 0 0 0 2852
WIT 7 -228 -227 -199 -205 -73 2916 1 0 0 32002 0 -1 0 0 0 32002 32002 0 0 0 0 0 0
WIT 7 -228 -227 -215 -221 -229 0 0 0 0 -221 0 -1 0 0 0 32002 32002 0 0 0 0 0 3370
WIT 9 -228 -227 -212 -220 -321 0 0 0 0 -213 0 -1 0 0 0 32002 32002 0 0 0 0 0 4022
WIT 8 -228 -227 -213 -228 -230 0 0 0 0 -214 0 -1 0 0 0 32002 32002 0 0 0 0 0 2358
WIT 8 -228 -227 -213 -228 -253 0 0 0 0 -215 0 -1 0 0 0 32002 32002 0 0 0 0 0 3492
WIT 7 -228 -227 -226 -232 -194 0 0 0 0 32002 0 -1 0 0 0 32002 32002 0 0 0 0 0 0
WIT 7 -228 -227 -185 -191 -182 0 0 0 0 32002 0 -1 0 0 0 32002 32002 0 0 0 0 0 0
WIT 8 227 247 229 222 214 0 0 0 0 227 0 -1 0 0 0 32002 32002 0 0 0 0 0 0
WIT 6 227 228 240 235 150 0 0 0 0 268 0 -1 0 0 0 32002 32002 0 0 0 0 0 1179
WIT 6 246 247 226 221 221 2 0 0 1 248 0 -1 0 0 0 32002 32002 0 0 0 0 0 203
WIT 7 -228 -227 -192 -198 -212 0 0 0 0 -227 0 -1 0 0 0 32002 32002 0 0 0 0 0 3177
WIT 7 227 247 228 222 220 0 0 0 0 227 0 -1 0 0 0 32002 32002 0 0 0 0 0 0
WIT 9 227 228 237 229 229 1318 0 0 0 32002 0 -1 0 0 0 32002 32002 0 0 0 0 0 0
WIT 11 -228 -227 -213 -223 -228 0 0 0 0 -228 0 -1 0 0 0 32002 32002 0 0 0 0 0 0
WIT 8 246 247 228 221 29 0 0 0 0 246 0 -1 0 0 0 32002 32002 0 0 0 0 0 0
WIT 7 246 247 228 222 220 0 0 0 0 246 0 -1 0 0 0 32002 32002 0 0 0 0 0 1217
WIT 9 246 247 228 220 256 721 0 0 0 32002 0 -1 0 0 0 32002 32002 0 0 0 0 0 0
WIT 8 246 247 253 246 246 721 0 0 1 257 0 -1 0 0 0 32002 32002 0 0 0 0 0 2154
WIT 7 246 247 239 233 241 0 0 0 0 265 0 -1 0 0 0 32002 32002 0 0 0 0 0 2154
WIT 7 246 247 243 237 246 2131 0 0 1 260 0 -1 0 0 0 32002 32002 0 0 0 0 0 2154
WIT 8 227 247 228 221 213 0 0 0 0 227 0 -1 0 0 0 32002 32002 0 0 0 0 0 1179
WIT 9 246 247 241 224 225 2154 1 0 0 247 0 -1 0 0 0 32002 32002 0 0 0 0 0 324
WIT 8 246 247 220 213 221 0 0 0 0 274 0 -1 0 0 0 32002 32002 0 0 0 0 0 2154
WIT 6 259 260 339 334 328 0 0 0 0 260 0 -1 0 0 0 32002 32002 0 0 0 0 0 1217
WIT 8 259 260 276 269 268 0 0 0 0 260 0 -1 0 0 0 32002 32002 0 0 0 0 0 721
WIT 7 259 260 254 248 193 0 0 0 0 260 0 -1 0 0 0 32002 32002 0 0 0 0 0 324
WIT 6 -260 -259 -256 -261 -322 0 0 0 0 -259 0 -1 0 0 0 32002 32002 0 0 0 0 0 3288
WIT 8 259 260 253 238 234 0 0 0 0 259 0 -1 0 0 0 32002 32002 0 0 0 0 0 0
WIT 6 259 260 277 272 271 0 0 0 0 260 0 -1 0 0 0 32002 32002 0 0 0 0 0 721
WIT 6 259 260 280 275 274 0 0 0 0 260 0 -1 0 0 0 32002 32002 0 0 0 0 0 721
WIT 7 259 260 272 266 265 0 0 0 0 259 0 -1 0 0 0 32002 32002 0 0 0 0 0 0
WIT 7 -235 -234 -224 -230 -229 3288 0 0 0 32002 0 -1 0 0 0 32002 32002 0 0 0 0 0 0
WIT 6 234 235 250 245 241 0 0 0 0 255 0 -1 0 0 0 32002 32002 0 0 0 0 0 101
WIT 6 -235 -234 -254 -259 -260 0 0 0 0 -250 0 -1 0 0 0 32002 32002 0 0 0 0 0 0
WIT 7 234 260 228 222 222 204 0 0 1 260 0 -1 0 0 0 32002 32002 0 0 0 0 0 2131
WIT 10 259 260 262 253 234 0 0 0 0 281 0 -1 0 0 0 32002 32002 0 0 0 0 0 2154
WIT 9 259 260 255 247 247 721 0 0 1 263 0 -1 0 0 0 32002 32002 0 0 0 0 0 2154
WIT 8 259 260 228 221 221 2154 1 0 0 260 0 -1 0 0 0 32002 32002 0 0 0 0 0 2131
WIT 7 259 260 258 252 252 2131 0 0 1 260 0 -1 0 0 0 32002 32002 0 0 0 0 0 2154
WIT 8 234 260 247 240 227 0 0 0 0 260 0 -1 0 0 0 32002 32002 0 0 0 0 0 1179
WIT 6 259 260 247 242 278 1318 0 0 0 32002 0 -1 0 0 0 32002 32002 0 0 0 0 0 0
WIT 11 259 260 247 237 238 721 0 0 1 278 0 -1 0 0 0 32002 32002 0 0 0 0 0 2154
WIT 9 259 260 261 253 262 1318 0 0 0 32002 0 -1 0 0 0 32002 32002 0 0 0 0 0 0
WIT 9 259 260 257 249 248 0 0 0 0 251 0 -1 0 0 0 32002 32002 0 0 0 0 0 0
WIT 7 -235 -234 -251 -257 -314 0 0 0 0 -209 0 -1 0 0 0 32002 32002 0 0 0 0 0 2202
WIT 7 -235 -234 -249 -255 -213 2633 1 0 0 32002 0 -1 0 0 0 32002 32002 0 0 0 0 0 0
WIT 6 -235 -234 -230 -235 -211 3370 1 1 0 32002 0 -1 0 0 0 32002 32002 0 0 0 0 0 0
WIT 7 -235 -234 -254 -267 -269 0 0 0 0 -235 0 -1 0 0 0 32002 32002 0 0 0 0 0 0
WIT 7 -235 -234 -230 -236 -213 3370 1 1 0 32002 0 -1 0 0 0 32002 32002 0 0 0 0 0 0
WIT 7 259 260 250 244 253 0 0 0 0 271 0 -1 0 0 0 32002 32002 0 0 0 0 0 2154
WIT 7 259 260 266 260 269 0 0 0 0 32002 0 -1 0 0 0 32002 32002 0 0 0 0 0 0
WIT 8 259 260 247 232 229 0 0 0 0 254 0 -1 0 0 0 32002 32002 0 0 0 0 0 0
WIT 6 -241 -240 -259 -264 -236 0 0 0 0 32002 0 -1 0 0 0 32002 32002 0 0 0 0 0 0
WIT 6 -241 -240 -215 -220 -212 3365 0 0 0 32002 0 -1 0 0 0 32002 32002 0 0 0 0 0 0

===========================
Total time (ms) : 42
Nodes searched  : 30734
Nodes/second    : 731761
