
Position: 1/1 (rn2kbnr/pp3ppp/2p1p3/4q3/8/2N2B2/PPP2PPP/R1BQK2R w KQkq - 0 9)
WIT 7 219 220 214 201 204 3699 0 0 1 229 0 -1 0 0 0 32002 32002 0 0 0 0 0 4013
WIT 6 231 232 247 242 262 3938 0 0 0 32002 0 -1 0 0 0 32002 32002 0 0 0 0 0 0
WIT 6 247 248 247 242 262 3938 0 0 0 32002 0 -1 0 0 0 32002 32002 0 0 0 0 0 0
WIT 6 -249 -248 -224 -229 -238 0 0 0 0 -240 0 -1 0 0 0 32002 32002 0 0 0 0 0 157
WIT 6 260 261 262 257 275 3699 0 0 0 32002 0 -1 0 0 0 32002 32002 0 0 0 0 0 0
WIT 6 277 278 262 257 275 3699 0 0 1 301 0 -1 0 0 0 32002 32002 0 0 0 0 0 4013
WIT 8 284 285 297 290 304 3699 0 0 0 32002 0 -1 0 0 0 32002 32002 0 0 0 0 0 0
WIT 6 284 285 289 284 298 3699 0 0 0 32002 0 -1 0 0 0 32002 32002 0 0 0 0 0 0
WIT 7 284 285 283 270 247 0 0 0 0 285 0 -1 0 0 0 32002 32002 0 0 0 0 0 2316
WIT 6 284 285 284 279 289 3699 0 0 0 32002 0 -1 0 0 0 32002 32002 0 0 0 0 0 0
WIT 6 296 297 285 280 229 0 0 0 0 297 0 -1 0 0 0 32002 32002 0 0 0 0 0 2336
WIT 7 296 297 285 272 272 3699 0 0 1 297 0 -1 0 0 0 32002 32002 0 0 0 0 0 2316
WIT 6 296 297 292 287 282 0 0 0 0 342 0 -1 0 0 0 32002 32002 0 0 0 0 0 2196
WIT 6 296 297 284 279 289 3699 0 0 1 346 0 -1 0 0 0 32002 32002 0 0 0 0 0 4013
WIT 6 296 297 348 343 324 0 0 0 0 361 0 -1 0 0 0 32002 32002 0 0 0 0 0 3429
WIT 6 296 297 285 280 314 3699 0 0 0 32002 0 -1 0 0 0 32002 32002 0 0 0 0 0 0
WIT 6 296 297 288 283 305 3699 0 0 0 32002 0 -1 0 0 0 32002 32002 0 0 0 0 0 0
WIT 8 -298 -297 -240 -247 -248 0 0 0 0 -287 0 -1 0 0 0 32002 32002 0 0 0 0 0 49415
WIT 8 -298 -297 -236 -243 -243 49415 0 0 0 32002 0 -1 0 0 0 32002 32002 0 0 0 0 0 0
WIT 7 -298 -297 -241 -254 -255 0 0 0 0 -290 0 -1 0 0 0 32002 32002 0 0 0 0 0 157
WIT 6 -277 -276 -294 -299 -249 658 0 1 0 32002 0 -1 0 0 0 32002 32002 0 0 0 0 0 0
WIT 6 -277 -276 -297 -302 -310 0 0 0 0 -280 0 -1 0 0 0 32002 32002 0 0 0 0 0 0
WIT 7 307 308 320 314 320 3947 0 0 0 32002 0 -1 0 0 0 32002 32002 0 0 0 0 0 0
WIT 7 307 308 298 292 304 4013 0 0 1 307 1 1 10891 1 1 307 319 0 0 0 0 21 4013
WIT 6 307 308 288 283 282 0 0 0 0 311 0 -1 0 0 0 32002 32002 0 0 0 0 0 3947
WIT 6 307 308 302 297 311 3947 0 0 0 32002 0 -1 0 0 0 32002 32002 0 0 0 0 0 0
WIT 7 307 308 344 338 338 3947 0 0 0 32002 0 -1 0 0 0 32002 32002 0 0 0 0 0 0
WIT 6 307 308 310 305 244 0 0 0 0 350 0 -1 0 0 0 32002 32002 0 0 0 0 0 3699
WIT 6 307 308 320 315 -61 0 0 0 0 330 0 -1 0 0 0 32002 32002 0 0 0 0 0 3300
WIT 9 307 308 300 283 283 4013 0 0 1 316 0 -1 0 0 0 32002 32002 0 0 0 0 0 3938
WIT 8 307 308 353 338 337 0 0 0 0 361 0 -1 0 0 0 32002 32002 0 0 0 0 0 3429
WIT 7 307 308 338 332 347 3699 0 0 0 32002 0 -1 0 0 0 32002 32002 0 0 0 0 0 0
WIT 7 307 308 339 333 356 3699 0 0 0 32002 0 -1 0 0 0 32002 32002 0 0 0 0 0 0
WIT 6 -321 -320 -283 -288 -659 0 0 0 0 -296 0 -1 0 0 0 32002 32002 0 0 0 0 0 795
WIT 9 -309 -308 -296 -304 -301 528 0 0 0 32002 0 -1 0 0 0 32002 32002 0 0 0 0 0 0
WIT 8 -309 -308 -299 -306 -549 0 0 0 0 -301 0 -1 0 0 0 32002 32002 0 0 0 0 0 795
WIT 7 308 321 308 302 271 0 0 0 0 308 0 -1 0 0 0 32002 32002 0 0 0 0 0 3232
WIT 7 308 309 344 338 337 0 0 0 0 317 0 -1 0 0 0 32002 32002 0 0 0 0 0 3699
WIT 6 308 309 320 315 343 3947 0 0 0 32002 0 -1 0 0 0 32002 32002 0 0 0 0 0 0
WIT 6 308 309 348 343 371 3947 0 0 0 32002 0 -1 0 0 0 32002 32002 0 0 0 0 0 0
WIT 7 -310 -309 -268 -281 -320 0 0 0 0 -314 0 -1 0 0 0 32002 32002 0 0 0 0 0 0
WIT 7 308 321 308 302 275 0 0 0 0 309 0 -1 0 0 0 32002 32002 0 0 0 0 0 3699
WIT 7 320 321 352 346 344 0 0 0 0 307 0 -1 0 0 0 32002 32002 0 0 0 0 0 0
WIT 10 320 321 313 294 267 0 0 0 0 318 0 -1 0 0 0 32002 32002 0 0 0 0 0 0
WIT 6 -309 -308 -269 -274 -274 786 0 1 0 32002 0 -1 0 0 0 32002 32002 0 0 0 0 0 0
WIT 7 -309 -308 -290 -303 -320 0 0 0 0 -309 0 -1 0 0 0 32002 32002 0 0 0 0 0 0
WIT 6 308 309 314 309 309 2089 0 0 0 32002 0 -1 0 0 0 32002 32002 0 0 0 0 0 0
WIT 7 -309 -308 -236 -242 -242 49415 0 0 0 32002 0 -1 0 0 0 32002 32002 0 0 0 0 0 0
WIT 9 -309 -308 -294 -302 -285 658 0 1 0 32002 0 -1 0 0 0 32002 32002 0 0 0 0 0 0
WIT 7 -309 -308 -296 -302 -302 528 0 0 0 32002 0 -1 0 0 0 32002 32002 0 0 0 0 0 0
WIT 7 -309 -308 -234 -240 -172 157 0 0 0 32002 0 -1 0 0 0 32002 32002 0 0 0 0 0 0
WIT 7 -309 -308 -269 -275 -275 211 0 0 0 32002 0 -1 0 0 0 32002 32002 0 0 0 0 0 0
WIT 8 -309 -308 -297 -304 -272 211 0 0 0 32002 0 -1 0 0 0 32002 32002 0 0 0 0 0 0
WIT 7 -309 -308 -297 -303 -303 211 0 0 0 32002 0 -1 0 0 0 32002 32002 0 0 0 0 0 0
WIT 7 -309 -308 -297 -303 -303 211 0 0 0 32002 0 -1 0 0 0 32002 32002 0 0 0 0 0 0
WIT 8 -309 -308 -297 -304 -281 49415 0 0 0 32002 0 -1 0 0 0 32002 32002 0 0 0 0 0 0
WIT 7 -309 -308 -297 -303 -256 49415 0 0 0 32002 0 -1 0 0 0 32002 32002 0 0 0 0 0 0
WIT 8 308 321 308 301 298 0 0 0 0 308 0 -1 0 0 0 32002 32002 0 0 0 0 0 0
WIT 7 -292 -291 -269 -275 -223 658 0 1 0 32002 0 -1 0 0 0 32002 32002 0 0 0 0 0 0
WIT 6 -292 -291 -93 -98 -165 0 0 1 0 -213 0 -1 0 0 0 32002 32002 0 0 0 0 0 658
WIT 9 -292 -291 -294 -302 -285 658 0 1 0 32002 0 -1 0 0 0 32002 32002 0 0 0 0 0 0
WIT 6 -290 -289 -300 -305 -268 139 0 0 0 32002 0 -1 0 0 0 32002 32002 0 0 0 0 0 0
WIT 6 -290 -289 -214 -219 -252 0 0 0 0 -274 0 -1 0 0 0 32002 32002 0 0 0 0 0 157
WIT 10 -290 -289 -318 -337 -329 1867 0 0 1 -284 0 -1 0 0 0 32002 32002 0 0 0 0 0 1878
WIT 8 -290 -289 -269 -276 -254 786 0 1 0 32002 0 -1 0 0 0 32002 32002 0 0 0 0 0 0
WIT 6 -290 -289 -308 -313 -251 49415 0 0 0 32002 0 -1 0 0 0 32002 32002 0 0 0 0 0 0
WIT 9 -290 -289 -291 -308 -313 0 0 0 0 -284 0 -1 0 0 0 32002 32002 0 0 0 0 0 157
WIT 8 -290 -289 -291 -306 -298 49415 0 0 1 -290 1 1 9721 1 1 -290 -287 0 0 0 0 30 49415
WIT 6 -290 -289 -234 -239 -179 157 0 0 0 32002 0 -1 0 0 0 32002 32002 0 0 0 0 0 0
WIT 6 -290 -289 -269 -274 -274 49415 0 0 0 32002 0 -1 0 0 0 32002 32002 0 0 0 0 0 0
WIT 6 -290 -289 -297 -302 -302 49415 0 0 1 -289 0 -1 0 0 0 32002 32002 0 0 0 0 0 157
WIT 6 -290 -289 -297 -302 -302 49415 0 0 1 -289 0 -1 0 0 0 32002 32002 0 0 0 0 0 157
WIT 6 -290 -289 -297 -302 -302 49415 0 0 1 -289 0 -1 0 0 0 32002 32002 0 0 0 0 0 157
WIT 7 -290 -289 -297 -303 -281 49415 0 0 0 32002 0 -1 0 0 0 32002 32002 0 0 0 0 0 0
WIT 6 -290 -289 -297 -302 -302 49415 0 0 1 -289 0 -1 0 0 0 32002 32002 0 0 0 0 0 157
WIT 6 -290 -289 -308 -313 -313 49415 0 0 1 -269 0 -1 0 0 0 32002 32002 0 0 0 0 0 157
WIT 6 -290 -289 -292 -297 -296 235 1 0 0 -287 0 -1 0 0 0 32002 32002 0 0 0 0 0 157
WIT 6 -290 -289 -308 -313 -313 49415 0 0 1 -269 0 -1 0 0 0 32002 32002 0 0 0 0 0 157
WIT 6 -290 -289 -184 -189 -189 49415 0 0 0 32002 0 -1 0 0 0 32002 32002 0 0 0 0 0 0
WIT 6 -290 -289 -297 -302 -261 49415 0 0 0 32002 0 -1 0 0 0 32002 32002 0 0 0 0 0 0
WIT 7 -277 -276 -300 -306 -285 139 0 0 1 -269 0 -1 0 0 0 32002 32002 0 0 0 0 0 157
WIT 6 -277 -276 -258 -263 -245 324 0 0 0 32002 0 -1 0 0 0 32002 32002 0 0 0 0 0 0
WIT 9 -277 -276 -286 -294 -285 658 0 1 0 -260 0 -1 0 0 0 32002 32002 0 0 0 0 0 139
WIT 7 -277 -276 -287 -300 -296 157 0 0 1 -275 0 -1 0 0 0 32002 32002 0 0 0 0 0 49415
WIT 10 -277 -276 -318 -327 -315 49415 0 0 1 -276 0 -1 0 0 0 32002 32002 0 0 0 0 0 211
WIT 7 -277 -276 -264 -270 -246 786 0 0 0 32002 0 -1 0 0 0 32002 32002 0 0 0 0 0 0
WIT 7 -277 -276 -276 -282 -279 786 0 0 1 -264 0 -1 0 0 0 32002 32002 0 0 0 0 0 211
WIT 9 -277 -276 -284 -301 -304 0 0 0 0 -276 0 -1 0 0 0 32002 32002 0 0 0 0 0 1878
WIT 8 -277 -276 -284 -299 -309 0 0 0 0 -276 0 -1 0 0 0 32002 32002 0 0 0 0 0 157
WIT 7 -277 -276 -271 -277 -267 49415 0 0 0 32002 0 -1 0 0 0 32002 32002 0 0 0 0 0 0
WIT 6 -277 -276 -269 -274 -246 49415 0 0 0 32002 0 -1 0 0 0 32002 32002 0 0 0 0 0 0
WIT 6 -277 -276 -234 -239 -179 157 0 0 0 32002 0 -1 0 0 0 32002 32002 0 0 0 0 0 0
WIT 6 -277 -276 -289 -294 -286 49415 0 0 1 -276 0 -1 0 0 0 32002 32002 0 0 0 0 0 157
WIT 6 -277 -276 -289 -294 -250 49415 0 0 0 32002 0 -1 0 0 0 32002 32002 0 0 0 0 0 0
WIT 6 -277 -276 -289 -294 -243 49415 0 0 0 32002 0 -1 0 0 0 32002 32002 0 0 0 0 0 0
WIT 7 -277 -276 -297 -303 -281 49415 0 0 1 -268 0 -1 0 0 0 32002 32002 0 0 0 0 0 157
WIT 6 -277 -276 -272 -277 -205 49415 0 0 0 32002 0 -1 0 0 0 32002 32002 0 0 0 0 0 0
WIT 9 -276 -275 -117 -125 -174 0 0 0 0 -239 0 -1 0 0 0 32002 32002 0 0 0 0 0 157
WIT 6 -276 -275 -287 -292 -155 536 0 0 0 32002 0 -1 0 0 0 32002 32002 0 0 0 0 0 0
WIT 6 -276 -275 -275 -280 -285 0 0 0 0 -276 0 -1 0 0 0 32002 32002 0 0 0 0 0 795
WIT 7 -276 -275 -269 -275 -255 795 0 0 0 32002 0 -1 0 0 0 32002 32002 0 0 0 0 0 0
WIT 7 -276 -275 -258 -264 -252 536 0 0 0 32002 0 -1 0 0 0 32002 32002 0 0 0 0 0 0
WIT 6 -276 -275 -206 -211 -197 795 0 0 0 32002 0 -1 0 0 0 32002 32002 0 0 0 0 0 0
WIT 6 -276 -275 -259 -264 -269 0 0 0 0 -275 0 -1 0 0 0 32002 32002 0 0 0 0 0 157
WIT 6 -276 -275 -233 -238 -224 536 0 0 0 32002 0 -1 0 0 0 32002 32002 0 0 0 0 0 0
WIT 7 -276 -275 -222 -228 -207 795 0 0 0 32002 0 -1 0 0 0 32002 32002 0 0 0 0 0 0
WIT 6 -276 -275 -289 -294 -256 795 0 0 0 32002 0 -1 0 0 0 32002 32002 0 0 0 0 0 0
WIT 6 -276 -275 -212 -217 -177 536 0 0 0 32002 0 -1 0 0 0 32002 32002 0 0 0 0 0 0
WIT 6 -276 -275 -254 -259 -194 157 0 0 0 32002 0 -1 0 0 0 32002 32002 0 0 0 0 0 0
WIT 7 -276 -275 -239 -245 -221 795 0 0 0 32002 0 -1 0 0 0 32002 32002 0 0 0 0 0 0
WIT 7 -276 -275 -234 -240 -237 658 0 0 0 32002 0 -1 0 0 0 32002 32002 0 0 0 0 0 0
WIT 10 -276 -275 -261 -270 -257 658 0 1 0 32002 0 -1 0 0 0 32002 32002 0 0 0 0 0 0
WIT 11 -276 -275 -287 -297 -297 795 0 0 1 -275 0 -1 0 0 0 32002 32002 0 0 0 0 0 528
WIT 10 -276 -275 -272 -291 -286 528 0 0 1 -272 0 -1 0 0 0 32002 32002 0 0 0 0 0 795
WIT 6 275 276 291 286 289 53048 0 0 0 32002 0 -1 0 0 0 32002 32002 0 0 0 0 0 0
WIT 10 -276 -275 -272 -291 -302 0 0 0 0 -277 0 -1 0 0 0 32002 32002 0 0 0 0 0 0
WIT 9 -276 -275 -275 -292 -296 0 0 0 0 -276 0 -1 0 0 0 32002 32002 0 0 0 0 0 0
WIT 7 300 301 289 283 306 2354 0 0 0 32002 0 -1 0 0 0 32002 32002 0 0 0 0 0 0
WIT 7 300 301 276 270 269 0 0 0 0 291 0 -1 0 0 0 32002 32002 0 0 0 0 0 0
WIT 7 -276 -275 -234 -240 -172 157 0 0 0 32002 0 -1 0 0 0 32002 32002 0 0 0 0 0 0
WIT 6 -276 -275 -264 -269 -242 49415 0 0 0 32002 0 -1 0 0 0 32002 32002 0 0 0 0 0 0
WIT 11 -276 -275 -276 -286 -281 49415 0 0 1 -264 0 -1 0 0 0 32002 32002 0 0 0 0 0 211
WIT 7 -276 -275 -234 -240 -233 49415 0 0 0 32002 0 -1 0 0 0 32002 32002 0 0 0 0 0 0
WIT 7 -276 -275 -262 -268 -208 658 0 1 0 32002 0 -1 0 0 0 32002 32002 0 0 0 0 0 0
WIT 6 -276 -275 -276 -281 -269 49415 0 0 0 32002 0 -1 0 0 0 32002 32002 0 0 0 0 0 0
WIT 6 -276 -275 -273 -278 -276 49415 0 0 1 -273 0 -1 0 0 0 32002 32002 0 0 0 0 0 211
WIT 10 -276 -275 -276 -295 -302 0 0 0 0 -279 0 -1 0 0 0 32002 32002 0 0 0 0 0 0
WIT 9 -276 -275 -276 -293 -302 0 0 0 0 -276 0 -1 0 0 0 32002 32002 0 0 0 0 0 0
WIT 7 300 301 314 308 294 0 0 0 0 300 0 -1 0 0 0 32002 32002 0 0 0 0 0 0
WIT 7 -276 -275 -269 -275 -275 211 0 0 0 32002 0 -1 0 0 0 32002 32002 0 0 0 0 0 0
WIT 7 -276 -275 -276 -282 -271 49415 0 0 0 32002 0 -1 0 0 0 32002 32002 0 0 0 0 0 0
WIT 7 -276 -275 -271 -277 -267 49415 0 0 0 32002 0 -1 0 0 0 32002 32002 0 0 0 0 0 0
WIT 7 -276 -275 -269 -275 -274 49415 0 0 0 32002 0 -1 0 0 0 32002 32002 0 0 0 0 0 0
WIT 7 -276 -275 -282 -288 -275 658 0 0 0 32002 0 -1 0 0 0 32002 32002 0 0 0 0 0 0
WIT 6 -276 -275 -289 -294 -294 658 0 0 1 -275 0 -1 0 0 0 32002 32002 0 0 0 0 0 157
WIT 6 -276 -275 -184 -189 -183 918 0 0 0 32002 0 -1 0 0 0 32002 32002 0 0 0 0 0 0
WIT 6 -276 -275 -287 -292 -287 235 1 0 0 -233 0 -1 0 0 0 32002 32002 0 0 0 0 0 157
WIT 6 -276 -275 -271 -276 -276 795 0 0 1 -269 0 -1 0 0 0 32002 32002 0 0 0 0 0 157
WIT 6 -276 -275 -297 -302 -302 658 0 0 1 -275 0 -1 0 0 0 32002 32002 0 0 0 0 0 157
WIT 7 287 288 363 357 375 3559 0 0 0 32002 0 -1 0 0 0 32002 32002 0 0 0 0 0 0
WIT 7 -263 -262 -267 -273 -236 790 0 0 0 32002 0 -1 0 0 0 32002 32002 0 0 0 0 0 0
WIT 9 -263 -262 -269 -277 -287 0 0 0 0 -263 0 -1 0 0 0 32002 32002 0 0 0 0 0 0
WIT 6 287 288 263 258 -610 0 0 0 0 288 0 -1 0 0 0 32002 32002 0 0 0 0 0 3298
WIT 6 287 288 294 289 292 3559 0 0 0 32002 0 -1 0 0 0 32002 32002 0 0 0 0 0 0
WIT 7 287 288 337 331 316 0 0 0 0 327 0 -1 0 0 0 32002 32002 0 0 0 0 0 3956
WIT 7 -288 -262 -275 -281 -307 0 0 0 0 -300 0 -1 0 0 0 32002 32002 0 0 0 0 0 0
WIT 8 287 288 316 309 286 0 0 0 0 282 0 -1 0 0 0 32002 32002 0 0 0 0 0 4013
WIT 7 287 288 367 361 349 0 0 0 0 297 0 -1 0 0 0 32002 32002 0 0 0 0 0 3947
WIT 7 287 288 341 335 340 4013 0 0 0 32002 0 -1 0 0 0 32002 32002 0 0 0 0 0 0
WIT 7 287 288 303 297 314 3947 0 0 0 32002 0 -1 0 0 0 32002 32002 0 0 0 0 0 0
WIT 7 287 288 307 301 317 4013 0 0 0 32002 0 -1 0 0 0 32002 32002 0 0 0 0 0 0
WIT 7 287 288 321 315 290 0 0 0 0 288 0 -1 0 0 0 32002 32002 0 0 0 0 0 4013
WIT 7 -288 -262 -275 -281 -312 0 0 0 0 -288 0 -1 0 0 0 32002 32002 0 0 0 0 0 0
WIT 7 287 288 288 275 275 3956 0 0 1 291 0 -1 0 0 0 32002 32002 0 0 0 0 0 2852
WIT 8 287 288 311 296 294 0 0 0 0 289 0 -1 0 0 0 32002 32002 0 0 0 0 0 2336
WIT 7 -288 -262 -275 -281 -311 0 0 0 0 -288 0 -1 0 0 0 32002 32002 0 0 0 0 0 0
WIT 11 287 288 308 287 283 0 0 0 0 288 0 -1 0 0 0 32002 32002 0 0 0 0 0 3699
WIT 7 287 288 403 397 325 0 0 1 0 353 0 -1 0 0 0 32002 32002 0 0 0 0 0 3502
WIT 9 287 288 355 338 337 0 0 0 0 345 0 -1 0 0 0 32002 32002 0 0 0 0 0 3429
WIT 9 287 288 315 298 300 4013 0 0 0 32002 0 -1 0 0 0 32002 32002 0 0 0 0 0 0
WIT 8 287 288 310 303 312 3699 0 0 0 32002 0 -1 0 0 0 32002 32002 0 0 0 0 0 0
WIT 8 287 288 339 332 356 3699 0 0 0 32002 0 -1 0 0 0 32002 32002 0 0 0 0 0 0
WIT 8 304 305 363 356 375 3559 0 0 0 32002 0 -1 0 0 0 32002 32002 0 0 0 0 0 0
WIT 7 304 305 373 367 340 0 0 0 0 318 0 -1 0 0 0 32002 32002 0 0 0 0 0 3559
WIT 6 304 305 314 309 293 0 0 0 0 325 0 -1 0 0 0 32002 32002 0 0 0 0 0 3559
WIT 6 304 305 302 297 243 0 0 0 0 297 0 -1 0 0 0 32002 32002 0 0 0 0 0 0
WIT 6 304 305 353 348 289 0 0 0 0 375 0 -1 0 0 0 32002 32002 0 0 0 0 0 3559
WIT 6 304 305 323 318 346 53048 0 0 0 32002 0 -1 0 0 0 32002 32002 0 0 0 0 0 0
WIT 6 304 305 448 443 417 0 0 0 0 399 0 -1 0 0 0 32002 32002 0 0 0 0 0 3559
WIT 6 304 305 359 354 354 53048 0 0 0 32002 0 -1 0 0 0 32002 32002 0 0 0 0 0 0
WIT 6 304 305 390 385 385 53048 0 0 0 32002 0 -1 0 0 0 32002 32002 0 0 0 0 0 0
WIT 6 304 305 393 388 388 53048 0 0 0 32002 0 -1 0 0 0 32002 32002 0 0 0 0 0 0
WIT 7 288 305 300 294 297 3559 0 0 1 316 0 -1 0 0 0 32002 32002 0 0 0 0 0 4013
WIT 10 304 305 288 269 276 3938 0 0 1 305 0 -1 0 0 0 32002 32002 0 0 0 0 0 4013
WIT 9 304 305 327 319 275 0 0 0 0 321 0 -1 0 0 0 32002 32002 0 0 0 0 0 4020
WIT 8 304 305 322 307 304 0 0 0 0 305 0 -1 0 0 0 32002 32002 0 0 0 0 0 3956
WIT 7 304 305 289 283 308 53048 0 0 0 32002 0 -1 0 0 0 32002 32002 0 0 0 0 0 0
WIT 7 288 305 288 282 218 0 0 0 0 305 0 -1 0 0 0 32002 32002 0 0 0 0 0 2852
WIT 10 304 305 288 269 272 3947 0 0 1 294 1 1 7427 1 1 304 282 0 0 0 0 1 0
WIT 7 -289 -288 -268 -274 -384 0 0 0 0 -272 0 -1 0 0 0 32002 32002 0 0 0 0 0 1358
WIT 7 -289 -288 -294 -300 -274 1568 0 0 0 32002 0 -1 0 0 0 32002 32002 0 0 0 0 0 0
WIT 10 304 305 304 295 335 3947 0 0 0 32002 0 -1 0 0 0 32002 32002 0 0 0 0 0 0
WIT 8 304 305 296 281 281 4013 0 0 1 316 0 -1 0 0 0 32002 32002 0 0 0 0 0 3947
WIT 10 304 305 288 279 279 3947 0 0 1 292 1 1 6686 1 1 304 282 0 0 0 0 1 0
WIT 6 -289 -288 -281 -286 -282 1358 0 0 0 32002 0 -1 0 0 0 32002 32002 0 0 0 0 0 0
WIT 6 -289 -288 -282 -287 -284 1358 0 0 0 32002 0 -1 0 0 0 32002 32002 0 0 0 0 0 0
WIT 6 304 305 336 331 333 3938 0 0 0 32002 0 -1 0 0 0 32002 32002 0 0 0 0 0 0
WIT 7 304 305 331 325 297 0 0 0 0 332 0 -1 0 0 0 32002 32002 0 0 0 0 0 2852
WIT 8 304 305 288 273 269 0 0 0 0 313 0 -1 0 0 0 32002 32002 0 0 0 0 0 4013
WIT 7 304 305 303 297 326 3947 0 0 0 32002 0 -1 0 0 0 32002 32002 0 0 0 0 0 0
WIT 7 304 305 333 327 357 4013 0 0 0 32002 0 -1 0 0 0 32002 32002 0 0 0 0 0 0
WIT 7 304 305 307 301 317 4013 0 0 0 32002 0 -1 0 0 0 32002 32002 0 0 0 0 0 0
WIT 8 304 305 341 334 340 4013 0 0 0 32002 0 -1 0 0 0 32002 32002 0 0 0 0 0 0
WIT 8 304 305 298 291 306 3947 0 0 0 32002 0 -1 0 0 0 32002 32002 0 0 0 0 0 0
WIT 7 304 305 302 296 323 3947 0 0 0 32002 0 -1 0 0 0 32002 32002 0 0 0 0 0 0
WIT 7 304 305 303 297 324 3947 0 0 0 32002 0 -1 0 0 0 32002 32002 0 0 0 0 0 0
WIT 7 304 305 326 320 356 3947 0 0 0 32002 0 -1 0 0 0 32002 32002 0 0 0 0 0 0
WIT 7 304 305 304 298 340 3947 0 0 0 32002 0 -1 0 0 0 32002 32002 0 0 0 0 0 0
WIT 8 304 305 309 302 326 3947 0 0 0 32002 0 -1 0 0 0 32002 32002 0 0 0 0 0 0
WIT 7 304 305 312 306 330 3947 0 0 0 32002 0 -1 0 0 0 32002 32002 0 0 0 0 0 0
WIT 7 304 305 396 390 453 3300 0 0 0 32002 0 -1 0 0 0 32002 32002 0 0 0 0 0 0
WIT 8 304 305 288 281 331 3947 0 0 0 32002 0 -1 0 0 0 32002 32002 0 0 0 0 0 0
WIT 8 304 305 328 321 353 3947 0 0 0 32002 0 -1 0 0 0 32002 32002 0 0 0 0 0 0
WIT 8 304 305 324 317 342 3947 0 0 0 32002 0 -1 0 0 0 32002 32002 0 0 0 0 0 0
WIT 8 304 305 327 320 345 3947 0 0 0 32002 0 -1 0 0 0 32002 32002 0 0 0 0 0 0
WIT 8 304 305 309 302 324 3947 0 0 0 32002 0 -1 0 0 0 32002 32002 0 0 0 0 0 0
WIT 8 304 305 300 293 320 3947 0 0 0 32002 0 -1 0 0 0 32002 32002 0 0 0 0 0 0
WIT 8 304 305 312 305 325 3947 0 0 0 32002 0 -1 0 0 0 32002 32002 0 0 0 0 0 0
WIT 8 304 305 328 321 335 3947 0 0 0 32002 0 -1 0 0 0 32002 32002 0 0 0 0 0 0
WIT 8 304 305 363 356 377 3947 0 0 0 32002 0 -1 0 0 0 32002 32002 0 0 0 0 0 0
WIT 8 288 305 288 281 276 0 0 0 0 305 0 -1 0 0 0 32002 32002 0 0 0 0 0 2354
WIT 9 304 305 371 363 365 3947 0 0 0 32002 0 -1 0 0 0 32002 32002 0 0 0 0 0 0
WIT 6 304 305 350 345 345 3947 0 0 0 32002 0 -1 0 0 0 32002 32002 0 0 0 0 0 0
WIT 6 304 305 305 300 320 3947 0 0 0 32002 0 -1 0 0 0 32002 32002 0 0 0 0 0 0
WIT 8 304 305 288 281 299 3300 0 0 1 305 0 -1 0 0 0 32002 32002 0 0 0 0 0 4013
WIT 10 304 305 288 279 278 0 0 0 0 305 0 -1 0 0 0 32002 32002 0 0 0 0 0 2354
WIT 10 304 305 288 279 299 2354 0 0 1 305 0 -1 0 0 0 32002 32002 0 0 0 0 0 4013
WIT 8 304 305 295 288 328 0 0 0 0 32002 0 -1 0 0 0 32002 32002 0 0 0 0 0 0
WIT 8 304 305 306 299 302 2354 0 0 1 309 0 -1 0 0 0 32002 32002 0 0 0 0 0 4013
WIT 9 304 305 289 272 272 2852 0 0 1 305 0 -1 0 0 0 32002 32002 0 0 0 0 0 4013
WIT 6 304 305 334 329 -1 0 0 0 0 335 0 -1 0 0 0 32002 32002 0 0 0 0 0 2852
WIT 6 304 305 347 342 348 3947 0 0 0 32002 0 -1 0 0 0 32002 32002 0 0 0 0 0 0
WIT 10 304 305 305 296 259 0 0 0 0 308 0 -1 0 0 0 32002 32002 0 0 0 0 0 2098
WIT 7 304 305 298 292 291 0 0 0 0 305 0 -1 0 0 0 32002 32002 0 0 0 0 0 4013
WIT 7 304 305 329 323 305 0 0 0 0 321 0 -1 0 0 0 32002 32002 0 0 0 0 0 2059
WIT 8 304 305 288 273 244 0 0 0 0 305 0 -1 0 0 0 32002 32002 0 0 0 0 0 2336
WIT 7 304 305 304 298 306 4013 0 0 0 32002 0 -1 0 0 0 32002 32002 0 0 0 0 0 0
WIT 8 304 305 288 281 288 4013 0 0 1 302 1 1 31420 1 1 304 305 0 0 0 0 13 4013
WIT 7 304 305 301 295 320 4013 0 0 0 32002 0 -1 0 0 0 32002 32002 0 0 0 0 0 0
WIT 8 304 305 288 281 296 4013 0 0 1 280 1 1 41045 1 1 304 305 0 0 0 0 33 4013
WIT 6 304 305 308 303 333 4013 0 0 0 32002 0 -1 0 0 0 32002 32002 0 0 0 0 0 0
WIT 6 304 305 298 293 312 4013 0 0 0 32002 0 -1 0 0 0 32002 32002 0 0 0 0 0 0
WIT 6 304 305 306 301 315 4013 0 0 0 32002 0 -1 0 0 0 32002 32002 0 0 0 0 0 0
WIT 7 304 305 325 319 319 4013 0 0 0 32002 0 -1 0 0 0 32002 32002 0 0 0 0 0 0
WIT 9 288 305 288 280 277 0 0 0 0 305 0 -1 0 0 0 32002 32002 0 0 0 0 0 3699
WIT 13 304 305 325 313 304 0 0 0 0 305 0 -1 0 0 0 32002 32002 0 0 0 0 0 3938
WIT 12 304 305 310 299 300 2354 0 0 1 313 0 -1 0 0 0 32002 32002 0 0 0 0 0 3938
WIT 12 304 305 288 265 226 0 0 0 0 305 0 -1 0 0 0 32002 32002 0 0 0 0 0 4013
WIT 12 304 305 447 436 439 4013 0 0 0 32002 0 -1 0 0 0 32002 32002 0 0 0 0 0 0
WIT 8 304 305 342 335 388 4013 0 0 0 32002 0 -1 0 0 0 32002 32002 0 0 0 0 0 0
WIT 14 304 305 316 289 146 0 0 0 0 310 0 -1 0 0 0 32002 32002 0 0 0 0 0 3300
WIT 7 -305 -304 -293 -299 -287 1180 0 0 0 32002 0 -1 0 0 0 32002 32002 0 0 0 0 0 0
WIT 6 -305 -304 -265 -270 -275 0 0 0 0 -293 0 -1 0 0 0 32002 32002 0 0 0 0 0 1568
WIT 11 304 305 288 267 265 0 0 0 0 296 0 -1 0 0 0 32002 32002 0 0 0 0 0 0
WIT 9 -289 -288 -293 -301 -293 1803 0 1 0 -185 0 -1 0 0 0 32002 32002 0 0 0 0 0 139
WIT 7 -305 -288 -296 -302 -304 0 0 0 0 -288 0 -1 0 0 0 32002 32002 0 0 0 0 0 1180
WIT 10 -289 -288 -294 -313 -289 1180 0 0 1 -281 0 -1 0 0 0 32002 32002 0 0 0 0 0 536
WIT 10 -289 -288 -295 -304 -292 1180 0 0 1 -281 0 -1 0 0 0 32002 32002 0 0 0 0 0 536
WIT 7 -289 -288 -281 -287 -269 1180 0 0 0 32002 0 -1 0 0 0 32002 32002 0 0 0 0 0 0
WIT 10 -289 -288 -295 -314 -316 0 0 1 0 -281 0 -1 0 0 0 32002 32002 0 0 0 0 0 268
WIT 8 -289 -288 -281 -288 -285 1180 0 0 0 32002 0 -1 0 0 0 32002 32002 0 0 0 0 0 0
WIT 7 -266 -265 -277 -283 -269 49415 0 0 1 -237 0 -1 0 0 0 32002 32002 0 0 0 0 0 139
WIT 9 -266 -265 -195 -203 -197 658 0 1 0 32002 0 -1 0 0 0 32002 32002 0 0 0 0 0 0
WIT 9 -266 -265 -285 -293 -268 536 0 0 1 -244 0 -1 0 0 0 32002 32002 0 0 0 0 0 139
WIT 7 -266 -265 -261 -267 -248 49415 0 0 0 32002 0 -1 0 0 0 32002 32002 0 0 0 0 0 0
WIT 7 -266 -265 -281 -287 -270 918 0 0 1 -255 0 -1 0 0 0 32002 32002 0 0 0 0 0 49415
WIT 6 -266 -265 -269 -274 -275 0 0 1 0 -261 0 -1 0 0 0 32002 32002 0 0 0 0 0 658
WIT 7 -305 -265 -288 -294 -308 0 0 0 0 -263 0 -1 0 0 0 32002 32002 0 0 0 0 0 1180
WIT 10 -266 -265 -281 -300 -286 1180 0 0 1 -265 0 -1 0 0 0 32002 32002 0 0 0 0 0 536
WIT 8 -266 -265 -251 -258 -248 0 0 0 0 32002 0 -1 0 0 0 32002 32002 0 0 0 0 0 0
WIT 10 -266 -265 -281 -290 -290 1180 0 0 1 -266 1 1 56932 1 1 -266 -248 0 0 0 0 33 1180
WIT 8 -266 -265 -281 -288 -269 1180 0 0 1 -250 0 -1 0 0 0 32002 32002 0 0 0 0 0 536
WIT 7 -266 -265 -272 -278 -274 451 0 0 1 -251 0 -1 0 0 0 32002 32002 0 0 0 0 0 536
WIT 6 -266 -265 -221 -226 -226 536 0 0 0 32002 0 -1 0 0 0 32002 32002 0 0 0 0 0 0
WIT 6 -266 -265 -260 -265 -149 1180 0 0 0 32002 0 -1 0 0 0 32002 32002 0 0 0 0 0 0
WIT 6 -266 -265 -271 -276 -204 1180 0 0 0 32002 0 -1 0 0 0 32002 32002 0 0 0 0 0 0
WIT 6 -266 -265 -268 -273 -196 1180 0 0 0 32002 0 -1 0 0 0 32002 32002 0 0 0 0 0 0
WIT 10 -266 -265 -281 -300 -311 0 0 1 0 -265 0 -1 0 0 0 32002 32002 0 0 0 0 0 268
WIT 8 -266 -265 -281 -288 -285 1180 0 0 1 -244 0 -1 0 0 0 32002 32002 0 0 0 0 0 536
WIT 7 -265 -264 -240 -246 -172 0 0 0 0 32002 0 -1 0 0 0 32002 32002 0 0 0 0 0 0
WIT 7 -265 -264 -256 -262 -244 139 0 0 0 32002 0 -1 0 0 0 32002 32002 0 0 0 0 0 0
WIT 10 -265 -264 -265 -284 -280 536 0 0 1 -264 0 -1 0 0 0 32002 32002 0 0 0 0 0 1180
WIT 9 -265 -264 -294 -302 -298 1568 0 0 1 -273 1 1 21827 1 1 -265 -265 0 0 0 0 11 0
WIT 7 264 265 266 260 248 0 0 0 0 265 0 -1 0 0 0 32002 32002 0 0 0 0 0 53048
WIT 10 -265 -264 -249 -258 -264 0 0 0 0 -265 0 -1 0 0 0 32002 32002 0 0 0 0 0 0
WIT 7 -288 -287 -263 -269 -282 0 0 0 0 -288 0 -1 0 0 0 32002 32002 0 0 0 0 0 0
WIT 7 -281 -280 -249 -255 -273 0 0 0 0 -275 0 -1 0 0 0 32002 32002 0 0 0 0 0 451
WIT 7 264 288 265 259 251 0 0 0 0 280 0 -1 0 0 0 32002 32002 0 0 0 0 0 3956
WIT 7 279 280 337 331 312 0 0 0 0 286 0 -1 0 0 0 32002 32002 0 0 0 0 0 4013
WIT 8 279 280 273 266 282 3956 0 0 0 32002 0 -1 0 0 0 32002 32002 0 0 0 0 0 0
WIT 6 279 280 308 303 303 0 0 0 0 32002 0 -1 0 0 0 32002 32002 0 0 0 0 0 0
WIT 6 279 280 301 296 287 0 0 0 0 280 0 -1 0 0 0 32002 32002 0 0 0 0 0 2908
WIT 7 279 280 265 252 251 0 0 0 0 280 0 -1 0 0 0 32002 32002 0 0 0 0 0 53048
WIT 6 -281 -280 -226 -231 -193 1180 0 0 0 32002 0 -1 0 0 0 32002 32002 0 0 0 0 0 0
WIT 7 264 288 265 259 253 0 0 0 0 280 0 -1 0 0 0 32002 32002 0 0 0 0 0 3699
WIT 7 279 280 265 259 274 3699 0 0 1 299 0 -1 0 0 0 32002 32002 0 0 0 0 0 4013
WIT 9 279 280 345 328 280 0 0 1 0 344 0 -1 0 0 0 32002 32002 0 0 0 0 0 3502
WIT 10 279 280 339 320 319 0 0 0 0 287 0 -1 0 0 0 32002 32002 0 0 0 0 0 3429
WIT 8 279 280 310 303 313 3699 0 0 0 32002 0 -1 0 0 0 32002 32002 0 0 0 0 0 0
WIT 6 279 280 339 334 354 3699 0 0 0 32002 0 -1 0 0 0 32002 32002 0 0 0 0 0 0
WIT 6 289 290 290 285 143 0 0 0 0 281 0 -1 0 0 0 32002 32002 0 0 0 0 0 0
WIT 7 266 267 237 231 214 0 0 0 0 263 0 -1 0 0 0 32002 32002 0 0 0 0 0 0
WIT 10 -267 -266 -263 -282 -394 0 0 0 0 -263 0 -1 0 0 0 32002 32002 0 0 0 0 0 166
WIT 8 266 267 293 286 256 0 0 1 0 267 0 -1 0 0 0 32002 32002 0 0 0 0 0 3387
WIT 9 -267 -266 -263 -280 -290 0 0 0 0 -267 0 -1 0 0 0 32002 32002 0 0 0 0 0 148
WIT 6 -267 -266 -248 -253 -264 0 0 0 0 -237 0 -1 0 0 0 32002 32002 0 0 0 0 0 148
WIT 11 -267 -266 -222 -232 -237 0 0 0 0 -267 0 -1 0 0 0 32002 32002 0 0 0 0 0 451
WIT 8 -267 -266 -272 -279 -270 917 1 0 0 -266 0 -1 0 0 0 32002 32002 0 0 0 0 0 789
WIT 8 -267 -266 -237 -244 -238 536 0 0 0 32002 0 -1 0 0 0 32002 32002 0 0 0 0 0 0
WIT 7 -267 -266 -205 -211 -276 0 0 0 0 -250 0 -1 0 0 0 32002 32002 0 0 0 0 0 1830
WIT 8 266 290 280 273 272 0 0 0 0 266 0 -1 0 0 0 32002 32002 0 0 0 0 0 0
WIT 7 -267 -266 -264 -270 -399 0 0 0 0 -267 0 -1 0 0 0 32002 32002 0 0 0 0 0 0
WIT 12 -267 -266 -264 -287 -286 148 0 0 1 -267 1 1 8076 1 1 -267 -270 0 0 0 0 11 0
WIT 7 266 290 267 261 251 0 0 0 0 262 0 -1 0 0 0 32002 32002 0 0 0 0 0 0
WIT 10 -267 -266 -251 -260 -261 0 0 0 0 -265 0 -1 0 0 0 32002 32002 0 0 0 0 0 536
WIT 8 -267 -266 -220 -227 -206 148 0 0 0 32002 0 -1 0 0 0 32002 32002 0 0 0 0 0 0
WIT 8 -267 -266 -154 -161 -125 451 0 0 0 32002 0 -1 0 0 0 32002 32002 0 0 0 0 0 0
WIT 8 -267 -266 -268 -275 -243 1180 0 0 0 32002 0 -1 0 0 0 32002 32002 0 0 0 0 0 0
WIT 7 -267 -266 -252 -258 -259 0 0 0 0 -267 0 -1 0 0 0 32002 32002 0 0 0 0 0 0
WIT 7 266 290 267 261 246 0 0 0 0 288 0 -1 0 0 0 32002 32002 0 0 0 0 0 3699
WIT 7 -267 -266 -221 -227 -221 451 0 0 0 32002 0 -1 0 0 0 32002 32002 0 0 0 0 0 0
WIT 8 -267 -266 -227 -234 -174 451 0 0 0 32002 0 -1 0 0 0 32002 32002 0 0 0 0 0 0
WIT 8 -267 -266 -240 -247 -229 49415 0 0 0 32002 0 -1 0 0 0 32002 32002 0 0 0 0 0 0
WIT 9 -267 -266 -246 -254 -249 49415 0 0 0 32002 0 -1 0 0 0 32002 32002 0 0 0 0 0 0
WIT 7 -267 -266 -244 -250 -254 0 0 0 0 -265 0 -1 0 0 0 32002 32002 0 0 0 0 0 1830
WIT 9 -267 -266 -246 -254 -247 1180 0 0 0 32002 0 -1 0 0 0 32002 32002 0 0 0 0 0 0
WIT 6 -255 -254 -83 -88 -80 251 1 0 0 32002 0 -1 0 0 0 32002 32002 0 0 0 0 0 0
WIT 7 -278 -254 -264 -270 -269 1830 0 0 1 -244 0 -1 0 0 0 32002 32002 0 0 0 0 0 148
WIT 10 -255 -254 -252 -261 -264 0 0 0 0 -255 0 -1 0 0 0 32002 32002 0 0 0 0 0 0
WIT 7 -260 -259 -231 -237 -200 1835 0 0 0 32002 0 -1 0 0 0 32002 32002 0 0 0 0 0 0
WIT 8 -278 -254 -266 -273 -280 0 0 0 0 -259 0 -1 0 0 0 32002 32002 0 0 0 0 0 148
WIT 11 -255 -254 -251 -272 -322 0 0 0 0 -255 0 -1 0 0 0 32002 32002 0 0 0 0 0 0
WIT 8 277 278 311 304 288 0 0 0 0 278 0 -1 0 0 0 32002 32002 0 0 0 0 0 3325
WIT 7 277 278 255 242 169 0 0 0 0 278 0 -1 0 0 0 32002 32002 0 0 0 0 0 3893
WIT 9 -255 -254 -264 -281 -279 1830 0 0 1 -250 0 -1 0 0 0 32002 32002 0 0 0 0 0 451
WIT 9 -255 -254 -266 -283 -278 148 0 0 1 -241 0 -1 0 0 0 32002 32002 0 0 0 0 0 451
WIT 8 -255 -254 -262 -269 -245 148 0 0 0 32002 0 -1 0 0 0 32002 32002 0 0 0 0 0 0
WIT 8 -255 -254 -233 -240 -216 926 0 0 0 32002 0 -1 0 0 0 32002 32002 0 0 0 0 0 0
WIT 8 -255 -254 -255 -262 -257 148 0 0 1 -254 0 -1 0 0 0 32002 32002 0 0 0 0 0 451
WIT 7 -255 -254 -233 -239 -218 148 0 0 0 32002 0 -1 0 0 0 32002 32002 0 0 0 0 0 0
WIT 9 -255 -254 -213 -221 -188 926 0 0 0 32002 0 -1 0 0 0 32002 32002 0 0 0 0 0 0
WIT 7 -255 -254 -247 -253 -251 148 0 0 0 32002 0 -1 0 0 0 32002 32002 0 0 0 0 0 0
WIT 7 -255 -254 -250 -256 -178 148 0 0 0 32002 0 -1 0 0 0 32002 32002 0 0 0 0 0 0
WIT 7 -255 -254 -243 -249 -221 148 0 0 0 32002 0 -1 0 0 0 32002 32002 0 0 0 0 0 0
WIT 7 -255 -254 -224 -230 -219 0 0 0 0 32002 0 -1 0 0 0 32002 32002 0 0 0 0 0 0
WIT 7 -255 -254 -261 -267 -223 0 0 0 0 32002 0 -1 0 0 0 32002 32002 0 0 0 0 0 0
WIT 9 -278 -254 -266 -274 -275 0 0 0 0 -254 0 -1 0 0 0 32002 32002 0 0 0 0 0 1180
WIT 6 254 255 272 267 314 3938 0 0 0 32002 0 -1 0 0 0 32002 32002 0 0 0 0 0 0
WIT 10 -255 -254 -262 -281 -865 0 0 0 0 -255 0 -1 0 0 0 32002 32002 0 0 0 0 0 0
WIT 9 254 255 265 257 225 0 0 0 0 269 0 -1 0 0 0 32002 32002 0 0 0 0 0 2915
WIT 6 277 278 255 250 250 53048 0 0 1 314 0 -1 0 0 0 32002 32002 0 0 0 0 0 3938
WIT 7 254 278 255 249 249 3699 0 0 1 278 0 -1 0 0 0 32002 32002 0 0 0 0 0 2908
WIT 9 277 278 255 238 252 53048 0 0 1 288 0 -1 0 0 0 32002 32002 0 0 0 0 0 3938
WIT 10 277 278 288 279 271 0 0 0 0 287 0 -1 0 0 0 32002 32002 0 0 0 0 0 2908
WIT 9 277 278 281 264 259 0 0 0 0 281 0 -1 0 0 0 32002 32002 0 0 0 0 0 3699
WIT 8 277 278 267 252 234 0 0 0 0 278 0 -1 0 0 0 32002 32002 0 0 0 0 0 3699
WIT 7 277 278 308 302 297 0 0 0 0 318 0 -1 0 0 0 32002 32002 0 0 0 0 0 3938
WIT 8 277 278 270 255 254 0 0 0 0 287 0 -1 0 0 0 32002 32002 0 0 0 0 0 3699
WIT 8 277 278 265 250 250 2915 0 0 1 278 0 -1 0 0 0 32002 32002 0 0 0 0 0 3699
WIT 7 277 278 297 291 282 0 0 0 0 278 0 -1 0 0 0 32002 32002 0 0 0 0 0 3699
WIT 10 -278 -254 -266 -275 -282 0 0 1 0 -278 0 -1 0 0 0 32002 32002 0 0 0 0 0 0
WIT 14 277 278 286 259 266 4013 0 0 1 287 0 -1 0 0 0 32002 32002 0 0 0 0 0 3429
WIT 12 277 278 315 292 297 4013 0 0 0 32002 0 -1 0 0 0 32002 32002 0 0 0 0 0 0
WIT 11 277 278 305 284 284 4013 0 0 0 32002 0 -1 0 0 0 32002 32002 0 0 0 0 0 0
WIT 10 277 278 347 338 338 3699 0 0 0 32002 0 -1 0 0 0 32002 32002 0 0 0 0 0 0
WIT 9 -279 -278 -242 -250 -297 0 0 0 0 -210 0 -1 0 0 0 32002 32002 0 0 0 0 0 243
WIT 6 -279 -278 -199 -204 -157 1811 0 0 0 32002 0 -1 0 0 0 32002 32002 0 0 0 0 0 0
WIT 8 -279 -278 -208 -223 -244 0 0 0 0 -206 0 -1 0 0 0 32002 32002 0 0 0 0 0 1328
WIT 8 -279 -278 -213 -220 -280 0 0 0 0 -271 0 -1 0 0 0 32002 32002 0 0 0 0 0 243
WIT 7 -279 -278 -236 -242 -243 0 0 0 0 -271 0 -1 0 0 0 32002 32002 0 0 0 0 0 1813
WIT 10 278 279 255 246 237 0 0 0 0 277 0 -1 0 0 0 32002 32002 0 0 0 0 0 0
WIT 8 -279 -278 -246 -253 -254 0 0 0 0 -277 0 -1 0 0 0 32002 32002 0 0 0 0 0 148
WIT 8 -279 -278 -240 -247 -230 1811 0 0 0 32002 0 -1 0 0 0 32002 32002 0 0 0 0 0 0
WIT 8 -279 -278 -261 -268 -265 148 0 0 0 32002 0 -1 0 0 0 32002 32002 0 0 0 0 0 0
WIT 7 278 294 287 281 270 0 0 0 0 278 0 -1 0 0 0 32002 32002 0 0 0 0 0 0
WIT 8 278 294 255 248 246 0 0 0 0 278 0 -1 0 0 0 32002 32002 0 0 0 0 0 0
WIT 8 -279 -278 -224 -231 -231 658 0 0 0 32002 0 -1 0 0 0 32002 32002 0 0 0 0 0 0
WIT 11 -279 -278 -251 -261 -270 0 0 0 0 -278 0 -1 0 0 0 32002 32002 0 0 0 0 0 1837
WIT 7 -279 -278 -185 -191 -162 0 0 0 0 32002 0 -1 0 0 0 32002 32002 0 0 0 0 0 0
WIT 9 278 294 278 270 267 0 0 0 0 278 0 -1 0 0 0 32002 32002 0 0 0 0 0 0
WIT 8 -279 -278 -203 -210 -587 0 0 0 0 -250 0 -1 0 0 0 32002 32002 0 0 0 0 0 235
WIT 7 -279 -278 -210 -216 -261 0 0 0 0 -252 0 -1 0 0 0 32002 32002 0 0 0 0 0 1835
WIT 8 -279 -278 -245 -260 -267 0 0 0 0 -277 0 -1 0 0 0 32002 32002 0 0 0 0 0 148
WIT 6 -279 -278 -231 -236 -204 1835 0 0 0 32002 0 -1 0 0 0 32002 32002 0 0 0 0 0 0
WIT 7 278 279 332 326 307 0 0 0 0 343 0 -1 0 0 0 32002 32002 0 0 0 0 0 2889
WIT 7 278 279 259 253 250 0 0 0 0 279 0 -1 0 0 0 32002 32002 0 0 0 0 0 53048
WIT 12 -279 -278 -277 -300 -301 0 0 0 0 -279 0 -1 0 0 0 32002 32002 0 0 0 0 0 0
WIT 9 278 279 288 280 252 0 0 0 0 288 0 -1 0 0 0 32002 32002 0 0 0 0 0 3112
WIT 8 278 279 288 281 275 0 0 0 0 268 0 -1 0 0 0 32002 32002 0 0 0 0 0 3429
WIT 6 278 279 284 279 288 3300 0 0 0 32002 0 -1 0 0 0 32002 32002 0 0 0 0 0 0
WIT 6 278 279 290 285 301 3429 0 0 0 32002 0 -1 0 0 0 32002 32002 0 0 0 0 0 0
WIT 6 278 279 344 339 263 0 0 0 0 291 0 -1 0 0 0 32002 32002 0 0 0 0 0 3429
WIT 7 278 279 277 271 261 0 0 0 0 272 0 -1 0 0 0 32002 32002 0 0 0 0 0 2852
WIT 10 278 279 285 266 266 53048 0 0 1 281 0 -1 0 0 0 32002 32002 0 0 0 0 0 4013
WIT 7 278 279 281 275 284 3956 0 0 0 32002 0 -1 0 0 0 32002 32002 0 0 0 0 0 0
WIT 7 278 279 275 269 282 4013 0 0 0 32002 0 -1 0 0 0 32002 32002 0 0 0 0 0 0
WIT 6 278 279 296 291 307 53048 0 0 0 32002 0 -1 0 0 0 32002 32002 0 0 0 0 0 0
WIT 6 278 279 290 285 289 3429 0 0 0 32002 0 -1 0 0 0 32002 32002 0 0 0 0 0 0
WIT 13 -279 -278 -254 -279 -280 0 0 0 0 -279 0 -1 0 0 0 32002 32002 0 0 0 0 0 0
WIT 7 278 294 290 284 290 2852 0 0 1 294 0 -1 0 0 0 32002 32002 0 0 0 0 0 3366
WIT 7 278 294 289 283 264 0 0 0 0 294 0 -1 0 0 0 32002 32002 0 0 0 0 0 3429
WIT 12 293 294 279 256 185 0 0 0 0 294 0 -1 0 0 0 32002 32002 0 0 0 0 0 2889
WIT 11 293 294 279 258 248 0 0 0 0 294 0 -1 0 0 0 32002 32002 0 0 0 0 0 53048
WIT 6 293 294 279 274 273 0 0 0 0 296 0 -1 0 0 0 32002 32002 0 0 0 0 0 3300
WIT 6 293 294 320 315 309 0 0 0 0 296 0 -1 0 0 0 32002 32002 0 0 0 0 0 3300
WIT 13 293 294 279 254 254 3112 0 0 1 294 0 -1 0 0 0 32002 32002 0 0 0 0 0 53048
WIT 10 293 294 335 316 308 0 0 0 0 294 0 -1 0 0 0 32002 32002 0 0 0 0 0 2889
WIT 6 293 294 279 274 274 3305 0 0 1 340 0 -1 0 0 0 32002 32002 0 0 0 0 0 3112
WIT 9 293 294 279 271 248 0 0 0 0 294 0 -1 0 0 0 32002 32002 0 0 0 0 0 53048
WIT 6 293 294 296 291 301 3502 0 0 0 32002 0 -1 0 0 0 32002 32002 0 0 0 0 0 0
WIT 7 293 294 295 282 277 0 0 0 0 294 0 -1 0 0 0 32002 32002 0 0 0 0 0 3112
WIT 8 293 294 279 264 258 0 0 0 0 294 0 -1 0 0 0 32002 32002 0 0 0 0 0 53048
WIT 8 293 294 294 287 287 3300 0 0 1 311 0 -1 0 0 0 32002 32002 0 0 0 0 0 53048
WIT 8 293 294 279 272 267 0 0 0 0 294 0 -1 0 0 0 32002 32002 0 0 0 0 0 53048
WIT 7 293 294 313 307 338 3300 0 0 0 32002 0 -1 0 0 0 32002 32002 0 0 0 0 0 0
WIT 7 293 294 305 299 306 3300 0 0 0 32002 0 -1 0 0 0 32002 32002 0 0 0 0 0 0
WIT 8 293 294 309 302 311 3300 0 0 0 32002 0 -1 0 0 0 32002 32002 0 0 0 0 0 0
WIT 7 293 294 318 312 282 0 0 0 0 326 0 -1 0 0 0 32002 32002 0 0 0 0 0 53048
WIT 7 293 294 286 280 301 3300 0 0 0 32002 0 -1 0 0 0 32002 32002 0 0 0 0 0 0
WIT 11 293 294 279 258 233 0 0 1 0 294 0 -1 0 0 0 32002 32002 0 0 0 0 0 3373
WIT 7 293 294 709 703 1121 2285 1 1 0 32002 0 -1 0 0 0 32002 32002 0 0 0 0 0 0
WIT 10 293 294 314 295 287 0 0 0 0 294 0 -1 0 0 0 32002 32002 0 0 0 0 0 2915
WIT 10 293 294 279 270 274 2908 1 0 0 294 0 -1 0 0 0 32002 32002 0 0 0 0 0 53048
WIT 7 293 294 341 335 344 0 0 0 0 32002 0 -1 0 0 0 32002 32002 0 0 0 0 0 0
WIT 7 293 294 308 302 311 53048 0 0 0 32002 0 -1 0 0 0 32002 32002 0 0 0 0 0 0
WIT 7 293 294 298 292 300 0 0 0 0 32002 0 -1 0 0 0 32002 32002 0 0 0 0 0 0
WIT 7 293 294 315 309 332 0 0 0 0 32002 0 -1 0 0 0 32002 32002 0 0 0 0 0 0
WIT 6 293 294 279 274 296 0 0 0 0 32002 0 -1 0 0 0 32002 32002 0 0 0 0 0 0
WIT 7 293 294 290 284 292 0 0 0 0 301 0 -1 0 0 0 32002 32002 0 0 0 0 0 2908
WIT 7 293 294 321 315 319 0 0 0 0 32002 0 -1 0 0 0 32002 32002 0 0 0 0 0 0
WIT 6 293 294 303 298 312 0 0 0 0 32002 0 -1 0 0 0 32002 32002 0 0 0 0 0 0
WIT 6 293 294 323 318 327 0 0 0 0 32002 0 -1 0 0 0 32002 32002 0 0 0 0 0 0
WIT 6 293 294 303 298 307 0 0 0 0 32002 0 -1 0 0 0 32002 32002 0 0 0 0 0 0
WIT 10 293 294 279 260 257 0 0 0 0 294 0 -1 0 0 0 32002 32002 0 0 0 0 0 4013
WIT 10 293 294 287 268 268 53048 0 0 1 333 0 -1 0 0 0 32002 32002 0 0 0 0 0 2852
WIT 8 293 294 290 283 296 53048 0 0 0 32002 0 -1 0 0 0 32002 32002 0 0 0 0 0 0
WIT 8 293 294 281 274 306 3429 0 0 0 32002 0 -1 0 0 0 32002 32002 0 0 0 0 0 0
WIT 6 293 294 521 516 426 0 0 0 0 285 0 -1 0 0 0 32002 32002 0 0 0 0 0 3567
WIT 8 293 294 279 264 264 53048 0 0 1 303 0 -1 0 0 0 32002 32002 0 0 0 0 0 3429
WIT 8 293 294 279 272 299 3429 0 0 0 32002 0 -1 0 0 0 32002 32002 0 0 0 0 0 0
WIT 8 293 294 316 309 318 53048 0 0 0 32002 0 -1 0 0 0 32002 32002 0 0 0 0 0 0
WIT 8 293 294 304 297 310 53048 0 0 0 32002 0 -1 0 0 0 32002 32002 0 0 0 0 0 0
WIT 8 293 294 279 272 275 53048 0 0 1 294 0 -1 0 0 0 32002 32002 0 0 0 0 0 3429
WIT 8 293 294 304 297 332 53048 0 0 0 32002 0 -1 0 0 0 32002 32002 0 0 0 0 0 0
WIT 8 293 294 299 292 296 53048 0 0 0 32002 0 -1 0 0 0 32002 32002 0 0 0 0 0 0
WIT 8 293 294 279 272 272 4013 0 0 1 294 0 -1 0 0 0 32002 32002 0 0 0 0 0 53048
WIT 8 293 294 319 312 335 53048 0 0 0 32002 0 -1 0 0 0 32002 32002 0 0 0 0 0 0
WIT 8 293 294 324 317 334 53048 0 0 0 32002 0 -1 0 0 0 32002 32002 0 0 0 0 0 0
WIT 8 293 294 317 310 326 53048 0 0 0 32002 0 -1 0 0 0 32002 32002 0 0 0 0 0 0
WIT 8 278 294 279 272 251 0 0 0 0 294 0 -1 0 0 0 32002 32002 0 0 0 0 0 3956
WIT 8 293 294 269 262 268 2851 1 0 0 334 0 -1 0 0 0 32002 32002 0 0 0 0 0 2723
WIT 7 293 294 267 254 221 0 0 0 0 329 0 -1 0 0 0 32002 32002 0 0 0 0 0 2915
WIT 7 293 294 277 271 302 0 0 0 0 32002 0 -1 0 0 0 32002 32002 0 0 0 0 0 0
WIT 7 293 294 286 280 280 4013 0 0 1 277 1 1 24479 1 1 293 233 0 0 0 0 9 0
WIT 8 293 294 280 265 282 3429 0 0 1 282 1 1 22269 1 1 293 289 0 0 0 0 11 0
WIT 9 293 294 280 263 263 3429 0 0 1 294 0 -1 0 0 0 32002 32002 0 0 0 0 0 4013
WIT 8 293 294 296 289 304 4013 0 0 0 32002 0 -1 0 0 0 32002 32002 0 0 0 0 0 0
WIT 8 293 294 289 282 304 3429 0 0 0 32002 0 -1 0 0 0 32002 32002 0 0 0 0 0 0
WIT 8 293 294 281 274 301 3429 0 0 0 32002 0 -1 0 0 0 32002 32002 0 0 0 0 0 0
WIT 7 293 294 293 287 306 3429 0 0 0 32002 0 -1 0 0 0 32002 32002 0 0 0 0 0 0
WIT 7 293 294 293 287 335 3429 0 0 0 32002 0 -1 0 0 0 32002 32002 0 0 0 0 0 0
WIT 7 293 294 295 289 321 3429 0 0 0 32002 0 -1 0 0 0 32002 32002 0 0 0 0 0 0
WIT 8 293 294 322 315 366 3429 0 0 0 32002 0 -1 0 0 0 32002 32002 0 0 0 0 0 0
WIT 11 278 294 278 268 268 3429 0 0 1 278 1 2 22339 0 0 32002 32002 1 0 4206 0 0 3699
WIT 6 293 294 278 273 281 3929 0 0 1 310 0 -1 0 0 0 32002 32002 0 0 0 0 0 3699
WIT 13 293 294 278 266 284 3699 0 0 1 307 0 -1 0 0 0 32002 32002 0 0 0 0 0 4013
WIT 7 293 294 311 305 295 0 0 0 0 302 0 -1 0 0 0 32002 32002 0 0 0 0 0 53048
WIT 7 293 294 278 272 266 0 0 0 0 294 0 -1 0 0 0 32002 32002 0 0 0 0 0 3112
WIT 6 293 294 278 273 262 0 0 0 0 294 0 -1 0 0 0 32002 32002 0 0 0 0 0 3699
WIT 13 293 294 278 266 279 3699 0 0 1 294 0 -1 0 0 0 32002 32002 0 0 0 0 0 4013
WIT 12 278 294 278 267 265 0 0 0 0 294 0 -1 0 0 0 32002 32002 0 0 0 0 0 2316
WIT 9 293 294 528 520 296 0 0 0 0 409 0 -1 0 0 0 32002 32002 0 0 0 0 0 2396
WIT 13 293 294 286 261 267 4013 0 0 1 338 0 -1 0 0 0 32002 32002 0 0 0 0 0 3429
WIT 10 293 294 336 317 324 4013 0 0 0 32002 0 -1 0 0 0 32002 32002 0 0 0 0 0 0
WIT 6 293 294 292 287 286 0 0 0 0 294 0 -1 0 0 0 32002 32002 0 0 0 0 0 3699
WIT 12 293 294 290 279 282 3938 0 0 1 294 0 -1 0 0 0 32002 32002 0 0 0 0 0 4013
WIT 11 293 294 305 284 284 4013 0 0 1 305 0 -1 0 0 0 32002 32002 0 0 0 0 0 3699
WIT 11 293 294 281 271 301 3699 0 0 0 32002 0 -1 0 0 0 32002 32002 0 0 0 0 0 0
WIT 11 293 294 347 337 363 3699 0 0 0 32002 0 -1 0 0 0 32002 32002 0 0 0 0 0 0
WIT 6 -284 -283 -187 -192 -226 0 0 0 0 -250 0 -1 0 0 0 32002 32002 0 0 0 0 0 1328
WIT 7 314 315 306 300 354 3501 1 0 0 32002 0 -1 0 0 0 32002 32002 0 0 0 0 0 0
WIT 9 314 315 413 405 382 0 0 1 0 528 0 -1 0 0 0 32002 32002 0 0 0 0 0 3502
WIT 11 294 315 294 284 278 0 0 0 0 315 0 -1 0 0 0 32002 32002 0 0 0 0 0 3429
WIT 11 314 315 429 419 542 4091 1 1 0 32002 0 -1 0 0 0 32002 32002 0 0 0 0 0 0
WIT 11 314 315 346 336 256 0 0 0 0 315 0 -1 0 0 0 32002 32002 0 0 0 0 0 3305
WIT 8 314 315 376 369 388 0 0 0 0 32002 0 -1 0 0 0 32002 32002 0 0 0 0 0 0
WIT 8 314 315 348 341 341 2325 1 0 0 32002 0 -1 0 0 0 32002 32002 0 0 0 0 0 0
WIT 6 314 315 302 297 305 0 0 0 0 317 0 -1 0 0 0 32002 32002 0 0 0 0 0 3803
WIT 11 314 315 295 285 197 0 0 0 0 315 0 -1 0 0 0 32002 32002 0 0 0 0 0 3300
WIT 11 314 315 355 345 306 0 0 1 0 315 0 -1 0 0 0 32002 32002 0 0 0 0 0 4091
WIT 6 314 315 347 342 342 0 0 0 0 32002 0 -1 0 0 0 32002 32002 0 0 0 0 0 0
WIT 10 314 315 301 292 203 0 0 0 0 300 0 -1 0 0 0 32002 32002 0 0 0 0 0 0
WIT 10 314 315 294 275 245 0 0 0 0 301 0 -1 0 0 0 32002 32002 0 0 0 0 0 0
WIT 10 314 315 294 275 194 0 0 0 0 306 0 -1 0 0 0 32002 32002 0 0 0 0 0 0
WIT 6 314 315 289 284 256 0 0 0 0 324 0 -1 0 0 0 32002 32002 0 0 0 0 0 53048
WIT 6 -315 -314 -295 -300 -284 0 0 0 0 32002 0 -1 0 0 0 32002 32002 0 0 0 0 0 0
WIT 11 -315 -314 -310 -320 -325 0 0 0 0 -314 0 -1 0 0 0 32002 32002 0 0 0 0 0 658
WIT 8 -315 -314 -304 -311 -308 983 0 0 0 32002 0 -1 0 0 0 32002 32002 0 0 0 0 0 0
WIT 7 -315 -314 -259 -265 -347 0 0 0 0 -260 0 -1 0 0 0 32002 32002 0 0 0 0 0 1
WIT 15 314 315 294 265 265 3112 0 0 1 306 1 1 15998 1 1 314 314 0 0 0 0 464 3559
WIT 15 314 315 294 265 233 0 0 1 0 314 0 -1 0 0 0 32002 32002 0 0 0 0 0 0
WIT 7 -315 -314 -243 -249 -206 0 0 0 0 32002 0 -1 0 0 0 32002 32002 0 0 0 0 0 0
WIT 6 -315 -314 -256 -261 -252 148 0 0 0 32002 0 -1 0 0 0 32002 32002 0 0 0 0 0 0
WIT 6 -315 -314 -245 -250 -237 148 0 0 0 32002 0 -1 0 0 0 32002 32002 0 0 0 0 0 0
WIT 6 -315 -314 -254 -259 -250 1835 0 0 0 32002 0 -1 0 0 0 32002 32002 0 0 0 0 0 0
WIT 6 -315 -314 -253 -258 -244 148 0 0 0 32002 0 -1 0 0 0 32002 32002 0 0 0 0 0 0
WIT 14 314 315 294 267 261 0 0 0 0 314 0 -1 0 0 0 32002 32002 0 0 0 0 0 0
WIT 8 -295 -294 -306 -321 -318 658 0 0 1 -273 0 -1 0 0 0 32002 32002 0 0 0 0 0 1328
WIT 8 -295 -294 -314 -329 -323 658 0 0 1 -294 0 -1 0 0 0 32002 32002 0 0 0 0 0 1372
WIT 6 -295 -294 -278 -283 -279 1372 0 0 0 32002 0 -1 0 0 0 32002 32002 0 0 0 0 0 0
WIT 6 -295 -294 -314 -319 -318 1372 0 0 1 -294 0 -1 0 0 0 32002 32002 0 0 0 0 0 658
WIT 6 -295 -294 -304 -309 -284 1 0 0 0 32002 0 -1 0 0 0 32002 32002 0 0 0 0 0 0
WIT 6 -295 -294 -314 -319 -284 1 0 0 0 32002 0 -1 0 0 0 32002 32002 0 0 0 0 0 0
WIT 7 -315 -294 -314 -320 -320 658 0 0 1 -294 0 -1 0 0 0 32002 32002 0 0 0 0 0 148
WIT 9 -295 -294 -218 -226 -211 658 0 0 0 32002 0 -1 0 0 0 32002 32002 0 0 0 0 0 0
WIT 9 -315 -294 -314 -322 -320 536 0 0 1 -294 0 -1 0 0 0 32002 32002 0 0 0 0 0 1837
WIT 12 -295 -294 -280 -303 -298 1830 0 0 1 -277 0 -1 0 0 0 32002 32002 0 0 0 0 0 148
WIT 10 -295 -294 -311 -320 -282 1835 0 0 0 32002 0 -1 0 0 0 32002 32002 0 0 0 0 0 0
WIT 8 -295 -294 -274 -281 -277 148 0 0 0 32002 0 -1 0 0 0 32002 32002 0 0 0 0 0 0
WIT 6 -295 -294 -202 -207 -260 0 0 0 0 -248 0 -1 0 0 0 32002 32002 0 0 0 0 0 1358
WIT 8 294 295 295 288 311 3567 0 0 0 32002 0 -1 0 0 0 32002 32002 0 0 0 0 0 0
WIT 10 -295 -294 -222 -231 -232 0 0 0 0 -295 0 -1 0 0 0 32002 32002 0 0 0 0 0 0
WIT 12 294 295 255 232 144 0 0 0 0 291 0 -1 0 0 0 32002 32002 0 0 0 0 0 3892
WIT 9 294 315 295 287 309 3567 0 0 1 315 0 -1 0 0 0 32002 32002 0 0 0 0 0 2852
WIT 9 294 315 295 287 221 0 0 0 0 315 0 -1 0 0 0 32002 32002 0 0 0 0 0 4013
WIT 10 314 315 316 297 303 2852 0 0 1 319 0 -1 0 0 0 32002 32002 0 0 0 0 0 3567
WIT 9 294 315 295 287 221 0 0 0 0 315 0 -1 0 0 0 32002 32002 0 0 0 0 0 3892
WIT 9 314 315 365 357 373 3892 0 1 0 32002 0 -1 0 0 0 32002 32002 0 0 0 0 0 0
WIT 11 294 315 279 269 263 0 0 0 0 294 0 -1 0 0 0 32002 32002 0 0 0 0 0 3429
WIT 10 314 315 329 320 302 0 0 0 0 315 0 -1 0 0 0 32002 32002 0 0 0 0 0 2723
WIT 10 314 315 339 330 352 3567 0 0 0 32002 0 -1 0 0 0 32002 32002 0 0 0 0 0 0
WIT 8 314 315 486 479 695 2723 1 0 0 32002 0 -1 0 0 0 32002 32002 0 0 0 0 0 0
WIT 7 314 315 281 275 300 3567 0 0 1 339 0 -1 0 0 0 32002 32002 0 0 0 0 0 53048
WIT 7 314 315 296 290 306 3567 0 0 1 364 0 -1 0 0 0 32002 32002 0 0 0 0 0 53048
WIT 7 314 315 310 304 314 3567 0 0 1 315 0 -1 0 0 0 32002 32002 0 0 0 0 0 3938
WIT 7 314 315 286 273 283 2908 1 0 0 314 0 -1 0 0 0 32002 32002 0 0 0 0 0 0
WIT 6 314 315 288 283 279 0 0 0 0 306 0 -1 0 0 0 32002 32002 0 0 0 0 0 4013
WIT 12 314 315 294 271 271 3429 0 0 1 314 1 1 29210 1 1 314 305 0 0 0 0 66 0
WIT 7 -295 -294 -275 -288 -288 658 0 0 0 32002 0 -1 0 0 0 32002 32002 0 0 0 0 0 0
WIT 7 -295 -294 -294 -307 -307 658 0 0 1 -294 0 -1 0 0 0 32002 32002 0 0 0 0 0 1372
WIT 9 -295 -294 -218 -226 -211 658 0 0 0 32002 0 -1 0 0 0 32002 32002 0 0 0 0 0 0
WIT 8 -315 -294 -314 -321 -320 536 0 0 1 -294 0 -1 0 0 0 32002 32002 0 0 0 0 0 1837
WIT 7 -295 -294 -278 -284 -285 1793 0 0 0 -279 0 -1 0 0 0 32002 32002 0 0 0 0 0 1802
WIT 8 294 295 295 288 275 0 0 0 0 309 0 -1 0 0 0 32002 32002 0 0 0 0 0 3300
WIT 12 -295 -294 -216 -239 -313 0 0 0 0 -254 0 -1 0 0 0 32002 32002 0 0 0 0 0 243
WIT 7 -295 -294 -194 -200 -171 0 0 0 0 32002 0 -1 0 0 0 32002 32002 0 0 0 0 0 0
WIT 11 -295 -294 -213 -234 -235 0 0 0 0 -286 0 -1 0 0 0 32002 32002 0 0 0 0 0 1328
WIT 11 -295 -294 -271 -281 -308 0 0 0 0 -266 0 -1 0 0 0 32002 32002 0 0 0 0 0 243
WIT 12 -295 -294 -277 -288 -289 0 0 0 0 -283 0 -1 0 0 0 32002 32002 0 0 0 0 0 1328
WIT 9 -295 -294 -292 -300 -266 991 0 0 0 32002 0 -1 0 0 0 32002 32002 0 0 0 0 0 0
WIT 10 -295 -294 -271 -290 -291 0 0 0 0 -294 0 -1 0 0 0 32002 32002 0 0 0 0 0 1813
WIT 11 -295 -294 -271 -292 -293 0 0 0 0 -294 0 -1 0 0 0 32002 32002 0 0 0 0 0 148
WIT 9 -295 -294 -240 -248 -240 1811 0 0 0 32002 0 -1 0 0 0 32002 32002 0 0 0 0 0 0
WIT 6 -295 -294 -257 -262 -236 148 0 0 0 32002 0 -1 0 0 0 32002 32002 0 0 0 0 0 0
WIT 8 -295 -294 -237 -244 -226 157 0 0 0 32002 0 -1 0 0 0 32002 32002 0 0 0 0 0 0
WIT 9 -315 -294 -314 -322 -325 0 0 0 0 -294 0 -1 0 0 0 32002 32002 0 0 0 0 0 1180
WIT 6 294 295 303 298 176 0 0 0 0 276 0 -1 0 0 0 32002 32002 0 0 0 0 0 0
WIT 7 -295 -294 -276 -282 -316 0 0 0 0 -295 0 -1 0 0 0 32002 32002 0 0 0 0 0 0
WIT 9 314 315 295 287 255 0 0 0 0 315 0 -1 0 0 0 32002 32002 0 0 0 0 0 53048
WIT 9 314 315 295 278 173 0 0 0 0 315 0 -1 0 0 0 32002 32002 0 0 0 0 0 2853
WIT 7 294 315 295 289 283 0 0 0 0 315 0 -1 0 0 0 32002 32002 0 0 0 0 0 4013
WIT 8 314 315 317 302 302 3104 0 0 1 318 0 -1 0 0 0 32002 32002 0 0 0 0 0 4013
WIT 10 314 315 278 269 277 2908 1 0 0 298 0 -1 0 0 0 32002 32002 0 0 0 0 0 0
WIT 7 -315 -314 -288 -294 -211 2088 0 0 0 32002 0 -1 0 0 0 32002 32002 0 0 0 0 0 0
WIT 7 -315 -314 -278 -291 -285 148 0 0 0 32002 0 -1 0 0 0 32002 32002 0 0 0 0 0 0
WIT 6 -315 -314 -249 -254 -265 0 0 0 0 -281 0 -1 0 0 0 32002 32002 0 0 0 0 0 1180
WIT 6 -315 -314 -252 -257 -255 148 0 0 0 32002 0 -1 0 0 0 32002 32002 0 0 0 0 0 0
WIT 8 -315 -294 -298 -305 -306 0 0 0 0 -291 0 -1 0 0 0 32002 32002 0 0 0 0 0 1568
WIT 7 -295 -294 -263 -269 -270 0 0 0 0 -295 0 -1 0 0 0 32002 32002 0 0 0 0 0 451
WIT 10 294 295 279 270 274 53048 0 0 1 289 1 1 34133 1 1 294 295 0 0 0 0 26 53048
WIT 10 -315 -294 -306 -315 -311 1568 0 0 1 -294 0 -1 0 0 0 32002 32002 0 0 0 0 0 1180
WIT 10 294 295 295 286 279 0 0 0 0 295 0 -1 0 0 0 32002 32002 0 0 0 0 0 4013
WIT 10 294 295 295 286 239 0 0 0 0 295 0 -1 0 0 0 32002 32002 0 0 0 0 0 3366
WIT 6 294 295 303 298 276 0 0 0 0 307 0 -1 0 0 0 32002 32002 0 0 0 0 0 3300
WIT 10 -295 -294 -268 -277 -287 0 0 0 0 -295 0 -1 0 0 0 32002 32002 0 0 0 0 0 0
WIT 10 294 295 338 329 289 0 0 0 0 295 0 -1 0 0 0 32002 32002 0 0 0 0 0 2196
WIT 6 294 295 398 393 132 0 0 0 0 368 0 -1 0 0 0 32002 32002 0 0 0 0 0 3298
WIT 7 294 295 280 274 286 3956 0 0 1 307 0 -1 0 0 0 32002 32002 0 0 0 0 0 2908
WIT 6 294 295 280 275 274 0 0 0 0 304 0 -1 0 0 0 32002 32002 0 0 0 0 0 4013
WIT 7 294 295 285 279 285 3956 0 0 1 306 0 -1 0 0 0 32002 32002 0 0 0 0 0 3300
WIT 6 294 295 280 275 260 0 0 0 0 298 0 -1 0 0 0 32002 32002 0 0 0 0 0 3112
WIT 7 294 315 295 289 282 0 0 0 0 315 0 -1 0 0 0 32002 32002 0 0 0 0 0 3429
WIT 10 314 315 300 281 281 4013 0 0 1 313 1 2 -1842 1 1 314 314 1 0 4 0 8 0
WIT 6 314 315 362 357 388 0 0 0 0 32002 0 -1 0 0 0 32002 32002 0 0 0 0 0 0
WIT 10 314 315 313 304 301 0 0 0 0 316 0 -1 0 0 0 32002 32002 0 0 0 0 0 3300
WIT 8 314 315 545 538 451 0 0 0 0 315 0 -1 0 0 0 32002 32002 0 0 0 0 0 3300
WIT 9 314 315 287 279 254 0 0 0 0 303 0 -1 0 0 0 32002 32002 0 0 0 0 0 0
WIT 8 314 315 315 308 308 4013 0 0 1 315 0 -1 0 0 0 32002 32002 0 0 0 0 0 3300
WIT 6 314 315 315 310 281 0 0 0 0 315 0 -1 0 0 0 32002 32002 0 0 0 0 0 4013
WIT 9 314 315 305 288 286 0 0 0 0 315 0 -1 0 0 0 32002 32002 0 0 0 0 0 3300
WIT 8 314 315 294 279 292 3112 0 0 1 315 0 -1 0 0 0 32002 32002 0 0 0 0 0 2889
WIT 8 314 315 333 326 326 3300 0 0 0 32002 0 -1 0 0 0 32002 32002 0 0 0 0 0 0
WIT 7 314 315 299 286 286 3300 0 0 1 315 0 -1 0 0 0 32002 32002 0 0 0 0 0 3112
WIT 6 314 315 294 289 289 3300 0 0 1 312 1 1 8301 1 1 314 289 0 0 0 0 1 0
WIT 9 314 315 295 278 259 0 0 0 0 314 0 -1 0 0 0 32002 32002 0 0 0 0 0 0
WIT 6 -295 -294 -275 -280 -191 1568 0 0 0 32002 0 -1 0 0 0 32002 32002 0 0 0 0 0 0
WIT 6 -295 -294 -300 -305 -295 148 0 0 1 -285 0 -1 0 0 0 32002 32002 0 0 0 0 0 251
WIT 7 -295 -294 -296 -302 -233 1835 0 0 0 32002 0 -1 0 0 0 32002 32002 0 0 0 0 0 0
WIT 7 -295 -294 -284 -290 -287 148 0 0 0 32002 0 -1 0 0 0 32002 32002 0 0 0 0 0 0
WIT 12 -295 -294 -237 -260 -260 789 1 0 0 32002 0 -1 0 0 0 32002 32002 0 0 0 0 0 0
WIT 12 -295 -294 -275 -286 -292 0 0 0 0 -275 0 -1 0 0 0 32002 32002 0 0 0 0 0 1830
WIT 6 -295 -294 -222 -227 -196 251 1 0 0 32002 0 -1 0 0 0 32002 32002 0 0 0 0 0 0
WIT 11 -295 -294 -277 -298 -311 0 0 0 0 -287 0 -1 0 0 0 32002 32002 0 0 0 0 0 148
WIT 10 -295 -294 -248 -257 -302 0 0 0 0 -270 0 -1 0 0 0 32002 32002 0 0 0 0 0 1830
WIT 7 -295 -294 -261 -267 -274 0 0 0 0 -288 0 -1 0 0 0 32002 32002 0 0 0 0 0 1837
WIT 8 294 315 295 288 279 0 0 0 0 293 0 -1 0 0 0 32002 32002 0 0 0 0 0 0
WIT 7 294 295 290 284 262 0 0 0 0 324 0 -1 0 0 0 32002 32002 0 0 0 0 0 4013
WIT 6 294 295 288 283 251 0 0 0 0 309 0 -1 0 0 0 32002 32002 0 0 0 0 0 4013
WIT 7 314 315 330 324 338 3938 0 0 0 32002 0 -1 0 0 0 32002 32002 0 0 0 0 0 0
WIT 7 294 315 313 307 305 0 0 0 0 315 0 -1 0 0 0 32002 32002 0 0 0 0 0 4013
WIT 7 305 306 308 302 293 0 0 0 0 306 0 -1 0 0 0 32002 32002 0 0 0 0 0 4013
WIT 8 305 306 344 337 346 3893 0 0 0 32002 0 -1 0 0 0 32002 32002 0 0 0 0 0 0
WIT 8 305 306 323 316 234 0 0 0 0 338 0 -1 0 0 0 32002 32002 0 0 0 0 0 3305
WIT 7 305 306 311 305 305 3893 0 0 1 306 0 -1 0 0 0 32002 32002 0 0 0 0 0 2852
WIT 7 305 306 307 294 267 0 0 0 0 306 0 -1 0 0 0 32002 32002 0 0 0 0 0 4013
WIT 7 305 306 313 307 246 0 0 1 0 334 0 -1 0 0 0 32002 32002 0 0 0 0 0 3502
WIT 8 -307 -306 -288 -295 -264 2088 0 0 0 32002 0 -1 0 0 0 32002 32002 0 0 0 0 0 0
WIT 8 294 315 298 291 288 0 0 0 0 306 0 -1 0 0 0 32002 32002 0 0 0 0 0 3112
WIT 9 -307 -306 -281 -289 -296 0 0 0 0 -307 0 -1 0 0 0 32002 32002 0 0 0 0 0 0
WIT 8 -307 -306 -285 -300 -308 0 0 0 0 -307 0 -1 0 0 0 32002 32002 0 0 0 0 0 0
WIT 10 314 315 310 301 342 3429 0 0 0 32002 0 -1 0 0 0 32002 32002 0 0 0 0 0 0
WIT 10 314 315 294 285 286 4013 0 0 1 315 0 -1 0 0 0 32002 32002 0 0 0 0 0 3429
WIT 9 314 315 296 288 324 3429 0 0 0 32002 0 -1 0 0 0 32002 32002 0 0 0 0 0 0
WIT 9 314 315 326 318 318 3429 0 0 0 32002 0 -1 0 0 0 32002 32002 0 0 0 0 0 0
WIT 6 314 315 278 273 295 2915 0 0 1 308 1 2 6167 1 1 314 314 1 0 2 0 14 0
WIT 9 314 315 318 310 358 3429 0 0 0 32002 0 -1 0 0 0 32002 32002 0 0 0 0 0 0
WIT 9 314 315 306 298 298 3429 0 0 1 324 0 -1 0 0 0 32002 32002 0 0 0 0 0 4013
WIT 11 294 315 294 284 281 0 0 0 0 315 0 -1 0 0 0 32002 32002 0 0 0 0 0 3699
WIT 6 314 315 307 302 304 3104 0 0 1 321 0 -1 0 0 0 32002 32002 0 0 0 0 0 3699
WIT 14 314 315 306 293 305 3699 0 0 1 318 0 -1 0 0 0 32002 32002 0 0 0 0 0 4013
WIT 9 314 315 314 306 306 3104 0 0 1 315 0 -1 0 0 0 32002 32002 0 0 0 0 0 53048
WIT 9 314 315 311 303 297 0 0 0 0 315 0 -1 0 0 0 32002 32002 0 0 0 0 0 3699
WIT 7 314 315 294 288 309 3104 0 0 1 308 1 1 20934 1 1 314 330 0 0 0 0 16 3104
WIT 14 314 315 294 281 281 3699 0 0 1 315 0 -1 0 0 0 32002 32002 0 0 0 0 0 4013
WIT 12 294 315 294 283 265 0 0 0 0 315 0 -1 0 0 0 32002 32002 0 0 0 0 0 2316
WIT 6 -305 -304 -258 -263 -242 49415 0 0 0 32002 0 -1 0 0 0 32002 32002 0 0 0 0 0 0
WIT 13 314 315 338 313 326 3892 0 1 0 32002 0 -1 0 0 0 32002 32002 0 0 0 0 0 0
WIT 15 314 315 334 305 304 0 0 0 0 326 0 -1 0 0 0 32002 32002 0 0 0 0 0 3429
WIT 8 314 315 299 292 301 4013 0 0 1 336 0 -1 0 0 0 32002 32002 0 0 0 0 0 2196
WIT 8 314 315 300 293 292 0 0 0 0 336 0 -1 0 0 0 32002 32002 0 0 0 0 0 4013
WIT 8 314 315 294 287 222 0 0 0 0 316 0 -1 0 0 0 32002 32002 0 0 0 0 0 2196
WIT 7 314 315 336 323 325 4013 0 0 0 32002 0 -1 0 0 0 32002 32002 0 0 0 0 0 0
WIT 13 314 315 294 269 293 4013 0 0 1 315 0 -1 0 0 0 32002 32002 0 0 0 0 0 3938
WIT 13 314 315 294 282 325 3938 0 0 0 32002 0 -1 0 0 0 32002 32002 0 0 0 0 0 0
WIT 7 314 315 305 292 292 4013 0 0 1 314 1 1 41549 1 1 314 315 0 0 0 0 37 4013
WIT 7 314 315 531 518 435 0 0 0 0 331 0 -1 0 0 0 32002 32002 0 0 0 0 0 2332
WIT 8 314 315 305 290 289 0 0 0 0 319 0 -1 0 0 0 32002 32002 0 0 0 0 0 4013
WIT 9 314 315 307 290 251 0 0 0 0 314 0 -1 0 0 0 32002 32002 0 0 0 0 0 0
WIT 7 314 315 305 292 251 0 0 0 0 314 0 -1 0 0 0 32002 32002 0 0 0 0 0 0
WIT 12 314 315 304 281 284 4013 0 0 1 314 1 1 21308 1 1 314 313 0 0 0 0 99 0
WIT 7 314 315 335 329 347 3559 0 0 0 32002 0 -1 0 0 0 32002 32002 0 0 0 0 0 0
WIT 8 314 315 331 324 305 0 0 0 0 318 0 -1 0 0 0 32002 32002 0 0 0 0 0 2852
WIT 7 314 315 308 302 330 3300 0 0 0 32002 0 -1 0 0 0 32002 32002 0 0 0 0 0 0
WIT 7 -315 -294 -314 -320 -331 0 0 0 0 -315 0 -1 0 0 0 32002 32002 0 0 0 0 0 0
WIT 11 314 315 329 308 287 0 0 0 0 344 0 -1 0 0 0 32002 32002 0 0 0 0 0 2332
WIT 9 314 315 327 319 300 0 0 0 0 320 0 -1 0 0 0 32002 32002 0 0 0 0 0 2332
WIT 10 314 315 325 306 303 0 0 0 0 315 0 -1 0 0 0 32002 32002 0 0 0 0 0 2852
WIT 11 314 315 323 313 313 53048 0 0 1 325 0 -1 0 0 0 32002 32002 0 0 0 0 0 2852
WIT 10 314 315 333 324 334 3300 0 0 0 32002 0 -1 0 0 0 32002 32002 0 0 0 0 0 0
WIT 9 314 315 318 301 294 0 0 0 0 315 0 -1 0 0 0 32002 32002 0 0 0 0 0 4013
WIT 9 314 315 305 288 310 53048 0 0 1 310 1 1 21477 1 1 314 301 0 0 0 0 6 0
WIT 7 -295 -294 -299 -305 -336 0 0 0 0 -306 0 -1 0 0 0 32002 32002 0 0 0 0 0 0
WIT 6 314 315 319 314 310 0 0 0 0 325 0 -1 0 0 0 32002 32002 0 0 0 0 0 3300
WIT 7 314 315 305 299 304 53048 0 0 1 291 1 2 21414 1 1 314 314 1 0 1 0 2 0
WIT 8 -315 -294 -314 -321 -322 0 0 1 0 -315 0 -1 0 0 0 32002 32002 0 0 0 0 0 0
WIT 6 334 335 289 284 280 0 0 0 0 308 0 -1 0 0 0 32002 32002 0 0 0 0 0 3947
WIT 11 -315 -314 -313 -334 -334 790 0 0 1 -313 0 -1 0 0 0 32002 32002 0 0 0 0 0 536
WIT 6 314 315 328 323 313 0 0 0 0 314 0 -1 0 0 0 32002 32002 0 0 0 0 0 0
WIT 7 -315 -314 -250 -256 -275 0 0 0 0 -238 0 -1 0 0 0 32002 32002 0 0 0 0 0 790
WIT 9 -315 -314 -314 -322 -381 0 0 0 0 -314 0 -1 0 0 0 32002 32002 0 0 0 0 0 1876
WIT 9 314 315 277 260 259 0 0 0 0 314 0 -1 0 0 0 32002 32002 0 0 0 0 0 0
WIT 7 -315 -294 -313 -319 -319 157 0 0 1 -315 1 1 11361 1 1 -315 -289 0 0 0 0 289 157
WIT 9 -295 -294 -311 -328 -324 157 0 0 1 -290 0 -1 0 0 0 32002 32002 0 0 0 0 0 918
WIT 8 -295 -294 -275 -290 -297 0 0 0 0 -308 0 -1 0 0 0 32002 32002 0 0 0 0 0 658
WIT 7 -295 -294 -254 -260 -186 157 0 0 0 32002 0 -1 0 0 0 32002 32002 0 0 0 0 0 0
WIT 10 -315 -294 -314 -323 -317 49415 0 0 1 -315 1 1 10412 1 1 -315 -294 0 0 0 0 832 49415
WIT 10 -295 -294 -246 -255 -311 0 0 0 0 -286 0 -1 0 0 0 32002 32002 0 0 0 0 0 790
WIT 9 -295 -294 -314 -331 -419 0 0 0 0 -294 0 -1 0 0 0 32002 32002 0 0 0 0 0 1876
WIT 7 -295 -294 -294 -300 -314 0 0 0 0 -306 0 -1 0 0 0 32002 32002 0 0 0 0 0 0
WIT 8 -295 -294 -314 -329 -340 0 0 0 0 -318 0 -1 0 0 0 32002 32002 0 0 0 0 0 0
WIT 7 -295 -294 -289 -302 -305 0 0 0 0 -303 0 -1 0 0 0 32002 32002 0 0 0 0 0 0
WIT 6 294 295 327 322 284 0 0 0 0 317 0 -1 0 0 0 32002 32002 0 0 0 0 0 2098
WIT 12 -295 -294 -313 -336 -336 157 0 0 1 -295 1 2 13909 1 1 -295 -309 0 0 0 0 51 0
WIT 7 294 315 321 315 -317 0 0 0 0 315 0 -1 0 0 0 32002 32002 0 0 0 0 0 2404
WIT 8 294 315 318 311 294 0 0 0 0 315 0 -1 0 0 0 32002 32002 0 0 0 0 0 3300
WIT 8 314 315 360 353 257 0 0 0 0 352 0 -1 0 0 0 32002 32002 0 0 0 0 0 2331
WIT 6 314 315 308 303 355 2400 0 0 0 32002 0 -1 0 0 0 32002 32002 0 0 0 0 0 0
WIT 6 314 315 306 301 280 0 0 0 0 315 0 -1 0 0 0 32002 32002 0 0 0 0 0 2325
WIT 6 314 315 310 305 317 0 0 0 0 32002 0 -1 0 0 0 32002 32002 0 0 0 0 0 0
WIT 11 314 315 304 283 283 3938 0 0 1 315 0 -1 0 0 0 32002 32002 0 0 0 0 0 3300
WIT 8 294 315 303 296 272 0 0 0 0 315 0 -1 0 0 0 32002 32002 0 0 0 0 0 2341
WIT 6 314 315 335 330 291 0 0 0 0 325 0 -1 0 0 0 32002 32002 0 0 0 0 0 2919
WIT 6 294 295 320 315 280 0 0 0 0 270 0 -1 0 0 0 32002 32002 0 0 0 0 0 0
WIT 6 -295 -294 -263 -268 -287 0 0 0 0 -286 0 -1 0 0 0 32002 32002 0 0 0 0 0 204
WIT 11 -295 -294 -274 -284 -282 918 0 0 0 32002 0 -1 0 0 0 32002 32002 0 0 0 0 0 0
WIT 8 -295 -294 -275 -282 -282 918 0 0 0 32002 0 -1 0 0 0 32002 32002 0 0 0 0 0 0
WIT 8 294 315 295 288 275 0 0 0 0 294 0 -1 0 0 0 32002 32002 0 0 0 0 0 0
WIT 8 -295 -294 -300 -307 -298 790 0 0 1 -279 0 -1 0 0 0 32002 32002 0 0 0 0 0 211
WIT 8 -295 -294 -222 -237 -188 261 0 1 0 32002 0 -1 0 0 0 32002 32002 0 0 0 0 0 0
WIT 8 -295 -294 -254 -261 -223 157 0 0 0 32002 0 -1 0 0 0 32002 32002 0 0 0 0 0 0
WIT 10 -295 -294 -261 -270 -257 658 0 1 0 32002 0 -1 0 0 0 32002 32002 0 0 0 0 0 0
WIT 9 -295 -294 -252 -260 -271 0 0 1 0 -284 0 -1 0 0 0 32002 32002 0 0 0 0 0 658
WIT 9 -295 -294 -282 -290 -280 658 0 0 0 32002 0 -1 0 0 0 32002 32002 0 0 0 0 0 0
WIT 9 -295 -294 -269 -277 -274 49415 0 0 0 32002 0 -1 0 0 0 32002 32002 0 0 0 0 0 0
WIT 8 -267 -266 -261 -268 -268 1358 0 0 1 -261 0 -1 0 0 0 32002 32002 0 0 0 0 0 204
WIT 7 -267 -266 -276 -282 -283 0 0 0 0 -264 0 -1 0 0 0 32002 32002 0 0 0 0 0 795
WIT 7 -267 -266 -231 -237 -224 1358 0 0 0 32002 0 -1 0 0 0 32002 32002 0 0 0 0 0 0
WIT 8 -315 -266 -294 -301 -302 0 0 0 0 -264 0 -1 0 0 0 32002 32002 0 0 0 0 0 658
WIT 6 -267 -266 -286 -291 -222 1745 0 0 0 32002 0 -1 0 0 0 32002 32002 0 0 0 0 0 0
WIT 7 -267 -266 -242 -248 -266 0 0 0 0 -178 0 -1 0 0 0 32002 32002 0 0 0 0 0 157
WIT 8 286 287 305 298 232 0 0 0 0 287 0 -1 0 0 0 32002 32002 0 0 0 0 0 2852
WIT 7 286 287 270 264 250 0 0 0 0 268 0 -1 0 0 0 32002 32002 0 0 0 0 0 0
WIT 6 286 287 269 264 256 0 0 0 0 277 0 -1 0 0 0 32002 32002 0 0 0 0 0 0
WIT 11 -267 -266 -233 -243 -303 0 0 0 0 -266 0 -1 0 0 0 32002 32002 0 0 0 0 0 795
WIT 10 -267 -266 -270 -279 -278 658 0 0 1 -259 0 -1 0 0 0 32002 32002 0 0 0 0 0 1745
WIT 6 -267 -266 -224 -229 -208 0 0 0 0 32002 0 -1 0 0 0 32002 32002 0 0 0 0 0 0
WIT 9 -267 -266 -294 -311 -315 0 0 0 0 -266 0 -1 0 0 0 32002 32002 0 0 0 0 0 795
WIT 6 -267 -266 -263 -268 -246 0 0 0 0 32002 0 -1 0 0 0 32002 32002 0 0 0 0 0 0
WIT 7 -315 -266 -270 -276 -406 0 0 0 0 -266 0 -1 0 0 0 32002 32002 0 0 0 0 0 918
WIT 6 -267 -266 -265 -270 -287 0 0 0 0 -281 0 -1 0 0 0 32002 32002 0 0 0 0 0 0
WIT 7 -267 -266 -282 -288 -289 0 0 0 0 -279 0 -1 0 0 0 32002 32002 0 0 0 0 0 0
WIT 10 -267 -266 -303 -312 -314 0 0 0 0 -267 0 -1 0 0 0 32002 32002 0 0 0 0 0 0
WIT 6 314 315 336 331 264 0 0 0 0 354 0 -1 0 0 0 32002 32002 0 0 0 0 0 2331
WIT 8 314 315 274 267 264 0 0 0 0 311 0 -1 0 0 0 32002 32002 0 0 0 0 0 0
WIT 6 -267 -266 -282 -287 -266 0 0 0 0 32002 0 -1 0 0 0 32002 32002 0 0 0 0 0 0
WIT 8 -267 -266 -272 -279 -290 0 0 0 0 -266 0 -1 0 0 0 32002 32002 0 0 0 0 0 918
WIT 8 -267 -266 -308 -315 -316 0 0 0 0 -259 0 -1 0 0 0 32002 32002 0 0 0 0 0 324
WIT 8 -267 -266 -306 -313 -293 918 0 0 1 -266 0 -1 0 0 0 32002 32002 0 0 0 0 0 658
WIT 9 -315 -266 -294 -302 -305 0 0 0 0 -315 0 -1 0 0 0 32002 32002 0 0 0 0 0 795
WIT 12 -267 -266 -259 -270 -268 658 0 0 1 -260 0 -1 0 0 0 32002 32002 0 0 0 0 0 1745
WIT 7 -267 -266 -245 -251 -253 0 0 0 0 -265 0 -1 0 0 0 32002 32002 0 0 0 0 0 658
WIT 8 -267 -266 -254 -261 -262 0 0 0 0 -274 0 -1 0 0 0 32002 32002 0 0 0 0 0 1358
WIT 11 -267 -266 -266 -287 -290 0 0 0 0 -266 0 -1 0 0 0 32002 32002 0 0 0 0 0 918
WIT 9 266 267 298 290 282 0 0 0 0 266 0 -1 0 0 0 32002 32002 0 0 0 0 0 0
WIT 12 -267 -266 -290 -313 -307 324 0 0 1 -267 1 1 30521 1 1 -267 -280 0 0 0 0 49 795
WIT 6 -267 -266 -275 -280 -289 0 0 0 0 -268 0 -1 0 0 0 32002 32002 0 0 0 0 0 0
WIT 11 -267 -266 -242 -263 -185 918 0 0 0 32002 0 -1 0 0 0 32002 32002 0 0 0 0 0 0
WIT 10 -267 -266 -275 -294 -295 0 0 0 0 -266 0 -1 0 0 0 32002 32002 0 0 0 0 0 157
WIT 8 -267 -266 -274 -281 -268 918 0 0 1 -256 0 -1 0 0 0 32002 32002 0 0 0 0 0 216
WIT 9 -267 -266 -276 -293 -303 0 0 0 0 -261 0 -1 0 0 0 32002 32002 0 0 0 0 0 658
WIT 6 -267 -266 -269 -274 -257 795 0 0 0 32002 0 -1 0 0 0 32002 32002 0 0 0 0 0 0
WIT 6 -267 -266 -213 -218 -110 658 0 0 0 32002 0 -1 0 0 0 32002 32002 0 0 0 0 0 0
WIT 8 -267 -266 -213 -220 -196 918 0 0 0 32002 0 -1 0 0 0 32002 32002 0 0 0 0 0 0
WIT 7 -267 -266 -258 -264 -238 918 0 0 0 32002 0 -1 0 0 0 32002 32002 0 0 0 0 0 0
WIT 7 -267 -266 -275 -281 -251 658 0 0 0 32002 0 -1 0 0 0 32002 32002 0 0 0 0 0 0
WIT 10 -315 -266 -294 -303 -305 0 0 0 0 -266 0 -1 0 0 0 32002 32002 0 0 0 0 0 49415
WIT 11 -267 -266 -266 -287 -287 157 0 0 1 -266 0 -1 0 0 0 32002 32002 0 0 0 0 0 795
WIT 6 -267 -266 -274 -279 -269 1876 0 0 1 -299 1 1 52600 1 1 -267 -281 0 0 0 0 5 0
WIT 11 -267 -266 -274 -284 -274 795 0 0 1 -267 1 1 37650 1 1 -267 -266 0 0 0 0 55 795
WIT 6 -267 -266 -291 -296 -263 658 0 0 0 32002 0 -1 0 0 0 32002 32002 0 0 0 0 0 0
WIT 9 -267 -266 -280 -288 -280 790 0 0 1 -266 0 -1 0 0 0 32002 32002 0 0 0 0 0 211
WIT 9 -267 -266 -294 -311 -279 790 0 0 1 -266 0 -1 0 0 0 32002 32002 0 0 0 0 0 211
WIT 8 -267 -266 -294 -309 -338 0 0 0 0 -266 0 -1 0 0 0 32002 32002 0 0 0 0 0 1876
WIT 8 -267 -266 -267 -274 -274 918 0 0 1 -267 1 1 22584 1 1 -267 -257 0 0 0 0 20 918
WIT 13 -267 -266 -294 -319 -309 918 0 0 1 -266 0 -1 0 0 0 32002 32002 0 0 0 0 0 157
WIT 10 -267 -266 -261 -270 -270 658 0 1 0 -260 0 -1 0 0 0 32002 32002 0 0 0 0 0 139
WIT 10 -267 -266 -294 -303 -253 49415 0 0 0 32002 0 -1 0 0 0 32002 32002 0 0 0 0 0 0
WIT 9 -267 -266 -291 -299 -227 157 0 0 0 32002 0 -1 0 0 0 32002 32002 0 0 0 0 0 0
WIT 9 -267 -266 -284 -301 -302 0 0 1 0 -266 0 -1 0 0 0 32002 32002 0 0 0 0 0 658
WIT 9 -267 -266 -276 -284 -271 49415 0 0 1 -250 0 -1 0 0 0 32002 32002 0 0 0 0 0 157
WIT 9 -267 -266 -184 -192 -188 49415 0 0 0 32002 0 -1 0 0 0 32002 32002 0 0 0 0 0 0
WIT 9 -267 -266 -282 -290 -290 918 0 0 1 -192 0 -1 0 0 0 32002 32002 0 0 0 0 0 211
WIT 9 -267 -266 -269 -277 -268 49415 0 0 1 -266 0 -1 0 0 0 32002 32002 0 0 0 0 0 157
WIT 8 -304 -228 -256 -263 -230 1745 0 0 1 -228 0 -1 0 0 0 32002 32002 0 0 0 0 0 658
WIT 9 -304 -228 -266 -274 -313 0 0 0 0 -228 0 -1 0 0 0 32002 32002 0 0 0 0 0 918
WIT 13 -229 -228 -260 -272 -268 658 0 0 1 -226 0 -1 0 0 0 32002 32002 0 0 0 0 0 1745
WIT 13 -229 -228 -257 -269 -253 1765 0 0 1 -229 1 1 24556 1 1 -229 -237 0 0 0 0 74 204
WIT 9 -229 -228 -266 -283 -273 658 0 0 1 -229 1 1 20200 1 1 -229 -229 0 0 0 0 35 0
WIT 9 228 229 237 229 229 3644 0 0 0 32002 0 -1 0 0 0 32002 32002 0 0 0 0 0 0
WIT 7 228 229 238 232 247 3567 0 0 0 32002 0 -1 0 0 0 32002 32002 0 0 0 0 0 0
WIT 8 228 229 229 214 212 0 0 0 0 229 0 -1 0 0 0 32002 32002 0 0 0 0 0 53055
WIT 7 228 229 229 223 223 3643 0 0 1 229 0 -1 0 0 0 32002 32002 0 0 0 0 0 53055
WIT 6 228 229 229 224 226 3104 0 0 1 229 0 -1 0 0 0 32002 32002 0 0 0 0 0 53055
WIT 6 228 229 293 288 288 53048 0 0 0 32002 0 -1 0 0 0 32002 32002 0 0 0 0 0 0
WIT 12 -229 -228 -266 -289 -290 0 0 0 0 -229 0 -1 0 0 0 32002 32002 0 0 0 0 0 0
WIT 7 303 304 238 232 243 3567 0 0 1 281 1 1 15141 1 1 303 297 0 0 0 0 6 0
WIT 6 300 301 229 224 233 3644 0 0 1 300 1 1 27113 1 1 300 286 0 0 0 0 1 0
WIT 7 228 304 229 223 213 0 0 0 0 265 0 -1 0 0 0 32002 32002 0 0 0 0 0 53055
WIT 7 264 265 229 223 223 3643 0 0 1 260 1 1 -480 1 1 264 264 0 0 0 0 3 0
WIT 7 264 265 229 223 223 3643 0 0 1 265 0 -1 0 0 0 32002 32002 0 0 0 0 0 53055
WIT 6 264 265 254 249 249 3112 0 0 1 300 0 -1 0 0 0 32002 32002 0 0 0 0 0 53055
WIT 7 -266 -265 -266 -272 -272 1358 0 0 1 -264 0 -1 0 0 0 32002 32002 0 0 0 0 0 204
WIT 7 228 304 229 223 222 0 0 0 0 265 0 -1 0 0 0 32002 32002 0 0 0 0 0 3947
WIT 6 -265 -264 -252 -257 -270 0 0 0 0 -249 0 -1 0 0 0 32002 32002 0 0 0 0 0 536
WIT 8 264 265 265 250 155 0 0 0 0 264 0 -1 0 0 0 32002 32002 0 0 0 0 0 0
WIT 7 264 265 229 223 210 0 0 0 0 264 0 -1 0 0 0 32002 32002 0 0 0 0 0 0
WIT 9 -265 -264 -259 -276 -268 918 0 0 1 -259 0 -1 0 0 0 32002 32002 0 0 0 0 0 324
WIT 7 -265 -264 -266 -272 -236 658 0 0 0 32002 0 -1 0 0 0 32002 32002 0 0 0 0 0 0
WIT 7 -265 -264 -266 -279 -279 658 0 0 1 -261 0 -1 0 0 0 32002 32002 0 0 0 0 0 1745
WIT 7 -265 -264 -225 -231 -231 918 0 0 0 32002 0 -1 0 0 0 32002 32002 0 0 0 0 0 0
WIT 6 -265 -264 -172 -177 -170 1358 0 0 0 32002 0 -1 0 0 0 32002 32002 0 0 0 0 0 0
WIT 7 264 265 265 259 236 0 0 0 0 265 0 -1 0 0 0 32002 32002 0 0 0 0 0 3947
WIT 7 -265 -264 -266 -272 -273 0 0 0 0 -265 0 -1 0 0 0 32002 32002 0 0 0 0 0 918
WIT 7 -265 -264 -257 -263 -244 658 0 0 0 32002 0 -1 0 0 0 32002 32002 0 0 0 0 0 0
WIT 7 -265 -264 -252 -258 -255 658 0 0 0 32002 0 -1 0 0 0 32002 32002 0 0 0 0 0 0
WIT 7 -265 -264 -241 -247 -230 658 0 0 0 32002 0 -1 0 0 0 32002 32002 0 0 0 0 0 0
WIT 7 -265 -264 -266 -272 -257 918 0 0 0 32002 0 -1 0 0 0 32002 32002 0 0 0 0 0 0
WIT 6 263 264 311 306 305 0 0 0 0 266 0 -1 0 0 0 32002 32002 0 0 0 0 0 53055
WIT 8 263 264 333 326 308 0 0 0 0 323 0 -1 0 0 0 32002 32002 0 0 0 0 0 2852
WIT 7 263 264 315 309 314 2341 0 0 0 32002 0 -1 0 0 0 32002 32002 0 0 0 0 0 0
WIT 9 263 264 315 298 286 0 0 0 0 264 0 -1 0 0 0 32002 32002 0 0 0 0 0 3938
WIT 7 263 264 308 295 272 0 0 0 0 315 0 -1 0 0 0 32002 32002 0 0 0 0 0 2341
WIT 7 263 264 295 282 279 0 0 0 0 259 0 -1 0 0 0 32002 32002 0 0 0 0 0 0
WIT 9 -304 -228 -266 -274 -305 0 0 0 0 -264 0 -1 0 0 0 32002 32002 0 0 0 0 0 795
WIT 9 -265 -264 -266 -283 -280 918 0 0 1 -264 0 -1 0 0 0 32002 32002 0 0 0 0 0 795
WIT 8 -265 -264 -266 -281 -273 324 0 0 1 -258 0 -1 0 0 0 32002 32002 0 0 0 0 0 157
WIT 7 -265 -264 -219 -225 -213 795 0 0 0 32002 0 -1 0 0 0 32002 32002 0 0 0 0 0 0
WIT 7 -265 -264 -213 -219 -196 918 0 0 0 32002 0 -1 0 0 0 32002 32002 0 0 0 0 0 0
WIT 6 263 264 321 316 305 0 0 0 0 273 0 -1 0 0 0 32002 32002 0 0 0 0 0 4013
WIT 11 263 264 329 319 330 3938 0 0 0 32002 0 -1 0 0 0 32002 32002 0 0 0 0 0 0
WIT 9 263 264 308 300 323 3300 0 0 0 32002 0 -1 0 0 0 32002 32002 0 0 0 0 0 0
WIT 10 263 264 315 296 249 0 0 0 0 267 0 -1 0 0 0 32002 32002 0 0 0 0 0 2098
WIT 9 263 264 315 298 288 0 0 0 0 264 0 -1 0 0 0 32002 32002 0 0 0 0 0 4013
WIT 9 263 264 315 298 295 0 0 0 0 264 0 -1 0 0 0 32002 32002 0 0 0 0 0 2336
WIT 9 -304 -228 -266 -274 -304 0 0 0 0 -264 0 -1 0 0 0 32002 32002 0 0 0 0 0 49415
WIT 10 -265 -264 -264 -283 -263 324 0 0 0 32002 0 -1 0 0 0 32002 32002 0 0 0 0 0 0
WIT 8 -265 -264 -266 -273 -258 918 0 0 0 32002 0 -1 0 0 0 32002 32002 0 0 0 0 0 0
WIT 8 -265 -264 -291 -298 -297 658 0 0 1 -274 1 1 21498 1 1 -265 -248 0 0 0 0 33 658
WIT 9 -265 -264 -266 -283 -295 0 0 0 0 -264 0 -1 0 0 0 32002 32002 0 0 0 0 0 49415
WIT 10 -265 -264 -171 -180 -144 49415 0 0 0 32002 0 -1 0 0 0 32002 32002 0 0 0 0 0 0
WIT 9 -265 -264 -266 -283 -293 0 0 1 0 -264 0 -1 0 0 0 32002 32002 0 0 0 0 0 658
WIT 8 -265 -264 -266 -273 -267 49415 0 0 1 -264 0 -1 0 0 0 32002 32002 0 0 0 0 0 157
WIT 9 -265 -264 -266 -283 -282 918 0 0 1 -263 0 -1 0 0 0 32002 32002 0 0 0 0 0 157
WIT 6 -265 -264 -294 -299 -260 49415 0 0 0 32002 0 -1 0 0 0 32002 32002 0 0 0 0 0 0
WIT 6 -265 -264 -272 -277 -203 49415 0 0 0 32002 0 -1 0 0 0 32002 32002 0 0 0 0 0 0

===========================
Total time (ms) : 61
Nodes searched  : 45716
Nodes/second    : 749442
