
Position: 1/1 (rnbq1rk1/p3ppbp/1p3np1/2p5/3PpP2/2PB1N2/PP1N2PP/R1BQK2R w KQ - 0 9)
WIT 6 299 300 342 337 301 0 0 0 0 335 0 -1 0 0 0 32002 32002 0 0 0 0 0 2908
WIT 7 300 313 447 441 354 0 0 1 0 325 0 -1 0 0 0 32002 32002 0 0 0 0 0 3373
WIT 8 312 313 317 310 277 0 0 0 0 344 0 -1 0 0 0 32002 32002 0 0 0 0 0 2203
WIT 8 312 313 327 320 361 2203 1 0 0 32002 0 -1 0 0 0 32002 32002 0 0 0 0 0 0
WIT 7 312 313 329 323 352 2203 1 0 0 32002 0 -1 0 0 0 32002 32002 0 0 0 0 0 0
WIT 7 300 313 314 308 274 0 0 0 0 323 0 -1 0 0 0 32002 32002 0 0 0 0 0 3761
WIT 7 337 338 490 484 483 0 0 0 0 318 0 -1 0 0 0 32002 32002 0 0 0 0 0 0
WIT 6 -314 -313 -305 -310 -333 0 0 1 0 -322 0 -1 0 0 0 32002 32002 0 0 0 0 0 0
WIT 7 337 338 389 383 397 0 0 0 0 32002 0 -1 0 0 0 32002 32002 0 0 0 0 0 0
WIT 8 337 338 341 334 323 0 0 0 0 358 0 -1 0 0 0 32002 32002 0 0 0 0 0 2203
WIT 7 313 338 323 317 281 0 0 1 0 338 0 -1 0 0 0 32002 32002 0 0 0 0 0 3373
WIT 9 337 338 340 323 286 0 0 0 0 344 0 -1 0 0 0 32002 32002 0 0 0 0 0 2203
WIT 8 337 338 327 320 361 2203 1 0 0 32002 0 -1 0 0 0 32002 32002 0 0 0 0 0 0
WIT 8 337 338 329 322 352 2203 1 0 0 32002 0 -1 0 0 0 32002 32002 0 0 0 0 0 0
WIT 7 313 338 321 315 274 0 0 0 0 338 0 -1 0 0 0 32002 32002 0 0 0 0 0 3761
WIT 7 360 361 338 332 358 0 0 0 0 361 0 -1 0 0 0 32002 32002 0 0 0 0 0 3150
WIT 9 360 361 405 397 425 0 0 0 0 32002 0 -1 0 0 0 32002 32002 0 0 0 0 0 0
WIT 7 360 361 356 343 367 2917 0 0 0 32002 0 -1 0 0 0 32002 32002 0 0 0 0 0 0
WIT 7 360 361 389 383 399 0 0 0 0 32002 0 -1 0 0 0 32002 32002 0 0 0 0 0 0
WIT 7 338 361 338 332 292 0 0 1 0 361 0 -1 0 0 0 32002 32002 0 0 0 0 0 3373
WIT 10 360 361 370 361 395 3690 0 0 0 32002 0 -1 0 0 0 32002 32002 0 0 0 0 0 0
WIT 10 360 361 343 324 288 0 0 0 0 361 0 -1 0 0 0 32002 32002 0 0 0 0 0 2203
WIT 8 360 361 329 322 352 2203 1 0 0 361 0 -1 0 0 0 32002 32002 0 0 0 0 0 3819
WIT 7 360 361 517 511 535 0 0 0 0 32002 0 -1 0 0 0 32002 32002 0 0 0 0 0 0
WIT 7 338 361 338 332 274 0 0 0 0 361 0 -1 0 0 0 32002 32002 0 0 0 0 0 3761
WIT 7 391 392 361 355 376 0 0 0 0 390 0 -1 0 0 0 32002 32002 0 0 0 0 0 0
WIT 6 391 392 405 400 452 3964 0 0 0 32002 0 -1 0 0 0 32002 32002 0 0 0 0 0 0
WIT 9 391 392 405 397 429 0 0 0 0 32002 0 -1 0 0 0 32002 32002 0 0 0 0 0 0
WIT 9 391 392 361 344 344 2917 0 0 1 400 0 -1 0 0 0 32002 32002 0 0 0 0 0 3964
WIT 7 391 392 356 343 367 2917 0 0 1 394 0 -1 0 0 0 32002 32002 0 0 0 0 0 2203
WIT 7 391 392 389 383 402 0 0 0 0 32002 0 -1 0 0 0 32002 32002 0 0 0 0 0 0
WIT 7 361 392 361 355 310 0 0 1 0 361 0 -1 0 0 0 32002 32002 0 0 0 0 0 0
WIT 8 -362 -361 -274 -281 -303 0 0 0 0 -355 0 -1 0 0 0 32002 32002 0 0 0 0 0 1371
WIT 7 361 392 361 355 319 0 0 0 0 361 0 -1 0 0 0 32002 32002 0 0 0 0 0 0
WIT 6 -320 -319 -352 -357 -283 1762 1 0 0 32002 0 -1 0 0 0 32002 32002 0 0 0 0 0 0
WIT 8 -320 -319 -355 -370 -364 1371 1 0 0 -319 0 -1 0 0 0 32002 32002 0 0 0 0 0 1837
WIT 6 -320 -319 -121 -126 -169 0 0 0 0 -277 0 -1 0 0 0 32002 32002 0 0 0 0 0 1244
WIT 8 -320 -319 -184 -199 -200 0 0 0 0 -319 0 -1 0 0 0 32002 32002 0 0 0 0 0 1762
WIT 6 -320 -319 -163 -168 -168 1805 0 0 0 32002 0 -1 0 0 0 32002 32002 0 0 0 0 0 0
WIT 7 -263 -262 -319 -332 -328 1371 1 0 0 -265 0 -1 0 0 0 32002 32002 0 0 0 0 0 0
WIT 6 -319 -318 -300 -305 -305 1228 0 0 0 32002 0 -1 0 0 0 32002 32002 0 0 0 0 0 0
WIT 6 -319 -318 -361 -366 -356 1244 0 0 1 -318 0 -1 0 0 0 32002 32002 0 0 0 0 0 148
WIT 7 -319 -318 -308 -321 -392 0 0 0 0 -318 0 -1 0 0 0 32002 32002 0 0 0 0 0 49415
WIT 7 -319 -318 -309 -322 -339 0 0 0 0 -318 0 -1 0 0 0 32002 32002 0 0 0 0 0 1837
WIT 6 305 306 318 313 457 1746 1 0 0 32002 0 -1 0 0 0 32002 32002 0 0 0 0 0 0
WIT 10 -307 -306 -318 -337 -388 0 0 0 0 -306 0 -1 0 0 0 32002 32002 0 0 0 0 0 1371
WIT 8 -307 -306 -306 -313 -254 1307 1 0 0 32002 0 -1 0 0 0 32002 32002 0 0 0 0 0 0
WIT 7 -307 -306 -318 -324 -338 0 0 0 0 -306 0 -1 0 0 0 32002 32002 0 0 0 0 0 148
WIT 9 -307 -306 -318 -335 -348 0 0 0 0 -306 0 -1 0 0 0 32002 32002 0 0 0 0 0 49415
WIT 9 -307 -306 -307 -324 -330 0 0 0 0 -306 0 -1 0 0 0 32002 32002 0 0 0 0 0 148
WIT 9 -307 -306 -318 -335 -351 0 0 0 0 -306 0 -1 0 0 0 32002 32002 0 0 0 0 0 1837
WIT 7 -307 -306 -287 -300 -300 1837 1 0 0 32002 0 -1 0 0 0 32002 32002 0 0 0 0 0 0
WIT 7 -300 -299 -303 -309 -330 0 0 0 0 -303 0 -1 0 0 0 32002 32002 0 0 0 0 0 0
WIT 8 -300 -299 -326 -333 -336 0 0 0 0 -295 0 -1 0 0 0 32002 32002 0 0 0 0 0 49415
WIT 7 -327 -299 -326 -332 -334 0 0 0 0 -299 0 -1 0 0 0 32002 32002 0 0 0 0 0 213
WIT 7 299 300 316 310 294 0 0 0 0 292 0 -1 0 0 0 32002 32002 0 0 0 0 0 0
WIT 14 -300 -299 -306 -333 -386 0 0 0 0 -299 0 -1 0 0 0 32002 32002 0 0 0 0 0 1371
WIT 6 -300 -299 -306 -311 -307 324 0 0 1 -299 0 -1 0 0 0 32002 32002 0 0 0 0 0 203
WIT 9 -300 -299 -273 -281 -281 1228 0 0 0 32002 0 -1 0 0 0 32002 32002 0 0 0 0 0 0
WIT 8 -300 -299 -299 -306 -306 324 0 0 1 -298 0 -1 0 0 0 32002 32002 0 0 0 0 0 203
WIT 12 -300 -299 -299 -310 -310 1380 0 0 1 -299 0 -1 0 0 0 32002 32002 0 0 0 0 0 324
WIT 9 -300 -299 -306 -314 -314 324 0 0 1 -305 1 1 41907 1 1 -300 -299 0 1 0 1 32 324
WIT 10 -300 -299 -285 -294 -295 0 0 0 0 -300 0 -1 0 0 0 32002 32002 0 0 0 0 0 1249
WIT 6 -300 -299 -540 -545 -571 0 0 1 0 -283 0 -1 0 0 0 32002 32002 0 0 0 0 0 391
WIT 11 -300 -299 -286 -296 -297 0 0 0 0 -287 0 -1 0 0 0 32002 32002 0 0 0 0 0 1762
WIT 13 -300 -299 -306 -331 -345 0 0 0 0 -299 0 -1 0 0 0 32002 32002 0 0 0 0 0 49415
WIT 7 -300 -299 -292 -298 -266 0 0 0 0 32002 0 -1 0 0 0 32002 32002 0 0 0 0 0 0
WIT 7 -300 -299 -306 -312 -288 1249 0 0 0 32002 0 -1 0 0 0 32002 32002 0 0 0 0 0 0
WIT 6 -300 -299 -302 -307 -351 0 0 0 0 -194 0 -1 0 0 0 32002 32002 0 0 0 0 0 213
WIT 8 -300 -299 -306 -313 -321 0 0 0 0 -288 0 -1 0 0 0 32002 32002 0 0 0 0 0 1307
WIT 13 -300 -299 -306 -331 -331 1762 1 0 0 -292 0 -1 0 0 0 32002 32002 0 0 0 0 0 148
WIT 13 -300 -299 -306 -331 -332 0 0 0 0 -299 0 -1 0 0 0 32002 32002 0 0 0 0 0 1837
WIT 10 -300 -299 -256 -265 -221 0 0 0 0 32002 0 -1 0 0 0 32002 32002 0 0 0 0 0 0
WIT 9 -300 -299 -259 -267 -1099 0 0 1 0 -299 0 -1 0 0 0 32002 32002 0 0 0 0 0 259
WIT 8 -300 -299 -282 -297 -533 0 0 0 0 -299 0 -1 0 0 0 32002 32002 0 0 0 0 0 1244
WIT 7 -300 -299 -271 -284 -208 1826 1 0 0 32002 0 -1 0 0 0 32002 32002 0 0 0 0 0 0
WIT 8 -300 -299 -186 -193 -193 148 0 0 0 32002 0 -1 0 0 0 32002 32002 0 0 0 0 0 0
WIT 8 -300 -299 -261 -268 -247 0 0 0 0 32002 0 -1 0 0 0 32002 32002 0 0 0 0 0 0
WIT 6 -300 -299 -137 -142 -127 0 0 0 0 32002 0 -1 0 0 0 32002 32002 0 0 0 0 0 0
WIT 10 -286 -285 -245 -254 -382 0 0 0 0 -269 0 -1 0 0 0 32002 32002 0 0 0 0 0 1393
WIT 9 -286 -285 -251 -259 -540 0 0 0 0 -271 0 -1 0 0 0 32002 32002 0 0 0 0 0 1393
WIT 10 -286 -285 -280 -289 -422 0 0 0 0 -276 0 -1 0 0 0 32002 32002 0 0 0 0 0 1837
WIT 11 -286 -285 100 90 -560 0 0 1 0 -254 0 -1 0 0 0 32002 32002 0 0 0 0 0 1179
WIT 9 -286 -285 -295 -312 -321 0 0 0 0 -285 0 -1 0 0 0 32002 32002 0 0 0 0 0 49415
WIT 9 -286 -285 -245 -253 -261 0 0 0 0 -241 0 -1 0 0 0 32002 32002 0 0 0 0 0 1837
WIT 8 -286 -285 -285 -292 -229 0 0 0 0 32002 0 -1 0 0 0 32002 32002 0 0 0 0 0 0
WIT 8 -286 -285 -299 -306 -316 0 0 0 0 -285 0 -1 0 0 0 32002 32002 0 0 0 0 0 49415
WIT 8 285 286 46 31 -71 0 0 0 0 252 0 -1 0 0 0 32002 32002 0 0 0 0 0 0
WIT 8 -286 -285 -213 -220 -961 0 0 0 0 -255 0 -1 0 0 0 32002 32002 0 0 0 0 0 1244
WIT 8 -313 -285 -299 -306 -327 0 0 0 0 -285 0 -1 0 0 0 32002 32002 0 0 0 0 0 213
WIT 11 -286 -285 -200 -221 -434 0 0 0 0 -285 0 -1 0 0 0 32002 32002 0 0 0 0 0 1244
WIT 9 -313 -285 -299 -307 -327 0 0 0 0 -285 0 -1 0 0 0 32002 32002 0 0 0 0 0 1371
WIT 9 -286 -285 -295 -303 -335 0 0 0 0 -285 0 -1 0 0 0 32002 32002 0 0 0 0 0 148
WIT 6 -286 -285 -294 -299 -300 0 0 0 0 -285 0 -1 0 0 0 32002 32002 0 0 0 0 0 148
WIT 8 -286 -285 -295 -302 -798 0 0 1 0 -285 0 -1 0 0 0 32002 32002 0 0 0 0 0 196
WIT 10 -286 -285 -258 -267 -258 148 0 0 0 32002 0 -1 0 0 0 32002 32002 0 0 0 0 0 0
WIT 9 -286 -285 -299 -307 -299 148 0 0 1 -285 0 -1 0 0 0 32002 32002 0 0 0 0 0 316
WIT 7 -286 -285 -241 -247 -227 148 0 0 0 32002 0 -1 0 0 0 32002 32002 0 0 0 0 0 0
WIT 13 -286 -285 -299 -324 -313 1249 0 0 1 -285 0 -1 0 0 0 32002 32002 0 0 0 0 0 324
WIT 8 -286 -285 -290 -297 -231 148 0 0 0 32002 0 -1 0 0 0 32002 32002 0 0 0 0 0 0
WIT 13 -286 -285 -290 -302 -288 148 0 0 1 -231 0 -1 0 0 0 32002 32002 0 0 0 0 0 1770
WIT 6 -286 -285 -299 -304 -229 1249 0 0 0 32002 0 -1 0 0 0 32002 32002 0 0 0 0 0 0
WIT 11 -286 -285 -299 -309 -300 148 0 0 1 -286 1 1 58420 1 1 -286 -286 0 0 0 0 20 1893
WIT 7 -286 -285 -293 -299 -297 324 0 0 1 -281 0 -1 0 0 0 32002 32002 0 0 0 0 0 203
WIT 6 -286 -285 -299 -304 -301 1228 0 0 1 -287 1 1 12767 1 1 -286 -298 0 0 0 0 2 0
WIT 12 -286 -285 -299 -310 -309 1228 0 0 1 -286 1 2 17614 1 1 -286 -290 1 0 10 0 19 0
WIT 13 -286 -285 -299 -324 -372 0 0 0 0 -286 0 -1 0 0 0 32002 32002 0 0 0 0 0 0
WIT 10 285 286 393 384 396 3964 0 0 0 32002 0 -1 0 0 0 32002 32002 0 0 0 0 0 0
WIT 7 285 286 393 380 401 2917 0 0 0 32002 0 -1 0 0 0 32002 32002 0 0 0 0 0 0
WIT 6 285 286 433 428 453 0 0 0 0 32002 0 -1 0 0 0 32002 32002 0 0 0 0 0 0
WIT 6 285 286 389 384 409 0 0 0 0 32002 0 -1 0 0 0 32002 32002 0 0 0 0 0 0
WIT 12 -286 -285 -299 -322 -359 0 0 0 0 -286 0 -1 0 0 0 32002 32002 0 0 0 0 0 0
WIT 12 -286 -285 -299 -322 -332 0 0 0 0 -286 0 -1 0 0 0 32002 32002 0 0 0 0 0 0
WIT 9 -286 -285 -299 -307 -301 1307 1 0 0 -283 0 -1 0 0 0 32002 32002 0 0 0 0 0 1371
WIT 10 -286 -285 -299 -308 -308 1380 0 0 1 -282 0 -1 0 0 0 32002 32002 0 0 0 0 0 324
WIT 8 -286 -285 -299 -306 -291 1380 0 0 1 -285 0 -1 0 0 0 32002 32002 0 0 0 0 0 324
WIT 6 -286 -285 -299 -304 -304 1380 0 0 1 -285 0 -1 0 0 0 32002 32002 0 0 0 0 0 324
WIT 7 -286 -285 -299 -305 -256 0 0 0 0 32002 0 -1 0 0 0 32002 32002 0 0 0 0 0 0
WIT 8 -286 -285 -299 -314 -342 0 0 0 0 -285 0 -1 0 0 0 32002 32002 0 0 0 0 0 148
WIT 8 -286 -285 -299 -306 -306 324 0 0 1 -285 0 -1 0 0 0 32002 32002 0 0 0 0 0 148
WIT 10 -286 -285 -292 -311 -307 1762 1 0 0 -285 0 -1 0 0 0 32002 32002 0 0 0 0 0 148
WIT 7 285 313 286 280 275 0 0 1 0 285 0 -1 0 0 0 32002 32002 0 0 0 0 0 0
WIT 10 -286 -285 -299 -318 -299 1380 0 0 1 -269 0 -1 0 0 0 32002 32002 0 0 0 0 0 1762
WIT 10 -286 -285 -258 -267 -267 204 0 0 0 32002 0 -1 0 0 0 32002 32002 0 0 0 0 0 0
WIT 8 -286 -285 -186 -193 -193 148 0 0 0 32002 0 -1 0 0 0 32002 32002 0 0 0 0 0 0
WIT 8 -286 -285 -297 -304 -243 0 0 0 0 32002 0 -1 0 0 0 32002 32002 0 0 0 0 0 0
WIT 6 -286 -285 -248 -253 -200 0 0 0 0 32002 0 -1 0 0 0 32002 32002 0 0 0 0 0 0
WIT 6 -286 -285 -136 -141 -105 0 0 0 0 32002 0 -1 0 0 0 32002 32002 0 0 0 0 0 0
WIT 7 -286 -285 -247 -253 -211 0 0 0 0 32002 0 -1 0 0 0 32002 32002 0 0 0 0 0 0
WIT 6 -286 -285 -137 -142 -127 0 0 0 0 32002 0 -1 0 0 0 32002 32002 0 0 0 0 0 0
WIT 8 -286 -285 -261 -268 -247 0 0 0 0 32002 0 -1 0 0 0 32002 32002 0 0 0 0 0 0
WIT 7 -286 -285 -245 -251 -210 0 0 0 0 32002 0 -1 0 0 0 32002 32002 0 0 0 0 0 0
WIT 6 -267 -266 -273 -278 -286 0 0 0 0 -266 0 -1 0 0 0 32002 32002 0 0 0 0 0 1226
WIT 7 -267 -266 -59 -72 -59 0 0 0 0 32002 0 -1 0 0 0 32002 32002 0 0 0 0 0 0
WIT 9 -267 -266 -270 -278 -491 0 0 0 0 -256 0 -1 0 0 0 32002 32002 0 0 0 0 0 1393
WIT 7 -267 -266 -61 -67 614 3157 1 1 0 32002 0 -1 0 0 0 32002 32002 0 0 0 0 0 0
WIT 11 -267 -266 -272 -282 -408 0 0 0 0 -266 0 -1 0 0 0 32002 32002 0 0 0 0 0 1393
WIT 8 -267 -266 -276 -283 -330 0 0 0 0 -138 0 -1 0 0 0 32002 32002 0 0 0 0 0 1393
WIT 8 -267 -266 -276 -291 -527 0 0 0 0 -266 0 -1 0 0 0 32002 32002 0 0 0 0 0 1837
WIT 10 -267 -266 -277 -286 -605 0 0 0 0 -266 0 -1 0 0 0 32002 32002 0 0 0 0 0 1244
WIT 7 -267 -266 -245 -251 -264 0 0 0 0 -229 0 -1 0 0 0 32002 32002 0 0 0 0 0 2747
WIT 6 -267 -266 -283 -288 -299 0 0 0 0 -264 0 -1 0 0 0 32002 32002 0 0 0 0 0 2747
WIT 10 -267 -266 -283 -292 -333 0 0 0 0 -266 0 -1 0 0 0 32002 32002 0 0 0 0 0 1770
WIT 8 -267 -266 -260 -267 -243 0 0 0 0 32002 0 -1 0 0 0 32002 32002 0 0 0 0 0 0
WIT 6 -267 -266 -270 -275 -247 0 0 0 0 32002 0 -1 0 0 0 32002 32002 0 0 0 0 0 0
WIT 6 -267 -266 -285 -290 -261 0 0 0 0 32002 0 -1 0 0 0 32002 32002 0 0 0 0 0 0
WIT 7 -267 -266 -285 -298 -321 0 0 0 0 -266 0 -1 0 0 0 32002 32002 0 0 0 0 0 49415
WIT 7 -304 -266 -285 -291 -290 204 0 0 1 -266 0 -1 0 0 0 32002 32002 0 0 0 0 0 213
WIT 10 -267 -266 -285 -304 -409 0 0 0 0 -225 0 -1 0 0 0 32002 32002 0 0 0 0 0 1244
WIT 10 -267 -266 -285 -294 -222 0 0 0 0 32002 0 -1 0 0 0 32002 32002 0 0 0 0 0 0
WIT 8 -267 -266 -240 -247 -189 0 0 0 0 32002 0 -1 0 0 0 32002 32002 0 0 0 0 0 0
WIT 8 -304 -266 -285 -292 -327 0 0 0 0 -266 0 -1 0 0 0 32002 32002 0 0 0 0 0 1371
WIT 11 -267 -266 -285 -306 -301 204 0 0 1 -283 1 1 25066 1 1 -267 -286 0 1 0 1 1 0
WIT 6 -267 -266 -290 -295 -242 0 0 0 0 32002 0 -1 0 0 0 32002 32002 0 0 0 0 0 0
WIT 6 -267 -266 -299 -304 -304 324 0 0 1 -266 0 -1 0 0 0 32002 32002 0 0 0 0 0 148
WIT 6 -267 -266 -299 -304 -304 1249 0 0 1 -266 0 -1 0 0 0 32002 32002 0 0 0 0 0 148
WIT 6 -267 -266 -282 -287 -287 1249 0 0 1 -266 0 -1 0 0 0 32002 32002 0 0 0 0 0 324
WIT 10 -267 -266 -285 -304 -302 1762 1 0 0 -266 0 -1 0 0 0 32002 32002 0 0 0 0 0 148
WIT 7 266 304 283 277 272 0 0 1 0 266 0 -1 0 0 0 32002 32002 0 0 0 0 0 0
WIT 8 -267 -266 -231 -238 -201 204 0 1 0 32002 0 -1 0 0 0 32002 32002 0 0 0 0 0 0
WIT 7 -267 -266 -299 -312 -1127 0 0 1 0 -220 0 -1 0 0 0 32002 32002 0 0 0 0 0 259
WIT 8 -267 -266 -256 -263 -215 0 0 0 0 32002 0 -1 0 0 0 32002 32002 0 0 0 0 0 0
WIT 7 -267 -266 -299 -305 -281 0 0 0 0 -231 0 -1 0 0 0 32002 32002 0 0 0 0 0 1837
WIT 9 -267 -266 -270 -287 -288 0 0 0 0 -266 0 -1 0 0 0 32002 32002 0 0 0 0 0 1762
WIT 9 -267 -266 -258 -266 -266 204 0 0 0 32002 0 -1 0 0 0 32002 32002 0 0 0 0 0 0
WIT 7 -267 -266 -270 -276 -251 0 0 0 0 32002 0 -1 0 0 0 32002 32002 0 0 0 0 0 0
WIT 7 -267 -266 -186 -192 -190 148 0 0 0 32002 0 -1 0 0 0 32002 32002 0 0 0 0 0 0
WIT 8 -267 -266 -297 -304 -242 0 0 0 0 32002 0 -1 0 0 0 32002 32002 0 0 0 0 0 0
WIT 6 -267 -266 -247 -252 -210 0 0 0 0 32002 0 -1 0 0 0 32002 32002 0 0 0 0 0 0
WIT 6 -267 -266 -245 -250 -208 0 0 0 0 32002 0 -1 0 0 0 32002 32002 0 0 0 0 0 0
WIT 9 -242 -241 -256 -264 -233 324 0 0 0 32002 0 -1 0 0 0 32002 32002 0 0 0 0 0 0
WIT 9 -242 -241 -256 -273 -379 0 0 0 0 -241 0 -1 0 0 0 32002 32002 0 0 0 0 0 1393
WIT 13 -242 -241 -266 -278 -301 0 0 0 0 -211 0 -1 0 0 0 32002 32002 0 0 0 0 0 529
WIT 11 -242 -241 -266 -287 -519 0 0 0 0 -241 0 -1 0 0 0 32002 32002 0 0 0 0 0 1393
WIT 7 -242 -241 -138 -144 164 341 1 1 0 32002 0 -1 0 0 0 32002 32002 0 0 0 0 0 0
WIT 9 -242 -241 -150 -167 -255 0 0 0 0 -60 0 -1 0 0 0 32002 32002 0 0 0 0 0 1393
WIT 8 -242 -241 -266 -281 -596 0 0 0 0 -241 0 -1 0 0 0 32002 32002 0 0 0 0 0 1837
WIT 7 -242 -241 -244 -250 -141 391 0 1 0 32002 0 -1 0 0 0 32002 32002 0 0 0 0 0 0
WIT 9 -242 -241 -266 -274 -962 0 0 0 0 -241 0 -1 0 0 0 32002 32002 0 0 0 0 0 1244
WIT 9 -242 -241 -217 -225 -289 0 0 0 0 -210 0 -1 0 0 0 32002 32002 0 0 0 0 0 341
WIT 9 -242 -241 -233 -241 -261 0 0 0 0 -212 0 -1 0 0 0 32002 32002 0 0 0 0 0 2747
WIT 7 -242 -241 -264 -270 -248 594 1 0 0 -239 0 -1 0 0 0 32002 32002 0 0 0 0 0 341
WIT 7 -242 -241 -264 -270 -280 0 0 0 0 -241 0 -1 0 0 0 32002 32002 0 0 0 0 0 2747
WIT 6 -242 -241 -199 -204 808 2715 1 1 0 32002 0 -1 0 0 0 32002 32002 0 0 0 0 0 0
WIT 9 -242 -241 -266 -283 -331 0 0 0 0 -241 0 -1 0 0 0 32002 32002 0 0 0 0 0 1770
WIT 9 -242 -241 -249 -257 -218 0 0 0 0 32002 0 -1 0 0 0 32002 32002 0 0 0 0 0 0
WIT 8 -242 -241 -270 -277 -246 0 0 0 0 -230 0 -1 0 0 0 32002 32002 0 0 0 0 0 1837
WIT 6 -242 -241 -260 -265 -239 0 0 0 0 32002 0 -1 0 0 0 32002 32002 0 0 0 0 0 0
WIT 6 -242 -241 -230 -235 -193 0 0 0 0 32002 0 -1 0 0 0 32002 32002 0 0 0 0 0 0
WIT 7 -242 -241 -266 -279 -316 0 0 0 0 -241 0 -1 0 0 0 32002 32002 0 0 0 0 0 49415
WIT 7 -242 -241 -285 -291 -292 0 0 0 0 -221 0 -1 0 0 0 32002 32002 0 0 0 0 0 49415
WIT 6 -242 -241 -196 -201 -129 1179 1 1 0 32002 0 -1 0 0 0 32002 32002 0 0 0 0 0 0
WIT 7 -242 -241 -216 -222 -246 0 0 0 0 -195 0 -1 0 0 0 32002 32002 0 0 0 0 0 1179
WIT 6 -242 -241 -249 -254 -271 0 0 0 0 -241 0 -1 0 0 0 32002 32002 0 0 0 0 0 1812
WIT 11 -242 -241 -252 -273 -257 1812 0 0 1 -241 0 -1 0 0 0 32002 32002 0 0 0 0 0 49415
WIT 10 -242 -241 -255 -264 -992 0 0 0 0 -241 0 -1 0 0 0 32002 32002 0 0 0 0 0 1372
WIT 7 -242 -241 -264 -277 -1003 0 0 0 0 -241 0 -1 0 0 0 32002 32002 0 0 0 0 0 1244
WIT 7 -242 -241 -59 -72 -59 0 0 0 0 32002 0 -1 0 0 0 32002 32002 0 0 0 0 0 0
WIT 7 -242 -241 -281 -287 -288 0 0 0 0 -168 0 -1 0 0 0 32002 32002 0 0 0 0 0 1837
WIT 9 -242 -241 -285 -293 -216 0 0 0 0 32002 0 -1 0 0 0 32002 32002 0 0 0 0 0 0
WIT 8 -242 -241 -266 -273 -208 0 0 0 0 32002 0 -1 0 0 0 32002 32002 0 0 0 0 0 0
WIT 7 -242 -241 -80 -86 -77 213 0 0 0 32002 0 -1 0 0 0 32002 32002 0 0 0 0 0 0
WIT 7 -291 -241 -266 -272 -327 0 0 0 0 -241 0 -1 0 0 0 32002 32002 0 0 0 0 0 1371
WIT 10 -242 -241 -266 -285 -286 0 0 0 0 -282 0 -1 0 0 0 32002 32002 0 0 0 0 0 0
WIT 6 285 286 301 296 294 0 0 0 0 311 0 -1 0 0 0 32002 32002 0 0 0 0 0 2917
WIT 9 285 286 286 278 243 0 0 1 0 286 0 -1 0 0 0 32002 32002 0 0 0 0 0 3373
WIT 6 285 286 403 398 340 0 0 1 0 286 0 -1 0 0 0 32002 32002 0 0 0 0 0 3373
WIT 9 -286 -285 -223 -240 -266 0 0 0 0 -286 0 -1 0 0 0 32002 32002 0 0 0 0 0 0
WIT 8 -286 -285 -241 -256 -294 0 0 0 0 -286 0 -1 0 0 0 32002 32002 0 0 0 0 0 204
WIT 8 -286 -285 -266 -273 -225 0 0 0 0 32002 0 -1 0 0 0 32002 32002 0 0 0 0 0 0
WIT 8 -286 -285 -241 -256 -303 0 0 0 0 -285 0 -1 0 0 0 32002 32002 0 0 0 0 0 1371
WIT 7 -286 -285 -270 -276 -250 0 0 0 0 32002 0 -1 0 0 0 32002 32002 0 0 0 0 0 0
WIT 6 -286 -285 -297 -302 -241 0 0 0 0 32002 0 -1 0 0 0 32002 32002 0 0 0 0 0 0

===========================
Total time (ms) : 16
Nodes searched  : 12440
Nodes/second    : 777500
