
Position: 1/1 (rn1qk1nr/pp2bppp/8/2p1p3/3pP3/3P1PN1/PPP2P1P/R1BQKB1R w KQkq - 2 8)
WIT 6 198 199 263 258 261 0 0 0 0 32002 0 -1 0 0 0 32002 32002 0 0 0 0 0 0
WIT 6 198 199 237 232 253 0 0 0 0 32002 0 -1 0 0 0 32002 32002 0 0 0 0 0 0
WIT 6 198 199 271 266 266 203 0 1 0 32002 0 -1 0 0 0 32002 32002 0 0 0 0 0 0
WIT 6 198 199 200 195 183 0 0 0 0 230 0 -1 0 0 0 32002 32002 0 0 0 0 0 157
WIT 6 198 199 191 186 115 0 0 0 0 199 0 -1 0 0 0 32002 32002 0 0 0 0 0 1892
WIT 6 198 199 192 187 216 0 0 0 0 32002 0 -1 0 0 0 32002 32002 0 0 0 0 0 0
WIT 6 263 264 274 269 282 0 0 0 0 32002 0 -1 0 0 0 32002 32002 0 0 0 0 0 0
WIT 6 263 264 264 259 207 0 0 0 0 257 0 -1 0 0 0 32002 32002 0 0 0 0 0 0
WIT 6 -228 -227 -84 -89 -86 3366 0 0 0 32002 0 -1 0 0 0 32002 32002 0 0 0 0 0 0
WIT 6 -228 -227 -119 -124 -125 0 0 0 0 -192 0 -1 0 0 0 32002 32002 0 0 0 0 0 3373
WIT 7 -211 -210 -79 -85 -70 3366 0 0 0 32002 0 -1 0 0 0 32002 32002 0 0 0 0 0 0
WIT 6 -211 -210 -84 -89 -86 3366 0 0 0 32002 0 -1 0 0 0 32002 32002 0 0 0 0 0 0
WIT 6 -211 -210 -197 -202 -197 3808 0 0 0 32002 0 -1 0 0 0 32002 32002 0 0 0 0 0 0
WIT 6 -203 -202 -203 -208 -229 0 0 0 0 -196 0 -1 0 0 0 32002 32002 0 0 0 0 0 3502
WIT 7 -203 -202 -188 -201 -194 3502 0 0 0 32002 0 -1 0 0 0 32002 32002 0 0 0 0 0 0
WIT 7 -202 -193 -198 -204 -201 3690 0 0 1 -219 1 1 10139 1 1 -202 -210 0 0 0 0 70 0
WIT 7 201 202 274 268 264 0 0 0 0 268 0 -1 0 0 0 32002 32002 0 0 0 0 0 1892
WIT 6 201 202 254 249 256 0 0 0 0 32002 0 -1 0 0 0 32002 32002 0 0 0 0 0 0
WIT 6 201 202 324 319 323 1445 0 0 0 32002 0 -1 0 0 0 32002 32002 0 0 0 0 0 0
WIT 6 201 202 266 261 264 0 0 0 0 32002 0 -1 0 0 0 32002 32002 0 0 0 0 0 0
WIT 8 -202 -193 -198 -205 -264 0 0 0 0 -202 0 -1 0 0 0 32002 32002 0 0 0 0 0 0
WIT 7 213 214 222 216 216 343 0 0 0 32002 0 -1 0 0 0 32002 32002 0 0 0 0 0 0
WIT 8 213 214 211 204 105 0 0 0 0 216 0 -1 0 0 0 32002 32002 0 0 0 0 0 2420
WIT 7 213 214 210 197 186 0 0 0 0 215 0 -1 0 0 0 32002 32002 0 0 0 0 0 1445
WIT 8 213 214 214 207 196 0 0 0 0 193 0 -1 0 0 0 32002 32002 0 0 0 0 0 0
WIT 7 213 214 202 196 183 0 0 0 0 206 0 -1 0 0 0 32002 32002 0 0 0 0 0 0
WIT 6 -194 -193 -189 -194 -229 0 0 0 0 -195 0 -1 0 0 0 32002 32002 0 0 0 0 0 0
WIT 7 213 214 212 199 202 203 0 1 0 214 0 -1 0 0 0 32002 32002 0 0 0 0 0 139
WIT 9 213 214 260 252 305 1445 0 0 0 32002 0 -1 0 0 0 32002 32002 0 0 0 0 0 0
WIT 7 213 214 212 199 188 0 0 0 0 217 0 -1 0 0 0 32002 32002 0 0 0 0 0 1892
WIT 8 229 230 392 385 332 0 0 0 0 230 0 -1 0 0 0 32002 32002 0 0 0 0 0 1892
WIT 7 229 230 219 213 243 334 0 0 0 32002 0 -1 0 0 0 32002 32002 0 0 0 0 0 0
WIT 7 229 230 216 203 181 0 0 0 0 243 0 -1 0 0 0 32002 32002 0 0 0 0 0 1892
WIT 6 228 229 225 220 241 203 0 0 0 32002 0 -1 0 0 0 32002 32002 0 0 0 0 0 0
WIT 9 228 229 245 237 304 334 0 0 0 32002 0 -1 0 0 0 32002 32002 0 0 0 0 0 0
WIT 9 228 229 230 213 193 0 0 0 0 235 0 -1 0 0 0 32002 32002 0 0 0 0 0 1892
WIT 7 228 229 272 259 262 203 0 1 0 32002 0 -1 0 0 0 32002 32002 0 0 0 0 0 0
WIT 8 228 229 219 212 243 334 0 0 0 32002 0 -1 0 0 0 32002 32002 0 0 0 0 0 0
WIT 8 228 229 245 238 300 334 0 0 0 32002 0 -1 0 0 0 32002 32002 0 0 0 0 0 0
WIT 8 228 229 241 226 196 0 0 0 0 243 0 -1 0 0 0 32002 32002 0 0 0 0 0 1892
WIT 10 -218 -217 -193 -202 -457 0 0 0 0 -217 0 -1 0 0 0 32002 32002 0 0 0 0 0 3814
WIT 9 -218 -217 -206 -214 -215 0 0 0 0 -217 0 -1 0 0 0 32002 32002 0 0 0 0 0 3366
WIT 6 -218 -217 -188 -193 -216 0 0 0 0 -210 0 -1 0 0 0 32002 32002 0 0 0 0 0 3366
WIT 6 217 218 288 283 174 0 0 0 0 329 0 -1 0 0 0 32002 32002 0 0 0 0 0 2422
WIT 9 236 237 315 307 307 991 0 0 0 32002 0 -1 0 0 0 32002 32002 0 0 0 0 0 0
WIT 7 -218 -217 -195 -201 -243 0 0 0 0 -229 0 -1 0 0 0 32002 32002 0 0 0 0 0 0
WIT 8 -218 -217 140 133 -60 0 0 1 0 -115 0 -1 0 0 0 32002 32002 0 0 0 0 0 3901
WIT 8 -218 -217 -196 -211 -227 0 0 0 0 -203 0 -1 0 0 0 32002 32002 0 0 0 0 0 3502
WIT 10 -218 -217 -192 -201 -209 0 0 0 0 -212 0 -1 0 0 0 32002 32002 0 0 0 0 0 3502
WIT 9 -217 -207 -211 -219 -248 0 0 0 0 -219 0 -1 0 0 0 32002 32002 0 0 0 0 0 0
WIT 9 216 217 230 213 203 0 0 0 0 233 0 -1 0 0 0 32002 32002 0 0 0 0 0 2420
WIT 6 -217 -216 -202 -207 -208 0 0 0 0 -211 0 -1 0 0 0 32002 32002 0 0 0 0 0 3502
WIT 6 216 217 237 232 -1251 0 0 1 0 205 0 -1 0 0 0 32002 32002 0 0 0 0 0 0
WIT 10 -217 -216 -200 -219 -229 0 0 0 0 -217 0 -1 0 0 0 32002 32002 0 0 0 0 0 0
WIT 9 216 217 240 223 230 991 0 0 0 32002 0 -1 0 0 0 32002 32002 0 0 0 0 0 0
WIT 10 216 217 238 219 216 0 0 0 0 230 0 -1 0 0 0 32002 32002 0 0 0 0 0 1894
WIT 8 216 217 247 240 281 0 0 0 0 32002 0 -1 0 0 0 32002 32002 0 0 0 0 0 0
WIT 8 216 217 229 222 344 334 0 0 0 32002 0 -1 0 0 0 32002 32002 0 0 0 0 0 0
WIT 6 216 217 235 230 333 334 0 0 0 32002 0 -1 0 0 0 32002 32002 0 0 0 0 0 0
WIT 8 216 217 229 222 264 334 0 0 0 32002 0 -1 0 0 0 32002 32002 0 0 0 0 0 0
WIT 8 216 217 307 300 300 1892 0 0 0 32002 0 -1 0 0 0 32002 32002 0 0 0 0 0 0
WIT 7 216 217 234 228 272 334 0 0 0 32002 0 -1 0 0 0 32002 32002 0 0 0 0 0 0
WIT 7 216 217 296 290 323 203 0 1 0 32002 0 -1 0 0 0 32002 32002 0 0 0 0 0 0
WIT 9 -217 -207 -217 -225 -229 0 0 0 0 -217 0 -1 0 0 0 32002 32002 0 0 0 0 0 0
WIT 10 216 217 241 222 246 1445 0 0 0 32002 0 -1 0 0 0 32002 32002 0 0 0 0 0 0
WIT 9 216 217 235 218 217 0 0 0 0 235 0 -1 0 0 0 32002 32002 0 0 0 0 0 1892
WIT 7 216 217 269 263 263 1447 0 0 0 32002 0 -1 0 0 0 32002 32002 0 0 0 0 0 0
WIT 7 216 217 219 213 243 334 0 0 0 32002 0 -1 0 0 0 32002 32002 0 0 0 0 0 0
WIT 7 216 217 287 281 276 0 0 0 0 228 0 -1 0 0 0 32002 32002 0 0 0 0 0 1892
WIT 7 216 217 293 287 316 1445 0 0 0 32002 0 -1 0 0 0 32002 32002 0 0 0 0 0 0
WIT 10 -217 -207 -217 -226 -235 0 0 0 0 -217 0 -1 0 0 0 32002 32002 0 0 0 0 0 0
WIT 7 229 230 229 223 258 1867 0 0 0 32002 0 -1 0 0 0 32002 32002 0 0 0 0 0 0
WIT 9 229 230 228 211 209 0 0 0 0 230 0 -1 0 0 0 32002 32002 0 0 0 0 0 1894
WIT 9 229 230 217 200 201 1445 0 0 1 225 1 1 19759 1 1 229 216 0 0 0 0 1 1867
WIT 7 229 230 234 228 249 1867 0 0 0 32002 0 -1 0 0 0 32002 32002 0 0 0 0 0 0
WIT 7 229 230 307 301 301 1892 0 0 0 32002 0 -1 0 0 0 32002 32002 0 0 0 0 0 0
WIT 7 229 230 247 241 282 0 0 0 0 32002 0 -1 0 0 0 32002 32002 0 0 0 0 0 0
WIT 7 229 230 309 303 340 1445 0 0 0 32002 0 -1 0 0 0 32002 32002 0 0 0 0 0 0
WIT 6 229 230 235 230 305 1867 0 0 0 32002 0 -1 0 0 0 32002 32002 0 0 0 0 0 0
WIT 6 229 230 296 291 320 203 0 1 0 32002 0 -1 0 0 0 32002 32002 0 0 0 0 0 0
WIT 7 229 230 283 277 290 1445 0 0 0 32002 0 -1 0 0 0 32002 32002 0 0 0 0 0 0
WIT 7 229 230 229 223 234 1867 0 0 0 32002 0 -1 0 0 0 32002 32002 0 0 0 0 0 0
WIT 7 229 230 229 223 252 1867 0 0 0 32002 0 -1 0 0 0 32002 32002 0 0 0 0 0 0
WIT 8 207 230 217 210 211 1445 0 0 1 230 0 -1 0 0 0 32002 32002 0 0 0 0 0 157
WIT 11 229 230 233 212 222 334 0 0 1 235 0 -1 0 0 0 32002 32002 0 0 0 0 0 1892
WIT 8 229 230 221 206 249 203 0 1 0 32002 0 -1 0 0 0 32002 32002 0 0 0 0 0 0
WIT 9 229 230 241 224 246 1445 0 0 0 32002 0 -1 0 0 0 32002 32002 0 0 0 0 0 0
WIT 7 229 230 219 213 246 334 0 0 0 32002 0 -1 0 0 0 32002 32002 0 0 0 0 0 0
WIT 8 229 230 226 211 208 0 0 0 0 246 0 -1 0 0 0 32002 32002 0 0 0 0 0 1892
WIT 7 229 230 269 263 263 1447 0 0 0 32002 0 -1 0 0 0 32002 32002 0 0 0 0 0 0
WIT 7 229 230 293 287 291 1445 0 0 0 32002 0 -1 0 0 0 32002 32002 0 0 0 0 0 0
WIT 6 246 247 229 224 254 1867 0 0 0 32002 0 -1 0 0 0 32002 32002 0 0 0 0 0 0
WIT 8 246 247 240 225 230 991 0 0 1 247 0 -1 0 0 0 32002 32002 0 0 0 0 0 203
WIT 8 246 247 230 215 209 0 0 0 0 247 0 -1 0 0 0 32002 32002 0 0 0 0 0 1894
WIT 7 246 247 247 241 282 0 0 0 0 32002 0 -1 0 0 0 32002 32002 0 0 0 0 0 0
WIT 7 246 247 234 228 246 334 0 0 1 247 0 -1 0 0 0 32002 32002 0 0 0 0 0 1445
WIT 6 246 247 415 410 419 0 0 0 0 32002 0 -1 0 0 0 32002 32002 0 0 0 0 0 0
WIT 6 246 247 229 224 331 334 0 0 0 32002 0 -1 0 0 0 32002 32002 0 0 0 0 0 0
WIT 6 246 247 235 230 333 334 0 0 0 32002 0 -1 0 0 0 32002 32002 0 0 0 0 0 0
WIT 6 246 247 307 302 295 0 0 0 0 327 0 -1 0 0 0 32002 32002 0 0 0 0 0 1867
WIT 6 246 247 283 278 314 1445 0 0 0 32002 0 -1 0 0 0 32002 32002 0 0 0 0 0 0
WIT 6 246 247 229 224 260 334 0 0 0 32002 0 -1 0 0 0 32002 32002 0 0 0 0 0 0
WIT 7 213 247 230 224 233 1445 0 0 1 247 0 -1 0 0 0 32002 32002 0 0 0 0 0 157
WIT 10 246 247 234 215 223 334 0 0 1 247 0 -1 0 0 0 32002 32002 0 0 0 0 0 1892
WIT 7 246 247 221 208 250 203 0 1 0 32002 0 -1 0 0 0 32002 32002 0 0 0 0 0 0
WIT 8 246 247 241 226 245 1445 0 0 1 247 0 -1 0 0 0 32002 32002 0 0 0 0 0 1892
WIT 8 246 247 310 303 303 334 0 0 0 32002 0 -1 0 0 0 32002 32002 0 0 0 0 0 0
WIT 7 246 247 244 231 214 0 0 0 0 252 0 -1 0 0 0 32002 32002 0 0 0 0 0 1892
WIT 6 246 247 269 264 267 0 0 0 0 32002 0 -1 0 0 0 32002 32002 0 0 0 0 0 0
WIT 7 246 247 293 287 291 1445 0 0 0 32002 0 -1 0 0 0 32002 32002 0 0 0 0 0 0
WIT 6 246 247 411 406 432 0 0 0 0 32002 0 -1 0 0 0 32002 32002 0 0 0 0 0 0
WIT 7 246 247 411 405 444 0 0 0 0 32002 0 -1 0 0 0 32002 32002 0 0 0 0 0 0
WIT 7 269 270 247 234 240 991 0 0 1 281 0 -1 0 0 0 32002 32002 0 0 0 0 0 203
WIT 7 269 270 247 234 209 0 0 0 0 279 0 -1 0 0 0 32002 32002 0 0 0 0 0 1894
WIT 6 269 270 247 242 248 334 0 0 1 272 0 -1 0 0 0 32002 32002 0 0 0 0 0 1445
WIT 9 269 270 247 230 250 334 0 0 1 407 0 -1 0 0 0 32002 32002 0 0 0 0 0 1892
WIT 7 269 270 252 246 254 334 0 0 1 343 0 -1 0 0 0 32002 32002 0 0 0 0 0 861
WIT 7 269 270 247 234 227 0 0 0 0 273 0 -1 0 0 0 32002 32002 0 0 0 0 0 1892
WIT 8 269 270 237 230 248 139 0 0 1 270 0 -1 0 0 0 32002 32002 0 0 0 0 0 343
WIT 7 269 270 333 327 311 0 0 0 0 270 0 -1 0 0 0 32002 32002 0 0 0 0 0 861
WIT 8 269 270 310 303 303 334 0 0 0 32002 0 -1 0 0 0 32002 32002 0 0 0 0 0 0
WIT 7 269 270 251 238 235 0 0 0 0 270 0 -1 0 0 0 32002 32002 0 0 0 0 0 1892
WIT 6 269 270 269 264 264 0 0 0 0 278 0 -1 0 0 0 32002 32002 0 0 0 0 0 1892
WIT 6 269 270 293 288 291 1445 0 0 0 32002 0 -1 0 0 0 32002 32002 0 0 0 0 0 0
WIT 7 247 269 279 273 274 991 0 0 0 32002 0 -1 0 0 0 32002 32002 0 0 0 0 0 0
WIT 7 247 269 278 272 172 0 0 0 0 274 0 -1 0 0 0 32002 32002 0 0 0 0 0 1894
WIT 8 268 269 313 306 331 1867 0 0 0 32002 0 -1 0 0 0 32002 32002 0 0 0 0 0 0
WIT 7 268 269 271 265 269 334 0 0 0 32002 0 -1 0 0 0 32002 32002 0 0 0 0 0 0
WIT 6 268 269 415 410 420 0 0 0 0 32002 0 -1 0 0 0 32002 32002 0 0 0 0 0 0
WIT 6 268 269 281 276 304 0 0 0 0 32002 0 -1 0 0 0 32002 32002 0 0 0 0 0 0
WIT 9 268 269 345 328 330 203 0 1 0 32002 0 -1 0 0 0 32002 32002 0 0 0 0 0 0
WIT 10 268 269 310 301 301 334 0 0 0 32002 0 -1 0 0 0 32002 32002 0 0 0 0 0 0
WIT 10 268 269 393 374 355 0 0 0 0 273 0 -1 0 0 0 32002 32002 0 0 0 0 0 1892
WIT 6 268 269 426 421 429 1445 0 0 0 32002 0 -1 0 0 0 32002 32002 0 0 0 0 0 0
WIT 8 268 269 279 264 230 0 0 0 0 269 0 -1 0 0 0 32002 32002 0 0 0 0 0 1892
WIT 7 268 269 276 270 261 0 0 0 0 269 0 -1 0 0 0 32002 32002 0 0 0 0 0 1892
WIT 7 268 269 293 287 290 1445 0 0 0 32002 0 -1 0 0 0 32002 32002 0 0 0 0 0 0
WIT 6 268 269 411 406 440 0 0 0 0 32002 0 -1 0 0 0 32002 32002 0 0 0 0 0 0
WIT 7 258 280 273 267 245 0 0 0 0 280 0 -1 0 0 0 32002 32002 0 0 0 0 0 1894
WIT 9 279 280 252 244 284 1828 0 0 0 32002 0 -1 0 0 0 32002 32002 0 0 0 0 0 0
WIT 8 279 280 229 222 258 1867 0 0 1 292 0 -1 0 0 0 32002 32002 0 0 0 0 0 1828
WIT 7 279 280 217 211 274 1867 0 1 0 293 0 -1 0 0 0 32002 32002 0 0 0 0 0 203
WIT 10 279 280 271 252 217 0 0 0 0 280 0 -1 0 0 0 32002 32002 0 0 0 0 0 334
WIT 9 279 280 271 263 312 1867 0 0 0 32002 0 -1 0 0 0 32002 32002 0 0 0 0 0 0
WIT 8 279 280 317 302 288 0 0 0 0 321 0 -1 0 0 0 32002 32002 0 0 0 0 0 1867
WIT 8 279 280 309 302 305 1867 0 0 0 32002 0 -1 0 0 0 32002 32002 0 0 0 0 0 0
WIT 7 279 280 300 294 297 1867 0 0 0 32002 0 -1 0 0 0 32002 32002 0 0 0 0 0 0
WIT 7 279 280 270 264 338 343 0 0 0 32002 0 -1 0 0 0 32002 32002 0 0 0 0 0 0
WIT 9 -280 -279 -248 -256 -323 0 0 0 0 -250 0 -1 0 0 0 32002 32002 0 0 0 0 0 3559
WIT 8 279 280 269 254 241 0 0 0 0 256 0 -1 0 0 0 32002 32002 0 0 0 0 0 0
WIT 7 -259 -258 -250 -256 -269 0 0 0 0 -258 0 -1 0 0 0 32002 32002 0 0 0 0 0 3559
WIT 7 258 259 217 211 188 0 0 0 0 259 0 -1 0 0 0 32002 32002 0 0 0 0 0 203
WIT 9 258 259 217 209 206 0 0 0 0 259 0 -1 0 0 0 32002 32002 0 0 0 0 0 991
WIT 11 258 259 217 196 203 1867 0 0 1 259 0 -1 0 0 0 32002 32002 0 0 0 0 0 1894
WIT 9 -259 -258 -271 -288 -290 0 0 0 0 -259 0 -1 0 0 0 32002 32002 0 0 0 0 0 0
WIT 7 -268 -267 -209 -222 -258 0 0 0 0 -253 0 -1 0 0 0 32002 32002 0 0 0 0 0 3389
WIT 8 258 280 269 262 209 0 0 0 0 267 0 -1 0 0 0 32002 32002 0 0 0 0 0 157

===========================
Total time (ms) : 9
Nodes searched  : 7489
Nodes/second    : 832111
