
Position: 1/1 (r1bqk2r/pp1n1ppp/2pb1n2/3pp3/3P4/1PN1P1P1/P1P2PBP/R1BQK1NR w KQkq - 1 7)
WIT 6 158 159 175 170 166 0 0 0 0 185 0 -1 0 0 0 32002 32002 0 0 0 0 0 2332
WIT 6 216 217 217 212 178 0 0 0 0 234 0 -1 0 0 0 32002 32002 0 0 0 0 0 3964
WIT 7 216 217 249 243 257 0 0 0 0 32002 0 -1 0 0 0 32002 32002 0 0 0 0 0 0
WIT 7 216 217 222 216 216 3559 0 0 1 222 0 -1 0 0 0 32002 32002 0 0 0 0 0 3742
WIT 7 216 217 317 311 369 3169 0 0 0 32002 0 -1 0 0 0 32002 32002 0 0 0 0 0 0
WIT 7 216 217 232 226 311 3559 0 0 0 32002 0 -1 0 0 0 32002 32002 0 0 0 0 0 0
WIT 8 216 217 253 238 228 0 0 0 0 217 0 -1 0 0 0 32002 32002 0 0 0 0 0 2332
WIT 7 216 217 223 217 207 0 0 0 0 236 0 -1 0 0 0 32002 32002 0 0 0 0 0 2332
WIT 7 216 217 259 253 253 3559 0 0 0 32002 0 -1 0 0 0 32002 32002 0 0 0 0 0 0
WIT 6 216 217 251 246 246 3559 0 0 0 32002 0 -1 0 0 0 32002 32002 0 0 0 0 0 0
WIT 6 216 217 272 267 267 3559 0 0 0 32002 0 -1 0 0 0 32002 32002 0 0 0 0 0 0
WIT 6 216 217 238 233 263 3559 0 0 0 32002 0 -1 0 0 0 32002 32002 0 0 0 0 0 0
WIT 6 216 217 264 259 259 3559 0 0 0 32002 0 -1 0 0 0 32002 32002 0 0 0 0 0 0
WIT 7 217 226 217 211 227 3749 0 0 0 32002 0 -1 0 0 0 32002 32002 0 0 0 0 0 0
WIT 9 225 226 262 254 278 3559 0 0 0 32002 0 -1 0 0 0 32002 32002 0 0 0 0 0 0
WIT 10 225 226 234 215 199 0 0 0 0 229 0 -1 0 0 0 32002 32002 0 0 0 0 0 3749
WIT 9 225 226 231 214 195 0 0 0 0 228 0 -1 0 0 0 32002 32002 0 0 0 0 0 3964
WIT 8 225 226 218 203 202 0 0 0 0 226 0 -1 0 0 0 32002 32002 0 0 0 0 0 53055
WIT 8 225 226 249 242 254 0 0 0 0 32002 0 -1 0 0 0 32002 32002 0 0 0 0 0 0
WIT 9 225 226 221 213 224 3559 0 0 1 229 0 -1 0 0 0 32002 32002 0 0 0 0 0 3742
WIT 7 225 226 252 246 288 3742 0 0 0 32002 0 -1 0 0 0 32002 32002 0 0 0 0 0 0
WIT 6 225 226 222 217 245 2355 0 0 0 32002 0 -1 0 0 0 32002 32002 0 0 0 0 0 0
WIT 6 225 226 229 224 254 3742 0 0 0 32002 0 -1 0 0 0 32002 32002 0 0 0 0 0 0
WIT 8 217 226 217 210 184 0 0 0 0 226 0 -1 0 0 0 32002 32002 0 0 0 0 0 3300
WIT 10 225 226 243 234 246 53055 0 0 0 32002 0 -1 0 0 0 32002 32002 0 0 0 0 0 0
WIT 9 225 226 240 223 224 3559 0 0 1 243 0 -1 0 0 0 32002 32002 0 0 0 0 0 2332
WIT 9 225 226 273 265 283 53055 0 0 0 32002 0 -1 0 0 0 32002 32002 0 0 0 0 0 0
WIT 8 225 226 233 218 216 0 0 0 0 226 0 -1 0 0 0 32002 32002 0 0 0 0 0 2332
WIT 8 225 226 217 202 211 53055 0 0 1 280 0 -1 0 0 0 32002 32002 0 0 0 0 0 2332
WIT 6 225 226 272 267 273 53055 0 0 0 32002 0 -1 0 0 0 32002 32002 0 0 0 0 0 0
WIT 6 225 226 264 259 260 53055 0 0 0 32002 0 -1 0 0 0 32002 32002 0 0 0 0 0 0
WIT 6 225 226 251 246 270 53055 0 0 0 32002 0 -1 0 0 0 32002 32002 0 0 0 0 0 0
WIT 6 225 226 222 217 221 3559 0 0 1 267 0 -1 0 0 0 32002 32002 0 0 0 0 0 2332
WIT 6 225 226 238 233 263 3559 0 0 0 32002 0 -1 0 0 0 32002 32002 0 0 0 0 0 0
WIT 6 225 226 240 235 355 3808 0 0 0 32002 0 -1 0 0 0 32002 32002 0 0 0 0 0 0
WIT 6 225 226 266 261 277 3559 0 0 0 32002 0 -1 0 0 0 32002 32002 0 0 0 0 0 0
WIT 6 225 226 232 227 245 3808 0 0 0 32002 0 -1 0 0 0 32002 32002 0 0 0 0 0 0
WIT 6 225 226 234 229 280 53055 0 0 0 32002 0 -1 0 0 0 32002 32002 0 0 0 0 0 0
WIT 6 225 226 253 248 266 53055 0 0 0 32002 0 -1 0 0 0 32002 32002 0 0 0 0 0 0
WIT 6 225 226 217 212 262 0 0 0 0 32002 0 -1 0 0 0 32002 32002 0 0 0 0 0 0
WIT 7 226 238 217 211 222 3749 0 0 1 238 0 -1 0 0 0 32002 32002 0 0 0 0 0 53055
WIT 9 237 238 262 254 254 3559 0 0 0 32002 0 -1 0 0 0 32002 32002 0 0 0 0 0 0
WIT 10 237 238 235 226 242 3827 0 0 0 32002 0 -1 0 0 0 32002 32002 0 0 0 0 0 0
WIT 9 237 238 234 226 194 0 0 0 0 238 0 -1 0 0 0 32002 32002 0 0 0 0 0 3559
WIT 7 237 238 238 232 290 3827 0 0 0 32002 0 -1 0 0 0 32002 32002 0 0 0 0 0 0
WIT 9 237 238 229 221 217 0 0 0 0 252 0 -1 0 0 0 32002 32002 0 0 0 0 0 3559
WIT 8 237 238 246 239 201 0 0 0 0 246 0 -1 0 0 0 32002 32002 0 0 0 0 0 2414
WIT 8 237 238 228 213 199 0 0 0 0 238 0 -1 0 0 0 32002 32002 0 0 0 0 0 3749
WIT 8 237 238 266 259 254 0 0 0 0 266 0 -1 0 0 0 32002 32002 0 0 0 0 0 2325
WIT 6 237 238 248 243 238 0 0 0 0 250 0 -1 0 0 0 32002 32002 0 0 0 0 0 3749
WIT 6 237 238 228 223 253 3559 0 0 0 32002 0 -1 0 0 0 32002 32002 0 0 0 0 0 0
WIT 10 237 238 227 218 204 0 0 0 0 247 0 -1 0 0 0 32002 32002 0 0 0 0 0 3964
WIT 10 237 238 235 226 238 3742 0 0 0 32002 0 -1 0 0 0 32002 32002 0 0 0 0 0 0
WIT 10 237 238 226 217 228 3559 0 0 1 238 0 -1 0 0 0 32002 32002 0 0 0 0 0 3749
WIT 9 237 238 226 218 211 0 0 0 0 238 0 -1 0 0 0 32002 32002 0 0 0 0 0 3964
WIT 9 237 238 226 209 202 0 0 0 0 238 0 -1 0 0 0 32002 32002 0 0 0 0 0 53055
WIT 8 237 238 252 245 245 3559 0 0 0 32002 0 -1 0 0 0 32002 32002 0 0 0 0 0 0
WIT 7 237 238 222 216 234 2350 0 0 1 334 0 -1 0 0 0 32002 32002 0 0 0 0 0 2334
WIT 8 237 238 228 221 225 3559 0 0 1 268 0 -1 0 0 0 32002 32002 0 0 0 0 0 3742
WIT 8 237 238 299 292 292 53055 0 0 0 32002 0 -1 0 0 0 32002 32002 0 0 0 0 0 0
WIT 8 237 238 245 238 318 53055 0 0 0 32002 0 -1 0 0 0 32002 32002 0 0 0 0 0 0
WIT 8 237 238 276 269 364 53055 0 0 0 32002 0 -1 0 0 0 32002 32002 0 0 0 0 0 0
WIT 8 237 238 277 270 318 53055 0 0 0 32002 0 -1 0 0 0 32002 32002 0 0 0 0 0 0
WIT 7 237 238 229 223 250 3742 0 0 0 32002 0 -1 0 0 0 32002 32002 0 0 0 0 0 0
WIT 7 237 238 279 273 294 3559 0 0 0 32002 0 -1 0 0 0 32002 32002 0 0 0 0 0 0
WIT 8 226 238 226 219 184 0 0 0 0 238 0 -1 0 0 0 32002 32002 0 0 0 0 0 3300
WIT 10 237 238 302 293 1362 2268 1 0 0 32002 0 -1 0 0 0 32002 32002 0 0 0 0 0 0
WIT 10 237 238 274 255 248 0 0 0 0 238 0 -1 0 0 0 32002 32002 0 0 0 0 0 2332
WIT 9 237 238 226 209 209 53055 0 0 1 273 0 -1 0 0 0 32002 32002 0 0 0 0 0 2332
WIT 9 237 238 241 224 224 3559 0 0 1 243 0 -1 0 0 0 32002 32002 0 0 0 0 0 2332
WIT 6 237 238 261 256 274 53055 0 0 0 32002 0 -1 0 0 0 32002 32002 0 0 0 0 0 0
WIT 6 237 238 272 267 273 53055 0 0 0 32002 0 -1 0 0 0 32002 32002 0 0 0 0 0 0
WIT 6 237 238 251 246 246 3559 0 0 0 32002 0 -1 0 0 0 32002 32002 0 0 0 0 0 0
WIT 6 237 238 238 233 249 53055 0 0 0 32002 0 -1 0 0 0 32002 32002 0 0 0 0 0 0
WIT 6 237 238 234 229 247 3559 0 0 0 32002 0 -1 0 0 0 32002 32002 0 0 0 0 0 0
WIT 6 237 238 217 212 274 0 0 0 0 32002 0 -1 0 0 0 32002 32002 0 0 0 0 0 0
WIT 6 253 254 340 335 319 0 0 0 0 368 0 -1 0 0 0 32002 32002 0 0 0 0 0 2325
WIT 7 238 254 238 232 235 3749 0 0 1 254 0 -1 0 0 0 32002 32002 0 0 0 0 0 53055
WIT 10 253 254 238 219 283 3827 0 0 0 32002 0 -1 0 0 0 32002 32002 0 0 0 0 0 0
WIT 9 253 254 246 238 362 2334 1 0 0 32002 0 -1 0 0 0 32002 32002 0 0 0 0 0 0
WIT 9 253 254 270 262 375 2919 0 0 0 32002 0 -1 0 0 0 32002 32002 0 0 0 0 0 0
WIT 8 253 254 245 230 208 0 0 0 0 284 0 -1 0 0 0 32002 32002 0 0 0 0 0 2414
WIT 9 253 254 252 244 228 0 0 0 0 251 0 -1 0 0 0 32002 32002 0 0 0 0 0 0
WIT 8 253 254 249 242 219 0 0 0 0 251 0 -1 0 0 0 32002 32002 0 0 0 0 0 0
WIT 9 253 254 254 237 220 0 0 0 0 251 0 -1 0 0 0 32002 32002 0 0 0 0 0 3559
WIT 6 253 254 277 272 360 3559 0 0 0 32002 0 -1 0 0 0 32002 32002 0 0 0 0 0 0
WIT 10 253 254 247 238 258 3559 0 0 0 32002 0 -1 0 0 0 32002 32002 0 0 0 0 0 0
WIT 8 253 254 252 245 288 0 0 0 0 32002 0 -1 0 0 0 32002 32002 0 0 0 0 0 0
WIT 9 253 254 246 229 212 0 0 0 0 258 0 -1 0 0 0 32002 32002 0 0 0 0 0 3964
WIT 10 253 254 238 229 230 3559 0 0 1 251 1 1 43659 1 1 253 257 0 0 0 0 28 3559
WIT 6 253 254 246 241 259 3559 0 0 0 32002 0 -1 0 0 0 32002 32002 0 0 0 0 0 0
WIT 9 253 254 238 221 217 0 0 0 0 254 0 -1 0 0 0 32002 32002 0 0 0 0 0 3964
WIT 6 253 254 243 238 248 3559 0 0 1 293 0 -1 0 0 0 32002 32002 0 0 0 0 0 3964
WIT 10 253 254 238 219 202 0 0 0 0 254 0 -1 0 0 0 32002 32002 0 0 0 0 0 53055
WIT 9 253 254 262 254 254 3559 0 0 0 32002 0 -1 0 0 0 32002 32002 0 0 0 0 0 0
WIT 9 253 254 238 230 230 53055 0 0 1 277 0 -1 0 0 0 32002 32002 0 0 0 0 0 2325
WIT 8 253 254 322 315 336 3742 0 0 0 32002 0 -1 0 0 0 32002 32002 0 0 0 0 0 0
WIT 7 253 254 252 246 288 3742 0 0 0 32002 0 -1 0 0 0 32002 32002 0 0 0 0 0 0
WIT 8 253 254 264 257 257 3559 0 0 0 32002 0 -1 0 0 0 32002 32002 0 0 0 0 0 0
WIT 8 253 254 276 269 269 3559 0 0 0 32002 0 -1 0 0 0 32002 32002 0 0 0 0 0 0
WIT 8 253 254 299 292 292 53055 0 0 0 32002 0 -1 0 0 0 32002 32002 0 0 0 0 0 0
WIT 8 253 254 277 270 312 53055 0 0 0 32002 0 -1 0 0 0 32002 32002 0 0 0 0 0 0
WIT 8 253 254 245 238 240 53055 0 0 1 290 0 -1 0 0 0 32002 32002 0 0 0 0 0 3742
WIT 7 253 254 229 223 263 53055 0 0 0 32002 0 -1 0 0 0 32002 32002 0 0 0 0 0 0
WIT 7 253 254 279 273 294 3559 0 0 0 32002 0 -1 0 0 0 32002 32002 0 0 0 0 0 0
WIT 8 238 254 238 231 184 0 0 0 0 254 0 -1 0 0 0 32002 32002 0 0 0 0 0 3300
WIT 10 253 254 238 219 237 53055 0 0 1 302 0 -1 0 0 0 32002 32002 0 0 0 0 0 2332
WIT 10 253 254 269 250 245 0 0 0 0 254 0 -1 0 0 0 32002 32002 0 0 0 0 0 2332
WIT 9 253 254 243 235 246 53055 0 0 1 263 0 -1 0 0 0 32002 32002 0 0 0 0 0 2332
WIT 9 253 254 242 225 225 3559 0 0 1 254 0 -1 0 0 0 32002 32002 0 0 0 0 0 2332
WIT 7 253 254 278 272 327 53055 0 0 0 32002 0 -1 0 0 0 32002 32002 0 0 0 0 0 0
WIT 7 253 254 261 255 271 53055 0 0 0 32002 0 -1 0 0 0 32002 32002 0 0 0 0 0 0
WIT 7 253 254 290 284 348 53055 0 0 0 32002 0 -1 0 0 0 32002 32002 0 0 0 0 0 0
WIT 7 253 254 272 266 266 53055 0 0 0 32002 0 -1 0 0 0 32002 32002 0 0 0 0 0 0
WIT 7 253 254 251 245 267 53055 0 0 0 32002 0 -1 0 0 0 32002 32002 0 0 0 0 0 0
WIT 7 253 254 284 278 285 2332 0 0 0 32002 0 -1 0 0 0 32002 32002 0 0 0 0 0 0
WIT 7 253 254 243 237 296 53055 0 0 0 32002 0 -1 0 0 0 32002 32002 0 0 0 0 0 0
WIT 7 253 254 269 263 285 3559 0 0 0 32002 0 -1 0 0 0 32002 32002 0 0 0 0 0 0
WIT 7 253 254 301 295 337 53055 0 0 0 32002 0 -1 0 0 0 32002 32002 0 0 0 0 0 0
WIT 7 253 254 238 232 250 53055 0 0 1 322 0 -1 0 0 0 32002 32002 0 0 0 0 0 2332
WIT 7 253 254 234 228 286 53055 0 0 0 32002 0 -1 0 0 0 32002 32002 0 0 0 0 0 0
WIT 7 253 254 217 211 273 0 0 0 0 32002 0 -1 0 0 0 32002 32002 0 0 0 0 0 0
WIT 7 274 275 254 241 241 3749 0 0 1 277 0 -1 0 0 0 32002 32002 0 0 0 0 0 3559
WIT 9 274 275 277 269 277 3559 0 0 0 32002 0 -1 0 0 0 32002 32002 0 0 0 0 0 0
WIT 6 274 275 266 261 328 3104 0 0 0 32002 0 -1 0 0 0 32002 32002 0 0 0 0 0 0
WIT 7 274 275 278 272 318 2350 0 0 0 32002 0 -1 0 0 0 32002 32002 0 0 0 0 0 0
WIT 7 274 275 276 263 254 0 0 0 0 289 0 -1 0 0 0 32002 32002 0 0 0 0 0 3559
WIT 6 274 275 266 261 273 2788 0 0 1 339 0 -1 0 0 0 32002 32002 0 0 0 0 0 2267
WIT 9 274 275 254 237 204 0 0 0 0 277 0 -1 0 0 0 32002 32002 0 0 0 0 0 3964
WIT 7 274 275 273 267 310 3749 0 0 0 32002 0 -1 0 0 0 32002 32002 0 0 0 0 0 0
WIT 6 274 275 254 249 260 3749 0 0 1 275 0 -1 0 0 0 32002 32002 0 0 0 0 0 3964
WIT 6 274 275 284 279 307 3749 0 0 0 32002 0 -1 0 0 0 32002 32002 0 0 0 0 0 0
WIT 7 274 275 353 340 342 3964 0 0 0 32002 0 -1 0 0 0 32002 32002 0 0 0 0 0 0
WIT 7 254 275 254 248 230 0 0 0 0 275 0 -1 0 0 0 32002 32002 0 0 0 0 0 53055
WIT 11 274 275 276 255 255 3559 0 0 1 277 0 -1 0 0 0 32002 32002 0 0 0 0 0 3964
WIT 6 274 275 247 242 256 3559 0 0 1 275 0 -1 0 0 0 32002 32002 0 0 0 0 0 3749
WIT 11 274 275 257 236 236 3559 0 0 1 275 0 -1 0 0 0 32002 32002 0 0 0 0 0 3964
WIT 6 274 275 254 249 315 3742 0 0 0 32002 0 -1 0 0 0 32002 32002 0 0 0 0 0 0
WIT 6 274 275 256 251 302 3742 0 0 0 32002 0 -1 0 0 0 32002 32002 0 0 0 0 0 0
WIT 11 274 275 254 233 248 3559 0 0 1 275 0 -1 0 0 0 32002 32002 0 0 0 0 0 3964
WIT 9 274 275 263 255 255 3964 0 0 1 293 0 -1 0 0 0 32002 32002 0 0 0 0 0 2325
WIT 6 274 275 273 268 304 3742 0 0 0 32002 0 -1 0 0 0 32002 32002 0 0 0 0 0 0
WIT 7 274 275 287 281 300 3559 0 0 0 32002 0 -1 0 0 0 32002 32002 0 0 0 0 0 0
WIT 10 274 275 254 235 224 0 0 0 0 275 0 -1 0 0 0 32002 32002 0 0 0 0 0 53055
WIT 8 274 275 275 268 268 3559 0 0 1 275 0 -1 0 0 0 32002 32002 0 0 0 0 0 3964
WIT 9 274 275 262 254 253 0 0 0 0 275 0 -1 0 0 0 32002 32002 0 0 0 0 0 53055
WIT 9 274 275 274 266 295 3742 0 0 0 32002 0 -1 0 0 0 32002 32002 0 0 0 0 0 0
WIT 9 274 275 264 256 256 3559 0 0 1 283 0 -1 0 0 0 32002 32002 0 0 0 0 0 3742
WIT 7 274 275 252 246 288 3742 0 0 0 32002 0 -1 0 0 0 32002 32002 0 0 0 0 0 0
WIT 6 274 275 299 294 294 53055 0 0 0 32002 0 -1 0 0 0 32002 32002 0 0 0 0 0 0
WIT 6 274 275 276 271 354 53055 0 0 0 32002 0 -1 0 0 0 32002 32002 0 0 0 0 0 0
WIT 6 274 275 277 272 308 53055 0 0 0 32002 0 -1 0 0 0 32002 32002 0 0 0 0 0 0
WIT 6 274 275 229 224 248 3742 0 0 1 276 0 -1 0 0 0 32002 32002 0 0 0 0 0 3559
WIT 8 254 275 254 247 184 0 0 0 0 275 0 -1 0 0 0 32002 32002 0 0 0 0 0 3300
WIT 11 274 275 297 276 276 53055 0 0 0 32002 0 -1 0 0 0 32002 32002 0 0 0 0 0 0
WIT 10 274 275 254 235 250 3559 0 0 1 278 0 -1 0 0 0 32002 32002 0 0 0 0 0 2332
WIT 10 274 275 262 253 281 53055 0 0 0 32002 0 -1 0 0 0 32002 32002 0 0 0 0 0 0
WIT 9 274 275 254 237 237 53055 0 0 1 360 0 -1 0 0 0 32002 32002 0 0 0 0 0 2332
WIT 8 274 275 265 258 279 53055 0 0 0 32002 0 -1 0 0 0 32002 32002 0 0 0 0 0 0
WIT 7 274 275 269 263 285 3559 0 0 0 32002 0 -1 0 0 0 32002 32002 0 0 0 0 0 0
WIT 7 274 275 261 255 271 53055 0 0 1 348 0 -1 0 0 0 32002 32002 0 0 0 0 0 2332
WIT 7 274 275 290 284 348 53055 0 0 0 32002 0 -1 0 0 0 32002 32002 0 0 0 0 0 0
WIT 7 274 275 251 245 267 53055 0 0 1 365 0 -1 0 0 0 32002 32002 0 0 0 0 0 2332
WIT 7 274 275 272 266 266 53055 0 0 1 285 0 -1 0 0 0 32002 32002 0 0 0 0 0 2332
WIT 7 274 275 243 237 296 53055 0 0 0 32002 0 -1 0 0 0 32002 32002 0 0 0 0 0 0
WIT 7 274 275 301 295 337 53055 0 0 0 32002 0 -1 0 0 0 32002 32002 0 0 0 0 0 0
WIT 7 274 275 313 307 352 53055 0 0 0 32002 0 -1 0 0 0 32002 32002 0 0 0 0 0 0
WIT 7 274 275 284 278 285 2332 0 0 0 32002 0 -1 0 0 0 32002 32002 0 0 0 0 0 0
WIT 7 274 275 234 228 228 3104 0 0 1 315 0 -1 0 0 0 32002 32002 0 0 0 0 0 2332
WIT 7 274 275 278 272 327 53055 0 0 0 32002 0 -1 0 0 0 32002 32002 0 0 0 0 0 0
WIT 7 274 275 217 211 278 0 0 0 0 32002 0 -1 0 0 0 32002 32002 0 0 0 0 0 0
WIT 8 302 303 364 357 393 2355 0 0 0 32002 0 -1 0 0 0 32002 32002 0 0 0 0 0 0
WIT 6 302 303 238 233 234 2350 0 0 1 321 0 -1 0 0 0 32002 32002 0 0 0 0 0 2423
WIT 8 302 303 310 295 307 2527 0 0 0 32002 0 -1 0 0 0 32002 32002 0 0 0 0 0 0
WIT 6 302 303 359 354 446 2915 1 0 0 32002 0 -1 0 0 0 32002 32002 0 0 0 0 0 0
WIT 7 302 303 287 274 258 0 0 0 0 307 0 -1 0 0 0 32002 32002 0 0 0 0 0 3559
WIT 7 302 303 276 263 263 3559 0 0 1 306 0 -1 0 0 0 32002 32002 0 0 0 0 0 3964
WIT 7 302 303 273 267 280 3559 0 0 1 303 0 -1 0 0 0 32002 32002 0 0 0 0 0 3964
WIT 7 302 303 353 340 342 3964 0 0 0 32002 0 -1 0 0 0 32002 32002 0 0 0 0 0 0
WIT 6 302 303 275 270 299 3559 0 0 1 359 0 -1 0 0 0 32002 32002 0 0 0 0 0 3964
WIT 6 302 303 284 279 307 3559 0 0 0 32002 0 -1 0 0 0 32002 32002 0 0 0 0 0 0
WIT 6 302 303 315 310 363 2355 0 0 0 32002 0 -1 0 0 0 32002 32002 0 0 0 0 0 0
WIT 6 302 303 324 319 337 3559 0 0 0 32002 0 -1 0 0 0 32002 32002 0 0 0 0 0 0
WIT 6 302 303 294 289 335 3559 0 0 0 32002 0 -1 0 0 0 32002 32002 0 0 0 0 0 0
WIT 7 275 303 275 269 255 0 0 0 0 303 0 -1 0 0 0 32002 32002 0 0 0 0 0 53055
WIT 10 302 303 308 299 299 2527 0 0 1 309 0 -1 0 0 0 32002 32002 0 0 0 0 0 3749
WIT 9 302 303 310 293 305 2527 0 0 0 32002 0 -1 0 0 0 32002 32002 0 0 0 0 0 0
WIT 8 302 303 364 357 393 2355 0 0 0 32002 0 -1 0 0 0 32002 32002 0 0 0 0 0 0
WIT 7 302 303 359 353 457 2915 1 0 0 32002 0 -1 0 0 0 32002 32002 0 0 0 0 0 0
WIT 7 302 303 266 260 272 2414 0 0 1 328 0 -1 0 0 0 32002 32002 0 0 0 0 0 2423
WIT 6 302 303 254 249 224 0 0 0 0 297 0 -1 0 0 0 32002 32002 0 0 0 0 0 0
WIT 6 302 303 260 255 260 2423 0 0 1 344 0 -1 0 0 0 32002 32002 0 0 0 0 0 2527
WIT 8 -303 -302 -298 -313 -338 0 0 0 0 -310 0 -1 0 0 0 32002 32002 0 0 0 0 0 0
WIT 9 302 303 306 289 273 0 0 0 0 303 0 -1 0 0 0 32002 32002 0 0 0 0 0 3559
WIT 8 302 303 277 270 277 3559 0 0 1 351 0 -1 0 0 0 32002 32002 0 0 0 0 0 3749
WIT 6 302 303 306 301 317 3559 0 0 0 32002 0 -1 0 0 0 32002 32002 0 0 0 0 0 0
WIT 6 302 303 329 324 318 0 0 0 0 357 0 -1 0 0 0 32002 32002 0 0 0 0 0 2267
WIT 6 302 303 266 261 262 3559 0 0 1 303 0 -1 0 0 0 32002 32002 0 0 0 0 0 3749
WIT 7 302 303 252 246 303 0 0 0 0 32002 0 -1 0 0 0 32002 32002 0 0 0 0 0 0
WIT 6 302 303 275 270 439 3742 0 0 0 32002 0 -1 0 0 0 32002 32002 0 0 0 0 0 0
WIT 12 302 303 275 252 252 3749 0 0 1 303 0 -1 0 0 0 32002 32002 0 0 0 0 0 3964
WIT 7 302 303 298 292 277 0 0 0 0 328 0 -1 0 0 0 32002 32002 0 0 0 0 0 3964
WIT 6 302 303 293 288 256 0 0 0 0 325 0 -1 0 0 0 32002 32002 0 0 0 0 0 3735
WIT 11 302 303 291 281 281 3964 0 0 1 322 0 -1 0 0 0 32002 32002 0 0 0 0 0 2325
WIT 6 302 303 256 251 302 3742 0 0 1 308 0 -1 0 0 0 32002 32002 0 0 0 0 0 3559
WIT 6 302 303 328 323 330 3742 0 0 0 32002 0 -1 0 0 0 32002 32002 0 0 0 0 0 0
WIT 11 302 303 275 254 255 3559 0 0 1 307 0 -1 0 0 0 32002 32002 0 0 0 0 0 3964
WIT 7 302 303 273 267 283 3749 0 0 1 318 0 -1 0 0 0 32002 32002 0 0 0 0 0 3964
WIT 7 302 303 287 281 300 3559 0 0 1 335 0 -1 0 0 0 32002 32002 0 0 0 0 0 3964
WIT 6 302 303 315 310 311 3559 0 0 0 32002 0 -1 0 0 0 32002 32002 0 0 0 0 0 0
WIT 6 302 303 280 275 344 3742 0 0 0 32002 0 -1 0 0 0 32002 32002 0 0 0 0 0 0
WIT 6 302 303 323 318 357 3742 0 0 0 32002 0 -1 0 0 0 32002 32002 0 0 0 0 0 0
WIT 7 302 303 332 326 355 3559 0 0 0 32002 0 -1 0 0 0 32002 32002 0 0 0 0 0 0
WIT 6 302 303 334 329 329 3559 0 0 0 32002 0 -1 0 0 0 32002 32002 0 0 0 0 0 0
WIT 6 302 303 293 288 288 3559 0 0 1 306 0 -1 0 0 0 32002 32002 0 0 0 0 0 3964
WIT 10 302 303 275 256 245 0 0 0 0 303 0 -1 0 0 0 32002 32002 0 0 0 0 0 53055
WIT 10 302 303 274 265 295 3742 0 0 1 311 0 -1 0 0 0 32002 32002 0 0 0 0 0 2325
WIT 8 302 303 303 296 296 3559 0 0 1 303 0 -1 0 0 0 32002 32002 0 0 0 0 0 3749
WIT 6 302 303 328 323 337 3742 0 0 0 32002 0 -1 0 0 0 32002 32002 0 0 0 0 0 0
WIT 9 302 303 275 258 255 0 0 0 0 303 0 -1 0 0 0 32002 32002 0 0 0 0 0 53055
WIT 7 302 303 303 297 296 0 0 0 0 303 0 -1 0 0 0 32002 32002 0 0 0 0 0 53055
WIT 9 302 303 282 274 267 0 0 0 0 302 0 -1 0 0 0 32002 32002 0 0 0 0 0 3559
WIT 8 302 303 252 245 245 3559 0 0 1 303 0 -1 0 0 0 32002 32002 0 0 0 0 0 53055
WIT 8 302 303 345 338 350 3559 0 0 0 32002 0 -1 0 0 0 32002 32002 0 0 0 0 0 0
WIT 8 302 303 322 315 343 3742 0 0 0 32002 0 -1 0 0 0 32002 32002 0 0 0 0 0 0
WIT 8 302 303 299 292 292 53055 0 0 1 312 0 -1 0 0 0 32002 32002 0 0 0 0 0 3742
WIT 8 302 303 277 270 306 3559 0 0 0 32002 0 -1 0 0 0 32002 32002 0 0 0 0 0 0
WIT 8 302 303 276 269 269 3559 0 0 1 344 0 -1 0 0 0 32002 32002 0 0 0 0 0 3742
WIT 8 302 303 275 268 349 3742 0 0 0 32002 0 -1 0 0 0 32002 32002 0 0 0 0 0 0
WIT 8 302 303 286 279 327 3559 0 0 0 32002 0 -1 0 0 0 32002 32002 0 0 0 0 0 0
WIT 7 302 303 279 273 294 3559 0 0 1 285 1 1 21616 1 1 302 339 0 0 0 0 15 3559
WIT 8 275 303 275 268 184 0 0 0 0 303 0 -1 0 0 0 32002 32002 0 0 0 0 0 3300
WIT 6 302 303 317 312 352 53055 0 0 0 32002 0 -1 0 0 0 32002 32002 0 0 0 0 0 0
WIT 11 302 303 277 256 256 3559 0 0 1 312 0 -1 0 0 0 32002 32002 0 0 0 0 0 2332
WIT 10 302 303 297 278 290 53055 0 0 1 311 0 -1 0 0 0 32002 32002 0 0 0 0 0 2332
WIT 10 302 303 262 253 281 53055 0 0 1 317 0 -1 0 0 0 32002 32002 0 0 0 0 0 2332
WIT 9 302 303 351 334 316 0 0 0 0 303 0 -1 0 0 0 32002 32002 0 0 0 0 0 2332
WIT 7 302 303 269 263 285 3559 0 0 1 368 0 -1 0 0 0 32002 32002 0 0 0 0 0 2332
WIT 8 302 303 265 258 279 53055 0 0 1 345 0 -1 0 0 0 32002 32002 0 0 0 0 0 2332
WIT 7 302 303 338 332 332 53055 0 0 0 32002 0 -1 0 0 0 32002 32002 0 0 0 0 0 0
WIT 7 302 303 290 284 348 53055 0 0 0 32002 0 -1 0 0 0 32002 32002 0 0 0 0 0 0
WIT 7 302 303 353 347 347 53055 0 0 0 32002 0 -1 0 0 0 32002 32002 0 0 0 0 0 0
WIT 7 302 303 283 277 277 53055 0 0 1 356 0 -1 0 0 0 32002 32002 0 0 0 0 0 2332
WIT 7 302 303 243 237 296 53055 0 0 1 371 0 -1 0 0 0 32002 32002 0 0 0 0 0 2332
WIT 7 302 303 301 295 337 53055 0 0 0 32002 0 -1 0 0 0 32002 32002 0 0 0 0 0 0
WIT 7 302 303 313 307 352 53055 0 0 0 32002 0 -1 0 0 0 32002 32002 0 0 0 0 0 0
WIT 7 302 303 310 304 322 53055 0 0 0 32002 0 -1 0 0 0 32002 32002 0 0 0 0 0 0
WIT 8 302 303 217 210 279 0 0 0 0 329 0 -1 0 0 0 32002 32002 0 0 0 0 0 2268
WIT 8 302 303 278 271 327 53055 0 0 0 32002 0 -1 0 0 0 32002 32002 0 0 0 0 0 0
WIT 7 340 341 309 296 302 2350 0 0 1 343 0 -1 0 0 0 32002 32002 0 0 0 0 0 3559
WIT 8 340 341 303 288 462 3559 0 0 0 32002 0 -1 0 0 0 32002 32002 0 0 0 0 0 0
WIT 7 340 341 303 297 548 3559 0 0 0 32002 0 -1 0 0 0 32002 32002 0 0 0 0 0 0
WIT 6 340 341 284 279 307 3559 0 0 1 479 0 -1 0 0 0 32002 32002 0 0 0 0 0 3964
WIT 7 340 341 353 340 342 3964 0 0 0 32002 0 -1 0 0 0 32002 32002 0 0 0 0 0 0
WIT 6 340 341 324 319 337 3559 0 0 1 400 0 -1 0 0 0 32002 32002 0 0 0 0 0 3964
WIT 6 340 341 315 310 345 2355 0 0 0 32002 0 -1 0 0 0 32002 32002 0 0 0 0 0 0
WIT 6 340 341 294 289 335 3559 0 0 1 371 0 -1 0 0 0 32002 32002 0 0 0 0 0 3964
WIT 7 303 341 303 297 283 0 0 0 0 341 0 -1 0 0 0 32002 32002 0 0 0 0 0 53055
WIT 10 340 341 303 284 284 3559 0 0 1 341 0 -1 0 0 0 32002 32002 0 0 0 0 0 53055
WIT 9 340 341 310 302 335 3742 0 0 1 340 1 1 24560 1 1 340 364 0 0 0 0 17 3742
WIT 9 340 341 303 286 290 3742 0 0 1 341 0 -1 0 0 0 32002 32002 0 0 0 0 0 3559
WIT 8 340 341 303 296 578 3559 0 0 0 32002 0 -1 0 0 0 32002 32002 0 0 0 0 0 0
WIT 9 340 341 307 299 385 0 0 0 0 32002 0 -1 0 0 0 32002 32002 0 0 0 0 0 0
WIT 8 340 341 303 288 288 3749 0 0 1 369 0 -1 0 0 0 32002 32002 0 0 0 0 0 3964
WIT 7 340 341 318 312 312 3559 0 0 1 358 0 -1 0 0 0 32002 32002 0 0 0 0 0 3964
WIT 7 340 341 303 290 280 0 0 0 0 355 0 -1 0 0 0 32002 32002 0 0 0 0 0 53055
WIT 8 340 341 303 296 323 3559 0 0 1 359 0 -1 0 0 0 32002 32002 0 0 0 0 0 53055
WIT 8 340 341 345 338 377 53055 0 0 0 32002 0 -1 0 0 0 32002 32002 0 0 0 0 0 0
WIT 8 340 341 322 315 345 3742 0 0 0 32002 0 -1 0 0 0 32002 32002 0 0 0 0 0 0
WIT 8 340 341 311 304 333 53055 0 0 1 441 0 -1 0 0 0 32002 32002 0 0 0 0 0 3742
WIT 8 340 341 356 349 619 53055 0 0 0 32002 0 -1 0 0 0 32002 32002 0 0 0 0 0 0
WIT 8 340 341 277 270 342 53055 0 0 0 32002 0 -1 0 0 0 32002 32002 0 0 0 0 0 0
WIT 8 340 341 339 332 380 53055 0 0 0 32002 0 -1 0 0 0 32002 32002 0 0 0 0 0 0
WIT 8 340 341 275 268 349 3742 0 0 0 32002 0 -1 0 0 0 32002 32002 0 0 0 0 0 0
WIT 8 340 341 286 279 436 53055 0 0 0 32002 0 -1 0 0 0 32002 32002 0 0 0 0 0 0
WIT 7 340 341 334 328 337 53055 0 0 1 344 0 -1 0 0 0 32002 32002 0 0 0 0 0 3559
WIT 8 303 341 303 296 184 0 0 0 0 341 0 -1 0 0 0 32002 32002 0 0 0 0 0 3300
WIT 6 340 341 317 312 352 53055 0 0 0 32002 0 -1 0 0 0 32002 32002 0 0 0 0 0 0
WIT 11 340 341 311 290 319 3559 0 0 1 347 0 -1 0 0 0 32002 32002 0 0 0 0 0 2332
WIT 7 340 341 347 341 377 53055 0 0 0 32002 0 -1 0 0 0 32002 32002 0 0 0 0 0 0
WIT 6 340 341 302 297 1185 2268 1 0 0 32002 0 -1 0 0 0 32002 32002 0 0 0 0 0 0
WIT 10 340 341 310 291 293 53055 0 0 1 377 0 -1 0 0 0 32002 32002 0 0 0 0 0 2332
WIT 9 340 341 303 286 286 53055 0 0 1 343 0 -1 0 0 0 32002 32002 0 0 0 0 0 2332
WIT 9 340 341 315 307 329 53055 0 0 1 361 0 -1 0 0 0 32002 32002 0 0 0 0 0 2332
WIT 8 340 341 359 352 352 3559 0 0 0 32002 0 -1 0 0 0 32002 32002 0 0 0 0 0 0
WIT 8 340 341 340 333 341 53055 0 0 0 32002 0 -1 0 0 0 32002 32002 0 0 0 0 0 0
WIT 8 340 341 338 331 331 53055 0 0 1 407 0 -1 0 0 0 32002 32002 0 0 0 0 0 2332
WIT 8 340 341 290 283 348 53055 0 0 0 32002 0 -1 0 0 0 32002 32002 0 0 0 0 0 0
WIT 7 340 341 353 347 347 53055 0 0 0 32002 0 -1 0 0 0 32002 32002 0 0 0 0 0 0
WIT 8 340 341 310 303 322 53055 0 0 1 349 0 -1 0 0 0 32002 32002 0 0 0 0 0 2332
WIT 8 340 341 349 342 360 53055 0 0 0 32002 0 -1 0 0 0 32002 32002 0 0 0 0 0 0
WIT 8 340 341 362 355 373 53055 0 0 0 32002 0 -1 0 0 0 32002 32002 0 0 0 0 0 0
WIT 8 340 341 301 294 336 53055 0 0 1 387 0 -1 0 0 0 32002 32002 0 0 0 0 0 2332
WIT 8 340 341 313 306 352 53055 0 0 0 32002 0 -1 0 0 0 32002 32002 0 0 0 0 0 0
WIT 8 340 341 326 319 334 2908 1 0 0 348 0 -1 0 0 0 32002 32002 0 0 0 0 0 2268
WIT 8 340 341 278 271 313 3559 0 0 1 348 0 -1 0 0 0 32002 32002 0 0 0 0 0 2332
WIT 7 391 392 566 553 667 3559 0 0 0 32002 0 -1 0 0 0 32002 32002 0 0 0 0 0 0
WIT 6 391 392 303 298 520 3559 0 0 0 32002 0 -1 0 0 0 32002 32002 0 0 0 0 0 0
WIT 6 391 392 459 454 461 3559 0 0 0 32002 0 -1 0 0 0 32002 32002 0 0 0 0 0 0
WIT 7 341 392 341 335 339 3559 0 0 1 392 0 -1 0 0 0 32002 32002 0 0 0 0 0 53055
WIT 9 391 392 345 337 365 3559 0 0 1 393 0 -1 0 0 0 32002 32002 0 0 0 0 0 3749
WIT 9 391 392 315 298 328 3559 0 0 1 432 0 -1 0 0 0 32002 32002 0 0 0 0 0 2325
WIT 8 391 392 308 301 367 2527 0 0 1 416 0 -1 0 0 0 32002 32002 0 0 0 0 0 3749
WIT 9 391 392 310 293 293 3104 0 0 1 367 1 1 15195 1 1 391 379 0 0 0 0 9 0
WIT 8 391 392 303 288 274 0 0 0 0 380 0 -1 0 0 0 32002 32002 0 0 0 0 0 0
WIT 7 391 392 447 434 369 0 0 0 0 381 0 -1 0 0 0 32002 32002 0 0 0 0 0 0
WIT 10 391 392 341 322 321 0 0 0 0 391 0 -1 0 0 0 32002 32002 0 0 0 0 0 0
WIT 7 343 344 341 328 328 53055 0 0 1 343 1 1 21842 1 1 343 344 0 0 0 0 15 53055
WIT 6 -345 -344 -184 -189 -190 0 0 0 0 -344 0 -1 0 0 0 32002 32002 0 0 0 0 0 137
WIT 8 341 392 341 334 184 0 0 0 0 344 0 -1 0 0 0 32002 32002 0 0 0 0 0 3300
WIT 6 343 344 340 335 341 53055 0 0 1 370 0 -1 0 0 0 32002 32002 0 0 0 0 0 2332
WIT 6 -318 -317 -344 -349 -327 396 0 0 1 -288 0 -1 0 0 0 32002 32002 0 0 0 0 0 49408
WIT 7 -318 -317 -381 -387 -355 795 0 0 1 -317 0 -1 0 0 0 32002 32002 0 0 0 0 0 203
WIT 6 -318 -317 -382 -387 -388 0 0 0 0 -317 0 -1 0 0 0 32002 32002 0 0 0 0 0 396
WIT 6 -318 -317 -391 -396 -360 203 0 0 1 -317 0 -1 0 0 0 32002 32002 0 0 0 0 0 396
WIT 7 316 317 306 293 302 3559 0 0 1 390 0 -1 0 0 0 32002 32002 0 0 0 0 0 3964
WIT 7 -318 -317 -278 -284 -256 861 0 0 0 32002 0 -1 0 0 0 32002 32002 0 0 0 0 0 0
WIT 8 -318 -317 -304 -319 -339 0 0 0 0 -311 0 -1 0 0 0 32002 32002 0 0 0 0 0 203
WIT 7 -318 -317 -344 -357 -327 983 0 0 1 -317 0 -1 0 0 0 32002 32002 0 0 0 0 0 405
WIT 8 316 317 317 302 302 3559 0 0 1 317 0 -1 0 0 0 32002 32002 0 0 0 0 0 3749
WIT 9 316 317 365 348 347 0 0 0 0 317 0 -1 0 0 0 32002 32002 0 0 0 0 0 3964
WIT 9 316 317 307 299 379 0 0 0 0 32002 0 -1 0 0 0 32002 32002 0 0 0 0 0 0
WIT 9 316 317 303 295 295 3749 0 0 1 317 0 -1 0 0 0 32002 32002 0 0 0 0 0 3964
WIT 9 316 317 320 312 320 3749 0 0 0 32002 0 -1 0 0 0 32002 32002 0 0 0 0 0 0
WIT 8 316 317 355 348 345 0 0 0 0 317 0 -1 0 0 0 32002 32002 0 0 0 0 0 3964
WIT 8 316 317 353 338 323 0 0 0 0 317 0 -1 0 0 0 32002 32002 0 0 0 0 0 53055
WIT 8 316 317 392 377 377 3559 0 0 0 32002 0 -1 0 0 0 32002 32002 0 0 0 0 0 0
WIT 6 316 317 339 334 406 3749 0 0 0 32002 0 -1 0 0 0 32002 32002 0 0 0 0 0 0
WIT 7 316 317 317 311 313 3749 0 0 1 317 0 -1 0 0 0 32002 32002 0 0 0 0 0 3964
WIT 7 316 317 392 379 337 0 0 0 0 317 0 -1 0 0 0 32002 32002 0 0 0 0 0 53055
WIT 8 316 317 344 329 334 3559 0 0 0 32002 0 -1 0 0 0 32002 32002 0 0 0 0 0 0
WIT 6 316 317 345 340 374 53055 0 0 0 32002 0 -1 0 0 0 32002 32002 0 0 0 0 0 0
WIT 9 302 330 344 336 -15 0 0 0 0 317 0 -1 0 0 0 32002 32002 0 0 0 0 0 3300
WIT 6 316 317 366 361 361 53055 0 0 0 32002 0 -1 0 0 0 32002 32002 0 0 0 0 0 0
WIT 7 330 331 441 428 383 0 0 0 0 330 0 -1 0 0 0 32002 32002 0 0 0 0 0 0
WIT 7 -315 -314 -317 -323 -323 203 0 0 1 -298 0 -1 0 0 0 32002 32002 0 0 0 0 0 795
WIT 8 303 331 317 310 310 3559 0 0 1 314 1 1 17769 1 1 314 314 0 0 0 0 42 3169
WIT 7 330 331 342 336 324 0 0 0 0 331 0 -1 0 0 0 32002 32002 0 0 0 0 0 2777
WIT 10 330 331 413 404 413 2527 0 0 0 32002 0 -1 0 0 0 32002 32002 0 0 0 0 0 0
WIT 7 330 331 323 317 359 2527 0 0 0 32002 0 -1 0 0 0 32002 32002 0 0 0 0 0 0
WIT 9 330 331 307 299 284 0 0 0 0 332 0 -1 0 0 0 32002 32002 0 0 0 0 0 3559
WIT 9 330 331 317 309 337 3742 0 0 0 32002 0 -1 0 0 0 32002 32002 0 0 0 0 0 0
WIT 9 330 331 320 312 320 2325 1 0 0 342 0 -1 0 0 0 32002 32002 0 0 0 0 0 3742
WIT 8 330 331 317 302 303 3169 0 0 1 331 0 -1 0 0 0 32002 32002 0 0 0 0 0 3964
WIT 8 330 331 316 309 309 3742 0 0 1 331 0 -1 0 0 0 32002 32002 0 0 0 0 0 3964
WIT 7 330 331 315 309 344 3742 0 0 0 32002 0 -1 0 0 0 32002 32002 0 0 0 0 0 0
WIT 7 330 331 323 317 362 3742 0 0 0 32002 0 -1 0 0 0 32002 32002 0 0 0 0 0 0
WIT 7 330 331 280 274 352 3742 0 0 0 32002 0 -1 0 0 0 32002 32002 0 0 0 0 0 0
WIT 7 330 331 332 326 349 3828 0 0 0 32002 0 -1 0 0 0 32002 32002 0 0 0 0 0 0
WIT 6 330 331 372 367 367 3559 0 0 0 32002 0 -1 0 0 0 32002 32002 0 0 0 0 0 0
WIT 7 330 331 334 328 329 3559 0 0 1 346 0 -1 0 0 0 32002 32002 0 0 0 0 0 3964
WIT 7 330 331 391 385 405 3828 0 0 0 32002 0 -1 0 0 0 32002 32002 0 0 0 0 0 0
WIT 6 330 331 392 387 448 2527 0 0 0 32002 0 -1 0 0 0 32002 32002 0 0 0 0 0 0
WIT 9 330 331 392 375 403 3169 0 0 0 32002 0 -1 0 0 0 32002 32002 0 0 0 0 0 0
WIT 7 330 331 317 311 396 3559 0 0 0 32002 0 -1 0 0 0 32002 32002 0 0 0 0 0 0
WIT 7 330 331 471 458 441 0 0 0 0 339 0 -1 0 0 0 32002 32002 0 0 0 0 0 2137
WIT 7 330 331 431 425 386 0 0 0 0 321 0 -1 0 0 0 32002 32002 0 0 0 0 0 3559
WIT 7 330 331 331 325 325 3559 0 0 1 440 0 -1 0 0 0 32002 32002 0 0 0 0 0 2137
WIT 10 330 331 331 312 321 3559 0 0 1 331 0 -1 0 0 0 32002 32002 0 0 0 0 0 3169
WIT 7 330 331 530 524 524 3808 0 0 0 32002 0 -1 0 0 0 32002 32002 0 0 0 0 0 0
WIT 9 330 331 470 453 452 0 0 0 0 361 0 -1 0 0 0 32002 32002 0 0 0 0 0 2325
WIT 12 330 331 361 350 345 0 0 0 0 334 0 -1 0 0 0 32002 32002 0 0 0 0 0 3742
WIT 6 330 331 317 312 320 3742 0 0 1 325 1 1 24575 1 1 330 327 0 0 0 0 1 0
WIT 6 -331 -330 -316 -321 -747 0 0 0 0 -344 0 -1 0 0 0 32002 32002 0 0 0 0 0 0
WIT 8 330 331 344 329 332 3964 0 0 0 32002 0 -1 0 0 0 32002 32002 0 0 0 0 0 0
WIT 11 330 331 331 310 315 3828 0 0 1 327 1 1 16552 1 1 330 331 0 0 0 0 104 3828
WIT 7 330 331 307 301 381 0 0 0 0 32002 0 -1 0 0 0 32002 32002 0 0 0 0 0 0
WIT 8 330 331 317 302 302 3828 0 0 1 332 0 -1 0 0 0 32002 32002 0 0 0 0 0 3964
WIT 10 330 331 317 298 286 0 0 0 0 331 0 -1 0 0 0 32002 32002 0 0 0 0 0 53055
WIT 9 330 331 356 348 354 53055 0 0 0 32002 0 -1 0 0 0 32002 32002 0 0 0 0 0 0
WIT 9 330 331 277 269 312 53055 0 0 1 331 0 -1 0 0 0 32002 32002 0 0 0 0 0 3742
WIT 8 330 331 345 338 358 53055 0 0 0 32002 0 -1 0 0 0 32002 32002 0 0 0 0 0 0
WIT 8 330 331 357 350 359 3742 0 0 0 32002 0 -1 0 0 0 32002 32002 0 0 0 0 0 0
WIT 7 330 331 429 423 414 0 0 0 0 341 0 -1 0 0 0 32002 32002 0 0 0 0 0 3742
WIT 7 330 331 339 333 431 53055 0 0 0 32002 0 -1 0 0 0 32002 32002 0 0 0 0 0 0
WIT 7 330 331 343 337 402 53055 0 0 0 32002 0 -1 0 0 0 32002 32002 0 0 0 0 0 0
WIT 8 330 331 275 268 321 53055 0 0 1 363 0 -1 0 0 0 32002 32002 0 0 0 0 0 3559
WIT 8 330 331 286 279 436 53055 0 0 0 32002 0 -1 0 0 0 32002 32002 0 0 0 0 0 0
WIT 8 330 331 322 315 345 3742 0 0 0 32002 0 -1 0 0 0 32002 32002 0 0 0 0 0 0
WIT 10 303 331 317 308 62 0 0 0 0 331 0 -1 0 0 0 32002 32002 0 0 0 0 0 3300
WIT 7 330 331 350 344 352 3559 0 0 0 32002 0 -1 0 0 0 32002 32002 0 0 0 0 0 0
WIT 7 330 331 347 341 377 53055 0 0 0 32002 0 -1 0 0 0 32002 32002 0 0 0 0 0 0
WIT 12 330 331 346 323 324 3559 0 0 1 352 0 -1 0 0 0 32002 32002 0 0 0 0 0 2332
WIT 8 330 331 347 340 377 53055 0 0 0 32002 0 -1 0 0 0 32002 32002 0 0 0 0 0 0
WIT 11 330 331 373 352 351 0 0 0 0 331 0 -1 0 0 0 32002 32002 0 0 0 0 0 2332
WIT 10 330 331 359 350 356 53055 0 0 0 32002 0 -1 0 0 0 32002 32002 0 0 0 0 0 0
WIT 9 330 331 359 351 363 3559 0 0 0 32002 0 -1 0 0 0 32002 32002 0 0 0 0 0 0
WIT 9 330 331 344 327 311 0 0 0 0 331 0 -1 0 0 0 32002 32002 0 0 0 0 0 2332
WIT 8 330 331 384 377 377 3559 0 0 0 32002 0 -1 0 0 0 32002 32002 0 0 0 0 0 0
WIT 8 330 331 399 392 392 3559 0 0 0 32002 0 -1 0 0 0 32002 32002 0 0 0 0 0 0
WIT 8 330 331 358 351 351 3828 0 0 0 32002 0 -1 0 0 0 32002 32002 0 0 0 0 0 0
WIT 6 330 331 346 341 341 3104 0 0 0 32002 0 -1 0 0 0 32002 32002 0 0 0 0 0 0
WIT 7 330 331 353 347 347 3559 0 0 0 32002 0 -1 0 0 0 32002 32002 0 0 0 0 0 0
WIT 6 330 331 374 369 369 3559 0 0 0 32002 0 -1 0 0 0 32002 32002 0 0 0 0 0 0
WIT 6 330 331 499 494 494 53055 0 0 0 32002 0 -1 0 0 0 32002 32002 0 0 0 0 0 0
WIT 7 330 331 349 343 346 3559 0 0 0 32002 0 -1 0 0 0 32002 32002 0 0 0 0 0 0
WIT 7 330 331 362 356 392 53055 0 0 0 32002 0 -1 0 0 0 32002 32002 0 0 0 0 0 0
WIT 7 330 331 357 351 351 3559 0 0 0 32002 0 -1 0 0 0 32002 32002 0 0 0 0 0 0
WIT 8 330 331 348 341 365 53055 0 0 0 32002 0 -1 0 0 0 32002 32002 0 0 0 0 0 0
WIT 8 331 345 338 331 331 3828 0 0 1 361 0 -1 0 0 0 32002 32002 0 0 0 0 0 2137
WIT 10 344 345 331 312 312 3828 0 0 1 345 0 -1 0 0 0 32002 32002 0 0 0 0 0 3559
WIT 8 -332 -331 -339 -346 -362 0 0 0 0 -334 0 -1 0 0 0 32002 32002 0 0 0 0 0 0
WIT 8 331 345 331 324 313 0 0 0 0 345 0 -1 0 0 0 32002 32002 0 0 0 0 0 3169
WIT 10 344 345 358 349 349 3169 0 0 0 32002 0 -1 0 0 0 32002 32002 0 0 0 0 0 0
WIT 10 344 345 392 383 383 3559 0 0 0 32002 0 -1 0 0 0 32002 32002 0 0 0 0 0 0
WIT 9 344 345 337 320 325 3828 0 0 1 356 0 -1 0 0 0 32002 32002 0 0 0 0 0 3169
WIT 10 344 345 428 409 400 0 0 0 0 368 0 -1 0 0 0 32002 32002 0 0 0 0 0 2325
WIT 8 331 345 331 324 323 0 0 0 0 345 0 -1 0 0 0 32002 32002 0 0 0 0 0 3964
WIT 7 -345 -344 -330 -336 -375 0 0 0 0 -344 0 -1 0 0 0 32002 32002 0 0 0 0 0 983
WIT 9 344 345 325 317 329 3828 0 0 1 353 0 -1 0 0 0 32002 32002 0 0 0 0 0 3964
WIT 8 344 345 345 338 309 0 0 0 0 345 0 -1 0 0 0 32002 32002 0 0 0 0 0 3735
WIT 11 344 345 340 330 330 2325 1 0 0 344 0 -1 0 0 0 32002 32002 0 0 0 0 0 2325
WIT 10 344 345 331 312 312 3559 0 0 1 345 0 -1 0 0 0 32002 32002 0 0 0 0 0 3964
WIT 9 344 345 331 314 338 3964 0 0 1 345 0 -1 0 0 0 32002 32002 0 0 0 0 0 3828
WIT 9 344 345 331 323 339 3828 0 0 1 369 0 -1 0 0 0 32002 32002 0 0 0 0 0 3964
WIT 8 344 345 331 324 333 3828 0 0 1 373 0 -1 0 0 0 32002 32002 0 0 0 0 0 3964
WIT 8 344 345 344 337 340 3828 0 0 1 346 0 -1 0 0 0 32002 32002 0 0 0 0 0 3964
WIT 8 344 345 332 325 349 3828 0 0 0 32002 0 -1 0 0 0 32002 32002 0 0 0 0 0 0
WIT 8 344 345 315 308 349 3828 0 0 0 32002 0 -1 0 0 0 32002 32002 0 0 0 0 0 0
WIT 8 344 345 323 316 357 3828 0 0 0 32002 0 -1 0 0 0 32002 32002 0 0 0 0 0 0
WIT 8 344 345 391 384 405 3828 0 0 0 32002 0 -1 0 0 0 32002 32002 0 0 0 0 0 0
WIT 7 344 345 372 366 444 3828 0 0 0 32002 0 -1 0 0 0 32002 32002 0 0 0 0 0 0
WIT 10 331 345 331 322 325 3828 0 0 1 345 0 -1 0 0 0 32002 32002 0 0 0 0 0 53055
WIT 8 344 345 331 316 316 3559 0 0 1 345 0 -1 0 0 0 32002 32002 0 0 0 0 0 3964
WIT 13 344 345 331 306 311 3828 0 0 1 345 0 -1 0 0 0 32002 32002 0 0 0 0 0 53055
WIT 6 344 345 336 331 340 3828 0 0 1 345 0 -1 0 0 0 32002 32002 0 0 0 0 0 3964
WIT 11 344 345 331 310 320 3828 0 0 1 345 0 -1 0 0 0 32002 32002 0 0 0 0 0 53055
WIT 7 344 345 344 338 337 0 0 0 0 346 0 -1 0 0 0 32002 32002 0 0 0 0 0 3828
WIT 11 344 345 333 312 322 2325 1 0 0 345 0 -1 0 0 0 32002 32002 0 0 0 0 0 3742
WIT 7 344 345 339 333 381 3828 0 0 0 32002 0 -1 0 0 0 32002 32002 0 0 0 0 0 0
WIT 6 344 345 331 326 306 0 0 0 0 364 0 -1 0 0 0 32002 32002 0 0 0 0 0 3964
WIT 9 344 345 368 351 358 3169 0 0 0 32002 0 -1 0 0 0 32002 32002 0 0 0 0 0 0
WIT 7 344 345 392 379 403 3169 0 0 0 32002 0 -1 0 0 0 32002 32002 0 0 0 0 0 0
WIT 6 344 345 427 422 421 0 0 0 0 345 0 -1 0 0 0 32002 32002 0 0 0 0 0 3559
WIT 6 344 345 337 332 347 3828 0 0 0 32002 0 -1 0 0 0 32002 32002 0 0 0 0 0 0
WIT 8 344 345 345 330 329 0 0 0 0 345 0 -1 0 0 0 32002 32002 0 0 0 0 0 3964
WIT 11 344 345 331 310 310 3828 0 0 1 345 0 -1 0 0 0 32002 32002 0 0 0 0 0 53055
WIT 11 344 345 339 318 344 53055 0 0 1 453 0 -1 0 0 0 32002 32002 0 0 0 0 0 3742
WIT 9 344 345 343 335 406 53055 0 0 0 32002 0 -1 0 0 0 32002 32002 0 0 0 0 0 0
WIT 10 344 345 359 350 370 53055 0 0 0 32002 0 -1 0 0 0 32002 32002 0 0 0 0 0 0
WIT 9 344 345 357 349 349 3742 0 0 0 32002 0 -1 0 0 0 32002 32002 0 0 0 0 0 0
WIT 9 344 345 286 278 387 53055 0 0 0 32002 0 -1 0 0 0 32002 32002 0 0 0 0 0 0
WIT 9 344 345 339 331 339 53055 0 0 1 350 0 -1 0 0 0 32002 32002 0 0 0 0 0 3742
WIT 9 344 345 345 337 380 53055 0 0 0 32002 0 -1 0 0 0 32002 32002 0 0 0 0 0 0
WIT 9 344 345 331 323 323 53055 0 0 1 366 0 -1 0 0 0 32002 32002 0 0 0 0 0 3742
WIT 9 344 345 356 348 354 53055 0 0 0 32002 0 -1 0 0 0 32002 32002 0 0 0 0 0 0
WIT 9 344 345 322 314 313 0 0 0 0 345 0 -1 0 0 0 32002 32002 0 0 0 0 0 2334
WIT 10 331 345 331 322 -25 0 0 0 0 345 0 -1 0 0 0 32002 32002 0 0 0 0 0 3300
WIT 12 344 345 350 327 332 3559 0 0 1 352 0 -1 0 0 0 32002 32002 0 0 0 0 0 2332
WIT 11 344 345 331 310 310 53055 0 0 1 399 0 -1 0 0 0 32002 32002 0 0 0 0 0 2332
WIT 11 344 345 359 349 354 53055 0 0 0 32002 0 -1 0 0 0 32002 32002 0 0 0 0 0 0
WIT 11 344 345 332 322 336 53055 0 0 1 345 0 -1 0 0 0 32002 32002 0 0 0 0 0 2332
WIT 10 344 345 331 312 316 53055 0 0 1 347 0 -1 0 0 0 32002 32002 0 0 0 0 0 2332
WIT 9 344 345 359 351 388 53055 0 0 0 32002 0 -1 0 0 0 32002 32002 0 0 0 0 0 0
WIT 9 344 345 354 346 401 2332 0 0 0 32002 0 -1 0 0 0 32002 32002 0 0 0 0 0 0
WIT 9 344 345 399 391 391 53055 0 0 0 32002 0 -1 0 0 0 32002 32002 0 0 0 0 0 0
WIT 8 344 345 358 351 365 53055 0 0 0 32002 0 -1 0 0 0 32002 32002 0 0 0 0 0 0
WIT 8 344 345 384 377 388 53055 0 0 0 32002 0 -1 0 0 0 32002 32002 0 0 0 0 0 0
WIT 7 344 345 346 340 370 53055 0 0 0 32002 0 -1 0 0 0 32002 32002 0 0 0 0 0 0
WIT 8 344 345 353 346 346 53055 0 0 0 32002 0 -1 0 0 0 32002 32002 0 0 0 0 0 0
WIT 8 344 345 347 340 344 53055 0 0 1 348 0 -1 0 0 0 32002 32002 0 0 0 0 0 2332
WIT 8 344 345 381 374 395 53055 0 0 0 32002 0 -1 0 0 0 32002 32002 0 0 0 0 0 0
WIT 7 344 345 374 368 404 53055 0 0 0 32002 0 -1 0 0 0 32002 32002 0 0 0 0 0 0
WIT 8 344 345 349 342 360 53055 0 0 0 32002 0 -1 0 0 0 32002 32002 0 0 0 0 0 0
WIT 8 344 345 348 341 358 53055 0 0 0 32002 0 -1 0 0 0 32002 32002 0 0 0 0 0 0
WIT 8 344 345 362 355 392 53055 0 0 0 32002 0 -1 0 0 0 32002 32002 0 0 0 0 0 0
WIT 8 344 345 357 350 404 53055 0 0 0 32002 0 -1 0 0 0 32002 32002 0 0 0 0 0 0
WIT 8 344 345 347 340 347 2908 1 0 0 32002 0 -1 0 0 0 32002 32002 0 0 0 0 0 0
WIT 8 345 364 359 352 358 3828 0 0 1 364 0 -1 0 0 0 32002 32002 0 0 0 0 0 2137
WIT 6 363 364 345 340 290 0 0 0 0 334 0 -1 0 0 0 32002 32002 0 0 0 0 0 0
WIT 7 363 364 356 343 298 0 0 0 0 344 0 -1 0 0 0 32002 32002 0 0 0 0 0 0
WIT 11 363 364 345 324 350 2137 0 0 1 337 1 1 38072 1 1 363 346 0 0 0 0 50 0
WIT 10 -346 -345 -344 -363 -335 528 0 0 0 32002 0 -1 0 0 0 32002 32002 0 0 0 0 0 0
WIT 7 -346 -345 -291 -297 -297 75 0 0 0 32002 0 -1 0 0 0 32002 32002 0 0 0 0 0 0
WIT 9 -346 -345 -346 -363 -393 0 0 0 0 -335 0 -1 0 0 0 32002 32002 0 0 0 0 0 1153
WIT 7 -346 -345 -331 -344 -306 797 0 0 0 32002 0 -1 0 0 0 32002 32002 0 0 0 0 0 0
WIT 8 345 346 317 310 337 2527 0 0 1 346 0 -1 0 0 0 32002 32002 0 0 0 0 0 3749
WIT 8 363 364 413 406 406 2527 0 0 0 32002 0 -1 0 0 0 32002 32002 0 0 0 0 0 0
WIT 9 363 364 364 356 525 2355 0 0 0 32002 0 -1 0 0 0 32002 32002 0 0 0 0 0 0
WIT 7 363 364 370 357 356 0 0 0 0 363 0 -1 0 0 0 32002 32002 0 0 0 0 0 0
WIT 6 363 364 434 429 428 0 0 0 0 515 0 -1 0 0 0 32002 32002 0 0 0 0 0 2350
WIT 8 363 364 346 339 344 2527 0 0 1 364 0 -1 0 0 0 32002 32002 0 0 0 0 0 3749
WIT 7 363 364 365 359 355 0 0 0 0 368 0 -1 0 0 0 32002 32002 0 0 0 0 0 3749
WIT 7 363 364 346 340 339 0 0 0 0 364 0 -1 0 0 0 32002 32002 0 0 0 0 0 3749
WIT 7 363 364 349 343 424 2527 0 0 0 32002 0 -1 0 0 0 32002 32002 0 0 0 0 0 0
WIT 8 345 364 345 338 329 0 0 0 0 345 0 -1 0 0 0 32002 32002 0 0 0 0 0 3559
WIT 11 363 364 366 345 355 3559 0 0 1 368 0 -1 0 0 0 32002 32002 0 0 0 0 0 2325
WIT 9 363 364 358 350 357 3169 0 0 1 367 0 -1 0 0 0 32002 32002 0 0 0 0 0 3559
WIT 9 363 364 392 384 384 3559 0 0 0 32002 0 -1 0 0 0 32002 32002 0 0 0 0 0 0
WIT 8 363 364 375 368 387 3559 0 0 0 32002 0 -1 0 0 0 32002 32002 0 0 0 0 0 0
WIT 8 363 364 373 366 375 3559 0 0 0 32002 0 -1 0 0 0 32002 32002 0 0 0 0 0 0
WIT 7 363 364 512 506 548 2355 0 0 0 32002 0 -1 0 0 0 32002 32002 0 0 0 0 0 0
WIT 7 363 364 345 339 339 3559 0 0 1 366 0 -1 0 0 0 32002 32002 0 0 0 0 0 3828
WIT 9 363 364 354 337 337 3749 0 0 1 364 0 -1 0 0 0 32002 32002 0 0 0 0 0 3169
WIT 8 345 364 345 338 323 0 0 0 0 364 0 -1 0 0 0 32002 32002 0 0 0 0 0 3964
WIT 6 363 364 346 341 358 0 0 0 0 364 0 -1 0 0 0 32002 32002 0 0 0 0 0 2325
WIT 6 -364 -363 -336 -341 -310 983 0 0 0 32002 0 -1 0 0 0 32002 32002 0 0 0 0 0 0
WIT 9 363 364 346 329 342 3749 0 0 1 364 0 -1 0 0 0 32002 32002 0 0 0 0 0 3169
WIT 8 363 364 331 324 345 3169 0 0 1 354 1 2 20823 0 0 32002 32002 1 0 37 0 0 2527
WIT 6 363 364 329 324 326 3559 0 0 1 364 0 -1 0 0 0 32002 32002 0 0 0 0 0 3749
WIT 11 363 364 345 324 328 3964 0 0 1 344 1 1 89123 1 1 363 364 0 0 0 0 269 3964
WIT 9 363 364 350 342 388 3742 0 0 0 32002 0 -1 0 0 0 32002 32002 0 0 0 0 0 0
WIT 9 363 364 345 337 341 3964 0 0 1 384 0 -1 0 0 0 32002 32002 0 0 0 0 0 2325
WIT 9 363 364 369 361 468 3559 0 0 0 32002 0 -1 0 0 0 32002 32002 0 0 0 0 0 0
WIT 9 363 364 366 358 398 3559 0 0 0 32002 0 -1 0 0 0 32002 32002 0 0 0 0 0 0
WIT 9 363 364 345 328 347 3559 0 0 1 364 0 -1 0 0 0 32002 32002 0 0 0 0 0 3964
WIT 8 363 364 368 361 494 0 0 0 0 32002 0 -1 0 0 0 32002 32002 0 0 0 0 0 0
WIT 8 363 364 391 384 384 3559 0 0 0 32002 0 -1 0 0 0 32002 32002 0 0 0 0 0 0
WIT 8 363 364 345 338 338 3559 0 0 1 373 0 -1 0 0 0 32002 32002 0 0 0 0 0 3964
WIT 8 363 364 332 325 355 3559 0 0 1 454 0 -1 0 0 0 32002 32002 0 0 0 0 0 3964
WIT 8 363 364 315 308 328 3559 0 0 1 444 0 -1 0 0 0 32002 32002 0 0 0 0 0 3964
WIT 8 363 364 323 316 339 3559 0 0 1 437 0 -1 0 0 0 32002 32002 0 0 0 0 0 3964
WIT 8 363 364 353 346 390 2910 0 0 0 32002 0 -1 0 0 0 32002 32002 0 0 0 0 0 0
WIT 7 363 364 372 366 381 3828 0 0 0 32002 0 -1 0 0 0 32002 32002 0 0 0 0 0 0
WIT 9 345 364 345 337 336 0 0 0 0 364 0 -1 0 0 0 32002 32002 0 0 0 0 0 53055
WIT 8 363 364 339 332 339 3742 0 0 1 442 0 -1 0 0 0 32002 32002 0 0 0 0 0 3559
WIT 6 363 364 364 359 391 3742 0 0 0 32002 0 -1 0 0 0 32002 32002 0 0 0 0 0 0
WIT 7 363 364 361 348 328 0 0 0 0 368 0 -1 0 0 0 32002 32002 0 0 0 0 0 3964
WIT 7 363 364 348 342 390 3559 0 0 0 32002 0 -1 0 0 0 32002 32002 0 0 0 0 0 0
WIT 12 363 364 345 322 325 3559 0 0 1 364 0 -1 0 0 0 32002 32002 0 0 0 0 0 53055
WIT 9 363 364 368 351 358 3169 0 0 1 373 0 -1 0 0 0 32002 32002 0 0 0 0 0 3559
WIT 8 363 364 392 377 402 3169 0 0 0 32002 0 -1 0 0 0 32002 32002 0 0 0 0 0 0
WIT 7 363 364 345 332 359 3749 0 0 1 412 0 -1 0 0 0 32002 32002 0 0 0 0 0 3559
WIT 11 363 364 364 343 353 3559 0 0 1 364 0 -1 0 0 0 32002 32002 0 0 0 0 0 3964
WIT 6 363 364 361 356 384 2788 0 0 0 32002 0 -1 0 0 0 32002 32002 0 0 0 0 0 0
WIT 9 363 364 358 341 341 3964 0 0 1 375 0 -1 0 0 0 32002 32002 0 0 0 0 0 2325
WIT 6 363 364 382 377 675 3749 0 0 0 32002 0 -1 0 0 0 32002 32002 0 0 0 0 0 0
WIT 6 363 364 459 454 461 3559 0 0 0 32002 0 -1 0 0 0 32002 32002 0 0 0 0 0 0
WIT 10 363 364 345 326 325 0 0 0 0 364 0 -1 0 0 0 32002 32002 0 0 0 0 0 53055
WIT 7 363 364 354 348 356 0 0 0 0 370 0 -1 0 0 0 32002 32002 0 0 0 0 0 1941
WIT 6 363 364 496 491 558 2915 1 0 0 32002 0 -1 0 0 0 32002 32002 0 0 0 0 0 0
WIT 9 363 364 420 412 378 0 0 0 0 364 0 -1 0 0 0 32002 32002 0 0 0 0 0 3735
WIT 10 363 364 345 326 326 2325 1 0 0 359 0 -1 0 0 0 32002 32002 0 0 0 0 0 2325
WIT 8 363 364 343 336 402 53055 0 0 0 32002 0 -1 0 0 0 32002 32002 0 0 0 0 0 0
WIT 8 363 364 345 330 335 3828 0 0 1 364 0 -1 0 0 0 32002 32002 0 0 0 0 0 53055
WIT 10 363 364 374 365 489 53055 0 0 0 32002 0 -1 0 0 0 32002 32002 0 0 0 0 0 0
WIT 9 363 364 391 383 545 53055 0 0 0 32002 0 -1 0 0 0 32002 32002 0 0 0 0 0 0
WIT 9 -364 -363 -298 -306 -306 211 0 0 0 32002 0 -1 0 0 0 32002 32002 0 0 0 0 0 0
WIT 9 363 364 345 328 320 0 0 0 0 336 0 -1 0 0 0 32002 32002 0 0 0 0 0 0
WIT 8 -364 -345 -298 -305 -305 211 0 0 0 32002 0 -1 0 0 0 32002 32002 0 0 0 0 0 0
WIT 8 -364 -345 -336 -343 -391 0 0 0 0 -305 0 -1 0 0 0 32002 32002 0 0 0 0 0 983
WIT 11 -346 -345 -206 -216 -239 0 0 0 0 -317 0 -1 0 0 0 32002 32002 0 0 0 0 0 1892
WIT 10 -346 -345 -232 -241 -262 0 0 0 0 -330 0 -1 0 0 0 32002 32002 0 0 0 0 0 1892
WIT 10 -346 -345 -245 -254 -306 0 0 0 0 -345 0 -1 0 0 0 32002 32002 0 0 0 0 0 203
WIT 9 -346 -345 -344 -352 -352 396 0 0 1 -344 0 -1 0 0 0 32002 32002 0 0 0 0 0 983
WIT 7 -346 -345 -269 -275 -239 396 0 0 0 32002 0 -1 0 0 0 32002 32002 0 0 0 0 0 0
WIT 10 345 364 345 336 335 0 0 0 0 345 0 -1 0 0 0 32002 32002 0 0 0 0 0 0
WIT 7 -364 -320 -298 -304 -364 0 0 0 0 -320 0 -1 0 0 0 32002 32002 0 0 0 0 0 1438
WIT 7 -364 -320 -309 -315 -373 0 0 0 0 -320 0 -1 0 0 0 32002 32002 0 0 0 0 0 983
WIT 10 -321 -320 -330 -339 -289 396 0 0 0 32002 0 -1 0 0 0 32002 32002 0 0 0 0 0 0
WIT 10 -321 -320 -331 -350 -379 0 0 0 0 -313 0 -1 0 0 0 32002 32002 0 0 0 0 0 1892
WIT 10 -321 -320 -345 -354 -354 211 0 0 1 -324 1 1 8374 1 1 -321 -330 0 0 0 0 4 0
WIT 6 343 344 426 421 422 2334 0 0 0 32002 0 -1 0 0 0 32002 32002 0 0 0 0 0 0
WIT 6 343 344 286 281 370 53055 0 0 0 32002 0 -1 0 0 0 32002 32002 0 0 0 0 0 0
WIT 8 -364 -320 -345 -352 -364 0 0 0 0 -344 0 -1 0 0 0 32002 32002 0 0 0 0 0 861
WIT 7 -345 -344 -345 -358 -318 396 0 0 0 32002 0 -1 0 0 0 32002 32002 0 0 0 0 0 0
WIT 7 343 344 346 333 333 53055 0 0 1 650 0 -1 0 0 0 32002 32002 0 0 0 0 0 2332
WIT 8 -325 -324 -297 -304 -304 137 0 0 0 32002 0 -1 0 0 0 32002 32002 0 0 0 0 0 0
WIT 7 -325 -324 -307 -313 -332 0 0 0 0 -341 0 -1 0 0 0 32002 32002 0 0 0 0 0 0
WIT 6 -325 -324 -309 -314 -356 0 0 0 0 -333 0 -1 0 0 0 32002 32002 0 0 0 0 0 0
WIT 8 354 355 349 342 314 0 0 0 0 355 0 -1 0 0 0 32002 32002 0 0 0 0 0 53055
WIT 7 354 355 376 370 440 3559 0 0 0 32002 0 -1 0 0 0 32002 32002 0 0 0 0 0 0
WIT 10 -356 -355 -320 -339 -325 211 0 0 0 32002 0 -1 0 0 0 32002 32002 0 0 0 0 0 0
WIT 9 -356 -355 -320 -337 -386 0 0 0 0 -352 0 -1 0 0 0 32002 32002 0 0 0 0 0 983
WIT 7 -356 -355 -344 -357 -372 0 0 0 0 -345 0 -1 0 0 0 32002 32002 0 0 0 0 0 203
WIT 7 -356 -355 -353 -359 -400 0 0 0 0 -352 0 -1 0 0 0 32002 32002 0 0 0 0 0 396
WIT 6 354 355 357 352 400 53055 0 0 0 32002 0 -1 0 0 0 32002 32002 0 0 0 0 0 0
WIT 7 354 355 345 339 378 53055 0 0 0 32002 0 -1 0 0 0 32002 32002 0 0 0 0 0 0
WIT 7 354 355 286 280 381 53055 0 0 0 32002 0 -1 0 0 0 32002 32002 0 0 0 0 0 0
WIT 6 354 355 426 421 454 3742 0 0 0 32002 0 -1 0 0 0 32002 32002 0 0 0 0 0 0
WIT 6 354 355 349 344 458 53055 0 0 0 32002 0 -1 0 0 0 32002 32002 0 0 0 0 0 0
WIT 9 -356 -324 -344 -352 -364 0 0 0 0 -355 0 -1 0 0 0 32002 32002 0 0 0 0 0 861
WIT 8 354 355 351 336 337 3559 0 0 1 369 0 -1 0 0 0 32002 32002 0 0 0 0 0 2332
WIT 8 354 355 347 340 344 53055 0 0 1 355 0 -1 0 0 0 32002 32002 0 0 0 0 0 2332
WIT 7 354 355 611 598 538 0 0 0 0 355 0 -1 0 0 0 32002 32002 0 0 0 0 0 2332
WIT 7 354 355 354 348 398 2332 0 0 0 32002 0 -1 0 0 0 32002 32002 0 0 0 0 0 0
WIT 7 354 355 345 339 339 53055 0 0 1 403 0 -1 0 0 0 32002 32002 0 0 0 0 0 2332
WIT 6 354 355 358 353 364 53055 0 0 0 32002 0 -1 0 0 0 32002 32002 0 0 0 0 0 0
WIT 6 354 355 353 348 348 3559 0 0 1 365 0 -1 0 0 0 32002 32002 0 0 0 0 0 2332
WIT 6 354 355 349 344 342 0 0 0 0 395 0 -1 0 0 0 32002 32002 0 0 0 0 0 2332
WIT 6 354 355 384 379 378 0 0 0 0 385 0 -1 0 0 0 32002 32002 0 0 0 0 0 2332
WIT 6 354 355 347 342 347 2908 1 0 0 355 0 -1 0 0 0 32002 32002 0 0 0 0 0 2268
WIT 6 354 355 348 343 357 53055 0 0 0 32002 0 -1 0 0 0 32002 32002 0 0 0 0 0 0
WIT 6 354 355 357 352 350 0 0 0 0 374 0 -1 0 0 0 32002 32002 0 0 0 0 0 2332
WIT 9 361 362 393 385 393 2006 1 0 0 32002 0 -1 0 0 0 32002 32002 0 0 0 0 0 0
WIT 6 361 362 398 393 428 0 0 0 0 32002 0 -1 0 0 0 32002 32002 0 0 0 0 0 0
WIT 11 361 362 369 359 359 3559 0 0 1 371 0 -1 0 0 0 32002 32002 0 0 0 0 0 3964
WIT 6 -362 -361 -324 -329 -354 0 0 0 0 -305 0 -1 0 0 0 32002 32002 0 0 0 0 0 137
WIT 9 -362 -361 -361 -378 -458 0 0 0 0 -367 0 -1 0 0 0 32002 32002 0 0 0 0 0 0
WIT 8 361 362 371 364 364 3828 0 0 0 32002 0 -1 0 0 0 32002 32002 0 0 0 0 0 0
WIT 7 361 362 388 382 354 0 0 0 0 364 0 -1 0 0 0 32002 32002 0 0 0 0 0 3964
WIT 10 361 362 371 362 363 2781 1 0 0 32002 0 -1 0 0 0 32002 32002 0 0 0 0 0 0
WIT 9 361 362 363 346 333 0 0 0 0 363 0 -1 0 0 0 32002 32002 0 0 0 0 0 3964
WIT 6 361 362 363 358 329 0 0 0 0 361 0 -1 0 0 0 32002 32002 0 0 0 0 0 0
WIT 7 -362 -330 -361 -367 -362 1485 0 0 1 -362 1 1 10164 1 1 -362 -333 0 0 0 0 114 1485
WIT 7 -334 -333 -361 -367 -368 0 0 0 0 -333 0 -1 0 0 0 32002 32002 0 0 0 0 0 211
WIT 6 -334 -333 -361 -366 -390 0 0 0 0 -333 0 -1 0 0 0 32002 32002 0 0 0 0 0 137
WIT 8 -334 -333 -233 -240 253 917 1 1 0 32002 0 -1 0 0 0 32002 32002 0 0 0 0 0 0
WIT 8 -334 -333 -345 -360 -370 0 0 0 0 -333 0 -1 0 0 0 32002 32002 0 0 0 0 0 203
WIT 8 -334 -333 -335 -342 -345 0 0 0 0 -334 0 -1 0 0 0 32002 32002 0 0 0 0 0 407
WIT 7 -334 -333 -340 -346 -309 137 0 0 0 32002 0 -1 0 0 0 32002 32002 0 0 0 0 0 0
WIT 10 330 362 355 346 345 0 0 0 0 333 0 -1 0 0 0 32002 32002 0 0 0 0 0 2350
WIT 9 332 333 353 336 336 3559 0 0 0 32002 0 -1 0 0 0 32002 32002 0 0 0 0 0 0
WIT 8 332 333 364 349 345 0 0 0 0 333 0 -1 0 0 0 32002 32002 0 0 0 0 0 53055
WIT 6 332 333 426 421 454 3742 0 0 0 32002 0 -1 0 0 0 32002 32002 0 0 0 0 0 0
WIT 7 332 333 286 280 381 53055 0 0 0 32002 0 -1 0 0 0 32002 32002 0 0 0 0 0 0
WIT 6 332 333 345 340 374 53055 0 0 0 32002 0 -1 0 0 0 32002 32002 0 0 0 0 0 0
WIT 6 -334 -333 -344 -349 -329 396 0 0 0 32002 0 -1 0 0 0 32002 32002 0 0 0 0 0 0
WIT 11 -334 -333 -345 -366 -345 203 0 0 1 -333 0 -1 0 0 0 32002 32002 0 0 0 0 0 137
WIT 9 332 333 351 343 387 3169 0 0 0 32002 0 -1 0 0 0 32002 32002 0 0 0 0 0 0
WIT 7 332 333 347 341 377 53055 0 0 0 32002 0 -1 0 0 0 32002 32002 0 0 0 0 0 0
WIT 6 332 333 345 340 414 3559 0 0 0 32002 0 -1 0 0 0 32002 32002 0 0 0 0 0 0
WIT 6 332 333 333 328 326 0 0 0 0 307 0 -1 0 0 0 32002 32002 0 0 0 0 0 0
WIT 9 332 333 359 351 388 53055 0 0 0 32002 0 -1 0 0 0 32002 32002 0 0 0 0 0 0
WIT 10 332 333 381 362 372 53055 0 0 0 32002 0 -1 0 0 0 32002 32002 0 0 0 0 0 0
WIT 9 332 333 359 351 354 53055 0 0 0 32002 0 -1 0 0 0 32002 32002 0 0 0 0 0 0
WIT 9 332 333 354 346 401 2332 0 0 0 32002 0 -1 0 0 0 32002 32002 0 0 0 0 0 0
WIT 9 332 333 355 347 390 53055 0 0 0 32002 0 -1 0 0 0 32002 32002 0 0 0 0 0 0
WIT 10 332 333 399 390 391 53055 0 0 0 32002 0 -1 0 0 0 32002 32002 0 0 0 0 0 0
WIT 9 332 333 355 347 363 2908 1 0 0 32002 0 -1 0 0 0 32002 32002 0 0 0 0 0 0
WIT 9 332 333 363 355 399 53055 0 0 0 32002 0 -1 0 0 0 32002 32002 0 0 0 0 0 0
WIT 9 332 333 362 354 376 53055 0 0 0 32002 0 -1 0 0 0 32002 32002 0 0 0 0 0 0
WIT 9 332 333 381 373 406 53055 0 0 0 32002 0 -1 0 0 0 32002 32002 0 0 0 0 0 0
WIT 10 332 333 348 339 339 53055 0 0 0 32002 0 -1 0 0 0 32002 32002 0 0 0 0 0 0

===========================
Total time (ms) : 28
Nodes searched  : 20430
Nodes/second    : 729642
