
Position: 1/1 (rn1qk1nr/pp3ppp/2p1p3/5b2/2PP4/2b1BN2/PP1Q1PPP/R3KB1R w KQkq - 0 9)
WIT 6 280 281 292 287 286 0 0 0 0 299 0 -1 0 0 0 32002 32002 0 0 0 0 0 1375
WIT 7 242 243 358 352 328 0 0 0 0 264 0 -1 0 0 0 32002 32002 0 0 0 0 0 1763
WIT 7 242 243 291 285 265 0 0 0 0 242 0 -1 0 0 0 32002 32002 0 0 0 0 0 0
WIT 6 -220 -219 -222 -227 -238 0 0 0 0 -221 0 -1 0 0 0 32002 32002 0 0 0 0 0 0
WIT 7 239 240 247 234 219 0 0 0 0 240 0 -1 0 0 0 32002 32002 0 0 0 0 0 1168
WIT 6 239 240 232 227 229 49415 0 0 1 244 0 -1 0 0 0 32002 32002 0 0 0 0 0 983
WIT 8 239 240 261 246 249 332 0 0 0 32002 0 -1 0 0 0 32002 32002 0 0 0 0 0 0
WIT 6 239 240 294 289 315 332 0 0 0 32002 0 -1 0 0 0 32002 32002 0 0 0 0 0 0
WIT 6 249 250 270 265 261 0 0 0 0 250 0 -1 0 0 0 32002 32002 0 0 0 0 0 49415
WIT 6 249 250 243 238 242 983 0 0 1 250 0 -1 0 0 0 32002 32002 0 0 0 0 0 49415
WIT 8 249 250 261 246 249 332 0 0 1 264 0 -1 0 0 0 32002 32002 0 0 0 0 0 1763
WIT 6 249 250 259 254 254 1763 0 0 0 32002 0 -1 0 0 0 32002 32002 0 0 0 0 0 0
WIT 6 249 250 294 289 315 332 0 0 0 32002 0 -1 0 0 0 32002 32002 0 0 0 0 0 0
WIT 6 249 250 267 262 270 1763 0 0 0 32002 0 -1 0 0 0 32002 32002 0 0 0 0 0 0
WIT 6 254 255 294 289 315 332 0 0 0 32002 0 -1 0 0 0 32002 32002 0 0 0 0 0 0
WIT 6 254 255 259 254 254 1763 0 0 1 263 0 -1 0 0 0 32002 32002 0 0 0 0 0 332
WIT 8 264 265 262 247 250 332 0 0 1 265 0 -1 0 0 0 32002 32002 0 0 0 0 0 1763
WIT 6 264 265 294 289 315 332 0 0 0 32002 0 -1 0 0 0 32002 32002 0 0 0 0 0 0
WIT 6 271 272 276 271 278 1169 0 0 0 32002 0 -1 0 0 0 32002 32002 0 0 0 0 0 0
WIT 8 271 272 274 267 270 983 0 0 1 276 0 -1 0 0 0 32002 32002 0 0 0 0 0 49415
WIT 8 271 272 268 261 269 983 0 0 1 273 0 -1 0 0 0 32002 32002 0 0 0 0 0 49415
WIT 7 271 272 255 249 265 983 0 0 1 272 0 -1 0 0 0 32002 32002 0 0 0 0 0 49415
WIT 7 271 272 255 242 242 983 0 0 1 273 0 -1 0 0 0 32002 32002 0 0 0 0 0 49415
WIT 8 271 272 280 265 240 0 0 0 0 317 0 -1 0 0 0 32002 32002 0 0 0 0 0 1076
WIT 7 271 272 275 262 211 0 0 0 0 272 0 -1 0 0 0 32002 32002 0 0 0 0 0 1168
WIT 10 271 272 272 253 269 983 0 0 1 273 0 -1 0 0 0 32002 32002 0 0 0 0 0 49415
WIT 8 271 272 300 293 320 1699 1 0 0 32002 0 -1 0 0 0 32002 32002 0 0 0 0 0 0
WIT 8 271 272 297 290 276 0 0 0 0 306 0 -1 0 0 0 32002 32002 0 0 0 0 0 1206
WIT 8 271 272 269 262 258 0 0 0 0 272 0 -1 0 0 0 32002 32002 0 0 0 0 0 2282
WIT 7 271 272 283 270 305 1206 1 0 0 32002 0 -1 0 0 0 32002 32002 0 0 0 0 0 0
WIT 7 271 272 273 267 276 1206 1 0 0 32002 0 -1 0 0 0 32002 32002 0 0 0 0 0 0
WIT 7 271 272 265 259 254 0 0 0 0 297 0 -1 0 0 0 32002 32002 0 0 0 0 0 2284
WIT 8 271 272 272 265 280 1763 0 0 0 32002 0 -1 0 0 0 32002 32002 0 0 0 0 0 0
WIT 8 271 272 267 252 252 332 0 0 1 306 0 -1 0 0 0 32002 32002 0 0 0 0 0 991
WIT 6 271 272 267 262 334 1763 0 0 0 32002 0 -1 0 0 0 32002 32002 0 0 0 0 0 0
WIT 7 271 272 294 288 288 332 0 0 0 32002 0 -1 0 0 0 32002 32002 0 0 0 0 0 0
WIT 8 282 283 287 280 246 0 0 0 0 314 0 -1 0 0 0 32002 32002 0 0 0 0 0 1169
WIT 7 282 283 273 260 245 0 0 0 0 276 0 -1 0 0 0 32002 32002 0 0 0 0 0 0
WIT 7 282 283 299 286 274 0 0 0 0 274 0 -1 0 0 0 32002 32002 0 0 0 0 0 0
WIT 6 282 283 277 272 241 0 0 0 0 274 0 -1 0 0 0 32002 32002 0 0 0 0 0 0
WIT 6 264 265 267 262 225 0 0 0 0 265 0 -1 0 0 0 32002 32002 0 0 0 0 0 332
WIT 8 261 283 272 265 265 983 0 0 1 264 1 1 14523 1 1 264 265 0 0 0 0 66 983
WIT 6 264 265 272 267 275 983 0 0 0 32002 0 -1 0 0 0 32002 32002 0 0 0 0 0 0
WIT 7 -266 -265 -202 -208 -209 0 0 0 0 -265 0 -1 0 0 0 32002 32002 0 0 0 0 0 3699
WIT 7 -267 -266 -232 -238 -223 3567 0 0 0 32002 0 -1 0 0 0 32002 32002 0 0 0 0 0 0
WIT 8 -267 -266 -250 -265 -266 0 0 0 0 -275 0 -1 0 0 0 32002 32002 0 0 0 0 0 0
WIT 7 275 276 272 259 263 2284 1 0 0 277 0 -1 0 0 0 32002 32002 0 0 0 0 0 2282
WIT 10 275 276 272 253 263 332 0 0 1 276 0 -1 0 0 0 32002 32002 0 0 0 0 0 1763
WIT 9 275 276 275 258 286 332 0 0 0 32002 0 -1 0 0 0 32002 32002 0 0 0 0 0 0
WIT 9 275 276 302 285 289 332 0 0 0 32002 0 -1 0 0 0 32002 32002 0 0 0 0 0 0
WIT 6 275 276 272 267 331 1763 0 0 0 32002 0 -1 0 0 0 32002 32002 0 0 0 0 0 0
WIT 8 275 276 294 287 287 332 0 0 0 32002 0 -1 0 0 0 32002 32002 0 0 0 0 0 0
WIT 6 275 276 267 262 334 1763 0 0 0 32002 0 -1 0 0 0 32002 32002 0 0 0 0 0 0
WIT 6 275 276 282 277 345 1763 0 0 0 32002 0 -1 0 0 0 32002 32002 0 0 0 0 0 0
WIT 7 275 276 274 268 300 1763 0 0 0 32002 0 -1 0 0 0 32002 32002 0 0 0 0 0 0
WIT 7 275 276 272 266 280 1763 0 0 0 32002 0 -1 0 0 0 32002 32002 0 0 0 0 0 0
WIT 8 286 287 277 262 255 0 0 0 0 286 0 -1 0 0 0 32002 32002 0 0 0 0 0 0
WIT 6 -266 -265 -264 -269 -279 0 0 0 0 -239 0 -1 0 0 0 32002 32002 0 0 0 0 0 3826
WIT 9 -266 -265 -266 -283 -275 3567 0 0 1 -265 0 -1 0 0 0 32002 32002 0 0 0 0 0 3699
WIT 6 -266 -265 -233 -238 -232 3964 0 0 0 32002 0 -1 0 0 0 32002 32002 0 0 0 0 0 0
WIT 6 -266 -265 -249 -254 -236 3826 0 0 0 32002 0 -1 0 0 0 32002 32002 0 0 0 0 0 0
WIT 6 -266 -265 -237 -242 -242 3826 0 0 0 32002 0 -1 0 0 0 32002 32002 0 0 0 0 0 0
WIT 7 -266 -265 -249 -255 -252 3826 0 0 0 32002 0 -1 0 0 0 32002 32002 0 0 0 0 0 0
WIT 8 -266 -265 -171 -178 -158 0 0 0 0 32002 0 -1 0 0 0 32002 32002 0 0 0 0 0 0
WIT 7 -266 -265 -226 -239 -261 0 0 0 0 -284 0 -1 0 0 0 32002 32002 0 0 0 0 0 3828
WIT 8 265 287 288 281 266 0 0 0 0 265 0 -1 0 0 0 32002 32002 0 0 0 0 0 0
WIT 10 -266 -265 -265 -284 -263 4013 0 0 0 32002 0 -1 0 0 0 32002 32002 0 0 0 0 0 0
WIT 6 -251 -250 -256 -261 -171 3964 0 0 0 32002 0 -1 0 0 0 32002 32002 0 0 0 0 0 0
WIT 7 -251 -250 -255 -261 -240 3826 0 0 0 32002 0 -1 0 0 0 32002 32002 0 0 0 0 0 0
WIT 7 -265 -250 -286 -292 -280 3826 0 0 1 -250 0 -1 0 0 0 32002 32002 0 0 0 0 0 3567
WIT 8 -251 -250 -263 -270 -255 3567 0 0 1 -241 0 -1 0 0 0 32002 32002 0 0 0 0 0 3826
WIT 9 -251 -250 -239 -247 -240 3964 0 0 0 32002 0 -1 0 0 0 32002 32002 0 0 0 0 0 0
WIT 8 -251 -250 -237 -244 -235 3964 0 0 0 32002 0 -1 0 0 0 32002 32002 0 0 0 0 0 0
WIT 8 -251 -250 -242 -257 -268 0 0 0 0 -250 0 -1 0 0 0 32002 32002 0 0 0 0 0 3826
WIT 8 -265 -250 -263 -270 -272 0 0 0 0 -250 0 -1 0 0 0 32002 32002 0 0 0 0 0 3699
WIT 7 -251 -250 -254 -260 -245 3826 0 0 0 32002 0 -1 0 0 0 32002 32002 0 0 0 0 0 0
WIT 11 -251 -250 -265 -286 -266 3567 0 0 1 -250 0 -1 0 0 0 32002 32002 0 0 0 0 0 3699
WIT 9 -251 -250 -224 -232 -197 2908 0 0 0 32002 0 -1 0 0 0 32002 32002 0 0 0 0 0 0
WIT 9 -251 -250 -229 -237 -216 2908 0 0 0 32002 0 -1 0 0 0 32002 32002 0 0 0 0 0 0
WIT 9 -251 -250 -247 -255 -255 3808 0 0 1 -229 0 -1 0 0 0 32002 32002 0 0 0 0 0 3826
WIT 9 -265 -250 -265 -273 -274 0 0 0 0 -250 0 -1 0 0 0 32002 32002 0 0 0 0 0 53055
WIT 7 -251 -250 -265 -271 -266 3567 0 0 1 -250 0 -1 0 0 0 32002 32002 0 0 0 0 0 3699
WIT 12 -251 -250 -265 -288 -281 3699 0 0 1 -250 0 -1 0 0 0 32002 32002 0 0 0 0 0 53055
WIT 10 -251 -250 -233 -242 -238 3699 0 0 0 32002 0 -1 0 0 0 32002 32002 0 0 0 0 0 0
WIT 10 -251 -250 -228 -237 -220 3699 0 0 0 32002 0 -1 0 0 0 32002 32002 0 0 0 0 0 0
WIT 10 -251 -250 -256 -265 -252 3699 0 0 1 -242 0 -1 0 0 0 32002 32002 0 0 0 0 0 53055
WIT 9 -251 -250 -249 -257 -257 3808 0 0 1 -247 0 -1 0 0 0 32002 32002 0 0 0 0 0 3826
WIT 9 -251 -250 -171 -179 -154 0 0 0 0 32002 0 -1 0 0 0 32002 32002 0 0 0 0 0 0
WIT 9 -251 -250 -263 -271 -267 2908 0 0 1 -235 0 -1 0 0 0 32002 32002 0 0 0 0 0 53055
WIT 10 -251 -250 -239 -258 -276 0 0 0 0 -234 0 -1 0 0 0 32002 32002 0 0 0 0 0 3828
WIT 8 -251 -250 -251 -258 -256 3828 0 0 1 -249 0 -1 0 0 0 32002 32002 0 0 0 0 0 53055
WIT 8 -251 -250 -239 -246 -243 2396 0 0 0 32002 0 -1 0 0 0 32002 32002 0 0 0 0 0 0
WIT 8 -251 -250 -233 -240 -229 3828 0 0 0 32002 0 -1 0 0 0 32002 32002 0 0 0 0 0 0
WIT 8 -251 -250 -220 -227 -194 3828 0 0 0 32002 0 -1 0 0 0 32002 32002 0 0 0 0 0 0
WIT 8 -251 -250 -225 -232 -231 3828 0 0 0 32002 0 -1 0 0 0 32002 32002 0 0 0 0 0 0
WIT 9 -251 -250 -240 -248 -218 3828 0 0 0 32002 0 -1 0 0 0 32002 32002 0 0 0 0 0 0
WIT 8 -251 -250 -260 -267 -215 3808 0 0 0 32002 0 -1 0 0 0 32002 32002 0 0 0 0 0 0
WIT 8 -251 -250 -244 -251 -246 3828 0 0 0 32002 0 -1 0 0 0 32002 32002 0 0 0 0 0 0
WIT 8 -251 -250 -265 -272 -271 3828 0 0 1 -224 0 -1 0 0 0 32002 32002 0 0 0 0 0 53055
WIT 8 -251 -250 -235 -242 -235 3828 0 0 0 32002 0 -1 0 0 0 32002 32002 0 0 0 0 0 0
WIT 8 -251 -250 -247 -254 -254 3567 0 0 1 -238 0 -1 0 0 0 32002 32002 0 0 0 0 0 53055
WIT 8 -251 -250 -240 -247 -225 3828 0 0 0 32002 0 -1 0 0 0 32002 32002 0 0 0 0 0 0
WIT 9 -251 -250 -228 -236 -224 53055 0 0 0 32002 0 -1 0 0 0 32002 32002 0 0 0 0 0 0
WIT 8 -251 -250 -240 -247 -236 3828 0 0 0 32002 0 -1 0 0 0 32002 32002 0 0 0 0 0 0
WIT 9 -251 -250 -241 -249 -230 3826 0 0 0 32002 0 -1 0 0 0 32002 32002 0 0 0 0 0 0
WIT 8 -251 -250 -241 -248 -248 3567 0 0 0 32002 0 -1 0 0 0 32002 32002 0 0 0 0 0 0
WIT 10 -265 -250 -265 -274 -275 0 0 0 0 -250 0 -1 0 0 0 32002 32002 0 0 0 0 0 4013
WIT 11 -251 -250 -265 -286 -286 4013 0 0 1 -250 0 -1 0 0 0 32002 32002 0 0 0 0 0 3699
WIT 6 -231 -230 -225 -230 -240 0 0 0 0 -230 0 -1 0 0 0 32002 32002 0 0 0 0 0 3826
WIT 6 -231 -230 -256 -261 -171 3964 0 0 0 32002 0 -1 0 0 0 32002 32002 0 0 0 0 0 0
WIT 6 -231 -230 -228 -233 -219 3964 0 0 0 32002 0 -1 0 0 0 32002 32002 0 0 0 0 0 0
WIT 6 -231 -230 -235 -240 -218 3698 0 0 0 32002 0 -1 0 0 0 32002 32002 0 0 0 0 0 0
WIT 6 -231 -230 -234 -239 -224 3826 0 0 0 32002 0 -1 0 0 0 32002 32002 0 0 0 0 0 0
WIT 7 -250 -230 -250 -256 -247 3826 0 0 1 -230 0 -1 0 0 0 32002 32002 0 0 0 0 0 3567
WIT 8 -231 -230 -215 -222 -192 3826 0 0 0 32002 0 -1 0 0 0 32002 32002 0 0 0 0 0 0
WIT 8 -231 -230 -203 -210 -183 3826 0 0 0 32002 0 -1 0 0 0 32002 32002 0 0 0 0 0 0
WIT 8 -231 -230 -242 -249 -225 3567 0 0 0 32002 0 -1 0 0 0 32002 32002 0 0 0 0 0 0
WIT 8 -231 -230 -250 -265 -247 3833 0 0 1 -215 0 -1 0 0 0 32002 32002 0 0 0 0 0 3826
WIT 8 -231 -230 -242 -249 -234 3567 0 0 1 -231 1 1 36828 1 1 -231 -230 0 0 0 0 27 3567
WIT 8 -231 -230 -229 -236 -227 3567 0 0 0 32002 0 -1 0 0 0 32002 32002 0 0 0 0 0 0
WIT 7 -231 -230 -250 -256 -228 2908 0 0 0 32002 0 -1 0 0 0 32002 32002 0 0 0 0 0 0
WIT 8 -231 -230 -234 -241 -220 3567 0 0 0 32002 0 -1 0 0 0 32002 32002 0 0 0 0 0 0
WIT 8 -231 -230 -250 -257 -242 3567 0 0 1 -224 0 -1 0 0 0 32002 32002 0 0 0 0 0 3826
WIT 7 -231 -230 -242 -248 -235 3567 0 0 1 -231 1 1 43808 1 1 -231 -231 0 0 0 0 1 0
WIT 7 -231 -230 -218 -224 -209 3964 0 0 0 32002 0 -1 0 0 0 32002 32002 0 0 0 0 0 0
WIT 8 -250 -230 -250 -257 -276 0 0 0 0 -230 0 -1 0 0 0 32002 32002 0 0 0 0 0 3699
WIT 11 -231 -230 -242 -252 -238 3567 0 0 1 -230 0 -1 0 0 0 32002 32002 0 0 0 0 0 3699
WIT 10 -231 -230 -250 -269 -263 3567 0 0 1 -230 0 -1 0 0 0 32002 32002 0 0 0 0 0 3699
WIT 9 -231 -230 -229 -237 -209 3699 0 0 0 32002 0 -1 0 0 0 32002 32002 0 0 0 0 0 0
WIT 9 -231 -230 -231 -239 -239 3808 0 0 1 -217 0 -1 0 0 0 32002 32002 0 0 0 0 0 3826
WIT 9 -231 -230 -224 -232 -198 3567 0 0 0 32002 0 -1 0 0 0 32002 32002 0 0 0 0 0 0
WIT 8 -231 -230 -231 -238 -226 3567 0 0 0 32002 0 -1 0 0 0 32002 32002 0 0 0 0 0 0
WIT 7 -231 -230 -223 -229 -196 3699 0 0 0 32002 0 -1 0 0 0 32002 32002 0 0 0 0 0 0
WIT 7 -231 -230 -249 -255 -239 3699 0 0 1 -226 0 -1 0 0 0 32002 32002 0 0 0 0 0 3828
WIT 7 -231 -230 -190 -196 -163 3567 0 0 0 32002 0 -1 0 0 0 32002 32002 0 0 0 0 0 0
WIT 9 -250 -230 -250 -258 -272 0 0 0 0 -230 0 -1 0 0 0 32002 32002 0 0 0 0 0 53055
WIT 12 -231 -230 -242 -253 -253 3826 0 0 1 -230 0 -1 0 0 0 32002 32002 0 0 0 0 0 53055
WIT 6 -231 -230 -250 -255 -194 3567 0 0 0 32002 0 -1 0 0 0 32002 32002 0 0 0 0 0 0
WIT 11 -231 -230 -250 -271 -269 3699 0 0 1 -230 0 -1 0 0 0 32002 32002 0 0 0 0 0 53055
WIT 10 -231 -230 -247 -256 -256 3828 0 0 1 -230 0 -1 0 0 0 32002 32002 0 0 0 0 0 3826
WIT 10 -231 -230 -233 -242 -226 3567 0 0 0 32002 0 -1 0 0 0 32002 32002 0 0 0 0 0 0
WIT 9 -231 -230 -171 -179 -154 0 0 0 0 32002 0 -1 0 0 0 32002 32002 0 0 0 0 0 0
WIT 10 -231 -230 -228 -237 -213 3826 0 0 0 32002 0 -1 0 0 0 32002 32002 0 0 0 0 0 0
WIT 11 -231 -230 -228 -238 -239 0 0 1 0 -230 0 -1 0 0 0 32002 32002 0 0 0 0 0 3892
WIT 13 -231 -230 -177 -189 -190 0 0 0 0 -224 0 -1 0 0 0 32002 32002 0 0 0 0 0 3344
WIT 11 -231 -230 -167 -177 -185 0 0 0 0 -60 0 -1 0 0 0 32002 32002 0 0 0 0 0 3344
WIT 8 -231 -230 -234 -241 -195 3567 0 0 0 32002 0 -1 0 0 0 32002 32002 0 0 0 0 0 0
WIT 8 -231 -230 -175 -182 -164 2396 0 0 0 32002 0 -1 0 0 0 32002 32002 0 0 0 0 0 0
WIT 10 -231 -230 -235 -254 -273 0 0 0 0 -230 0 -1 0 0 0 32002 32002 0 0 0 0 0 3828
WIT 9 -231 -230 -249 -257 -225 3828 0 0 0 32002 0 -1 0 0 0 32002 32002 0 0 0 0 0 0
WIT 10 -231 -230 -236 -245 -217 2908 0 0 0 32002 0 -1 0 0 0 32002 32002 0 0 0 0 0 0
WIT 9 -231 -230 -239 -247 -217 3699 0 0 0 32002 0 -1 0 0 0 32002 32002 0 0 0 0 0 0
WIT 9 -231 -230 -233 -241 -229 3828 0 0 0 32002 0 -1 0 0 0 32002 32002 0 0 0 0 0 0
WIT 9 -231 -230 -220 -228 -192 3828 0 0 0 32002 0 -1 0 0 0 32002 32002 0 0 0 0 0 0
WIT 9 -231 -230 -225 -233 -231 3828 0 0 1 -219 0 -1 0 0 0 32002 32002 0 0 0 0 0 53055
WIT 9 -231 -230 -240 -248 -218 3828 0 0 0 32002 0 -1 0 0 0 32002 32002 0 0 0 0 0 0
WIT 9 -231 -230 -260 -268 -227 3828 0 0 0 32002 0 -1 0 0 0 32002 32002 0 0 0 0 0 0
WIT 9 -231 -230 -235 -243 -235 3828 0 0 1 -210 0 -1 0 0 0 32002 32002 0 0 0 0 0 53055
WIT 6 230 231 240 235 212 0 0 0 0 248 0 -1 0 0 0 32002 32002 0 0 0 0 0 853
WIT 9 -231 -230 -226 -234 -235 0 0 0 0 -243 0 -1 0 0 0 32002 32002 0 0 0 0 0 0
WIT 8 249 250 251 244 232 0 0 0 0 249 0 -1 0 0 0 32002 32002 0 0 0 0 0 926
WIT 7 230 250 243 237 237 332 0 0 1 259 0 -1 0 0 0 32002 32002 0 0 0 0 0 853
WIT 10 249 250 269 260 246 0 0 0 0 257 0 -1 0 0 0 32002 32002 0 0 0 0 0 1168
WIT 8 249 250 231 224 247 853 0 0 1 261 0 -1 0 0 0 32002 32002 0 0 0 0 0 332
WIT 10 249 250 259 240 257 991 0 0 0 32002 0 -1 0 0 0 32002 32002 0 0 0 0 0 0
WIT 7 249 250 248 242 218 0 0 0 0 251 0 -1 0 0 0 32002 32002 0 0 0 0 0 1764
WIT 9 249 250 245 228 214 0 0 0 0 250 0 -1 0 0 0 32002 32002 0 0 0 0 0 853
WIT 12 249 250 276 253 253 332 0 0 0 32002 0 -1 0 0 0 32002 32002 0 0 0 0 0 0
WIT 11 249 250 272 262 262 1380 0 0 0 32002 0 -1 0 0 0 32002 32002 0 0 0 0 0 0
WIT 11 249 250 302 281 293 983 0 0 0 32002 0 -1 0 0 0 32002 32002 0 0 0 0 0 0
WIT 9 249 250 275 258 286 332 0 0 0 32002 0 -1 0 0 0 32002 32002 0 0 0 0 0 0
WIT 7 249 250 294 288 288 332 0 0 0 32002 0 -1 0 0 0 32002 32002 0 0 0 0 0 0
WIT 7 249 250 267 261 261 991 0 0 0 32002 0 -1 0 0 0 32002 32002 0 0 0 0 0 0
WIT 8 249 250 272 265 264 0 0 0 0 252 0 -1 0 0 0 32002 32002 0 0 0 0 0 332
WIT 10 -250 -230 -250 -259 -275 0 0 0 0 -250 0 -1 0 0 0 32002 32002 0 0 0 0 0 0
WIT 9 276 277 259 242 258 991 0 0 1 376 0 -1 0 0 0 32002 32002 0 0 0 0 0 926
WIT 7 276 277 271 265 262 0 0 0 0 282 0 -1 0 0 0 32002 32002 0 0 0 0 0 926
WIT 7 230 277 257 251 246 0 0 0 0 281 0 -1 0 0 0 32002 32002 0 0 0 0 0 853
WIT 11 276 277 307 297 317 926 0 0 0 32002 0 -1 0 0 0 32002 32002 0 0 0 0 0 0
WIT 10 276 277 283 274 330 332 0 0 0 32002 0 -1 0 0 0 32002 32002 0 0 0 0 0 0
WIT 10 276 277 256 237 231 0 0 0 0 284 0 -1 0 0 0 32002 32002 0 0 0 0 0 1168
WIT 9 276 277 259 251 275 853 0 0 1 280 0 -1 0 0 0 32002 32002 0 0 0 0 0 332
WIT 8 276 277 268 261 261 332 0 0 1 281 0 -1 0 0 0 32002 32002 0 0 0 0 0 853
WIT 8 276 277 250 243 249 332 0 0 1 277 0 -1 0 0 0 32002 32002 0 0 0 0 0 853
WIT 8 276 277 399 392 388 0 0 0 0 307 0 -1 0 0 0 32002 32002 0 0 0 0 0 926
WIT 9 276 277 250 233 230 0 0 0 0 304 0 -1 0 0 0 32002 32002 0 0 0 0 0 1764
WIT 10 276 277 366 347 368 991 0 0 0 32002 0 -1 0 0 0 32002 32002 0 0 0 0 0 0
WIT 10 276 277 253 244 263 991 0 0 1 309 0 -1 0 0 0 32002 32002 0 0 0 0 0 926
WIT 6 276 277 255 250 240 0 0 0 0 286 0 -1 0 0 0 32002 32002 0 0 0 0 0 332
WIT 6 276 277 255 250 280 332 0 0 0 32002 0 -1 0 0 0 32002 32002 0 0 0 0 0 0
WIT 6 276 277 259 254 286 991 0 0 0 32002 0 -1 0 0 0 32002 32002 0 0 0 0 0 0
WIT 6 276 277 310 305 293 0 0 0 0 358 0 -1 0 0 0 32002 32002 0 0 0 0 0 926
WIT 8 276 277 250 235 219 0 0 0 0 280 0 -1 0 0 0 32002 32002 0 0 0 0 0 853
WIT 8 276 277 260 253 248 0 0 0 0 281 0 -1 0 0 0 32002 32002 0 0 0 0 0 853
WIT 8 230 277 250 243 236 0 0 0 0 277 0 -1 0 0 0 32002 32002 0 0 0 0 0 1380
WIT 10 276 277 272 263 287 991 0 0 0 32002 0 -1 0 0 0 32002 32002 0 0 0 0 0 0
WIT 10 276 277 302 283 298 983 0 0 0 32002 0 -1 0 0 0 32002 32002 0 0 0 0 0 0
WIT 10 276 277 300 291 321 1699 1 0 0 32002 0 -1 0 0 0 32002 32002 0 0 0 0 0 0
WIT 9 276 277 302 285 274 0 0 0 0 303 0 -1 0 0 0 32002 32002 0 0 0 0 0 1206
WIT 9 276 277 276 259 259 2284 1 0 0 278 0 -1 0 0 0 32002 32002 0 0 0 0 0 2282
WIT 9 276 277 276 259 255 0 0 0 0 277 0 -1 0 0 0 32002 32002 0 0 0 0 0 1763
WIT 8 276 277 272 265 339 1763 0 0 0 32002 0 -1 0 0 0 32002 32002 0 0 0 0 0 0
WIT 8 276 277 269 262 269 1763 0 0 1 346 0 -1 0 0 0 32002 32002 0 0 0 0 0 332
WIT 8 276 277 294 287 287 332 0 0 0 32002 0 -1 0 0 0 32002 32002 0 0 0 0 0 0
WIT 8 276 277 275 260 285 332 0 0 0 32002 0 -1 0 0 0 32002 32002 0 0 0 0 0 0
WIT 7 276 277 250 244 290 1763 0 0 0 32002 0 -1 0 0 0 32002 32002 0 0 0 0 0 0
WIT 7 276 277 267 261 328 1763 0 0 0 32002 0 -1 0 0 0 32002 32002 0 0 0 0 0 0
WIT 7 276 277 306 293 293 332 0 0 0 32002 0 -1 0 0 0 32002 32002 0 0 0 0 0 0
WIT 7 276 277 251 238 273 1763 0 0 1 278 0 -1 0 0 0 32002 32002 0 0 0 0 0 332
WIT 7 312 313 281 268 281 991 0 0 1 351 0 -1 0 0 0 32002 32002 0 0 0 0 0 926
WIT 10 312 313 307 298 335 0 0 0 0 32002 0 -1 0 0 0 32002 32002 0 0 0 0 0 0
WIT 10 312 313 317 308 341 853 0 0 0 32002 0 -1 0 0 0 32002 32002 0 0 0 0 0 0
WIT 10 312 313 283 274 286 332 0 0 1 365 0 -1 0 0 0 32002 32002 0 0 0 0 0 853
WIT 6 312 313 284 279 277 0 0 0 0 304 0 -1 0 0 0 32002 32002 0 0 0 0 0 2323
WIT 9 312 313 283 266 250 0 0 0 0 335 0 -1 0 0 0 32002 32002 0 0 0 0 0 1168
WIT 9 312 313 279 271 279 853 0 0 1 318 0 -1 0 0 0 32002 32002 0 0 0 0 0 332
WIT 7 312 313 280 274 274 332 0 0 1 334 0 -1 0 0 0 32002 32002 0 0 0 0 0 853
WIT 9 312 313 304 287 287 332 0 0 1 343 0 -1 0 0 0 32002 32002 0 0 0 0 0 926
WIT 9 312 313 301 284 235 0 0 0 0 340 0 -1 0 0 0 32002 32002 0 0 0 0 0 1764
WIT 10 312 313 366 347 368 991 0 0 0 32002 0 -1 0 0 0 32002 32002 0 0 0 0 0 0
WIT 9 312 313 344 336 349 991 0 0 0 32002 0 -1 0 0 0 32002 32002 0 0 0 0 0 0
WIT 9 312 313 306 298 298 991 0 0 1 317 0 -1 0 0 0 32002 32002 0 0 0 0 0 926
WIT 7 312 313 347 334 315 0 0 0 0 318 0 -1 0 0 0 32002 32002 0 0 0 0 0 926
WIT 6 312 313 286 281 261 0 0 0 0 304 0 -1 0 0 0 32002 32002 0 0 0 0 0 0
WIT 8 -313 -312 -306 -321 -309 3826 0 0 0 32002 0 -1 0 0 0 32002 32002 0 0 0 0 0 0
WIT 8 312 313 279 264 246 0 0 0 0 309 0 -1 0 0 0 32002 32002 0 0 0 0 0 0
WIT 6 281 282 277 272 386 926 0 0 0 32002 0 -1 0 0 0 32002 32002 0 0 0 0 0 0
WIT 7 241 313 277 271 233 0 0 0 0 282 0 -1 0 0 0 32002 32002 0 0 0 0 0 1380
WIT 8 281 282 300 293 320 1699 1 0 0 32002 0 -1 0 0 0 32002 32002 0 0 0 0 0 0
WIT 9 281 282 277 260 259 0 0 0 0 285 0 -1 0 0 0 32002 32002 0 0 0 0 0 2282
WIT 7 281 282 277 264 255 0 0 0 0 284 0 -1 0 0 0 32002 32002 0 0 0 0 0 1763
WIT 6 281 282 272 267 331 1763 0 0 0 32002 0 -1 0 0 0 32002 32002 0 0 0 0 0 0
WIT 6 281 282 272 267 296 1763 0 0 0 32002 0 -1 0 0 0 32002 32002 0 0 0 0 0 0
WIT 7 -272 -271 -282 -288 -289 0 0 0 0 -271 0 -1 0 0 0 32002 32002 0 0 0 0 0 53055
WIT 6 -272 -271 -279 -284 -284 3300 1 0 0 -271 0 -1 0 0 0 32002 32002 0 0 0 0 0 3828
WIT 8 270 271 313 298 242 0 0 0 0 271 0 -1 0 0 0 32002 32002 0 0 0 0 0 853
WIT 7 270 271 277 271 281 926 0 0 0 32002 0 -1 0 0 0 32002 32002 0 0 0 0 0 0
WIT 9 -272 -271 -203 -211 -182 0 0 0 0 32002 0 -1 0 0 0 32002 32002 0 0 0 0 0 0
WIT 7 -272 -271 -171 -177 -163 0 0 0 0 32002 0 -1 0 0 0 32002 32002 0 0 0 0 0 0
WIT 7 -272 -271 -244 -250 -221 3699 0 0 0 32002 0 -1 0 0 0 32002 32002 0 0 0 0 0 0
WIT 7 -272 -271 -252 -258 -193 3699 0 0 0 32002 0 -1 0 0 0 32002 32002 0 0 0 0 0 0
WIT 6 -272 -271 -233 -238 -217 3699 0 0 0 32002 0 -1 0 0 0 32002 32002 0 0 0 0 0 0
WIT 6 -272 -271 -241 -246 -216 3699 0 0 0 32002 0 -1 0 0 0 32002 32002 0 0 0 0 0 0
WIT 9 270 271 300 292 321 1699 1 0 0 32002 0 -1 0 0 0 32002 32002 0 0 0 0 0 0
WIT 8 270 271 283 268 255 0 0 0 0 275 0 -1 0 0 0 32002 32002 0 0 0 0 0 1763
WIT 11 -272 -271 -250 -271 -271 4013 0 0 0 32002 0 -1 0 0 0 32002 32002 0 0 0 0 0 0

===========================
Total time (ms) : 12
Nodes searched  : 9409
Nodes/second    : 784083
