
Position: 1/1 (r2qk1nr/pp1nppbp/3p2p1/2pP4/4P1b1/2PBBN2/PP3PPP/RN1Q1RK1 w kq - 3 9)
WIT 7 -314 -313 -219 -225 -225 3300 0 0 0 32002 0 -1 0 0 0 32002 32002 0 0 0 0 0 0
WIT 7 -314 -313 -285 -291 -228 0 0 0 0 32002 0 -1 0 0 0 32002 32002 0 0 0 0 0 0
WIT 6 -314 -313 -284 -289 -217 0 0 0 0 32002 0 -1 0 0 0 32002 32002 0 0 0 0 0 0
WIT 6 -314 -313 -212 -217 -217 4013 0 0 0 32002 0 -1 0 0 0 32002 32002 0 0 0 0 0 0
WIT 6 -314 -313 -291 -296 -240 0 0 0 0 32002 0 -1 0 0 0 32002 32002 0 0 0 0 0 0
WIT 6 -314 -313 -190 -195 -195 4013 0 0 0 32002 0 -1 0 0 0 32002 32002 0 0 0 0 0 0
WIT 6 -314 -313 -272 -277 -277 4013 0 0 0 32002 0 -1 0 0 0 32002 32002 0 0 0 0 0 0
WIT 6 -314 -313 -289 -294 -236 0 0 0 0 32002 0 -1 0 0 0 32002 32002 0 0 0 0 0 0
WIT 6 -314 -313 -261 -266 -206 0 0 0 0 32002 0 -1 0 0 0 32002 32002 0 0 0 0 0 0
WIT 6 -314 -313 -287 -292 -292 4013 0 0 0 32002 0 -1 0 0 0 32002 32002 0 0 0 0 0 0
WIT 7 -348 -347 -313 -319 -748 0 0 0 0 -340 0 -1 0 0 0 32002 32002 0 0 0 0 0 2323
WIT 7 -348 -347 -305 -311 -288 0 0 0 0 32002 0 -1 0 0 0 32002 32002 0 0 0 0 0 0
WIT 8 -348 -347 -313 -328 -344 0 0 0 0 -347 0 -1 0 0 0 32002 32002 0 0 0 0 0 4013
WIT 7 -348 -347 -287 -293 -253 4013 0 0 0 32002 0 -1 0 0 0 32002 32002 0 0 0 0 0 0
WIT 7 -348 -347 -219 -225 -204 4013 0 0 0 32002 0 -1 0 0 0 32002 32002 0 0 0 0 0 0
WIT 7 -348 -347 -298 -304 -259 4013 0 0 0 32002 0 -1 0 0 0 32002 32002 0 0 0 0 0 0
WIT 7 -348 -347 -293 -306 -302 4013 0 0 0 32002 0 -1 0 0 0 32002 32002 0 0 0 0 0 0
WIT 6 -348 -347 -293 -298 -288 4013 0 0 0 32002 0 -1 0 0 0 32002 32002 0 0 0 0 0 0
WIT 6 -348 -347 -268 -273 -274 0 0 0 0 -347 0 -1 0 0 0 32002 32002 0 0 0 0 0 4013
WIT 6 -348 -347 -287 -292 -292 4013 0 0 0 32002 0 -1 0 0 0 32002 32002 0 0 0 0 0 0
WIT 6 -348 -347 -313 -318 -263 0 0 0 0 32002 0 -1 0 0 0 32002 32002 0 0 0 0 0 0
WIT 6 -348 -347 -293 -298 -298 4013 0 0 0 32002 0 -1 0 0 0 32002 32002 0 0 0 0 0 0
WIT 6 -348 -347 -212 -217 -217 4013 0 0 0 32002 0 -1 0 0 0 32002 32002 0 0 0 0 0 0
WIT 6 -348 -347 -194 -199 -200 0 0 0 0 -229 0 -1 0 0 0 32002 32002 0 0 0 0 0 1941
WIT 7 -348 -347 -272 -278 -277 4013 0 0 0 32002 0 -1 0 0 0 32002 32002 0 0 0 0 0 0
WIT 6 -348 -347 -219 -224 -224 3300 0 0 0 32002 0 -1 0 0 0 32002 32002 0 0 0 0 0 0
WIT 6 -348 -347 -190 -195 -195 4013 0 0 0 32002 0 -1 0 0 0 32002 32002 0 0 0 0 0 0
WIT 7 346 347 384 371 370 0 0 0 0 396 0 -1 0 0 0 32002 32002 0 0 0 0 0 1249
WIT 7 -347 -330 -347 -353 -525 0 0 0 0 -347 0 -1 0 0 0 32002 32002 0 0 0 0 0 0
WIT 8 -331 -330 -317 -324 -307 3901 0 1 0 32002 0 -1 0 0 0 32002 32002 0 0 0 0 0 0
WIT 10 -331 -330 -330 -339 -340 0 0 0 0 -307 0 -1 0 0 0 32002 32002 0 0 0 0 0 2910
WIT 10 -331 -330 -340 -359 -364 0 0 0 0 -336 0 -1 0 0 0 32002 32002 0 0 0 0 0 0
WIT 6 330 331 374 369 373 213 1 0 0 32002 0 -1 0 0 0 32002 32002 0 0 0 0 0 0
WIT 9 -331 -330 -347 -364 -365 0 0 0 0 -332 0 -1 0 0 0 32002 32002 0 0 0 0 0 0
WIT 7 369 370 334 321 316 0 0 0 0 370 0 -1 0 0 0 32002 32002 0 0 0 0 0 983
WIT 7 400 401 374 368 374 213 1 0 0 401 0 -1 0 0 0 32002 32002 0 0 0 0 0 725
WIT 8 400 401 492 485 484 0 0 0 0 486 0 -1 0 0 0 32002 32002 0 0 0 0 0 202
WIT 6 400 401 381 376 223 0 0 0 0 1050 0 -1 0 0 0 32002 32002 0 0 0 0 0 659
WIT 6 400 401 448 443 423 0 0 0 0 424 0 -1 0 0 0 32002 32002 0 0 0 0 0 1380
WIT 8 400 401 378 371 279 0 0 0 0 416 0 -1 0 0 0 32002 32002 0 0 0 0 0 1502
WIT 9 400 401 370 362 356 0 0 0 0 401 0 -1 0 0 0 32002 32002 0 0 0 0 0 1249
WIT 8 400 401 391 384 316 0 0 1 0 400 0 -1 0 0 0 32002 32002 0 0 0 0 0 0
WIT 7 400 401 370 357 340 0 0 0 0 400 0 -1 0 0 0 32002 32002 0 0 0 0 0 0
WIT 9 381 382 418 401 378 0 0 0 0 382 0 -1 0 0 0 32002 32002 0 0 0 0 0 202
WIT 6 -382 -381 -330 -335 -344 0 0 0 0 -381 0 -1 0 0 0 32002 32002 0 0 0 0 0 53055
WIT 9 -382 -381 -378 -395 -395 3112 0 0 1 -378 0 -1 0 0 0 32002 32002 0 0 0 0 0 53055
WIT 8 -382 -381 -305 -312 -295 0 0 0 0 32002 0 -1 0 0 0 32002 32002 0 0 0 0 0 0
WIT 10 381 382 332 313 302 0 0 0 0 381 0 -1 0 0 0 32002 32002 0 0 0 0 0 0
WIT 8 -347 -346 -381 -388 -351 0 0 0 0 -348 0 -1 0 0 0 32002 32002 0 0 0 0 0 53055
WIT 7 -347 -346 -305 -311 -295 0 0 0 0 32002 0 -1 0 0 0 32002 32002 0 0 0 0 0 0
WIT 8 -347 -346 -243 -258 -241 4013 0 0 0 32002 0 -1 0 0 0 32002 32002 0 0 0 0 0 0
WIT 7 -347 -346 -298 -304 -271 3300 0 0 0 32002 0 -1 0 0 0 32002 32002 0 0 0 0 0 0
WIT 7 -347 -346 -293 -299 -285 4013 0 0 0 32002 0 -1 0 0 0 32002 32002 0 0 0 0 0 0
WIT 7 -347 -346 -347 -360 -360 1941 1 0 0 -301 0 -1 0 0 0 32002 32002 0 0 0 0 0 4013
WIT 7 -347 -346 -287 -293 -268 4013 0 0 0 32002 0 -1 0 0 0 32002 32002 0 0 0 0 0 0
WIT 7 -347 -346 -261 -267 -227 4013 0 0 0 32002 0 -1 0 0 0 32002 32002 0 0 0 0 0 0
WIT 7 -347 -346 -313 -319 -319 4013 0 0 0 32002 0 -1 0 0 0 32002 32002 0 0 0 0 0 0
WIT 7 -347 -346 -285 -291 -243 4013 0 0 0 32002 0 -1 0 0 0 32002 32002 0 0 0 0 0 0
WIT 7 -347 -346 -292 -298 -269 4013 0 0 0 32002 0 -1 0 0 0 32002 32002 0 0 0 0 0 0
WIT 7 -347 -346 -293 -299 -281 4013 0 0 0 32002 0 -1 0 0 0 32002 32002 0 0 0 0 0 0
WIT 7 -347 -346 -212 -218 -215 4013 0 0 0 32002 0 -1 0 0 0 32002 32002 0 0 0 0 0 0
WIT 7 -347 -346 -219 -225 -204 4013 0 0 0 32002 0 -1 0 0 0 32002 32002 0 0 0 0 0 0
WIT 7 -347 -346 -291 -297 -266 4013 0 0 0 32002 0 -1 0 0 0 32002 32002 0 0 0 0 0 0
WIT 7 -347 -346 -219 -225 -226 0 0 0 0 -335 0 -1 0 0 0 32002 32002 0 0 0 0 0 1941
WIT 7 -347 -346 -190 -196 -192 4013 0 0 0 32002 0 -1 0 0 0 32002 32002 0 0 0 0 0 0
WIT 6 345 346 404 399 429 1249 0 0 0 32002 0 -1 0 0 0 32002 32002 0 0 0 0 0 0
WIT 7 -346 -328 -381 -387 -387 3300 0 0 1 -352 1 2 23738 1 1 -346 -382 1 0 2 0 1 0
WIT 8 345 346 437 430 371 0 0 0 0 346 0 -1 0 0 0 32002 32002 0 0 0 0 0 1380
WIT 7 345 346 354 341 325 0 0 0 0 346 0 -1 0 0 0 32002 32002 0 0 0 0 0 536
WIT 7 345 346 355 349 349 324 0 0 0 32002 0 -1 0 0 0 32002 32002 0 0 0 0 0 0
WIT 8 345 346 437 430 490 0 0 0 0 32002 0 -1 0 0 0 32002 32002 0 0 0 0 0 0
WIT 10 345 346 477 468 467 0 0 0 0 381 0 -1 0 0 0 32002 32002 0 0 0 0 0 202
WIT 10 345 346 414 395 381 0 0 0 0 371 0 -1 0 0 0 32002 32002 0 0 0 0 0 1502
WIT 7 345 346 574 568 554 0 0 0 0 554 0 -1 0 0 0 32002 32002 0 0 0 0 0 1380
WIT 9 345 346 382 365 362 0 0 0 0 346 0 -1 0 0 0 32002 32002 0 0 0 0 0 983
WIT 7 345 346 375 369 369 536 0 0 0 32002 0 -1 0 0 0 32002 32002 0 0 0 0 0 0
WIT 8 -346 -328 -346 -353 -375 0 0 0 0 -351 0 -1 0 0 0 32002 32002 0 0 0 0 0 0
WIT 8 -334 -333 -308 -315 -324 0 0 0 0 -297 0 -1 0 0 0 32002 32002 0 0 0 0 0 2323
WIT 7 -334 -333 -291 -297 -377 0 0 0 0 -301 0 -1 0 0 0 32002 32002 0 0 0 0 0 2323
WIT 7 333 334 371 365 364 0 0 0 0 344 0 -1 0 0 0 32002 32002 0 0 0 0 0 1249
WIT 9 -334 -333 -328 -345 -351 0 0 0 0 -342 0 -1 0 0 0 32002 32002 0 0 0 0 0 0
WIT 8 -334 -333 -346 -361 -367 0 0 0 0 -341 0 -1 0 0 0 32002 32002 0 0 0 0 0 0
WIT 7 -334 -333 -346 -359 -643 0 0 0 0 -340 0 -1 0 0 0 32002 32002 0 0 0 0 0 0
WIT 8 365 366 347 340 300 0 0 0 0 372 0 -1 0 0 0 32002 32002 0 0 0 0 0 1226
WIT 7 365 366 342 329 316 0 0 0 0 366 0 -1 0 0 0 32002 32002 0 0 0 0 0 536
WIT 7 365 366 346 333 339 536 0 0 1 366 0 -1 0 0 0 32002 32002 0 0 0 0 0 75
WIT 9 365 366 413 405 404 0 0 0 0 387 0 -1 0 0 0 32002 32002 0 0 0 0 0 1356
WIT 8 365 366 390 375 321 0 0 0 0 366 0 -1 0 0 0 32002 32002 0 0 0 0 0 1249
WIT 9 365 366 348 331 359 1356 0 0 1 366 0 -1 0 0 0 32002 32002 0 0 0 0 0 75
WIT 7 365 366 346 340 349 75 0 0 1 366 0 -1 0 0 0 32002 32002 0 0 0 0 0 1356
WIT 6 365 366 368 363 399 75 0 0 0 32002 0 -1 0 0 0 32002 32002 0 0 0 0 0 0
WIT 6 365 366 358 353 363 536 0 0 1 366 0 -1 0 0 0 32002 32002 0 0 0 0 0 1356
WIT 6 365 366 347 342 342 1249 0 0 1 397 0 -1 0 0 0 32002 32002 0 0 0 0 0 1356
WIT 6 365 366 389 384 403 0 0 0 0 32002 0 -1 0 0 0 32002 32002 0 0 0 0 0 0
WIT 6 365 366 383 378 402 536 0 0 0 32002 0 -1 0 0 0 32002 32002 0 0 0 0 0 0
WIT 6 365 366 363 358 372 75 0 0 0 32002 0 -1 0 0 0 32002 32002 0 0 0 0 0 0
WIT 8 365 366 347 340 340 536 0 0 1 380 0 -1 0 0 0 32002 32002 0 0 0 0 0 75
WIT 9 382 383 407 399 413 861 0 0 0 32002 0 -1 0 0 0 32002 32002 0 0 0 0 0 0
WIT 7 382 383 400 394 406 861 0 0 0 32002 0 -1 0 0 0 32002 32002 0 0 0 0 0 0
WIT 8 382 383 371 356 316 0 0 0 0 394 0 -1 0 0 0 32002 32002 0 0 0 0 0 1226
WIT 9 382 383 366 358 357 0 0 0 0 383 0 -1 0 0 0 32002 32002 0 0 0 0 0 75
WIT 8 382 383 366 359 381 75 0 0 1 383 0 -1 0 0 0 32002 32002 0 0 0 0 0 1226
WIT 7 382 383 366 360 360 861 0 0 1 401 0 -1 0 0 0 32002 32002 0 0 0 0 0 75
WIT 6 382 383 366 361 367 861 0 0 1 405 0 -1 0 0 0 32002 32002 0 0 0 0 0 75
WIT 6 382 383 375 370 358 0 0 0 0 394 0 -1 0 0 0 32002 32002 0 0 0 0 0 2284
WIT 7 382 383 366 353 336 0 0 0 0 383 0 -1 0 0 0 32002 32002 0 0 0 0 0 536
WIT 7 382 383 366 353 353 536 0 0 1 397 0 -1 0 0 0 32002 32002 0 0 0 0 0 75
WIT 10 382 383 366 357 369 536 0 0 1 383 0 -1 0 0 0 32002 32002 0 0 0 0 0 1356
WIT 9 382 383 366 349 335 0 0 0 0 383 0 -1 0 0 0 32002 32002 0 0 0 0 0 1249
WIT 9 382 383 366 358 358 536 0 0 1 383 0 -1 0 0 0 32002 32002 0 0 0 0 0 1356
WIT 8 382 383 366 351 375 1356 0 0 1 393 0 -1 0 0 0 32002 32002 0 0 0 0 0 75
WIT 7 382 383 431 425 452 536 0 0 0 32002 0 -1 0 0 0 32002 32002 0 0 0 0 0 0
WIT 7 382 383 366 360 360 536 0 0 1 393 0 -1 0 0 0 32002 32002 0 0 0 0 0 1356
WIT 7 382 383 396 390 451 536 0 0 0 32002 0 -1 0 0 0 32002 32002 0 0 0 0 0 0
WIT 7 382 383 368 362 362 536 0 0 1 401 0 -1 0 0 0 32002 32002 0 0 0 0 0 1356
WIT 7 382 383 392 386 386 75 0 0 0 32002 0 -1 0 0 0 32002 32002 0 0 0 0 0 0
WIT 7 382 383 389 383 405 0 0 0 0 32002 0 -1 0 0 0 32002 32002 0 0 0 0 0 0
WIT 7 382 383 376 370 380 536 0 0 1 383 0 -1 0 0 0 32002 32002 0 0 0 0 0 1356
WIT 7 382 383 411 405 436 536 0 0 0 32002 0 -1 0 0 0 32002 32002 0 0 0 0 0 0
WIT 7 382 383 363 357 370 75 0 0 1 391 0 -1 0 0 0 32002 32002 0 0 0 0 0 1356
WIT 7 382 383 383 377 399 75 0 0 0 32002 0 -1 0 0 0 32002 32002 0 0 0 0 0 0
WIT 7 349 383 366 360 250 0 0 0 0 383 0 -1 0 0 0 32002 32002 0 0 0 0 0 213
WIT 8 382 383 378 371 371 536 0 0 1 383 0 -1 0 0 0 32002 32002 0 0 0 0 0 75
WIT 8 397 398 404 389 392 75 0 0 1 405 0 -1 0 0 0 32002 32002 0 0 0 0 0 536
WIT 9 397 398 383 375 381 1356 0 0 1 400 0 -1 0 0 0 32002 32002 0 0 0 0 0 75
WIT 8 397 398 387 380 381 2131 0 0 1 399 0 -1 0 0 0 32002 32002 0 0 0 0 0 2136
WIT 8 397 398 387 372 442 861 0 0 0 32002 0 -1 0 0 0 32002 32002 0 0 0 0 0 0
WIT 7 397 398 385 372 362 0 0 0 0 398 0 -1 0 0 0 32002 32002 0 0 0 0 0 1356
WIT 8 397 398 383 368 347 0 0 0 0 398 0 -1 0 0 0 32002 32002 0 0 0 0 0 1249
WIT 8 397 398 383 376 386 75 0 0 1 403 0 -1 0 0 0 32002 32002 0 0 0 0 0 1356
WIT 7 397 398 431 425 464 75 0 0 0 32002 0 -1 0 0 0 32002 32002 0 0 0 0 0 0
WIT 7 397 398 391 385 385 75 0 0 1 398 0 -1 0 0 0 32002 32002 0 0 0 0 0 1356
WIT 6 397 398 396 391 441 75 0 0 0 32002 0 -1 0 0 0 32002 32002 0 0 0 0 0 0
WIT 6 397 398 392 387 403 75 0 0 0 32002 0 -1 0 0 0 32002 32002 0 0 0 0 0 0
WIT 6 397 398 389 384 409 0 0 0 0 32002 0 -1 0 0 0 32002 32002 0 0 0 0 0 0
WIT 6 397 398 383 378 397 75 0 0 1 455 0 -1 0 0 0 32002 32002 0 0 0 0 0 1356
WIT 6 397 398 383 378 394 75 0 0 1 445 0 -1 0 0 0 32002 32002 0 0 0 0 0 1356
WIT 6 397 398 390 385 393 75 0 0 1 460 0 -1 0 0 0 32002 32002 0 0 0 0 0 1356
WIT 6 397 398 411 406 442 75 0 0 0 32002 0 -1 0 0 0 32002 32002 0 0 0 0 0 0
WIT 8 397 398 383 376 376 536 0 0 1 398 0 -1 0 0 0 32002 32002 0 0 0 0 0 75
WIT 6 416 417 404 399 403 536 0 0 1 417 0 -1 0 0 0 32002 32002 0 0 0 0 0 75
WIT 7 379 417 398 392 392 1249 0 0 1 417 0 -1 0 0 0 32002 32002 0 0 0 0 0 1226
WIT 10 416 417 404 385 399 75 0 0 1 417 0 -1 0 0 0 32002 32002 0 0 0 0 0 536
WIT 8 416 417 403 388 388 536 0 0 1 423 0 -1 0 0 0 32002 32002 0 0 0 0 0 75
WIT 7 416 417 435 429 442 0 0 0 0 32002 0 -1 0 0 0 32002 32002 0 0 0 0 0 0
WIT 6 416 417 422 417 459 536 0 0 0 32002 0 -1 0 0 0 32002 32002 0 0 0 0 0 0
WIT 7 416 417 403 397 397 536 0 0 1 417 0 -1 0 0 0 32002 32002 0 0 0 0 0 75
WIT 7 416 417 398 392 407 75 0 0 1 424 0 -1 0 0 0 32002 32002 0 0 0 0 0 536
WIT 6 416 417 391 386 430 536 0 0 0 32002 0 -1 0 0 0 32002 32002 0 0 0 0 0 0
WIT 6 416 417 391 386 402 861 0 0 1 425 0 -1 0 0 0 32002 32002 0 0 0 0 0 536
WIT 6 416 417 378 373 380 536 0 0 1 417 0 -1 0 0 0 32002 32002 0 0 0 0 0 75
WIT 6 416 417 404 399 347 0 0 0 0 417 0 -1 0 0 0 32002 32002 0 0 0 0 0 1226
WIT 7 379 417 398 392 391 0 0 0 0 417 0 -1 0 0 0 32002 32002 0 0 0 0 0 1356
WIT 10 416 417 401 382 382 1356 0 0 1 422 0 -1 0 0 0 32002 32002 0 0 0 0 0 75
WIT 8 416 417 402 395 403 75 0 0 1 417 0 -1 0 0 0 32002 32002 0 0 0 0 0 1356
WIT 8 416 417 398 391 391 75 0 0 1 449 0 -1 0 0 0 32002 32002 0 0 0 0 0 1356
WIT 8 416 417 431 424 463 75 0 0 0 32002 0 -1 0 0 0 32002 32002 0 0 0 0 0 0
WIT 8 416 417 396 389 438 75 0 0 0 32002 0 -1 0 0 0 32002 32002 0 0 0 0 0 0
WIT 8 416 417 398 391 424 75 0 0 0 32002 0 -1 0 0 0 32002 32002 0 0 0 0 0 0
WIT 8 416 417 424 417 442 75 0 0 0 32002 0 -1 0 0 0 32002 32002 0 0 0 0 0 0
WIT 9 416 417 399 391 407 1356 0 0 1 438 0 -1 0 0 0 32002 32002 0 0 0 0 0 75
WIT 8 416 417 398 391 392 2131 0 0 1 417 0 -1 0 0 0 32002 32002 0 0 0 0 0 2136
WIT 8 416 417 476 469 498 536 0 0 0 32002 0 -1 0 0 0 32002 32002 0 0 0 0 0 0
WIT 7 416 417 398 385 373 0 0 0 0 417 0 -1 0 0 0 32002 32002 0 0 0 0 0 1356
WIT 8 416 417 398 383 354 0 0 0 0 417 0 -1 0 0 0 32002 32002 0 0 0 0 0 1249
WIT 8 416 417 453 446 446 75 0 0 0 32002 0 -1 0 0 0 32002 32002 0 0 0 0 0 0
WIT 8 416 417 392 385 405 75 0 0 1 462 0 -1 0 0 0 32002 32002 0 0 0 0 0 1356
WIT 8 416 417 446 439 439 75 0 0 0 32002 0 -1 0 0 0 32002 32002 0 0 0 0 0 0
WIT 8 416 417 389 382 411 0 0 0 0 418 0 -1 0 0 0 32002 32002 0 0 0 0 0 1327
WIT 8 416 417 424 417 426 75 0 0 0 32002 0 -1 0 0 0 32002 32002 0 0 0 0 0 0
WIT 8 416 417 438 431 431 75 0 0 0 32002 0 -1 0 0 0 32002 32002 0 0 0 0 0 0
WIT 6 416 417 423 418 420 861 0 0 0 32002 0 -1 0 0 0 32002 32002 0 0 0 0 0 0
WIT 8 416 417 451 444 429 0 0 0 0 420 0 -1 0 0 0 32002 32002 0 0 0 0 0 1356
WIT 8 416 417 411 404 446 75 0 0 0 32002 0 -1 0 0 0 32002 32002 0 0 0 0 0 0
WIT 8 379 417 398 391 274 0 0 0 0 417 0 -1 0 0 0 32002 32002 0 0 0 0 0 213
WIT 9 416 417 398 390 390 536 0 0 1 417 0 -1 0 0 0 32002 32002 0 0 0 0 0 75
WIT 7 441 442 417 404 427 75 0 0 1 444 0 -1 0 0 0 32002 32002 0 0 0 0 0 536
WIT 6 441 442 390 385 423 1546 0 0 1 476 0 -1 0 0 0 32002 32002 0 0 0 0 0 75
WIT 11 441 442 417 407 403 0 0 0 0 419 0 -1 0 0 0 32002 32002 0 0 0 0 0 0
WIT 9 441 442 455 447 404 0 0 0 0 462 0 -1 0 0 0 32002 32002 0 0 0 0 0 2124
WIT 10 441 442 417 398 382 0 0 0 0 441 0 -1 0 0 0 32002 32002 0 0 0 0 0 1347
WIT 8 441 442 435 428 428 1356 0 0 1 475 0 -1 0 0 0 32002 32002 0 0 0 0 0 75
WIT 9 441 442 417 400 368 0 0 0 0 458 0 -1 0 0 0 32002 32002 0 0 0 0 0 1249
WIT 10 441 442 468 459 459 75 0 0 0 32002 0 -1 0 0 0 32002 32002 0 0 0 0 0 0
WIT 9 441 442 419 402 398 0 0 0 0 442 0 -1 0 0 0 32002 32002 0 0 0 0 0 1356
WIT 7 441 442 422 409 409 536 0 0 1 442 0 -1 0 0 0 32002 32002 0 0 0 0 0 75
WIT 9 441 442 421 404 418 1356 0 0 1 441 1 1 62500 1 1 441 442 0 0 0 0 32 1356
WIT 7 441 442 417 411 433 75 0 0 1 455 0 -1 0 0 0 32002 32002 0 0 0 0 0 1356
WIT 7 441 442 431 425 468 75 0 0 0 32002 0 -1 0 0 0 32002 32002 0 0 0 0 0 0
WIT 7 441 442 396 390 438 75 0 0 1 468 0 -1 0 0 0 32002 32002 0 0 0 0 0 1356
WIT 7 441 442 398 392 425 75 0 0 1 493 0 -1 0 0 0 32002 32002 0 0 0 0 0 1356
WIT 7 441 442 424 418 442 75 0 0 0 32002 0 -1 0 0 0 32002 32002 0 0 0 0 0 0
WIT 7 441 442 453 447 480 536 0 0 0 32002 0 -1 0 0 0 32002 32002 0 0 0 0 0 0
WIT 7 441 442 417 411 429 0 0 0 0 430 0 -1 0 0 0 32002 32002 0 0 0 0 0 75
WIT 7 441 442 438 432 432 75 0 0 1 485 0 -1 0 0 0 32002 32002 0 0 0 0 0 1356
WIT 7 441 442 411 405 443 75 0 0 0 32002 0 -1 0 0 0 32002 32002 0 0 0 0 0 0
WIT 7 441 442 446 440 449 75 0 0 0 32002 0 -1 0 0 0 32002 32002 0 0 0 0 0 0
WIT 7 441 442 424 418 426 75 0 0 1 509 0 -1 0 0 0 32002 32002 0 0 0 0 0 1356
WIT 7 392 442 417 411 289 0 0 0 0 442 0 -1 0 0 0 32002 32002 0 0 0 0 0 213
WIT 8 441 442 417 410 410 536 0 0 1 442 0 -1 0 0 0 32002 32002 0 0 0 0 0 75
WIT 9 475 476 482 474 535 536 0 0 0 32002 0 -1 0 0 0 32002 32002 0 0 0 0 0 0
WIT 9 475 476 468 460 466 75 0 0 1 476 0 -1 0 0 0 32002 32002 0 0 0 0 0 1249
WIT 7 475 476 442 429 417 0 0 0 0 476 0 -1 0 0 0 32002 32002 0 0 0 0 0 1356
WIT 7 475 476 431 425 468 75 0 0 1 538 0 -1 0 0 0 32002 32002 0 0 0 0 0 1356
WIT 6 473 474 635 630 629 0 0 0 0 590 0 -1 0 0 0 32002 32002 0 0 0 0 0 1502
WIT 7 457 458 476 470 515 536 0 0 0 32002 0 -1 0 0 0 32002 32002 0 0 0 0 0 0
WIT 7 457 458 383 377 381 1226 0 0 1 472 0 -1 0 0 0 32002 32002 0 0 0 0 0 75
WIT 8 457 458 476 461 425 0 0 0 0 458 0 -1 0 0 0 32002 32002 0 0 0 0 0 1249
WIT 9 457 458 481 473 473 75 0 0 0 32002 0 -1 0 0 0 32002 32002 0 0 0 0 0 0
WIT 9 457 458 476 468 468 75 0 0 0 32002 0 -1 0 0 0 32002 32002 0 0 0 0 0 0
WIT 7 457 458 482 476 532 536 0 0 0 32002 0 -1 0 0 0 32002 32002 0 0 0 0 0 0
WIT 8 457 458 476 461 428 0 0 0 0 468 0 -1 0 0 0 32002 32002 0 0 0 0 0 1356
WIT 8 457 458 464 457 487 75 0 0 0 32002 0 -1 0 0 0 32002 32002 0 0 0 0 0 0
WIT 6 457 458 424 419 419 1249 0 0 1 465 0 -1 0 0 0 32002 32002 0 0 0 0 0 1356
WIT 6 457 458 453 448 481 75 0 0 0 32002 0 -1 0 0 0 32002 32002 0 0 0 0 0 0
WIT 6 457 458 453 448 462 75 0 0 0 32002 0 -1 0 0 0 32002 32002 0 0 0 0 0 0
WIT 8 457 458 492 485 356 0 0 0 0 468 0 -1 0 0 0 32002 32002 0 0 0 0 0 1364
WIT 7 457 458 450 444 443 0 0 0 0 467 0 -1 0 0 0 32002 32002 0 0 0 0 0 75
WIT 6 457 458 436 431 491 75 0 0 0 32002 0 -1 0 0 0 32002 32002 0 0 0 0 0 0
WIT 6 457 458 446 441 449 75 0 0 1 554 0 -1 0 0 0 32002 32002 0 0 0 0 0 1356
WIT 6 457 458 457 452 458 75 0 0 0 32002 0 -1 0 0 0 32002 32002 0 0 0 0 0 0
WIT 7 457 458 445 439 438 0 0 0 0 458 0 -1 0 0 0 32002 32002 0 0 0 0 0 1356
WIT 6 457 458 424 419 437 1249 0 0 1 516 0 -1 0 0 0 32002 32002 0 0 0 0 0 1356
WIT 6 457 458 438 433 460 75 0 0 0 32002 0 -1 0 0 0 32002 32002 0 0 0 0 0 0
WIT 6 457 458 411 406 439 75 0 0 1 459 0 -1 0 0 0 32002 32002 0 0 0 0 0 1356
WIT 10 457 458 575 556 555 0 0 0 0 782 0 -1 0 0 0 32002 32002 0 0 0 0 0 1502
WIT 8 457 458 442 435 435 536 0 0 1 458 0 -1 0 0 0 32002 32002 0 0 0 0 0 75
WIT 7 480 481 458 452 442 0 0 0 0 480 0 -1 0 0 0 32002 32002 0 0 0 0 0 0
WIT 7 -436 -435 -451 -457 -457 2202 0 0 1 -425 0 -1 0 0 0 32002 32002 0 0 0 0 0 53055
WIT 7 435 436 501 488 415 0 0 0 0 447 0 -1 0 0 0 32002 32002 0 0 0 0 0 1226
WIT 6 -436 -435 -422 -427 -490 0 0 0 0 -421 0 -1 0 0 0 32002 32002 0 0 0 0 0 53055
WIT 8 435 481 458 451 456 536 0 0 1 427 1 1 38353 1 1 435 427 0 0 0 0 177 0
WIT 9 -436 -435 -414 -422 -720 0 0 0 0 -435 0 -1 0 0 0 32002 32002 0 0 0 0 0 2593
WIT 7 -436 -435 -402 -408 -473 0 0 0 0 -435 0 -1 0 0 0 32002 32002 0 0 0 0 0 3641
WIT 8 -436 -435 -422 -429 -440 0 0 0 0 -435 0 -1 0 0 0 32002 32002 0 0 0 0 0 53055
WIT 8 -436 -435 -426 -433 -433 2202 0 0 0 32002 0 -1 0 0 0 32002 32002 0 0 0 0 0 0
WIT 9 -436 -435 -427 -444 -445 0 0 0 0 -435 0 -1 0 0 0 32002 32002 0 0 0 0 0 3169
WIT 7 -436 -435 -399 -405 -405 53055 0 0 0 32002 0 -1 0 0 0 32002 32002 0 0 0 0 0 0
WIT 8 435 481 458 451 449 0 0 0 0 435 0 -1 0 0 0 32002 32002 0 0 0 0 0 0
WIT 8 435 481 458 451 318 0 0 0 0 435 0 -1 0 0 0 32002 32002 0 0 0 0 0 0
WIT 6 -436 -435 -346 -351 -315 3112 0 0 0 32002 0 -1 0 0 0 32002 32002 0 0 0 0 0 0
WIT 7 -436 -435 -346 -359 -368 0 0 0 0 -422 0 -1 0 0 0 32002 32002 0 0 0 0 0 53055
WIT 6 -436 -435 -305 -310 -294 0 0 0 0 32002 0 -1 0 0 0 32002 32002 0 0 0 0 0 0
WIT 10 -436 -435 -314 -323 -323 4013 0 0 0 32002 0 -1 0 0 0 32002 32002 0 0 0 0 0 0
WIT 10 -436 -435 -335 -354 -354 4013 0 0 0 32002 0 -1 0 0 0 32002 32002 0 0 0 0 0 0
WIT 9 -436 -435 -336 -353 -316 4013 0 0 0 32002 0 -1 0 0 0 32002 32002 0 0 0 0 0 0
WIT 11 -405 -404 -379 -389 -432 0 0 0 0 -404 0 -1 0 0 0 32002 32002 0 0 0 0 0 3832
WIT 10 -405 -404 -435 -444 -621 0 0 0 0 -404 0 -1 0 0 0 32002 32002 0 0 0 0 0 2593
WIT 11 -405 -404 -435 -445 -439 3964 0 0 1 -404 0 -1 0 0 0 32002 32002 0 0 0 0 0 3641
WIT 9 -405 -404 -435 -452 -456 0 0 0 0 -404 0 -1 0 0 0 32002 32002 0 0 0 0 0 53055
WIT 8 -435 -404 -435 -442 -457 0 0 0 0 -404 0 -1 0 0 0 32002 32002 0 0 0 0 0 2202
WIT 7 -405 -404 -404 -410 -392 3964 0 0 0 32002 0 -1 0 0 0 32002 32002 0 0 0 0 0 0
WIT 6 -405 -404 -435 -440 -418 3641 0 0 1 -404 0 -1 0 0 0 32002 32002 0 0 0 0 0 2202
WIT 11 -405 -404 -435 -445 -440 2202 0 0 1 -404 0 -1 0 0 0 32002 32002 0 0 0 0 0 53055
WIT 9 -435 -404 -435 -443 -444 0 0 0 0 -404 0 -1 0 0 0 32002 32002 0 0 0 0 0 3169
WIT 12 -405 -404 -410 -421 -416 53055 0 0 1 -404 0 -1 0 0 0 32002 32002 0 0 0 0 0 3169
WIT 11 -405 -404 -408 -418 -546 0 0 0 0 -404 0 -1 0 0 0 32002 32002 0 0 0 0 0 2908
WIT 7 -405 -404 -427 -433 -433 3641 0 0 1 -404 0 -1 0 0 0 32002 32002 0 0 0 0 0 53055
WIT 10 -405 -404 -427 -446 -447 0 0 0 0 -404 0 -1 0 0 0 32002 32002 0 0 0 0 0 2202
WIT 10 -405 -404 -427 -436 -436 53055 0 0 1 -404 0 -1 0 0 0 32002 32002 0 0 0 0 0 3169
WIT 8 -405 -404 -428 -435 -412 53055 0 0 1 -355 0 -1 0 0 0 32002 32002 0 0 0 0 0 3169
WIT 7 -405 -404 -393 -399 -376 53055 0 0 0 32002 0 -1 0 0 0 32002 32002 0 0 0 0 0 0
WIT 7 -405 -404 -399 -405 -405 53055 0 0 1 -394 0 -1 0 0 0 32002 32002 0 0 0 0 0 3169
WIT 7 -405 -404 -388 -394 -394 2202 0 0 0 32002 0 -1 0 0 0 32002 32002 0 0 0 0 0 0
WIT 7 -405 -404 -435 -441 -442 0 0 0 0 -404 0 -1 0 0 0 32002 32002 0 0 0 0 0 53055
WIT 10 -435 -404 -435 -444 -455 0 0 0 0 -404 0 -1 0 0 0 32002 32002 0 0 0 0 0 4013
WIT 7 -405 -404 -403 -409 -364 53055 0 0 0 32002 0 -1 0 0 0 32002 32002 0 0 0 0 0 0
WIT 13 -405 -404 -409 -421 -422 0 0 0 0 -404 0 -1 0 0 0 32002 32002 0 0 0 0 0 3300
WIT 6 -405 -404 -435 -440 -412 53055 0 0 1 -404 0 -1 0 0 0 32002 32002 0 0 0 0 0 3169
WIT 8 -405 -404 -403 -410 -365 53055 0 0 0 32002 0 -1 0 0 0 32002 32002 0 0 0 0 0 0
WIT 8 -405 -404 -406 -413 -416 0 0 0 0 -365 0 -1 0 0 0 32002 32002 0 0 0 0 0 2323
WIT 7 -405 -404 -408 -414 -427 0 0 0 0 -393 0 -1 0 0 0 32002 32002 0 0 0 0 0 3300
WIT 6 -405 -404 -403 -408 -409 0 0 0 0 -380 0 -1 0 0 0 32002 32002 0 0 0 0 0 3169
WIT 12 -405 -404 -435 -458 -430 3300 0 0 1 -404 0 -1 0 0 0 32002 32002 0 0 0 0 0 4013
WIT 11 -405 -404 -384 -394 -394 3169 0 0 0 32002 0 -1 0 0 0 32002 32002 0 0 0 0 0 0
WIT 6 -405 -404 -435 -440 -436 53055 0 0 1 -404 0 -1 0 0 0 32002 32002 0 0 0 0 0 3300
WIT 11 -405 -404 -435 -445 -445 3169 0 0 1 -404 0 -1 0 0 0 32002 32002 0 0 0 0 0 4013
WIT 10 -405 -404 -395 -404 -404 3169 0 0 0 32002 0 -1 0 0 0 32002 32002 0 0 0 0 0 0
WIT 10 -435 -404 -435 -444 -453 0 0 0 0 -404 0 -1 0 0 0 32002 32002 0 0 0 0 0 3112
WIT 10 -435 -404 -435 -444 -670 0 0 0 0 -404 0 -1 0 0 0 32002 32002 0 0 0 0 0 1941
WIT 7 -405 -404 -435 -448 -448 3300 0 0 1 -405 1 1 25228 1 1 -405 -410 0 0 0 0 10 0
WIT 9 404 405 346 338 366 213 1 0 0 405 0 -1 0 0 0 32002 32002 0 0 0 0 0 725
WIT 8 404 405 346 331 331 1355 0 0 1 401 1 1 12395 1 1 404 397 0 0 0 0 7 0
WIT 8 404 405 346 331 281 0 0 1 0 401 0 -1 0 0 0 32002 32002 0 0 0 0 0 0
WIT 7 404 405 346 333 299 0 0 0 0 401 0 -1 0 0 0 32002 32002 0 0 0 0 0 0
WIT 9 -405 -404 -401 -418 -417 1941 1 0 0 -401 0 -1 0 0 0 32002 32002 0 0 0 0 0 2325
WIT 7 -405 -404 -299 -305 -331 0 0 1 0 -405 0 -1 0 0 0 32002 32002 0 0 0 0 0 0
WIT 6 404 405 644 639 557 0 0 0 0 525 0 -1 0 0 0 32002 32002 0 0 0 0 0 594
WIT 12 -405 -404 -435 -458 -458 1941 1 0 0 -405 0 -1 0 0 0 32002 32002 0 0 0 0 0 0
WIT 8 -405 -404 -435 -442 -449 0 0 0 0 -405 0 -1 0 0 0 32002 32002 0 0 0 0 0 0
WIT 6 -405 -404 -422 -427 -427 3641 0 0 1 -404 0 -1 0 0 0 32002 32002 0 0 0 0 0 3300
WIT 10 -405 -404 -423 -442 -411 3112 0 0 1 -404 0 -1 0 0 0 32002 32002 0 0 0 0 0 53055
WIT 10 -405 -404 -428 -437 -433 1941 1 0 0 -404 0 -1 0 0 0 32002 32002 0 0 0 0 0 53055
WIT 8 404 435 405 398 311 0 0 0 0 404 0 -1 0 0 0 32002 32002 0 0 0 0 0 0
WIT 10 -405 -404 -346 -355 -353 1941 1 0 0 32002 0 -1 0 0 0 32002 32002 0 0 0 0 0 0
WIT 10 -405 -404 -243 -262 -262 4013 0 0 0 32002 0 -1 0 0 0 32002 32002 0 0 0 0 0 0
WIT 9 -405 -404 -336 -353 -316 4013 0 0 0 32002 0 -1 0 0 0 32002 32002 0 0 0 0 0 0
WIT 9 -405 -404 -306 -323 -320 1941 1 0 0 32002 0 -1 0 0 0 32002 32002 0 0 0 0 0 0
WIT 7 -405 -404 -261 -267 -227 4013 0 0 0 32002 0 -1 0 0 0 32002 32002 0 0 0 0 0 0
WIT 7 -405 -404 -285 -291 -243 4013 0 0 0 32002 0 -1 0 0 0 32002 32002 0 0 0 0 0 0
WIT 7 -405 -404 -284 -290 -251 4013 0 0 0 32002 0 -1 0 0 0 32002 32002 0 0 0 0 0 0
WIT 9 -405 -404 -420 -428 -305 4013 0 0 0 32002 0 -1 0 0 0 32002 32002 0 0 0 0 0 0
WIT 10 -405 -404 -335 -354 -354 4013 0 0 0 32002 0 -1 0 0 0 32002 32002 0 0 0 0 0 0
WIT 9 -405 -404 -314 -322 -226 4013 0 0 0 32002 0 -1 0 0 0 32002 32002 0 0 0 0 0 0
WIT 10 -363 -362 -404 -413 -430 0 0 0 0 -255 0 -1 0 0 0 32002 32002 0 0 0 0 0 3832
WIT 10 -363 -362 -404 -423 -492 0 0 0 0 -362 0 -1 0 0 0 32002 32002 0 0 0 0 0 2593
WIT 11 -363 -362 -395 -405 -525 0 0 0 0 -362 0 -1 0 0 0 32002 32002 0 0 0 0 0 2593
WIT 10 -363 -362 -404 -413 -422 0 0 0 0 -362 0 -1 0 0 0 32002 32002 0 0 0 0 0 3641
WIT 7 -363 -362 -404 -410 -389 3964 0 0 1 -357 0 -1 0 0 0 32002 32002 0 0 0 0 0 3641
WIT 9 -363 -362 -404 -421 -434 0 0 0 0 -362 0 -1 0 0 0 32002 32002 0 0 0 0 0 53055
WIT 9 -404 -362 -404 -412 -491 0 0 0 0 -362 0 -1 0 0 0 32002 32002 0 0 0 0 0 2202
WIT 11 -363 -362 -404 -414 -419 0 0 0 0 -362 0 -1 0 0 0 32002 32002 0 0 0 0 0 53055
WIT 7 -363 -362 -404 -410 -407 3641 0 0 1 -362 0 -1 0 0 0 32002 32002 0 0 0 0 0 2202
WIT 12 -363 -362 -404 -415 -415 3305 0 0 1 -362 0 -1 0 0 0 32002 32002 0 0 0 0 0 53055
WIT 9 -363 -362 -392 -400 -401 0 0 0 0 -362 0 -1 0 0 0 32002 32002 0 0 0 0 0 3300
WIT 8 -363 -362 -404 -411 -376 2202 0 0 1 -362 0 -1 0 0 0 32002 32002 0 0 0 0 0 53055
WIT 8 -363 -362 -379 -386 -368 2202 0 0 1 -362 0 -1 0 0 0 32002 32002 0 0 0 0 0 53055
WIT 9 -404 -362 -404 -412 -437 0 0 0 0 -362 0 -1 0 0 0 32002 32002 0 0 0 0 0 3169
WIT 12 -363 -362 -404 -415 -411 53055 0 0 1 -362 0 -1 0 0 0 32002 32002 0 0 0 0 0 3169
WIT 11 -363 -362 -395 -405 -403 1837 0 0 1 -358 0 -1 0 0 0 32002 32002 0 0 0 0 0 1803
WIT 9 -363 -362 -404 -412 -386 1837 0 0 1 -350 0 -1 0 0 0 32002 32002 0 0 0 0 0 1826
WIT 11 -363 -362 -404 -425 -454 0 0 0 0 -362 0 -1 0 0 0 32002 32002 0 0 0 0 0 2908
WIT 13 -363 -362 -390 -402 -629 0 0 0 0 -358 0 -1 0 0 0 32002 32002 0 0 0 0 0 2593
WIT 13 -363 -362 -263 -288 -307 0 0 0 0 -362 0 -1 0 0 0 32002 32002 0 0 0 0 0 3832
WIT 12 -363 -362 -362 -385 -695 0 0 0 0 -362 0 -1 0 0 0 32002 32002 0 0 0 0 0 2593
WIT 11 -363 -362 -362 -383 -407 0 0 0 0 -362 0 -1 0 0 0 32002 32002 0 0 0 0 0 53055
WIT 12 -363 -362 -404 -415 -453 0 0 0 0 -362 0 -1 0 0 0 32002 32002 0 0 0 0 0 3169
WIT 10 -363 -362 -404 -423 -427 0 0 0 0 -362 0 -1 0 0 0 32002 32002 0 0 0 0 0 2202
WIT 7 -363 -362 -396 -402 -402 3641 0 0 1 -362 0 -1 0 0 0 32002 32002 0 0 0 0 0 3300
WIT 10 -363 -362 -404 -423 -421 3300 0 0 1 -362 0 -1 0 0 0 32002 32002 0 0 0 0 0 53055
WIT 10 -363 -362 -404 -413 -413 53055 0 0 1 -349 0 -1 0 0 0 32002 32002 0 0 0 0 0 3169
WIT 9 -363 -362 -360 -368 -368 3641 0 0 1 -315 0 -1 0 0 0 32002 32002 0 0 0 0 0 3169
WIT 8 -363 -362 -395 -402 -356 53055 0 0 0 32002 0 -1 0 0 0 32002 32002 0 0 0 0 0 0
WIT 8 -363 -362 -393 -400 -376 53055 0 0 1 -318 0 -1 0 0 0 32002 32002 0 0 0 0 0 3169
WIT 8 -363 -362 -388 -395 -355 53055 0 0 0 32002 0 -1 0 0 0 32002 32002 0 0 0 0 0 0
WIT 8 -363 -362 -412 -419 -366 53055 0 0 1 -348 0 -1 0 0 0 32002 32002 0 0 0 0 0 3169
WIT 9 -404 -362 -404 -412 -450 0 0 0 0 -362 0 -1 0 0 0 32002 32002 0 0 0 0 0 4013
WIT 7 -363 -362 -404 -410 -389 0 0 0 0 -349 0 -1 0 0 0 32002 32002 0 0 0 0 0 2323
WIT 9 -363 -362 -404 -412 -379 0 0 0 0 -362 0 -1 0 0 0 32002 32002 0 0 0 0 0 2323
WIT 12 -363 -362 -404 -427 -407 4013 0 0 1 -362 0 -1 0 0 0 32002 32002 0 0 0 0 0 3300
WIT 8 -363 -362 -403 -410 -365 53055 0 0 1 -362 0 -1 0 0 0 32002 32002 0 0 0 0 0 3641
WIT 8 -363 -362 -368 -375 -445 0 0 0 0 -362 0 -1 0 0 0 32002 32002 0 0 0 0 0 2323
WIT 7 -363 -362 -394 -407 -423 0 0 0 0 -362 0 -1 0 0 0 32002 32002 0 0 0 0 0 3300
WIT 10 -363 -362 -404 -423 -406 3300 0 0 1 -362 0 -1 0 0 0 32002 32002 0 0 0 0 0 4013
WIT 10 -363 -362 -404 -413 -374 3169 0 0 1 -362 0 -1 0 0 0 32002 32002 0 0 0 0 0 4013
WIT 10 -363 -362 -384 -393 -393 3169 0 0 1 -314 0 -1 0 0 0 32002 32002 0 0 0 0 0 4013
WIT 10 -363 -362 -404 -413 -413 3169 0 0 1 -362 0 -1 0 0 0 32002 32002 0 0 0 0 0 4013
WIT 10 -363 -362 -395 -404 -404 3169 0 0 1 -362 0 -1 0 0 0 32002 32002 0 0 0 0 0 4013
WIT 10 -363 -362 -403 -412 -371 3169 0 0 1 -335 0 -1 0 0 0 32002 32002 0 0 0 0 0 4013
WIT 9 -363 -362 -396 -404 -396 4013 0 0 1 -329 0 -1 0 0 0 32002 32002 0 0 0 0 0 3169
WIT 10 -363 -362 -368 -377 -349 3169 0 0 0 32002 0 -1 0 0 0 32002 32002 0 0 0 0 0 0
WIT 10 -363 -362 -404 -413 -385 3169 0 0 1 -362 0 -1 0 0 0 32002 32002 0 0 0 0 0 4013
WIT 6 -363 -362 -427 -432 -384 3169 0 0 1 -362 0 -1 0 0 0 32002 32002 0 0 0 0 0 53055
WIT 9 -404 -362 -404 -412 -458 0 0 0 0 -362 0 -1 0 0 0 32002 32002 0 0 0 0 0 3112
WIT 10 -404 -362 -404 -413 -432 0 0 0 0 -362 0 -1 0 0 0 32002 32002 0 0 0 0 0 1941
WIT 11 -363 -362 -386 -396 -348 4013 0 0 0 32002 0 -1 0 0 0 32002 32002 0 0 0 0 0 0
WIT 7 -363 -362 -404 -417 -417 3300 0 0 1 -378 1 1 32805 1 1 -363 -382 0 0 0 0 1 0
WIT 7 362 363 346 340 346 536 0 0 1 371 0 -1 0 0 0 32002 32002 0 0 0 0 0 983
WIT 6 362 363 405 400 400 536 0 0 0 32002 0 -1 0 0 0 32002 32002 0 0 0 0 0 0
WIT 12 -363 -362 -404 -427 -413 1941 1 0 0 -376 0 -1 0 0 0 32002 32002 0 0 0 0 0 0
WIT 6 -399 -398 -398 -403 -399 3641 0 0 1 -398 0 -1 0 0 0 32002 32002 0 0 0 0 0 3300
WIT 7 397 398 382 369 358 0 0 0 0 415 0 -1 0 0 0 32002 32002 0 0 0 0 0 202
WIT 7 397 398 382 369 353 0 0 0 0 413 0 -1 0 0 0 32002 32002 0 0 0 0 0 1502
WIT 8 -399 -398 -305 -312 -289 0 0 0 0 32002 0 -1 0 0 0 32002 32002 0 0 0 0 0 0
WIT 7 -399 -398 -404 -410 -410 1941 1 0 0 -398 0 -1 0 0 0 32002 32002 0 0 0 0 0 53055
WIT 8 362 404 376 369 363 0 0 0 0 398 0 -1 0 0 0 32002 32002 0 0 0 0 0 983
WIT 8 397 398 367 352 361 213 1 0 0 398 0 -1 0 0 0 32002 32002 0 0 0 0 0 725
WIT 6 397 398 396 391 356 0 0 0 0 398 0 -1 0 0 0 32002 32002 0 0 0 0 0 983
WIT 7 -399 -398 -243 -256 -256 4013 0 0 0 32002 0 -1 0 0 0 32002 32002 0 0 0 0 0 0
WIT 8 -399 -398 -306 -321 -320 1941 1 0 0 32002 0 -1 0 0 0 32002 32002 0 0 0 0 0 0
WIT 6 -399 -398 -261 -266 -212 0 0 0 0 32002 0 -1 0 0 0 32002 32002 0 0 0 0 0 0
WIT 6 -399 -398 -285 -290 -233 0 0 0 0 32002 0 -1 0 0 0 32002 32002 0 0 0 0 0 0
WIT 6 -399 -398 -420 -425 -362 0 0 0 0 32002 0 -1 0 0 0 32002 32002 0 0 0 0 0 0

===========================
Total time (ms) : 19
Nodes searched  : 14773
Nodes/second    : 777526
