
Position: 1/1 (r3kbnr/pppqnppp/3p4/1P2p3/2P1P3/3P1N1P/1P3PP1/RNBQK2R b KQkq - 0 8)
WIT 6 364 365 384 379 357 0 0 0 0 371 0 -1 0 0 0 32002 32002 0 0 0 0 0 82
WIT 6 389 390 381 376 375 0 0 0 0 389 0 -1 0 0 0 32002 32002 0 0 0 0 0 0
WIT 6 -356 -355 -359 -364 -360 4013 0 0 1 -355 0 -1 0 0 0 32002 32002 0 0 0 0 0 3956
WIT 7 -343 -342 -348 -361 -349 3956 0 0 1 -342 0 -1 0 0 0 32002 32002 0 0 0 0 0 4013
WIT 7 358 359 386 373 375 82 0 0 0 32002 0 -1 0 0 0 32002 32002 0 0 0 0 0 0
WIT 6 -360 -359 -337 -342 -341 4013 0 0 0 32002 0 -1 0 0 0 32002 32002 0 0 0 0 0 0
WIT 6 -329 -328 -337 -342 -341 4013 0 0 1 -327 0 -1 0 0 0 32002 32002 0 0 0 0 0 3956
WIT 6 -326 -325 -328 -333 -334 0 0 0 0 -326 0 -1 0 0 0 32002 32002 0 0 0 0 0 0
WIT 7 354 355 407 401 401 1243 0 0 0 32002 0 -1 0 0 0 32002 32002 0 0 0 0 0 0
WIT 7 354 355 446 440 448 148 0 0 0 32002 0 -1 0 0 0 32002 32002 0 0 0 0 0 0
WIT 7 354 355 403 397 418 148 0 0 0 32002 0 -1 0 0 0 32002 32002 0 0 0 0 0 0
WIT 7 354 355 466 460 508 82 0 0 0 32002 0 -1 0 0 0 32002 32002 0 0 0 0 0 0
WIT 7 354 355 396 390 390 148 0 0 0 32002 0 -1 0 0 0 32002 32002 0 0 0 0 0 0
WIT 6 354 355 415 410 410 1243 0 0 0 32002 0 -1 0 0 0 32002 32002 0 0 0 0 0 0
WIT 8 354 355 415 408 416 1243 0 0 0 32002 0 -1 0 0 0 32002 32002 0 0 0 0 0 0
WIT 7 354 355 405 399 367 0 0 0 0 376 0 -1 0 0 0 32002 32002 0 0 0 0 0 82
WIT 7 354 355 390 384 384 1243 0 0 0 32002 0 -1 0 0 0 32002 32002 0 0 0 0 0 0
WIT 6 354 355 387 382 382 1243 0 0 0 32002 0 -1 0 0 0 32002 32002 0 0 0 0 0 0
WIT 6 354 355 385 380 379 0 0 0 0 355 0 -1 0 0 0 32002 32002 0 0 0 0 0 82
WIT 10 370 371 364 345 345 1243 0 0 1 391 0 -1 0 0 0 32002 32002 0 0 0 0 0 148
WIT 7 370 371 355 349 380 1243 0 0 0 32002 0 -1 0 0 0 32002 32002 0 0 0 0 0 0
WIT 7 370 371 621 615 614 0 0 0 0 378 0 -1 0 0 0 32002 32002 0 0 0 0 0 148
WIT 7 370 371 390 384 384 1243 0 0 0 32002 0 -1 0 0 0 32002 32002 0 0 0 0 0 0
WIT 8 355 371 355 348 335 0 0 0 0 371 0 -1 0 0 0 32002 32002 0 0 0 0 0 82
WIT 11 370 371 368 347 381 82 0 0 0 32002 0 -1 0 0 0 32002 32002 0 0 0 0 0 0
WIT 9 370 371 373 356 356 1243 0 0 1 376 0 -1 0 0 0 32002 32002 0 0 0 0 0 82
WIT 8 370 371 403 396 422 1243 0 0 0 32002 0 -1 0 0 0 32002 32002 0 0 0 0 0 0
WIT 7 370 371 466 460 508 82 0 0 0 32002 0 -1 0 0 0 32002 32002 0 0 0 0 0 0
WIT 7 370 371 429 423 423 1243 0 0 0 32002 0 -1 0 0 0 32002 32002 0 0 0 0 0 0
WIT 7 370 371 415 409 409 1243 0 0 0 32002 0 -1 0 0 0 32002 32002 0 0 0 0 0 0
WIT 7 370 371 360 354 425 0 0 0 0 32002 0 -1 0 0 0 32002 32002 0 0 0 0 0 0
WIT 7 370 371 390 384 384 1243 0 0 0 32002 0 -1 0 0 0 32002 32002 0 0 0 0 0 0
WIT 7 370 371 387 381 381 1243 0 0 0 32002 0 -1 0 0 0 32002 32002 0 0 0 0 0 0
WIT 7 370 371 396 390 405 1243 0 0 0 32002 0 -1 0 0 0 32002 32002 0 0 0 0 0 0
WIT 7 370 371 379 366 391 82 0 0 0 32002 0 -1 0 0 0 32002 32002 0 0 0 0 0 0
WIT 7 370 371 355 342 320 0 0 0 0 371 0 -1 0 0 0 32002 32002 0 0 0 0 0 82
WIT 7 371 392 388 382 364 0 0 0 0 394 0 -1 0 0 0 32002 32002 0 0 0 0 0 148
WIT 6 391 392 395 390 416 49415 0 0 0 32002 0 -1 0 0 0 32002 32002 0 0 0 0 0 0
WIT 10 391 392 389 370 360 0 0 0 0 391 0 -1 0 0 0 32002 32002 0 0 0 0 0 0
WIT 9 391 392 377 360 411 918 0 0 0 32002 0 -1 0 0 0 32002 32002 0 0 0 0 0 0
WIT 8 391 392 355 348 380 1243 0 0 1 417 0 -1 0 0 0 32002 32002 0 0 0 0 0 148
WIT 8 391 392 390 383 383 1243 0 0 1 396 0 -1 0 0 0 32002 32002 0 0 0 0 0 148
WIT 8 371 392 371 364 335 0 0 0 0 392 0 -1 0 0 0 32002 32002 0 0 0 0 0 82
WIT 6 391 392 430 425 424 0 0 0 0 472 0 -1 0 0 0 32002 32002 0 0 0 0 0 2477
WIT 11 391 392 368 347 381 82 0 0 1 414 0 -1 0 0 0 32002 32002 0 0 0 0 0 166
WIT 8 391 392 417 410 364 0 0 0 0 403 0 -1 0 0 0 32002 32002 0 0 0 0 0 1243
WIT 9 391 392 375 358 346 0 0 0 0 392 0 -1 0 0 0 32002 32002 0 0 0 0 0 82
WIT 8 391 392 429 422 422 1243 0 0 0 32002 0 -1 0 0 0 32002 32002 0 0 0 0 0 0
WIT 8 391 392 452 445 449 148 0 0 0 32002 0 -1 0 0 0 32002 32002 0 0 0 0 0 0
WIT 7 391 392 403 397 422 1243 0 0 0 32002 0 -1 0 0 0 32002 32002 0 0 0 0 0 0
WIT 7 391 392 415 409 409 1243 0 0 0 32002 0 -1 0 0 0 32002 32002 0 0 0 0 0 0
WIT 7 391 392 360 354 418 0 0 0 0 32002 0 -1 0 0 0 32002 32002 0 0 0 0 0 0
WIT 7 391 392 381 375 378 1243 0 0 1 413 0 -1 0 0 0 32002 32002 0 0 0 0 0 82
WIT 7 391 392 390 384 384 1243 0 0 1 397 0 -1 0 0 0 32002 32002 0 0 0 0 0 82
WIT 7 391 392 387 381 381 1243 0 0 1 393 0 -1 0 0 0 32002 32002 0 0 0 0 0 82
WIT 7 391 392 396 390 390 148 0 0 1 404 0 -1 0 0 0 32002 32002 0 0 0 0 0 82
WIT 7 391 392 379 366 391 82 0 0 1 398 0 -1 0 0 0 32002 32002 0 0 0 0 0 1503
WIT 10 391 392 371 362 362 166 0 0 1 408 0 -1 0 0 0 32002 32002 0 0 0 0 0 148
WIT 8 391 392 371 356 346 0 0 0 0 392 0 -1 0 0 0 32002 32002 0 0 0 0 0 82
WIT 7 419 420 450 444 461 0 0 0 0 32002 0 -1 0 0 0 32002 32002 0 0 0 0 0 0
WIT 10 419 420 401 382 370 0 0 0 0 420 0 -1 0 0 0 32002 32002 0 0 0 0 0 3092
WIT 9 419 420 407 399 399 49415 0 0 1 457 0 -1 0 0 0 32002 32002 0 0 0 0 0 3092
WIT 7 -420 -392 -391 -397 -401 0 0 0 0 -420 0 -1 0 0 0 32002 32002 0 0 0 0 0 3177
WIT 8 -393 -392 -372 -379 -455 0 0 0 0 -363 0 -1 0 0 0 32002 32002 0 0 0 0 0 3632
WIT 8 -393 -392 -381 -396 -425 0 0 0 0 -402 0 -1 0 0 0 32002 32002 0 0 0 0 0 0
WIT 6 419 420 394 389 388 0 0 0 0 419 0 -1 0 0 0 32002 32002 0 0 0 0 0 0
WIT 8 419 420 393 378 349 0 0 0 0 419 0 -1 0 0 0 32002 32002 0 0 0 0 0 0
WIT 7 -393 -392 -393 -399 -396 2980 1 0 0 -389 0 -1 0 0 0 32002 32002 0 0 0 0 0 2788
WIT 7 -393 -392 -328 -334 -356 0 0 0 0 -392 0 -1 0 0 0 32002 32002 0 0 0 0 0 53055
WIT 11 -393 -392 -419 -429 -429 3567 0 0 1 -387 0 -1 0 0 0 32002 32002 0 0 0 0 0 3242
WIT 7 -393 -392 -376 -382 -351 2723 1 0 0 32002 0 -1 0 0 0 32002 32002 0 0 0 0 0 0
WIT 10 -393 -392 -419 -438 -446 0 0 0 0 -392 0 -1 0 0 0 32002 32002 0 0 0 0 0 3962
WIT 10 -393 -392 -389 -398 -395 2980 1 0 0 -367 0 -1 0 0 0 32002 32002 0 0 0 0 0 2788
WIT 9 -393 -392 -392 -409 -416 0 0 0 0 -392 0 -1 0 0 0 32002 32002 0 0 0 0 0 53055
WIT 8 -393 -392 -387 -394 -394 3242 0 0 1 -387 0 -1 0 0 0 32002 32002 0 0 0 0 0 53055
WIT 8 -393 -392 -325 -332 -351 0 0 0 0 -392 0 -1 0 0 0 32002 32002 0 0 0 0 0 3559
WIT 8 392 420 393 386 382 0 0 0 0 392 0 -1 0 0 0 32002 32002 0 0 0 0 0 0
WIT 9 -393 -392 -327 -335 -351 0 0 0 0 -392 0 -1 0 0 0 32002 32002 0 0 0 0 0 3956
WIT 7 -393 -392 -336 -342 -415 0 0 0 0 -392 0 -1 0 0 0 32002 32002 0 0 0 0 0 4013
WIT 8 392 420 392 385 327 0 0 0 0 392 0 -1 0 0 0 32002 32002 0 0 0 0 0 0
WIT 6 -355 -354 -392 -397 -389 3242 0 0 1 -354 0 -1 0 0 0 32002 32002 0 0 0 0 0 3177
WIT 8 -355 -354 -359 -366 -413 0 0 0 0 -354 0 -1 0 0 0 32002 32002 0 0 0 0 0 2931
WIT 8 -355 -354 -369 -376 -377 0 0 0 0 -354 0 -1 0 0 0 32002 32002 0 0 0 0 0 2788
WIT 8 -355 -354 -387 -394 -388 3962 0 0 1 -354 0 -1 0 0 0 32002 32002 0 0 0 0 0 3242
WIT 10 -355 -354 -388 -397 -397 2980 1 0 0 -354 0 -1 0 0 0 32002 32002 0 0 0 0 0 2788
WIT 8 -355 -354 -392 -399 -390 53055 0 0 1 -354 0 -1 0 0 0 32002 32002 0 0 0 0 0 3242
WIT 8 -355 -354 -387 -394 -394 3242 0 0 1 -354 0 -1 0 0 0 32002 32002 0 0 0 0 0 53055
WIT 7 -355 -354 -392 -405 -406 0 0 0 0 -354 0 -1 0 0 0 32002 32002 0 0 0 0 0 3956
WIT 9 -355 -354 -354 -362 -363 3963 0 0 0 -354 0 -1 0 0 0 32002 32002 0 0 0 0 0 3242
WIT 8 -355 -354 -354 -361 -364 0 0 0 0 -354 0 -1 0 0 0 32002 32002 0 0 0 0 0 53055
WIT 9 -355 -354 -389 -397 -397 2973 0 0 1 -301 0 -1 0 0 0 32002 32002 0 0 0 0 0 3177
WIT 6 -355 -354 -319 -324 -329 0 0 0 0 -233 0 -1 0 0 0 32002 32002 0 0 0 0 0 3632
WIT 8 -355 -354 -354 -369 -385 0 0 0 0 -354 0 -1 0 0 0 32002 32002 0 0 0 0 0 53055
WIT 8 -355 -354 -347 -354 -354 3242 0 0 0 32002 0 -1 0 0 0 32002 32002 0 0 0 0 0 0
WIT 8 -355 -354 -357 -364 -356 3242 0 0 1 -350 0 -1 0 0 0 32002 32002 0 0 0 0 0 53055
WIT 7 -355 -354 -392 -405 -448 0 0 0 0 -354 0 -1 0 0 0 32002 32002 0 0 0 0 0 3956
WIT 8 -355 -354 -332 -339 -442 0 0 0 0 -333 0 -1 0 0 0 32002 32002 0 0 0 0 0 3373
WIT 6 -355 -354 -347 -352 -328 3242 0 0 0 32002 0 -1 0 0 0 32002 32002 0 0 0 0 0 0
WIT 6 -355 -354 -354 -359 -359 3242 0 0 1 -354 0 -1 0 0 0 32002 32002 0 0 0 0 0 53055
WIT 7 -355 -354 -392 -398 -417 0 0 0 0 -354 0 -1 0 0 0 32002 32002 0 0 0 0 0 3956
WIT 6 -355 -354 -373 -378 -363 3242 0 0 1 -323 0 -1 0 0 0 32002 32002 0 0 0 0 0 3956
WIT 9 -355 -354 -392 -409 -397 4013 0 0 1 -354 0 -1 0 0 0 32002 32002 0 0 0 0 0 3956
WIT 9 -355 -354 -392 -400 -348 4013 0 0 0 32002 0 -1 0 0 0 32002 32002 0 0 0 0 0 0
WIT 7 -355 -354 -392 -398 -398 4013 0 0 1 -354 0 -1 0 0 0 32002 32002 0 0 0 0 0 3956
WIT 6 -355 -354 -392 -397 -393 4013 0 0 1 -354 0 -1 0 0 0 32002 32002 0 0 0 0 0 3956
WIT 6 -355 -354 -346 -351 -338 4013 0 0 0 32002 0 -1 0 0 0 32002 32002 0 0 0 0 0 0
WIT 6 -355 -354 -392 -397 -339 4013 0 0 0 32002 0 -1 0 0 0 32002 32002 0 0 0 0 0 0
WIT 6 -355 -354 -301 -306 -292 4013 0 0 0 32002 0 -1 0 0 0 32002 32002 0 0 0 0 0 0
WIT 6 -355 -354 -390 -395 -352 4013 0 0 0 32002 0 -1 0 0 0 32002 32002 0 0 0 0 0 0
WIT 6 -355 -354 -392 -397 -360 4013 0 0 1 -354 0 -1 0 0 0 32002 32002 0 0 0 0 0 3956
WIT 6 -355 -354 -381 -386 -380 4013 0 0 1 -354 0 -1 0 0 0 32002 32002 0 0 0 0 0 3956
WIT 6 -355 -354 -392 -397 -335 4013 0 0 0 32002 0 -1 0 0 0 32002 32002 0 0 0 0 0 0
WIT 6 -355 -354 -376 -381 -356 4013 0 0 1 -354 0 -1 0 0 0 32002 32002 0 0 0 0 0 3956
WIT 6 -355 -354 -341 -346 -293 4013 0 0 0 32002 0 -1 0 0 0 32002 32002 0 0 0 0 0 0
WIT 6 -362 -361 -392 -397 -379 3567 0 0 1 -301 0 -1 0 0 0 32002 32002 0 0 0 0 0 53055
WIT 7 -362 -361 -363 -369 -374 0 0 0 0 -361 0 -1 0 0 0 32002 32002 0 0 0 0 0 3177
WIT 7 -362 -361 -365 -378 -463 0 0 0 0 -361 0 -1 0 0 0 32002 32002 0 0 0 0 0 3632
WIT 6 -362 -361 -319 -324 -324 3242 0 0 0 32002 0 -1 0 0 0 32002 32002 0 0 0 0 0 0
WIT 11 -362 -361 -306 -316 -339 0 0 0 0 -361 0 -1 0 0 0 32002 32002 0 0 0 0 0 3177
WIT 6 -362 -361 -328 -333 -318 3962 0 0 0 32002 0 -1 0 0 0 32002 32002 0 0 0 0 0 0
WIT 10 -362 -361 -354 -373 -374 0 0 0 0 -361 0 -1 0 0 0 32002 32002 0 0 0 0 0 53055
WIT 10 -362 -361 -323 -332 -328 3567 0 0 0 32002 0 -1 0 0 0 32002 32002 0 0 0 0 0 0
WIT 9 -362 -361 -350 -358 -359 0 0 0 0 -361 0 -1 0 0 0 32002 32002 0 0 0 0 0 53055
WIT 8 -362 -361 -347 -354 -354 3567 0 0 0 32002 0 -1 0 0 0 32002 32002 0 0 0 0 0 0
WIT 8 -362 -361 -319 -326 -326 3242 0 0 0 32002 0 -1 0 0 0 32002 32002 0 0 0 0 0 0
WIT 6 -362 -361 -361 -366 -366 3242 0 0 1 -354 0 -1 0 0 0 32002 32002 0 0 0 0 0 53055
WIT 9 -362 -361 -354 -371 -408 0 0 0 0 -361 0 -1 0 0 0 32002 32002 0 0 0 0 0 3956
WIT 8 -362 -361 -377 -384 -384 3567 0 0 1 -355 0 -1 0 0 0 32002 32002 0 0 0 0 0 3956
WIT 7 -362 -361 -327 -333 -333 3242 0 0 0 32002 0 -1 0 0 0 32002 32002 0 0 0 0 0 0
WIT 7 -362 -361 -392 -398 -398 3242 0 0 1 -357 0 -1 0 0 0 32002 32002 0 0 0 0 0 3956
WIT 8 -362 -361 -347 -354 -354 3567 0 0 0 32002 0 -1 0 0 0 32002 32002 0 0 0 0 0 0
WIT 7 -362 -361 -392 -398 -405 0 0 0 0 -361 0 -1 0 0 0 32002 32002 0 0 0 0 0 3956
WIT 9 -362 -361 -335 -343 -431 0 0 0 0 -333 0 -1 0 0 0 32002 32002 0 0 0 0 0 3373
WIT 8 -362 -361 -354 -361 -360 3242 0 0 0 32002 0 -1 0 0 0 32002 32002 0 0 0 0 0 0
WIT 8 -362 -361 -354 -369 -371 0 0 0 0 -361 0 -1 0 0 0 32002 32002 0 0 0 0 0 3956
WIT 6 -362 -361 -392 -397 -384 3567 0 0 1 -353 0 -1 0 0 0 32002 32002 0 0 0 0 0 3956
WIT 6 -362 -361 -332 -337 -337 3242 0 0 0 32002 0 -1 0 0 0 32002 32002 0 0 0 0 0 0
WIT 6 -362 -361 -392 -397 -398 0 0 0 0 -361 0 -1 0 0 0 32002 32002 0 0 0 0 0 3956
WIT 6 -362 -361 -352 -357 -358 0 0 0 0 -361 0 -1 0 0 0 32002 32002 0 0 0 0 0 3956
WIT 6 -362 -361 -315 -320 -320 3242 0 0 0 32002 0 -1 0 0 0 32002 32002 0 0 0 0 0 0
WIT 7 -362 -361 -392 -398 -397 3242 0 0 1 -325 0 -1 0 0 0 32002 32002 0 0 0 0 0 53055
WIT 6 -362 -361 -354 -359 -367 0 0 0 0 -350 0 -1 0 0 0 32002 32002 0 0 0 0 0 3956
WIT 6 -362 -361 -334 -339 -305 3242 0 0 0 32002 0 -1 0 0 0 32002 32002 0 0 0 0 0 0
WIT 6 -362 -361 -348 -353 -353 3242 0 0 0 32002 0 -1 0 0 0 32002 32002 0 0 0 0 0 0
WIT 7 -362 -361 -326 -332 -326 3242 0 0 0 32002 0 -1 0 0 0 32002 32002 0 0 0 0 0 0
WIT 6 -362 -361 -348 -353 -434 0 0 0 0 -243 0 -1 0 0 0 32002 32002 0 0 0 0 0 3632
WIT 10 -362 -361 -354 -373 -363 4013 0 0 1 -361 0 -1 0 0 0 32002 32002 0 0 0 0 0 3956
WIT 9 -362 -361 -354 -362 -356 4013 0 0 0 32002 0 -1 0 0 0 32002 32002 0 0 0 0 0 0
WIT 9 -362 -361 -354 -362 -362 4013 0 0 1 -361 0 -1 0 0 0 32002 32002 0 0 0 0 0 3956
WIT 8 -362 -361 -392 -399 -363 4013 0 0 1 -352 0 -1 0 0 0 32002 32002 0 0 0 0 0 3956
WIT 8 -362 -361 -354 -361 -346 4013 0 0 0 32002 0 -1 0 0 0 32002 32002 0 0 0 0 0 0
WIT 8 -362 -361 -354 -361 -361 4013 0 0 0 32002 0 -1 0 0 0 32002 32002 0 0 0 0 0 0
WIT 8 -362 -361 -392 -399 -367 4013 0 0 1 -355 0 -1 0 0 0 32002 32002 0 0 0 0 0 3956
WIT 6 -362 -361 -301 -306 -292 4013 0 0 0 32002 0 -1 0 0 0 32002 32002 0 0 0 0 0 0
WIT 8 -362 -361 -336 -351 -394 0 0 0 0 -342 0 -1 0 0 0 32002 32002 0 0 0 0 0 3559
WIT 8 -362 -361 -354 -361 -352 4013 0 0 0 32002 0 -1 0 0 0 32002 32002 0 0 0 0 0 0
WIT 7 -362 -361 -342 -348 -333 4013 0 0 0 32002 0 -1 0 0 0 32002 32002 0 0 0 0 0 0
WIT 7 -362 -361 -331 -337 -310 4013 0 0 0 32002 0 -1 0 0 0 32002 32002 0 0 0 0 0 0
WIT 7 -362 -361 -341 -347 -308 4013 0 0 0 32002 0 -1 0 0 0 32002 32002 0 0 0 0 0 0
WIT 7 -362 -361 -346 -352 -315 4013 0 0 0 32002 0 -1 0 0 0 32002 32002 0 0 0 0 0 0
WIT 7 -362 -361 -346 -352 -342 4013 0 0 0 32002 0 -1 0 0 0 32002 32002 0 0 0 0 0 0
WIT 8 -362 -361 -392 -399 -351 4013 0 0 0 32002 0 -1 0 0 0 32002 32002 0 0 0 0 0 0
WIT 6 -362 -361 -304 -309 -262 4013 0 0 0 32002 0 -1 0 0 0 32002 32002 0 0 0 0 0 0
WIT 8 -343 -342 -354 -361 -360 2788 1 0 0 -330 0 -1 0 0 0 32002 32002 0 0 0 0 0 2980
WIT 6 -343 -342 -354 -359 -356 2723 1 0 0 -342 0 -1 0 0 0 32002 32002 0 0 0 0 0 2721
WIT 7 -343 -342 -354 -360 -361 0 0 0 0 -342 0 -1 0 0 0 32002 32002 0 0 0 0 0 3242
WIT 8 -343 -342 -353 -360 71 3241 1 0 0 32002 0 -1 0 0 0 32002 32002 0 0 0 0 0 0
WIT 7 -343 -342 -290 -296 -275 3567 0 0 0 32002 0 -1 0 0 0 32002 32002 0 0 0 0 0 0
WIT 7 -343 -342 -308 -314 -489 0 0 0 0 -342 0 -1 0 0 0 32002 32002 0 0 0 0 0 3584
WIT 9 -343 -342 -327 -344 -380 0 0 0 0 -342 0 -1 0 0 0 32002 32002 0 0 0 0 0 3177
WIT 8 -343 -342 -361 -376 -381 0 0 0 0 -342 0 -1 0 0 0 32002 32002 0 0 0 0 0 3177
WIT 8 -343 -342 -361 -376 -463 0 0 0 0 -342 0 -1 0 0 0 32002 32002 0 0 0 0 0 3632
WIT 7 -343 -342 -357 -363 -348 3242 0 0 1 -296 0 -1 0 0 0 32002 32002 0 0 0 0 0 53055
WIT 6 -343 -342 -343 -348 -348 3242 0 0 1 -340 0 -1 0 0 0 32002 32002 0 0 0 0 0 53055
WIT 6 -343 -342 -352 -357 -347 3242 0 0 1 -282 0 -1 0 0 0 32002 32002 0 0 0 0 0 53055
WIT 6 -343 -342 -347 -352 -353 0 0 0 0 -323 0 -1 0 0 0 32002 32002 0 0 0 0 0 53055
WIT 9 -343 -342 -342 -359 -321 3964 0 0 0 32002 0 -1 0 0 0 32002 32002 0 0 0 0 0 0
WIT 8 -343 -342 -353 -360 71 3241 1 0 0 32002 0 -1 0 0 0 32002 32002 0 0 0 0 0 0
WIT 8 -343 -342 -361 -376 -379 0 0 0 0 -342 0 -1 0 0 0 32002 32002 0 0 0 0 0 3177
WIT 9 -343 -342 -340 -348 -349 3964 0 0 0 -342 0 -1 0 0 0 32002 32002 0 0 0 0 0 3177
WIT 9 -343 -342 -355 -372 -400 0 0 0 0 -342 0 -1 0 0 0 32002 32002 0 0 0 0 0 3632
WIT 7 -343 -342 -323 -329 -315 4031 0 0 0 32002 0 -1 0 0 0 32002 32002 0 0 0 0 0 0
WIT 7 -343 -342 -361 -374 -381 0 0 0 0 -342 0 -1 0 0 0 32002 32002 0 0 0 0 0 53055
WIT 6 -343 -342 -335 -340 -341 0 0 0 0 -326 0 -1 0 0 0 32002 32002 0 0 0 0 0 53055
WIT 6 -343 -342 -331 -336 -255 3567 0 0 0 32002 0 -1 0 0 0 32002 32002 0 0 0 0 0 0
WIT 6 -343 -342 -353 -358 -358 3242 0 0 1 -277 0 -1 0 0 0 32002 32002 0 0 0 0 0 53055
WIT 6 -343 -342 -335 -340 -340 3242 0 0 0 32002 0 -1 0 0 0 32002 32002 0 0 0 0 0 0
WIT 6 -343 -342 -308 -313 -313 3242 0 0 0 32002 0 -1 0 0 0 32002 32002 0 0 0 0 0 0
WIT 7 -343 -342 -335 -341 -341 3242 0 0 0 32002 0 -1 0 0 0 32002 32002 0 0 0 0 0 0
WIT 7 -380 -342 -361 -367 -421 0 0 0 0 -342 0 -1 0 0 0 32002 32002 0 0 0 0 0 3956
WIT 7 -343 -342 -276 -282 -291 0 0 0 0 -302 0 -1 0 0 0 32002 32002 0 0 0 0 0 3632
WIT 10 -343 -342 -357 -366 -367 0 0 0 0 -342 0 -1 0 0 0 32002 32002 0 0 0 0 0 3956
WIT 10 -343 -342 -325 -344 -344 3242 0 0 1 -323 0 -1 0 0 0 32002 32002 0 0 0 0 0 53055
WIT 8 -343 -342 -292 -299 -306 0 0 0 0 -342 0 -1 0 0 0 32002 32002 0 0 0 0 0 53055
WIT 9 -343 -342 -361 -378 -379 0 0 0 0 -342 0 -1 0 0 0 32002 32002 0 0 0 0 0 3956
WIT 6 -343 -342 -336 -341 -341 3242 0 0 0 32002 0 -1 0 0 0 32002 32002 0 0 0 0 0 0
WIT 6 -343 -342 -290 -295 -295 3242 0 0 0 32002 0 -1 0 0 0 32002 32002 0 0 0 0 0 0
WIT 8 -343 -342 -361 -376 -377 0 0 0 0 -342 0 -1 0 0 0 32002 32002 0 0 0 0 0 3956
WIT 7 -343 -342 -361 -367 -367 3242 0 0 1 -285 0 -1 0 0 0 32002 32002 0 0 0 0 0 53055
WIT 7 -343 -342 -340 -346 -346 3242 0 0 1 -340 0 -1 0 0 0 32002 32002 0 0 0 0 0 53055
WIT 6 -343 -342 -361 -366 -366 3242 0 0 1 -342 0 -1 0 0 0 32002 32002 0 0 0 0 0 53055
WIT 8 -343 -342 -361 -376 -385 0 0 0 0 -342 0 -1 0 0 0 32002 32002 0 0 0 0 0 3956
WIT 11 -343 -342 -333 -343 -334 2932 0 0 0 32002 0 -1 0 0 0 32002 32002 0 0 0 0 0 0
WIT 11 -343 -342 -335 -356 -453 0 0 0 0 -334 0 -1 0 0 0 32002 32002 0 0 0 0 0 3373
WIT 10 -343 -342 -324 -333 -333 3242 0 0 0 32002 0 -1 0 0 0 32002 32002 0 0 0 0 0 0
WIT 8 -343 -342 -350 -357 -357 3242 0 0 1 -323 0 -1 0 0 0 32002 32002 0 0 0 0 0 53055
WIT 7 -343 -342 -279 -285 -285 3242 0 0 0 32002 0 -1 0 0 0 32002 32002 0 0 0 0 0 0
WIT 7 -343 -342 -354 -360 -360 3242 0 0 1 -342 0 -1 0 0 0 32002 32002 0 0 0 0 0 53055
WIT 6 -343 -342 -336 -341 -341 3242 0 0 0 32002 0 -1 0 0 0 32002 32002 0 0 0 0 0 0
WIT 10 -343 -342 -361 -380 -387 0 0 0 0 -342 0 -1 0 0 0 32002 32002 0 0 0 0 0 3956
WIT 9 -343 -342 -351 -368 -368 3242 0 0 1 -329 0 -1 0 0 0 32002 32002 0 0 0 0 0 3956
WIT 9 -343 -342 -355 -363 -342 3567 0 0 0 32002 0 -1 0 0 0 32002 32002 0 0 0 0 0 0
WIT 6 -343 -342 -342 -347 -328 3567 0 0 0 32002 0 -1 0 0 0 32002 32002 0 0 0 0 0 0
WIT 8 -343 -342 -355 -362 -363 0 0 0 0 -342 0 -1 0 0 0 32002 32002 0 0 0 0 0 3956
WIT 10 -343 -342 -361 -380 -380 3567 0 0 1 -342 0 -1 0 0 0 32002 32002 0 0 0 0 0 53055
WIT 6 -343 -342 -324 -329 -329 3242 0 0 0 32002 0 -1 0 0 0 32002 32002 0 0 0 0 0 0
WIT 7 -343 -342 -325 -331 -325 3567 0 0 0 32002 0 -1 0 0 0 32002 32002 0 0 0 0 0 0
WIT 7 -343 -342 -342 -348 -345 3567 0 0 1 -342 0 -1 0 0 0 32002 32002 0 0 0 0 0 53055
WIT 8 -343 -342 -355 -362 -343 3567 0 0 1 -288 0 -1 0 0 0 32002 32002 0 0 0 0 0 53055
WIT 8 -343 -342 -354 -361 -330 4031 0 0 0 32002 0 -1 0 0 0 32002 32002 0 0 0 0 0 0
WIT 9 -343 -342 -351 -359 -359 2980 1 0 0 -341 0 -1 0 0 0 32002 32002 0 0 0 0 0 2788
WIT 7 -343 -342 -354 -367 -370 0 0 0 0 -342 0 -1 0 0 0 32002 32002 0 0 0 0 0 53055
WIT 9 -343 -342 -361 -378 -420 0 0 0 0 -342 0 -1 0 0 0 32002 32002 0 0 0 0 0 3956
WIT 7 -343 -342 -356 -362 -320 3567 0 0 0 32002 0 -1 0 0 0 32002 32002 0 0 0 0 0 0
WIT 8 -343 -342 -317 -324 -309 0 0 0 0 32002 0 -1 0 0 0 32002 32002 0 0 0 0 0 0
WIT 8 -343 -342 -327 -334 -333 3242 0 0 0 32002 0 -1 0 0 0 32002 32002 0 0 0 0 0 0
WIT 8 -343 -342 -354 -361 -361 3242 0 0 1 -342 0 -1 0 0 0 32002 32002 0 0 0 0 0 3956
WIT 8 -343 -342 -332 -339 -330 3567 0 0 0 32002 0 -1 0 0 0 32002 32002 0 0 0 0 0 0
WIT 8 -343 -342 -339 -346 -346 3242 0 0 1 -342 0 -1 0 0 0 32002 32002 0 0 0 0 0 3956
WIT 6 -343 -342 -330 -335 -335 3242 0 0 0 32002 0 -1 0 0 0 32002 32002 0 0 0 0 0 0
WIT 6 -343 -342 -354 -359 -359 3242 0 0 1 -283 0 -1 0 0 0 32002 32002 0 0 0 0 0 3956
WIT 7 -343 -342 -352 -358 -358 3242 0 0 1 -337 0 -1 0 0 0 32002 32002 0 0 0 0 0 3956
WIT 6 -343 -342 -314 -319 -319 3242 0 0 0 32002 0 -1 0 0 0 32002 32002 0 0 0 0 0 0
WIT 8 -343 -342 -355 -370 -371 0 0 0 0 -338 0 -1 0 0 0 32002 32002 0 0 0 0 0 3559
WIT 7 -343 -342 -340 -346 -346 3242 0 0 1 -341 0 -1 0 0 0 32002 32002 0 0 0 0 0 3956
WIT 7 -343 -342 -320 -326 -326 3242 0 0 0 32002 0 -1 0 0 0 32002 32002 0 0 0 0 0 0
WIT 8 -343 -342 -325 -332 -332 3242 0 0 0 32002 0 -1 0 0 0 32002 32002 0 0 0 0 0 0
WIT 8 -343 -342 -349 -356 -382 0 0 0 0 -341 0 -1 0 0 0 32002 32002 0 0 0 0 0 3241
WIT 8 -343 -342 -329 -336 -336 3567 0 0 0 32002 0 -1 0 0 0 32002 32002 0 0 0 0 0 0
WIT 8 -343 -342 -361 -368 -338 3242 0 0 0 32002 0 -1 0 0 0 32002 32002 0 0 0 0 0 0
WIT 8 -343 -342 -320 -327 -327 3242 0 0 0 32002 0 -1 0 0 0 32002 32002 0 0 0 0 0 0
WIT 8 -343 -342 -334 -341 -301 3242 0 0 0 32002 0 -1 0 0 0 32002 32002 0 0 0 0 0 0
WIT 8 -343 -342 -306 -313 -313 3242 0 0 0 32002 0 -1 0 0 0 32002 32002 0 0 0 0 0 0
WIT 8 -343 -342 -298 -305 -305 3242 0 0 0 32002 0 -1 0 0 0 32002 32002 0 0 0 0 0 0
WIT 8 -343 -342 -347 -354 -354 3242 0 0 1 -297 0 -1 0 0 0 32002 32002 0 0 0 0 0 3956
WIT 8 -343 -342 -319 -326 -326 3242 0 0 0 32002 0 -1 0 0 0 32002 32002 0 0 0 0 0 0
WIT 9 -343 -342 -342 -359 -359 3242 0 0 1 -342 0 -1 0 0 0 32002 32002 0 0 0 0 0 53055
WIT 9 -343 -342 -354 -362 -362 2980 1 0 0 -322 0 -1 0 0 0 32002 32002 0 0 0 0 0 2788
WIT 6 -343 -342 -354 -359 -333 4031 0 0 0 32002 0 -1 0 0 0 32002 32002 0 0 0 0 0 0
WIT 8 -343 -342 -354 -361 -355 53055 0 0 1 -343 1 1 84684 1 1 -343 -333 0 0 0 0 21 53055
WIT 8 -343 -342 -354 -369 -370 0 0 0 0 -342 0 -1 0 0 0 32002 32002 0 0 0 0 0 3956
WIT 8 -380 -342 -361 -368 -383 0 0 0 0 -342 0 -1 0 0 0 32002 32002 0 0 0 0 0 4013
WIT 10 -343 -342 -361 -370 -347 4013 0 0 1 -342 0 -1 0 0 0 32002 32002 0 0 0 0 0 3956
WIT 9 -343 -342 -354 -362 -346 4013 0 0 1 -342 0 -1 0 0 0 32002 32002 0 0 0 0 0 3956
WIT 8 -343 -342 -361 -368 -360 4013 0 0 1 -342 0 -1 0 0 0 32002 32002 0 0 0 0 0 3956
WIT 8 -343 -342 -353 -360 -360 3242 0 0 1 -336 0 -1 0 0 0 32002 32002 0 0 0 0 0 3956
WIT 9 -343 -342 -361 -378 -364 4013 0 0 1 -342 0 -1 0 0 0 32002 32002 0 0 0 0 0 3956
WIT 8 -343 -342 -353 -360 -353 4013 0 0 1 -332 0 -1 0 0 0 32002 32002 0 0 0 0 0 3956
WIT 8 -343 -342 -354 -361 -352 4013 0 0 1 -342 0 -1 0 0 0 32002 32002 0 0 0 0 0 3956
WIT 8 -343 -342 -343 -358 -423 0 0 0 0 -342 0 -1 0 0 0 32002 32002 0 0 0 0 0 3559
WIT 8 -343 -342 -354 -361 -356 4013 0 0 1 -342 0 -1 0 0 0 32002 32002 0 0 0 0 0 3956
WIT 8 -343 -342 -347 -354 -333 0 0 0 0 32002 0 -1 0 0 0 32002 32002 0 0 0 0 0 0
WIT 8 -343 -342 -361 -368 -363 4013 0 0 1 -342 0 -1 0 0 0 32002 32002 0 0 0 0 0 3956
WIT 7 -343 -342 -354 -360 -329 4013 0 0 0 32002 0 -1 0 0 0 32002 32002 0 0 0 0 0 0
WIT 7 -343 -342 -355 -361 -358 4013 0 0 1 -342 0 -1 0 0 0 32002 32002 0 0 0 0 0 3956
WIT 8 -343 -342 -392 -399 -351 4013 0 0 1 -342 0 -1 0 0 0 32002 32002 0 0 0 0 0 3956
WIT 7 -343 -342 -342 -348 -333 4013 0 0 0 32002 0 -1 0 0 0 32002 32002 0 0 0 0 0 0
WIT 7 -343 -342 -346 -352 -315 4013 0 0 0 32002 0 -1 0 0 0 32002 32002 0 0 0 0 0 0
WIT 7 -343 -342 -341 -347 -308 4013 0 0 0 32002 0 -1 0 0 0 32002 32002 0 0 0 0 0 0
WIT 7 -343 -342 -346 -352 -342 4013 0 0 0 32002 0 -1 0 0 0 32002 32002 0 0 0 0 0 0
WIT 7 -343 -342 -361 -367 -362 4013 0 0 1 -331 0 -1 0 0 0 32002 32002 0 0 0 0 0 3956
WIT 7 -343 -342 -341 -347 -313 4013 0 0 0 32002 0 -1 0 0 0 32002 32002 0 0 0 0 0 0
WIT 6 -344 -343 -387 -392 -382 3567 0 0 1 -343 0 -1 0 0 0 32002 32002 0 0 0 0 0 3242
WIT 9 -344 -343 -391 -408 -433 0 0 0 0 -343 0 -1 0 0 0 32002 32002 0 0 0 0 0 4013
WIT 7 343 344 383 370 342 0 0 0 0 343 0 -1 0 0 0 32002 32002 0 0 0 0 0 0
WIT 7 -367 -317 -342 -348 -383 0 0 0 0 -344 0 -1 0 0 0 32002 32002 0 0 0 0 0 4013
WIT 6 343 344 491 486 527 40 0 0 0 32002 0 -1 0 0 0 32002 32002 0 0 0 0 0 0
WIT 6 343 344 383 378 432 0 0 0 0 32002 0 -1 0 0 0 32002 32002 0 0 0 0 0 0
WIT 8 -340 -339 -342 -357 -428 0 0 0 0 -339 0 -1 0 0 0 32002 32002 0 0 0 0 0 3177
WIT 8 -340 -339 -342 -357 -450 0 0 0 0 -339 0 -1 0 0 0 32002 32002 0 0 0 0 0 3632
WIT 9 -340 -339 -342 -359 -359 3567 0 0 1 -252 0 -1 0 0 0 32002 32002 0 0 0 0 0 53055
WIT 9 -340 -339 -342 -350 -308 3567 0 0 0 32002 0 -1 0 0 0 32002 32002 0 0 0 0 0 0
WIT 9 -340 -339 -89 -97 -66 3323 0 1 0 32002 0 -1 0 0 0 32002 32002 0 0 0 0 0 0
WIT 8 -340 -339 -342 -349 -552 0 0 0 0 -223 0 -1 0 0 0 32002 32002 0 0 0 0 0 3241
WIT 8 -340 -339 -342 -357 -403 0 0 0 0 -294 0 -1 0 0 0 32002 32002 0 0 0 0 0 3584
WIT 8 -340 -339 -342 -357 -391 0 0 0 0 -333 0 -1 0 0 0 32002 32002 0 0 0 0 0 3177
WIT 8 -340 -339 -342 -357 -360 0 0 0 0 -339 0 -1 0 0 0 32002 32002 0 0 0 0 0 3177
WIT 8 -340 -339 -342 -357 -417 0 0 0 0 -339 0 -1 0 0 0 32002 32002 0 0 0 0 0 3632
WIT 7 -340 -339 -222 -228 -573 0 0 0 0 -339 0 -1 0 0 0 32002 32002 0 0 0 0 0 3241
WIT 6 -340 -339 -171 -176 -226 0 0 0 0 -250 0 -1 0 0 0 32002 32002 0 0 0 0 0 2915
WIT 10 -340 -339 -353 -362 0 3241 1 0 0 32002 0 -1 0 0 0 32002 32002 0 0 0 0 0 0
WIT 8 -340 -339 -342 -357 -371 0 0 0 0 -339 0 -1 0 0 0 32002 32002 0 0 0 0 0 3177
WIT 8 -340 -339 -275 -282 -240 0 0 0 0 32002 0 -1 0 0 0 32002 32002 0 0 0 0 0 0
WIT 7 -340 -339 -361 -367 -367 4031 0 0 1 -339 0 -1 0 0 0 32002 32002 0 0 0 0 0 3962
WIT 7 -340 -339 -342 -355 -361 0 0 0 0 -339 0 -1 0 0 0 32002 32002 0 0 0 0 0 53055
WIT 7 -340 -339 -332 -338 -312 3242 0 0 0 32002 0 -1 0 0 0 32002 32002 0 0 0 0 0 0
WIT 6 -340 -339 -336 -341 -326 0 0 0 0 32002 0 -1 0 0 0 32002 32002 0 0 0 0 0 0
WIT 6 -340 -339 -337 -342 -326 3242 0 0 0 32002 0 -1 0 0 0 32002 32002 0 0 0 0 0 0
WIT 6 -340 -339 -259 -264 -254 0 0 0 0 32002 0 -1 0 0 0 32002 32002 0 0 0 0 0 0
WIT 9 -340 -339 -317 -325 -305 3956 0 0 0 32002 0 -1 0 0 0 32002 32002 0 0 0 0 0 0
WIT 10 -340 -339 -342 -361 -332 3567 0 0 0 32002 0 -1 0 0 0 32002 32002 0 0 0 0 0 0
WIT 11 -340 -339 -323 -333 -323 3567 0 0 0 32002 0 -1 0 0 0 32002 32002 0 0 0 0 0 0
WIT 10 -340 -339 -339 -358 -359 0 0 0 0 -339 0 -1 0 0 0 32002 32002 0 0 0 0 0 3177
WIT 10 -340 -339 -339 -358 -420 0 0 0 0 -339 0 -1 0 0 0 32002 32002 0 0 0 0 0 3632
WIT 11 -340 -339 -339 -360 -303 3567 0 0 0 32002 0 -1 0 0 0 32002 32002 0 0 0 0 0 0
WIT 11 -340 -339 -353 -363 -228 3241 1 0 0 32002 0 -1 0 0 0 32002 32002 0 0 0 0 0 0
WIT 10 -340 -339 -339 -358 -359 0 0 0 0 -339 0 -1 0 0 0 32002 32002 0 0 0 0 0 3177
WIT 10 -340 -339 -339 -358 -369 0 0 0 0 -339 0 -1 0 0 0 32002 32002 0 0 0 0 0 53055
WIT 7 -340 -339 -317 -323 -323 3567 0 0 0 32002 0 -1 0 0 0 32002 32002 0 0 0 0 0 0
WIT 9 -340 -339 -342 -359 -397 0 0 0 0 -339 0 -1 0 0 0 32002 32002 0 0 0 0 0 3956
WIT 8 -340 -339 -336 -343 -321 3567 0 0 0 32002 0 -1 0 0 0 32002 32002 0 0 0 0 0 0
WIT 8 -340 -339 -341 -356 -367 0 0 0 0 -338 0 -1 0 0 0 32002 32002 0 0 0 0 0 3241
WIT 8 -340 -339 -342 -357 -357 3567 0 0 1 -325 0 -1 0 0 0 32002 32002 0 0 0 0 0 3956
WIT 7 -340 -339 -343 -349 -307 3567 0 0 0 32002 0 -1 0 0 0 32002 32002 0 0 0 0 0 0
WIT 7 -340 -339 -342 -355 -355 3567 0 0 1 -303 0 -1 0 0 0 32002 32002 0 0 0 0 0 3956
WIT 9 -340 -339 -325 -333 -333 3567 0 0 0 32002 0 -1 0 0 0 32002 32002 0 0 0 0 0 0
WIT 8 -340 -339 -342 -357 -355 3567 0 0 1 -240 0 -1 0 0 0 32002 32002 0 0 0 0 0 53055
WIT 7 -340 -339 -342 -355 -371 0 0 0 0 -333 0 -1 0 0 0 32002 32002 0 0 0 0 0 3956
WIT 9 -340 -339 -325 -333 -333 3567 0 0 0 32002 0 -1 0 0 0 32002 32002 0 0 0 0 0 0
WIT 8 -340 -339 -286 -293 -293 3567 0 0 0 32002 0 -1 0 0 0 32002 32002 0 0 0 0 0 0
WIT 6 -340 -339 -279 -284 -279 3567 0 0 0 32002 0 -1 0 0 0 32002 32002 0 0 0 0 0 0
WIT 7 -340 -339 -342 -355 -386 0 0 0 0 -337 0 -1 0 0 0 32002 32002 0 0 0 0 0 3956
WIT 7 -340 -339 -342 -348 -348 3567 0 0 1 -331 0 -1 0 0 0 32002 32002 0 0 0 0 0 3956
WIT 7 -340 -339 -332 -338 -330 3567 0 0 0 32002 0 -1 0 0 0 32002 32002 0 0 0 0 0 0
WIT 7 -340 -339 -342 -348 -345 3567 0 0 1 -308 0 -1 0 0 0 32002 32002 0 0 0 0 0 3956
WIT 7 -340 -339 -342 -355 -355 3567 0 0 1 -323 0 -1 0 0 0 32002 32002 0 0 0 0 0 3956
WIT 7 -340 -339 -320 -326 -295 3567 0 0 0 32002 0 -1 0 0 0 32002 32002 0 0 0 0 0 0
WIT 6 -340 -339 -276 -281 -271 3567 0 0 0 32002 0 -1 0 0 0 32002 32002 0 0 0 0 0 0
WIT 7 -340 -339 -329 -335 -336 0 0 0 0 -340 0 -1 0 0 0 32002 32002 0 0 0 0 0 0
WIT 8 372 373 340 333 408 216 0 0 0 32002 0 -1 0 0 0 32002 32002 0 0 0 0 0 0
WIT 6 372 373 472 467 472 0 0 0 0 32002 0 -1 0 0 0 32002 32002 0 0 0 0 0 0
WIT 6 372 373 475 470 470 259 0 0 0 32002 0 -1 0 0 0 32002 32002 0 0 0 0 0 0
WIT 9 372 373 383 366 328 0 0 0 0 373 0 -1 0 0 0 32002 32002 0 0 0 0 0 216
WIT 8 372 373 461 454 423 0 0 0 0 373 0 -1 0 0 0 32002 32002 0 0 0 0 0 2096
WIT 7 372 373 373 367 345 0 0 0 0 373 0 -1 0 0 0 32002 32002 0 0 0 0 0 216
WIT 10 372 373 395 386 386 32 0 0 0 32002 0 -1 0 0 0 32002 32002 0 0 0 0 0 0
WIT 8 372 373 410 403 466 0 0 0 0 32002 0 -1 0 0 0 32002 32002 0 0 0 0 0 0
WIT 8 372 373 462 447 431 0 0 0 0 373 0 -1 0 0 0 32002 32002 0 0 0 0 0 2477
WIT 11 372 373 412 391 389 0 0 0 0 373 0 -1 0 0 0 32002 32002 0 0 0 0 0 166
WIT 9 372 373 402 394 394 216 0 0 0 32002 0 -1 0 0 0 32002 32002 0 0 0 0 0 0
WIT 7 372 373 463 457 508 82 0 0 0 32002 0 -1 0 0 0 32002 32002 0 0 0 0 0 0
WIT 8 372 373 427 420 423 216 0 0 0 32002 0 -1 0 0 0 32002 32002 0 0 0 0 0 0
WIT 7 372 373 383 377 417 82 0 0 0 32002 0 -1 0 0 0 32002 32002 0 0 0 0 0 0
WIT 8 372 373 410 403 398 0 0 0 0 373 0 -1 0 0 0 32002 32002 0 0 0 0 0 82
WIT 9 372 373 396 388 368 0 0 0 0 373 0 -1 0 0 0 32002 32002 0 0 0 0 0 82
WIT 8 372 373 392 385 357 0 0 0 0 372 0 -1 0 0 0 32002 32002 0 0 0 0 0 49415
WIT 9 372 373 397 380 397 82 0 0 0 32002 0 -1 0 0 0 32002 32002 0 0 0 0 0 0
WIT 9 389 390 373 365 365 259 0 0 1 448 0 -1 0 0 0 32002 32002 0 0 0 0 0 2096
WIT 7 389 390 373 367 373 0 0 0 0 478 0 -1 0 0 0 32002 32002 0 0 0 0 0 1584
WIT 7 389 390 373 367 363 0 0 0 0 467 0 -1 0 0 0 32002 32002 0 0 0 0 0 2096
WIT 7 373 390 373 367 330 0 0 0 0 390 0 -1 0 0 0 32002 32002 0 0 0 0 0 216
WIT 8 389 390 375 368 368 49415 0 0 1 421 0 -1 0 0 0 32002 32002 0 0 0 0 0 216
WIT 8 389 390 467 460 467 0 0 0 0 32002 0 -1 0 0 0 32002 32002 0 0 0 0 0 0
WIT 8 389 390 458 443 412 0 0 0 0 467 0 -1 0 0 0 32002 32002 0 0 0 0 0 2096
WIT 7 389 390 373 367 364 0 0 0 0 413 0 -1 0 0 0 32002 32002 0 0 0 0 0 216
WIT 11 389 390 459 438 414 0 0 0 0 390 0 -1 0 0 0 32002 32002 0 0 0 0 0 2096
WIT 10 389 390 390 381 429 2088 0 0 0 32002 0 -1 0 0 0 32002 32002 0 0 0 0 0 0
WIT 9 389 390 421 413 413 49415 0 0 0 32002 0 -1 0 0 0 32002 32002 0 0 0 0 0 0
WIT 7 389 390 442 436 410 0 0 0 0 448 0 -1 0 0 0 32002 32002 0 0 0 0 0 2096
WIT 8 389 390 390 383 382 0 0 0 0 510 0 -1 0 0 0 32002 32002 0 0 0 0 0 157
WIT 6 389 390 475 470 470 259 0 0 0 32002 0 -1 0 0 0 32002 32002 0 0 0 0 0 0
WIT 6 389 390 550 545 544 0 0 0 0 431 0 -1 0 0 0 32002 32002 0 0 0 0 0 2096
WIT 6 389 390 415 410 410 49415 0 0 0 32002 0 -1 0 0 0 32002 32002 0 0 0 0 0 0
WIT 11 389 390 441 420 420 49415 0 0 0 32002 0 -1 0 0 0 32002 32002 0 0 0 0 0 0
WIT 8 389 390 383 376 397 49415 0 0 0 32002 0 -1 0 0 0 32002 32002 0 0 0 0 0 0
WIT 8 389 390 380 373 372 0 0 0 0 438 0 -1 0 0 0 32002 32002 0 0 0 0 0 2096
WIT 7 389 390 415 409 409 49415 0 0 0 32002 0 -1 0 0 0 32002 32002 0 0 0 0 0 0
WIT 7 389 390 428 422 391 0 0 0 0 436 0 -1 0 0 0 32002 32002 0 0 0 0 0 2096
WIT 6 -390 -389 -392 -397 -411 0 0 0 0 -339 0 -1 0 0 0 32002 32002 0 0 0 0 0 4013
WIT 12 389 390 373 350 341 0 0 0 0 389 0 -1 0 0 0 32002 32002 0 0 0 0 0 0
WIT 7 -374 -373 -355 -361 -388 0 0 0 0 -373 0 -1 0 0 0 32002 32002 0 0 0 0 0 53055
WIT 7 -374 -373 -389 -395 -396 0 0 0 0 -373 0 -1 0 0 0 32002 32002 0 0 0 0 0 4013
WIT 7 -374 -373 -389 -395 -401 0 0 0 0 -373 0 -1 0 0 0 32002 32002 0 0 0 0 0 3559
WIT 7 -390 -373 -389 -395 -396 0 0 0 0 -373 0 -1 0 0 0 32002 32002 0 0 0 0 0 3112
WIT 7 -374 -373 -278 -284 -284 2980 1 0 0 32002 0 -1 0 0 0 32002 32002 0 0 0 0 0 0
WIT 8 -374 -373 -286 -293 -293 3112 0 0 0 32002 0 -1 0 0 0 32002 32002 0 0 0 0 0 0
WIT 6 -374 -373 -324 -329 -289 3112 0 0 0 32002 0 -1 0 0 0 32002 32002 0 0 0 0 0 0
WIT 6 -374 -373 -324 -329 -281 3112 0 0 0 32002 0 -1 0 0 0 32002 32002 0 0 0 0 0 0
WIT 10 -374 -373 -338 -347 -356 0 0 0 0 -373 0 -1 0 0 0 32002 32002 0 0 0 0 0 4013
WIT 9 -374 -373 -345 -362 -393 0 0 0 0 -339 0 -1 0 0 0 32002 32002 0 0 0 0 0 4013
WIT 12 -374 -373 -342 -353 -353 4013 0 0 0 32002 0 -1 0 0 0 32002 32002 0 0 0 0 0 0
WIT 10 -374 -373 -342 -351 -339 4013 0 0 0 32002 0 -1 0 0 0 32002 32002 0 0 0 0 0 0
WIT 8 -374 -373 -347 -354 -322 0 0 0 0 32002 0 -1 0 0 0 32002 32002 0 0 0 0 0 0
WIT 8 -374 -373 -333 -340 -325 4013 0 0 0 32002 0 -1 0 0 0 32002 32002 0 0 0 0 0 0
WIT 8 -374 -373 -354 -361 -329 4013 0 0 0 32002 0 -1 0 0 0 32002 32002 0 0 0 0 0 0
WIT 9 -374 -373 -342 -350 -330 4013 0 0 0 32002 0 -1 0 0 0 32002 32002 0 0 0 0 0 0
WIT 7 -374 -373 -341 -347 -308 4013 0 0 0 32002 0 -1 0 0 0 32002 32002 0 0 0 0 0 0
WIT 7 -374 -373 -342 -348 -315 4013 0 0 0 32002 0 -1 0 0 0 32002 32002 0 0 0 0 0 0
WIT 7 -374 -373 -346 -352 -342 4013 0 0 0 32002 0 -1 0 0 0 32002 32002 0 0 0 0 0 0
WIT 10 373 390 373 364 342 0 0 0 0 373 0 -1 0 0 0 32002 32002 0 0 0 0 0 0
WIT 7 -351 -350 -373 -379 -380 0 0 0 0 -300 0 -1 0 0 0 32002 32002 0 0 0 0 0 3288
WIT 6 -351 -350 -373 -378 -402 0 0 0 0 -322 0 -1 0 0 0 32002 32002 0 0 0 0 0 53055
WIT 10 -351 -350 -305 -314 -338 0 0 0 0 -350 0 -1 0 0 0 32002 32002 0 0 0 0 0 3288
WIT 9 -351 -350 -325 -342 -376 0 0 0 0 -350 0 -1 0 0 0 32002 32002 0 0 0 0 0 53055
WIT 7 -351 -350 -373 -379 -400 0 0 0 0 -328 0 -1 0 0 0 32002 32002 0 0 0 0 0 3624
WIT 8 -351 -350 -373 -380 -399 0 0 0 0 -350 0 -1 0 0 0 32002 32002 0 0 0 0 0 4013
WIT 7 -351 -350 -356 -362 -362 3567 0 0 1 -336 0 -1 0 0 0 32002 32002 0 0 0 0 0 53055
WIT 8 -351 -350 -373 -388 -403 0 0 0 0 -350 0 -1 0 0 0 32002 32002 0 0 0 0 0 4013
WIT 8 -351 -350 -351 -358 -346 3387 0 0 0 32002 0 -1 0 0 0 32002 32002 0 0 0 0 0 0
WIT 8 -351 -350 -373 -380 -330 0 0 0 0 32002 0 -1 0 0 0 32002 32002 0 0 0 0 0 0
WIT 7 -351 -350 -373 -386 -455 0 0 0 0 -346 0 -1 0 0 0 32002 32002 0 0 0 0 0 3559
WIT 7 -351 -350 -373 -379 -384 0 0 0 0 -340 0 -1 0 0 0 32002 32002 0 0 0 0 0 53055
WIT 8 -351 -350 -373 -380 -385 0 0 0 0 -350 0 -1 0 0 0 32002 32002 0 0 0 0 0 4013
WIT 7 -351 -350 -348 -354 -355 0 0 0 0 -350 0 -1 0 0 0 32002 32002 0 0 0 0 0 4013
WIT 7 -390 -350 -389 -395 -396 0 0 0 0 -350 0 -1 0 0 0 32002 32002 0 0 0 0 0 3112
WIT 10 -351 -350 -373 -392 -392 3112 0 0 1 -350 0 -1 0 0 0 32002 32002 0 0 0 0 0 4013
WIT 8 -390 -350 -373 -380 -390 0 0 0 0 -350 0 -1 0 0 0 32002 32002 0 0 0 0 0 3956
WIT 11 -351 -350 -342 -352 -352 4013 0 0 1 -350 0 -1 0 0 0 32002 32002 0 0 0 0 0 3956
WIT 9 -351 -350 -373 -381 -348 4013 0 0 0 32002 0 -1 0 0 0 32002 32002 0 0 0 0 0 0
WIT 9 -351 -350 -342 -350 -338 4013 0 0 0 32002 0 -1 0 0 0 32002 32002 0 0 0 0 0 0
WIT 8 -351 -350 -333 -340 -325 4013 0 0 0 32002 0 -1 0 0 0 32002 32002 0 0 0 0 0 0
WIT 8 -351 -350 -347 -354 -320 0 0 0 0 32002 0 -1 0 0 0 32002 32002 0 0 0 0 0 0
WIT 8 -351 -350 -342 -349 -325 4013 0 0 0 32002 0 -1 0 0 0 32002 32002 0 0 0 0 0 0
WIT 7 -351 -350 -354 -360 -329 4013 0 0 0 32002 0 -1 0 0 0 32002 32002 0 0 0 0 0 0
WIT 7 -351 -350 -336 -342 -342 3112 0 0 0 32002 0 -1 0 0 0 32002 32002 0 0 0 0 0 0
WIT 7 -351 -350 -342 -348 -348 3112 0 0 0 32002 0 -1 0 0 0 32002 32002 0 0 0 0 0 0
WIT 7 -351 -350 -341 -347 -347 3112 0 0 0 32002 0 -1 0 0 0 32002 32002 0 0 0 0 0 0
WIT 7 -351 -350 -332 -338 -338 3112 0 0 0 32002 0 -1 0 0 0 32002 32002 0 0 0 0 0 0
WIT 7 -351 -350 -342 -348 -327 4013 0 0 0 32002 0 -1 0 0 0 32002 32002 0 0 0 0 0 0
WIT 7 -351 -350 -346 -352 -342 4013 0 0 0 32002 0 -1 0 0 0 32002 32002 0 0 0 0 0 0
WIT 7 -351 -350 -342 -348 -328 4013 0 0 0 32002 0 -1 0 0 0 32002 32002 0 0 0 0 0 0
WIT 7 -320 -319 -336 -342 -320 3960 0 0 1 -299 0 -1 0 0 0 32002 32002 0 0 0 0 0 2931
WIT 6 -320 -319 -337 -342 -482 0 0 0 0 -319 0 -1 0 0 0 32002 32002 0 0 0 0 0 3176
WIT 11 -320 -319 -338 -348 -335 3176 1 0 0 -319 0 -1 0 0 0 32002 32002 0 0 0 0 0 3624
WIT 9 -320 -319 -350 -367 -370 0 0 0 0 -319 0 -1 0 0 0 32002 32002 0 0 0 0 0 3288
WIT 8 -320 -319 -350 -365 -386 0 0 0 0 -319 0 -1 0 0 0 32002 32002 0 0 0 0 0 53055
WIT 7 -320 -319 -301 -307 -292 3960 0 0 0 32002 0 -1 0 0 0 32002 32002 0 0 0 0 0 0
WIT 9 -320 -319 -339 -347 -357 0 0 0 0 -318 0 -1 0 0 0 32002 32002 0 0 0 0 0 3624
WIT 9 -320 -319 -340 -348 -349 0 0 0 0 -319 0 -1 0 0 0 32002 32002 0 0 0 0 0 3288
WIT 8 -320 -319 -341 -348 -365 0 0 0 0 -319 0 -1 0 0 0 32002 32002 0 0 0 0 0 53055
WIT 7 -320 -319 -350 -356 -356 3567 0 0 1 -319 0 -1 0 0 0 32002 32002 0 0 0 0 0 53055
WIT 7 -320 -319 -350 -363 -383 0 0 0 0 -319 0 -1 0 0 0 32002 32002 0 0 0 0 0 4013
WIT 8 -320 -319 -328 -335 -675 0 0 0 0 -292 0 -1 0 0 0 32002 32002 0 0 0 0 0 3176
WIT 8 -320 -319 -330 -337 -364 0 0 0 0 -294 0 -1 0 0 0 32002 32002 0 0 0 0 0 3624
WIT 11 -320 -319 -319 -340 -350 0 0 0 0 -319 0 -1 0 0 0 32002 32002 0 0 0 0 0 3288
WIT 10 -320 -319 -319 -338 -364 0 0 0 0 -319 0 -1 0 0 0 32002 32002 0 0 0 0 0 53055
WIT 7 -320 -319 -350 -356 -356 3567 0 0 1 -319 0 -1 0 0 0 32002 32002 0 0 0 0 0 53055
WIT 7 -320 -319 -350 -356 -356 3567 0 0 1 -305 0 -1 0 0 0 32002 32002 0 0 0 0 0 53055
WIT 7 -320 -319 -350 -363 -383 0 0 0 0 -319 0 -1 0 0 0 32002 32002 0 0 0 0 0 4013
WIT 7 -320 -319 -292 -298 -298 3567 0 0 0 32002 0 -1 0 0 0 32002 32002 0 0 0 0 0 0
WIT 8 -320 -319 -330 -337 -496 0 0 0 0 -320 0 -1 0 0 0 32002 32002 0 0 0 0 0 0
WIT 8 -320 -319 -332 -339 -354 0 0 0 0 -320 0 -1 0 0 0 32002 32002 0 0 0 0 0 0
WIT 7 -320 -319 -350 -363 -368 0 0 0 0 -320 0 -1 0 0 0 32002 32002 0 0 0 0 0 0
WIT 10 380 381 390 371 339 0 0 0 0 380 0 -1 0 0 0 32002 32002 0 0 0 0 0 0
WIT 7 371 372 373 360 388 32 0 0 0 32002 0 -1 0 0 0 32002 32002 0 0 0 0 0 0
WIT 7 371 372 406 400 400 2152 1 0 0 32002 0 -1 0 0 0 32002 32002 0 0 0 0 0 0
WIT 7 -381 -319 -350 -356 -373 0 0 0 0 -381 0 -1 0 0 0 32002 32002 0 0 0 0 0 4013
WIT 7 -373 -372 -373 -379 -349 4013 0 0 0 32002 0 -1 0 0 0 32002 32002 0 0 0 0 0 0
WIT 6 383 384 320 315 315 192 0 0 1 370 1 1 22176 1 1 383 350 0 0 0 0 2 0
WIT 6 383 384 337 332 326 0 0 0 0 404 0 -1 0 0 0 32002 32002 0 0 0 0 0 2608
WIT 9 383 384 421 413 413 49415 0 0 0 32002 0 -1 0 0 0 32002 32002 0 0 0 0 0 0
WIT 8 383 384 417 410 409 0 0 0 0 411 0 -1 0 0 0 32002 32002 0 0 0 0 0 216
WIT 8 383 384 415 408 408 49415 0 0 0 32002 0 -1 0 0 0 32002 32002 0 0 0 0 0 0
WIT 7 383 384 398 392 391 0 0 0 0 394 0 -1 0 0 0 32002 32002 0 0 0 0 0 216
WIT 7 383 384 373 367 410 216 0 0 0 32002 0 -1 0 0 0 32002 32002 0 0 0 0 0 0
WIT 6 383 384 384 379 364 0 0 0 0 384 0 -1 0 0 0 32002 32002 0 0 0 0 0 192
WIT 6 383 384 392 387 412 0 0 0 0 32002 0 -1 0 0 0 32002 32002 0 0 0 0 0 0
WIT 8 383 384 410 395 378 0 0 0 0 383 0 -1 0 0 0 32002 32002 0 0 0 0 0 148
WIT 8 383 384 466 459 490 2064 0 0 0 32002 0 -1 0 0 0 32002 32002 0 0 0 0 0 0
WIT 8 383 384 320 313 308 0 0 0 0 371 0 -1 0 0 0 32002 32002 0 0 0 0 0 0
WIT 8 383 384 320 313 274 0 0 0 0 372 0 -1 0 0 0 32002 32002 0 0 0 0 0 0
WIT 8 383 384 384 369 336 0 0 0 0 373 0 -1 0 0 0 32002 32002 0 0 0 0 0 0
WIT 7 -384 -383 -315 -328 -372 0 0 0 0 -374 0 -1 0 0 0 32002 32002 0 0 0 0 0 3624
WIT 11 -384 -383 -389 -410 -389 4013 0 0 1 -375 0 -1 0 0 0 32002 32002 0 0 0 0 0 3112
WIT 7 -349 -348 -292 -298 -298 3567 0 0 0 32002 0 -1 0 0 0 32002 32002 0 0 0 0 0 0
WIT 7 -384 -348 -373 -379 -382 0 0 0 0 -348 0 -1 0 0 0 32002 32002 0 0 0 0 0 3624
WIT 7 -349 -348 -311 -317 -325 0 0 0 0 -348 0 -1 0 0 0 32002 32002 0 0 0 0 0 53055
WIT 8 -384 -348 -374 -381 -389 0 0 0 0 -348 0 -1 0 0 0 32002 32002 0 0 0 0 0 4013
WIT 7 -349 -348 -373 -379 -377 3567 0 0 1 -344 0 -1 0 0 0 32002 32002 0 0 0 0 0 4013
WIT 8 -349 -348 -293 -300 -266 0 0 0 0 32002 0 -1 0 0 0 32002 32002 0 0 0 0 0 0
WIT 11 -349 -348 -375 -396 -420 0 0 0 0 -348 0 -1 0 0 0 32002 32002 0 0 0 0 0 3624
WIT 10 -349 -348 -290 -299 -312 0 0 0 0 -308 0 -1 0 0 0 32002 32002 0 0 0 0 0 3624
WIT 12 -349 -348 -294 -305 -314 0 0 0 0 -348 0 -1 0 0 0 32002 32002 0 0 0 0 0 3176
WIT 12 -349 -348 -318 -329 -348 0 0 0 0 -348 0 -1 0 0 0 32002 32002 0 0 0 0 0 3624
WIT 12 -349 -348 -319 -330 -335 0 0 0 0 -348 0 -1 0 0 0 32002 32002 0 0 0 0 0 3288
WIT 11 -349 -348 -319 -340 -344 0 0 0 0 -348 0 -1 0 0 0 32002 32002 0 0 0 0 0 53055
WIT 9 -349 -348 -319 -327 -327 3567 0 0 0 32002 0 -1 0 0 0 32002 32002 0 0 0 0 0 0
WIT 7 -349 -348 -299 -305 -305 3322 0 0 0 32002 0 -1 0 0 0 32002 32002 0 0 0 0 0 0
WIT 6 -349 -348 -319 -324 -324 3567 0 0 0 32002 0 -1 0 0 0 32002 32002 0 0 0 0 0 0
WIT 11 -349 -348 -319 -340 -349 0 0 0 0 -348 0 -1 0 0 0 32002 32002 0 0 0 0 0 4013
WIT 10 -349 -348 -350 -369 -369 3567 0 0 1 -348 0 -1 0 0 0 32002 32002 0 0 0 0 0 4013
WIT 6 -349 -348 -316 -321 -321 4031 0 0 0 32002 0 -1 0 0 0 32002 32002 0 0 0 0 0 0
WIT 10 -349 -348 -294 -303 -801 0 0 0 0 -343 0 -1 0 0 0 32002 32002 0 0 0 0 0 3176
WIT 10 -349 -348 -296 -315 -323 0 0 0 0 -343 0 -1 0 0 0 32002 32002 0 0 0 0 0 3624
WIT 8 -349 -348 -319 -326 -326 3567 0 0 0 32002 0 -1 0 0 0 32002 32002 0 0 0 0 0 0
WIT 7 -349 -348 -306 -312 -312 3567 0 0 0 32002 0 -1 0 0 0 32002 32002 0 0 0 0 0 0
WIT 9 -349 -348 -319 -336 -366 0 0 0 0 -348 0 -1 0 0 0 32002 32002 0 0 0 0 0 4013
WIT 10 -349 -348 -341 -350 -326 3176 1 0 0 32002 0 -1 0 0 0 32002 32002 0 0 0 0 0 0
WIT 10 -349 -348 -351 -360 -340 3387 0 0 0 32002 0 -1 0 0 0 32002 32002 0 0 0 0 0 0
WIT 8 -349 -348 -373 -380 -323 0 0 0 0 32002 0 -1 0 0 0 32002 32002 0 0 0 0 0 0
WIT 9 -349 -348 -346 -363 -384 0 0 0 0 -348 0 -1 0 0 0 32002 32002 0 0 0 0 0 3559
WIT 9 -349 -348 -351 -359 -325 3387 0 0 0 32002 0 -1 0 0 0 32002 32002 0 0 0 0 0 0
WIT 9 -349 -348 -373 -381 -381 3387 0 0 1 -341 0 -1 0 0 0 32002 32002 0 0 0 0 0 4013
WIT 6 -349 -348 -350 -355 -355 2980 1 0 0 -260 0 -1 0 0 0 32002 32002 0 0 0 0 0 2788
WIT 9 -349 -348 -350 -358 -567 0 0 0 0 -302 0 -1 0 0 0 32002 32002 0 0 0 0 0 3176
WIT 10 -349 -348 -350 -359 -366 0 0 0 0 -324 0 -1 0 0 0 32002 32002 0 0 0 0 0 3624
WIT 10 -349 -348 -337 -346 -346 3567 0 0 0 32002 0 -1 0 0 0 32002 32002 0 0 0 0 0 0
WIT 9 -349 -348 -350 -358 -358 3322 0 0 1 -348 0 -1 0 0 0 32002 32002 0 0 0 0 0 53055
WIT 8 -349 -348 -350 -357 -357 2980 1 0 0 -344 0 -1 0 0 0 32002 32002 0 0 0 0 0 2788
WIT 6 -349 -348 -339 -344 -317 3559 0 0 0 32002 0 -1 0 0 0 32002 32002 0 0 0 0 0 0
WIT 6 -349 -348 -314 -319 -319 3322 0 0 0 32002 0 -1 0 0 0 32002 32002 0 0 0 0 0 0
WIT 7 -349 -348 -324 -330 -330 3322 0 0 0 32002 0 -1 0 0 0 32002 32002 0 0 0 0 0 0
WIT 6 -349 -348 -302 -307 -277 0 0 0 0 32002 0 -1 0 0 0 32002 32002 0 0 0 0 0 0
WIT 7 -349 -348 -350 -356 -337 2331 1 0 0 32002 0 -1 0 0 0 32002 32002 0 0 0 0 0 0
WIT 6 -349 -348 -333 -338 -329 0 0 0 0 32002 0 -1 0 0 0 32002 32002 0 0 0 0 0 0
WIT 9 -349 -348 -350 -367 -382 0 0 0 0 -348 0 -1 0 0 0 32002 32002 0 0 0 0 0 4013
WIT 8 -384 -348 -375 -382 -390 0 0 0 0 -348 0 -1 0 0 0 32002 32002 0 0 0 0 0 3112
WIT 10 -349 -348 -350 -369 -369 3112 0 0 1 -251 0 -1 0 0 0 32002 32002 0 0 0 0 0 4013
WIT 9 -349 -348 -367 -384 -388 0 0 0 0 -348 0 -1 0 0 0 32002 32002 0 0 0 0 0 3559
WIT 9 -349 -348 -342 -350 -350 3322 0 0 1 -342 0 -1 0 0 0 32002 32002 0 0 0 0 0 4013
WIT 6 -349 -348 -392 -397 -373 3567 0 0 1 -344 0 -1 0 0 0 32002 32002 0 0 0 0 0 3242
WIT 6 -349 -348 -351 -356 -463 0 0 0 0 -347 0 -1 0 0 0 32002 32002 0 0 0 0 0 3632
WIT 6 -349 -348 -344 -349 -354 0 0 0 0 -342 0 -1 0 0 0 32002 32002 0 0 0 0 0 3353
WIT 8 -349 -348 -354 -361 -432 0 0 0 0 -342 0 -1 0 0 0 32002 32002 0 0 0 0 0 2931
WIT 7 -349 -348 -335 -341 -340 3322 0 0 0 32002 0 -1 0 0 0 32002 32002 0 0 0 0 0 0
WIT 8 -349 -348 -335 -350 -368 0 0 0 0 -344 0 -1 0 0 0 32002 32002 0 0 0 0 0 2788
WIT 7 -349 -348 -339 -352 -352 3112 0 0 1 -339 0 -1 0 0 0 32002 32002 0 0 0 0 0 3242
WIT 10 -349 -348 -324 -333 -333 2980 1 0 0 32002 0 -1 0 0 0 32002 32002 0 0 0 0 0 0
WIT 9 -349 -348 -345 -362 -382 0 0 0 0 -348 0 -1 0 0 0 32002 32002 0 0 0 0 0 4013
WIT 12 -349 -348 -373 -384 -384 3112 0 0 1 -348 0 -1 0 0 0 32002 32002 0 0 0 0 0 3956
WIT 11 -349 -348 -350 -360 -353 4013 0 0 1 -306 0 -1 0 0 0 32002 32002 0 0 0 0 0 3956
WIT 11 -349 -348 -342 -352 -338 4013 0 0 0 32002 0 -1 0 0 0 32002 32002 0 0 0 0 0 0
WIT 8 -349 -348 -336 -343 -342 3112 0 0 0 32002 0 -1 0 0 0 32002 32002 0 0 0 0 0 0
WIT 10 -349 -348 -342 -361 -361 4013 0 0 1 -348 0 -1 0 0 0 32002 32002 0 0 0 0 0 3956
WIT 10 -349 -348 -337 -356 -341 4013 0 0 0 32002 0 -1 0 0 0 32002 32002 0 0 0 0 0 0
WIT 8 -349 -348 -316 -323 -266 0 0 0 0 32002 0 -1 0 0 0 32002 32002 0 0 0 0 0 0
WIT 9 -349 -348 -342 -359 -386 0 0 0 0 -341 0 -1 0 0 0 32002 32002 0 0 0 0 0 3559
WIT 7 -349 -348 -332 -338 -255 4013 0 0 0 32002 0 -1 0 0 0 32002 32002 0 0 0 0 0 0
WIT 8 -349 -348 -342 -349 -328 4013 0 0 0 32002 0 -1 0 0 0 32002 32002 0 0 0 0 0 0
WIT 7 -349 -348 -304 -310 -232 4013 0 0 0 32002 0 -1 0 0 0 32002 32002 0 0 0 0 0 0
WIT 8 -349 -348 -341 -348 -309 4013 0 0 0 32002 0 -1 0 0 0 32002 32002 0 0 0 0 0 0
WIT 7 -349 -348 -341 -347 -313 4013 0 0 0 32002 0 -1 0 0 0 32002 32002 0 0 0 0 0 0
WIT 8 -349 -348 -342 -349 -283 4013 0 0 0 32002 0 -1 0 0 0 32002 32002 0 0 0 0 0 0
WIT 7 -349 -348 -286 -292 -214 4013 0 0 0 32002 0 -1 0 0 0 32002 32002 0 0 0 0 0 0
WIT 9 -349 -348 -342 -350 -350 4013 0 0 1 -348 0 -1 0 0 0 32002 32002 0 0 0 0 0 3956
WIT 8 -349 -348 -342 -349 -295 4013 0 0 0 32002 0 -1 0 0 0 32002 32002 0 0 0 0 0 0
WIT 8 -349 -348 -347 -354 -324 0 0 0 0 32002 0 -1 0 0 0 32002 32002 0 0 0 0 0 0
WIT 8 -349 -348 -333 -340 -325 4013 0 0 0 32002 0 -1 0 0 0 32002 32002 0 0 0 0 0 0
WIT 6 -340 -339 -171 -176 -167 0 0 0 0 32002 0 -1 0 0 0 32002 32002 0 0 0 0 0 0
WIT 7 338 339 401 388 373 0 0 0 0 441 0 -1 0 0 0 32002 32002 0 0 0 0 0 2608
WIT 7 -366 -330 -348 -354 -362 0 0 0 0 -339 0 -1 0 0 0 32002 32002 0 0 0 0 0 3624
WIT 8 -340 -339 -346 -353 -395 0 0 0 0 -340 0 -1 0 0 0 32002 32002 0 0 0 0 0 0
WIT 7 -340 -339 -348 -354 -356 0 0 0 0 -340 0 -1 0 0 0 32002 32002 0 0 0 0 0 0
WIT 7 341 342 389 383 384 49415 0 0 0 32002 0 -1 0 0 0 32002 32002 0 0 0 0 0 0
WIT 8 -366 -330 -348 -355 -370 0 0 0 0 -342 0 -1 0 0 0 32002 32002 0 0 0 0 0 4013
WIT 10 -343 -342 -301 -310 -325 0 0 0 0 -336 0 -1 0 0 0 32002 32002 0 0 0 0 0 3624
WIT 9 -343 -342 -348 -365 -366 0 0 0 0 -342 0 -1 0 0 0 32002 32002 0 0 0 0 0 53055
WIT 9 -343 -342 -271 -279 -289 0 0 0 0 -342 0 -1 0 0 0 32002 32002 0 0 0 0 0 3288
WIT 9 -343 -342 -343 -351 -335 3567 0 0 0 32002 0 -1 0 0 0 32002 32002 0 0 0 0 0 0
WIT 6 -343 -342 -335 -340 -340 2919 0 0 0 32002 0 -1 0 0 0 32002 32002 0 0 0 0 0 0
WIT 10 -343 -342 -337 -346 -347 0 0 0 0 -342 0 -1 0 0 0 32002 32002 0 0 0 0 0 53055
WIT 6 -343 -342 -296 -301 -301 3322 0 0 0 32002 0 -1 0 0 0 32002 32002 0 0 0 0 0 0
WIT 8 -343 -342 -343 -358 -771 0 0 0 0 -342 0 -1 0 0 0 32002 32002 0 0 0 0 0 3176
WIT 9 -343 -342 -343 -360 -373 0 0 0 0 -342 0 -1 0 0 0 32002 32002 0 0 0 0 0 3624
WIT 8 -343 -342 -348 -363 -385 0 0 0 0 -342 0 -1 0 0 0 32002 32002 0 0 0 0 0 4013
WIT 8 -343 -342 -373 -380 -332 0 0 0 0 32002 0 -1 0 0 0 32002 32002 0 0 0 0 0 0
WIT 9 -343 -342 -351 -359 -340 3387 0 0 0 32002 0 -1 0 0 0 32002 32002 0 0 0 0 0 0
WIT 7 -343 -342 -348 -361 -422 0 0 0 0 -342 0 -1 0 0 0 32002 32002 0 0 0 0 0 3559
WIT 9 -343 -342 -344 -352 -352 2980 1 0 0 -282 0 -1 0 0 0 32002 32002 0 0 0 0 0 2788
WIT 9 -343 -342 -348 -356 -356 3322 0 0 1 -297 0 -1 0 0 0 32002 32002 0 0 0 0 0 53055
WIT 7 -343 -342 -337 -343 -343 3322 0 0 1 -336 0 -1 0 0 0 32002 32002 0 0 0 0 0 53055
WIT 6 -343 -342 -339 -344 -317 3559 0 0 0 32002 0 -1 0 0 0 32002 32002 0 0 0 0 0 0
WIT 8 -343 -342 -348 -363 -380 0 0 0 0 -336 0 -1 0 0 0 32002 32002 0 0 0 0 0 4013
WIT 9 -343 -342 -280 -288 -288 2592 0 0 0 32002 0 -1 0 0 0 32002 32002 0 0 0 0 0 0
WIT 9 -343 -342 -286 -294 -322 0 0 0 0 -288 0 -1 0 0 0 32002 32002 0 0 0 0 0 3288
WIT 6 342 343 349 344 323 0 0 0 0 352 0 -1 0 0 0 32002 32002 0 0 0 0 0 320
WIT 10 342 343 388 379 342 0 0 0 0 342 0 -1 0 0 0 32002 32002 0 0 0 0 0 0
WIT 11 -343 -342 -308 -318 -319 0 0 0 0 -342 0 -1 0 0 0 32002 32002 0 0 0 0 0 3288
WIT 6 -343 -342 -311 -316 -323 0 0 0 0 -342 0 -1 0 0 0 32002 32002 0 0 0 0 0 53055
WIT 10 -343 -342 -344 -353 -354 0 0 0 0 -342 0 -1 0 0 0 32002 32002 0 0 0 0 0 4013
WIT 6 -343 -342 -343 -348 -336 3567 0 0 0 32002 0 -1 0 0 0 32002 32002 0 0 0 0 0 0
WIT 8 -343 -342 -344 -359 -707 0 0 0 0 -342 0 -1 0 0 0 32002 32002 0 0 0 0 0 3176
WIT 8 -343 -342 -348 -355 -310 0 0 0 0 32002 0 -1 0 0 0 32002 32002 0 0 0 0 0 0
WIT 8 -343 -342 -304 -311 232 2980 1 0 0 32002 0 -1 0 0 0 32002 32002 0 0 0 0 0 0
WIT 7 -343 -342 -293 -299 -249 0 0 0 0 32002 0 -1 0 0 0 32002 32002 0 0 0 0 0 0
WIT 8 -343 -342 -348 -363 -387 0 0 0 0 -342 0 -1 0 0 0 32002 32002 0 0 0 0 0 3624
WIT 9 -343 -342 -348 -365 -343 3176 1 0 0 -342 0 -1 0 0 0 32002 32002 0 0 0 0 0 3624
WIT 8 -343 -342 -348 -363 -373 0 0 0 0 -342 0 -1 0 0 0 32002 32002 0 0 0 0 0 3288
WIT 9 -343 -342 -348 -365 -358 3624 1 0 0 -300 0 -1 0 0 0 32002 32002 0 0 0 0 0 3288
WIT 8 -343 -342 -348 -363 -369 0 0 0 0 -342 0 -1 0 0 0 32002 32002 0 0 0 0 0 53055
WIT 7 -343 -342 -348 -361 -371 0 0 0 0 -342 0 -1 0 0 0 32002 32002 0 0 0 0 0 4013
WIT 8 -343 -342 -348 -363 -363 3567 0 0 1 -331 0 -1 0 0 0 32002 32002 0 0 0 0 0 4013
WIT 7 -343 -342 -351 -357 -327 3387 0 0 0 32002 0 -1 0 0 0 32002 32002 0 0 0 0 0 0
WIT 8 341 342 431 424 431 0 0 0 0 32002 0 -1 0 0 0 32002 32002 0 0 0 0 0 0
WIT 8 341 342 425 410 400 0 0 0 0 430 0 -1 0 0 0 32002 32002 0 0 0 0 0 2096
WIT 7 341 342 411 405 404 0 0 0 0 342 0 -1 0 0 0 32002 32002 0 0 0 0 0 216
WIT 9 -366 -330 -348 -356 -378 0 0 0 0 -342 0 -1 0 0 0 32002 32002 0 0 0 0 0 3112
WIT 9 -343 -342 -347 -364 -360 3242 0 0 1 -342 0 -1 0 0 0 32002 32002 0 0 0 0 0 53055
WIT 9 -343 -342 -339 -356 -387 0 0 0 0 -342 0 -1 0 0 0 32002 32002 0 0 0 0 0 3177
WIT 9 -343 -342 -339 -356 -387 0 0 0 0 -342 0 -1 0 0 0 32002 32002 0 0 0 0 0 3632
WIT 9 -343 -342 -306 -314 -323 0 0 0 0 -338 0 -1 0 0 0 32002 32002 0 0 0 0 0 3632
WIT 8 -343 -342 -292 -299 -300 0 0 0 0 -343 0 -1 0 0 0 32002 32002 0 0 0 0 0 0
WIT 8 -343 -342 -343 -358 -391 0 0 0 0 -343 0 -1 0 0 0 32002 32002 0 0 0 0 0 0
WIT 7 -343 -342 -361 -367 -367 3112 0 0 1 -342 0 -1 0 0 0 32002 32002 0 0 0 0 0 4013
WIT 6 341 342 343 338 355 0 0 0 0 32002 0 -1 0 0 0 32002 32002 0 0 0 0 0 0
WIT 7 341 342 389 383 397 0 0 0 0 32002 0 -1 0 0 0 32002 32002 0 0 0 0 0 0
WIT 10 341 342 389 380 380 148 0 0 0 32002 0 -1 0 0 0 32002 32002 0 0 0 0 0 0
WIT 8 341 342 373 366 410 216 0 0 0 32002 0 -1 0 0 0 32002 32002 0 0 0 0 0 0
WIT 6 341 342 466 461 487 2064 0 0 0 32002 0 -1 0 0 0 32002 32002 0 0 0 0 0 0
WIT 9 341 342 384 367 355 0 0 0 0 342 0 -1 0 0 0 32002 32002 0 0 0 0 0 32
WIT 9 341 342 406 398 430 2152 1 0 0 32002 0 -1 0 0 0 32002 32002 0 0 0 0 0 0
WIT 7 341 342 410 404 445 0 0 0 0 32002 0 -1 0 0 0 32002 32002 0 0 0 0 0 0
WIT 7 341 342 373 360 388 32 0 0 0 32002 0 -1 0 0 0 32002 32002 0 0 0 0 0 0
WIT 7 341 342 399 393 414 216 0 0 0 32002 0 -1 0 0 0 32002 32002 0 0 0 0 0 0
WIT 6 341 342 380 375 396 0 0 0 0 32002 0 -1 0 0 0 32002 32002 0 0 0 0 0 0
WIT 9 -366 -330 -348 -356 -373 0 0 0 0 -342 0 -1 0 0 0 32002 32002 0 0 0 0 0 3956
WIT 9 -343 -342 -348 -356 -356 3112 0 0 1 -342 0 -1 0 0 0 32002 32002 0 0 0 0 0 3956
WIT 9 -343 -342 -348 -365 -361 4013 0 0 1 -300 0 -1 0 0 0 32002 32002 0 0 0 0 0 3956
WIT 7 -343 -342 -342 -348 -339 4013 0 0 0 32002 0 -1 0 0 0 32002 32002 0 0 0 0 0 0
WIT 6 -343 -342 -354 -359 -309 4013 0 0 0 32002 0 -1 0 0 0 32002 32002 0 0 0 0 0 0
WIT 7 341 342 402 396 410 148 0 0 0 32002 0 -1 0 0 0 32002 32002 0 0 0 0 0 0
WIT 6 341 342 392 387 449 0 0 0 0 32002 0 -1 0 0 0 32002 32002 0 0 0 0 0 0
WIT 6 341 342 432 427 459 49415 0 0 0 32002 0 -1 0 0 0 32002 32002 0 0 0 0 0 0
WIT 6 341 342 461 456 517 40 0 0 0 32002 0 -1 0 0 0 32002 32002 0 0 0 0 0 0
WIT 6 341 342 376 371 429 0 0 0 0 32002 0 -1 0 0 0 32002 32002 0 0 0 0 0 0

===========================
Total time (ms) : 30
Nodes searched  : 21901
Nodes/second    : 730033
