
Position: 1/1 (rn2kbnr/pp2pppp/8/3pPq2/2pP4/2N2N2/PPP2PPP/R1BQK2R b KQkq - 1 7)
WIT 7 -297 -296 -199 -205 -341 0 0 0 0 -120 0 -1 0 0 0 32002 32002 0 0 0 0 0 3308
WIT 6 -261 -260 -246 -251 -295 0 0 0 0 -258 0 -1 0 0 0 32002 32002 0 0 0 0 0 3372
WIT 6 -261 -260 -231 -236 -294 0 0 0 0 -230 0 -1 0 0 0 32002 32002 0 0 0 0 0 3372
WIT 6 -229 -228 -231 -236 -313 0 0 0 0 -226 0 -1 0 0 0 32002 32002 0 0 0 0 0 3372
WIT 6 235 236 506 501 404 0 0 0 0 347 0 -1 0 0 0 32002 32002 0 0 0 0 0 1375
WIT 10 246 247 333 314 284 0 0 0 0 347 0 -1 0 0 0 32002 32002 0 0 0 0 0 1375
WIT 8 247 257 251 244 260 49415 0 0 0 32002 0 -1 0 0 0 32002 32002 0 0 0 0 0 0
WIT 9 247 257 250 242 241 0 0 0 0 257 0 -1 0 0 0 32002 32002 0 0 0 0 0 529
WIT 12 256 257 257 234 229 0 0 0 0 257 0 -1 0 0 0 32002 32002 0 0 0 0 0 1114
WIT 9 247 257 249 241 234 0 0 0 0 257 0 -1 0 0 0 32002 32002 0 0 0 0 0 593
WIT 11 256 257 338 317 286 0 0 0 0 347 0 -1 0 0 0 32002 32002 0 0 0 0 0 1375
WIT 10 256 257 289 280 265 0 0 0 0 303 0 -1 0 0 0 32002 32002 0 0 0 0 0 1187
WIT 7 269 270 264 258 284 49415 0 0 0 32002 0 -1 0 0 0 32002 32002 0 0 0 0 0 0
WIT 7 269 270 260 254 284 49415 0 0 0 32002 0 -1 0 0 0 32002 32002 0 0 0 0 0 0
WIT 7 269 270 263 257 295 49415 0 0 0 32002 0 -1 0 0 0 32002 32002 0 0 0 0 0 0
WIT 7 269 270 263 257 290 49415 0 0 0 32002 0 -1 0 0 0 32002 32002 0 0 0 0 0 0
WIT 7 269 270 265 259 285 658 0 0 0 32002 0 -1 0 0 0 32002 32002 0 0 0 0 0 0
WIT 8 257 270 251 244 242 0 0 0 0 270 0 -1 0 0 0 32002 32002 0 0 0 0 0 1164
WIT 11 269 270 257 247 279 1164 0 0 0 32002 0 -1 0 0 0 32002 32002 0 0 0 0 0 0
WIT 8 269 270 264 257 306 211 0 0 0 32002 0 -1 0 0 0 32002 32002 0 0 0 0 0 0
WIT 9 257 270 257 249 241 0 0 0 0 270 0 -1 0 0 0 32002 32002 0 0 0 0 0 529
WIT 11 269 270 257 247 315 1 0 0 0 32002 0 -1 0 0 0 32002 32002 0 0 0 0 0 0
WIT 7 446 447 469 463 433 0 0 0 0 456 0 -1 0 0 0 32002 32002 0 0 0 0 0 1187
WIT 11 269 270 257 247 261 211 0 0 1 298 0 -1 0 0 0 32002 32002 0 0 0 0 0 1699
WIT 12 269 270 257 234 231 0 0 0 0 270 0 -1 0 0 0 32002 32002 0 0 0 0 0 1114
WIT 9 257 270 257 249 236 0 0 0 0 270 0 -1 0 0 0 32002 32002 0 0 0 0 0 593
WIT 12 269 270 340 317 290 0 0 0 0 270 0 -1 0 0 0 32002 32002 0 0 0 0 0 1375
WIT 11 269 270 299 278 278 593 0 0 0 32002 0 -1 0 0 0 32002 32002 0 0 0 0 0 0
WIT 9 269 270 330 322 410 593 0 0 0 32002 0 -1 0 0 0 32002 32002 0 0 0 0 0 0
WIT 7 286 287 289 276 299 49415 0 0 0 32002 0 -1 0 0 0 32002 32002 0 0 0 0 0 0
WIT 9 286 287 286 278 286 658 0 0 1 288 0 -1 0 0 0 32002 32002 0 0 0 0 0 49415
WIT 7 286 287 264 258 284 49415 0 0 1 300 0 -1 0 0 0 32002 32002 0 0 0 0 0 658
WIT 7 286 287 263 257 276 49415 0 0 1 295 0 -1 0 0 0 32002 32002 0 0 0 0 0 658
WIT 7 286 287 260 254 284 49415 0 0 1 296 0 -1 0 0 0 32002 32002 0 0 0 0 0 658
WIT 7 286 287 263 257 290 49415 0 0 0 32002 0 -1 0 0 0 32002 32002 0 0 0 0 0 0
WIT 7 286 287 294 288 306 49415 0 0 0 32002 0 -1 0 0 0 32002 32002 0 0 0 0 0 0
WIT 7 286 287 287 281 305 49415 0 0 0 32002 0 -1 0 0 0 32002 32002 0 0 0 0 0 0
WIT 7 286 287 309 303 333 49415 0 0 0 32002 0 -1 0 0 0 32002 32002 0 0 0 0 0 0
WIT 7 286 287 324 318 347 211 0 0 0 32002 0 -1 0 0 0 32002 32002 0 0 0 0 0 0
WIT 7 286 287 295 289 307 49415 0 0 0 32002 0 -1 0 0 0 32002 32002 0 0 0 0 0 0
WIT 7 286 287 265 259 285 658 0 0 1 346 0 -1 0 0 0 32002 32002 0 0 0 0 0 49415
WIT 7 286 287 308 302 336 0 0 0 0 32002 0 -1 0 0 0 32002 32002 0 0 0 0 0 0
WIT 7 286 287 270 264 295 49415 0 0 0 32002 0 -1 0 0 0 32002 32002 0 0 0 0 0 0
WIT 7 270 287 270 264 242 0 0 0 0 287 0 -1 0 0 0 32002 32002 0 0 0 0 0 1164
WIT 10 286 287 257 248 278 1164 0 0 1 287 0 -1 0 0 0 32002 32002 0 0 0 0 0 49415
WIT 6 286 287 264 259 311 211 0 0 0 32002 0 -1 0 0 0 32002 32002 0 0 0 0 0 0
WIT 8 270 287 270 263 245 0 0 0 0 287 0 -1 0 0 0 32002 32002 0 0 0 0 0 529
WIT 10 286 287 257 248 312 1 0 0 0 32002 0 -1 0 0 0 32002 32002 0 0 0 0 0 0
WIT 12 286 287 455 444 443 0 0 0 0 287 0 -1 0 0 0 32002 32002 0 0 0 0 0 1699
WIT 6 286 287 335 330 311 0 0 0 0 287 0 -1 0 0 0 32002 32002 0 0 0 0 0 1171
WIT 7 286 287 270 264 245 0 0 0 0 287 0 -1 0 0 0 32002 32002 0 0 0 0 0 49415
WIT 9 286 287 291 283 -238 0 0 1 0 287 0 -1 0 0 0 32002 32002 0 0 0 0 0 1234
WIT 7 286 287 290 284 284 49415 0 0 1 315 0 -1 0 0 0 32002 32002 0 0 0 0 0 1699
WIT 10 286 287 270 261 256 0 0 0 0 287 0 -1 0 0 0 32002 32002 0 0 0 0 0 211
WIT 11 286 287 270 249 243 0 0 0 0 287 0 -1 0 0 0 32002 32002 0 0 0 0 0 1114
WIT 9 270 287 270 262 238 0 0 0 0 287 0 -1 0 0 0 32002 32002 0 0 0 0 0 593
WIT 11 286 287 270 249 249 1164 0 0 1 453 0 -1 0 0 0 32002 32002 0 0 0 0 0 1375
WIT 8 286 287 330 323 405 593 0 0 0 32002 0 -1 0 0 0 32002 32002 0 0 0 0 0 0
WIT 7 309 310 289 276 299 49415 0 0 1 310 0 -1 0 0 0 32002 32002 0 0 0 0 0 211
WIT 9 309 310 290 282 246 0 0 1 0 317 0 -1 0 0 0 32002 32002 0 0 0 0 0 658
WIT 8 309 310 338 331 335 658 0 0 0 32002 0 -1 0 0 0 32002 32002 0 0 0 0 0 0
WIT 7 309 310 298 292 292 49415 0 0 1 321 0 -1 0 0 0 32002 32002 0 0 0 0 0 658
WIT 7 309 310 263 257 269 211 0 0 1 313 0 -1 0 0 0 32002 32002 0 0 0 0 0 658
WIT 7 309 310 294 288 292 49415 0 0 1 311 0 -1 0 0 0 32002 32002 0 0 0 0 0 658
WIT 7 309 310 294 288 298 49415 0 0 1 315 0 -1 0 0 0 32002 32002 0 0 0 0 0 658
WIT 7 309 310 294 288 318 211 0 0 0 32002 0 -1 0 0 0 32002 32002 0 0 0 0 0 0
WIT 7 309 310 287 281 299 211 0 0 1 342 0 -1 0 0 0 32002 32002 0 0 0 0 0 658
WIT 7 309 310 324 318 356 49415 0 0 0 32002 0 -1 0 0 0 32002 32002 0 0 0 0 0 0
WIT 7 309 310 309 303 318 211 0 0 0 32002 0 -1 0 0 0 32002 32002 0 0 0 0 0 0
WIT 7 309 310 295 289 307 49415 0 0 1 309 1 1 19305 1 1 309 309 0 0 0 0 6 991
WIT 7 309 310 308 302 338 0 0 0 0 32002 0 -1 0 0 0 32002 32002 0 0 0 0 0 0
WIT 7 309 310 270 264 295 49415 0 0 1 326 0 -1 0 0 0 32002 32002 0 0 0 0 0 658
WIT 7 309 310 296 290 326 49415 0 0 0 32002 0 -1 0 0 0 32002 32002 0 0 0 0 0 0
WIT 7 309 310 287 281 287 658 0 0 1 308 1 1 21207 1 1 309 310 0 0 0 0 17 658
WIT 7 287 310 287 281 242 0 0 0 0 310 0 -1 0 0 0 32002 32002 0 0 0 0 0 1164
WIT 9 309 310 264 256 308 211 0 0 1 338 0 -1 0 0 0 32002 32002 0 0 0 0 0 1164
WIT 7 309 310 287 281 284 1164 0 0 1 320 0 -1 0 0 0 32002 32002 0 0 0 0 0 49415
WIT 8 287 310 287 280 248 0 0 0 0 310 0 -1 0 0 0 32002 32002 0 0 0 0 0 529
WIT 11 309 310 257 247 315 1 0 0 0 32002 0 -1 0 0 0 32002 32002 0 0 0 0 0 0
WIT 12 309 310 287 264 315 211 0 0 0 32002 0 -1 0 0 0 32002 32002 0 0 0 0 0 0
WIT 6 309 310 287 282 277 0 0 0 0 335 0 -1 0 0 0 32002 32002 0 0 0 0 0 1171
WIT 10 309 310 287 278 -192 0 0 1 0 321 0 -1 0 0 0 32002 32002 0 0 0 0 0 1682
WIT 8 309 310 335 328 356 1 0 0 0 32002 0 -1 0 0 0 32002 32002 0 0 0 0 0 0
WIT 9 309 310 335 327 358 1 0 0 0 32002 0 -1 0 0 0 32002 32002 0 0 0 0 0 0
WIT 8 309 310 331 324 304 0 0 0 0 329 0 -1 0 0 0 32002 32002 0 0 0 0 0 1171
WIT 9 309 310 287 279 -83 0 0 0 0 327 0 -1 0 0 0 32002 32002 0 0 0 0 0 1682
WIT 7 309 310 326 320 298 0 0 0 0 326 0 -1 0 0 0 32002 32002 0 0 0 0 0 1180
WIT 8 309 310 287 280 252 0 0 0 0 324 0 -1 0 0 0 32002 32002 0 0 0 0 0 49415
WIT 10 309 310 287 278 217 0 0 0 0 320 0 -1 0 0 0 32002 32002 0 0 0 0 0 1242
WIT 8 309 310 287 280 307 1683 0 0 1 319 0 -1 0 0 0 32002 32002 0 0 0 0 0 49415
WIT 13 309 310 287 275 282 49415 0 0 1 317 0 -1 0 0 0 32002 32002 0 0 0 0 0 1178
WIT 10 309 310 293 284 321 0 0 0 0 32002 0 -1 0 0 0 32002 32002 0 0 0 0 0 0
WIT 12 309 310 287 276 -241 0 0 1 0 316 0 -1 0 0 0 32002 32002 0 0 0 0 0 1234
WIT 7 309 310 287 281 77 0 0 0 0 322 0 -1 0 0 0 32002 32002 0 0 0 0 0 1682
WIT 7 309 310 287 281 216 0 0 0 0 320 0 -1 0 0 0 32002 32002 0 0 0 0 0 1242
WIT 12 309 310 287 276 291 1698 0 0 1 310 0 -1 0 0 0 32002 32002 0 0 0 0 0 49415
WIT 10 309 310 311 302 302 49415 0 0 1 324 0 -1 0 0 0 32002 32002 0 0 0 0 0 1699
WIT 9 309 310 287 270 262 0 0 0 0 310 0 -1 0 0 0 32002 32002 0 0 0 0 0 211
WIT 8 309 310 295 288 336 0 0 0 0 32002 0 -1 0 0 0 32002 32002 0 0 0 0 0 0
WIT 11 309 310 287 266 256 0 0 0 0 310 0 -1 0 0 0 32002 32002 0 0 0 0 0 1114
WIT 6 -310 -309 -230 -235 -252 0 0 0 0 -309 0 -1 0 0 0 32002 32002 0 0 0 0 0 3372
WIT 7 -310 -309 -270 -283 -478 0 0 0 0 -309 0 -1 0 0 0 32002 32002 0 0 0 0 0 2714
WIT 9 309 310 292 284 301 49415 0 0 1 350 0 -1 0 0 0 32002 32002 0 0 0 0 0 1114
WIT 9 287 310 287 279 242 0 0 0 0 310 0 -1 0 0 0 32002 32002 0 0 0 0 0 593
WIT 12 309 310 439 416 373 0 0 0 0 310 0 -1 0 0 0 32002 32002 0 0 0 0 0 1375
WIT 10 309 310 299 280 291 593 0 0 1 382 0 -1 0 0 0 32002 32002 0 0 0 0 0 1187
WIT 9 309 310 330 322 410 593 0 0 0 32002 0 -1 0 0 0 32002 32002 0 0 0 0 0 0
WIT 7 340 341 321 315 262 0 0 0 0 340 0 -1 0 0 0 32002 32002 0 0 0 0 0 991
WIT 8 340 341 310 295 331 991 0 0 1 352 0 -1 0 0 0 32002 32002 0 0 0 0 0 211
WIT 6 340 341 334 329 365 991 0 0 0 32002 0 -1 0 0 0 32002 32002 0 0 0 0 0 0
WIT 6 340 341 270 265 297 991 0 0 1 338 1 1 19962 1 1 340 341 0 0 0 0 18 991
WIT 6 340 341 291 286 327 991 0 0 1 341 0 -1 0 0 0 32002 32002 0 0 0 0 0 211
WIT 8 310 341 310 303 305 211 0 0 1 341 0 -1 0 0 0 32002 32002 0 0 0 0 0 658
WIT 6 340 341 319 314 332 991 0 0 1 341 0 -1 0 0 0 32002 32002 0 0 0 0 0 49415
WIT 8 340 341 334 327 359 991 0 0 0 32002 0 -1 0 0 0 32002 32002 0 0 0 0 0 0
WIT 9 340 341 316 299 261 0 0 1 0 341 0 -1 0 0 0 32002 32002 0 0 0 0 0 658
WIT 9 340 341 312 304 310 991 0 0 1 344 0 -1 0 0 0 32002 32002 0 0 0 0 0 658
WIT 8 340 341 310 303 303 991 0 0 1 371 0 -1 0 0 0 32002 32002 0 0 0 0 0 658
WIT 8 340 341 314 307 316 991 0 0 1 336 1 1 14435 1 1 340 349 0 0 0 0 28 991
WIT 8 340 341 338 331 335 658 0 0 1 387 0 -1 0 0 0 32002 32002 0 0 0 0 0 49415
WIT 8 340 341 309 302 302 991 0 0 1 363 0 -1 0 0 0 32002 32002 0 0 0 0 0 658
WIT 8 340 341 324 317 365 991 0 0 0 32002 0 -1 0 0 0 32002 32002 0 0 0 0 0 0
WIT 8 340 341 338 331 331 991 0 0 1 357 0 -1 0 0 0 32002 32002 0 0 0 0 0 658
WIT 8 340 341 294 287 287 991 0 0 1 359 0 -1 0 0 0 32002 32002 0 0 0 0 0 658
WIT 8 340 341 325 318 325 658 0 0 1 346 0 -1 0 0 0 32002 32002 0 0 0 0 0 991
WIT 8 340 341 308 301 347 0 0 0 0 32002 0 -1 0 0 0 32002 32002 0 0 0 0 0 0
WIT 8 340 341 324 317 366 991 0 0 0 32002 0 -1 0 0 0 32002 32002 0 0 0 0 0 0
WIT 8 340 341 336 329 329 991 0 0 1 352 0 -1 0 0 0 32002 32002 0 0 0 0 0 658
WIT 8 340 341 296 289 289 991 0 0 1 352 0 -1 0 0 0 32002 32002 0 0 0 0 0 658
WIT 9 340 341 310 302 302 991 0 0 1 341 0 -1 0 0 0 32002 32002 0 0 0 0 0 658
WIT 8 310 341 310 303 244 0 0 0 0 341 0 -1 0 0 0 32002 32002 0 0 0 0 0 1164
WIT 9 340 341 335 327 351 211 0 0 0 32002 0 -1 0 0 0 32002 32002 0 0 0 0 0 0
WIT 9 340 341 318 310 324 1164 0 0 1 341 0 -1 0 0 0 32002 32002 0 0 0 0 0 49415
WIT 9 310 341 310 302 269 0 0 0 0 341 0 -1 0 0 0 32002 32002 0 0 0 0 0 529
WIT 11 340 341 257 247 315 1 0 0 1 346 0 -1 0 0 0 32002 32002 0 0 0 0 0 49415
WIT 6 340 341 287 282 314 1164 0 0 1 456 0 -1 0 0 0 32002 32002 0 0 0 0 0 1187
WIT 11 340 341 287 266 316 211 0 0 1 439 0 -1 0 0 0 32002 32002 0 0 0 0 0 1699
WIT 11 340 341 321 311 334 1171 0 0 1 347 0 -1 0 0 0 32002 32002 0 0 0 0 0 49415
WIT 7 340 341 328 322 357 1171 0 0 0 32002 0 -1 0 0 0 32002 32002 0 0 0 0 0 0
WIT 10 340 341 320 311 -171 0 0 1 0 346 0 -1 0 0 0 32002 32002 0 0 0 0 0 1682
WIT 13 340 341 347 335 334 0 0 0 0 341 0 -1 0 0 0 32002 32002 0 0 0 0 0 1171
WIT 8 340 341 329 322 340 666 0 0 1 338 1 1 33049 1 1 340 349 0 0 0 0 26 666
WIT 11 340 341 327 317 298 0 0 0 0 341 0 -1 0 0 0 32002 32002 0 0 0 0 0 1171
WIT 12 340 341 325 314 163 0 0 0 0 341 0 -1 0 0 0 32002 32002 0 0 0 0 0 1682
WIT 8 340 341 394 387 444 1681 0 0 0 32002 0 -1 0 0 0 32002 32002 0 0 0 0 0 0
WIT 10 340 341 324 315 288 0 0 0 0 372 0 -1 0 0 0 32002 32002 0 0 0 0 0 1180
WIT 11 340 341 322 312 289 0 0 0 0 341 0 -1 0 0 0 32002 32002 0 0 0 0 0 49415
WIT 7 -341 -340 -296 -302 -368 0 0 0 0 -319 0 -1 0 0 0 32002 32002 0 0 0 0 0 3642
WIT 10 340 341 319 300 230 0 0 0 0 322 0 -1 0 0 0 32002 32002 0 0 0 0 0 0
WIT 9 340 341 310 293 283 0 0 0 0 323 0 -1 0 0 0 32002 32002 0 0 0 0 0 0
WIT 6 -341 -340 -301 -306 -300 4020 0 0 0 32002 0 -1 0 0 0 32002 32002 0 0 0 0 0 0
WIT 6 -341 -340 -336 -341 -355 0 0 0 0 -341 0 -1 0 0 0 32002 32002 0 0 0 0 0 0
WIT 7 340 341 341 335 310 0 0 0 0 341 0 -1 0 0 0 32002 32002 0 0 0 0 0 1164
WIT 7 340 341 341 328 309 0 0 0 0 355 0 -1 0 0 0 32002 32002 0 0 0 0 0 1164
WIT 7 340 341 341 335 283 0 0 0 0 341 0 -1 0 0 0 32002 32002 0 0 0 0 0 529
WIT 11 340 341 310 289 282 0 0 0 0 324 0 -1 0 0 0 32002 32002 0 0 0 0 0 49415
WIT 10 340 341 332 313 310 0 0 0 0 341 0 -1 0 0 0 32002 32002 0 0 0 0 0 1
WIT 9 340 341 346 338 352 49415 0 0 0 32002 0 -1 0 0 0 32002 32002 0 0 0 0 0 0
WIT 9 310 341 310 302 177 0 0 0 0 341 0 -1 0 0 0 32002 32002 0 0 0 0 0 593
WIT 10 340 341 310 291 291 1164 0 0 1 479 0 -1 0 0 0 32002 32002 0 0 0 0 0 1375
WIT 10 340 341 375 356 367 593 0 0 0 32002 0 -1 0 0 0 32002 32002 0 0 0 0 0 0
WIT 9 340 341 511 503 502 0 0 0 0 392 0 -1 0 0 0 32002 32002 0 0 0 0 0 1187
WIT 8 340 341 330 323 405 593 0 0 0 32002 0 -1 0 0 0 32002 32002 0 0 0 0 0 0
WIT 9 340 341 436 428 428 593 0 0 0 32002 0 -1 0 0 0 32002 32002 0 0 0 0 0 0
WIT 7 382 383 377 371 425 49415 0 0 0 32002 0 -1 0 0 0 32002 32002 0 0 0 0 0 0
WIT 10 382 383 341 332 366 991 0 0 1 390 0 -1 0 0 0 32002 32002 0 0 0 0 0 211
WIT 9 382 383 341 324 288 0 0 1 0 385 0 -1 0 0 0 32002 32002 0 0 0 0 0 658
WIT 9 382 383 357 349 349 211 0 0 1 405 0 -1 0 0 0 32002 32002 0 0 0 0 0 658
WIT 8 382 383 367 360 360 991 0 0 1 411 0 -1 0 0 0 32002 32002 0 0 0 0 0 658
WIT 7 382 383 381 375 397 658 0 0 0 32002 0 -1 0 0 0 32002 32002 0 0 0 0 0 0
WIT 7 382 383 343 337 344 991 0 0 1 383 0 -1 0 0 0 32002 32002 0 0 0 0 0 658
WIT 9 382 383 341 333 340 991 0 0 1 383 0 -1 0 0 0 32002 32002 0 0 0 0 0 658
WIT 7 382 383 355 349 349 991 0 0 1 383 0 -1 0 0 0 32002 32002 0 0 0 0 0 658
WIT 7 382 383 348 342 342 658 0 0 1 383 0 -1 0 0 0 32002 32002 0 0 0 0 0 991
WIT 7 382 383 345 339 359 658 0 0 1 388 0 -1 0 0 0 32002 32002 0 0 0 0 0 991
WIT 7 382 383 341 335 349 991 0 0 1 382 1 1 20277 1 1 382 372 0 0 0 0 1 0
WIT 6 382 383 341 336 339 211 0 0 1 385 0 -1 0 0 0 32002 32002 0 0 0 0 0 991
WIT 7 382 383 308 302 356 0 0 0 0 510 0 -1 0 0 0 32002 32002 0 0 0 0 0 175
WIT 7 382 383 324 318 366 991 0 0 1 397 0 -1 0 0 0 32002 32002 0 0 0 0 0 658
WIT 7 382 383 350 344 347 991 0 0 1 384 0 -1 0 0 0 32002 32002 0 0 0 0 0 658
WIT 7 382 383 350 344 344 991 0 0 1 383 0 -1 0 0 0 32002 32002 0 0 0 0 0 658
WIT 8 341 383 341 334 341 49415 0 0 1 383 0 -1 0 0 0 32002 32002 0 0 0 0 0 1164
WIT 9 382 383 335 327 352 211 0 0 1 386 0 -1 0 0 0 32002 32002 0 0 0 0 0 1164
WIT 9 382 383 341 333 353 1164 0 0 1 381 1 1 48071 1 1 382 383 0 0 0 0 24 1164
WIT 9 341 383 341 333 319 0 0 0 0 383 0 -1 0 0 0 32002 32002 0 0 0 0 0 529
WIT 11 -383 -382 -340 -361 -343 3169 0 0 0 32002 0 -1 0 0 0 32002 32002 0 0 0 0 0 0
WIT 11 382 383 341 320 317 0 0 0 0 382 0 -1 0 0 0 32002 32002 0 0 0 0 0 0
WIT 6 -342 -341 -367 -372 -362 2266 1 0 0 -334 0 -1 0 0 0 32002 32002 0 0 0 0 0 1618
WIT 10 382 383 368 359 349 0 0 0 0 390 0 -1 0 0 0 32002 32002 0 0 0 0 0 658
WIT 9 382 383 341 324 299 0 0 0 0 380 0 -1 0 0 0 32002 32002 0 0 0 0 0 0
WIT 7 -383 -341 -382 -388 -380 3929 0 0 1 -383 1 1 18530 1 1 -383 -337 0 0 0 0 202 3929
WIT 10 -342 -341 -340 -359 -359 3169 0 0 1 -340 0 -1 0 0 0 32002 32002 0 0 0 0 0 3690
WIT 8 -342 -341 -348 -355 -349 3169 0 0 1 -317 0 -1 0 0 0 32002 32002 0 0 0 0 0 3690
WIT 10 -342 -341 -340 -359 -352 3169 0 0 1 -340 0 -1 0 0 0 32002 32002 0 0 0 0 0 3690
WIT 7 -342 -341 -333 -339 -339 3834 0 0 0 32002 0 -1 0 0 0 32002 32002 0 0 0 0 0 0
WIT 10 -342 -341 -337 -346 -352 0 0 0 0 -339 0 -1 0 0 0 32002 32002 0 0 0 0 0 53048
WIT 6 -342 -341 -340 -345 -343 3956 0 0 1 -340 0 -1 0 0 0 32002 32002 0 0 0 0 0 3169
WIT 8 -342 -341 -382 -397 -385 3690 0 0 1 -337 0 -1 0 0 0 32002 32002 0 0 0 0 0 3929
WIT 7 -342 -341 -287 -293 -248 0 0 0 0 32002 0 -1 0 0 0 32002 32002 0 0 0 0 0 0
WIT 7 -342 -341 -249 -255 -255 3690 0 0 0 32002 0 -1 0 0 0 32002 32002 0 0 0 0 0 0
WIT 8 -342 -341 -258 -265 -265 3690 0 0 0 32002 0 -1 0 0 0 32002 32002 0 0 0 0 0 0
WIT 7 -342 -341 -222 -235 -236 0 0 0 0 -341 0 -1 0 0 0 32002 32002 0 0 0 0 0 3372
WIT 8 -342 -341 -139 -154 -315 0 0 0 0 -148 0 -1 0 0 0 32002 32002 0 0 0 0 0 3308
WIT 9 341 383 341 333 294 0 0 0 0 341 0 -1 0 0 0 32002 32002 0 0 0 0 0 0
WIT 6 -328 -327 -340 -345 -345 3956 0 0 1 -331 1 1 -2646 1 1 -328 -342 0 0 0 0 1 2720
WIT 6 -328 -327 -337 -342 -332 3929 0 0 1 -309 0 -1 0 0 0 32002 32002 0 0 0 0 0 3169
WIT 7 326 327 346 340 352 49415 0 0 0 32002 0 -1 0 0 0 32002 32002 0 0 0 0 0 0
WIT 7 -383 -284 -341 -347 -359 0 0 0 0 -327 0 -1 0 0 0 32002 32002 0 0 0 0 0 3372
WIT 7 -328 -327 -340 -353 -344 3690 0 0 1 -325 0 -1 0 0 0 32002 32002 0 0 0 0 0 3372
WIT 7 -328 -327 -337 -343 -350 0 0 0 0 -328 0 -1 0 0 0 32002 32002 0 0 0 0 0 0
WIT 7 333 334 466 453 426 0 0 0 0 365 0 -1 0 0 0 32002 32002 0 0 0 0 0 1375
WIT 6 340 341 331 326 398 1114 1 0 0 32002 0 -1 0 0 0 32002 32002 0 0 0 0 0 0
WIT 9 340 341 383 375 381 1180 0 0 0 32002 0 -1 0 0 0 32002 32002 0 0 0 0 0 0
WIT 9 -341 -340 -382 -390 -439 0 0 0 0 -341 0 -1 0 0 0 32002 32002 0 0 0 0 0 0
WIT 8 340 341 359 344 330 0 0 0 0 341 0 -1 0 0 0 32002 32002 0 0 0 0 0 1114
WIT 6 340 341 434 429 408 0 0 0 0 388 0 -1 0 0 0 32002 32002 0 0 0 0 0 1114
WIT 6 340 341 416 411 383 0 0 0 0 361 0 -1 0 0 0 32002 32002 0 0 0 0 0 1114
WIT 6 340 341 393 388 403 0 0 0 0 32002 0 -1 0 0 0 32002 32002 0 0 0 0 0 0
WIT 6 340 341 344 339 345 1164 0 0 0 32002 0 -1 0 0 0 32002 32002 0 0 0 0 0 0
WIT 10 340 341 375 356 367 593 0 0 0 32002 0 -1 0 0 0 32002 32002 0 0 0 0 0 0
WIT 10 340 341 361 342 342 49415 0 0 0 32002 0 -1 0 0 0 32002 32002 0 0 0 0 0 0
WIT 7 340 341 338 332 407 593 0 0 0 32002 0 -1 0 0 0 32002 32002 0 0 0 0 0 0
WIT 8 -342 -341 -346 -353 -348 4020 0 0 1 -285 0 -1 0 0 0 32002 32002 0 0 0 0 0 1681
WIT 8 -342 -341 -341 -348 -329 53055 0 0 0 32002 0 -1 0 0 0 32002 32002 0 0 0 0 0 0
WIT 7 -342 -341 -341 -354 -376 0 0 0 0 -341 0 -1 0 0 0 32002 32002 0 0 0 0 0 4020
WIT 8 341 356 358 351 263 0 0 0 0 341 0 -1 0 0 0 32002 32002 0 0 0 0 0 0
WIT 6 -342 -341 -325 -330 -304 4020 0 0 0 32002 0 -1 0 0 0 32002 32002 0 0 0 0 0 0
WIT 8 341 356 341 334 285 0 0 0 0 341 0 -1 0 0 0 32002 32002 0 0 0 0 0 0
WIT 7 -342 -341 -297 -303 -201 3363 0 0 0 32002 0 -1 0 0 0 32002 32002 0 0 0 0 0 0
WIT 11 -342 -341 -337 -358 -376 0 0 0 0 -337 0 -1 0 0 0 32002 32002 0 0 0 0 0 2266
WIT 9 -342 -341 -341 -349 -350 0 0 0 0 -341 0 -1 0 0 0 32002 32002 0 0 0 0 0 3567
WIT 8 -342 -341 -335 -342 -342 53055 0 0 1 -342 1 1 15712 1 1 -342 -342 0 0 0 0 3 3365
WIT 10 -342 -341 -341 -360 -376 0 0 0 0 -341 0 -1 0 0 0 32002 32002 0 0 0 0 0 4020
WIT 8 -342 -341 -310 -325 -374 0 0 0 0 -342 0 -1 0 0 0 32002 32002 0 0 0 0 0 0
WIT 8 341 342 416 409 379 0 0 0 0 344 0 -1 0 0 0 32002 32002 0 0 0 0 0 658
WIT 11 -342 -341 -341 -362 -364 0 0 0 0 -342 0 -1 0 0 0 32002 32002 0 0 0 0 0 0
WIT 7 341 342 341 328 328 211 0 0 1 399 0 -1 0 0 0 32002 32002 0 0 0 0 0 1185
WIT 7 341 342 341 328 311 0 0 0 0 383 0 -1 0 0 0 32002 32002 0 0 0 0 0 1114
WIT 7 341 342 341 328 289 0 0 0 0 343 0 -1 0 0 0 32002 32002 0 0 0 0 0 529
WIT 10 -342 -341 -341 -360 -361 0 0 0 0 -342 0 -1 0 0 0 32002 32002 0 0 0 0 0 0
WIT 7 341 342 370 364 396 1114 1 0 0 32002 0 -1 0 0 0 32002 32002 0 0 0 0 0 0
WIT 8 341 342 341 334 304 0 0 0 0 345 0 -1 0 0 0 32002 32002 0 0 0 0 0 49415
WIT 7 341 342 341 328 312 0 0 0 0 344 0 -1 0 0 0 32002 32002 0 0 0 0 0 1
WIT 9 341 342 346 338 340 49415 0 0 1 386 0 -1 0 0 0 32002 32002 0 0 0 0 0 1114
WIT 7 341 356 342 336 342 1355 0 0 1 356 0 -1 0 0 0 32002 32002 0 0 0 0 0 536
WIT 8 341 356 342 335 333 0 0 0 0 356 0 -1 0 0 0 32002 32002 0 0 0 0 0 1114
WIT 8 341 356 342 335 333 0 0 0 0 356 0 -1 0 0 0 32002 32002 0 0 0 0 0 658
WIT 11 355 356 342 332 342 658 0 0 1 356 0 -1 0 0 0 32002 32002 0 0 0 0 0 1114
WIT 6 355 356 344 339 341 0 0 0 0 356 0 -1 0 0 0 32002 32002 0 0 0 0 0 1114
WIT 11 355 356 343 322 336 1114 1 0 0 356 0 -1 0 0 0 32002 32002 0 0 0 0 0 658
WIT 10 355 356 353 344 356 658 0 0 0 32002 0 -1 0 0 0 32002 32002 0 0 0 0 0 0
WIT 7 341 356 342 336 138 0 0 0 0 356 0 -1 0 0 0 32002 32002 0 0 0 0 0 1164
WIT 11 355 356 428 407 438 658 0 0 0 32002 0 -1 0 0 0 32002 32002 0 0 0 0 0 0
WIT 6 -356 -355 -330 -335 -458 0 0 0 0 -349 0 -1 0 0 0 32002 32002 0 0 0 0 0 2593
WIT 9 355 356 341 333 330 0 0 0 0 344 0 -1 0 0 0 32002 32002 0 0 0 0 0 0
WIT 12 -356 -355 -344 -355 -357 0 0 0 0 -348 0 -1 0 0 0 32002 32002 0 0 0 0 0 2851
WIT 6 -356 -355 -342 -347 -289 3307 1 0 0 32002 0 -1 0 0 0 32002 32002 0 0 0 0 0 0
WIT 11 -356 -355 -344 -354 -614 0 0 1 0 -348 0 -1 0 0 0 32002 32002 0 0 0 0 0 1643
WIT 7 -356 -355 -349 -362 -444 0 0 0 0 -349 0 -1 0 0 0 32002 32002 0 0 0 0 0 2593
WIT 9 355 356 373 356 277 0 0 0 0 363 0 -1 0 0 0 32002 32002 0 0 0 0 0 2282
WIT 10 355 356 391 372 358 0 0 0 0 349 0 -1 0 0 0 32002 32002 0 0 0 0 0 1699
WIT 10 355 356 383 374 381 1180 0 0 0 32002 0 -1 0 0 0 32002 32002 0 0 0 0 0 0
WIT 10 355 356 378 359 356 0 0 0 0 361 0 -1 0 0 0 32002 32002 0 0 0 0 0 1114
WIT 8 355 356 356 349 324 0 0 0 0 394 0 -1 0 0 0 32002 32002 0 0 0 0 0 658
WIT 7 355 356 355 349 400 211 0 0 0 32002 0 -1 0 0 0 32002 32002 0 0 0 0 0 0
WIT 10 355 356 353 334 314 0 0 0 0 356 0 -1 0 0 0 32002 32002 0 0 0 0 0 1164
WIT 9 355 356 343 335 335 1164 0 0 1 395 0 -1 0 0 0 32002 32002 0 0 0 0 0 211
WIT 6 355 356 341 336 336 211 0 0 1 370 0 -1 0 0 0 32002 32002 0 0 0 0 0 1164
WIT 10 355 356 342 323 289 0 0 0 0 356 0 -1 0 0 0 32002 32002 0 0 0 0 0 529
WIT 10 355 356 392 383 381 0 0 0 0 356 0 -1 0 0 0 32002 32002 0 0 0 0 0 1114
WIT 7 355 356 345 339 368 0 0 0 0 32002 0 -1 0 0 0 32002 32002 0 0 0 0 0 0
WIT 6 355 356 370 365 393 1114 1 0 0 32002 0 -1 0 0 0 32002 32002 0 0 0 0 0 0
WIT 8 355 356 416 409 386 0 0 0 0 398 0 -1 0 0 0 32002 32002 0 0 0 0 0 1114
WIT 8 355 356 341 334 333 0 0 0 0 355 0 -1 0 0 0 32002 32002 0 0 0 0 0 0
WIT 8 -342 -341 -290 -297 -364 0 0 0 0 -338 0 -1 0 0 0 32002 32002 0 0 0 0 0 2137
WIT 8 -342 -341 -337 -344 -345 0 0 0 0 -342 0 -1 0 0 0 32002 32002 0 0 0 0 0 0
WIT 6 355 356 387 382 386 658 0 0 0 32002 0 -1 0 0 0 32002 32002 0 0 0 0 0 0
WIT 8 355 356 382 367 359 0 0 0 0 356 0 -1 0 0 0 32002 32002 0 0 0 0 0 1114
WIT 7 341 356 342 336 324 0 0 0 0 356 0 -1 0 0 0 32002 32002 0 0 0 0 0 49415
WIT 10 355 356 362 353 349 0 0 0 0 368 0 -1 0 0 0 32002 32002 0 0 0 0 0 1164
WIT 6 -356 -355 -299 -304 -484 0 0 0 0 -346 0 -1 0 0 0 32002 32002 0 0 0 0 0 2714
WIT 9 355 356 344 327 301 0 0 0 0 348 0 -1 0 0 0 32002 32002 0 0 0 0 0 0
WIT 8 355 356 343 328 310 0 0 0 0 355 0 -1 0 0 0 32002 32002 0 0 0 0 0 0
WIT 7 -346 -345 -325 -338 -339 0 0 0 0 -340 0 -1 0 0 0 32002 32002 0 0 0 0 0 3372
WIT 9 341 356 341 333 327 0 0 0 0 341 0 -1 0 0 0 32002 32002 0 0 0 0 0 593
WIT 8 344 345 361 346 346 49415 0 0 0 32002 0 -1 0 0 0 32002 32002 0 0 0 0 0 0
WIT 7 -322 -321 -333 -339 -363 0 0 0 0 -322 0 -1 0 0 0 32002 32002 0 0 0 0 0 0
WIT 6 -338 -337 -355 -360 -342 3699 0 0 1 -323 0 -1 0 0 0 32002 32002 0 0 0 0 0 3169
WIT 11 352 353 383 362 362 49415 0 0 0 32002 0 -1 0 0 0 32002 32002 0 0 0 0 0 0
WIT 10 352 353 385 376 413 211 0 0 0 32002 0 -1 0 0 0 32002 32002 0 0 0 0 0 0
WIT 12 352 353 383 360 319 0 0 0 0 362 0 -1 0 0 0 32002 32002 0 0 0 0 0 529
WIT 11 352 353 356 335 335 991 0 0 1 356 0 -1 0 0 0 32002 32002 0 0 0 0 0 658
WIT 9 352 353 375 367 376 991 0 0 0 32002 0 -1 0 0 0 32002 32002 0 0 0 0 0 0
WIT 10 352 353 356 337 241 0 0 0 0 353 0 -1 0 0 0 32002 32002 0 0 0 0 0 1164
WIT 8 352 353 356 349 364 1164 0 0 0 32002 0 -1 0 0 0 32002 32002 0 0 0 0 0 0
WIT 6 352 353 387 382 390 0 0 0 0 32002 0 -1 0 0 0 32002 32002 0 0 0 0 0 0
WIT 9 352 353 381 373 377 49415 0 0 0 32002 0 -1 0 0 0 32002 32002 0 0 0 0 0 0
WIT 8 352 353 397 390 421 0 0 0 0 32002 0 -1 0 0 0 32002 32002 0 0 0 0 0 0
WIT 8 352 353 377 370 438 0 0 0 0 32002 0 -1 0 0 0 32002 32002 0 0 0 0 0 0
WIT 12 352 353 375 352 352 593 0 0 1 382 0 -1 0 0 0 32002 32002 0 0 0 0 0 1187
WIT 10 352 353 436 427 427 593 0 0 0 32002 0 -1 0 0 0 32002 32002 0 0 0 0 0 0
WIT 10 352 353 387 368 367 0 0 0 0 387 0 -1 0 0 0 32002 32002 0 0 0 0 0 1187
WIT 6 -343 -342 -321 -326 -316 3690 0 0 0 32002 0 -1 0 0 0 32002 32002 0 0 0 0 0 0
WIT 7 368 369 401 388 805 1397 1 0 0 32002 0 -1 0 0 0 32002 32002 0 0 0 0 0 0
WIT 6 -354 -353 -348 -353 -376 0 0 0 0 -302 0 -1 0 0 0 32002 32002 0 0 0 0 0 1681
WIT 7 353 369 355 349 349 658 0 0 1 369 0 -1 0 0 0 32002 32002 0 0 0 0 0 2023
WIT 7 -354 -353 -353 -359 -359 3305 0 0 1 -353 0 -1 0 0 0 32002 32002 0 0 0 0 0 3567
WIT 7 353 354 379 373 370 0 0 0 0 345 0 -1 0 0 0 32002 32002 0 0 0 0 0 0
WIT 6 -354 -353 -353 -358 -324 3365 0 0 0 32002 0 -1 0 0 0 32002 32002 0 0 0 0 0 0
WIT 7 353 369 354 348 335 0 0 0 0 353 0 -1 0 0 0 32002 32002 0 0 0 0 0 0
WIT 6 -354 -353 -297 -302 -326 0 0 0 0 -336 0 -1 0 0 0 32002 32002 0 0 0 0 0 3169
WIT 7 368 369 415 409 300 0 0 0 0 360 0 -1 0 0 0 32002 32002 0 0 0 0 0 0
WIT 7 353 369 354 348 337 0 0 0 0 353 0 -1 0 0 0 32002 32002 0 0 0 0 0 0
WIT 9 -354 -353 -325 -333 -333 4020 0 0 0 32002 0 -1 0 0 0 32002 32002 0 0 0 0 0 0
WIT 8 -354 -353 -315 -322 -289 3690 0 0 0 32002 0 -1 0 0 0 32002 32002 0 0 0 0 0 0
WIT 6 -354 -353 -318 -323 -317 3929 0 0 0 32002 0 -1 0 0 0 32002 32002 0 0 0 0 0 0
WIT 8 -354 -353 -318 -333 -355 0 0 0 0 -331 0 -1 0 0 0 32002 32002 0 0 0 0 0 2714
WIT 7 353 369 354 348 325 0 0 0 0 353 0 -1 0 0 0 32002 32002 0 0 0 0 0 0
WIT 7 -354 -353 -250 -263 -101 3112 0 0 0 32002 0 -1 0 0 0 32002 32002 0 0 0 0 0 0
WIT 10 -354 -353 -309 -328 -362 0 0 0 0 -354 0 -1 0 0 0 32002 32002 0 0 0 0 0 0
WIT 10 353 354 356 347 347 1164 0 0 1 353 1 1 17017 1 1 353 351 0 0 0 0 81 0
WIT 6 -354 -353 -352 -357 -352 0 0 0 0 32002 0 -1 0 0 0 32002 32002 0 0 0 0 0 0
WIT 8 -354 -353 -290 -305 -330 0 0 0 0 -353 0 -1 0 0 0 32002 32002 0 0 0 0 0 3567
WIT 7 -354 -353 -319 -325 -286 3567 0 0 0 32002 0 -1 0 0 0 32002 32002 0 0 0 0 0 0
WIT 6 -354 -353 -287 -292 -316 0 0 0 0 -353 0 -1 0 0 0 32002 32002 0 0 0 0 0 2714
WIT 12 -354 -353 -309 -332 -337 0 0 0 0 -354 0 -1 0 0 0 32002 32002 0 0 0 0 0 3372
WIT 10 -354 -353 -270 -289 -295 0 0 0 0 -354 0 -1 0 0 0 32002 32002 0 0 0 0 0 0
WIT 6 353 354 401 396 357 0 0 0 0 390 0 -1 0 0 0 32002 32002 0 0 0 0 0 1698
WIT 10 -354 -353 -309 -328 -401 0 0 0 0 -354 0 -1 0 0 0 32002 32002 0 0 0 0 0 0
WIT 9 -354 -353 -317 -325 -407 0 0 0 0 -332 0 -1 0 0 0 32002 32002 0 0 0 0 0 3688
WIT 7 353 369 354 348 262 0 0 0 0 283 0 -1 0 0 0 32002 32002 0 0 0 0 0 0
WIT 7 353 369 354 348 77 0 0 0 0 353 0 -1 0 0 0 32002 32002 0 0 0 0 0 0
WIT 8 -354 -353 -273 -280 -237 3690 0 0 0 32002 0 -1 0 0 0 32002 32002 0 0 0 0 0 0
WIT 7 353 369 354 348 234 0 0 0 0 353 0 -1 0 0 0 32002 32002 0 0 0 0 0 0
WIT 9 -354 -353 -343 -351 -351 3169 0 0 0 32002 0 -1 0 0 0 32002 32002 0 0 0 0 0 0
WIT 6 -354 -353 -320 -325 -334 0 0 0 0 -315 0 -1 0 0 0 32002 32002 0 0 0 0 0 3112
WIT 9 -354 -353 -322 -330 -402 0 0 0 0 -351 0 -1 0 0 0 32002 32002 0 0 0 0 0 3372
WIT 9 -354 -353 -255 -263 -322 0 0 0 0 -353 0 -1 0 0 0 32002 32002 0 0 0 0 0 1681
WIT 8 -354 -353 -325 -332 -293 1681 1 0 0 32002 0 -1 0 0 0 32002 32002 0 0 0 0 0 0
WIT 8 -354 -353 -301 -308 -298 0 0 0 0 32002 0 -1 0 0 0 32002 32002 0 0 0 0 0 0
WIT 9 -354 -353 -286 -294 -294 3372 0 0 0 32002 0 -1 0 0 0 32002 32002 0 0 0 0 0 0
WIT 8 -354 -353 -299 -306 -288 1681 1 0 0 32002 0 -1 0 0 0 32002 32002 0 0 0 0 0 0
WIT 9 -354 -353 -313 -321 -335 0 0 0 0 -315 0 -1 0 0 0 32002 32002 0 0 0 0 0 1681
WIT 6 353 354 354 349 340 0 0 0 0 354 0 -1 0 0 0 32002 32002 0 0 0 0 0 658
WIT 8 -354 -353 -351 -358 -361 0 0 0 0 -354 0 -1 0 0 0 32002 32002 0 0 0 0 0 0
WIT 6 -354 -353 -350 -355 -362 0 0 0 0 -354 0 -1 0 0 0 32002 32002 0 0 0 0 0 0
WIT 9 368 369 354 337 343 1114 1 0 0 369 0 -1 0 0 0 32002 32002 0 0 0 0 0 1
WIT 8 368 369 354 339 338 0 0 0 0 369 0 -1 0 0 0 32002 32002 0 0 0 0 0 2023
WIT 7 368 369 354 348 344 0 0 0 0 351 0 -1 0 0 0 32002 32002 0 0 0 0 0 0
WIT 7 368 369 369 363 260 0 0 0 0 352 0 -1 0 0 0 32002 32002 0 0 0 0 0 0
WIT 6 368 369 365 360 319 0 0 0 0 353 0 -1 0 0 0 32002 32002 0 0 0 0 0 0
WIT 7 353 369 354 348 348 536 0 0 1 353 1 3 2020 1 1 353 350 2 0 349 0 496 0
WIT 10 -354 -353 -313 -322 -332 0 0 0 0 -348 0 -1 0 0 0 32002 32002 0 0 0 0 0 2714
WIT 10 -354 -353 -350 -369 -366 3699 0 0 1 -350 0 -1 0 0 0 32002 32002 0 0 0 0 0 3104
WIT 8 -354 -353 -325 -332 -332 3104 0 0 0 32002 0 -1 0 0 0 32002 32002 0 0 0 0 0 0
WIT 7 353 369 354 348 345 0 0 0 0 353 0 -1 0 0 0 32002 32002 0 0 0 0 0 0
WIT 11 353 354 355 334 339 1114 1 0 0 356 0 -1 0 0 0 32002 32002 0 0 0 0 0 658
WIT 11 353 354 355 345 415 658 0 0 0 32002 0 -1 0 0 0 32002 32002 0 0 0 0 0 0
WIT 6 353 354 364 359 422 1114 1 0 0 32002 0 -1 0 0 0 32002 32002 0 0 0 0 0 0
WIT 10 353 354 353 334 312 0 0 0 0 355 0 -1 0 0 0 32002 32002 0 0 0 0 0 1164
WIT 11 -354 -353 -317 -327 -327 3306 0 0 0 32002 0 -1 0 0 0 32002 32002 0 0 0 0 0 0
WIT 11 -354 -353 -340 -350 -344 3690 0 0 0 32002 0 -1 0 0 0 32002 32002 0 0 0 0 0 0
WIT 9 -354 -353 -339 -347 -347 3690 0 0 0 32002 0 -1 0 0 0 32002 32002 0 0 0 0 0 0
WIT 8 -354 -353 -341 -356 -329 3690 0 0 0 32002 0 -1 0 0 0 32002 32002 0 0 0 0 0 0
WIT 8 -354 -353 -341 -348 -278 3690 0 0 0 32002 0 -1 0 0 0 32002 32002 0 0 0 0 0 0
WIT 8 -354 -353 -293 -300 -300 3690 0 0 0 32002 0 -1 0 0 0 32002 32002 0 0 0 0 0 0
WIT 9 -354 -353 -167 -184 -327 0 0 0 0 -148 0 -1 0 0 0 32002 32002 0 0 0 0 0 3308
WIT 11 353 369 353 343 341 0 0 0 0 353 0 -1 0 0 0 32002 32002 0 0 0 0 0 0
WIT 7 -369 -332 -353 -359 -323 3567 0 0 0 32002 0 -1 0 0 0 32002 32002 0 0 0 0 0 0
WIT 11 -333 -332 -333 -354 -311 3891 0 0 0 32002 0 -1 0 0 0 32002 32002 0 0 0 0 0 0
WIT 10 -333 -332 -353 -372 -387 0 0 0 0 -332 0 -1 0 0 0 32002 32002 0 0 0 0 0 3372
WIT 10 -333 -332 -353 -372 -414 0 0 0 0 -332 0 -1 0 0 0 32002 32002 0 0 0 0 0 1683
WIT 9 -333 -332 -314 -322 -286 1697 0 0 0 32002 0 -1 0 0 0 32002 32002 0 0 0 0 0 0
WIT 8 -333 -332 -309 -324 -337 0 0 0 0 -332 0 -1 0 0 0 32002 32002 0 0 0 0 0 3372
WIT 8 -333 -332 -273 -280 -237 3690 0 0 0 32002 0 -1 0 0 0 32002 32002 0 0 0 0 0 0
WIT 10 -333 -332 -353 -372 -435 0 0 0 0 -332 0 -1 0 0 0 32002 32002 0 0 0 0 0 2714
WIT 11 -333 -332 -353 -374 -370 4020 0 0 1 -333 1 1 5351 1 1 -333 -383 0 0 0 0 15 0
WIT 10 -333 -332 -353 -372 -373 0 0 0 0 -333 0 -1 0 0 0 32002 32002 0 0 0 0 0 0
WIT 7 -333 -332 -333 -346 -349 0 0 0 0 -331 0 -1 0 0 0 32002 32002 0 0 0 0 0 2714
WIT 7 -333 -332 -325 -331 -331 3699 0 0 0 32002 0 -1 0 0 0 32002 32002 0 0 0 0 0 0
WIT 6 -333 -332 -343 -348 -348 3169 0 0 1 -331 0 -1 0 0 0 32002 32002 0 0 0 0 0 3929
WIT 8 -333 -332 -350 -357 -355 3169 0 0 1 -332 0 -1 0 0 0 32002 32002 0 0 0 0 0 3699
WIT 6 332 333 355 350 343 0 0 0 0 332 0 -1 0 0 0 32002 32002 0 0 0 0 0 0
WIT 6 332 333 333 328 267 0 0 0 0 332 0 -1 0 0 0 32002 32002 0 0 0 0 0 0
WIT 11 -333 -332 -353 -374 -369 3169 0 0 1 -333 1 1 15784 1 1 -333 -333 0 0 0 0 71 3104
WIT 6 -333 -332 -353 -358 -354 3169 0 0 1 -335 1 1 5069 1 1 -333 -332 0 1 0 2 27 3169
WIT 11 -333 -332 -350 -371 -365 3699 0 0 1 -332 0 -1 0 0 0 32002 32002 0 0 0 0 0 3104
WIT 9 -333 -332 -325 -333 -315 3104 0 0 0 32002 0 -1 0 0 0 32002 32002 0 0 0 0 0 0
WIT 11 -333 -332 -350 -360 -355 3104 0 0 1 -331 0 -1 0 0 0 32002 32002 0 0 0 0 0 4020
WIT 9 -333 -332 -353 -361 -356 3169 0 0 1 -332 0 -1 0 0 0 32002 32002 0 0 0 0 0 3104
WIT 9 -333 -332 -348 -365 -345 2266 1 0 0 -332 0 -1 0 0 0 32002 32002 0 0 0 0 0 2714
WIT 10 -333 -332 -353 -372 -383 0 0 0 0 -332 0 -1 0 0 0 32002 32002 0 0 0 0 0 3372
WIT 8 -333 -332 -345 -360 -337 4020 0 0 1 -330 0 -1 0 0 0 32002 32002 0 0 0 0 0 3699
WIT 9 -333 -332 -341 -358 -477 0 0 0 0 -332 0 -1 0 0 0 32002 32002 0 0 0 0 0 3502
WIT 8 -333 -332 -353 -360 -318 3169 0 0 0 32002 0 -1 0 0 0 32002 32002 0 0 0 0 0 0
WIT 8 -333 -332 -331 -338 -339 0 0 0 0 -118 0 -1 0 0 0 32002 32002 0 0 0 0 0 3046
WIT 7 -333 -332 -352 -358 -913 0 0 0 0 -340 0 -1 0 0 0 32002 32002 0 0 0 0 0 0
WIT 8 -333 -332 -331 -346 -358 0 0 0 0 -339 0 -1 0 0 0 32002 32002 0 0 0 0 0 0
WIT 8 332 333 383 368 343 0 0 0 0 382 0 -1 0 0 0 32002 32002 0 0 0 0 0 1114
WIT 6 332 333 402 397 287 0 0 0 0 368 0 -1 0 0 0 32002 32002 0 0 0 0 0 1114
WIT 10 -333 -332 -353 -372 -449 0 0 0 0 -334 0 -1 0 0 0 32002 32002 0 0 0 0 0 0
WIT 6 -342 -341 -286 -291 -291 3372 0 0 0 32002 0 -1 0 0 0 32002 32002 0 0 0 0 0 0
WIT 6 340 341 377 372 433 0 0 0 0 32002 0 -1 0 0 0 32002 32002 0 0 0 0 0 0
WIT 9 -369 -332 -353 -361 -356 3372 0 0 1 -341 1 1 53164 1 1 -341 -353 0 0 0 0 1 3306
WIT 10 -342 -341 -353 -372 -369 3929 0 0 1 -341 0 -1 0 0 0 32002 32002 0 0 0 0 0 3306
WIT 9 -342 -341 -353 -370 -405 0 0 0 0 -341 0 -1 0 0 0 32002 32002 0 0 0 0 0 3372
WIT 7 -342 -341 -339 -345 -341 3567 0 0 0 32002 0 -1 0 0 0 32002 32002 0 0 0 0 0 0
WIT 6 -342 -341 -341 -346 -285 3690 0 0 0 32002 0 -1 0 0 0 32002 32002 0 0 0 0 0 0
WIT 6 340 341 345 340 384 49415 0 0 0 32002 0 -1 0 0 0 32002 32002 0 0 0 0 0 0
WIT 6 341 342 390 385 530 213 0 0 0 32002 0 -1 0 0 0 32002 32002 0 0 0 0 0 0
WIT 7 341 342 398 392 417 81 0 0 0 32002 0 -1 0 0 0 32002 32002 0 0 0 0 0 0
WIT 7 341 342 363 350 261 0 0 0 0 354 0 -1 0 0 0 32002 32002 0 0 0 0 0 1114
WIT 6 341 342 340 335 349 0 0 0 0 32002 0 -1 0 0 0 32002 32002 0 0 0 0 0 0
WIT 10 341 342 333 314 295 0 0 0 0 348 0 -1 0 0 0 32002 32002 0 0 0 0 0 49415
WIT 8 -342 -341 -332 -347 -364 0 0 0 0 -347 0 -1 0 0 0 32002 32002 0 0 0 0 0 0
WIT 11 360 361 348 327 327 536 0 0 1 374 0 -1 0 0 0 32002 32002 0 0 0 0 0 1382
WIT 12 360 361 414 403 450 658 0 0 0 32002 0 -1 0 0 0 32002 32002 0 0 0 0 0 0
WIT 11 360 361 370 360 370 1114 1 0 0 32002 0 -1 0 0 0 32002 32002 0 0 0 0 0 0
WIT 7 360 361 454 448 427 0 0 0 0 361 0 -1 0 0 0 32002 32002 0 0 0 0 0 81
WIT 7 360 361 397 391 425 0 0 0 0 32002 0 -1 0 0 0 32002 32002 0 0 0 0 0 0
WIT 11 360 361 367 346 311 0 0 0 0 361 0 -1 0 0 0 32002 32002 0 0 0 0 0 1164
WIT 11 360 361 373 363 289 0 0 0 0 387 0 -1 0 0 0 32002 32002 0 0 0 0 0 81
WIT 9 360 361 408 400 400 1382 0 0 0 32002 0 -1 0 0 0 32002 32002 0 0 0 0 0 0
WIT 7 360 361 398 392 417 81 0 0 0 32002 0 -1 0 0 0 32002 32002 0 0 0 0 0 0
WIT 7 360 361 340 334 346 0 0 0 0 373 0 -1 0 0 0 32002 32002 0 0 0 0 0 1114
WIT 8 360 361 374 367 425 1114 1 0 0 32002 0 -1 0 0 0 32002 32002 0 0 0 0 0 0
WIT 7 360 361 391 385 409 0 0 0 0 32002 0 -1 0 0 0 32002 32002 0 0 0 0 0 0
WIT 6 360 361 391 386 396 0 0 0 0 32002 0 -1 0 0 0 32002 32002 0 0 0 0 0 0
WIT 7 360 361 429 423 422 0 0 0 0 366 0 -1 0 0 0 32002 32002 0 0 0 0 0 1355
WIT 7 360 361 397 391 391 1 0 0 0 32002 0 -1 0 0 0 32002 32002 0 0 0 0 0 0
WIT 9 360 361 356 339 338 0 0 0 0 361 0 -1 0 0 0 32002 32002 0 0 0 0 0 1114
WIT 9 360 361 365 357 357 991 0 0 1 367 0 -1 0 0 0 32002 32002 0 0 0 0 0 1114
WIT 14 360 361 355 328 337 1114 1 0 0 361 0 -1 0 0 0 32002 32002 0 0 0 0 0 658
WIT 6 360 361 356 351 406 0 0 0 0 32002 0 -1 0 0 0 32002 32002 0 0 0 0 0 0
WIT 11 360 361 356 346 358 1 0 0 1 368 0 -1 0 0 0 32002 32002 0 0 0 0 0 658
WIT 10 360 361 375 366 383 1114 1 0 0 32002 0 -1 0 0 0 32002 32002 0 0 0 0 0 0
WIT 11 360 361 374 364 401 1114 1 0 0 32002 0 -1 0 0 0 32002 32002 0 0 0 0 0 0
WIT 8 360 361 356 349 358 658 0 0 1 361 0 -1 0 0 0 32002 32002 0 0 0 0 0 1382
WIT 13 360 361 356 344 353 658 0 0 1 361 0 -1 0 0 0 32002 32002 0 0 0 0 0 1114
WIT 11 360 361 356 346 350 658 0 0 1 428 0 -1 0 0 0 32002 32002 0 0 0 0 0 1114
WIT 11 360 361 423 413 423 658 0 0 0 32002 0 -1 0 0 0 32002 32002 0 0 0 0 0 0
WIT 12 360 361 355 344 414 658 0 0 0 32002 0 -1 0 0 0 32002 32002 0 0 0 0 0 0
WIT 10 360 361 356 347 354 658 0 0 1 382 0 -1 0 0 0 32002 32002 0 0 0 0 0 1114
WIT 10 360 361 419 410 422 658 0 0 0 32002 0 -1 0 0 0 32002 32002 0 0 0 0 0 0
WIT 9 360 361 356 348 399 658 0 0 0 32002 0 -1 0 0 0 32002 32002 0 0 0 0 0 0
WIT 13 360 361 354 329 291 0 0 0 0 361 0 -1 0 0 0 32002 32002 0 0 0 0 0 1164
WIT 13 360 361 361 336 336 1185 0 0 1 362 0 -1 0 0 0 32002 32002 0 0 0 0 0 1699
WIT 12 360 361 383 372 381 1180 0 0 0 32002 0 -1 0 0 0 32002 32002 0 0 0 0 0 0
WIT 7 360 361 374 368 421 0 0 0 0 32002 0 -1 0 0 0 32002 32002 0 0 0 0 0 0
WIT 13 360 361 360 335 332 0 0 0 0 361 0 -1 0 0 0 32002 32002 0 0 0 0 0 1114
WIT 12 360 361 356 345 476 0 0 0 0 32002 0 -1 0 0 0 32002 32002 0 0 0 0 0 0
WIT 13 360 361 356 331 330 0 0 0 0 361 0 -1 0 0 0 32002 32002 0 0 0 0 0 1114
WIT 6 360 361 356 351 370 991 0 0 0 32002 0 -1 0 0 0 32002 32002 0 0 0 0 0 0
WIT 11 360 361 356 346 346 211 0 0 1 361 0 -1 0 0 0 32002 32002 0 0 0 0 0 658
WIT 7 360 361 355 349 385 211 0 0 0 32002 0 -1 0 0 0 32002 32002 0 0 0 0 0 0
WIT 6 360 361 416 411 540 211 0 0 0 32002 0 -1 0 0 0 32002 32002 0 0 0 0 0 0
WIT 10 360 361 356 337 322 0 0 0 0 361 0 -1 0 0 0 32002 32002 0 0 0 0 0 1164
WIT 10 360 361 364 355 382 211 0 0 0 32002 0 -1 0 0 0 32002 32002 0 0 0 0 0 0
WIT 8 360 361 356 349 364 211 0 0 0 32002 0 -1 0 0 0 32002 32002 0 0 0 0 0 0
WIT 6 360 361 356 351 371 1185 0 0 0 32002 0 -1 0 0 0 32002 32002 0 0 0 0 0 0
WIT 6 360 361 368 363 367 211 0 0 0 32002 0 -1 0 0 0 32002 32002 0 0 0 0 0 0
WIT 6 360 361 363 358 370 211 0 0 0 32002 0 -1 0 0 0 32002 32002 0 0 0 0 0 0
WIT 12 360 361 356 333 291 0 0 0 0 361 0 -1 0 0 0 32002 32002 0 0 0 0 0 529
WIT 7 360 361 356 350 350 1382 0 0 1 363 0 -1 0 0 0 32002 32002 0 0 0 0 0 1
WIT 8 360 361 361 354 420 1164 0 0 0 32002 0 -1 0 0 0 32002 32002 0 0 0 0 0 0
WIT 8 360 361 361 354 346 0 0 0 0 350 0 -1 0 0 0 32002 32002 0 0 0 0 0 0
WIT 6 360 361 398 393 360 0 0 0 0 364 0 -1 0 0 0 32002 32002 0 0 0 0 0 2023
WIT 7 -361 -360 -303 -309 -310 0 0 0 0 -357 0 -1 0 0 0 32002 32002 0 0 0 0 0 2137
WIT 9 -361 -360 -341 -349 -355 0 0 0 0 -360 0 -1 0 0 0 32002 32002 0 0 0 0 0 3104
WIT 9 360 361 342 334 328 0 0 0 0 360 0 -1 0 0 0 32002 32002 0 0 0 0 0 0
WIT 8 360 361 353 338 319 0 0 0 0 360 0 -1 0 0 0 32002 32002 0 0 0 0 0 0
WIT 11 -361 -360 -360 -381 -375 4020 0 0 1 -360 0 -1 0 0 0 32002 32002 0 0 0 0 0 3690
WIT 8 -361 -360 -317 -324 -449 0 0 0 0 -335 0 -1 0 0 0 32002 32002 0 0 0 0 0 2138
WIT 8 -361 -360 -319 -326 -326 3169 0 0 0 32002 0 -1 0 0 0 32002 32002 0 0 0 0 0 0
WIT 8 -361 -360 -324 -339 -338 3169 0 0 0 32002 0 -1 0 0 0 32002 32002 0 0 0 0 0 0
WIT 12 360 361 353 330 325 0 0 0 0 360 0 -1 0 0 0 32002 32002 0 0 0 0 0 0
WIT 6 -330 -329 -350 -355 -243 3363 0 0 0 32002 0 -1 0 0 0 32002 32002 0 0 0 0 0 0
WIT 6 -330 -329 -318 -323 -363 0 0 0 0 -313 0 -1 0 0 0 32002 32002 0 0 0 0 0 2266
WIT 6 -330 -329 -354 -359 -360 0 0 0 0 -323 0 -1 0 0 0 32002 32002 0 0 0 0 0 2137
WIT 8 -330 -329 -345 -352 -359 0 0 0 0 -330 0 -1 0 0 0 32002 32002 0 0 0 0 0 0
WIT 8 -330 -329 -346 -353 -354 0 0 0 0 -330 0 -1 0 0 0 32002 32002 0 0 0 0 0 0
WIT 8 -330 -329 -360 -375 -363 3104 0 0 1 -329 0 -1 0 0 0 32002 32002 0 0 0 0 0 4020
WIT 7 -330 -329 -266 -272 -322 0 0 0 0 -307 0 -1 0 0 0 32002 32002 0 0 0 0 0 2266
WIT 6 -330 -329 -342 -347 -364 0 0 0 0 -328 0 -1 0 0 0 32002 32002 0 0 0 0 0 2137
WIT 7 -361 -329 -360 -366 -354 4020 0 0 1 -329 0 -1 0 0 0 32002 32002 0 0 0 0 0 3690
WIT 7 -330 -329 -332 -338 -323 3929 0 0 0 32002 0 -1 0 0 0 32002 32002 0 0 0 0 0 0
WIT 10 -330 -329 -337 -356 -384 0 0 0 0 -329 0 -1 0 0 0 32002 32002 0 0 0 0 0 2138
WIT 10 -330 -329 -360 -369 -369 3956 0 0 1 -314 0 -1 0 0 0 32002 32002 0 0 0 0 0 4020
WIT 8 -330 -329 -319 -326 -326 4020 0 0 0 32002 0 -1 0 0 0 32002 32002 0 0 0 0 0 0
WIT 8 -330 -329 -344 -359 -359 4020 0 0 1 -329 0 -1 0 0 0 32002 32002 0 0 0 0 0 3112
WIT 9 -330 -329 -307 -315 -300 3956 0 0 0 32002 0 -1 0 0 0 32002 32002 0 0 0 0 0 0
WIT 8 -330 -329 -233 -240 -165 1617 0 0 0 32002 0 -1 0 0 0 32002 32002 0 0 0 0 0 0
WIT 9 -330 -329 -309 -317 -356 0 0 0 0 -300 0 -1 0 0 0 32002 32002 0 0 0 0 0 2266
WIT 8 -330 -329 -338 -353 -448 0 0 0 0 -324 0 -1 0 0 0 32002 32002 0 0 0 0 0 2137
WIT 7 -361 -329 -360 -366 -367 0 0 0 0 -329 0 -1 0 0 0 32002 32002 0 0 0 0 0 3169
WIT 8 -330 -329 -319 -326 -279 1681 1 0 0 32002 0 -1 0 0 0 32002 32002 0 0 0 0 0 0
WIT 9 -330 -329 -324 -341 -340 3169 0 0 1 -324 0 -1 0 0 0 32002 32002 0 0 0 0 0 3690
WIT 8 -330 -329 -278 -285 -285 3690 0 0 0 32002 0 -1 0 0 0 32002 32002 0 0 0 0 0 0
WIT 8 -330 -329 -277 -284 -218 0 0 0 0 32002 0 -1 0 0 0 32002 32002 0 0 0 0 0 0
WIT 7 -330 -329 -287 -293 -235 0 0 0 0 32002 0 -1 0 0 0 32002 32002 0 0 0 0 0 0
WIT 9 -330 -329 -329 -346 -346 4020 0 0 1 -329 0 -1 0 0 0 32002 32002 0 0 0 0 0 3690
WIT 14 -330 -329 -360 -387 -386 3929 0 0 1 -329 0 -1 0 0 0 32002 32002 0 0 0 0 0 3169
WIT 8 -330 -329 -348 -355 -343 4020 0 0 1 -330 1 1 21658 1 1 -330 -329 0 0 0 0 28 4020
WIT 13 -330 -329 -353 -365 -359 3169 0 0 1 -329 0 -1 0 0 0 32002 32002 0 0 0 0 0 3690
WIT 13 -330 -329 -341 -366 -372 0 0 0 0 -329 0 -1 0 0 0 32002 32002 0 0 0 0 0 3372
WIT 7 -330 -329 -340 -346 -322 3169 0 0 0 32002 0 -1 0 0 0 32002 32002 0 0 0 0 0 0
WIT 6 -330 -329 -340 -345 -342 4020 0 0 1 -296 0 -1 0 0 0 32002 32002 0 0 0 0 0 3690
WIT 12 -330 -329 -341 -364 -350 3690 0 0 1 -329 0 -1 0 0 0 32002 32002 0 0 0 0 0 3372
WIT 11 -330 -329 -340 -350 -344 3690 0 0 1 -329 0 -1 0 0 0 32002 32002 0 0 0 0 0 3372
WIT 9 -330 -329 -293 -301 -300 3690 0 0 0 32002 0 -1 0 0 0 32002 32002 0 0 0 0 0 0
WIT 8 -330 -329 -291 -306 -281 3690 0 0 0 32002 0 -1 0 0 0 32002 32002 0 0 0 0 0 0
WIT 8 -330 -329 -317 -324 -288 3690 0 0 0 32002 0 -1 0 0 0 32002 32002 0 0 0 0 0 0
WIT 8 -330 -329 -341 -356 -329 3690 0 0 0 32002 0 -1 0 0 0 32002 32002 0 0 0 0 0 0
WIT 8 -330 -329 -339 -346 -321 3690 0 0 0 32002 0 -1 0 0 0 32002 32002 0 0 0 0 0 0
WIT 9 -314 -313 -350 -358 -321 3567 0 0 1 -313 0 -1 0 0 0 32002 32002 0 0 0 0 0 2137
WIT 8 -314 -313 -256 -263 -335 0 0 0 0 -313 0 -1 0 0 0 32002 32002 0 0 0 0 0 2137
WIT 9 -314 -313 -315 -332 -349 0 0 0 0 -313 0 -1 0 0 0 32002 32002 0 0 0 0 0 2266
WIT 7 -314 -313 -329 -335 -327 3386 0 0 1 -313 0 -1 0 0 0 32002 32002 0 0 0 0 0 2137
WIT 8 -314 -313 -329 -344 -354 0 0 0 0 -313 0 -1 0 0 0 32002 32002 0 0 0 0 0 3104
WIT 8 -314 -313 -326 -333 -348 0 0 0 0 -308 0 -1 0 0 0 32002 32002 0 0 0 0 0 2266
WIT 6 -314 -313 -288 -293 -278 3386 0 0 0 32002 0 -1 0 0 0 32002 32002 0 0 0 0 0 0
WIT 7 -345 -313 -360 -366 -361 3956 0 0 1 -313 0 -1 0 0 0 32002 32002 0 0 0 0 0 4020
WIT 6 313 314 405 400 341 0 0 0 0 305 0 -1 0 0 0 32002 32002 0 0 0 0 0 202
WIT 10 -314 -313 -305 -314 -317 0 0 0 0 -310 0 -1 0 0 0 32002 32002 0 0 0 0 0 3567
WIT 10 313 314 330 321 292 0 0 0 0 313 0 -1 0 0 0 32002 32002 0 0 0 0 0 790
WIT 7 -314 -313 -316 -322 -315 4020 0 0 1 -310 0 -1 0 0 0 32002 32002 0 0 0 0 0 3929
WIT 6 -314 -313 -319 -324 -306 3956 0 0 0 32002 0 -1 0 0 0 32002 32002 0 0 0 0 0 0
WIT 9 313 314 330 322 319 0 0 0 0 313 0 -1 0 0 0 32002 32002 0 0 0 0 0 0
WIT 10 -314 -313 -329 -348 -325 3104 0 0 1 -313 0 -1 0 0 0 32002 32002 0 0 0 0 0 4020
WIT 7 -314 -313 -303 -309 -307 3104 0 0 0 32002 0 -1 0 0 0 32002 32002 0 0 0 0 0 0
WIT 7 -345 -313 -329 -335 -336 0 0 0 0 -313 0 -1 0 0 0 32002 32002 0 0 0 0 0 3690
WIT 10 -314 -313 -315 -324 -335 0 0 0 0 -313 0 -1 0 0 0 32002 32002 0 0 0 0 0 4020
WIT 10 -314 -313 -320 -329 -316 4020 0 0 1 -285 0 -1 0 0 0 32002 32002 0 0 0 0 0 3690
WIT 8 -314 -313 -311 -318 -286 3929 0 0 0 32002 0 -1 0 0 0 32002 32002 0 0 0 0 0 0
WIT 7 -314 -313 -317 -323 -317 4020 0 0 1 -297 0 -1 0 0 0 32002 32002 0 0 0 0 0 3956
WIT 6 -314 -313 -332 -337 -325 3929 0 0 1 -313 0 -1 0 0 0 32002 32002 0 0 0 0 0 4020
WIT 10 -314 -313 -329 -348 -370 0 0 0 0 -313 0 -1 0 0 0 32002 32002 0 0 0 0 0 2138
WIT 8 -314 -313 -319 -326 -326 4020 0 0 1 -298 0 -1 0 0 0 32002 32002 0 0 0 0 0 3929
WIT 8 -314 -313 -329 -344 -344 4020 0 0 1 -313 0 -1 0 0 0 32002 32002 0 0 0 0 0 3112
WIT 10 -314 -313 -324 -333 -293 4020 0 0 0 32002 0 -1 0 0 0 32002 32002 0 0 0 0 0 0
WIT 9 -314 -313 -319 -327 -247 0 0 0 0 32002 0 -1 0 0 0 32002 32002 0 0 0 0 0 0
WIT 8 -314 -313 -324 -339 -401 0 0 0 0 -313 0 -1 0 0 0 32002 32002 0 0 0 0 0 2137
WIT 8 -314 -313 -326 -333 -333 3929 0 0 1 -274 0 -1 0 0 0 32002 32002 0 0 0 0 0 2137
WIT 8 -314 -313 -318 -325 -308 4020 0 0 0 32002 0 -1 0 0 0 32002 32002 0 0 0 0 0 0
WIT 7 -314 -313 -327 -333 -312 2137 0 0 0 32002 0 -1 0 0 0 32002 32002 0 0 0 0 0 0
WIT 8 -345 -313 -329 -336 -356 0 0 0 0 -313 0 -1 0 0 0 32002 32002 0 0 0 0 0 3169
WIT 6 -314 -313 -305 -310 -313 0 0 0 0 -300 0 -1 0 0 0 32002 32002 0 0 0 0 0 3929
WIT 11 -314 -313 -319 -329 -327 3169 0 0 1 -313 0 -1 0 0 0 32002 32002 0 0 0 0 0 3690
WIT 6 313 314 354 349 329 0 0 0 0 326 0 -1 0 0 0 32002 32002 0 0 0 0 0 991
WIT 6 -314 -313 -324 -329 -330 0 0 0 0 -314 0 -1 0 0 0 32002 32002 0 0 0 0 0 3169
WIT 9 -314 -313 -324 -341 -340 3169 0 0 1 -313 0 -1 0 0 0 32002 32002 0 0 0 0 0 3690
WIT 10 -314 -313 -323 -342 -341 1618 1 0 0 -265 0 -1 0 0 0 32002 32002 0 0 0 0 0 2266
WIT 8 -314 -313 -301 -308 -305 4020 0 0 0 32002 0 -1 0 0 0 32002 32002 0 0 0 0 0 0
WIT 9 -314 -313 -324 -341 -357 0 0 0 0 -305 0 -1 0 0 0 32002 32002 0 0 0 0 0 3929
WIT 8 -314 -313 -278 -285 -285 3690 0 0 0 32002 0 -1 0 0 0 32002 32002 0 0 0 0 0 0
WIT 7 -314 -313 -258 -264 -235 0 0 0 0 32002 0 -1 0 0 0 32002 32002 0 0 0 0 0 0
WIT 9 -345 -313 -329 -337 -361 0 0 0 0 -313 0 -1 0 0 0 32002 32002 0 0 0 0 0 3372
WIT 8 -314 -313 -279 -294 -328 0 0 0 0 -307 0 -1 0 0 0 32002 32002 0 0 0 0 0 2266
WIT 10 -314 -313 -308 -327 -315 2138 1 0 0 -308 0 -1 0 0 0 32002 32002 0 0 0 0 0 2266
WIT 6 -314 -313 -288 -293 -263 3386 0 0 0 32002 0 -1 0 0 0 32002 32002 0 0 0 0 0 0
WIT 6 -314 -313 -306 -311 -308 3386 0 0 0 32002 0 -1 0 0 0 32002 32002 0 0 0 0 0 0
WIT 12 -314 -313 -313 -336 -333 2266 1 0 0 -313 0 -1 0 0 0 32002 32002 0 0 0 0 0 2138
WIT 7 -314 -313 -337 -343 -265 4020 0 0 0 32002 0 -1 0 0 0 32002 32002 0 0 0 0 0 0
WIT 7 -314 -313 -303 -309 -307 3104 0 0 0 32002 0 -1 0 0 0 32002 32002 0 0 0 0 0 0
WIT 11 -314 -313 -313 -334 -336 0 0 0 0 -313 0 -1 0 0 0 32002 32002 0 0 0 0 0 3690
WIT 10 -314 -313 -313 -332 -285 4020 0 0 0 32002 0 -1 0 0 0 32002 32002 0 0 0 0 0 0
WIT 6 313 314 472 467 413 0 0 0 0 380 0 -1 0 0 0 32002 32002 0 0 0 0 0 1185
WIT 7 313 314 356 350 368 1114 1 0 0 32002 0 -1 0 0 0 32002 32002 0 0 0 0 0 0
WIT 6 313 314 306 301 262 0 0 0 0 324 0 -1 0 0 0 32002 32002 0 0 0 0 0 1164
WIT 7 -314 -313 -299 -305 -306 0 0 0 0 -323 0 -1 0 0 0 32002 32002 0 0 0 0 0 0
WIT 10 313 314 339 330 330 1114 1 0 0 32002 0 -1 0 0 0 32002 32002 0 0 0 0 0 0
WIT 7 313 314 368 362 332 0 0 0 0 336 0 -1 0 0 0 32002 32002 0 0 0 0 0 658
WIT 9 313 314 323 315 312 0 0 0 0 330 0 -1 0 0 0 32002 32002 0 0 0 0 0 1164
WIT 10 313 314 341 332 330 0 0 0 0 314 0 -1 0 0 0 32002 32002 0 0 0 0 0 593
WIT 8 313 314 367 360 359 0 0 0 0 355 0 -1 0 0 0 32002 32002 0 0 0 0 0 1114
WIT 7 313 314 384 378 368 0 0 0 0 350 0 -1 0 0 0 32002 32002 0 0 0 0 0 593
WIT 12 -314 -313 -329 -352 -359 0 0 0 0 -314 0 -1 0 0 0 32002 32002 0 0 0 0 0 0
WIT 7 344 345 336 330 369 1113 0 0 0 32002 0 -1 0 0 0 32002 32002 0 0 0 0 0 0
WIT 6 344 345 333 328 309 0 0 0 0 359 0 -1 0 0 0 32002 32002 0 0 0 0 0 658
WIT 6 344 345 358 353 361 1114 1 0 0 32002 0 -1 0 0 0 32002 32002 0 0 0 0 0 0
WIT 6 344 345 339 334 344 2023 0 0 1 346 0 -1 0 0 0 32002 32002 0 0 0 0 0 658
WIT 8 344 345 318 311 310 0 0 0 0 339 0 -1 0 0 0 32002 32002 0 0 0 0 0 0
WIT 7 313 345 316 310 310 1164 0 0 1 315 1 1 16412 1 1 315 313 0 0 0 0 1 991
WIT 7 -316 -315 -297 -303 -288 4020 0 0 0 32002 0 -1 0 0 0 32002 32002 0 0 0 0 0 0
WIT 7 313 345 314 308 300 0 0 0 0 315 0 -1 0 0 0 32002 32002 0 0 0 0 0 593
WIT 9 -316 -315 -313 -330 -329 3169 0 0 1 -313 0 -1 0 0 0 32002 32002 0 0 0 0 0 3690
WIT 11 -316 -315 -329 -339 -330 3169 0 0 1 -313 0 -1 0 0 0 32002 32002 0 0 0 0 0 3690
WIT 9 -316 -315 -340 -348 -338 3169 0 0 1 -314 0 -1 0 0 0 32002 32002 0 0 0 0 0 3690
WIT 7 -316 -315 -300 -306 -305 3956 0 0 0 32002 0 -1 0 0 0 32002 32002 0 0 0 0 0 0
WIT 6 -316 -315 -312 -317 -303 3956 0 0 0 32002 0 -1 0 0 0 32002 32002 0 0 0 0 0 0
WIT 8 -316 -315 -329 -344 -400 0 0 0 0 -314 0 -1 0 0 0 32002 32002 0 0 0 0 0 3372
WIT 8 -316 -315 -321 -328 -303 3690 0 0 0 32002 0 -1 0 0 0 32002 32002 0 0 0 0 0 0
WIT 7 -316 -315 -341 -354 -329 3690 0 0 1 -303 0 -1 0 0 0 32002 32002 0 0 0 0 0 3372
WIT 6 -316 -315 -329 -334 -334 3690 0 0 1 -315 0 -1 0 0 0 32002 32002 0 0 0 0 0 3372
WIT 7 -316 -315 -329 -335 -294 3690 0 0 0 32002 0 -1 0 0 0 32002 32002 0 0 0 0 0 0
WIT 6 -316 -315 -259 -264 -264 3690 0 0 0 32002 0 -1 0 0 0 32002 32002 0 0 0 0 0 0
WIT 6 -316 -315 -319 -324 -324 3690 0 0 1 -260 0 -1 0 0 0 32002 32002 0 0 0 0 0 3372

===========================
Total time (ms) : 36
Nodes searched  : 28511
Nodes/second    : 791972
