
Position: 1/1 (r1b2rk1/pppp1ppp/5q2/2b1p3/2n1P3/2P2N2/PP1PQPPP/R1B1K2R w KQ - 0 9)
WIT 7 341 342 605 592 465 0 0 0 0 372 0 -1 0 0 0 32002 32002 0 0 0 0 0 2926
WIT 9 382 383 613 596 38 0 0 0 0 426 0 -1 0 0 0 32002 32002 0 0 0 0 0 2958
WIT 9 382 383 381 373 310 0 0 0 0 387 0 -1 0 0 0 32002 32002 0 0 0 0 0 2958
WIT 9 382 383 410 402 463 3177 0 0 0 32002 0 -1 0 0 0 32002 32002 0 0 0 0 0 0
WIT 8 382 383 368 353 315 0 0 0 0 327 0 -1 0 0 0 32002 32002 0 0 0 0 0 0
WIT 6 -319 -318 -338 -343 -343 731 0 0 1 -270 0 -1 0 0 0 32002 32002 0 0 0 0 0 49415
WIT 7 -198 -197 -249 -255 -255 731 0 0 1 -197 0 -1 0 0 0 32002 32002 0 0 0 0 0 49415
WIT 6 -75 -74 -197 -202 -202 731 0 0 1 -118 1 1 20414 1 1 -75 -157 0 0 0 0 7 0
WIT 8 189 190 136 129 114 0 0 0 0 189 0 -1 0 0 0 32002 32002 0 0 0 0 0 2217
WIT 9 197 198 190 173 173 2926 0 0 1 208 0 -1 0 0 0 32002 32002 0 0 0 0 0 2217
WIT 7 197 198 218 212 212 3742 0 0 0 32002 0 -1 0 0 0 32002 32002 0 0 0 0 0 0
WIT 6 197 198 194 189 167 0 0 0 0 198 0 -1 0 0 0 32002 32002 0 0 0 0 0 2217
WIT 7 190 198 190 184 180 0 0 0 0 198 0 -1 0 0 0 32002 32002 0 0 0 0 0 3307
WIT 6 207 208 210 205 262 2217 0 0 0 32002 0 -1 0 0 0 32002 32002 0 0 0 0 0 0
WIT 9 207 208 261 253 283 3742 0 0 0 32002 0 -1 0 0 0 32002 32002 0 0 0 0 0 0
WIT 9 207 208 207 190 218 2926 0 0 0 32002 0 -1 0 0 0 32002 32002 0 0 0 0 0 0
WIT 7 207 208 218 212 212 3742 0 0 0 32002 0 -1 0 0 0 32002 32002 0 0 0 0 0 0
WIT 7 207 208 198 185 165 0 0 0 0 208 0 -1 0 0 0 32002 32002 0 0 0 0 0 2217
WIT 7 198 208 198 192 182 0 0 0 0 208 0 -1 0 0 0 32002 32002 0 0 0 0 0 3307
WIT 7 220 221 262 249 249 2217 0 0 0 32002 0 -1 0 0 0 32002 32002 0 0 0 0 0 0
WIT 9 220 221 261 253 283 3742 0 0 0 32002 0 -1 0 0 0 32002 32002 0 0 0 0 0 0
WIT 9 220 221 207 190 218 2926 0 0 1 234 0 -1 0 0 0 32002 32002 0 0 0 0 0 2217
WIT 7 220 221 218 212 221 2217 0 0 0 32002 0 -1 0 0 0 32002 32002 0 0 0 0 0 0
WIT 8 220 221 275 268 268 3742 0 0 0 32002 0 -1 0 0 0 32002 32002 0 0 0 0 0 0
WIT 7 220 221 208 195 153 0 0 0 0 221 0 -1 0 0 0 32002 32002 0 0 0 0 0 2217
WIT 7 220 221 229 223 259 2926 0 0 0 32002 0 -1 0 0 0 32002 32002 0 0 0 0 0 0
WIT 7 220 221 214 208 297 2926 0 0 0 32002 0 -1 0 0 0 32002 32002 0 0 0 0 0 0
WIT 7 208 221 208 202 184 0 0 0 0 221 0 -1 0 0 0 32002 32002 0 0 0 0 0 3307
WIT 9 237 238 261 253 273 3742 0 0 0 32002 0 -1 0 0 0 32002 32002 0 0 0 0 0 0
WIT 9 237 238 275 267 267 3742 0 0 0 32002 0 -1 0 0 0 32002 32002 0 0 0 0 0 0
WIT 9 237 238 221 204 169 0 0 0 0 238 0 -1 0 0 0 32002 32002 0 0 0 0 0 2217
WIT 9 237 238 218 210 211 3742 0 0 1 254 0 -1 0 0 0 32002 32002 0 0 0 0 0 2926
WIT 7 237 238 232 219 231 2926 0 0 1 239 0 -1 0 0 0 32002 32002 0 0 0 0 0 2217
WIT 7 237 238 229 223 259 2926 0 0 0 32002 0 -1 0 0 0 32002 32002 0 0 0 0 0 0
WIT 7 237 238 214 208 297 2926 0 0 0 32002 0 -1 0 0 0 32002 32002 0 0 0 0 0 0
WIT 7 221 238 221 215 186 0 0 0 0 238 0 -1 0 0 0 32002 32002 0 0 0 0 0 3307
WIT 6 260 261 391 386 389 2217 0 0 0 32002 0 -1 0 0 0 32002 32002 0 0 0 0 0 0
WIT 10 260 261 293 284 330 3742 0 0 0 32002 0 -1 0 0 0 32002 32002 0 0 0 0 0 0
WIT 9 260 261 238 221 186 0 0 0 0 261 0 -1 0 0 0 32002 32002 0 0 0 0 0 2217
WIT 9 260 261 261 253 273 3742 0 0 0 32002 0 -1 0 0 0 32002 32002 0 0 0 0 0 0
WIT 9 260 261 252 244 254 3742 0 0 1 273 0 -1 0 0 0 32002 32002 0 0 0 0 0 2926
WIT 7 260 261 238 225 233 2926 0 0 1 263 0 -1 0 0 0 32002 32002 0 0 0 0 0 2217
WIT 7 260 261 229 223 267 3742 0 0 0 32002 0 -1 0 0 0 32002 32002 0 0 0 0 0 0
WIT 7 260 261 214 208 297 2926 0 0 0 32002 0 -1 0 0 0 32002 32002 0 0 0 0 0 0
WIT 7 238 261 238 232 190 0 0 0 0 261 0 -1 0 0 0 32002 32002 0 0 0 0 0 3307
WIT 7 291 292 391 385 391 2217 0 0 0 32002 0 -1 0 0 0 32002 32002 0 0 0 0 0 0
WIT 7 291 292 318 312 336 0 0 0 0 32002 0 -1 0 0 0 32002 32002 0 0 0 0 0 0
WIT 7 261 292 286 280 258 0 0 0 0 295 0 -1 0 0 0 32002 32002 0 0 0 0 0 3742
WIT 9 291 292 261 253 273 3742 0 0 1 325 0 -1 0 0 0 32002 32002 0 0 0 0 0 2926
WIT 10 291 292 293 284 334 3742 0 0 0 32002 0 -1 0 0 0 32002 32002 0 0 0 0 0 0
WIT 11 291 292 261 251 285 3742 0 0 1 348 0 -1 0 0 0 32002 32002 0 0 0 0 0 2926
WIT 9 291 292 261 244 201 0 0 0 0 304 0 -1 0 0 0 32002 32002 0 0 0 0 0 2217
WIT 8 291 292 271 264 278 3742 0 0 1 293 0 -1 0 0 0 32002 32002 0 0 0 0 0 2926
WIT 7 291 292 262 249 283 2926 0 0 1 292 0 -1 0 0 0 32002 32002 0 0 0 0 0 2217
WIT 7 291 292 229 223 267 3742 0 0 1 292 0 -1 0 0 0 32002 32002 0 0 0 0 0 2217
WIT 7 291 292 214 208 297 2926 0 0 0 32002 0 -1 0 0 0 32002 32002 0 0 0 0 0 0
WIT 7 261 292 261 255 194 0 0 0 0 292 0 -1 0 0 0 32002 32002 0 0 0 0 0 3307
WIT 7 291 292 275 269 317 2228 0 0 0 32002 0 -1 0 0 0 32002 32002 0 0 0 0 0 0
WIT 7 333 334 295 282 292 2217 0 0 1 365 0 -1 0 0 0 32002 32002 0 0 0 0 0 1941
WIT 6 333 334 391 386 396 2217 0 0 0 32002 0 -1 0 0 0 32002 32002 0 0 0 0 0 0
WIT 7 292 334 294 288 265 0 0 0 0 334 0 -1 0 0 0 32002 32002 0 0 0 0 0 3742
WIT 6 333 334 372 367 431 4031 0 1 0 32002 0 -1 0 0 0 32002 32002 0 0 0 0 0 0
WIT 10 333 334 368 359 345 0 0 0 0 338 0 -1 0 0 0 32002 32002 0 0 0 0 0 3429
WIT 9 333 334 358 350 297 0 0 0 0 316 0 -1 0 0 0 32002 32002 0 0 0 0 0 0
WIT 10 333 334 321 312 303 0 0 0 0 326 0 -1 0 0 0 32002 32002 0 0 0 0 0 0
WIT 6 -293 -292 -280 -285 -340 0 0 0 0 -292 0 -1 0 0 0 32002 32002 0 0 0 0 0 1676
WIT 7 292 293 315 309 283 0 0 0 0 319 0 -1 0 0 0 32002 32002 0 0 0 0 0 2846
WIT 6 -293 -292 -326 -331 -386 0 0 0 0 -313 0 -1 0 0 0 32002 32002 0 0 0 0 0 0
WIT 10 333 334 304 295 315 3742 0 0 1 354 0 -1 0 0 0 32002 32002 0 0 0 0 0 2926
WIT 6 333 334 354 349 366 3735 0 0 0 32002 0 -1 0 0 0 32002 32002 0 0 0 0 0 0
WIT 11 333 334 293 283 315 3742 0 0 1 366 0 -1 0 0 0 32002 32002 0 0 0 0 0 2926
WIT 9 333 334 302 285 282 0 0 0 0 343 0 -1 0 0 0 32002 32002 0 0 0 0 0 2217
WIT 8 333 334 292 277 296 2926 0 0 1 334 0 -1 0 0 0 32002 32002 0 0 0 0 0 2217
WIT 6 333 334 355 350 249 0 0 0 0 342 0 -1 0 0 0 32002 32002 0 0 0 0 0 2331
WIT 7 333 334 366 353 327 0 0 0 0 320 0 -1 0 0 0 32002 32002 0 0 0 0 0 1941
WIT 8 333 334 292 285 283 0 0 0 0 336 0 -1 0 0 0 32002 32002 0 0 0 0 0 2926
WIT 8 333 334 311 304 307 2926 0 0 1 334 0 -1 0 0 0 32002 32002 0 0 0 0 0 2217
WIT 8 333 334 292 285 312 2926 0 0 1 333 1 2 26158 0 0 32002 32002 1 0 30 0 0 3742
WIT 7 333 334 372 366 444 2926 0 0 0 32002 0 -1 0 0 0 32002 32002 0 0 0 0 0 0
WIT 7 333 334 299 293 419 2926 0 0 0 32002 0 -1 0 0 0 32002 32002 0 0 0 0 0 0
WIT 8 333 334 214 207 297 2926 0 0 1 334 0 -1 0 0 0 32002 32002 0 0 0 0 0 2217
WIT 7 333 334 323 317 371 2926 0 0 0 32002 0 -1 0 0 0 32002 32002 0 0 0 0 0 0
WIT 7 292 334 292 286 214 0 0 0 0 334 0 -1 0 0 0 32002 32002 0 0 0 0 0 3307
WIT 6 333 334 275 270 342 2228 0 0 0 32002 0 -1 0 0 0 32002 32002 0 0 0 0 0 0
WIT 7 390 391 426 413 352 0 0 0 0 534 0 -1 0 0 0 32002 32002 0 0 0 0 0 1941
WIT 7 390 391 361 348 347 0 0 0 0 426 0 -1 0 0 0 32002 32002 0 0 0 0 0 1941
WIT 7 390 391 327 321 318 0 0 0 0 390 0 -1 0 0 0 32002 32002 0 0 0 0 0 0
WIT 9 334 335 118 110 96 0 0 0 0 335 0 -1 0 0 0 32002 32002 0 0 0 0 0 2217
WIT 10 -335 -334 -327 -346 -439 0 0 0 0 -335 0 -1 0 0 0 32002 32002 0 0 0 0 0 1375
WIT 6 -335 -334 -158 -163 -174 0 0 0 0 -272 0 -1 0 0 0 32002 32002 0 0 0 0 0 1568
WIT 7 334 391 334 328 327 0 0 0 0 334 0 -1 0 0 0 32002 32002 0 0 0 0 0 0
WIT 6 -303 -302 -334 -339 -359 0 0 0 0 -239 0 -1 0 0 0 32002 32002 0 0 0 0 0 1382
WIT 6 -303 -302 -334 -339 -358 0 0 0 0 -300 0 -1 0 0 0 32002 32002 0 0 0 0 0 1764
WIT 6 -330 -329 -327 -332 -449 0 0 0 0 -326 0 -1 0 0 0 32002 32002 0 0 0 0 0 49415
WIT 6 329 330 390 385 421 2217 0 0 0 32002 0 -1 0 0 0 32002 32002 0 0 0 0 0 0
WIT 7 329 330 388 375 346 0 0 0 0 336 0 -1 0 0 0 32002 32002 0 0 0 0 0 2926
WIT 6 329 330 382 377 418 2926 0 0 0 32002 0 -1 0 0 0 32002 32002 0 0 0 0 0 0
WIT 6 330 331 373 368 373 0 0 0 0 32002 0 -1 0 0 0 32002 32002 0 0 0 0 0 0
WIT 6 343 344 390 385 398 0 0 0 0 32002 0 -1 0 0 0 32002 32002 0 0 0 0 0 0
WIT 8 330 344 330 323 326 2926 0 0 1 330 1 1 29417 1 1 330 344 0 0 0 0 83 2926
WIT 6 343 344 449 444 365 0 0 0 0 410 0 -1 0 0 0 32002 32002 0 0 0 0 0 2983
WIT 7 -344 -343 -127 -133 -172 0 0 0 0 -322 0 -1 0 0 0 32002 32002 0 0 0 0 0 1568
WIT 6 -344 -343 -318 -323 -383 0 0 0 0 -324 0 -1 0 0 0 32002 32002 0 0 0 0 0 536
WIT 6 -344 -343 -312 -317 -333 0 0 0 0 -350 0 -1 0 0 0 32002 32002 0 0 0 0 0 0
WIT 8 343 344 344 329 330 2926 0 0 1 344 0 -1 0 0 0 32002 32002 0 0 0 0 0 1964
WIT 7 343 344 515 509 537 0 0 0 0 32002 0 -1 0 0 0 32002 32002 0 0 0 0 0 0
WIT 6 343 344 337 332 297 0 0 0 0 369 0 -1 0 0 0 32002 32002 0 0 0 0 0 3429
WIT 11 343 344 334 313 313 3742 0 0 1 343 1 1 18895 1 1 343 344 0 0 0 0 161 3742
WIT 7 -344 -330 -326 -332 -466 0 0 0 0 -344 0 -1 0 0 0 32002 32002 0 0 0 0 0 0
WIT 9 -344 -343 -304 -312 -347 0 0 0 0 -389 0 -1 0 0 0 32002 32002 0 0 0 0 0 0
WIT 9 343 344 515 507 559 3941 1 0 0 32002 0 -1 0 0 0 32002 32002 0 0 0 0 0 0
WIT 7 343 344 534 528 550 2788 1 0 0 32002 0 -1 0 0 0 32002 32002 0 0 0 0 0 0
WIT 7 343 344 353 347 338 0 0 0 0 344 0 -1 0 0 0 32002 32002 0 0 0 0 0 2217
WIT 11 343 344 336 326 325 0 0 0 0 344 0 -1 0 0 0 32002 32002 0 0 0 0 0 3742
WIT 8 343 344 390 383 410 2217 0 0 0 32002 0 -1 0 0 0 32002 32002 0 0 0 0 0 0
WIT 9 343 344 335 318 317 0 0 0 0 344 0 -1 0 0 0 32002 32002 0 0 0 0 0 2926
WIT 8 343 344 342 335 353 2926 0 0 0 32002 0 -1 0 0 0 32002 32002 0 0 0 0 0 0
WIT 8 343 344 372 365 443 2926 0 0 0 32002 0 -1 0 0 0 32002 32002 0 0 0 0 0 0
WIT 8 343 344 334 327 336 3742 0 0 1 344 0 -1 0 0 0 32002 32002 0 0 0 0 0 2217
WIT 8 343 344 357 350 380 2926 0 0 0 32002 0 -1 0 0 0 32002 32002 0 0 0 0 0 0
WIT 8 343 344 342 327 217 0 0 0 0 344 0 -1 0 0 0 32002 32002 0 0 0 0 0 2217
WIT 8 330 344 330 323 255 0 0 0 0 344 0 -1 0 0 0 32002 32002 0 0 0 0 0 3307
WIT 7 362 363 335 329 695 1941 1 0 0 32002 0 -1 0 0 0 32002 32002 0 0 0 0 0 0
WIT 7 344 363 335 329 329 3964 0 0 1 368 0 -1 0 0 0 32002 32002 0 0 0 0 0 3742
WIT 6 344 345 519 514 519 0 0 0 0 32002 0 -1 0 0 0 32002 32002 0 0 0 0 0 0
WIT 6 362 363 345 340 332 0 0 0 0 382 0 -1 0 0 0 32002 32002 0 0 0 0 0 2217
WIT 7 344 363 335 329 234 0 0 0 0 344 0 -1 0 0 0 32002 32002 0 0 0 0 0 3742
WIT 8 344 363 354 347 300 0 0 0 0 364 0 -1 0 0 0 32002 32002 0 0 0 0 0 2331
WIT 10 362 363 433 424 297 0 0 0 0 438 0 -1 0 0 0 32002 32002 0 0 0 0 0 2958
WIT 6 -363 -362 -331 -336 -456 0 0 0 0 -356 0 -1 0 0 0 32002 32002 0 0 0 0 0 454
WIT 8 344 363 344 337 330 0 0 0 0 363 0 -1 0 0 0 32002 32002 0 0 0 0 0 2926
WIT 6 362 363 347 342 342 2217 0 0 1 364 0 -1 0 0 0 32002 32002 0 0 0 0 0 2926
WIT 9 362 363 515 507 548 0 0 0 0 32002 0 -1 0 0 0 32002 32002 0 0 0 0 0 0
WIT 8 362 363 348 333 294 0 0 0 0 367 0 -1 0 0 0 32002 32002 0 0 0 0 0 3429
WIT 10 362 363 422 403 347 0 0 0 0 367 0 -1 0 0 0 32002 32002 0 0 0 0 0 1943
WIT 8 362 363 350 335 385 2983 0 0 0 32002 0 -1 0 0 0 32002 32002 0 0 0 0 0 0
WIT 8 362 363 344 329 356 2331 1 0 0 365 0 -1 0 0 0 32002 32002 0 0 0 0 0 1941
WIT 7 362 363 344 331 321 0 0 0 0 364 0 -1 0 0 0 32002 32002 0 0 0 0 0 2926
WIT 11 362 363 344 323 328 2926 0 0 1 363 0 -1 0 0 0 32002 32002 0 0 0 0 0 3742
WIT 10 362 363 344 325 334 3735 0 0 1 423 0 -1 0 0 0 32002 32002 0 0 0 0 0 2926
WIT 7 -363 -362 -491 -497 -521 0 0 0 0 -362 0 -1 0 0 0 32002 32002 0 0 0 0 0 1762
WIT 13 362 363 389 377 325 0 0 0 0 397 0 -1 0 0 0 32002 32002 0 0 0 0 0 2983
WIT 12 362 363 367 344 335 0 0 1 0 363 0 -1 0 0 0 32002 32002 0 0 0 0 0 3957
WIT 10 362 363 484 475 519 0 0 0 0 32002 0 -1 0 0 0 32002 32002 0 0 0 0 0 0
WIT 10 362 363 515 506 537 0 0 0 0 32002 0 -1 0 0 0 32002 32002 0 0 0 0 0 0
WIT 10 362 363 456 447 526 2788 1 0 0 32002 0 -1 0 0 0 32002 32002 0 0 0 0 0 0
WIT 11 362 363 366 345 340 0 0 0 0 363 0 -1 0 0 0 32002 32002 0 0 0 0 0 3429
WIT 8 362 363 350 335 381 2983 0 0 0 32002 0 -1 0 0 0 32002 32002 0 0 0 0 0 0
WIT 10 362 363 461 452 540 2788 1 0 0 32002 0 -1 0 0 0 32002 32002 0 0 0 0 0 0
WIT 9 362 363 364 347 361 2331 1 0 0 365 0 -1 0 0 0 32002 32002 0 0 0 0 0 1941
WIT 6 362 363 378 373 344 0 0 0 0 405 0 -1 0 0 0 32002 32002 0 0 0 0 0 3429
WIT 6 362 363 375 370 388 2217 0 0 0 32002 0 -1 0 0 0 32002 32002 0 0 0 0 0 0
WIT 8 362 363 359 352 351 0 0 0 0 377 0 -1 0 0 0 32002 32002 0 0 0 0 0 3429
WIT 7 362 363 344 331 261 0 0 0 0 375 0 -1 0 0 0 32002 32002 0 0 0 0 0 2217
WIT 10 362 363 344 325 311 0 0 0 0 363 0 -1 0 0 0 32002 32002 0 0 0 0 0 3742
WIT 6 -363 -362 -267 -272 -308 0 0 0 0 -358 0 -1 0 0 0 32002 32002 0 0 0 0 0 1568
WIT 8 -363 -362 -522 -529 -553 0 0 0 0 -358 0 -1 0 0 0 32002 32002 0 0 0 0 0 454
WIT 9 -363 -362 -361 -369 -444 0 0 0 0 -332 0 -1 0 0 0 32002 32002 0 0 0 0 0 1762
WIT 12 362 363 347 336 321 0 0 0 0 358 0 -1 0 0 0 32002 32002 0 0 0 0 0 0
WIT 9 362 363 344 327 321 0 0 0 0 358 0 -1 0 0 0 32002 32002 0 0 0 0 0 0
WIT 7 -345 -344 -310 -316 -321 0 0 0 0 -321 0 -1 0 0 0 32002 32002 0 0 0 0 0 798
WIT 8 -345 -344 -334 -341 -363 0 0 0 0 -331 0 -1 0 0 0 32002 32002 0 0 0 0 0 536
WIT 7 -345 -344 -341 -347 -347 723 0 0 1 -337 0 -1 0 0 0 32002 32002 0 0 0 0 0 536
WIT 9 344 345 368 360 -200 0 0 0 0 351 0 -1 0 0 0 32002 32002 0 0 0 0 0 1823
WIT 10 -345 -344 -270 -279 -314 0 0 0 0 -349 0 -1 0 0 0 32002 32002 0 0 0 0 0 0
WIT 7 344 345 335 322 246 0 0 0 0 344 0 -1 0 0 0 32002 32002 0 0 0 0 0 0
WIT 11 -345 -344 -326 -347 -348 0 0 0 0 -345 0 -1 0 0 0 32002 32002 0 0 0 0 0 49415
WIT 7 -345 -344 -241 -247 -247 731 0 0 0 32002 0 -1 0 0 0 32002 32002 0 0 0 0 0 0
WIT 6 -345 -344 -285 -290 -240 1676 0 0 0 32002 0 -1 0 0 0 32002 32002 0 0 0 0 0 0
WIT 6 -345 -344 -274 -279 -279 731 0 0 0 32002 0 -1 0 0 0 32002 32002 0 0 0 0 0 0
WIT 8 344 363 344 337 328 0 0 0 0 344 0 -1 0 0 0 32002 32002 0 0 0 0 0 0
WIT 7 -320 -319 -332 -345 -305 983 0 0 0 32002 0 -1 0 0 0 32002 32002 0 0 0 0 0 0
WIT 9 -320 -319 -327 -335 -280 1382 0 0 0 32002 0 -1 0 0 0 32002 32002 0 0 0 0 0 0
WIT 10 -320 -319 -344 -363 -364 0 0 0 0 -319 0 -1 0 0 0 32002 32002 0 0 0 0 0 391
WIT 9 -320 -319 -344 -361 -362 0 0 0 0 -319 0 -1 0 0 0 32002 32002 0 0 0 0 0 49415
WIT 9 -320 -319 50 42 -240 0 0 1 0 -263 0 -1 0 0 0 32002 32002 0 0 0 0 0 269
WIT 8 -320 -319 -164 -171 -149 49415 0 0 0 32002 0 -1 0 0 0 32002 32002 0 0 0 0 0 0
WIT 7 -320 -319 -328 -341 -335 49415 0 0 1 -308 0 -1 0 0 0 32002 32002 0 0 0 0 0 536
WIT 6 -320 -319 -285 -290 -248 536 0 0 0 32002 0 -1 0 0 0 32002 32002 0 0 0 0 0 0
WIT 6 -320 -319 -274 -279 -256 0 0 0 0 32002 0 -1 0 0 0 32002 32002 0 0 0 0 0 0
WIT 6 -320 -319 -274 -279 -266 536 0 0 0 32002 0 -1 0 0 0 32002 32002 0 0 0 0 0 0
WIT 6 -320 -319 -241 -246 -246 731 0 0 0 32002 0 -1 0 0 0 32002 32002 0 0 0 0 0 0
WIT 6 -286 -285 -305 -310 -310 49415 0 0 1 -285 0 -1 0 0 0 32002 32002 0 0 0 0 0 536
WIT 11 -286 -285 -311 -321 -366 0 0 0 0 -283 0 -1 0 0 0 32002 32002 0 0 0 0 0 1371
WIT 10 -286 -285 -311 -330 -331 0 0 0 0 -286 0 -1 0 0 0 32002 32002 0 0 0 0 0 1380
WIT 9 -286 -285 -271 -279 -247 536 0 0 0 32002 0 -1 0 0 0 32002 32002 0 0 0 0 0 0
WIT 7 285 286 303 297 109 0 0 0 0 303 0 -1 0 0 0 32002 32002 0 0 0 0 0 1941
WIT 6 285 286 300 295 251 0 0 0 0 263 0 -1 0 0 0 32002 32002 0 0 0 0 0 0
WIT 10 -286 -285 -263 -272 -335 0 0 0 0 -272 0 -1 0 0 0 32002 32002 0 0 0 0 0 1683
WIT 12 -286 -285 -313 -324 -339 0 0 0 0 -285 0 -1 0 0 0 32002 32002 0 0 0 0 0 731
WIT 6 285 286 109 104 -434 0 0 0 0 224 0 -1 0 0 0 32002 32002 0 0 0 0 0 0
WIT 6 -286 -285 -289 -294 -306 0 0 0 0 -252 0 -1 0 0 0 32002 32002 0 0 0 0 0 1676
WIT 11 -286 -285 -319 -329 -336 0 0 0 0 -294 0 -1 0 0 0 32002 32002 0 0 0 0 0 0
WIT 9 -286 -285 -319 -336 -347 0 0 0 0 -293 0 -1 0 0 0 32002 32002 0 0 0 0 0 0
WIT 8 -286 -285 -319 -334 -345 0 0 0 0 -287 0 -1 0 0 0 32002 32002 0 0 0 0 0 0
WIT 8 351 352 293 278 292 3104 0 0 1 339 1 3 16146 1 1 351 331 1 0 1 0 23 0
WIT 6 351 352 348 343 343 2217 0 0 1 366 0 -1 0 0 0 32002 32002 0 0 0 0 0 3742
WIT 6 351 352 349 344 241 0 0 0 0 362 0 -1 0 0 0 32002 32002 0 0 0 0 0 2788
WIT 7 351 352 334 328 341 3742 0 0 1 365 0 -1 0 0 0 32002 32002 0 0 0 0 0 2217
WIT 7 351 352 354 348 411 3104 0 0 0 32002 0 -1 0 0 0 32002 32002 0 0 0 0 0 0
WIT 6 351 352 346 341 308 0 0 0 0 411 0 -1 0 0 0 32002 32002 0 0 0 0 0 2217
WIT 10 351 352 422 403 129 0 0 0 0 340 0 -1 0 0 0 32002 32002 0 0 0 0 0 0
WIT 9 -321 -320 -332 -340 -404 0 0 0 0 -320 0 -1 0 0 0 32002 32002 0 0 0 0 0 49415
WIT 8 -321 -320 -334 -341 -553 0 0 0 0 -320 0 -1 0 0 0 32002 32002 0 0 0 0 0 1762
WIT 7 -321 -320 -358 -364 -500 0 0 0 0 -320 0 -1 0 0 0 32002 32002 0 0 0 0 0 731
WIT 7 -321 -320 -117 -123 -159 0 0 1 0 -79 0 -1 0 0 0 32002 32002 0 0 0 0 0 269
WIT 9 -321 -320 -285 -293 -291 49415 0 0 0 32002 0 -1 0 0 0 32002 32002 0 0 0 0 0 0
WIT 10 -321 -320 -268 -287 -452 0 0 1 0 -25 0 -1 0 0 0 32002 32002 0 0 0 0 0 269
WIT 8 -321 -320 -285 -292 -243 1676 0 0 0 32002 0 -1 0 0 0 32002 32002 0 0 0 0 0 0
WIT 7 -321 -320 -274 -280 -258 0 0 0 0 32002 0 -1 0 0 0 32002 32002 0 0 0 0 0 0
WIT 7 -321 -320 -274 -280 -242 731 0 0 0 32002 0 -1 0 0 0 32002 32002 0 0 0 0 0 0
WIT 8 -321 -320 -164 -171 -149 49415 0 0 0 32002 0 -1 0 0 0 32002 32002 0 0 0 0 0 0
WIT 7 -321 -320 -241 -247 -221 731 0 0 0 32002 0 -1 0 0 0 32002 32002 0 0 0 0 0 0
WIT 7 -321 -320 -309 -322 -322 49415 0 0 1 -308 0 -1 0 0 0 32002 32002 0 0 0 0 0 536
WIT 7 -336 -304 -308 -314 -345 0 0 0 0 -249 0 -1 0 0 0 32002 32002 0 0 0 0 0 1698
WIT 9 -305 -304 -291 -299 -225 1829 1 0 0 32002 0 -1 0 0 0 32002 32002 0 0 0 0 0 0
WIT 11 -305 -304 -320 -330 -401 0 0 0 0 -315 0 -1 0 0 0 32002 32002 0 0 0 0 0 0
WIT 10 -305 -304 -320 -329 -557 0 0 0 0 -314 0 -1 0 0 0 32002 32002 0 0 0 0 0 0
WIT 11 -305 -304 -320 -341 -343 0 0 0 0 -312 0 -1 0 0 0 32002 32002 0 0 0 0 0 0
WIT 10 -305 -304 -320 -339 -344 0 0 0 0 -311 0 -1 0 0 0 32002 32002 0 0 0 0 0 0
WIT 9 -336 -335 -334 -342 -329 324 0 0 0 32002 0 -1 0 0 0 32002 32002 0 0 0 0 0 0
WIT 9 -336 -335 -304 -312 -312 1683 0 0 0 32002 0 -1 0 0 0 32002 32002 0 0 0 0 0 0
WIT 11 335 336 364 343 335 0 0 0 0 294 0 -1 0 0 0 32002 32002 0 0 0 0 0 0
WIT 6 -336 -335 -238 -243 -191 1382 0 0 0 32002 0 -1 0 0 0 32002 32002 0 0 0 0 0 0
WIT 8 -336 -335 -300 -307 -364 0 0 0 0 -327 0 -1 0 0 0 32002 32002 0 0 0 0 0 1683
WIT 6 -336 -335 -178 -183 -414 0 0 0 0 -28 0 -1 0 0 0 32002 32002 0 0 0 0 0 398
WIT 7 -336 -335 -246 -252 -359 0 0 0 0 -298 0 -1 0 0 0 32002 32002 0 0 0 0 0 1382
WIT 8 -336 -335 -300 -315 -339 0 0 0 0 -335 0 -1 0 0 0 32002 32002 0 0 0 0 0 1764
WIT 10 335 336 363 344 300 0 0 0 0 333 0 -1 0 0 0 32002 32002 0 0 0 0 0 0
WIT 7 -336 -335 -303 -309 -336 0 0 0 0 -335 0 -1 0 0 0 32002 32002 0 0 0 0 0 49415
WIT 9 335 336 363 346 339 0 0 0 0 335 0 -1 0 0 0 32002 32002 0 0 0 0 0 0
WIT 7 -305 -304 -335 -348 -348 49415 0 0 1 -308 1 1 55038 1 1 -305 -302 0 0 0 0 29 49415
WIT 9 -305 -304 -309 -326 -323 49415 0 0 1 -303 0 -1 0 0 0 32002 32002 0 0 0 0 0 536
WIT 7 -305 -304 -285 -291 -243 536 0 0 0 32002 0 -1 0 0 0 32002 32002 0 0 0 0 0 0
WIT 7 -305 -304 -274 -280 -250 0 0 0 0 32002 0 -1 0 0 0 32002 32002 0 0 0 0 0 0
WIT 7 -305 -304 -274 -280 -242 731 0 0 0 32002 0 -1 0 0 0 32002 32002 0 0 0 0 0 0
WIT 7 -305 -304 -241 -247 -207 731 0 0 0 32002 0 -1 0 0 0 32002 32002 0 0 0 0 0 0
WIT 7 -305 -304 -164 -170 -156 0 0 0 0 32002 0 -1 0 0 0 32002 32002 0 0 0 0 0 0
WIT 12 -284 -283 -256 -267 -334 0 0 0 0 -303 0 -1 0 0 0 32002 32002 0 0 0 0 0 0
WIT 9 283 284 365 357 365 2217 0 0 0 32002 0 -1 0 0 0 32002 32002 0 0 0 0 0 0
WIT 6 283 284 321 316 212 0 0 0 0 288 0 -1 0 0 0 32002 32002 0 0 0 0 0 2217
WIT 6 283 284 365 360 389 0 0 0 0 32002 0 -1 0 0 0 32002 32002 0 0 0 0 0 0
WIT 6 283 284 423 418 367 0 0 0 0 284 0 -1 0 0 0 32002 32002 0 0 0 0 0 2217
WIT 6 283 284 366 361 323 0 0 0 0 367 0 -1 0 0 0 32002 32002 0 0 0 0 0 2203
WIT 6 283 284 365 360 359 0 0 0 0 356 0 -1 0 0 0 32002 32002 0 0 0 0 0 1941
WIT 11 -284 -283 -294 -315 -321 0 0 0 0 -301 0 -1 0 0 0 32002 32002 0 0 0 0 0 0
WIT 9 283 284 410 402 407 3735 0 0 0 32002 0 -1 0 0 0 32002 32002 0 0 0 0 0 0
WIT 11 -284 -283 -333 -354 -391 0 0 0 0 -284 0 -1 0 0 0 32002 32002 0 0 0 0 0 0
WIT 10 -284 -283 -335 -354 -365 0 0 0 0 -284 0 -1 0 0 0 32002 32002 0 0 0 0 0 0
WIT 9 -284 -283 -303 -320 -327 0 0 0 0 -284 0 -1 0 0 0 32002 32002 0 0 0 0 0 0
WIT 10 324 325 370 351 350 0 0 0 0 341 0 -1 0 0 0 32002 32002 0 0 0 0 0 2922
WIT 10 324 325 367 348 305 0 0 0 0 339 0 -1 0 0 0 32002 32002 0 0 0 0 0 2331
WIT 7 359 360 356 350 -479 0 0 0 0 377 0 -1 0 0 0 32002 32002 0 0 0 0 0 1941
WIT 7 359 360 365 359 365 2217 0 0 0 32002 0 -1 0 0 0 32002 32002 0 0 0 0 0 0
WIT 8 359 360 288 281 276 0 0 0 0 360 0 -1 0 0 0 32002 32002 0 0 0 0 0 3104
WIT 7 359 360 287 274 190 0 0 0 0 360 0 -1 0 0 0 32002 32002 0 0 0 0 0 2217
WIT 9 359 360 388 380 344 0 0 0 0 383 0 -1 0 0 0 32002 32002 0 0 0 0 0 2972
WIT 6 359 360 384 379 328 0 0 0 0 376 0 -1 0 0 0 32002 32002 0 0 0 0 0 3868
WIT 7 359 360 382 376 375 0 0 0 0 310 0 -1 0 0 0 32002 32002 0 0 0 0 0 3644
WIT 7 359 360 368 355 340 0 0 0 0 360 0 -1 0 0 0 32002 32002 0 0 0 0 0 2217
WIT 8 359 360 344 337 394 0 0 0 0 32002 0 -1 0 0 0 32002 32002 0 0 0 0 0 0
WIT 7 359 360 284 271 216 0 0 0 0 394 0 -1 0 0 0 32002 32002 0 0 0 0 0 2217
WIT 9 359 360 410 402 407 3735 0 0 0 32002 0 -1 0 0 0 32002 32002 0 0 0 0 0 0
WIT 7 359 360 444 438 431 0 0 0 0 435 0 -1 0 0 0 32002 32002 0 0 0 0 0 1746
WIT 7 325 360 284 278 259 0 0 0 0 360 0 -1 0 0 0 32002 32002 0 0 0 0 0 2331
WIT 9 325 360 284 276 278 2217 0 0 1 360 0 -1 0 0 0 32002 32002 0 0 0 0 0 2926
WIT 10 359 360 453 434 418 0 0 0 0 360 0 -1 0 0 0 32002 32002 0 0 0 0 0 2331
WIT 9 359 360 422 405 344 0 0 0 0 360 0 -1 0 0 0 32002 32002 0 0 0 0 0 1941
WIT 8 359 360 386 379 371 0 0 0 0 342 0 -1 0 0 0 32002 32002 0 0 0 0 0 0
WIT 6 359 360 352 347 514 2974 0 0 0 32002 0 -1 0 0 0 32002 32002 0 0 0 0 0 0
WIT 8 359 360 352 337 335 0 0 0 0 389 0 -1 0 0 0 32002 32002 0 0 0 0 0 3735
WIT 7 359 360 401 388 417 2974 0 0 0 32002 0 -1 0 0 0 32002 32002 0 0 0 0 0 0
WIT 8 -360 -359 -319 -326 -271 1568 0 0 0 32002 0 -1 0 0 0 32002 32002 0 0 0 0 0 0
WIT 10 359 360 396 377 399 3104 0 0 0 32002 0 -1 0 0 0 32002 32002 0 0 0 0 0 0
WIT 9 359 360 410 402 446 3104 0 0 0 32002 0 -1 0 0 0 32002 32002 0 0 0 0 0 0
WIT 11 359 360 389 368 315 0 0 0 0 362 0 -1 0 0 0 32002 32002 0 0 0 0 0 1516
WIT 10 359 360 386 367 345 0 0 0 0 352 0 -1 0 0 0 32002 32002 0 0 0 0 0 0
WIT 12 359 360 363 340 350 2926 0 0 1 343 1 1 29503 1 1 359 359 0 0 0 0 503 0
WIT 7 -360 -325 -342 -348 -388 0 0 0 0 -290 0 -1 0 0 0 32002 32002 0 0 0 0 0 1375
WIT 10 -326 -325 -337 -356 -362 0 0 0 0 -325 0 -1 0 0 0 32002 32002 0 0 0 0 0 983
WIT 10 -326 -325 -334 -353 -365 0 0 0 0 -325 0 -1 0 0 0 32002 32002 0 0 0 0 0 983
WIT 7 -360 -325 -343 -349 -360 0 0 0 0 -325 0 -1 0 0 0 32002 32002 0 0 0 0 0 1683
WIT 10 -326 -325 -359 -378 -355 731 0 0 1 -325 0 -1 0 0 0 32002 32002 0 0 0 0 0 536
WIT 8 -326 -325 -359 -366 -333 731 0 0 1 -325 0 -1 0 0 0 32002 32002 0 0 0 0 0 536
WIT 9 -326 -325 -359 -367 -309 536 0 0 0 32002 0 -1 0 0 0 32002 32002 0 0 0 0 0 0
WIT 11 -326 -325 -340 -350 -433 0 0 0 0 -323 0 -1 0 0 0 32002 32002 0 0 0 0 0 2212
WIT 10 -326 -325 -340 -359 -379 0 0 0 0 -323 0 -1 0 0 0 32002 32002 0 0 0 0 0 454
WIT 7 -326 -325 -285 -291 -257 536 0 0 0 32002 0 -1 0 0 0 32002 32002 0 0 0 0 0 0
WIT 7 -326 -325 -274 -280 -253 0 0 0 0 32002 0 -1 0 0 0 32002 32002 0 0 0 0 0 0
WIT 7 -326 -325 -274 -280 -265 536 0 0 0 32002 0 -1 0 0 0 32002 32002 0 0 0 0 0 0
WIT 7 -326 -325 -294 -307 -241 49415 0 0 0 32002 0 -1 0 0 0 32002 32002 0 0 0 0 0 0
WIT 7 -326 -325 -241 -247 -246 731 0 0 0 32002 0 -1 0 0 0 32002 32002 0 0 0 0 0 0
WIT 9 325 360 332 324 303 0 0 0 0 325 0 -1 0 0 0 32002 32002 0 0 0 0 0 0
WIT 7 -288 -287 -134 -140 -218 0 0 0 0 -237 0 -1 0 0 0 32002 32002 0 0 0 0 0 917
WIT 7 -288 -287 -312 -318 -374 0 0 0 0 -242 0 -1 0 0 0 32002 32002 0 0 0 0 0 1237
WIT 7 -288 -287 -290 -296 -256 723 0 0 0 32002 0 -1 0 0 0 32002 32002 0 0 0 0 0 0
WIT 9 -288 -287 -293 -301 -328 0 0 0 0 -287 0 -1 0 0 0 32002 32002 0 0 0 0 0 917
WIT 6 -288 -287 -214 -219 299 1357 1 1 0 32002 0 -1 0 0 0 32002 32002 0 0 0 0 0 0
WIT 8 -288 -287 -325 -332 -501 0 0 0 0 -287 0 -1 0 0 0 32002 32002 0 0 0 0 0 1237
WIT 8 -288 -287 -325 -332 -314 1228 0 0 1 -287 0 -1 0 0 0 32002 32002 0 0 0 0 0 536
WIT 7 -288 -287 -325 -331 -324 1228 0 0 1 -287 0 -1 0 0 0 32002 32002 0 0 0 0 0 536
WIT 6 287 288 291 286 285 0 0 0 0 294 0 -1 0 0 0 32002 32002 0 0 0 0 0 3104
WIT 6 287 288 362 357 328 0 0 0 0 292 0 -1 0 0 0 32002 32002 0 0 0 0 0 3104
WIT 7 -288 -287 -325 -338 -362 0 0 0 0 -292 0 -1 0 0 0 32002 32002 0 0 0 0 0 0
WIT 6 -294 -293 -304 -309 -336 0 0 0 0 -259 0 -1 0 0 0 32002 32002 0 0 0 0 0 324
WIT 7 -294 -293 -310 -316 -324 0 0 0 0 -293 0 -1 0 0 0 32002 32002 0 0 0 0 0 1179
WIT 6 -294 -293 -280 -285 -281 1382 0 0 0 32002 0 -1 0 0 0 32002 32002 0 0 0 0 0 0
WIT 6 -294 -293 -359 -364 -365 0 0 0 0 -293 0 -1 0 0 0 32002 32002 0 0 0 0 0 731
WIT 6 -294 -293 -325 -330 -325 731 0 0 1 -265 0 -1 0 0 0 32002 32002 0 0 0 0 0 536
WIT 7 -360 -287 -325 -331 -334 0 0 0 0 -293 0 -1 0 0 0 32002 32002 0 0 0 0 0 49415
WIT 8 -294 -293 -323 -338 -434 0 0 0 0 -250 0 -1 0 0 0 32002 32002 0 0 0 0 0 2212
WIT 7 -294 -293 -323 -336 -407 0 0 0 0 -254 0 -1 0 0 0 32002 32002 0 0 0 0 0 454
WIT 7 -294 -293 -323 -336 -345 0 0 0 0 -258 0 -1 0 0 0 32002 32002 0 0 0 0 0 1698
WIT 7 -294 -293 -294 -300 -252 0 0 0 0 32002 0 -1 0 0 0 32002 32002 0 0 0 0 0 0
WIT 8 -301 -300 -242 -249 -337 0 0 0 0 -237 0 -1 0 0 0 32002 32002 0 0 0 0 0 917
WIT 8 -301 -300 -247 -262 -359 0 0 0 0 -300 0 -1 0 0 0 32002 32002 0 0 0 0 0 1237
WIT 6 -301 -300 -286 -291 -307 0 0 0 0 -294 0 -1 0 0 0 32002 32002 0 0 0 0 0 1228
WIT 8 -301 -300 -293 -308 -299 731 0 0 0 32002 0 -1 0 0 0 32002 32002 0 0 0 0 0 0
WIT 8 -301 -300 -269 -276 -274 731 0 0 0 32002 0 -1 0 0 0 32002 32002 0 0 0 0 0 0
WIT 9 -301 -300 -325 -333 -286 1683 0 0 0 32002 0 -1 0 0 0 32002 32002 0 0 0 0 0 0
WIT 6 -301 -300 -258 -263 -274 0 0 0 0 -256 0 -1 0 0 0 32002 32002 0 0 0 0 0 731
WIT 12 -301 -300 -171 -182 31991 2358 1 0 0 -158 0 -1 0 0 0 32002 32002 0 0 0 0 0 438
WIT 7 -301 -300 -323 -329 -424 0 0 0 0 -301 0 -1 0 0 0 32002 32002 0 0 0 0 0 0
WIT 6 -301 -300 -323 -328 -360 0 0 0 0 -301 0 -1 0 0 0 32002 32002 0 0 0 0 0 0
WIT 10 300 301 301 292 296 3964 0 0 1 301 0 -1 0 0 0 32002 32002 0 0 0 0 0 3307
WIT 12 -301 -300 -254 -277 -315 0 0 0 0 -262 0 -1 0 0 0 32002 32002 0 0 0 0 0 2212
WIT 11 -301 -300 -258 -279 -370 0 0 0 0 -264 0 -1 0 0 0 32002 32002 0 0 0 0 0 454
WIT 11 -301 -300 -261 -282 -283 0 0 0 0 -266 0 -1 0 0 0 32002 32002 0 0 0 0 0 1698
WIT 8 -301 -300 -279 -294 -249 49415 0 0 0 32002 0 -1 0 0 0 32002 32002 0 0 0 0 0 0
WIT 7 -301 -300 -205 -211 -237 0 0 0 0 -300 0 -1 0 0 0 32002 32002 0 0 0 0 0 1568
WIT 6 -301 -300 -229 -234 -258 0 0 0 0 -300 0 -1 0 0 0 32002 32002 0 0 0 0 0 49415
WIT 6 -301 -300 -246 -251 -251 1827 1 0 0 32002 0 -1 0 0 0 32002 32002 0 0 0 0 0 0
WIT 8 -301 -300 -274 -281 -252 0 0 0 0 32002 0 -1 0 0 0 32002 32002 0 0 0 0 0 0
WIT 8 -301 -300 -274 -281 -262 536 0 0 0 32002 0 -1 0 0 0 32002 32002 0 0 0 0 0 0
WIT 6 -301 -300 -241 -246 -246 731 0 0 0 32002 0 -1 0 0 0 32002 32002 0 0 0 0 0 0
WIT 6 -301 -300 -251 -256 -249 536 0 0 0 32002 0 -1 0 0 0 32002 32002 0 0 0 0 0 0
WIT 9 -287 -286 -287 -295 -234 723 0 0 0 32002 0 -1 0 0 0 32002 32002 0 0 0 0 0 0
WIT 8 -287 -286 -287 -294 -697 0 0 0 0 -283 0 -1 0 0 0 32002 32002 0 0 0 0 0 917
WIT 9 -287 -286 -234 -242 -228 536 0 0 0 32002 0 -1 0 0 0 32002 32002 0 0 0 0 0 0
WIT 8 -287 -286 -214 -221 363 1357 1 1 0 32002 0 -1 0 0 0 32002 32002 0 0 0 0 0 0
WIT 7 -287 -286 -287 -300 -481 0 0 0 0 -283 0 -1 0 0 0 32002 32002 0 0 0 0 0 1237
WIT 6 -287 -286 -269 -274 -288 0 0 0 0 -287 0 -1 0 0 0 32002 32002 0 0 0 0 0 0
WIT 6 313 314 287 282 274 0 0 0 0 314 0 -1 0 0 0 32002 32002 0 0 0 0 0 2926
WIT 7 313 314 329 323 304 0 0 0 0 314 0 -1 0 0 0 32002 32002 0 0 0 0 0 2926
WIT 7 -314 -286 -296 -302 -293 536 0 0 1 -314 1 2 7840 1 1 -314 -314 1 0 1 0 63 0
WIT 7 313 314 391 385 407 2217 0 0 0 32002 0 -1 0 0 0 32002 32002 0 0 0 0 0 0
WIT 7 313 314 360 347 363 2926 0 0 0 32002 0 -1 0 0 0 32002 32002 0 0 0 0 0 0
WIT 7 -314 -286 -300 -306 -360 0 0 0 0 -314 0 -1 0 0 0 32002 32002 0 0 0 0 0 0
WIT 11 313 314 344 334 407 2926 0 0 0 32002 0 -1 0 0 0 32002 32002 0 0 0 0 0 0
WIT 11 -314 -313 -348 -358 -343 919 1 0 0 -304 0 -1 0 0 0 32002 32002 0 0 0 0 0 2021
WIT 9 -314 -313 -352 -360 -474 0 0 0 0 -314 0 -1 0 0 0 32002 32002 0 0 0 0 0 0
WIT 10 -314 -313 -352 -371 -380 0 0 0 0 -314 0 -1 0 0 0 32002 32002 0 0 0 0 0 0
WIT 12 313 314 413 402 479 2974 0 0 0 32002 0 -1 0 0 0 32002 32002 0 0 0 0 0 0
WIT 10 313 314 417 398 388 0 0 0 0 314 0 -1 0 0 0 32002 32002 0 0 0 0 0 2926
WIT 11 313 314 313 292 220 0 0 0 0 314 0 -1 0 0 0 32002 32002 0 0 0 0 0 2463
WIT 13 313 314 459 447 502 3749 1 0 0 32002 0 -1 0 0 0 32002 32002 0 0 0 0 0 0
WIT 10 313 314 433 424 336 0 0 0 0 359 0 -1 0 0 0 32002 32002 0 0 0 0 0 919
WIT 10 313 314 426 417 356 0 0 0 0 355 0 -1 0 0 0 32002 32002 0 0 0 0 0 2446
WIT 9 -314 -313 -317 -325 -299 2021 0 0 0 32002 0 -1 0 0 0 32002 32002 0 0 0 0 0 0
WIT 10 313 314 312 293 230 0 0 0 0 306 0 -1 0 0 0 32002 32002 0 0 0 0 0 0
WIT 6 -314 -313 -280 -285 -242 917 1 0 0 32002 0 -1 0 0 0 32002 32002 0 0 0 0 0 0
WIT 9 313 314 334 317 316 0 0 0 0 306 0 -1 0 0 0 32002 32002 0 0 0 0 0 0
WIT 6 313 314 303 298 306 3104 0 0 1 314 0 -1 0 0 0 32002 32002 0 0 0 0 0 3735
WIT 7 -314 -286 -306 -312 -314 0 0 0 0 -314 0 -1 0 0 0 32002 32002 0 0 0 0 0 0
WIT 9 313 314 397 389 399 2217 0 0 0 32002 0 -1 0 0 0 32002 32002 0 0 0 0 0 0
WIT 7 -314 -286 -306 -312 -379 0 0 0 0 -314 0 -1 0 0 0 32002 32002 0 0 0 0 0 0
WIT 10 313 314 342 333 354 2926 0 0 0 32002 0 -1 0 0 0 32002 32002 0 0 0 0 0 0
WIT 8 313 314 372 365 443 2926 0 0 0 32002 0 -1 0 0 0 32002 32002 0 0 0 0 0 0
WIT 8 313 314 344 337 390 2926 0 0 0 32002 0 -1 0 0 0 32002 32002 0 0 0 0 0 0
WIT 9 313 314 344 327 217 0 0 0 0 343 0 -1 0 0 0 32002 32002 0 0 0 0 0 2217
WIT 8 313 314 284 269 269 2217 0 0 1 319 0 -1 0 0 0 32002 32002 0 0 0 0 0 3742
WIT 9 313 314 360 343 342 0 0 0 0 317 0 -1 0 0 0 32002 32002 0 0 0 0 0 2926
WIT 8 313 314 357 350 380 2926 0 0 0 32002 0 -1 0 0 0 32002 32002 0 0 0 0 0 0
WIT 8 -314 -286 -300 -307 -360 0 0 0 0 -314 0 -1 0 0 0 32002 32002 0 0 0 0 0 0
WIT 9 313 314 355 347 349 2228 0 0 0 32002 0 -1 0 0 0 32002 32002 0 0 0 0 0 0
WIT 8 332 333 348 341 326 0 0 0 0 354 0 -1 0 0 0 32002 32002 0 0 0 0 0 2508
WIT 6 -333 -332 -231 -236 -272 0 0 0 0 -337 0 -1 0 0 0 32002 32002 0 0 0 0 0 0
WIT 8 332 333 314 307 242 0 0 0 0 332 0 -1 0 0 0 32002 32002 0 0 0 0 0 3429
WIT 7 332 333 314 301 289 0 0 0 0 333 0 -1 0 0 0 32002 32002 0 0 0 0 0 2926
WIT 8 -315 -314 -310 -325 -493 0 0 0 0 -303 0 -1 0 0 0 32002 32002 0 0 0 0 0 1228
WIT 8 -315 -314 -265 -272 -195 1568 0 0 0 32002 0 -1 0 0 0 32002 32002 0 0 0 0 0 0
WIT 7 -315 -314 -268 -281 -305 0 0 0 0 -304 0 -1 0 0 0 32002 32002 0 0 0 0 0 536
WIT 11 -315 -314 -275 -285 -235 1238 0 0 0 32002 0 -1 0 0 0 32002 32002 0 0 0 0 0 0
WIT 10 -315 -314 -288 -307 -328 0 0 0 0 -314 0 -1 0 0 0 32002 32002 0 0 0 0 0 1375
WIT 10 -315 -314 -325 -334 -250 926 0 0 0 32002 0 -1 0 0 0 32002 32002 0 0 0 0 0 0
WIT 10 -315 -314 -289 -298 -299 0 0 0 0 -314 0 -1 0 0 0 32002 32002 0 0 0 0 0 1228
WIT 8 -315 -314 -296 -303 -343 0 0 0 0 -314 0 -1 0 0 0 32002 32002 0 0 0 0 0 1829
WIT 7 -315 -314 -264 -270 -273 0 0 0 0 -314 0 -1 0 0 0 32002 32002 0 0 0 0 0 2021
WIT 10 -315 -314 -294 -313 -314 0 0 0 0 -314 0 -1 0 0 0 32002 32002 0 0 0 0 0 1228
WIT 10 -315 -314 -304 -313 -334 0 0 0 0 -314 0 -1 0 0 0 32002 32002 0 0 0 0 0 1228
WIT 7 -315 -314 -259 -265 -266 0 0 0 0 -351 0 -1 0 0 0 32002 32002 0 0 0 0 0 0
WIT 7 314 315 355 349 296 0 0 0 0 357 0 -1 0 0 0 32002 32002 0 0 0 0 0 3925
WIT 9 314 315 351 343 328 0 0 0 0 352 0 -1 0 0 0 32002 32002 0 0 0 0 0 2396
WIT 11 -315 -314 -265 -275 -387 0 0 0 0 -319 0 -1 0 0 0 32002 32002 0 0 0 0 0 0
WIT 10 -315 -314 -325 -334 -467 0 0 0 0 -318 0 -1 0 0 0 32002 32002 0 0 0 0 0 0
WIT 9 -315 -314 -294 -311 -347 0 0 0 0 -317 0 -1 0 0 0 32002 32002 0 0 0 0 0 0
WIT 8 332 333 336 329 321 0 0 0 0 368 0 -1 0 0 0 32002 32002 0 0 0 0 0 2926
WIT 7 -315 -314 -327 -333 -358 0 0 0 0 -299 0 -1 0 0 0 32002 32002 0 0 0 0 0 1375
WIT 6 -315 -314 -314 -319 -309 1228 0 0 0 32002 0 -1 0 0 0 32002 32002 0 0 0 0 0 0
WIT 7 -315 -314 -291 -297 -291 1228 0 0 0 32002 0 -1 0 0 0 32002 32002 0 0 0 0 0 0
WIT 8 -315 -314 -266 -273 -265 536 0 0 0 32002 0 -1 0 0 0 32002 32002 0 0 0 0 0 0
WIT 8 -315 -314 -277 -284 -265 536 0 0 0 32002 0 -1 0 0 0 32002 32002 0 0 0 0 0 0
WIT 7 -315 -314 -266 -272 -258 1228 0 0 0 32002 0 -1 0 0 0 32002 32002 0 0 0 0 0 0
WIT 7 314 333 314 308 300 0 0 0 0 309 0 -1 0 0 0 32002 32002 0 0 0 0 0 0
WIT 10 314 315 314 305 278 0 0 0 0 315 0 -1 0 0 0 32002 32002 0 0 0 0 0 1951
WIT 7 -315 -314 -435 -441 -464 0 0 0 0 -440 0 -1 0 0 0 32002 32002 0 0 0 0 0 0
WIT 9 314 315 314 297 270 0 0 0 0 315 0 -1 0 0 0 32002 32002 0 0 0 0 0 2974
WIT 8 314 315 314 299 293 0 0 0 0 315 0 -1 0 0 0 32002 32002 0 0 0 0 0 3735
WIT 8 -315 -314 -235 -242 -330 0 0 0 0 -314 0 -1 0 0 0 32002 32002 0 0 0 0 0 917
WIT 6 -315 -314 -275 -280 -301 0 0 0 0 -287 0 -1 0 0 0 32002 32002 0 0 0 0 0 324
WIT 6 -315 -314 -293 -298 -298 1683 0 0 0 32002 0 -1 0 0 0 32002 32002 0 0 0 0 0 0
WIT 9 -315 -314 -293 -301 -302 0 0 0 0 -314 0 -1 0 0 0 32002 32002 0 0 0 0 0 391
WIT 8 -315 -314 -263 -270 -270 1683 0 0 0 32002 0 -1 0 0 0 32002 32002 0 0 0 0 0 0
WIT 9 -315 -314 -293 -301 -360 0 0 0 0 -314 0 -1 0 0 0 32002 32002 0 0 0 0 0 1179
WIT 9 -315 -314 -280 -288 -289 0 0 0 0 -232 0 -1 0 0 0 32002 32002 0 0 0 0 0 324
WIT 8 -315 -314 -293 -308 -311 0 0 0 0 -314 0 -1 0 0 0 32002 32002 0 0 0 0 0 731
WIT 7 -315 -314 -321 -327 -300 0 0 0 0 32002 0 -1 0 0 0 32002 32002 0 0 0 0 0 0
WIT 7 -315 -314 -292 -305 -359 0 0 0 0 -310 0 -1 0 0 0 32002 32002 0 0 0 0 0 1676
WIT 8 -315 -314 -300 -307 -303 391 0 0 0 32002 0 -1 0 0 0 32002 32002 0 0 0 0 0 0
WIT 6 -315 -314 -300 -305 -279 1676 0 0 0 32002 0 -1 0 0 0 32002 32002 0 0 0 0 0 0
WIT 11 -315 -314 -325 -335 -327 536 0 0 1 -277 0 -1 0 0 0 32002 32002 0 0 0 0 0 731
WIT 9 -315 -314 -261 -278 -277 536 0 0 0 32002 0 -1 0 0 0 32002 32002 0 0 0 0 0 0
WIT 7 -315 -314 -300 -306 -306 536 0 0 0 32002 0 -1 0 0 0 32002 32002 0 0 0 0 0 0
WIT 7 -315 -314 -298 -304 -281 536 0 0 0 32002 0 -1 0 0 0 32002 32002 0 0 0 0 0 0
WIT 8 -315 -314 -250 -265 -290 0 0 0 0 -310 0 -1 0 0 0 32002 32002 0 0 0 0 0 1676
WIT 9 314 333 314 306 308 2926 0 0 1 314 1 1 2170 1 1 314 314 0 0 0 0 499 0
WIT 11 -315 -314 -260 -270 -271 0 0 0 0 -314 0 -1 0 0 0 32002 32002 0 0 0 0 0 2326
WIT 13 -315 -314 -262 -287 -301 0 0 0 0 -314 0 -1 0 0 0 32002 32002 0 0 0 0 0 723
WIT 12 -315 -314 -168 -179 31991 2358 1 0 0 -158 0 -1 0 0 0 32002 32002 0 0 0 0 0 438
WIT 11 -315 -314 -76 -86 -274 0 0 1 0 -214 0 -1 0 0 0 32002 32002 0 0 0 0 0 2332
WIT 13 -315 -314 -264 -289 -335 0 0 0 0 -315 0 -1 0 0 0 32002 32002 0 0 0 0 0 0
WIT 12 -315 -314 -266 -289 -432 0 0 0 0 -315 0 -1 0 0 0 32002 32002 0 0 0 0 0 0
WIT 8 314 315 329 314 386 2983 0 0 0 32002 0 -1 0 0 0 32002 32002 0 0 0 0 0 0
WIT 6 314 315 368 363 335 0 0 0 0 316 0 -1 0 0 0 32002 32002 0 0 0 0 0 3429
WIT 8 314 315 392 385 384 0 0 0 0 315 0 -1 0 0 0 32002 32002 0 0 0 0 0 3307
WIT 12 -315 -314 -268 -291 -304 0 0 0 0 -315 0 -1 0 0 0 32002 32002 0 0 0 0 0 0
WIT 8 314 333 385 378 293 0 0 0 0 338 0 -1 0 0 0 32002 32002 0 0 0 0 0 1372
WIT 9 -333 -332 -277 -285 -330 0 0 0 0 -301 0 -1 0 0 0 32002 32002 0 0 0 0 0 148
WIT 12 332 333 318 307 208 0 0 0 0 331 0 -1 0 0 0 32002 32002 0 0 0 0 0 0
WIT 6 -333 -332 -268 -273 -273 406 0 0 0 32002 0 -1 0 0 0 32002 32002 0 0 0 0 0 0
WIT 11 332 333 317 296 268 0 0 1 0 331 0 -1 0 0 0 32002 32002 0 0 0 0 0 0
WIT 7 -315 -314 -268 -274 -273 406 0 0 0 32002 0 -1 0 0 0 32002 32002 0 0 0 0 0 0
WIT 12 -315 -314 -170 -181 31991 2358 1 0 0 -158 0 -1 0 0 0 32002 32002 0 0 0 0 0 438
WIT 9 314 333 315 307 249 0 0 0 0 277 0 -1 0 0 0 32002 32002 0 0 0 0 0 0
WIT 8 314 333 315 308 -152 0 0 0 0 314 0 -1 0 0 0 32002 32002 0 0 0 0 0 0
WIT 8 314 333 315 308 136 0 0 0 0 314 0 -1 0 0 0 32002 32002 0 0 0 0 0 0
WIT 11 -315 -314 -49 -70 -312 0 0 1 0 -263 0 -1 0 0 0 32002 32002 0 0 0 0 0 269
WIT 10 -315 -314 -300 -319 -307 49415 0 0 0 32002 0 -1 0 0 0 32002 32002 0 0 0 0 0 0
WIT 8 -315 -314 -274 -281 -253 723 0 0 0 32002 0 -1 0 0 0 32002 32002 0 0 0 0 0 0
WIT 7 -315 -314 -294 -307 -241 49415 0 0 0 32002 0 -1 0 0 0 32002 32002 0 0 0 0 0 0
WIT 7 -315 -314 -241 -247 -246 731 0 0 0 32002 0 -1 0 0 0 32002 32002 0 0 0 0 0 0
WIT 7 -315 -314 -251 -257 -248 536 0 0 0 32002 0 -1 0 0 0 32002 32002 0 0 0 0 0 0
WIT 10 314 333 314 305 300 0 0 0 0 314 0 -1 0 0 0 32002 32002 0 0 0 0 0 0
WIT 7 -290 -289 -300 -313 -400 0 0 0 0 -289 0 -1 0 0 0 32002 32002 0 0 0 0 0 1237
WIT 7 -290 -289 -314 -327 -327 983 0 0 1 -280 0 -1 0 0 0 32002 32002 0 0 0 0 0 1375
WIT 8 332 333 315 300 300 3104 0 0 1 323 1 3 4054 1 1 332 323 1 0 1 0 25 0
WIT 8 332 333 329 314 386 2983 0 0 0 32002 0 -1 0 0 0 32002 32002 0 0 0 0 0 0
WIT 11 332 333 303 293 258 0 0 0 0 574 0 -1 0 0 0 32002 32002 0 0 0 0 0 1941
WIT 12 332 333 321 310 294 0 0 0 0 382 0 -1 0 0 0 32002 32002 0 0 0 0 0 1941
WIT 10 332 333 301 282 134 0 0 0 0 378 0 -1 0 0 0 32002 32002 0 0 0 0 0 2788
WIT 10 332 333 408 399 261 0 0 0 0 383 0 -1 0 0 0 32002 32002 0 0 0 0 0 1941
WIT 9 332 333 387 379 361 0 0 0 0 356 0 -1 0 0 0 32002 32002 0 0 0 0 0 1941
WIT 10 332 333 380 361 342 0 0 0 0 351 0 -1 0 0 0 32002 32002 0 0 0 0 0 2972
WIT 6 332 333 414 409 321 0 0 0 0 333 0 -1 0 0 0 32002 32002 0 0 0 0 0 1941
WIT 10 332 333 372 353 364 3964 0 0 0 32002 0 -1 0 0 0 32002 32002 0 0 0 0 0 0
WIT 8 332 333 356 349 319 0 0 0 0 367 0 -1 0 0 0 32002 32002 0 0 0 0 0 2203
WIT 7 332 333 365 359 405 2217 0 0 0 32002 0 -1 0 0 0 32002 32002 0 0 0 0 0 0
WIT 9 332 333 404 396 731 1941 1 0 0 32002 0 -1 0 0 0 32002 32002 0 0 0 0 0 0
WIT 6 332 333 375 370 431 2217 0 0 0 32002 0 -1 0 0 0 32002 32002 0 0 0 0 0 0
WIT 7 332 333 347 334 343 2217 0 0 0 32002 0 -1 0 0 0 32002 32002 0 0 0 0 0 0
WIT 6 332 333 413 408 324 0 0 0 0 325 0 -1 0 0 0 32002 32002 0 0 0 0 0 0
WIT 9 -333 -332 -325 -333 -364 0 0 0 0 -332 0 -1 0 0 0 32002 32002 0 0 0 0 0 536
WIT 7 -333 -332 -280 -293 13 1568 0 0 0 32002 0 -1 0 0 0 32002 32002 0 0 0 0 0 0
WIT 9 -333 -332 -242 -250 -302 0 0 0 0 -228 0 -1 0 0 0 32002 32002 0 0 0 0 0 398
WIT 9 -333 -332 -333 -350 -374 0 0 0 0 -332 0 -1 0 0 0 32002 32002 0 0 0 0 0 1382
WIT 10 -333 -332 -334 -343 -321 324 0 0 0 32002 0 -1 0 0 0 32002 32002 0 0 0 0 0 0
WIT 9 -333 -332 -291 -299 -300 0 0 0 0 -269 0 -1 0 0 0 32002 32002 0 0 0 0 0 1568
WIT 9 -333 -332 -34 -42 -91 0 0 0 0 -249 0 -1 0 0 0 32002 32002 0 0 0 0 0 1568
WIT 8 -333 -332 -263 -270 -308 0 0 0 0 -332 0 -1 0 0 0 32002 32002 0 0 0 0 0 324
WIT 6 -333 -332 -264 -269 -223 324 0 0 0 32002 0 -1 0 0 0 32002 32002 0 0 0 0 0 0
WIT 8 -333 -332 -333 -348 -411 0 0 0 0 -332 0 -1 0 0 0 32002 32002 0 0 0 0 0 536
WIT 9 332 333 318 301 270 0 0 0 0 332 0 -1 0 0 0 32002 32002 0 0 0 0 0 0
WIT 6 -333 -332 -263 -268 -194 1375 0 0 0 32002 0 -1 0 0 0 32002 32002 0 0 0 0 0 0
WIT 8 332 333 317 302 263 0 0 0 0 332 0 -1 0 0 0 32002 32002 0 0 0 0 0 0
WIT 6 -290 -289 -263 -268 -193 1375 0 0 0 32002 0 -1 0 0 0 32002 32002 0 0 0 0 0 0
WIT 9 -290 -289 -304 -312 -281 731 0 0 0 32002 0 -1 0 0 0 32002 32002 0 0 0 0 0 0
WIT 8 -290 -289 -310 -317 -275 731 0 0 0 32002 0 -1 0 0 0 32002 32002 0 0 0 0 0 0
WIT 8 -290 -289 -308 -315 -295 787 0 0 1 -283 0 -1 0 0 0 32002 32002 0 0 0 0 0 536
WIT 7 -290 -289 -310 -323 -334 0 0 0 0 -283 0 -1 0 0 0 32002 32002 0 0 0 0 0 1676
WIT 7 -290 -289 -261 -274 -274 536 0 0 0 32002 0 -1 0 0 0 32002 32002 0 0 0 0 0 0
WIT 7 -290 -289 -300 -306 -306 536 0 0 1 -289 0 -1 0 0 0 32002 32002 0 0 0 0 0 731
WIT 7 -290 -289 -272 -278 -278 731 0 0 0 32002 0 -1 0 0 0 32002 32002 0 0 0 0 0 0
WIT 6 -290 -289 -298 -303 -283 536 0 0 0 32002 0 -1 0 0 0 32002 32002 0 0 0 0 0 0
WIT 6 -290 -289 -117 -122 -123 0 0 0 0 -242 0 -1 0 0 0 32002 32002 0 0 0 0 0 1697
WIT 8 -333 -289 -314 -321 -321 536 0 0 1 -289 0 -1 0 0 0 32002 32002 0 0 0 0 0 49415
WIT 11 -290 -289 -314 -335 -333 49415 0 0 1 -280 0 -1 0 0 0 32002 32002 0 0 0 0 0 1698
WIT 10 -290 -289 -300 -319 -307 49415 0 0 1 -289 0 -1 0 0 0 32002 32002 0 0 0 0 0 536
WIT 8 -290 -289 -294 -301 -266 0 0 0 0 32002 0 -1 0 0 0 32002 32002 0 0 0 0 0 0
WIT 7 -290 -289 -294 -307 -241 49415 0 0 0 32002 0 -1 0 0 0 32002 32002 0 0 0 0 0 0
WIT 7 -290 -289 -274 -280 -262 536 0 0 0 32002 0 -1 0 0 0 32002 32002 0 0 0 0 0 0
WIT 9 -290 -289 -294 -302 -248 0 0 0 0 32002 0 -1 0 0 0 32002 32002 0 0 0 0 0 0
WIT 7 -290 -289 -241 -247 -246 731 0 0 0 32002 0 -1 0 0 0 32002 32002 0 0 0 0 0 0
WIT 7 -290 -289 -251 -257 -248 536 0 0 0 32002 0 -1 0 0 0 32002 32002 0 0 0 0 0 0
WIT 7 -256 -255 -186 -192 381 1357 1 1 0 32002 0 -1 0 0 0 32002 32002 0 0 0 0 0 0
WIT 7 -256 -255 -289 -302 -393 0 0 0 0 -255 0 -1 0 0 0 32002 32002 0 0 0 0 0 1237
WIT 7 -256 -255 -289 -302 -313 0 0 0 0 -308 0 -1 0 0 0 32002 32002 0 0 0 0 0 0
WIT 6 -256 -255 -264 -269 -265 536 0 0 1 -224 0 -1 0 0 0 32002 32002 0 0 0 0 0 983
WIT 7 -256 -255 -332 -345 -340 391 0 0 1 -271 1 2 16520 1 1 -256 -333 1 1 1 1 1 0
WIT 7 -256 -255 -332 -345 -373 0 0 0 0 -264 0 -1 0 0 0 32002 32002 0 0 0 0 0 0
WIT 7 -256 -255 -235 -241 -242 0 0 0 0 -214 0 -1 0 0 0 32002 32002 0 0 0 0 0 324
WIT 6 -256 -255 -299 -304 -297 1380 1 0 0 -235 0 -1 0 0 0 32002 32002 0 0 0 0 0 536
WIT 7 -256 -255 -253 -266 -288 0 0 0 0 -255 0 -1 0 0 0 32002 32002 0 0 0 0 0 1764
WIT 7 -256 -255 -263 -269 -206 1375 0 0 0 32002 0 -1 0 0 0 32002 32002 0 0 0 0 0 0
WIT 9 -256 -255 -304 -312 -299 731 0 0 1 -255 0 -1 0 0 0 32002 32002 0 0 0 0 0 536
WIT 8 -256 -255 -261 -276 -274 536 0 0 1 -250 0 -1 0 0 0 32002 32002 0 0 0 0 0 731
WIT 8 -256 -255 -310 -317 -275 731 0 0 1 -274 1 1 43289 1 1 -256 -252 0 0 0 0 44 731
WIT 9 -256 -255 -283 -291 -271 983 0 0 1 -253 0 -1 0 0 0 32002 32002 0 0 0 0 0 536
WIT 7 -256 -255 -283 -296 -309 0 0 0 0 -254 0 -1 0 0 0 32002 32002 0 0 0 0 0 1676
WIT 9 -256 -255 -280 -288 -241 1683 0 0 0 32002 0 -1 0 0 0 32002 32002 0 0 0 0 0 0
WIT 7 -256 -255 -289 -295 -295 1676 0 0 1 -255 0 -1 0 0 0 32002 32002 0 0 0 0 0 731
WIT 7 -256 -255 -272 -278 -278 731 0 0 1 -212 0 -1 0 0 0 32002 32002 0 0 0 0 0 536
WIT 7 -256 -255 -289 -295 -293 731 0 0 1 -214 0 -1 0 0 0 32002 32002 0 0 0 0 0 536
WIT 7 -256 -255 -298 -304 -281 536 0 0 1 -237 0 -1 0 0 0 32002 32002 0 0 0 0 0 731
WIT 7 -256 -255 -247 -260 -233 1676 0 0 0 32002 0 -1 0 0 0 32002 32002 0 0 0 0 0 0
WIT 7 -323 -255 -289 -295 -314 0 0 0 0 -255 0 -1 0 0 0 32002 32002 0 0 0 0 0 49415
WIT 12 -256 -255 -303 -314 -420 0 0 0 0 -255 0 -1 0 0 0 32002 32002 0 0 0 0 0 148
WIT 11 -256 -255 -305 -315 -369 0 0 1 0 -255 0 -1 0 0 0 32002 32002 0 0 0 0 0 268
WIT 10 -256 -255 -331 -340 -361 0 0 0 0 -255 0 -1 0 0 0 32002 32002 0 0 0 0 0 406
WIT 9 -256 -255 -331 -348 -394 0 0 0 0 -255 0 -1 0 0 0 32002 32002 0 0 0 0 0 723
WIT 8 -256 -255 -277 -292 -337 0 0 0 0 -255 0 -1 0 0 0 32002 32002 0 0 0 0 0 2339
WIT 6 255 256 79 74 -10 0 0 0 0 250 0 -1 0 0 0 32002 32002 0 0 0 0 0 0
WIT 12 -256 -255 -314 -337 -338 0 0 0 0 -255 0 -1 0 0 0 32002 32002 0 0 0 0 0 2326
WIT 10 -256 -255 -274 -283 -257 148 0 0 1 -2 0 -1 0 0 0 32002 32002 0 0 0 0 0 175
WIT 9 -256 -255 -314 -331 -378 0 0 0 0 -255 0 -1 0 0 0 32002 32002 0 0 0 0 0 723
WIT 8 -256 -255 -314 -329 -417 0 0 0 0 -255 0 -1 0 0 0 32002 32002 0 0 0 0 0 2212
WIT 10 -256 -255 141 132 132 261 0 1 0 32002 0 -1 0 0 0 32002 32002 0 0 0 0 0 0
WIT 10 -256 -255 -280 -299 -315 0 0 0 0 -255 0 -1 0 0 0 32002 32002 0 0 0 0 0 1698
WIT 9 -256 -255 -266 -283 -450 0 0 1 0 -25 0 -1 0 0 0 32002 32002 0 0 0 0 0 269
WIT 8 -256 -255 -294 -301 -267 0 0 0 0 -252 0 -1 0 0 0 32002 32002 0 0 0 0 0 1714
WIT 8 -256 -255 -289 -304 -304 49415 0 0 1 -238 0 -1 0 0 0 32002 32002 0 0 0 0 0 536
WIT 6 -256 -255 -274 -279 -263 536 0 0 1 -241 0 -1 0 0 0 32002 32002 0 0 0 0 0 49415
WIT 6 -256 -255 -251 -256 -249 536 0 0 0 32002 0 -1 0 0 0 32002 32002 0 0 0 0 0 0
WIT 6 -256 -255 -241 -246 -246 731 0 0 0 32002 0 -1 0 0 0 32002 32002 0 0 0 0 0 0
WIT 8 -256 -255 -294 -301 -247 0 0 0 0 32002 0 -1 0 0 0 32002 32002 0 0 0 0 0 0
WIT 6 -256 -255 -234 -239 -163 536 0 0 0 32002 0 -1 0 0 0 32002 32002 0 0 0 0 0 0
WIT 7 -259 -258 -243 -256 -363 0 0 0 0 -255 0 -1 0 0 0 32002 32002 0 0 0 0 0 1237
WIT 8 281 282 363 348 321 0 0 0 0 363 0 -1 0 0 0 32002 32002 0 0 0 0 0 2926
WIT 7 281 282 391 385 407 2217 0 0 0 32002 0 -1 0 0 0 32002 32002 0 0 0 0 0 0
WIT 8 281 282 360 353 326 0 0 0 0 289 0 -1 0 0 0 32002 32002 0 0 0 0 0 2926
WIT 7 281 282 363 357 363 3104 0 0 0 32002 0 -1 0 0 0 32002 32002 0 0 0 0 0 0
WIT 7 281 282 360 347 342 0 0 0 0 288 0 -1 0 0 0 32002 32002 0 0 0 0 0 1964
WIT 8 281 282 329 322 283 0 0 0 0 263 0 -1 0 0 0 32002 32002 0 0 0 0 0 0
WIT 8 -282 -281 -256 -263 -264 0 0 0 0 -251 0 -1 0 0 0 32002 32002 0 0 0 0 0 788
WIT 10 -282 -281 -263 -272 -291 0 0 0 0 -281 0 -1 0 0 0 32002 32002 0 0 0 0 0 148
WIT 10 281 282 314 295 288 0 0 0 0 281 0 -1 0 0 0 32002 32002 0 0 0 0 0 0
WIT 9 -282 -281 -84 -92 113 268 0 1 0 32002 0 -1 0 0 0 32002 32002 0 0 0 0 0 0
WIT 10 -282 -281 -300 -319 -328 0 0 0 0 -280 0 -1 0 0 0 32002 32002 0 0 0 0 0 798
WIT 7 -282 -281 -292 -305 -276 983 0 0 0 32002 0 -1 0 0 0 32002 32002 0 0 0 0 0 0
WIT 6 -282 -281 -285 -290 -263 0 0 0 0 32002 0 -1 0 0 0 32002 32002 0 0 0 0 0 0
WIT 11 281 282 314 293 292 0 0 0 0 281 0 -1 0 0 0 32002 32002 0 0 0 0 0 0
WIT 7 -259 -258 -317 -323 -300 2021 0 0 1 -204 0 -1 0 0 0 32002 32002 0 0 0 0 0 536
WIT 7 -259 -258 -280 -293 -306 0 0 0 0 -210 0 -1 0 0 0 32002 32002 0 0 0 0 0 798
WIT 6 -259 -258 -316 -321 -334 0 0 0 0 -267 0 -1 0 0 0 32002 32002 0 0 0 0 0 0
WIT 8 -259 -258 -285 -292 -292 49415 0 0 1 -258 0 -1 0 0 0 32002 32002 0 0 0 0 0 1827
WIT 7 -259 -258 117 111 843 269 1 1 0 32002 0 -1 0 0 0 32002 32002 0 0 0 0 0 0
WIT 7 -259 -258 -281 -287 -288 0 0 0 0 -269 0 -1 0 0 0 32002 32002 0 0 0 0 0 983
WIT 10 -259 -258 -45 -64 -308 0 0 1 0 -144 0 -1 0 0 0 32002 32002 0 0 0 0 0 269
WIT 7 -259 -258 -254 -267 -267 49415 0 0 1 -254 0 -1 0 0 0 32002 32002 0 0 0 0 0 731
WIT 6 -259 -258 -243 -248 -248 536 0 0 0 32002 0 -1 0 0 0 32002 32002 0 0 0 0 0 0
WIT 6 -259 -258 -251 -256 -249 536 0 0 0 32002 0 -1 0 0 0 32002 32002 0 0 0 0 0 0
WIT 6 -259 -258 -241 -246 -246 731 0 0 0 32002 0 -1 0 0 0 32002 32002 0 0 0 0 0 0
WIT 7 -259 -258 -294 -300 -238 0 0 0 0 32002 0 -1 0 0 0 32002 32002 0 0 0 0 0 0
WIT 6 248 249 314 309 293 0 0 0 0 312 0 -1 0 0 0 32002 32002 0 0 0 0 0 1934
WIT 7 248 249 314 301 300 0 0 0 0 255 0 -1 0 0 0 32002 32002 0 0 0 0 0 3429
WIT 7 -270 -246 -281 -287 -314 0 0 0 0 -249 0 -1 0 0 0 32002 32002 0 0 0 0 0 1375
WIT 6 -250 -249 -254 -259 -249 536 0 0 0 32002 0 -1 0 0 0 32002 32002 0 0 0 0 0 0
WIT 7 -250 -249 117 111 843 269 1 1 0 32002 0 -1 0 0 0 32002 32002 0 0 0 0 0 0
WIT 7 -250 -249 -248 -254 -276 0 0 0 0 -245 0 -1 0 0 0 32002 32002 0 0 0 0 0 1568
WIT 6 -250 -249 -258 -263 -323 0 0 0 0 -250 0 -1 0 0 0 32002 32002 0 0 0 0 0 723
WIT 7 248 249 342 336 354 2926 0 0 0 32002 0 -1 0 0 0 32002 32002 0 0 0 0 0 0
WIT 8 -270 -246 -258 -265 -282 0 0 0 0 -249 0 -1 0 0 0 32002 32002 0 0 0 0 0 1676
WIT 8 -250 -249 -255 -270 -249 49415 0 0 0 32002 0 -1 0 0 0 32002 32002 0 0 0 0 0 0
WIT 6 -250 -249 -243 -248 -232 1676 0 0 0 32002 0 -1 0 0 0 32002 32002 0 0 0 0 0 0

===========================
Total time (ms) : 34
Nodes searched  : 26411
Nodes/second    : 776794
