
Position: 1/1 (r2qkb1r/ppp2ppp/2n1bn2/3pp3/4P3/2PB1P2/PP1PN1PP/RNBQ1RK1 w kq - 0 7)
WIT 6 259 260 323 318 148 0 0 1 0 317 0 -1 0 0 0 32002 32002 0 0 0 0 0 3178
WIT 6 259 260 253 248 228 0 0 0 0 262 0 -1 0 0 0 32002 32002 0 0 0 0 0 2268
WIT 6 243 244 294 289 292 0 0 0 0 32002 0 -1 0 0 0 32002 32002 0 0 0 0 0 0
WIT 6 243 244 235 230 230 53048 0 0 1 245 0 -1 0 0 0 32002 32002 0 0 0 0 0 2331
WIT 8 243 244 244 229 205 0 0 0 0 256 0 -1 0 0 0 32002 32002 0 0 0 0 0 3827
WIT 9 243 244 309 301 137 0 0 1 0 244 0 -1 0 0 0 32002 32002 0 0 0 0 0 3178
WIT 9 243 244 261 244 219 0 0 0 0 244 0 -1 0 0 0 32002 32002 0 0 0 0 0 2268
WIT 7 243 244 374 368 381 3938 0 0 0 32002 0 -1 0 0 0 32002 32002 0 0 0 0 0 0
WIT 7 243 244 387 381 391 3938 0 0 0 32002 0 -1 0 0 0 32002 32002 0 0 0 0 0 0
WIT 7 243 244 306 300 358 0 0 0 0 32002 0 -1 0 0 0 32002 32002 0 0 0 0 0 0
WIT 7 243 244 260 254 247 0 0 0 0 303 0 -1 0 0 0 32002 32002 0 0 0 0 0 2268
WIT 6 253 254 261 256 233 0 0 0 0 267 0 -1 0 0 0 32002 32002 0 0 0 0 0 2331
WIT 7 253 254 340 334 336 3938 0 0 0 32002 0 -1 0 0 0 32002 32002 0 0 0 0 0 0
WIT 7 253 254 294 288 420 1813 1 0 0 32002 0 -1 0 0 0 32002 32002 0 0 0 0 0 0
WIT 7 244 254 256 250 227 0 0 0 0 263 0 -1 0 0 0 32002 32002 0 0 0 0 0 2268
WIT 10 253 254 252 233 257 3811 1 0 0 32002 0 -1 0 0 0 32002 32002 0 0 0 0 0 0
WIT 10 253 254 244 225 88 0 0 1 0 268 0 -1 0 0 0 32002 32002 0 0 0 0 0 3178
WIT 10 253 254 258 249 291 0 0 0 0 32002 0 -1 0 0 0 32002 32002 0 0 0 0 0 0
WIT 11 253 254 348 338 591 34579 1 0 0 32002 0 -1 0 0 0 32002 32002 0 0 0 0 0 0
WIT 10 253 254 244 225 206 0 0 0 0 266 0 -1 0 0 0 32002 32002 0 0 0 0 0 2268
WIT 8 253 254 296 281 266 0 0 0 0 320 0 -1 0 0 0 32002 32002 0 0 0 0 0 2268
WIT 7 253 254 306 300 373 0 0 0 0 32002 0 -1 0 0 0 32002 32002 0 0 0 0 0 0
WIT 7 266 267 265 252 240 0 0 0 0 267 0 -1 0 0 0 32002 32002 0 0 0 0 0 2331
WIT 9 266 267 340 332 336 3938 0 0 0 32002 0 -1 0 0 0 32002 32002 0 0 0 0 0 0
WIT 7 254 267 262 256 231 0 0 0 0 267 0 -1 0 0 0 32002 32002 0 0 0 0 0 2268
WIT 9 266 267 268 260 296 0 0 0 0 32002 0 -1 0 0 0 32002 32002 0 0 0 0 0 0
WIT 8 266 267 265 250 238 0 0 0 0 296 0 -1 0 0 0 32002 32002 0 0 0 0 0 53048
WIT 10 266 267 256 247 293 53048 0 0 0 32002 0 -1 0 0 0 32002 32002 0 0 0 0 0 0
WIT 8 266 267 315 308 335 3938 0 0 0 32002 0 -1 0 0 0 32002 32002 0 0 0 0 0 0
WIT 7 266 267 254 241 219 0 0 0 0 289 0 -1 0 0 0 32002 32002 0 0 0 0 0 3827
WIT 10 266 267 252 233 257 3811 1 0 0 275 0 -1 0 0 0 32002 32002 0 0 0 0 0 2915
WIT 10 266 267 266 247 103 0 0 1 0 268 0 -1 0 0 0 32002 32002 0 0 0 0 0 3178
WIT 11 266 267 258 248 248 3112 0 0 1 274 0 -1 0 0 0 32002 32002 0 0 0 0 0 2908
WIT 10 266 267 348 339 581 34579 1 0 0 32002 0 -1 0 0 0 32002 32002 0 0 0 0 0 0
WIT 10 266 267 265 246 222 0 0 0 0 267 0 -1 0 0 0 32002 32002 0 0 0 0 0 2268
WIT 8 266 267 302 295 363 3938 0 0 0 32002 0 -1 0 0 0 32002 32002 0 0 0 0 0 0
WIT 8 266 267 301 294 369 3938 0 0 0 32002 0 -1 0 0 0 32002 32002 0 0 0 0 0 0
WIT 7 266 267 306 300 374 0 0 0 0 32002 0 -1 0 0 0 32002 32002 0 0 0 0 0 0
WIT 7 283 284 267 254 243 0 0 0 0 343 0 -1 0 0 0 32002 32002 0 0 0 0 0 2331
WIT 9 283 284 340 332 336 3938 0 0 0 32002 0 -1 0 0 0 32002 32002 0 0 0 0 0 0
WIT 8 283 284 283 276 331 0 0 0 0 32002 0 -1 0 0 0 32002 32002 0 0 0 0 0 0
WIT 7 267 284 267 261 236 0 0 0 0 327 0 -1 0 0 0 32002 32002 0 0 0 0 0 2268
WIT 10 283 284 274 255 261 3811 1 0 0 286 0 -1 0 0 0 32002 32002 0 0 0 0 0 2915
WIT 10 283 284 267 248 103 0 0 1 0 327 0 -1 0 0 0 32002 32002 0 0 0 0 0 3178
WIT 11 283 284 273 263 263 3112 0 0 1 289 0 -1 0 0 0 32002 32002 0 0 0 0 0 2908
WIT 10 283 284 348 339 581 34579 1 0 0 32002 0 -1 0 0 0 32002 32002 0 0 0 0 0 0
WIT 10 283 284 267 248 222 0 0 0 0 288 0 -1 0 0 0 32002 32002 0 0 0 0 0 2268
WIT 8 283 284 302 295 363 3938 0 0 0 32002 0 -1 0 0 0 32002 32002 0 0 0 0 0 0
WIT 8 283 284 346 339 429 0 0 0 0 32002 0 -1 0 0 0 32002 32002 0 0 0 0 0 0
WIT 8 283 284 283 276 285 3559 0 0 0 32002 0 -1 0 0 0 32002 32002 0 0 0 0 0 0
WIT 8 283 284 297 290 293 2268 1 0 0 32002 0 -1 0 0 0 32002 32002 0 0 0 0 0 0
WIT 7 283 284 306 300 375 0 0 0 0 32002 0 -1 0 0 0 32002 32002 0 0 0 0 0 0
WIT 8 283 284 301 294 369 3938 0 0 0 32002 0 -1 0 0 0 32002 32002 0 0 0 0 0 0
WIT 8 306 307 340 333 350 0 0 0 0 32002 0 -1 0 0 0 32002 32002 0 0 0 0 0 0
WIT 8 306 307 283 276 336 0 0 0 0 32002 0 -1 0 0 0 32002 32002 0 0 0 0 0 0
WIT 7 284 307 322 316 271 0 0 0 0 331 0 -1 0 0 0 32002 32002 0 0 0 0 0 2268
WIT 6 306 307 256 251 264 0 0 0 0 298 0 -1 0 0 0 32002 32002 0 0 0 0 0 53048
WIT 10 306 307 285 266 272 3811 1 0 0 310 0 -1 0 0 0 32002 32002 0 0 0 0 0 2915
WIT 9 306 307 343 335 346 3811 0 0 0 32002 0 -1 0 0 0 32002 32002 0 0 0 0 0 0
WIT 9 306 307 356 348 390 0 0 0 0 32002 0 -1 0 0 0 32002 32002 0 0 0 0 0 0
WIT 7 306 307 351 345 317 0 0 0 0 307 0 -1 0 0 0 32002 32002 0 0 0 0 0 1803
WIT 10 306 307 345 336 -367 0 0 1 0 307 0 -1 0 0 0 32002 32002 0 0 0 0 0 3178
WIT 7 306 307 332 326 378 0 0 0 0 32002 0 -1 0 0 0 32002 32002 0 0 0 0 0 0
WIT 6 306 307 352 347 177 0 0 1 0 307 0 -1 0 0 0 32002 32002 0 0 0 0 0 3178
WIT 8 306 307 324 317 271 0 0 0 0 306 0 -1 0 0 0 32002 32002 0 0 0 0 0 0
WIT 10 -307 -306 -306 -315 -324 0 0 0 0 -307 0 -1 0 0 0 32002 32002 0 0 0 0 0 75
WIT 11 306 307 288 278 273 0 0 0 0 306 0 -1 0 0 0 32002 32002 0 0 0 0 0 0
WIT 10 306 307 287 268 222 0 0 0 0 306 0 -1 0 0 0 32002 32002 0 0 0 0 0 0
WIT 6 -285 -284 -289 -294 -295 0 0 1 0 -269 0 -1 0 0 0 32002 32002 0 0 0 0 0 731
WIT 6 -285 -284 -293 -298 -423 0 0 0 0 -286 0 -1 0 0 0 32002 32002 0 0 0 0 0 0
WIT 10 -273 -272 -306 -315 -348 0 0 0 0 -272 0 -1 0 0 0 32002 32002 0 0 0 0 0 139
WIT 9 -273 -272 -306 -314 -319 0 0 0 0 -272 0 -1 0 0 0 32002 32002 0 0 0 0 0 75
WIT 7 -273 -272 -262 -268 -287 0 0 0 0 -272 0 -1 0 0 0 32002 32002 0 0 0 0 0 2154
WIT 6 272 273 281 276 -474 0 0 1 0 282 0 -1 0 0 0 32002 32002 0 0 0 0 0 3178
WIT 8 -273 -272 -306 -313 -333 0 0 0 0 -279 0 -1 0 0 0 32002 32002 0 0 0 0 0 0
WIT 10 295 296 309 290 310 3811 1 0 0 32002 0 -1 0 0 0 32002 32002 0 0 0 0 0 0
WIT 11 295 296 336 315 289 0 0 0 0 319 0 -1 0 0 0 32002 32002 0 0 0 0 0 2331
WIT 9 295 296 331 314 256 0 0 0 0 317 0 -1 0 0 0 32002 32002 0 0 0 0 0 3938
WIT 8 295 296 340 333 342 0 0 0 0 32002 0 -1 0 0 0 32002 32002 0 0 0 0 0 0
WIT 7 295 296 283 277 333 0 0 0 0 32002 0 -1 0 0 0 32002 32002 0 0 0 0 0 0
WIT 9 295 296 328 311 261 0 0 0 0 312 0 -1 0 0 0 32002 32002 0 0 0 0 0 2268
WIT 8 295 296 302 295 363 3938 0 0 0 32002 0 -1 0 0 0 32002 32002 0 0 0 0 0 0
WIT 8 295 296 439 432 436 3938 0 0 0 32002 0 -1 0 0 0 32002 32002 0 0 0 0 0 0
WIT 8 295 296 301 294 369 3938 0 0 0 32002 0 -1 0 0 0 32002 32002 0 0 0 0 0 0
WIT 8 295 296 346 339 428 0 0 0 0 32002 0 -1 0 0 0 32002 32002 0 0 0 0 0 0
WIT 8 295 296 297 290 293 2268 1 0 0 302 0 -1 0 0 0 32002 32002 0 0 0 0 0 3920
WIT 8 295 296 334 327 344 3938 0 0 0 32002 0 -1 0 0 0 32002 32002 0 0 0 0 0 0
WIT 8 295 296 314 307 379 0 0 0 0 32002 0 -1 0 0 0 32002 32002 0 0 0 0 0 0
WIT 8 295 296 440 433 445 3938 0 0 0 32002 0 -1 0 0 0 32002 32002 0 0 0 0 0 0
WIT 8 295 296 327 320 331 3938 0 0 0 32002 0 -1 0 0 0 32002 32002 0 0 0 0 0 0
WIT 6 295 296 285 280 238 0 0 0 0 361 0 -1 0 0 0 32002 32002 0 0 0 0 0 2908
WIT 8 295 296 360 353 313 0 0 0 0 296 0 -1 0 0 0 32002 32002 0 0 0 0 0 2268
WIT 9 295 296 313 296 295 0 0 0 0 320 0 -1 0 0 0 32002 32002 0 0 0 0 0 2268
WIT 10 -297 -296 -270 -289 -290 0 0 1 0 -296 0 -1 0 0 0 32002 32002 0 0 0 0 0 731
WIT 8 -297 -296 -269 -284 -414 0 0 0 0 -292 0 -1 0 0 0 32002 32002 0 0 0 0 0 2154
WIT 7 296 308 296 290 270 0 0 0 0 282 0 -1 0 0 0 32002 32002 0 0 0 0 0 0
WIT 8 296 308 296 289 270 0 0 0 0 296 0 -1 0 0 0 32002 32002 0 0 0 0 0 0
WIT 7 -281 -280 -296 -309 -308 391 0 1 0 -274 0 -1 0 0 0 32002 32002 0 0 0 0 0 731
WIT 7 -281 -280 -292 -305 -290 731 0 0 1 -275 0 -1 0 0 0 32002 32002 0 0 0 0 0 723
WIT 7 -281 -280 -292 -305 -342 0 0 0 0 -275 0 -1 0 0 0 32002 32002 0 0 0 0 0 2154
WIT 9 -281 -280 -284 -292 -292 723 0 0 1 -272 0 -1 0 0 0 32002 32002 0 0 0 0 0 731
WIT 9 -281 -280 -285 -293 -302 0 0 0 0 -272 0 -1 0 0 0 32002 32002 0 0 0 0 0 2154
WIT 7 -281 -280 -254 -260 -260 391 0 0 0 32002 0 -1 0 0 0 32002 32002 0 0 0 0 0 0
WIT 6 -281 -280 -253 -258 -203 0 0 0 0 32002 0 -1 0 0 0 32002 32002 0 0 0 0 0 0
WIT 6 -269 -268 -273 -278 -245 0 0 0 0 32002 0 -1 0 0 0 32002 32002 0 0 0 0 0 0
WIT 7 -269 -268 -272 -278 -233 0 0 0 0 32002 0 -1 0 0 0 32002 32002 0 0 0 0 0 0
WIT 9 -269 -268 -272 -280 -307 0 0 1 0 -277 0 -1 0 0 0 32002 32002 0 0 0 0 0 0
WIT 8 -269 -268 -272 -279 -524 0 0 0 0 -276 0 -1 0 0 0 32002 32002 0 0 0 0 0 0
WIT 8 -269 -268 -272 -279 -306 0 0 0 0 -274 0 -1 0 0 0 32002 32002 0 0 0 0 0 0
WIT 7 -269 -268 -272 -278 -293 0 0 0 0 -269 0 -1 0 0 0 32002 32002 0 0 0 0 0 0
WIT 6 -269 -268 -272 -277 -292 0 0 0 0 -269 0 -1 0 0 0 32002 32002 0 0 0 0 0 0
WIT 7 291 292 291 285 334 3938 0 0 0 32002 0 -1 0 0 0 32002 32002 0 0 0 0 0 0
WIT 9 291 292 348 340 581 34579 1 0 0 32002 0 -1 0 0 0 32002 32002 0 0 0 0 0 0
WIT 7 291 292 439 433 436 3938 0 0 0 32002 0 -1 0 0 0 32002 32002 0 0 0 0 0 0
WIT 7 291 292 314 308 380 0 0 0 0 32002 0 -1 0 0 0 32002 32002 0 0 0 0 0 0
WIT 7 303 304 332 326 377 0 0 0 0 32002 0 -1 0 0 0 32002 32002 0 0 0 0 0 0
WIT 8 303 304 291 284 334 3938 0 0 0 32002 0 -1 0 0 0 32002 32002 0 0 0 0 0 0
WIT 7 292 304 292 286 275 0 0 0 0 304 0 -1 0 0 0 32002 32002 0 0 0 0 0 2908
WIT 10 303 304 348 339 581 34579 1 0 0 32002 0 -1 0 0 0 32002 32002 0 0 0 0 0 0
WIT 8 292 304 292 285 253 0 0 0 0 304 0 -1 0 0 0 32002 32002 0 0 0 0 0 2268
WIT 10 303 304 309 290 310 3811 1 0 0 32002 0 -1 0 0 0 32002 32002 0 0 0 0 0 0
WIT 8 303 304 379 364 365 2842 0 0 0 32002 0 -1 0 0 0 32002 32002 0 0 0 0 0 0
WIT 6 -304 -303 -3 -8 -418 0 0 1 0 113 0 -1 0 0 0 32002 32002 0 0 0 0 0 333
WIT 7 303 304 306 300 221 0 0 0 0 304 0 -1 0 0 0 32002 32002 0 0 0 0 0 2217
WIT 11 303 304 317 296 248 0 0 0 0 300 0 -1 0 0 0 32002 32002 0 0 0 0 0 3559
WIT 12 303 304 369 358 424 0 0 0 0 32002 0 -1 0 0 0 32002 32002 0 0 0 0 0 0
WIT 12 303 304 317 294 251 0 0 0 0 304 0 -1 0 0 0 32002 32002 0 0 0 0 0 2331
WIT 10 303 304 315 296 257 0 0 0 0 304 0 -1 0 0 0 32002 32002 0 0 0 0 0 3938
WIT 9 303 304 340 332 336 3938 0 0 0 32002 0 -1 0 0 0 32002 32002 0 0 0 0 0 0
WIT 8 303 304 283 276 352 0 0 0 0 32002 0 -1 0 0 0 32002 32002 0 0 0 0 0 0
WIT 10 303 304 310 291 246 0 0 0 0 304 0 -1 0 0 0 32002 32002 0 0 0 0 0 2268
WIT 9 303 304 302 294 367 3938 0 0 0 32002 0 -1 0 0 0 32002 32002 0 0 0 0 0 0
WIT 9 303 304 346 338 435 0 0 0 0 32002 0 -1 0 0 0 32002 32002 0 0 0 0 0 0
WIT 9 303 304 296 279 291 3559 0 0 1 352 0 -1 0 0 0 32002 32002 0 0 0 0 0 2268
WIT 9 303 304 301 293 385 2268 1 0 0 32002 0 -1 0 0 0 32002 32002 0 0 0 0 0 0
WIT 9 303 304 334 326 345 3938 0 0 0 32002 0 -1 0 0 0 32002 32002 0 0 0 0 0 0
WIT 8 303 304 314 307 386 0 0 0 0 32002 0 -1 0 0 0 32002 32002 0 0 0 0 0 0
WIT 9 303 304 301 293 374 3938 0 0 0 32002 0 -1 0 0 0 32002 32002 0 0 0 0 0 0
WIT 9 303 304 327 319 332 3938 0 0 0 32002 0 -1 0 0 0 32002 32002 0 0 0 0 0 0
WIT 8 319 320 356 349 395 0 0 0 0 32002 0 -1 0 0 0 32002 32002 0 0 0 0 0 0
WIT 6 319 320 307 302 312 0 0 0 0 373 0 -1 0 0 0 32002 32002 0 0 0 0 0 1803
WIT 7 319 320 307 301 -387 0 0 1 0 365 0 -1 0 0 0 32002 32002 0 0 0 0 0 3178
WIT 7 319 320 332 326 380 0 0 0 0 32002 0 -1 0 0 0 32002 32002 0 0 0 0 0 0
WIT 6 319 320 307 302 301 0 0 0 0 327 0 -1 0 0 0 32002 32002 0 0 0 0 0 1837
WIT 8 319 320 291 284 334 3938 0 0 0 32002 0 -1 0 0 0 32002 32002 0 0 0 0 0 0
WIT 8 319 320 412 405 479 2282 1 1 0 32002 0 -1 0 0 0 32002 32002 0 0 0 0 0 0
WIT 6 319 320 325 320 324 2331 1 0 0 32002 0 -1 0 0 0 32002 32002 0 0 0 0 0 0
WIT 7 319 320 322 316 295 0 0 0 0 324 0 -1 0 0 0 32002 32002 0 0 0 0 0 3811
WIT 7 304 320 304 298 293 0 0 0 0 320 0 -1 0 0 0 32002 32002 0 0 0 0 0 2908
WIT 9 319 320 348 340 581 34579 1 0 0 32002 0 -1 0 0 0 32002 32002 0 0 0 0 0 0
WIT 8 304 320 304 297 252 0 0 0 0 320 0 -1 0 0 0 32002 32002 0 0 0 0 0 2268
WIT 8 319 320 338 331 283 0 0 0 0 332 0 -1 0 0 0 32002 32002 0 0 0 0 0 53048
WIT 10 319 320 309 290 310 3811 1 0 0 310 0 -1 0 0 0 32002 32002 0 0 0 0 0 3811
WIT 7 319 320 316 310 310 2527 0 0 1 332 0 -1 0 0 0 32002 32002 0 0 0 0 0 2910
WIT 8 319 320 304 289 251 0 0 0 0 320 0 -1 0 0 0 32002 32002 0 0 0 0 0 2331
WIT 12 319 320 304 281 301 2910 0 0 1 320 0 -1 0 0 0 32002 32002 0 0 0 0 0 3559
WIT 13 319 320 369 357 433 2910 0 0 0 32002 0 -1 0 0 0 32002 32002 0 0 0 0 0 0
WIT 7 496 497 814 808 709 0 0 1 0 672 0 -1 0 0 0 32002 32002 0 0 0 0 0 3643
WIT 13 319 320 304 279 238 0 0 0 0 329 0 -1 0 0 0 32002 32002 0 0 0 0 0 2331
WIT 11 319 320 304 283 258 0 0 0 0 320 0 -1 0 0 0 32002 32002 0 0 0 0 0 3938
WIT 7 319 320 286 280 280 1813 1 0 0 321 0 -1 0 0 0 32002 32002 0 0 0 0 0 2715
WIT 11 319 320 304 283 279 0 0 0 0 320 0 -1 0 0 0 32002 32002 0 0 0 0 0 2268
WIT 9 319 320 394 386 427 3938 0 0 0 32002 0 -1 0 0 0 32002 32002 0 0 0 0 0 0
WIT 9 319 320 301 293 321 3938 0 0 0 32002 0 -1 0 0 0 32002 32002 0 0 0 0 0 0
WIT 9 319 320 302 294 367 3938 0 0 0 32002 0 -1 0 0 0 32002 32002 0 0 0 0 0 0
WIT 9 319 320 346 338 436 0 0 0 0 32002 0 -1 0 0 0 32002 32002 0 0 0 0 0 0
WIT 9 319 320 347 330 331 3559 0 0 0 32002 0 -1 0 0 0 32002 32002 0 0 0 0 0 0
WIT 9 319 320 301 293 385 2268 1 0 0 32002 0 -1 0 0 0 32002 32002 0 0 0 0 0 0
WIT 9 319 320 334 326 345 3938 0 0 0 32002 0 -1 0 0 0 32002 32002 0 0 0 0 0 0
WIT 8 319 320 314 307 388 0 0 0 0 32002 0 -1 0 0 0 32002 32002 0 0 0 0 0 0
WIT 9 319 320 331 323 366 3938 0 0 0 32002 0 -1 0 0 0 32002 32002 0 0 0 0 0 0
WIT 9 319 320 327 319 332 3938 0 0 0 32002 0 -1 0 0 0 32002 32002 0 0 0 0 0 0
WIT 9 319 320 317 300 316 3559 0 0 1 320 0 -1 0 0 0 32002 32002 0 0 0 0 0 2268
WIT 7 340 341 332 326 382 0 0 0 0 32002 0 -1 0 0 0 32002 32002 0 0 0 0 0 0
WIT 9 340 341 323 306 296 0 0 0 0 313 0 -1 0 0 0 32002 32002 0 0 0 0 0 0
WIT 7 -321 -320 -317 -323 -489 0 0 1 0 -300 0 -1 0 0 0 32002 32002 0 0 0 0 0 731
WIT 7 -321 -320 -336 -342 -498 0 0 0 0 -318 0 -1 0 0 0 32002 32002 0 0 0 0 0 2154
WIT 6 -321 -320 -246 -251 -362 0 0 0 0 -202 0 -1 0 0 0 32002 32002 0 0 0 0 0 2154
WIT 10 -321 -320 -274 -293 -294 0 0 1 0 -296 0 -1 0 0 0 32002 32002 0 0 0 0 0 731
WIT 10 -321 -320 -275 -294 -274 731 0 0 0 32002 0 -1 0 0 0 32002 32002 0 0 0 0 0 0
WIT 10 -321 -320 -275 -294 -298 0 0 0 0 -274 0 -1 0 0 0 32002 32002 0 0 0 0 0 2154
WIT 9 -321 -320 -293 -301 -223 0 0 0 0 32002 0 -1 0 0 0 32002 32002 0 0 0 0 0 0
WIT 8 -321 -320 -262 -269 -264 723 0 0 0 32002 0 -1 0 0 0 32002 32002 0 0 0 0 0 0
WIT 7 340 341 321 315 260 0 0 0 0 341 0 -1 0 0 0 32002 32002 0 0 0 0 0 53048
WIT 6 340 341 324 319 335 53048 0 0 1 334 1 1 16426 1 1 340 341 0 0 0 0 21 53048
WIT 6 340 341 339 334 370 3112 0 0 0 32002 0 -1 0 0 0 32002 32002 0 0 0 0 0 0
WIT 7 320 341 320 314 293 0 0 0 0 318 0 -1 0 0 0 32002 32002 0 0 0 0 0 3819
WIT 11 340 341 337 327 414 0 0 0 0 32002 0 -1 0 0 0 32002 32002 0 0 0 0 0 0
WIT 10 340 341 323 304 139 0 0 1 0 368 0 -1 0 0 0 32002 32002 0 0 0 0 0 3178
WIT 10 340 341 348 339 581 34579 1 0 0 32002 0 -1 0 0 0 32002 32002 0 0 0 0 0 0
WIT 8 320 341 320 313 247 0 0 0 0 341 0 -1 0 0 0 32002 32002 0 0 0 0 0 2268
WIT 10 340 341 330 311 271 0 0 0 0 341 0 -1 0 0 0 32002 32002 0 0 0 0 0 53048
WIT 10 340 341 329 310 308 0 0 0 0 341 0 -1 0 0 0 32002 32002 0 0 0 0 0 3811
WIT 7 340 341 330 324 324 2527 0 0 1 351 0 -1 0 0 0 32002 32002 0 0 0 0 0 2910
WIT 8 340 341 320 313 309 0 0 0 0 341 0 -1 0 0 0 32002 32002 0 0 0 0 0 2203
WIT 10 340 341 356 347 351 2203 1 0 0 32002 0 -1 0 0 0 32002 32002 0 0 0 0 0 0
WIT 9 340 341 352 344 344 2527 0 0 0 32002 0 -1 0 0 0 32002 32002 0 0 0 0 0 0
WIT 7 340 341 335 329 317 0 0 0 0 341 0 -1 0 0 0 32002 32002 0 0 0 0 0 2217
WIT 7 340 341 396 390 516 1746 1 0 0 32002 0 -1 0 0 0 32002 32002 0 0 0 0 0 0
WIT 6 340 341 320 315 301 0 0 0 0 397 0 -1 0 0 0 32002 32002 0 0 0 0 0 3779
WIT 6 340 341 320 315 215 0 0 0 0 341 0 -1 0 0 0 32002 32002 0 0 0 0 0 1746
WIT 8 340 341 320 305 266 0 0 0 0 341 0 -1 0 0 0 32002 32002 0 0 0 0 0 2331
WIT 6 340 341 357 352 394 2527 0 0 0 32002 0 -1 0 0 0 32002 32002 0 0 0 0 0 0
WIT 12 340 341 320 297 303 2910 0 0 1 341 0 -1 0 0 0 32002 32002 0 0 0 0 0 3559
WIT 14 340 341 358 345 328 0 0 0 0 393 0 -1 0 0 0 32002 32002 0 0 0 0 0 2715
WIT 14 340 341 369 356 433 2910 0 0 0 32002 0 -1 0 0 0 32002 32002 0 0 0 0 0 0
WIT 12 340 341 372 361 360 0 0 0 0 341 0 -1 0 0 0 32002 32002 0 0 0 0 0 2217
WIT 14 340 341 328 301 266 0 0 0 0 341 0 -1 0 0 0 32002 32002 0 0 0 0 0 2331
WIT 11 340 341 320 299 285 0 0 0 0 341 0 -1 0 0 0 32002 32002 0 0 0 0 0 3938
WIT 6 340 341 320 315 546 3795 0 0 0 32002 0 -1 0 0 0 32002 32002 0 0 0 0 0 0
WIT 11 340 341 320 310 315 3938 0 0 1 502 0 -1 0 0 0 32002 32002 0 0 0 0 0 2908
WIT 9 340 341 320 312 530 34579 1 0 0 32002 0 -1 0 0 0 32002 32002 0 0 0 0 0 0
WIT 11 340 341 320 299 270 0 0 0 0 341 0 -1 0 0 0 32002 32002 0 0 0 0 0 2268
WIT 9 340 341 394 386 427 3938 0 0 0 32002 0 -1 0 0 0 32002 32002 0 0 0 0 0 0
WIT 9 340 341 302 294 367 3938 0 0 0 32002 0 -1 0 0 0 32002 32002 0 0 0 0 0 0
WIT 9 340 341 301 293 321 3938 0 0 1 407 0 -1 0 0 0 32002 32002 0 0 0 0 0 2268
WIT 9 340 341 346 338 438 0 0 0 0 32002 0 -1 0 0 0 32002 32002 0 0 0 0 0 0
WIT 9 340 341 347 330 331 3559 0 0 1 352 0 -1 0 0 0 32002 32002 0 0 0 0 0 2268
WIT 9 340 341 301 293 385 2268 1 0 0 32002 0 -1 0 0 0 32002 32002 0 0 0 0 0 0
WIT 9 340 341 334 326 345 3938 0 0 0 32002 0 -1 0 0 0 32002 32002 0 0 0 0 0 0
WIT 9 340 341 331 323 366 3938 0 0 0 32002 0 -1 0 0 0 32002 32002 0 0 0 0 0 0
WIT 9 340 341 327 319 332 3938 0 0 1 400 0 -1 0 0 0 32002 32002 0 0 0 0 0 2268
WIT 9 340 341 320 303 317 3559 0 0 1 390 0 -1 0 0 0 32002 32002 0 0 0 0 0 2268
WIT 10 368 369 380 371 283 0 0 0 0 369 0 -1 0 0 0 32002 32002 0 0 0 0 0 2794
WIT 8 368 369 471 464 396 0 0 0 0 460 0 -1 0 0 0 32002 32002 0 0 0 0 0 2715
WIT 10 368 369 348 339 223 0 0 0 0 372 0 -1 0 0 0 32002 32002 0 0 0 0 0 2331
WIT 9 368 369 341 324 271 0 0 0 0 369 0 -1 0 0 0 32002 32002 0 0 0 0 0 53048
WIT 9 368 369 341 333 341 2908 1 0 0 375 0 -1 0 0 0 32002 32002 0 0 0 0 0 53048
WIT 8 368 369 346 339 367 53048 0 0 1 417 0 -1 0 0 0 32002 32002 0 0 0 0 0 2908
WIT 7 368 369 367 361 373 53048 0 0 0 32002 0 -1 0 0 0 32002 32002 0 0 0 0 0 0
WIT 7 368 369 452 446 445 0 0 0 0 497 0 -1 0 0 0 32002 32002 0 0 0 0 0 2786
WIT 7 368 369 343 337 321 0 0 0 0 369 0 -1 0 0 0 32002 32002 0 0 0 0 0 53048
WIT 7 341 369 341 335 318 0 0 0 0 369 0 -1 0 0 0 32002 32002 0 0 0 0 0 3819
WIT 10 368 369 348 339 581 34579 1 0 0 32002 0 -1 0 0 0 32002 32002 0 0 0 0 0 0
WIT 8 368 369 341 334 334 1813 1 0 0 369 0 -1 0 0 0 32002 32002 0 0 0 0 0 3811
WIT 9 368 369 337 329 416 0 0 0 0 32002 0 -1 0 0 0 32002 32002 0 0 0 0 0 0
WIT 8 368 369 365 350 169 0 0 1 0 382 0 -1 0 0 0 32002 32002 0 0 0 0 0 3178
WIT 8 341 369 341 334 247 0 0 0 0 369 0 -1 0 0 0 32002 32002 0 0 0 0 0 2268
WIT 7 368 369 370 364 374 2527 0 0 0 32002 0 -1 0 0 0 32002 32002 0 0 0 0 0 0
WIT 12 368 369 343 332 335 2291 0 0 1 374 0 -1 0 0 0 32002 32002 0 0 0 0 0 3559
WIT 10 368 369 343 334 333 0 0 0 0 372 0 -1 0 0 0 32002 32002 0 0 0 0 0 3559
WIT 8 368 369 381 374 394 2291 0 0 0 32002 0 -1 0 0 0 32002 32002 0 0 0 0 0 0
WIT 9 368 369 385 377 369 0 0 0 0 394 0 -1 0 0 0 32002 32002 0 0 0 0 0 3559
WIT 7 368 369 417 411 464 0 0 0 0 32002 0 -1 0 0 0 32002 32002 0 0 0 0 0 0
WIT 7 368 369 405 399 407 2291 0 0 0 32002 0 -1 0 0 0 32002 32002 0 0 0 0 0 0
WIT 8 368 369 363 356 468 2259 0 0 0 32002 0 -1 0 0 0 32002 32002 0 0 0 0 0 0
WIT 11 368 369 341 320 299 0 0 0 0 369 0 -1 0 0 0 32002 32002 0 0 0 0 0 53048
WIT 11 368 369 341 320 312 0 0 0 0 369 0 -1 0 0 0 32002 32002 0 0 0 0 0 3811
WIT 11 368 369 359 349 348 0 0 0 0 374 0 -1 0 0 0 32002 32002 0 0 0 0 0 3803
WIT 6 368 369 446 441 540 1764 0 0 0 32002 0 -1 0 0 0 32002 32002 0 0 0 0 0 0
WIT 11 368 369 341 320 317 0 0 0 0 369 0 -1 0 0 0 32002 32002 0 0 0 0 0 2203
WIT 6 368 369 347 342 361 0 0 0 0 373 0 -1 0 0 0 32002 32002 0 0 0 0 0 1746
WIT 9 368 369 341 324 318 0 0 0 0 369 0 -1 0 0 0 32002 32002 0 0 0 0 0 2217
WIT 9 368 369 396 388 432 1746 1 0 0 32002 0 -1 0 0 0 32002 32002 0 0 0 0 0 0
WIT 9 368 369 397 389 362 0 0 0 0 433 0 -1 0 0 0 32002 32002 0 0 0 0 0 2910
WIT 7 368 369 414 408 462 53048 0 0 0 32002 0 -1 0 0 0 32002 32002 0 0 0 0 0 0
WIT 9 368 369 390 382 336 0 0 0 0 427 0 -1 0 0 0 32002 32002 0 0 0 0 0 3779
WIT 9 368 369 341 324 300 0 0 0 0 373 0 -1 0 0 0 32002 32002 0 0 0 0 0 1746
WIT 8 368 369 368 361 364 2910 0 0 1 374 0 -1 0 0 0 32002 32002 0 0 0 0 0 1746
WIT 7 368 369 341 335 358 0 0 0 0 536 0 -1 0 0 0 32002 32002 0 0 0 0 0 1746
WIT 10 -369 -368 -325 -334 -351 0 0 0 0 -302 0 -1 0 0 0 32002 32002 0 0 0 0 0 983
WIT 6 -369 -368 -318 -323 -641 0 0 0 0 -282 0 -1 0 0 0 32002 32002 0 0 0 0 0 592
WIT 12 368 369 341 318 300 0 0 0 0 368 0 -1 0 0 0 32002 32002 0 0 0 0 0 0
WIT 11 368 369 341 320 301 0 0 0 0 368 0 -1 0 0 0 32002 32002 0 0 0 0 0 0
WIT 11 368 369 341 320 270 0 0 0 0 368 0 -1 0 0 0 32002 32002 0 0 0 0 0 0
WIT 7 -342 -341 -365 -371 -358 391 0 1 0 -247 0 -1 0 0 0 32002 32002 0 0 0 0 0 731
WIT 7 -342 -341 -357 -363 -300 0 0 0 0 32002 0 -1 0 0 0 32002 32002 0 0 0 0 0 0
WIT 6 -340 -339 -340 -345 -345 723 0 0 1 -323 0 -1 0 0 0 32002 32002 0 0 0 0 0 731
WIT 9 -320 -319 -330 -338 -338 196 0 0 1 -303 0 -1 0 0 0 32002 32002 0 0 0 0 0 391
WIT 8 -320 -319 -319 -326 -290 795 1 0 0 32002 0 -1 0 0 0 32002 32002 0 0 0 0 0 0
WIT 8 -320 -319 -302 -309 -309 80 0 0 0 32002 0 -1 0 0 0 32002 32002 0 0 0 0 0 0
WIT 7 -320 -319 -325 -331 -344 0 0 0 0 -309 0 -1 0 0 0 32002 32002 0 0 0 0 0 731
WIT 6 -320 -319 -325 -330 -330 731 0 0 1 -318 0 -1 0 0 0 32002 32002 0 0 0 0 0 196
WIT 10 -320 -319 -258 -267 -267 391 0 1 0 32002 0 -1 0 0 0 32002 32002 0 0 0 0 0 0
WIT 9 -320 -319 -325 -333 -333 723 0 0 1 -311 0 -1 0 0 0 32002 32002 0 0 0 0 0 731
WIT 7 -320 -319 -341 -347 -360 0 0 0 0 -279 0 -1 0 0 0 32002 32002 0 0 0 0 0 723
WIT 7 -334 -304 -319 -325 -326 0 0 0 0 -319 0 -1 0 0 0 32002 32002 0 0 0 0 0 1372
WIT 6 -312 -311 -273 -278 -371 0 0 0 0 -290 0 -1 0 0 0 32002 32002 0 0 0 0 0 983
WIT 6 -312 -311 -319 -324 -280 80 0 0 0 32002 0 -1 0 0 0 32002 32002 0 0 0 0 0 0
WIT 8 -312 -311 -255 -262 -263 0 0 0 0 -301 0 -1 0 0 0 32002 32002 0 0 0 0 0 731
WIT 8 -312 -311 -301 -308 -249 391 0 0 0 32002 0 -1 0 0 0 32002 32002 0 0 0 0 0 0
WIT 8 -312 -311 -318 -325 -325 731 0 0 1 -302 0 -1 0 0 0 32002 32002 0 0 0 0 0 196
WIT 7 -312 -311 -314 -320 -254 391 0 0 0 32002 0 -1 0 0 0 32002 32002 0 0 0 0 0 0
WIT 7 -312 -311 -289 -295 -295 196 0 0 0 32002 0 -1 0 0 0 32002 32002 0 0 0 0 0 0
WIT 7 -312 -311 -288 -294 -221 391 0 0 0 32002 0 -1 0 0 0 32002 32002 0 0 0 0 0 0
WIT 7 -312 -311 -259 -265 -253 391 0 0 0 32002 0 -1 0 0 0 32002 32002 0 0 0 0 0 0
WIT 11 -312 -311 -306 -316 -316 723 0 0 1 -305 0 -1 0 0 0 32002 32002 0 0 0 0 0 731
WIT 9 -312 -311 -258 -266 -264 391 0 1 0 32002 0 -1 0 0 0 32002 32002 0 0 0 0 0 0
WIT 10 -312 -311 -279 -288 -221 594 1 0 0 32002 0 -1 0 0 0 32002 32002 0 0 0 0 0 0
WIT 9 -312 -311 -283 -300 -329 0 0 0 0 -311 0 -1 0 0 0 32002 32002 0 0 0 0 0 723
WIT 7 -312 -311 -319 -325 -325 723 0 0 1 -251 0 -1 0 0 0 32002 32002 0 0 0 0 0 731
WIT 7 -312 -311 -267 -273 -273 723 0 0 0 32002 0 -1 0 0 0 32002 32002 0 0 0 0 0 0
WIT 6 -312 -311 -319 -324 -324 723 0 0 1 -251 0 -1 0 0 0 32002 32002 0 0 0 0 0 731
WIT 6 -312 -311 -312 -317 -316 723 0 0 1 -311 0 -1 0 0 0 32002 32002 0 0 0 0 0 731
WIT 6 -312 -311 -319 -324 -324 723 0 0 1 -251 0 -1 0 0 0 32002 32002 0 0 0 0 0 731
WIT 8 -297 -296 -290 -297 -438 0 0 0 0 -298 0 -1 0 0 0 32002 32002 0 0 0 0 0 0
WIT 7 -297 -296 -292 -305 -311 0 0 0 0 -297 0 -1 0 0 0 32002 32002 0 0 0 0 0 0
WIT 7 -326 -296 -311 -317 -341 0 0 1 0 -326 0 -1 0 0 0 32002 32002 0 0 0 0 0 0
WIT 10 325 326 320 311 530 34579 1 0 0 32002 0 -1 0 0 0 32002 32002 0 0 0 0 0 0
WIT 8 -326 -296 -311 -318 -320 0 0 0 0 -326 0 -1 0 0 0 32002 32002 0 0 0 0 0 0
WIT 10 325 326 385 366 377 3559 0 0 0 32002 0 -1 0 0 0 32002 32002 0 0 0 0 0 0
WIT 9 325 326 346 338 440 0 0 0 0 32002 0 -1 0 0 0 32002 32002 0 0 0 0 0 0
WIT 9 325 326 394 386 386 3938 0 0 0 32002 0 -1 0 0 0 32002 32002 0 0 0 0 0 0
WIT 10 325 326 350 331 331 3559 0 0 0 32002 0 -1 0 0 0 32002 32002 0 0 0 0 0 0
WIT 9 325 326 334 326 364 3559 0 0 0 32002 0 -1 0 0 0 32002 32002 0 0 0 0 0 0
WIT 11 325 326 450 440 382 0 0 0 0 340 0 -1 0 0 0 32002 32002 0 0 0 0 0 2715
WIT 11 325 326 371 350 269 0 0 0 0 338 0 -1 0 0 0 32002 32002 0 0 0 0 0 2331
WIT 10 325 326 404 395 342 0 0 0 0 346 0 -1 0 0 0 32002 32002 0 0 0 0 0 2715
WIT 9 325 326 381 373 317 0 0 0 0 383 0 -1 0 0 0 32002 32002 0 0 0 0 0 3501
WIT 10 325 326 379 370 278 0 0 0 0 344 0 -1 0 0 0 32002 32002 0 0 0 0 0 2331
WIT 10 325 326 379 370 346 0 0 0 0 329 0 -1 0 0 0 32002 32002 0 0 0 0 0 2908
WIT 9 325 326 417 409 429 2908 1 0 0 32002 0 -1 0 0 0 32002 32002 0 0 0 0 0 0
WIT 9 325 326 389 381 381 2331 1 0 0 32002 0 -1 0 0 0 32002 32002 0 0 0 0 0 0
WIT 8 325 326 411 404 413 2331 1 0 0 32002 0 -1 0 0 0 32002 32002 0 0 0 0 0 0
WIT 7 325 326 386 380 382 2908 1 0 0 32002 0 -1 0 0 0 32002 32002 0 0 0 0 0 0
WIT 10 325 326 369 350 271 0 0 0 0 328 0 -1 0 0 0 32002 32002 0 0 0 0 0 53048
WIT 9 325 326 389 381 381 2331 1 0 0 32002 0 -1 0 0 0 32002 32002 0 0 0 0 0 0
WIT 10 325 326 374 365 356 0 0 0 0 339 0 -1 0 0 0 32002 32002 0 0 0 0 0 53048
WIT 8 325 326 411 404 417 53048 0 0 0 32002 0 -1 0 0 0 32002 32002 0 0 0 0 0 0
WIT 7 325 326 367 361 373 53048 0 0 0 32002 0 -1 0 0 0 32002 32002 0 0 0 0 0 0
WIT 8 325 326 369 362 397 3112 0 0 0 32002 0 -1 0 0 0 32002 32002 0 0 0 0 0 0
WIT 7 325 326 369 356 486 2908 1 0 0 32002 0 -1 0 0 0 32002 32002 0 0 0 0 0 0
WIT 7 325 326 369 356 337 0 0 1 0 390 0 -1 0 0 0 32002 32002 0 0 0 0 0 2794
WIT 9 325 326 369 352 336 0 0 0 0 327 0 -1 0 0 0 32002 32002 0 0 0 0 0 3819
WIT 10 325 326 337 328 414 0 0 0 0 32002 0 -1 0 0 0 32002 32002 0 0 0 0 0 0
WIT 9 325 326 380 363 178 0 0 1 0 368 0 -1 0 0 0 32002 32002 0 0 0 0 0 3178
WIT 9 325 326 369 352 307 0 0 0 0 326 0 -1 0 0 0 32002 32002 0 0 0 0 0 2268
WIT 9 325 326 400 392 456 3938 0 0 0 32002 0 -1 0 0 0 32002 32002 0 0 0 0 0 0
WIT 8 325 326 448 441 443 3938 0 0 0 32002 0 -1 0 0 0 32002 32002 0 0 0 0 0 0
WIT 9 325 326 394 386 409 3938 0 0 0 32002 0 -1 0 0 0 32002 32002 0 0 0 0 0 0
WIT 9 325 326 331 323 366 3938 0 0 0 32002 0 -1 0 0 0 32002 32002 0 0 0 0 0 0
WIT 6 345 346 356 351 373 0 0 0 0 32002 0 -1 0 0 0 32002 32002 0 0 0 0 0 0
WIT 7 345 346 333 327 353 53048 0 0 0 32002 0 -1 0 0 0 32002 32002 0 0 0 0 0 0
WIT 6 345 346 340 335 303 0 0 0 0 345 0 -1 0 0 0 32002 32002 0 0 0 0 0 0
WIT 6 -327 -326 -279 -284 -272 166 0 0 0 32002 0 -1 0 0 0 32002 32002 0 0 0 0 0 0
WIT 6 -327 -326 -284 -289 -200 983 0 0 0 32002 0 -1 0 0 0 32002 32002 0 0 0 0 0 0
WIT 7 -327 -326 -286 -299 -542 0 0 0 0 -326 0 -1 0 0 0 32002 32002 0 0 0 0 0 592
WIT 9 -327 -326 -292 -309 -543 0 0 0 0 -326 0 -1 0 0 0 32002 32002 0 0 0 0 0 592
WIT 6 -327 -326 -295 -300 -461 0 0 0 0 -327 0 -1 0 0 0 32002 32002 0 0 0 0 0 0
WIT 6 -328 -327 -319 -324 -294 80 0 0 0 32002 0 -1 0 0 0 32002 32002 0 0 0 0 0 0
WIT 9 -328 -327 -304 -312 -312 723 0 0 0 32002 0 -1 0 0 0 32002 32002 0 0 0 0 0 0
WIT 8 -328 -327 -303 -310 -310 731 0 0 0 32002 0 -1 0 0 0 32002 32002 0 0 0 0 0 0
WIT 7 -328 -327 -301 -307 -307 196 0 0 0 32002 0 -1 0 0 0 32002 32002 0 0 0 0 0 0
WIT 6 -328 -327 -259 -264 -264 196 0 0 0 32002 0 -1 0 0 0 32002 32002 0 0 0 0 0 0
WIT 7 -328 -327 -269 -275 -245 723 0 0 0 32002 0 -1 0 0 0 32002 32002 0 0 0 0 0 0
WIT 9 326 346 326 318 304 0 0 0 0 327 0 -1 0 0 0 32002 32002 0 0 0 0 0 3938
WIT 8 326 327 320 313 388 0 0 0 0 32002 0 -1 0 0 0 32002 32002 0 0 0 0 0 0
WIT 9 -328 -327 -258 -266 -264 391 0 1 0 32002 0 -1 0 0 0 32002 32002 0 0 0 0 0 0
WIT 7 -328 -327 -267 -273 -273 723 0 0 0 32002 0 -1 0 0 0 32002 32002 0 0 0 0 0 0
WIT 6 -328 -327 -319 -324 -324 723 0 0 0 32002 0 -1 0 0 0 32002 32002 0 0 0 0 0 0
WIT 10 326 346 326 317 311 0 0 0 0 327 0 -1 0 0 0 32002 32002 0 0 0 0 0 2268
WIT 9 326 327 326 309 309 2908 1 0 0 327 0 -1 0 0 0 32002 32002 0 0 0 0 0 3819
WIT 9 326 327 326 309 267 0 0 0 0 327 0 -1 0 0 0 32002 32002 0 0 0 0 0 2268
WIT 8 326 327 334 327 344 3938 0 0 0 32002 0 -1 0 0 0 32002 32002 0 0 0 0 0 0
WIT 8 326 327 331 324 411 0 0 0 0 32002 0 -1 0 0 0 32002 32002 0 0 0 0 0 0
WIT 7 326 327 448 442 443 3938 0 0 0 32002 0 -1 0 0 0 32002 32002 0 0 0 0 0 0
WIT 6 -311 -310 -272 -277 -278 0 0 0 0 -306 0 -1 0 0 0 32002 32002 0 0 0 0 0 983
WIT 6 -311 -310 -190 -195 -519 0 0 1 0 -37 0 -1 0 0 0 32002 32002 0 0 0 0 0 333
WIT 6 -311 -310 -337 -342 -1030 0 0 0 0 -275 0 -1 0 0 0 32002 32002 0 0 0 0 0 463
WIT 9 -311 -310 -306 -314 -315 0 0 0 0 -311 0 -1 0 0 0 32002 32002 0 0 0 0 0 0
WIT 6 339 340 346 341 373 0 0 0 0 32002 0 -1 0 0 0 32002 32002 0 0 0 0 0 0
WIT 8 339 340 312 305 304 0 0 0 0 328 0 -1 0 0 0 32002 32002 0 0 0 0 0 0
WIT 7 339 340 340 334 320 0 0 0 0 351 0 -1 0 0 0 32002 32002 0 0 0 0 0 2217
WIT 7 339 340 340 334 256 0 0 0 0 339 0 -1 0 0 0 32002 32002 0 0 0 0 0 0
WIT 6 -328 -327 -339 -344 -342 723 0 0 1 -330 1 1 6507 1 1 -328 -336 0 0 0 0 2 0
WIT 7 334 335 365 359 286 0 0 0 0 276 0 -1 0 0 0 32002 32002 0 0 0 0 0 0
WIT 6 334 335 358 353 352 0 0 0 0 310 0 -1 0 0 0 32002 32002 0 0 0 0 0 0
WIT 10 -311 -310 -294 -303 -272 723 0 0 0 32002 0 -1 0 0 0 32002 32002 0 0 0 0 0 0
WIT 7 -311 -310 -264 -270 -296 0 0 0 0 -265 0 -1 0 0 0 32002 32002 0 0 0 0 0 536
WIT 8 -311 -310 -279 -286 -311 0 0 0 0 -310 0 -1 0 0 0 32002 32002 0 0 0 0 0 536
WIT 6 -311 -310 -319 -324 -311 723 0 0 1 -310 0 -1 0 0 0 32002 32002 0 0 0 0 0 80
WIT 10 -311 -310 -303 -312 -134 723 0 0 0 32002 0 -1 0 0 0 32002 32002 0 0 0 0 0 0
WIT 7 -311 -310 -299 -305 -290 723 0 0 0 32002 0 -1 0 0 0 32002 32002 0 0 0 0 0 0
WIT 12 -311 -310 -304 -315 -313 723 0 0 1 -294 0 -1 0 0 0 32002 32002 0 0 0 0 0 391
WIT 11 -311 -310 -302 -323 -323 723 0 0 1 -301 0 -1 0 0 0 32002 32002 0 0 0 0 0 731
WIT 9 -311 -310 -310 -327 -327 723 0 0 1 -309 0 -1 0 0 0 32002 32002 0 0 0 0 0 731
WIT 8 -311 -310 -339 -354 -312 723 0 0 1 -310 0 -1 0 0 0 32002 32002 0 0 0 0 0 80
WIT 6 -311 -310 -256 -261 -256 0 0 0 0 32002 0 -1 0 0 0 32002 32002 0 0 0 0 0 0
WIT 9 -311 -310 -303 -311 -318 0 0 0 0 -310 0 -1 0 0 0 32002 32002 0 0 0 0 0 196
WIT 9 -311 -310 -269 -277 -177 723 0 0 0 32002 0 -1 0 0 0 32002 32002 0 0 0 0 0 0
WIT 10 310 340 327 318 304 0 0 0 0 310 0 -1 0 0 0 32002 32002 0 0 0 0 0 0
WIT 7 -311 -310 -311 -317 -237 0 0 0 0 32002 0 -1 0 0 0 32002 32002 0 0 0 0 0 0
WIT 12 -311 -310 -311 -334 -334 1179 1 0 0 -310 0 -1 0 0 0 32002 32002 0 0 0 0 0 723
WIT 10 -311 -310 -311 -320 -320 723 0 0 1 -309 0 -1 0 0 0 32002 32002 0 0 0 0 0 731
WIT 9 -311 -310 -258 -266 -266 723 0 0 0 32002 0 -1 0 0 0 32002 32002 0 0 0 0 0 0
WIT 8 -311 -310 -320 -327 -327 723 0 0 1 -283 0 -1 0 0 0 32002 32002 0 0 0 0 0 731
WIT 8 -311 -310 -259 -266 -266 723 0 0 0 32002 0 -1 0 0 0 32002 32002 0 0 0 0 0 0
WIT 8 -311 -310 -259 -266 -266 723 0 0 0 32002 0 -1 0 0 0 32002 32002 0 0 0 0 0 0
WIT 7 -311 -310 -311 -317 -317 723 0 0 1 -309 0 -1 0 0 0 32002 32002 0 0 0 0 0 731
WIT 7 -325 -295 -276 -282 -357 0 0 0 0 -295 0 -1 0 0 0 32002 32002 0 0 0 0 0 983
WIT 6 295 296 297 292 253 0 0 0 0 302 0 -1 0 0 0 32002 32002 0 0 0 0 0 1502
WIT 8 -296 -295 -310 -317 -330 0 0 0 0 -300 0 -1 0 0 0 32002 32002 0 0 0 0 0 774
WIT 9 -296 -295 -273 -281 -281 774 0 0 0 32002 0 -1 0 0 0 32002 32002 0 0 0 0 0 0
WIT 7 -296 -295 -265 -271 -272 0 0 0 0 -258 0 -1 0 0 0 32002 32002 0 0 0 0 0 1568
WIT 9 -296 -295 -310 -318 -216 0 0 0 0 32002 0 -1 0 0 0 32002 32002 0 0 0 0 0 0
WIT 8 -296 -295 -310 -317 -324 0 0 0 0 -219 0 -1 0 0 0 32002 32002 0 0 0 0 0 1568
WIT 8 -296 -295 -310 -325 -326 0 0 0 0 -289 0 -1 0 0 0 32002 32002 0 0 0 0 0 536
WIT 9 -325 -295 -310 -318 -320 0 0 0 0 -295 0 -1 0 0 0 32002 32002 0 0 0 0 0 723
WIT 7 -296 -295 -282 -295 -331 0 0 0 0 -269 0 -1 0 0 0 32002 32002 0 0 0 0 0 983
WIT 6 295 296 306 301 257 0 0 0 0 311 0 -1 0 0 0 32002 32002 0 0 0 0 0 53048
WIT 7 295 296 396 390 360 0 0 0 0 303 0 -1 0 0 0 32002 32002 0 0 0 0 0 53048
WIT 11 -296 -295 -295 -305 -305 774 0 0 1 -295 0 -1 0 0 0 32002 32002 0 0 0 0 0 601
WIT 9 -296 -295 -265 -282 -375 0 0 0 0 -295 0 -1 0 0 0 32002 32002 0 0 0 0 0 148
WIT 8 -296 -295 -148 -155 -215 0 0 1 0 -43 0 -1 0 0 0 32002 32002 0 0 0 0 0 333
WIT 10 -296 -295 -295 -314 -329 0 0 0 0 -295 0 -1 0 0 0 32002 32002 0 0 0 0 0 983
WIT 9 -296 -295 -194 -202 -336 0 0 0 0 -179 0 -1 0 0 0 32002 32002 0 0 0 0 0 333
WIT 8 -296 -295 -262 -269 -277 0 0 0 0 -242 0 -1 0 0 0 32002 32002 0 0 0 0 0 1568
WIT 10 -296 -295 -286 -295 -301 0 0 0 0 -289 0 -1 0 0 0 32002 32002 0 0 0 0 0 601
WIT 9 -296 -295 -279 -287 -240 601 0 0 0 32002 0 -1 0 0 0 32002 32002 0 0 0 0 0 0
WIT 9 -296 -295 -280 -288 -369 0 0 0 0 -240 0 -1 0 0 0 32002 32002 0 0 0 0 0 148
WIT 9 -296 -295 -268 -276 -256 774 0 0 0 32002 0 -1 0 0 0 32002 32002 0 0 0 0 0 0
WIT 7 -296 -295 -179 -185 -452 0 0 1 0 8 0 -1 0 0 0 32002 32002 0 0 0 0 0 333
WIT 7 -296 -295 -285 -291 -229 258 1 0 0 32002 0 -1 0 0 0 32002 32002 0 0 0 0 0 0
WIT 6 -296 -295 -286 -291 -306 0 0 0 0 -231 0 -1 0 0 0 32002 32002 0 0 0 0 0 983
WIT 9 -296 -295 -270 -278 -297 0 0 0 0 -282 0 -1 0 0 0 32002 32002 0 0 0 0 0 536
WIT 7 -296 -295 -215 -221 -352 0 0 0 0 -295 0 -1 0 0 0 32002 32002 0 0 0 0 0 148
WIT 9 -296 -295 61 44 -120 0 0 1 0 144 0 -1 0 0 0 32002 32002 0 0 0 0 0 333
WIT 12 -296 -295 -300 -323 -379 0 0 0 0 -295 0 -1 0 0 0 32002 32002 0 0 0 0 0 196
WIT 7 -296 -295 -310 -323 -260 536 0 0 0 32002 0 -1 0 0 0 32002 32002 0 0 0 0 0 0
WIT 7 -296 -295 -267 -273 -239 536 0 0 0 32002 0 -1 0 0 0 32002 32002 0 0 0 0 0 0
WIT 12 -296 -295 -310 -333 -325 723 0 0 1 -260 0 -1 0 0 0 32002 32002 0 0 0 0 0 601
WIT 10 -296 -295 -310 -319 -298 723 0 0 1 -295 0 -1 0 0 0 32002 32002 0 0 0 0 0 196
WIT 9 -296 -295 -303 -311 -293 196 0 0 0 32002 0 -1 0 0 0 32002 32002 0 0 0 0 0 0
WIT 10 -296 -295 -246 -255 -243 983 0 0 0 32002 0 -1 0 0 0 32002 32002 0 0 0 0 0 0
WIT 10 -296 -295 -303 -312 -134 723 0 0 0 32002 0 -1 0 0 0 32002 32002 0 0 0 0 0 0
WIT 9 -296 -295 -294 -302 -265 723 0 0 0 32002 0 -1 0 0 0 32002 32002 0 0 0 0 0 0
WIT 9 -296 -295 -310 -318 -260 601 0 0 0 32002 0 -1 0 0 0 32002 32002 0 0 0 0 0 0
WIT 9 -296 -295 -262 -270 -258 723 0 0 0 32002 0 -1 0 0 0 32002 32002 0 0 0 0 0 0
WIT 9 -296 -295 -242 -250 -137 723 0 0 0 32002 0 -1 0 0 0 32002 32002 0 0 0 0 0 0
WIT 10 -296 -295 -310 -319 -278 723 0 0 0 32002 0 -1 0 0 0 32002 32002 0 0 0 0 0 0
WIT 10 -296 -295 -310 -319 -296 723 0 0 1 -295 0 -1 0 0 0 32002 32002 0 0 0 0 0 196
WIT 10 -296 -295 -238 -247 -180 723 0 0 0 32002 0 -1 0 0 0 32002 32002 0 0 0 0 0 0
WIT 9 -325 -295 -310 -318 -341 0 0 1 0 -295 0 -1 0 0 0 32002 32002 0 0 0 0 0 391
WIT 7 -296 -295 -310 -316 -399 0 0 1 0 -295 0 -1 0 0 0 32002 32002 0 0 0 0 0 391
WIT 6 -296 -295 -310 -315 -315 983 0 0 1 -295 0 -1 0 0 0 32002 32002 0 0 0 0 0 723
WIT 12 -296 -295 -310 -333 -302 731 0 0 1 -295 0 -1 0 0 0 32002 32002 0 0 0 0 0 196
WIT 7 -296 -295 -302 -308 -308 1763 0 0 1 -292 0 -1 0 0 0 32002 32002 0 0 0 0 0 983
WIT 10 -296 -295 -309 -328 -327 723 0 0 1 -292 0 -1 0 0 0 32002 32002 0 0 0 0 0 731
WIT 10 -296 -295 -301 -320 -318 723 0 0 1 -275 0 -1 0 0 0 32002 32002 0 0 0 0 0 731
WIT 10 -296 -295 -290 -299 -267 983 0 0 0 32002 0 -1 0 0 0 32002 32002 0 0 0 0 0 0
WIT 9 -296 -295 -300 -308 -293 196 0 0 0 32002 0 -1 0 0 0 32002 32002 0 0 0 0 0 0
WIT 9 -296 -295 -302 -310 -294 391 0 0 0 32002 0 -1 0 0 0 32002 32002 0 0 0 0 0 0
WIT 10 -296 -295 -294 -303 -283 723 0 0 0 32002 0 -1 0 0 0 32002 32002 0 0 0 0 0 0
WIT 9 -296 -295 -269 -277 -177 723 0 0 0 32002 0 -1 0 0 0 32002 32002 0 0 0 0 0 0
WIT 10 -325 -295 -310 -319 -320 0 0 0 0 -295 0 -1 0 0 0 32002 32002 0 0 0 0 0 1372
WIT 7 -296 -295 -311 -317 -232 0 0 0 0 32002 0 -1 0 0 0 32002 32002 0 0 0 0 0 0
WIT 12 -296 -295 -310 -333 -333 1179 1 0 0 -279 0 -1 0 0 0 32002 32002 0 0 0 0 0 723
WIT 10 -296 -295 -304 -313 -273 391 0 1 0 32002 0 -1 0 0 0 32002 32002 0 0 0 0 0 0
WIT 10 -296 -295 -309 -318 -318 723 0 0 1 -292 0 -1 0 0 0 32002 32002 0 0 0 0 0 731
WIT 9 -296 -295 -258 -266 -266 723 0 0 0 32002 0 -1 0 0 0 32002 32002 0 0 0 0 0 0
WIT 10 -296 -295 -305 -314 -314 723 0 0 1 -294 0 -1 0 0 0 32002 32002 0 0 0 0 0 731
WIT 9 -296 -295 -300 -308 -308 723 0 0 1 -262 0 -1 0 0 0 32002 32002 0 0 0 0 0 731
WIT 8 -296 -295 -286 -293 -293 723 0 0 0 32002 0 -1 0 0 0 32002 32002 0 0 0 0 0 0
WIT 8 -296 -295 -259 -266 -266 723 0 0 0 32002 0 -1 0 0 0 32002 32002 0 0 0 0 0 0
WIT 8 -296 -295 -320 -327 -327 723 0 0 1 -283 0 -1 0 0 0 32002 32002 0 0 0 0 0 731
WIT 7 -296 -295 -259 -265 -265 723 0 0 0 32002 0 -1 0 0 0 32002 32002 0 0 0 0 0 0
WIT 7 -296 -295 -309 -315 -315 723 0 0 1 -289 0 -1 0 0 0 32002 32002 0 0 0 0 0 731
WIT 6 -276 -275 -257 -262 -262 774 0 0 0 32002 0 -1 0 0 0 32002 32002 0 0 0 0 0 0
WIT 8 -315 -275 -295 -302 -394 0 0 0 0 -275 0 -1 0 0 0 32002 32002 0 0 0 0 0 148
WIT 11 -276 -275 -295 -305 -305 774 0 0 1 -255 0 -1 0 0 0 32002 32002 0 0 0 0 0 601
WIT 9 -276 -275 -68 -85 -170 0 0 1 0 -30 0 -1 0 0 0 32002 32002 0 0 0 0 0 333
WIT 9 -315 -275 -295 -303 -356 0 0 0 0 -275 0 -1 0 0 0 32002 32002 0 0 0 0 0 983
WIT 11 -276 -275 -25 -46 -223 0 0 1 0 -248 0 -1 0 0 0 32002 32002 0 0 0 0 0 333
WIT 12 -276 -275 -273 -284 -583 0 0 0 0 -247 0 -1 0 0 0 32002 32002 0 0 0 0 0 333
WIT 11 -276 -275 -134 -144 -355 0 0 1 0 -275 0 -1 0 0 0 32002 32002 0 0 0 0 0 269
WIT 10 -276 -275 -189 -198 -234 0 0 0 0 -275 0 -1 0 0 0 32002 32002 0 0 0 0 0 333
WIT 7 -276 -275 -185 -191 -294 0 0 1 0 151 0 -1 0 0 0 32002 32002 0 0 0 0 0 333
WIT 9 -276 -275 -247 -255 -272 0 0 0 0 -275 0 -1 0 0 0 32002 32002 0 0 0 0 0 1568
WIT 10 -276 -275 -268 -277 -257 1633 0 0 0 32002 0 -1 0 0 0 32002 32002 0 0 0 0 0 0
WIT 11 -276 -275 -289 -310 -311 0 0 0 0 -275 0 -1 0 0 0 32002 32002 0 0 0 0 0 601
WIT 10 -276 -275 -245 -264 -360 0 0 0 0 -275 0 -1 0 0 0 32002 32002 0 0 0 0 0 148
WIT 10 -276 -275 -239 -258 -246 80 0 0 0 32002 0 -1 0 0 0 32002 32002 0 0 0 0 0 0
WIT 10 -276 -275 -268 -277 -252 774 0 0 0 32002 0 -1 0 0 0 32002 32002 0 0 0 0 0 0
WIT 8 -276 -275 -204 -211 -352 0 0 0 0 -275 0 -1 0 0 0 32002 32002 0 0 0 0 0 148
WIT 8 -315 -275 -295 -302 -442 0 0 0 0 -275 0 -1 0 0 0 32002 32002 0 0 0 0 0 196
WIT 11 -276 -275 -273 -283 -284 80 0 0 0 -275 0 -1 0 0 0 32002 32002 0 0 0 0 0 1568
WIT 6 275 276 313 308 307 0 0 0 0 276 0 -1 0 0 0 32002 32002 0 0 0 0 0 2910
WIT 10 -276 -275 -289 -308 -309 0 0 0 0 -276 0 -1 0 0 0 32002 32002 0 0 0 0 0 0
WIT 10 275 276 276 267 294 2740 0 0 0 32002 0 -1 0 0 0 32002 32002 0 0 0 0 0 0
WIT 8 275 276 276 261 269 53048 0 0 1 276 0 -1 0 0 0 32002 32002 0 0 0 0 0 2910
WIT 6 275 276 359 354 353 0 0 0 0 276 0 -1 0 0 0 32002 32002 0 0 0 0 0 2527
WIT 6 275 276 336 331 333 2910 0 0 0 32002 0 -1 0 0 0 32002 32002 0 0 0 0 0 0
WIT 7 275 276 307 301 300 0 0 0 0 294 0 -1 0 0 0 32002 32002 0 0 0 0 0 2910
WIT 6 275 276 334 329 409 2839 1 0 0 32002 0 -1 0 0 0 32002 32002 0 0 0 0 0 0
WIT 11 -276 -275 -289 -299 -300 0 0 0 0 -276 0 -1 0 0 0 32002 32002 0 0 0 0 0 0
WIT 6 305 306 335 330 438 2910 0 0 0 32002 0 -1 0 0 0 32002 32002 0 0 0 0 0 0
WIT 6 305 306 334 329 471 2839 1 0 0 32002 0 -1 0 0 0 32002 32002 0 0 0 0 0 0
WIT 8 305 306 320 305 321 2910 0 0 0 32002 0 -1 0 0 0 32002 32002 0 0 0 0 0 0
WIT 7 305 306 341 335 338 2910 0 0 0 32002 0 -1 0 0 0 32002 32002 0 0 0 0 0 0
WIT 6 305 306 356 351 307 0 0 0 0 352 0 -1 0 0 0 32002 32002 0 0 0 0 0 2720
WIT 7 305 306 340 327 288 0 0 0 0 306 0 -1 0 0 0 32002 32002 0 0 0 0 0 2217
WIT 8 -315 -275 -295 -302 -320 0 0 0 0 -306 0 -1 0 0 0 32002 32002 0 0 0 0 0 723
WIT 6 -307 -306 -310 -315 -269 601 0 0 0 32002 0 -1 0 0 0 32002 32002 0 0 0 0 0 0
WIT 6 -307 -306 -310 -315 -283 723 0 0 0 32002 0 -1 0 0 0 32002 32002 0 0 0 0 0 0
WIT 8 -315 -275 -295 -302 -341 0 0 1 0 -306 0 -1 0 0 0 32002 32002 0 0 0 0 0 391
WIT 9 305 306 320 312 390 0 0 0 0 32002 0 -1 0 0 0 32002 32002 0 0 0 0 0 0
WIT 9 -315 -275 -295 -303 -320 0 0 0 0 -306 0 -1 0 0 0 32002 32002 0 0 0 0 0 1372
WIT 7 -307 -306 -258 -264 -264 723 0 0 0 32002 0 -1 0 0 0 32002 32002 0 0 0 0 0 0
WIT 9 305 306 400 392 454 3938 0 0 0 32002 0 -1 0 0 0 32002 32002 0 0 0 0 0 0
WIT 7 305 306 448 442 443 3938 0 0 0 32002 0 -1 0 0 0 32002 32002 0 0 0 0 0 0

===========================
Total time (ms) : 28
Nodes searched  : 20040
Nodes/second    : 715714
