
Position: 1/1 (r3kbnr/ppqbpppp/2n5/2p5/3p4/2PP1NP1/PP1NPPBP/R1BQ1RK1 b kq - 0 7)
WIT 6 250 251 296 291 291 730 0 0 0 32002 0 -1 0 0 0 32002 32002 0 0 0 0 0 0
WIT 6 275 276 296 291 291 730 0 0 0 32002 0 -1 0 0 0 32002 32002 0 0 0 0 0 0
WIT 6 297 298 296 291 291 730 0 0 1 306 0 -1 0 0 0 32002 32002 0 0 0 0 0 594
WIT 7 293 294 304 298 298 730 0 0 0 32002 0 -1 0 0 0 32002 32002 0 0 0 0 0 0
WIT 7 293 294 310 304 340 730 0 0 0 32002 0 -1 0 0 0 32002 32002 0 0 0 0 0 0
WIT 6 293 294 318 313 316 1179 1 0 0 32002 0 -1 0 0 0 32002 32002 0 0 0 0 0 0
WIT 6 293 294 305 300 346 0 0 0 0 32002 0 -1 0 0 0 32002 32002 0 0 0 0 0 0
WIT 6 293 294 297 292 311 1179 1 0 0 32002 0 -1 0 0 0 32002 32002 0 0 0 0 0 0
WIT 7 309 310 306 293 275 0 0 0 0 324 0 -1 0 0 0 32002 32002 0 0 0 0 0 1179
WIT 6 309 310 313 308 338 0 0 0 0 32002 0 -1 0 0 0 32002 32002 0 0 0 0 0 0
WIT 7 309 310 304 298 298 730 0 0 1 328 0 -1 0 0 0 32002 32002 0 0 0 0 0 594
WIT 7 309 310 310 304 340 730 0 0 0 32002 0 -1 0 0 0 32002 32002 0 0 0 0 0 0
WIT 7 309 310 318 312 327 1179 1 0 0 32002 0 -1 0 0 0 32002 32002 0 0 0 0 0 0
WIT 6 309 310 343 338 380 0 0 0 0 32002 0 -1 0 0 0 32002 32002 0 0 0 0 0 0
WIT 6 309 310 305 300 348 0 0 0 0 32002 0 -1 0 0 0 32002 32002 0 0 0 0 0 0
WIT 7 309 310 297 291 321 1179 1 0 0 32002 0 -1 0 0 0 32002 32002 0 0 0 0 0 0
WIT 8 321 322 327 320 339 0 0 0 0 32002 0 -1 0 0 0 32002 32002 0 0 0 0 0 0
WIT 7 321 322 317 304 233 0 0 0 0 328 0 -1 0 0 0 32002 32002 0 0 0 0 0 594
WIT 6 321 322 313 308 333 0 0 0 0 32002 0 -1 0 0 0 32002 32002 0 0 0 0 0 0
WIT 6 321 322 325 320 329 0 0 0 0 32002 0 -1 0 0 0 32002 32002 0 0 0 0 0 0
WIT 8 321 322 325 318 318 730 0 0 1 358 0 -1 0 0 0 32002 32002 0 0 0 0 0 594
WIT 6 321 322 327 322 339 0 0 0 0 32002 0 -1 0 0 0 32002 32002 0 0 0 0 0 0
WIT 7 321 322 336 330 331 1179 1 0 0 32002 0 -1 0 0 0 32002 32002 0 0 0 0 0 0
WIT 6 321 322 358 353 380 730 0 0 0 32002 0 -1 0 0 0 32002 32002 0 0 0 0 0 0
WIT 6 321 322 377 372 433 0 0 0 0 32002 0 -1 0 0 0 32002 32002 0 0 0 0 0 0
WIT 6 321 322 347 342 376 0 0 0 0 32002 0 -1 0 0 0 32002 32002 0 0 0 0 0 0
WIT 6 321 322 343 338 380 0 0 0 0 32002 0 -1 0 0 0 32002 32002 0 0 0 0 0 0
WIT 8 335 336 327 320 339 0 0 0 0 32002 0 -1 0 0 0 32002 32002 0 0 0 0 0 0
WIT 8 335 336 336 329 386 1 0 0 0 32002 0 -1 0 0 0 32002 32002 0 0 0 0 0 0
WIT 8 335 336 359 352 336 0 0 0 0 375 0 -1 0 0 0 32002 32002 0 0 0 0 0 1
WIT 8 335 336 327 312 263 0 0 0 0 371 0 -1 0 0 0 32002 32002 0 0 0 0 0 594
WIT 7 335 336 313 307 332 0 0 0 0 389 0 -1 0 0 0 32002 32002 0 0 0 0 0 1179
WIT 7 335 336 325 319 329 0 0 0 0 335 0 -1 0 0 0 32002 32002 0 0 0 0 0 601
WIT 6 335 336 337 332 263 0 0 0 0 338 0 -1 0 0 0 32002 32002 0 0 0 0 0 1680
WIT 6 335 336 480 475 474 0 0 0 0 336 0 -1 0 0 0 32002 32002 0 0 0 0 0 1179
WIT 7 335 336 335 329 361 0 0 0 0 32002 0 -1 0 0 0 32002 32002 0 0 0 0 0 0
WIT 7 322 336 322 316 302 0 0 0 0 336 0 -1 0 0 0 32002 32002 0 0 0 0 0 730
WIT 9 335 336 354 346 350 730 0 0 0 32002 0 -1 0 0 0 32002 32002 0 0 0 0 0 0
WIT 8 335 336 337 330 332 1179 1 0 0 339 0 -1 0 0 0 32002 32002 0 0 0 0 0 730
WIT 7 335 336 358 352 383 730 0 0 0 32002 0 -1 0 0 0 32002 32002 0 0 0 0 0 0
WIT 6 335 336 377 372 436 0 0 0 0 32002 0 -1 0 0 0 32002 32002 0 0 0 0 0 0
WIT 7 335 336 347 341 371 730 0 0 0 32002 0 -1 0 0 0 32002 32002 0 0 0 0 0 0
WIT 6 335 336 343 338 383 0 0 0 0 32002 0 -1 0 0 0 32002 32002 0 0 0 0 0 0
WIT 6 335 336 344 339 432 0 0 0 0 32002 0 -1 0 0 0 32002 32002 0 0 0 0 0 0
WIT 9 354 355 336 328 370 1 0 0 0 32002 0 -1 0 0 0 32002 32002 0 0 0 0 0 0
WIT 7 354 355 382 376 376 1243 0 0 0 32002 0 -1 0 0 0 32002 32002 0 0 0 0 0 0
WIT 9 354 355 367 350 304 0 0 0 0 370 0 -1 0 0 0 32002 32002 0 0 0 0 0 594
WIT 9 354 355 382 374 373 0 0 0 0 359 0 -1 0 0 0 32002 32002 0 0 0 0 0 1179
WIT 7 354 355 343 337 337 1380 1 0 0 355 0 -1 0 0 0 32002 32002 0 0 0 0 0 601
WIT 7 354 355 337 324 363 1700 1 0 0 32002 0 -1 0 0 0 32002 32002 0 0 0 0 0 0
WIT 7 354 355 335 329 367 0 0 0 0 32002 0 -1 0 0 0 32002 32002 0 0 0 0 0 0
WIT 7 354 355 327 321 340 0 0 0 0 354 0 -1 0 0 0 32002 32002 0 0 0 0 0 0
WIT 7 354 355 348 335 334 0 0 0 0 363 0 -1 0 0 0 32002 32002 0 0 0 0 0 1179
WIT 7 354 355 336 323 362 601 0 0 0 32002 0 -1 0 0 0 32002 32002 0 0 0 0 0 0
WIT 7 354 355 368 362 439 0 0 0 0 32002 0 -1 0 0 0 32002 32002 0 0 0 0 0 0
WIT 7 354 355 382 376 451 0 0 0 0 32002 0 -1 0 0 0 32002 32002 0 0 0 0 0 0
WIT 7 354 355 362 356 443 0 0 0 0 32002 0 -1 0 0 0 32002 32002 0 0 0 0 0 0
WIT 7 336 355 336 330 302 0 0 0 0 355 0 -1 0 0 0 32002 32002 0 0 0 0 0 730
WIT 9 354 355 354 346 350 730 0 0 1 376 0 -1 0 0 0 32002 32002 0 0 0 0 0 594
WIT 9 354 355 338 330 332 1179 1 0 0 362 0 -1 0 0 0 32002 32002 0 0 0 0 0 730
WIT 8 354 355 336 329 331 1179 1 0 0 358 0 -1 0 0 0 32002 32002 0 0 0 0 0 730
WIT 7 354 355 358 352 373 730 0 0 0 32002 0 -1 0 0 0 32002 32002 0 0 0 0 0 0
WIT 6 354 355 377 372 440 0 0 0 0 32002 0 -1 0 0 0 32002 32002 0 0 0 0 0 0
WIT 7 354 355 347 341 365 730 0 0 0 32002 0 -1 0 0 0 32002 32002 0 0 0 0 0 0
WIT 6 354 355 343 338 387 0 0 0 0 32002 0 -1 0 0 0 32002 32002 0 0 0 0 0 0
WIT 6 354 355 344 339 436 0 0 0 0 32002 0 -1 0 0 0 32002 32002 0 0 0 0 0 0
WIT 7 379 380 395 382 349 0 0 0 0 378 0 -1 0 0 0 32002 32002 0 0 0 0 0 0
WIT 6 379 380 428 423 359 0 0 0 0 394 0 -1 0 0 0 32002 32002 0 0 0 0 0 157
WIT 9 379 380 336 328 370 1 0 0 1 423 0 -1 0 0 0 32002 32002 0 0 0 0 0 1243
WIT 9 379 380 381 373 363 0 0 0 0 381 0 -1 0 0 0 32002 32002 0 0 0 0 0 1380
WIT 8 379 380 371 356 331 0 0 0 0 379 0 -1 0 0 0 32002 32002 0 0 0 0 0 1380
WIT 9 379 380 368 351 300 0 0 0 0 382 0 -1 0 0 0 32002 32002 0 0 0 0 0 594
WIT 8 379 380 358 343 416 601 0 0 0 32002 0 -1 0 0 0 32002 32002 0 0 0 0 0 0
WIT 7 379 380 337 324 363 1700 1 0 0 380 0 -1 0 0 0 32002 32002 0 0 0 0 0 1680
WIT 7 379 380 355 349 341 0 0 0 0 361 0 -1 0 0 0 32002 32002 0 0 0 0 0 1380
WIT 8 379 380 419 412 368 0 0 0 0 421 0 -1 0 0 0 32002 32002 0 0 0 0 0 2
WIT 7 379 380 363 350 343 0 0 0 0 365 0 -1 0 0 0 32002 32002 0 0 0 0 0 0
WIT 7 379 380 362 349 338 0 0 0 0 366 0 -1 0 0 0 32002 32002 0 0 0 0 0 0
WIT 7 -356 -355 -367 -373 -346 1746 1 0 0 32002 0 -1 0 0 0 32002 32002 0 0 0 0 0 0
WIT 8 -356 -355 -302 -317 -328 0 0 0 0 -355 0 -1 0 0 0 32002 32002 0 0 0 0 0 2203
WIT 6 -356 -355 -215 -220 -220 1746 1 0 0 32002 0 -1 0 0 0 32002 32002 0 0 0 0 0 0
WIT 7 355 380 355 349 302 0 0 0 0 355 0 -1 0 0 0 32002 32002 0 0 0 0 0 0
WIT 6 -322 -321 -355 -360 -369 0 0 0 0 -340 0 -1 0 0 0 32002 32002 0 0 0 0 0 0
WIT 7 379 380 380 367 370 601 0 0 1 380 0 -1 0 0 0 32002 32002 0 0 0 0 0 1179
WIT 9 379 380 373 365 433 730 0 0 0 32002 0 -1 0 0 0 32002 32002 0 0 0 0 0 0
WIT 8 379 380 361 354 361 1179 1 0 0 386 0 -1 0 0 0 32002 32002 0 0 0 0 0 730
WIT 6 379 380 377 372 447 0 0 0 0 32002 0 -1 0 0 0 32002 32002 0 0 0 0 0 0
WIT 6 379 380 343 338 395 0 0 0 0 32002 0 -1 0 0 0 32002 32002 0 0 0 0 0 0
WIT 6 379 380 344 339 444 0 0 0 0 32002 0 -1 0 0 0 32002 32002 0 0 0 0 0 0
WIT 6 379 380 396 391 463 0 0 0 0 32002 0 -1 0 0 0 32002 32002 0 0 0 0 0 0
WIT 6 379 380 358 353 371 730 0 0 1 424 0 -1 0 0 0 32002 32002 0 0 0 0 0 1179
WIT 6 379 380 553 548 548 730 0 0 0 32002 0 -1 0 0 0 32002 32002 0 0 0 0 0 0
WIT 6 379 380 347 342 390 0 0 0 0 32002 0 -1 0 0 0 32002 32002 0 0 0 0 0 0
WIT 6 379 380 357 352 360 1179 1 0 0 384 0 -1 0 0 0 32002 32002 0 0 0 0 0 730
WIT 7 380 426 340 334 306 0 0 0 0 431 0 -1 0 0 0 32002 32002 0 0 0 0 0 1179
WIT 7 -381 -380 -355 -361 -361 4020 0 0 0 32002 0 -1 0 0 0 32002 32002 0 0 0 0 0 0
WIT 6 -381 -380 -331 -336 -294 0 0 0 0 32002 0 -1 0 0 0 32002 32002 0 0 0 0 0 0
WIT 7 -381 -380 -321 -327 -341 0 0 0 0 -368 0 -1 0 0 0 32002 32002 0 0 0 0 0 3308
WIT 6 -381 -380 -225 -230 24 2916 1 0 0 32002 0 -1 0 0 0 32002 32002 0 0 0 0 0 0
WIT 6 -381 -380 -225 -230 122 2916 1 0 0 32002 0 -1 0 0 0 32002 32002 0 0 0 0 0 0
WIT 7 380 426 380 374 315 0 0 0 0 380 0 -1 0 0 0 32002 32002 0 0 0 0 0 0
WIT 10 -381 -380 -355 -374 -362 2331 1 0 0 32002 0 -1 0 0 0 32002 32002 0 0 0 0 0 0
WIT 7 -381 -380 -302 -308 -248 0 0 0 0 32002 0 -1 0 0 0 32002 32002 0 0 0 0 0 0
WIT 7 -381 -380 -355 -361 -248 0 0 0 0 32002 0 -1 0 0 0 32002 32002 0 0 0 0 0 0
WIT 7 380 426 380 374 355 0 0 0 0 380 0 -1 0 0 0 32002 32002 0 0 0 0 0 0
WIT 6 -319 -318 -380 -385 -385 3308 0 0 1 -318 0 -1 0 0 0 32002 32002 0 0 0 0 0 3641
WIT 8 -319 -318 -355 -370 -361 2331 1 0 0 -305 0 -1 0 0 0 32002 32002 0 0 0 0 0 2203
WIT 6 -319 -318 -340 -345 -350 0 0 0 0 -238 0 -1 0 0 0 32002 32002 0 0 0 0 0 1746
WIT 6 -319 -318 -355 -360 -276 0 0 0 0 32002 0 -1 0 0 0 32002 32002 0 0 0 0 0 0
WIT 6 -319 -318 -302 -307 -248 0 0 0 0 32002 0 -1 0 0 0 32002 32002 0 0 0 0 0 0
WIT 6 -319 -318 -355 -360 -250 0 0 0 0 32002 0 -1 0 0 0 32002 32002 0 0 0 0 0 0
WIT 7 -235 -234 -306 -319 -316 2331 1 0 0 -234 0 -1 0 0 0 32002 32002 0 0 0 0 0 2203
WIT 7 -268 -267 -158 -171 -235 0 0 0 0 -203 0 -1 0 0 0 32002 32002 0 0 0 0 0 1746
WIT 6 278 279 417 412 398 0 0 0 0 315 0 -1 0 0 0 32002 32002 0 0 0 0 0 1179
WIT 6 278 279 347 342 379 0 0 0 0 32002 0 -1 0 0 0 32002 32002 0 0 0 0 0 0
WIT 6 278 279 383 378 386 1179 1 0 0 32002 0 -1 0 0 0 32002 32002 0 0 0 0 0 0
WIT 8 294 295 373 366 403 730 0 0 0 32002 0 -1 0 0 0 32002 32002 0 0 0 0 0 0
WIT 6 294 295 342 337 407 0 0 0 0 32002 0 -1 0 0 0 32002 32002 0 0 0 0 0 0
WIT 6 294 295 340 335 375 0 0 0 0 32002 0 -1 0 0 0 32002 32002 0 0 0 0 0 0
WIT 6 294 295 336 331 421 0 0 0 0 32002 0 -1 0 0 0 32002 32002 0 0 0 0 0 0
WIT 6 294 295 396 391 446 0 0 0 0 32002 0 -1 0 0 0 32002 32002 0 0 0 0 0 0
WIT 7 294 295 347 341 365 730 0 0 0 32002 0 -1 0 0 0 32002 32002 0 0 0 0 0 0
WIT 7 294 295 383 377 388 1179 1 0 0 32002 0 -1 0 0 0 32002 32002 0 0 0 0 0 0
WIT 7 294 295 310 297 360 730 0 0 0 32002 0 -1 0 0 0 32002 32002 0 0 0 0 0 0
WIT 7 315 316 400 394 457 0 0 0 0 32002 0 -1 0 0 0 32002 32002 0 0 0 0 0 0
WIT 8 315 316 373 366 403 730 0 0 0 32002 0 -1 0 0 0 32002 32002 0 0 0 0 0 0
WIT 6 315 316 342 337 411 0 0 0 0 32002 0 -1 0 0 0 32002 32002 0 0 0 0 0 0
WIT 6 315 316 340 335 379 0 0 0 0 32002 0 -1 0 0 0 32002 32002 0 0 0 0 0 0
WIT 6 315 316 336 331 425 0 0 0 0 32002 0 -1 0 0 0 32002 32002 0 0 0 0 0 0
WIT 6 315 316 396 391 450 0 0 0 0 32002 0 -1 0 0 0 32002 32002 0 0 0 0 0 0
WIT 6 315 316 347 342 385 0 0 0 0 32002 0 -1 0 0 0 32002 32002 0 0 0 0 0 0
WIT 7 315 316 383 377 388 1179 1 0 0 32002 0 -1 0 0 0 32002 32002 0 0 0 0 0 0
WIT 8 -317 -316 -355 -362 -337 3169 0 0 1 -282 0 -1 0 0 0 32002 32002 0 0 0 0 0 3437
WIT 8 -317 -316 -234 -249 -294 0 0 0 0 -285 0 -1 0 0 0 32002 32002 0 0 0 0 0 2203
WIT 8 -317 -316 -210 -225 -269 0 0 0 0 -292 0 -1 0 0 0 32002 32002 0 0 0 0 0 1746
WIT 6 -317 -316 -267 -272 -276 0 0 0 0 -316 0 -1 0 0 0 32002 32002 0 0 0 0 0 4013
WIT 6 -317 -316 -234 -239 -239 4013 0 0 0 32002 0 -1 0 0 0 32002 32002 0 0 0 0 0 0
WIT 6 -317 -316 -224 -229 -213 0 0 0 0 32002 0 -1 0 0 0 32002 32002 0 0 0 0 0 0
WIT 6 -317 -316 -302 -307 -259 0 0 0 0 32002 0 -1 0 0 0 32002 32002 0 0 0 0 0 0
WIT 7 -279 -278 -285 -291 -255 3169 0 0 0 32002 0 -1 0 0 0 32002 32002 0 0 0 0 0 0
WIT 7 -279 -278 -288 -301 -328 0 0 0 0 -255 0 -1 0 0 0 32002 32002 0 0 0 0 0 2203
WIT 9 -279 -278 -115 -123 -123 2715 0 0 0 32002 0 -1 0 0 0 32002 32002 0 0 0 0 0 0
WIT 7 -279 -278 -294 -307 -323 0 0 0 0 -156 0 -1 0 0 0 32002 32002 0 0 0 0 0 1746
WIT 10 -279 -278 -285 -294 -252 3169 0 0 0 32002 0 -1 0 0 0 32002 32002 0 0 0 0 0 0
WIT 10 -279 -278 -235 -244 -248 0 0 0 0 -278 0 -1 0 0 0 32002 32002 0 0 0 0 0 3929
WIT 10 -279 -278 -257 -276 -277 0 0 0 0 -278 0 -1 0 0 0 32002 32002 0 0 0 0 0 2203
WIT 9 -279 -278 -169 -186 -198 0 0 0 0 -212 0 -1 0 0 0 32002 32002 0 0 0 0 0 1746
WIT 9 -279 -278 -315 -323 -286 2908 1 0 0 -277 0 -1 0 0 0 32002 32002 0 0 0 0 0 2203
WIT 8 -279 -278 -277 -284 -1093 0 0 1 0 -268 0 -1 0 0 0 32002 32002 0 0 0 0 0 3501
WIT 8 -279 -278 -278 -293 -295 0 0 0 0 -277 0 -1 0 0 0 32002 32002 0 0 0 0 0 4013
WIT 7 -279 -278 -358 -371 -371 1746 1 0 0 -270 0 -1 0 0 0 32002 32002 0 0 0 0 0 3956
WIT 6 -279 -278 -302 -307 -263 0 0 0 0 32002 0 -1 0 0 0 32002 32002 0 0 0 0 0 0
WIT 6 -279 -278 -218 -223 -218 3956 0 0 0 32002 0 -1 0 0 0 32002 32002 0 0 0 0 0 0
WIT 6 -279 -278 -224 -229 -220 0 0 0 0 32002 0 -1 0 0 0 32002 32002 0 0 0 0 0 0
WIT 6 -279 -278 -355 -360 -278 0 0 0 0 32002 0 -1 0 0 0 32002 32002 0 0 0 0 0 0
WIT 7 -266 -265 -278 -284 -328 0 0 0 0 -235 0 -1 0 0 0 32002 32002 0 0 0 0 0 2715
WIT 7 -266 -265 -227 -233 -236 0 0 0 0 -203 0 -1 0 0 0 32002 32002 0 0 0 0 0 3938
WIT 7 -266 -265 -278 -291 -318 0 0 0 0 -261 0 -1 0 0 0 32002 32002 0 0 0 0 0 1746
WIT 6 -266 -265 -217 -222 -242 0 0 0 0 -229 0 -1 0 0 0 32002 32002 0 0 0 0 0 2138
WIT 7 -266 -265 -264 -270 53 2916 1 0 0 32002 0 -1 0 0 0 32002 32002 0 0 0 0 0 0
WIT 7 -266 -265 -262 -268 180 2916 1 0 0 32002 0 -1 0 0 0 32002 32002 0 0 0 0 0 0
WIT 9 -266 -265 -285 -293 -315 0 0 0 0 -265 0 -1 0 0 0 32002 32002 0 0 0 0 0 3437
WIT 9 -266 -265 -278 -295 -322 0 0 0 0 -265 0 -1 0 0 0 32002 32002 0 0 0 0 0 2203
WIT 8 -266 -265 -277 -292 -292 3308 0 0 1 -265 0 -1 0 0 0 32002 32002 0 0 0 0 0 4013
WIT 6 -266 -265 -302 -307 -243 0 0 0 0 32002 0 -1 0 0 0 32002 32002 0 0 0 0 0 0
WIT 6 -266 -265 -355 -360 -258 0 0 0 0 32002 0 -1 0 0 0 32002 32002 0 0 0 0 0 0
WIT 6 -266 -265 -260 -265 -265 3437 0 0 0 32002 0 -1 0 0 0 32002 32002 0 0 0 0 0 0
WIT 6 -266 -265 -241 -246 -241 4013 0 0 0 32002 0 -1 0 0 0 32002 32002 0 0 0 0 0 0
WIT 6 -266 -265 -278 -283 -283 3437 0 0 1 -265 0 -1 0 0 0 32002 32002 0 0 0 0 0 4013
WIT 6 -266 -265 -224 -229 -200 0 0 0 0 32002 0 -1 0 0 0 32002 32002 0 0 0 0 0 0
WIT 6 -266 -265 -273 -278 -278 3437 0 0 1 -265 0 -1 0 0 0 32002 32002 0 0 0 0 0 4013
WIT 6 -266 -265 -245 -250 -250 3956 0 0 0 32002 0 -1 0 0 0 32002 32002 0 0 0 0 0 0
WIT 9 -249 -248 -265 -273 -280 0 0 0 0 -235 0 -1 0 0 0 32002 32002 0 0 0 0 0 3308
WIT 7 -249 -248 -264 -270 -273 0 0 0 0 -250 0 -1 0 0 0 32002 32002 0 0 0 0 0 0
WIT 8 -249 -248 -265 -280 -306 0 0 0 0 -249 0 -1 0 0 0 32002 32002 0 0 0 0 0 0
WIT 8 -249 -248 -265 -280 -312 0 0 0 0 -249 0 -1 0 0 0 32002 32002 0 0 0 0 0 0
WIT 9 281 282 373 365 410 730 0 0 0 32002 0 -1 0 0 0 32002 32002 0 0 0 0 0 0
WIT 7 281 282 343 330 368 730 0 0 0 32002 0 -1 0 0 0 32002 32002 0 0 0 0 0 0
WIT 6 281 282 342 337 412 0 0 0 0 32002 0 -1 0 0 0 32002 32002 0 0 0 0 0 0
WIT 6 281 282 340 335 380 0 0 0 0 32002 0 -1 0 0 0 32002 32002 0 0 0 0 0 0
WIT 6 281 282 396 391 451 0 0 0 0 32002 0 -1 0 0 0 32002 32002 0 0 0 0 0 0
WIT 6 281 282 347 342 386 0 0 0 0 32002 0 -1 0 0 0 32002 32002 0 0 0 0 0 0
WIT 7 281 282 383 377 388 1179 1 0 0 32002 0 -1 0 0 0 32002 32002 0 0 0 0 0 0
WIT 7 282 305 249 243 236 0 0 0 0 305 0 -1 0 0 0 32002 32002 0 0 0 0 0 788
WIT 6 304 305 367 362 287 0 0 0 0 305 0 -1 0 0 0 32002 32002 0 0 0 0 0 1307
WIT 9 304 305 330 322 293 0 0 0 0 368 0 -1 0 0 0 32002 32002 0 0 0 0 0 1700
WIT 7 304 305 317 311 234 0 0 0 0 274 0 -1 0 0 0 32002 32002 0 0 0 0 0 0
WIT 8 304 305 368 361 360 0 0 0 0 288 0 -1 0 0 0 32002 32002 0 0 0 0 0 0
WIT 7 -283 -282 -256 -262 -265 0 0 0 0 -257 0 -1 0 0 0 32002 32002 0 0 0 0 0 3241
WIT 9 -283 -282 -274 -282 -321 0 0 0 0 -271 0 -1 0 0 0 32002 32002 0 0 0 0 0 3437
WIT 9 -283 -282 -277 -294 -301 0 0 0 0 -272 0 -1 0 0 0 32002 32002 0 0 0 0 0 2724
WIT 7 282 305 249 243 143 0 0 0 0 282 0 -1 0 0 0 32002 32002 0 0 0 0 0 0
WIT 9 282 283 305 288 288 1700 1 0 0 32002 0 -1 0 0 0 32002 32002 0 0 0 0 0 0
WIT 8 282 283 305 290 234 0 0 0 0 288 0 -1 0 0 0 32002 32002 0 0 0 0 0 788
WIT 6 282 283 400 395 437 0 0 0 0 32002 0 -1 0 0 0 32002 32002 0 0 0 0 0 0
WIT 6 304 305 382 377 370 0 0 0 0 406 0 -1 0 0 0 32002 32002 0 0 0 0 0 1371
WIT 9 304 305 408 400 356 0 0 0 0 337 0 -1 0 0 0 32002 32002 0 0 0 0 0 157
WIT 9 -305 -304 -277 -294 -313 0 0 0 0 -281 0 -1 0 0 0 32002 32002 0 0 0 0 0 3169
WIT 9 304 305 358 341 332 0 0 0 0 284 0 -1 0 0 0 32002 32002 0 0 0 0 0 0
WIT 8 -283 -282 -265 -280 -280 3643 0 0 0 32002 0 -1 0 0 0 32002 32002 0 0 0 0 0 0
WIT 6 -283 -282 -224 -229 -223 0 0 0 0 32002 0 -1 0 0 0 32002 32002 0 0 0 0 0 0
WIT 8 282 305 282 275 248 0 0 0 0 282 0 -1 0 0 0 32002 32002 0 0 0 0 0 0
WIT 7 -252 -251 -75 -81 -84 0 0 0 0 -247 0 -1 0 0 0 32002 32002 0 0 0 0 0 1748
WIT 10 -252 -251 -485 -494 -558 0 0 0 0 -246 0 -1 0 0 0 32002 32002 0 0 0 0 0 2723
WIT 10 251 252 265 256 179 0 0 0 0 246 0 -1 0 0 0 32002 32002 0 0 0 0 0 1050
WIT 11 -252 -251 -243 -253 -272 0 0 0 0 -251 0 -1 0 0 0 32002 32002 0 0 0 0 0 3947
WIT 10 -252 -251 -277 -286 -245 2724 1 0 0 32002 0 -1 0 0 0 32002 32002 0 0 0 0 0 0
WIT 9 -252 -251 -261 -269 -895 0 0 0 0 -247 0 -1 0 0 0 32002 32002 0 0 0 0 0 2724
WIT 10 -252 -251 -283 -302 -331 0 0 0 0 -251 0 -1 0 0 0 32002 32002 0 0 0 0 0 3169
WIT 10 -252 -251 -284 -303 -375 0 0 0 0 -252 0 -1 0 0 0 32002 32002 0 0 0 0 0 0
WIT 9 -252 -251 -270 -287 -288 0 0 0 0 -252 0 -1 0 0 0 32002 32002 0 0 0 0 0 0
WIT 8 304 305 252 237 240 536 0 0 1 292 1 2 -8617 1 1 304 304 1 0 5 0 7 0
WIT 8 304 305 373 366 408 730 0 0 0 32002 0 -1 0 0 0 32002 32002 0 0 0 0 0 0
WIT 6 304 305 398 393 435 157 0 0 0 32002 0 -1 0 0 0 32002 32002 0 0 0 0 0 0
WIT 8 304 305 385 378 372 0 0 0 0 334 0 -1 0 0 0 32002 32002 0 0 0 0 0 730
WIT 7 304 305 336 330 419 0 0 0 0 32002 0 -1 0 0 0 32002 32002 0 0 0 0 0 0
WIT 7 304 305 396 390 442 730 0 0 0 32002 0 -1 0 0 0 32002 32002 0 0 0 0 0 0
WIT 7 304 305 347 341 365 730 0 0 0 32002 0 -1 0 0 0 32002 32002 0 0 0 0 0 0
WIT 7 304 305 343 330 368 730 0 0 0 32002 0 -1 0 0 0 32002 32002 0 0 0 0 0 0
WIT 7 304 305 342 336 405 0 0 0 0 32002 0 -1 0 0 0 32002 32002 0 0 0 0 0 0
WIT 7 304 305 340 334 360 730 0 0 0 32002 0 -1 0 0 0 32002 32002 0 0 0 0 0 0
WIT 9 346 347 334 317 320 788 0 0 1 442 0 -1 0 0 0 32002 32002 0 0 0 0 0 157
WIT 7 305 347 305 299 296 0 0 0 0 347 0 -1 0 0 0 32002 32002 0 0 0 0 0 1179
WIT 9 346 347 381 364 351 0 0 0 0 386 0 -1 0 0 0 32002 32002 0 0 0 0 0 1700
WIT 7 346 347 371 365 386 2 0 0 0 32002 0 -1 0 0 0 32002 32002 0 0 0 0 0 0
WIT 6 346 347 509 504 445 0 0 0 0 531 0 -1 0 0 0 32002 32002 0 0 0 0 0 1707
WIT 9 346 347 392 375 331 0 0 0 0 389 0 -1 0 0 0 32002 32002 0 0 0 0 0 157
WIT 9 346 347 380 363 334 0 0 0 0 351 0 -1 0 0 0 32002 32002 0 0 0 0 0 1179
WIT 7 346 347 354 348 314 0 0 0 0 446 0 -1 0 0 0 32002 32002 0 0 0 0 0 1307
WIT 8 346 347 409 402 374 0 0 0 0 453 0 -1 0 0 0 32002 32002 0 0 0 0 0 1307
WIT 7 346 347 334 328 306 0 0 0 0 411 0 -1 0 0 0 32002 32002 0 0 0 0 0 1307
WIT 7 346 347 504 498 435 0 0 0 0 416 0 -1 0 0 0 32002 32002 0 0 0 0 0 148
WIT 6 346 347 581 576 487 0 0 0 0 375 0 -1 0 0 0 32002 32002 0 0 0 0 0 1307
WIT 9 346 347 393 376 368 0 0 0 0 406 0 -1 0 0 0 32002 32002 0 0 0 0 0 1371
WIT 9 346 347 307 290 268 0 0 0 0 347 0 -1 0 0 0 32002 32002 0 0 0 0 0 1179
WIT 8 346 347 380 365 367 1700 1 0 0 32002 0 -1 0 0 0 32002 32002 0 0 0 0 0 0
WIT 8 346 347 380 365 374 1700 1 0 0 32002 0 -1 0 0 0 32002 32002 0 0 0 0 0 0
WIT 7 346 347 369 356 370 601 0 0 0 32002 0 -1 0 0 0 32002 32002 0 0 0 0 0 0
WIT 7 346 347 368 362 444 0 0 0 0 32002 0 -1 0 0 0 32002 32002 0 0 0 0 0 0
WIT 7 346 347 362 356 432 0 0 0 0 32002 0 -1 0 0 0 32002 32002 0 0 0 0 0 0
WIT 8 346 347 400 393 438 0 0 0 0 32002 0 -1 0 0 0 32002 32002 0 0 0 0 0 0
WIT 7 346 347 335 329 362 0 0 0 0 32002 0 -1 0 0 0 32002 32002 0 0 0 0 0 0
WIT 7 346 347 410 404 450 0 0 0 0 32002 0 -1 0 0 0 32002 32002 0 0 0 0 0 0
WIT 7 346 347 382 376 440 0 0 0 0 32002 0 -1 0 0 0 32002 32002 0 0 0 0 0 0
WIT 8 305 347 305 298 285 0 0 0 0 347 0 -1 0 0 0 32002 32002 0 0 0 0 0 730
WIT 9 346 347 373 365 410 730 0 0 0 32002 0 -1 0 0 0 32002 32002 0 0 0 0 0 0
WIT 6 346 347 398 393 398 0 0 0 0 32002 0 -1 0 0 0 32002 32002 0 0 0 0 0 0
WIT 10 346 347 331 312 316 1179 1 0 0 350 0 -1 0 0 0 32002 32002 0 0 0 0 0 730
WIT 9 346 347 305 288 292 1179 1 0 0 347 0 -1 0 0 0 32002 32002 0 0 0 0 0 730
WIT 8 346 347 396 389 455 0 0 0 0 32002 0 -1 0 0 0 32002 32002 0 0 0 0 0 0
WIT 8 346 347 343 328 367 730 0 0 0 32002 0 -1 0 0 0 32002 32002 0 0 0 0 0 0
WIT 6 346 347 335 330 329 0 0 0 0 326 0 -1 0 0 0 32002 32002 0 0 0 0 0 0
WIT 8 -306 -305 -275 -282 -290 0 0 0 0 -280 0 -1 0 0 0 32002 32002 0 0 0 0 0 3169
WIT 6 -306 -305 -285 -290 -361 0 0 0 0 -214 0 -1 0 0 0 32002 32002 0 0 0 0 0 2724
WIT 6 -306 -305 -260 -265 -629 0 0 0 0 -157 0 -1 0 0 0 32002 32002 0 0 0 0 0 2724
WIT 9 -306 -305 -346 -354 -355 0 0 0 0 -301 0 -1 0 0 0 32002 32002 0 0 0 0 0 3364
WIT 7 -249 -248 -294 -300 -251 0 0 0 0 -158 0 -1 0 0 0 32002 32002 0 0 0 0 0 1748
WIT 7 -249 -248 -246 -252 -301 0 0 0 0 -248 0 -1 0 0 0 32002 32002 0 0 0 0 0 3364
WIT 7 -249 -248 -250 -256 -267 0 0 0 0 -239 0 -1 0 0 0 32002 32002 0 0 0 0 0 3364
WIT 7 -249 -248 -299 -305 -263 3567 0 0 1 -191 0 -1 0 0 0 32002 32002 0 0 0 0 0 3364
WIT 11 -249 -248 -269 -290 -303 0 0 0 0 -244 0 -1 0 0 0 32002 32002 0 0 0 0 0 3169
WIT 9 -249 -248 -192 -200 -299 0 0 0 0 -200 0 -1 0 0 0 32002 32002 0 0 0 0 0 2138
WIT 10 -249 -248 -284 -293 -397 0 0 0 0 -249 0 -1 0 0 0 32002 32002 0 0 0 0 0 0
WIT 9 -249 -248 -301 -318 -354 0 0 0 0 -249 0 -1 0 0 0 32002 32002 0 0 0 0 0 0
WIT 9 -347 -346 -282 -290 -284 3308 0 0 0 32002 0 -1 0 0 0 32002 32002 0 0 0 0 0 0
WIT 7 -347 -346 -322 -335 -326 3437 0 0 0 32002 0 -1 0 0 0 32002 32002 0 0 0 0 0 0
WIT 7 -347 -346 -265 -271 -537 0 0 0 0 -303 0 -1 0 0 0 32002 32002 0 0 0 0 0 2724
WIT 6 -347 -346 -213 -218 -420 0 0 0 0 -320 0 -1 0 0 0 32002 32002 0 0 0 0 0 2724
WIT 11 346 347 347 326 322 0 0 0 0 336 0 -1 0 0 0 32002 32002 0 0 0 0 0 0
WIT 10 346 347 347 328 304 0 0 0 0 336 0 -1 0 0 0 32002 32002 0 0 0 0 0 0
WIT 8 305 306 465 458 431 0 0 0 0 326 0 -1 0 0 0 32002 32002 0 0 0 0 0 1057
WIT 7 305 306 380 367 309 0 0 0 0 263 0 -1 0 0 0 32002 32002 0 0 0 0 0 1700
WIT 8 305 306 249 234 225 0 0 0 0 306 0 -1 0 0 0 32002 32002 0 0 0 0 0 536
WIT 6 305 306 441 436 328 0 0 0 0 337 0 -1 0 0 0 32002 32002 0 0 0 0 0 157
WIT 7 305 306 347 334 253 0 0 0 0 306 0 -1 0 0 0 32002 32002 0 0 0 0 0 730
WIT 6 -307 -306 -275 -280 -255 0 0 0 0 32002 0 -1 0 0 0 32002 32002 0 0 0 0 0 0
WIT 9 305 306 400 392 430 0 0 0 0 32002 0 -1 0 0 0 32002 32002 0 0 0 0 0 0
WIT 8 305 306 475 460 431 0 0 0 0 497 0 -1 0 0 0 32002 32002 0 0 0 0 0 1700
WIT 6 -307 -306 -192 -197 -210 0 0 0 0 -272 0 -1 0 0 0 32002 32002 0 0 0 0 0 3929
WIT 9 -307 -306 -247 -264 -274 0 0 0 0 -306 0 -1 0 0 0 32002 32002 0 0 0 0 0 1748
WIT 9 -307 -306 -258 -275 -298 0 0 0 0 -306 0 -1 0 0 0 32002 32002 0 0 0 0 0 2203
WIT 8 -307 -306 -230 -237 -237 3956 0 0 0 32002 0 -1 0 0 0 32002 32002 0 0 0 0 0 0
WIT 7 -306 -305 -290 -296 -301 0 0 0 0 -346 0 -1 0 0 0 32002 32002 0 0 0 0 0 1746
WIT 6 -306 -305 -235 -240 -249 0 0 0 0 -275 0 -1 0 0 0 32002 32002 0 0 0 0 0 2842
WIT 7 305 306 257 251 250 0 0 0 0 301 0 -1 0 0 0 32002 32002 0 0 0 0 0 0
WIT 7 -306 -305 -225 -238 -242 0 0 0 0 -214 0 -1 0 0 0 32002 32002 0 0 0 0 0 2724
WIT 8 -306 -305 -246 -253 -246 2203 1 0 0 32002 0 -1 0 0 0 32002 32002 0 0 0 0 0 0
WIT 7 -306 -305 -274 -280 -343 0 0 0 0 -279 0 -1 0 0 0 32002 32002 0 0 0 0 0 3169
WIT 8 -306 -305 -257 -264 -388 0 0 0 0 -272 0 -1 0 0 0 32002 32002 0 0 0 0 0 2724
WIT 8 -306 -305 -222 -229 -543 0 0 0 0 -212 0 -1 0 0 0 32002 32002 0 0 0 0 0 3236
WIT 8 -306 -305 -242 -249 -457 0 0 0 0 -221 0 -1 0 0 0 32002 32002 0 0 0 0 0 2724
WIT 12 305 306 306 283 282 0 0 0 0 305 0 -1 0 0 0 32002 32002 0 0 0 0 0 0
WIT 7 -306 -305 -299 -305 -342 0 0 0 0 6 0 -1 0 0 0 32002 32002 0 0 0 0 0 2203
WIT 6 -306 -305 -282 -287 -286 0 0 0 0 32002 0 -1 0 0 0 32002 32002 0 0 0 0 0 0
WIT 7 -306 -305 -316 -322 -339 0 0 0 0 -278 0 -1 0 0 0 32002 32002 0 0 0 0 0 1746
WIT 11 305 306 306 285 282 0 0 0 0 305 0 -1 0 0 0 32002 32002 0 0 0 0 0 0
WIT 9 -296 -295 -305 -322 -337 0 0 0 0 -296 0 -1 0 0 0 32002 32002 0 0 0 0 0 0
WIT 6 305 306 306 301 300 0 0 0 0 327 0 -1 0 0 0 32002 32002 0 0 0 0 0 2
WIT 7 -306 -295 -305 -311 -313 0 0 0 0 -306 0 -1 0 0 0 32002 32002 0 0 0 0 0 0
WIT 6 -306 -305 -260 -265 -295 0 0 0 0 -268 0 -1 0 0 0 32002 32002 0 0 0 0 0 3169
WIT 6 -306 -305 -303 -308 -327 0 0 0 0 -234 0 -1 0 0 0 32002 32002 0 0 0 0 0 3169
WIT 7 -306 -305 -278 -291 -295 0 0 0 0 -275 0 -1 0 0 0 32002 32002 0 0 0 0 0 2842
WIT 6 -306 -305 -281 -286 -264 3437 0 0 0 32002 0 -1 0 0 0 32002 32002 0 0 0 0 0 0
WIT 11 305 306 306 296 295 0 0 0 0 305 0 -1 0 0 0 32002 32002 0 0 0 0 0 0
WIT 6 305 306 367 362 325 0 0 0 0 630 0 -1 0 0 0 32002 32002 0 0 0 0 0 34857
WIT 7 -296 -295 -305 -311 -318 0 0 0 0 -271 0 -1 0 0 0 32002 32002 0 0 0 0 0 2203
WIT 7 -296 -295 -242 -248 -283 0 0 0 0 -263 0 -1 0 0 0 32002 32002 0 0 0 0 0 3169
WIT 8 305 306 332 325 303 0 0 0 0 306 0 -1 0 0 0 32002 32002 0 0 0 0 0 1242
WIT 7 305 306 348 342 294 0 0 0 0 331 0 -1 0 0 0 32002 32002 0 0 0 0 0 157
WIT 9 -306 -295 -305 -313 -313 3308 0 0 1 -306 1 1 10974 1 1 -306 -306 0 0 0 0 705 0
WIT 7 305 306 343 337 375 1700 1 0 0 32002 0 -1 0 0 0 32002 32002 0 0 0 0 0 0
WIT 9 -306 -295 -305 -313 -333 0 0 0 0 -306 0 -1 0 0 0 32002 32002 0 0 0 0 0 0
WIT 12 305 306 393 370 369 0 0 0 0 306 0 -1 0 0 0 32002 32002 0 0 0 0 0 1380
WIT 11 305 306 350 340 370 157 0 0 0 32002 0 -1 0 0 0 32002 32002 0 0 0 0 0 0
WIT 11 305 306 349 328 321 0 0 0 0 306 0 -1 0 0 0 32002 32002 0 0 0 0 0 730
WIT 8 305 306 368 361 284 0 0 0 0 354 0 -1 0 0 0 32002 32002 0 0 0 0 0 148
WIT 7 305 306 395 389 366 0 0 0 0 383 0 -1 0 0 0 32002 32002 0 0 0 0 0 1307
WIT 6 305 306 422 417 374 0 0 0 0 416 0 -1 0 0 0 32002 32002 0 0 0 0 0 1307
WIT 6 305 306 401 396 357 0 0 0 0 314 0 -1 0 0 0 32002 32002 0 0 0 0 0 1307
WIT 8 -306 -305 -306 -321 -368 0 0 0 0 -306 0 -1 0 0 0 32002 32002 0 0 0 0 0 0
WIT 9 305 306 432 415 415 788 0 0 0 32002 0 -1 0 0 0 32002 32002 0 0 0 0 0 0
WIT 9 305 306 350 342 365 0 0 0 0 32002 0 -1 0 0 0 32002 32002 0 0 0 0 0 0
WIT 7 305 306 308 302 299 0 0 0 0 314 0 -1 0 0 0 32002 32002 0 0 0 0 0 209
WIT 6 305 306 310 305 387 157 0 0 0 32002 0 -1 0 0 0 32002 32002 0 0 0 0 0 0
WIT 10 305 306 347 328 323 0 0 0 0 306 0 -1 0 0 0 32002 32002 0 0 0 0 0 730
WIT 8 305 306 396 389 444 0 0 0 0 32002 0 -1 0 0 0 32002 32002 0 0 0 0 0 0
WIT 9 305 306 343 326 377 730 0 0 0 32002 0 -1 0 0 0 32002 32002 0 0 0 0 0 0
WIT 8 305 306 342 335 405 0 0 0 0 32002 0 -1 0 0 0 32002 32002 0 0 0 0 0 0
WIT 7 294 322 344 338 253 0 0 0 0 348 0 -1 0 0 0 32002 32002 0 0 0 0 0 148
WIT 8 294 322 306 299 162 0 0 0 0 322 0 -1 0 0 0 32002 32002 0 0 0 0 0 592
WIT 8 321 322 348 333 328 0 0 0 0 322 0 -1 0 0 0 32002 32002 0 0 0 0 0 1314
WIT 11 321 322 307 297 294 0 0 0 0 303 0 -1 0 0 0 32002 32002 0 0 0 0 0 0
WIT 7 -322 -294 -303 -309 -347 0 0 0 0 -294 0 -1 0 0 0 32002 32002 0 0 0 0 0 3920
WIT 9 -295 -294 -296 -304 -288 3241 0 0 0 32002 0 -1 0 0 0 32002 32002 0 0 0 0 0 0
WIT 11 -295 -294 -218 -228 -327 0 0 0 0 -259 0 -1 0 0 0 32002 32002 0 0 0 0 0 2138
WIT 6 -295 -294 -86 -91 -86 0 0 0 0 32002 0 -1 0 0 0 32002 32002 0 0 0 0 0 0
WIT 8 294 322 306 299 228 0 0 0 0 294 0 -1 0 0 0 32002 32002 0 0 0 0 0 0
WIT 11 -295 -294 -247 -268 -865 0 0 0 0 -294 0 -1 0 0 0 32002 32002 0 0 0 0 0 2724
WIT 6 -54 -53 108 103 -424 0 0 0 0 82 0 -1 0 0 0 32002 32002 0 0 0 0 0 3306
WIT 11 -295 -294 -251 -272 -320 0 0 0 0 -294 0 -1 0 0 0 32002 32002 0 0 0 0 0 3169
WIT 7 -54 -53 83 77 -13 0 0 1 0 27 0 -1 0 0 0 32002 32002 0 0 0 0 0 3178
WIT 13 -295 -294 -272 -297 -373 0 0 0 0 -288 0 -1 0 0 0 32002 32002 0 0 0 0 0 3437
WIT 12 -295 -294 -272 -295 -476 0 0 0 0 -290 0 -1 0 0 0 32002 32002 0 0 0 0 0 2724
WIT 11 -295 -294 -264 -274 -488 0 0 0 0 -243 0 -1 0 0 0 32002 32002 0 0 0 0 0 2724
WIT 8 -295 -294 -282 -289 -284 3308 0 0 0 32002 0 -1 0 0 0 32002 32002 0 0 0 0 0 0
WIT 8 -295 -294 -282 -289 -156 3169 0 0 0 32002 0 -1 0 0 0 32002 32002 0 0 0 0 0 0
WIT 8 -295 -294 -274 -281 -164 3169 0 0 0 32002 0 -1 0 0 0 32002 32002 0 0 0 0 0 0
WIT 8 -295 -294 -270 -277 -180 3169 0 0 0 32002 0 -1 0 0 0 32002 32002 0 0 0 0 0 0
WIT 8 -295 -294 -252 -259 -157 3169 0 0 0 32002 0 -1 0 0 0 32002 32002 0 0 0 0 0 0
WIT 8 -295 -294 -282 -289 -66 3169 0 0 0 32002 0 -1 0 0 0 32002 32002 0 0 0 0 0 0
WIT 8 -295 -294 -276 -291 -272 3169 0 0 0 32002 0 -1 0 0 0 32002 32002 0 0 0 0 0 0
WIT 8 -295 -294 -282 -289 -299 0 0 0 0 -295 0 -1 0 0 0 32002 32002 0 0 0 0 0 0
WIT 7 321 322 295 289 290 1680 0 0 1 322 0 -1 0 0 0 32002 32002 0 0 0 0 0 1121
WIT 7 294 322 295 289 293 139 0 0 1 322 0 -1 0 0 0 32002 32002 0 0 0 0 0 788
WIT 9 294 322 306 298 282 0 0 0 0 294 0 -1 0 0 0 32002 32002 0 0 0 0 0 209
WIT 11 321 322 432 411 432 209 0 0 0 32002 0 -1 0 0 0 32002 32002 0 0 0 0 0 0
WIT 10 294 322 306 297 296 0 0 0 0 322 0 -1 0 0 0 32002 32002 0 0 0 0 0 1179
WIT 11 321 322 306 285 301 1179 1 0 0 387 0 -1 0 0 0 32002 32002 0 0 0 0 0 1380
WIT 11 321 322 487 477 440 0 0 0 0 603 0 -1 0 0 0 32002 32002 0 0 0 0 0 1380
WIT 11 321 322 382 361 351 0 0 0 0 516 0 -1 0 0 0 32002 32002 0 0 0 0 0 1700
WIT 7 321 322 362 356 382 216 0 0 0 32002 0 -1 0 0 0 32002 32002 0 0 0 0 0 0
WIT 10 321 322 356 337 323 0 0 0 0 322 0 -1 0 0 0 32002 32002 0 0 0 0 0 139
WIT 11 321 322 389 379 392 209 0 0 0 32002 0 -1 0 0 0 32002 32002 0 0 0 0 0 0
WIT 9 321 322 462 454 519 2 0 0 0 32002 0 -1 0 0 0 32002 32002 0 0 0 0 0 0
WIT 10 321 322 385 366 340 0 0 0 0 355 0 -1 0 0 0 32002 32002 0 0 0 0 0 157
WIT 10 321 322 350 331 308 0 0 0 0 322 0 -1 0 0 0 32002 32002 0 0 0 0 0 1179
WIT 10 321 322 380 361 361 1179 1 0 0 32002 0 -1 0 0 0 32002 32002 0 0 0 0 0 0
WIT 10 321 322 381 362 376 209 0 0 0 32002 0 -1 0 0 0 32002 32002 0 0 0 0 0 0
WIT 11 321 322 477 456 403 0 0 0 0 342 0 -1 0 0 0 32002 32002 0 0 0 0 0 1700
WIT 9 321 322 410 402 440 0 0 0 0 32002 0 -1 0 0 0 32002 32002 0 0 0 0 0 0
WIT 7 321 322 368 362 446 0 0 0 0 32002 0 -1 0 0 0 32002 32002 0 0 0 0 0 0
WIT 7 321 322 369 356 356 1380 1 0 0 32002 0 -1 0 0 0 32002 32002 0 0 0 0 0 0
WIT 7 321 322 382 376 433 0 0 0 0 32002 0 -1 0 0 0 32002 32002 0 0 0 0 0 0
WIT 7 321 322 362 356 424 0 0 0 0 32002 0 -1 0 0 0 32002 32002 0 0 0 0 0 0
WIT 9 321 322 400 392 433 0 0 0 0 32002 0 -1 0 0 0 32002 32002 0 0 0 0 0 0
WIT 8 321 322 306 291 299 1179 1 0 0 317 0 -1 0 0 0 32002 32002 0 0 0 0 0 0
WIT 8 321 322 306 291 285 0 0 0 0 305 0 -1 0 0 0 32002 32002 0 0 0 0 0 0
WIT 6 321 322 336 331 354 1700 1 0 0 32002 0 -1 0 0 0 32002 32002 0 0 0 0 0 0
WIT 8 321 322 306 291 191 0 0 0 0 329 0 -1 0 0 0 32002 32002 0 0 0 0 0 1242
WIT 8 321 322 306 299 312 0 0 0 0 322 0 -1 0 0 0 32002 32002 0 0 0 0 0 1179
WIT 6 321 322 306 301 285 0 0 0 0 388 0 -1 0 0 0 32002 32002 0 0 0 0 0 1700
WIT 7 321 322 432 426 302 0 0 0 0 480 0 -1 0 0 0 32002 32002 0 0 0 0 0 154
WIT 6 321 322 312 307 284 0 0 0 0 327 0 -1 0 0 0 32002 32002 0 0 0 0 0 2
WIT 6 321 322 318 313 349 1380 1 0 0 32002 0 -1 0 0 0 32002 32002 0 0 0 0 0 0
WIT 6 321 322 315 310 300 0 0 0 0 335 0 -1 0 0 0 32002 32002 0 0 0 0 0 2
WIT 8 321 322 328 313 313 209 0 0 1 331 0 -1 0 0 0 32002 32002 0 0 0 0 0 157
WIT 9 321 322 388 380 353 0 0 0 0 407 0 -1 0 0 0 32002 32002 0 0 0 0 0 178
WIT 9 321 322 379 362 334 0 0 0 0 399 0 -1 0 0 0 32002 32002 0 0 0 0 0 1700
WIT 8 321 322 318 311 344 1380 1 0 0 32002 0 -1 0 0 0 32002 32002 0 0 0 0 0 0
WIT 8 321 322 299 292 360 1700 1 0 0 32002 0 -1 0 0 0 32002 32002 0 0 0 0 0 0
WIT 8 321 322 326 311 298 0 0 0 0 327 0 -1 0 0 0 32002 32002 0 0 0 0 0 2
WIT 11 321 322 314 304 341 2 0 0 0 32002 0 -1 0 0 0 32002 32002 0 0 0 0 0 0
WIT 10 321 322 313 304 282 0 0 0 0 341 0 -1 0 0 0 32002 32002 0 0 0 0 0 157
WIT 10 321 322 322 303 302 0 0 0 0 322 0 -1 0 0 0 32002 32002 0 0 0 0 0 1179
WIT 9 321 322 338 330 330 209 0 0 0 32002 0 -1 0 0 0 32002 32002 0 0 0 0 0 0
WIT 8 321 322 306 299 304 1179 1 0 0 324 0 -1 0 0 0 32002 32002 0 0 0 0 0 1568
WIT 8 321 322 325 318 393 0 0 0 0 32002 0 -1 0 0 0 32002 32002 0 0 0 0 0 0
WIT 7 321 322 356 350 432 0 0 0 0 32002 0 -1 0 0 0 32002 32002 0 0 0 0 0 0
WIT 7 321 322 306 300 381 1179 1 0 0 32002 0 -1 0 0 0 32002 32002 0 0 0 0 0 0
WIT 8 321 322 306 299 298 0 0 0 0 331 0 -1 0 0 0 32002 32002 0 0 0 0 0 788
WIT 8 -322 -294 -306 -313 -313 4013 0 0 1 -322 1 1 10290 1 1 -322 -324 0 0 0 0 108 0
WIT 12 321 322 322 299 299 1179 1 0 0 322 0 -1 0 0 0 32002 32002 0 0 0 0 0 536
WIT 9 321 322 306 298 341 0 0 0 0 32002 0 -1 0 0 0 32002 32002 0 0 0 0 0 0
WIT 10 321 322 491 482 490 157 0 0 0 32002 0 -1 0 0 0 32002 32002 0 0 0 0 0 0
WIT 13 321 322 344 332 374 730 0 0 0 32002 0 -1 0 0 0 32002 32002 0 0 0 0 0 0
WIT 10 321 322 306 297 333 0 0 0 0 32002 0 -1 0 0 0 32002 32002 0 0 0 0 0 0
WIT 7 321 322 398 392 391 0 0 0 0 322 0 -1 0 0 0 32002 32002 0 0 0 0 0 157
WIT 13 321 322 306 281 281 1179 1 0 0 322 0 -1 0 0 0 32002 32002 0 0 0 0 0 730
WIT 11 321 322 306 285 307 1179 1 0 0 322 0 -1 0 0 0 32002 32002 0 0 0 0 0 730
WIT 10 321 322 340 331 361 730 0 0 0 32002 0 -1 0 0 0 32002 32002 0 0 0 0 0 0
WIT 9 321 322 347 339 371 730 0 0 0 32002 0 -1 0 0 0 32002 32002 0 0 0 0 0 0
WIT 9 321 322 396 388 442 730 0 0 0 32002 0 -1 0 0 0 32002 32002 0 0 0 0 0 0
WIT 8 321 322 383 376 405 0 0 0 0 32002 0 -1 0 0 0 32002 32002 0 0 0 0 0 0
WIT 6 -311 -310 -230 -235 -228 3956 0 0 0 32002 0 -1 0 0 0 32002 32002 0 0 0 0 0 0
WIT 6 335 336 354 349 569 1112 0 0 0 32002 0 -1 0 0 0 32002 32002 0 0 0 0 0 0
WIT 8 335 336 350 343 297 0 0 0 0 361 0 -1 0 0 0 32002 32002 0 0 0 0 0 1307
WIT 8 335 336 322 315 307 0 0 0 0 331 0 -1 0 0 0 32002 32002 0 0 0 0 0 0
WIT 7 -323 -322 -166 -172 -356 0 0 0 0 -138 0 -1 0 0 0 32002 32002 0 0 0 0 0 2138
WIT 7 -323 -322 -322 -328 -329 0 0 0 0 -323 0 -1 0 0 0 32002 32002 0 0 0 0 0 0
WIT 6 335 336 375 370 346 0 0 0 0 336 0 -1 0 0 0 32002 32002 0 0 0 0 0 1307
WIT 6 335 336 328 323 314 0 0 0 0 318 0 -1 0 0 0 32002 32002 0 0 0 0 0 0
WIT 6 322 323 352 347 995 154 1 0 0 32002 0 -1 0 0 0 32002 32002 0 0 0 0 0 0
WIT 8 322 323 322 315 314 0 0 0 0 323 0 -1 0 0 0 32002 32002 0 0 0 0 0 322
WIT 7 335 336 354 348 675 154 1 0 0 32002 0 -1 0 0 0 32002 32002 0 0 0 0 0 0
WIT 6 335 336 323 318 227 0 0 0 0 346 0 -1 0 0 0 32002 32002 0 0 0 0 0 1112
WIT 7 -323 -322 -314 -320 -320 4020 0 0 0 32002 0 -1 0 0 0 32002 32002 0 0 0 0 0 0
WIT 7 -323 -322 -327 -340 -379 0 0 0 0 -322 0 -1 0 0 0 32002 32002 0 0 0 0 0 3363
WIT 6 -323 -322 -328 -333 -388 0 0 0 0 -322 0 -1 0 0 0 32002 32002 0 0 0 0 0 3308
WIT 8 322 336 322 315 318 139 0 0 1 322 1 1 30361 1 1 322 322 0 0 0 0 611 0
WIT 12 -323 -322 -294 -317 -330 0 0 0 0 -294 0 -1 0 0 0 32002 32002 0 0 0 0 0 3169
WIT 11 -323 -322 -294 -304 -304 4020 0 0 0 32002 0 -1 0 0 0 32002 32002 0 0 0 0 0 0
WIT 11 -323 -322 -294 -315 -301 3920 1 0 0 32002 0 -1 0 0 0 32002 32002 0 0 0 0 0 0
WIT 10 -323 -322 -294 -313 -334 0 0 0 0 -301 0 -1 0 0 0 32002 32002 0 0 0 0 0 3169
WIT 10 -323 -322 -276 -295 -283 3169 0 0 0 32002 0 -1 0 0 0 32002 32002 0 0 0 0 0 0
WIT 8 -323 -322 -252 -259 -253 3169 0 0 0 32002 0 -1 0 0 0 32002 32002 0 0 0 0 0 0
WIT 8 -323 -322 -270 -277 -275 3169 0 0 0 32002 0 -1 0 0 0 32002 32002 0 0 0 0 0 0
WIT 8 -323 -322 -274 -281 -260 3169 0 0 0 32002 0 -1 0 0 0 32002 32002 0 0 0 0 0 0
WIT 8 -323 -322 -282 -289 -183 3169 0 0 0 32002 0 -1 0 0 0 32002 32002 0 0 0 0 0 0
WIT 9 -323 -322 -282 -290 -259 3308 0 0 0 32002 0 -1 0 0 0 32002 32002 0 0 0 0 0 0
WIT 8 -323 -322 -282 -289 -156 3169 0 0 0 32002 0 -1 0 0 0 32002 32002 0 0 0 0 0 0
WIT 9 322 336 322 314 294 0 0 0 0 322 0 -1 0 0 0 32002 32002 0 0 0 0 0 0
WIT 8 322 323 322 315 327 1112 0 0 0 32002 0 -1 0 0 0 32002 32002 0 0 0 0 0 0
WIT 7 322 323 320 314 280 0 0 0 0 437 0 -1 0 0 0 32002 32002 0 0 0 0 0 1121
WIT 6 -323 -322 -296 -301 -301 3437 0 0 0 32002 0 -1 0 0 0 32002 32002 0 0 0 0 0 0
WIT 10 -323 -322 -161 -170 -279 0 0 0 0 -291 0 -1 0 0 0 32002 32002 0 0 0 0 0 3437
WIT 11 322 336 322 312 316 209 0 0 1 322 1 1 14710 1 1 322 322 0 0 0 0 382 0
WIT 12 -323 -322 -306 -329 -329 3642 0 0 1 -322 0 -1 0 0 0 32002 32002 0 0 0 0 0 3643
WIT 6 -323 -322 -257 -262 -238 3643 0 0 0 32002 0 -1 0 0 0 32002 32002 0 0 0 0 0 0
WIT 9 -323 -322 -251 -268 -268 3643 0 0 0 32002 0 -1 0 0 0 32002 32002 0 0 0 0 0 0
WIT 8 -323 -322 -281 -296 -284 3643 0 0 0 32002 0 -1 0 0 0 32002 32002 0 0 0 0 0 0
WIT 9 -323 -322 -267 -275 -219 3643 0 0 0 32002 0 -1 0 0 0 32002 32002 0 0 0 0 0 0
WIT 11 -323 -322 -157 -167 -137 2715 0 0 0 32002 0 -1 0 0 0 32002 32002 0 0 0 0 0 0
WIT 10 -323 -322 -218 -237 -299 0 0 0 0 -285 0 -1 0 0 0 32002 32002 0 0 0 0 0 1746
WIT 8 -323 -322 -271 -278 -231 0 0 0 0 32002 0 -1 0 0 0 32002 32002 0 0 0 0 0 0
WIT 12 322 336 322 311 306 0 0 0 0 322 0 -1 0 0 0 32002 32002 0 0 0 0 0 0
WIT 6 -304 -303 -302 -307 -357 0 0 0 0 -261 0 -1 0 0 0 32002 32002 0 0 0 0 0 1748
WIT 6 -304 -303 -235 -240 146 2916 1 0 0 32002 0 -1 0 0 0 32002 32002 0 0 0 0 0 0
WIT 6 -304 -303 -235 -240 419 2916 1 0 0 32002 0 -1 0 0 0 32002 32002 0 0 0 0 0 0
WIT 10 -304 -303 -322 -331 -349 0 0 0 0 -303 0 -1 0 0 0 32002 32002 0 0 0 0 0 2281
WIT 9 -304 -303 -322 -339 -376 0 0 0 0 -303 0 -1 0 0 0 32002 32002 0 0 0 0 0 3363
WIT 7 -304 -303 -152 -158 687 3370 1 1 0 32002 0 -1 0 0 0 32002 32002 0 0 0 0 0 0
WIT 9 -304 -303 -205 -213 -379 0 0 0 0 -240 0 -1 0 0 0 32002 32002 0 0 0 0 0 2916
WIT 8 -304 -303 -186 -193 468 2715 1 0 0 32002 0 -1 0 0 0 32002 32002 0 0 0 0 0 0
WIT 9 -304 -303 -297 -305 -374 0 0 0 0 -303 0 -1 0 0 0 32002 32002 0 0 0 0 0 3308
WIT 8 -304 -303 -262 -269 -211 2916 1 0 0 32002 0 -1 0 0 0 32002 32002 0 0 0 0 0 0
WIT 9 -304 -303 -322 -339 -342 0 0 0 0 -303 0 -1 0 0 0 32002 32002 0 0 0 0 0 4020
WIT 9 -304 -303 -266 -274 -165 2916 1 0 0 32002 0 -1 0 0 0 32002 32002 0 0 0 0 0 0
WIT 9 -304 -303 -266 -274 -156 2916 1 0 0 32002 0 -1 0 0 0 32002 32002 0 0 0 0 0 0
WIT 7 -304 -303 -87 -93 954 2715 1 0 0 32002 0 -1 0 0 0 32002 32002 0 0 0 0 0 0
WIT 7 -336 -303 -322 -328 -331 0 0 0 0 -303 0 -1 0 0 0 32002 32002 0 0 0 0 0 3437
WIT 10 -304 -303 -276 -295 -283 3169 0 0 0 32002 0 -1 0 0 0 32002 32002 0 0 0 0 0 0
WIT 8 -304 -303 -252 -259 -253 3169 0 0 0 32002 0 -1 0 0 0 32002 32002 0 0 0 0 0 0
WIT 7 -304 -303 -270 -276 -275 3169 0 0 0 32002 0 -1 0 0 0 32002 32002 0 0 0 0 0 0
WIT 7 -304 -303 -282 -288 -228 3169 0 0 0 32002 0 -1 0 0 0 32002 32002 0 0 0 0 0 0
WIT 8 -304 -303 -254 -261 -225 3437 0 0 0 32002 0 -1 0 0 0 32002 32002 0 0 0 0 0 0
WIT 8 -304 -303 -305 -312 -294 4020 0 0 0 32002 0 -1 0 0 0 32002 32002 0 0 0 0 0 0
WIT 8 -304 -303 -304 -311 -188 3169 0 0 0 32002 0 -1 0 0 0 32002 32002 0 0 0 0 0 0
WIT 8 -304 -303 -322 -329 -326 3169 0 0 1 -303 0 -1 0 0 0 32002 32002 0 0 0 0 0 3437
WIT 7 -304 -303 -282 -288 -287 3308 0 0 0 32002 0 -1 0 0 0 32002 32002 0 0 0 0 0 0
WIT 7 -304 -303 -282 -288 -237 3169 0 0 0 32002 0 -1 0 0 0 32002 32002 0 0 0 0 0 0
WIT 8 -304 -303 -306 -313 -313 4013 0 0 1 -254 0 -1 0 0 0 32002 32002 0 0 0 0 0 3169
WIT 8 -336 -303 -322 -329 -355 0 0 0 0 -303 0 -1 0 0 0 32002 32002 0 0 0 0 0 2203
WIT 7 -304 -303 -267 -273 -283 0 0 0 0 -210 0 -1 0 0 0 32002 32002 0 0 0 0 0 3241
WIT 6 -304 -303 -322 -327 -329 0 0 0 0 -241 0 -1 0 0 0 32002 32002 0 0 0 0 0 2720
WIT 6 -304 -303 -198 -203 -164 2916 1 0 0 32002 0 -1 0 0 0 32002 32002 0 0 0 0 0 0
WIT 6 -304 -303 -235 -240 146 2916 1 0 0 32002 0 -1 0 0 0 32002 32002 0 0 0 0 0 0
WIT 7 -304 -303 -303 -316 -336 0 0 0 0 -303 0 -1 0 0 0 32002 32002 0 0 0 0 0 3938
WIT 6 -304 -303 -322 -327 -498 0 0 0 0 -303 0 -1 0 0 0 32002 32002 0 0 0 0 0 2203
WIT 11 -304 -303 -322 -343 -343 3308 0 0 1 -303 0 -1 0 0 0 32002 32002 0 0 0 0 0 3437
WIT 8 -304 -303 -307 -322 -307 3437 0 0 1 -304 1 1 21190 1 1 -304 -289 0 0 0 0 50 3437
WIT 9 -304 -303 -322 -339 -288 2201 1 0 0 32002 0 -1 0 0 0 32002 32002 0 0 0 0 0 0
WIT 9 -304 -303 -317 -334 -494 0 0 0 0 -209 0 -1 0 0 0 32002 32002 0 0 0 0 0 2724
WIT 7 -304 -303 -308 -314 -304 3956 0 0 1 -301 0 -1 0 0 0 32002 32002 0 0 0 0 0 3169
WIT 7 -304 -303 -322 -328 -328 3956 0 0 1 -268 0 -1 0 0 0 32002 32002 0 0 0 0 0 3437
WIT 7 -304 -303 -307 -313 -267 3169 0 0 0 32002 0 -1 0 0 0 32002 32002 0 0 0 0 0 0
WIT 6 -304 -303 -286 -291 -282 3956 0 0 0 32002 0 -1 0 0 0 32002 32002 0 0 0 0 0 0
WIT 10 -336 -303 -322 -331 -329 3642 0 0 1 -303 0 -1 0 0 0 32002 32002 0 0 0 0 0 3643
WIT 7 -304 -303 -276 -289 -282 3169 0 0 0 32002 0 -1 0 0 0 32002 32002 0 0 0 0 0 0
WIT 13 -304 -303 -322 -347 -343 3642 0 0 1 -303 0 -1 0 0 0 32002 32002 0 0 0 0 0 3643
WIT 10 -304 -303 -303 -322 -302 3169 0 0 0 32002 0 -1 0 0 0 32002 32002 0 0 0 0 0 0
WIT 10 -304 -303 -266 -275 -165 2916 1 0 0 32002 0 -1 0 0 0 32002 32002 0 0 0 0 0 0
WIT 9 -304 -303 -266 -274 -156 2916 1 0 0 32002 0 -1 0 0 0 32002 32002 0 0 0 0 0 0
WIT 7 -304 -303 -263 -269 910 2715 1 0 0 32002 0 -1 0 0 0 32002 32002 0 0 0 0 0 0
WIT 9 -304 -303 -303 -320 -322 0 0 0 0 -303 0 -1 0 0 0 32002 32002 0 0 0 0 0 3437
WIT 14 -304 -303 -322 -335 -335 3437 0 0 1 -303 0 -1 0 0 0 32002 32002 0 0 0 0 0 3643
WIT 8 -304 -303 -196 -203 -159 3938 0 0 0 32002 0 -1 0 0 0 32002 32002 0 0 0 0 0 0
WIT 8 -304 -303 -306 -321 -337 0 0 0 0 -296 0 -1 0 0 0 32002 32002 0 0 0 0 0 1748
WIT 7 -304 -303 -285 -291 -291 3437 0 0 0 32002 0 -1 0 0 0 32002 32002 0 0 0 0 0 0
WIT 7 -304 -303 -287 -293 -237 3643 0 0 0 32002 0 -1 0 0 0 32002 32002 0 0 0 0 0 0
WIT 13 -304 -303 -322 -347 -349 0 0 0 0 -303 0 -1 0 0 0 32002 32002 0 0 0 0 0 2203
WIT 11 -304 -303 -322 -332 -297 3643 0 0 0 32002 0 -1 0 0 0 32002 32002 0 0 0 0 0 0
WIT 6 -304 -303 -322 -327 -368 0 0 0 0 -303 0 -1 0 0 0 32002 32002 0 0 0 0 0 2203
WIT 11 -304 -303 -322 -332 -332 3437 0 0 1 -303 0 -1 0 0 0 32002 32002 0 0 0 0 0 3643
WIT 10 -304 -303 -267 -276 -265 1746 1 0 0 32002 0 -1 0 0 0 32002 32002 0 0 0 0 0 0
WIT 9 -304 -303 -265 -273 -273 3643 0 0 0 32002 0 -1 0 0 0 32002 32002 0 0 0 0 0 0
WIT 9 -304 -303 -259 -267 -267 3643 0 0 0 32002 0 -1 0 0 0 32002 32002 0 0 0 0 0 0
WIT 9 -304 -303 -290 -298 -232 4013 0 0 0 32002 0 -1 0 0 0 32002 32002 0 0 0 0 0 0
WIT 9 -304 -303 -322 -330 -330 3643 0 0 1 -285 0 -1 0 0 0 32002 32002 0 0 0 0 0 3956
WIT 9 -304 -303 -265 -273 -273 3643 0 0 0 32002 0 -1 0 0 0 32002 32002 0 0 0 0 0 0
WIT 9 -304 -303 -251 -268 -268 3643 0 0 0 32002 0 -1 0 0 0 32002 32002 0 0 0 0 0 0
WIT 8 -304 -303 -281 -296 -266 3643 0 0 0 32002 0 -1 0 0 0 32002 32002 0 0 0 0 0 0
WIT 7 -304 -303 -271 -277 -233 0 0 0 0 32002 0 -1 0 0 0 32002 32002 0 0 0 0 0 0
WIT 6 -279 -278 -235 -240 146 2916 1 0 0 32002 0 -1 0 0 0 32002 32002 0 0 0 0 0 0
WIT 10 -279 -278 -269 -278 -281 0 0 0 0 -278 0 -1 0 0 0 32002 32002 0 0 0 0 0 1748
WIT 12 -279 -278 -303 -314 -299 3251 0 0 1 -278 0 -1 0 0 0 32002 32002 0 0 0 0 0 3363
WIT 10 -279 -278 -159 -168 -168 2724 1 0 0 32002 0 -1 0 0 0 32002 32002 0 0 0 0 0 0
WIT 11 -279 -278 -303 -324 -382 0 0 0 0 -278 0 -1 0 0 0 32002 32002 0 0 0 0 0 3308
WIT 6 -102 -101 -70 -75 -70 0 0 0 0 32002 0 -1 0 0 0 32002 32002 0 0 0 0 0 0
WIT 7 -279 -278 -269 -275 -168 3803 1 0 0 32002 0 -1 0 0 0 32002 32002 0 0 0 0 0 0
WIT 13 -279 -278 -271 -283 -598 0 0 0 0 -278 0 -1 0 0 0 32002 32002 0 0 0 0 0 3113
WIT 8 -279 -278 -296 -303 -315 0 0 0 0 -272 0 -1 0 0 0 32002 32002 0 0 0 0 0 3938
WIT 8 278 279 312 305 346 1705 1 0 0 32002 0 -1 0 0 0 32002 32002 0 0 0 0 0 0
WIT 12 -279 -278 -303 -326 -387 0 0 0 0 -284 0 -1 0 0 0 32002 32002 0 0 0 0 0 0
WIT 11 -279 -278 -303 -324 -362 0 0 0 0 -283 0 -1 0 0 0 32002 32002 0 0 0 0 0 0
WIT 10 -279 -278 -303 -322 -373 0 0 0 0 -282 0 -1 0 0 0 32002 32002 0 0 0 0 0 0
WIT 9 -279 -278 -303 -320 -333 0 0 0 0 -281 0 -1 0 0 0 32002 32002 0 0 0 0 0 0
WIT 10 327 328 360 351 318 0 0 0 0 373 0 -1 0 0 0 32002 32002 0 0 0 0 0 1121
WIT 6 327 328 351 346 350 1380 1 0 0 32002 0 -1 0 0 0 32002 32002 0 0 0 0 0 0
WIT 10 327 328 331 322 212 0 0 0 0 333 0 -1 0 0 0 32002 32002 0 0 0 0 0 139
WIT 6 321 322 480 475 407 0 0 0 0 422 0 -1 0 0 0 32002 32002 0 0 0 0 0 1696
WIT 7 321 322 353 347 311 0 0 0 0 322 0 -1 0 0 0 32002 32002 0 0 0 0 0 139
WIT 7 -328 -278 -303 -309 -322 0 0 0 0 -328 0 -1 0 0 0 32002 32002 0 0 0 0 0 4020
WIT 8 -328 -278 -303 -310 -432 0 0 0 0 -322 0 -1 0 0 0 32002 32002 0 0 0 0 0 2203
WIT 9 321 322 382 374 421 0 0 0 0 32002 0 -1 0 0 0 32002 32002 0 0 0 0 0 0
WIT 9 321 322 380 363 364 1179 1 0 0 32002 0 -1 0 0 0 32002 32002 0 0 0 0 0 0
WIT 7 321 322 516 510 473 0 0 0 0 411 0 -1 0 0 0 32002 32002 0 0 0 0 0 157
WIT 7 321 322 380 374 359 0 0 0 0 334 0 -1 0 0 0 32002 32002 0 0 0 0 0 139
WIT 8 321 322 369 354 353 0 0 0 0 332 0 -1 0 0 0 32002 32002 0 0 0 0 0 1179
WIT 7 321 322 410 404 432 0 0 0 0 32002 0 -1 0 0 0 32002 32002 0 0 0 0 0 0
WIT 7 321 322 368 362 425 0 0 0 0 32002 0 -1 0 0 0 32002 32002 0 0 0 0 0 0
WIT 8 321 322 400 393 425 0 0 0 0 32002 0 -1 0 0 0 32002 32002 0 0 0 0 0 0
WIT 7 321 322 362 356 414 0 0 0 0 32002 0 -1 0 0 0 32002 32002 0 0 0 0 0 0
WIT 9 -328 -278 -303 -311 -322 0 0 0 0 -322 0 -1 0 0 0 32002 32002 0 0 0 0 0 3643
WIT 6 -323 -322 -265 -270 -270 3643 0 0 0 32002 0 -1 0 0 0 32002 32002 0 0 0 0 0 0

===========================
Total time (ms) : 33
Nodes searched  : 24678
Nodes/second    : 747818
