
Position: 1/1 (r1bqk2r/pp1nbppp/n1p1p3/3pP3/5P2/P1NPBN2/1PP3PP/R2QKB1R b KQkq - 0 8)
WIT 7 331 332 553 547 868 1380 1 0 0 32002 0 -1 0 0 0 32002 32002 0 0 0 0 0 0
WIT 7 331 332 399 393 474 1307 1 0 0 32002 0 -1 0 0 0 32002 32002 0 0 0 0 0 0
WIT 6 331 332 319 314 314 1243 0 0 1 342 0 -1 0 0 0 32002 32002 0 0 0 0 0 2349
WIT 6 331 332 329 324 268 0 0 0 0 332 0 -1 0 0 0 32002 32002 0 0 0 0 0 1243
WIT 7 350 351 553 547 684 1380 1 0 0 32002 0 -1 0 0 0 32002 32002 0 0 0 0 0 0
WIT 6 350 351 358 353 379 918 0 1 0 32002 0 -1 0 0 0 32002 32002 0 0 0 0 0 0
WIT 7 350 351 399 393 483 1307 1 0 0 32002 0 -1 0 0 0 32002 32002 0 0 0 0 0 0
WIT 6 342 343 355 350 344 0 0 0 0 343 0 -1 0 0 0 32002 32002 0 0 0 0 0 339
WIT 6 -314 -313 -342 -347 -368 0 0 0 0 -313 0 -1 0 0 0 32002 32002 0 0 0 0 0 2650
WIT 8 342 343 553 546 684 1380 1 0 0 32002 0 -1 0 0 0 32002 32002 0 0 0 0 0 0
WIT 6 342 343 359 354 296 0 0 0 0 343 0 -1 0 0 0 32002 32002 0 0 0 0 0 346
WIT 6 342 343 337 332 320 0 0 0 0 315 0 -1 0 0 0 32002 32002 0 0 0 0 0 991
WIT 7 342 343 343 337 362 1243 0 0 0 32002 0 -1 0 0 0 32002 32002 0 0 0 0 0 0
WIT 7 342 343 399 393 359 0 0 0 0 343 0 -1 0 0 0 32002 32002 0 0 0 0 0 1243
WIT 8 342 343 402 395 484 1307 1 0 0 32002 0 -1 0 0 0 32002 32002 0 0 0 0 0 0
WIT 7 342 343 342 336 375 991 0 0 0 32002 0 -1 0 0 0 32002 32002 0 0 0 0 0 0
WIT 7 342 343 387 381 389 1382 1 0 0 32002 0 -1 0 0 0 32002 32002 0 0 0 0 0 0
WIT 7 342 343 338 332 328 0 0 0 0 343 0 -1 0 0 0 32002 32002 0 0 0 0 0 1243
WIT 7 342 343 386 380 379 0 0 0 0 349 0 -1 0 0 0 32002 32002 0 0 0 0 0 1243
WIT 7 342 343 340 334 362 1243 0 0 0 32002 0 -1 0 0 0 32002 32002 0 0 0 0 0 0
WIT 7 342 343 362 356 356 991 0 0 0 32002 0 -1 0 0 0 32002 32002 0 0 0 0 0 0
WIT 7 342 343 347 341 357 991 0 0 0 32002 0 -1 0 0 0 32002 32002 0 0 0 0 0 0
WIT 7 342 343 358 352 382 918 0 1 0 32002 0 -1 0 0 0 32002 32002 0 0 0 0 0 0
WIT 7 342 343 356 350 350 991 0 0 0 32002 0 -1 0 0 0 32002 32002 0 0 0 0 0 0
WIT 7 342 343 385 379 379 991 0 0 0 32002 0 -1 0 0 0 32002 32002 0 0 0 0 0 0
WIT 7 342 343 342 336 372 1243 0 0 0 32002 0 -1 0 0 0 32002 32002 0 0 0 0 0 0
WIT 7 342 343 412 406 422 991 0 0 0 32002 0 -1 0 0 0 32002 32002 0 0 0 0 0 0
WIT 8 342 343 351 344 344 991 0 0 0 32002 0 -1 0 0 0 32002 32002 0 0 0 0 0 0
WIT 8 342 343 347 340 339 0 0 0 0 343 0 -1 0 0 0 32002 32002 0 0 0 0 0 1243
WIT 7 357 358 344 338 338 658 0 0 1 351 1 1 9062 1 1 357 355 0 0 0 0 5 0
WIT 7 343 358 343 337 307 0 0 0 0 358 0 -1 0 0 0 32002 32002 0 0 0 0 0 1049
WIT 6 -358 -357 -329 -334 -387 0 0 0 0 -325 0 -1 0 0 0 32002 32002 0 0 0 0 0 2137
WIT 9 357 358 347 330 329 0 0 0 0 356 0 -1 0 0 0 32002 32002 0 0 0 0 0 0
WIT 8 -344 -343 -325 -332 -251 3353 1 0 0 32002 0 -1 0 0 0 32002 32002 0 0 0 0 0 0
WIT 7 -344 -343 -329 -342 -375 0 0 0 0 -343 0 -1 0 0 0 32002 32002 0 0 0 0 0 2137
WIT 7 343 358 343 337 315 0 0 0 0 343 0 -1 0 0 0 32002 32002 0 0 0 0 0 0
WIT 7 -329 -328 -340 -346 -332 53055 0 0 1 -329 1 1 4404 1 1 -329 -328 0 0 0 0 8 53055
WIT 7 327 328 556 550 685 1380 1 0 0 32002 0 -1 0 0 0 32002 32002 0 0 0 0 0 0
WIT 6 327 328 403 398 475 1307 1 0 0 32002 0 -1 0 0 0 32002 32002 0 0 0 0 0 0
WIT 7 -321 -320 -321 -334 -411 0 0 0 0 -321 0 -1 0 0 0 32002 32002 0 0 0 0 0 0
WIT 6 349 350 349 344 146 0 0 0 0 375 0 -1 0 0 0 32002 32002 0 0 0 0 0 2023
WIT 6 349 350 383 378 389 2023 0 0 0 32002 0 -1 0 0 0 32002 32002 0 0 0 0 0 0
WIT 7 -350 -320 -328 -334 -794 0 0 0 0 -350 0 -1 0 0 0 32002 32002 0 0 0 0 0 0
WIT 8 -350 -349 -340 -347 -346 3104 0 0 0 32002 0 -1 0 0 0 32002 32002 0 0 0 0 0 0
WIT 6 -350 -349 -281 -286 -298 0 0 0 0 -332 0 -1 0 0 0 32002 32002 0 0 0 0 0 1616
WIT 11 349 350 358 337 303 0 0 0 0 346 0 -1 0 0 0 32002 32002 0 0 0 0 0 0
WIT 7 -321 -320 -340 -346 -346 3104 0 0 1 -331 1 1 19744 1 1 -321 -330 0 0 0 0 8 0
WIT 6 349 350 330 325 311 0 0 0 0 350 0 -1 0 0 0 32002 32002 0 0 0 0 0 2023
WIT 6 -321 -320 -273 -278 -261 0 0 0 0 32002 0 -1 0 0 0 32002 32002 0 0 0 0 0 0
WIT 6 -321 -320 -309 -314 -332 0 0 0 0 -301 0 -1 0 0 0 32002 32002 0 0 0 0 0 1618
WIT 7 -321 -320 -320 -333 -328 53055 0 0 1 -316 0 -1 0 0 0 32002 32002 0 0 0 0 0 2722
WIT 6 -321 -320 -340 -345 -366 0 0 0 0 -316 0 -1 0 0 0 32002 32002 0 0 0 0 0 2585
WIT 8 -321 -320 -316 -331 -328 53055 0 0 1 -311 0 -1 0 0 0 32002 32002 0 0 0 0 0 2722
WIT 8 -321 -320 -316 -323 -326 0 0 0 0 -312 0 -1 0 0 0 32002 32002 0 0 0 0 0 2585
WIT 10 -321 -320 -328 -337 -327 2137 0 0 1 -345 1 1 21591 1 1 -321 -312 0 0 0 0 80 2137
WIT 9 -321 -320 -295 -303 -304 0 0 0 0 -297 0 -1 0 0 0 32002 32002 0 0 0 0 0 3761
WIT 7 -335 -305 -335 -341 -407 0 0 0 0 -305 0 -1 0 0 0 32002 32002 0 0 0 0 0 1640
WIT 7 -328 -327 -318 -324 -355 0 0 0 0 -327 0 -1 0 0 0 32002 32002 0 0 0 0 0 2565
WIT 7 326 327 386 380 370 0 0 0 0 355 0 -1 0 0 0 32002 32002 0 0 0 0 0 658
WIT 7 326 327 420 414 441 991 0 0 0 32002 0 -1 0 0 0 32002 32002 0 0 0 0 0 0
WIT 7 -335 -305 -341 -347 -368 0 0 0 0 -327 0 -1 0 0 0 32002 32002 0 0 0 0 0 3752
WIT 6 -328 -327 -303 -308 -298 3104 0 0 0 32002 0 -1 0 0 0 32002 32002 0 0 0 0 0 0
WIT 8 -335 -305 -346 -353 -363 0 0 0 0 -327 0 -1 0 0 0 32002 32002 0 0 0 0 0 2585
WIT 6 -328 -327 -273 -278 -264 0 0 0 0 32002 0 -1 0 0 0 32002 32002 0 0 0 0 0 0
WIT 9 326 327 350 333 190 0 0 0 0 326 0 -1 0 0 0 32002 32002 0 0 0 0 0 0
WIT 8 326 327 350 335 242 0 0 0 0 326 0 -1 0 0 0 32002 32002 0 0 0 0 0 0
WIT 8 -335 -305 -320 -327 -343 0 0 0 0 -327 0 -1 0 0 0 32002 32002 0 0 0 0 0 53055
WIT 12 -306 -305 -284 -295 -299 0 0 0 0 -305 0 -1 0 0 0 32002 32002 0 0 0 0 0 53055
WIT 11 -306 -305 -299 -320 -325 0 0 0 0 -305 0 -1 0 0 0 32002 32002 0 0 0 0 0 3761
WIT 9 -306 -305 -312 -329 -326 53055 0 0 1 -306 1 1 21797 1 1 -306 -314 0 0 0 0 17 0
WIT 11 -306 -305 -312 -322 -327 0 0 0 0 -306 0 -1 0 0 0 32002 32002 0 0 0 0 0 0
WIT 9 305 306 350 333 348 2543 0 0 0 32002 0 -1 0 0 0 32002 32002 0 0 0 0 0 0
WIT 10 -306 -305 -326 -345 -431 0 0 0 0 -307 0 -1 0 0 0 32002 32002 0 0 0 0 0 0
WIT 7 305 306 371 358 381 601 0 0 0 32002 0 -1 0 0 0 32002 32002 0 0 0 0 0 0
WIT 9 -306 -305 -326 -343 -412 0 0 0 0 -306 0 -1 0 0 0 32002 32002 0 0 0 0 0 0
WIT 7 305 306 345 339 293 0 0 0 0 306 0 -1 0 0 0 32002 32002 0 0 0 0 0 1243
WIT 10 -306 -305 -312 -321 -322 0 0 0 0 -306 0 -1 0 0 0 32002 32002 0 0 0 0 0 0
WIT 6 328 329 306 301 301 1307 1 0 0 329 0 -1 0 0 0 32002 32002 0 0 0 0 0 1371
WIT 6 328 329 315 310 280 0 0 0 0 341 0 -1 0 0 0 32002 32002 0 0 0 0 0 1243
WIT 6 328 329 336 331 331 1185 1 0 0 32002 0 -1 0 0 0 32002 32002 0 0 0 0 0 0
WIT 8 328 329 556 549 684 1380 1 0 0 32002 0 -1 0 0 0 32002 32002 0 0 0 0 0 0
WIT 7 328 329 340 334 362 1243 0 0 0 32002 0 -1 0 0 0 32002 32002 0 0 0 0 0 0
WIT 7 328 329 353 347 349 991 0 0 0 32002 0 -1 0 0 0 32002 32002 0 0 0 0 0 0
WIT 7 328 329 347 341 343 991 0 0 0 32002 0 -1 0 0 0 32002 32002 0 0 0 0 0 0
WIT 7 328 329 342 336 361 991 0 0 0 32002 0 -1 0 0 0 32002 32002 0 0 0 0 0 0
WIT 7 328 329 386 380 389 1382 1 0 0 32002 0 -1 0 0 0 32002 32002 0 0 0 0 0 0
WIT 7 328 329 362 356 356 991 0 0 0 32002 0 -1 0 0 0 32002 32002 0 0 0 0 0 0
WIT 7 328 329 347 341 354 991 0 0 0 32002 0 -1 0 0 0 32002 32002 0 0 0 0 0 0
WIT 7 328 329 358 352 352 918 0 1 0 32002 0 -1 0 0 0 32002 32002 0 0 0 0 0 0
WIT 7 328 329 343 337 362 1243 0 0 0 32002 0 -1 0 0 0 32002 32002 0 0 0 0 0 0
WIT 7 328 329 384 378 401 991 0 0 0 32002 0 -1 0 0 0 32002 32002 0 0 0 0 0 0
WIT 7 328 329 342 336 372 1243 0 0 0 32002 0 -1 0 0 0 32002 32002 0 0 0 0 0 0
WIT 7 328 329 411 405 405 991 0 0 0 32002 0 -1 0 0 0 32002 32002 0 0 0 0 0 0
WIT 6 -329 -328 -316 -321 -483 0 0 0 0 -314 0 -1 0 0 0 32002 32002 0 0 0 0 0 2203
WIT 8 328 329 344 329 297 0 0 0 0 328 0 -1 0 0 0 32002 32002 0 0 0 0 0 0
WIT 7 -306 -305 -317 -323 -344 0 0 0 0 -305 0 -1 0 0 0 32002 32002 0 0 0 0 0 2722
WIT 6 -286 -285 -305 -310 -373 0 0 0 0 -286 0 -1 0 0 0 32002 32002 0 0 0 0 0 0
WIT 6 324 325 326 321 323 2023 0 0 1 327 0 -1 0 0 0 32002 32002 0 0 0 0 0 1382
WIT 8 324 325 483 476 475 0 0 0 0 391 0 -1 0 0 0 32002 32002 0 0 0 0 0 1185
WIT 7 -325 -285 -328 -334 -372 0 0 0 0 -325 0 -1 0 0 0 32002 32002 0 0 0 0 0 0
WIT 6 324 325 308 303 303 926 0 0 1 323 1 1 -12727 1 1 324 324 0 0 0 0 13 0
WIT 6 -325 -324 -324 -329 -492 0 0 0 0 -324 0 -1 0 0 0 32002 32002 0 0 0 0 0 2722
WIT 10 324 325 307 288 297 1176 0 0 1 324 1 1 -4017 1 1 324 325 0 0 0 0 46 1176
WIT 10 324 325 384 365 365 1382 0 0 0 32002 0 -1 0 0 0 32002 32002 0 0 0 0 0 0
WIT 11 324 325 326 305 253 0 0 0 0 325 0 -1 0 0 0 32002 32002 0 0 0 0 0 991
WIT 9 -325 -324 -304 -321 -323 0 0 0 0 -325 0 -1 0 0 0 32002 32002 0 0 0 0 0 0
WIT 9 324 325 374 366 484 1307 1 0 0 32002 0 -1 0 0 0 32002 32002 0 0 0 0 0 0
WIT 9 324 325 340 332 332 1243 0 0 0 32002 0 -1 0 0 0 32002 32002 0 0 0 0 0 0
WIT 8 324 325 353 346 351 991 0 0 0 32002 0 -1 0 0 0 32002 32002 0 0 0 0 0 0
WIT 6 324 325 359 354 353 0 0 0 0 330 0 -1 0 0 0 32002 32002 0 0 0 0 0 991
WIT 10 324 325 343 334 334 219 1 0 0 32002 0 -1 0 0 0 32002 32002 0 0 0 0 0 0
WIT 7 324 325 286 280 285 1739 0 0 1 324 1 1 10911 1 1 324 308 0 0 0 0 2 0
WIT 6 -325 -324 -284 -289 -291 0 0 0 0 -324 0 -1 0 0 0 32002 32002 0 0 0 0 0 2594
WIT 8 324 325 325 310 300 0 0 0 0 324 0 -1 0 0 0 32002 32002 0 0 0 0 0 0
WIT 9 324 325 343 326 325 0 0 0 0 324 0 -1 0 0 0 32002 32002 0 0 0 0 0 0
WIT 6 324 325 326 321 320 0 0 0 0 324 0 -1 0 0 0 32002 32002 0 0 0 0 0 0
WIT 6 324 325 330 325 324 0 0 0 0 325 0 -1 0 0 0 32002 32002 0 0 0 0 0 203
WIT 8 324 325 343 336 371 0 0 0 0 32002 0 -1 0 0 0 32002 32002 0 0 0 0 0 0
WIT 7 324 325 338 332 341 1762 1 0 0 32002 0 -1 0 0 0 32002 32002 0 0 0 0 0 0
WIT 8 324 325 342 335 341 35117 1 0 0 32002 0 -1 0 0 0 32002 32002 0 0 0 0 0 0
WIT 8 324 325 386 379 388 1382 1 0 0 32002 0 -1 0 0 0 32002 32002 0 0 0 0 0 0
WIT 8 324 325 343 328 328 203 0 0 0 32002 0 -1 0 0 0 32002 32002 0 0 0 0 0 0
WIT 8 324 325 330 323 348 203 0 0 0 32002 0 -1 0 0 0 32002 32002 0 0 0 0 0 0
WIT 6 324 325 353 348 350 991 0 0 0 32002 0 -1 0 0 0 32002 32002 0 0 0 0 0 0
WIT 9 324 325 351 334 333 0 0 0 0 325 0 -1 0 0 0 32002 32002 0 0 0 0 0 339
WIT 9 324 325 343 335 353 1762 1 0 0 32002 0 -1 0 0 0 32002 32002 0 0 0 0 0 0
WIT 7 324 325 343 330 332 991 0 0 0 32002 0 -1 0 0 0 32002 32002 0 0 0 0 0 0
WIT 8 324 325 343 328 266 0 0 0 0 325 0 -1 0 0 0 32002 32002 0 0 0 0 0 1243
WIT 7 324 325 329 323 360 1314 1 0 0 32002 0 -1 0 0 0 32002 32002 0 0 0 0 0 0
WIT 10 324 325 328 319 304 0 0 0 0 325 0 -1 0 0 0 32002 32002 0 0 0 0 0 1762
WIT 6 324 325 366 361 387 991 0 0 0 32002 0 -1 0 0 0 32002 32002 0 0 0 0 0 0
WIT 9 324 325 344 336 305 0 0 0 0 325 0 -1 0 0 0 32002 32002 0 0 0 0 0 1243
WIT 8 324 325 343 336 335 0 0 0 0 324 0 -1 0 0 0 32002 32002 0 0 0 0 0 0
WIT 8 324 325 343 336 319 0 0 0 0 324 0 -1 0 0 0 32002 32002 0 0 0 0 0 0
WIT 8 324 325 343 336 309 0 0 0 0 324 0 -1 0 0 0 32002 32002 0 0 0 0 0 203
WIT 8 324 325 362 355 354 0 0 0 0 325 0 -1 0 0 0 32002 32002 0 0 0 0 0 1243
WIT 8 324 325 347 340 340 991 0 0 0 32002 0 -1 0 0 0 32002 32002 0 0 0 0 0 0
WIT 8 324 325 358 351 351 918 0 1 0 32002 0 -1 0 0 0 32002 32002 0 0 0 0 0 0
WIT 8 324 325 343 336 362 1243 0 0 0 32002 0 -1 0 0 0 32002 32002 0 0 0 0 0 0
WIT 8 324 325 384 377 378 991 0 0 0 32002 0 -1 0 0 0 32002 32002 0 0 0 0 0 0
WIT 8 324 325 342 335 371 1243 0 0 0 32002 0 -1 0 0 0 32002 32002 0 0 0 0 0 0
WIT 8 324 325 411 404 404 991 0 0 0 32002 0 -1 0 0 0 32002 32002 0 0 0 0 0 0
WIT 8 324 325 343 328 328 991 0 0 0 32002 0 -1 0 0 0 32002 32002 0 0 0 0 0 0
WIT 9 324 325 348 331 345 991 0 0 0 32002 0 -1 0 0 0 32002 32002 0 0 0 0 0 0
WIT 7 -352 -351 -277 -283 -382 0 0 0 0 -279 0 -1 0 0 0 32002 32002 0 0 0 0 0 3690
WIT 6 -352 -351 -320 -325 -410 0 0 0 0 -287 0 -1 0 0 0 32002 32002 0 0 0 0 0 3567
WIT 9 -352 -351 -324 -332 -371 0 0 0 0 -336 0 -1 0 0 0 32002 32002 0 0 0 0 0 2203
WIT 7 -352 -351 -324 -330 -333 0 0 0 0 -351 0 -1 0 0 0 32002 32002 0 0 0 0 0 3362
WIT 8 -326 -325 -335 -342 -628 0 0 0 0 -326 0 -1 0 0 0 32002 32002 0 0 0 0 0 0
WIT 8 -326 -325 -351 -366 -371 0 0 0 0 -326 0 -1 0 0 0 32002 32002 0 0 0 0 0 0
WIT 8 351 352 325 310 310 1762 1 0 0 352 0 -1 0 0 0 32002 32002 0 0 0 0 0 203
WIT 8 -352 -325 -324 -331 -328 2617 0 0 1 -352 1 1 11152 1 1 -352 -352 0 0 0 0 427 0
WIT 8 351 352 326 311 322 1314 1 0 0 362 0 -1 0 0 0 32002 32002 0 0 0 0 0 203
WIT 7 351 352 359 353 352 0 0 0 0 355 0 -1 0 0 0 32002 32002 0 0 0 0 0 203
WIT 10 351 352 329 320 365 203 0 0 0 32002 0 -1 0 0 0 32002 32002 0 0 0 0 0 0
WIT 8 351 352 363 356 353 0 0 0 0 352 0 -1 0 0 0 32002 32002 0 0 0 0 0 991
WIT 9 351 352 325 317 316 0 0 0 0 351 0 -1 0 0 0 32002 32002 0 0 0 0 0 0
WIT 6 -326 -325 -351 -356 -370 0 0 0 0 -318 0 -1 0 0 0 32002 32002 0 0 0 0 0 2722
WIT 7 -352 -325 -351 -357 -366 0 0 0 0 -325 0 -1 0 0 0 32002 32002 0 0 0 0 0 3429
WIT 8 -326 -325 -320 -327 -327 3169 0 0 1 -325 0 -1 0 0 0 32002 32002 0 0 0 0 0 3429
WIT 9 -326 -325 -303 -311 -311 3567 0 0 0 32002 0 -1 0 0 0 32002 32002 0 0 0 0 0 0
WIT 10 325 352 325 316 309 0 0 0 0 325 0 -1 0 0 0 32002 32002 0 0 0 0 0 0
WIT 6 351 352 383 378 389 2023 0 0 0 32002 0 -1 0 0 0 32002 32002 0 0 0 0 0 0
WIT 6 -290 -289 -309 -314 -315 0 0 0 0 -290 0 -1 0 0 0 32002 32002 0 0 0 0 0 0
WIT 6 351 352 302 297 271 0 0 0 0 361 0 -1 0 0 0 32002 32002 0 0 0 0 0 1892
WIT 7 -290 -289 -327 -333 -309 0 0 0 0 -258 0 -1 0 0 0 32002 32002 0 0 0 0 0 3309
WIT 7 -290 -289 -316 -322 -523 0 0 0 0 -263 0 -1 0 0 0 32002 32002 0 0 0 0 0 3176
WIT 7 -290 -289 -314 -320 -304 0 0 0 0 -290 0 -1 0 0 0 32002 32002 0 0 0 0 0 0
WIT 6 -290 -289 -346 -351 -352 0 0 0 0 -290 0 -1 0 0 0 32002 32002 0 0 0 0 0 0
WIT 8 -352 -289 -325 -332 -330 3437 0 0 1 -352 1 1 16326 1 1 -352 -315 0 0 0 0 501 3437
WIT 8 -316 -315 -324 -339 -297 3437 0 0 0 32002 0 -1 0 0 0 32002 32002 0 0 0 0 0 0
WIT 6 -316 -315 -325 -330 -301 3437 0 0 0 32002 0 -1 0 0 0 32002 32002 0 0 0 0 0 0
WIT 6 -315 -314 -314 -319 -287 2910 0 0 0 32002 0 -1 0 0 0 32002 32002 0 0 0 0 0 0
WIT 7 314 315 315 302 320 991 0 0 0 32002 0 -1 0 0 0 32002 32002 0 0 0 0 0 0
WIT 8 314 315 340 333 323 0 0 0 0 301 0 -1 0 0 0 32002 32002 0 0 0 0 0 1243
WIT 6 314 315 386 381 388 1382 1 0 0 32002 0 -1 0 0 0 32002 32002 0 0 0 0 0 0
WIT 6 314 315 330 325 245 0 0 0 0 321 0 -1 0 0 0 32002 32002 0 0 0 0 0 1243
WIT 8 314 315 343 336 376 0 0 0 0 32002 0 -1 0 0 0 32002 32002 0 0 0 0 0 0
WIT 8 314 315 342 335 383 0 0 0 0 32002 0 -1 0 0 0 32002 32002 0 0 0 0 0 0
WIT 7 314 315 325 312 311 0 0 0 0 325 0 -1 0 0 0 32002 32002 0 0 0 0 0 1243
WIT 6 314 315 353 348 259 0 0 0 0 348 0 -1 0 0 0 32002 32002 0 0 0 0 0 1243
WIT 6 314 315 361 356 263 0 0 0 0 315 0 -1 0 0 0 32002 32002 0 0 0 0 0 1243
WIT 6 314 315 347 342 281 0 0 0 0 340 0 -1 0 0 0 32002 32002 0 0 0 0 0 1243
WIT 6 314 315 364 359 359 1293 0 1 0 32002 0 -1 0 0 0 32002 32002 0 0 0 0 0 0
WIT 6 314 315 358 353 352 0 0 1 0 359 0 -1 0 0 0 32002 32002 0 0 0 0 0 1375
WIT 7 314 315 343 337 362 1243 0 0 0 32002 0 -1 0 0 0 32002 32002 0 0 0 0 0 0
WIT 6 314 315 384 379 287 0 0 0 0 355 0 -1 0 0 0 32002 32002 0 0 0 0 0 1243
WIT 6 314 315 342 337 368 1243 0 0 0 32002 0 -1 0 0 0 32002 32002 0 0 0 0 0 0
WIT 6 314 315 411 406 170 0 0 0 0 315 0 -1 0 0 0 32002 32002 0 0 0 0 0 1243
WIT 7 314 315 342 336 337 991 0 0 0 32002 0 -1 0 0 0 32002 32002 0 0 0 0 0 0
WIT 7 -309 -308 -267 -273 -691 0 0 1 0 -299 0 -1 0 0 0 32002 32002 0 0 0 0 0 4023
WIT 6 -309 -308 -302 -307 -371 0 0 0 0 -299 0 -1 0 0 0 32002 32002 0 0 0 0 0 3309
WIT 6 337 338 309 304 287 0 0 0 0 338 0 -1 0 0 0 32002 32002 0 0 0 0 0 1892
WIT 6 349 350 375 370 369 0 0 0 0 391 0 -1 0 0 0 32002 32002 0 0 0 0 0 1382
WIT 10 337 338 355 346 345 0 0 0 0 348 0 -1 0 0 0 32002 32002 0 0 0 0 0 49408
WIT 7 337 338 325 319 318 0 0 0 0 338 0 -1 0 0 0 32002 32002 0 0 0 0 0 49408
WIT 10 337 338 325 316 289 0 0 0 0 338 0 -1 0 0 0 32002 32002 0 0 0 0 0 1307
WIT 11 337 338 352 331 330 0 0 0 0 338 0 -1 0 0 0 32002 32002 0 0 0 0 0 203
WIT 11 337 338 360 339 339 1314 1 0 0 32002 0 -1 0 0 0 32002 32002 0 0 0 0 0 0
WIT 11 337 338 354 333 332 0 0 0 0 338 0 -1 0 0 0 32002 32002 0 0 0 0 0 203
WIT 11 337 338 352 331 330 0 0 0 0 338 0 -1 0 0 0 32002 32002 0 0 0 0 0 1762
WIT 10 337 338 385 366 366 203 0 0 0 32002 0 -1 0 0 0 32002 32002 0 0 0 0 0 0
WIT 8 337 338 372 365 390 49408 0 0 0 32002 0 -1 0 0 0 32002 32002 0 0 0 0 0 0
WIT 8 337 338 373 366 349 0 0 0 0 338 0 -1 0 0 0 32002 32002 0 0 0 0 0 49408
WIT 7 337 338 330 324 325 2023 0 0 1 396 0 -1 0 0 0 32002 32002 0 0 0 0 0 49408
WIT 8 337 338 358 351 379 0 0 0 0 32002 0 -1 0 0 0 32002 32002 0 0 0 0 0 0
WIT 8 337 338 377 370 410 0 0 0 0 32002 0 -1 0 0 0 32002 32002 0 0 0 0 0 0
WIT 9 337 338 378 370 370 1185 0 0 0 32002 0 -1 0 0 0 32002 32002 0 0 0 0 0 0
WIT 13 -338 -337 -324 -349 -350 0 0 0 0 -338 0 -1 0 0 0 32002 32002 0 0 0 0 0 0
WIT 11 337 338 352 331 325 0 0 0 0 338 0 -1 0 0 0 32002 32002 0 0 0 0 0 991
WIT 10 337 338 352 343 344 1382 0 0 0 32002 0 -1 0 0 0 32002 32002 0 0 0 0 0 0
WIT 6 337 338 383 378 389 2023 0 0 0 32002 0 -1 0 0 0 32002 32002 0 0 0 0 0 0
WIT 10 337 338 352 333 325 0 0 0 0 338 0 -1 0 0 0 32002 32002 0 0 0 0 0 991
WIT 9 -338 -337 -324 -341 -350 0 0 0 0 -340 0 -1 0 0 0 32002 32002 0 0 0 0 0 0
WIT 10 337 338 325 306 306 2023 0 0 1 333 1 1 43365 1 1 337 340 0 0 0 0 117 2023
WIT 10 337 338 325 306 292 0 0 0 0 339 0 -1 0 0 0 32002 32002 0 0 0 0 0 1049
WIT 11 337 338 384 363 364 1382 0 0 0 32002 0 -1 0 0 0 32002 32002 0 0 0 0 0 0
WIT 6 337 338 362 357 425 2543 0 0 0 32002 0 -1 0 0 0 32002 32002 0 0 0 0 0 0
WIT 8 337 338 383 376 386 2023 0 0 0 32002 0 -1 0 0 0 32002 32002 0 0 0 0 0 0
WIT 7 337 338 386 380 380 1382 0 0 0 32002 0 -1 0 0 0 32002 32002 0 0 0 0 0 0
WIT 9 337 338 325 308 306 0 0 0 0 338 0 -1 0 0 0 32002 32002 0 0 0 0 0 991
WIT 6 337 338 336 331 331 918 0 1 0 339 0 -1 0 0 0 32002 32002 0 0 0 0 0 1375
WIT 9 337 338 325 308 308 991 0 0 1 333 1 1 33342 1 1 337 330 0 0 0 0 20 0
WIT 9 337 338 325 308 291 0 0 0 0 334 0 -1 0 0 0 32002 32002 0 0 0 0 0 0
WIT 12 337 338 325 302 308 991 0 0 1 334 1 1 -8971 1 1 337 330 0 0 0 0 20 0
WIT 6 337 338 367 362 289 0 0 0 0 376 0 -1 0 0 0 32002 32002 0 0 0 0 0 1762
WIT 6 337 338 338 333 368 0 0 0 0 32002 0 -1 0 0 0 32002 32002 0 0 0 0 0 0
WIT 8 337 338 328 321 312 0 0 0 0 338 0 -1 0 0 0 32002 32002 0 0 0 0 0 1570
WIT 9 337 338 306 298 298 658 0 0 1 338 0 -1 0 0 0 32002 32002 0 0 0 0 0 2023
WIT 7 337 338 354 341 323 0 0 0 0 338 0 -1 0 0 0 32002 32002 0 0 0 0 0 360
WIT 10 337 338 351 332 333 991 0 0 1 355 0 -1 0 0 0 32002 32002 0 0 0 0 0 658
WIT 7 337 338 362 356 425 918 0 1 0 32002 0 -1 0 0 0 32002 32002 0 0 0 0 0 0
WIT 7 -338 -308 -333 -339 -347 0 0 0 0 -338 0 -1 0 0 0 32002 32002 0 0 0 0 0 0
WIT 7 337 338 586 580 580 918 0 1 0 32002 0 -1 0 0 0 32002 32002 0 0 0 0 0 0
WIT 8 -338 -308 -334 -341 -418 0 0 0 0 -338 0 -1 0 0 0 32002 32002 0 0 0 0 0 0
WIT 12 337 338 339 316 316 1176 0 0 1 340 0 -1 0 0 0 32002 32002 0 0 0 0 0 2023
WIT 12 337 338 338 315 285 0 0 0 0 339 0 -1 0 0 0 32002 32002 0 0 0 0 0 1049
WIT 12 337 338 384 361 362 1382 0 0 0 32002 0 -1 0 0 0 32002 32002 0 0 0 0 0 0
WIT 7 337 338 371 358 358 1382 0 0 0 32002 0 -1 0 0 0 32002 32002 0 0 0 0 0 0
WIT 6 337 338 383 378 386 2023 0 0 0 32002 0 -1 0 0 0 32002 32002 0 0 0 0 0 0
WIT 11 337 338 338 317 315 0 0 0 0 338 0 -1 0 0 0 32002 32002 0 0 0 0 0 991
WIT 8 337 338 375 368 399 0 0 0 0 32002 0 -1 0 0 0 32002 32002 0 0 0 0 0 0
WIT 8 337 338 343 336 339 991 0 0 0 32002 0 -1 0 0 0 32002 32002 0 0 0 0 0 0
WIT 8 337 338 343 328 331 991 0 0 1 343 0 -1 0 0 0 32002 32002 0 0 0 0 0 339
WIT 6 337 338 368 363 363 918 0 1 0 32002 0 -1 0 0 0 32002 32002 0 0 0 0 0 0
WIT 8 -338 -308 -334 -341 -343 0 0 0 0 -338 0 -1 0 0 0 32002 32002 0 0 0 0 0 0
WIT 11 337 338 469 459 648 1380 1 0 0 32002 0 -1 0 0 0 32002 32002 0 0 0 0 0 0
WIT 10 337 338 315 296 313 991 0 0 1 381 0 -1 0 0 0 32002 32002 0 0 0 0 0 1243
WIT 9 337 338 345 337 337 49415 0 0 1 348 0 -1 0 0 0 32002 32002 0 0 0 0 0 991
WIT 6 337 338 373 368 349 0 0 0 0 344 0 -1 0 0 0 32002 32002 0 0 0 0 0 35117
WIT 6 337 338 353 348 350 991 0 0 0 32002 0 -1 0 0 0 32002 32002 0 0 0 0 0 0
WIT 6 337 338 355 350 349 0 0 0 0 359 0 -1 0 0 0 32002 32002 0 0 0 0 0 2023
WIT 12 337 338 325 302 302 991 0 0 1 337 1 1 39539 1 1 337 338 0 0 0 0 94 991
WIT 8 337 338 342 327 331 991 0 0 1 343 0 -1 0 0 0 32002 32002 0 0 0 0 0 339
WIT 8 337 338 397 390 404 0 0 0 0 32002 0 -1 0 0 0 32002 32002 0 0 0 0 0 0
WIT 8 337 338 354 347 362 339 0 0 0 32002 0 -1 0 0 0 32002 32002 0 0 0 0 0 0
WIT 6 337 338 351 346 346 918 0 1 0 32002 0 -1 0 0 0 32002 32002 0 0 0 0 0 0
WIT 6 337 338 441 436 467 991 0 0 0 32002 0 -1 0 0 0 32002 32002 0 0 0 0 0 0
WIT 7 337 338 367 361 372 339 0 0 0 32002 0 -1 0 0 0 32002 32002 0 0 0 0 0 0
WIT 7 337 338 355 349 391 339 0 0 0 32002 0 -1 0 0 0 32002 32002 0 0 0 0 0 0
WIT 7 337 338 343 337 316 0 0 0 0 352 0 -1 0 0 0 32002 32002 0 0 0 0 0 991
WIT 7 337 338 343 337 336 0 0 0 0 338 0 -1 0 0 0 32002 32002 0 0 0 0 0 593
WIT 11 337 338 325 304 266 0 0 0 0 338 0 -1 0 0 0 32002 32002 0 0 0 0 0 1243
WIT 10 337 338 350 331 343 991 0 0 0 32002 0 -1 0 0 0 32002 32002 0 0 0 0 0 0
WIT 7 337 338 395 389 408 339 0 0 0 32002 0 -1 0 0 0 32002 32002 0 0 0 0 0 0
WIT 10 337 338 353 334 348 918 0 1 0 32002 0 -1 0 0 0 32002 32002 0 0 0 0 0 0
WIT 10 337 338 336 317 327 991 0 0 1 340 0 -1 0 0 0 32002 32002 0 0 0 0 0 1243
WIT 10 337 338 315 296 320 926 0 0 1 338 0 -1 0 0 0 32002 32002 0 0 0 0 0 1243
WIT 7 337 338 393 387 408 339 0 0 0 32002 0 -1 0 0 0 32002 32002 0 0 0 0 0 0
WIT 10 337 338 348 329 345 991 0 0 0 32002 0 -1 0 0 0 32002 32002 0 0 0 0 0 0
WIT 10 337 338 374 365 484 1307 1 0 0 32002 0 -1 0 0 0 32002 32002 0 0 0 0 0 0
WIT 10 337 338 343 324 347 991 0 0 0 32002 0 -1 0 0 0 32002 32002 0 0 0 0 0 0
WIT 10 337 338 325 306 306 991 0 0 1 350 0 -1 0 0 0 32002 32002 0 0 0 0 0 1243
WIT 10 337 338 328 319 350 991 0 0 0 32002 0 -1 0 0 0 32002 32002 0 0 0 0 0 0
WIT 10 337 338 325 306 306 1243 0 0 1 333 1 1 58313 1 1 337 324 0 0 0 0 1 991
WIT 10 337 338 325 306 326 991 0 0 1 371 0 -1 0 0 0 32002 32002 0 0 0 0 0 1243
WIT 8 337 338 325 318 322 991 0 0 1 402 0 -1 0 0 0 32002 32002 0 0 0 0 0 601
WIT 6 337 338 329 324 356 1314 1 0 0 32002 0 -1 0 0 0 32002 32002 0 0 0 0 0 0
WIT 8 337 338 325 318 313 0 0 0 0 356 0 -1 0 0 0 32002 32002 0 0 0 0 0 1762
WIT 6 337 338 325 320 342 991 0 0 0 32002 0 -1 0 0 0 32002 32002 0 0 0 0 0 0
WIT 7 337 338 342 336 397 0 0 0 0 32002 0 -1 0 0 0 32002 32002 0 0 0 0 0 0
WIT 7 337 338 325 319 324 593 0 0 1 338 0 -1 0 0 0 32002 32002 0 0 0 0 0 991
WIT 11 337 338 323 302 296 0 0 0 0 338 0 -1 0 0 0 32002 32002 0 0 0 0 0 1243
WIT 6 337 338 345 340 438 3085 0 0 0 32002 0 -1 0 0 0 32002 32002 0 0 0 0 0 0
WIT 10 337 338 343 324 324 332 0 0 1 343 0 -1 0 0 0 32002 32002 0 0 0 0 0 1243
WIT 10 337 338 343 324 324 332 0 0 1 343 0 -1 0 0 0 32002 32002 0 0 0 0 0 1243
WIT 6 337 338 353 348 388 2023 0 0 0 32002 0 -1 0 0 0 32002 32002 0 0 0 0 0 0
WIT 11 337 338 338 317 306 0 0 0 0 338 0 -1 0 0 0 32002 32002 0 0 0 0 0 991
WIT 7 337 338 375 369 397 0 0 0 0 32002 0 -1 0 0 0 32002 32002 0 0 0 0 0 0
WIT 10 337 338 315 296 295 0 0 0 0 338 0 -1 0 0 0 32002 32002 0 0 0 0 0 1243
WIT 6 352 353 503 498 498 731 1 0 0 32002 0 -1 0 0 0 32002 32002 0 0 0 0 0 0
WIT 9 352 353 345 337 318 0 0 0 0 361 0 -1 0 0 0 32002 32002 0 0 0 0 0 1307
WIT 7 352 353 345 339 1026 479 1 1 0 32002 0 -1 0 0 0 32002 32002 0 0 0 0 0 0
WIT 7 338 353 338 332 278 0 0 0 0 353 0 -1 0 0 0 32002 32002 0 0 0 0 0 1892
WIT 9 352 353 338 330 339 724 0 0 1 401 0 -1 0 0 0 32002 32002 0 0 0 0 0 49408
WIT 7 352 353 435 429 451 926 0 0 0 32002 0 -1 0 0 0 32002 32002 0 0 0 0 0 0
WIT 7 352 353 345 339 298 0 0 0 0 361 0 -1 0 0 0 32002 32002 0 0 0 0 0 1892
WIT 6 352 353 354 349 327 0 0 0 0 352 0 -1 0 0 0 32002 32002 0 0 0 0 0 0
WIT 10 352 353 338 319 297 0 0 0 0 352 0 -1 0 0 0 32002 32002 0 0 0 0 0 0
WIT 7 -339 -338 -348 -354 -354 2916 1 0 0 -319 0 -1 0 0 0 32002 32002 0 0 0 0 0 2617
WIT 6 -339 -338 -271 -276 -277 0 0 0 0 -264 0 -1 0 0 0 32002 32002 0 0 0 0 0 2203
WIT 6 -339 -338 -245 -250 -233 2594 0 0 0 32002 0 -1 0 0 0 32002 32002 0 0 0 0 0 0
WIT 8 -339 -338 -249 -256 -256 2617 0 0 0 32002 0 -1 0 0 0 32002 32002 0 0 0 0 0 0
WIT 8 338 353 338 331 317 0 0 0 0 338 0 -1 0 0 0 32002 32002 0 0 0 0 0 0
WIT 8 -339 -338 -329 -344 -326 2916 1 0 0 32002 0 -1 0 0 0 32002 32002 0 0 0 0 0 0
WIT 8 -339 -338 -245 -252 -231 2594 0 0 0 32002 0 -1 0 0 0 32002 32002 0 0 0 0 0 0
WIT 8 -339 -338 -330 -345 -353 0 0 0 0 -326 0 -1 0 0 0 32002 32002 0 0 0 0 0 2203
WIT 8 -339 -338 -300 -315 -373 0 0 0 0 -338 0 -1 0 0 0 32002 32002 0 0 0 0 0 3309
WIT 7 -339 -338 -304 -310 -419 0 0 0 0 -307 0 -1 0 0 0 32002 32002 0 0 0 0 0 2203
WIT 7 -339 -338 -304 -317 -331 0 0 0 0 -313 0 -1 0 0 0 32002 32002 0 0 0 0 0 2916
WIT 6 -339 -338 -304 -309 -332 0 0 0 0 -338 0 -1 0 0 0 32002 32002 0 0 0 0 0 3176
WIT 7 -339 -338 -259 -265 -264 0 0 0 0 32002 0 -1 0 0 0 32002 32002 0 0 0 0 0 0
WIT 10 -339 -338 -265 -284 -417 0 0 0 0 -338 0 -1 0 0 0 32002 32002 0 0 0 0 0 3176
WIT 6 -339 -338 -249 -254 -255 0 0 0 0 -294 0 -1 0 0 0 32002 32002 0 0 0 0 0 2203
WIT 9 338 353 338 330 314 0 0 0 0 338 0 -1 0 0 0 32002 32002 0 0 0 0 0 0
WIT 13 -339 -338 -324 -349 -339 3437 0 0 1 -324 0 -1 0 0 0 32002 32002 0 0 0 0 0 2722
WIT 10 338 353 338 329 325 0 0 0 0 338 0 -1 0 0 0 32002 32002 0 0 0 0 0 0
WIT 7 -319 -318 -336 -349 -342 2203 1 0 0 -310 0 -1 0 0 0 32002 32002 0 0 0 0 0 3567
WIT 6 -319 -318 -338 -343 -367 0 0 0 0 -294 0 -1 0 0 0 32002 32002 0 0 0 0 0 3176
WIT 9 -319 -318 -338 -346 -314 0 0 0 0 32002 0 -1 0 0 0 32002 32002 0 0 0 0 0 0
WIT 8 -319 -318 -245 -252 -249 2594 0 0 0 32002 0 -1 0 0 0 32002 32002 0 0 0 0 0 0
WIT 7 -319 -318 -325 -331 -285 0 0 0 0 32002 0 -1 0 0 0 32002 32002 0 0 0 0 0 0
WIT 10 -319 -318 -338 -357 -400 0 0 0 0 -318 0 -1 0 0 0 32002 32002 0 0 0 0 0 3309
WIT 10 -319 -318 -275 -294 -324 0 0 0 0 -315 0 -1 0 0 0 32002 32002 0 0 0 0 0 2267
WIT 10 -319 -318 -303 -322 -356 0 0 0 0 -306 0 -1 0 0 0 32002 32002 0 0 0 0 0 2594
WIT 10 -319 -318 -310 -329 -334 0 0 0 0 -309 0 -1 0 0 0 32002 32002 0 0 0 0 0 2203
WIT 8 -319 -318 -310 -317 -328 0 0 0 0 -290 0 -1 0 0 0 32002 32002 0 0 0 0 0 3300
WIT 7 -319 -318 -240 -246 -495 0 0 1 0 -243 0 -1 0 0 0 32002 32002 0 0 0 0 0 4023
WIT 10 -319 -318 -315 -334 -337 0 0 0 0 -318 0 -1 0 0 0 32002 32002 0 0 0 0 0 2916
WIT 6 -319 -318 -299 -304 22 3582 0 1 0 32002 0 -1 0 0 0 32002 32002 0 0 0 0 0 0
WIT 7 -319 -318 -218 -224 -194 3582 0 1 0 32002 0 -1 0 0 0 32002 32002 0 0 0 0 0 0
WIT 8 -319 -318 -300 -315 -719 0 0 1 0 -318 0 -1 0 0 0 32002 32002 0 0 0 0 0 4023
WIT 7 -319 -318 -338 -344 -288 0 0 0 0 32002 0 -1 0 0 0 32002 32002 0 0 0 0 0 0
WIT 8 -319 -318 -338 -353 -356 0 0 0 0 -318 0 -1 0 0 0 32002 32002 0 0 0 0 0 3176
WIT 9 -319 -318 -338 -355 -366 0 0 0 0 -318 0 -1 0 0 0 32002 32002 0 0 0 0 0 2722
WIT 8 -319 -318 -330 -345 -359 0 0 0 0 -318 0 -1 0 0 0 32002 32002 0 0 0 0 0 2137
WIT 7 -319 -318 -330 -343 -344 0 0 0 0 -318 0 -1 0 0 0 32002 32002 0 0 0 0 0 3169
WIT 10 -319 -318 -293 -302 -300 3501 1 0 0 32002 0 -1 0 0 0 32002 32002 0 0 0 0 0 0
WIT 10 -319 -318 -246 -255 -219 0 0 0 0 32002 0 -1 0 0 0 32002 32002 0 0 0 0 0 0
WIT 10 -319 -318 -319 -328 -304 2916 1 0 0 32002 0 -1 0 0 0 32002 32002 0 0 0 0 0 0
WIT 6 -319 -318 -254 -259 -226 0 0 0 0 32002 0 -1 0 0 0 32002 32002 0 0 0 0 0 0
WIT 9 -319 -318 -338 -355 -547 0 0 0 0 -313 0 -1 0 0 0 32002 32002 0 0 0 0 0 3176
WIT 8 -319 -318 -334 -341 -316 2916 1 0 0 32002 0 -1 0 0 0 32002 32002 0 0 0 0 0 0
WIT 7 -319 -318 -338 -344 -344 3169 0 0 1 -318 0 -1 0 0 0 32002 32002 0 0 0 0 0 2722
WIT 6 -319 -318 -323 -328 -312 2916 1 0 0 32002 0 -1 0 0 0 32002 32002 0 0 0 0 0 0
WIT 6 -319 -318 -321 -326 -326 3169 0 0 1 -294 0 -1 0 0 0 32002 32002 0 0 0 0 0 2722
WIT 7 -319 -318 -336 -342 -324 3169 0 0 1 -307 0 -1 0 0 0 32002 32002 0 0 0 0 0 2722
WIT 7 -319 -318 -319 -325 -292 3169 0 0 0 32002 0 -1 0 0 0 32002 32002 0 0 0 0 0 0
WIT 8 -353 -318 -338 -345 -345 2722 0 0 1 -318 0 -1 0 0 0 32002 32002 0 0 0 0 0 3437
WIT 11 -319 -318 -325 -346 -339 3437 0 0 1 -335 1 1 30817 1 1 -319 -336 0 0 0 0 17 0
WIT 6 -319 -318 -327 -332 -302 0 0 0 0 32002 0 -1 0 0 0 32002 32002 0 0 0 0 0 0
WIT 8 -319 -318 -320 -327 -238 3437 0 0 0 32002 0 -1 0 0 0 32002 32002 0 0 0 0 0 0
WIT 8 -319 -318 -303 -310 415 2267 0 0 0 32002 0 -1 0 0 0 32002 32002 0 0 0 0 0 0
WIT 8 -319 -318 -311 -318 560 2267 0 0 0 32002 0 -1 0 0 0 32002 32002 0 0 0 0 0 0
WIT 9 -319 -318 -338 -346 -304 2722 0 0 0 32002 0 -1 0 0 0 32002 32002 0 0 0 0 0 0
WIT 7 -314 -313 -318 -331 -328 2722 0 0 1 -303 0 -1 0 0 0 32002 32002 0 0 0 0 0 3169
WIT 7 -345 -291 -318 -324 -338 0 0 0 0 -313 0 -1 0 0 0 32002 32002 0 0 0 0 0 3437
WIT 7 -314 -313 -318 -331 -317 3437 0 0 1 -313 0 -1 0 0 0 32002 32002 0 0 0 0 0 2722
WIT 6 -309 -308 -313 -318 -260 2916 1 0 0 32002 0 -1 0 0 0 32002 32002 0 0 0 0 0 0
WIT 8 -309 -308 -311 -326 -326 2203 1 0 0 -308 0 -1 0 0 0 32002 32002 0 0 0 0 0 3567
WIT 7 -309 -308 -327 -333 -275 0 0 0 0 32002 0 -1 0 0 0 32002 32002 0 0 0 0 0 0
WIT 6 -309 -308 -294 -299 -278 0 0 0 0 32002 0 -1 0 0 0 32002 32002 0 0 0 0 0 0
WIT 7 -309 -308 -297 -310 -355 0 0 0 0 -308 0 -1 0 0 0 32002 32002 0 0 0 0 0 3176
WIT 7 -309 -308 -153 -159 -246 0 0 0 0 -261 0 -1 0 0 0 32002 32002 0 0 0 0 0 3309
WIT 6 -309 -308 -294 -299 -236 0 0 0 0 32002 0 -1 0 0 0 32002 32002 0 0 0 0 0 0
WIT 6 -309 -308 -323 -328 -237 0 0 0 0 32002 0 -1 0 0 0 32002 32002 0 0 0 0 0 0
WIT 6 -309 -308 -336 -341 -277 0 0 0 0 32002 0 -1 0 0 0 32002 32002 0 0 0 0 0 0
WIT 8 -309 -308 -246 -253 -237 0 0 0 0 32002 0 -1 0 0 0 32002 32002 0 0 0 0 0 0
WIT 10 -309 -308 -293 -302 -300 3501 1 0 0 32002 0 -1 0 0 0 32002 32002 0 0 0 0 0 0
WIT 8 -309 -308 -287 -294 -265 0 0 0 0 32002 0 -1 0 0 0 32002 32002 0 0 0 0 0 0
WIT 6 -309 -308 -254 -259 -227 0 0 0 0 32002 0 -1 0 0 0 32002 32002 0 0 0 0 0 0
WIT 11 -309 -308 -313 -334 -533 0 0 0 0 -308 0 -1 0 0 0 32002 32002 0 0 0 0 0 3176
WIT 9 -309 -308 -304 -321 -316 2722 0 0 1 -309 1 1 12902 1 1 -309 -308 0 1 0 15 60 2722
WIT 6 -309 -308 -305 -310 -258 2910 0 0 0 32002 0 -1 0 0 0 32002 32002 0 0 0 0 0 0
WIT 9 -309 -308 -338 -346 -356 0 0 0 0 -305 0 -1 0 0 0 32002 32002 0 0 0 0 0 3309
WIT 6 -309 -308 -221 -226 -697 0 0 1 0 -307 0 -1 0 0 0 32002 32002 0 0 0 0 0 4023
WIT 6 -309 -308 -232 -237 -145 3362 1 0 0 32002 0 -1 0 0 0 32002 32002 0 0 0 0 0 0
WIT 8 -309 -308 -273 -280 -256 2594 0 0 0 32002 0 -1 0 0 0 32002 32002 0 0 0 0 0 0
WIT 8 -309 -308 -315 -330 -183 2202 0 0 0 32002 0 -1 0 0 0 32002 32002 0 0 0 0 0 0
WIT 10 -309 -308 -309 -328 -333 0 0 0 0 -282 0 -1 0 0 0 32002 32002 0 0 0 0 0 3909
WIT 8 -309 -308 -282 -289 -432 0 0 1 0 -278 0 -1 0 0 0 32002 32002 0 0 0 0 0 4023
WIT 9 -309 -308 -309 -326 -333 0 0 0 0 -307 0 -1 0 0 0 32002 32002 0 0 0 0 0 2203
WIT 8 -309 -308 -248 -255 -189 2331 1 0 0 32002 0 -1 0 0 0 32002 32002 0 0 0 0 0 0
WIT 7 -309 -308 -272 -278 -233 0 0 0 0 32002 0 -1 0 0 0 32002 32002 0 0 0 0 0 0
WIT 7 -309 -308 -309 -315 -309 2203 1 0 0 -308 0 -1 0 0 0 32002 32002 0 0 0 0 0 2202
WIT 6 -309 -308 -299 -304 22 3582 0 1 0 32002 0 -1 0 0 0 32002 32002 0 0 0 0 0 0
WIT 8 -309 -308 -313 -320 -286 0 0 0 0 32002 0 -1 0 0 0 32002 32002 0 0 0 0 0 0
WIT 8 -309 -308 -318 -325 -281 0 0 0 0 32002 0 -1 0 0 0 32002 32002 0 0 0 0 0 0
WIT 8 -309 -308 -325 -332 -286 0 0 0 0 32002 0 -1 0 0 0 32002 32002 0 0 0 0 0 0
WIT 8 -309 -308 -318 -333 -338 0 0 0 0 -308 0 -1 0 0 0 32002 32002 0 0 0 0 0 3309
WIT 7 -309 -308 -141 -147 -140 2916 1 0 0 32002 0 -1 0 0 0 32002 32002 0 0 0 0 0 0
WIT 6 -309 -308 -298 -303 -247 0 0 0 0 32002 0 -1 0 0 0 32002 32002 0 0 0 0 0 0
WIT 9 -309 -308 -313 -330 -351 0 0 0 0 -308 0 -1 0 0 0 32002 32002 0 0 0 0 0 2722
WIT 8 -309 -308 -285 -292 -280 2916 1 0 0 32002 0 -1 0 0 0 32002 32002 0 0 0 0 0 0
WIT 8 -309 -308 -319 -326 -299 2916 1 0 0 32002 0 -1 0 0 0 32002 32002 0 0 0 0 0 0
WIT 8 -309 -308 -302 -309 -308 2916 1 0 0 32002 0 -1 0 0 0 32002 32002 0 0 0 0 0 0
WIT 7 -309 -308 -263 -269 -262 2916 1 0 0 32002 0 -1 0 0 0 32002 32002 0 0 0 0 0 0
WIT 7 -309 -308 -271 -277 -262 2916 1 0 0 32002 0 -1 0 0 0 32002 32002 0 0 0 0 0 0
WIT 8 -309 -308 -323 -330 -259 0 0 0 0 32002 0 -1 0 0 0 32002 32002 0 0 0 0 0 0
WIT 7 -309 -308 -238 -244 -245 0 0 0 0 -303 0 -1 0 0 0 32002 32002 0 0 0 0 0 2722
WIT 7 -309 -308 -278 -284 -275 2916 1 0 0 32002 0 -1 0 0 0 32002 32002 0 0 0 0 0 0
WIT 8 -309 -308 -297 -304 -283 2916 1 0 0 32002 0 -1 0 0 0 32002 32002 0 0 0 0 0 0
WIT 7 -309 -308 -312 -318 -332 0 0 0 0 -307 0 -1 0 0 0 32002 32002 0 0 0 0 0 2722
WIT 8 -309 -308 -308 -315 -308 2916 1 0 0 32002 0 -1 0 0 0 32002 32002 0 0 0 0 0 0
WIT 8 -309 -308 -297 -304 -280 0 0 0 0 32002 0 -1 0 0 0 32002 32002 0 0 0 0 0 0
WIT 7 -309 -308 -308 -314 -341 0 0 0 0 -273 0 -1 0 0 0 32002 32002 0 0 0 0 0 3690
WIT 8 -309 -308 -338 -353 -398 0 0 0 0 -308 0 -1 0 0 0 32002 32002 0 0 0 0 0 3309
WIT 7 -309 -308 -306 -319 -380 0 0 0 0 -308 0 -1 0 0 0 32002 32002 0 0 0 0 0 2617
WIT 6 -309 -308 -308 -313 -259 2916 1 0 0 32002 0 -1 0 0 0 32002 32002 0 0 0 0 0 0
WIT 7 -309 -308 -308 -321 -338 0 0 0 0 -308 0 -1 0 0 0 32002 32002 0 0 0 0 0 2203
WIT 9 -309 -308 -311 -319 -56 2267 0 0 0 32002 0 -1 0 0 0 32002 32002 0 0 0 0 0 0
WIT 7 -309 -308 -320 -326 -238 3437 0 0 0 32002 0 -1 0 0 0 32002 32002 0 0 0 0 0 0
WIT 7 -309 -308 -313 -319 -285 0 0 0 0 32002 0 -1 0 0 0 32002 32002 0 0 0 0 0 0
WIT 8 -309 -308 -303 -310 -302 2617 0 0 0 32002 0 -1 0 0 0 32002 32002 0 0 0 0 0 0
WIT 7 -309 -308 -305 -311 -300 0 0 0 0 32002 0 -1 0 0 0 32002 32002 0 0 0 0 0 0
WIT 8 -309 -308 -307 -322 -329 0 0 0 0 -307 0 -1 0 0 0 32002 32002 0 0 0 0 0 2722
WIT 6 -294 -293 -269 -274 -266 0 0 0 0 32002 0 -1 0 0 0 32002 32002 0 0 0 0 0 0
WIT 8 -294 -293 -308 -315 -342 0 0 0 0 -293 0 -1 0 0 0 32002 32002 0 0 0 0 0 3373
WIT 7 -294 -293 -308 -314 -459 0 0 0 0 -293 0 -1 0 0 0 32002 32002 0 0 0 0 0 3690
WIT 9 -294 -293 -308 -316 -278 0 0 0 0 32002 0 -1 0 0 0 32002 32002 0 0 0 0 0 0
WIT 7 -294 -293 -264 -270 -271 0 0 0 0 -293 0 -1 0 0 0 32002 32002 0 0 0 0 0 3690
WIT 7 -294 -293 -308 -321 -373 0 0 0 0 -293 0 -1 0 0 0 32002 32002 0 0 0 0 0 3309
WIT 7 -323 -293 -308 -314 -338 0 0 0 0 -293 0 -1 0 0 0 32002 32002 0 0 0 0 0 2203
WIT 10 -294 -293 -308 -327 -360 0 0 0 0 -293 0 -1 0 0 0 32002 32002 0 0 0 0 0 3176
WIT 10 -294 -293 -261 -270 -222 0 0 0 0 32002 0 -1 0 0 0 32002 32002 0 0 0 0 0 0
WIT 10 -294 -293 -266 -285 -321 0 0 0 0 -285 0 -1 0 0 0 32002 32002 0 0 0 0 0 3309
WIT 10 -294 -293 -291 -300 -253 0 0 0 0 32002 0 -1 0 0 0 32002 32002 0 0 0 0 0 0
WIT 9 -294 -293 -289 -297 -311 0 0 0 0 -293 0 -1 0 0 0 32002 32002 0 0 0 0 0 3309
WIT 6 -294 -293 -308 -313 -308 2617 0 0 1 -268 0 -1 0 0 0 32002 32002 0 0 0 0 0 2916
WIT 8 -294 -293 -308 -323 -325 0 0 0 0 -293 0 -1 0 0 0 32002 32002 0 0 0 0 0 3567
WIT 8 -294 -293 -251 -258 -225 0 0 0 0 32002 0 -1 0 0 0 32002 32002 0 0 0 0 0 0
WIT 9 -294 -293 -303 -311 -303 2617 0 0 1 -264 0 -1 0 0 0 32002 32002 0 0 0 0 0 2203
WIT 8 -294 -293 -323 -330 -274 0 0 0 0 32002 0 -1 0 0 0 32002 32002 0 0 0 0 0 0
WIT 7 -294 -293 -307 -320 -311 2916 1 0 0 -232 0 -1 0 0 0 32002 32002 0 0 0 0 0 2594
WIT 7 -294 -293 -273 -279 -279 2594 0 0 0 32002 0 -1 0 0 0 32002 32002 0 0 0 0 0 0
WIT 7 -294 -293 -307 -320 -329 0 0 0 0 -279 0 -1 0 0 0 32002 32002 0 0 0 0 0 2203
WIT 8 -294 -293 -288 -295 -247 0 0 0 0 32002 0 -1 0 0 0 32002 32002 0 0 0 0 0 0
WIT 8 -294 -293 -289 -296 -269 0 0 0 0 32002 0 -1 0 0 0 32002 32002 0 0 0 0 0 0
WIT 8 -294 -293 -263 -270 -246 0 0 0 0 32002 0 -1 0 0 0 32002 32002 0 0 0 0 0 0
WIT 8 -294 -293 -254 -261 -260 2916 1 0 0 32002 0 -1 0 0 0 32002 32002 0 0 0 0 0 0
WIT 8 -294 -293 -294 -301 -269 0 0 0 0 32002 0 -1 0 0 0 32002 32002 0 0 0 0 0 0
WIT 8 -294 -293 -336 -343 -316 0 0 0 0 -264 0 -1 0 0 0 32002 32002 0 0 0 0 0 2203
WIT 8 -294 -293 -299 -306 -296 0 0 0 0 -271 0 -1 0 0 0 32002 32002 0 0 0 0 0 2203
WIT 8 -323 -293 -308 -315 -338 0 0 0 0 -293 0 -1 0 0 0 32002 32002 0 0 0 0 0 2722
WIT 12 -294 -293 -293 -304 -237 3501 1 0 0 32002 0 -1 0 0 0 32002 32002 0 0 0 0 0 0
WIT 7 -294 -293 -246 -252 -227 0 0 0 0 32002 0 -1 0 0 0 32002 32002 0 0 0 0 0 0
WIT 12 -294 -293 -308 -319 -301 2916 1 0 0 -244 0 -1 0 0 0 32002 32002 0 0 0 0 0 2592
WIT 7 -294 -293 -287 -293 -257 0 0 0 0 32002 0 -1 0 0 0 32002 32002 0 0 0 0 0 0
WIT 11 -294 -293 -308 -329 -530 0 0 0 0 -293 0 -1 0 0 0 32002 32002 0 0 0 0 0 3176
WIT 11 -294 -293 -268 -278 -303 0 0 0 0 -293 0 -1 0 0 0 32002 32002 0 0 0 0 0 3176
WIT 9 -294 -293 -290 -298 -299 0 0 0 0 -290 0 -1 0 0 0 32002 32002 0 0 0 0 0 3176
WIT 11 -294 -293 -305 -315 -316 0 0 0 0 -294 0 -1 0 0 0 32002 32002 0 0 0 0 0 3763
WIT 6 -294 -293 -313 -318 -292 0 0 0 0 32002 0 -1 0 0 0 32002 32002 0 0 0 0 0 0
WIT 8 -294 -293 -318 -325 -286 0 0 0 0 32002 0 -1 0 0 0 32002 32002 0 0 0 0 0 0
WIT 6 -294 -293 -325 -330 -281 0 0 0 0 32002 0 -1 0 0 0 32002 32002 0 0 0 0 0 0
WIT 11 -294 -293 -305 -326 -356 0 0 0 0 -293 0 -1 0 0 0 32002 32002 0 0 0 0 0 3309
WIT 7 -294 -293 -306 -312 -319 0 0 0 0 -318 0 -1 0 0 0 32002 32002 0 0 0 0 0 0
WIT 6 293 294 361 356 238 0 0 0 0 294 0 -1 0 0 0 32002 32002 0 0 0 0 0 1762
WIT 12 -294 -293 -307 -318 -303 3949 1 0 0 -298 0 -1 0 0 0 32002 32002 0 0 0 0 0 0
WIT 12 -294 -293 -307 -330 -357 0 0 0 0 -294 0 -1 0 0 0 32002 32002 0 0 0 0 0 0
WIT 11 -294 -293 -307 -328 -329 0 0 0 0 -294 0 -1 0 0 0 32002 32002 0 0 0 0 0 0
WIT 8 -294 -293 -278 -285 -262 0 0 0 0 32002 0 -1 0 0 0 32002 32002 0 0 0 0 0 0
WIT 7 -294 -293 -277 -283 -267 0 0 0 0 32002 0 -1 0 0 0 32002 32002 0 0 0 0 0 0
WIT 7 -294 -293 -225 -231 -233 0 0 0 0 -293 0 -1 0 0 0 32002 32002 0 0 0 0 0 2910
WIT 8 -294 -293 -304 -311 -346 0 0 0 0 -293 0 -1 0 0 0 32002 32002 0 0 0 0 0 3309
WIT 8 -294 -293 -305 -312 -310 2203 1 0 0 -294 0 -1 0 0 0 32002 32002 0 0 0 0 0 0
WIT 6 298 299 294 289 278 0 0 0 0 298 0 -1 0 0 0 32002 32002 0 0 0 0 0 0
WIT 6 298 299 294 289 224 0 0 0 0 298 0 -1 0 0 0 32002 32002 0 0 0 0 0 0
WIT 10 -294 -293 -239 -258 -262 0 0 0 0 -293 0 -1 0 0 0 32002 32002 0 0 0 0 0 2594
WIT 8 -294 -293 -111 -118 -336 0 0 1 0 -278 0 -1 0 0 0 32002 32002 0 0 0 0 0 4023
WIT 7 -294 -293 78 72 134 4023 1 1 0 32002 0 -1 0 0 0 32002 32002 0 0 0 0 0 0
WIT 8 -294 -293 -318 -325 -351 0 0 0 0 -281 0 -1 0 0 0 32002 32002 0 0 0 0 0 2594
WIT 7 -294 -293 -277 -283 -267 0 0 0 0 32002 0 -1 0 0 0 32002 32002 0 0 0 0 0 0
WIT 12 -294 -293 -308 -331 -338 0 0 0 0 -293 0 -1 0 0 0 32002 32002 0 0 0 0 0 3309
WIT 12 -294 -293 -273 -284 -446 0 0 1 0 -293 0 -1 0 0 0 32002 32002 0 0 0 0 0 4023
WIT 8 -294 -293 -8 -15 -208 0 0 1 0 -8 0 -1 0 0 0 32002 32002 0 0 0 0 0 4023
WIT 11 -294 -293 -315 -325 -422 0 0 0 0 -293 0 -1 0 0 0 32002 32002 0 0 0 0 0 2203
WIT 12 -294 -293 -315 -338 -354 0 0 0 0 -293 0 -1 0 0 0 32002 32002 0 0 0 0 0 2267
WIT 11 -294 -293 -218 -228 -193 3362 1 0 0 32002 0 -1 0 0 0 32002 32002 0 0 0 0 0 0
WIT 8 -294 -293 -262 -269 -215 0 0 0 0 32002 0 -1 0 0 0 32002 32002 0 0 0 0 0 0
WIT 8 -294 -293 -305 -312 -273 3104 0 0 0 32002 0 -1 0 0 0 32002 32002 0 0 0 0 0 0
WIT 9 -294 -293 -306 -314 -340 0 0 0 0 -273 0 -1 0 0 0 32002 32002 0 0 0 0 0 2195
WIT 8 -294 -293 -263 -270 -240 0 0 0 0 32002 0 -1 0 0 0 32002 32002 0 0 0 0 0 0
WIT 12 -294 -293 -307 -330 -355 0 0 0 0 -290 0 -1 0 0 0 32002 32002 0 0 0 0 0 2594
WIT 12 -294 -293 -284 -307 -307 3300 1 0 0 -282 0 -1 0 0 0 32002 32002 0 0 0 0 0 3909
WIT 9 -294 -293 -281 -298 -438 0 0 1 0 -278 0 -1 0 0 0 32002 32002 0 0 0 0 0 4023
WIT 12 -294 -293 -307 -330 -336 0 0 0 0 -290 0 -1 0 0 0 32002 32002 0 0 0 0 0 2203
WIT 11 -294 -293 -292 -313 -323 0 0 0 0 -288 0 -1 0 0 0 32002 32002 0 0 0 0 0 3300
WIT 7 -294 -293 -303 -309 -310 0 0 0 0 -447 0 -1 0 0 0 32002 32002 0 0 0 0 0 3300
WIT 6 -117 -116 -240 -245 -131 3582 0 1 0 63 0 -1 0 0 0 32002 32002 0 0 0 0 0 3366
WIT 11 -294 -293 -251 -272 -511 0 0 1 0 -244 0 -1 0 0 0 32002 32002 0 0 0 0 0 4023
WIT 10 -294 -293 -248 -257 -185 2331 1 0 0 32002 0 -1 0 0 0 32002 32002 0 0 0 0 0 0
WIT 12 -294 -293 -308 -331 -334 0 0 0 0 -293 0 -1 0 0 0 32002 32002 0 0 0 0 0 2916
WIT 8 -294 -293 -308 -315 -316 0 0 0 0 -226 0 -1 0 0 0 32002 32002 0 0 0 0 0 2202
WIT 7 -294 -293 -308 -314 -309 2203 1 0 0 -293 0 -1 0 0 0 32002 32002 0 0 0 0 0 2202
WIT 8 -294 -293 -218 -225 -194 3582 0 1 0 32002 0 -1 0 0 0 32002 32002 0 0 0 0 0 0
WIT 10 -294 -293 -228 -247 -675 0 0 1 0 -270 0 -1 0 0 0 32002 32002 0 0 0 0 0 4023
WIT 7 293 294 331 325 314 0 0 0 0 294 0 -1 0 0 0 32002 32002 0 0 0 0 0 1892
WIT 11 -294 -293 -308 -329 -331 0 0 0 0 -294 0 -1 0 0 0 32002 32002 0 0 0 0 0 0
WIT 7 -294 -293 -141 -147 -139 2916 1 0 0 32002 0 -1 0 0 0 32002 32002 0 0 0 0 0 0
WIT 6 -294 -293 -308 -313 -281 0 0 0 0 32002 0 -1 0 0 0 32002 32002 0 0 0 0 0 0
WIT 6 -294 -293 -282 -287 -255 0 0 0 0 32002 0 -1 0 0 0 32002 32002 0 0 0 0 0 0
WIT 9 -294 -293 -303 -320 -320 2916 1 0 0 -238 0 -1 0 0 0 32002 32002 0 0 0 0 0 2722
WIT 8 -294 -293 -308 -323 -320 3169 0 0 1 -293 0 -1 0 0 0 32002 32002 0 0 0 0 0 2722
WIT 8 -294 -293 -319 -326 -299 2916 1 0 0 -292 0 -1 0 0 0 32002 32002 0 0 0 0 0 2722
WIT 9 -294 -293 -301 -309 -320 0 0 0 0 -287 0 -1 0 0 0 32002 32002 0 0 0 0 0 2610
WIT 9 -294 -293 -280 -288 -268 2722 0 0 0 32002 0 -1 0 0 0 32002 32002 0 0 0 0 0 0
WIT 6 -294 -293 -295 -300 -297 3104 0 0 1 -246 0 -1 0 0 0 32002 32002 0 0 0 0 0 2722
WIT 8 -294 -293 -311 -318 -287 2610 0 0 0 32002 0 -1 0 0 0 32002 32002 0 0 0 0 0 0
WIT 8 -294 -293 -245 -252 -252 2610 0 0 0 32002 0 -1 0 0 0 32002 32002 0 0 0 0 0 0
WIT 6 -294 -293 -253 -258 -259 0 0 0 0 -293 0 -1 0 0 0 32002 32002 0 0 0 0 0 3176
WIT 8 -294 -293 -263 -270 -271 0 0 0 0 -293 0 -1 0 0 0 32002 32002 0 0 0 0 0 2722
WIT 8 -294 -293 -271 -278 -275 2916 1 0 0 32002 0 -1 0 0 0 32002 32002 0 0 0 0 0 0
WIT 8 -294 -293 -297 -304 -303 2916 1 0 0 -289 0 -1 0 0 0 32002 32002 0 0 0 0 0 2722
WIT 8 -294 -293 -278 -285 -275 2916 1 0 0 32002 0 -1 0 0 0 32002 32002 0 0 0 0 0 0
WIT 8 -294 -293 -308 -315 -308 2916 1 0 0 -293 0 -1 0 0 0 32002 32002 0 0 0 0 0 2722
WIT 8 -294 -293 -285 -292 -280 2916 1 0 0 32002 0 -1 0 0 0 32002 32002 0 0 0 0 0 0
WIT 9 -323 -293 -308 -316 -338 0 0 0 0 -293 0 -1 0 0 0 32002 32002 0 0 0 0 0 3437
WIT 7 -294 -293 -304 -310 -228 0 0 0 0 32002 0 -1 0 0 0 32002 32002 0 0 0 0 0 0
WIT 7 -294 -293 -298 -311 -314 0 0 0 0 -294 0 -1 0 0 0 32002 32002 0 0 0 0 0 0
WIT 6 -294 -293 -298 -303 -315 0 0 0 0 -294 0 -1 0 0 0 32002 32002 0 0 0 0 0 0
WIT 10 -294 -293 -279 -288 -288 2617 0 0 0 32002 0 -1 0 0 0 32002 32002 0 0 0 0 0 0
WIT 12 -294 -293 -307 -318 -298 2722 0 0 1 -294 1 1 28690 1 1 -294 -288 0 0 0 0 93 2722
WIT 6 -294 -293 -320 -325 -75 2267 0 0 0 32002 0 -1 0 0 0 32002 32002 0 0 0 0 0 0
WIT 10 -294 -293 -308 -327 -299 3437 0 0 1 -293 0 -1 0 0 0 32002 32002 0 0 0 0 0 2722
WIT 8 -294 -293 -297 -304 -271 2722 0 0 0 32002 0 -1 0 0 0 32002 32002 0 0 0 0 0 0
WIT 8 -294 -293 -325 -332 -323 2722 0 0 1 -293 0 -1 0 0 0 32002 32002 0 0 0 0 0 3169
WIT 7 -274 -273 -293 -299 -299 3763 0 0 1 -250 0 -1 0 0 0 32002 32002 0 0 0 0 0 3690
WIT 7 -274 -273 -308 -314 -277 0 0 0 0 -274 0 -1 0 0 0 32002 32002 0 0 0 0 0 0
WIT 7 -274 -273 -293 -306 -361 0 0 0 0 -274 0 -1 0 0 0 32002 32002 0 0 0 0 0 0
WIT 8 312 313 360 345 293 0 0 0 0 361 0 -1 0 0 0 32002 32002 0 0 0 0 0 1892
WIT 7 312 313 478 472 414 0 0 0 0 331 0 -1 0 0 0 32002 32002 0 0 0 0 0 49408
WIT 7 312 313 435 429 436 2349 1 0 0 32002 0 -1 0 0 0 32002 32002 0 0 0 0 0 0
WIT 9 312 313 477 460 -174 0 0 0 0 320 0 -1 0 0 0 32002 32002 0 0 0 0 0 917
WIT 6 312 313 345 340 950 479 1 1 0 32002 0 -1 0 0 0 32002 32002 0 0 0 0 0 0
WIT 10 312 313 353 334 326 0 0 0 0 319 0 -1 0 0 0 32002 32002 0 0 0 0 0 1892
WIT 8 312 313 372 365 365 1382 0 0 0 32002 0 -1 0 0 0 32002 32002 0 0 0 0 0 0
WIT 8 312 313 338 331 331 49408 0 0 0 32002 0 -1 0 0 0 32002 32002 0 0 0 0 0 0
WIT 7 312 313 338 332 334 332 0 0 0 32002 0 -1 0 0 0 32002 32002 0 0 0 0 0 0
WIT 6 312 313 338 333 345 49408 0 0 0 32002 0 -1 0 0 0 32002 32002 0 0 0 0 0 0
WIT 7 -313 -273 -293 -299 -338 0 0 0 0 -313 0 -1 0 0 0 32002 32002 0 0 0 0 0 0
WIT 11 312 313 338 317 332 1764 1 0 0 32002 0 -1 0 0 0 32002 32002 0 0 0 0 0 0
WIT 8 -313 -273 -293 -300 -338 0 0 0 0 -313 0 -1 0 0 0 32002 32002 0 0 0 0 0 0
WIT 8 312 313 274 259 264 1773 1 0 0 301 0 -1 0 0 0 32002 32002 0 0 0 0 0 0
WIT 6 -313 -312 -268 -273 -286 0 0 0 0 -269 0 -1 0 0 0 32002 32002 0 0 0 0 0 3300
WIT 6 -313 -312 -259 -264 -295 0 0 0 0 -197 0 -1 0 0 0 32002 32002 0 0 0 0 0 3300
WIT 8 -313 -312 -275 -282 -282 2916 1 0 0 32002 0 -1 0 0 0 32002 32002 0 0 0 0 0 0
WIT 10 312 313 313 294 278 0 0 0 0 304 0 -1 0 0 0 32002 32002 0 0 0 0 0 0
WIT 10 -313 -312 -273 -292 -288 2916 1 0 0 32002 0 -1 0 0 0 32002 32002 0 0 0 0 0 0
WIT 6 -313 -312 -258 -263 -246 2916 1 0 0 32002 0 -1 0 0 0 32002 32002 0 0 0 0 0 0
WIT 7 -313 -312 -273 -286 -304 0 0 0 0 -264 0 -1 0 0 0 32002 32002 0 0 0 0 0 2203
WIT 9 -313 -312 -293 -310 -322 0 0 0 0 -311 0 -1 0 0 0 32002 32002 0 0 0 0 0 3567
WIT 7 -313 -312 -330 -336 -313 3690 0 0 1 -312 0 -1 0 0 0 32002 32002 0 0 0 0 0 2203
WIT 6 -313 -312 -278 -283 -284 0 0 0 0 -308 0 -1 0 0 0 32002 32002 0 0 0 0 0 2916
WIT 7 -313 -312 -305 -311 -297 2203 1 0 0 32002 0 -1 0 0 0 32002 32002 0 0 0 0 0 0
WIT 7 -313 -312 -279 -285 -276 2617 0 0 0 32002 0 -1 0 0 0 32002 32002 0 0 0 0 0 0
WIT 11 312 313 338 317 316 0 0 0 0 311 0 -1 0 0 0 32002 32002 0 0 0 0 0 0
WIT 6 -304 -303 -308 -313 -313 2203 1 0 0 -303 0 -1 0 0 0 32002 32002 0 0 0 0 0 3437
WIT 6 302 303 340 335 334 0 0 0 0 305 0 -1 0 0 0 32002 32002 0 0 0 0 0 991
WIT 6 302 303 399 394 393 0 0 0 0 430 0 -1 0 0 0 32002 32002 0 0 0 0 0 991
WIT 6 302 303 379 374 373 0 0 0 0 371 0 -1 0 0 0 32002 32002 0 0 0 0 0 991
WIT 6 302 303 351 346 345 0 0 0 0 303 0 -1 0 0 0 32002 32002 0 0 0 0 0 991
WIT 8 -313 -273 -293 -300 -338 0 0 0 0 -313 0 -1 0 0 0 32002 32002 0 0 0 0 0 2722
WIT 7 302 303 350 337 364 991 0 0 0 32002 0 -1 0 0 0 32002 32002 0 0 0 0 0 0
WIT 7 302 303 353 340 349 918 0 1 0 32002 0 -1 0 0 0 32002 32002 0 0 0 0 0 0
WIT 7 302 303 343 330 347 991 0 0 0 32002 0 -1 0 0 0 32002 32002 0 0 0 0 0 0

===========================
Total time (ms) : 40
Nodes searched  : 27808
Nodes/second    : 695200
