
Position: 1/1 (r1bqkbnr/p4ppp/1Pn1p3/3pP3/5P2/5N2/PPP3PP/RNBQKB1R b KQkq - 0 7)
WIT 6 181 182 174 169 226 0 0 0 0 32002 0 -1 0 0 0 32002 32002 0 0 0 0 0 0
WIT 6 209 210 198 193 253 82 0 0 0 32002 0 -1 0 0 0 32002 32002 0 0 0 0 0 0
WIT 6 223 224 215 210 191 0 0 0 0 245 0 -1 0 0 0 32002 32002 0 0 0 0 0 528
WIT 7 -207 -206 -211 -217 -348 0 0 0 0 -224 0 -1 0 0 0 32002 32002 0 0 0 0 0 0
WIT 7 -207 -206 -192 -205 -206 0 0 0 0 -124 0 -1 0 0 0 32002 32002 0 0 0 0 0 3038
WIT 8 -207 -206 -196 -211 -199 4015 0 0 0 32002 0 -1 0 0 0 32002 32002 0 0 0 0 0 0
WIT 8 -207 -206 -151 -158 -224 0 0 0 0 -223 0 -1 0 0 0 32002 32002 0 0 0 0 0 3752
WIT 7 -207 -206 -169 -175 -180 0 0 0 0 -206 0 -1 0 0 0 32002 32002 0 0 0 0 0 4015
WIT 8 -207 -206 -133 -148 -152 0 0 0 0 -206 0 -1 0 0 0 32002 32002 0 0 0 0 0 3038
WIT 7 -207 -206 -178 -191 -243 0 0 0 0 -206 0 -1 0 0 0 32002 32002 0 0 0 0 0 4015
WIT 6 -198 -197 -133 -138 -127 3938 0 0 0 32002 0 -1 0 0 0 32002 32002 0 0 0 0 0 0
WIT 6 -198 -197 -136 -141 -134 3104 0 0 0 32002 0 -1 0 0 0 32002 32002 0 0 0 0 0 0
WIT 7 -186 -185 -183 -196 -196 4015 0 0 1 -181 0 -1 0 0 0 32002 32002 0 0 0 0 0 3938
WIT 6 -187 -186 -185 -190 -144 3938 0 0 0 32002 0 -1 0 0 0 32002 32002 0 0 0 0 0 0
WIT 8 197 198 227 220 251 0 0 0 0 32002 0 -1 0 0 0 32002 32002 0 0 0 0 0 0
WIT 9 197 198 224 216 216 1176 0 0 0 32002 0 -1 0 0 0 32002 32002 0 0 0 0 0 0
WIT 8 197 198 239 224 201 0 0 0 0 216 0 -1 0 0 0 32002 32002 0 0 0 0 0 339
WIT 6 197 198 224 219 219 1176 0 0 0 32002 0 -1 0 0 0 32002 32002 0 0 0 0 0 0
WIT 6 197 198 224 219 233 339 0 0 0 32002 0 -1 0 0 0 32002 32002 0 0 0 0 0 0
WIT 6 197 198 244 239 240 339 0 0 0 32002 0 -1 0 0 0 32002 32002 0 0 0 0 0 0
WIT 6 197 198 185 180 190 339 0 0 1 198 0 -1 0 0 0 32002 32002 0 0 0 0 0 1176
WIT 6 197 198 224 219 218 0 0 0 0 246 0 -1 0 0 0 32002 32002 0 0 0 0 0 1176
WIT 8 197 198 224 217 238 339 0 0 0 32002 0 -1 0 0 0 32002 32002 0 0 0 0 0 0
WIT 7 197 198 331 325 308 0 0 1 0 198 0 -1 0 0 0 32002 32002 0 0 0 0 0 658
WIT 7 197 198 390 384 331 0 0 0 0 248 0 -1 0 0 0 32002 32002 0 0 0 0 0 2672
WIT 6 197 198 234 229 238 82 0 0 0 32002 0 -1 0 0 0 32002 32002 0 0 0 0 0 0
WIT 7 197 198 520 514 542 918 0 1 0 32002 0 -1 0 0 0 32002 32002 0 0 0 0 0 0
WIT 6 -199 -198 -101 -106 -114 0 0 0 0 -81 0 -1 0 0 0 32002 32002 0 0 0 0 0 2579
WIT 9 -199 -198 -200 -208 -223 0 0 0 0 -179 0 -1 0 0 0 32002 32002 0 0 0 0 0 3752
WIT 6 -199 -198 -206 -211 -212 0 0 0 0 -223 0 -1 0 0 0 32002 32002 0 0 0 0 0 3938
WIT 7 198 206 206 200 175 0 0 0 0 171 0 -1 0 0 0 32002 32002 0 0 0 0 0 0
WIT 9 -199 -198 -181 -198 -166 4015 0 0 0 32002 0 -1 0 0 0 32002 32002 0 0 0 0 0 0
WIT 8 -199 -198 -167 -174 -159 3641 0 0 0 32002 0 -1 0 0 0 32002 32002 0 0 0 0 0 0
WIT 6 -199 -198 -185 -190 -138 3938 0 0 0 32002 0 -1 0 0 0 32002 32002 0 0 0 0 0 0
WIT 6 -199 -198 -172 -177 -190 0 0 0 0 -199 0 -1 0 0 0 32002 32002 0 0 0 0 0 0
WIT 8 205 206 200 193 155 0 0 0 0 205 0 -1 0 0 0 32002 32002 0 0 0 0 0 0
WIT 7 205 206 199 193 145 0 0 0 0 205 0 -1 0 0 0 32002 32002 0 0 0 0 0 0
WIT 8 198 206 198 191 179 0 0 0 0 198 0 -1 0 0 0 32002 32002 0 0 0 0 0 0
WIT 7 -189 -188 -198 -204 -135 3038 0 0 0 32002 0 -1 0 0 0 32002 32002 0 0 0 0 0 0
WIT 9 -189 -188 -198 -215 -211 3104 0 0 1 -188 0 -1 0 0 0 32002 32002 0 0 0 0 0 4015
WIT 8 -189 -188 -172 -179 -132 3104 0 0 0 32002 0 -1 0 0 0 32002 32002 0 0 0 0 0 0
WIT 7 -189 -188 -183 -196 -197 0 0 0 0 -189 0 -1 0 0 0 32002 32002 0 0 0 0 0 0
WIT 7 205 206 189 183 224 0 0 0 0 32002 0 -1 0 0 0 32002 32002 0 0 0 0 0 0
WIT 7 -189 -188 -185 -191 -180 3938 0 0 0 32002 0 -1 0 0 0 32002 32002 0 0 0 0 0 0
WIT 7 -189 -188 -196 -202 -107 0 0 0 0 32002 0 -1 0 0 0 32002 32002 0 0 0 0 0 0
WIT 8 -189 -188 -167 -174 -155 4020 0 0 0 32002 0 -1 0 0 0 32002 32002 0 0 0 0 0 0
WIT 6 -189 -188 -129 -134 -141 0 0 0 0 -150 0 -1 0 0 0 32002 32002 0 0 0 0 0 3038
WIT 7 -189 -188 -168 -174 -134 0 0 0 0 32002 0 -1 0 0 0 32002 32002 0 0 0 0 0 0
WIT 7 -189 -188 -179 -192 -174 3938 0 0 0 32002 0 -1 0 0 0 32002 32002 0 0 0 0 0 0
WIT 8 -189 -188 -117 -124 -162 0 0 0 0 -140 0 -1 0 0 0 32002 32002 0 0 0 0 0 3929
WIT 7 -189 -188 -132 -138 -139 0 0 0 0 -144 0 -1 0 0 0 32002 32002 0 0 0 0 0 4015
WIT 7 -189 -188 -136 -142 -106 3938 0 0 0 32002 0 -1 0 0 0 32002 32002 0 0 0 0 0 0
WIT 7 -189 -188 -183 -189 -138 3938 0 0 0 32002 0 -1 0 0 0 32002 32002 0 0 0 0 0 0
WIT 8 -176 -175 -167 -174 -148 3938 0 0 0 32002 0 -1 0 0 0 32002 32002 0 0 0 0 0 0
WIT 8 -176 -175 -188 -203 -204 0 0 0 0 -180 0 -1 0 0 0 32002 32002 0 0 0 0 0 4015
WIT 6 -176 -175 -109 -114 42 3938 0 0 0 32002 0 -1 0 0 0 32002 32002 0 0 0 0 0 0
WIT 6 191 192 227 222 250 0 0 0 0 32002 0 -1 0 0 0 32002 32002 0 0 0 0 0 0
WIT 6 191 192 198 193 197 339 0 0 0 32002 0 -1 0 0 0 32002 32002 0 0 0 0 0 0
WIT 6 191 192 234 229 239 82 0 0 0 32002 0 -1 0 0 0 32002 32002 0 0 0 0 0 0
WIT 6 191 192 520 515 539 918 0 1 0 32002 0 -1 0 0 0 32002 32002 0 0 0 0 0 0
WIT 6 192 193 159 154 124 0 0 0 0 193 0 -1 0 0 0 32002 32002 0 0 0 0 0 801
WIT 8 -193 -192 -167 -174 -174 3938 0 0 0 32002 0 -1 0 0 0 32002 32002 0 0 0 0 0 0
WIT 6 -193 -192 -109 -114 42 3938 0 0 0 32002 0 -1 0 0 0 32002 32002 0 0 0 0 0 0
WIT 6 -193 -192 -185 -190 -181 3938 0 0 0 32002 0 -1 0 0 0 32002 32002 0 0 0 0 0 0
WIT 8 192 215 192 185 185 75 0 0 1 192 1 1 9141 1 1 192 191 0 0 0 0 77 0
WIT 8 -162 -161 -180 -195 -196 0 0 0 0 -163 0 -1 0 0 0 32002 32002 0 0 0 0 0 0
WIT 7 -162 -161 -181 -194 -219 0 0 0 0 -162 0 -1 0 0 0 32002 32002 0 0 0 0 0 0
WIT 6 -181 -180 -167 -172 -170 3938 0 0 0 32002 0 -1 0 0 0 32002 32002 0 0 0 0 0 0
WIT 8 194 195 213 206 163 0 0 0 0 243 0 -1 0 0 0 32002 32002 0 0 0 0 0 983
WIT 9 194 195 223 215 146 0 0 0 0 195 0 -1 0 0 0 32002 32002 0 0 0 0 0 2153
WIT 8 194 195 218 203 131 0 0 0 0 195 0 -1 0 0 0 32002 32002 0 0 0 0 0 801
WIT 7 194 195 254 248 235 0 0 0 0 195 0 -1 0 0 0 32002 32002 0 0 0 0 0 2153
WIT 7 194 195 193 180 152 0 0 0 0 195 0 -1 0 0 0 32002 32002 0 0 0 0 0 801
WIT 7 -180 -179 -174 -180 -218 0 0 0 0 -184 0 -1 0 0 0 32002 32002 0 0 0 0 0 3045
WIT 6 -180 -179 -152 -157 -127 3038 0 0 0 32002 0 -1 0 0 0 32002 32002 0 0 0 0 0 0
WIT 6 -180 -179 -181 -186 -156 3045 0 0 0 32002 0 -1 0 0 0 32002 32002 0 0 0 0 0 0
WIT 6 -180 -179 -115 -120 -61 3045 0 0 0 32002 0 -1 0 0 0 32002 32002 0 0 0 0 0 0
WIT 6 -180 -179 -192 -197 -176 3045 0 0 0 32002 0 -1 0 0 0 32002 32002 0 0 0 0 0 0
WIT 6 -180 -179 -181 -186 -186 3045 0 0 1 -179 0 -1 0 0 0 32002 32002 0 0 0 0 0 3752
WIT 6 -180 -179 -158 -163 -162 3045 0 0 0 32002 0 -1 0 0 0 32002 32002 0 0 0 0 0 0
WIT 6 -180 -179 -163 -168 -184 0 0 0 0 -161 0 -1 0 0 0 32002 32002 0 0 0 0 0 3104
WIT 6 -180 -179 -176 -181 -169 3045 0 0 0 32002 0 -1 0 0 0 32002 32002 0 0 0 0 0 0
WIT 9 -180 -179 -175 -192 -164 4015 0 0 0 32002 0 -1 0 0 0 32002 32002 0 0 0 0 0 0
WIT 8 -180 -179 -191 -206 -205 3938 0 0 1 -179 0 -1 0 0 0 32002 32002 0 0 0 0 0 4015
WIT 8 -180 -179 -167 -174 -159 3641 0 0 0 32002 0 -1 0 0 0 32002 32002 0 0 0 0 0 0
WIT 8 -180 -179 -196 -203 -106 0 0 0 0 32002 0 -1 0 0 0 32002 32002 0 0 0 0 0 0
WIT 8 -180 -179 -109 -116 -116 3104 0 0 0 32002 0 -1 0 0 0 32002 32002 0 0 0 0 0 0
WIT 8 -180 -179 -148 -163 -163 3938 0 0 0 32002 0 -1 0 0 0 32002 32002 0 0 0 0 0 0
WIT 8 -180 -179 -158 -165 -99 3938 0 0 0 32002 0 -1 0 0 0 32002 32002 0 0 0 0 0 0
WIT 8 -180 -179 -182 -189 -138 3938 0 0 0 32002 0 -1 0 0 0 32002 32002 0 0 0 0 0 0
WIT 7 -180 -179 -152 -158 -123 3038 0 0 0 32002 0 -1 0 0 0 32002 32002 0 0 0 0 0 0
WIT 8 -180 -179 -167 -174 -135 0 0 0 0 32002 0 -1 0 0 0 32002 32002 0 0 0 0 0 0
WIT 8 -180 -179 -163 -170 -113 3938 0 0 0 32002 0 -1 0 0 0 32002 32002 0 0 0 0 0 0
WIT 7 -172 -171 -103 -109 -110 0 0 0 0 -89 0 -1 0 0 0 32002 32002 0 0 0 0 0 2656
WIT 6 -172 -171 -168 -173 -270 0 0 0 0 -167 0 -1 0 0 0 32002 32002 0 0 0 0 0 3642
WIT 7 171 172 178 172 195 1286 0 0 0 32002 0 -1 0 0 0 32002 32002 0 0 0 0 0 0
WIT 10 171 172 176 167 136 0 0 0 0 181 0 -1 0 0 0 32002 32002 0 0 0 0 0 453
WIT 6 171 172 176 171 168 0 0 0 0 171 0 -1 0 0 0 32002 32002 0 0 0 0 0 0
WIT 7 -172 -171 -101 -107 -140 0 0 0 0 -157 0 -1 0 0 0 32002 32002 0 0 0 0 0 2081
WIT 8 -172 -171 -171 -178 -180 0 0 0 0 -210 0 -1 0 0 0 32002 32002 0 0 0 0 0 0
WIT 9 -172 -171 -171 -179 -197 0 0 0 0 -175 0 -1 0 0 0 32002 32002 0 0 0 0 0 0
WIT 6 171 172 195 190 107 0 0 0 0 156 0 -1 0 0 0 32002 32002 0 0 0 0 0 0
WIT 8 -172 -171 -156 -163 -186 0 0 0 0 -171 0 -1 0 0 0 32002 32002 0 0 0 0 0 3763
WIT 6 -172 -171 -167 -172 -183 0 0 0 0 -153 0 -1 0 0 0 32002 32002 0 0 0 0 0 3752
WIT 7 -172 -171 -160 -166 -139 3038 0 0 0 32002 0 -1 0 0 0 32002 32002 0 0 0 0 0 0
WIT 10 -172 -171 -170 -189 -195 0 0 0 0 -172 0 -1 0 0 0 32002 32002 0 0 0 0 0 0
WIT 9 -172 -171 -170 -187 -219 0 0 0 0 -172 0 -1 0 0 0 32002 32002 0 0 0 0 0 0
WIT 6 180 181 198 193 206 339 0 0 0 32002 0 -1 0 0 0 32002 32002 0 0 0 0 0 0
WIT 6 180 181 198 193 193 536 0 0 0 32002 0 -1 0 0 0 32002 32002 0 0 0 0 0 0
WIT 6 180 181 198 193 203 339 0 0 0 32002 0 -1 0 0 0 32002 32002 0 0 0 0 0 0
WIT 7 -187 -171 -179 -185 -198 0 0 0 0 -181 0 -1 0 0 0 32002 32002 0 0 0 0 0 4015
WIT 8 -179 -178 -98 -113 -114 0 0 0 0 -6 0 -1 0 0 0 32002 32002 0 0 0 0 0 2656
WIT 7 -179 -178 -159 -172 -221 0 0 0 0 -159 0 -1 0 0 0 32002 32002 0 0 0 0 0 2267
WIT 6 177 178 226 221 250 0 0 0 0 32002 0 -1 0 0 0 32002 32002 0 0 0 0 0 0
WIT 7 -179 -178 -175 -188 -165 4015 0 0 0 32002 0 -1 0 0 0 32002 32002 0 0 0 0 0 0
WIT 7 -179 -178 -179 -192 -192 3938 0 0 1 -170 0 -1 0 0 0 32002 32002 0 0 0 0 0 4015
WIT 8 177 178 248 241 268 339 0 0 0 32002 0 -1 0 0 0 32002 32002 0 0 0 0 0 0
WIT 8 177 178 242 227 205 0 0 0 0 178 0 -1 0 0 0 32002 32002 0 0 0 0 0 2672
WIT 7 -175 -174 -166 -172 -163 0 0 0 0 32002 0 -1 0 0 0 32002 32002 0 0 0 0 0 0
WIT 6 -175 -174 -169 -174 -166 0 0 0 0 32002 0 -1 0 0 0 32002 32002 0 0 0 0 0 0
WIT 9 189 190 172 155 205 601 0 0 0 32002 0 -1 0 0 0 32002 32002 0 0 0 0 0 0
WIT 8 189 190 197 190 190 148 0 0 0 32002 0 -1 0 0 0 32002 32002 0 0 0 0 0 0
WIT 7 189 190 172 159 158 0 0 0 0 190 0 -1 0 0 0 32002 32002 0 0 0 0 0 593
WIT 7 189 190 175 169 202 601 0 0 0 32002 0 -1 0 0 0 32002 32002 0 0 0 0 0 0
WIT 6 189 190 215 210 -1 0 0 1 0 204 0 -1 0 0 0 32002 32002 0 0 0 0 0 658
WIT 6 189 190 208 203 203 339 0 0 0 32002 0 -1 0 0 0 32002 32002 0 0 0 0 0 0
WIT 7 189 190 576 570 454 0 0 1 0 308 0 -1 0 0 0 32002 32002 0 0 0 0 0 658
WIT 9 189 190 245 237 -337 0 0 1 0 187 0 -1 0 0 0 32002 32002 0 0 0 0 0 0
WIT 11 189 190 224 214 214 1176 0 0 0 32002 0 -1 0 0 0 32002 32002 0 0 0 0 0 0
WIT 7 189 190 216 210 240 528 0 0 0 32002 0 -1 0 0 0 32002 32002 0 0 0 0 0 0
WIT 10 189 190 214 195 194 0 0 0 0 190 0 -1 0 0 0 32002 32002 0 0 0 0 0 339
WIT 6 189 190 211 206 206 268 0 1 0 32002 0 -1 0 0 0 32002 32002 0 0 0 0 0 0
WIT 9 189 190 192 175 200 1176 0 0 0 32002 0 -1 0 0 0 32002 32002 0 0 0 0 0 0
WIT 6 189 190 196 191 190 0 0 1 0 276 0 -1 0 0 0 32002 32002 0 0 0 0 0 658
WIT 9 189 190 198 190 257 339 0 0 0 32002 0 -1 0 0 0 32002 32002 0 0 0 0 0 0
WIT 9 189 190 240 223 245 339 0 0 0 32002 0 -1 0 0 0 32002 32002 0 0 0 0 0 0
WIT 6 189 190 249 244 136 0 0 1 0 204 0 -1 0 0 0 32002 32002 0 0 0 0 0 658
WIT 9 189 190 198 190 224 339 0 0 0 32002 0 -1 0 0 0 32002 32002 0 0 0 0 0 0
WIT 10 189 190 238 229 273 268 0 1 0 32002 0 -1 0 0 0 32002 32002 0 0 0 0 0 0
WIT 8 189 190 219 212 196 0 0 0 0 216 0 -1 0 0 0 32002 32002 0 0 0 0 0 1176
WIT 8 189 190 211 196 203 528 0 0 0 32002 0 -1 0 0 0 32002 32002 0 0 0 0 0 0
WIT 10 189 190 199 180 177 0 0 0 0 190 0 -1 0 0 0 32002 32002 0 0 0 0 0 339
WIT 11 189 190 198 177 190 139 0 1 0 32002 0 -1 0 0 0 32002 32002 0 0 0 0 0 0
WIT 7 189 190 248 242 269 339 0 0 0 32002 0 -1 0 0 0 32002 32002 0 0 0 0 0 0
WIT 10 189 190 178 159 183 82 0 0 1 240 0 -1 0 0 0 32002 32002 0 0 0 0 0 2672
WIT 8 197 198 370 363 354 0 0 0 0 375 0 -1 0 0 0 32002 32002 0 0 0 0 0 1177
WIT 11 197 198 190 169 222 528 0 0 0 32002 0 -1 0 0 0 32002 32002 0 0 0 0 0 0
WIT 10 197 198 175 166 215 601 0 0 0 32002 0 -1 0 0 0 32002 32002 0 0 0 0 0 0
WIT 11 197 198 196 175 155 0 0 0 0 198 0 -1 0 0 0 32002 32002 0 0 0 0 0 339
WIT 10 190 198 190 181 5 0 0 1 0 198 0 -1 0 0 0 32002 32002 0 0 0 0 0 658
WIT 10 197 198 202 183 165 0 0 1 0 198 0 -1 0 0 0 32002 32002 0 0 0 0 0 658
WIT 11 197 198 200 190 233 339 0 0 0 32002 0 -1 0 0 0 32002 32002 0 0 0 0 0 0
WIT 9 197 198 201 193 225 339 0 0 0 32002 0 -1 0 0 0 32002 32002 0 0 0 0 0 0
WIT 10 197 198 294 275 271 0 0 1 0 306 0 -1 0 0 0 32002 32002 0 0 0 0 0 658
WIT 11 190 198 190 180 179 0 0 0 0 198 0 -1 0 0 0 32002 32002 0 0 0 0 0 1176
WIT 12 197 198 198 175 177 528 0 0 1 199 0 -1 0 0 0 32002 32002 0 0 0 0 0 139
WIT 7 197 198 190 184 184 528 0 0 1 198 0 -1 0 0 0 32002 32002 0 0 0 0 0 139
WIT 12 197 198 190 167 192 1176 0 0 1 198 0 -1 0 0 0 32002 32002 0 0 0 0 0 339
WIT 12 197 198 190 179 179 1176 0 0 1 198 0 -1 0 0 0 32002 32002 0 0 0 0 0 360
WIT 7 197 198 222 216 169 0 0 0 0 254 0 -1 0 0 0 32002 32002 0 0 0 0 0 1554
WIT 6 197 198 190 185 173 0 0 1 0 219 0 -1 0 0 0 32002 32002 0 0 0 0 0 658
WIT 11 197 198 190 180 180 1180 0 0 1 198 0 -1 0 0 0 32002 32002 0 0 0 0 0 1176
WIT 10 197 198 217 208 208 1176 0 0 0 32002 0 -1 0 0 0 32002 32002 0 0 0 0 0 0
WIT 10 197 198 257 248 328 139 0 0 0 32002 0 -1 0 0 0 32002 32002 0 0 0 0 0 0
WIT 10 197 198 238 229 240 339 0 0 0 32002 0 -1 0 0 0 32002 32002 0 0 0 0 0 0
WIT 10 197 198 240 221 245 339 0 0 0 32002 0 -1 0 0 0 32002 32002 0 0 0 0 0 0
WIT 11 197 198 190 180 200 339 0 0 0 32002 0 -1 0 0 0 32002 32002 0 0 0 0 0 0
WIT 10 197 198 201 192 217 339 0 0 0 32002 0 -1 0 0 0 32002 32002 0 0 0 0 0 0
WIT 10 197 198 190 181 202 339 0 0 0 32002 0 -1 0 0 0 32002 32002 0 0 0 0 0 0
WIT 7 197 198 202 196 244 268 1 1 0 32002 0 -1 0 0 0 32002 32002 0 0 0 0 0 0
WIT 6 197 198 190 185 167 0 0 0 0 226 0 -1 0 0 0 32002 32002 0 0 0 0 0 139
WIT 6 197 198 190 185 151 0 0 0 0 205 0 -1 0 0 0 32002 32002 0 0 0 0 0 204
WIT 11 197 198 190 169 169 528 0 0 1 204 0 -1 0 0 0 32002 32002 0 0 0 0 0 1256
WIT 11 197 198 238 228 263 268 0 1 0 32002 0 -1 0 0 0 32002 32002 0 0 0 0 0 0
WIT 7 197 198 299 293 275 0 0 1 0 203 0 -1 0 0 0 32002 32002 0 0 0 0 0 658
WIT 11 197 198 217 207 194 0 0 1 0 232 0 -1 0 0 0 32002 32002 0 0 0 0 0 658
WIT 11 197 198 267 257 337 268 0 1 0 32002 0 -1 0 0 0 32002 32002 0 0 0 0 0 0
WIT 10 197 198 213 194 184 0 0 0 0 229 0 -1 0 0 0 32002 32002 0 0 0 0 0 1176
WIT 7 197 198 208 202 202 204 0 0 0 32002 0 -1 0 0 0 32002 32002 0 0 0 0 0 0
WIT 7 197 198 306 300 299 0 0 0 0 277 0 -1 0 0 0 32002 32002 0 0 0 0 0 1176
WIT 7 197 198 274 268 245 0 0 0 0 198 0 -1 0 0 0 32002 32002 0 0 0 0 0 1176
WIT 7 197 198 204 198 198 528 0 0 0 32002 0 -1 0 0 0 32002 32002 0 0 0 0 0 0
WIT 7 197 198 239 233 233 528 0 0 0 32002 0 -1 0 0 0 32002 32002 0 0 0 0 0 0
WIT 10 197 198 190 171 170 0 0 0 0 198 0 -1 0 0 0 32002 32002 0 0 0 0 0 339
WIT 10 197 198 196 187 209 339 0 0 0 32002 0 -1 0 0 0 32002 32002 0 0 0 0 0 0
WIT 12 190 198 190 179 174 0 0 0 0 198 0 -1 0 0 0 32002 32002 0 0 0 0 0 82
WIT 8 197 198 203 196 228 0 0 0 0 32002 0 -1 0 0 0 32002 32002 0 0 0 0 0 0
WIT 7 197 198 230 224 248 528 0 0 0 32002 0 -1 0 0 0 32002 32002 0 0 0 0 0 0
WIT 6 197 198 193 188 232 1176 0 0 0 32002 0 -1 0 0 0 32002 32002 0 0 0 0 0 0
WIT 13 197 198 190 165 175 2672 1 0 0 198 0 -1 0 0 0 32002 32002 0 0 0 0 0 82
WIT 7 197 198 230 224 245 528 0 0 0 32002 0 -1 0 0 0 32002 32002 0 0 0 0 0 0
WIT 10 197 198 266 257 337 658 0 1 0 32002 0 -1 0 0 0 32002 32002 0 0 0 0 0 0
WIT 7 197 198 205 199 199 528 0 0 0 32002 0 -1 0 0 0 32002 32002 0 0 0 0 0 0
WIT 12 197 198 235 212 207 0 0 0 0 198 0 -1 0 0 0 32002 32002 0 0 0 0 0 2672
WIT 9 197 198 197 189 213 2673 0 0 0 32002 0 -1 0 0 0 32002 32002 0 0 0 0 0 0
WIT 7 197 198 234 228 262 82 0 0 0 32002 0 -1 0 0 0 32002 32002 0 0 0 0 0 0
WIT 8 197 198 212 205 205 2673 0 0 0 32002 0 -1 0 0 0 32002 32002 0 0 0 0 0 0
WIT 10 197 198 190 181 231 82 0 0 0 32002 0 -1 0 0 0 32002 32002 0 0 0 0 0 0
WIT 12 207 208 198 187 167 0 0 0 0 226 0 -1 0 0 0 32002 32002 0 0 0 0 0 1177
WIT 10 207 208 357 338 337 0 0 0 0 322 0 -1 0 0 0 32002 32002 0 0 0 0 0 1177
WIT 10 198 208 198 189 183 0 0 0 0 224 0 -1 0 0 0 32002 32002 0 0 0 0 0 601
WIT 13 207 208 216 191 327 1226 0 0 0 32002 0 -1 0 0 0 32002 32002 0 0 0 0 0 0
WIT 10 207 208 202 193 286 1226 0 0 0 32002 0 -1 0 0 0 32002 32002 0 0 0 0 0 0
WIT 11 207 208 230 220 242 1380 1 0 0 32002 0 -1 0 0 0 32002 32002 0 0 0 0 0 0
WIT 8 207 208 203 196 211 1226 0 0 0 32002 0 -1 0 0 0 32002 32002 0 0 0 0 0 0
WIT 8 207 208 268 261 234 0 0 0 0 213 0 -1 0 0 0 32002 32002 0 0 0 0 0 49415
WIT 8 207 208 208 201 197 0 0 0 0 230 0 -1 0 0 0 32002 32002 0 0 0 0 0 1226
WIT 8 207 208 247 240 239 0 0 0 0 271 0 -1 0 0 0 32002 32002 0 0 0 0 0 1226
WIT 8 207 208 221 214 198 0 0 0 0 226 0 -1 0 0 0 32002 32002 0 0 0 0 0 1226
WIT 9 207 208 198 190 161 0 0 0 0 207 0 -1 0 0 0 32002 32002 0 0 0 0 0 0
WIT 11 -208 -207 -199 -209 -226 0 0 0 0 -199 0 -1 0 0 0 32002 32002 0 0 0 0 0 3288
WIT 6 -208 -207 -102 -107 -172 0 0 0 0 -192 0 -1 0 0 0 32002 32002 0 0 0 0 0 3288
WIT 11 -208 -207 -207 -217 -227 0 0 0 0 -199 0 -1 0 0 0 32002 32002 0 0 0 0 0 3929
WIT 12 207 208 198 175 164 0 0 0 0 199 0 -1 0 0 0 32002 32002 0 0 0 0 0 593
WIT 11 207 208 209 188 188 593 0 0 1 211 0 -1 0 0 0 32002 32002 0 0 0 0 0 601
WIT 6 207 208 232 227 335 139 0 0 0 32002 0 -1 0 0 0 32002 32002 0 0 0 0 0 0
WIT 9 207 208 190 173 188 139 0 0 1 209 0 -1 0 0 0 32002 32002 0 0 0 0 0 593
WIT 8 207 208 175 168 195 593 0 0 1 352 0 -1 0 0 0 32002 32002 0 0 0 0 0 926
WIT 9 207 208 214 206 234 593 0 0 0 32002 0 -1 0 0 0 32002 32002 0 0 0 0 0 0
WIT 9 207 208 221 213 298 139 0 0 0 32002 0 -1 0 0 0 32002 32002 0 0 0 0 0 0
WIT 10 198 208 198 189 22 0 0 1 0 208 0 -1 0 0 0 32002 32002 0 0 0 0 0 658
WIT 12 207 208 215 204 215 332 0 1 0 32002 0 -1 0 0 0 32002 32002 0 0 0 0 0 0
WIT 11 207 208 198 177 161 0 0 1 0 208 0 -1 0 0 0 32002 32002 0 0 0 0 0 658
WIT 11 207 208 200 190 201 139 0 0 1 212 0 -1 0 0 0 32002 32002 0 0 0 0 0 658
WIT 10 207 208 198 189 212 139 0 0 0 32002 0 -1 0 0 0 32002 32002 0 0 0 0 0 0
WIT 11 207 208 297 276 252 0 0 1 0 214 0 -1 0 0 0 32002 32002 0 0 0 0 0 658
WIT 10 207 208 198 189 221 339 0 0 0 32002 0 -1 0 0 0 32002 32002 0 0 0 0 0 0
WIT 11 198 208 198 188 180 0 0 0 0 208 0 -1 0 0 0 32002 32002 0 0 0 0 0 1176
WIT 9 207 208 202 194 240 268 1 1 0 32002 0 -1 0 0 0 32002 32002 0 0 0 0 0 0
WIT 8 207 208 353 346 304 0 0 0 0 307 0 -1 0 0 0 32002 32002 0 0 0 0 0 1176
WIT 10 207 208 222 213 188 0 0 0 0 242 0 -1 0 0 0 32002 32002 0 0 0 0 0 139
WIT 8 207 208 204 189 164 0 0 0 0 208 0 -1 0 0 0 32002 32002 0 0 0 0 0 204
WIT 13 207 208 203 178 178 1176 0 0 1 208 0 -1 0 0 0 32002 32002 0 0 0 0 0 1256
WIT 13 207 208 229 204 194 0 0 1 0 245 0 -1 0 0 0 32002 32002 0 0 0 0 0 658
WIT 11 207 208 519 509 475 0 0 1 0 243 0 -1 0 0 0 32002 32002 0 0 0 0 0 658
WIT 11 207 208 267 257 337 268 0 1 0 32002 0 -1 0 0 0 32002 32002 0 0 0 0 0 0
WIT 12 207 208 226 203 202 0 0 0 0 208 0 -1 0 0 0 32002 32002 0 0 0 0 0 1176
WIT 6 -208 -207 -78 -83 -193 0 0 0 0 -53 0 -1 0 0 0 32002 32002 0 0 0 0 0 1619
WIT 6 -208 -207 -165 -170 -566 0 0 0 0 -157 0 -1 0 0 0 32002 32002 0 0 0 0 0 1619
WIT 7 207 208 198 192 192 528 0 0 1 208 0 -1 0 0 0 32002 32002 0 0 0 0 0 139
WIT 9 207 208 201 184 194 528 0 0 1 284 0 -1 0 0 0 32002 32002 0 0 0 0 0 1176
WIT 7 207 208 208 202 202 139 0 0 1 301 0 -1 0 0 0 32002 32002 0 0 0 0 0 1176
WIT 8 207 208 268 253 256 528 0 0 0 32002 0 -1 0 0 0 32002 32002 0 0 0 0 0 0
WIT 8 207 208 198 183 183 139 0 0 1 293 0 -1 0 0 0 32002 32002 0 0 0 0 0 1176
WIT 7 207 208 269 263 266 528 0 0 0 32002 0 -1 0 0 0 32002 32002 0 0 0 0 0 0
WIT 7 207 208 297 291 309 528 0 0 0 32002 0 -1 0 0 0 32002 32002 0 0 0 0 0 0
WIT 7 207 208 221 215 220 139 0 0 0 32002 0 -1 0 0 0 32002 32002 0 0 0 0 0 0
WIT 7 207 208 273 267 267 528 0 0 0 32002 0 -1 0 0 0 32002 32002 0 0 0 0 0 0
WIT 8 207 208 239 232 232 528 0 0 0 32002 0 -1 0 0 0 32002 32002 0 0 0 0 0 0
WIT 12 207 208 198 175 108 0 0 0 0 208 0 -1 0 0 0 32002 32002 0 0 0 0 0 339
WIT 7 207 208 198 192 207 204 0 0 1 208 0 -1 0 0 0 32002 32002 0 0 0 0 0 139
WIT 14 207 208 198 185 185 1176 0 0 1 208 0 -1 0 0 0 32002 32002 0 0 0 0 0 360
WIT 7 207 208 216 210 223 0 0 0 0 32002 0 -1 0 0 0 32002 32002 0 0 0 0 0 0
WIT 7 207 208 218 212 219 1180 0 0 0 32002 0 -1 0 0 0 32002 32002 0 0 0 0 0 0
WIT 12 207 208 198 175 177 528 0 0 1 208 0 -1 0 0 0 32002 32002 0 0 0 0 0 139
WIT 6 207 208 232 227 527 528 0 0 0 32002 0 -1 0 0 0 32002 32002 0 0 0 0 0 0
WIT 11 207 208 198 177 194 1176 0 0 1 208 0 -1 0 0 0 32002 32002 0 0 0 0 0 339
WIT 12 207 208 198 187 202 1180 0 0 1 208 0 -1 0 0 0 32002 32002 0 0 0 0 0 1176
WIT 7 207 208 220 214 242 0 0 0 0 32002 0 -1 0 0 0 32002 32002 0 0 0 0 0 0
WIT 12 207 208 217 206 206 1176 0 0 1 224 0 -1 0 0 0 32002 32002 0 0 0 0 0 528
WIT 9 207 208 246 238 211 0 0 1 0 208 0 -1 0 0 0 32002 32002 0 0 0 0 0 658
WIT 11 207 208 210 200 236 339 0 0 0 32002 0 -1 0 0 0 32002 32002 0 0 0 0 0 0
WIT 11 207 208 238 228 248 339 0 0 0 32002 0 -1 0 0 0 32002 32002 0 0 0 0 0 0
WIT 11 207 208 201 191 238 339 0 0 0 32002 0 -1 0 0 0 32002 32002 0 0 0 0 0 0
WIT 6 207 208 202 197 118 0 0 1 0 221 0 -1 0 0 0 32002 32002 0 0 0 0 0 658
WIT 11 207 208 196 186 198 339 0 0 1 219 0 -1 0 0 0 32002 32002 0 0 0 0 0 1176
WIT 7 207 208 209 203 248 0 0 0 0 32002 0 -1 0 0 0 32002 32002 0 0 0 0 0 0
WIT 6 207 208 190 185 7 0 0 1 0 208 0 -1 0 0 0 32002 32002 0 0 0 0 0 658
WIT 11 207 208 190 180 201 339 0 0 1 208 0 -1 0 0 0 32002 32002 0 0 0 0 0 1176
WIT 11 207 208 204 194 226 339 0 0 0 32002 0 -1 0 0 0 32002 32002 0 0 0 0 0 0
WIT 6 207 208 190 185 112 0 0 1 0 208 0 -1 0 0 0 32002 32002 0 0 0 0 0 658
WIT 11 207 208 190 180 200 339 0 0 1 208 0 -1 0 0 0 32002 32002 0 0 0 0 0 1176
WIT 12 198 208 198 187 175 0 0 0 0 208 0 -1 0 0 0 32002 32002 0 0 0 0 0 82
WIT 9 207 208 216 208 260 339 0 0 0 32002 0 -1 0 0 0 32002 32002 0 0 0 0 0 0
WIT 8 207 208 198 191 215 528 0 0 0 32002 0 -1 0 0 0 32002 32002 0 0 0 0 0 0
WIT 6 207 208 198 193 225 1176 0 0 0 32002 0 -1 0 0 0 32002 32002 0 0 0 0 0 0
WIT 7 207 208 230 224 250 528 0 0 0 32002 0 -1 0 0 0 32002 32002 0 0 0 0 0 0
WIT 6 207 208 193 188 234 1176 0 0 0 32002 0 -1 0 0 0 32002 32002 0 0 0 0 0 0
WIT 13 207 208 198 173 176 2672 1 0 0 208 0 -1 0 0 0 32002 32002 0 0 0 0 0 82
WIT 8 207 208 198 191 192 82 0 0 1 208 0 -1 0 0 0 32002 32002 0 0 0 0 0 339
WIT 7 207 208 266 260 332 658 0 1 0 32002 0 -1 0 0 0 32002 32002 0 0 0 0 0 0
WIT 6 207 208 198 193 333 658 0 1 0 32002 0 -1 0 0 0 32002 32002 0 0 0 0 0 0
WIT 6 207 208 198 193 193 339 0 0 1 215 0 -1 0 0 0 32002 32002 0 0 0 0 0 82
WIT 13 207 208 198 173 191 82 0 0 1 208 0 -1 0 0 0 32002 32002 0 0 0 0 0 2672
WIT 12 207 208 198 175 190 139 0 1 0 212 0 -1 0 0 0 32002 32002 0 0 0 0 0 658
WIT 11 207 208 198 188 222 658 0 0 0 32002 0 -1 0 0 0 32002 32002 0 0 0 0 0 0
WIT 11 207 208 216 206 207 82 0 0 1 218 0 -1 0 0 0 32002 32002 0 0 0 0 0 2672
WIT 9 207 208 240 232 326 0 0 0 0 32002 0 -1 0 0 0 32002 32002 0 0 0 0 0 0
WIT 8 207 208 212 205 226 658 0 0 0 32002 0 -1 0 0 0 32002 32002 0 0 0 0 0 0
WIT 8 207 208 197 190 211 2673 0 0 0 32002 0 -1 0 0 0 32002 32002 0 0 0 0 0 0
WIT 8 207 208 232 225 337 0 0 0 0 32002 0 -1 0 0 0 32002 32002 0 0 0 0 0 0
WIT 10 207 208 190 181 213 82 0 0 0 32002 0 -1 0 0 0 32002 32002 0 0 0 0 0 0
WIT 10 208 221 222 213 225 139 0 0 0 32002 0 -1 0 0 0 32002 32002 0 0 0 0 0 0
WIT 12 220 221 208 185 186 339 0 0 1 302 0 -1 0 0 0 32002 32002 0 0 0 0 0 593
WIT 9 220 221 210 193 193 593 0 0 1 222 0 -1 0 0 0 32002 32002 0 0 0 0 0 601
WIT 9 220 221 208 191 238 139 0 0 0 32002 0 -1 0 0 0 32002 32002 0 0 0 0 0 0
WIT 7 220 221 385 379 430 0 0 0 0 32002 0 -1 0 0 0 32002 32002 0 0 0 0 0 0
WIT 8 220 221 336 329 329 601 0 0 0 32002 0 -1 0 0 0 32002 32002 0 0 0 0 0 0
WIT 10 208 221 208 199 41 0 0 1 0 221 0 -1 0 0 0 32002 32002 0 0 0 0 0 658
WIT 12 220 221 215 204 215 332 0 1 0 221 0 -1 0 0 0 32002 32002 0 0 0 0 0 269
WIT 11 220 221 208 187 180 0 0 1 0 221 0 -1 0 0 0 32002 32002 0 0 0 0 0 658
WIT 11 220 221 213 192 190 0 0 1 0 221 0 -1 0 0 0 32002 32002 0 0 0 0 0 658
WIT 10 220 221 211 202 203 139 0 0 1 226 0 -1 0 0 0 32002 32002 0 0 0 0 0 658
WIT 9 220 221 198 190 201 528 0 0 1 221 0 -1 0 0 0 32002 32002 0 0 0 0 0 658
WIT 7 220 221 208 202 298 139 0 0 0 32002 0 -1 0 0 0 32002 32002 0 0 0 0 0 0
WIT 8 220 221 198 191 220 339 0 0 1 251 0 -1 0 0 0 32002 32002 0 0 0 0 0 658
WIT 11 208 221 208 198 188 0 0 0 0 221 0 -1 0 0 0 32002 32002 0 0 0 0 0 1176
WIT 7 220 221 208 202 214 204 0 0 1 221 0 -1 0 0 0 32002 32002 0 0 0 0 0 139
WIT 14 220 221 208 195 195 1176 0 0 1 221 0 -1 0 0 0 32002 32002 0 0 0 0 0 360
WIT 8 220 221 202 195 237 268 1 1 0 32002 0 -1 0 0 0 32002 32002 0 0 0 0 0 0
WIT 7 220 221 233 227 227 801 0 0 0 32002 0 -1 0 0 0 32002 32002 0 0 0 0 0 0
WIT 7 220 221 208 195 177 0 0 0 0 221 0 -1 0 0 0 32002 32002 0 0 0 0 0 204
WIT 12 220 221 208 185 185 1176 0 0 1 221 0 -1 0 0 0 32002 32002 0 0 0 0 0 1256
WIT 11 220 221 208 198 258 268 0 1 0 32002 0 -1 0 0 0 32002 32002 0 0 0 0 0 0
WIT 12 220 221 208 185 185 528 0 0 1 240 0 -1 0 0 0 32002 32002 0 0 0 0 0 1176
WIT 10 220 221 276 257 257 528 0 0 0 32002 0 -1 0 0 0 32002 32002 0 0 0 0 0 0
WIT 7 220 221 258 252 456 268 0 1 0 32002 0 -1 0 0 0 32002 32002 0 0 0 0 0 0
WIT 6 220 221 208 203 -512 0 0 1 0 267 0 -1 0 0 0 32002 32002 0 0 0 0 0 659
WIT 11 220 221 208 198 198 528 0 0 1 221 0 -1 0 0 0 32002 32002 0 0 0 0 0 139
WIT 6 220 221 208 203 269 528 0 0 0 32002 0 -1 0 0 0 32002 32002 0 0 0 0 0 0
WIT 8 220 221 268 253 256 528 0 0 0 32002 0 -1 0 0 0 32002 32002 0 0 0 0 0 0
WIT 7 220 221 406 400 391 0 0 1 0 263 0 -1 0 0 0 32002 32002 0 0 0 0 0 658
WIT 7 220 221 258 252 403 268 0 1 0 32002 0 -1 0 0 0 32002 32002 0 0 0 0 0 0
WIT 8 220 221 283 268 252 0 0 0 0 258 0 -1 0 0 0 32002 32002 0 0 0 0 0 1176
WIT 8 220 221 269 262 265 528 0 0 0 32002 0 -1 0 0 0 32002 32002 0 0 0 0 0 0
WIT 8 220 221 239 232 232 528 0 0 0 32002 0 -1 0 0 0 32002 32002 0 0 0 0 0 0
WIT 7 220 221 238 232 308 0 0 0 0 32002 0 -1 0 0 0 32002 32002 0 0 0 0 0 0
WIT 9 220 221 289 281 281 528 0 0 0 32002 0 -1 0 0 0 32002 32002 0 0 0 0 0 0
WIT 8 220 221 297 290 309 528 0 0 0 32002 0 -1 0 0 0 32002 32002 0 0 0 0 0 0
WIT 8 220 221 273 266 266 528 0 0 0 32002 0 -1 0 0 0 32002 32002 0 0 0 0 0 0
WIT 8 220 221 221 214 214 528 0 0 1 225 0 -1 0 0 0 32002 32002 0 0 0 0 0 1176
WIT 11 220 221 208 187 178 0 0 0 0 221 0 -1 0 0 0 32002 32002 0 0 0 0 0 339
WIT 6 -221 -220 -190 -195 -224 0 0 0 0 -191 0 -1 0 0 0 32002 32002 0 0 0 0 0 2644
WIT 10 -221 -220 -218 -227 -228 0 0 0 0 -212 0 -1 0 0 0 32002 32002 0 0 0 0 0 3038
WIT 10 -221 -220 -187 -206 -237 0 0 0 0 -187 0 -1 0 0 0 32002 32002 0 0 0 0 0 1618
WIT 8 -221 -220 -174 -181 -181 1618 1 0 0 32002 0 -1 0 0 0 32002 32002 0 0 0 0 0 0
WIT 7 -221 -220 -180 -186 -187 0 0 0 0 -207 0 -1 0 0 0 32002 32002 0 0 0 0 0 3752
WIT 11 220 221 208 187 180 0 0 0 0 212 0 -1 0 0 0 32002 32002 0 0 0 0 0 0
WIT 9 220 221 279 271 171 0 0 0 0 263 0 -1 0 0 0 32002 32002 0 0 0 0 0 983
WIT 8 208 221 209 202 194 0 0 0 0 221 0 -1 0 0 0 32002 32002 0 0 0 0 0 594
WIT 10 -221 -208 -212 -221 -224 0 0 0 0 -221 0 -1 0 0 0 32002 32002 0 0 0 0 0 0
WIT 13 220 221 268 256 280 722 1 0 0 32002 0 -1 0 0 0 32002 32002 0 0 0 0 0 0
WIT 6 220 221 289 284 273 0 0 0 0 234 0 -1 0 0 0 32002 32002 0 0 0 0 0 1176
WIT 11 220 221 221 211 171 0 0 0 0 221 0 -1 0 0 0 32002 32002 0 0 0 0 0 339
WIT 6 220 221 236 231 220 0 0 0 0 249 0 -1 0 0 0 32002 32002 0 0 0 0 0 360
WIT 11 220 221 226 216 185 0 0 0 0 214 0 -1 0 0 0 32002 32002 0 0 0 0 0 0
WIT 7 -221 -208 -187 -193 -231 0 0 0 0 -206 0 -1 0 0 0 32002 32002 0 0 0 0 0 3365
WIT 8 -209 -208 -176 -183 -253 0 0 0 0 -202 0 -1 0 0 0 32002 32002 0 0 0 0 0 2664
WIT 8 -221 -208 -214 -221 -312 0 0 0 0 -206 0 -1 0 0 0 32002 32002 0 0 0 0 0 1618
WIT 10 208 209 352 343 342 0 0 0 0 297 0 -1 0 0 0 32002 32002 0 0 0 0 0 658
WIT 11 -209 -208 -194 -204 -264 0 0 0 0 -209 0 -1 0 0 0 32002 32002 0 0 0 0 0 0
WIT 7 220 221 277 271 81 0 0 1 0 252 0 -1 0 0 0 32002 32002 0 0 0 0 0 203
WIT 9 220 221 284 276 187 0 0 1 0 221 0 -1 0 0 0 32002 32002 0 0 0 0 0 203
WIT 8 220 221 273 266 264 0 0 0 0 537 0 -1 0 0 0 32002 32002 0 0 0 0 0 658
WIT 10 -221 -208 -212 -221 -222 0 0 0 0 -221 0 -1 0 0 0 32002 32002 0 0 0 0 0 0
WIT 10 220 221 208 199 204 1180 0 0 1 221 0 -1 0 0 0 32002 32002 0 0 0 0 0 1176
WIT 6 220 221 208 203 221 139 0 0 0 32002 0 -1 0 0 0 32002 32002 0 0 0 0 0 0
WIT 9 220 221 208 191 196 1176 0 0 1 221 0 -1 0 0 0 32002 32002 0 0 0 0 0 339
WIT 10 220 221 208 199 204 339 0 0 1 230 0 -1 0 0 0 32002 32002 0 0 0 0 0 1176
WIT 9 220 221 257 249 305 339 0 0 0 32002 0 -1 0 0 0 32002 32002 0 0 0 0 0 0
WIT 9 220 221 208 191 239 339 0 0 0 32002 0 -1 0 0 0 32002 32002 0 0 0 0 0 0
WIT 9 220 221 210 202 235 339 0 0 0 32002 0 -1 0 0 0 32002 32002 0 0 0 0 0 0
WIT 9 220 221 238 230 248 339 0 0 0 32002 0 -1 0 0 0 32002 32002 0 0 0 0 0 0
WIT 9 220 221 201 193 237 339 0 0 0 32002 0 -1 0 0 0 32002 32002 0 0 0 0 0 0
WIT 9 220 221 218 210 210 139 0 0 1 221 0 -1 0 0 0 32002 32002 0 0 0 0 0 1176
WIT 10 220 221 204 195 225 339 0 0 0 32002 0 -1 0 0 0 32002 32002 0 0 0 0 0 0
WIT 9 220 221 208 200 203 339 0 0 1 276 0 -1 0 0 0 32002 32002 0 0 0 0 0 1176
WIT 12 208 221 208 197 175 0 0 0 0 221 0 -1 0 0 0 32002 32002 0 0 0 0 0 82
WIT 8 220 221 216 209 257 339 0 0 0 32002 0 -1 0 0 0 32002 32002 0 0 0 0 0 0
WIT 6 220 221 214 209 244 0 0 0 0 32002 0 -1 0 0 0 32002 32002 0 0 0 0 0 0
WIT 6 220 221 230 225 257 528 0 0 0 32002 0 -1 0 0 0 32002 32002 0 0 0 0 0 0
WIT 6 220 221 193 188 234 1176 0 0 0 32002 0 -1 0 0 0 32002 32002 0 0 0 0 0 0
WIT 13 220 221 208 183 201 2672 1 0 0 221 0 -1 0 0 0 32002 32002 0 0 0 0 0 82
WIT 13 220 221 211 186 186 139 0 1 0 221 0 -1 0 0 0 32002 32002 0 0 0 0 0 658
WIT 12 220 221 198 187 222 658 0 0 0 32002 0 -1 0 0 0 32002 32002 0 0 0 0 0 0
WIT 6 220 221 208 203 203 658 0 0 1 221 0 -1 0 0 0 32002 32002 0 0 0 0 0 339
WIT 6 220 221 198 193 333 658 0 1 0 32002 0 -1 0 0 0 32002 32002 0 0 0 0 0 0
WIT 11 220 221 208 187 193 82 0 0 1 221 0 -1 0 0 0 32002 32002 0 0 0 0 0 2672
WIT 9 220 221 238 230 248 339 0 0 0 32002 0 -1 0 0 0 32002 32002 0 0 0 0 0 0
WIT 9 220 221 217 209 218 82 0 0 1 222 0 -1 0 0 0 32002 32002 0 0 0 0 0 2672
WIT 9 220 221 240 232 330 0 0 0 0 32002 0 -1 0 0 0 32002 32002 0 0 0 0 0 0
WIT 9 220 221 225 217 259 82 0 0 0 32002 0 -1 0 0 0 32002 32002 0 0 0 0 0 0
WIT 10 220 221 190 181 213 82 0 0 1 224 0 -1 0 0 0 32002 32002 0 0 0 0 0 2672
WIT 8 220 221 197 190 211 2673 0 0 1 221 0 -1 0 0 0 32002 32002 0 0 0 0 0 82
WIT 8 220 221 232 225 341 0 0 0 0 32002 0 -1 0 0 0 32002 32002 0 0 0 0 0 0
WIT 11 237 238 226 216 216 139 0 1 0 271 0 -1 0 0 0 32002 32002 0 0 0 0 0 269
WIT 9 237 238 304 296 320 139 0 1 0 32002 0 -1 0 0 0 32002 32002 0 0 0 0 0 0
WIT 11 237 238 224 203 171 0 0 0 0 258 0 -1 0 0 0 32002 32002 0 0 0 0 0 1177
WIT 11 237 238 312 291 348 360 1 0 0 32002 0 -1 0 0 0 32002 32002 0 0 0 0 0 0
WIT 13 221 238 222 210 210 139 0 0 1 256 0 -1 0 0 0 32002 32002 0 0 0 0 0 601
WIT 11 237 238 221 200 200 139 0 0 1 243 0 -1 0 0 0 32002 32002 0 0 0 0 0 601
WIT 14 237 238 295 268 294 139 0 0 0 32002 0 -1 0 0 0 32002 32002 0 0 0 0 0 0
WIT 6 237 238 232 227 335 139 0 0 0 32002 0 -1 0 0 0 32002 32002 0 0 0 0 0 0
WIT 10 237 238 208 189 237 139 0 0 1 318 0 -1 0 0 0 32002 32002 0 0 0 0 0 593
WIT 10 237 238 336 327 343 139 0 0 0 32002 0 -1 0 0 0 32002 32002 0 0 0 0 0 0
WIT 9 237 238 214 206 287 139 0 0 0 32002 0 -1 0 0 0 32002 32002 0 0 0 0 0 0
WIT 9 237 238 221 213 298 139 0 0 0 32002 0 -1 0 0 0 32002 32002 0 0 0 0 0 0
WIT 12 221 238 221 210 1 0 0 1 0 238 0 -1 0 0 0 32002 32002 0 0 0 0 0 658
WIT 9 237 238 239 231 231 601 0 0 1 245 0 -1 0 0 0 32002 32002 0 0 0 0 0 339
WIT 9 -238 -237 -221 -229 -221 2572 1 0 0 32002 0 -1 0 0 0 32002 32002 0 0 0 0 0 0
WIT 14 237 238 221 208 216 332 0 1 0 226 0 -1 0 0 0 32002 32002 0 0 0 0 0 0
WIT 13 237 238 221 196 189 0 0 1 0 229 0 -1 0 0 0 32002 32002 0 0 0 0 0 0
WIT 11 -238 -221 -225 -235 -242 0 0 0 0 -206 0 -1 0 0 0 32002 32002 0 0 0 0 0 1940
WIT 6 237 238 278 273 191 0 0 0 0 322 0 -1 0 0 0 32002 32002 0 0 0 0 0 452
WIT 7 221 238 222 216 203 0 0 0 0 238 0 -1 0 0 0 32002 32002 0 0 0 0 0 339
WIT 9 221 238 222 214 78 0 0 0 0 238 0 -1 0 0 0 32002 32002 0 0 0 0 0 148
WIT 11 237 238 244 234 234 601 0 0 1 245 0 -1 0 0 0 32002 32002 0 0 0 0 0 339
WIT 11 -238 -221 -226 -236 -244 0 0 0 0 -238 0 -1 0 0 0 32002 32002 0 0 0 0 0 0
WIT 11 -238 -221 -229 -239 -327 0 0 0 0 -238 0 -1 0 0 0 32002 32002 0 0 0 0 0 0
WIT 13 237 238 221 196 194 0 0 1 0 296 0 -1 0 0 0 32002 32002 0 0 0 0 0 658
WIT 12 237 238 225 214 237 339 0 0 1 278 0 -1 0 0 0 32002 32002 0 0 0 0 0 658
WIT 11 237 238 221 211 272 339 0 0 0 32002 0 -1 0 0 0 32002 32002 0 0 0 0 0 0
WIT 9 237 238 208 200 227 339 0 0 1 306 0 -1 0 0 0 32002 32002 0 0 0 0 0 658
WIT 10 237 238 247 238 246 339 0 0 0 32002 0 -1 0 0 0 32002 32002 0 0 0 0 0 0
WIT 12 221 238 221 210 190 0 0 0 0 238 0 -1 0 0 0 32002 32002 0 0 0 0 0 1176
WIT 10 237 238 356 347 289 0 0 1 0 239 0 -1 0 0 0 32002 32002 0 0 0 0 0 781
WIT 6 237 238 261 256 212 0 0 0 0 174 0 -1 0 0 0 32002 32002 0 0 0 0 0 801
WIT 6 237 238 287 282 285 259 0 1 0 32002 0 -1 0 0 0 32002 32002 0 0 0 0 0 0
WIT 9 237 238 257 249 212 0 0 0 0 245 0 -1 0 0 0 32002 32002 0 0 0 0 0 983
WIT 7 237 238 233 227 233 788 0 0 1 235 1 2 4128 1 1 237 246 1 0 1 0 20 788
WIT 6 478 479 879 874 873 0 0 1 0 930 0 -1 0 0 0 32002 32002 0 0 0 0 0 259
WIT 11 237 238 512 502 441 0 0 1 0 522 0 -1 0 0 0 32002 32002 0 0 0 0 0 781
WIT 11 237 238 243 233 218 0 0 0 0 238 0 -1 0 0 0 32002 32002 0 0 0 0 0 1176
WIT 8 237 238 221 214 214 1176 0 0 1 255 0 -1 0 0 0 32002 32002 0 0 0 0 0 983
WIT 13 237 238 221 196 193 0 0 0 0 238 0 -1 0 0 0 32002 32002 0 0 0 0 0 204
WIT 14 237 238 221 208 222 594 1 0 0 209 0 -1 0 0 0 32002 32002 0 0 0 0 0 594
WIT 12 237 238 221 210 285 268 0 1 0 32002 0 -1 0 0 0 32002 32002 0 0 0 0 0 0
WIT 11 237 238 221 211 184 0 0 0 0 238 0 -1 0 0 0 32002 32002 0 0 0 0 0 339
WIT 9 237 238 223 215 246 339 0 0 0 32002 0 -1 0 0 0 32002 32002 0 0 0 0 0 0
WIT 9 237 238 279 271 278 339 0 0 0 32002 0 -1 0 0 0 32002 32002 0 0 0 0 0 0
WIT 7 237 238 233 227 302 339 0 0 0 32002 0 -1 0 0 0 32002 32002 0 0 0 0 0 0
WIT 6 -238 -237 -245 -250 -514 0 0 0 0 -237 0 -1 0 0 0 32002 32002 0 0 0 0 0 2664
WIT 10 237 238 283 274 245 0 0 0 0 237 0 -1 0 0 0 32002 32002 0 0 0 0 0 0
WIT 6 -238 -237 -235 -240 -251 0 0 0 0 -226 0 -1 0 0 0 32002 32002 0 0 0 0 0 4020
WIT 14 -238 -237 -237 -250 -321 0 0 0 0 -279 0 -1 0 0 0 32002 32002 0 0 0 0 0 0
WIT 13 237 238 242 230 230 528 0 0 1 245 0 -1 0 0 0 32002 32002 0 0 0 0 0 204
WIT 14 237 238 221 208 202 0 0 0 0 244 0 -1 0 0 0 32002 32002 0 0 0 0 0 360
WIT 13 237 238 289 277 189 0 0 0 0 238 0 -1 0 0 0 32002 32002 0 0 0 0 0 658
WIT 11 237 238 248 227 53 0 0 1 0 238 0 -1 0 0 0 32002 32002 0 0 0 0 0 203
WIT 12 237 238 209 198 8 0 0 1 0 238 0 -1 0 0 0 32002 32002 0 0 0 0 0 332
WIT 13 237 238 221 196 133 0 0 1 0 238 0 -1 0 0 0 32002 32002 0 0 0 0 0 203
WIT 12 237 238 505 482 423 0 0 0 0 319 0 -1 0 0 0 32002 32002 0 0 0 0 0 658
WIT 10 237 238 234 225 649 268 0 1 0 32002 0 -1 0 0 0 32002 32002 0 0 0 0 0 0
WIT 6 237 238 501 496 549 268 0 1 0 32002 0 -1 0 0 0 32002 32002 0 0 0 0 0 0
WIT 11 237 238 221 200 198 0 0 0 0 248 0 -1 0 0 0 32002 32002 0 0 0 0 0 339
WIT 9 237 238 221 213 220 1180 0 0 1 250 0 -1 0 0 0 32002 32002 0 0 0 0 0 1176
WIT 9 237 238 221 213 213 339 0 0 1 238 0 -1 0 0 0 32002 32002 0 0 0 0 0 1176
WIT 9 237 238 221 213 213 204 0 0 1 238 0 -1 0 0 0 32002 32002 0 0 0 0 0 1176
WIT 8 237 238 226 219 219 339 0 0 1 240 0 -1 0 0 0 32002 32002 0 0 0 0 0 1176
WIT 8 237 238 221 214 214 339 0 0 1 238 0 -1 0 0 0 32002 32002 0 0 0 0 0 1176
WIT 8 237 238 221 214 214 339 0 0 1 283 0 -1 0 0 0 32002 32002 0 0 0 0 0 1176
WIT 8 237 238 226 219 219 339 0 0 1 238 0 -1 0 0 0 32002 32002 0 0 0 0 0 1176
WIT 8 237 238 221 214 257 339 0 0 0 32002 0 -1 0 0 0 32002 32002 0 0 0 0 0 0
WIT 14 237 238 221 194 192 0 0 0 0 238 0 -1 0 0 0 32002 32002 0 0 0 0 0 139
WIT 6 193 194 345 340 366 268 0 1 0 32002 0 -1 0 0 0 32002 32002 0 0 0 0 0 0
WIT 10 237 238 202 193 240 268 1 1 0 32002 0 -1 0 0 0 32002 32002 0 0 0 0 0 0
WIT 8 237 238 233 226 226 801 0 0 1 305 0 -1 0 0 0 32002 32002 0 0 0 0 0 139
WIT 9 237 238 221 204 168 0 0 0 0 238 0 -1 0 0 0 32002 32002 0 0 0 0 0 204
WIT 14 237 238 221 194 194 1176 0 0 1 238 0 -1 0 0 0 32002 32002 0 0 0 0 0 1256
WIT 7 237 238 306 300 266 0 0 0 0 263 0 -1 0 0 0 32002 32002 0 0 0 0 0 1176
WIT 12 237 238 208 197 227 268 0 1 0 260 0 -1 0 0 0 32002 32002 0 0 0 0 0 261
WIT 13 237 238 238 213 213 139 0 0 1 240 0 -1 0 0 0 32002 32002 0 0 0 0 0 1176
WIT 9 237 238 238 230 306 0 0 0 0 32002 0 -1 0 0 0 32002 32002 0 0 0 0 0 0
WIT 11 237 238 221 211 211 528 0 0 1 238 0 -1 0 0 0 32002 32002 0 0 0 0 0 139
WIT 10 237 238 258 239 225 0 0 1 0 238 0 -1 0 0 0 32002 32002 0 0 0 0 0 658
WIT 10 237 238 254 235 234 0 0 0 0 238 0 -1 0 0 0 32002 32002 0 0 0 0 0 1176
WIT 9 237 238 268 251 269 139 0 0 0 32002 0 -1 0 0 0 32002 32002 0 0 0 0 0 0
WIT 9 237 238 276 259 259 528 0 0 0 32002 0 -1 0 0 0 32002 32002 0 0 0 0 0 0
WIT 7 237 238 208 202 277 528 0 0 0 32002 0 -1 0 0 0 32002 32002 0 0 0 0 0 0
WIT 8 237 238 269 262 268 528 0 0 0 32002 0 -1 0 0 0 32002 32002 0 0 0 0 0 0
WIT 8 237 238 268 261 358 528 0 0 0 32002 0 -1 0 0 0 32002 32002 0 0 0 0 0 0
WIT 8 237 238 297 290 309 528 0 0 0 32002 0 -1 0 0 0 32002 32002 0 0 0 0 0 0
WIT 8 237 238 256 249 316 528 0 0 0 32002 0 -1 0 0 0 32002 32002 0 0 0 0 0 0
WIT 8 237 238 273 266 266 528 0 0 0 32002 0 -1 0 0 0 32002 32002 0 0 0 0 0 0
WIT 8 237 238 276 269 343 0 0 0 0 32002 0 -1 0 0 0 32002 32002 0 0 0 0 0 0
WIT 8 237 238 224 217 220 139 0 0 1 290 0 -1 0 0 0 32002 32002 0 0 0 0 0 1176
WIT 9 237 238 289 281 281 528 0 0 0 32002 0 -1 0 0 0 32002 32002 0 0 0 0 0 0
WIT 8 237 238 239 232 232 528 0 0 1 249 0 -1 0 0 0 32002 32002 0 0 0 0 0 1176
WIT 13 237 238 221 196 182 0 0 0 0 238 0 -1 0 0 0 32002 32002 0 0 0 0 0 339
WIT 12 237 238 208 185 192 339 0 0 1 283 0 -1 0 0 0 32002 32002 0 0 0 0 0 1176
WIT 11 237 238 222 212 212 1176 0 0 1 238 0 -1 0 0 0 32002 32002 0 0 0 0 0 528
WIT 9 237 238 221 213 217 1180 0 0 1 238 0 -1 0 0 0 32002 32002 0 0 0 0 0 1176
WIT 12 237 238 221 210 210 1176 0 0 1 242 0 -1 0 0 0 32002 32002 0 0 0 0 0 360
WIT 9 237 238 257 249 294 339 0 0 0 32002 0 -1 0 0 0 32002 32002 0 0 0 0 0 0
WIT 9 237 238 210 202 235 339 0 0 1 238 0 -1 0 0 0 32002 32002 0 0 0 0 0 1176
WIT 9 237 238 201 193 237 339 0 0 1 252 0 -1 0 0 0 32002 32002 0 0 0 0 0 1176
WIT 10 237 238 204 195 195 339 0 0 1 238 0 -1 0 0 0 32002 32002 0 0 0 0 0 1176
WIT 6 237 238 305 300 257 0 0 1 0 242 0 -1 0 0 0 32002 32002 0 0 0 0 0 658
WIT 10 237 238 270 261 260 0 0 0 0 241 0 -1 0 0 0 32002 32002 0 0 0 0 0 1176
WIT 9 237 238 221 213 234 339 0 0 1 244 0 -1 0 0 0 32002 32002 0 0 0 0 0 1176
WIT 6 237 238 208 203 221 139 0 0 1 238 0 -1 0 0 0 32002 32002 0 0 0 0 0 528
WIT 9 237 238 221 204 206 1176 0 0 1 238 0 -1 0 0 0 32002 32002 0 0 0 0 0 339
WIT 9 237 238 229 221 221 339 0 0 1 238 0 -1 0 0 0 32002 32002 0 0 0 0 0 1176
WIT 12 221 238 221 210 178 0 0 0 0 238 0 -1 0 0 0 32002 32002 0 0 0 0 0 82
WIT 9 237 238 216 208 260 339 0 0 0 32002 0 -1 0 0 0 32002 32002 0 0 0 0 0 0
WIT 9 237 238 214 206 243 0 0 0 0 32002 0 -1 0 0 0 32002 32002 0 0 0 0 0 0
WIT 8 237 238 230 223 253 528 0 0 0 32002 0 -1 0 0 0 32002 32002 0 0 0 0 0 0
WIT 7 237 238 193 187 241 1176 0 0 0 32002 0 -1 0 0 0 32002 32002 0 0 0 0 0 0
WIT 13 237 238 221 196 203 2672 1 0 0 238 0 -1 0 0 0 32002 32002 0 0 0 0 0 82
WIT 8 237 238 218 211 229 339 0 0 1 258 0 -1 0 0 0 32002 32002 0 0 0 0 0 2672
WIT 13 237 238 221 196 224 139 0 1 0 238 0 -1 0 0 0 32002 32002 0 0 0 0 0 658
WIT 7 237 238 218 212 197 0 0 0 0 230 0 -1 0 0 0 32002 32002 0 0 0 0 0 0
WIT 10 -238 -237 -230 -239 -298 0 0 0 0 -229 0 -1 0 0 0 32002 32002 0 0 0 0 0 1933
WIT 9 237 238 213 205 138 0 0 0 0 229 0 -1 0 0 0 32002 32002 0 0 0 0 0 0
WIT 8 237 238 221 214 209 0 0 0 0 229 0 -1 0 0 0 32002 32002 0 0 0 0 0 0
WIT 8 -238 -237 -228 -235 -251 0 0 0 0 -217 0 -1 0 0 0 32002 32002 0 0 0 0 0 3817
WIT 9 237 238 214 206 247 0 0 0 0 32002 0 -1 0 0 0 32002 32002 0 0 0 0 0 0
WIT 13 237 238 221 196 202 82 0 0 1 229 1 1 37042 1 1 237 238 0 0 0 0 139 82
WIT 12 237 238 198 187 250 353 0 0 0 32002 0 -1 0 0 0 32002 32002 0 0 0 0 0 0
WIT 12 237 238 320 309 414 148 0 0 0 32002 0 -1 0 0 0 32002 32002 0 0 0 0 0 0
WIT 12 237 238 221 210 219 82 0 0 1 242 0 -1 0 0 0 32002 32002 0 0 0 0 0 2672
WIT 11 237 238 225 215 260 82 0 0 0 32002 0 -1 0 0 0 32002 32002 0 0 0 0 0 0
WIT 11 237 238 240 230 270 82 0 0 0 32002 0 -1 0 0 0 32002 32002 0 0 0 0 0 0
WIT 11 237 238 221 211 217 2673 0 0 1 238 0 -1 0 0 0 32002 32002 0 0 0 0 0 82
WIT 11 237 238 224 214 238 82 0 0 0 32002 0 -1 0 0 0 32002 32002 0 0 0 0 0 0
WIT 12 237 238 223 212 220 82 0 0 1 238 0 -1 0 0 0 32002 32002 0 0 0 0 0 2672
WIT 11 237 238 234 224 243 339 0 0 0 32002 0 -1 0 0 0 32002 32002 0 0 0 0 0 0
WIT 11 237 238 232 222 251 82 0 0 0 32002 0 -1 0 0 0 32002 32002 0 0 0 0 0 0
WIT 11 237 238 264 254 378 0 0 0 0 32002 0 -1 0 0 0 32002 32002 0 0 0 0 0 0
WIT 9 260 261 304 296 320 139 0 1 0 32002 0 -1 0 0 0 32002 32002 0 0 0 0 0 0
WIT 9 260 261 256 239 182 0 0 0 0 268 0 -1 0 0 0 32002 32002 0 0 0 0 0 1177
WIT 10 238 261 254 245 234 0 0 0 0 267 0 -1 0 0 0 32002 32002 0 0 0 0 0 601
WIT 11 260 261 250 240 300 139 0 0 0 32002 0 -1 0 0 0 32002 32002 0 0 0 0 0 0
WIT 11 260 261 336 326 326 601 0 0 0 32002 0 -1 0 0 0 32002 32002 0 0 0 0 0 0
WIT 10 260 261 242 223 266 339 0 0 0 32002 0 -1 0 0 0 32002 32002 0 0 0 0 0 0
WIT 10 260 261 214 205 234 593 0 0 1 303 0 -1 0 0 0 32002 32002 0 0 0 0 0 601
WIT 10 260 261 276 267 366 0 0 0 0 32002 0 -1 0 0 0 32002 32002 0 0 0 0 0 0
WIT 10 260 261 310 291 311 139 0 0 0 32002 0 -1 0 0 0 32002 32002 0 0 0 0 0 0
WIT 10 260 261 221 212 263 593 0 0 0 32002 0 -1 0 0 0 32002 32002 0 0 0 0 0 0
WIT 10 238 261 238 229 36 0 0 1 0 261 0 -1 0 0 0 32002 32002 0 0 0 0 0 658
WIT 9 260 261 238 221 454 353 0 0 0 32002 0 -1 0 0 0 32002 32002 0 0 0 0 0 0
WIT 9 260 261 238 221 100 0 0 0 0 364 0 -1 0 0 0 32002 32002 0 0 0 0 0 148
WIT 9 260 261 361 353 377 1380 1 0 0 32002 0 -1 0 0 0 32002 32002 0 0 0 0 0 0
WIT 8 260 261 313 306 338 0 0 0 0 32002 0 -1 0 0 0 32002 32002 0 0 0 0 0 0
WIT 7 260 261 238 232 268 0 0 0 0 32002 0 -1 0 0 0 32002 32002 0 0 0 0 0 0
WIT 8 260 261 238 223 59 0 0 1 0 261 0 -1 0 0 0 32002 32002 0 0 0 0 0 854
WIT 13 260 261 238 213 213 332 0 1 0 261 0 -1 0 0 0 32002 32002 0 0 0 0 0 269
WIT 12 260 261 238 215 1 0 0 1 0 261 0 -1 0 0 0 32002 32002 0 0 0 0 0 658
WIT 11 260 261 221 211 272 339 0 0 0 32002 0 -1 0 0 0 32002 32002 0 0 0 0 0 0
WIT 11 260 261 299 289 289 339 0 0 0 32002 0 -1 0 0 0 32002 32002 0 0 0 0 0 0
WIT 10 260 261 247 238 246 339 0 0 1 261 0 -1 0 0 0 32002 32002 0 0 0 0 0 658
WIT 11 238 261 238 228 190 0 0 0 0 261 0 -1 0 0 0 32002 32002 0 0 0 0 0 1176
WIT 10 260 261 202 193 240 268 1 1 0 248 0 -1 0 0 0 32002 32002 0 0 0 0 0 268
WIT 9 260 261 297 289 263 0 0 0 0 268 0 -1 0 0 0 32002 32002 0 0 0 0 0 139
WIT 10 260 261 242 223 274 801 0 0 0 32002 0 -1 0 0 0 32002 32002 0 0 0 0 0 0
WIT 9 260 261 283 275 223 0 0 0 0 262 0 -1 0 0 0 32002 32002 0 0 0 0 0 1176
WIT 10 260 261 297 288 268 0 0 0 0 345 0 -1 0 0 0 32002 32002 0 0 0 0 0 1176
WIT 8 260 261 239 224 212 0 0 0 0 261 0 -1 0 0 0 32002 32002 0 0 0 0 0 139
WIT 6 260 261 388 383 362 0 0 0 0 435 0 -1 0 0 0 32002 32002 0 0 0 0 0 794
WIT 9 260 261 238 221 202 0 0 0 0 261 0 -1 0 0 0 32002 32002 0 0 0 0 0 204
WIT 14 260 261 238 211 211 1176 0 0 1 261 0 -1 0 0 0 32002 32002 0 0 0 0 0 1256
WIT 11 260 261 242 221 214 0 0 1 0 279 0 -1 0 0 0 32002 32002 0 0 0 0 0 658
WIT 8 260 261 240 225 148 0 0 1 0 317 0 -1 0 0 0 32002 32002 0 0 0 0 0 658
WIT 8 260 261 267 260 330 268 0 1 0 32002 0 -1 0 0 0 32002 32002 0 0 0 0 0 0
WIT 16 260 261 239 208 208 139 0 0 1 277 0 -1 0 0 0 32002 32002 0 0 0 0 0 1176
WIT 9 260 261 258 250 279 268 0 1 0 32002 0 -1 0 0 0 32002 32002 0 0 0 0 0 0
WIT 11 260 261 276 255 255 139 0 0 1 309 0 -1 0 0 0 32002 32002 0 0 0 0 0 1176
WIT 9 260 261 238 230 283 1180 0 0 0 32002 0 -1 0 0 0 32002 32002 0 0 0 0 0 0
WIT 11 260 261 238 217 217 139 0 0 1 262 0 -1 0 0 0 32002 32002 0 0 0 0 0 1176
WIT 11 260 261 238 228 230 1249 0 0 1 261 0 -1 0 0 0 32002 32002 0 0 0 0 0 139
WIT 8 260 261 208 201 212 528 0 0 1 302 0 -1 0 0 0 32002 32002 0 0 0 0 0 139
WIT 10 260 261 268 249 269 139 0 0 0 32002 0 -1 0 0 0 32002 32002 0 0 0 0 0 0
WIT 9 260 261 238 230 316 0 0 0 0 32002 0 -1 0 0 0 32002 32002 0 0 0 0 0 0
WIT 9 260 261 269 261 349 139 0 0 0 32002 0 -1 0 0 0 32002 32002 0 0 0 0 0 0
WIT 9 260 261 268 260 322 139 0 0 0 32002 0 -1 0 0 0 32002 32002 0 0 0 0 0 0
WIT 9 260 261 297 289 293 139 0 0 0 32002 0 -1 0 0 0 32002 32002 0 0 0 0 0 0
WIT 9 260 261 256 248 291 139 0 0 0 32002 0 -1 0 0 0 32002 32002 0 0 0 0 0 0
WIT 9 260 261 276 268 352 0 0 0 0 32002 0 -1 0 0 0 32002 32002 0 0 0 0 0 0
WIT 9 260 261 284 276 276 139 0 0 0 32002 0 -1 0 0 0 32002 32002 0 0 0 0 0 0
WIT 9 260 261 247 239 239 139 0 0 1 266 0 -1 0 0 0 32002 32002 0 0 0 0 0 1176
WIT 9 260 261 289 281 281 139 0 0 0 32002 0 -1 0 0 0 32002 32002 0 0 0 0 0 0
WIT 13 260 261 238 213 207 0 0 0 0 261 0 -1 0 0 0 32002 32002 0 0 0 0 0 339
WIT 7 260 261 241 235 222 0 0 1 0 266 0 -1 0 0 0 32002 32002 0 0 0 0 0 658
WIT 7 260 261 422 416 449 332 0 1 0 32002 0 -1 0 0 0 32002 32002 0 0 0 0 0 0
WIT 6 260 261 244 239 1 0 0 1 0 397 0 -1 0 0 0 32002 32002 0 0 0 0 0 658
WIT 12 260 261 240 217 217 339 0 0 1 265 0 -1 0 0 0 32002 32002 0 0 0 0 0 1176
WIT 12 260 261 241 230 230 1176 0 0 1 261 0 -1 0 0 0 32002 32002 0 0 0 0 0 360
WIT 6 260 261 475 470 292 0 0 1 0 363 0 -1 0 0 0 32002 32002 0 0 0 0 0 3
WIT 6 241 242 238 233 219 0 0 0 0 -1 0 -1 0 0 0 32002 32002 0 0 0 0 0 0
WIT 12 260 261 304 293 310 1371 0 0 0 32002 0 -1 0 0 0 32002 32002 0 0 0 0 0 0
WIT 14 260 261 255 242 227 0 0 0 0 281 0 -1 0 0 0 32002 32002 0 0 0 0 0 3
WIT 9 260 261 485 477 468 0 0 0 0 409 0 -1 0 0 0 32002 32002 0 0 0 0 0 353
WIT 8 -261 -260 -174 -181 -348 0 0 0 0 -176 0 -1 0 0 0 32002 32002 0 0 0 0 0 3752
WIT 13 -261 -260 -232 -257 -258 0 0 0 0 -230 0 -1 0 0 0 32002 32002 0 0 0 0 0 2637
WIT 10 -261 -260 -184 -203 -254 0 0 0 0 -260 0 -1 0 0 0 32002 32002 0 0 0 0 0 3752
WIT 7 -261 -260 -227 -233 -234 0 0 0 0 -199 0 -1 0 0 0 32002 32002 0 0 0 0 0 3752
WIT 10 260 261 307 298 382 1371 0 0 0 32002 0 -1 0 0 0 32002 32002 0 0 0 0 0 0
WIT 6 260 261 249 244 243 0 0 0 0 263 0 -1 0 0 0 32002 32002 0 0 0 0 0 1321
WIT 10 260 261 244 225 224 0 0 0 0 261 0 -1 0 0 0 32002 32002 0 0 0 0 0 983
WIT 10 260 261 353 344 344 259 0 1 0 32002 0 -1 0 0 0 32002 32002 0 0 0 0 0 0
WIT 10 260 261 254 245 180 0 0 0 0 276 0 -1 0 0 0 32002 32002 0 0 0 0 0 983
WIT 9 260 261 291 283 239 0 0 0 0 325 0 -1 0 0 0 32002 32002 0 0 0 0 0 983
WIT 6 -261 -260 -235 -240 -262 0 0 0 0 -249 0 -1 0 0 0 32002 32002 0 0 0 0 0 3045
WIT 15 260 261 238 209 207 0 0 0 0 261 0 -1 0 0 0 32002 32002 0 0 0 0 0 594
WIT 6 -209 -208 -218 -223 -224 0 0 0 0 -201 0 -1 0 0 0 32002 32002 0 0 0 0 0 2189
WIT 6 -261 -260 -191 -196 -1009 0 0 0 0 -175 0 -1 0 0 0 32002 32002 0 0 0 0 0 852
WIT 7 -261 -260 -228 -234 -953 0 0 0 0 -238 0 -1 0 0 0 32002 32002 0 0 0 0 0 852
WIT 15 260 261 238 209 201 0 0 0 0 282 0 -1 0 0 0 32002 32002 0 0 0 0 0 1176
WIT 15 260 261 500 471 458 0 0 1 0 278 0 -1 0 0 0 32002 32002 0 0 0 0 0 781
WIT 9 501 502 873 865 864 0 0 1 0 656 0 -1 0 0 0 32002 32002 0 0 0 0 0 259
WIT 6 260 261 327 322 236 0 0 1 0 393 0 -1 0 0 0 32002 32002 0 0 0 0 0 781
WIT 14 260 261 238 211 165 0 0 0 0 261 0 -1 0 0 0 32002 32002 0 0 0 0 0 204
WIT 8 -261 -260 -228 -235 -816 0 0 0 0 -261 0 -1 0 0 0 32002 32002 0 0 0 0 0 0
WIT 12 -261 -260 -245 -256 -337 0 0 0 0 -301 0 -1 0 0 0 32002 32002 0 0 0 0 0 0
WIT 11 -261 -260 -484 -494 -494 53055 0 0 1 -261 1 1 11564 1 1 -261 -261 0 0 0 0 1 53055
WIT 11 260 261 261 251 244 0 0 0 0 261 0 -1 0 0 0 32002 32002 0 0 0 0 0 801
WIT 11 260 261 261 251 195 0 0 0 0 261 0 -1 0 0 0 32002 32002 0 0 0 0 0 204
WIT 13 260 261 252 240 208 0 0 0 0 261 0 -1 0 0 0 32002 32002 0 0 0 0 0 1
WIT 8 260 261 326 319 354 926 0 0 0 32002 0 -1 0 0 0 32002 32002 0 0 0 0 0 0
WIT 6 260 261 288 283 252 0 0 0 0 274 0 -1 0 0 0 32002 32002 0 0 0 0 0 1
WIT 9 -261 -260 -206 -214 -172 3641 0 0 0 32002 0 -1 0 0 0 32002 32002 0 0 0 0 0 0
WIT 8 -261 -260 155 148 84 0 0 0 0 -65 0 -1 0 0 0 32002 32002 0 0 0 0 0 2644
WIT 8 -261 -260 -204 -211 -213 0 0 0 0 -251 0 -1 0 0 0 32002 32002 0 0 0 0 0 3752
WIT 8 260 261 257 250 259 203 0 0 1 263 0 -1 0 0 0 32002 32002 0 0 0 0 0 360
WIT 8 260 261 282 275 308 332 0 1 0 32002 0 -1 0 0 0 32002 32002 0 0 0 0 0 0
WIT 11 -261 -260 -209 -219 -239 0 0 0 0 -261 0 -1 0 0 0 32002 32002 0 0 0 0 0 0
WIT 13 260 261 238 226 217 0 0 0 0 260 0 -1 0 0 0 32002 32002 0 0 0 0 0 722
WIT 12 260 261 250 239 296 0 0 0 0 32002 0 -1 0 0 0 32002 32002 0 0 0 0 0 0
WIT 12 260 261 221 210 285 268 0 1 0 32002 0 -1 0 0 0 32002 32002 0 0 0 0 0 0
WIT 8 260 261 266 259 280 204 0 0 0 32002 0 -1 0 0 0 32002 32002 0 0 0 0 0 0
WIT 7 260 261 338 332 279 0 0 0 0 299 0 -1 0 0 0 32002 32002 0 0 0 0 0 1176
WIT 11 260 261 238 217 188 0 0 0 0 261 0 -1 0 0 0 32002 32002 0 0 0 0 0 339
WIT 9 260 261 223 215 246 339 0 0 1 261 0 -1 0 0 0 32002 32002 0 0 0 0 0 1176
WIT 9 260 261 279 271 278 339 0 0 0 32002 0 -1 0 0 0 32002 32002 0 0 0 0 0 0
WIT 8 260 261 233 226 301 339 0 0 0 32002 0 -1 0 0 0 32002 32002 0 0 0 0 0 0
WIT 13 260 261 238 213 209 0 0 0 0 261 0 -1 0 0 0 32002 32002 0 0 0 0 0 528
WIT 15 260 261 238 224 293 722 1 0 0 32002 0 -1 0 0 0 32002 32002 0 0 0 0 0 0
WIT 8 260 261 245 238 253 268 1 1 0 304 0 -1 0 0 0 32002 32002 0 0 0 0 0 1164
WIT 13 260 261 244 232 236 528 0 0 1 294 0 -1 0 0 0 32002 32002 0 0 0 0 0 204
WIT 6 260 261 261 256 248 0 0 0 0 269 0 -1 0 0 0 32002 32002 0 0 0 0 0 779
WIT 13 260 261 268 256 255 0 0 0 0 261 0 -1 0 0 0 32002 32002 0 0 0 0 0 722
WIT 13 260 261 243 218 201 0 0 0 0 261 0 -1 0 0 0 32002 32002 0 0 0 0 0 360
WIT 13 260 261 265 253 259 1176 0 0 1 268 0 -1 0 0 0 32002 32002 0 0 0 0 0 1256
WIT 12 260 261 342 331 343 528 0 0 0 32002 0 -1 0 0 0 32002 32002 0 0 0 0 0 0
WIT 7 260 261 248 242 256 528 0 0 1 423 0 -1 0 0 0 32002 32002 0 0 0 0 0 1176
WIT 10 260 261 553 544 27 0 0 1 0 383 0 -1 0 0 0 32002 32002 0 0 0 0 0 659
WIT 9 260 261 505 497 496 0 0 0 0 360 0 -1 0 0 0 32002 32002 0 0 0 0 0 1176
WIT 7 260 261 294 288 288 528 0 0 0 32002 0 -1 0 0 0 32002 32002 0 0 0 0 0 0
WIT 12 260 261 247 224 178 0 0 0 0 267 0 -1 0 0 0 32002 32002 0 0 0 0 0 339
WIT 15 260 261 238 224 189 0 0 0 0 261 0 -1 0 0 0 32002 32002 0 0 0 0 0 658
WIT 15 260 261 238 209 10 0 0 1 0 261 0 -1 0 0 0 32002 32002 0 0 0 0 0 203
WIT 12 260 261 238 227 193 0 0 0 0 282 0 -1 0 0 0 32002 32002 0 0 0 0 0 658
WIT 8 260 261 330 323 336 528 0 0 0 32002 0 -1 0 0 0 32002 32002 0 0 0 0 0 0
WIT 14 260 261 238 211 -334 0 0 1 0 261 0 -1 0 0 0 32002 32002 0 0 0 0 0 332
WIT 13 260 261 283 271 306 593 0 0 0 32002 0 -1 0 0 0 32002 32002 0 0 0 0 0 0
WIT 15 260 261 238 209 119 0 0 1 0 261 0 -1 0 0 0 32002 32002 0 0 0 0 0 203
WIT 13 260 261 313 288 288 593 0 0 0 32002 0 -1 0 0 0 32002 32002 0 0 0 0 0 0
WIT 8 260 261 329 322 322 528 0 0 0 32002 0 -1 0 0 0 32002 32002 0 0 0 0 0 0
WIT 13 260 261 238 213 206 0 0 0 0 261 0 -1 0 0 0 32002 32002 0 0 0 0 0 1176
WIT 7 260 261 305 299 219 0 0 1 0 338 0 -1 0 0 0 32002 32002 0 0 0 0 0 203
WIT 7 260 261 246 240 209 0 0 1 0 261 0 -1 0 0 0 32002 32002 0 0 0 0 0 332
WIT 12 260 261 243 232 232 528 0 0 1 261 0 -1 0 0 0 32002 32002 0 0 0 0 0 1176
WIT 8 260 261 248 241 300 1180 0 0 0 32002 0 -1 0 0 0 32002 32002 0 0 0 0 0 0
WIT 8 260 261 238 231 231 339 0 0 1 261 0 -1 0 0 0 32002 32002 0 0 0 0 0 1176
WIT 7 260 261 239 233 233 528 0 0 1 261 0 -1 0 0 0 32002 32002 0 0 0 0 0 1176
WIT 7 260 261 248 242 242 528 0 0 1 261 0 -1 0 0 0 32002 32002 0 0 0 0 0 1176
WIT 7 260 261 238 232 232 528 0 0 1 263 0 -1 0 0 0 32002 32002 0 0 0 0 0 1176
WIT 8 260 261 278 271 271 528 0 0 0 32002 0 -1 0 0 0 32002 32002 0 0 0 0 0 0
WIT 7 260 261 238 232 232 528 0 0 1 261 0 -1 0 0 0 32002 32002 0 0 0 0 0 1176
WIT 12 260 261 238 215 212 0 0 0 0 261 0 -1 0 0 0 32002 32002 0 0 0 0 0 139
WIT 7 260 261 247 241 201 0 0 0 0 306 0 -1 0 0 0 32002 32002 0 0 0 0 0 1554
WIT 6 260 261 242 237 209 0 0 1 0 301 0 -1 0 0 0 32002 32002 0 0 0 0 0 658
WIT 11 260 261 238 228 228 1180 0 0 1 261 0 -1 0 0 0 32002 32002 0 0 0 0 0 1176
WIT 12 260 261 238 227 262 1176 0 0 0 32002 0 -1 0 0 0 32002 32002 0 0 0 0 0 0
WIT 11 260 261 257 247 296 339 0 0 0 32002 0 -1 0 0 0 32002 32002 0 0 0 0 0 0
WIT 11 260 261 238 228 259 139 0 0 1 273 0 -1 0 0 0 32002 32002 0 0 0 0 0 1176
WIT 11 260 261 238 228 248 339 0 0 1 270 0 -1 0 0 0 32002 32002 0 0 0 0 0 1176
WIT 10 260 261 250 241 246 339 0 0 1 262 0 -1 0 0 0 32002 32002 0 0 0 0 0 1176
WIT 11 260 261 238 228 259 339 0 0 1 261 0 -1 0 0 0 32002 32002 0 0 0 0 0 1176
WIT 11 260 261 243 233 233 139 0 0 1 287 0 -1 0 0 0 32002 32002 0 0 0 0 0 1176
WIT 12 260 261 238 227 227 528 0 0 1 261 0 -1 0 0 0 32002 32002 0 0 0 0 0 1176
WIT 6 260 261 238 233 242 139 0 0 1 261 0 -1 0 0 0 32002 32002 0 0 0 0 0 528
WIT 10 260 261 238 219 222 1176 0 0 1 261 0 -1 0 0 0 32002 32002 0 0 0 0 0 339
WIT 12 238 261 238 227 221 0 0 0 0 261 0 -1 0 0 0 32002 32002 0 0 0 0 0 82
WIT 6 212 213 215 210 258 82 0 0 0 32002 0 -1 0 0 0 32002 32002 0 0 0 0 0 0
WIT 8 260 261 216 209 257 339 0 0 1 368 0 -1 0 0 0 32002 32002 0 0 0 0 0 1176
WIT 7 260 261 214 208 251 0 0 0 0 244 0 -1 0 0 0 32002 32002 0 0 0 0 0 1176
WIT 6 260 261 230 225 262 528 0 0 0 32002 0 -1 0 0 0 32002 32002 0 0 0 0 0 0
WIT 13 260 261 238 213 218 2672 1 0 0 261 0 -1 0 0 0 32002 32002 0 0 0 0 0 82
WIT 8 260 261 253 246 279 353 0 0 0 32002 0 -1 0 0 0 32002 32002 0 0 0 0 0 0
WIT 6 260 261 242 237 283 0 0 0 0 32002 0 -1 0 0 0 32002 32002 0 0 0 0 0 0
WIT 13 260 261 238 213 213 2672 1 0 0 261 0 -1 0 0 0 32002 32002 0 0 0 0 0 82
WIT 11 260 261 198 188 222 658 0 0 1 261 0 -1 0 0 0 32002 32002 0 0 0 0 0 82
WIT 12 260 261 238 215 226 139 0 1 0 353 0 -1 0 0 0 32002 32002 0 0 0 0 0 658
WIT 11 260 261 320 310 424 148 0 0 0 32002 0 -1 0 0 0 32002 32002 0 0 0 0 0 0
WIT 9 260 261 234 226 226 203 0 0 1 269 0 -1 0 0 0 32002 32002 0 0 0 0 0 82
WIT 9 260 261 240 232 338 0 0 0 0 32002 0 -1 0 0 0 32002 32002 0 0 0 0 0 0
WIT 9 260 261 238 230 269 148 0 0 0 32002 0 -1 0 0 0 32002 32002 0 0 0 0 0 0
WIT 8 260 261 232 225 349 0 0 0 0 32002 0 -1 0 0 0 32002 32002 0 0 0 0 0 0
WIT 10 260 261 238 229 236 82 0 0 1 270 0 -1 0 0 0 32002 32002 0 0 0 0 0 2672
WIT 8 260 261 225 218 306 0 0 0 0 32002 0 -1 0 0 0 32002 32002 0 0 0 0 0 0
WIT 9 260 261 224 216 237 82 0 0 1 267 0 -1 0 0 0 32002 32002 0 0 0 0 0 2672
WIT 8 260 261 264 257 395 0 0 0 0 32002 0 -1 0 0 0 32002 32002 0 0 0 0 0 0
WIT 9 260 261 241 233 255 82 0 0 1 264 0 -1 0 0 0 32002 32002 0 0 0 0 0 2672
WIT 7 -254 -253 -234 -247 -362 0 0 0 0 -254 0 -1 0 0 0 32002 32002 0 0 0 0 0 0
WIT 11 291 292 312 291 348 360 1 0 0 32002 0 -1 0 0 0 32002 32002 0 0 0 0 0 0
WIT 6 291 292 271 266 294 837 1 0 0 32002 0 -1 0 0 0 32002 32002 0 0 0 0 0 0
WIT 11 291 292 268 258 258 139 0 1 0 294 0 -1 0 0 0 32002 32002 0 0 0 0 0 269
WIT 9 291 292 304 296 320 139 0 1 0 32002 0 -1 0 0 0 32002 32002 0 0 0 0 0 0
WIT 11 291 292 267 246 221 0 0 0 0 293 0 -1 0 0 0 32002 32002 0 0 0 0 0 1177
WIT 13 261 292 266 254 254 139 0 0 1 292 0 -1 0 0 0 32002 32002 0 0 0 0 0 601
WIT 13 291 292 250 238 238 139 0 0 1 297 0 -1 0 0 0 32002 32002 0 0 0 0 0 601
WIT 11 291 292 310 289 293 139 0 0 0 32002 0 -1 0 0 0 32002 32002 0 0 0 0 0 0
WIT 7 291 292 220 214 214 139 0 1 0 475 0 -1 0 0 0 32002 32002 0 0 0 0 0 269
WIT 6 291 292 211 206 105 0 0 0 0 340 0 -1 0 0 0 32002 32002 0 0 0 0 0 1177
WIT 11 291 292 242 221 280 139 0 0 1 323 0 -1 0 0 0 32002 32002 0 0 0 0 0 601
WIT 10 291 292 266 257 395 139 0 0 0 32002 0 -1 0 0 0 32002 32002 0 0 0 0 0 0
WIT 10 291 292 276 267 375 0 0 0 0 32002 0 -1 0 0 0 32002 32002 0 0 0 0 0 0
WIT 10 291 292 299 290 304 139 0 0 0 32002 0 -1 0 0 0 32002 32002 0 0 0 0 0 0
WIT 10 291 292 336 327 327 601 0 0 0 32002 0 -1 0 0 0 32002 32002 0 0 0 0 0 0
WIT 9 291 292 221 213 298 139 0 0 0 32002 0 -1 0 0 0 32002 32002 0 0 0 0 0 0
WIT 12 261 292 261 250 26 0 0 1 0 292 0 -1 0 0 0 32002 32002 0 0 0 0 0 658
WIT 7 291 292 238 232 224 0 0 0 0 222 0 -1 0 0 0 32002 32002 0 0 0 0 0 0
WIT 10 -292 -291 -222 -231 -317 0 0 0 0 -216 0 -1 0 0 0 32002 32002 0 0 0 0 0 2527
WIT 10 291 292 361 352 388 1380 1 0 0 32002 0 -1 0 0 0 32002 32002 0 0 0 0 0 0
WIT 11 291 292 284 274 177 0 0 0 0 304 0 -1 0 0 0 32002 32002 0 0 0 0 0 339
WIT 8 291 292 313 306 363 0 0 0 0 32002 0 -1 0 0 0 32002 32002 0 0 0 0 0 0
WIT 10 291 292 348 339 316 0 0 0 0 292 0 -1 0 0 0 32002 32002 0 0 0 0 0 339
WIT 9 291 292 238 230 276 0 0 0 0 298 0 -1 0 0 0 32002 32002 0 0 0 0 0 1438
WIT 10 468 469 797 788 828 838 0 1 0 32002 0 -1 0 0 0 32002 32002 0 0 0 0 0 0
WIT 7 468 469 578 572 785 838 0 1 0 32002 0 -1 0 0 0 32002 32002 0 0 0 0 0 0
WIT 11 291 292 337 327 443 1382 0 0 0 32002 0 -1 0 0 0 32002 32002 0 0 0 0 0 0
WIT 11 291 292 244 234 234 601 0 0 1 338 0 -1 0 0 0 32002 32002 0 0 0 0 0 339
WIT 15 291 292 261 232 229 0 0 1 0 292 0 -1 0 0 0 32002 32002 0 0 0 0 0 269
WIT 8 468 469 840 833 1126 139 0 1 0 32002 0 -1 0 0 0 32002 32002 0 0 0 0 0 0
WIT 14 291 292 261 234 1 0 0 1 0 292 0 -1 0 0 0 32002 32002 0 0 0 0 0 658
WIT 13 291 292 274 262 269 339 0 0 1 323 0 -1 0 0 0 32002 32002 0 0 0 0 0 658
WIT 11 291 292 221 211 272 339 0 0 1 324 0 -1 0 0 0 32002 32002 0 0 0 0 0 658
WIT 11 291 292 299 289 289 339 0 0 1 353 0 -1 0 0 0 32002 32002 0 0 0 0 0 658
WIT 10 291 292 261 252 278 339 0 0 1 357 0 -1 0 0 0 32002 32002 0 0 0 0 0 658
WIT 12 261 292 261 250 195 0 0 0 0 292 0 -1 0 0 0 32002 32002 0 0 0 0 0 1176
WIT 8 532 533 557 550 685 268 0 1 0 32002 0 -1 0 0 0 32002 32002 0 0 0 0 0 0
WIT 9 291 292 289 281 254 0 0 0 0 292 0 -1 0 0 0 32002 32002 0 0 0 0 0 1321
WIT 9 291 292 350 342 211 0 0 1 0 362 0 -1 0 0 0 32002 32002 0 0 0 0 0 3
WIT 17 291 292 261 228 160 0 0 0 0 292 0 -1 0 0 0 32002 32002 0 0 0 0 0 983
WIT 17 291 292 267 234 230 0 0 1 0 321 0 -1 0 0 0 32002 32002 0 0 0 0 0 781
WIT 6 -292 -291 -267 -272 -910 0 0 0 0 -271 0 -1 0 0 0 32002 32002 0 0 0 0 0 3113
WIT 8 -228 -227 -230 -237 -453 0 0 0 0 -205 0 -1 0 0 0 32002 32002 0 0 0 0 0 3763
WIT 7 -228 -227 -232 -245 -326 0 0 0 0 -207 0 -1 0 0 0 32002 32002 0 0 0 0 0 2637
WIT 10 -228 -227 -168 -177 0 0 0 0 0 32002 0 -1 0 0 0 32002 32002 0 0 0 0 0 0
WIT 7 -228 -227 -260 -273 -374 0 0 0 0 -139 0 -1 0 0 0 32002 32002 0 0 0 0 0 3752
WIT 7 -292 -291 -528 -534 -932 0 0 0 0 -298 0 -1 0 0 0 32002 32002 0 0 0 0 0 0
WIT 17 291 292 261 228 209 0 0 0 0 292 0 -1 0 0 0 32002 32002 0 0 0 0 0 1371
WIT 9 291 292 284 276 303 926 0 0 0 32002 0 -1 0 0 0 32002 32002 0 0 0 0 0 0
WIT 18 291 292 282 266 279 801 0 0 1 303 0 -1 0 0 0 32002 32002 0 0 0 0 0 983
WIT 12 291 292 304 293 310 1371 0 0 0 32002 0 -1 0 0 0 32002 32002 0 0 0 0 0 0
WIT 17 291 292 279 246 227 0 0 0 0 292 0 -1 0 0 0 32002 32002 0 0 0 0 0 3
WIT 13 291 292 319 294 266 0 0 0 0 292 0 -1 0 0 0 32002 32002 0 0 0 0 0 983
WIT 11 291 292 328 318 325 1371 0 0 0 32002 0 -1 0 0 0 32002 32002 0 0 0 0 0 0
WIT 11 291 292 341 331 304 0 0 0 0 334 0 -1 0 0 0 32002 32002 0 0 0 0 0 983
WIT 13 291 292 348 336 336 259 0 1 0 32002 0 -1 0 0 0 32002 32002 0 0 0 0 0 0
WIT 13 291 292 290 278 278 926 0 0 1 293 0 -1 0 0 0 32002 32002 0 0 0 0 0 801
WIT 10 291 292 261 252 280 771 0 0 1 325 0 -1 0 0 0 32002 32002 0 0 0 0 0 3
WIT 12 291 292 261 238 165 0 0 0 0 292 0 -1 0 0 0 32002 32002 0 0 0 0 0 983
WIT 11 291 292 342 332 356 259 0 1 0 32002 0 -1 0 0 0 32002 32002 0 0 0 0 0 0
WIT 8 291 292 261 254 314 926 0 0 0 32002 0 -1 0 0 0 32002 32002 0 0 0 0 0 0
WIT 12 291 292 261 250 237 0 0 0 0 314 0 -1 0 0 0 32002 32002 0 0 0 0 0 983
WIT 11 291 292 275 265 238 0 0 0 0 313 0 -1 0 0 0 32002 32002 0 0 0 0 0 983
WIT 11 291 292 313 303 303 1371 0 0 0 32002 0 -1 0 0 0 32002 32002 0 0 0 0 0 0
WIT 12 291 292 317 306 410 1371 0 0 0 32002 0 -1 0 0 0 32002 32002 0 0 0 0 0 0
WIT 14 291 292 332 319 318 0 0 0 0 317 0 -1 0 0 0 32002 32002 0 0 0 0 0 801
WIT 17 291 292 261 228 207 0 0 0 0 292 0 -1 0 0 0 32002 32002 0 0 0 0 0 594
WIT 7 -242 -241 -458 -464 -428 1618 1 0 0 -242 0 -1 0 0 0 32002 32002 0 0 0 0 0 1618
WIT 18 291 292 277 242 232 0 0 1 0 295 0 -1 0 0 0 32002 32002 0 0 0 0 0 781
WIT 7 -247 -246 -201 -214 -221 0 0 0 0 -224 0 -1 0 0 0 32002 32002 0 0 0 0 0 2189
WIT 6 -247 -246 -168 -173 -199 0 0 0 0 -216 0 -1 0 0 0 32002 32002 0 0 0 0 0 2189
WIT 9 291 292 587 579 771 788 1 1 0 32002 0 -1 0 0 0 32002 32002 0 0 0 0 0 0
WIT 12 291 292 284 273 246 0 0 1 0 323 0 -1 0 0 0 32002 32002 0 0 0 0 0 194
WIT 18 291 292 282 266 53 0 0 1 0 292 0 -1 0 0 0 32002 32002 0 0 0 0 0 259
WIT 7 468 469 875 869 1142 259 0 1 0 32002 0 -1 0 0 0 32002 32002 0 0 0 0 0 0
WIT 17 291 292 280 247 226 0 0 0 0 292 0 -1 0 0 0 32002 32002 0 0 0 0 0 1176
WIT 9 709 710 981 973 972 0 0 1 0 915 0 -1 0 0 0 32002 32002 0 0 0 0 0 259
WIT 8 532 533 656 649 932 203 1 1 0 32002 0 -1 0 0 0 32002 32002 0 0 0 0 0 0
WIT 10 532 533 642 633 632 0 0 1 0 873 0 -1 0 0 0 32002 32002 0 0 0 0 0 259
WIT 10 291 292 311 302 301 0 0 0 0 317 0 -1 0 0 0 32002 32002 0 0 0 0 0 594
WIT 15 291 292 261 247 270 1176 0 0 1 314 0 -1 0 0 0 32002 32002 0 0 0 0 0 983
WIT 9 291 292 279 271 363 1176 0 0 0 32002 0 -1 0 0 0 32002 32002 0 0 0 0 0 0
WIT 10 291 292 263 254 452 983 0 0 0 32002 0 -1 0 0 0 32002 32002 0 0 0 0 0 0
WIT 16 291 292 261 230 190 0 0 0 0 292 0 -1 0 0 0 32002 32002 0 0 0 0 0 204
WIT 7 -228 -227 -248 -254 -236 3045 0 0 1 -228 1 1 33776 1 1 -228 -164 0 0 0 0 5 3045
WIT 7 -228 -227 -260 -266 -341 0 0 0 0 -227 0 -1 0 0 0 32002 32002 0 0 0 0 0 3641
WIT 10 -292 -291 -451 -460 -1071 0 0 0 0 -286 0 -1 0 0 0 32002 32002 0 0 0 0 0 1738
WIT 11 -292 -291 -260 -270 -225 2267 0 0 0 32002 0 -1 0 0 0 32002 32002 0 0 0 0 0 0
WIT 11 -292 -291 -222 -232 -316 0 0 0 0 -291 0 -1 0 0 0 32002 32002 0 0 0 0 0 2664
WIT 6 291 292 126 121 45 0 0 0 0 259 0 -1 0 0 0 32002 32002 0 0 0 0 0 0
WIT 10 -292 -291 -251 -270 -272 0 0 0 0 -291 0 -1 0 0 0 32002 32002 0 0 0 0 0 3752
WIT 8 -292 -291 -226 -233 -188 3104 0 0 0 32002 0 -1 0 0 0 32002 32002 0 0 0 0 0 0
WIT 17 291 292 261 228 227 0 0 0 0 291 0 -1 0 0 0 32002 32002 0 0 0 0 0 0
WIT 9 -292 -291 -209 -217 -253 0 0 0 0 -290 0 -1 0 0 0 32002 32002 0 0 0 0 0 3752
WIT 15 291 292 261 232 209 0 0 0 0 291 0 -1 0 0 0 32002 32002 0 0 0 0 0 0
WIT 7 -292 -291 -199 -205 -205 4015 0 0 0 32002 0 -1 0 0 0 32002 32002 0 0 0 0 0 0
WIT 14 291 292 261 234 223 0 0 0 0 291 0 -1 0 0 0 32002 32002 0 0 0 0 0 0
WIT 8 -262 -261 -291 -298 -288 2601 0 0 1 -253 0 -1 0 0 0 32002 32002 0 0 0 0 0 2584
WIT 10 -262 -261 -235 -244 -200 0 0 0 0 32002 0 -1 0 0 0 32002 32002 0 0 0 0 0 0
WIT 8 -262 -261 -259 -266 -204 0 0 0 0 32002 0 -1 0 0 0 32002 32002 0 0 0 0 0 0
WIT 9 -262 -261 -262 -270 -300 0 0 0 0 -219 0 -1 0 0 0 32002 32002 0 0 0 0 0 2388
WIT 10 -262 -261 -271 -280 -286 0 0 0 0 -261 0 -1 0 0 0 32002 32002 0 0 0 0 0 2388
WIT 9 -262 -261 -272 -280 -281 0 0 0 0 -261 0 -1 0 0 0 32002 32002 0 0 0 0 0 2601
WIT 8 -262 -261 -291 -306 -369 0 0 0 0 -261 0 -1 0 0 0 32002 32002 0 0 0 0 0 2664
WIT 9 -262 -261 -96 -104 -69 2267 0 0 0 32002 0 -1 0 0 0 32002 32002 0 0 0 0 0 0
WIT 8 -262 -261 -262 -269 -194 0 0 0 0 32002 0 -1 0 0 0 32002 32002 0 0 0 0 0 0
WIT 7 -262 -261 -291 -304 -314 0 0 0 0 -261 0 -1 0 0 0 32002 32002 0 0 0 0 0 3752
WIT 9 -262 -261 -283 -300 -290 3752 0 0 1 -253 0 -1 0 0 0 32002 32002 0 0 0 0 0 3641
WIT 8 -292 -261 -291 -298 -298 3038 0 0 1 -261 0 -1 0 0 0 32002 32002 0 0 0 0 0 1618
WIT 12 -262 -261 -278 -289 -292 0 0 0 0 -255 0 -1 0 0 0 32002 32002 0 0 0 0 0 3038
WIT 11 -262 -261 -278 -288 -333 0 0 0 0 -255 0 -1 0 0 0 32002 32002 0 0 0 0 0 2644
WIT 6 -262 -261 -284 -289 -297 0 0 0 0 -262 0 -1 0 0 0 32002 32002 0 0 0 0 0 0
WIT 11 -262 -261 -284 -294 -275 1618 1 0 0 -262 0 -1 0 0 0 32002 32002 0 0 0 0 0 1618
WIT 9 -262 -261 -262 -270 -281 0 0 0 0 -262 0 -1 0 0 0 32002 32002 0 0 0 0 0 0
WIT 10 -262 -261 -280 -289 -314 0 0 0 0 -262 0 -1 0 0 0 32002 32002 0 0 0 0 0 0
WIT 9 -262 -261 -290 -307 -314 0 0 0 0 -262 0 -1 0 0 0 32002 32002 0 0 0 0 0 0
WIT 8 -263 -262 -266 -273 -197 3038 0 0 0 32002 0 -1 0 0 0 32002 32002 0 0 0 0 0 0
WIT 6 -263 -262 -281 -286 -286 3641 0 0 1 -262 0 -1 0 0 0 32002 32002 0 0 0 0 0 3752
WIT 9 261 262 261 244 261 2579 0 0 1 262 0 -1 0 0 0 32002 32002 0 0 0 0 0 722
WIT 9 261 262 261 244 227 0 0 0 0 262 0 -1 0 0 0 32002 32002 0 0 0 0 0 360
WIT 11 261 262 261 240 189 0 0 0 0 262 0 -1 0 0 0 32002 32002 0 0 0 0 0 658
WIT 13 261 262 261 249 410 267 1 1 0 32002 0 -1 0 0 0 32002 32002 0 0 0 0 0 0
WIT 12 261 262 261 238 73 0 0 1 0 262 0 -1 0 0 0 32002 32002 0 0 0 0 0 203
WIT 10 261 262 330 321 339 528 0 0 0 32002 0 -1 0 0 0 32002 32002 0 0 0 0 0 0
WIT 10 261 262 346 337 382 0 0 0 0 32002 0 -1 0 0 0 32002 32002 0 0 0 0 0 0
WIT 9 261 262 261 253 252 0 0 0 0 352 0 -1 0 0 0 32002 32002 0 0 0 0 0 658
WIT 9 261 262 443 435 425 0 0 0 0 312 0 -1 0 0 0 32002 32002 0 0 0 0 0 658
WIT 9 261 262 300 292 334 0 0 0 0 32002 0 -1 0 0 0 32002 32002 0 0 0 0 0 0
WIT 7 261 262 420 414 325 0 0 0 0 279 0 -1 0 0 0 32002 32002 0 0 0 0 0 658
WIT 10 261 262 261 242 37 0 0 1 0 262 0 -1 0 0 0 32002 32002 0 0 0 0 0 332
WIT 12 261 262 261 238 156 0 0 1 0 262 0 -1 0 0 0 32002 32002 0 0 0 0 0 203
WIT 9 261 262 261 244 237 0 0 0 0 262 0 -1 0 0 0 32002 32002 0 0 0 0 0 1176
WIT 7 261 262 248 242 300 1180 0 0 0 32002 0 -1 0 0 0 32002 32002 0 0 0 0 0 0
WIT 7 261 262 238 232 285 722 1 0 0 32002 0 -1 0 0 0 32002 32002 0 0 0 0 0 0
WIT 7 261 262 261 255 259 1176 0 0 1 301 0 -1 0 0 0 32002 32002 0 0 0 0 0 528
WIT 10 -292 -261 -291 -300 -289 4020 0 0 1 -262 1 2 3396 1 1 -262 -262 1 0 57 0 248 4015
WIT 7 -263 -262 -197 -203 -189 4020 0 0 0 32002 0 -1 0 0 0 32002 32002 0 0 0 0 0 0
WIT 7 -263 -262 -199 -205 -206 0 0 0 0 -254 0 -1 0 0 0 32002 32002 0 0 0 0 0 2579
WIT 10 -263 -262 -282 -301 -279 2267 0 0 1 -262 0 -1 0 0 0 32002 32002 0 0 0 0 0 3752
WIT 7 291 292 263 257 257 528 0 0 1 292 0 -1 0 0 0 32002 32002 0 0 0 0 0 1249
WIT 8 -263 -262 -183 -190 -178 3641 0 0 0 32002 0 -1 0 0 0 32002 32002 0 0 0 0 0 0
WIT 11 261 262 261 240 240 528 0 0 1 262 0 -1 0 0 0 32002 32002 0 0 0 0 0 139
WIT 8 261 262 242 227 269 801 0 0 0 32002 0 -1 0 0 0 32002 32002 0 0 0 0 0 0
WIT 8 261 262 261 246 240 0 0 0 0 262 0 -1 0 0 0 32002 32002 0 0 0 0 0 204
WIT 13 261 262 261 236 236 1176 0 0 1 262 0 -1 0 0 0 32002 32002 0 0 0 0 0 1256
WIT 13 261 262 258 246 272 268 0 1 0 32002 0 -1 0 0 0 32002 32002 0 0 0 0 0 0
WIT 7 261 262 377 371 333 0 0 1 0 430 0 -1 0 0 0 32002 32002 0 0 0 0 0 658
WIT 8 261 262 297 290 299 204 0 0 0 32002 0 -1 0 0 0 32002 32002 0 0 0 0 0 0
WIT 11 261 262 268 247 247 204 0 0 1 277 0 -1 0 0 0 32002 32002 0 0 0 0 0 1176
WIT 6 261 262 315 310 273 0 0 0 0 334 0 -1 0 0 0 32002 32002 0 0 0 0 0 1176
WIT 6 261 262 306 301 300 0 0 0 0 387 0 -1 0 0 0 32002 32002 0 0 0 0 0 1176
WIT 7 261 262 261 255 254 0 0 0 0 326 0 -1 0 0 0 32002 32002 0 0 0 0 0 1176
WIT 7 261 262 270 264 263 0 0 0 0 336 0 -1 0 0 0 32002 32002 0 0 0 0 0 1176
WIT 11 261 262 261 251 250 0 0 0 0 262 0 -1 0 0 0 32002 32002 0 0 0 0 0 139
WIT 9 261 262 265 257 291 139 0 0 0 32002 0 -1 0 0 0 32002 32002 0 0 0 0 0 0
WIT 10 261 262 261 242 242 139 0 0 1 262 0 -1 0 0 0 32002 32002 0 0 0 0 0 1176
WIT 9 261 262 238 230 307 0 0 0 0 32002 0 -1 0 0 0 32002 32002 0 0 0 0 0 0
WIT 9 261 262 269 261 269 528 0 0 0 32002 0 -1 0 0 0 32002 32002 0 0 0 0 0 0
WIT 8 261 262 268 261 318 139 0 0 0 32002 0 -1 0 0 0 32002 32002 0 0 0 0 0 0
WIT 8 261 262 256 249 288 139 0 0 0 32002 0 -1 0 0 0 32002 32002 0 0 0 0 0 0
WIT 9 261 262 297 289 293 139 0 0 0 32002 0 -1 0 0 0 32002 32002 0 0 0 0 0 0
WIT 9 261 262 306 298 310 139 0 0 0 32002 0 -1 0 0 0 32002 32002 0 0 0 0 0 0
WIT 8 261 262 276 269 344 0 0 0 0 32002 0 -1 0 0 0 32002 32002 0 0 0 0 0 0
WIT 9 261 262 284 276 276 139 0 0 0 32002 0 -1 0 0 0 32002 32002 0 0 0 0 0 0
WIT 10 261 262 289 280 280 139 0 0 0 32002 0 -1 0 0 0 32002 32002 0 0 0 0 0 0
WIT 12 261 262 261 238 153 0 0 0 0 262 0 -1 0 0 0 32002 32002 0 0 0 0 0 339
WIT 13 261 262 261 249 245 0 0 0 0 262 0 -1 0 0 0 32002 32002 0 0 0 0 0 360
WIT 11 261 262 238 228 262 1176 0 0 0 32002 0 -1 0 0 0 32002 32002 0 0 0 0 0 0
WIT 9 261 262 261 253 256 1180 0 0 1 262 0 -1 0 0 0 32002 32002 0 0 0 0 0 1176
WIT 10 261 262 261 252 262 339 0 0 0 32002 0 -1 0 0 0 32002 32002 0 0 0 0 0 0
WIT 9 261 262 257 249 294 339 0 0 0 32002 0 -1 0 0 0 32002 32002 0 0 0 0 0 0
WIT 9 261 262 261 253 321 339 0 0 0 32002 0 -1 0 0 0 32002 32002 0 0 0 0 0 0
WIT 10 261 262 261 252 263 339 0 0 0 32002 0 -1 0 0 0 32002 32002 0 0 0 0 0 0
WIT 10 261 262 261 242 242 1176 0 0 1 261 1 1 50958 1 1 261 262 0 0 0 0 21 1176
WIT 8 -263 -262 -256 -263 -532 0 0 0 0 -245 0 -1 0 0 0 32002 32002 0 0 0 0 0 3113
WIT 9 -263 -262 -148 -156 -146 3938 0 0 0 32002 0 -1 0 0 0 32002 32002 0 0 0 0 0 0
WIT 10 -263 -262 -23 -42 72 2649 0 0 0 32002 0 -1 0 0 0 32002 32002 0 0 0 0 0 0
WIT 9 -263 -262 -161 -178 -181 0 0 0 0 -216 0 -1 0 0 0 32002 32002 0 0 0 0 0 2267
WIT 6 -263 -262 -114 -119 -154 0 0 0 0 -171 0 -1 0 0 0 32002 32002 0 0 0 0 0 2189
WIT 9 -263 -262 -195 -212 -221 0 0 0 0 -236 0 -1 0 0 0 32002 32002 0 0 0 0 0 3038
WIT 6 -263 -262 -153 -158 -177 0 0 0 0 -259 0 -1 0 0 0 32002 32002 0 0 0 0 0 2664
WIT 8 -263 -262 -166 -181 -195 0 0 0 0 -246 0 -1 0 0 0 32002 32002 0 0 0 0 0 3038
WIT 6 -263 -262 -261 -266 -267 0 0 0 0 -271 0 -1 0 0 0 32002 32002 0 0 0 0 0 0
WIT 11 -263 -262 -179 -189 -203 0 0 0 0 -263 0 -1 0 0 0 32002 32002 0 0 0 0 0 0
WIT 8 -263 -262 -195 -202 -129 2649 0 0 0 32002 0 -1 0 0 0 32002 32002 0 0 0 0 0 0
WIT 11 262 263 223 213 111 0 0 0 0 237 0 -1 0 0 0 32002 32002 0 0 0 0 0 0
WIT 10 -263 -262 -259 -268 -266 3038 0 0 1 -259 0 -1 0 0 0 32002 32002 0 0 0 0 0 3752
WIT 11 -263 -262 -174 -195 -196 0 0 0 0 -262 0 -1 0 0 0 32002 32002 0 0 0 0 0 4015
WIT 9 -263 -262 -196 -204 -112 0 0 0 0 32002 0 -1 0 0 0 32002 32002 0 0 0 0 0 0
WIT 10 -263 -262 -144 -153 -176 0 0 0 0 -263 0 -1 0 0 0 32002 32002 0 0 0 0 0 0
WIT 9 -263 -262 -148 -165 -166 0 0 0 0 -263 0 -1 0 0 0 32002 32002 0 0 0 0 0 0
WIT 7 262 263 320 307 229 0 0 0 0 263 0 -1 0 0 0 32002 32002 0 0 0 0 0 82
WIT 6 262 263 277 272 271 0 0 0 0 263 0 -1 0 0 0 32002 32002 0 0 0 0 0 82
WIT 9 262 292 295 287 281 0 0 0 0 292 0 -1 0 0 0 32002 32002 0 0 0 0 0 722
WIT 10 291 292 263 254 494 601 0 0 0 32002 0 -1 0 0 0 32002 32002 0 0 0 0 0 0
WIT 10 262 292 263 254 193 0 0 0 0 292 0 -1 0 0 0 32002 32002 0 0 0 0 0 528
WIT 7 291 292 672 666 669 259 0 1 0 32002 0 -1 0 0 0 32002 32002 0 0 0 0 0 0
WIT 7 291 292 319 313 328 0 0 0 0 32002 0 -1 0 0 0 32002 32002 0 0 0 0 0 0
WIT 8 291 292 302 295 188 0 0 0 0 289 0 -1 0 0 0 32002 32002 0 0 0 0 0 926
WIT 8 -292 -262 -259 -266 -266 3752 0 0 1 -313 1 1 27546 1 1 -292 -310 0 0 0 0 29 0
WIT 8 -292 -262 -288 -295 -612 0 0 0 0 -292 0 -1 0 0 0 32002 32002 0 0 0 0 0 0
WIT 6 -292 -291 -210 -215 -216 0 0 0 0 -279 0 -1 0 0 0 32002 32002 0 0 0 0 0 2713
WIT 7 -292 -262 -275 -281 -281 3956 0 0 1 -262 0 -1 0 0 0 32002 32002 0 0 0 0 0 3763
WIT 10 -263 -262 -256 -265 -263 3956 0 0 1 -248 0 -1 0 0 0 32002 32002 0 0 0 0 0 3763
WIT 8 -292 -262 -277 -284 -292 0 0 0 0 -262 0 -1 0 0 0 32002 32002 0 0 0 0 0 2674
WIT 10 262 292 263 254 209 0 0 0 0 262 0 -1 0 0 0 32002 32002 0 0 0 0 0 0
WIT 9 -263 -262 -179 -187 -181 3641 0 0 0 32002 0 -1 0 0 0 32002 32002 0 0 0 0 0 0
WIT 11 -263 -262 -165 -186 -171 3104 0 0 0 32002 0 -1 0 0 0 32002 32002 0 0 0 0 0 0
WIT 8 -263 -262 -172 -179 -132 3104 0 0 0 32002 0 -1 0 0 0 32002 32002 0 0 0 0 0 0
WIT 7 -263 -262 -176 -182 -138 3038 0 0 0 32002 0 -1 0 0 0 32002 32002 0 0 0 0 0 0
WIT 10 -263 -262 -176 -195 -203 0 0 0 0 -248 0 -1 0 0 0 32002 32002 0 0 0 0 0 4015
WIT 12 261 292 261 250 183 0 0 0 0 262 0 -1 0 0 0 32002 32002 0 0 0 0 0 82
WIT 8 261 262 317 310 309 0 0 0 0 319 0 -1 0 0 0 32002 32002 0 0 0 0 0 1176
WIT 8 261 262 265 258 265 0 0 0 0 32002 0 -1 0 0 0 32002 32002 0 0 0 0 0 0
WIT 8 261 262 271 264 494 1176 0 0 0 32002 0 -1 0 0 0 32002 32002 0 0 0 0 0 0
WIT 12 261 262 261 238 237 0 0 0 0 262 0 -1 0 0 0 32002 32002 0 0 0 0 0 82
WIT 7 261 262 261 255 263 339 0 0 0 32002 0 -1 0 0 0 32002 32002 0 0 0 0 0 0
WIT 12 261 262 238 227 245 2673 0 0 1 263 0 -1 0 0 0 32002 32002 0 0 0 0 0 82
WIT 14 261 262 312 285 432 360 1 0 0 32002 0 -1 0 0 0 32002 32002 0 0 0 0 0 0
WIT 14 261 262 293 280 280 139 0 1 0 32002 0 -1 0 0 0 32002 32002 0 0 0 0 0 0
WIT 12 261 262 304 293 425 139 0 1 0 32002 0 -1 0 0 0 32002 32002 0 0 0 0 0 0
WIT 14 261 262 292 265 259 0 0 0 0 280 0 -1 0 0 0 32002 32002 0 0 0 0 0 1177
WIT 15 261 262 292 263 259 0 0 0 0 278 0 -1 0 0 0 32002 32002 0 0 0 0 0 601
WIT 14 261 262 320 293 295 339 0 0 0 32002 0 -1 0 0 0 32002 32002 0 0 0 0 0 0
WIT 13 261 262 295 270 294 139 0 0 0 32002 0 -1 0 0 0 32002 32002 0 0 0 0 0 0
WIT 10 261 262 310 291 315 139 0 0 0 32002 0 -1 0 0 0 32002 32002 0 0 0 0 0 0
WIT 8 261 262 336 329 329 601 0 0 0 32002 0 -1 0 0 0 32002 32002 0 0 0 0 0 0
WIT 8 261 262 221 214 260 593 0 0 1 365 0 -1 0 0 0 32002 32002 0 0 0 0 0 601
WIT 14 261 262 292 265 35 0 0 1 0 266 0 -1 0 0 0 32002 32002 0 0 0 0 0 658
WIT 8 261 262 261 254 244 0 0 0 0 263 0 -1 0 0 0 32002 32002 0 0 0 0 0 339
WIT 13 261 262 292 267 262 0 0 0 0 262 0 -1 0 0 0 32002 32002 0 0 0 0 0 1176
WIT 13 261 262 253 241 309 2673 0 0 0 32002 0 -1 0 0 0 32002 32002 0 0 0 0 0 0
WIT 10 261 262 313 294 294 339 0 0 0 32002 0 -1 0 0 0 32002 32002 0 0 0 0 0 0
WIT 7 261 262 242 236 295 0 0 0 0 32002 0 -1 0 0 0 32002 32002 0 0 0 0 0 0
WIT 12 261 262 261 238 236 0 0 0 0 262 0 -1 0 0 0 32002 32002 0 0 0 0 0 82
WIT 9 261 262 225 217 259 82 0 0 1 272 0 -1 0 0 0 32002 32002 0 0 0 0 0 2672
WIT 10 261 262 261 252 279 658 0 0 0 32002 0 -1 0 0 0 32002 32002 0 0 0 0 0 0
WIT 9 261 262 263 255 259 82 0 0 1 264 0 -1 0 0 0 32002 32002 0 0 0 0 0 2672
WIT 8 261 262 240 233 332 0 0 0 0 32002 0 -1 0 0 0 32002 32002 0 0 0 0 0 0
WIT 8 261 262 435 428 510 0 0 0 0 32002 0 -1 0 0 0 32002 32002 0 0 0 0 0 0
WIT 8 261 262 268 261 277 658 0 0 0 32002 0 -1 0 0 0 32002 32002 0 0 0 0 0 0
WIT 10 261 262 269 260 278 82 0 0 0 32002 0 -1 0 0 0 32002 32002 0 0 0 0 0 0
WIT 9 261 262 266 258 278 82 0 0 0 32002 0 -1 0 0 0 32002 32002 0 0 0 0 0 0
WIT 7 261 262 232 226 343 0 0 0 0 32002 0 -1 0 0 0 32002 32002 0 0 0 0 0 0

===========================
Total time (ms) : 58
Nodes searched  : 43231
Nodes/second    : 745362
