
Position: 1/1 (rnbqkbnr/1p3pp1/4p3/p2pP2p/3p1P2/2N2N2/PPP3PP/R1BQKB1R w KQkq - 0 7)
WIT 7 293 294 317 304 266 0 0 0 0 297 0 -1 0 0 0 32002 32002 0 0 0 0 0 148
WIT 7 293 294 289 283 292 148 0 0 1 306 0 -1 0 0 0 32002 32002 0 0 0 0 0 231
WIT 6 305 306 304 299 365 148 0 0 0 32002 0 -1 0 0 0 32002 32002 0 0 0 0 0 0
WIT 6 305 306 294 289 258 0 0 0 0 305 0 -1 0 0 0 32002 32002 0 0 0 0 0 0
WIT 6 -264 -263 -251 -256 -222 3690 0 0 0 32002 0 -1 0 0 0 32002 32002 0 0 0 0 0 0
WIT 6 -243 -242 -251 -256 -227 3690 0 0 0 32002 0 -1 0 0 0 32002 32002 0 0 0 0 0 0
WIT 6 -243 -242 -258 -263 -243 3690 0 0 1 -242 0 -1 0 0 0 32002 32002 0 0 0 0 0 3763
WIT 6 -215 -214 -237 -242 -232 3938 0 0 1 -214 0 -1 0 0 0 32002 32002 0 0 0 0 0 4015
WIT 6 -215 -214 -251 -256 -227 3690 0 0 1 -214 0 -1 0 0 0 32002 32002 0 0 0 0 0 3763
WIT 6 -215 -214 -242 -247 -238 3690 0 0 1 -215 1 1 3541 1 1 -215 -210 0 0 0 0 32 3690
WIT 6 236 237 178 173 219 1761 0 0 1 249 0 -1 0 0 0 32002 32002 0 0 0 0 0 1185
WIT 7 236 237 304 298 298 148 0 0 0 32002 0 -1 0 0 0 32002 32002 0 0 0 0 0 0
WIT 6 236 237 299 294 293 0 0 0 0 237 0 -1 0 0 0 32002 32002 0 0 0 0 0 148
WIT 6 -228 -227 -214 -219 -79 3938 0 0 0 32002 0 -1 0 0 0 32002 32002 0 0 0 0 0 0
WIT 6 246 247 437 432 309 0 0 0 0 400 0 -1 0 0 0 32002 32002 0 0 0 0 0 1765
WIT 7 246 247 247 241 251 0 0 0 0 32002 0 -1 0 0 0 32002 32002 0 0 0 0 0 0
WIT 6 -247 -246 -246 -251 -236 3763 0 0 0 32002 0 -1 0 0 0 32002 32002 0 0 0 0 0 0
WIT 7 246 247 237 224 205 0 0 0 0 246 0 -1 0 0 0 32002 32002 0 0 0 0 0 0
WIT 7 -215 -214 -227 -233 -224 3690 0 0 1 -203 0 -1 0 0 0 32002 32002 0 0 0 0 0 3817
WIT 7 -215 -214 -218 -224 -224 3938 0 0 1 -199 0 -1 0 0 0 32002 32002 0 0 0 0 0 3690
WIT 7 -198 -197 -204 -210 -233 0 0 0 0 -197 0 -1 0 0 0 32002 32002 0 0 0 0 0 3817
WIT 7 -198 -197 -214 -220 -240 0 0 0 0 -189 0 -1 0 0 0 32002 32002 0 0 0 0 0 2217
WIT 8 -198 -197 -200 -207 -207 3938 0 0 1 -188 0 -1 0 0 0 32002 32002 0 0 0 0 0 3690
WIT 6 -198 -197 -211 -216 -216 3763 0 1 0 -197 0 -1 0 0 0 32002 32002 0 0 0 0 0 3690
WIT 6 -198 -197 -144 -149 -135 3690 0 0 0 32002 0 -1 0 0 0 32002 32002 0 0 0 0 0 0
WIT 6 -198 -197 -208 -213 -213 3690 0 0 1 -197 0 -1 0 0 0 32002 32002 0 0 0 0 0 3763
WIT 7 211 212 247 241 224 0 0 0 0 222 0 -1 0 0 0 32002 32002 0 0 0 0 0 1770
WIT 6 211 212 272 267 269 0 0 0 0 32002 0 -1 0 0 0 32002 32002 0 0 0 0 0 0
WIT 6 211 212 292 287 286 0 0 0 0 217 0 -1 0 0 0 32002 32002 0 0 0 0 0 1761
WIT 9 211 212 237 220 217 0 0 0 0 215 0 -1 0 0 0 32002 32002 0 0 0 0 0 148
WIT 8 211 212 302 295 341 1176 0 0 0 32002 0 -1 0 0 0 32002 32002 0 0 0 0 0 0
WIT 8 211 212 216 201 201 1185 0 0 1 217 0 -1 0 0 0 32002 32002 0 0 0 0 0 1761
WIT 6 211 212 318 313 251 0 0 0 0 234 0 -1 0 0 0 32002 32002 0 0 0 0 0 231
WIT 7 211 212 296 283 273 0 0 0 0 212 0 -1 0 0 0 32002 32002 0 0 0 0 0 148
WIT 8 211 212 304 297 297 148 0 0 0 32002 0 -1 0 0 0 32002 32002 0 0 0 0 0 0
WIT 7 211 212 206 193 205 1185 0 0 1 243 0 -1 0 0 0 32002 32002 0 0 0 0 0 528
WIT 6 220 221 272 267 273 0 0 0 0 32002 0 -1 0 0 0 32002 32002 0 0 0 0 0 0
WIT 9 220 221 266 258 297 528 0 0 0 32002 0 -1 0 0 0 32002 32002 0 0 0 0 0 0
WIT 8 220 221 220 205 202 0 0 0 0 222 0 -1 0 0 0 32002 32002 0 0 0 0 0 1770
WIT 7 220 221 280 274 235 0 0 0 0 220 0 -1 0 0 0 32002 32002 0 0 0 0 0 0
WIT 8 220 221 214 199 184 0 0 0 0 220 0 -1 0 0 0 32002 32002 0 0 0 0 0 0
WIT 6 -204 -203 -125 -130 -329 0 0 0 0 -203 0 -1 0 0 0 32002 32002 0 0 0 0 0 3178
WIT 8 -200 -199 -203 -218 -317 0 0 0 0 -199 0 -1 0 0 0 32002 32002 0 0 0 0 0 3178
WIT 9 -200 -199 -220 -228 -270 0 0 0 0 -238 0 -1 0 0 0 32002 32002 0 0 0 0 0 0
WIT 8 -200 -199 -220 -235 -283 0 0 0 0 -225 0 -1 0 0 0 32002 32002 0 0 0 0 0 0
WIT 8 216 217 255 248 257 1176 0 0 0 32002 0 -1 0 0 0 32002 32002 0 0 0 0 0 0
WIT 6 216 217 272 267 268 0 0 0 0 32002 0 -1 0 0 0 32002 32002 0 0 0 0 0 0
WIT 8 216 217 245 230 205 0 0 0 0 221 0 -1 0 0 0 32002 32002 0 0 0 0 0 148
WIT 8 216 217 304 297 297 148 0 0 0 32002 0 -1 0 0 0 32002 32002 0 0 0 0 0 0
WIT 9 225 226 261 244 224 0 0 0 0 266 0 -1 0 0 0 32002 32002 0 0 0 0 0 1176
WIT 9 225 226 221 204 204 1176 0 0 1 442 0 -1 0 0 0 32002 32002 0 0 0 0 0 1770
WIT 8 225 226 272 265 266 0 0 0 0 32002 0 -1 0 0 0 32002 32002 0 0 0 0 0 0
WIT 6 225 226 303 298 297 0 0 1 0 299 0 -1 0 0 0 32002 32002 0 0 0 0 0 918
WIT 8 225 226 220 205 199 0 0 0 0 242 0 -1 0 0 0 32002 32002 0 0 0 0 0 148
WIT 7 225 226 304 298 298 148 0 0 0 32002 0 -1 0 0 0 32002 32002 0 0 0 0 0 0
WIT 6 225 226 247 242 264 1176 0 0 0 32002 0 -1 0 0 0 32002 32002 0 0 0 0 0 0
WIT 7 238 239 304 298 298 148 0 0 0 32002 0 -1 0 0 0 32002 32002 0 0 0 0 0 0
WIT 8 -226 -225 -173 -180 -201 0 0 0 0 -218 0 -1 0 0 0 32002 32002 0 0 0 0 0 3045
WIT 8 -226 -225 -186 -201 -213 0 0 0 0 -225 0 -1 0 0 0 32002 32002 0 0 0 0 0 4015
WIT 7 -226 -225 -222 -228 -205 0 0 0 0 32002 0 -1 0 0 0 32002 32002 0 0 0 0 0 0
WIT 7 -226 -225 -179 -185 -185 2715 1 0 0 32002 0 -1 0 0 0 32002 32002 0 0 0 0 0 0
WIT 6 -226 -225 -154 -159 -139 2715 1 0 0 32002 0 -1 0 0 0 32002 32002 0 0 0 0 0 0
WIT 6 -226 -225 -225 -230 -214 3763 0 0 0 32002 0 -1 0 0 0 32002 32002 0 0 0 0 0 0
WIT 8 -226 -225 -188 -195 -199 0 0 0 0 -225 0 -1 0 0 0 32002 32002 0 0 0 0 0 3690
WIT 6 -226 -225 -181 -186 -163 3763 0 1 0 32002 0 -1 0 0 0 32002 32002 0 0 0 0 0 0
WIT 6 -226 -225 -144 -149 -135 3690 0 0 0 32002 0 -1 0 0 0 32002 32002 0 0 0 0 0 0
WIT 6 -226 -225 -188 -193 -161 4015 0 0 0 32002 0 -1 0 0 0 32002 32002 0 0 0 0 0 0
WIT 8 -216 -215 -221 -228 -282 0 0 0 0 -216 0 -1 0 0 0 32002 32002 0 0 0 0 0 0
WIT 7 -216 -215 -221 -234 -261 0 0 0 0 -216 0 -1 0 0 0 32002 32002 0 0 0 0 0 0
WIT 6 224 225 247 242 279 1761 0 0 0 32002 0 -1 0 0 0 32002 32002 0 0 0 0 0 0
WIT 10 224 225 230 211 211 1185 0 0 1 231 0 -1 0 0 0 32002 32002 0 0 0 0 0 1761
WIT 8 224 225 336 329 314 0 0 0 0 368 0 -1 0 0 0 32002 32002 0 0 0 0 0 2559
WIT 8 224 225 299 284 247 0 0 0 0 248 0 -1 0 0 0 32002 32002 0 0 0 0 0 231
WIT 7 224 225 214 201 248 1185 0 0 0 32002 0 -1 0 0 0 32002 32002 0 0 0 0 0 0
WIT 9 224 225 239 222 221 0 0 0 0 230 0 -1 0 0 0 32002 32002 0 0 0 0 0 148
WIT 8 224 225 304 297 297 148 0 0 0 32002 0 -1 0 0 0 32002 32002 0 0 0 0 0 0
WIT 8 224 225 239 224 224 1185 0 0 1 225 0 -1 0 0 0 32002 32002 0 0 0 0 0 528
WIT 7 -225 -215 -225 -231 -239 0 0 0 0 -225 0 -1 0 0 0 32002 32002 0 0 0 0 0 0
WIT 6 237 238 298 293 237 0 0 0 0 237 0 -1 0 0 0 32002 32002 0 0 0 0 0 0
WIT 8 237 238 229 214 214 1185 0 0 1 238 0 -1 0 0 0 32002 32002 0 0 0 0 0 148
WIT 7 237 238 225 212 217 1185 0 0 1 238 0 -1 0 0 0 32002 32002 0 0 0 0 0 528
WIT 6 237 238 304 299 293 0 0 0 0 245 0 -1 0 0 0 32002 32002 0 0 0 0 0 231
WIT 7 254 255 238 225 225 1185 0 0 1 254 1 2 9077 1 1 254 239 1 0 14 0 4 0
WIT 7 -237 -236 -234 -247 -247 3763 0 0 1 -234 0 -1 0 0 0 32002 32002 0 0 0 0 0 1552
WIT 7 235 236 255 242 179 0 0 0 0 235 0 -1 0 0 0 32002 32002 0 0 0 0 0 0
WIT 7 -224 -223 -201 -207 -198 3306 1 0 0 32002 0 -1 0 0 0 32002 32002 0 0 0 0 0 0
WIT 7 -224 -223 -219 -225 -261 0 0 0 0 -224 0 -1 0 0 0 32002 32002 0 0 0 0 0 3956
WIT 6 -224 -223 -238 -243 -256 0 0 0 0 -223 0 -1 0 0 0 32002 32002 0 0 0 0 0 4015
WIT 7 -224 -223 -234 -247 -226 3763 0 0 1 -225 1 2 12811 1 1 -224 -219 1 1 1 4 15 3763
WIT 10 -224 -223 -225 -244 -227 2072 0 0 1 -218 0 -1 0 0 0 32002 32002 0 0 0 0 0 4015
WIT 10 -224 -223 -199 -218 -401 0 0 0 0 -199 0 -1 0 0 0 32002 32002 0 0 0 0 0 3178
WIT 9 -224 -223 -225 -233 -203 0 0 0 0 32002 0 -1 0 0 0 32002 32002 0 0 0 0 0 0
WIT 8 -224 -223 -200 -207 -165 2072 0 0 0 32002 0 -1 0 0 0 32002 32002 0 0 0 0 0 0
WIT 9 -224 -223 -119 -127 -128 0 0 0 0 -223 0 -1 0 0 0 32002 32002 0 0 0 0 0 3178
WIT 7 -224 -223 -143 -149 -140 3306 1 0 0 32002 0 -1 0 0 0 32002 32002 0 0 0 0 0 0
WIT 7 -224 -223 -180 -186 -149 0 0 0 0 32002 0 -1 0 0 0 32002 32002 0 0 0 0 0 0
WIT 10 -224 -223 -183 -192 -206 0 0 0 0 -223 0 -1 0 0 0 32002 32002 0 0 0 0 0 3763
WIT 6 -224 -223 -225 -230 -206 0 0 0 0 32002 0 -1 0 0 0 32002 32002 0 0 0 0 0 0
WIT 11 -224 -223 -225 -246 -236 3763 0 0 1 -215 0 -1 0 0 0 32002 32002 0 0 0 0 0 3690
WIT 8 -224 -223 -148 -155 -140 3690 0 0 0 32002 0 -1 0 0 0 32002 32002 0 0 0 0 0 0
WIT 7 -214 -213 -157 -163 -197 0 0 0 0 -168 0 -1 0 0 0 32002 32002 0 0 0 0 0 3817
WIT 9 -214 -213 -193 -201 -261 0 0 0 0 -213 0 -1 0 0 0 32002 32002 0 0 0 0 0 3817
WIT 8 -214 -213 -207 -214 -219 0 0 0 0 -213 0 -1 0 0 0 32002 32002 0 0 0 0 0 3956
WIT 9 -214 -213 -151 -159 -191 0 0 0 0 -213 0 -1 0 0 0 32002 32002 0 0 0 0 0 3817
WIT 7 -214 -213 -216 -222 -247 0 0 0 0 -210 0 -1 0 0 0 32002 32002 0 0 0 0 0 3045
WIT 7 -214 -213 -223 -236 -298 0 0 0 0 -213 0 -1 0 0 0 32002 32002 0 0 0 0 0 4015
WIT 10 -214 -213 -208 -217 -295 0 0 0 0 -214 0 -1 0 0 0 32002 32002 0 0 0 0 0 0
WIT 6 222 223 217 212 212 49408 0 0 1 225 0 -1 0 0 0 32002 32002 0 0 0 0 0 1383
WIT 6 222 223 239 234 256 918 0 1 0 32002 0 -1 0 0 0 32002 32002 0 0 0 0 0 0
WIT 9 222 223 287 279 -41 0 0 0 0 225 0 -1 0 0 0 32002 32002 0 0 0 0 0 1307
WIT 10 222 223 236 217 220 1761 0 0 1 236 0 -1 0 0 0 32002 32002 0 0 0 0 0 1185
WIT 9 222 223 216 208 -47 0 0 0 0 231 0 -1 0 0 0 32002 32002 0 0 0 0 0 1321
WIT 8 222 223 216 209 184 0 0 0 0 230 0 -1 0 0 0 32002 32002 0 0 0 0 0 1769
WIT 6 222 223 282 277 277 259 0 1 0 32002 0 -1 0 0 0 32002 32002 0 0 0 0 0 0
WIT 10 222 223 242 223 219 0 0 0 0 227 0 -1 0 0 0 32002 32002 0 0 0 0 0 219
WIT 9 -223 -213 -223 -231 -236 0 0 0 0 -223 0 -1 0 0 0 32002 32002 0 0 0 0 0 0
WIT 6 222 223 253 248 247 0 0 0 0 223 0 -1 0 0 0 32002 32002 0 0 0 0 0 148
WIT 11 222 223 238 217 219 1185 0 0 1 230 0 -1 0 0 0 32002 32002 0 0 0 0 0 148
WIT 9 222 223 451 443 371 0 0 0 0 478 0 -1 0 0 0 32002 32002 0 0 0 0 0 2559
WIT 8 222 223 309 294 207 0 0 1 0 255 0 -1 0 0 0 32002 32002 0 0 0 0 0 918
WIT 11 222 223 262 241 259 203 0 0 0 32002 0 -1 0 0 0 32002 32002 0 0 0 0 0 0
WIT 9 222 223 254 246 246 528 0 0 0 32002 0 -1 0 0 0 32002 32002 0 0 0 0 0 0
WIT 7 222 223 272 266 272 0 0 0 0 32002 0 -1 0 0 0 32002 32002 0 0 0 0 0 0
WIT 10 222 223 240 221 219 0 0 0 0 246 0 -1 0 0 0 32002 32002 0 0 0 0 0 148
WIT 8 222 223 336 329 328 0 0 0 0 223 0 -1 0 0 0 32002 32002 0 0 0 0 0 148
WIT 8 222 223 248 241 265 528 0 0 0 32002 0 -1 0 0 0 32002 32002 0 0 0 0 0 0
WIT 7 222 223 294 288 287 0 0 0 0 236 0 -1 0 0 0 32002 32002 0 0 0 0 0 148
WIT 8 222 223 287 280 302 1761 0 0 0 32002 0 -1 0 0 0 32002 32002 0 0 0 0 0 0
WIT 7 222 223 237 224 224 528 0 0 0 32002 0 -1 0 0 0 32002 32002 0 0 0 0 0 0
WIT 11 -223 -213 -223 -233 -233 2072 0 0 1 -223 1 1 -1102 1 1 -223 -223 0 0 0 0 209 0
WIT 8 235 236 223 208 208 203 0 0 1 250 0 -1 0 0 0 32002 32002 0 0 0 0 0 1761
WIT 9 235 236 224 207 -77 0 0 0 0 237 0 -1 0 0 0 32002 32002 0 0 0 0 0 1307
WIT 8 235 236 250 243 243 1185 0 0 0 32002 0 -1 0 0 0 32002 32002 0 0 0 0 0 0
WIT 7 235 236 223 210 184 0 0 0 0 236 0 -1 0 0 0 32002 32002 0 0 0 0 0 231
WIT 6 235 236 223 218 210 0 0 0 0 221 0 -1 0 0 0 32002 32002 0 0 0 0 0 0
WIT 7 -214 -213 -190 -196 -257 0 0 0 0 -213 0 -1 0 0 0 32002 32002 0 0 0 0 0 34321
WIT 6 -222 -221 -217 -222 -195 0 0 0 0 32002 0 -1 0 0 0 32002 32002 0 0 0 0 0 0
WIT 6 -222 -221 -216 -221 -194 0 0 0 0 32002 0 -1 0 0 0 32002 32002 0 0 0 0 0 0
WIT 8 -222 -221 -223 -230 -210 3045 0 0 0 32002 0 -1 0 0 0 32002 32002 0 0 0 0 0 0
WIT 7 -222 -221 -223 -236 -246 0 0 0 0 -221 0 -1 0 0 0 32002 32002 0 0 0 0 0 1552
WIT 6 -222 -221 -223 -228 -229 0 0 0 0 -221 0 -1 0 0 0 32002 32002 0 0 0 0 0 4015
WIT 7 213 236 223 217 217 353 0 0 1 221 1 1 21612 1 1 221 216 0 0 0 0 11 528
WIT 8 -222 -221 -209 -224 -223 2072 0 0 1 -209 0 -1 0 0 0 32002 32002 0 0 0 0 0 4015
WIT 6 -222 -221 -223 -228 -225 4015 0 0 1 -180 0 -1 0 0 0 32002 32002 0 0 0 0 0 3763
WIT 6 -222 -221 -200 -205 -205 3763 0 0 0 32002 0 -1 0 0 0 32002 32002 0 0 0 0 0 0
WIT 9 213 236 223 215 215 1185 0 0 1 221 1 0 -17711 1 1 221 215 3 1 5 1 35 148
WIT 6 220 221 314 309 308 0 0 0 0 242 0 -1 0 0 0 32002 32002 0 0 0 0 0 148
WIT 6 220 221 248 243 242 0 0 0 0 221 0 -1 0 0 0 32002 32002 0 0 0 0 0 148
WIT 8 -222 -221 -223 -230 -188 3763 0 1 0 32002 0 -1 0 0 0 32002 32002 0 0 0 0 0 0
WIT 8 -222 -221 -148 -155 -140 3690 0 0 0 32002 0 -1 0 0 0 32002 32002 0 0 0 0 0 0
WIT 6 -216 -215 -193 -198 -192 3763 0 0 0 32002 0 -1 0 0 0 32002 32002 0 0 0 0 0 0
WIT 8 -216 -215 -36 -43 -226 0 0 0 0 -9 0 -1 0 0 0 32002 32002 0 0 0 0 0 2644
WIT 6 -216 -215 -151 -156 -235 0 0 0 0 -199 0 -1 0 0 0 32002 32002 0 0 0 0 0 3938
WIT 6 -216 -215 -213 -218 -157 0 0 0 0 32002 0 -1 0 0 0 32002 32002 0 0 0 0 0 0
WIT 8 -216 -215 -217 -224 -212 1552 0 0 0 32002 0 -1 0 0 0 32002 32002 0 0 0 0 0 0
WIT 8 -216 -215 -221 -236 -246 0 0 0 0 -215 0 -1 0 0 0 32002 32002 0 0 0 0 0 1552
WIT 7 -216 -215 -127 -133 -80 3045 0 0 0 32002 0 -1 0 0 0 32002 32002 0 0 0 0 0 0
WIT 7 -216 -215 -221 -234 -245 0 0 0 0 -215 0 -1 0 0 0 32002 32002 0 0 0 0 0 4015
WIT 6 -216 -215 -205 -210 -160 0 0 0 0 32002 0 -1 0 0 0 32002 32002 0 0 0 0 0 0
WIT 7 -216 -215 -216 -222 -189 0 0 0 0 32002 0 -1 0 0 0 32002 32002 0 0 0 0 0 0
WIT 6 -216 -215 -221 -226 -206 0 0 0 0 32002 0 -1 0 0 0 32002 32002 0 0 0 0 0 0
WIT 6 -216 -215 -185 -190 -116 0 0 0 0 32002 0 -1 0 0 0 32002 32002 0 0 0 0 0 0
WIT 6 -216 -215 -195 -200 -140 0 0 0 0 32002 0 -1 0 0 0 32002 32002 0 0 0 0 0 0
WIT 6 -216 -215 -202 -207 -177 0 0 0 0 32002 0 -1 0 0 0 32002 32002 0 0 0 0 0 0
WIT 6 -216 -215 -206 -211 -142 0 0 0 0 32002 0 -1 0 0 0 32002 32002 0 0 0 0 0 0
WIT 6 -216 -215 -223 -228 -139 0 0 0 0 32002 0 -1 0 0 0 32002 32002 0 0 0 0 0 0
WIT 6 -216 -215 -221 -226 -140 0 0 0 0 32002 0 -1 0 0 0 32002 32002 0 0 0 0 0 0
WIT 6 -216 -215 -223 -228 -145 1552 0 0 0 32002 0 -1 0 0 0 32002 32002 0 0 0 0 0 0
WIT 6 -216 -215 -207 -212 -148 0 0 0 0 32002 0 -1 0 0 0 32002 32002 0 0 0 0 0 0
WIT 6 -216 -215 -223 -228 -156 0 0 0 0 32002 0 -1 0 0 0 32002 32002 0 0 0 0 0 0
WIT 6 -216 -215 -180 -185 -134 0 0 0 0 32002 0 -1 0 0 0 32002 32002 0 0 0 0 0 0
WIT 11 -216 -215 -201 -222 -426 0 0 0 0 -204 0 -1 0 0 0 32002 32002 0 0 0 0 0 3178
WIT 11 -216 -215 -210 -231 -217 2072 0 0 1 -173 0 -1 0 0 0 32002 32002 0 0 0 0 0 4015
WIT 8 -216 -215 -207 -214 -156 0 0 0 0 32002 0 -1 0 0 0 32002 32002 0 0 0 0 0 0
WIT 8 -216 -215 -215 -230 -230 2715 1 0 0 -215 0 -1 0 0 0 32002 32002 0 0 0 0 0 3817
WIT 9 -216 -215 -196 -204 -142 2715 1 0 0 32002 0 -1 0 0 0 32002 32002 0 0 0 0 0 0
WIT 8 -216 -215 -180 -187 -146 0 0 0 0 32002 0 -1 0 0 0 32002 32002 0 0 0 0 0 0
WIT 10 -216 -215 -223 -232 -247 0 0 0 0 -215 0 -1 0 0 0 32002 32002 0 0 0 0 0 3763
WIT 8 -216 -215 -181 -188 -148 0 0 0 0 32002 0 -1 0 0 0 32002 32002 0 0 0 0 0 0
WIT 8 -216 -215 -200 -207 -207 3763 0 0 0 32002 0 -1 0 0 0 32002 32002 0 0 0 0 0 0
WIT 12 -216 -215 -223 -234 -228 3763 0 1 0 -215 0 -1 0 0 0 32002 32002 0 0 0 0 0 3690
WIT 9 -216 -215 -206 -214 -213 3690 0 0 0 32002 0 -1 0 0 0 32002 32002 0 0 0 0 0 0
WIT 10 -207 -206 -29 -48 -234 0 0 0 0 -152 0 -1 0 0 0 32002 32002 0 0 0 0 0 2644
WIT 10 -207 -206 -215 -234 -314 0 0 0 0 -203 0 -1 0 0 0 32002 32002 0 0 0 0 0 3938
WIT 8 -207 -206 -201 -216 -209 3763 0 0 1 -199 0 -1 0 0 0 32002 32002 0 0 0 0 0 3938
WIT 8 -207 -206 -197 -204 -165 0 0 0 0 32002 0 -1 0 0 0 32002 32002 0 0 0 0 0 0
WIT 7 -207 -206 -210 -216 -240 0 0 0 0 -206 0 -1 0 0 0 32002 32002 0 0 0 0 0 3938
WIT 8 -207 -206 -215 -222 -182 0 0 0 0 32002 0 -1 0 0 0 32002 32002 0 0 0 0 0 0
WIT 7 -207 -206 -155 -161 -161 3763 0 0 0 32002 0 -1 0 0 0 32002 32002 0 0 0 0 0 0
WIT 8 -207 -206 -203 -210 -204 4015 0 0 0 32002 0 -1 0 0 0 32002 32002 0 0 0 0 0 0
WIT 7 -207 -206 -213 -219 -220 0 0 0 0 -182 0 -1 0 0 0 32002 32002 0 0 0 0 0 1553
WIT 8 -207 -206 -165 -172 -172 3763 0 0 0 32002 0 -1 0 0 0 32002 32002 0 0 0 0 0 0
WIT 8 -207 -206 -200 -207 -205 2715 1 0 0 32002 0 -1 0 0 0 32002 32002 0 0 0 0 0 0
WIT 8 -207 -206 -197 -204 -220 0 0 0 0 -206 0 -1 0 0 0 32002 32002 0 0 0 0 0 3938
WIT 8 -207 -206 -161 -168 -81 4015 0 0 0 32002 0 -1 0 0 0 32002 32002 0 0 0 0 0 0
WIT 8 -207 -206 -165 -172 -188 0 0 0 0 -140 0 -1 0 0 0 32002 32002 0 0 0 0 0 3938
WIT 8 -207 -206 -148 -155 -174 0 0 0 0 -185 0 -1 0 0 0 32002 32002 0 0 0 0 0 3938
WIT 8 -207 -206 -212 -219 -265 0 0 0 0 -353 0 -1 0 0 0 32002 32002 0 0 0 0 0 0
WIT 7 214 215 283 277 276 0 0 0 0 308 0 -1 0 0 0 32002 32002 0 0 0 0 0 1314
WIT 7 214 215 251 245 289 918 0 1 0 32002 0 -1 0 0 0 32002 32002 0 0 0 0 0 0
WIT 6 -215 -214 -101 -106 -108 0 0 0 0 -101 0 -1 0 0 0 32002 32002 0 0 0 0 0 34321
WIT 9 214 215 214 197 187 0 0 0 0 199 0 -1 0 0 0 32002 32002 0 0 0 0 0 0
WIT 8 -215 -214 -213 -228 -228 4020 0 0 1 -213 0 -1 0 0 0 32002 32002 0 0 0 0 0 4015
WIT 7 -215 -214 -213 -226 -282 0 0 0 0 -215 0 -1 0 0 0 32002 32002 0 0 0 0 0 0
WIT 8 -207 -206 -118 -125 -137 0 0 0 0 -101 0 -1 0 0 0 32002 32002 0 0 0 0 0 3365
WIT 7 -207 -206 -192 -198 -214 0 0 0 0 -192 0 -1 0 0 0 32002 32002 0 0 0 0 0 3365
WIT 7 -215 -206 -199 -205 -220 0 0 0 0 -206 0 -1 0 0 0 32002 32002 0 0 0 0 0 4020
WIT 7 -207 -206 -123 -129 -269 0 0 1 0 -206 0 -1 0 0 0 32002 32002 0 0 0 0 0 3947
WIT 11 -207 -206 -136 -157 -250 0 0 0 0 -206 0 -1 0 0 0 32002 32002 0 0 0 0 0 2089
WIT 9 -207 -206 -111 -119 -239 0 0 0 0 -94 0 -1 0 0 0 32002 32002 0 0 0 0 0 34321
WIT 10 -207 -206 -213 -232 -233 0 0 0 0 -206 0 -1 0 0 0 32002 32002 0 0 0 0 0 3808
WIT 8 -207 -206 -170 -177 -151 0 0 0 0 32002 0 -1 0 0 0 32002 32002 0 0 0 0 0 0
WIT 8 -207 -206 -206 -213 -219 0 0 0 0 -204 0 -1 0 0 0 32002 32002 0 0 0 0 0 4020
WIT 8 -207 -206 -115 -130 -130 4020 0 0 0 32002 0 -1 0 0 0 32002 32002 0 0 0 0 0 0
WIT 7 -215 -206 -214 -220 -277 0 0 0 0 -206 0 -1 0 0 0 32002 32002 0 0 0 0 0 3763
WIT 10 -207 -206 -214 -233 -230 3763 0 0 1 -209 1 1 34816 1 1 -207 -214 0 0 0 0 2 0
WIT 6 214 215 585 580 560 0 0 1 0 339 0 -1 0 0 0 32002 32002 0 0 0 0 0 1291
WIT 9 214 215 215 198 184 0 0 0 0 205 0 -1 0 0 0 32002 32002 0 0 0 0 0 0
WIT 8 214 215 214 199 194 0 0 0 0 213 0 -1 0 0 0 32002 32002 0 0 0 0 0 0
WIT 7 -207 -206 -213 -226 -226 4020 0 0 1 -206 0 -1 0 0 0 32002 32002 0 0 0 0 0 4015
WIT 9 -207 -206 -213 -221 -158 53055 0 0 0 32002 0 -1 0 0 0 32002 32002 0 0 0 0 0 0
WIT 9 -207 -206 -213 -221 -252 0 0 0 0 -158 0 -1 0 0 0 32002 32002 0 0 0 0 0 3817
WIT 9 -207 -206 -169 -177 -277 0 0 1 0 -155 0 -1 0 0 0 32002 32002 0 0 0 0 0 3371
WIT 8 -207 -206 -213 -228 -283 0 0 0 0 -206 0 -1 0 0 0 32002 32002 0 0 0 0 0 4015
WIT 8 -207 -206 -194 -201 -164 4020 0 0 0 32002 0 -1 0 0 0 32002 32002 0 0 0 0 0 0
WIT 6 -207 -206 119 114 -212 0 0 1 0 485 0 -1 0 0 0 32002 32002 0 0 0 0 0 3947
WIT 11 -207 -206 -207 -217 -144 3763 0 0 0 32002 0 -1 0 0 0 32002 32002 0 0 0 0 0 0
WIT 8 -207 -206 -197 -204 -236 0 0 0 0 -197 0 -1 0 0 0 32002 32002 0 0 0 0 0 3763
WIT 11 -207 -206 -207 -217 -235 0 0 0 0 -197 0 -1 0 0 0 32002 32002 0 0 0 0 0 1033
WIT 6 206 207 30 25 -16 0 0 0 0 205 0 -1 0 0 0 32002 32002 0 0 0 0 0 0
WIT 11 -207 -206 -211 -221 -221 3956 0 0 1 -161 0 -1 0 0 0 32002 32002 0 0 0 0 0 3763
WIT 7 -207 -206 -215 -221 -168 0 0 0 0 32002 0 -1 0 0 0 32002 32002 0 0 0 0 0 0
WIT 8 -207 -206 -65 -72 -175 0 0 1 0 -33 0 -1 0 0 0 32002 32002 0 0 0 0 0 3947
WIT 10 -207 -206 -215 -234 -247 0 0 0 0 -206 0 -1 0 0 0 32002 32002 0 0 0 0 0 1552
WIT 8 -207 -206 -127 -134 -80 3045 0 0 0 32002 0 -1 0 0 0 32002 32002 0 0 0 0 0 0
WIT 10 -207 -206 -161 -170 -291 0 0 0 0 -206 0 -1 0 0 0 32002 32002 0 0 0 0 0 3178
WIT 9 -207 -206 -217 -225 -201 1552 0 0 0 32002 0 -1 0 0 0 32002 32002 0 0 0 0 0 0
WIT 9 -207 -206 -216 -224 -176 1552 0 0 0 32002 0 -1 0 0 0 32002 32002 0 0 0 0 0 0
WIT 9 -207 -206 -202 -210 -192 1552 0 0 0 32002 0 -1 0 0 0 32002 32002 0 0 0 0 0 0
WIT 6 -207 -206 -223 -228 -185 1552 0 0 0 32002 0 -1 0 0 0 32002 32002 0 0 0 0 0 0
WIT 9 -207 -206 -205 -213 -165 0 0 0 0 32002 0 -1 0 0 0 32002 32002 0 0 0 0 0 0
WIT 8 -207 -206 -185 -192 -120 0 0 0 0 32002 0 -1 0 0 0 32002 32002 0 0 0 0 0 0
WIT 8 -207 -206 -223 -230 -143 0 0 0 0 32002 0 -1 0 0 0 32002 32002 0 0 0 0 0 0
WIT 9 -207 -206 -181 -189 -98 0 0 0 0 32002 0 -1 0 0 0 32002 32002 0 0 0 0 0 0
WIT 9 -207 -206 -195 -203 -142 0 0 0 0 32002 0 -1 0 0 0 32002 32002 0 0 0 0 0 0
WIT 9 -207 -206 -207 -215 -151 0 0 0 0 32002 0 -1 0 0 0 32002 32002 0 0 0 0 0 0
WIT 9 -207 -206 -180 -188 -137 0 0 0 0 32002 0 -1 0 0 0 32002 32002 0 0 0 0 0 0
WIT 9 -207 -206 -206 -214 -147 0 0 0 0 32002 0 -1 0 0 0 32002 32002 0 0 0 0 0 0
WIT 9 -207 -206 -223 -231 -179 0 0 0 0 32002 0 -1 0 0 0 32002 32002 0 0 0 0 0 0
WIT 9 -215 -206 -215 -223 -226 0 0 0 0 -206 0 -1 0 0 0 32002 32002 0 0 0 0 0 2072
WIT 11 -207 -206 -176 -197 -197 2072 0 0 0 32002 0 -1 0 0 0 32002 32002 0 0 0 0 0 0
WIT 10 -207 -206 -215 -234 -232 2715 1 0 0 -183 0 -1 0 0 0 32002 32002 0 0 0 0 0 3817
WIT 10 -207 -206 -215 -224 -155 3306 1 0 0 32002 0 -1 0 0 0 32002 32002 0 0 0 0 0 0
WIT 8 -207 -206 -223 -230 -197 3306 1 0 0 32002 0 -1 0 0 0 32002 32002 0 0 0 0 0 0
WIT 9 -207 -206 -215 -232 -247 0 0 0 0 -206 0 -1 0 0 0 32002 32002 0 0 0 0 0 3763
WIT 9 -207 -206 -207 -215 -159 0 0 0 0 32002 0 -1 0 0 0 32002 32002 0 0 0 0 0 0
WIT 9 -207 -206 -181 -189 -141 0 0 0 0 32002 0 -1 0 0 0 32002 32002 0 0 0 0 0 0
WIT 9 -207 -206 -196 -204 -142 2715 1 0 0 32002 0 -1 0 0 0 32002 32002 0 0 0 0 0 0
WIT 11 -215 -206 -215 -225 -221 2072 0 0 1 -206 0 -1 0 0 0 32002 32002 0 0 0 0 0 3690
WIT 7 -207 -206 -215 -221 -202 0 0 0 0 32002 0 -1 0 0 0 32002 32002 0 0 0 0 0 0
WIT 12 -207 -206 -215 -238 -238 3938 0 0 1 -202 0 -1 0 0 0 32002 32002 0 0 0 0 0 3690
WIT 11 -207 -206 -215 -225 -202 3763 0 1 0 32002 0 -1 0 0 0 32002 32002 0 0 0 0 0 0
WIT 10 -207 -206 -215 -224 -218 3763 0 0 1 -206 0 -1 0 0 0 32002 32002 0 0 0 0 0 3690
WIT 10 -207 -206 -215 -224 -201 3690 0 0 0 32002 0 -1 0 0 0 32002 32002 0 0 0 0 0 0
WIT 10 -207 -206 -206 -215 -213 3690 0 0 1 -205 0 -1 0 0 0 32002 32002 0 0 0 0 0 3763
WIT 6 -195 -194 -121 -126 -122 0 0 0 0 32002 0 -1 0 0 0 32002 32002 0 0 0 0 0 0
WIT 8 -195 -194 -193 -208 -216 0 0 0 0 -194 0 -1 0 0 0 32002 32002 0 0 0 0 0 3365
WIT 7 -195 -194 -121 -127 -129 0 0 0 0 -132 0 -1 0 0 0 32002 32002 0 0 0 0 0 2395
WIT 7 194 195 197 191 175 0 0 0 0 317 0 -1 0 0 0 32002 32002 0 0 0 0 0 918
WIT 6 -195 -194 -204 -209 -210 0 0 0 0 -195 0 -1 0 0 0 32002 32002 0 0 0 0 0 0
WIT 10 205 206 225 206 233 1357 0 0 0 32002 0 -1 0 0 0 32002 32002 0 0 0 0 0 0
WIT 8 205 206 215 208 208 918 0 0 0 32002 0 -1 0 0 0 32002 32002 0 0 0 0 0 0
WIT 7 205 206 226 220 220 1364 0 0 0 32002 0 -1 0 0 0 32002 32002 0 0 0 0 0 0
WIT 7 -206 -194 -206 -212 -215 0 0 0 0 -256 0 -1 0 0 0 32002 32002 0 0 0 0 0 0
WIT 6 -195 -194 -175 -180 -277 0 0 0 0 -187 0 -1 0 0 0 32002 32002 0 0 0 0 0 3763
WIT 9 -195 -194 -205 -213 -217 0 0 0 0 -194 0 -1 0 0 0 32002 32002 0 0 0 0 0 3365
WIT 7 -195 -194 -168 -174 -253 0 0 1 0 -139 0 -1 0 0 0 32002 32002 0 0 0 0 0 3763
WIT 7 -195 -194 -205 -211 -235 0 0 0 0 -187 0 -1 0 0 0 32002 32002 0 0 0 0 0 3763
WIT 6 -195 -194 -196 -201 -165 0 0 0 0 32002 0 -1 0 0 0 32002 32002 0 0 0 0 0 0
WIT 10 -195 -194 -197 -206 -226 0 0 0 0 -169 0 -1 0 0 0 32002 32002 0 0 0 0 0 3365
WIT 7 -195 -194 -204 -210 -218 0 0 0 0 -195 0 -1 0 0 0 32002 32002 0 0 0 0 0 3365
WIT 7 -195 -194 -199 -205 -195 3370 0 0 1 -170 0 -1 0 0 0 32002 32002 0 0 0 0 0 3763
WIT 9 -206 -194 -206 -214 -214 4020 0 0 1 -207 1 2 17287 1 1 -206 -194 1 0 5 0 380 4020
WIT 6 194 195 254 249 254 0 0 0 0 32002 0 -1 0 0 0 32002 32002 0 0 0 0 0 0
WIT 11 -195 -194 -205 -226 -266 0 0 0 0 -216 0 -1 0 0 0 32002 32002 0 0 0 0 0 0
WIT 11 -195 -194 -205 -226 -250 0 0 0 0 -214 0 -1 0 0 0 32002 32002 0 0 0 0 0 0
WIT 10 -195 -194 -206 -225 -282 0 0 0 0 -212 0 -1 0 0 0 32002 32002 0 0 0 0 0 0
WIT 7 194 195 391 385 -77 0 0 0 0 350 0 -1 0 0 0 32002 32002 0 0 0 0 0 1321
WIT 8 194 195 250 243 303 1739 0 0 0 32002 0 -1 0 0 0 32002 32002 0 0 0 0 0 0
WIT 9 194 206 216 208 208 49408 0 0 0 32002 0 -1 0 0 0 32002 32002 0 0 0 0 0 0
WIT 11 205 206 341 331 196 0 0 0 0 326 0 -1 0 0 0 32002 32002 0 0 0 0 0 353
WIT 8 194 206 214 207 -413 0 0 0 0 208 0 -1 0 0 0 32002 32002 0 0 0 0 0 1321
WIT 8 194 206 212 205 176 0 0 0 0 206 0 -1 0 0 0 32002 32002 0 0 0 0 0 1769
WIT 8 194 206 210 203 189 0 0 0 0 206 0 -1 0 0 0 32002 32002 0 0 0 0 0 1185
WIT 11 205 206 224 203 215 49408 0 0 0 32002 0 -1 0 0 0 32002 32002 0 0 0 0 0 0
WIT 9 205 206 349 341 421 1293 0 1 0 32002 0 -1 0 0 0 32002 32002 0 0 0 0 0 0
WIT 9 205 206 373 356 296 0 0 0 0 400 0 -1 0 0 0 32002 32002 0 0 0 0 0 2559
WIT 10 205 206 250 231 196 0 0 0 0 258 0 -1 0 0 0 32002 32002 0 0 0 0 0 231
WIT 8 205 206 317 310 521 1293 0 1 0 32002 0 -1 0 0 0 32002 32002 0 0 0 0 0 0
WIT 10 205 206 245 226 206 0 0 0 0 204 0 -1 0 0 0 32002 32002 0 0 0 0 0 0
WIT 8 -206 -194 -204 -211 -297 0 0 0 0 -194 0 -1 0 0 0 32002 32002 0 0 0 0 0 2683
WIT 11 -195 -194 -156 -177 -190 0 0 0 0 -152 0 -1 0 0 0 32002 32002 0 0 0 0 0 2644
WIT 6 -195 -194 -169 -174 -174 3901 0 1 0 32002 0 -1 0 0 0 32002 32002 0 0 0 0 0 0
WIT 9 -195 -194 -151 -159 -484 0 0 0 0 -274 0 -1 0 0 0 32002 32002 0 0 0 0 0 0
WIT 8 205 206 298 291 290 0 0 1 0 206 0 -1 0 0 0 32002 32002 0 0 0 0 0 918
WIT 9 205 206 236 219 219 353 0 0 0 32002 0 -1 0 0 0 32002 32002 0 0 0 0 0 0
WIT 7 205 206 223 217 217 353 0 0 0 32002 0 -1 0 0 0 32002 32002 0 0 0 0 0 0
WIT 7 205 206 223 217 242 353 0 0 0 32002 0 -1 0 0 0 32002 32002 0 0 0 0 0 0
WIT 6 205 206 223 218 218 353 0 0 0 32002 0 -1 0 0 0 32002 32002 0 0 0 0 0 0
WIT 10 -206 -194 -206 -215 -223 0 0 0 0 -206 0 -1 0 0 0 32002 32002 0 0 0 0 0 0
WIT 6 200 201 230 225 217 0 0 0 0 194 0 -1 0 0 0 32002 32002 0 0 0 0 0 0
WIT 13 205 206 227 202 202 49408 0 0 1 228 0 -1 0 0 0 32002 32002 0 0 0 0 0 1185
WIT 9 205 206 235 227 179 0 0 1 0 247 0 -1 0 0 0 32002 32002 0 0 0 0 0 658
WIT 10 205 206 352 343 153 0 0 0 0 345 0 -1 0 0 0 32002 32002 0 0 0 0 0 353
WIT 11 205 206 230 220 -39 0 0 0 0 241 0 -1 0 0 0 32002 32002 0 0 0 0 0 1321
WIT 7 205 206 212 206 159 0 0 0 0 218 0 -1 0 0 0 32002 32002 0 0 0 0 0 2683
WIT 11 205 206 216 206 144 0 0 0 0 227 0 -1 0 0 0 32002 32002 0 0 0 0 0 2683
WIT 9 205 206 244 236 207 0 0 0 0 237 0 -1 0 0 0 32002 32002 0 0 0 0 0 2162
WIT 10 205 206 213 204 189 0 0 0 0 205 0 -1 0 0 0 32002 32002 0 0 0 0 0 1776
WIT 11 -206 -205 -163 -173 -194 0 0 1 0 -205 0 -1 0 0 0 32002 32002 0 0 0 0 0 3892
WIT 6 -206 -205 149 144 152 3892 0 1 0 32002 0 -1 0 0 0 32002 32002 0 0 0 0 0 0
WIT 11 -206 -205 -166 -176 -191 0 0 0 0 -205 0 -1 0 0 0 32002 32002 0 0 0 0 0 2388
WIT 11 205 206 266 256 -578 0 0 0 0 220 0 -1 0 0 0 32002 32002 0 0 0 0 0 2674
WIT 6 205 206 237 232 189 0 0 0 0 244 0 -1 0 0 0 32002 32002 0 0 0 0 0 3233
WIT 10 205 206 234 225 202 0 0 0 0 206 0 -1 0 0 0 32002 32002 0 0 0 0 0 2162
WIT 11 205 206 207 197 78 0 0 0 0 206 0 -1 0 0 0 32002 32002 0 0 0 0 0 1769
WIT 13 205 206 221 196 197 1769 0 0 1 223 0 -1 0 0 0 32002 32002 0 0 0 0 0 1776
WIT 9 205 206 209 201 187 0 0 0 0 203 0 -1 0 0 0 32002 32002 0 0 0 0 0 0
WIT 10 205 206 206 197 170 0 0 0 0 203 0 -1 0 0 0 32002 32002 0 0 0 0 0 0
WIT 12 205 206 228 217 216 0 0 0 0 205 0 -1 0 0 0 32002 32002 0 0 0 0 0 0
WIT 8 -206 -205 -200 -207 -226 0 0 1 0 -205 0 -1 0 0 0 32002 32002 0 0 0 0 0 3827
WIT 7 -206 -205 -200 -206 -633 0 0 1 0 -205 0 -1 0 0 0 32002 32002 0 0 0 0 0 3763
WIT 10 -206 -205 -206 -215 -183 4013 0 0 0 32002 0 -1 0 0 0 32002 32002 0 0 0 0 0 0
WIT 10 -206 -205 -206 -225 -335 0 0 1 0 -183 0 -1 0 0 0 32002 32002 0 0 0 0 0 3947
WIT 9 -206 -205 -198 -206 -222 0 0 0 0 -133 0 -1 0 0 0 32002 32002 0 0 0 0 0 3938
WIT 10 -206 -205 -206 -225 -303 0 0 0 0 -205 0 -1 0 0 0 32002 32002 0 0 0 0 0 2089
WIT 9 -206 -205 -206 -223 -233 0 0 0 0 -205 0 -1 0 0 0 32002 32002 0 0 0 0 0 3808
WIT 7 -206 -205 -183 -189 -162 4015 0 0 0 32002 0 -1 0 0 0 32002 32002 0 0 0 0 0 0
WIT 8 -206 -205 -200 -215 -216 0 0 0 0 -205 0 -1 0 0 0 32002 32002 0 0 0 0 0 3763
WIT 13 205 206 226 201 200 0 0 0 0 205 0 -1 0 0 0 32002 32002 0 0 0 0 0 0
WIT 9 -195 -194 -203 -220 -220 3045 0 0 1 -188 0 -1 0 0 0 32002 32002 0 0 0 0 0 3763
WIT 10 -195 -194 -156 -165 -165 3899 1 1 0 32002 0 -1 0 0 0 32002 32002 0 0 0 0 0 0
WIT 7 194 195 18 12 -72 0 0 0 0 166 0 -1 0 0 0 32002 32002 0 0 0 0 0 0
WIT 10 -195 -194 -205 -214 -237 0 0 1 0 -204 0 -1 0 0 0 32002 32002 0 0 0 0 0 0
WIT 10 -195 -194 -205 -214 -232 0 0 1 0 -203 0 -1 0 0 0 32002 32002 0 0 0 0 0 0
WIT 9 -195 -194 -205 -222 -236 0 0 0 0 -202 0 -1 0 0 0 32002 32002 0 0 0 0 0 0
WIT 9 -195 -194 -205 -213 -223 0 0 0 0 -201 0 -1 0 0 0 32002 32002 0 0 0 0 0 0
WIT 9 205 206 234 226 208 0 0 0 0 241 0 -1 0 0 0 32002 32002 0 0 0 0 0 1185
WIT 8 205 206 229 222 -102 0 0 0 0 237 0 -1 0 0 0 32002 32002 0 0 0 0 0 1321
WIT 6 -195 -194 -204 -209 -228 0 0 0 0 -196 0 -1 0 0 0 32002 32002 0 0 0 0 0 0
WIT 8 -206 -194 -205 -212 -212 4020 0 0 1 -203 1 4 8643 1 1 -203 -203 2 0 6 0 76 4015
WIT 7 -204 -203 -205 -218 -212 3763 0 0 1 -204 1 1 22603 1 1 -204 -203 0 0 0 0 14 3763
WIT 10 202 203 270 261 -14 0 0 0 0 226 0 -1 0 0 0 32002 32002 0 0 0 0 0 1307
WIT 6 202 203 257 252 240 0 0 0 0 206 0 -1 0 0 0 32002 32002 0 0 0 0 0 49408
WIT 10 202 203 227 208 199 0 0 0 0 205 0 -1 0 0 0 32002 32002 0 0 0 0 0 231
WIT 10 -206 -194 -206 -215 -226 0 0 0 0 -206 0 -1 0 0 0 32002 32002 0 0 0 0 0 2715
WIT 10 -204 -203 -185 -204 -204 2715 1 0 0 -183 0 -1 0 0 0 32002 32002 0 0 0 0 0 3817
WIT 9 -204 -203 -204 -221 -259 0 0 0 0 -199 0 -1 0 0 0 32002 32002 0 0 0 0 0 3178
WIT 8 -204 -203 -174 -181 -119 0 0 0 0 32002 0 -1 0 0 0 32002 32002 0 0 0 0 0 0
WIT 8 -204 -203 -207 -214 -158 0 0 0 0 32002 0 -1 0 0 0 32002 32002 0 0 0 0 0 0
WIT 13 202 203 223 198 203 148 0 0 0 32002 0 -1 0 0 0 32002 32002 0 0 0 0 0 0
WIT 9 202 203 237 220 220 528 0 0 0 32002 0 -1 0 0 0 32002 32002 0 0 0 0 0 0
WIT 9 202 203 239 222 222 528 0 0 0 32002 0 -1 0 0 0 32002 32002 0 0 0 0 0 0
WIT 8 202 203 221 206 234 528 0 0 0 32002 0 -1 0 0 0 32002 32002 0 0 0 0 0 0
WIT 11 -206 -194 -206 -216 -221 0 0 0 0 -203 0 -1 0 0 0 32002 32002 0 0 0 0 0 3690
WIT 12 -204 -203 -202 -225 -225 3938 0 0 1 -202 0 -1 0 0 0 32002 32002 0 0 0 0 0 3690
WIT 11 -204 -203 -215 -225 -200 3690 0 0 0 32002 0 -1 0 0 0 32002 32002 0 0 0 0 0 0
WIT 10 -204 -203 -215 -224 -203 3763 0 1 0 32002 0 -1 0 0 0 32002 32002 0 0 0 0 0 0
WIT 8 -204 -203 -206 -213 -202 3763 0 0 0 32002 0 -1 0 0 0 32002 32002 0 0 0 0 0 0
WIT 9 -204 -203 -205 -213 -213 3690 0 0 1 -202 0 -1 0 0 0 32002 32002 0 0 0 0 0 3763

===========================
Total time (ms) : 25
Nodes searched  : 19186
Nodes/second    : 767440
