
Position: 1/1 (rn1qkb1r/1ppb1p1p/p2p1np1/3Pp3/2B1P3/2N2N2/PPP2PPP/R1BQK2R w KQkq - 4 7)
WIT 6 -196 -195 -188 -193 -167 3699 0 0 0 32002 0 -1 0 0 0 32002 32002 0 0 0 0 0 0
WIT 6 212 213 211 206 197 0 0 0 0 195 0 -1 0 0 0 32002 32002 0 0 0 0 0 0
WIT 7 -205 -204 -192 -198 -78 3169 0 0 0 32002 0 -1 0 0 0 32002 32002 0 0 0 0 0 0
WIT 6 -205 -204 -190 -195 -169 3958 0 0 0 32002 0 -1 0 0 0 32002 32002 0 0 0 0 0 0
WIT 7 -193 -192 -192 -198 -78 3169 0 0 0 32002 0 -1 0 0 0 32002 32002 0 0 0 0 0 0
WIT 6 -193 -192 -194 -199 -191 3958 0 0 0 32002 0 -1 0 0 0 32002 32002 0 0 0 0 0 0
WIT 6 -193 -192 -190 -195 -167 3958 0 0 0 32002 0 -1 0 0 0 32002 32002 0 0 0 0 0 0
WIT 6 -193 -192 -194 -199 -171 3169 0 0 0 32002 0 -1 0 0 0 32002 32002 0 0 0 0 0 0
WIT 6 -177 -176 -192 -197 -197 3688 0 0 1 -163 0 -1 0 0 0 32002 32002 0 0 0 0 0 3958
WIT 7 -177 -176 -192 -198 -168 3169 0 0 0 32002 0 -1 0 0 0 32002 32002 0 0 0 0 0 0
WIT 6 -177 -176 -194 -199 -187 3958 0 0 1 -176 0 -1 0 0 0 32002 32002 0 0 0 0 0 3169
WIT 6 -177 -176 -194 -199 -174 3958 0 0 0 32002 0 -1 0 0 0 32002 32002 0 0 0 0 0 0
WIT 6 -177 -176 -188 -193 -169 3958 0 0 0 32002 0 -1 0 0 0 32002 32002 0 0 0 0 0 0
WIT 6 -177 -176 -192 -197 -197 3958 0 0 1 -176 0 -1 0 0 0 32002 32002 0 0 0 0 0 3169
WIT 6 -177 -176 -192 -197 -180 3169 0 0 1 -176 0 -1 0 0 0 32002 32002 0 0 0 0 0 3294
WIT 7 -177 -176 -190 -196 -196 3169 0 0 1 -177 1 1 27406 1 1 -177 -177 0 0 0 0 3 3958
WIT 6 -177 -176 -177 -182 -182 3958 0 0 1 -175 0 -1 0 0 0 32002 32002 0 0 0 0 0 3294
WIT 6 -156 -155 -176 -181 -181 3688 0 0 1 -155 0 -1 0 0 0 32002 32002 0 0 0 0 0 3958
WIT 6 -156 -155 -173 -178 -178 3688 0 0 1 -134 0 -1 0 0 0 32002 32002 0 0 0 0 0 3958
WIT 7 -156 -155 -192 -198 -168 3169 0 0 1 -155 0 -1 0 0 0 32002 32002 0 0 0 0 0 3958
WIT 7 -156 -155 -194 -200 -176 3958 0 0 1 -157 1 1 26844 1 1 -156 -155 0 0 0 0 24 3958
WIT 6 -156 -155 -176 -181 -174 3958 0 0 1 -155 0 -1 0 0 0 32002 32002 0 0 0 0 0 3169
WIT 6 -156 -155 -164 -169 -159 2592 0 0 1 -155 0 -1 0 0 0 32002 32002 0 0 0 0 0 3958
WIT 6 -156 -155 -175 -180 -180 3958 0 0 1 -156 1 1 31334 1 1 -156 -147 0 0 0 0 14 3958
WIT 6 -128 -127 -155 -160 -160 3688 0 0 1 -127 0 -1 0 0 0 32002 32002 0 0 0 0 0 3958
WIT 8 -128 -127 -155 -162 -159 3169 0 0 1 -127 0 -1 0 0 0 32002 32002 0 0 0 0 0 3958
WIT 8 -128 -127 -155 -162 -148 3958 0 0 1 -136 1 1 42420 1 1 -128 -127 0 0 0 0 59 3958
WIT 6 -128 -127 -127 -132 -135 0 0 0 0 -132 0 -1 0 0 0 32002 32002 0 0 0 0 0 0
WIT 7 -128 -127 -155 -161 -167 0 0 0 0 -128 0 -1 0 0 0 32002 32002 0 0 0 0 0 0
WIT 6 -149 -148 -127 -132 -142 0 0 0 0 -149 0 -1 0 0 0 32002 32002 0 0 0 0 0 3688
WIT 6 148 149 150 145 63 0 0 0 0 149 0 -1 0 0 0 32002 32002 0 0 0 0 0 1318
WIT 6 -149 -148 -127 -132 -133 0 0 0 0 -149 0 -1 0 0 0 32002 32002 0 0 0 0 0 0
WIT 7 -149 -148 -127 -140 -147 0 0 0 0 -149 0 -1 0 0 0 32002 32002 0 0 0 0 0 0
WIT 6 169 170 175 170 169 0 0 0 0 182 0 -1 0 0 0 32002 32002 0 0 0 0 0 1355
WIT 7 169 170 179 166 154 0 0 0 0 170 0 -1 0 0 0 32002 32002 0 0 0 0 0 1568
WIT 7 169 170 170 164 175 1355 0 0 0 32002 0 -1 0 0 0 32002 32002 0 0 0 0 0 0
WIT 6 169 170 229 224 223 0 0 0 0 175 0 -1 0 0 0 32002 32002 0 0 0 0 0 1568
WIT 8 176 177 170 163 183 148 0 0 0 32002 0 -1 0 0 0 32002 32002 0 0 0 0 0 0
WIT 9 176 177 211 203 177 0 0 0 0 185 0 -1 0 0 0 32002 32002 0 0 0 0 0 34857
WIT 7 176 177 170 164 182 148 0 0 0 32002 0 -1 0 0 0 32002 32002 0 0 0 0 0 0
WIT 7 176 177 170 157 151 0 0 0 0 179 0 -1 0 0 0 32002 32002 0 0 0 0 0 1568
WIT 7 176 177 174 161 161 49415 0 0 1 181 0 -1 0 0 0 32002 32002 0 0 0 0 0 1568
WIT 7 195 196 188 175 175 1676 0 0 1 196 0 -1 0 0 0 32002 32002 0 0 0 0 0 1568
WIT 6 197 198 197 192 202 1676 0 0 0 32002 0 -1 0 0 0 32002 32002 0 0 0 0 0 0
WIT 6 197 198 206 201 201 1355 0 0 0 32002 0 -1 0 0 0 32002 32002 0 0 0 0 0 0
WIT 8 197 198 189 182 191 983 0 0 1 198 0 -1 0 0 0 32002 32002 0 0 0 0 0 148
WIT 7 197 198 185 179 176 0 0 0 0 198 0 -1 0 0 0 32002 32002 0 0 0 0 0 1683
WIT 7 197 198 186 173 117 0 0 0 0 198 0 -1 0 0 0 32002 32002 0 0 0 0 0 34857
WIT 7 182 198 196 190 189 0 0 0 0 198 0 -1 0 0 0 32002 32002 0 0 0 0 0 1568
WIT 8 -183 -182 -145 -152 -169 0 0 0 0 -183 0 -1 0 0 0 32002 32002 0 0 0 0 0 0
WIT 7 197 198 183 177 177 1704 1 0 0 198 0 -1 0 0 0 32002 32002 0 0 0 0 0 148
WIT 6 197 198 205 200 207 983 0 0 0 32002 0 -1 0 0 0 32002 32002 0 0 0 0 0 0
WIT 8 197 198 192 177 177 983 0 0 1 198 0 -1 0 0 0 32002 32002 0 0 0 0 0 1568
WIT 6 197 198 204 199 199 983 0 0 0 32002 0 -1 0 0 0 32002 32002 0 0 0 0 0 0
WIT 6 197 198 207 202 202 983 0 0 0 32002 0 -1 0 0 0 32002 32002 0 0 0 0 0 0
WIT 6 197 198 218 213 213 983 0 0 0 32002 0 -1 0 0 0 32002 32002 0 0 0 0 0 0
WIT 7 197 198 201 188 188 1568 0 0 1 205 0 -1 0 0 0 32002 32002 0 0 0 0 0 49415
WIT 6 197 198 187 182 218 983 0 0 0 32002 0 -1 0 0 0 32002 32002 0 0 0 0 0 0
WIT 7 205 206 198 192 192 148 0 0 1 206 0 -1 0 0 0 32002 32002 0 0 0 0 0 1676
WIT 11 205 206 183 173 172 0 0 0 0 206 0 -1 0 0 0 32002 32002 0 0 0 0 0 49408
WIT 8 205 206 220 213 228 983 0 0 0 32002 0 -1 0 0 0 32002 32002 0 0 0 0 0 0
WIT 7 205 206 210 204 203 0 0 0 0 225 0 -1 0 0 0 32002 32002 0 0 0 0 0 49408
WIT 10 205 206 183 174 165 0 0 0 0 206 0 -1 0 0 0 32002 32002 0 0 0 0 0 148
WIT 8 205 206 220 213 228 983 0 0 0 32002 0 -1 0 0 0 32002 32002 0 0 0 0 0 0
WIT 7 205 206 206 200 228 0 0 0 0 32002 0 -1 0 0 0 32002 32002 0 0 0 0 0 0
WIT 10 205 206 198 189 182 0 0 0 0 206 0 -1 0 0 0 32002 32002 0 0 0 0 0 148
WIT 8 205 206 215 208 208 983 0 0 0 32002 0 -1 0 0 0 32002 32002 0 0 0 0 0 0
WIT 9 205 206 198 181 180 0 0 0 0 206 0 -1 0 0 0 32002 32002 0 0 0 0 0 204
WIT 9 205 206 198 181 181 983 0 0 1 206 0 -1 0 0 0 32002 32002 0 0 0 0 0 1568
WIT 8 205 206 204 189 201 1568 0 0 1 219 0 -1 0 0 0 32002 32002 0 0 0 0 0 49415
WIT 7 205 206 204 198 219 983 0 0 0 32002 0 -1 0 0 0 32002 32002 0 0 0 0 0 0
WIT 7 205 206 213 207 239 0 0 0 0 32002 0 -1 0 0 0 32002 32002 0 0 0 0 0 0
WIT 7 205 206 218 212 224 983 0 0 0 32002 0 -1 0 0 0 32002 32002 0 0 0 0 0 0
WIT 7 205 206 187 181 194 983 0 0 1 228 0 -1 0 0 0 32002 32002 0 0 0 0 0 1568
WIT 7 205 206 210 197 212 983 0 0 0 32002 0 -1 0 0 0 32002 32002 0 0 0 0 0 0
WIT 7 205 206 196 190 209 983 0 0 0 32002 0 -1 0 0 0 32002 32002 0 0 0 0 0 0
WIT 7 205 206 200 194 212 983 0 0 0 32002 0 -1 0 0 0 32002 32002 0 0 0 0 0 0
WIT 6 215 216 207 202 209 148 0 0 1 223 0 -1 0 0 0 32002 32002 0 0 0 0 0 983
WIT 8 215 216 234 227 198 0 0 0 0 258 0 -1 0 0 0 32002 32002 0 0 0 0 0 1314
WIT 6 215 216 354 349 349 1185 1 0 0 32002 0 -1 0 0 0 32002 32002 0 0 0 0 0 0
WIT 11 215 216 225 215 214 0 0 0 0 216 0 -1 0 0 0 32002 32002 0 0 0 0 0 983
WIT 9 215 216 221 213 247 1355 0 0 0 32002 0 -1 0 0 0 32002 32002 0 0 0 0 0 0
WIT 12 215 216 218 207 206 0 0 0 0 216 0 -1 0 0 0 32002 32002 0 0 0 0 0 1318
WIT 12 215 216 246 235 234 0 0 0 0 216 0 -1 0 0 0 32002 32002 0 0 0 0 0 983
WIT 11 215 216 260 250 230 0 0 0 0 216 0 -1 0 0 0 32002 32002 0 0 0 0 0 1314
WIT 9 215 216 223 215 220 1704 1 0 0 32002 0 -1 0 0 0 32002 32002 0 0 0 0 0 0
WIT 8 215 216 225 218 227 129 0 0 0 32002 0 -1 0 0 0 32002 32002 0 0 0 0 0 0
WIT 8 215 216 237 230 230 1355 0 0 0 32002 0 -1 0 0 0 32002 32002 0 0 0 0 0 0
WIT 7 215 216 225 219 251 0 0 0 0 32002 0 -1 0 0 0 32002 32002 0 0 0 0 0 0
WIT 7 215 216 206 200 246 0 0 0 0 32002 0 -1 0 0 0 32002 32002 0 0 0 0 0 0
WIT 10 215 216 206 197 187 0 0 0 0 216 0 -1 0 0 0 32002 32002 0 0 0 0 0 49408
WIT 11 215 216 222 212 214 983 0 0 1 225 0 -1 0 0 0 32002 32002 0 0 0 0 0 49408
WIT 7 215 216 219 213 217 983 0 0 0 32002 0 -1 0 0 0 32002 32002 0 0 0 0 0 0
WIT 6 215 216 215 210 270 983 0 0 0 32002 0 -1 0 0 0 32002 32002 0 0 0 0 0 0
WIT 9 215 216 206 189 178 0 0 0 0 216 0 -1 0 0 0 32002 32002 0 0 0 0 0 148
WIT 10 215 216 206 197 197 983 0 0 1 216 0 -1 0 0 0 32002 32002 0 0 0 0 0 148
WIT 12 215 216 224 213 213 1291 0 0 1 226 0 -1 0 0 0 32002 32002 0 0 0 0 0 1318
WIT 8 215 216 206 199 225 0 0 0 0 32002 0 -1 0 0 0 32002 32002 0 0 0 0 0 0
WIT 9 215 216 264 256 266 1355 0 0 0 32002 0 -1 0 0 0 32002 32002 0 0 0 0 0 0
WIT 6 215 216 216 211 254 0 0 0 0 32002 0 -1 0 0 0 32002 32002 0 0 0 0 0 0
WIT 9 215 216 206 189 182 0 0 0 0 216 0 -1 0 0 0 32002 32002 0 0 0 0 0 148
WIT 8 215 216 207 200 200 983 0 0 1 216 0 -1 0 0 0 32002 32002 0 0 0 0 0 148
WIT 7 215 216 206 200 200 1355 0 0 1 216 0 -1 0 0 0 32002 32002 0 0 0 0 0 148
WIT 6 215 216 231 226 226 1355 0 0 0 32002 0 -1 0 0 0 32002 32002 0 0 0 0 0 0
WIT 8 215 216 206 191 180 0 0 0 0 216 0 -1 0 0 0 32002 32002 0 0 0 0 0 204
WIT 8 215 216 217 202 205 1568 0 0 1 219 0 -1 0 0 0 32002 32002 0 0 0 0 0 49415
WIT 6 215 216 204 199 239 49415 0 0 0 32002 0 -1 0 0 0 32002 32002 0 0 0 0 0 0
WIT 6 215 216 213 208 242 0 0 0 0 32002 0 -1 0 0 0 32002 32002 0 0 0 0 0 0
WIT 6 215 216 215 210 230 204 0 0 0 32002 0 -1 0 0 0 32002 32002 0 0 0 0 0 0
WIT 6 215 216 231 226 278 204 0 0 0 32002 0 -1 0 0 0 32002 32002 0 0 0 0 0 0
WIT 6 215 216 218 213 229 49415 0 0 0 32002 0 -1 0 0 0 32002 32002 0 0 0 0 0 0
WIT 6 215 216 196 191 242 49415 0 0 0 32002 0 -1 0 0 0 32002 32002 0 0 0 0 0 0
WIT 6 215 216 206 201 207 49415 0 0 1 250 0 -1 0 0 0 32002 32002 0 0 0 0 0 1568
WIT 6 215 216 238 233 233 49415 0 0 0 32002 0 -1 0 0 0 32002 32002 0 0 0 0 0 0
WIT 6 215 216 242 237 292 983 0 0 0 32002 0 -1 0 0 0 32002 32002 0 0 0 0 0 0
WIT 6 215 216 200 195 195 49415 0 0 1 254 0 -1 0 0 0 32002 32002 0 0 0 0 0 1568
WIT 7 228 229 216 203 207 148 0 0 1 223 1 1 14517 1 1 228 222 0 0 0 0 36 0
WIT 8 241 242 216 201 201 129 0 0 1 243 0 -1 0 0 0 32002 32002 0 0 0 0 0 983
WIT 7 241 242 224 218 216 0 0 0 0 242 0 -1 0 0 0 32002 32002 0 0 0 0 0 49408
WIT 7 241 242 223 217 206 0 0 0 0 241 0 -1 0 0 0 32002 32002 0 0 0 0 0 0
WIT 6 241 242 354 349 369 1697 1 0 0 32002 0 -1 0 0 0 32002 32002 0 0 0 0 0 0
WIT 8 241 242 256 249 248 0 0 0 0 254 0 -1 0 0 0 32002 32002 0 0 0 0 0 1318
WIT 6 241 242 302 297 280 0 0 0 0 324 0 -1 0 0 0 32002 32002 0 0 0 0 0 1314
WIT 11 241 242 242 221 235 129 0 0 1 241 1 1 15973 1 1 241 243 0 0 0 0 222 129
WIT 7 241 242 216 210 210 983 0 0 1 242 0 -1 0 0 0 32002 32002 0 0 0 0 0 1355
WIT 12 241 242 216 205 236 129 0 0 1 242 0 -1 0 0 0 32002 32002 0 0 0 0 0 1704
WIT 8 241 242 233 226 266 0 0 0 0 32002 0 -1 0 0 0 32002 32002 0 0 0 0 0 0
WIT 10 241 242 221 212 247 1355 0 0 0 32002 0 -1 0 0 0 32002 32002 0 0 0 0 0 0
WIT 8 241 242 225 218 247 0 0 0 0 32002 0 -1 0 0 0 32002 32002 0 0 0 0 0 0
WIT 8 241 242 216 209 239 0 0 0 0 233 0 -1 0 0 0 32002 32002 0 0 0 0 0 2443
WIT 11 241 242 216 195 194 0 0 0 0 242 0 -1 0 0 0 32002 32002 0 0 0 0 0 1318
WIT 10 241 242 216 197 201 1704 1 0 0 255 0 -1 0 0 0 32002 32002 0 0 0 0 0 983
WIT 8 241 242 225 218 236 129 0 0 1 243 0 -1 0 0 0 32002 32002 0 0 0 0 0 983
WIT 9 241 242 216 199 208 1697 0 0 1 271 0 -1 0 0 0 32002 32002 0 0 0 0 0 1314
WIT 7 241 242 339 333 347 0 0 0 0 32002 0 -1 0 0 0 32002 32002 0 0 0 0 0 0
WIT 7 241 242 216 210 252 0 0 0 0 32002 0 -1 0 0 0 32002 32002 0 0 0 0 0 0
WIT 8 241 242 223 216 220 1704 1 0 0 242 0 -1 0 0 0 32002 32002 0 0 0 0 0 983
WIT 8 241 242 216 209 220 1704 1 0 0 287 0 -1 0 0 0 32002 32002 0 0 0 0 0 983
WIT 8 241 242 237 230 255 129 0 0 0 32002 0 -1 0 0 0 32002 32002 0 0 0 0 0 0
WIT 7 241 242 216 210 211 1704 1 0 0 242 0 -1 0 0 0 32002 32002 0 0 0 0 0 983
WIT 7 241 242 225 219 258 0 0 0 0 32002 0 -1 0 0 0 32002 32002 0 0 0 0 0 0
WIT 6 241 242 227 222 222 129 0 0 1 289 0 -1 0 0 0 32002 32002 0 0 0 0 0 983
WIT 7 241 242 206 200 253 0 0 0 0 32002 0 -1 0 0 0 32002 32002 0 0 0 0 0 0
WIT 6 241 242 289 284 304 1704 1 0 0 32002 0 -1 0 0 0 32002 32002 0 0 0 0 0 0
WIT 7 241 242 228 222 258 1704 1 0 0 32002 0 -1 0 0 0 32002 32002 0 0 0 0 0 0
WIT 7 241 242 216 210 214 1704 1 0 0 280 0 -1 0 0 0 32002 32002 0 0 0 0 0 983
WIT 10 241 242 216 197 187 0 0 0 0 242 0 -1 0 0 0 32002 32002 0 0 0 0 0 49408
WIT 9 241 242 242 234 235 49408 0 0 1 242 0 -1 0 0 0 32002 32002 0 0 0 0 0 1355
WIT 10 241 242 217 208 208 1291 0 0 1 243 0 -1 0 0 0 32002 32002 0 0 0 0 0 1318
WIT 8 241 242 216 209 227 983 0 0 1 242 0 -1 0 0 0 32002 32002 0 0 0 0 0 49408
WIT 7 241 242 219 213 217 983 0 0 1 255 0 -1 0 0 0 32002 32002 0 0 0 0 0 49408
WIT 9 241 242 216 199 197 0 0 0 0 242 0 -1 0 0 0 32002 32002 0 0 0 0 0 148
WIT 7 241 242 223 217 229 983 0 0 1 242 0 -1 0 0 0 32002 32002 0 0 0 0 0 148
WIT 7 241 242 223 217 219 983 0 0 1 245 0 -1 0 0 0 32002 32002 0 0 0 0 0 1568
WIT 8 241 242 244 237 237 983 0 0 1 247 0 -1 0 0 0 32002 32002 0 0 0 0 0 1676
WIT 7 241 242 226 220 244 0 0 0 0 32002 0 -1 0 0 0 32002 32002 0 0 0 0 0 0
WIT 9 241 242 242 234 233 0 0 0 0 228 0 -1 0 0 0 32002 32002 0 0 0 0 0 0
WIT 10 241 242 225 216 215 0 0 0 0 234 0 -1 0 0 0 32002 32002 0 0 0 0 0 0
WIT 9 241 242 216 199 193 0 0 0 0 238 0 -1 0 0 0 32002 32002 0 0 0 0 0 983
WIT 8 241 242 216 209 218 983 0 0 1 246 0 -1 0 0 0 32002 32002 0 0 0 0 0 148
WIT 7 241 242 231 225 244 983 0 0 0 32002 0 -1 0 0 0 32002 32002 0 0 0 0 0 0
WIT 8 241 242 213 206 253 0 0 0 0 32002 0 -1 0 0 0 32002 32002 0 0 0 0 0 0
WIT 8 241 242 215 208 233 204 0 0 1 242 0 -1 0 0 0 32002 32002 0 0 0 0 0 983
WIT 7 241 242 260 247 246 0 0 0 0 253 0 -1 0 0 0 32002 32002 0 0 0 0 0 983
WIT 6 241 242 231 226 278 204 0 0 0 32002 0 -1 0 0 0 32002 32002 0 0 0 0 0 0
WIT 7 241 242 232 219 219 204 0 0 1 258 0 -1 0 0 0 32002 32002 0 0 0 0 0 1568
WIT 7 241 242 248 242 242 204 0 0 0 32002 0 -1 0 0 0 32002 32002 0 0 0 0 0 0
WIT 7 241 242 225 219 219 204 0 0 1 242 0 -1 0 0 0 32002 32002 0 0 0 0 0 1568
WIT 6 241 242 245 240 281 204 0 0 0 32002 0 -1 0 0 0 32002 32002 0 0 0 0 0 0
WIT 8 251 252 252 245 244 0 0 0 0 251 0 -1 0 0 0 32002 32002 0 0 0 0 0 0
WIT 6 251 252 252 247 233 0 0 0 0 251 0 -1 0 0 0 32002 32002 0 0 0 0 0 0
WIT 7 -233 -232 -230 -236 -242 0 0 0 0 -232 0 -1 0 0 0 32002 32002 0 0 0 0 0 2919
WIT 7 -233 -232 -200 -206 -185 0 0 0 0 32002 0 -1 0 0 0 32002 32002 0 0 0 0 0 0
WIT 6 -233 -232 -218 -223 -227 0 0 0 0 -220 0 -1 0 0 0 32002 32002 0 0 0 0 0 2910
WIT 9 -233 -232 -218 -226 -212 2919 0 0 0 32002 0 -1 0 0 0 32002 32002 0 0 0 0 0 0
WIT 8 232 252 242 235 235 983 0 0 1 232 1 1 43262 1 1 232 211 0 0 0 0 43 0
WIT 7 232 233 237 224 181 0 0 0 0 225 0 -1 0 0 0 32002 32002 0 0 0 0 0 0
WIT 7 232 233 244 238 238 148 0 0 0 32002 0 -1 0 0 0 32002 32002 0 0 0 0 0 0
WIT 11 -233 -232 -222 -243 -244 0 0 0 0 -233 0 -1 0 0 0 32002 32002 0 0 0 0 0 0
WIT 9 -234 -233 -137 -154 -151 53055 0 0 0 32002 0 -1 0 0 0 32002 32002 0 0 0 0 0 0
WIT 8 -234 -233 -161 -176 -180 0 0 0 0 -235 0 -1 0 0 0 32002 32002 0 0 0 0 0 0
WIT 8 232 252 242 235 222 0 0 0 0 232 0 -1 0 0 0 32002 32002 0 0 0 0 0 983
WIT 7 -235 -234 -204 -210 -210 3958 0 0 0 32002 0 -1 0 0 0 32002 32002 0 0 0 0 0 0
WIT 8 -235 -234 -127 -134 -108 3169 0 0 0 32002 0 -1 0 0 0 32002 32002 0 0 0 0 0 0
WIT 7 -235 -234 -203 -209 -209 3958 0 0 0 32002 0 -1 0 0 0 32002 32002 0 0 0 0 0 0
WIT 6 -235 -234 -167 -172 -135 3958 0 0 0 32002 0 -1 0 0 0 32002 32002 0 0 0 0 0 0
WIT 6 -235 -234 -231 -236 -236 3958 0 0 1 -231 0 -1 0 0 0 32002 32002 0 0 0 0 0 3294
WIT 7 -235 -234 -148 -154 -148 3169 0 0 0 32002 0 -1 0 0 0 32002 32002 0 0 0 0 0 0
WIT 6 -235 -234 -231 -236 -193 3169 0 0 0 32002 0 -1 0 0 0 32002 32002 0 0 0 0 0 0
WIT 6 -235 -234 -151 -156 -157 0 0 0 0 -216 0 -1 0 0 0 32002 32002 0 0 0 0 0 3169
WIT 7 -235 -234 -213 -226 -226 3169 0 0 0 32002 0 -1 0 0 0 32002 32002 0 0 0 0 0 0
WIT 7 -235 -234 -161 -174 -174 3169 0 0 0 32002 0 -1 0 0 0 32002 32002 0 0 0 0 0 0
WIT 7 -235 -234 -210 -216 -216 2592 0 0 0 32002 0 -1 0 0 0 32002 32002 0 0 0 0 0 0
WIT 7 -235 -234 -164 -170 -149 3169 0 0 0 32002 0 -1 0 0 0 32002 32002 0 0 0 0 0 0
WIT 6 -235 -234 -130 -135 -135 3958 0 0 0 32002 0 -1 0 0 0 32002 32002 0 0 0 0 0 0
WIT 6 -235 -234 -205 -210 -210 3958 0 0 0 32002 0 -1 0 0 0 32002 32002 0 0 0 0 0 0
WIT 6 -235 -234 -140 -145 -143 3169 0 0 0 32002 0 -1 0 0 0 32002 32002 0 0 0 0 0 0
WIT 7 -235 -234 -213 -219 -202 3958 0 0 0 32002 0 -1 0 0 0 32002 32002 0 0 0 0 0 0
WIT 6 232 233 242 237 243 16 0 0 0 32002 0 -1 0 0 0 32002 32002 0 0 0 0 0 0
WIT 7 232 233 314 308 247 0 0 0 0 378 0 -1 0 0 0 32002 32002 0 0 0 0 0 1569
WIT 9 -234 -233 -232 -249 -233 2919 0 0 0 32002 0 -1 0 0 0 32002 32002 0 0 0 0 0 0
WIT 8 -234 -233 -127 -134 -159 0 0 0 0 -234 0 -1 0 0 0 32002 32002 0 0 0 0 0 53055
WIT 6 -234 -233 -157 -162 -158 2592 0 0 0 32002 0 -1 0 0 0 32002 32002 0 0 0 0 0 0
WIT 6 -234 -233 -234 -239 -228 2592 0 0 0 32002 0 -1 0 0 0 32002 32002 0 0 0 0 0 0
WIT 6 -234 -233 -192 -197 -175 53055 0 0 0 32002 0 -1 0 0 0 32002 32002 0 0 0 0 0 0
WIT 6 -234 -233 -128 -133 -153 0 0 0 0 -233 0 -1 0 0 0 32002 32002 0 0 0 0 0 53055
WIT 7 -234 -233 -227 -240 -231 53055 0 0 0 32002 0 -1 0 0 0 32002 32002 0 0 0 0 0 0
WIT 7 -234 -233 -189 -195 -195 53055 0 0 0 32002 0 -1 0 0 0 32002 32002 0 0 0 0 0 0
WIT 6 232 233 266 261 290 204 0 0 0 32002 0 -1 0 0 0 32002 32002 0 0 0 0 0 0
WIT 6 232 233 234 229 229 983 0 0 1 234 0 -1 0 0 0 32002 32002 0 0 0 0 0 1568
WIT 9 -234 -233 -216 -224 -210 2137 0 0 0 32002 0 -1 0 0 0 32002 32002 0 0 0 0 0 0
WIT 8 -234 -233 -228 -243 -259 0 0 0 0 -234 0 -1 0 0 0 32002 32002 0 0 0 0 0 0
WIT 7 233 234 151 145 156 204 0 0 1 233 1 1 28429 1 1 233 217 0 0 0 0 12 1676
WIT 6 -234 -233 -210 -215 -192 2137 0 0 0 32002 0 -1 0 0 0 32002 32002 0 0 0 0 0 0
WIT 7 -234 -233 -127 -133 -147 0 0 0 0 -233 0 -1 0 0 0 32002 32002 0 0 0 0 0 2592
WIT 7 -234 -233 -216 -222 -218 53055 0 0 0 32002 0 -1 0 0 0 32002 32002 0 0 0 0 0 0
WIT 9 -234 -233 -127 -135 -107 3169 0 0 0 32002 0 -1 0 0 0 32002 32002 0 0 0 0 0 0

===========================
Total time (ms) : 19
Nodes searched  : 14093
Nodes/second    : 741736
