
Position: 1/1 (r1b1kbnr/ppp1ppp1/2n4p/4q3/2P1N1P1/3P4/PP1B1P1P/RN1QKB1R w KQkq - 3 9)
WIT 7 166 167 219 213 228 861 0 0 0 32002 0 -1 0 0 0 32002 32002 0 0 0 0 0 0
WIT 6 166 167 227 222 221 0 0 0 0 194 0 -1 0 0 0 32002 32002 0 0 0 0 0 861
WIT 7 188 189 205 199 237 334 0 0 0 32002 0 -1 0 0 0 32002 32002 0 0 0 0 0 0
WIT 6 188 189 219 214 292 861 0 0 0 32002 0 -1 0 0 0 32002 32002 0 0 0 0 0 0
WIT 7 206 207 210 204 209 861 0 0 0 32002 0 -1 0 0 0 32002 32002 0 0 0 0 0 0
WIT 8 257 258 288 281 251 0 0 0 0 288 0 -1 0 0 0 32002 32002 0 0 0 0 0 1893
WIT 7 257 258 226 220 185 0 0 0 0 245 0 -1 0 0 0 32002 32002 0 0 0 0 0 0
WIT 8 -237 -236 -173 -180 -223 0 0 0 0 -157 0 -1 0 0 0 32002 32002 0 0 0 0 0 617
WIT 7 236 237 259 246 183 0 0 0 0 253 0 -1 0 0 0 32002 32002 0 0 0 0 0 204
WIT 7 257 258 496 490 116 0 0 0 0 268 0 -1 0 0 0 32002 32002 0 0 0 0 0 1892
WIT 9 257 258 445 437 491 1185 0 0 0 32002 0 -1 0 0 0 32002 32002 0 0 0 0 0 0
WIT 7 257 258 289 283 346 861 0 0 0 32002 0 -1 0 0 0 32002 32002 0 0 0 0 0 0
WIT 7 257 258 238 232 397 1187 0 0 0 32002 0 -1 0 0 0 32002 32002 0 0 0 0 0 0
WIT 8 273 274 289 282 346 861 0 0 0 32002 0 -1 0 0 0 32002 32002 0 0 0 0 0 0
WIT 8 273 274 357 350 330 0 0 0 0 370 0 -1 0 0 0 32002 32002 0 0 0 0 0 222
WIT 7 273 274 445 439 488 1185 0 0 0 32002 0 -1 0 0 0 32002 32002 0 0 0 0 0 0
WIT 7 296 297 289 283 346 861 0 0 0 32002 0 -1 0 0 0 32002 32002 0 0 0 0 0 0
WIT 8 298 299 529 514 173 0 0 0 0 391 0 -1 0 0 0 32002 32002 0 0 0 0 0 1892
WIT 9 298 299 360 343 200 0 0 0 0 370 0 -1 0 0 0 32002 32002 0 0 0 0 0 222
WIT 8 298 299 445 438 437 0 0 0 0 370 0 -1 0 0 0 32002 32002 0 0 0 0 0 1187
WIT 6 298 299 291 286 247 0 0 0 0 306 0 -1 0 0 0 32002 32002 0 0 0 0 0 722
WIT 7 298 299 264 258 192 0 0 0 0 305 0 -1 0 0 0 32002 32002 0 0 0 0 0 1187
WIT 6 298 299 257 252 278 861 0 0 1 290 1 1 24805 1 1 298 299 0 0 0 0 11 861
WIT 6 298 299 238 233 379 1187 0 0 0 32002 0 -1 0 0 0 32002 32002 0 0 0 0 0 0
WIT 6 298 299 222 217 461 1187 0 0 0 32002 0 -1 0 0 0 32002 32002 0 0 0 0 0 0
WIT 6 311 312 437 432 368 0 0 0 0 299 0 -1 0 0 0 32002 32002 0 0 0 0 0 334
WIT 7 311 312 310 304 298 0 0 0 0 346 0 -1 0 0 0 32002 32002 0 0 0 0 0 1893
WIT 9 311 312 304 287 337 983 0 0 0 32002 0 -1 0 0 0 32002 32002 0 0 0 0 0 0
WIT 9 311 312 362 345 397 983 0 0 0 32002 0 -1 0 0 0 32002 32002 0 0 0 0 0 0
WIT 7 311 312 305 292 295 334 0 0 1 318 0 -1 0 0 0 32002 32002 0 0 0 0 0 861
WIT 6 311 312 368 363 418 1958 0 0 0 32002 0 -1 0 0 0 32002 32002 0 0 0 0 0 0
WIT 7 311 312 303 290 269 0 0 0 0 328 0 -1 0 0 0 32002 32002 0 0 0 0 0 861
WIT 7 311 312 299 293 286 0 0 0 0 320 0 -1 0 0 0 32002 32002 0 0 0 0 0 861
WIT 7 311 312 349 343 415 1185 0 0 0 32002 0 -1 0 0 0 32002 32002 0 0 0 0 0 0
WIT 7 311 312 299 293 331 334 0 0 0 32002 0 -1 0 0 0 32002 32002 0 0 0 0 0 0
WIT 7 311 312 238 232 281 1185 0 0 1 349 0 -1 0 0 0 32002 32002 0 0 0 0 0 861
WIT 7 311 312 299 293 293 1185 0 0 1 348 0 -1 0 0 0 32002 32002 0 0 0 0 0 861
WIT 7 311 312 602 596 551 0 0 0 0 350 0 -1 0 0 0 32002 32002 0 0 0 0 0 861
WIT 6 -296 -295 -207 -212 -68 213 0 0 0 32002 0 -1 0 0 0 32002 32002 0 0 0 0 0 0
WIT 6 -296 -295 -211 -216 -293 0 0 0 0 -217 0 -1 0 0 0 32002 32002 0 0 0 0 0 1923
WIT 11 -296 -295 -164 -185 -226 0 0 0 0 -276 0 -1 0 0 0 32002 32002 0 0 0 0 0 617
WIT 9 -296 -295 -228 -245 -249 0 0 0 0 -277 0 -1 0 0 0 32002 32002 0 0 0 0 0 2313
WIT 7 -296 -295 -63 -69 -70 0 0 0 0 -284 0 -1 0 0 0 32002 32002 0 0 0 0 0 3429
WIT 7 294 295 312 306 244 0 0 0 0 280 0 -1 0 0 0 32002 32002 0 0 0 0 0 0
WIT 8 -273 -272 -257 -272 -326 0 0 0 0 -272 0 -1 0 0 0 32002 32002 0 0 0 0 0 1787
WIT 9 -273 -272 -216 -224 -249 0 0 0 0 -272 0 -1 0 0 0 32002 32002 0 0 0 0 0 2908
WIT 8 -295 -272 -295 -302 -318 0 0 0 0 -272 0 -1 0 0 0 32002 32002 0 0 0 0 0 4013
WIT 11 -273 -272 -295 -316 -316 2348 0 0 1 -272 0 -1 0 0 0 32002 32002 0 0 0 0 0 2333
WIT 8 -273 -272 -277 -292 -425 0 0 0 0 -177 0 -1 0 0 0 32002 32002 0 0 0 0 0 617
WIT 11 -273 -272 -278 -299 -281 2331 0 0 1 -234 0 -1 0 0 0 32002 32002 0 0 0 0 0 2313
WIT 8 -273 -272 -295 -310 -265 3047 0 0 0 32002 0 -1 0 0 0 32002 32002 0 0 0 0 0 0
WIT 8 -273 -272 -285 -300 -279 4013 0 0 1 -268 0 -1 0 0 0 32002 32002 0 0 0 0 0 3429
WIT 7 -272 -241 -264 -270 -308 0 0 0 0 -273 0 -1 0 0 0 32002 32002 0 0 0 0 0 0
WIT 8 271 272 331 324 364 1958 0 0 0 32002 0 -1 0 0 0 32002 32002 0 0 0 0 0 0
WIT 8 271 272 405 390 57 0 0 0 0 477 0 -1 0 0 0 32002 32002 0 0 0 0 0 1837
WIT 8 -272 -241 -265 -272 -320 0 0 0 0 -272 0 -1 0 0 0 32002 32002 0 0 0 0 0 0
WIT 9 271 272 381 364 362 0 0 0 0 391 0 -1 0 0 0 32002 32002 0 0 0 0 0 1892
WIT 9 271 272 346 338 347 334 0 0 0 32002 0 -1 0 0 0 32002 32002 0 0 0 0 0 0
WIT 7 271 272 357 351 323 0 0 0 0 272 0 -1 0 0 0 32002 32002 0 0 0 0 0 334
WIT 8 271 272 342 327 322 0 0 0 0 272 0 -1 0 0 0 32002 32002 0 0 0 0 0 1893
WIT 8 271 272 344 337 400 0 0 0 0 32002 0 -1 0 0 0 32002 32002 0 0 0 0 0 0
WIT 8 -272 -241 -272 -279 -427 0 0 0 0 -272 0 -1 0 0 0 32002 32002 0 0 0 0 0 0
WIT 10 271 272 304 285 285 1185 0 0 0 32002 0 -1 0 0 0 32002 32002 0 0 0 0 0 0
WIT 10 271 272 318 309 308 0 0 0 0 305 0 -1 0 0 0 32002 32002 0 0 0 0 0 861
WIT 10 271 272 347 338 331 0 0 0 0 277 0 -1 0 0 0 32002 32002 0 0 0 0 0 1185
WIT 9 271 272 319 302 292 0 0 0 0 272 0 -1 0 0 0 32002 32002 0 0 0 0 0 861
WIT 9 271 272 326 309 271 0 0 0 0 270 0 -1 0 0 0 32002 32002 0 0 0 0 0 1958
WIT 9 271 272 317 300 260 0 0 0 0 283 0 -1 0 0 0 32002 32002 0 0 0 0 0 861
WIT 7 271 272 349 343 384 1185 0 0 0 32002 0 -1 0 0 0 32002 32002 0 0 0 0 0 0
WIT 7 271 272 343 337 336 0 0 0 0 288 0 -1 0 0 0 32002 32002 0 0 0 0 0 861
WIT 7 271 272 344 338 375 1185 0 0 0 32002 0 -1 0 0 0 32002 32002 0 0 0 0 0 0
WIT 7 271 272 299 293 293 1185 0 0 0 32002 0 -1 0 0 0 32002 32002 0 0 0 0 0 0
WIT 7 271 272 344 338 384 1185 0 0 0 32002 0 -1 0 0 0 32002 32002 0 0 0 0 0 0
WIT 8 -272 -241 -272 -279 -318 0 0 0 0 -272 0 -1 0 0 0 32002 32002 0 0 0 0 0 0
WIT 6 313 314 309 304 301 0 0 0 0 329 0 -1 0 0 0 32002 32002 0 0 0 0 0 1957
WIT 9 313 314 302 285 288 1957 1 0 0 325 0 -1 0 0 0 32002 32002 0 0 0 0 0 861
WIT 9 313 314 276 259 259 204 0 0 1 314 0 -1 0 0 0 32002 32002 0 0 0 0 0 1185
WIT 8 313 314 273 266 307 1893 0 0 1 337 0 -1 0 0 0 32002 32002 0 0 0 0 0 1185
WIT 7 313 314 513 507 561 222 1 0 0 32002 0 -1 0 0 0 32002 32002 0 0 0 0 0 0
WIT 8 313 314 272 257 233 0 0 0 0 314 0 -1 0 0 0 32002 32002 0 0 0 0 0 861
WIT 7 313 314 304 291 291 1185 0 0 1 358 0 -1 0 0 0 32002 32002 0 0 0 0 0 1187
WIT 7 313 314 286 273 291 204 0 0 1 334 0 -1 0 0 0 32002 32002 0 0 0 0 0 861
WIT 7 313 314 282 269 320 1187 0 0 0 32002 0 -1 0 0 0 32002 32002 0 0 0 0 0 0
WIT 7 313 314 344 338 423 1187 0 0 0 32002 0 -1 0 0 0 32002 32002 0 0 0 0 0 0
WIT 7 313 314 349 343 426 1187 0 0 0 32002 0 -1 0 0 0 32002 32002 0 0 0 0 0 0
WIT 7 313 314 274 261 261 861 0 0 1 320 0 -1 0 0 0 32002 32002 0 0 0 0 0 1958
WIT 7 313 314 344 338 346 1187 0 0 0 32002 0 -1 0 0 0 32002 32002 0 0 0 0 0 0
WIT 7 313 314 272 266 272 1187 0 0 1 301 1 1 1851 1 1 313 376 0 0 0 0 44 1187
WIT 7 313 314 299 293 293 1185 0 0 1 331 0 -1 0 0 0 32002 32002 0 0 0 0 0 861
WIT 8 322 323 320 305 330 983 0 0 0 32002 0 -1 0 0 0 32002 32002 0 0 0 0 0 0
WIT 7 322 323 344 338 419 0 0 0 0 32002 0 -1 0 0 0 32002 32002 0 0 0 0 0 0
WIT 7 322 323 283 277 362 1893 0 0 0 32002 0 -1 0 0 0 32002 32002 0 0 0 0 0 0
WIT 12 322 323 282 259 309 1187 0 0 1 337 0 -1 0 0 0 32002 32002 0 0 0 0 0 861
WIT 11 322 323 323 313 343 1185 0 0 0 32002 0 -1 0 0 0 32002 32002 0 0 0 0 0 0
WIT 10 322 323 323 304 294 0 0 0 0 343 0 -1 0 0 0 32002 32002 0 0 0 0 0 861
WIT 10 322 323 363 344 92 0 0 0 0 370 0 -1 0 0 0 32002 32002 0 0 0 0 0 222
WIT 10 322 323 362 343 343 861 0 0 0 32002 0 -1 0 0 0 32002 32002 0 0 0 0 0 0
WIT 9 322 323 331 314 343 334 0 0 0 32002 0 -1 0 0 0 32002 32002 0 0 0 0 0 0
WIT 10 322 323 352 333 342 1185 0 0 0 32002 0 -1 0 0 0 32002 32002 0 0 0 0 0 0
WIT 8 322 323 349 342 384 1185 0 0 0 32002 0 -1 0 0 0 32002 32002 0 0 0 0 0 0
WIT 8 322 323 411 404 588 1187 0 0 0 32002 0 -1 0 0 0 32002 32002 0 0 0 0 0 0
WIT 9 322 323 345 328 440 1187 0 0 0 32002 0 -1 0 0 0 32002 32002 0 0 0 0 0 0
WIT 9 322 323 314 297 297 334 0 0 1 381 0 -1 0 0 0 32002 32002 0 0 0 0 0 1185
WIT 8 322 323 334 327 358 1893 0 0 0 32002 0 -1 0 0 0 32002 32002 0 0 0 0 0 0
WIT 7 322 323 513 507 561 222 1 0 0 32002 0 -1 0 0 0 32002 32002 0 0 0 0 0 0
WIT 8 322 323 336 321 266 0 0 0 0 351 0 -1 0 0 0 32002 32002 0 0 0 0 0 861
WIT 9 322 323 344 336 336 1185 0 0 0 32002 0 -1 0 0 0 32002 32002 0 0 0 0 0 0
WIT 10 322 323 286 277 270 0 0 0 0 322 0 -1 0 0 0 32002 32002 0 0 0 0 0 0
WIT 9 322 323 319 302 289 0 0 0 0 322 0 -1 0 0 0 32002 32002 0 0 0 0 0 0
WIT 7 -296 -295 -322 -328 -427 0 0 0 0 -323 0 -1 0 0 0 32002 32002 0 0 0 0 0 0
WIT 9 -296 -295 -321 -329 -368 0 0 0 0 -258 0 -1 0 0 0 32002 32002 0 0 0 0 0 53048
WIT 7 322 323 312 306 247 0 0 0 0 323 0 -1 0 0 0 32002 32002 0 0 0 0 0 722
WIT 7 -323 -295 -322 -328 -350 0 0 0 0 -323 0 -1 0 0 0 32002 32002 0 0 0 0 0 0
WIT 7 -323 -295 -322 -328 -465 0 0 0 0 -323 0 -1 0 0 0 32002 32002 0 0 0 0 0 0
WIT 8 322 323 368 361 334 0 0 0 0 341 0 -1 0 0 0 32002 32002 0 0 0 0 0 1187
WIT 8 322 323 344 337 346 1187 0 0 0 32002 0 -1 0 0 0 32002 32002 0 0 0 0 0 0
WIT 9 322 323 328 320 320 334 0 0 1 339 0 -1 0 0 0 32002 32002 0 0 0 0 0 861
WIT 8 336 337 272 265 334 0 0 0 0 337 0 -1 0 0 0 32002 32002 0 0 0 0 0 1837
WIT 7 336 337 323 310 451 49408 0 0 0 32002 0 -1 0 0 0 32002 32002 0 0 0 0 0 0
WIT 6 336 337 333 328 329 1958 0 0 1 337 0 -1 0 0 0 32002 32002 0 0 0 0 0 724
WIT 6 336 337 329 324 432 49408 0 0 0 32002 0 -1 0 0 0 32002 32002 0 0 0 0 0 0
WIT 6 336 337 352 347 359 1185 0 0 0 32002 0 -1 0 0 0 32002 32002 0 0 0 0 0 0
WIT 7 336 337 323 310 275 0 0 0 0 337 0 -1 0 0 0 32002 32002 0 0 0 0 0 49408
WIT 7 336 337 323 310 253 0 0 0 0 337 0 -1 0 0 0 32002 32002 0 0 0 0 0 1244
WIT 6 336 337 323 318 350 0 0 0 0 32002 0 -1 0 0 0 32002 32002 0 0 0 0 0 0
WIT 6 336 337 272 267 363 0 0 0 0 32002 0 -1 0 0 0 32002 32002 0 0 0 0 0 0
WIT 11 336 337 380 359 160 0 0 0 0 366 0 -1 0 0 0 32002 32002 0 0 0 0 0 1892
WIT 9 336 337 351 343 323 0 0 0 0 317 0 -1 0 0 0 32002 32002 0 0 0 0 0 0
WIT 8 336 337 361 354 334 0 0 0 0 337 0 -1 0 0 0 32002 32002 0 0 0 0 0 1958
WIT 10 336 337 346 337 328 0 0 0 0 336 0 -1 0 0 0 32002 32002 0 0 0 0 0 0
WIT 9 336 337 320 303 301 0 0 0 0 336 0 -1 0 0 0 32002 32002 0 0 0 0 0 0
WIT 8 -310 -309 -278 -285 -309 0 0 0 0 -309 0 -1 0 0 0 32002 32002 0 0 0 0 0 2526
WIT 7 -310 -309 -317 -323 -337 0 0 0 0 -309 0 -1 0 0 0 32002 32002 0 0 0 0 0 3047
WIT 9 -310 -309 -294 -302 -357 0 0 0 0 -306 0 -1 0 0 0 32002 32002 0 0 0 0 0 2715
WIT 10 -310 -309 -307 -316 -346 0 0 0 0 -307 0 -1 0 0 0 32002 32002 0 0 0 0 0 2724
WIT 10 -310 -309 -309 -318 -325 0 0 0 0 -309 0 -1 0 0 0 32002 32002 0 0 0 0 0 2526
WIT 7 -310 -309 -309 -315 -367 0 0 0 0 -301 0 -1 0 0 0 32002 32002 0 0 0 0 0 3242
WIT 9 -310 -309 -304 -312 -317 0 0 0 0 -310 0 -1 0 0 0 32002 32002 0 0 0 0 0 0
WIT 7 -310 -309 -318 -331 -342 0 0 1 0 -310 0 -1 0 0 0 32002 32002 0 0 0 0 0 0
WIT 6 330 331 344 339 373 0 0 0 0 32002 0 -1 0 0 0 32002 32002 0 0 0 0 0 0
WIT 8 309 337 323 316 310 0 0 0 0 331 0 -1 0 0 0 32002 32002 0 0 0 0 0 861
WIT 9 -331 -330 -336 -344 -343 3372 0 0 1 -307 0 -1 0 0 0 32002 32002 0 0 0 0 0 2908
WIT 8 -331 -330 -336 -343 -347 0 0 0 0 -312 0 -1 0 0 0 32002 32002 0 0 0 0 0 2715
WIT 6 330 331 339 334 326 0 0 0 0 313 0 -1 0 0 0 32002 32002 0 0 0 0 0 0
WIT 8 330 331 352 337 336 0 0 0 0 322 0 -1 0 0 0 32002 32002 0 0 0 0 0 983
WIT 10 330 331 323 304 327 1373 0 0 1 330 1 1 9302 1 1 330 327 0 0 0 0 28 0
WIT 9 330 331 323 306 287 0 0 0 0 330 0 -1 0 0 0 32002 32002 0 0 0 0 0 0
WIT 8 330 331 323 308 282 0 0 0 0 330 0 -1 0 0 0 32002 32002 0 0 0 0 0 0
WIT 10 -310 -309 -277 -296 -296 2313 1 0 0 32002 0 -1 0 0 0 32002 32002 0 0 0 0 0 0
WIT 7 -310 -309 -284 -290 -263 2348 0 0 0 32002 0 -1 0 0 0 32002 32002 0 0 0 0 0 0
WIT 9 -310 -309 -272 -280 -256 3047 0 0 0 32002 0 -1 0 0 0 32002 32002 0 0 0 0 0 0
WIT 10 -310 -309 -268 -287 -255 4013 0 0 0 32002 0 -1 0 0 0 32002 32002 0 0 0 0 0 0
WIT 11 -291 -290 -198 -208 -188 2348 0 0 0 32002 0 -1 0 0 0 32002 32002 0 0 0 0 0 0
WIT 11 -291 -290 -258 -268 -290 0 0 0 0 -290 0 -1 0 0 0 32002 32002 0 0 0 0 0 2348
WIT 11 -291 -290 -241 -251 -301 0 0 0 0 -268 0 -1 0 0 0 32002 32002 0 0 0 0 0 3112
WIT 10 -291 -290 -261 -280 -297 0 0 0 0 -290 0 -1 0 0 0 32002 32002 0 0 0 0 0 53048
WIT 7 -291 -290 -250 -256 -253 3899 0 1 0 32002 0 -1 0 0 0 32002 32002 0 0 0 0 0 0
WIT 6 -291 -290 -295 -300 -610 0 0 0 0 -278 0 -1 0 0 0 32002 32002 0 0 0 0 0 2247
WIT 6 -291 -290 -295 -300 -323 0 0 0 0 -279 0 -1 0 0 0 32002 32002 0 0 0 0 0 1827
WIT 8 -291 -290 -282 -297 -324 0 0 0 0 -324 0 -1 0 0 0 32002 32002 0 0 0 0 0 0
WIT 7 290 291 337 331 364 1185 0 0 0 32002 0 -1 0 0 0 32002 32002 0 0 0 0 0 0
WIT 6 308 309 326 321 144 0 0 0 0 368 0 -1 0 0 0 32002 32002 0 0 0 0 0 1445
WIT 6 308 309 320 315 289 0 0 0 0 260 0 -1 0 0 0 32002 32002 0 0 0 0 0 1826
WIT 9 308 309 337 329 338 1185 0 0 0 32002 0 -1 0 0 0 32002 32002 0 0 0 0 0 0
WIT 8 308 309 340 333 378 1373 0 0 0 32002 0 -1 0 0 0 32002 32002 0 0 0 0 0 0
WIT 7 -309 -290 -330 -336 -404 0 0 0 0 -334 0 -1 0 0 0 32002 32002 0 0 0 0 0 0
WIT 7 308 309 345 332 290 0 0 0 0 324 0 -1 0 0 0 32002 32002 0 0 0 0 0 1185
WIT 7 -309 -308 -174 -180 -284 0 0 0 0 -266 0 -1 0 0 0 32002 32002 0 0 0 0 0 3112
WIT 6 -309 -308 -255 -260 -261 0 0 0 0 -270 0 -1 0 0 0 32002 32002 0 0 0 0 0 3372
WIT 10 308 309 324 305 253 0 0 0 0 308 0 -1 0 0 0 32002 32002 0 0 0 0 0 0
WIT 7 -309 -308 -214 -220 -220 3372 0 0 0 32002 0 -1 0 0 0 32002 32002 0 0 0 0 0 0
WIT 9 308 309 322 305 290 0 0 0 0 308 0 -1 0 0 0 32002 32002 0 0 0 0 0 0
WIT 7 -309 -290 -304 -310 -310 3372 0 0 1 -290 0 -1 0 0 0 32002 32002 0 0 0 0 0 53048
WIT 11 290 291 291 281 145 0 0 0 0 222 0 -1 0 0 0 32002 32002 0 0 0 0 0 0
WIT 12 -291 -290 -308 -331 -344 0 0 0 0 -336 0 -1 0 0 0 32002 32002 0 0 0 0 0 0
WIT 11 -291 -290 -308 -329 -351 0 0 0 0 -332 0 -1 0 0 0 32002 32002 0 0 0 0 0 0
WIT 10 -291 -290 -308 -327 -331 0 0 0 0 -328 0 -1 0 0 0 32002 32002 0 0 0 0 0 0
WIT 9 308 309 307 299 332 1185 0 0 0 32002 0 -1 0 0 0 32002 32002 0 0 0 0 0 0
WIT 8 -309 -290 -330 -337 -338 0 0 0 0 -321 0 -1 0 0 0 32002 32002 0 0 0 0 0 0
WIT 7 308 309 363 357 272 0 0 0 0 375 0 -1 0 0 0 32002 32002 0 0 0 0 0 2285
WIT 11 308 309 382 372 371 0 0 0 0 309 0 -1 0 0 0 32002 32002 0 0 0 0 0 1187
WIT 7 308 309 352 346 392 724 0 0 0 32002 0 -1 0 0 0 32002 32002 0 0 0 0 0 0
WIT 10 308 309 337 318 290 0 0 0 0 309 0 -1 0 0 0 32002 32002 0 0 0 0 0 49408
WIT 7 308 309 289 283 289 49408 0 0 1 331 0 -1 0 0 0 32002 32002 0 0 0 0 0 1187
WIT 8 308 309 337 330 377 0 0 0 0 32002 0 -1 0 0 0 32002 32002 0 0 0 0 0 0
WIT 10 308 309 456 437 380 0 0 0 0 422 0 -1 0 0 0 32002 32002 0 0 0 0 0 1837
WIT 8 308 309 373 366 396 1185 0 0 0 32002 0 -1 0 0 0 32002 32002 0 0 0 0 0 0
WIT 6 308 309 351 346 351 724 0 0 0 32002 0 -1 0 0 0 32002 32002 0 0 0 0 0 0
WIT 6 308 309 323 318 337 0 0 0 0 32002 0 -1 0 0 0 32002 32002 0 0 0 0 0 0
WIT 11 308 309 337 316 310 0 0 0 0 309 0 -1 0 0 0 32002 32002 0 0 0 0 0 204
WIT 6 308 309 344 339 400 0 0 0 0 32002 0 -1 0 0 0 32002 32002 0 0 0 0 0 0
WIT 10 308 309 331 312 312 724 0 0 0 32002 0 -1 0 0 0 32002 32002 0 0 0 0 0 0
WIT 9 308 309 362 345 345 204 0 0 0 32002 0 -1 0 0 0 32002 32002 0 0 0 0 0 0
WIT 10 308 309 331 312 311 0 0 0 0 309 0 -1 0 0 0 32002 32002 0 0 0 0 0 983
WIT 8 308 309 345 330 367 334 0 0 0 32002 0 -1 0 0 0 32002 32002 0 0 0 0 0 0
WIT 8 308 309 349 342 373 334 0 0 0 32002 0 -1 0 0 0 32002 32002 0 0 0 0 0 0
WIT 8 308 309 344 337 423 1187 0 0 0 32002 0 -1 0 0 0 32002 32002 0 0 0 0 0 0
WIT 8 308 309 328 321 360 983 0 0 0 32002 0 -1 0 0 0 32002 32002 0 0 0 0 0 0
WIT 8 308 309 344 337 349 983 0 0 0 32002 0 -1 0 0 0 32002 32002 0 0 0 0 0 0
WIT 9 333 334 307 299 332 1185 0 0 1 334 0 -1 0 0 0 32002 32002 0 0 0 0 0 216
WIT 7 290 334 334 328 323 0 0 0 0 334 0 -1 0 0 0 32002 32002 0 0 0 0 0 1373
WIT 9 333 334 336 328 345 1373 0 0 0 32002 0 -1 0 0 0 32002 32002 0 0 0 0 0 0
WIT 8 290 334 321 314 301 0 0 0 0 334 0 -1 0 0 0 32002 32002 0 0 0 0 0 853
WIT 11 333 334 311 290 290 216 0 0 1 334 0 -1 0 0 0 32002 32002 0 0 0 0 0 861
WIT 9 333 334 323 315 353 334 0 0 0 32002 0 -1 0 0 0 32002 32002 0 0 0 0 0 0
WIT 8 290 334 309 302 270 0 0 0 0 334 0 -1 0 0 0 32002 32002 0 0 0 0 0 1958
WIT 7 333 334 309 296 296 334 0 0 1 324 1 1 26172 1 1 333 317 0 0 0 0 9 0
WIT 12 333 334 309 286 286 983 0 0 1 325 1 2 8615 1 1 333 333 1 0 2 0 34 0
WIT 11 333 334 309 288 272 0 0 0 0 333 0 -1 0 0 0 32002 32002 0 0 0 0 0 0
WIT 10 333 334 309 290 297 1893 0 0 1 382 0 -1 0 0 0 32002 32002 0 0 0 0 0 1187
WIT 10 333 334 309 300 301 1187 0 0 1 343 0 -1 0 0 0 32002 32002 0 0 0 0 0 724
WIT 9 333 334 621 613 1156 722 1 1 0 32002 0 -1 0 0 0 32002 32002 0 0 0 0 0 0
WIT 6 333 334 333 328 482 724 0 0 0 32002 0 -1 0 0 0 32002 32002 0 0 0 0 0 0
WIT 7 333 334 491 485 484 0 0 0 0 365 0 -1 0 0 0 32002 32002 0 0 0 0 0 1187
WIT 6 333 334 497 492 554 724 0 0 0 32002 0 -1 0 0 0 32002 32002 0 0 0 0 0 0
WIT 7 333 334 352 346 392 724 0 0 0 32002 0 -1 0 0 0 32002 32002 0 0 0 0 0 0
WIT 6 333 334 403 398 397 0 0 0 0 313 0 -1 0 0 0 32002 32002 0 0 0 0 0 724
WIT 6 333 334 428 423 405 0 0 0 0 423 0 -1 0 0 0 32002 32002 0 0 0 0 0 1187
WIT 6 333 334 337 332 332 724 0 0 1 337 0 -1 0 0 0 32002 32002 0 0 0 0 0 1187
WIT 9 333 334 309 292 267 0 0 0 0 336 0 -1 0 0 0 32002 32002 0 0 0 0 0 49408
WIT 11 333 334 324 314 314 724 0 0 1 350 0 -1 0 0 0 32002 32002 0 0 0 0 0 49408
WIT 8 333 334 309 302 302 1893 0 0 1 334 0 -1 0 0 0 32002 32002 0 0 0 0 0 49408
WIT 6 333 334 323 318 384 49408 0 0 0 32002 0 -1 0 0 0 32002 32002 0 0 0 0 0 0
WIT 6 333 334 328 323 329 49408 0 0 1 369 0 -1 0 0 0 32002 32002 0 0 0 0 0 1187
WIT 9 333 334 309 292 251 0 0 0 0 334 0 -1 0 0 0 32002 32002 0 0 0 0 0 1244
WIT 9 333 334 333 316 315 0 0 0 0 336 0 -1 0 0 0 32002 32002 0 0 0 0 0 1837
WIT 10 333 334 309 300 349 0 0 0 0 32002 0 -1 0 0 0 32002 32002 0 0 0 0 0 0
WIT 7 333 334 323 310 451 49408 0 0 0 32002 0 -1 0 0 0 32002 32002 0 0 0 0 0 0
WIT 9 333 334 337 329 387 0 0 0 0 32002 0 -1 0 0 0 32002 32002 0 0 0 0 0 0
WIT 8 333 334 373 366 396 1185 0 0 0 32002 0 -1 0 0 0 32002 32002 0 0 0 0 0 0
WIT 6 333 334 323 318 344 0 0 0 0 32002 0 -1 0 0 0 32002 32002 0 0 0 0 0 0
WIT 6 333 334 351 346 351 724 0 0 0 32002 0 -1 0 0 0 32002 32002 0 0 0 0 0 0
WIT 8 333 334 309 294 272 0 0 0 0 334 0 -1 0 0 0 32002 32002 0 0 0 0 0 204
WIT 6 333 334 344 339 402 0 0 0 0 32002 0 -1 0 0 0 32002 32002 0 0 0 0 0 0
WIT 7 333 334 340 334 323 0 0 0 0 310 0 -1 0 0 0 32002 32002 0 0 0 0 0 0
WIT 7 333 334 322 316 306 0 0 0 0 333 0 -1 0 0 0 32002 32002 0 0 0 0 0 924
WIT 7 333 334 486 480 486 1826 0 0 0 32002 0 -1 0 0 0 32002 32002 0 0 0 0 0 0
WIT 12 333 334 309 286 286 861 0 0 1 354 0 -1 0 0 0 32002 32002 0 0 0 0 0 334
WIT 10 333 334 346 337 301 0 0 0 0 348 0 -1 0 0 0 32002 32002 0 0 0 0 0 724
WIT 6 333 334 486 481 485 0 0 0 0 32002 0 -1 0 0 0 32002 32002 0 0 0 0 0 0
WIT 11 333 334 342 332 331 0 0 0 0 334 0 -1 0 0 0 32002 32002 0 0 0 0 0 334
WIT 10 333 334 539 530 465 0 0 0 0 348 0 -1 0 0 0 32002 32002 0 0 0 0 0 1957
WIT 8 333 334 393 386 404 1187 0 0 0 32002 0 -1 0 0 0 32002 32002 0 0 0 0 0 0
WIT 11 333 334 309 288 287 0 0 0 0 334 0 -1 0 0 0 32002 32002 0 0 0 0 0 983
WIT 11 333 334 341 320 310 0 0 0 0 348 0 -1 0 0 0 32002 32002 0 0 0 0 0 861
WIT 11 333 334 366 345 292 0 0 0 0 370 0 -1 0 0 0 32002 32002 0 0 0 0 0 222
WIT 11 333 334 334 324 345 1893 0 0 0 32002 0 -1 0 0 0 32002 32002 0 0 0 0 0 0
WIT 12 333 334 375 352 351 0 0 0 0 334 0 -1 0 0 0 32002 32002 0 0 0 0 0 1185
WIT 10 333 334 348 329 279 0 0 0 0 334 0 -1 0 0 0 32002 32002 0 0 0 0 0 861
WIT 9 333 334 288 280 280 1185 0 0 1 358 0 -1 0 0 0 32002 32002 0 0 0 0 0 204
WIT 9 333 334 345 328 370 334 0 0 0 32002 0 -1 0 0 0 32002 32002 0 0 0 0 0 0
WIT 9 333 334 411 403 423 1185 0 0 0 32002 0 -1 0 0 0 32002 32002 0 0 0 0 0 0
WIT 9 333 334 339 322 321 0 0 0 0 341 0 -1 0 0 0 32002 32002 0 0 0 0 0 1187
WIT 9 333 334 344 336 499 1187 0 0 0 32002 0 -1 0 0 0 32002 32002 0 0 0 0 0 0
WIT 9 333 334 362 345 345 983 0 0 0 32002 0 -1 0 0 0 32002 32002 0 0 0 0 0 0
WIT 9 333 334 328 320 363 983 0 0 0 32002 0 -1 0 0 0 32002 32002 0 0 0 0 0 0
WIT 9 333 334 337 329 328 0 0 0 0 340 0 -1 0 0 0 32002 32002 0 0 0 0 0 861
WIT 9 367 368 334 326 338 1185 0 0 1 368 0 -1 0 0 0 32002 32002 0 0 0 0 0 216
WIT 7 300 368 334 328 311 0 0 0 0 368 0 -1 0 0 0 32002 32002 0 0 0 0 0 1373
WIT 9 367 368 336 328 345 1373 0 0 1 361 1 1 63826 1 1 367 431 0 0 0 0 20 1373
WIT 8 367 368 340 333 378 1373 0 0 0 32002 0 -1 0 0 0 32002 32002 0 0 0 0 0 0
WIT 7 300 368 334 328 288 0 0 0 0 368 0 -1 0 0 0 32002 32002 0 0 0 0 0 853
WIT 11 367 368 354 344 279 0 0 0 0 432 0 -1 0 0 0 32002 32002 0 0 0 0 0 2216
WIT 10 367 368 336 317 270 0 0 0 0 367 0 -1 0 0 0 32002 32002 0 0 0 0 0 0
WIT 7 -368 -367 -237 -243 -244 0 0 0 0 -332 0 -1 0 0 0 32002 32002 0 0 0 0 0 3112
WIT 9 -368 -367 -253 -261 -305 0 0 0 0 -335 0 -1 0 0 0 32002 32002 0 0 0 0 0 3372
WIT 9 367 368 332 315 274 0 0 0 0 367 0 -1 0 0 0 32002 32002 0 0 0 0 0 0
WIT 9 -368 -367 -261 -269 -269 3372 0 0 0 32002 0 -1 0 0 0 32002 32002 0 0 0 0 0 0
WIT 8 367 368 316 309 308 0 0 0 0 368 0 -1 0 0 0 32002 32002 0 0 0 0 0 1826
WIT 8 367 368 368 361 356 0 0 0 0 368 0 -1 0 0 0 32002 32002 0 0 0 0 0 216
WIT 10 367 368 334 315 310 0 0 0 0 368 0 -1 0 0 0 32002 32002 0 0 0 0 0 861
WIT 7 300 368 334 328 270 0 0 0 0 368 0 -1 0 0 0 32002 32002 0 0 0 0 0 1958
WIT 10 367 368 334 315 313 0 0 0 0 333 0 -1 0 0 0 32002 32002 0 0 0 0 0 0
WIT 8 -310 -309 -326 -341 -354 0 0 1 0 -310 0 -1 0 0 0 32002 32002 0 0 0 0 0 0
WIT 7 338 339 372 366 354 0 0 0 0 363 0 -1 0 0 0 32002 32002 0 0 0 0 0 49408
WIT 6 338 339 349 344 234 0 0 0 0 360 0 -1 0 0 0 32002 32002 0 0 0 0 0 204
WIT 8 338 339 342 335 334 0 0 0 0 339 0 -1 0 0 0 32002 32002 0 0 0 0 0 1180
WIT 6 338 339 439 434 421 0 0 1 0 347 0 -1 0 0 0 32002 32002 0 0 0 0 0 391
WIT 7 338 339 337 331 331 216 0 0 1 339 0 -1 0 0 0 32002 32002 0 0 0 0 0 49415
WIT 7 338 339 338 332 332 49415 0 0 1 347 0 -1 0 0 0 32002 32002 0 0 0 0 0 1957
WIT 7 338 339 337 324 318 0 0 0 0 339 0 -1 0 0 0 32002 32002 0 0 0 0 0 334
WIT 11 338 339 335 314 324 1893 0 0 1 342 0 -1 0 0 0 32002 32002 0 0 0 0 0 49408
WIT 9 338 339 331 323 401 781 0 0 0 32002 0 -1 0 0 0 32002 32002 0 0 0 0 0 0
WIT 11 338 339 334 324 323 0 0 0 0 342 0 -1 0 0 0 32002 32002 0 0 0 0 0 49408
WIT 7 338 339 338 332 401 1187 0 0 0 32002 0 -1 0 0 0 32002 32002 0 0 0 0 0 0
WIT 8 338 339 364 357 366 49408 0 0 0 32002 0 -1 0 0 0 32002 32002 0 0 0 0 0 0
WIT 7 338 339 323 317 373 49408 0 0 0 32002 0 -1 0 0 0 32002 32002 0 0 0 0 0 0
WIT 7 338 339 351 345 377 1187 0 0 0 32002 0 -1 0 0 0 32002 32002 0 0 0 0 0 0
WIT 7 338 339 423 417 417 1187 0 0 0 32002 0 -1 0 0 0 32002 32002 0 0 0 0 0 0
WIT 7 338 339 364 358 396 724 0 0 0 32002 0 -1 0 0 0 32002 32002 0 0 0 0 0 0
WIT 6 338 339 369 364 370 782 0 0 0 32002 0 -1 0 0 0 32002 32002 0 0 0 0 0 0
WIT 11 338 339 334 313 265 0 0 0 0 341 0 -1 0 0 0 32002 32002 0 0 0 0 0 1244
WIT 11 338 339 412 391 386 0 0 0 0 422 0 -1 0 0 0 32002 32002 0 0 0 0 0 1837
WIT 10 338 339 375 366 284 0 0 0 0 527 0 -1 0 0 0 32002 32002 0 0 0 0 0 2931
WIT 6 338 339 444 439 589 722 0 0 0 32002 0 -1 0 0 0 32002 32002 0 0 0 0 0 0
WIT 11 338 339 336 315 300 0 0 0 0 355 0 -1 0 0 0 32002 32002 0 0 0 0 0 1187
WIT 11 338 339 335 314 313 0 0 0 0 353 0 -1 0 0 0 32002 32002 0 0 0 0 0 1837
WIT 11 338 339 337 327 367 49408 0 0 0 32002 0 -1 0 0 0 32002 32002 0 0 0 0 0 0
WIT 7 338 339 373 367 392 1185 0 0 0 32002 0 -1 0 0 0 32002 32002 0 0 0 0 0 0
WIT 10 338 339 334 315 272 0 0 0 0 339 0 -1 0 0 0 32002 32002 0 0 0 0 0 204
WIT 8 338 339 344 337 401 0 0 0 0 32002 0 -1 0 0 0 32002 32002 0 0 0 0 0 0
WIT 10 338 339 334 315 332 724 0 0 1 346 0 -1 0 0 0 32002 32002 0 0 0 0 0 334
WIT 7 338 339 393 387 399 724 0 0 0 32002 0 -1 0 0 0 32002 32002 0 0 0 0 0 0
WIT 13 338 339 334 309 309 1185 0 0 1 345 0 -1 0 0 0 32002 32002 0 0 0 0 0 983
WIT 11 338 339 339 318 330 1185 0 0 1 340 0 -1 0 0 0 32002 32002 0 0 0 0 0 861
WIT 10 338 339 368 349 326 0 0 0 0 368 0 -1 0 0 0 32002 32002 0 0 0 0 0 1373
WIT 13 338 339 382 357 357 1185 0 0 0 32002 0 -1 0 0 0 32002 32002 0 0 0 0 0 0
WIT 12 338 339 368 345 352 334 0 0 0 32002 0 -1 0 0 0 32002 32002 0 0 0 0 0 0
WIT 12 338 339 368 345 329 0 0 0 0 352 0 -1 0 0 0 32002 32002 0 0 0 0 0 861
WIT 10 338 339 323 314 326 334 0 0 1 349 0 -1 0 0 0 32002 32002 0 0 0 0 0 861
WIT 6 338 339 337 332 360 35245 1 0 0 32002 0 -1 0 0 0 32002 32002 0 0 0 0 0 0
WIT 11 338 339 368 347 343 0 0 0 0 339 0 -1 0 0 0 32002 32002 0 0 0 0 0 1958
WIT 8 338 339 337 330 297 0 0 0 0 339 0 -1 0 0 0 32002 32002 0 0 0 0 0 1893
WIT 8 338 339 334 327 462 1568 0 0 0 32002 0 -1 0 0 0 32002 32002 0 0 0 0 0 0
WIT 6 338 339 364 359 144 0 0 0 0 352 0 -1 0 0 0 32002 32002 0 0 0 0 0 1568
WIT 7 338 339 334 328 319 0 0 0 0 343 0 -1 0 0 0 32002 32002 0 0 0 0 0 536
WIT 13 338 339 334 309 309 334 0 0 1 342 0 -1 0 0 0 32002 32002 0 0 0 0 0 1185
WIT 6 338 339 334 329 363 334 0 0 0 32002 0 -1 0 0 0 32002 32002 0 0 0 0 0 0
WIT 9 338 339 488 480 976 222 1 0 0 32002 0 -1 0 0 0 32002 32002 0 0 0 0 0 0
WIT 11 338 339 334 313 265 0 0 0 0 339 0 -1 0 0 0 32002 32002 0 0 0 0 0 861
WIT 6 338 339 283 278 349 1893 0 0 0 32002 0 -1 0 0 0 32002 32002 0 0 0 0 0 0
WIT 11 338 339 335 314 333 334 0 0 1 349 0 -1 0 0 0 32002 32002 0 0 0 0 0 861
WIT 11 338 339 362 341 341 861 0 0 0 32002 0 -1 0 0 0 32002 32002 0 0 0 0 0 0
WIT 10 338 339 350 341 427 1187 0 0 0 32002 0 -1 0 0 0 32002 32002 0 0 0 0 0 0
WIT 10 338 339 350 341 527 722 0 0 0 32002 0 -1 0 0 0 32002 32002 0 0 0 0 0 0
WIT 8 338 339 440 433 545 722 0 0 0 32002 0 -1 0 0 0 32002 32002 0 0 0 0 0 0
WIT 7 338 339 447 441 441 861 0 0 0 32002 0 -1 0 0 0 32002 32002 0 0 0 0 0 0
WIT 10 338 339 340 321 306 0 0 0 0 341 0 -1 0 0 0 32002 32002 0 0 0 0 0 1187
WIT 10 338 339 344 335 499 1187 0 0 0 32002 0 -1 0 0 0 32002 32002 0 0 0 0 0 0
WIT 11 338 339 345 324 389 1187 0 0 0 32002 0 -1 0 0 0 32002 32002 0 0 0 0 0 0
WIT 11 338 339 353 332 358 334 0 0 0 32002 0 -1 0 0 0 32002 32002 0 0 0 0 0 0
WIT 10 338 339 355 346 465 1187 0 0 0 32002 0 -1 0 0 0 32002 32002 0 0 0 0 0 0
WIT 6 338 339 329 324 334 1893 0 0 1 409 0 -1 0 0 0 32002 32002 0 0 0 0 0 1185
WIT 7 -354 -324 -345 -351 -370 0 0 0 0 -289 0 -1 0 0 0 32002 32002 0 0 0 0 0 3899
WIT 7 -325 -324 -289 -302 -257 2724 0 0 0 32002 0 -1 0 0 0 32002 32002 0 0 0 0 0 0
WIT 8 324 354 310 303 266 0 0 0 0 310 0 -1 0 0 0 32002 32002 0 0 0 0 0 0
WIT 11 -325 -324 -306 -327 -314 3047 0 0 0 32002 0 -1 0 0 0 32002 32002 0 0 0 0 0 0
WIT 7 -325 -324 -298 -304 -255 0 0 0 0 32002 0 -1 0 0 0 32002 32002 0 0 0 0 0 0
WIT 8 -325 -324 -246 -253 -251 3306 1 0 0 32002 0 -1 0 0 0 32002 32002 0 0 0 0 0 0
WIT 9 -325 -324 -309 -326 -348 0 0 0 0 -324 0 -1 0 0 0 32002 32002 0 0 0 0 0 3047
WIT 8 324 354 310 303 286 0 0 0 0 324 0 -1 0 0 0 32002 32002 0 0 0 0 0 0
WIT 8 -325 -324 -297 -312 -359 0 0 0 0 -325 0 -1 0 0 0 32002 32002 0 0 0 0 0 0
WIT 6 324 325 337 332 342 204 0 0 0 32002 0 -1 0 0 0 32002 32002 0 0 0 0 0 0
WIT 7 353 354 332 326 260 0 0 1 0 354 0 -1 0 0 0 32002 32002 0 0 0 0 0 391
WIT 7 324 354 325 319 317 0 0 0 0 354 0 -1 0 0 0 32002 32002 0 0 0 0 0 924
WIT 9 353 354 327 319 350 0 0 0 0 358 0 -1 0 0 0 32002 32002 0 0 0 0 0 1837
WIT 10 353 354 340 331 333 49415 0 0 1 354 0 -1 0 0 0 32002 32002 0 0 0 0 0 1837
WIT 9 353 354 337 320 446 1826 0 0 0 32002 0 -1 0 0 0 32002 32002 0 0 0 0 0 0
WIT 9 324 354 339 331 309 0 0 0 0 324 0 -1 0 0 0 32002 32002 0 0 0 0 0 334
WIT 6 353 354 339 334 376 722 0 0 0 32002 0 -1 0 0 0 32002 32002 0 0 0 0 0 0
WIT 11 353 354 339 318 318 924 1 0 0 376 0 -1 0 0 0 32002 32002 0 0 0 0 0 1180
WIT 10 353 354 346 337 365 333 0 1 0 32002 0 -1 0 0 0 32002 32002 0 0 0 0 0 0
WIT 11 353 354 339 329 324 0 0 0 0 354 0 -1 0 0 0 32002 32002 0 0 0 0 0 49415
WIT 7 353 354 365 359 414 216 0 0 0 32002 0 -1 0 0 0 32002 32002 0 0 0 0 0 0
WIT 9 353 354 339 331 324 0 0 0 0 339 0 -1 0 0 0 32002 32002 0 0 0 0 0 0
WIT 8 -354 -353 -276 -283 -311 0 0 0 0 -188 0 -1 0 0 0 32002 32002 0 0 0 0 0 3749
WIT 8 -354 -353 -318 -325 -369 0 0 0 0 -321 0 -1 0 0 0 32002 32002 0 0 0 0 0 2908
WIT 10 353 354 339 320 307 0 0 0 0 345 0 -1 0 0 0 32002 32002 0 0 0 0 0 0
WIT 8 -354 -324 -339 -346 -298 2526 1 0 0 32002 0 -1 0 0 0 32002 32002 0 0 0 0 0 0
WIT 11 -325 -324 -204 -214 -264 0 0 0 0 -307 0 -1 0 0 0 32002 32002 0 0 0 0 0 3749
WIT 11 -325 -324 -324 -345 -436 0 0 0 0 -316 0 -1 0 0 0 32002 32002 0 0 0 0 0 2908
WIT 8 -354 -324 -345 -352 -354 0 0 0 0 -323 0 -1 0 0 0 32002 32002 0 0 0 0 0 3047
WIT 9 -325 -324 -299 -307 -276 2908 1 0 0 32002 0 -1 0 0 0 32002 32002 0 0 0 0 0 0
WIT 8 -325 -324 -313 -320 -321 0 0 1 0 -325 0 -1 0 0 0 32002 32002 0 0 0 0 0 0
WIT 7 324 325 331 318 272 0 0 0 0 324 0 -1 0 0 0 32002 32002 0 0 0 0 0 0
WIT 9 324 354 339 331 316 0 0 0 0 324 0 -1 0 0 0 32002 32002 0 0 0 0 0 0
WIT 6 -148 -147 -83 -88 -201 0 0 0 0 -148 0 -1 0 0 0 32002 32002 0 0 0 0 0 0
WIT 12 -325 -324 -272 -283 -183 0 0 0 0 32002 0 -1 0 0 0 32002 32002 0 0 0 0 0 0
WIT 11 -325 -324 -272 -293 -293 3372 0 0 0 32002 0 -1 0 0 0 32002 32002 0 0 0 0 0 0
WIT 6 -148 -147 -14 -19 76 3373 1 1 0 32002 0 -1 0 0 0 32002 32002 0 0 0 0 0 0
WIT 9 324 354 339 331 272 0 0 0 0 324 0 -1 0 0 0 32002 32002 0 0 0 0 0 0
WIT 10 -325 -324 -226 -245 -282 0 0 0 0 -311 0 -1 0 0 0 32002 32002 0 0 0 0 0 1923
WIT 12 -325 -324 -177 -188 -148 3372 0 0 0 32002 0 -1 0 0 0 32002 32002 0 0 0 0 0 0
WIT 13 -325 -324 -237 -262 -279 0 0 0 0 -324 0 -1 0 0 0 32002 32002 0 0 0 0 0 2313
WIT 11 -325 -324 -272 -293 -257 2348 0 0 0 32002 0 -1 0 0 0 32002 32002 0 0 0 0 0 0
WIT 10 -325 -324 -272 -281 -268 3047 0 0 0 32002 0 -1 0 0 0 32002 32002 0 0 0 0 0 0
WIT 10 -325 -324 -268 -287 -275 4013 0 0 0 32002 0 -1 0 0 0 32002 32002 0 0 0 0 0 0
WIT 9 -324 -304 -339 -347 -271 2526 1 0 0 32002 0 -1 0 0 0 32002 32002 0 0 0 0 0 0
WIT 12 -305 -304 -308 -331 -332 0 0 0 0 -203 0 -1 0 0 0 32002 32002 0 0 0 0 0 3749
WIT 12 -305 -304 -316 -327 -293 3372 0 0 0 32002 0 -1 0 0 0 32002 32002 0 0 0 0 0 0
WIT 12 -305 -304 -316 -339 -416 0 0 0 0 -293 0 -1 0 0 0 32002 32002 0 0 0 0 0 2908
WIT 10 -305 -304 -320 -329 -329 2908 1 0 0 -223 0 -1 0 0 0 32002 32002 0 0 0 0 0 2526
WIT 9 -305 -304 -299 -307 -298 3112 0 0 0 32002 0 -1 0 0 0 32002 32002 0 0 0 0 0 0
WIT 9 -305 -304 -321 -329 -283 2526 1 0 0 32002 0 -1 0 0 0 32002 32002 0 0 0 0 0 0
WIT 9 -305 -304 -300 -308 -286 2526 1 0 0 32002 0 -1 0 0 0 32002 32002 0 0 0 0 0 0
WIT 9 -324 -304 -323 -331 -344 0 0 0 0 -299 0 -1 0 0 0 32002 32002 0 0 0 0 0 3047
WIT 10 -305 -304 -324 -333 -281 0 0 0 0 32002 0 -1 0 0 0 32002 32002 0 0 0 0 0 0
WIT 8 -305 -304 -299 -306 -278 2908 1 0 0 32002 0 -1 0 0 0 32002 32002 0 0 0 0 0 0
WIT 10 -324 -304 -324 -333 -354 0 0 0 0 -304 0 -1 0 0 0 32002 32002 0 0 0 0 0 2852
WIT 13 -305 -304 -311 -323 -274 2908 1 0 0 32002 0 -1 0 0 0 32002 32002 0 0 0 0 0 0
WIT 11 -305 -304 -312 -322 -295 2908 1 0 0 32002 0 -1 0 0 0 32002 32002 0 0 0 0 0 0
WIT 11 -305 -304 -322 -332 -332 3373 1 1 0 -234 0 -1 0 0 0 32002 32002 0 0 0 0 0 3501
WIT 6 -305 -304 -291 -296 -301 0 0 0 0 -259 0 -1 0 0 0 32002 32002 0 0 0 0 0 3323
WIT 11 -305 -304 -322 -332 -391 0 0 0 0 -274 0 -1 0 0 0 32002 32002 0 0 0 0 0 2867
WIT 6 -305 -304 -265 -270 -274 0 0 0 0 -310 0 -1 0 0 0 32002 32002 0 0 0 0 0 0
WIT 11 -305 -304 -324 -345 -338 2867 0 0 1 -305 1 1 22619 1 1 -305 -322 0 0 0 0 2 0
WIT 7 304 324 310 304 260 0 0 0 0 328 0 -1 0 0 0 32002 32002 0 0 0 0 0 722
WIT 6 -305 -304 -320 -325 -297 2857 0 0 0 32002 0 -1 0 0 0 32002 32002 0 0 0 0 0 0
WIT 8 -305 -304 -310 -317 -326 0 0 0 0 -352 0 -1 0 0 0 32002 32002 0 0 0 0 0 0
WIT 6 323 324 350 345 460 1179 1 0 0 32002 0 -1 0 0 0 32002 32002 0 0 0 0 0 0
WIT 6 -305 -304 -295 -300 -285 3364 0 0 0 32002 0 -1 0 0 0 32002 32002 0 0 0 0 0 0
WIT 8 304 324 305 298 295 0 0 0 0 299 0 -1 0 0 0 32002 32002 0 0 0 0 0 0
WIT 11 -305 -304 -281 -291 -271 2908 1 0 0 32002 0 -1 0 0 0 32002 32002 0 0 0 0 0 0
WIT 9 -305 -304 -324 -332 -328 2715 0 0 1 -283 0 -1 0 0 0 32002 32002 0 0 0 0 0 2867
WIT 9 -305 -304 -299 -307 -266 0 0 0 0 32002 0 -1 0 0 0 32002 32002 0 0 0 0 0 0
WIT 9 -305 -304 -278 -286 -256 0 0 0 0 32002 0 -1 0 0 0 32002 32002 0 0 0 0 0 0
WIT 11 -324 -304 -324 -334 -339 0 0 0 0 -304 0 -1 0 0 0 32002 32002 0 0 0 0 0 2348
WIT 13 -305 -304 -272 -297 -295 3372 0 0 0 32002 0 -1 0 0 0 32002 32002 0 0 0 0 0 0
WIT 11 -305 -304 -272 -282 -175 0 0 0 0 32002 0 -1 0 0 0 32002 32002 0 0 0 0 0 0
WIT 11 -324 -304 -324 -334 -339 0 0 0 0 -304 0 -1 0 0 0 32002 32002 0 0 0 0 0 4013
WIT 6 -352 -351 -242 -247 -276 0 0 0 0 -277 0 -1 0 0 0 32002 32002 0 0 0 0 0 2846
WIT 9 -305 -304 -312 -329 -327 4013 0 0 1 -263 0 -1 0 0 0 32002 32002 0 0 0 0 0 3742
WIT 6 -305 -304 -321 -326 -365 0 0 0 0 -270 0 -1 0 0 0 32002 32002 0 0 0 0 0 4013
WIT 11 -305 -304 -321 -331 -323 2664 0 0 1 -312 1 1 62373 1 1 -305 -390 0 0 0 0 51 0
WIT 10 -305 -304 -324 -343 -458 0 0 0 0 -311 0 -1 0 0 0 32002 32002 0 0 0 0 0 0
WIT 10 304 305 288 279 274 0 0 0 0 293 0 -1 0 0 0 32002 32002 0 0 0 0 0 0
WIT 9 -305 -304 -286 -303 -300 4013 0 0 0 32002 0 -1 0 0 0 32002 32002 0 0 0 0 0 0
WIT 14 -305 -304 -324 -351 -332 2348 0 0 1 -310 1 1 64365 1 1 -305 -304 0 0 0 0 204 2348
WIT 12 -305 -304 -272 -295 -257 2348 0 0 0 32002 0 -1 0 0 0 32002 32002 0 0 0 0 0 0
WIT 10 -305 -304 -272 -281 -268 3047 0 0 0 32002 0 -1 0 0 0 32002 32002 0 0 0 0 0 0
WIT 7 -304 -277 -316 -322 -323 0 0 0 0 -215 0 -1 0 0 0 32002 32002 0 0 0 0 0 2526
WIT 10 -304 -277 -339 -348 -309 2526 1 0 0 -277 0 -1 0 0 0 32002 32002 0 0 0 0 0 2908
WIT 13 -278 -277 -210 -235 -260 0 0 0 0 -277 0 -1 0 0 0 32002 32002 0 0 0 0 0 3749
WIT 8 -101 -100 -79 -86 -86 53048 0 0 0 32002 0 -1 0 0 0 32002 32002 0 0 0 0 0 0
WIT 8 -278 -277 -269 -276 -154 2398 0 0 0 32002 0 -1 0 0 0 32002 32002 0 0 0 0 0 0
WIT 13 -278 -277 -316 -328 -291 3372 0 0 1 -215 0 -1 0 0 0 32002 32002 0 0 0 0 0 3749
WIT 13 -278 -277 -293 -318 -418 0 0 0 0 -277 0 -1 0 0 0 32002 32002 0 0 0 0 0 2908
WIT 11 -278 -277 -230 -240 -227 2908 1 0 0 32002 0 -1 0 0 0 32002 32002 0 0 0 0 0 0
WIT 10 -278 -277 -299 -308 -307 3112 0 0 1 -271 0 -1 0 0 0 32002 32002 0 0 0 0 0 2526
WIT 10 -278 -277 -300 -309 -277 2526 1 0 0 32002 0 -1 0 0 0 32002 32002 0 0 0 0 0 0
WIT 6 -278 -277 -321 -326 -292 3373 1 1 0 -80 0 -1 0 0 0 32002 32002 0 0 0 0 0 3501
WIT 11 -278 -277 -321 -331 -281 2526 1 0 0 -268 0 -1 0 0 0 32002 32002 0 0 0 0 0 2715
WIT 10 -304 -277 -299 -308 -344 0 0 0 0 -277 0 -1 0 0 0 32002 32002 0 0 0 0 0 3047
WIT 6 -278 -277 -324 -329 -327 2715 0 0 1 -283 1 1 21703 1 1 -278 -301 0 0 0 0 2 3372
WIT 11 -278 -277 -324 -334 -333 2715 0 0 1 -215 0 -1 0 0 0 32002 32002 0 0 0 0 0 2908
WIT 9 -278 -277 -299 -307 -276 2908 1 0 0 32002 0 -1 0 0 0 32002 32002 0 0 0 0 0 0
WIT 8 -278 -277 -279 -286 -228 0 0 0 0 32002 0 -1 0 0 0 32002 32002 0 0 0 0 0 0
WIT 10 -304 -277 -304 -313 -354 0 0 0 0 -277 0 -1 0 0 0 32002 32002 0 0 0 0 0 2852
WIT 8 -278 -277 -227 -234 -228 1951 0 0 0 32002 0 -1 0 0 0 32002 32002 0 0 0 0 0 0
WIT 7 -278 -277 -311 -317 -468 0 0 1 0 -247 0 -1 0 0 0 32002 32002 0 0 0 0 0 3501
WIT 13 -278 -277 -312 -324 -286 2908 1 0 0 -250 0 -1 0 0 0 32002 32002 0 0 0 0 0 2846
WIT 11 -278 -277 -311 -321 -275 2908 1 0 0 32002 0 -1 0 0 0 32002 32002 0 0 0 0 0 0
WIT 14 -278 -277 -256 -269 -256 3372 0 0 0 32002 0 -1 0 0 0 32002 32002 0 0 0 0 0 0
WIT 14 -278 -277 -239 -252 -236 3373 1 1 0 32002 0 -1 0 0 0 32002 32002 0 0 0 0 0 0
WIT 10 -278 -277 -264 -273 -310 0 0 0 0 -277 0 -1 0 0 0 32002 32002 0 0 0 0 0 3323
WIT 13 -278 -277 -276 -301 -369 0 0 0 0 -277 0 -1 0 0 0 32002 32002 0 0 0 0 0 2867
WIT 7 -278 -277 -299 -312 -296 3763 0 0 1 -276 0 -1 0 0 0 32002 32002 0 0 0 0 0 3047
WIT 6 -278 -277 -239 -244 -292 0 0 0 0 -212 0 -1 0 0 0 32002 32002 0 0 0 0 0 3372
WIT 12 -278 -277 -300 -323 -315 2867 0 0 1 -280 1 1 13187 1 1 -278 -318 0 0 0 0 2 0
WIT 7 277 304 282 276 270 0 0 0 0 304 0 -1 0 0 0 32002 32002 0 0 0 0 0 334
WIT 7 277 304 281 275 246 0 0 0 0 304 0 -1 0 0 0 32002 32002 0 0 0 0 0 1828
WIT 8 277 304 280 273 238 0 0 0 0 253 0 -1 0 0 0 32002 32002 0 0 0 0 0 0
WIT 11 -278 -277 -300 -310 -254 0 0 0 0 32002 0 -1 0 0 0 32002 32002 0 0 0 0 0 0
WIT 11 -278 -277 -281 -291 -271 2908 1 0 0 32002 0 -1 0 0 0 32002 32002 0 0 0 0 0 0
WIT 11 -278 -277 -284 -294 -208 0 0 0 0 32002 0 -1 0 0 0 32002 32002 0 0 0 0 0 0
WIT 10 -278 -277 -285 -294 -307 0 0 0 0 -277 0 -1 0 0 0 32002 32002 0 0 0 0 0 2867
WIT 10 -278 -277 -299 -308 -261 0 0 0 0 32002 0 -1 0 0 0 32002 32002 0 0 0 0 0 0
WIT 10 -278 -277 -278 -287 -248 0 0 0 0 32002 0 -1 0 0 0 32002 32002 0 0 0 0 0 0
WIT 11 -304 -277 -304 -314 -339 0 0 0 0 -277 0 -1 0 0 0 32002 32002 0 0 0 0 0 2348
WIT 12 -278 -277 -272 -295 -295 3372 0 0 1 -272 0 -1 0 0 0 32002 32002 0 0 0 0 0 2908
WIT 12 -278 -277 -272 -283 -179 0 0 0 0 32002 0 -1 0 0 0 32002 32002 0 0 0 0 0 0
WIT 11 -304 -277 -304 -314 -339 0 0 0 0 -277 0 -1 0 0 0 32002 32002 0 0 0 0 0 4013
WIT 10 -278 -277 -293 -302 -303 0 0 0 0 -278 0 -1 0 0 0 32002 32002 0 0 0 0 0 0
WIT 9 -278 -277 -304 -321 -333 0 0 0 0 -278 0 -1 0 0 0 32002 32002 0 0 0 0 0 2852
WIT 10 -278 -277 -286 -305 -304 2867 0 0 1 -277 0 -1 0 0 0 32002 32002 0 0 0 0 0 2846
WIT 9 -278 -277 -299 -307 -302 2867 0 0 1 -277 0 -1 0 0 0 32002 32002 0 0 0 0 0 3047
WIT 14 -278 -277 -304 -331 -312 2331 0 0 1 -277 0 -1 0 0 0 32002 32002 0 0 0 0 0 2348
WIT 13 -278 -277 -297 -322 -322 2348 0 0 1 -277 0 -1 0 0 0 32002 32002 0 0 0 0 0 4013
WIT 7 -278 -277 -289 -295 -280 4013 0 0 1 -262 0 -1 0 0 0 32002 32002 0 0 0 0 0 3749
WIT 8 -278 -277 -290 -297 -291 2348 0 0 1 -160 0 -1 0 0 0 32002 32002 0 0 0 0 0 2331
WIT 12 -278 -277 -292 -315 -298 4013 0 0 1 -263 0 -1 0 0 0 32002 32002 0 0 0 0 0 3429
WIT 13 -278 -277 -272 -297 -256 2348 0 0 0 32002 0 -1 0 0 0 32002 32002 0 0 0 0 0 0
WIT 11 -278 -277 -272 -282 -279 3047 0 0 1 -272 0 -1 0 0 0 32002 32002 0 0 0 0 0 4013
WIT 6 287 288 344 339 336 0 0 0 0 347 0 -1 0 0 0 32002 32002 0 0 0 0 0 1957
WIT 11 -277 -241 -277 -287 -225 2910 1 0 0 32002 0 -1 0 0 0 32002 32002 0 0 0 0 0 0
WIT 14 -242 -241 -277 -304 -305 0 0 0 0 -241 0 -1 0 0 0 32002 32002 0 0 0 0 0 3749
WIT 15 -242 -241 -219 -233 -216 3372 0 0 0 32002 0 -1 0 0 0 32002 32002 0 0 0 0 0 0
WIT 8 -242 -241 -79 -86 -86 53048 0 0 0 32002 0 -1 0 0 0 32002 32002 0 0 0 0 0 0
WIT 14 -242 -241 -277 -304 -346 0 0 0 0 -241 0 -1 0 0 0 32002 32002 0 0 0 0 0 2908
WIT 13 -242 -241 -271 -283 -272 3112 0 0 1 -203 0 -1 0 0 0 32002 32002 0 0 0 0 0 2526
WIT 11 -242 -241 -230 -240 -227 2908 1 0 0 32002 0 -1 0 0 0 32002 32002 0 0 0 0 0 0
WIT 11 -242 -241 -253 -263 -176 0 0 0 0 32002 0 -1 0 0 0 32002 32002 0 0 0 0 0 0
WIT 6 -242 -241 -253 -258 -242 0 0 0 0 -120 0 -1 0 0 0 32002 32002 0 0 0 0 0 2526
WIT 11 -242 -241 -300 -310 -276 2526 1 0 0 -202 0 -1 0 0 0 32002 32002 0 0 0 0 0 2908
WIT 6 -242 -241 -108 -113 -113 3373 1 1 0 32002 0 -1 0 0 0 32002 32002 0 0 0 0 0 0
WIT 11 -242 -241 -268 -278 -274 2908 1 0 0 -237 0 -1 0 0 0 32002 32002 0 0 0 0 0 2715
WIT 11 -277 -241 -277 -287 -339 0 0 0 0 -241 0 -1 0 0 0 32002 32002 0 0 0 0 0 3047
WIT 12 -242 -241 -220 -231 -209 3047 0 0 0 32002 0 -1 0 0 0 32002 32002 0 0 0 0 0 0
WIT 6 -242 -241 -72 -77 -111 0 0 0 0 -128 0 -1 0 0 0 32002 32002 0 0 0 0 0 3749
WIT 9 -242 -241 -279 -287 -232 0 0 0 0 32002 0 -1 0 0 0 32002 32002 0 0 0 0 0 0
WIT 9 -242 -241 -299 -307 -263 2908 1 0 0 -241 0 -1 0 0 0 32002 32002 0 0 0 0 0 2715
WIT 11 -277 -241 -277 -287 -289 0 0 0 0 -241 0 -1 0 0 0 32002 32002 0 0 0 0 0 2852
WIT 10 -242 -241 -252 -261 -233 3372 0 0 0 32002 0 -1 0 0 0 32002 32002 0 0 0 0 0 0
WIT 15 -242 -241 -256 -270 -255 3372 0 0 1 -233 0 -1 0 0 0 32002 32002 0 0 0 0 0 2908
WIT 11 -242 -241 -277 -287 -200 0 0 0 0 32002 0 -1 0 0 0 32002 32002 0 0 0 0 0 0
WIT 13 -242 -241 -277 -302 -351 0 0 0 0 -241 0 -1 0 0 0 32002 32002 0 0 0 0 0 3323
WIT 7 -242 -241 78 72 444 3243 1 1 0 32002 0 -1 0 0 0 32002 32002 0 0 0 0 0 0
WIT 11 -242 -241 -271 -281 -288 0 0 0 0 -241 0 -1 0 0 0 32002 32002 0 0 0 0 0 3112
WIT 7 -242 -241 -206 -212 -230 0 0 0 0 -199 0 -1 0 0 0 32002 32002 0 0 0 0 0 3763
WIT 14 -242 -241 -277 -304 -371 0 0 0 0 -242 0 -1 0 0 0 32002 32002 0 0 0 0 0 0
WIT 8 241 277 266 259 223 0 0 0 0 304 0 -1 0 0 0 32002 32002 0 0 0 0 0 736
WIT 11 276 277 242 232 189 0 0 0 0 276 0 -1 0 0 0 32002 32002 0 0 0 0 0 0
WIT 7 -277 -241 -276 -282 -292 0 0 0 0 -241 0 -1 0 0 0 32002 32002 0 0 0 0 0 3323
WIT 8 -242 -241 -211 -218 -156 3373 1 1 0 32002 0 -1 0 0 0 32002 32002 0 0 0 0 0 0
WIT 10 -242 -241 -277 -286 -203 0 0 0 0 32002 0 -1 0 0 0 32002 32002 0 0 0 0 0 0
WIT 10 -242 -241 -199 -208 -121 3112 0 0 0 32002 0 -1 0 0 0 32002 32002 0 0 0 0 0 0
WIT 7 -242 -241 -181 -187 -187 3047 0 0 0 32002 0 -1 0 0 0 32002 32002 0 0 0 0 0 0
WIT 9 241 277 242 234 233 0 0 0 0 241 0 -1 0 0 0 32002 32002 0 0 0 0 0 0
WIT 12 -242 -241 -311 -322 -275 2908 1 0 0 -237 0 -1 0 0 0 32002 32002 0 0 0 0 0 2846
WIT 11 -242 -241 -251 -261 -197 2908 1 0 0 32002 0 -1 0 0 0 32002 32002 0 0 0 0 0 0
WIT 6 -242 -241 -273 -278 -226 2715 0 0 0 32002 0 -1 0 0 0 32002 32002 0 0 0 0 0 0
WIT 11 -242 -241 -277 -298 -284 2715 0 0 1 -238 0 -1 0 0 0 32002 32002 0 0 0 0 0 2867
WIT 7 -242 -241 -277 -283 2 3373 1 1 0 32002 0 -1 0 0 0 32002 32002 0 0 0 0 0 0
WIT 9 -242 -241 -193 -201 -74 53048 0 0 0 32002 0 -1 0 0 0 32002 32002 0 0 0 0 0 0
WIT 7 -242 -241 -250 -256 -302 0 0 0 0 -225 0 -1 0 0 0 32002 32002 0 0 0 0 0 53048
WIT 6 -242 -241 -240 -245 -138 2715 0 0 0 32002 0 -1 0 0 0 32002 32002 0 0 0 0 0 0
WIT 8 -242 -241 -252 -259 -84 3429 0 0 0 32002 0 -1 0 0 0 32002 32002 0 0 0 0 0 0
WIT 8 -242 -241 -227 -234 -242 0 0 0 0 -192 0 -1 0 0 0 32002 32002 0 0 0 0 0 2526
WIT 12 -242 -241 -274 -297 -301 0 0 0 0 -241 0 -1 0 0 0 32002 32002 0 0 0 0 0 3047
WIT 12 -242 -241 -274 -297 -298 0 0 0 0 -241 0 -1 0 0 0 32002 32002 0 0 0 0 0 2908
WIT 10 -242 -241 -257 -266 -168 0 0 0 0 32002 0 -1 0 0 0 32002 32002 0 0 0 0 0 0
WIT 10 -242 -241 -300 -309 -256 0 0 0 0 -241 0 -1 0 0 0 32002 32002 0 0 0 0 0 2846
WIT 11 -242 -241 -284 -294 -201 0 0 0 0 32002 0 -1 0 0 0 32002 32002 0 0 0 0 0 0
WIT 6 -242 -241 -76 -81 -139 0 0 0 0 -242 0 -1 0 0 0 32002 32002 0 0 0 0 0 0
WIT 10 -242 -241 -278 -287 -242 0 0 0 0 -242 0 -1 0 0 0 32002 32002 0 0 0 0 0 0
WIT 10 -242 -241 -299 -308 -273 0 0 0 0 -194 0 -1 0 0 0 32002 32002 0 0 0 0 0 2908
WIT 11 -277 -241 -277 -287 -339 0 0 0 0 -241 0 -1 0 0 0 32002 32002 0 0 0 0 0 2348
WIT 13 -242 -241 -160 -172 -45 0 0 0 0 32002 0 -1 0 0 0 32002 32002 0 0 0 0 0 0
WIT 7 -242 -241 -272 -278 -208 3372 0 0 0 32002 0 -1 0 0 0 32002 32002 0 0 0 0 0 0
WIT 12 -242 -241 -272 -295 -295 3372 0 0 1 -241 0 -1 0 0 0 32002 32002 0 0 0 0 0 2908
WIT 12 -242 -241 -272 -283 -180 0 0 0 0 32002 0 -1 0 0 0 32002 32002 0 0 0 0 0 0
WIT 11 -277 -241 -277 -287 -308 0 0 0 0 -241 0 -1 0 0 0 32002 32002 0 0 0 0 0 4013
WIT 9 -242 -241 -277 -294 -294 2867 0 0 1 -241 0 -1 0 0 0 32002 32002 0 0 0 0 0 2852
WIT 7 -242 -241 -277 -290 -271 4013 0 0 1 -135 0 -1 0 0 0 32002 32002 0 0 0 0 0 2846
WIT 7 -242 -241 -276 -282 -192 0 0 0 0 32002 0 -1 0 0 0 32002 32002 0 0 0 0 0 0
WIT 7 -242 -241 -277 -283 -226 4013 0 0 0 32002 0 -1 0 0 0 32002 32002 0 0 0 0 0 0
WIT 14 -242 -241 -277 -304 -304 2331 0 0 1 -241 0 -1 0 0 0 32002 32002 0 0 0 0 0 2348
WIT 12 -242 -241 -272 -283 -57 3742 1 0 0 32002 0 -1 0 0 0 32002 32002 0 0 0 0 0 0
WIT 9 -242 -241 -277 -294 -294 2348 0 0 1 -203 0 -1 0 0 0 32002 32002 0 0 0 0 0 2331
WIT 11 -242 -241 -277 -298 -299 0 0 0 0 -241 0 -1 0 0 0 32002 32002 0 0 0 0 0 4013
WIT 11 -242 -241 -272 -293 -257 2348 0 0 1 -223 0 -1 0 0 0 32002 32002 0 0 0 0 0 2333
WIT 10 -242 -241 -272 -281 -279 3047 0 0 1 -239 0 -1 0 0 0 32002 32002 0 0 0 0 0 4013
WIT 6 -242 -241 -263 -268 -255 4013 0 0 1 -194 0 -1 0 0 0 32002 32002 0 0 0 0 0 3749
WIT 8 -242 -241 -87 -94 -120 0 0 0 0 -207 0 -1 0 0 0 32002 32002 0 0 0 0 0 3749
WIT 7 -242 -241 -289 -295 -295 1787 0 0 1 -111 0 -1 0 0 0 32002 32002 0 0 0 0 0 1748
WIT 7 -242 -241 -173 -179 -189 0 0 0 0 -210 0 -1 0 0 0 32002 32002 0 0 0 0 0 2331
WIT 7 -242 -241 -254 -260 -289 0 0 0 0 -235 0 -1 0 0 0 32002 32002 0 0 0 0 0 3749
WIT 6 -242 -241 -259 -264 -291 0 0 0 0 -235 0 -1 0 0 0 32002 32002 0 0 0 0 0 2333
WIT 11 -242 -241 -264 -285 -247 4013 0 0 1 -235 0 -1 0 0 0 32002 32002 0 0 0 0 0 3429
WIT 9 -193 -192 -160 -168 -223 0 0 0 0 -115 0 -1 0 0 0 32002 32002 0 0 0 0 0 2715
WIT 7 -193 -192 -215 -221 -199 3763 0 0 1 -177 0 -1 0 0 0 32002 32002 0 0 0 0 0 2715
WIT 7 -193 -192 -100 -106 -149 0 0 1 0 -74 0 -1 0 0 0 32002 32002 0 0 0 0 0 3178
WIT 8 -241 -192 -221 -228 -276 0 0 0 0 -180 0 -1 0 0 0 32002 32002 0 0 0 0 0 2526
WIT 11 -193 -192 -117 -127 -110 3372 0 0 0 32002 0 -1 0 0 0 32002 32002 0 0 0 0 0 0
WIT 10 -193 -192 -161 -170 -190 0 0 0 0 -192 0 -1 0 0 0 32002 32002 0 0 0 0 0 2526
WIT 9 -193 -192 -125 -133 -10 2331 0 0 0 32002 0 -1 0 0 0 32002 32002 0 0 0 0 0 0
WIT 9 -193 -192 -174 -182 -68 0 0 0 0 32002 0 -1 0 0 0 32002 32002 0 0 0 0 0 0
WIT 11 -241 -192 -277 -287 -209 2526 1 0 0 -192 0 -1 0 0 0 32002 32002 0 0 0 0 0 2908
WIT 14 -193 -192 -241 -268 -284 0 0 0 0 -192 0 -1 0 0 0 32002 32002 0 0 0 0 0 3749
WIT 6 -193 -192 -212 -217 -251 0 0 0 0 -100 0 -1 0 0 0 32002 32002 0 0 0 0 0 2398
WIT 11 -193 -192 -269 -279 -267 2419 0 0 1 -122 0 -1 0 0 0 32002 32002 0 0 0 0 0 2331
WIT 16 -193 -192 -219 -233 -205 3372 0 0 1 -127 0 -1 0 0 0 32002 32002 0 0 0 0 0 3749
WIT 7 -193 -192 -79 -85 -107 0 0 0 0 -47 0 -1 0 0 0 32002 32002 0 0 0 0 0 3372
WIT 14 -193 -192 -219 -232 -225 2341 1 0 0 -63 0 -1 0 0 0 32002 32002 0 0 0 0 0 3749
WIT 14 -193 -192 -241 -268 -329 0 0 0 0 -192 0 -1 0 0 0 32002 32002 0 0 0 0 0 2908
WIT 13 -193 -192 -219 -231 -126 0 0 0 0 32002 0 -1 0 0 0 32002 32002 0 0 0 0 0 0
WIT 7 -193 -192 -36 -42 -57 0 0 1 0 182 0 -1 0 0 0 32002 32002 0 0 0 0 0 2354
WIT 12 -193 -192 -205 -216 -217 0 0 0 0 -172 0 -1 0 0 0 32002 32002 0 0 0 0 0 2526
WIT 12 -193 -192 -230 -241 -227 2908 1 0 0 -137 0 -1 0 0 0 32002 32002 0 0 0 0 0 2526
WIT 12 -193 -192 -223 -234 -136 0 0 0 0 32002 0 -1 0 0 0 32002 32002 0 0 0 0 0 0
WIT 12 -193 -192 -253 -264 -173 0 0 0 0 32002 0 -1 0 0 0 32002 32002 0 0 0 0 0 0
WIT 11 -193 -192 -216 -226 -141 0 0 0 0 32002 0 -1 0 0 0 32002 32002 0 0 0 0 0 0
WIT 8 -193 -192 78 71 172 3373 1 1 0 32002 0 -1 0 0 0 32002 32002 0 0 0 0 0 0
WIT 11 -193 -192 -205 -215 -206 2526 1 0 0 -183 0 -1 0 0 0 32002 32002 0 0 0 0 0 2908
WIT 7 -193 -192 76 70 163 3373 1 1 0 32002 0 -1 0 0 0 32002 32002 0 0 0 0 0 0
WIT 6 -193 -192 -108 -113 -113 3373 1 1 0 32002 0 -1 0 0 0 32002 32002 0 0 0 0 0 0
WIT 12 -193 -192 -237 -248 -248 2908 1 0 0 -192 0 -1 0 0 0 32002 32002 0 0 0 0 0 2715
WIT 11 -241 -192 -241 -251 -309 0 0 0 0 -192 0 -1 0 0 0 32002 32002 0 0 0 0 0 3047
WIT 13 -193 -192 -157 -169 -150 2908 1 0 0 32002 0 -1 0 0 0 32002 32002 0 0 0 0 0 0
WIT 6 -193 -192 -215 -220 -253 0 0 0 0 -163 0 -1 0 0 0 32002 32002 0 0 0 0 0 3372
WIT 12 -193 -192 -220 -231 -209 3047 0 0 1 -166 0 -1 0 0 0 32002 32002 0 0 0 0 0 2908
WIT 12 -193 -192 -218 -229 -182 3112 0 0 0 32002 0 -1 0 0 0 32002 32002 0 0 0 0 0 0
WIT 12 -193 -192 -224 -235 -236 0 0 0 0 -182 0 -1 0 0 0 32002 32002 0 0 0 0 0 2908
WIT 8 192 193 16 9 -34 0 0 0 0 192 0 -1 0 0 0 32002 32002 0 0 0 0 0 0
WIT 11 -193 -192 -174 -184 -120 0 0 0 0 32002 0 -1 0 0 0 32002 32002 0 0 0 0 0 0
WIT 8 -193 -192 -16 -23 -67 0 0 0 0 -192 0 -1 0 0 0 32002 32002 0 0 0 0 0 2339
WIT 10 -193 -192 -172 -181 -45 3047 0 0 0 32002 0 -1 0 0 0 32002 32002 0 0 0 0 0 0
WIT 10 -193 -192 -279 -288 -242 0 0 0 0 -188 0 -1 0 0 0 32002 32002 0 0 0 0 0 2908
WIT 10 -193 -192 -164 -173 -166 3047 0 0 0 32002 0 -1 0 0 0 32002 32002 0 0 0 0 0 0
WIT 10 -193 -192 -216 -225 -227 0 0 0 0 -189 0 -1 0 0 0 32002 32002 0 0 0 0 0 2715
WIT 6 -193 -192 -241 -246 -246 3373 1 1 0 -192 0 -1 0 0 0 32002 32002 0 0 0 0 0 3501
WIT 11 -193 -192 -241 -251 -241 2908 1 0 0 -192 0 -1 0 0 0 32002 32002 0 0 0 0 0 2715
WIT 11 -241 -192 -241 -251 -299 0 0 0 0 -192 0 -1 0 0 0 32002 32002 0 0 0 0 0 2852
WIT 9 -193 -192 -180 -188 -168 2910 1 0 0 32002 0 -1 0 0 0 32002 32002 0 0 0 0 0 0
WIT 9 -193 -192 -92 -100 -65 0 0 0 0 32002 0 -1 0 0 0 32002 32002 0 0 0 0 0 0
WIT 8 -193 -192 139 132 547 3243 1 1 0 32002 0 -1 0 0 0 32002 32002 0 0 0 0 0 0
WIT 7 -193 -192 74 68 383 3243 1 1 0 32002 0 -1 0 0 0 32002 32002 0 0 0 0 0 0
WIT 7 -193 -192 150 144 143 0 0 1 0 448 0 -1 0 0 0 32002 32002 0 0 0 0 0 3826
WIT 7 -193 -192 -203 -216 -239 0 0 0 0 -187 0 -1 0 0 0 32002 32002 0 0 0 0 0 3763
WIT 8 -193 -192 139 132 -501 0 0 1 0 236 0 -1 0 0 0 32002 32002 0 0 0 0 0 3826
WIT 7 -193 -192 -208 -214 -154 3742 1 0 0 32002 0 -1 0 0 0 32002 32002 0 0 0 0 0 0
WIT 8 -241 -192 -241 -248 -255 0 0 0 0 -188 0 -1 0 0 0 32002 32002 0 0 0 0 0 3323
WIT 6 -193 -192 -221 -226 -194 3373 1 1 0 13 0 -1 0 0 0 32002 32002 0 0 0 0 0 3501
WIT 9 -193 -192 219 211 451 3243 1 1 0 32002 0 -1 0 0 0 32002 32002 0 0 0 0 0 0
WIT 9 -193 -192 -92 -100 -56 0 0 0 0 32002 0 -1 0 0 0 32002 32002 0 0 0 0 0 0
WIT 6 -193 -192 -191 -196 -245 0 0 0 0 -189 0 -1 0 0 0 32002 32002 0 0 0 0 0 3372
WIT 8 -193 -192 -197 -204 -217 0 0 0 0 -189 0 -1 0 0 0 32002 32002 0 0 0 0 0 3323
WIT 9 -193 -192 144 136 -164 0 0 1 0 236 0 -1 0 0 0 32002 32002 0 0 0 0 0 3314
WIT 10 -241 -192 -241 -250 -247 2910 1 0 0 -192 0 -1 0 0 0 32002 32002 0 0 0 0 0 3112
WIT 12 -193 -192 -241 -252 -237 3373 1 1 0 -192 0 -1 0 0 0 32002 32002 0 0 0 0 0 3501
WIT 10 -193 -192 -189 -198 -204 0 0 0 0 -189 0 -1 0 0 0 32002 32002 0 0 0 0 0 3372
WIT 12 -193 -192 -236 -247 -185 3112 0 0 0 32002 0 -1 0 0 0 32002 32002 0 0 0 0 0 0
WIT 14 -193 -192 -189 -216 -216 3763 0 0 1 -189 0 -1 0 0 0 32002 32002 0 0 0 0 0 3372
WIT 7 -193 -192 -197 -203 -549 0 0 1 0 -92 0 -1 0 0 0 32002 32002 0 0 0 0 0 3178
WIT 13 -193 -192 -200 -212 -218 0 0 0 0 -189 0 -1 0 0 0 32002 32002 0 0 0 0 0 3112
WIT 10 -193 -192 -204 -213 -131 3372 0 0 0 32002 0 -1 0 0 0 32002 32002 0 0 0 0 0 0
WIT 8 -193 -192 -239 -246 -135 0 0 0 0 32002 0 -1 0 0 0 32002 32002 0 0 0 0 0 0
WIT 12 -193 -192 -241 -264 -340 0 0 0 0 -192 0 -1 0 0 0 32002 32002 0 0 0 0 0 3323
WIT 6 -193 -192 -252 -257 -237 3372 0 0 1 -93 0 -1 0 0 0 32002 32002 0 0 0 0 0 3364
WIT 11 -193 -192 -233 -243 -196 3112 0 0 1 -107 0 -1 0 0 0 32002 32002 0 0 0 0 0 2908
WIT 10 -193 -192 -277 -286 -197 0 0 0 0 -192 0 -1 0 0 0 32002 32002 0 0 0 0 0 2908
WIT 9 -193 -192 -193 -201 -176 3323 0 0 0 32002 0 -1 0 0 0 32002 32002 0 0 0 0 0 0
WIT 13 -193 -192 -174 -186 -42 3373 1 1 0 32002 0 -1 0 0 0 32002 32002 0 0 0 0 0 0
WIT 12 -193 -192 -241 -252 -253 0 0 0 0 -146 0 -1 0 0 0 32002 32002 0 0 0 0 0 3323
WIT 10 -193 -192 -241 -260 -264 0 0 0 0 -186 0 -1 0 0 0 32002 32002 0 0 0 0 0 3112
WIT 11 -193 -192 -221 -231 -207 3112 0 0 1 -159 0 -1 0 0 0 32002 32002 0 0 0 0 0 2908
WIT 9 -193 -192 -199 -207 -121 3112 0 0 0 32002 0 -1 0 0 0 32002 32002 0 0 0 0 0 0
WIT 9 -193 -192 -237 -245 -205 0 0 0 0 -181 0 -1 0 0 0 32002 32002 0 0 0 0 0 2908
WIT 6 -193 -192 -27 -32 37 3364 0 0 0 32002 0 -1 0 0 0 32002 32002 0 0 0 0 0 0
WIT 9 -193 -192 -241 -249 -205 3112 0 0 1 -181 0 -1 0 0 0 32002 32002 0 0 0 0 0 2908
WIT 10 192 241 242 233 232 0 0 0 0 192 0 -1 0 0 0 32002 32002 0 0 0 0 0 0
WIT 14 -193 -192 -171 -184 -184 2908 1 0 0 32002 0 -1 0 0 0 32002 32002 0 0 0 0 0 0
WIT 9 -193 -192 -172 -180 -121 53048 0 0 0 32002 0 -1 0 0 0 32002 32002 0 0 0 0 0 0
WIT 9 -193 -192 -182 -190 -203 0 0 0 0 -192 0 -1 0 0 0 32002 32002 0 0 0 0 0 53048
WIT 8 -193 -192 -185 -192 -195 0 0 0 0 -193 0 -1 0 0 0 32002 32002 0 0 0 0 0 2715
WIT 7 -193 -192 -212 -218 -339 0 0 0 0 -173 0 -1 0 0 0 32002 32002 0 0 0 0 0 53048
WIT 6 -193 -192 -229 -234 -557 0 0 0 0 -155 0 -1 0 0 0 32002 32002 0 0 0 0 0 53048
WIT 7 -193 -192 -145 -151 -132 2861 0 0 0 32002 0 -1 0 0 0 32002 32002 0 0 0 0 0 0
WIT 8 -193 -192 -230 -245 -281 0 0 0 0 -192 0 -1 0 0 0 32002 32002 0 0 0 0 0 3763
WIT 13 -193 -192 -231 -256 -253 2867 0 0 1 -192 0 -1 0 0 0 32002 32002 0 0 0 0 0 2908
WIT 11 -193 -192 -251 -261 -257 2715 0 0 1 -170 0 -1 0 0 0 32002 32002 0 0 0 0 0 2846
WIT 12 -193 -192 -237 -248 -232 2908 1 0 0 -185 0 -1 0 0 0 32002 32002 0 0 0 0 0 2846
WIT 8 -193 -192 137 130 47 0 0 0 0 -184 0 -1 0 0 0 32002 32002 0 0 0 0 0 2715
WIT 13 -193 -192 -106 -118 -118 3324 0 0 0 32002 0 -1 0 0 0 32002 32002 0 0 0 0 0 0
WIT 6 -193 -192 -164 -169 -169 3047 0 0 0 32002 0 -1 0 0 0 32002 32002 0 0 0 0 0 0
WIT 11 192 193 193 183 182 0 0 0 0 193 0 -1 0 0 0 32002 32002 0 0 0 0 0 49408
WIT 13 -193 -192 -238 -263 -290 0 0 0 0 -193 0 -1 0 0 0 32002 32002 0 0 0 0 0 0
WIT 6 192 193 328 323 309 0 0 0 0 210 0 -1 0 0 0 32002 32002 0 0 0 0 0 1958
WIT 13 -193 -192 -241 -266 -298 0 0 0 0 -193 0 -1 0 0 0 32002 32002 0 0 0 0 0 0
WIT 7 192 241 193 187 195 1357 0 0 1 283 0 -1 0 0 0 32002 32002 0 0 0 0 0 49408
WIT 10 240 241 221 212 172 0 0 0 0 262 0 -1 0 0 0 32002 32002 0 0 0 0 0 1363
WIT 8 192 241 193 186 184 0 0 0 0 241 0 -1 0 0 0 32002 32002 0 0 0 0 0 213
WIT 6 240 241 304 299 322 938 1 0 0 32002 0 -1 0 0 0 32002 32002 0 0 0 0 0 0
WIT 11 240 241 304 283 277 0 0 0 0 241 0 -1 0 0 0 32002 32002 0 0 0 0 0 334
WIT 8 240 241 374 367 419 724 0 0 0 32002 0 -1 0 0 0 32002 32002 0 0 0 0 0 0
WIT 10 240 241 304 285 284 0 0 0 0 241 0 -1 0 0 0 32002 32002 0 0 0 0 0 1828
WIT 9 192 241 193 185 184 0 0 0 0 241 0 -1 0 0 0 32002 32002 0 0 0 0 0 1244
WIT 7 -193 -192 -237 -243 -268 0 0 0 0 -224 0 -1 0 0 0 32002 32002 0 0 0 0 0 0
WIT 7 -193 -192 -277 -283 -251 3373 1 1 0 -173 0 -1 0 0 0 32002 32002 0 0 0 0 0 3501
WIT 6 -193 -192 -273 -278 -226 2715 0 0 1 -192 0 -1 0 0 0 32002 32002 0 0 0 0 0 2908
WIT 6 -193 -192 -249 -254 -225 2715 0 0 1 -163 0 -1 0 0 0 32002 32002 0 0 0 0 0 2910
WIT 12 -193 -192 -238 -261 -259 2715 0 0 1 -192 0 -1 0 0 0 32002 32002 0 0 0 0 0 2867
WIT 12 -193 -192 -239 -250 -246 2908 1 0 0 -192 0 -1 0 0 0 32002 32002 0 0 0 0 0 2846
WIT 6 -193 -192 -63 -68 -55 3047 0 0 0 32002 0 -1 0 0 0 32002 32002 0 0 0 0 0 0
WIT 7 -193 -192 -64 -70 -123 0 0 0 0 -113 0 -1 0 0 0 32002 32002 0 0 0 0 0 2846
WIT 11 -193 -192 -257 -267 -147 0 0 0 0 32002 0 -1 0 0 0 32002 32002 0 0 0 0 0 0
WIT 12 -193 -192 -284 -295 -189 0 0 0 0 32002 0 -1 0 0 0 32002 32002 0 0 0 0 0 0
WIT 12 -193 -192 -241 -252 -252 2908 1 0 0 -187 0 -1 0 0 0 32002 32002 0 0 0 0 0 2846
WIT 11 -193 -192 -198 -208 -208 2867 0 0 1 -178 0 -1 0 0 0 32002 32002 0 0 0 0 0 2908
WIT 7 -193 -192 -64 -70 -102 0 0 0 0 -190 0 -1 0 0 0 32002 32002 0 0 0 0 0 2846
WIT 6 -16 -15 96 91 96 0 0 0 0 32002 0 -1 0 0 0 32002 32002 0 0 0 0 0 0
WIT 11 -241 -192 -241 -251 -331 0 0 0 0 -192 0 -1 0 0 0 32002 32002 0 0 0 0 0 2348
WIT 8 -193 -192 -272 -279 -206 0 0 0 0 -209 0 -1 0 0 0 32002 32002 0 0 0 0 0 3047
WIT 7 -193 -192 -256 -262 -263 0 0 0 0 -208 0 -1 0 0 0 32002 32002 0 0 0 0 0 0
WIT 14 -193 -192 -272 -285 -199 0 0 0 0 -206 0 -1 0 0 0 32002 32002 0 0 0 0 0 3742
WIT 7 -193 -192 -272 -278 -208 3372 0 0 1 -204 1 1 19233 1 1 -193 -190 0 0 0 0 14 3372
WIT 12 -193 -192 -241 -264 -263 3372 0 0 1 -192 0 -1 0 0 0 32002 32002 0 0 0 0 0 2908
WIT 12 -193 -192 -160 -171 -60 0 0 0 0 32002 0 -1 0 0 0 32002 32002 0 0 0 0 0 0
WIT 12 -193 -192 -219 -230 -159 0 0 0 0 32002 0 -1 0 0 0 32002 32002 0 0 0 0 0 0
WIT 12 -193 -192 -26 -37 -37 2319 1 0 0 32002 0 -1 0 0 0 32002 32002 0 0 0 0 0 0
WIT 12 -193 -192 -162 -173 -60 0 0 0 0 32002 0 -1 0 0 0 32002 32002 0 0 0 0 0 0
WIT 11 -241 -192 -241 -251 -339 0 0 0 0 -192 0 -1 0 0 0 32002 32002 0 0 0 0 0 4013
WIT 6 -269 -268 -224 -229 -229 1779 0 0 0 32002 0 -1 0 0 0 32002 32002 0 0 0 0 0 0
WIT 6 -193 -192 -273 -278 -244 3372 0 0 1 -187 0 -1 0 0 0 32002 32002 0 0 0 0 0 3047
WIT 10 -193 -192 -277 -286 -329 0 0 0 0 -192 0 -1 0 0 0 32002 32002 0 0 0 0 0 2333
WIT 8 192 193 193 186 103 0 0 0 0 193 0 -1 0 0 0 32002 32002 0 0 0 0 0 722
WIT 9 -193 -192 -241 -258 -265 0 0 0 0 -192 0 -1 0 0 0 32002 32002 0 0 0 0 0 2852
WIT 9 -193 -192 -277 -285 -245 3763 0 0 1 -188 0 -1 0 0 0 32002 32002 0 0 0 0 0 3047
WIT 6 -193 -192 -199 -204 -188 2867 0 0 0 32002 0 -1 0 0 0 32002 32002 0 0 0 0 0 0
WIT 14 -193 -192 -241 -268 -268 2331 0 0 1 -192 0 -1 0 0 0 32002 32002 0 0 0 0 0 2348
WIT 7 -193 -192 -170 -176 -486 0 0 1 0 -177 0 -1 0 0 0 32002 32002 0 0 0 0 0 3178
WIT 13 -193 -192 -241 -253 -142 2910 1 0 0 32002 0 -1 0 0 0 32002 32002 0 0 0 0 0 0
WIT 10 -193 -192 -229 -238 -225 3047 0 0 1 -111 0 -1 0 0 0 32002 32002 0 0 0 0 0 2908
WIT 9 -193 -192 -284 -292 -284 2348 0 0 1 -183 0 -1 0 0 0 32002 32002 0 0 0 0 0 2333
WIT 12 -193 -192 -241 -264 -271 0 0 0 0 -192 0 -1 0 0 0 32002 32002 0 0 0 0 0 4013
WIT 7 -193 -192 -223 -236 -235 3429 0 0 1 -187 0 -1 0 0 0 32002 32002 0 0 0 0 0 4013
WIT 12 -193 -192 -224 -247 -247 2348 0 0 1 -187 0 -1 0 0 0 32002 32002 0 0 0 0 0 2333
WIT 7 -193 -192 -251 -257 -219 2331 0 0 1 -192 0 -1 0 0 0 32002 32002 0 0 0 0 0 2348
WIT 7 -193 -192 -200 -206 -220 0 0 0 0 -192 0 -1 0 0 0 32002 32002 0 0 0 0 0 3749
WIT 9 -193 -192 -213 -230 -223 2348 0 0 1 -155 0 -1 0 0 0 32002 32002 0 0 0 0 0 2331
WIT 12 -193 -192 -235 -258 -243 4013 0 0 1 -192 0 -1 0 0 0 32002 32002 0 0 0 0 0 3429
WIT 10 -193 -192 -239 -248 -212 3047 0 0 1 -192 0 -1 0 0 0 32002 32002 0 0 0 0 0 4013
WIT 7 -127 -126 -142 -148 -155 0 0 0 0 -126 0 -1 0 0 0 32002 32002 0 0 0 0 0 3749
WIT 9 -127 -126 -87 -104 -147 0 0 1 0 -72 0 -1 0 0 0 32002 32002 0 0 0 0 0 3178
WIT 8 -127 -126 -178 -185 -163 1942 0 0 1 -128 1 2 2929 1 1 -127 -90 1 0 1 0 22 1942
WIT 10 -192 -126 -181 -190 -257 0 0 0 0 -126 0 -1 0 0 0 32002 32002 0 0 0 0 0 2526
WIT 13 -127 -126 -117 -129 -110 3372 0 0 0 32002 0 -1 0 0 0 32002 32002 0 0 0 0 0 0
WIT 13 -127 -126 -192 -217 -292 0 0 0 0 -99 0 -1 0 0 0 32002 32002 0 0 0 0 0 2526
WIT 11 -127 -126 -39 -49 51 0 0 0 0 32002 0 -1 0 0 0 32002 32002 0 0 0 0 0 0
WIT 10 -127 -126 -44 -53 20 0 0 0 0 32002 0 -1 0 0 0 32002 32002 0 0 0 0 0 0
WIT 13 -192 -126 -192 -204 -156 2526 1 0 0 -126 0 -1 0 0 0 32002 32002 0 0 0 0 0 2908
WIT 6 223 224 284 279 259 0 0 0 0 273 0 -1 0 0 0 32002 32002 0 0 0 0 0 49415
WIT 16 -127 -126 -176 -190 -93 2331 0 0 0 32002 0 -1 0 0 0 32002 32002 0 0 0 0 0 0
WIT 16 -127 -126 -192 -223 -251 0 0 0 0 -96 0 -1 0 0 0 32002 32002 0 0 0 0 0 3749
WIT 7 126 127 25 19 -577 0 0 0 0 159 0 -1 0 0 0 32002 32002 0 0 0 0 0 1137
WIT 8 126 127 159 152 96 0 0 0 0 126 0 -1 0 0 0 32002 32002 0 0 0 0 0 0
WIT 11 126 127 22 12 -13 0 0 0 0 237 0 -1 0 0 0 32002 32002 0 0 0 0 0 733
WIT 17 -127 -126 -130 -145 -146 0 0 0 0 -126 0 -1 0 0 0 32002 32002 0 0 0 0 0 3749
WIT 16 -127 -126 -71 -85 -64 2341 1 0 0 32002 0 -1 0 0 0 32002 32002 0 0 0 0 0 0
WIT 6 50 51 422 417 388 0 0 1 0 377 0 -1 0 0 0 32002 32002 0 0 0 0 0 3178
WIT 16 -127 -126 -192 -223 -253 0 0 0 0 -126 0 -1 0 0 0 32002 32002 0 0 0 0 0 2908
WIT 6 202 203 255 250 250 1244 1 0 0 32002 0 -1 0 0 0 32002 32002 0 0 0 0 0 0
WIT 13 -127 -126 238 226 621 3373 1 1 0 32002 0 -1 0 0 0 32002 32002 0 0 0 0 0 0
WIT 6 -127 -126 -95 -100 332 3243 1 1 0 32002 0 -1 0 0 0 32002 32002 0 0 0 0 0 0
WIT 10 -127 -126 182 173 549 3373 1 1 0 32002 0 -1 0 0 0 32002 32002 0 0 0 0 0 0
WIT 15 -127 -126 -173 -202 -215 0 0 0 0 -126 0 -1 0 0 0 32002 32002 0 0 0 0 0 2526
WIT 12 114 115 468 457 652 3373 1 1 0 32002 0 -1 0 0 0 32002 32002 0 0 0 0 0 0
WIT 6 -192 -191 135 130 288 3373 1 1 0 32002 0 -1 0 0 0 32002 32002 0 0 0 0 0 0
WIT 13 191 192 127 115 -135 0 0 0 0 152 0 -1 0 0 0 32002 32002 0 0 0 0 0 0
WIT 6 191 192 215 210 10 0 0 0 0 215 0 -1 0 0 0 32002 32002 0 0 0 0 0 733
WIT 12 191 192 256 245 222 0 0 0 0 216 0 -1 0 0 0 32002 32002 0 0 0 0 0 733
WIT 10 191 192 212 203 150 0 0 0 0 214 0 -1 0 0 0 32002 32002 0 0 0 0 0 733
WIT 10 191 192 210 201 168 0 0 0 0 212 0 -1 0 0 0 32002 32002 0 0 0 0 0 1180
WIT 12 191 192 127 116 91 0 0 0 0 154 0 -1 0 0 0 32002 32002 0 0 0 0 0 49415
WIT 11 191 192 212 202 103 0 0 0 0 226 0 -1 0 0 0 32002 32002 0 0 0 0 0 733
WIT 8 191 192 270 263 368 341 1 1 0 32002 0 -1 0 0 0 32002 32002 0 0 0 0 0 0
WIT 10 191 192 469 460 457 0 0 0 0 223 0 -1 0 0 0 32002 32002 0 0 0 0 0 49415
WIT 11 -192 -191 -292 -302 -375 0 0 0 0 -197 0 -1 0 0 0 32002 32002 0 0 0 0 0 0
WIT 13 191 192 354 342 342 924 1 0 0 32002 0 -1 0 0 0 32002 32002 0 0 0 0 0 0
WIT 9 191 192 371 363 335 0 0 1 0 207 0 -1 0 0 0 32002 32002 0 0 0 0 0 391
WIT 7 191 192 374 368 406 391 0 1 0 32002 0 -1 0 0 0 32002 32002 0 0 0 0 0 0
WIT 12 191 192 354 331 324 0 0 0 0 205 0 -1 0 0 0 32002 32002 0 0 0 0 0 49415
WIT 12 -192 -126 -192 -203 -339 0 0 0 0 -192 0 -1 0 0 0 32002 32002 0 0 0 0 0 0
WIT 6 191 192 364 359 418 391 0 1 0 32002 0 -1 0 0 0 32002 32002 0 0 0 0 0 0
WIT 10 191 192 354 345 370 1958 0 0 0 32002 0 -1 0 0 0 32002 32002 0 0 0 0 0 0
WIT 11 191 192 357 347 359 216 0 0 0 32002 0 -1 0 0 0 32002 32002 0 0 0 0 0 0
WIT 11 191 192 337 327 368 924 1 0 0 32002 0 -1 0 0 0 32002 32002 0 0 0 0 0 0
WIT 10 191 192 337 318 316 0 0 0 0 250 0 -1 0 0 0 32002 32002 0 0 0 0 0 1958
WIT 7 191 192 424 418 568 1180 1 0 0 32002 0 -1 0 0 0 32002 32002 0 0 0 0 0 0
WIT 6 191 192 402 397 396 0 0 0 0 233 0 -1 0 0 0 32002 32002 0 0 0 0 0 49415
WIT 11 -192 -126 -192 -202 -322 0 0 0 0 -192 0 -1 0 0 0 32002 32002 0 0 0 0 0 0
WIT 13 191 192 363 338 232 0 0 0 0 223 0 -1 0 0 0 32002 32002 0 0 0 0 0 1892
WIT 14 191 192 341 314 314 1893 0 0 0 32002 0 -1 0 0 0 32002 32002 0 0 0 0 0 0
WIT 8 191 192 351 344 380 1187 0 0 0 32002 0 -1 0 0 0 32002 32002 0 0 0 0 0 0
WIT 14 191 192 340 313 296 0 0 0 0 192 0 -1 0 0 0 32002 32002 0 0 0 0 0 1244
WIT 9 432 433 663 646 903 332 0 1 0 32002 0 -1 0 0 0 32002 32002 0 0 0 0 0 0
WIT 13 191 192 415 390 377 0 0 0 0 414 0 -1 0 0 0 32002 32002 0 0 0 0 0 1837
WIT 9 191 192 337 329 382 0 0 0 0 32002 0 -1 0 0 0 32002 32002 0 0 0 0 0 0
WIT 7 191 192 272 266 322 0 0 0 0 32002 0 -1 0 0 0 32002 32002 0 0 0 0 0 0
WIT 13 191 192 339 314 280 0 0 0 0 192 0 -1 0 0 0 32002 32002 0 0 0 0 0 204
WIT 11 -192 -126 -192 -202 -235 0 0 0 0 -192 0 -1 0 0 0 32002 32002 0 0 0 0 0 0
WIT 13 191 192 344 319 319 216 0 0 0 32002 0 -1 0 0 0 32002 32002 0 0 0 0 0 0
WIT 12 191 192 367 344 332 0 0 0 0 251 0 -1 0 0 0 32002 32002 0 0 0 0 0 222
WIT 12 191 192 353 330 330 334 0 0 0 32002 0 -1 0 0 0 32002 32002 0 0 0 0 0 0
WIT 9 191 192 344 336 499 1187 0 0 0 32002 0 -1 0 0 0 32002 32002 0 0 0 0 0 0
WIT 8 191 192 345 330 384 1187 0 0 0 32002 0 -1 0 0 0 32002 32002 0 0 0 0 0 0
WIT 11 -192 -126 -192 -202 -253 0 0 0 0 -192 0 -1 0 0 0 32002 32002 0 0 0 0 0 0
WIT 8 281 282 214 199 193 0 0 0 0 289 0 -1 0 0 0 32002 32002 0 0 0 0 0 733
WIT 10 281 282 226 217 139 0 0 1 0 282 0 -1 0 0 0 32002 32002 0 0 0 0 0 341
WIT 9 281 282 223 206 144 0 0 0 0 282 0 -1 0 0 0 32002 32002 0 0 0 0 0 733
WIT 10 281 282 284 275 301 722 0 0 0 32002 0 -1 0 0 0 32002 32002 0 0 0 0 0 0
WIT 9 281 282 471 463 442 0 0 0 0 302 0 -1 0 0 0 32002 32002 0 0 0 0 0 733
WIT 9 281 282 270 262 449 341 1 1 0 32002 0 -1 0 0 0 32002 32002 0 0 0 0 0 0
WIT 9 281 282 210 193 175 0 0 0 0 282 0 -1 0 0 0 32002 32002 0 0 0 0 0 1180
WIT 8 281 282 260 253 224 0 0 0 0 434 0 -1 0 0 0 32002 32002 0 0 0 0 0 733
WIT 7 281 282 249 243 1020 204 1 1 0 32002 0 -1 0 0 0 32002 32002 0 0 0 0 0 0
WIT 7 281 282 208 195 176 0 0 0 0 282 0 -1 0 0 0 32002 32002 0 0 0 0 0 49415
WIT 7 281 282 251 245 326 204 0 0 0 32002 0 -1 0 0 0 32002 32002 0 0 0 0 0 0
WIT 8 -282 -281 -368 -375 -375 3763 0 0 1 -249 0 -1 0 0 0 32002 32002 0 0 0 0 0 2715
WIT 7 -282 -281 -368 -381 -408 0 0 0 0 -282 0 -1 0 0 0 32002 32002 0 0 0 0 0 0
WIT 9 281 282 195 178 178 924 1 0 0 281 0 -1 0 0 0 32002 32002 0 0 0 0 0 924
WIT 8 281 282 280 273 273 724 0 0 1 287 0 -1 0 0 0 32002 32002 0 0 0 0 0 49415
WIT 9 281 282 204 187 207 204 0 0 1 354 0 -1 0 0 0 32002 32002 0 0 0 0 0 49415
WIT 8 281 282 241 234 277 204 0 0 1 282 0 -1 0 0 0 32002 32002 0 0 0 0 0 49415
WIT 8 281 282 278 263 288 49415 0 0 0 32002 0 -1 0 0 0 32002 32002 0 0 0 0 0 0
WIT 7 126 282 192 186 185 0 0 0 0 282 0 -1 0 0 0 32002 32002 0 0 0 0 0 334
WIT 10 281 282 192 173 188 1837 1 0 0 327 0 -1 0 0 0 32002 32002 0 0 0 0 0 334
WIT 9 126 282 192 184 184 1185 0 0 1 282 0 -1 0 0 0 32002 32002 0 0 0 0 0 1893
WIT 12 281 282 220 197 153 0 0 0 0 484 0 -1 0 0 0 32002 32002 0 0 0 0 0 1892
WIT 13 281 282 341 316 316 1893 0 0 0 32002 0 -1 0 0 0 32002 32002 0 0 0 0 0 0
WIT 14 281 282 192 179 223 724 0 0 1 282 0 -1 0 0 0 32002 32002 0 0 0 0 0 49408
WIT 8 281 282 344 337 372 1828 0 0 0 32002 0 -1 0 0 0 32002 32002 0 0 0 0 0 0
WIT 7 281 282 406 400 430 1893 0 0 0 32002 0 -1 0 0 0 32002 32002 0 0 0 0 0 0
WIT 7 281 282 397 384 337 0 0 0 0 309 0 -1 0 0 0 32002 32002 0 0 0 0 0 724
WIT 8 281 282 345 338 330 0 0 0 0 306 0 -1 0 0 0 32002 32002 0 0 0 0 0 49408
WIT 9 281 282 364 356 366 49408 0 0 0 32002 0 -1 0 0 0 32002 32002 0 0 0 0 0 0
WIT 8 281 282 194 187 472 724 0 0 0 32002 0 -1 0 0 0 32002 32002 0 0 0 0 0 0
WIT 13 281 282 192 167 122 0 0 0 0 282 0 -1 0 0 0 32002 32002 0 0 0 0 0 1244
WIT 6 -282 -281 -208 -213 -94 3899 0 1 0 32002 0 -1 0 0 0 32002 32002 0 0 0 0 0 0
WIT 8 281 282 247 240 224 0 0 0 0 244 0 -1 0 0 0 32002 32002 0 0 0 0 0 0
WIT 13 281 282 242 230 249 49408 0 0 1 272 1 1 21462 1 1 281 282 0 0 0 0 73 49408
WIT 10 281 282 337 328 380 0 0 0 0 32002 0 -1 0 0 0 32002 32002 0 0 0 0 0 0
WIT 9 281 282 224 216 232 1185 0 0 1 282 0 -1 0 0 0 32002 32002 0 0 0 0 0 724
WIT 6 281 282 413 408 363 0 0 0 0 347 0 -1 0 0 0 32002 32002 0 0 0 0 0 49408
WIT 7 281 282 272 266 363 0 0 0 0 32002 0 -1 0 0 0 32002 32002 0 0 0 0 0 0
WIT 7 281 282 360 354 369 724 0 0 0 32002 0 -1 0 0 0 32002 32002 0 0 0 0 0 0
WIT 8 281 282 272 265 318 0 0 0 0 32002 0 -1 0 0 0 32002 32002 0 0 0 0 0 0
WIT 7 281 282 351 345 352 724 0 0 0 32002 0 -1 0 0 0 32002 32002 0 0 0 0 0 0
WIT 6 281 282 344 339 349 724 0 0 0 32002 0 -1 0 0 0 32002 32002 0 0 0 0 0 0
WIT 8 281 282 339 332 394 1185 0 0 0 32002 0 -1 0 0 0 32002 32002 0 0 0 0 0 0
WIT 12 281 282 192 169 158 0 0 0 0 282 0 -1 0 0 0 32002 32002 0 0 0 0 0 204
WIT 9 281 282 196 188 283 0 0 0 0 32002 0 -1 0 0 0 32002 32002 0 0 0 0 0 0
WIT 9 126 282 192 184 162 0 0 0 0 282 0 -1 0 0 0 32002 32002 0 0 0 0 0 861
WIT 12 281 282 246 223 117 0 0 0 0 323 0 -1 0 0 0 32002 32002 0 0 0 0 0 222
WIT 11 281 282 353 332 372 724 0 0 0 32002 0 -1 0 0 0 32002 32002 0 0 0 0 0 0
WIT 10 281 282 362 343 344 983 0 0 0 32002 0 -1 0 0 0 32002 32002 0 0 0 0 0 0
WIT 9 281 282 350 342 342 1187 0 0 0 32002 0 -1 0 0 0 32002 32002 0 0 0 0 0 0
WIT 9 281 282 344 336 499 1187 0 0 0 32002 0 -1 0 0 0 32002 32002 0 0 0 0 0 0
WIT 8 281 282 345 330 384 1187 0 0 0 32002 0 -1 0 0 0 32002 32002 0 0 0 0 0 0
WIT 8 404 405 251 244 326 204 0 0 1 420 0 -1 0 0 0 32002 32002 0 0 0 0 0 1185
WIT 7 159 405 192 186 173 0 0 0 0 405 0 -1 0 0 0 32002 32002 0 0 0 0 0 1243
WIT 6 -405 -404 -574 -579 -573 3938 0 0 1 -405 1 1 11091 1 1 -405 -497 0 1 0 1 2 0
WIT 7 -405 -404 -369 -375 -460 0 0 0 0 -308 0 -1 0 0 0 32002 32002 0 0 0 0 0 2715
WIT 11 404 405 282 272 271 0 0 0 0 404 0 -1 0 0 0 32002 32002 0 0 0 0 0 0
WIT 10 404 405 282 263 262 0 0 0 0 404 0 -1 0 0 0 32002 32002 0 0 0 0 0 0
WIT 10 404 405 282 263 262 0 0 0 0 404 0 -1 0 0 0 32002 32002 0 0 0 0 0 0
WIT 8 362 363 354 347 359 924 1 0 0 462 0 -1 0 0 0 32002 32002 0 0 0 0 0 1180
WIT 6 362 363 410 405 423 733 0 0 0 32002 0 -1 0 0 0 32002 32002 0 0 0 0 0 0
WIT 7 362 363 346 333 311 0 0 0 0 374 0 -1 0 0 0 32002 32002 0 0 0 0 0 49415
WIT 7 362 363 280 274 274 1164 0 0 1 464 0 -1 0 0 0 32002 32002 0 0 0 0 0 49415
WIT 6 362 363 282 277 305 204 0 0 1 363 0 -1 0 0 0 32002 32002 0 0 0 0 0 49415
WIT 8 159 405 282 275 192 0 0 0 0 363 0 -1 0 0 0 32002 32002 0 0 0 0 0 334
WIT 9 362 363 192 175 175 1180 1 0 0 363 0 -1 0 0 0 32002 32002 0 0 0 0 0 924
WIT 9 362 363 357 349 359 216 0 0 1 383 0 -1 0 0 0 32002 32002 0 0 0 0 0 1837
WIT 8 362 363 245 230 230 49415 0 0 1 386 0 -1 0 0 0 32002 32002 0 0 0 0 0 1958
WIT 8 362 363 354 347 358 49415 0 0 1 374 0 -1 0 0 0 32002 32002 0 0 0 0 0 1837
WIT 8 362 363 391 384 494 0 0 0 0 32002 0 -1 0 0 0 32002 32002 0 0 0 0 0 0
WIT 8 362 363 322 307 278 0 0 0 0 363 0 -1 0 0 0 32002 32002 0 0 0 0 0 334
WIT 8 159 405 282 275 193 0 0 0 0 363 0 -1 0 0 0 32002 32002 0 0 0 0 0 1893
WIT 8 362 363 581 574 560 0 0 0 0 649 0 -1 0 0 0 32002 32002 0 0 0 0 0 2290
WIT 9 -363 -362 -301 -309 -310 0 0 0 0 -389 0 -1 0 0 0 32002 32002 0 0 0 0 0 0
WIT 9 -363 -362 -327 -335 -315 2218 0 0 0 32002 0 -1 0 0 0 32002 32002 0 0 0 0 0 0
WIT 11 362 363 389 379 356 0 0 0 0 344 0 -1 0 0 0 32002 32002 0 0 0 0 0 0
WIT 12 362 363 317 306 302 0 0 0 0 362 0 -1 0 0 0 32002 32002 0 0 0 0 0 788
WIT 7 362 363 396 390 390 1187 0 0 0 32002 0 -1 0 0 0 32002 32002 0 0 0 0 0 0
WIT 8 362 363 370 355 348 0 0 0 0 338 0 -1 0 0 0 32002 32002 0 0 0 0 0 0
WIT 10 362 363 377 358 354 0 0 0 0 362 0 -1 0 0 0 32002 32002 0 0 0 0 0 0
WIT 6 -363 -362 -289 -294 -340 0 0 0 0 -379 0 -1 0 0 0 32002 32002 0 0 0 0 0 0
WIT 6 -363 -362 -264 -269 -136 3899 0 1 0 32002 0 -1 0 0 0 32002 32002 0 0 0 0 0 0
WIT 7 -363 -362 -297 -303 -306 0 0 0 0 -265 0 -1 0 0 0 32002 32002 0 0 0 0 0 1737
WIT 9 362 363 341 324 297 0 0 0 0 362 0 -1 0 0 0 32002 32002 0 0 0 0 0 0
WIT 9 362 363 282 265 188 0 0 0 0 362 0 -1 0 0 0 32002 32002 0 0 0 0 0 0
WIT 8 362 363 282 267 248 0 0 0 0 362 0 -1 0 0 0 32002 32002 0 0 0 0 0 0
WIT 8 159 405 282 275 192 0 0 0 0 344 0 -1 0 0 0 32002 32002 0 0 0 0 0 861
WIT 9 343 344 323 315 908 1180 1 1 0 32002 0 -1 0 0 0 32002 32002 0 0 0 0 0 0
WIT 8 343 344 320 305 66 0 0 0 0 489 0 -1 0 0 0 32002 32002 0 0 0 0 0 222
WIT 11 343 344 334 324 374 1698 0 0 0 32002 0 -1 0 0 0 32002 32002 0 0 0 0 0 0
WIT 6 343 344 343 338 354 1698 0 0 0 32002 0 -1 0 0 0 32002 32002 0 0 0 0 0 0
WIT 10 343 344 342 323 301 0 0 0 0 350 0 -1 0 0 0 32002 32002 0 0 0 0 0 536
WIT 9 343 344 341 324 290 0 0 0 0 349 0 -1 0 0 0 32002 32002 0 0 0 0 0 1185
WIT 11 343 344 339 329 346 1893 0 0 0 32002 0 -1 0 0 0 32002 32002 0 0 0 0 0 0
WIT 9 343 344 488 480 976 222 1 0 0 32002 0 -1 0 0 0 32002 32002 0 0 0 0 0 0
WIT 8 343 344 339 324 126 0 0 0 0 346 0 -1 0 0 0 32002 32002 0 0 0 0 0 861
WIT 7 343 344 339 326 331 1185 0 0 1 374 0 -1 0 0 0 32002 32002 0 0 0 0 0 861

===========================
Total time (ms) : 67
Nodes searched  : 45426
Nodes/second    : 678000
