
Position: 1/1 (r1bq1bnr/ppp1k2p/4pp2/3p3Q/3n1P2/BP6/P1P3PP/RN2KBNR b KQ - 1 8)
WIT 6 -92 -91 -87 -92 -126 0 0 0 0 -10 0 -1 0 0 0 32002 32002 0 0 0 0 0 219
WIT 6 -38 -37 324 319 -29 0 0 1 0 71 0 -1 0 0 0 32002 32002 0 0 0 0 0 202
WIT 6 10 11 107 102 28 0 0 0 0 73 0 -1 0 0 0 32002 32002 0 0 0 0 0 219
WIT 7 -12 -11 245 239 775 3242 0 1 0 32002 0 -1 0 0 0 32002 32002 0 0 0 0 0 0
WIT 7 109 110 245 239 278 3242 0 1 0 32002 0 -1 0 0 0 32002 32002 0 0 0 0 0 0
WIT 7 291 292 305 299 332 3242 0 1 0 32002 0 -1 0 0 0 32002 32002 0 0 0 0 0 0
WIT 6 291 292 513 508 459 0 0 0 0 525 0 -1 0 0 0 32002 32002 0 0 0 0 0 1738
WIT 7 304 305 305 299 332 3242 0 1 0 32002 0 -1 0 0 0 32002 32002 0 0 0 0 0 0
WIT 6 356 357 305 300 328 3242 0 1 0 1660 0 -1 0 0 0 32002 32002 0 0 0 0 0 1761
WIT 6 356 357 500 495 648 1738 1 0 0 32002 0 -1 0 0 0 32002 32002 0 0 0 0 0 0
WIT 7 372 373 500 494 410 0 0 0 0 392 0 -1 0 0 0 32002 32002 0 0 0 0 0 3837
WIT 7 372 373 495 482 472 0 0 0 0 577 0 -1 0 0 0 32002 32002 0 0 0 0 0 1738
WIT 9 397 398 404 396 395 0 0 0 0 377 0 -1 0 0 0 32002 32002 0 0 0 0 0 3951
WIT 6 397 398 434 429 406 0 0 0 0 440 0 -1 0 0 0 32002 32002 0 0 0 0 0 1765
WIT 8 397 398 402 387 319 0 0 0 0 434 0 -1 0 0 0 32002 32002 0 0 0 0 0 3837
WIT 8 397 398 554 539 475 0 0 0 0 593 0 -1 0 0 0 32002 32002 0 0 0 0 0 1738
WIT 8 -398 -397 -638 -645 -716 0 0 1 0 -397 0 -1 0 0 0 32002 32002 0 0 0 0 0 259
WIT 7 397 398 373 360 285 0 0 1 0 397 0 -1 0 0 0 32002 32002 0 0 0 0 0 0
WIT 7 -367 -366 -384 -390 -428 0 0 0 0 -361 0 -1 0 0 0 32002 32002 0 0 0 0 0 3519
WIT 7 403 404 642 636 635 0 0 1 0 807 0 -1 0 0 0 32002 32002 0 0 0 0 0 1761
WIT 8 403 404 437 430 -465 0 0 1 0 404 0 -1 0 0 0 32002 32002 0 0 0 0 0 3828
WIT 6 403 404 445 440 576 3045 0 0 0 32002 0 -1 0 0 0 32002 32002 0 0 0 0 0 0
WIT 7 403 404 398 392 274 0 0 0 0 404 0 -1 0 0 0 32002 32002 0 0 0 0 0 4015
WIT 8 403 404 408 401 330 0 0 0 0 428 0 -1 0 0 0 32002 32002 0 0 0 0 0 1761
WIT 6 403 404 785 780 969 3242 0 1 0 32002 0 -1 0 0 0 32002 32002 0 0 0 0 0 0
WIT 10 403 404 438 419 431 3323 0 0 0 32002 0 -1 0 0 0 32002 32002 0 0 0 0 0 0
WIT 8 403 404 440 433 432 0 0 0 0 456 0 -1 0 0 0 32002 32002 0 0 0 0 0 4015
WIT 7 403 404 434 421 353 0 0 0 0 411 0 -1 0 0 0 32002 32002 0 0 0 0 0 1765
WIT 11 403 404 430 409 382 0 0 0 0 410 0 -1 0 0 0 32002 32002 0 0 0 0 0 3837
WIT 6 403 404 414 409 408 0 0 1 0 440 0 -1 0 0 0 32002 32002 0 0 0 0 0 3242
WIT 9 403 404 573 556 491 0 0 0 0 556 0 -1 0 0 0 32002 32002 0 0 0 0 0 1738
WIT 8 385 423 441 434 187 0 0 0 0 436 0 -1 0 0 0 32002 32002 0 0 0 0 0 1738
WIT 6 422 423 404 399 386 0 0 0 0 475 0 -1 0 0 0 32002 32002 0 0 0 0 0 1738
WIT 9 422 423 404 396 371 0 0 0 0 423 0 -1 0 0 0 32002 32002 0 0 0 0 0 3828
WIT 7 422 423 462 456 537 1738 0 0 0 32002 0 -1 0 0 0 32002 32002 0 0 0 0 0 0
WIT 7 422 423 427 421 454 3242 0 1 0 32002 0 -1 0 0 0 32002 32002 0 0 0 0 0 0
WIT 8 385 423 404 397 385 0 0 0 0 423 0 -1 0 0 0 32002 32002 0 0 0 0 0 4015
WIT 11 422 423 410 400 519 3828 1 0 0 32002 0 -1 0 0 0 32002 32002 0 0 0 0 0 0
WIT 12 422 423 404 393 -476 0 0 1 0 449 0 -1 0 0 0 32002 32002 0 0 0 0 0 3828
WIT 10 422 423 423 414 482 3045 0 0 0 32002 0 -1 0 0 0 32002 32002 0 0 0 0 0 0
WIT 11 422 423 404 383 367 0 0 0 0 423 0 -1 0 0 0 32002 32002 0 0 0 0 0 4015
WIT 9 422 423 450 442 457 1765 0 0 0 32002 0 -1 0 0 0 32002 32002 0 0 0 0 0 0
WIT 9 422 423 762 745 732 0 0 1 0 710 0 -1 0 0 0 32002 32002 0 0 0 0 0 1761
WIT 8 422 423 439 432 435 1765 0 0 0 32002 0 -1 0 0 0 32002 32002 0 0 0 0 0 0
WIT 8 422 423 446 439 466 1738 0 0 0 32002 0 -1 0 0 0 32002 32002 0 0 0 0 0 0
WIT 8 422 423 407 400 390 0 0 0 0 455 0 -1 0 0 0 32002 32002 0 0 0 0 0 4015
WIT 8 385 423 404 397 341 0 0 1 0 423 0 -1 0 0 0 32002 32002 0 0 0 0 0 3956
WIT 10 422 423 428 419 401 0 0 1 0 423 0 -1 0 0 0 32002 32002 0 0 0 0 0 3242
WIT 10 422 423 425 406 400 0 0 0 0 423 0 -1 0 0 0 32002 32002 0 0 0 0 0 1761
WIT 11 422 423 414 393 392 0 0 0 0 423 0 -1 0 0 0 32002 32002 0 0 0 0 0 3828
WIT 8 422 423 719 712 732 3828 0 1 0 32002 0 -1 0 0 0 32002 32002 0 0 0 0 0 0
WIT 7 422 423 785 779 992 3242 0 1 0 32002 0 -1 0 0 0 32002 32002 0 0 0 0 0 0
WIT 11 422 423 413 392 303 0 0 0 0 423 0 -1 0 0 0 32002 32002 0 0 0 0 0 3920
WIT 6 422 423 432 427 454 3828 0 0 0 32002 0 -1 0 0 0 32002 32002 0 0 0 0 0 0
WIT 10 422 423 422 413 412 0 0 0 0 436 0 -1 0 0 0 32002 32002 0 0 0 0 0 3920
WIT 11 422 423 438 417 425 3323 0 0 0 32002 0 -1 0 0 0 32002 32002 0 0 0 0 0 0
WIT 6 422 423 850 845 912 3323 0 1 0 32002 0 -1 0 0 0 32002 32002 0 0 0 0 0 0
WIT 7 422 423 411 405 537 3323 0 0 0 32002 0 -1 0 0 0 32002 32002 0 0 0 0 0 0
WIT 7 422 423 410 397 379 0 0 0 0 450 0 -1 0 0 0 32002 32002 0 0 0 0 0 1765
WIT 11 422 423 409 388 372 0 0 0 0 425 0 -1 0 0 0 32002 32002 0 0 0 0 0 3837
WIT 9 422 423 489 481 459 0 0 0 0 537 0 -1 0 0 0 32002 32002 0 0 0 0 0 1738
WIT 10 422 423 539 530 416 0 0 0 0 516 0 -1 0 0 0 32002 32002 0 0 0 0 0 3045
WIT 8 422 423 785 778 958 3242 0 1 0 32002 0 -1 0 0 0 32002 32002 0 0 0 0 0 0
WIT 9 422 423 450 433 432 0 0 0 0 423 0 -1 0 0 0 32002 32002 0 0 0 0 0 4015
WIT 8 422 423 411 404 538 3323 0 0 0 32002 0 -1 0 0 0 32002 32002 0 0 0 0 0 0
WIT 7 422 423 678 672 693 3316 0 1 0 32002 0 -1 0 0 0 32002 32002 0 0 0 0 0 0
WIT 10 422 423 409 400 394 0 0 0 0 423 0 -1 0 0 0 32002 32002 0 0 0 0 0 4015
WIT 6 422 423 813 808 1261 3306 1 1 0 32002 0 -1 0 0 0 32002 32002 0 0 0 0 0 0
WIT 7 422 423 435 422 421 0 0 1 0 481 0 -1 0 0 0 32002 32002 0 0 0 0 0 3242
WIT 7 422 423 418 412 436 4015 0 0 0 32002 0 -1 0 0 0 32002 32002 0 0 0 0 0 0
WIT 10 422 423 404 385 379 0 0 0 0 423 0 -1 0 0 0 32002 32002 0 0 0 0 0 1765
WIT 8 447 448 423 416 479 3045 0 0 0 32002 0 -1 0 0 0 32002 32002 0 0 0 0 0 0
WIT 7 447 448 427 421 454 3242 0 1 0 32002 0 -1 0 0 0 32002 32002 0 0 0 0 0 0
WIT 6 447 448 462 457 529 1738 0 0 0 32002 0 -1 0 0 0 32002 32002 0 0 0 0 0 0
WIT 7 447 448 423 417 325 0 0 0 0 443 0 -1 0 0 0 32002 32002 0 0 0 0 0 0
WIT 7 447 448 423 410 369 0 0 0 0 443 0 -1 0 0 0 32002 32002 0 0 0 0 0 0
WIT 7 -399 -398 -435 -441 -435 267 0 1 0 -395 0 -1 0 0 0 32002 32002 0 0 0 0 0 259
WIT 6 -399 -398 -361 -366 -499 0 0 0 0 -384 0 -1 0 0 0 32002 32002 0 0 0 0 0 4087
WIT 9 -399 -398 -361 -369 -376 0 0 0 0 -373 0 -1 0 0 0 32002 32002 0 0 0 0 0 80
WIT 9 -399 -398 -361 -378 -419 0 0 0 0 -375 0 -1 0 0 0 32002 32002 0 0 0 0 0 3519
WIT 8 -399 -398 -316 -323 -370 0 0 0 0 -378 0 -1 0 0 0 32002 32002 0 0 0 0 0 3519
WIT 6 -399 -398 -162 -167 -162 0 0 0 0 32002 0 -1 0 0 0 32002 32002 0 0 0 0 0 0
WIT 7 -399 -398 -352 -358 -502 0 0 1 0 -380 0 -1 0 0 0 32002 32002 0 0 0 0 0 204
WIT 7 398 448 423 417 399 0 0 0 0 395 0 -1 0 0 0 32002 32002 0 0 0 0 0 0
WIT 7 398 448 423 417 353 0 0 1 0 398 0 -1 0 0 0 32002 32002 0 0 0 0 0 0
WIT 8 -365 -364 -338 -345 270 259 0 1 0 32002 0 -1 0 0 0 32002 32002 0 0 0 0 0 0
WIT 8 -398 -364 -374 -381 -467 0 0 0 0 -355 0 -1 0 0 0 32002 32002 0 0 0 0 0 3519
WIT 10 -365 -364 -395 -404 -55 267 0 1 0 32002 0 -1 0 0 0 32002 32002 0 0 0 0 0 0
WIT 9 -398 -364 -395 -403 -423 0 0 0 0 -355 0 -1 0 0 0 32002 32002 0 0 0 0 0 1076
WIT 8 -365 -364 -236 -243 -243 66 0 0 0 32002 0 -1 0 0 0 32002 32002 0 0 0 0 0 0
WIT 10 -365 -364 -385 -404 -439 0 0 0 0 -343 0 -1 0 0 0 32002 32002 0 0 0 0 0 4087
WIT 13 -365 -364 -375 -400 -401 0 0 0 0 -364 0 -1 0 0 0 32002 32002 0 0 0 0 0 80
WIT 10 -365 -364 -380 -389 -372 405 0 0 1 -289 0 -1 0 0 0 32002 32002 0 0 0 0 0 3519
WIT 8 -365 -364 -321 -328 -365 0 0 0 0 -259 0 -1 0 0 0 32002 32002 0 0 0 0 0 1076
WIT 12 -365 -364 -398 -421 -545 0 0 1 0 -364 0 -1 0 0 0 32002 32002 0 0 0 0 0 259
WIT 10 -365 -364 -389 -398 -405 0 0 0 0 -354 0 -1 0 0 0 32002 32002 0 0 0 0 0 3519
WIT 10 -398 -364 -398 -407 -410 0 0 0 0 -364 0 -1 0 0 0 32002 32002 0 0 0 0 0 3446
WIT 8 -124 -123 45 38 277 267 0 1 0 32002 0 -1 0 0 0 32002 32002 0 0 0 0 0 0
WIT 11 -365 -364 -258 -268 -295 0 0 0 0 -359 0 -1 0 0 0 32002 32002 0 0 0 0 0 339
WIT 10 -398 -364 -398 -407 -423 0 0 0 0 -364 0 -1 0 0 0 32002 32002 0 0 0 0 0 2549
WIT 6 -319 -318 -321 -326 -683 0 0 1 0 -208 0 -1 0 0 0 32002 32002 0 0 0 0 0 529
WIT 8 -364 -318 -351 -358 -333 405 0 0 1 -306 0 -1 0 0 0 32002 32002 0 0 0 0 0 339
WIT 8 -364 -318 -355 -362 -479 0 0 1 0 -307 0 -1 0 0 0 32002 32002 0 0 0 0 0 267
WIT 9 -319 -318 -51 -59 5 267 0 0 0 32002 0 -1 0 0 0 32002 32002 0 0 0 0 0 0
WIT 8 -319 -318 -64 -71 -7 405 0 0 0 32002 0 -1 0 0 0 32002 32002 0 0 0 0 0 0
WIT 9 -364 -318 -355 -363 -455 0 0 0 0 -318 0 -1 0 0 0 32002 32002 0 0 0 0 0 3519
WIT 10 -364 -318 -355 -364 -384 0 0 0 0 -318 0 -1 0 0 0 32002 32002 0 0 0 0 0 1076
WIT 8 318 319 387 380 416 3817 0 0 0 32002 0 -1 0 0 0 32002 32002 0 0 0 0 0 0
WIT 10 318 319 356 347 324 0 0 0 0 324 0 -1 0 0 0 32002 32002 0 0 0 0 0 3242
WIT 7 318 319 364 358 292 0 0 0 0 356 0 -1 0 0 0 32002 32002 0 0 0 0 0 1933
WIT 6 318 319 368 363 281 0 0 0 0 363 0 -1 0 0 0 32002 32002 0 0 0 0 0 1933
WIT 7 318 319 333 327 267 0 0 0 0 345 0 -1 0 0 0 32002 32002 0 0 0 0 0 1940
WIT 14 -319 -318 -347 -374 -523 0 0 0 0 -319 0 -1 0 0 0 32002 32002 0 0 0 0 0 0
WIT 14 -319 -318 -362 -389 -495 0 0 0 0 -319 0 -1 0 0 0 32002 32002 0 0 0 0 0 0
WIT 9 -319 -318 -555 -563 -696 0 0 0 0 -323 0 -1 0 0 0 32002 32002 0 0 0 0 0 0
WIT 13 -319 -318 -364 -389 -463 0 0 1 0 -319 0 -1 0 0 0 32002 32002 0 0 0 0 0 0
WIT 7 363 364 349 343 356 3242 0 0 1 388 0 -1 0 0 0 32002 32002 0 0 0 0 0 3038
WIT 7 363 364 346 340 326 0 0 1 0 385 0 -1 0 0 0 32002 32002 0 0 0 0 0 3323
WIT 7 363 364 476 470 535 3307 0 1 0 32002 0 -1 0 0 0 32002 32002 0 0 0 0 0 0
WIT 8 318 364 319 312 314 4015 0 0 1 364 0 -1 0 0 0 32002 32002 0 0 0 0 0 1025
WIT 11 363 364 376 366 359 0 0 0 0 381 0 -1 0 0 0 32002 32002 0 0 0 0 0 4015
WIT 7 363 364 644 638 782 3242 0 1 0 32002 0 -1 0 0 0 32002 32002 0 0 0 0 0 0
WIT 8 318 364 319 312 301 0 0 0 0 364 0 -1 0 0 0 32002 32002 0 0 0 0 0 656
WIT 11 363 364 323 313 465 0 0 0 0 32002 0 -1 0 0 0 32002 32002 0 0 0 0 0 0
WIT 10 363 364 322 313 273 0 0 0 0 465 0 -1 0 0 0 32002 32002 0 0 0 0 0 656
WIT 13 363 364 410 398 522 3828 1 0 0 32002 0 -1 0 0 0 32002 32002 0 0 0 0 0 0
WIT 13 363 364 470 458 482 3828 1 0 0 32002 0 -1 0 0 0 32002 32002 0 0 0 0 0 0
WIT 14 363 364 449 436 265 0 0 0 0 407 0 -1 0 0 0 32002 32002 0 0 0 0 0 3316
WIT 11 363 364 614 604 621 3242 0 1 0 32002 0 -1 0 0 0 32002 32002 0 0 0 0 0 0
WIT 13 363 364 447 422 -468 0 0 1 0 404 0 -1 0 0 0 32002 32002 0 0 0 0 0 3828
WIT 11 363 364 423 402 435 3344 1 0 0 32002 0 -1 0 0 0 32002 32002 0 0 0 0 0 0
WIT 12 363 364 423 400 372 0 0 0 0 364 0 -1 0 0 0 32002 32002 0 0 0 0 0 4015
WIT 10 363 364 683 664 663 0 0 1 0 725 0 -1 0 0 0 32002 32002 0 0 0 0 0 1761
WIT 7 363 364 466 460 -309 0 0 1 0 478 0 -1 0 0 0 32002 32002 0 0 0 0 0 3828
WIT 7 363 364 450 444 459 1765 0 0 0 32002 0 -1 0 0 0 32002 32002 0 0 0 0 0 0
WIT 9 363 364 451 434 435 1765 0 0 0 32002 0 -1 0 0 0 32002 32002 0 0 0 0 0 0
WIT 8 363 364 439 432 435 1765 0 0 0 32002 0 -1 0 0 0 32002 32002 0 0 0 0 0 0
WIT 10 -364 -318 -364 -373 -410 0 0 0 0 -364 0 -1 0 0 0 32002 32002 0 0 0 0 0 0
WIT 13 363 364 423 398 410 3837 0 0 0 32002 0 -1 0 0 0 32002 32002 0 0 0 0 0 0
WIT 11 363 364 719 709 745 3828 0 1 0 32002 0 -1 0 0 0 32002 32002 0 0 0 0 0 0
WIT 7 363 364 785 779 992 3242 0 1 0 32002 0 -1 0 0 0 32002 32002 0 0 0 0 0 0
WIT 13 363 364 423 398 299 0 0 0 0 410 0 -1 0 0 0 32002 32002 0 0 0 0 0 3920
WIT 10 363 364 526 507 497 0 0 0 0 428 0 -1 0 0 0 32002 32002 0 0 0 0 0 1738
WIT 10 363 364 539 530 442 0 0 0 0 498 0 -1 0 0 0 32002 32002 0 0 0 0 0 1738
WIT 10 363 364 542 523 467 0 0 0 0 406 0 -1 0 0 0 32002 32002 0 0 0 0 0 1738
WIT 10 -364 -318 -364 -373 -423 0 0 0 0 -364 0 -1 0 0 0 32002 32002 0 0 0 0 0 0
WIT 7 318 426 319 313 315 4015 0 0 1 342 1 1 43484 1 1 342 332 0 0 0 0 6 1025
WIT 8 -343 -342 -346 -353 -304 0 0 0 0 32002 0 -1 0 0 0 32002 32002 0 0 0 0 0 0
WIT 7 -343 -342 -364 -377 -604 0 0 0 0 -340 0 -1 0 0 0 32002 32002 0 0 0 0 0 80
WIT 7 -343 -342 -364 -377 -405 0 0 0 0 -340 0 -1 0 0 0 32002 32002 0 0 0 0 0 3519
WIT 7 318 426 319 313 307 0 0 0 0 342 0 -1 0 0 0 32002 32002 0 0 0 0 0 656
WIT 8 -343 -342 -346 -353 -327 267 0 1 0 32002 0 -1 0 0 0 32002 32002 0 0 0 0 0 0
WIT 6 -343 -342 -354 -359 -65 259 0 1 0 32002 0 -1 0 0 0 32002 32002 0 0 0 0 0 0
WIT 8 -343 -342 -354 -369 -372 0 0 0 0 -327 0 -1 0 0 0 32002 32002 0 0 0 0 0 3519
WIT 6 -343 -342 -360 -365 -298 0 0 0 0 32002 0 -1 0 0 0 32002 32002 0 0 0 0 0 0
WIT 6 -343 -342 -185 -190 -170 0 0 0 0 32002 0 -1 0 0 0 32002 32002 0 0 0 0 0 0
WIT 8 318 426 364 357 318 0 0 0 0 342 0 -1 0 0 0 32002 32002 0 0 0 0 0 1738
WIT 6 341 342 439 434 441 1765 0 0 0 32002 0 -1 0 0 0 32002 32002 0 0 0 0 0 0
WIT 8 -343 -342 -359 -374 -390 0 0 0 0 -342 0 -1 0 0 0 32002 32002 0 0 0 0 0 339
WIT 8 318 426 364 357 319 0 0 1 0 342 0 -1 0 0 0 32002 32002 0 0 0 0 0 3956
WIT 7 -347 -346 -318 -324 -312 339 0 0 0 32002 0 -1 0 0 0 32002 32002 0 0 0 0 0 0
WIT 7 -347 -346 -354 -360 -321 4087 1 0 0 32002 0 -1 0 0 0 32002 32002 0 0 0 0 0 0
WIT 10 -347 -346 -346 -355 -306 0 0 0 0 32002 0 -1 0 0 0 32002 32002 0 0 0 0 0 0
WIT 10 -347 -346 -340 -359 -385 0 0 0 0 -346 0 -1 0 0 0 32002 32002 0 0 0 0 0 80
WIT 10 -347 -346 -364 -383 -409 0 0 0 0 -346 0 -1 0 0 0 32002 32002 0 0 0 0 0 3519
WIT 6 -347 -346 -231 -236 -154 80 1 0 0 32002 0 -1 0 0 0 32002 32002 0 0 0 0 0 0
WIT 8 346 382 342 335 316 0 0 0 0 346 0 -1 0 0 0 32002 32002 0 0 0 0 0 0
WIT 10 -347 -346 -346 -355 -326 267 0 1 0 32002 0 -1 0 0 0 32002 32002 0 0 0 0 0 0
WIT 7 -347 -346 -354 -360 -29 259 0 1 0 32002 0 -1 0 0 0 32002 32002 0 0 0 0 0 0
WIT 10 -347 -346 -328 -347 -402 0 0 0 0 -331 0 -1 0 0 0 32002 32002 0 0 0 0 0 3519
WIT 9 -347 -346 -360 -368 -298 0 0 0 0 32002 0 -1 0 0 0 32002 32002 0 0 0 0 0 0
WIT 9 346 382 342 334 318 0 0 0 0 346 0 -1 0 0 0 32002 32002 0 0 0 0 0 0
WIT 9 -382 -346 -342 -350 -364 0 0 0 0 -346 0 -1 0 0 0 32002 32002 0 0 0 0 0 3446
WIT 9 346 382 342 334 319 0 0 1 0 346 0 -1 0 0 0 32002 32002 0 0 0 0 0 0
WIT 6 345 346 427 422 381 0 0 0 0 332 0 -1 0 0 0 32002 32002 0 0 0 0 0 0
WIT 7 -346 -328 -346 -352 -382 0 0 0 0 -305 0 -1 0 0 0 32002 32002 0 0 0 0 0 4087
WIT 8 -329 -328 -340 -347 -294 0 0 0 0 32002 0 -1 0 0 0 32002 32002 0 0 0 0 0 0
WIT 7 -329 -328 -346 -352 -317 339 0 0 0 32002 0 -1 0 0 0 32002 32002 0 0 0 0 0 0
WIT 8 -346 -328 -346 -353 -476 0 0 0 0 -317 0 -1 0 0 0 32002 32002 0 0 0 0 0 1
WIT 11 -329 -328 -331 -341 -341 3567 1 0 0 -305 0 -1 0 0 0 32002 32002 0 0 0 0 0 1
WIT 7 -329 -328 -166 -172 -39 339 0 0 0 32002 0 -1 0 0 0 32002 32002 0 0 0 0 0 0
WIT 11 -329 -328 -343 -364 -403 0 0 0 0 -314 0 -1 0 0 0 32002 32002 0 0 0 0 0 4087
WIT 9 -329 -328 -302 -310 -310 4087 1 0 0 32002 0 -1 0 0 0 32002 32002 0 0 0 0 0 0
WIT 7 -329 -328 -296 -302 -242 80 1 0 0 32002 0 -1 0 0 0 32002 32002 0 0 0 0 0 0
WIT 6 -329 -328 -231 -236 -154 80 1 0 0 32002 0 -1 0 0 0 32002 32002 0 0 0 0 0 0
WIT 6 -329 -328 -315 -320 -238 4087 1 0 0 32002 0 -1 0 0 0 32002 32002 0 0 0 0 0 0
WIT 6 -329 -328 -338 -343 -255 4087 1 0 0 32002 0 -1 0 0 0 32002 32002 0 0 0 0 0 0
WIT 9 -346 -328 -346 -354 -379 0 0 0 0 -322 0 -1 0 0 0 32002 32002 0 0 0 0 0 3519
WIT 8 -329 -328 -339 -346 -298 0 0 0 0 32002 0 -1 0 0 0 32002 32002 0 0 0 0 0 0
WIT 13 -329 -328 -340 -352 -352 339 0 0 1 -298 0 -1 0 0 0 32002 32002 0 0 0 0 0 4094
WIT 10 -329 -328 -346 -355 -294 0 0 0 0 32002 0 -1 0 0 0 32002 32002 0 0 0 0 0 0
WIT 12 -329 -328 -346 -369 -377 0 0 0 0 -328 0 -1 0 0 0 32002 32002 0 0 0 0 0 80
WIT 12 -329 -328 -157 -168 -103 0 0 0 0 32002 0 -1 0 0 0 32002 32002 0 0 0 0 0 0
WIT 12 -329 -328 -346 -369 -399 0 0 0 0 -328 0 -1 0 0 0 32002 32002 0 0 0 0 0 3519
WIT 11 -329 -328 -277 -287 -287 1076 1 0 0 32002 0 -1 0 0 0 32002 32002 0 0 0 0 0 0
WIT 12 -329 -328 -295 -306 -306 405 0 0 0 32002 0 -1 0 0 0 32002 32002 0 0 0 0 0 0
WIT 9 328 329 321 313 277 0 0 0 0 488 0 -1 0 0 0 32002 32002 0 0 0 0 0 3045
WIT 12 -329 -328 -342 -353 -487 0 0 0 0 -284 0 -1 0 0 0 32002 32002 0 0 0 0 0 3519
WIT 11 -329 -328 -342 -363 -490 0 0 1 0 -306 0 -1 0 0 0 32002 32002 0 0 0 0 0 204
WIT 10 -329 -328 -269 -278 -247 0 0 0 0 32002 0 -1 0 0 0 32002 32002 0 0 0 0 0 0
WIT 9 -346 -328 -346 -354 -456 0 0 1 0 -328 0 -1 0 0 0 32002 32002 0 0 0 0 0 259
WIT 8 -329 -328 -268 -275 -488 0 0 0 0 -255 0 -1 0 0 0 32002 32002 0 0 0 0 0 529
WIT 7 -329 -328 -306 -312 -312 706 0 1 0 32002 0 -1 0 0 0 32002 32002 0 0 0 0 0 0
WIT 6 -329 -328 -82 -87 -61 714 0 1 0 32002 0 -1 0 0 0 32002 32002 0 0 0 0 0 0
WIT 7 -329 -328 -221 -234 -623 0 0 1 0 -97 0 -1 0 0 0 32002 32002 0 0 0 0 0 529
WIT 10 -329 -328 -270 -279 -250 706 0 1 0 32002 0 -1 0 0 0 32002 32002 0 0 0 0 0 0
WIT 12 -329 -328 -308 -331 -441 0 0 1 0 -328 0 -1 0 0 0 32002 32002 0 0 0 0 0 267
WIT 9 -329 -328 -51 -59 -5 267 0 0 0 32002 0 -1 0 0 0 32002 32002 0 0 0 0 0 0
WIT 7 -329 -328 -66 -72 -81 0 0 0 0 -277 0 -1 0 0 0 32002 32002 0 0 0 0 0 339
WIT 6 -329 -328 -145 -150 -145 267 0 0 0 32002 0 -1 0 0 0 32002 32002 0 0 0 0 0 0
WIT 12 -329 -328 -318 -341 -412 0 0 0 0 -328 0 -1 0 0 0 32002 32002 0 0 0 0 0 3519
WIT 12 -329 -328 -301 -312 -235 267 0 1 0 32002 0 -1 0 0 0 32002 32002 0 0 0 0 0 0
WIT 12 -329 -328 -318 -341 -364 0 0 0 0 -328 0 -1 0 0 0 32002 32002 0 0 0 0 0 1076
WIT 10 -329 -328 -346 -355 -350 267 0 1 0 -325 0 -1 0 0 0 32002 32002 0 0 0 0 0 259
WIT 7 -329 -328 -354 -360 -29 259 0 1 0 32002 0 -1 0 0 0 32002 32002 0 0 0 0 0 0
WIT 10 -329 -328 -332 -351 -394 0 0 0 0 -325 0 -1 0 0 0 32002 32002 0 0 0 0 0 3519
WIT 9 -329 -328 -360 -368 -297 0 0 0 0 32002 0 -1 0 0 0 32002 32002 0 0 0 0 0 0
WIT 10 -346 -328 -346 -355 -364 0 0 0 0 -328 0 -1 0 0 0 32002 32002 0 0 0 0 0 3446
WIT 7 -329 -328 -335 -341 -342 0 0 0 0 -327 0 -1 0 0 0 32002 32002 0 0 0 0 0 658
WIT 11 -329 -328 -342 -363 -368 0 0 0 0 -327 0 -1 0 0 0 32002 32002 0 0 0 0 0 339
WIT 11 -329 -328 -319 -329 -229 1085 1 0 0 32002 0 -1 0 0 0 32002 32002 0 0 0 0 0 0
WIT 10 -346 -328 -346 -355 -406 0 0 0 0 -328 0 -1 0 0 0 32002 32002 0 0 0 0 0 2549
WIT 7 -328 -304 -332 -338 -460 0 0 0 0 -304 0 -1 0 0 0 32002 32002 0 0 0 0 0 452
WIT 8 -305 -304 -283 -290 -253 203 0 1 0 32002 0 -1 0 0 0 32002 32002 0 0 0 0 0 0
WIT 7 -328 -304 -292 -298 -332 0 0 0 0 -341 0 -1 0 0 0 32002 32002 0 0 0 0 0 0
WIT 8 327 328 479 472 383 0 0 0 0 332 0 -1 0 0 0 32002 32002 0 0 0 0 0 1933
WIT 8 327 328 323 316 229 0 0 0 0 324 0 -1 0 0 0 32002 32002 0 0 0 0 0 0
WIT 7 327 328 424 418 498 3817 0 0 0 32002 0 -1 0 0 0 32002 32002 0 0 0 0 0 0
WIT 8 327 328 364 357 311 0 0 0 0 297 0 -1 0 0 0 32002 32002 0 0 0 0 0 0
WIT 7 -328 -304 -305 -311 -323 0 0 0 0 -336 0 -1 0 0 0 32002 32002 0 0 0 0 0 204
WIT 8 -328 -304 -307 -314 -382 0 0 0 0 -304 0 -1 0 0 0 32002 32002 0 0 0 0 0 4087
WIT 11 -305 -304 -308 -318 -273 339 0 0 0 32002 0 -1 0 0 0 32002 32002 0 0 0 0 0 0
WIT 9 -305 -304 -294 -302 -265 0 0 0 0 32002 0 -1 0 0 0 32002 32002 0 0 0 0 0 0
WIT 9 -305 -304 -96 -104 -105 0 0 0 0 -291 0 -1 0 0 0 32002 32002 0 0 0 0 0 339
WIT 8 -305 -304 -270 -277 -245 0 0 0 0 32002 0 -1 0 0 0 32002 32002 0 0 0 0 0 0
WIT 8 -305 -304 -340 -347 -301 0 0 0 0 32002 0 -1 0 0 0 32002 32002 0 0 0 0 0 0
WIT 7 -305 -304 -346 -352 -317 339 0 0 1 -305 1 1 20013 1 1 -305 -260 0 0 0 0 7 339
WIT 8 -328 -304 -318 -325 -476 0 0 0 0 -304 0 -1 0 0 0 32002 32002 0 0 0 0 0 1
WIT 11 -305 -304 -306 -316 -301 3567 1 0 0 32002 0 -1 0 0 0 32002 32002 0 0 0 0 0 0
WIT 6 -305 -304 82 77 214 203 0 1 0 32002 0 -1 0 0 0 32002 32002 0 0 0 0 0 0
WIT 10 -305 -304 -315 -334 -398 0 0 0 0 -302 0 -1 0 0 0 32002 32002 0 0 0 0 0 4087
WIT 9 -305 -304 -310 -318 -309 339 0 0 1 -304 0 -1 0 0 0 32002 32002 0 0 0 0 0 4087
WIT 8 -305 -304 -231 -238 -145 80 1 0 0 32002 0 -1 0 0 0 32002 32002 0 0 0 0 0 0
WIT 8 -305 -304 -296 -303 -243 80 1 0 0 32002 0 -1 0 0 0 32002 32002 0 0 0 0 0 0
WIT 7 -305 -304 -325 -331 -304 339 0 0 0 32002 0 -1 0 0 0 32002 32002 0 0 0 0 0 0
WIT 9 -328 -304 -322 -330 -379 0 0 0 0 -304 0 -1 0 0 0 32002 32002 0 0 0 0 0 3519
WIT 13 -305 -304 -300 -312 -303 405 0 0 0 32002 0 -1 0 0 0 32002 32002 0 0 0 0 0 0
WIT 10 -305 -304 -346 -355 -275 0 0 0 0 32002 0 -1 0 0 0 32002 32002 0 0 0 0 0 0
WIT 12 -305 -304 -328 -351 -384 0 0 0 0 -303 0 -1 0 0 0 32002 32002 0 0 0 0 0 80
WIT 11 -305 -304 -157 -167 -98 0 0 0 0 32002 0 -1 0 0 0 32002 32002 0 0 0 0 0 0
WIT 12 -305 -304 -328 -351 -410 0 0 0 0 -303 0 -1 0 0 0 32002 32002 0 0 0 0 0 3519
WIT 8 -305 -304 -137 -144 -194 0 0 0 0 -292 0 -1 0 0 0 32002 32002 0 0 0 0 0 80
WIT 13 -305 -304 -295 -307 -307 405 0 0 1 -293 0 -1 0 0 0 32002 32002 0 0 0 0 0 3519
WIT 10 -305 -304 -88 -97 307 771 0 1 0 32002 0 -1 0 0 0 32002 32002 0 0 0 0 0 0
WIT 14 -305 -304 -264 -277 -355 0 0 0 0 -223 0 -1 0 0 0 32002 32002 0 0 0 0 0 80
WIT 12 -305 -304 -101 -112 -72 781 0 1 0 32002 0 -1 0 0 0 32002 32002 0 0 0 0 0 0
WIT 13 -305 -304 -287 -312 -450 0 0 0 0 -265 0 -1 0 0 0 32002 32002 0 0 0 0 0 3519
WIT 6 -64 -63 3 -2 -46 0 0 0 0 -52 0 -1 0 0 0 32002 32002 0 0 0 0 0 80
WIT 12 -305 -304 -307 -330 -484 0 0 1 0 -300 0 -1 0 0 0 32002 32002 0 0 0 0 0 204
WIT 11 -305 -304 -277 -287 -279 1076 1 0 0 32002 0 -1 0 0 0 32002 32002 0 0 0 0 0 0
WIT 9 -305 -304 -133 -141 869 202 1 0 0 32002 0 -1 0 0 0 32002 32002 0 0 0 0 0 0
WIT 9 -305 -304 -269 -277 -210 0 0 0 0 32002 0 -1 0 0 0 32002 32002 0 0 0 0 0 0
WIT 9 -328 -304 -328 -336 -456 0 0 1 0 -304 0 -1 0 0 0 32002 32002 0 0 0 0 0 259
WIT 8 -305 -304 -328 -343 -234 405 0 0 0 32002 0 -1 0 0 0 32002 32002 0 0 0 0 0 0
WIT 12 -305 -304 -328 -351 -326 405 0 0 1 -304 0 -1 0 0 0 32002 32002 0 0 0 0 0 339
WIT 8 -305 -304 -270 -277 -251 706 0 1 0 32002 0 -1 0 0 0 32002 32002 0 0 0 0 0 0
WIT 11 -305 -304 -328 -349 -426 0 0 1 0 -304 0 -1 0 0 0 32002 32002 0 0 0 0 0 267
WIT 11 -305 -304 -261 -271 -218 405 0 0 0 32002 0 -1 0 0 0 32002 32002 0 0 0 0 0 0
WIT 8 -305 -304 -282 -297 -270 405 0 0 0 32002 0 -1 0 0 0 32002 32002 0 0 0 0 0 0
WIT 6 -305 -304 -145 -150 -87 267 0 0 0 32002 0 -1 0 0 0 32002 32002 0 0 0 0 0 0
WIT 11 -305 -304 -328 -349 -418 0 0 0 0 -304 0 -1 0 0 0 32002 32002 0 0 0 0 0 3519
WIT 12 -305 -304 -301 -312 -235 267 0 1 0 32002 0 -1 0 0 0 32002 32002 0 0 0 0 0 0
WIT 11 -305 -304 -328 -349 -364 0 0 0 0 -304 0 -1 0 0 0 32002 32002 0 0 0 0 0 1076
WIT 9 -305 -304 -336 -344 -362 0 0 0 0 -296 0 -1 0 0 0 32002 32002 0 0 0 0 0 339
WIT 10 -305 -304 -157 -166 -94 0 0 0 0 32002 0 -1 0 0 0 32002 32002 0 0 0 0 0 0
WIT 10 -305 -304 -325 -334 -335 0 0 1 0 -296 0 -1 0 0 0 32002 32002 0 0 0 0 0 259
WIT 8 -305 -304 -354 -361 -29 259 0 1 0 32002 0 -1 0 0 0 32002 32002 0 0 0 0 0 0
WIT 10 -305 -304 -325 -344 -375 0 0 0 0 -296 0 -1 0 0 0 32002 32002 0 0 0 0 0 3519
WIT 10 -305 -304 -317 -326 -252 0 0 0 0 32002 0 -1 0 0 0 32002 32002 0 0 0 0 0 0
WIT 9 -305 -304 -360 -368 -295 0 0 0 0 32002 0 -1 0 0 0 32002 32002 0 0 0 0 0 0
WIT 8 -305 -304 -282 -289 -182 0 0 0 0 32002 0 -1 0 0 0 32002 32002 0 0 0 0 0 0
WIT 6 -305 -304 -168 -173 -152 0 0 0 0 32002 0 -1 0 0 0 32002 32002 0 0 0 0 0 0
WIT 10 -328 -304 -328 -337 -364 0 0 0 0 -304 0 -1 0 0 0 32002 32002 0 0 0 0 0 3446
WIT 7 -305 -304 -323 -329 -281 3437 1 0 0 32002 0 -1 0 0 0 32002 32002 0 0 0 0 0 0
WIT 6 -305 -304 -327 -332 -242 3437 1 0 0 32002 0 -1 0 0 0 32002 32002 0 0 0 0 0 0
WIT 13 -305 -304 -327 -352 -346 3437 1 0 0 -281 0 -1 0 0 0 32002 32002 0 0 0 0 0 339
WIT 10 -305 -304 -319 -328 -269 0 0 0 0 32002 0 -1 0 0 0 32002 32002 0 0 0 0 0 0
WIT 10 -328 -304 -328 -337 -406 0 0 0 0 -304 0 -1 0 0 0 32002 32002 0 0 0 0 0 2549
WIT 7 -304 -272 -207 -213 -451 0 0 0 0 -248 0 -1 0 0 0 32002 32002 0 0 0 0 0 983
WIT 11 303 304 356 346 289 0 0 0 0 304 0 -1 0 0 0 32002 32002 0 0 0 0 0 839
WIT 10 303 304 353 344 289 0 0 0 0 304 0 -1 0 0 0 32002 32002 0 0 0 0 0 1933
WIT 9 303 304 328 311 311 2917 0 0 0 32002 0 -1 0 0 0 32002 32002 0 0 0 0 0 0
WIT 9 303 304 359 351 312 0 0 0 0 324 0 -1 0 0 0 32002 32002 0 0 0 0 0 1933
WIT 6 303 304 442 437 358 0 0 0 0 447 0 -1 0 0 0 32002 32002 0 0 0 0 0 1940
WIT 9 303 304 341 324 304 0 0 0 0 304 0 -1 0 0 0 32002 32002 0 0 0 0 0 3314
WIT 10 303 304 389 380 389 1294 1 0 0 32002 0 -1 0 0 0 32002 32002 0 0 0 0 0 0
WIT 9 303 304 343 326 259 0 0 0 0 369 0 -1 0 0 0 32002 32002 0 0 0 0 0 1940
WIT 8 303 304 336 321 275 0 0 0 0 304 0 -1 0 0 0 32002 32002 0 0 0 0 0 3242
WIT 9 303 304 331 314 249 0 0 0 0 332 0 -1 0 0 0 32002 32002 0 0 0 0 0 1933
WIT 7 -304 -272 -281 -287 -325 0 0 0 0 -304 0 -1 0 0 0 32002 32002 0 0 0 0 0 0
WIT 11 303 304 382 361 333 0 0 1 0 304 0 -1 0 0 0 32002 32002 0 0 0 0 0 3323
WIT 7 303 304 384 378 211 0 0 1 0 317 0 -1 0 0 0 32002 32002 0 0 0 0 0 3242
WIT 8 -304 -272 -304 -311 -333 0 0 0 0 -304 0 -1 0 0 0 32002 32002 0 0 0 0 0 0
WIT 11 303 304 649 639 795 80 0 0 0 32002 0 -1 0 0 0 32002 32002 0 0 0 0 0 0
WIT 9 303 304 476 468 539 3307 0 1 0 32002 0 -1 0 0 0 32002 32002 0 0 0 0 0 0
WIT 9 -304 -272 -304 -312 -416 0 0 0 0 -304 0 -1 0 0 0 32002 32002 0 0 0 0 0 0
WIT 12 303 304 379 356 351 0 0 0 0 304 0 -1 0 0 0 32002 32002 0 0 0 0 0 4015
WIT 10 -304 -272 -304 -313 -379 0 0 0 0 -304 0 -1 0 0 0 32002 32002 0 0 0 0 0 0
WIT 13 303 304 323 311 468 0 0 0 0 32002 0 -1 0 0 0 32002 32002 0 0 0 0 0 0
WIT 12 303 304 456 433 410 0 0 0 0 385 0 -1 0 0 0 32002 32002 0 0 0 0 0 656
WIT 9 -304 -272 -304 -312 -456 0 0 1 0 -304 0 -1 0 0 0 32002 32002 0 0 0 0 0 0
WIT 13 303 304 410 398 522 3828 1 0 0 32002 0 -1 0 0 0 32002 32002 0 0 0 0 0 0
WIT 11 303 304 451 430 430 1765 0 0 0 32002 0 -1 0 0 0 32002 32002 0 0 0 0 0 0
WIT 9 303 304 439 431 439 1765 0 0 0 32002 0 -1 0 0 0 32002 32002 0 0 0 0 0 0
WIT 9 303 304 450 442 456 1765 0 0 0 32002 0 -1 0 0 0 32002 32002 0 0 0 0 0 0
WIT 10 -304 -272 -304 -313 -364 0 0 0 0 -304 0 -1 0 0 0 32002 32002 0 0 0 0 0 0
WIT 11 303 304 434 424 397 0 0 0 0 304 0 -1 0 0 0 32002 32002 0 0 0 0 0 3920
WIT 11 303 304 434 413 413 4015 0 0 0 32002 0 -1 0 0 0 32002 32002 0 0 0 0 0 0
WIT 11 303 304 486 465 451 0 0 0 0 308 0 -1 0 0 0 32002 32002 0 0 0 0 0 1738
WIT 10 -304 -272 -304 -313 -406 0 0 0 0 -304 0 -1 0 0 0 32002 32002 0 0 0 0 0 0
WIT 8 272 347 304 297 297 4015 0 0 1 336 1 1 42366 1 1 336 304 0 0 0 0 1 1738
WIT 7 335 336 439 433 439 1765 0 0 0 32002 0 -1 0 0 0 32002 32002 0 0 0 0 0 0
WIT 8 272 347 304 297 282 0 0 1 0 336 0 -1 0 0 0 32002 32002 0 0 0 0 0 3956
WIT 7 335 336 304 291 291 4015 0 0 1 336 0 -1 0 0 0 32002 32002 0 0 0 0 0 3920
WIT 6 -323 -322 -360 -365 -295 0 0 0 0 32002 0 -1 0 0 0 32002 32002 0 0 0 0 0 0
WIT 6 321 322 439 434 439 1765 0 0 0 32002 0 -1 0 0 0 32002 32002 0 0 0 0 0 0
WIT 9 -341 -311 -336 -344 -410 0 0 0 0 -322 0 -1 0 0 0 32002 32002 0 0 0 0 0 3446
WIT 7 321 322 336 323 360 4015 0 0 0 32002 0 -1 0 0 0 32002 32002 0 0 0 0 0 0

===========================
Total time (ms) : 18
Nodes searched  : 14134
Nodes/second    : 785222
