
Position: 1/1 (rn1qkb1r/ppp3pp/3pbn2/4p3/8/2NP1B2/PPPB1PPP/R2QK1NR b KQkq - 3 7)
WIT 6 -155 -154 -164 -169 -117 0 0 0 0 32002 0 -1 0 0 0 32002 32002 0 0 0 0 0 0
WIT 6 -142 -141 -164 -169 -116 0 0 0 0 32002 0 -1 0 0 0 32002 32002 0 0 0 0 0 0
WIT 6 -125 -124 -164 -169 -115 0 0 0 0 32002 0 -1 0 0 0 32002 32002 0 0 0 0 0 0
WIT 6 -102 -101 -164 -169 -114 0 0 0 0 -117 0 -1 0 0 0 32002 32002 0 0 0 0 0 0
WIT 6 127 128 133 128 128 3827 0 0 0 32002 0 -1 0 0 0 32002 32002 0 0 0 0 0 0
WIT 6 149 150 144 139 139 3947 0 0 1 150 0 -1 0 0 0 32002 32002 0 0 0 0 0 3690
WIT 6 158 159 150 145 185 3947 0 0 0 32002 0 -1 0 0 0 32002 32002 0 0 0 0 0 0
WIT 6 165 166 150 145 185 3947 0 0 0 32002 0 -1 0 0 0 32002 32002 0 0 0 0 0 0
WIT 6 165 166 167 162 166 3947 0 0 0 32002 0 -1 0 0 0 32002 32002 0 0 0 0 0 0
WIT 7 -163 -162 -108 -121 -124 0 0 0 0 -134 0 -1 0 0 0 32002 32002 0 0 0 0 0 1386
WIT 6 171 172 201 196 165 0 0 0 0 178 0 -1 0 0 0 32002 32002 0 0 0 0 0 53055
WIT 7 171 172 198 185 157 0 0 1 0 172 0 -1 0 0 0 32002 32002 0 0 0 0 0 3502
WIT 7 171 172 200 194 194 3690 0 0 0 32002 0 -1 0 0 0 32002 32002 0 0 0 0 0 0
WIT 7 171 172 185 179 173 0 0 0 0 172 0 -1 0 0 0 32002 32002 0 0 0 0 0 3690
WIT 6 171 172 368 363 340 0 0 0 0 172 0 -1 0 0 0 32002 32002 0 0 0 0 0 3690
WIT 6 -166 -165 -158 -163 -163 1358 0 0 0 32002 0 -1 0 0 0 32002 32002 0 0 0 0 0 0
WIT 6 -166 -165 -147 -152 -181 0 0 0 0 -160 0 -1 0 0 0 32002 32002 0 0 0 0 0 594
WIT 7 -166 -165 -159 -165 -184 0 0 0 0 -165 0 -1 0 0 0 32002 32002 0 0 0 0 0 49415
WIT 6 -166 -165 -155 -160 -156 391 0 0 0 32002 0 -1 0 0 0 32002 32002 0 0 0 0 0 0
WIT 6 -166 -165 -143 -148 -177 0 0 0 0 -132 0 -1 0 0 0 32002 32002 0 0 0 0 0 1379
WIT 8 -166 -165 -160 -167 -113 49415 0 0 0 32002 0 -1 0 0 0 32002 32002 0 0 0 0 0 0
WIT 7 165 179 173 167 160 0 0 0 0 165 0 -1 0 0 0 32002 32002 0 0 0 0 0 0
WIT 7 -166 -165 -130 -136 -125 49415 0 0 0 32002 0 -1 0 0 0 32002 32002 0 0 0 0 0 0
WIT 8 165 179 172 165 112 0 0 0 0 165 0 -1 0 0 0 32002 32002 0 0 0 0 0 0
WIT 11 -166 -165 -137 -158 -155 407 0 0 0 32002 0 -1 0 0 0 32002 32002 0 0 0 0 0 0
WIT 6 164 165 269 264 105 0 0 0 0 198 0 -1 0 0 0 32002 32002 0 0 0 0 0 3949
WIT 7 164 165 191 178 168 0 0 0 0 165 0 -1 0 0 0 32002 32002 0 0 0 0 0 3242
WIT 8 164 165 258 251 136 0 0 1 0 272 0 -1 0 0 0 32002 32002 0 0 0 0 0 2915
WIT 6 164 165 185 180 110 0 0 0 0 165 0 -1 0 0 0 32002 32002 0 0 0 0 0 53055
WIT 6 164 165 225 220 156 0 0 1 0 234 0 -1 0 0 0 32002 32002 0 0 0 0 0 3502
WIT 7 -165 -164 -128 -134 -597 0 0 0 0 -186 0 -1 0 0 0 32002 32002 0 0 0 0 0 0
WIT 8 -165 -156 -165 -172 -178 0 0 0 0 -165 0 -1 0 0 0 32002 32002 0 0 0 0 0 0
WIT 9 -165 -156 -165 -173 -287 0 0 0 0 -165 0 -1 0 0 0 32002 32002 0 0 0 0 0 0
WIT 8 164 165 200 193 186 0 0 0 0 165 0 -1 0 0 0 32002 32002 0 0 0 0 0 3690
WIT 7 405 406 464 458 1364 3811 1 0 0 32002 0 -1 0 0 0 32002 32002 0 0 0 0 0 0
WIT 9 164 165 181 173 252 0 0 0 0 32002 0 -1 0 0 0 32002 32002 0 0 0 0 0 0
WIT 8 164 165 172 157 113 0 0 0 0 237 0 -1 0 0 0 32002 32002 0 0 0 0 0 3690
WIT 7 164 165 200 194 194 3690 0 0 0 32002 0 -1 0 0 0 32002 32002 0 0 0 0 0 0
WIT 7 164 165 213 207 224 3827 0 0 0 32002 0 -1 0 0 0 32002 32002 0 0 0 0 0 0
WIT 6 164 165 188 183 249 3502 0 0 0 32002 0 -1 0 0 0 32002 32002 0 0 0 0 0 0
WIT 10 -165 -156 -165 -174 -180 0 0 0 0 -165 0 -1 0 0 0 32002 32002 0 0 0 0 0 0
WIT 8 176 177 165 150 177 53055 0 0 0 32002 0 -1 0 0 0 32002 32002 0 0 0 0 0 0
WIT 8 176 177 171 164 164 53055 0 0 1 177 0 -1 0 0 0 32002 32002 0 0 0 0 0 3690
WIT 7 176 177 166 160 99 0 0 1 0 177 0 -1 0 0 0 32002 32002 0 0 0 0 0 3502
WIT 7 176 177 182 176 189 3690 0 0 0 32002 0 -1 0 0 0 32002 32002 0 0 0 0 0 0
WIT 6 176 177 173 168 188 3690 0 0 0 32002 0 -1 0 0 0 32002 32002 0 0 0 0 0 0
WIT 6 176 177 168 163 140 0 0 0 0 178 0 -1 0 0 0 32002 32002 0 0 0 0 0 53055
WIT 7 156 177 165 159 161 3690 0 0 1 177 0 -1 0 0 0 32002 32002 0 0 0 0 0 3929
WIT 8 156 177 165 158 141 0 0 0 0 177 0 -1 0 0 0 32002 32002 0 0 0 0 0 2839
WIT 7 176 177 165 159 151 0 0 0 0 181 0 -1 0 0 0 32002 32002 0 0 0 0 0 53048
WIT 6 176 177 165 160 110 0 0 0 0 180 0 -1 0 0 0 32002 32002 0 0 0 0 0 3827
WIT 11 176 177 165 144 152 3827 0 0 1 177 0 -1 0 0 0 32002 32002 0 0 0 0 0 3690
WIT 10 176 177 165 146 133 0 0 1 0 177 0 -1 0 0 0 32002 32002 0 0 0 0 0 3502
WIT 10 176 177 237 228 212 0 0 0 0 185 0 -1 0 0 0 32002 32002 0 0 0 0 0 3827
WIT 9 176 177 250 242 296 3502 0 1 0 32002 0 -1 0 0 0 32002 32002 0 0 0 0 0 0
WIT 9 176 177 249 241 711 2851 1 0 0 32002 0 -1 0 0 0 32002 32002 0 0 0 0 0 0
WIT 10 176 177 229 210 164 0 0 0 0 177 0 -1 0 0 0 32002 32002 0 0 0 0 0 3690
WIT 11 176 177 413 403 738 2851 1 0 0 32002 0 -1 0 0 0 32002 32002 0 0 0 0 0 0
WIT 9 176 177 172 164 175 3827 0 0 1 177 0 -1 0 0 0 32002 32002 0 0 0 0 0 3690
WIT 7 176 177 231 225 238 3827 0 0 0 32002 0 -1 0 0 0 32002 32002 0 0 0 0 0 0
WIT 7 176 177 189 183 183 3827 0 0 0 32002 0 -1 0 0 0 32002 32002 0 0 0 0 0 0
WIT 7 176 177 186 180 180 3827 0 0 0 32002 0 -1 0 0 0 32002 32002 0 0 0 0 0 0
WIT 7 176 177 200 194 221 0 0 0 0 32002 0 -1 0 0 0 32002 32002 0 0 0 0 0 0
WIT 7 176 177 188 182 182 3827 0 0 0 32002 0 -1 0 0 0 32002 32002 0 0 0 0 0 0
WIT 7 176 177 172 159 159 3827 0 0 1 177 0 -1 0 0 0 32002 32002 0 0 0 0 0 3690
WIT 7 176 177 213 207 224 3827 0 0 0 32002 0 -1 0 0 0 32002 32002 0 0 0 0 0 0
WIT 7 192 193 165 152 177 53055 0 0 1 215 0 -1 0 0 0 32002 32002 0 0 0 0 0 3242
WIT 6 192 193 182 177 177 3690 0 0 1 215 0 -1 0 0 0 32002 32002 0 0 0 0 0 53055
WIT 7 192 193 181 175 424 1611 1 0 0 32002 0 -1 0 0 0 32002 32002 0 0 0 0 0 0
WIT 7 161 193 177 171 152 0 0 0 0 193 0 -1 0 0 0 32002 32002 0 0 0 0 0 2839
WIT 7 192 193 179 166 185 3567 0 0 1 193 0 -1 0 0 0 32002 32002 0 0 0 0 0 3827
WIT 11 192 193 177 156 171 3827 0 0 1 193 0 -1 0 0 0 32002 32002 0 0 0 0 0 3690
WIT 9 192 193 177 160 142 0 0 1 0 193 0 -1 0 0 0 32002 32002 0 0 0 0 0 3502
WIT 10 192 193 177 168 259 0 0 0 0 32002 0 -1 0 0 0 32002 32002 0 0 0 0 0 0
WIT 6 192 193 185 180 290 3502 0 1 0 32002 0 -1 0 0 0 32002 32002 0 0 0 0 0 0
WIT 11 192 193 184 163 163 3929 0 0 1 223 0 -1 0 0 0 32002 32002 0 0 0 0 0 3827
WIT 8 192 193 250 243 293 3502 0 1 0 32002 0 -1 0 0 0 32002 32002 0 0 0 0 0 0
WIT 9 192 193 249 241 711 2851 1 0 0 32002 0 -1 0 0 0 32002 32002 0 0 0 0 0 0
WIT 9 192 193 177 160 153 0 0 0 0 220 0 -1 0 0 0 32002 32002 0 0 0 0 0 3690
WIT 10 192 193 413 404 724 2851 1 0 0 32002 0 -1 0 0 0 32002 32002 0 0 0 0 0 0
WIT 7 192 193 231 225 238 3827 0 0 0 32002 0 -1 0 0 0 32002 32002 0 0 0 0 0 0
WIT 7 192 193 177 171 176 3827 0 0 1 199 0 -1 0 0 0 32002 32002 0 0 0 0 0 3690
WIT 6 192 193 189 184 200 3502 0 0 0 32002 0 -1 0 0 0 32002 32002 0 0 0 0 0 0
WIT 7 192 193 180 174 174 3242 0 0 1 193 0 -1 0 0 0 32002 32002 0 0 0 0 0 3690
WIT 6 192 193 186 181 181 3827 0 0 1 193 0 -1 0 0 0 32002 32002 0 0 0 0 0 3690
WIT 6 192 193 200 195 228 0 0 0 0 32002 0 -1 0 0 0 32002 32002 0 0 0 0 0 0
WIT 6 192 193 188 183 183 3242 0 0 1 276 0 -1 0 0 0 32002 32002 0 0 0 0 0 3690
WIT 6 -180 -179 -167 -172 -160 391 0 0 0 32002 0 -1 0 0 0 32002 32002 0 0 0 0 0 0
WIT 6 -180 -179 -160 -165 -119 49415 0 0 0 32002 0 -1 0 0 0 32002 32002 0 0 0 0 0 0
WIT 6 -180 -179 -108 -113 -129 0 0 0 0 -179 0 -1 0 0 0 32002 32002 0 0 0 0 0 49415
WIT 9 -180 -179 -120 -128 -114 49415 0 0 0 32002 0 -1 0 0 0 32002 32002 0 0 0 0 0 0
WIT 7 -180 -179 -116 -122 -99 49415 0 0 0 32002 0 -1 0 0 0 32002 32002 0 0 0 0 0 0
WIT 6 -180 -179 -123 -128 -56 1510 0 0 0 32002 0 -1 0 0 0 32002 32002 0 0 0 0 0 0
WIT 6 -180 -179 -96 -101 -16 1510 0 0 0 32002 0 -1 0 0 0 32002 32002 0 0 0 0 0 0
WIT 6 -180 -179 -138 -143 -69 1510 0 0 0 32002 0 -1 0 0 0 32002 32002 0 0 0 0 0 0
WIT 6 -180 -179 -101 -106 -28 1510 0 0 0 32002 0 -1 0 0 0 32002 32002 0 0 0 0 0 0
WIT 11 -180 -179 -137 -158 -155 407 0 0 0 32002 0 -1 0 0 0 32002 32002 0 0 0 0 0 0
WIT 9 -180 -179 -126 -134 -106 407 0 0 0 32002 0 -1 0 0 0 32002 32002 0 0 0 0 0 0
WIT 11 -180 -179 -152 -162 -368 0 0 0 0 -184 0 -1 0 0 0 32002 32002 0 0 0 0 0 0
WIT 9 -180 -179 -161 -169 -219 0 0 0 0 -166 0 -1 0 0 0 32002 32002 0 0 0 0 0 2508
WIT 10 -180 -179 -153 -172 -173 0 0 0 0 -183 0 -1 0 0 0 32002 32002 0 0 0 0 0 1383
WIT 10 -180 -179 -150 -159 -101 407 0 0 0 32002 0 -1 0 0 0 32002 32002 0 0 0 0 0 0
WIT 6 178 179 193 188 183 0 0 0 0 179 0 -1 0 0 0 32002 32002 0 0 0 0 0 3690
WIT 9 178 179 212 195 237 53055 0 0 0 32002 0 -1 0 0 0 32002 32002 0 0 0 0 0 0
WIT 7 -172 -171 -178 -184 -183 742 0 0 1 -190 1 1 -4092 1 1 -172 -177 0 0 0 0 31 0
WIT 8 178 179 229 222 436 1611 1 0 0 32002 0 -1 0 0 0 32002 32002 0 0 0 0 0 0
WIT 7 178 179 193 187 195 3690 0 0 0 32002 0 -1 0 0 0 32002 32002 0 0 0 0 0 0
WIT 8 178 179 212 205 205 53055 0 0 0 32002 0 -1 0 0 0 32002 32002 0 0 0 0 0 0
WIT 6 178 179 177 172 172 53055 0 0 1 193 0 -1 0 0 0 32002 32002 0 0 0 0 0 3690
WIT 7 178 179 193 180 150 0 0 1 0 179 0 -1 0 0 0 32002 32002 0 0 0 0 0 3502
WIT 7 178 179 211 205 205 3690 0 0 0 32002 0 -1 0 0 0 32002 32002 0 0 0 0 0 0
WIT 6 178 179 285 280 153 0 0 1 0 280 0 -1 0 0 0 32002 32002 0 0 0 0 0 2915
WIT 6 178 179 178 173 168 0 0 0 0 216 0 -1 0 0 0 32002 32002 0 0 0 0 0 1611
WIT 7 178 179 177 164 141 0 0 0 0 179 0 -1 0 0 0 32002 32002 0 0 0 0 0 53055
WIT 6 178 179 180 175 224 3690 0 0 0 32002 0 -1 0 0 0 32002 32002 0 0 0 0 0 0
WIT 6 178 179 226 221 271 3690 0 0 0 32002 0 -1 0 0 0 32002 32002 0 0 0 0 0 0
WIT 6 178 179 199 194 252 0 0 0 0 32002 0 -1 0 0 0 32002 32002 0 0 0 0 0 0
WIT 6 178 179 171 166 200 3690 0 0 0 32002 0 -1 0 0 0 32002 32002 0 0 0 0 0 0
WIT 6 178 179 186 181 215 3690 0 0 0 32002 0 -1 0 0 0 32002 32002 0 0 0 0 0 0
WIT 6 178 179 165 160 218 3690 0 0 0 32002 0 -1 0 0 0 32002 32002 0 0 0 0 0 0
WIT 7 -179 -171 -179 -185 -193 0 0 0 0 -179 0 -1 0 0 0 32002 32002 0 0 0 0 0 0
WIT 8 -179 -171 -179 -186 -207 0 0 0 0 -179 0 -1 0 0 0 32002 32002 0 0 0 0 0 0
WIT 10 178 179 413 404 724 2851 1 0 0 32002 0 -1 0 0 0 32002 32002 0 0 0 0 0 0
WIT 7 178 179 193 187 214 3242 0 0 0 32002 0 -1 0 0 0 32002 32002 0 0 0 0 0 0
WIT 7 178 179 198 192 192 3827 0 0 0 32002 0 -1 0 0 0 32002 32002 0 0 0 0 0 0
WIT 6 178 179 200 195 227 0 0 0 0 32002 0 -1 0 0 0 32002 32002 0 0 0 0 0 0
WIT 6 178 179 264 259 267 3947 0 0 0 32002 0 -1 0 0 0 32002 32002 0 0 0 0 0 0
WIT 9 -179 -171 -179 -187 -204 0 0 0 0 -179 0 -1 0 0 0 32002 32002 0 0 0 0 0 0
WIT 6 188 189 205 200 112 0 0 1 0 225 0 -1 0 0 0 32002 32002 0 0 0 0 0 3502
WIT 7 -189 -188 -160 -166 -270 0 0 0 0 -156 0 -1 0 0 0 32002 32002 0 0 0 0 0 231
WIT 7 188 189 181 168 153 0 0 0 0 161 0 -1 0 0 0 32002 32002 0 0 0 0 0 0
WIT 8 188 189 233 226 226 1618 1 0 0 32002 0 -1 0 0 0 32002 32002 0 0 0 0 0 0
WIT 10 188 189 347 338 280 0 0 0 0 378 0 -1 0 0 0 32002 32002 0 0 0 0 0 1611
WIT 9 188 189 267 250 112 0 0 1 0 206 0 -1 0 0 0 32002 32002 0 0 0 0 0 2915
WIT 8 188 189 211 196 174 0 0 0 0 335 0 -1 0 0 0 32002 32002 0 0 0 0 0 1611
WIT 7 188 189 179 166 143 0 0 0 0 204 0 -1 0 0 0 32002 32002 0 0 0 0 0 53055
WIT 7 188 189 229 223 436 1611 1 0 0 32002 0 -1 0 0 0 32002 32002 0 0 0 0 0 0
WIT 7 171 189 179 173 141 0 0 0 0 189 0 -1 0 0 0 32002 32002 0 0 0 0 0 2839
WIT 10 188 189 413 404 724 2851 1 0 0 32002 0 -1 0 0 0 32002 32002 0 0 0 0 0 0
WIT 9 188 189 264 256 256 3938 0 0 0 32002 0 -1 0 0 0 32002 32002 0 0 0 0 0 0
WIT 7 188 189 231 225 238 3827 0 0 0 32002 0 -1 0 0 0 32002 32002 0 0 0 0 0 0
WIT 6 188 189 193 188 188 3827 0 0 1 193 0 -1 0 0 0 32002 32002 0 0 0 0 0 3690
WIT 7 188 189 198 192 192 3827 0 0 0 32002 0 -1 0 0 0 32002 32002 0 0 0 0 0 0
WIT 7 188 189 193 187 214 3242 0 0 0 32002 0 -1 0 0 0 32002 32002 0 0 0 0 0 0
WIT 6 188 189 200 195 231 0 0 0 0 32002 0 -1 0 0 0 32002 32002 0 0 0 0 0 0
WIT 8 201 202 205 190 190 3827 0 0 1 206 0 -1 0 0 0 32002 32002 0 0 0 0 0 3690
WIT 7 201 202 191 178 153 0 0 1 0 202 0 -1 0 0 0 32002 32002 0 0 0 0 0 3502
WIT 9 201 202 413 405 725 2851 1 0 0 32002 0 -1 0 0 0 32002 32002 0 0 0 0 0 0
WIT 7 201 202 231 225 238 3827 0 0 0 32002 0 -1 0 0 0 32002 32002 0 0 0 0 0 0
WIT 7 201 202 264 258 291 3827 0 0 0 32002 0 -1 0 0 0 32002 32002 0 0 0 0 0 0
WIT 6 201 202 198 193 207 3827 0 0 0 32002 0 -1 0 0 0 32002 32002 0 0 0 0 0 0
WIT 6 201 202 193 188 211 3242 0 0 0 32002 0 -1 0 0 0 32002 32002 0 0 0 0 0 0
WIT 8 218 219 205 190 190 3827 0 0 1 267 0 -1 0 0 0 32002 32002 0 0 0 0 0 3690
WIT 7 218 219 202 189 161 0 0 1 0 219 0 -1 0 0 0 32002 32002 0 0 0 0 0 3502
WIT 7 218 219 264 258 291 3827 0 0 0 32002 0 -1 0 0 0 32002 32002 0 0 0 0 0 0
WIT 6 215 216 219 214 216 3690 0 0 0 32002 0 -1 0 0 0 32002 32002 0 0 0 0 0 0
WIT 8 215 216 210 203 204 1618 1 0 0 221 0 -1 0 0 0 32002 32002 0 0 0 0 0 2915
WIT 6 215 216 229 224 413 1611 1 0 0 32002 0 -1 0 0 0 32002 32002 0 0 0 0 0 0
WIT 11 215 216 261 240 267 3567 0 0 0 32002 0 -1 0 0 0 32002 32002 0 0 0 0 0 0
WIT 10 215 216 219 200 168 0 0 1 0 219 0 -1 0 0 0 32002 32002 0 0 0 0 0 3502
WIT 11 215 216 413 403 521 2851 1 0 0 32002 0 -1 0 0 0 32002 32002 0 0 0 0 0 0
WIT 8 215 216 231 224 237 3827 0 0 0 32002 0 -1 0 0 0 32002 32002 0 0 0 0 0 0
WIT 6 215 216 189 184 207 3502 0 0 1 216 0 -1 0 0 0 32002 32002 0 0 0 0 0 3690
WIT 6 215 216 192 187 187 3502 0 0 1 216 0 -1 0 0 0 32002 32002 0 0 0 0 0 3690
WIT 7 215 216 219 213 213 3827 0 0 1 216 0 -1 0 0 0 32002 32002 0 0 0 0 0 3690
WIT 6 215 216 219 214 250 0 0 0 0 32002 0 -1 0 0 0 32002 32002 0 0 0 0 0 0
WIT 6 215 216 193 188 211 3242 0 0 1 216 0 -1 0 0 0 32002 32002 0 0 0 0 0 3690
WIT 6 215 216 264 259 233 0 0 0 0 216 0 -1 0 0 0 32002 32002 0 0 0 0 0 3690
WIT 6 215 216 213 208 222 3827 0 0 0 32002 0 -1 0 0 0 32002 32002 0 0 0 0 0 0
WIT 6 224 225 219 214 216 3690 0 0 1 225 0 -1 0 0 0 32002 32002 0 0 0 0 0 53055
WIT 7 224 225 223 210 189 0 0 0 0 234 0 -1 0 0 0 32002 32002 0 0 0 0 0 3242
WIT 8 224 225 226 219 103 0 0 1 0 322 0 -1 0 0 0 32002 32002 0 0 0 0 0 2915
WIT 6 224 225 255 250 249 0 0 0 0 269 0 -1 0 0 0 32002 32002 0 0 0 0 0 3690
WIT 7 224 225 184 171 171 4031 0 0 1 222 1 1 18374 1 1 224 215 0 0 0 0 4 0
WIT 7 224 225 239 226 211 0 0 0 0 205 0 -1 0 0 0 32002 32002 0 0 0 0 0 0
WIT 7 -225 -224 -167 -173 -167 528 0 0 0 32002 0 -1 0 0 0 32002 32002 0 0 0 0 0 0
WIT 8 224 225 216 201 167 0 0 0 0 222 0 -1 0 0 0 32002 32002 0 0 0 0 0 0
WIT 8 224 225 220 213 215 1618 1 0 0 227 0 -1 0 0 0 32002 32002 0 0 0 0 0 2915
WIT 7 224 225 229 223 436 1611 1 0 0 32002 0 -1 0 0 0 32002 32002 0 0 0 0 0 0
WIT 6 224 225 221 216 242 3690 0 0 0 32002 0 -1 0 0 0 32002 32002 0 0 0 0 0 0
WIT 6 224 225 221 216 246 3690 0 0 0 32002 0 -1 0 0 0 32002 32002 0 0 0 0 0 0
WIT 6 224 225 240 235 278 0 0 0 0 32002 0 -1 0 0 0 32002 32002 0 0 0 0 0 0
WIT 6 224 225 226 221 271 3690 0 0 0 32002 0 -1 0 0 0 32002 32002 0 0 0 0 0 0
WIT 6 224 225 224 219 210 0 0 0 0 225 0 -1 0 0 0 32002 32002 0 0 0 0 0 53055
WIT 6 224 225 220 215 239 3690 0 0 0 32002 0 -1 0 0 0 32002 32002 0 0 0 0 0 0
WIT 6 224 225 221 216 234 3690 0 0 0 32002 0 -1 0 0 0 32002 32002 0 0 0 0 0 0
WIT 6 224 225 241 236 252 3690 0 0 0 32002 0 -1 0 0 0 32002 32002 0 0 0 0 0 0
WIT 6 224 225 221 216 259 3690 0 0 0 32002 0 -1 0 0 0 32002 32002 0 0 0 0 0 0
WIT 6 224 225 216 211 243 3690 0 0 0 32002 0 -1 0 0 0 32002 32002 0 0 0 0 0 0
WIT 7 207 225 216 210 210 3242 0 0 1 225 0 -1 0 0 0 32002 32002 0 0 0 0 0 3929
WIT 8 207 225 216 209 141 0 0 0 0 225 0 -1 0 0 0 32002 32002 0 0 0 0 0 2839
WIT 11 224 225 261 240 240 3567 0 0 0 32002 0 -1 0 0 0 32002 32002 0 0 0 0 0 0
WIT 10 224 225 218 199 168 0 0 1 0 225 0 -1 0 0 0 32002 32002 0 0 0 0 0 3502
WIT 11 224 225 413 403 521 2851 1 0 0 32002 0 -1 0 0 0 32002 32002 0 0 0 0 0 0
WIT 9 224 225 216 199 212 3938 0 0 1 290 0 -1 0 0 0 32002 32002 0 0 0 0 0 3690
WIT 9 224 225 177 169 264 0 0 0 0 32002 0 -1 0 0 0 32002 32002 0 0 0 0 0 0
WIT 9 224 225 250 242 296 3502 0 1 0 32002 0 -1 0 0 0 32002 32002 0 0 0 0 0 0
WIT 9 224 225 220 203 203 3929 0 0 1 269 0 -1 0 0 0 32002 32002 0 0 0 0 0 3827
WIT 7 224 225 249 243 682 2851 1 0 0 32002 0 -1 0 0 0 32002 32002 0 0 0 0 0 0
WIT 8 224 225 217 202 153 0 0 0 0 264 0 -1 0 0 0 32002 32002 0 0 0 0 0 3690
WIT 8 224 225 216 209 230 3502 0 0 0 32002 0 -1 0 0 0 32002 32002 0 0 0 0 0 0
WIT 8 224 225 231 224 237 3827 0 0 0 32002 0 -1 0 0 0 32002 32002 0 0 0 0 0 0
WIT 8 224 225 216 209 219 3242 0 0 1 227 0 -1 0 0 0 32002 32002 0 0 0 0 0 3690
WIT 7 224 225 216 210 216 3502 0 0 1 225 0 -1 0 0 0 32002 32002 0 0 0 0 0 3690
WIT 7 224 225 216 210 212 3827 0 0 1 225 0 -1 0 0 0 32002 32002 0 0 0 0 0 3690
WIT 7 224 225 219 213 213 3690 0 0 1 225 0 -1 0 0 0 32002 32002 0 0 0 0 0 2331
WIT 7 224 225 260 254 254 3929 0 0 0 32002 0 -1 0 0 0 32002 32002 0 0 0 0 0 0
WIT 7 224 225 289 283 301 3827 0 0 0 32002 0 -1 0 0 0 32002 32002 0 0 0 0 0 0
WIT 7 224 225 401 388 388 3827 0 0 0 32002 0 -1 0 0 0 32002 32002 0 0 0 0 0 0
WIT 7 224 225 213 207 224 3827 0 0 1 227 0 -1 0 0 0 32002 32002 0 0 0 0 0 3690
WIT 7 236 237 225 212 167 0 0 0 0 222 0 -1 0 0 0 32002 32002 0 0 0 0 0 0
WIT 7 213 237 225 219 141 0 0 0 0 237 0 -1 0 0 0 32002 32002 0 0 0 0 0 2839
WIT 10 236 237 261 242 250 3567 0 0 0 32002 0 -1 0 0 0 32002 32002 0 0 0 0 0 0
WIT 9 236 237 225 208 174 0 0 1 0 237 0 -1 0 0 0 32002 32002 0 0 0 0 0 3502
WIT 10 236 237 177 168 266 0 0 0 0 32002 0 -1 0 0 0 32002 32002 0 0 0 0 0 0
WIT 8 236 237 250 243 293 3502 0 1 0 32002 0 -1 0 0 0 32002 32002 0 0 0 0 0 0
WIT 9 236 237 264 247 247 3947 0 0 0 32002 0 -1 0 0 0 32002 32002 0 0 0 0 0 0
WIT 7 236 237 249 243 682 2851 1 0 0 32002 0 -1 0 0 0 32002 32002 0 0 0 0 0 0
WIT 9 236 237 260 243 226 0 0 0 0 247 0 -1 0 0 0 32002 32002 0 0 0 0 0 3690
WIT 10 236 237 413 404 516 2851 1 0 0 32002 0 -1 0 0 0 32002 32002 0 0 0 0 0 0
WIT 8 236 237 231 224 237 3827 0 0 0 32002 0 -1 0 0 0 32002 32002 0 0 0 0 0 0
WIT 7 236 237 226 220 222 3242 0 0 1 235 1 1 4156 1 1 236 273 0 0 0 0 32 3242
WIT 7 236 237 225 219 219 3502 0 0 1 237 0 -1 0 0 0 32002 32002 0 0 0 0 0 3690
WIT 7 236 237 232 226 250 3502 0 0 0 32002 0 -1 0 0 0 32002 32002 0 0 0 0 0 0
WIT 7 236 237 216 210 230 3502 0 0 1 237 0 -1 0 0 0 32002 32002 0 0 0 0 0 3690
WIT 7 236 237 225 219 221 3827 0 0 1 237 0 -1 0 0 0 32002 32002 0 0 0 0 0 3690
WIT 6 236 237 225 220 247 0 0 0 0 32002 0 -1 0 0 0 32002 32002 0 0 0 0 0 0
WIT 6 236 237 225 220 220 3502 0 0 1 237 0 -1 0 0 0 32002 32002 0 0 0 0 0 3690
WIT 6 236 237 225 220 292 3242 0 0 0 32002 0 -1 0 0 0 32002 32002 0 0 0 0 0 0
WIT 6 236 237 260 255 252 0 0 0 0 237 0 -1 0 0 0 32002 32002 0 0 0 0 0 3690
WIT 6 236 237 226 221 213 0 0 0 0 237 0 -1 0 0 0 32002 32002 0 0 0 0 0 3690
WIT 6 236 237 289 284 299 3827 0 0 0 32002 0 -1 0 0 0 32002 32002 0 0 0 0 0 0
WIT 9 252 253 261 244 250 3567 0 0 1 251 1 1 12813 1 1 252 251 0 0 0 0 11 0
WIT 8 252 253 237 222 183 0 0 1 0 251 0 -1 0 0 0 32002 32002 0 0 0 0 0 0
WIT 9 252 253 250 242 296 3502 0 1 0 32002 0 -1 0 0 0 32002 32002 0 0 0 0 0 0
WIT 9 252 253 177 169 264 0 0 0 0 32002 0 -1 0 0 0 32002 32002 0 0 0 0 0 0
WIT 10 252 253 264 245 246 3947 0 0 1 286 0 -1 0 0 0 32002 32002 0 0 0 0 0 3827
WIT 7 252 253 249 243 682 2851 1 0 0 32002 0 -1 0 0 0 32002 32002 0 0 0 0 0 0
WIT 8 252 253 246 231 219 0 0 0 0 264 0 -1 0 0 0 32002 32002 0 0 0 0 0 3690
WIT 9 252 253 413 405 517 2851 1 0 0 32002 0 -1 0 0 0 32002 32002 0 0 0 0 0 0
WIT 6 252 253 231 226 236 3827 0 0 1 253 0 -1 0 0 0 32002 32002 0 0 0 0 0 3690
WIT 6 252 253 237 232 240 3567 0 0 1 249 1 1 6627 1 1 252 249 0 0 0 0 1 0
WIT 6 252 253 232 227 248 3502 0 0 1 290 0 -1 0 0 0 32002 32002 0 0 0 0 0 3690
WIT 6 252 253 237 232 226 0 0 0 0 286 0 -1 0 0 0 32002 32002 0 0 0 0 0 3690
WIT 6 252 253 225 220 214 0 0 0 0 258 0 -1 0 0 0 32002 32002 0 0 0 0 0 3690
WIT 10 -274 -273 -251 -270 -382 0 0 0 0 -276 0 -1 0 0 0 32002 32002 0 0 0 0 0 0
WIT 8 273 274 261 246 190 0 0 1 0 276 0 -1 0 0 0 32002 32002 0 0 0 0 0 3502
WIT 7 273 274 259 246 246 3947 0 0 1 274 0 -1 0 0 0 32002 32002 0 0 0 0 0 3690
WIT 6 273 274 237 232 233 3827 0 0 1 274 0 -1 0 0 0 32002 32002 0 0 0 0 0 3690
WIT 6 273 274 284 279 287 3827 0 0 0 32002 0 -1 0 0 0 32002 32002 0 0 0 0 0 0
WIT 6 273 274 253 248 248 3242 0 0 1 274 0 -1 0 0 0 32002 32002 0 0 0 0 0 3690
WIT 6 273 274 253 248 251 3827 0 0 1 274 0 -1 0 0 0 32002 32002 0 0 0 0 0 3690
WIT 6 273 274 273 268 268 3947 0 0 1 278 0 -1 0 0 0 32002 32002 0 0 0 0 0 3690
WIT 7 273 274 273 267 243 0 0 0 0 352 0 -1 0 0 0 32002 32002 0 0 0 0 0 3821
WIT 6 273 274 268 263 259 0 0 0 0 251 0 -1 0 0 0 32002 32002 0 0 0 0 0 0
WIT 7 -233 -232 -241 -247 -276 0 0 0 0 -241 0 -1 0 0 0 32002 32002 0 0 0 0 0 0
WIT 7 273 274 253 247 247 2331 1 0 0 274 0 -1 0 0 0 32002 32002 0 0 0 0 0 3690
WIT 6 273 274 237 232 232 3567 0 0 1 274 0 -1 0 0 0 32002 32002 0 0 0 0 0 3690
WIT 6 273 274 237 232 225 0 0 0 0 274 0 -1 0 0 0 32002 32002 0 0 0 0 0 3690
WIT 6 273 274 289 284 317 3567 0 0 0 32002 0 -1 0 0 0 32002 32002 0 0 0 0 0 0
WIT 8 301 302 276 261 276 3567 0 0 1 302 0 -1 0 0 0 32002 32002 0 0 0 0 0 3690
WIT 7 301 302 275 262 208 0 0 1 0 302 0 -1 0 0 0 32002 32002 0 0 0 0 0 3502
WIT 7 301 302 279 266 265 0 0 0 0 302 0 -1 0 0 0 32002 32002 0 0 0 0 0 3690

===========================
Total time (ms) : 14
Nodes searched  : 11370
Nodes/second    : 812142
