
Position: 1/1 (rnbq1rk1/ppp2ppp/3p1n2/3Pp3/4P3/P1N4P/1PP2PP1/R1BQKB1R b KQ - 0 8)
WIT 7 290 291 281 275 301 166 0 0 0 32002 0 -1 0 0 0 32002 32002 0 0 0 0 0 0
WIT 7 318 319 281 275 301 166 0 0 1 329 0 -1 0 0 0 32002 32002 0 0 0 0 0 926
WIT 7 356 357 327 321 331 166 0 0 1 357 0 -1 0 0 0 32002 32002 0 0 0 0 0 926
WIT 6 -322 -321 -213 -218 -265 0 0 0 0 -321 0 -1 0 0 0 32002 32002 0 0 0 0 0 2723
WIT 7 -306 -305 -321 -334 -328 3690 1 0 0 -262 0 -1 0 0 0 32002 32002 0 0 0 0 0 3178
WIT 7 353 354 352 339 321 0 0 0 0 362 0 -1 0 0 0 32002 32002 0 0 0 0 0 1187
WIT 6 353 354 496 491 369 0 0 0 0 508 0 -1 0 0 0 32002 32002 0 0 0 0 0 235
WIT 6 353 354 438 433 385 0 0 0 0 375 0 -1 0 0 0 32002 32002 0 0 0 0 0 2282
WIT 6 -327 -326 -353 -358 -356 3699 0 0 1 -326 0 -1 0 0 0 32002 32002 0 0 0 0 0 3567
WIT 8 353 354 353 346 346 213 0 0 1 358 0 -1 0 0 0 32002 32002 0 0 0 0 0 926
WIT 7 353 354 375 369 368 0 0 0 0 372 0 -1 0 0 0 32002 32002 0 0 0 0 0 926
WIT 8 353 354 341 334 334 166 0 0 1 363 0 -1 0 0 0 32002 32002 0 0 0 0 0 926
WIT 6 353 354 376 371 371 166 0 0 0 32002 0 -1 0 0 0 32002 32002 0 0 0 0 0 0
WIT 6 353 354 363 358 358 166 0 0 0 32002 0 -1 0 0 0 32002 32002 0 0 0 0 0 0
WIT 6 353 354 382 377 377 166 0 0 0 32002 0 -1 0 0 0 32002 32002 0 0 0 0 0 0
WIT 6 353 354 361 356 356 166 0 0 0 32002 0 -1 0 0 0 32002 32002 0 0 0 0 0 0
WIT 6 353 354 378 373 407 148 0 0 0 32002 0 -1 0 0 0 32002 32002 0 0 0 0 0 0
WIT 7 353 354 364 358 357 0 0 0 0 372 0 -1 0 0 0 32002 32002 0 0 0 0 0 926
WIT 6 353 354 407 402 412 926 0 0 0 32002 0 -1 0 0 0 32002 32002 0 0 0 0 0 0
WIT 6 353 354 365 360 360 148 0 0 0 32002 0 -1 0 0 0 32002 32002 0 0 0 0 0 0
WIT 6 353 354 366 361 361 148 0 0 0 32002 0 -1 0 0 0 32002 32002 0 0 0 0 0 0
WIT 6 353 354 361 356 356 166 0 0 0 32002 0 -1 0 0 0 32002 32002 0 0 0 0 0 0
WIT 7 353 354 356 350 367 166 0 0 0 32002 0 -1 0 0 0 32002 32002 0 0 0 0 0 0
WIT 7 391 392 407 394 459 2443 0 1 0 32002 0 -1 0 0 0 32002 32002 0 0 0 0 0 0
WIT 7 391 392 362 356 355 0 0 0 0 392 0 -1 0 0 0 32002 32002 0 0 0 0 0 213
WIT 7 391 392 361 348 324 0 0 0 0 392 0 -1 0 0 0 32002 32002 0 0 0 0 0 1187
WIT 8 -355 -354 -302 -317 -338 0 0 0 0 -348 0 -1 0 0 0 32002 32002 0 0 0 0 0 2723
WIT 8 -355 -354 -290 -297 -293 3699 0 0 0 32002 0 -1 0 0 0 32002 32002 0 0 0 0 0 0
WIT 7 -355 -354 -300 -306 -314 0 0 0 0 -294 0 -1 0 0 0 32002 32002 0 0 0 0 0 2723
WIT 6 -355 -354 -273 -278 -295 0 0 0 0 -328 0 -1 0 0 0 32002 32002 0 0 0 0 0 2723
WIT 6 -355 -354 -299 -304 -294 0 0 0 0 32002 0 -1 0 0 0 32002 32002 0 0 0 0 0 0
WIT 6 -355 -354 -265 -270 -265 0 0 0 0 32002 0 -1 0 0 0 32002 32002 0 0 0 0 0 0
WIT 8 363 364 464 457 397 0 0 0 0 420 0 -1 0 0 0 32002 32002 0 0 0 0 0 2282
WIT 7 363 364 402 389 355 0 0 0 0 351 0 -1 0 0 0 32002 32002 0 0 0 0 0 0
WIT 8 -333 -332 -267 -282 -263 3690 1 0 0 32002 0 -1 0 0 0 32002 32002 0 0 0 0 0 0
WIT 7 -333 -332 -334 -347 -339 3699 0 0 1 -332 0 -1 0 0 0 32002 32002 0 0 0 0 0 2940
WIT 7 -333 -332 -348 -361 -367 0 0 0 0 -332 0 -1 0 0 0 32002 32002 0 0 0 0 0 2723
WIT 7 -333 -332 -290 -296 -290 0 0 0 0 32002 0 -1 0 0 0 32002 32002 0 0 0 0 0 0
WIT 7 -317 -316 -267 -280 -262 3690 1 0 0 32002 0 -1 0 0 0 32002 32002 0 0 0 0 0 0
WIT 7 -317 -316 -332 -345 -339 3699 0 0 1 -307 0 -1 0 0 0 32002 32002 0 0 0 0 0 2940
WIT 7 -317 -316 -332 -345 -356 0 0 0 0 -315 0 -1 0 0 0 32002 32002 0 0 0 0 0 2723
WIT 6 -317 -316 -290 -295 -288 0 0 0 0 32002 0 -1 0 0 0 32002 32002 0 0 0 0 0 0
WIT 8 339 340 313 298 298 2463 0 0 1 339 1 1 8636 1 1 339 340 0 0 0 0 55 2463
WIT 7 339 340 376 370 385 166 0 0 0 32002 0 -1 0 0 0 32002 32002 0 0 0 0 0 0
WIT 9 339 340 382 374 402 148 0 0 0 32002 0 -1 0 0 0 32002 32002 0 0 0 0 0 0
WIT 8 339 340 370 355 351 0 0 0 0 340 0 -1 0 0 0 32002 32002 0 0 0 0 0 926
WIT 7 339 340 363 357 366 148 0 0 0 32002 0 -1 0 0 0 32002 32002 0 0 0 0 0 0
WIT 6 339 340 382 377 377 166 0 0 0 32002 0 -1 0 0 0 32002 32002 0 0 0 0 0 0
WIT 6 339 340 361 356 356 166 0 0 0 32002 0 -1 0 0 0 32002 32002 0 0 0 0 0 0
WIT 6 339 340 397 392 392 166 0 0 0 32002 0 -1 0 0 0 32002 32002 0 0 0 0 0 0
WIT 6 339 340 378 373 396 148 0 0 0 32002 0 -1 0 0 0 32002 32002 0 0 0 0 0 0
WIT 6 339 340 407 402 412 926 0 0 0 32002 0 -1 0 0 0 32002 32002 0 0 0 0 0 0
WIT 8 339 340 362 355 355 148 0 0 0 32002 0 -1 0 0 0 32002 32002 0 0 0 0 0 0
WIT 6 339 340 365 360 425 148 0 0 0 32002 0 -1 0 0 0 32002 32002 0 0 0 0 0 0
WIT 6 339 340 361 356 356 148 0 0 0 32002 0 -1 0 0 0 32002 32002 0 0 0 0 0 0
WIT 6 339 340 366 361 361 166 0 0 0 32002 0 -1 0 0 0 32002 32002 0 0 0 0 0 0
WIT 6 339 340 356 351 351 166 0 0 0 32002 0 -1 0 0 0 32002 32002 0 0 0 0 0 0
WIT 8 354 355 340 325 341 213 0 0 1 355 0 -1 0 0 0 32002 32002 0 0 0 0 0 2463
WIT 6 354 355 350 345 387 0 0 0 0 32002 0 -1 0 0 0 32002 32002 0 0 0 0 0 0
WIT 6 354 355 365 360 391 0 0 0 0 32002 0 -1 0 0 0 32002 32002 0 0 0 0 0 0
WIT 7 354 355 350 344 371 0 0 0 0 32002 0 -1 0 0 0 32002 32002 0 0 0 0 0 0
WIT 7 354 355 372 359 338 0 0 0 0 375 0 -1 0 0 0 32002 32002 0 0 0 0 0 2282
WIT 6 354 355 360 355 393 0 0 0 0 32002 0 -1 0 0 0 32002 32002 0 0 0 0 0 0
WIT 7 340 355 340 334 317 0 0 0 0 355 0 -1 0 0 0 32002 32002 0 0 0 0 0 166
WIT 9 354 355 370 353 352 0 0 0 0 360 0 -1 0 0 0 32002 32002 0 0 0 0 0 926
WIT 8 354 355 376 369 384 166 0 0 0 32002 0 -1 0 0 0 32002 32002 0 0 0 0 0 0
WIT 8 354 355 356 349 349 166 0 0 1 363 0 -1 0 0 0 32002 32002 0 0 0 0 0 926
WIT 8 354 355 363 356 365 148 0 0 0 32002 0 -1 0 0 0 32002 32002 0 0 0 0 0 0
WIT 8 354 355 382 375 402 148 0 0 0 32002 0 -1 0 0 0 32002 32002 0 0 0 0 0 0
WIT 8 354 355 361 354 360 332 0 0 0 32002 0 -1 0 0 0 32002 32002 0 0 0 0 0 0
WIT 8 354 355 397 390 420 332 0 0 0 32002 0 -1 0 0 0 32002 32002 0 0 0 0 0 0
WIT 8 354 355 378 371 401 148 0 0 0 32002 0 -1 0 0 0 32002 32002 0 0 0 0 0 0
WIT 8 354 355 407 400 409 926 0 0 0 32002 0 -1 0 0 0 32002 32002 0 0 0 0 0 0
WIT 9 354 355 362 354 354 148 0 0 1 362 0 -1 0 0 0 32002 32002 0 0 0 0 0 926
WIT 8 354 355 340 325 325 166 0 0 1 355 0 -1 0 0 0 32002 32002 0 0 0 0 0 926
WIT 8 354 355 357 350 349 0 0 0 0 360 0 -1 0 0 0 32002 32002 0 0 0 0 0 926
WIT 8 354 355 361 354 370 148 0 0 0 32002 0 -1 0 0 0 32002 32002 0 0 0 0 0 0
WIT 8 354 355 366 359 382 346 0 0 0 32002 0 -1 0 0 0 32002 32002 0 0 0 0 0 0
WIT 7 374 375 355 349 349 213 0 0 1 375 0 -1 0 0 0 32002 32002 0 0 0 0 0 926
WIT 6 -356 -355 -258 -263 -261 0 0 0 0 32002 0 -1 0 0 0 32002 32002 0 0 0 0 0 0
WIT 6 -356 -355 -273 -278 -481 0 0 0 0 -290 0 -1 0 0 0 32002 32002 0 0 0 0 0 3821
WIT 6 -356 -355 -280 -285 147 3503 1 0 0 32002 0 -1 0 0 0 32002 32002 0 0 0 0 0 0
WIT 10 -356 -355 -267 -286 -286 3690 1 0 0 32002 0 -1 0 0 0 32002 32002 0 0 0 0 0 0
WIT 8 -356 -355 -315 -330 -359 0 0 0 0 -315 0 -1 0 0 0 32002 32002 0 0 0 0 0 2723
WIT 6 -356 -355 -283 -288 -281 3567 0 0 0 32002 0 -1 0 0 0 32002 32002 0 0 0 0 0 0
WIT 7 -356 -355 -288 -301 -313 0 0 0 0 -328 0 -1 0 0 0 32002 32002 0 0 0 0 0 2723
WIT 7 -356 -355 -301 -307 -285 0 0 0 0 32002 0 -1 0 0 0 32002 32002 0 0 0 0 0 0
WIT 6 -356 -355 -266 -271 -255 0 0 0 0 32002 0 -1 0 0 0 32002 32002 0 0 0 0 0 0
WIT 7 -356 -355 -290 -296 -280 0 0 0 0 32002 0 -1 0 0 0 32002 32002 0 0 0 0 0 0
WIT 6 -356 -355 -312 -317 -289 0 0 0 0 32002 0 -1 0 0 0 32002 32002 0 0 0 0 0 0
WIT 7 355 375 355 349 316 0 0 0 0 355 0 -1 0 0 0 32002 32002 0 0 0 0 0 0
WIT 6 -329 -328 -258 -263 -251 0 0 0 0 32002 0 -1 0 0 0 32002 32002 0 0 0 0 0 0
WIT 8 -329 -328 -267 -282 -282 3690 1 0 0 32002 0 -1 0 0 0 32002 32002 0 0 0 0 0 0
WIT 7 -329 -328 -317 -323 -258 0 0 0 0 32002 0 -1 0 0 0 32002 32002 0 0 0 0 0 0
WIT 7 -329 -328 -331 -344 -352 0 0 0 0 -328 0 -1 0 0 0 32002 32002 0 0 0 0 0 2723
WIT 6 -329 -328 -355 -360 -344 3699 0 0 1 -307 0 -1 0 0 0 32002 32002 0 0 0 0 0 2940
WIT 7 -329 -328 -355 -368 -369 0 0 0 0 -319 0 -1 0 0 0 32002 32002 0 0 0 0 0 2723
WIT 6 -329 -328 -301 -306 -291 0 0 0 0 32002 0 -1 0 0 0 32002 32002 0 0 0 0 0 0
WIT 7 -293 -292 -267 -280 -280 3690 1 0 0 32002 0 -1 0 0 0 32002 32002 0 0 0 0 0 0
WIT 8 -288 -287 -242 -257 -257 3178 1 0 0 32002 0 -1 0 0 0 32002 32002 0 0 0 0 0 0
WIT 6 -275 -274 -262 -267 -225 0 0 0 0 32002 0 -1 0 0 0 32002 32002 0 0 0 0 0 0
WIT 8 -275 -274 -242 -257 -257 3178 1 0 0 32002 0 -1 0 0 0 32002 32002 0 0 0 0 0 0
WIT 9 -275 -274 -275 -292 -375 0 0 0 0 -274 0 -1 0 0 0 32002 32002 0 0 0 0 0 3494
WIT 8 -275 -274 -259 -266 -275 0 0 0 0 -274 0 -1 0 0 0 32002 32002 0 0 0 0 0 2723
WIT 6 -275 -274 -280 -285 -277 0 0 0 0 -270 0 -1 0 0 0 32002 32002 0 0 0 0 0 2723
WIT 8 -275 -274 -280 -295 -370 0 0 0 0 -274 0 -1 0 0 0 32002 32002 0 0 0 0 0 3567
WIT 7 -275 -274 -317 -323 -259 0 0 0 0 32002 0 -1 0 0 0 32002 32002 0 0 0 0 0 0
WIT 7 -275 -274 -277 -290 -294 0 0 0 0 -271 0 -1 0 0 0 32002 32002 0 0 0 0 0 2940
WIT 7 -275 -274 -224 -230 -210 0 0 0 0 32002 0 -1 0 0 0 32002 32002 0 0 0 0 0 0
WIT 7 -275 -274 -278 -291 -318 0 0 0 0 -271 0 -1 0 0 0 32002 32002 0 0 0 0 0 2723
WIT 6 -275 -274 -287 -292 -280 0 0 0 0 -262 0 -1 0 0 0 32002 32002 0 0 0 0 0 2723
WIT 7 -258 -257 -242 -255 -255 3178 1 0 0 32002 0 -1 0 0 0 32002 32002 0 0 0 0 0 0
WIT 9 -258 -257 -274 -291 173 2463 1 0 0 32002 0 -1 0 0 0 32002 32002 0 0 0 0 0 0
WIT 11 -258 -257 -274 -295 -329 0 0 0 0 -257 0 -1 0 0 0 32002 32002 0 0 0 0 0 2723
WIT 8 -258 -257 -274 -289 -307 0 0 0 0 -257 0 -1 0 0 0 32002 32002 0 0 0 0 0 3494
WIT 8 -258 -257 -262 -269 -284 0 0 0 0 -257 0 -1 0 0 0 32002 32002 0 0 0 0 0 3429
WIT 8 -258 -257 -274 -289 -313 0 0 0 0 -257 0 -1 0 0 0 32002 32002 0 0 0 0 0 2723
WIT 8 -258 -257 -274 -281 -224 0 0 0 0 32002 0 -1 0 0 0 32002 32002 0 0 0 0 0 0
WIT 9 -258 -257 -214 -222 -174 3690 1 0 0 32002 0 -1 0 0 0 32002 32002 0 0 0 0 0 0
WIT 8 -258 -257 -274 -289 -452 0 0 0 0 -257 0 -1 0 0 0 32002 32002 0 0 0 0 0 3821
WIT 8 -258 -257 -270 -277 203 3503 1 0 0 32002 0 -1 0 0 0 32002 32002 0 0 0 0 0 0
WIT 7 -258 -257 -274 -287 -360 0 0 0 0 -257 0 -1 0 0 0 32002 32002 0 0 0 0 0 3567
WIT 6 -258 -257 -317 -322 -241 0 0 0 0 32002 0 -1 0 0 0 32002 32002 0 0 0 0 0 0
WIT 6 -257 -256 -257 -262 -207 0 0 0 0 32002 0 -1 0 0 0 32002 32002 0 0 0 0 0 0
WIT 9 -257 -256 -242 -259 -255 3178 1 0 0 32002 0 -1 0 0 0 32002 32002 0 0 0 0 0 0
WIT 11 -257 -256 -274 -295 -121 2463 1 0 0 32002 0 -1 0 0 0 32002 32002 0 0 0 0 0 0
WIT 12 -257 -256 -257 -268 -264 2940 0 0 1 -249 0 -1 0 0 0 32002 32002 0 0 0 0 0 3817
WIT 12 -257 -256 -235 -246 -246 2915 1 0 0 32002 0 -1 0 0 0 32002 32002 0 0 0 0 0 0
WIT 7 -257 -256 -257 -263 -186 0 0 0 0 32002 0 -1 0 0 0 32002 32002 0 0 0 0 0 0
WIT 12 -257 -256 -257 -280 -329 0 0 0 0 -249 0 -1 0 0 0 32002 32002 0 0 0 0 0 2723
WIT 11 -257 -256 -147 -157 -98 0 0 0 0 32002 0 -1 0 0 0 32002 32002 0 0 0 0 0 0
WIT 10 -257 -256 -257 -276 -296 0 0 0 0 -249 0 -1 0 0 0 32002 32002 0 0 0 0 0 3494
WIT 10 -257 -256 -257 -276 -443 0 0 0 0 -256 0 -1 0 0 0 32002 32002 0 0 0 0 0 3821
WIT 10 -257 -256 -257 -266 -270 0 0 0 0 -247 0 -1 0 0 0 32002 32002 0 0 0 0 0 3429
WIT 8 -257 -256 -237 -244 -271 0 0 0 0 -256 0 -1 0 0 0 32002 32002 0 0 0 0 0 3429
WIT 9 -257 -256 -257 -265 -278 0 0 0 0 -256 0 -1 0 0 0 32002 32002 0 0 0 0 0 2940
WIT 10 -257 -256 -179 -188 -156 0 0 0 0 32002 0 -1 0 0 0 32002 32002 0 0 0 0 0 0
WIT 10 -257 -256 -257 -276 -278 0 0 0 0 -256 0 -1 0 0 0 32002 32002 0 0 0 0 0 2723
WIT 8 -257 -256 -274 -281 -226 0 0 0 0 32002 0 -1 0 0 0 32002 32002 0 0 0 0 0 0
WIT 8 -257 -256 -236 -243 -196 0 0 0 0 32002 0 -1 0 0 0 32002 32002 0 0 0 0 0 0
WIT 9 -257 -256 -257 -274 -327 0 0 0 0 -256 0 -1 0 0 0 32002 32002 0 0 0 0 0 3567
WIT 8 -257 -256 -317 -324 -251 0 0 0 0 32002 0 -1 0 0 0 32002 32002 0 0 0 0 0 0
WIT 7 -257 -256 -232 -238 -221 3567 0 0 0 32002 0 -1 0 0 0 32002 32002 0 0 0 0 0 0
WIT 7 -257 -256 -236 -249 -277 0 0 0 0 -221 0 -1 0 0 0 32002 32002 0 0 0 0 0 2723
WIT 9 -257 -256 -244 -261 -275 0 0 0 0 -257 0 -1 0 0 0 32002 32002 0 0 0 0 0 0
WIT 8 -257 -256 -271 -286 -293 0 0 0 0 -257 0 -1 0 0 0 32002 32002 0 0 0 0 0 3749
WIT 8 -257 -256 -224 -231 -202 0 0 0 0 32002 0 -1 0 0 0 32002 32002 0 0 0 0 0 0
WIT 8 -257 -256 -271 -286 -309 0 0 0 0 -256 0 -1 0 0 0 32002 32002 0 0 0 0 0 2723
WIT 6 -257 -256 -256 -261 -251 0 0 0 0 32002 0 -1 0 0 0 32002 32002 0 0 0 0 0 0
WIT 7 -245 -244 -257 -263 -217 0 0 0 0 32002 0 -1 0 0 0 32002 32002 0 0 0 0 0 0
WIT 9 -245 -244 -242 -259 -255 3178 1 0 0 -242 0 -1 0 0 0 32002 32002 0 0 0 0 0 3690
WIT 11 -245 -244 -274 -295 -121 2463 1 0 0 32002 0 -1 0 0 0 32002 32002 0 0 0 0 0 0
WIT 13 -245 -244 -235 -247 -246 2915 1 0 0 -234 0 -1 0 0 0 32002 32002 0 0 0 0 0 2908
WIT 6 -245 -244 -247 -252 -252 3749 0 0 1 49 0 -1 0 0 0 32002 32002 0 0 0 0 0 2633
WIT 13 -245 -244 -249 -261 -253 3749 0 0 1 -198 0 -1 0 0 0 32002 32002 0 0 0 0 0 3817
WIT 9 -245 -244 -257 -265 -193 0 0 0 0 32002 0 -1 0 0 0 32002 32002 0 0 0 0 0 0
WIT 13 -245 -244 -249 -274 -329 0 0 0 0 -234 0 -1 0 0 0 32002 32002 0 0 0 0 0 2723
WIT 12 -245 -244 -147 -158 -110 0 0 0 0 32002 0 -1 0 0 0 32002 32002 0 0 0 0 0 0
WIT 10 -245 -244 -249 -268 -363 0 0 0 0 -234 0 -1 0 0 0 32002 32002 0 0 0 0 0 3494
WIT 12 -245 -244 -251 -262 -189 3690 1 0 0 32002 0 -1 0 0 0 32002 32002 0 0 0 0 0 0
WIT 11 -245 -244 -256 -277 -447 0 0 0 0 -244 0 -1 0 0 0 32002 32002 0 0 0 0 0 3821
WIT 10 -245 -244 -179 -188 -158 0 0 0 0 32002 0 -1 0 0 0 32002 32002 0 0 0 0 0 0
WIT 10 -245 -244 -256 -275 -237 3749 0 0 0 32002 0 -1 0 0 0 32002 32002 0 0 0 0 0 0
WIT 10 -245 -244 -256 -275 -321 0 0 0 0 -237 0 -1 0 0 0 32002 32002 0 0 0 0 0 2723
WIT 9 -245 -244 -274 -282 -232 0 0 0 0 32002 0 -1 0 0 0 32002 32002 0 0 0 0 0 0
WIT 9 -245 -244 -236 -244 -205 0 0 0 0 32002 0 -1 0 0 0 32002 32002 0 0 0 0 0 0
WIT 10 -245 -244 -217 -226 124 3503 1 0 0 32002 0 -1 0 0 0 32002 32002 0 0 0 0 0 0
WIT 9 -245 -244 -256 -273 -326 0 0 0 0 -244 0 -1 0 0 0 32002 32002 0 0 0 0 0 3567
WIT 7 -245 -244 -317 -323 -246 0 0 0 0 -183 0 -1 0 0 0 32002 32002 0 0 0 0 0 2723
WIT 6 -245 -244 -245 -250 -226 3749 0 0 0 32002 0 -1 0 0 0 32002 32002 0 0 0 0 0 0
WIT 7 -245 -244 -246 -259 -281 0 0 0 0 -226 0 -1 0 0 0 32002 32002 0 0 0 0 0 2723
WIT 7 -245 -244 -256 -262 -246 0 0 0 0 -237 0 -1 0 0 0 32002 32002 0 0 0 0 0 2723
WIT 6 -245 -244 -231 -236 -231 0 0 0 0 32002 0 -1 0 0 0 32002 32002 0 0 0 0 0 0
WIT 7 -245 -244 -205 -211 -165 0 0 0 0 32002 0 -1 0 0 0 32002 32002 0 0 0 0 0 0
WIT 7 -245 -244 -256 -269 -269 2940 0 0 1 -240 0 -1 0 0 0 32002 32002 0 0 0 0 0 3749
WIT 7 -245 -244 -224 -230 -197 0 0 0 0 32002 0 -1 0 0 0 32002 32002 0 0 0 0 0 0
WIT 7 -245 -244 -256 -269 -298 0 0 0 0 -240 0 -1 0 0 0 32002 32002 0 0 0 0 0 2723
WIT 6 -245 -244 -226 -231 -212 0 0 0 0 32002 0 -1 0 0 0 32002 32002 0 0 0 0 0 0
WIT 6 -245 -244 -250 -255 -232 0 0 0 0 32002 0 -1 0 0 0 32002 32002 0 0 0 0 0 0
WIT 6 -245 -244 -208 -213 -175 0 0 0 0 32002 0 -1 0 0 0 32002 32002 0 0 0 0 0 0
WIT 6 -245 -244 -220 -225 -193 0 0 0 0 32002 0 -1 0 0 0 32002 32002 0 0 0 0 0 0
WIT 6 -245 -244 -231 -236 -202 0 0 0 0 32002 0 -1 0 0 0 32002 32002 0 0 0 0 0 0
WIT 6 -245 -244 -236 -241 -205 0 0 0 0 32002 0 -1 0 0 0 32002 32002 0 0 0 0 0 0
WIT 6 -245 -244 -217 -222 -195 0 0 0 0 32002 0 -1 0 0 0 32002 32002 0 0 0 0 0 0
WIT 6 -229 -228 -257 -262 -211 0 0 0 0 32002 0 -1 0 0 0 32002 32002 0 0 0 0 0 0
WIT 10 -229 -228 -234 -243 -239 2915 1 0 0 -205 0 -1 0 0 0 32002 32002 0 0 0 0 0 2908
WIT 8 -229 -228 -257 -264 -185 0 0 0 0 32002 0 -1 0 0 0 32002 32002 0 0 0 0 0 0
WIT 10 -229 -228 -234 -253 -308 0 0 0 0 -207 0 -1 0 0 0 32002 32002 0 0 0 0 0 2723
WIT 10 -229 -228 -147 -156 -99 0 0 0 0 32002 0 -1 0 0 0 32002 32002 0 0 0 0 0 0
WIT 10 -229 -228 -274 -293 -128 2463 1 0 0 32002 0 -1 0 0 0 32002 32002 0 0 0 0 0 0
WIT 9 -229 -228 -234 -251 -276 0 0 0 0 -228 0 -1 0 0 0 32002 32002 0 0 0 0 0 3494
WIT 12 -229 -228 -241 -252 -189 0 0 0 0 32002 0 -1 0 0 0 32002 32002 0 0 0 0 0 0
WIT 12 -229 -228 -251 -262 -189 3690 1 0 0 32002 0 -1 0 0 0 32002 32002 0 0 0 0 0 0
WIT 11 -229 -228 -244 -265 -441 0 0 0 0 -228 0 -1 0 0 0 32002 32002 0 0 0 0 0 3821
WIT 10 -229 -228 -256 -275 -237 3749 0 0 1 -229 1 1 41799 1 1 -229 -228 0 0 0 0 21 3749
WIT 10 -229 -228 -179 -188 -149 0 0 0 0 32002 0 -1 0 0 0 32002 32002 0 0 0 0 0 0
WIT 10 -229 -228 -237 -256 -277 0 0 0 0 -228 0 -1 0 0 0 32002 32002 0 0 0 0 0 2723
WIT 8 -229 -228 -274 -281 -222 0 0 0 0 32002 0 -1 0 0 0 32002 32002 0 0 0 0 0 0
WIT 8 -229 -228 -236 -243 -193 0 0 0 0 32002 0 -1 0 0 0 32002 32002 0 0 0 0 0 0
WIT 8 -229 -228 -244 -259 -336 0 0 0 0 -228 0 -1 0 0 0 32002 32002 0 0 0 0 0 3567
WIT 8 -229 -228 -190 -197 -166 0 0 0 0 32002 0 -1 0 0 0 32002 32002 0 0 0 0 0 0
WIT 8 -229 -228 -240 -247 -247 2414 0 0 1 -228 0 -1 0 0 0 32002 32002 0 0 0 0 0 3699
WIT 7 -229 -228 -189 -195 -148 0 0 0 0 32002 0 -1 0 0 0 32002 32002 0 0 0 0 0 0
WIT 7 228 229 267 254 162 0 0 0 0 229 0 -1 0 0 0 32002 32002 0 0 0 0 0 1503
WIT 7 -229 -228 -240 -253 -256 0 0 0 0 -229 0 -1 0 0 0 32002 32002 0 0 0 0 0 0
WIT 8 -229 -228 -240 -255 -284 0 0 0 0 -229 0 -1 0 0 0 32002 32002 0 0 0 0 0 0
WIT 7 259 260 361 355 354 0 0 0 0 285 0 -1 0 0 0 32002 32002 0 0 0 0 0 926
WIT 6 259 260 365 360 377 148 0 0 0 32002 0 -1 0 0 0 32002 32002 0 0 0 0 0 0
WIT 6 259 260 366 361 365 148 0 0 0 32002 0 -1 0 0 0 32002 32002 0 0 0 0 0 0
WIT 6 259 260 397 392 424 148 0 0 0 32002 0 -1 0 0 0 32002 32002 0 0 0 0 0 0
WIT 6 259 260 378 373 398 148 0 0 0 32002 0 -1 0 0 0 32002 32002 0 0 0 0 0 0
WIT 6 259 260 407 402 409 926 0 0 0 32002 0 -1 0 0 0 32002 32002 0 0 0 0 0 0
WIT 6 259 260 363 358 365 148 0 0 0 32002 0 -1 0 0 0 32002 32002 0 0 0 0 0 0
WIT 6 259 260 361 356 369 148 0 0 0 32002 0 -1 0 0 0 32002 32002 0 0 0 0 0 0
WIT 9 280 281 257 240 203 0 0 0 0 281 0 -1 0 0 0 32002 32002 0 0 0 0 0 861
WIT 6 280 281 340 335 311 0 0 0 0 295 0 -1 0 0 0 32002 32002 0 0 0 0 0 49408
WIT 8 280 281 257 242 217 0 0 0 0 281 0 -1 0 0 0 32002 32002 0 0 0 0 0 203
WIT 8 260 281 262 255 242 0 0 0 0 281 0 -1 0 0 0 32002 32002 0 0 0 0 0 148
WIT 8 280 281 376 369 385 148 0 0 0 32002 0 -1 0 0 0 32002 32002 0 0 0 0 0 0
WIT 8 280 281 382 375 402 148 0 0 0 32002 0 -1 0 0 0 32002 32002 0 0 0 0 0 0
WIT 8 280 281 363 356 365 148 0 0 0 32002 0 -1 0 0 0 32002 32002 0 0 0 0 0 0
WIT 8 280 281 362 355 351 0 0 0 0 281 0 -1 0 0 0 32002 32002 0 0 0 0 0 926
WIT 8 280 281 282 267 289 148 0 0 0 32002 0 -1 0 0 0 32002 32002 0 0 0 0 0 0
WIT 8 280 281 397 390 415 148 0 0 0 32002 0 -1 0 0 0 32002 32002 0 0 0 0 0 0
WIT 9 280 281 361 353 353 148 0 0 0 32002 0 -1 0 0 0 32002 32002 0 0 0 0 0 0
WIT 8 280 281 355 340 339 0 0 0 0 340 0 -1 0 0 0 32002 32002 0 0 0 0 0 926
WIT 8 280 281 361 354 370 148 0 0 0 32002 0 -1 0 0 0 32002 32002 0 0 0 0 0 0
WIT 8 280 281 366 359 365 148 0 0 0 32002 0 -1 0 0 0 32002 32002 0 0 0 0 0 0
WIT 7 308 309 304 298 282 0 0 0 0 316 0 -1 0 0 0 32002 32002 0 0 0 0 0 454
WIT 6 308 309 293 288 148 0 0 0 0 299 0 -1 0 0 0 32002 32002 0 0 0 0 0 0
WIT 11 308 309 291 281 288 717 0 1 0 300 0 -1 0 0 0 32002 32002 0 0 0 0 0 0
WIT 10 308 309 281 262 217 0 0 0 0 304 0 -1 0 0 0 32002 32002 0 0 0 0 0 0
WIT 9 308 309 281 264 260 0 0 0 0 306 0 -1 0 0 0 32002 32002 0 0 0 0 0 0
WIT 8 -282 -281 -250 -265 -329 0 0 0 0 -281 0 -1 0 0 0 32002 32002 0 0 0 0 0 3429
WIT 8 -282 -281 -224 -231 -203 0 0 0 0 32002 0 -1 0 0 0 32002 32002 0 0 0 0 0 0
WIT 7 281 309 281 275 228 0 0 0 0 281 0 -1 0 0 0 32002 32002 0 0 0 0 0 0
WIT 7 -282 -281 -179 -185 -163 3699 0 0 0 32002 0 -1 0 0 0 32002 32002 0 0 0 0 0 0
WIT 7 -282 -281 -257 -263 -218 0 0 0 0 32002 0 -1 0 0 0 32002 32002 0 0 0 0 0 0
WIT 12 -282 -281 -234 -245 -220 3808 0 0 0 32002 0 -1 0 0 0 32002 32002 0 0 0 0 0 0
WIT 12 -282 -281 -207 -218 -226 0 0 0 0 -271 0 -1 0 0 0 32002 32002 0 0 0 0 0 2908
WIT 6 -282 -281 -271 -276 -201 0 0 0 0 32002 0 -1 0 0 0 32002 32002 0 0 0 0 0 0
WIT 12 -282 -281 -208 -231 -272 0 0 0 0 -281 0 -1 0 0 0 32002 32002 0 0 0 0 0 2723
WIT 12 -282 -281 -147 -158 -103 0 0 0 0 32002 0 -1 0 0 0 32002 32002 0 0 0 0 0 0
WIT 9 -282 -281 -274 -291 -127 2463 1 0 0 32002 0 -1 0 0 0 32002 32002 0 0 0 0 0 0
WIT 11 -282 -281 -228 -249 -273 0 0 0 0 -281 0 -1 0 0 0 32002 32002 0 0 0 0 0 3494
WIT 11 -282 -281 -228 -249 -257 0 0 0 0 -281 0 -1 0 0 0 32002 32002 0 0 0 0 0 3749
WIT 11 -282 -281 -228 -249 -286 0 0 0 0 -281 0 -1 0 0 0 32002 32002 0 0 0 0 0 2723
WIT 8 -282 -281 -274 -281 -228 0 0 0 0 32002 0 -1 0 0 0 32002 32002 0 0 0 0 0 0
WIT 7 -282 -281 -236 -242 -201 0 0 0 0 32002 0 -1 0 0 0 32002 32002 0 0 0 0 0 0
WIT 10 -282 -281 -228 -247 -310 0 0 0 0 -281 0 -1 0 0 0 32002 32002 0 0 0 0 0 3567
WIT 9 -282 -281 -190 -198 -196 3567 0 0 0 32002 0 -1 0 0 0 32002 32002 0 0 0 0 0 0
WIT 9 -282 -281 -242 -259 -255 3178 1 0 0 32002 0 -1 0 0 0 32002 32002 0 0 0 0 0 0
WIT 7 -282 -281 -226 -232 -222 0 0 0 0 32002 0 -1 0 0 0 32002 32002 0 0 0 0 0 0
WIT 7 -282 -281 -231 -237 -259 0 0 0 0 -261 0 -1 0 0 0 32002 32002 0 0 0 0 0 2723
WIT 7 -282 -281 -237 -243 -258 0 0 0 0 -272 0 -1 0 0 0 32002 32002 0 0 0 0 0 2723
WIT 6 -282 -281 -250 -255 -242 0 0 0 0 32002 0 -1 0 0 0 32002 32002 0 0 0 0 0 0
WIT 8 281 309 281 274 242 0 0 0 0 281 0 -1 0 0 0 32002 32002 0 0 0 0 0 0
WIT 6 279 280 280 275 264 0 0 0 0 280 0 -1 0 0 0 32002 32002 0 0 0 0 0 203
WIT 7 -281 -280 -179 -185 -214 0 0 0 0 -255 0 -1 0 0 0 32002 32002 0 0 0 0 0 3429
WIT 6 -281 -280 -257 -262 -219 0 0 0 0 32002 0 -1 0 0 0 32002 32002 0 0 0 0 0 0
WIT 7 -281 -280 -260 -273 -285 0 0 0 0 -265 0 -1 0 0 0 32002 32002 0 0 0 0 0 2723
WIT 7 -281 -280 -190 -196 -176 0 0 0 0 32002 0 -1 0 0 0 32002 32002 0 0 0 0 0 0
WIT 9 -281 -280 -281 -298 -329 0 0 0 0 -274 0 -1 0 0 0 32002 32002 0 0 0 0 0 2723
WIT 10 -281 -280 -147 -156 -105 0 0 0 0 32002 0 -1 0 0 0 32002 32002 0 0 0 0 0 0
WIT 9 -281 -280 -274 -291 -127 2463 1 0 0 32002 0 -1 0 0 0 32002 32002 0 0 0 0 0 0
WIT 8 -281 -280 -281 -296 -303 0 0 0 0 -274 0 -1 0 0 0 32002 32002 0 0 0 0 0 3494
WIT 8 -281 -280 -281 -296 -296 2940 0 0 1 -266 0 -1 0 0 0 32002 32002 0 0 0 0 0 3749
WIT 8 -281 -280 -179 -186 -156 0 0 0 0 32002 0 -1 0 0 0 32002 32002 0 0 0 0 0 0
WIT 7 -281 -280 -275 -288 -367 0 0 0 0 -279 0 -1 0 0 0 32002 32002 0 0 0 0 0 3567
WIT 7 289 290 281 275 310 49408 0 0 0 32002 0 -1 0 0 0 32002 32002 0 0 0 0 0 0
WIT 7 289 290 288 282 289 926 0 0 1 290 0 -1 0 0 0 32002 32002 0 0 0 0 0 49408
WIT 6 289 290 299 294 322 49408 0 0 0 32002 0 -1 0 0 0 32002 32002 0 0 0 0 0 0
WIT 6 289 290 281 276 302 926 0 0 0 32002 0 -1 0 0 0 32002 32002 0 0 0 0 0 0
WIT 7 -267 -266 -266 -272 -201 3642 0 0 0 32002 0 -1 0 0 0 32002 32002 0 0 0 0 0 0
WIT 9 -267 -266 -228 -236 -239 0 0 0 0 -266 0 -1 0 0 0 32002 32002 0 0 0 0 0 3699
WIT 8 -267 -266 -257 -272 -233 3817 0 0 0 32002 0 -1 0 0 0 32002 32002 0 0 0 0 0 0
WIT 12 -267 -266 -242 -265 -260 3178 1 0 0 32002 0 -1 0 0 0 32002 32002 0 0 0 0 0 0
WIT 12 -267 -266 -234 -245 -243 1814 1 0 0 32002 0 -1 0 0 0 32002 32002 0 0 0 0 0 0
WIT 9 -267 -266 -137 -145 -99 4022 0 0 0 32002 0 -1 0 0 0 32002 32002 0 0 0 0 0 0
WIT 7 -267 -266 -269 -275 -285 0 0 0 0 -266 0 -1 0 0 0 32002 32002 0 0 0 0 0 4022
WIT 12 -267 -266 -271 -294 -295 0 0 0 0 -266 0 -1 0 0 0 32002 32002 0 0 0 0 0 2908
WIT 9 -267 -266 -281 -289 -211 0 0 0 0 32002 0 -1 0 0 0 32002 32002 0 0 0 0 0 0
WIT 11 -267 -266 -274 -295 -329 0 0 0 0 -266 0 -1 0 0 0 32002 32002 0 0 0 0 0 2723
WIT 11 -267 -266 -147 -157 -109 0 0 0 0 32002 0 -1 0 0 0 32002 32002 0 0 0 0 0 0
WIT 10 -267 -266 -274 -293 -128 2463 1 0 0 32002 0 -1 0 0 0 32002 32002 0 0 0 0 0 0
WIT 10 -267 -266 -274 -293 -301 0 0 0 0 -266 0 -1 0 0 0 32002 32002 0 0 0 0 0 3494
WIT 12 -267 -266 -231 -242 -214 2414 0 0 0 32002 0 -1 0 0 0 32002 32002 0 0 0 0 0 0
WIT 12 -267 -266 -264 -275 -300 0 0 0 0 -266 0 -1 0 0 0 32002 32002 0 0 0 0 0 2908
WIT 11 -267 -266 -281 -291 -292 0 0 0 0 -266 0 -1 0 0 0 32002 32002 0 0 0 0 0 2414
WIT 11 -267 -266 -267 -288 -289 0 0 0 0 -266 0 -1 0 0 0 32002 32002 0 0 0 0 0 3749
WIT 6 -267 -266 -167 -172 -154 3808 0 0 0 32002 0 -1 0 0 0 32002 32002 0 0 0 0 0 0
WIT 11 -267 -266 -268 -289 -309 0 0 0 0 -266 0 -1 0 0 0 32002 32002 0 0 0 0 0 2723
WIT 8 -267 -266 -274 -281 -237 0 0 0 0 32002 0 -1 0 0 0 32002 32002 0 0 0 0 0 0
WIT 7 -267 -266 -236 -242 -210 0 0 0 0 32002 0 -1 0 0 0 32002 32002 0 0 0 0 0 0
WIT 10 -267 -266 -190 -199 -196 3567 0 0 0 32002 0 -1 0 0 0 32002 32002 0 0 0 0 0 0
WIT 10 -267 -266 -273 -292 -288 3699 0 0 1 -217 0 -1 0 0 0 32002 32002 0 0 0 0 0 2723
WIT 9 -267 -266 -184 -192 -163 0 0 0 0 32002 0 -1 0 0 0 32002 32002 0 0 0 0 0 0
WIT 8 -267 -266 -232 -239 -202 3749 0 0 0 32002 0 -1 0 0 0 32002 32002 0 0 0 0 0 0
WIT 8 -267 -266 -203 -210 -195 0 0 0 0 32002 0 -1 0 0 0 32002 32002 0 0 0 0 0 0
WIT 8 -267 -266 -217 -224 -229 0 0 0 0 -232 0 -1 0 0 0 32002 32002 0 0 0 0 0 2915
WIT 9 -267 -266 -224 -241 -253 0 0 0 0 -235 0 -1 0 0 0 32002 32002 0 0 0 0 0 2723
WIT 10 -267 -266 -263 -282 -290 0 0 0 0 -251 0 -1 0 0 0 32002 32002 0 0 0 0 0 2723
WIT 9 -267 -266 -228 -245 -270 0 0 0 0 -266 0 -1 0 0 0 32002 32002 0 0 0 0 0 2723
WIT 7 -255 -254 -161 -167 -172 0 0 0 0 -205 0 -1 0 0 0 32002 32002 0 0 0 0 0 1810
WIT 8 -278 -254 -266 -273 -387 0 0 0 0 -254 0 -1 0 0 0 32002 32002 0 0 0 0 0 2414
WIT 9 -255 -254 -266 -283 -275 2414 0 0 1 -254 0 -1 0 0 0 32002 32002 0 0 0 0 0 3699
WIT 8 -255 -254 -189 -196 -142 0 0 0 0 32002 0 -1 0 0 0 32002 32002 0 0 0 0 0 0
WIT 9 -255 -254 -266 -274 -274 3699 0 0 1 -254 0 -1 0 0 0 32002 32002 0 0 0 0 0 2414
WIT 8 -255 -254 -166 -173 -155 2414 0 0 0 32002 0 -1 0 0 0 32002 32002 0 0 0 0 0 0
WIT 9 -278 -254 -266 -274 -282 0 0 0 0 -254 0 -1 0 0 0 32002 32002 0 0 0 0 0 3749
WIT 7 -255 -254 -175 -181 -158 3808 0 0 0 32002 0 -1 0 0 0 32002 32002 0 0 0 0 0 0
WIT 12 -255 -254 -266 -277 -277 2915 1 0 0 -203 0 -1 0 0 0 32002 32002 0 0 0 0 0 2908
WIT 10 -278 -254 -266 -275 -277 0 0 0 0 -254 0 -1 0 0 0 32002 32002 0 0 0 0 0 2723
WIT 13 -255 -254 -266 -291 -290 3567 0 0 1 -253 0 -1 0 0 0 32002 32002 0 0 0 0 0 2723
WIT 10 -255 -254 -203 -212 -212 2915 1 0 0 32002 0 -1 0 0 0 32002 32002 0 0 0 0 0 0
WIT 11 -255 -254 -237 -258 -264 0 0 0 0 -254 0 -1 0 0 0 32002 32002 0 0 0 0 0 2723
WIT 11 -255 -254 -214 -235 -255 0 0 0 0 -254 0 -1 0 0 0 32002 32002 0 0 0 0 0 3749
WIT 10 -255 -254 -266 -285 -290 0 0 0 0 -254 0 -1 0 0 0 32002 32002 0 0 0 0 0 3429
WIT 10 -255 -254 -241 -250 -251 0 0 0 0 -254 0 -1 0 0 0 32002 32002 0 0 0 0 0 3429
WIT 10 -255 -254 -257 -276 -269 3817 0 0 1 -203 0 -1 0 0 0 32002 32002 0 0 0 0 0 3429
WIT 7 -255 -254 -229 -235 -259 0 0 0 0 -241 0 -1 0 0 0 32002 32002 0 0 0 0 0 3429
WIT 7 -255 -254 -183 -189 -216 0 0 0 0 -251 0 -1 0 0 0 32002 32002 0 0 0 0 0 3429
WIT 7 -255 -254 -223 -229 -230 0 0 0 0 -234 0 -1 0 0 0 32002 32002 0 0 0 0 0 3749
WIT 9 -255 -254 -266 -283 -287 0 0 0 0 -254 0 -1 0 0 0 32002 32002 0 0 0 0 0 2940
WIT 9 -255 -254 -266 -274 -231 0 0 0 0 32002 0 -1 0 0 0 32002 32002 0 0 0 0 0 0
WIT 10 -255 -254 -266 -285 -286 0 0 0 0 -254 0 -1 0 0 0 32002 32002 0 0 0 0 0 2723
WIT 10 -255 -254 -251 -260 -259 3699 0 0 1 -250 0 -1 0 0 0 32002 32002 0 0 0 0 0 2940
WIT 8 -255 -254 -244 -251 -191 3699 0 0 0 32002 0 -1 0 0 0 32002 32002 0 0 0 0 0 0
WIT 9 -255 -254 -246 -254 -255 0 0 0 0 -191 0 -1 0 0 0 32002 32002 0 0 0 0 0 2915
WIT 8 -255 -254 -230 -237 -227 2267 0 0 0 32002 0 -1 0 0 0 32002 32002 0 0 0 0 0 0
WIT 11 -255 -254 -252 -273 -274 0 0 0 0 -250 0 -1 0 0 0 32002 32002 0 0 0 0 0 2723
WIT 6 -255 -254 -242 -247 -247 2715 0 0 0 32002 0 -1 0 0 0 32002 32002 0 0 0 0 0 0
WIT 11 -255 -254 -242 -263 -259 3178 1 0 0 -254 0 -1 0 0 0 32002 32002 0 0 0 0 0 3690
WIT 8 -255 -254 -266 -281 -281 2915 1 0 0 -249 0 -1 0 0 0 32002 32002 0 0 0 0 0 2908
WIT 6 -255 -254 -281 -286 -208 0 0 0 0 32002 0 -1 0 0 0 32002 32002 0 0 0 0 0 0
WIT 13 -255 -254 -266 -291 -291 3817 0 0 1 -249 0 -1 0 0 0 32002 32002 0 0 0 0 0 2723
WIT 10 -255 -254 -147 -156 -108 0 0 0 0 32002 0 -1 0 0 0 32002 32002 0 0 0 0 0 0
WIT 9 -255 -254 -274 -291 -127 2463 1 0 0 32002 0 -1 0 0 0 32002 32002 0 0 0 0 0 0
WIT 12 -255 -254 -266 -289 -308 0 0 0 0 -249 0 -1 0 0 0 32002 32002 0 0 0 0 0 3494
WIT 13 -255 -254 -241 -253 -232 3699 0 0 0 32002 0 -1 0 0 0 32002 32002 0 0 0 0 0 0
WIT 11 -255 -254 -217 -227 -228 0 0 0 0 -255 0 -1 0 0 0 32002 32002 0 0 0 0 0 0
WIT 9 254 255 291 283 257 0 0 0 0 255 0 -1 0 0 0 32002 32002 0 0 0 0 0 1187
WIT 10 254 255 255 246 244 0 0 0 0 255 0 -1 0 0 0 32002 32002 0 0 0 0 0 49408
WIT 8 254 255 255 248 248 2282 1 0 0 255 0 -1 0 0 0 32002 32002 0 0 0 0 0 49408
WIT 7 254 255 275 269 269 2282 1 0 0 32002 0 -1 0 0 0 32002 32002 0 0 0 0 0 0
WIT 6 254 255 274 269 259 0 0 0 0 265 0 -1 0 0 0 32002 32002 0 0 0 0 0 49408
WIT 7 254 255 280 274 274 49408 0 0 0 32002 0 -1 0 0 0 32002 32002 0 0 0 0 0 0
WIT 6 254 255 277 272 278 1503 0 0 0 32002 0 -1 0 0 0 32002 32002 0 0 0 0 0 0
WIT 6 254 255 294 289 288 0 0 0 0 299 0 -1 0 0 0 32002 32002 0 0 0 0 0 49408
WIT 6 254 255 275 270 269 0 0 0 0 260 0 -1 0 0 0 32002 32002 0 0 0 0 0 49408
WIT 6 254 255 284 279 281 2282 1 0 0 32002 0 -1 0 0 0 32002 32002 0 0 0 0 0 0
WIT 6 254 255 255 250 242 0 0 0 0 275 0 -1 0 0 0 32002 32002 0 0 0 0 0 49408
WIT 13 -255 -254 -228 -253 -268 0 0 0 0 -255 0 -1 0 0 0 32002 32002 0 0 0 0 0 0
WIT 7 254 255 365 359 379 0 0 0 0 32002 0 -1 0 0 0 32002 32002 0 0 0 0 0 0
WIT 6 254 255 350 345 363 0 0 0 0 32002 0 -1 0 0 0 32002 32002 0 0 0 0 0 0
WIT 11 -255 -254 -266 -287 -322 0 0 0 0 -255 0 -1 0 0 0 32002 32002 0 0 0 0 0 0
WIT 6 255 256 255 250 203 0 0 0 0 263 0 -1 0 0 0 32002 32002 0 0 0 0 0 926
WIT 6 -256 -255 -201 -206 -300 0 0 0 0 -260 0 -1 0 0 0 32002 32002 0 0 0 0 0 0
WIT 7 254 278 255 249 249 926 0 0 1 255 1 0 -24077 0 0 32002 32002 2 0 138 0 0 1503
WIT 7 275 276 255 249 254 2290 0 0 1 276 0 -1 0 0 0 32002 32002 0 0 0 0 0 49408
WIT 7 275 276 257 251 240 0 0 0 0 289 0 -1 0 0 0 32002 32002 0 0 0 0 0 49408
WIT 7 275 276 255 242 223 0 0 0 0 276 0 -1 0 0 0 32002 32002 0 0 0 0 0 1187
WIT 8 275 276 255 248 275 0 0 0 0 322 0 -1 0 0 0 32002 32002 0 0 0 0 0 1187
WIT 8 275 276 255 248 300 0 0 0 0 32002 0 -1 0 0 0 32002 32002 0 0 0 0 0 0
WIT 8 275 276 255 248 240 0 0 0 0 300 0 -1 0 0 0 32002 32002 0 0 0 0 0 747
WIT 8 275 276 255 248 247 0 0 0 0 297 0 -1 0 0 0 32002 32002 0 0 0 0 0 2282
WIT 6 275 276 265 260 279 0 0 0 0 32002 0 -1 0 0 0 32002 32002 0 0 0 0 0 0
WIT 7 275 276 255 242 229 0 0 0 0 276 0 -1 0 0 0 32002 32002 0 0 0 0 0 49408
WIT 8 275 276 265 258 255 0 0 0 0 281 0 -1 0 0 0 32002 32002 0 0 0 0 0 2282
WIT 7 275 276 263 250 233 0 0 0 0 276 0 -1 0 0 0 32002 32002 0 0 0 0 0 49408
WIT 7 275 276 293 280 280 2282 1 0 0 32002 0 -1 0 0 0 32002 32002 0 0 0 0 0 0
WIT 7 275 276 255 249 252 2282 1 0 0 282 0 -1 0 0 0 32002 32002 0 0 0 0 0 49408
WIT 6 275 276 284 279 281 2282 1 0 0 32002 0 -1 0 0 0 32002 32002 0 0 0 0 0 0
WIT 6 275 276 275 270 269 0 0 0 0 287 0 -1 0 0 0 32002 32002 0 0 0 0 0 49408
WIT 7 254 278 255 249 242 0 0 0 0 276 0 -1 0 0 0 32002 32002 0 0 0 0 0 203
WIT 8 254 278 255 248 243 0 0 0 0 276 0 -1 0 0 0 32002 32002 0 0 0 0 0 2477
WIT 7 275 276 365 359 378 0 0 0 0 32002 0 -1 0 0 0 32002 32002 0 0 0 0 0 0
WIT 6 275 276 350 345 362 0 0 0 0 32002 0 -1 0 0 0 32002 32002 0 0 0 0 0 0
WIT 8 -277 -276 -190 -197 -177 0 0 0 0 32002 0 -1 0 0 0 32002 32002 0 0 0 0 0 0
WIT 6 -277 -276 -184 -189 -160 0 0 0 0 32002 0 -1 0 0 0 32002 32002 0 0 0 0 0 0
WIT 11 275 276 334 313 313 166 0 0 0 32002 0 -1 0 0 0 32002 32002 0 0 0 0 0 0
WIT 12 275 276 359 336 336 148 0 0 0 32002 0 -1 0 0 0 32002 32002 0 0 0 0 0 0
WIT 10 275 276 281 262 295 166 0 0 0 32002 0 -1 0 0 0 32002 32002 0 0 0 0 0 0
WIT 10 275 276 282 263 386 166 0 0 0 32002 0 -1 0 0 0 32002 32002 0 0 0 0 0 0
WIT 11 275 276 361 351 353 148 0 0 0 32002 0 -1 0 0 0 32002 32002 0 0 0 0 0 0

===========================
Total time (ms) : 19
Nodes searched  : 14899
Nodes/second    : 784157
