
Position: 1/1 (r2qk1nr/pbppppbp/1p4p1/6B1/2PN4/2N5/PP2PPPP/R1Q1KB1R b KQkq - 0 7)
WIT 6 -299 -298 -300 -305 -476 0 0 0 0 -268 0 -1 0 0 0 32002 32002 0 0 0 0 0 722
WIT 6 316 317 315 310 318 1782 0 0 0 32002 0 -1 0 0 0 32002 32002 0 0 0 0 0 0
WIT 6 316 317 346 341 364 1782 0 0 0 32002 0 -1 0 0 0 32002 32002 0 0 0 0 0 0
WIT 7 325 326 346 340 361 1782 0 0 0 32002 0 -1 0 0 0 32002 32002 0 0 0 0 0 0
WIT 6 -298 -297 -230 -235 -292 0 0 0 0 -222 0 -1 0 0 0 32002 32002 0 0 0 0 0 722
WIT 10 -298 -297 -271 -290 -434 0 0 0 0 -290 0 -1 0 0 0 32002 32002 0 0 0 0 0 722
WIT 7 -298 -297 -272 -278 -262 332 0 0 0 32002 0 -1 0 0 0 32002 32002 0 0 0 0 0 0
WIT 8 -298 -297 -298 -305 -366 0 0 0 0 -298 0 -1 0 0 0 32002 32002 0 0 0 0 0 0
WIT 6 -298 -297 -202 -207 -304 0 0 0 0 -233 0 -1 0 0 0 32002 32002 0 0 0 0 0 722
WIT 7 -298 -297 -249 -255 -337 0 0 0 0 -278 0 -1 0 0 0 32002 32002 0 0 0 0 0 796
WIT 6 -284 -283 -240 -245 -286 0 0 0 0 -255 0 -1 0 0 0 32002 32002 0 0 0 0 0 722
WIT 7 -297 -283 -293 -299 -299 2461 0 0 1 -297 1 1 47287 1 1 -297 -283 0 0 0 0 76 2461
WIT 10 -284 -283 -231 -250 -274 0 0 0 0 -283 0 -1 0 0 0 32002 32002 0 0 0 0 0 722
WIT 7 -284 -283 -228 -234 -316 0 0 0 0 -243 0 -1 0 0 0 32002 32002 0 0 0 0 0 722
WIT 7 -284 -283 -296 -302 -326 0 0 0 0 -281 0 -1 0 0 0 32002 32002 0 0 0 0 0 339
WIT 10 -284 -283 -296 -315 -315 339 0 0 1 -283 0 -1 0 0 0 32002 32002 0 0 0 0 0 49408
WIT 8 -284 -283 -275 -290 -271 861 0 0 0 32002 0 -1 0 0 0 32002 32002 0 0 0 0 0 0
WIT 8 -284 -283 -285 -300 -301 0 0 0 0 -298 0 -1 0 0 0 32002 32002 0 0 0 0 0 0
WIT 8 296 297 343 336 335 0 0 0 0 296 0 -1 0 0 0 32002 32002 0 0 0 0 0 0
WIT 8 -297 -283 -293 -300 -310 0 0 0 0 -312 0 -1 0 0 0 32002 32002 0 0 0 0 0 991
WIT 6 -284 -283 -297 -302 -268 991 0 0 0 32002 0 -1 0 0 0 32002 32002 0 0 0 0 0 0
WIT 6 -284 -283 -217 -222 -287 0 0 0 0 -205 0 -1 0 0 0 32002 32002 0 0 0 0 0 722
WIT 8 -284 -283 -284 -299 -335 0 0 0 0 -283 0 -1 0 0 0 32002 32002 0 0 0 0 0 1308
WIT 9 -297 -283 -297 -305 -328 0 0 0 0 -283 0 -1 0 0 0 32002 32002 0 0 0 0 0 788
WIT 12 -284 -283 -290 -313 -439 0 0 0 0 -283 0 -1 0 0 0 32002 32002 0 0 0 0 0 722
WIT 6 -284 -283 -215 -220 -388 0 0 0 0 -208 0 -1 0 0 0 32002 32002 0 0 0 0 0 722
WIT 10 -284 -283 -241 -260 -315 0 0 0 0 -265 0 -1 0 0 0 32002 32002 0 0 0 0 0 722
WIT 6 -284 -283 -297 -302 -268 991 0 0 0 32002 0 -1 0 0 0 32002 32002 0 0 0 0 0 0
WIT 10 -284 -283 -280 -299 -299 991 0 0 1 -278 0 -1 0 0 0 32002 32002 0 0 0 0 0 796
WIT 9 -284 -283 -296 -304 -304 991 0 0 1 -280 0 -1 0 0 0 32002 32002 0 0 0 0 0 796
WIT 6 283 284 295 290 287 0 0 0 0 284 0 -1 0 0 0 32002 32002 0 0 0 0 0 3827
WIT 9 -284 -283 -297 -305 -331 0 0 0 0 -284 0 -1 0 0 0 32002 32002 0 0 0 0 0 0
WIT 7 296 297 309 303 302 0 0 0 0 296 0 -1 0 0 0 32002 32002 0 0 0 0 0 0
WIT 6 296 297 284 279 222 0 0 0 0 296 0 -1 0 0 0 32002 32002 0 0 0 0 0 0
WIT 8 296 297 297 290 289 0 0 0 0 296 0 -1 0 0 0 32002 32002 0 0 0 0 0 0
WIT 6 -284 -283 -296 -301 -311 0 0 0 0 -283 0 -1 0 0 0 32002 32002 0 0 0 0 0 2452
WIT 7 283 297 284 278 276 0 0 0 0 297 0 -1 0 0 0 32002 32002 0 0 0 0 0 3307
WIT 6 -297 -296 -296 -301 -329 0 0 0 0 -284 0 -1 0 0 0 32002 32002 0 0 0 0 0 1308
WIT 7 296 297 365 352 352 3234 0 0 0 32002 0 -1 0 0 0 32002 32002 0 0 0 0 0 0
WIT 7 296 297 327 314 314 1782 0 0 0 32002 0 -1 0 0 0 32002 32002 0 0 0 0 0 0
WIT 7 296 297 408 402 385 0 0 0 0 404 0 -1 0 0 0 32002 32002 0 0 0 0 0 1782
WIT 8 296 297 346 339 361 1782 0 0 0 32002 0 -1 0 0 0 32002 32002 0 0 0 0 0 0
WIT 10 -297 -283 -297 -306 -317 0 0 0 0 -297 0 -1 0 0 0 32002 32002 0 0 0 0 0 0
WIT 8 315 316 298 283 286 3827 0 0 1 318 0 -1 0 0 0 32002 32002 0 0 0 0 0 4013
WIT 7 315 316 315 309 314 4013 0 0 1 318 0 -1 0 0 0 32002 32002 0 0 0 0 0 3827
WIT 6 315 316 341 336 360 3827 0 0 0 32002 0 -1 0 0 0 32002 32002 0 0 0 0 0 0
WIT 7 315 316 330 324 324 3827 0 0 0 32002 0 -1 0 0 0 32002 32002 0 0 0 0 0 0
WIT 6 315 316 302 297 296 0 0 0 0 316 0 -1 0 0 0 32002 32002 0 0 0 0 0 4013
WIT 6 315 316 297 292 292 4013 0 0 1 305 1 1 7598 1 1 315 318 0 0 0 0 18 4013
WIT 6 315 316 310 305 305 3827 0 0 1 320 0 -1 0 0 0 32002 32002 0 0 0 0 0 4013
WIT 6 315 316 317 312 312 3827 0 0 1 321 0 -1 0 0 0 32002 32002 0 0 0 0 0 4013
WIT 7 283 316 297 291 272 0 0 0 0 316 0 -1 0 0 0 32002 32002 0 0 0 0 0 3307
WIT 10 315 316 297 288 328 4013 0 0 0 32002 0 -1 0 0 0 32002 32002 0 0 0 0 0 0
WIT 10 315 316 297 288 313 3567 0 0 1 317 0 -1 0 0 0 32002 32002 0 0 0 0 0 3307
WIT 8 315 316 297 290 312 4013 0 0 1 317 0 -1 0 0 0 32002 32002 0 0 0 0 0 3307
WIT 8 283 316 297 290 283 0 0 0 0 316 0 -1 0 0 0 32002 32002 0 0 0 0 0 1782
WIT 8 -316 -315 -296 -303 -352 0 0 0 0 -315 0 -1 0 0 0 32002 32002 0 0 0 0 0 2452
WIT 11 315 316 297 276 301 3307 0 0 1 315 1 1 24720 1 1 315 316 0 0 0 0 267 3307
WIT 9 315 316 392 375 427 1764 0 0 0 32002 0 -1 0 0 0 32002 32002 0 0 0 0 0 0
WIT 10 315 316 322 303 310 1782 0 0 1 325 0 -1 0 0 0 32002 32002 0 0 0 0 0 3567
WIT 9 315 316 309 301 301 1782 0 0 1 315 1 1 10562 1 1 315 316 0 0 0 0 34 1782
WIT 9 315 316 303 295 315 1782 0 0 1 322 0 -1 0 0 0 32002 32002 0 0 0 0 0 3234
WIT 9 315 316 297 289 316 1782 0 0 0 32002 0 -1 0 0 0 32002 32002 0 0 0 0 0 0
WIT 9 315 316 300 292 299 1782 0 0 1 337 0 -1 0 0 0 32002 32002 0 0 0 0 0 3567
WIT 9 315 316 342 334 403 0 0 0 0 32002 0 -1 0 0 0 32002 32002 0 0 0 0 0 0
WIT 9 315 316 369 361 381 3234 0 0 0 32002 0 -1 0 0 0 32002 32002 0 0 0 0 0 0
WIT 7 340 341 317 311 334 4013 0 0 1 340 1 1 30390 1 1 340 341 0 0 0 0 13 4013
WIT 7 340 341 316 303 295 0 0 0 0 341 0 -1 0 0 0 32002 32002 0 0 0 0 0 4013
WIT 6 340 341 330 325 345 3827 0 0 0 32002 0 -1 0 0 0 32002 32002 0 0 0 0 0 0
WIT 9 340 341 316 308 325 4013 0 0 1 341 0 -1 0 0 0 32002 32002 0 0 0 0 0 3307
WIT 7 340 341 316 310 317 4013 0 0 1 341 0 -1 0 0 0 32002 32002 0 0 0 0 0 3307
WIT 6 340 341 297 292 323 4013 0 0 1 341 0 -1 0 0 0 32002 32002 0 0 0 0 0 3307
WIT 7 291 341 316 310 283 0 0 0 0 341 0 -1 0 0 0 32002 32002 0 0 0 0 0 1782
WIT 10 340 341 316 297 297 1782 0 0 1 341 0 -1 0 0 0 32002 32002 0 0 0 0 0 3307
WIT 8 340 341 324 309 311 1782 0 0 1 341 0 -1 0 0 0 32002 32002 0 0 0 0 0 3567
WIT 7 340 341 316 310 325 3307 0 0 1 341 0 -1 0 0 0 32002 32002 0 0 0 0 0 1782
WIT 7 340 341 321 315 318 1782 0 0 1 372 0 -1 0 0 0 32002 32002 0 0 0 0 0 3234
WIT 6 340 341 340 335 393 3307 0 0 0 32002 0 -1 0 0 0 32002 32002 0 0 0 0 0 0
WIT 6 340 341 316 311 441 3567 0 0 0 32002 0 -1 0 0 0 32002 32002 0 0 0 0 0 0
WIT 6 340 341 297 292 312 1782 0 0 1 341 0 -1 0 0 0 32002 32002 0 0 0 0 0 3234
WIT 6 340 341 334 329 335 1782 0 0 1 352 0 -1 0 0 0 32002 32002 0 0 0 0 0 3567
WIT 7 340 341 342 336 406 0 0 0 0 32002 0 -1 0 0 0 32002 32002 0 0 0 0 0 0
WIT 6 340 341 316 311 350 1764 0 0 0 32002 0 -1 0 0 0 32002 32002 0 0 0 0 0 0
WIT 8 340 341 334 327 358 1782 0 0 0 32002 0 -1 0 0 0 32002 32002 0 0 0 0 0 0
WIT 6 348 349 341 336 339 1782 0 0 1 349 0 -1 0 0 0 32002 32002 0 0 0 0 0 4013
WIT 7 344 345 350 344 365 3567 0 0 0 32002 0 -1 0 0 0 32002 32002 0 0 0 0 0 0
WIT 6 344 345 349 344 343 0 0 0 0 365 0 -1 0 0 0 32002 32002 0 0 0 0 0 4013
WIT 7 344 345 341 335 338 4013 0 0 1 360 0 -1 0 0 0 32002 32002 0 0 0 0 0 3307
WIT 6 344 345 341 336 352 4013 0 0 0 32002 0 -1 0 0 0 32002 32002 0 0 0 0 0 0
WIT 9 344 345 349 332 332 1782 0 0 1 349 0 -1 0 0 0 32002 32002 0 0 0 0 0 3307
WIT 8 344 345 342 335 407 0 0 0 0 32002 0 -1 0 0 0 32002 32002 0 0 0 0 0 0
WIT 7 344 345 356 350 350 1782 0 0 0 32002 0 -1 0 0 0 32002 32002 0 0 0 0 0 0
WIT 6 344 345 334 329 355 1782 0 0 0 32002 0 -1 0 0 0 32002 32002 0 0 0 0 0 0
WIT 8 359 360 345 338 338 2910 0 0 1 354 1 1 39260 1 1 359 340 0 0 0 0 35 2931
WIT 6 359 360 350 345 367 3567 0 0 0 32002 0 -1 0 0 0 32002 32002 0 0 0 0 0 0
WIT 7 330 360 345 339 323 0 0 0 0 360 0 -1 0 0 0 32002 32002 0 0 0 0 0 4013
WIT 8 359 360 346 339 355 0 0 0 0 414 0 -1 0 0 0 32002 32002 0 0 0 0 0 2908
WIT 8 359 360 343 336 336 3567 0 0 1 360 0 -1 0 0 0 32002 32002 0 0 0 0 0 2931
WIT 6 359 360 393 388 368 0 0 0 0 475 0 -1 0 0 0 32002 32002 0 0 0 0 0 3501
WIT 7 359 360 360 354 354 3567 0 0 1 363 0 -1 0 0 0 32002 32002 0 0 0 0 0 4013
WIT 8 359 360 362 347 347 3567 0 0 1 365 0 -1 0 0 0 32002 32002 0 0 0 0 0 4013
WIT 7 359 360 347 341 341 3567 0 0 1 360 0 -1 0 0 0 32002 32002 0 0 0 0 0 4013
WIT 7 359 360 395 389 346 0 0 0 0 360 0 -1 0 0 0 32002 32002 0 0 0 0 0 4013
WIT 8 359 360 391 384 376 0 0 0 0 360 0 -1 0 0 0 32002 32002 0 0 0 0 0 4013
WIT 6 -360 -359 -327 -332 -32 1372 1 0 0 32002 0 -1 0 0 0 32002 32002 0 0 0 0 0 0
WIT 9 359 360 363 346 328 0 0 0 0 359 0 -1 0 0 0 32002 32002 0 0 0 0 0 0
WIT 8 359 360 348 333 299 0 0 0 0 359 0 -1 0 0 0 32002 32002 0 0 0 0 0 0
WIT 8 336 337 337 330 -203 0 0 0 0 337 0 -1 0 0 0 32002 32002 0 0 0 0 0 3164
WIT 7 -337 -336 -297 -303 -306 0 0 0 0 -337 0 -1 0 0 0 32002 32002 0 0 0 0 0 853
WIT 7 -337 -336 -313 -319 -311 2461 0 0 0 32002 0 -1 0 0 0 32002 32002 0 0 0 0 0 0
WIT 7 330 360 345 339 313 0 0 0 0 336 0 -1 0 0 0 32002 32002 0 0 0 0 0 3307
WIT 6 335 336 341 336 352 4013 0 0 0 32002 0 -1 0 0 0 32002 32002 0 0 0 0 0 0
WIT 7 330 360 345 339 283 0 0 0 0 336 0 -1 0 0 0 32002 32002 0 0 0 0 0 1782
WIT 7 -320 -319 -336 -342 -390 0 0 0 0 -330 0 -1 0 0 0 32002 32002 0 0 0 0 0 0
WIT 8 350 351 366 359 358 0 0 0 0 351 0 -1 0 0 0 32002 32002 0 0 0 0 0 3298
WIT 6 -339 -338 -303 -308 -302 1228 0 0 0 32002 0 -1 0 0 0 32002 32002 0 0 0 0 0 0
WIT 6 -339 -338 -333 -338 -363 0 0 0 0 -337 0 -1 0 0 0 32002 32002 0 0 0 0 0 2452
WIT 8 -351 -319 -336 -343 -352 0 0 0 0 -338 0 -1 0 0 0 32002 32002 0 0 0 0 0 2479
WIT 6 -340 -339 -228 -233 -363 0 0 0 0 -228 0 -1 0 0 0 32002 32002 0 0 0 0 0 722
WIT 6 338 339 360 355 355 3567 0 0 0 32002 0 -1 0 0 0 32002 32002 0 0 0 0 0 0
WIT 6 338 339 394 389 389 3567 0 0 0 32002 0 -1 0 0 0 32002 32002 0 0 0 0 0 0
WIT 6 338 339 396 391 391 3567 0 0 0 32002 0 -1 0 0 0 32002 32002 0 0 0 0 0 0
WIT 8 -351 -319 -336 -343 -360 0 0 0 0 -339 0 -1 0 0 0 32002 32002 0 0 0 0 0 853
WIT 8 -340 -339 -336 -351 -352 0 0 0 0 -340 0 -1 0 0 0 32002 32002 0 0 0 0 0 0
WIT 8 319 351 336 329 320 0 0 0 0 339 0 -1 0 0 0 32002 32002 0 0 0 0 0 4013
WIT 8 344 345 341 334 342 4013 0 0 1 345 0 -1 0 0 0 32002 32002 0 0 0 0 0 3307
WIT 10 344 345 348 329 331 1782 0 0 1 343 1 1 40432 1 1 344 344 0 0 0 0 61 0

===========================
Total time (ms) : 16
Nodes searched  : 11400
Nodes/second    : 712500
