
Position: 1/1 (rn1q1rk1/pppb1ppp/5n2/6N1/1bB5/2N5/PPPP1PPP/R1BQ1RK1 b - - 9 8)
WIT 7 196 197 211 198 198 983 0 0 0 32002 0 -1 0 0 0 32002 32002 0 0 0 0 0 0
WIT 7 204 205 211 198 198 983 0 0 1 219 0 -1 0 0 0 32002 32002 0 0 0 0 0 528
WIT 7 214 215 217 204 204 983 0 0 1 219 0 -1 0 0 0 32002 32002 0 0 0 0 0 528
WIT 7 227 228 218 205 205 983 0 0 1 244 0 -1 0 0 0 32002 32002 0 0 0 0 0 528
WIT 7 227 228 222 209 199 0 0 0 0 231 0 -1 0 0 0 32002 32002 0 0 0 0 0 2453
WIT 7 244 245 242 229 224 0 0 0 0 243 0 -1 0 0 0 32002 32002 0 0 0 0 0 0
WIT 8 -225 -224 -219 -234 -235 0 0 0 0 -225 0 -1 0 0 0 32002 32002 0 0 0 0 0 0
WIT 6 243 244 229 224 205 0 0 0 0 248 0 -1 0 0 0 32002 32002 0 0 0 0 0 2453
WIT 6 -225 -224 -131 -136 -633 0 0 0 0 -180 0 -1 0 0 0 32002 32002 0 0 0 0 0 3957
WIT 6 -225 -224 -183 -188 -302 0 0 1 0 -214 0 -1 0 0 0 32002 32002 0 0 0 0 0 3957
WIT 6 233 234 246 241 231 0 0 0 0 247 0 -1 0 0 0 32002 32002 0 0 0 0 0 731
WIT 7 233 234 250 237 200 0 0 0 0 234 0 -1 0 0 0 32002 32002 0 0 0 0 0 1676
WIT 7 233 234 235 229 229 528 0 0 1 237 0 -1 0 0 0 32002 32002 0 0 0 0 0 2453
WIT 6 233 234 287 282 284 983 0 0 0 32002 0 -1 0 0 0 32002 32002 0 0 0 0 0 0
WIT 6 233 234 239 234 276 731 0 0 0 32002 0 -1 0 0 0 32002 32002 0 0 0 0 0 0
WIT 6 233 234 307 302 302 983 0 0 0 32002 0 -1 0 0 0 32002 32002 0 0 0 0 0 0
WIT 9 246 247 256 239 231 0 0 0 0 247 0 -1 0 0 0 32002 32002 0 0 0 0 0 1164
WIT 8 246 247 234 227 227 528 0 0 1 247 0 -1 0 0 0 32002 32002 0 0 0 0 0 2453
WIT 6 246 247 256 251 279 0 0 0 0 32002 0 -1 0 0 0 32002 32002 0 0 0 0 0 0
WIT 7 246 247 234 228 237 722 1 0 0 265 0 -1 0 0 0 32002 32002 0 0 0 0 0 594
WIT 8 246 247 234 219 178 0 0 0 0 247 0 -1 0 0 0 32002 32002 0 0 0 0 0 1676
WIT 7 246 247 236 230 230 528 0 0 1 258 0 -1 0 0 0 32002 32002 0 0 0 0 0 2453
WIT 8 246 247 237 230 243 983 0 0 1 271 0 -1 0 0 0 32002 32002 0 0 0 0 0 528
WIT 6 246 247 231 226 250 528 0 0 0 32002 0 -1 0 0 0 32002 32002 0 0 0 0 0 0
WIT 6 246 247 277 272 336 722 1 0 0 32002 0 -1 0 0 0 32002 32002 0 0 0 0 0 0
WIT 7 246 247 234 221 202 0 0 0 0 250 0 -1 0 0 0 32002 32002 0 0 0 0 0 2453
WIT 7 246 247 236 230 242 528 0 0 1 295 0 -1 0 0 0 32002 32002 0 0 0 0 0 983
WIT 7 263 264 247 234 228 0 0 0 0 264 0 -1 0 0 0 32002 32002 0 0 0 0 0 983
WIT 8 256 257 413 406 374 0 0 0 0 265 0 -1 0 0 0 32002 32002 0 0 0 0 0 2453
WIT 6 256 257 468 463 323 0 0 1 0 515 0 -1 0 0 0 32002 32002 0 0 0 0 0 399
WIT 7 256 257 300 287 264 0 0 0 0 264 0 -1 0 0 0 32002 32002 0 0 0 0 0 731
WIT 7 256 257 280 274 290 0 0 0 0 32002 0 -1 0 0 0 32002 32002 0 0 0 0 0 0
WIT 7 256 257 302 296 295 0 0 0 0 295 0 -1 0 0 0 32002 32002 0 0 0 0 0 2453
WIT 7 256 257 261 248 231 0 0 0 0 267 0 -1 0 0 0 32002 32002 0 0 0 0 0 722
WIT 8 256 257 252 245 245 528 0 0 1 297 0 -1 0 0 0 32002 32002 0 0 0 0 0 2453
WIT 6 256 257 247 242 288 2453 0 0 0 32002 0 -1 0 0 0 32002 32002 0 0 0 0 0 0
WIT 10 256 257 247 238 242 2453 0 0 1 267 0 -1 0 0 0 32002 32002 0 0 0 0 0 528
WIT 6 256 257 256 251 278 0 0 0 0 32002 0 -1 0 0 0 32002 32002 0 0 0 0 0 0
WIT 7 256 257 262 256 264 722 1 0 0 32002 0 -1 0 0 0 32002 32002 0 0 0 0 0 0
WIT 9 256 257 252 235 218 0 0 0 0 257 0 -1 0 0 0 32002 32002 0 0 0 0 0 1676
WIT 8 256 257 268 261 272 983 0 0 0 32002 0 -1 0 0 0 32002 32002 0 0 0 0 0 0
WIT 8 256 257 252 245 245 528 0 0 1 257 0 -1 0 0 0 32002 32002 0 0 0 0 0 983
WIT 6 256 257 277 272 336 722 1 0 0 32002 0 -1 0 0 0 32002 32002 0 0 0 0 0 0
WIT 8 256 257 332 325 352 983 0 0 0 32002 0 -1 0 0 0 32002 32002 0 0 0 0 0 0
WIT 8 256 257 289 282 282 2453 0 0 0 32002 0 -1 0 0 0 32002 32002 0 0 0 0 0 0
WIT 8 256 257 265 258 261 528 0 0 0 32002 0 -1 0 0 0 32002 32002 0 0 0 0 0 0
WIT 8 256 257 263 256 317 528 0 0 0 32002 0 -1 0 0 0 32002 32002 0 0 0 0 0 0
WIT 8 256 257 256 249 355 528 0 0 0 32002 0 -1 0 0 0 32002 32002 0 0 0 0 0 0
WIT 8 256 257 311 304 333 983 0 0 0 32002 0 -1 0 0 0 32002 32002 0 0 0 0 0 0
WIT 7 257 267 257 251 236 0 0 0 0 257 0 -1 0 0 0 32002 32002 0 0 0 0 0 798
WIT 8 266 267 269 262 280 2453 0 0 0 32002 0 -1 0 0 0 32002 32002 0 0 0 0 0 0
WIT 7 266 267 462 456 576 1049 1 0 0 32002 0 -1 0 0 0 32002 32002 0 0 0 0 0 0
WIT 7 266 267 312 306 335 1049 1 0 0 32002 0 -1 0 0 0 32002 32002 0 0 0 0 0 0
WIT 7 257 267 257 251 217 0 0 0 0 267 0 -1 0 0 0 32002 32002 0 0 0 0 0 1676
WIT 10 266 267 265 246 246 594 1 0 0 258 0 -1 0 0 0 32002 32002 0 0 0 0 0 0
WIT 6 266 267 267 262 300 0 0 0 0 32002 0 -1 0 0 0 32002 32002 0 0 0 0 0 0
WIT 8 266 267 307 300 300 1676 0 0 0 32002 0 -1 0 0 0 32002 32002 0 0 0 0 0 0
WIT 8 266 267 297 290 275 0 0 0 0 267 0 -1 0 0 0 32002 32002 0 0 0 0 0 2453
WIT 6 -267 -266 -218 -223 -248 0 0 0 0 -251 0 -1 0 0 0 32002 32002 0 0 0 0 0 1959
WIT 9 266 267 265 257 256 0 0 0 0 253 0 -1 0 0 0 32002 32002 0 0 0 0 0 0
WIT 8 266 267 264 249 246 0 0 0 0 254 0 -1 0 0 0 32002 32002 0 0 0 0 0 0
WIT 7 266 267 263 250 244 0 0 0 0 255 0 -1 0 0 0 32002 32002 0 0 0 0 0 0
WIT 6 -258 -257 -188 -193 -203 0 0 1 0 -108 0 -1 0 0 0 32002 32002 0 0 0 0 0 3957
WIT 7 -258 -257 -20 -26 -148 0 0 0 0 -152 0 -1 0 0 0 32002 32002 0 0 0 0 0 3957
WIT 8 -258 -257 -253 -260 -261 0 0 0 0 -252 0 -1 0 0 0 32002 32002 0 0 0 0 0 3964
WIT 8 -258 -257 -253 -260 -260 1941 1 0 0 -253 0 -1 0 0 0 32002 32002 0 0 0 0 0 3567
WIT 10 -258 -257 -214 -223 -234 0 0 0 0 -257 0 -1 0 0 0 32002 32002 0 0 0 0 0 3294
WIT 6 257 258 242 237 237 722 1 0 0 278 0 -1 0 0 0 32002 32002 0 0 0 0 0 594
WIT 7 266 267 303 297 255 0 0 0 0 314 0 -1 0 0 0 32002 32002 0 0 0 0 0 594
WIT 7 266 267 258 252 252 528 0 0 1 277 0 -1 0 0 0 32002 32002 0 0 0 0 0 723
WIT 9 266 267 275 267 299 722 1 0 0 32002 0 -1 0 0 0 32002 32002 0 0 0 0 0 0
WIT 8 266 267 258 243 231 0 0 0 0 262 0 -1 0 0 0 32002 32002 0 0 0 0 0 0
WIT 7 -260 -259 -242 -248 -248 3567 0 0 0 32002 0 -1 0 0 0 32002 32002 0 0 0 0 0 0
WIT 6 -260 -259 -218 -223 -193 3964 0 0 0 32002 0 -1 0 0 0 32002 32002 0 0 0 0 0 0
WIT 6 -260 -259 -188 -193 -205 0 0 0 0 -239 0 -1 0 0 0 32002 32002 0 0 0 0 0 3294
WIT 6 -260 -259 -224 -229 -229 2724 0 0 0 32002 0 -1 0 0 0 32002 32002 0 0 0 0 0 0
WIT 8 257 267 257 250 242 0 0 0 0 253 0 -1 0 0 0 32002 32002 0 0 0 0 0 983
WIT 9 258 259 266 258 258 983 0 0 1 280 0 -1 0 0 0 32002 32002 0 0 0 0 0 528
WIT 9 258 259 257 240 233 0 0 0 0 259 0 -1 0 0 0 32002 32002 0 0 0 0 0 1164
WIT 8 258 259 256 249 299 0 0 0 0 32002 0 -1 0 0 0 32002 32002 0 0 0 0 0 0
WIT 9 258 259 262 254 278 722 1 0 0 32002 0 -1 0 0 0 32002 32002 0 0 0 0 0 0
WIT 7 258 259 263 257 315 0 0 0 0 32002 0 -1 0 0 0 32002 32002 0 0 0 0 0 0
WIT 8 258 259 257 242 203 0 0 0 0 259 0 -1 0 0 0 32002 32002 0 0 0 0 0 1676
WIT 9 258 259 257 249 249 528 0 0 1 259 0 -1 0 0 0 32002 32002 0 0 0 0 0 983
WIT 9 258 259 268 260 266 983 0 0 0 32002 0 -1 0 0 0 32002 32002 0 0 0 0 0 0
WIT 7 258 259 277 271 337 722 1 0 0 32002 0 -1 0 0 0 32002 32002 0 0 0 0 0 0
WIT 8 258 259 257 242 221 0 0 0 0 259 0 -1 0 0 0 32002 32002 0 0 0 0 0 2453
WIT 6 258 259 332 327 349 983 0 0 0 32002 0 -1 0 0 0 32002 32002 0 0 0 0 0 0
WIT 6 258 259 257 252 292 2453 0 0 0 32002 0 -1 0 0 0 32002 32002 0 0 0 0 0 0
WIT 6 258 259 263 258 311 528 0 0 0 32002 0 -1 0 0 0 32002 32002 0 0 0 0 0 0
WIT 6 258 259 256 251 251 983 0 0 1 265 0 -1 0 0 0 32002 32002 0 0 0 0 0 2453
WIT 6 258 259 311 306 330 983 0 0 0 32002 0 -1 0 0 0 32002 32002 0 0 0 0 0 0
WIT 7 264 265 259 253 253 723 0 0 1 265 0 -1 0 0 0 32002 32002 0 0 0 0 0 731
WIT 7 -244 -243 -210 -223 -250 0 0 0 0 -243 0 -1 0 0 0 32002 32002 0 0 0 0 0 3567
WIT 6 -244 -243 -233 -238 -224 3957 1 1 0 32002 0 -1 0 0 0 32002 32002 0 0 0 0 0 0
WIT 9 -244 -243 -252 -260 -261 0 0 0 0 -237 0 -1 0 0 0 32002 32002 0 0 0 0 0 1959
WIT 8 -244 -243 -253 -260 -267 0 0 0 0 -237 0 -1 0 0 0 32002 32002 0 0 0 0 0 3964
WIT 10 -244 -243 -250 -259 -279 0 0 0 0 -243 0 -1 0 0 0 32002 32002 0 0 0 0 0 1941
WIT 7 -244 -243 -254 -267 -283 0 0 0 0 -244 0 -1 0 0 0 32002 32002 0 0 0 0 0 0
WIT 7 243 244 298 292 263 0 0 0 0 250 0 -1 0 0 0 32002 32002 0 0 0 0 0 1380
WIT 8 243 244 276 269 235 0 0 0 0 244 0 -1 0 0 0 32002 32002 0 0 0 0 0 2453
WIT 8 243 244 290 275 274 0 0 0 0 249 0 -1 0 0 0 32002 32002 0 0 0 0 0 2453
WIT 8 243 244 267 252 250 0 0 0 0 244 0 -1 0 0 0 32002 32002 0 0 0 0 0 722
WIT 8 -244 -243 -253 -260 -259 2724 0 0 1 -243 0 -1 0 0 0 32002 32002 0 0 0 0 0 3294
WIT 7 -244 -243 -253 -259 -223 3567 0 0 0 32002 0 -1 0 0 0 32002 32002 0 0 0 0 0 0
WIT 6 -244 -243 -237 -242 -232 3567 0 0 0 32002 0 -1 0 0 0 32002 32002 0 0 0 0 0 0
WIT 7 -244 -243 -257 -263 -256 3567 0 0 1 -226 0 -1 0 0 0 32002 32002 0 0 0 0 0 3964
WIT 6 -244 -243 -240 -245 -260 0 0 0 0 -223 0 -1 0 0 0 32002 32002 0 0 0 0 0 1634
WIT 11 -244 -243 -257 -278 -274 1941 1 0 0 -228 0 -1 0 0 0 32002 32002 0 0 0 0 0 1959
WIT 7 -244 -243 -252 -258 -249 1959 0 0 1 -237 0 -1 0 0 0 32002 32002 0 0 0 0 0 3567
WIT 6 -244 -243 -252 -257 -259 0 0 0 0 -237 0 -1 0 0 0 32002 32002 0 0 0 0 0 3964
WIT 11 -244 -243 -253 -263 -246 1634 0 0 1 -243 0 -1 0 0 0 32002 32002 0 0 0 0 0 1643
WIT 10 -244 -243 -255 -264 -257 2715 0 0 1 -238 0 -1 0 0 0 32002 32002 0 0 0 0 0 3964
WIT 8 -244 -243 -257 -264 -264 1941 1 0 0 -230 0 -1 0 0 0 32002 32002 0 0 0 0 0 3964
WIT 10 -244 -243 -257 -276 -277 0 0 0 0 -243 0 -1 0 0 0 32002 32002 0 0 0 0 0 3294
WIT 9 -244 -243 -180 -188 -679 0 0 1 0 -174 0 -1 0 0 0 32002 32002 0 0 0 0 0 4021
WIT 9 -244 -243 -185 -202 -320 0 0 0 0 -180 0 -1 0 0 0 32002 32002 0 0 0 0 0 3957
WIT 9 -244 -243 -181 -189 -231 0 0 0 0 -174 0 -1 0 0 0 32002 32002 0 0 0 0 0 4021
WIT 9 -244 -243 -215 -232 -310 0 0 1 0 -180 0 -1 0 0 0 32002 32002 0 0 0 0 0 3957
WIT 9 -244 -243 -241 -258 -254 2724 0 0 1 -239 0 -1 0 0 0 32002 32002 0 0 0 0 0 3294
WIT 8 -244 -243 -257 -264 -243 3301 0 0 0 32002 0 -1 0 0 0 32002 32002 0 0 0 0 0 0
WIT 7 -244 -243 -249 -255 -174 2724 0 0 0 32002 0 -1 0 0 0 32002 32002 0 0 0 0 0 0
WIT 7 -244 -243 -224 -230 -203 2724 0 0 0 32002 0 -1 0 0 0 32002 32002 0 0 0 0 0 0
WIT 8 -244 -243 -225 -232 -233 0 0 0 0 -243 0 -1 0 0 0 32002 32002 0 0 0 0 0 3294
WIT 7 -244 -243 -228 -234 -199 0 0 0 0 32002 0 -1 0 0 0 32002 32002 0 0 0 0 0 0
WIT 8 -244 -243 -222 -229 -205 0 0 0 0 32002 0 -1 0 0 0 32002 32002 0 0 0 0 0 0
WIT 8 -244 -243 -224 -231 -219 2724 0 0 0 32002 0 -1 0 0 0 32002 32002 0 0 0 0 0 0
WIT 9 243 265 259 251 251 528 0 0 1 243 1 1 24160 1 1 243 243 0 0 0 0 600 0
WIT 7 -233 -232 -238 -244 -245 0 0 0 0 -207 0 -1 0 0 0 32002 32002 0 0 0 0 0 1618
WIT 9 -233 -232 -204 -212 -161 2330 1 0 0 32002 0 -1 0 0 0 32002 32002 0 0 0 0 0 0
WIT 6 -233 -232 -243 -248 -230 2350 0 0 0 32002 0 -1 0 0 0 32002 32002 0 0 0 0 0 0
WIT 9 -233 -232 -243 -260 -237 2350 0 0 1 -232 0 -1 0 0 0 32002 32002 0 0 0 0 0 3567
WIT 7 -254 -232 -243 -249 -266 0 0 0 0 -232 0 -1 0 0 0 32002 32002 0 0 0 0 0 2724
WIT 7 232 233 482 469 352 0 0 1 0 563 0 -1 0 0 0 32002 32002 0 0 0 0 0 399
WIT 6 232 233 282 277 293 723 0 0 0 32002 0 -1 0 0 0 32002 32002 0 0 0 0 0 0
WIT 10 -233 -232 -243 -262 -263 0 0 0 0 -242 0 -1 0 0 0 32002 32002 0 0 0 0 0 0
WIT 6 -235 -234 -240 -245 -206 3964 0 0 0 32002 0 -1 0 0 0 32002 32002 0 0 0 0 0 0
WIT 6 -235 -234 -243 -248 -244 1634 0 0 1 -226 0 -1 0 0 0 32002 32002 0 0 0 0 0 1643
WIT 7 -235 -234 -243 -249 -248 3567 0 0 1 -203 0 -1 0 0 0 32002 32002 0 0 0 0 0 3294
WIT 6 252 253 282 277 255 0 0 0 0 253 0 -1 0 0 0 32002 32002 0 0 0 0 0 983
WIT 7 252 253 280 274 280 2453 0 0 0 32002 0 -1 0 0 0 32002 32002 0 0 0 0 0 0
WIT 6 252 253 284 279 304 1676 0 0 0 32002 0 -1 0 0 0 32002 32002 0 0 0 0 0 0
WIT 10 243 244 261 252 256 528 0 0 0 32002 0 -1 0 0 0 32002 32002 0 0 0 0 0 0
WIT 10 243 244 277 268 289 2453 0 0 0 32002 0 -1 0 0 0 32002 32002 0 0 0 0 0 0
WIT 6 243 244 283 278 310 658 0 0 0 32002 0 -1 0 0 0 32002 32002 0 0 0 0 0 0
WIT 10 243 244 259 240 239 0 0 0 0 256 0 -1 0 0 0 32002 32002 0 0 0 0 0 1164
WIT 8 243 244 262 255 274 798 1 0 0 32002 0 -1 0 0 0 32002 32002 0 0 0 0 0 0
WIT 6 243 244 256 251 303 0 0 0 0 32002 0 -1 0 0 0 32002 32002 0 0 0 0 0 0
WIT 6 243 244 263 258 311 0 0 0 0 32002 0 -1 0 0 0 32002 32002 0 0 0 0 0 0
WIT 9 243 244 259 242 159 0 0 0 0 244 0 -1 0 0 0 32002 32002 0 0 0 0 0 1676
WIT 7 243 244 265 259 262 528 0 0 0 32002 0 -1 0 0 0 32002 32002 0 0 0 0 0 0
WIT 6 243 244 264 259 347 528 0 0 0 32002 0 -1 0 0 0 32002 32002 0 0 0 0 0 0
WIT 6 253 254 249 244 261 0 0 0 0 32002 0 -1 0 0 0 32002 32002 0 0 0 0 0 0
WIT 6 253 254 244 239 170 0 0 0 0 254 0 -1 0 0 0 32002 32002 0 0 0 0 0 166
WIT 9 253 254 293 285 132 0 0 1 0 284 0 -1 0 0 0 32002 32002 0 0 0 0 0 789
WIT 8 253 254 250 243 262 148 0 0 0 32002 0 -1 0 0 0 32002 32002 0 0 0 0 0 0
WIT 9 253 254 249 241 240 0 0 0 0 262 0 -1 0 0 0 32002 32002 0 0 0 0 0 1380
WIT 8 253 254 244 229 206 0 0 0 0 261 0 -1 0 0 0 32002 32002 0 0 0 0 0 2453
WIT 8 253 254 273 266 257 0 0 0 0 254 0 -1 0 0 0 32002 32002 0 0 0 0 0 2453
WIT 7 253 254 298 292 294 324 0 0 0 32002 0 -1 0 0 0 32002 32002 0 0 0 0 0 0
WIT 6 253 254 261 256 253 0 0 0 0 262 0 -1 0 0 0 32002 32002 0 0 0 0 0 166
WIT 8 253 254 268 261 260 0 0 0 0 261 0 -1 0 0 0 32002 32002 0 0 0 0 0 2453
WIT 11 253 254 255 245 260 148 0 0 0 32002 0 -1 0 0 0 32002 32002 0 0 0 0 0 0
WIT 10 253 254 248 229 228 0 0 0 0 255 0 -1 0 0 0 32002 32002 0 0 0 0 0 2453
WIT 7 253 254 267 261 298 0 0 0 0 32002 0 -1 0 0 0 32002 32002 0 0 0 0 0 0
WIT 10 -254 -253 -237 -246 -244 1959 0 0 0 32002 0 -1 0 0 0 32002 32002 0 0 0 0 0 0
WIT 9 -254 -253 -237 -245 -251 0 0 0 0 -244 0 -1 0 0 0 32002 32002 0 0 0 0 0 3964
WIT 7 -254 -253 -243 -249 -246 3567 0 0 0 32002 0 -1 0 0 0 32002 32002 0 0 0 0 0 0
WIT 8 -254 -253 -230 -237 -242 0 0 0 0 -246 0 -1 0 0 0 32002 32002 0 0 0 0 0 3294
WIT 7 -254 -253 -234 -240 -219 3567 0 0 0 32002 0 -1 0 0 0 32002 32002 0 0 0 0 0 0
WIT 6 -254 -253 -225 -230 -228 3294 0 0 0 32002 0 -1 0 0 0 32002 32002 0 0 0 0 0 0
WIT 7 -254 -234 -246 -252 -237 3964 0 0 1 -254 1 1 1692 1 1 -254 -298 0 0 0 0 33 0
WIT 8 -254 -234 -246 -253 -254 0 0 0 0 -254 0 -1 0 0 0 32002 32002 0 0 0 0 0 0
WIT 11 253 254 307 297 297 1676 0 0 0 32002 0 -1 0 0 0 32002 32002 0 0 0 0 0 0
WIT 11 253 254 526 505 375 0 0 1 0 274 0 -1 0 0 0 32002 32002 0 0 0 0 0 399
WIT 8 -254 -234 -246 -253 -307 0 0 0 0 -254 0 -1 0 0 0 32002 32002 0 0 0 0 0 0
WIT 10 253 254 253 234 233 0 0 0 0 253 0 -1 0 0 0 32002 32002 0 0 0 0 0 2460
WIT 6 253 254 274 269 273 0 0 0 0 32002 0 -1 0 0 0 32002 32002 0 0 0 0 0 0
WIT 8 253 254 267 260 296 1932 0 0 0 32002 0 -1 0 0 0 32002 32002 0 0 0 0 0 0
WIT 11 253 254 267 246 227 0 0 0 0 254 0 -1 0 0 0 32002 32002 0 0 0 0 0 798
WIT 6 253 254 297 292 320 731 0 0 0 32002 0 -1 0 0 0 32002 32002 0 0 0 0 0 0
WIT 11 253 254 278 257 221 0 0 0 0 258 0 -1 0 0 0 32002 32002 0 0 0 0 0 1164
WIT 7 253 254 268 262 301 0 0 0 0 32002 0 -1 0 0 0 32002 32002 0 0 0 0 0 0
WIT 8 253 254 462 455 576 1049 1 0 0 32002 0 -1 0 0 0 32002 32002 0 0 0 0 0 0
WIT 10 253 254 267 248 217 0 0 0 0 254 0 -1 0 0 0 32002 32002 0 0 0 0 0 1676
WIT 8 253 254 280 273 279 2453 0 0 0 32002 0 -1 0 0 0 32002 32002 0 0 0 0 0 0
WIT 7 253 254 287 281 278 0 0 0 0 266 0 -1 0 0 0 32002 32002 0 0 0 0 0 731
WIT 13 253 254 244 219 219 2453 0 0 1 255 0 -1 0 0 0 32002 32002 0 0 0 0 0 1676
WIT 8 253 254 331 324 340 983 0 0 0 32002 0 -1 0 0 0 32002 32002 0 0 0 0 0 0
WIT 8 253 254 257 250 271 528 0 0 0 32002 0 -1 0 0 0 32002 32002 0 0 0 0 0 0
WIT 8 253 254 289 282 282 2453 0 0 0 32002 0 -1 0 0 0 32002 32002 0 0 0 0 0 0
WIT 10 253 254 265 256 264 2453 0 0 0 32002 0 -1 0 0 0 32002 32002 0 0 0 0 0 0
WIT 7 253 254 259 253 250 0 0 0 0 257 0 -1 0 0 0 32002 32002 0 0 0 0 0 528
WIT 12 253 254 259 248 248 528 0 0 1 256 0 -1 0 0 0 32002 32002 0 0 0 0 0 983
WIT 11 253 254 268 258 266 983 0 0 0 32002 0 -1 0 0 0 32002 32002 0 0 0 0 0 0
WIT 9 253 254 277 269 341 722 1 0 0 32002 0 -1 0 0 0 32002 32002 0 0 0 0 0 0
WIT 6 253 254 265 260 344 983 0 0 0 32002 0 -1 0 0 0 32002 32002 0 0 0 0 0 0
WIT 11 253 254 259 238 217 0 0 0 0 255 0 -1 0 0 0 32002 32002 0 0 0 0 0 2453
WIT 9 253 254 264 256 256 528 0 0 0 32002 0 -1 0 0 0 32002 32002 0 0 0 0 0 0
WIT 7 253 254 247 241 243 1180 0 0 1 253 1 1 -4688 1 1 253 268 0 0 0 0 22 1180
WIT 9 253 254 273 265 256 0 0 0 0 265 0 -1 0 0 0 32002 32002 0 0 0 0 0 528
WIT 8 253 254 295 288 343 2453 0 0 0 32002 0 -1 0 0 0 32002 32002 0 0 0 0 0 0
WIT 8 253 254 349 342 374 2453 0 0 0 32002 0 -1 0 0 0 32002 32002 0 0 0 0 0 0
WIT 9 263 264 250 242 266 148 0 0 0 32002 0 -1 0 0 0 32002 32002 0 0 0 0 0 0
WIT 9 263 264 261 244 241 0 0 0 0 266 0 -1 0 0 0 32002 32002 0 0 0 0 0 1380
WIT 8 263 264 274 267 280 166 0 0 0 32002 0 -1 0 0 0 32002 32002 0 0 0 0 0 0
WIT 7 263 264 254 248 237 0 0 0 0 264 0 -1 0 0 0 32002 32002 0 0 0 0 0 2477
WIT 8 263 264 254 239 223 0 0 0 0 264 0 -1 0 0 0 32002 32002 0 0 0 0 0 166
WIT 6 -255 -254 -236 -241 -312 0 0 0 0 -199 0 -1 0 0 0 32002 32002 0 0 0 0 0 2350
WIT 6 -255 -254 -118 -123 -191 0 0 0 0 -96 0 -1 0 0 0 32002 32002 0 0 0 0 0 2325
WIT 8 254 264 254 247 214 0 0 0 0 252 0 -1 0 0 0 32002 32002 0 0 0 0 0 0
WIT 7 254 264 255 249 254 324 0 0 1 277 0 -1 0 0 0 32002 32002 0 0 0 0 0 2453
WIT 8 263 264 301 294 293 0 0 0 0 305 0 -1 0 0 0 32002 32002 0 0 0 0 0 157
WIT 9 254 264 254 246 245 0 0 0 0 254 0 -1 0 0 0 32002 32002 0 0 0 0 0 1672
WIT 11 263 264 254 233 230 0 0 0 0 264 0 -1 0 0 0 32002 32002 0 0 0 0 0 2453
WIT 10 263 264 303 294 294 1672 0 0 0 32002 0 -1 0 0 0 32002 32002 0 0 0 0 0 0
WIT 8 263 264 282 275 414 157 0 0 0 32002 0 -1 0 0 0 32002 32002 0 0 0 0 0 0
WIT 8 263 264 262 255 272 157 0 0 0 32002 0 -1 0 0 0 32002 32002 0 0 0 0 0 0
WIT 8 263 264 272 265 276 1672 0 0 0 32002 0 -1 0 0 0 32002 32002 0 0 0 0 0 0
WIT 10 254 264 254 245 234 0 0 0 0 264 0 -1 0 0 0 32002 32002 0 0 0 0 0 722
WIT 7 263 264 500 494 328 0 0 0 0 325 0 -1 0 0 0 32002 32002 0 0 0 0 0 213
WIT 6 263 264 263 258 121 0 0 1 0 264 0 -1 0 0 0 32002 32002 0 0 0 0 0 399
WIT 11 263 264 254 233 233 1676 0 0 1 264 0 -1 0 0 0 32002 32002 0 0 0 0 0 148
WIT 8 -264 -263 -160 -167 -688 0 0 0 0 -219 0 -1 0 0 0 32002 32002 0 0 0 0 0 2767
WIT 13 263 264 272 247 245 0 0 1 0 277 0 -1 0 0 0 32002 32002 0 0 0 0 0 399
WIT 10 263 264 289 280 290 1676 0 0 0 32002 0 -1 0 0 0 32002 32002 0 0 0 0 0 0
WIT 9 263 264 284 276 276 2460 0 0 0 32002 0 -1 0 0 0 32002 32002 0 0 0 0 0 0
WIT 8 263 264 254 247 220 0 0 0 0 264 0 -1 0 0 0 32002 32002 0 0 0 0 0 1676
WIT 12 263 264 254 231 230 0 0 0 0 264 0 -1 0 0 0 32002 32002 0 0 0 0 0 731
WIT 6 263 264 261 256 56 0 0 0 0 266 0 -1 0 0 0 32002 32002 0 0 0 0 0 1180
WIT 6 263 264 260 255 249 0 0 0 0 264 0 -1 0 0 0 32002 32002 0 0 0 0 0 723
WIT 11 263 264 259 238 238 723 0 0 1 264 0 -1 0 0 0 32002 32002 0 0 0 0 0 2460
WIT 7 263 264 266 260 255 0 0 0 0 268 0 -1 0 0 0 32002 32002 0 0 0 0 0 157
WIT 11 263 264 264 243 96 0 0 0 0 264 0 -1 0 0 0 32002 32002 0 0 0 0 0 323
WIT 11 263 264 276 266 266 324 0 0 0 32002 0 -1 0 0 0 32002 32002 0 0 0 0 0 0
WIT 11 263 264 263 242 223 0 0 0 0 264 0 -1 0 0 0 32002 32002 0 0 0 0 0 722
WIT 11 263 264 268 258 268 723 0 0 0 32002 0 -1 0 0 0 32002 32002 0 0 0 0 0 0
WIT 6 263 264 260 255 260 0 0 0 0 272 0 -1 0 0 0 32002 32002 0 0 0 0 0 222
WIT 11 263 264 254 244 244 1932 0 0 1 264 0 -1 0 0 0 32002 32002 0 0 0 0 0 658
WIT 6 -264 -263 -427 -432 -645 0 0 0 0 -231 0 -1 0 0 0 32002 32002 0 0 0 0 0 2910
WIT 7 -264 -263 -231 -237 -569 0 0 0 0 -293 0 -1 0 0 0 32002 32002 0 0 0 0 0 0
WIT 9 -264 -263 -235 -243 -523 0 0 0 0 -290 0 -1 0 0 0 32002 32002 0 0 0 0 0 0
WIT 11 263 264 254 233 224 0 0 0 0 264 0 -1 0 0 0 32002 32002 0 0 0 0 0 798
WIT 12 263 264 266 255 289 2453 0 0 0 32002 0 -1 0 0 0 32002 32002 0 0 0 0 0 0
WIT 10 263 264 283 274 330 2453 0 0 0 32002 0 -1 0 0 0 32002 32002 0 0 0 0 0 0
WIT 8 263 264 297 290 318 731 0 0 0 32002 0 -1 0 0 0 32002 32002 0 0 0 0 0 0
WIT 7 263 264 297 291 354 2453 0 0 0 32002 0 -1 0 0 0 32002 32002 0 0 0 0 0 0
WIT 12 263 264 257 234 208 0 0 0 0 289 0 -1 0 0 0 32002 32002 0 0 0 0 0 1164
WIT 11 263 264 298 288 342 1049 1 0 0 32002 0 -1 0 0 0 32002 32002 0 0 0 0 0 0
WIT 8 263 264 268 261 309 0 0 0 0 32002 0 -1 0 0 0 32002 32002 0 0 0 0 0 0
WIT 10 263 264 254 235 217 0 0 0 0 264 0 -1 0 0 0 32002 32002 0 0 0 0 0 1676
WIT 9 263 264 268 260 255 0 0 0 0 264 0 -1 0 0 0 32002 32002 0 0 0 0 0 1049
WIT 9 263 264 280 272 280 2453 0 0 0 32002 0 -1 0 0 0 32002 32002 0 0 0 0 0 0
WIT 11 254 264 254 244 243 0 0 0 0 264 0 -1 0 0 0 32002 32002 0 0 0 0 0 528
WIT 8 440 441 459 452 488 157 0 0 0 32002 0 -1 0 0 0 32002 32002 0 0 0 0 0 0
WIT 9 263 264 267 259 308 1347 0 0 0 32002 0 -1 0 0 0 32002 32002 0 0 0 0 0 0
WIT 7 263 264 257 244 208 0 0 0 0 308 0 -1 0 0 0 32002 32002 0 0 0 0 0 213
WIT 12 263 264 256 245 245 528 0 0 1 303 0 -1 0 0 0 32002 32002 0 0 0 0 0 2453
WIT 7 263 264 277 271 480 722 1 0 0 32002 0 -1 0 0 0 32002 32002 0 0 0 0 0 0
WIT 7 263 264 255 249 249 528 0 0 1 269 0 -1 0 0 0 32002 32002 0 0 0 0 0 983
WIT 12 263 264 254 231 231 2460 0 0 1 265 0 -1 0 0 0 32002 32002 0 0 0 0 0 2453
WIT 6 -264 -263 -242 -247 -261 0 0 0 0 -248 0 -1 0 0 0 32002 32002 0 0 0 0 0 3234
WIT 13 263 264 255 230 228 0 0 0 0 263 0 -1 0 0 0 32002 32002 0 0 0 0 0 0
WIT 12 263 264 254 231 229 0 0 0 0 263 0 -1 0 0 0 32002 32002 0 0 0 0 0 0
WIT 6 -255 -254 -225 -230 -212 3690 0 0 0 32002 0 -1 0 0 0 32002 32002 0 0 0 0 0 0
WIT 7 -255 -254 -221 -227 -223 3690 0 0 0 32002 0 -1 0 0 0 32002 32002 0 0 0 0 0 0
WIT 8 -264 -254 -263 -270 -278 0 0 0 0 -254 0 -1 0 0 0 32002 32002 0 0 0 0 0 1661
WIT 9 -255 -254 -244 -252 -254 0 0 0 0 -249 0 -1 0 0 0 32002 32002 0 0 0 0 0 3567
WIT 11 254 255 255 245 234 0 0 0 0 254 0 -1 0 0 0 32002 32002 0 0 0 0 0 0
WIT 9 -255 -254 -255 -263 -274 0 0 0 0 -254 0 -1 0 0 0 32002 32002 0 0 0 0 0 3234
WIT 11 -255 -254 -256 -266 -283 0 0 0 0 -254 0 -1 0 0 0 32002 32002 0 0 0 0 0 1661
WIT 11 -255 -254 -249 -259 -230 3567 0 0 0 32002 0 -1 0 0 0 32002 32002 0 0 0 0 0 0
WIT 6 -255 -254 -216 -221 -209 3567 0 0 0 32002 0 -1 0 0 0 32002 32002 0 0 0 0 0 0
WIT 12 -255 -254 -254 -265 -300 0 0 0 0 -254 0 -1 0 0 0 32002 32002 0 0 0 0 0 3234
WIT 11 -255 -254 -263 -273 -283 0 0 0 0 -259 0 -1 0 0 0 32002 32002 0 0 0 0 0 0
WIT 6 263 264 260 255 209 0 0 0 0 299 0 -1 0 0 0 32002 32002 0 0 0 0 0 2453
WIT 9 263 264 255 247 315 2453 0 0 0 32002 0 -1 0 0 0 32002 32002 0 0 0 0 0 0
WIT 9 263 264 255 247 226 0 0 0 0 264 0 -1 0 0 0 32002 32002 0 0 0 0 0 2453
WIT 7 263 264 255 249 249 2453 0 0 1 260 1 1 29543 1 1 263 265 0 0 0 0 30 2453
WIT 7 263 264 258 252 291 658 0 0 0 32002 0 -1 0 0 0 32002 32002 0 0 0 0 0 0
WIT 10 263 264 277 268 282 2453 0 0 0 32002 0 -1 0 0 0 32002 32002 0 0 0 0 0 0
WIT 9 263 264 292 284 269 0 0 0 0 264 0 -1 0 0 0 32002 32002 0 0 0 0 0 2453
WIT 10 263 264 276 267 267 731 0 0 0 32002 0 -1 0 0 0 32002 32002 0 0 0 0 0 0
WIT 8 -264 -254 -263 -270 -277 0 0 0 0 -264 0 -1 0 0 0 32002 32002 0 0 0 0 0 0
WIT 10 263 264 266 257 257 2453 0 0 1 270 0 -1 0 0 0 32002 32002 0 0 0 0 0 528
WIT 9 263 264 262 254 254 798 1 0 0 233 0 -1 0 0 0 32002 32002 0 0 0 0 0 798
WIT 7 263 264 263 257 308 0 0 0 0 32002 0 -1 0 0 0 32002 32002 0 0 0 0 0 0
WIT 9 -264 -254 -263 -271 -272 0 0 0 0 -264 0 -1 0 0 0 32002 32002 0 0 0 0 0 0
WIT 11 263 264 334 324 333 2453 0 0 0 32002 0 -1 0 0 0 32002 32002 0 0 0 0 0 0
WIT 6 263 264 254 249 250 2453 0 0 1 264 0 -1 0 0 0 32002 32002 0 0 0 0 0 528
WIT 11 263 264 254 244 259 2453 0 0 1 264 0 -1 0 0 0 32002 32002 0 0 0 0 0 983
WIT 12 263 264 264 241 241 2453 0 0 1 265 0 -1 0 0 0 32002 32002 0 0 0 0 0 528
WIT 6 276 277 328 323 336 0 0 0 0 32002 0 -1 0 0 0 32002 32002 0 0 0 0 0 0
WIT 8 264 277 304 297 251 0 0 0 0 277 0 -1 0 0 0 32002 32002 0 0 0 0 0 148
WIT 10 276 277 361 352 332 0 0 0 0 371 0 -1 0 0 0 32002 32002 0 0 0 0 0 251
WIT 9 276 277 277 269 66 0 0 1 0 283 0 -1 0 0 0 32002 32002 0 0 0 0 0 213
WIT 8 264 277 275 268 267 0 0 0 0 277 0 -1 0 0 0 32002 32002 0 0 0 0 0 2453
WIT 8 -277 -276 -243 -258 -250 3234 0 0 0 32002 0 -1 0 0 0 32002 32002 0 0 0 0 0 0
WIT 9 276 277 265 257 315 0 0 0 0 32002 0 -1 0 0 0 32002 32002 0 0 0 0 0 0
WIT 9 276 277 269 261 288 861 0 0 0 32002 0 -1 0 0 0 32002 32002 0 0 0 0 0 0
WIT 9 276 277 300 283 301 861 0 0 0 32002 0 -1 0 0 0 32002 32002 0 0 0 0 0 0
WIT 8 276 277 272 265 268 251 1 0 0 277 0 -1 0 0 0 32002 32002 0 0 0 0 0 324
WIT 9 276 277 264 256 296 0 0 0 0 32002 0 -1 0 0 0 32002 32002 0 0 0 0 0 0
WIT 8 276 277 264 257 261 861 0 0 1 335 0 -1 0 0 0 32002 32002 0 0 0 0 0 157
WIT 8 276 277 316 309 394 861 0 0 0 32002 0 -1 0 0 0 32002 32002 0 0 0 0 0 0
WIT 9 264 277 264 256 254 0 0 0 0 277 0 -1 0 0 0 32002 32002 0 0 0 0 0 1672
WIT 12 276 277 268 257 257 1676 0 0 1 280 0 -1 0 0 0 32002 32002 0 0 0 0 0 251
WIT 7 276 277 278 272 277 1672 0 0 0 32002 0 -1 0 0 0 32002 32002 0 0 0 0 0 0
WIT 12 276 277 264 241 232 0 0 0 0 277 0 -1 0 0 0 32002 32002 0 0 0 0 0 2453
WIT 6 276 277 324 319 235 0 0 0 0 302 0 -1 0 0 0 32002 32002 0 0 0 0 0 203
WIT 11 276 277 273 263 263 3 1 0 0 285 0 -1 0 0 0 32002 32002 0 0 0 0 0 323
WIT 8 276 277 305 298 328 0 0 0 0 32002 0 -1 0 0 0 32002 32002 0 0 0 0 0 0
WIT 10 276 277 272 263 262 0 0 0 0 284 0 -1 0 0 0 32002 32002 0 0 0 0 0 157
WIT 10 276 277 282 273 313 157 0 0 0 32002 0 -1 0 0 0 32002 32002 0 0 0 0 0 0
WIT 10 276 277 303 294 354 157 0 0 0 32002 0 -1 0 0 0 32002 32002 0 0 0 0 0 0
WIT 8 276 277 445 438 442 0 0 0 0 32002 0 -1 0 0 0 32002 32002 0 0 0 0 0 0
WIT 8 276 277 262 255 297 157 0 0 0 32002 0 -1 0 0 0 32002 32002 0 0 0 0 0 0
WIT 8 276 277 272 265 283 1672 0 0 0 32002 0 -1 0 0 0 32002 32002 0 0 0 0 0 0
WIT 10 264 277 264 255 234 0 0 0 0 277 0 -1 0 0 0 32002 32002 0 0 0 0 0 722
WIT 9 276 277 279 262 271 1676 0 0 1 282 0 -1 0 0 0 32002 32002 0 0 0 0 0 324
WIT 9 276 277 325 317 306 0 0 1 0 332 0 -1 0 0 0 32002 32002 0 0 0 0 0 399
WIT 9 276 277 318 301 201 0 0 0 0 327 0 -1 0 0 0 32002 32002 0 0 0 0 0 213
WIT 8 276 277 264 249 147 0 0 1 0 325 0 -1 0 0 0 32002 32002 0 0 0 0 0 399
WIT 14 276 277 264 237 237 1676 0 0 1 278 0 -1 0 0 0 32002 32002 0 0 0 0 0 148
WIT 9 276 277 265 257 257 148 0 0 1 342 0 -1 0 0 0 32002 32002 0 0 0 0 0 983
WIT 7 276 277 430 424 402 0 0 0 0 299 0 -1 0 0 0 32002 32002 0 0 0 0 0 983
WIT 13 276 277 264 239 238 0 0 0 0 277 0 -1 0 0 0 32002 32002 0 0 0 0 0 2453
WIT 8 276 277 290 283 238 0 0 0 0 284 0 -1 0 0 0 32002 32002 0 0 0 0 0 2453
WIT 7 276 277 286 280 279 0 0 0 0 278 0 -1 0 0 0 32002 32002 0 0 0 0 0 2453
WIT 6 276 277 553 548 338 0 0 1 0 579 0 -1 0 0 0 32002 32002 0 0 0 0 0 399
WIT 8 276 277 267 260 228 0 0 0 0 277 0 -1 0 0 0 32002 32002 0 0 0 0 0 1164
WIT 13 276 277 266 254 264 853 0 0 1 277 0 -1 0 0 0 32002 32002 0 0 0 0 0 1676
WIT 13 276 277 276 251 240 0 0 1 0 277 0 -1 0 0 0 32002 32002 0 0 0 0 0 399
WIT 10 276 277 289 280 309 148 0 0 0 32002 0 -1 0 0 0 32002 32002 0 0 0 0 0 0
WIT 8 276 277 303 296 337 2453 0 0 0 32002 0 -1 0 0 0 32002 32002 0 0 0 0 0 0
WIT 9 276 277 267 250 250 324 0 0 1 294 0 -1 0 0 0 32002 32002 0 0 0 0 0 2453
WIT 8 276 277 303 296 347 2453 0 0 0 32002 0 -1 0 0 0 32002 32002 0 0 0 0 0 0
WIT 12 276 277 264 241 238 0 0 0 0 277 0 -1 0 0 0 32002 32002 0 0 0 0 0 731
WIT 6 276 277 294 289 371 157 0 0 0 32002 0 -1 0 0 0 32002 32002 0 0 0 0 0 0
WIT 10 276 277 268 259 258 0 0 1 0 395 0 -1 0 0 0 32002 32002 0 0 0 0 0 3
WIT 10 276 277 264 255 286 0 0 0 0 32002 0 -1 0 0 0 32002 32002 0 0 0 0 0 0
WIT 10 276 277 267 258 270 2453 0 0 1 277 0 -1 0 0 0 32002 32002 0 0 0 0 0 157
WIT 9 276 277 330 322 342 2453 0 0 0 32002 0 -1 0 0 0 32002 32002 0 0 0 0 0 0
WIT 8 276 277 318 311 317 2453 0 0 0 32002 0 -1 0 0 0 32002 32002 0 0 0 0 0 0
WIT 12 276 277 264 241 230 0 0 0 0 277 0 -1 0 0 0 32002 32002 0 0 0 0 0 323
WIT 10 276 277 264 255 313 2453 0 0 0 32002 0 -1 0 0 0 32002 32002 0 0 0 0 0 0
WIT 12 276 277 264 241 237 0 0 0 0 277 0 -1 0 0 0 32002 32002 0 0 0 0 0 722
WIT 7 276 277 276 270 219 0 0 0 0 277 0 -1 0 0 0 32002 32002 0 0 0 0 0 2453
WIT 12 276 277 274 263 263 723 0 0 1 277 0 -1 0 0 0 32002 32002 0 0 0 0 0 1932
WIT 6 453 454 603 598 542 0 0 0 0 514 0 -1 0 0 0 32002 32002 0 0 0 0 0 1923
WIT 10 276 277 268 259 296 1932 0 0 0 32002 0 -1 0 0 0 32002 32002 0 0 0 0 0 0
WIT 9 276 277 264 256 256 1932 0 0 1 277 0 -1 0 0 0 32002 32002 0 0 0 0 0 658
WIT 10 276 277 293 284 276 0 0 0 0 247 0 -1 0 0 0 32002 32002 0 0 0 0 0 0
WIT 10 276 277 290 281 238 0 0 0 0 276 0 -1 0 0 0 32002 32002 0 0 0 0 0 0
WIT 6 -277 -276 -264 -269 -269 2910 1 0 0 32002 0 -1 0 0 0 32002 32002 0 0 0 0 0 0
WIT 10 276 277 287 268 264 0 0 0 0 276 0 -1 0 0 0 32002 32002 0 0 0 0 0 0
WIT 8 -277 -276 -225 -232 -223 0 0 0 0 32002 0 -1 0 0 0 32002 32002 0 0 0 0 0 0
WIT 12 276 277 264 241 226 0 0 0 0 276 0 -1 0 0 0 32002 32002 0 0 0 0 0 0
WIT 11 276 277 264 243 239 0 0 0 0 276 0 -1 0 0 0 32002 32002 0 0 0 0 0 0
WIT 7 -277 -264 -276 -282 -283 0 0 0 0 -261 0 -1 0 0 0 32002 32002 0 0 0 0 0 1163
WIT 10 -265 -264 -225 -234 -246 0 0 0 0 -251 0 -1 0 0 0 32002 32002 0 0 0 0 0 1932
WIT 8 -265 -264 -257 -264 -331 0 0 0 0 -265 0 -1 0 0 0 32002 32002 0 0 0 0 0 0
WIT 10 -265 -264 -260 -279 -280 0 0 0 0 -265 0 -1 0 0 0 32002 32002 0 0 0 0 0 0
WIT 6 276 277 270 265 231 0 0 0 0 288 0 -1 0 0 0 32002 32002 0 0 0 0 0 2453
WIT 8 276 277 268 261 -146 0 0 0 0 310 0 -1 0 0 0 32002 32002 0 0 0 0 0 323
WIT 7 276 277 287 281 281 222 1 0 0 32002 0 -1 0 0 0 32002 32002 0 0 0 0 0 0
WIT 6 276 277 278 273 282 0 0 0 0 32002 0 -1 0 0 0 32002 32002 0 0 0 0 0 0
WIT 8 276 277 267 260 257 0 0 0 0 281 0 -1 0 0 0 32002 32002 0 0 0 0 0 771
WIT 6 276 277 425 420 419 0 0 0 0 458 0 -1 0 0 0 32002 32002 0 0 0 0 0 798
WIT 11 276 277 298 288 320 1049 1 0 0 32002 0 -1 0 0 0 32002 32002 0 0 0 0 0 0
WIT 8 276 277 268 261 307 0 0 0 0 32002 0 -1 0 0 0 32002 32002 0 0 0 0 0 0
WIT 8 -277 -264 -276 -283 -287 0 0 0 0 -277 0 -1 0 0 0 32002 32002 0 0 0 0 0 0
WIT 11 276 277 264 243 243 723 0 0 1 278 0 -1 0 0 0 32002 32002 0 0 0 0 0 2460
WIT 10 276 277 264 245 248 1676 0 0 1 277 0 -1 0 0 0 32002 32002 0 0 0 0 0 1049
WIT 8 276 277 264 249 249 723 0 0 1 285 0 -1 0 0 0 32002 32002 0 0 0 0 0 731
WIT 9 276 277 264 247 225 0 0 0 0 272 0 -1 0 0 0 32002 32002 0 0 0 0 0 0
WIT 8 276 277 264 249 237 0 0 0 0 272 0 -1 0 0 0 32002 32002 0 0 0 0 0 0
WIT 7 276 277 277 271 271 2460 0 0 1 277 0 -1 0 0 0 32002 32002 0 0 0 0 0 2453
WIT 7 -277 -264 -272 -278 -279 0 0 0 0 -308 0 -1 0 0 0 32002 32002 0 0 0 0 0 0
WIT 10 276 277 291 282 252 0 0 1 0 276 0 -1 0 0 0 32002 32002 0 0 0 0 0 0
WIT 9 276 277 280 272 254 0 0 0 0 276 0 -1 0 0 0 32002 32002 0 0 0 0 0 723
WIT 6 276 277 264 259 234 0 0 0 0 278 0 -1 0 0 0 32002 32002 0 0 0 0 0 723
WIT 8 -277 -264 -272 -279 -280 0 0 0 0 -277 0 -1 0 0 0 32002 32002 0 0 0 0 0 0
WIT 11 264 277 264 254 243 0 0 0 0 277 0 -1 0 0 0 32002 32002 0 0 0 0 0 528
WIT 6 276 277 531 526 445 0 0 0 0 277 0 -1 0 0 0 32002 32002 0 0 0 0 0 2453
WIT 6 276 277 288 283 283 723 0 0 0 32002 0 -1 0 0 0 32002 32002 0 0 0 0 0 0
WIT 14 276 277 270 257 257 2453 0 0 1 277 0 -1 0 0 0 32002 32002 0 0 0 0 0 983
WIT 8 276 277 264 257 259 2453 0 0 1 314 0 -1 0 0 0 32002 32002 0 0 0 0 0 211
WIT 6 276 277 325 320 292 0 0 0 0 384 0 -1 0 0 0 32002 32002 0 0 0 0 0 211
WIT 13 276 277 259 247 247 2453 0 0 1 277 0 -1 0 0 0 32002 32002 0 0 0 0 0 148
WIT 6 276 277 292 287 301 0 0 0 0 32002 0 -1 0 0 0 32002 32002 0 0 0 0 0 0
WIT 8 276 277 255 248 246 0 0 0 0 288 0 -1 0 0 0 32002 32002 0 0 0 0 0 1318
WIT 10 276 277 255 246 245 0 0 0 0 277 0 -1 0 0 0 32002 32002 0 0 0 0 0 2453
WIT 10 276 277 264 255 255 148 0 0 1 288 0 -1 0 0 0 32002 32002 0 0 0 0 0 2453
WIT 12 276 277 295 284 283 0 0 0 0 277 0 -1 0 0 0 32002 32002 0 0 0 0 0 148
WIT 6 276 277 272 267 267 790 0 0 1 277 0 -1 0 0 0 32002 32002 0 0 0 0 0 148
WIT 9 276 277 264 247 229 0 0 0 0 277 0 -1 0 0 0 32002 32002 0 0 0 0 0 2453
WIT 6 276 277 304 299 281 0 0 0 0 322 0 -1 0 0 0 32002 32002 0 0 0 0 0 211
WIT 8 276 277 276 269 301 2453 0 0 0 32002 0 -1 0 0 0 32002 32002 0 0 0 0 0 0
WIT 8 276 277 285 278 320 2453 0 0 0 32002 0 -1 0 0 0 32002 32002 0 0 0 0 0 0
WIT 9 276 277 258 250 247 0 0 0 0 277 0 -1 0 0 0 32002 32002 0 0 0 0 0 2453
WIT 12 276 277 264 241 240 0 0 0 0 277 0 -1 0 0 0 32002 32002 0 0 0 0 0 731
WIT 11 276 277 264 243 268 528 0 0 1 324 0 -1 0 0 0 32002 32002 0 0 0 0 0 2453
WIT 6 276 277 276 271 281 731 0 0 0 32002 0 -1 0 0 0 32002 32002 0 0 0 0 0 0
WIT 10 276 277 269 260 260 2453 0 0 1 285 0 -1 0 0 0 32002 32002 0 0 0 0 0 528
WIT 10 276 277 309 300 332 0 0 0 0 32002 0 -1 0 0 0 32002 32002 0 0 0 0 0 0
WIT 11 276 277 264 254 279 722 1 0 0 32002 0 -1 0 0 0 32002 32002 0 0 0 0 0 0
WIT 8 276 277 263 256 314 0 0 0 0 32002 0 -1 0 0 0 32002 32002 0 0 0 0 0 0
WIT 7 276 277 314 308 357 0 0 0 0 32002 0 -1 0 0 0 32002 32002 0 0 0 0 0 0
WIT 13 276 277 264 239 238 0 0 0 0 277 0 -1 0 0 0 32002 32002 0 0 0 0 0 1676
WIT 12 276 277 300 289 289 528 0 0 0 32002 0 -1 0 0 0 32002 32002 0 0 0 0 0 0
WIT 8 276 277 277 270 275 722 1 0 0 286 0 -1 0 0 0 32002 32002 0 0 0 0 0 594
WIT 6 276 277 268 263 260 0 0 0 0 277 0 -1 0 0 0 32002 32002 0 0 0 0 0 528
WIT 6 276 277 255 250 250 528 0 0 1 278 0 -1 0 0 0 32002 32002 0 0 0 0 0 983
WIT 13 276 277 264 239 239 2460 0 0 1 277 0 -1 0 0 0 32002 32002 0 0 0 0 0 2453
WIT 7 276 277 323 317 268 0 0 0 0 288 0 -1 0 0 0 32002 32002 0 0 0 0 0 722
WIT 7 276 277 266 260 279 2460 0 0 0 32002 0 -1 0 0 0 32002 32002 0 0 0 0 0 0
WIT 12 276 277 264 241 241 2453 0 0 1 277 0 -1 0 0 0 32002 32002 0 0 0 0 0 528
WIT 11 276 277 334 324 333 2453 0 0 0 32002 0 -1 0 0 0 32002 32002 0 0 0 0 0 0
WIT 11 276 277 338 328 368 983 0 0 0 32002 0 -1 0 0 0 32002 32002 0 0 0 0 0 0
WIT 11 276 277 264 254 274 528 0 0 1 293 0 -1 0 0 0 32002 32002 0 0 0 0 0 983
WIT 11 276 277 264 254 304 528 0 0 0 32002 0 -1 0 0 0 32002 32002 0 0 0 0 0 0
WIT 12 276 277 264 253 259 528 0 0 1 281 0 -1 0 0 0 32002 32002 0 0 0 0 0 2453
WIT 11 276 277 289 279 314 2453 0 0 0 32002 0 -1 0 0 0 32002 32002 0 0 0 0 0 0
WIT 11 276 277 264 254 255 528 0 0 1 277 0 -1 0 0 0 32002 32002 0 0 0 0 0 2453
WIT 11 276 277 269 259 259 528 0 0 1 303 0 -1 0 0 0 32002 32002 0 0 0 0 0 2453
WIT 11 276 277 274 264 302 2453 0 0 0 32002 0 -1 0 0 0 32002 32002 0 0 0 0 0 0
WIT 8 277 294 277 270 304 211 0 0 0 32002 0 -1 0 0 0 32002 32002 0 0 0 0 0 0
WIT 8 293 294 397 390 368 0 0 0 0 308 0 -1 0 0 0 32002 32002 0 0 0 0 0 1393
WIT 11 293 294 282 261 61 0 0 1 0 294 0 -1 0 0 0 32002 32002 0 0 0 0 0 213
WIT 10 293 294 289 280 354 0 0 0 0 32002 0 -1 0 0 0 32002 32002 0 0 0 0 0 0
WIT 8 277 294 277 270 220 0 0 0 0 294 0 -1 0 0 0 32002 32002 0 0 0 0 0 2453
WIT 11 293 294 277 267 302 157 0 0 0 32002 0 -1 0 0 0 32002 32002 0 0 0 0 0 0
WIT 8 293 294 297 290 318 211 0 0 0 32002 0 -1 0 0 0 32002 32002 0 0 0 0 0 0
WIT 8 293 294 328 321 344 0 0 0 0 32002 0 -1 0 0 0 32002 32002 0 0 0 0 0 0
WIT 7 293 294 310 304 344 324 0 0 0 32002 0 -1 0 0 0 32002 32002 0 0 0 0 0 0
WIT 7 293 294 301 295 342 0 0 0 0 32002 0 -1 0 0 0 32002 32002 0 0 0 0 0 0
WIT 6 293 294 298 293 347 324 0 0 0 32002 0 -1 0 0 0 32002 32002 0 0 0 0 0 0
WIT 8 293 294 328 321 336 0 0 0 0 32002 0 -1 0 0 0 32002 32002 0 0 0 0 0 0
WIT 8 293 294 336 329 358 0 0 0 0 32002 0 -1 0 0 0 32002 32002 0 0 0 0 0 0
WIT 11 293 294 277 256 255 0 0 0 0 294 0 -1 0 0 0 32002 32002 0 0 0 0 0 148
WIT 9 293 294 300 283 282 0 0 0 0 294 0 -1 0 0 0 32002 32002 0 0 0 0 0 157
WIT 9 293 294 284 276 290 157 0 0 1 306 0 -1 0 0 0 32002 32002 0 0 0 0 0 251
WIT 9 293 294 269 261 317 861 0 0 0 32002 0 -1 0 0 0 32002 32002 0 0 0 0 0 0
WIT 9 293 294 264 256 287 0 0 0 0 339 0 -1 0 0 0 32002 32002 0 0 0 0 0 251
WIT 9 293 294 277 269 274 251 1 0 0 311 0 -1 0 0 0 32002 32002 0 0 0 0 0 324
WIT 9 293 294 328 320 411 324 0 0 0 32002 0 -1 0 0 0 32002 32002 0 0 0 0 0 0
WIT 8 293 294 316 309 333 324 0 0 0 32002 0 -1 0 0 0 32002 32002 0 0 0 0 0 0
WIT 8 293 294 336 329 357 324 0 0 0 32002 0 -1 0 0 0 32002 32002 0 0 0 0 0 0
WIT 9 277 294 277 269 254 0 0 0 0 294 0 -1 0 0 0 32002 32002 0 0 0 0 0 1672
WIT 10 293 294 279 270 332 0 0 0 0 32002 0 -1 0 0 0 32002 32002 0 0 0 0 0 0
WIT 9 293 294 278 270 272 1672 0 0 1 382 0 -1 0 0 0 32002 32002 0 0 0 0 0 1676
WIT 11 293 294 277 256 243 0 0 0 0 294 0 -1 0 0 0 32002 32002 0 0 0 0 0 2453
WIT 7 293 294 302 296 291 0 0 0 0 308 0 -1 0 0 0 32002 32002 0 0 0 0 0 1906
WIT 11 293 294 284 274 272 0 0 0 0 293 0 -1 0 0 0 32002 32002 0 0 0 0 0 0
WIT 9 -294 -293 -263 -271 -321 0 0 0 0 -295 0 -1 0 0 0 32002 32002 0 0 0 0 0 0
WIT 10 293 294 283 264 262 0 0 0 0 293 0 -1 0 0 0 32002 32002 0 0 0 0 0 251
WIT 9 293 294 282 274 314 157 0 0 0 32002 0 -1 0 0 0 32002 32002 0 0 0 0 0 0
WIT 10 293 294 303 294 354 157 0 0 0 32002 0 -1 0 0 0 32002 32002 0 0 0 0 0 0
WIT 9 293 294 262 254 266 157 0 0 1 360 0 -1 0 0 0 32002 32002 0 0 0 0 0 2453
WIT 6 293 294 276 271 250 0 0 0 0 317 0 -1 0 0 0 32002 32002 0 0 0 0 0 2453
WIT 10 277 294 277 268 240 0 0 0 0 294 0 -1 0 0 0 32002 32002 0 0 0 0 0 722
WIT 7 -294 -293 -264 -270 -253 2350 0 0 0 32002 0 -1 0 0 0 32002 32002 0 0 0 0 0 0
WIT 9 293 294 294 286 188 0 0 0 0 291 0 -1 0 0 0 32002 32002 0 0 0 0 0 0
WIT 7 -294 -293 -233 -239 -275 0 0 0 0 -289 0 -1 0 0 0 32002 32002 0 0 0 0 0 3294
WIT 6 -294 -293 -156 -161 -603 0 0 0 0 -237 0 -1 0 0 0 32002 32002 0 0 0 0 0 3957
WIT 6 -294 -293 -194 -199 -241 0 0 0 0 -258 0 -1 0 0 0 32002 32002 0 0 0 0 0 2089
WIT 12 293 294 277 254 234 0 0 0 0 284 0 -1 0 0 0 32002 32002 0 0 0 0 0 0
WIT 7 -278 -277 -271 -277 -291 0 0 0 0 -273 0 -1 0 0 0 32002 32002 0 0 0 0 0 2350
WIT 7 -278 -277 -280 -286 -294 0 0 0 0 -280 0 -1 0 0 0 32002 32002 0 0 0 0 0 0
WIT 6 277 278 304 299 284 0 0 0 0 277 0 -1 0 0 0 32002 32002 0 0 0 0 0 0
WIT 7 -278 -277 -257 -263 -256 2066 1 0 0 32002 0 -1 0 0 0 32002 32002 0 0 0 0 0 0
WIT 9 -278 -277 -281 -289 -298 0 0 0 0 -279 0 -1 0 0 0 32002 32002 0 0 0 0 0 2350
WIT 9 -278 -277 -284 -292 -296 0 0 0 0 -278 0 -1 0 0 0 32002 32002 0 0 0 0 0 3306
WIT 7 -278 -277 -182 -188 -97 3957 1 1 0 32002 0 -1 0 0 0 32002 32002 0 0 0 0 0 0
WIT 7 -278 -277 -155 -161 403 2357 1 0 0 32002 0 -1 0 0 0 32002 32002 0 0 0 0 0 0
WIT 7 -294 -277 -284 -290 -291 0 0 0 0 -277 0 -1 0 0 0 32002 32002 0 0 0 0 0 3234
WIT 10 -278 -277 -233 -242 -204 0 0 0 0 32002 0 -1 0 0 0 32002 32002 0 0 0 0 0 0
WIT 8 -278 -277 -256 -263 -250 3957 1 1 0 32002 0 -1 0 0 0 32002 32002 0 0 0 0 0 0
WIT 8 -278 -277 -173 -180 141 2357 1 0 0 32002 0 -1 0 0 0 32002 32002 0 0 0 0 0 0
WIT 8 -294 -277 -284 -291 -292 0 0 0 0 -277 0 -1 0 0 0 32002 32002 0 0 0 0 0 2724
WIT 7 -278 -277 -290 -296 -302 0 0 0 0 -277 0 -1 0 0 0 32002 32002 0 0 0 0 0 3567
WIT 6 -278 -277 -291 -296 -312 0 0 0 0 -279 0 -1 0 0 0 32002 32002 0 0 0 0 0 0
WIT 6 -278 -277 -291 -296 -299 0 0 0 0 -278 0 -1 0 0 0 32002 32002 0 0 0 0 0 3567
WIT 11 -278 -277 -291 -312 -297 2724 0 0 1 -277 0 -1 0 0 0 32002 32002 0 0 0 0 0 2066
WIT 9 -278 -277 -276 -293 -294 0 0 0 0 -277 0 -1 0 0 0 32002 32002 0 0 0 0 0 3294
WIT 9 -278 -277 -280 -288 -233 2715 0 0 0 32002 0 -1 0 0 0 32002 32002 0 0 0 0 0 0
WIT 9 -278 -277 -257 -265 -255 2715 0 0 0 32002 0 -1 0 0 0 32002 32002 0 0 0 0 0 0
WIT 10 -278 -277 -289 -298 -270 2089 0 0 0 32002 0 -1 0 0 0 32002 32002 0 0 0 0 0 0
WIT 9 -278 -277 -289 -306 -307 0 0 0 0 -277 0 -1 0 0 0 32002 32002 0 0 0 0 0 3294
WIT 9 -278 -277 -213 -221 -310 0 0 1 0 -177 0 -1 0 0 0 32002 32002 0 0 0 0 0 3957
WIT 9 -278 -277 -237 -245 -732 0 0 1 0 -134 0 -1 0 0 0 32002 32002 0 0 0 0 0 4021
WIT 9 -278 -277 -244 -261 -332 0 0 0 0 -175 0 -1 0 0 0 32002 32002 0 0 0 0 0 3957
WIT 6 -278 -277 -258 -263 -263 4031 0 1 0 32002 0 -1 0 0 0 32002 32002 0 0 0 0 0 0
WIT 9 -278 -277 -262 -279 -282 0 0 0 0 -263 0 -1 0 0 0 32002 32002 0 0 0 0 0 2089
WIT 11 -278 -277 -240 -250 -197 2715 0 0 0 32002 0 -1 0 0 0 32002 32002 0 0 0 0 0 0
WIT 6 -278 -277 -195 -200 -251 0 0 0 0 -273 0 -1 0 0 0 32002 32002 0 0 0 0 0 1618
WIT 6 -278 -277 -214 -219 -205 1618 1 0 0 32002 0 -1 0 0 0 32002 32002 0 0 0 0 0 0
WIT 7 277 278 303 290 289 0 0 0 0 369 0 -1 0 0 0 32002 32002 0 0 0 0 0 2460
WIT 9 277 278 276 268 268 722 1 0 0 278 0 -1 0 0 0 32002 32002 0 0 0 0 0 594
WIT 7 277 278 285 279 90 0 0 0 0 283 0 -1 0 0 0 32002 32002 0 0 0 0 0 594
WIT 9 -278 -277 -271 -288 -289 0 0 0 0 -278 0 -1 0 0 0 32002 32002 0 0 0 0 0 2325
WIT 8 -278 -277 -262 -269 -274 0 0 0 0 -280 0 -1 0 0 0 32002 32002 0 0 0 0 0 0
WIT 6 277 278 278 273 273 2460 0 0 1 278 0 -1 0 0 0 32002 32002 0 0 0 0 0 2453
WIT 7 277 278 265 259 255 0 0 0 0 278 0 -1 0 0 0 32002 32002 0 0 0 0 0 731
WIT 7 277 278 282 276 369 722 1 0 0 32002 0 -1 0 0 0 32002 32002 0 0 0 0 0 0
WIT 7 277 278 266 253 209 0 0 0 0 357 0 -1 0 0 0 32002 32002 0 0 0 0 0 2453
WIT 7 277 278 259 246 205 0 0 0 0 273 0 -1 0 0 0 32002 32002 0 0 0 0 0 0
WIT 9 -278 -277 -273 -290 -290 3567 0 0 1 -273 0 -1 0 0 0 32002 32002 0 0 0 0 0 3306
WIT 11 -278 -277 -232 -253 -259 0 0 0 0 -278 0 -1 0 0 0 32002 32002 0 0 0 0 0 2715
WIT 9 -278 -277 -203 -211 -211 3803 1 0 0 32002 0 -1 0 0 0 32002 32002 0 0 0 0 0 0
WIT 7 -278 -277 -249 -255 -252 2396 1 0 0 32002 0 -1 0 0 0 32002 32002 0 0 0 0 0 0
WIT 11 -278 -277 -203 -213 -181 3803 1 0 0 32002 0 -1 0 0 0 32002 32002 0 0 0 0 0 0
WIT 9 -278 -277 -231 -239 -142 1941 1 0 0 32002 0 -1 0 0 0 32002 32002 0 0 0 0 0 0
WIT 9 277 294 278 270 203 0 0 0 0 277 0 -1 0 0 0 32002 32002 0 0 0 0 0 0
WIT 11 -278 -277 -180 -201 -238 0 0 0 0 -250 0 -1 0 0 0 32002 32002 0 0 0 0 0 4021
WIT 11 -278 -277 -185 -206 -293 0 0 1 0 -252 0 -1 0 0 0 32002 32002 0 0 0 0 0 3957
WIT 11 -278 -277 -180 -201 -688 0 0 1 0 -252 0 -1 0 0 0 32002 32002 0 0 0 0 0 4021
WIT 11 -278 -277 -185 -206 -299 0 0 0 0 -253 0 -1 0 0 0 32002 32002 0 0 0 0 0 3957
WIT 9 -278 -277 -275 -283 -283 3567 0 0 1 -275 0 -1 0 0 0 32002 32002 0 0 0 0 0 2720
WIT 10 -278 -277 -243 -252 -241 3301 0 0 0 32002 0 -1 0 0 0 32002 32002 0 0 0 0 0 0
WIT 8 -278 -277 -201 -208 -155 2724 0 0 0 32002 0 -1 0 0 0 32002 32002 0 0 0 0 0 0
WIT 6 -278 -277 -276 -281 -282 0 0 0 0 -246 0 -1 0 0 0 32002 32002 0 0 0 0 0 2724
WIT 8 -278 -277 -222 -229 -250 0 0 0 0 -248 0 -1 0 0 0 32002 32002 0 0 0 0 0 3844
WIT 7 -278 -277 -87 -93 -129 0 0 0 0 -102 0 -1 0 0 0 32002 32002 0 0 0 0 0 3957
WIT 9 -278 -277 -243 -260 -261 0 0 0 0 -254 0 -1 0 0 0 32002 32002 0 0 0 0 0 3294
WIT 8 -278 -277 -219 -226 -197 2724 0 0 0 32002 0 -1 0 0 0 32002 32002 0 0 0 0 0 0
WIT 11 277 294 277 267 244 0 0 0 0 277 0 -1 0 0 0 32002 32002 0 0 0 0 0 0
WIT 6 -277 -276 -100 -105 -78 0 0 0 0 32002 0 -1 0 0 0 32002 32002 0 0 0 0 0 0
WIT 6 -277 -276 -277 -282 -282 3567 0 0 1 -268 0 -1 0 0 0 32002 32002 0 0 0 0 0 3234
WIT 7 -294 -254 -277 -283 -285 0 0 0 0 -276 0 -1 0 0 0 32002 32002 0 0 0 0 0 2724
WIT 8 -277 -276 -277 -292 -274 3803 1 0 0 32002 0 -1 0 0 0 32002 32002 0 0 0 0 0 0
WIT 6 -277 -276 -161 -166 -252 0 0 1 0 -132 0 -1 0 0 0 32002 32002 0 0 0 0 0 3957
WIT 8 -277 -276 -273 -280 -272 0 0 0 0 32002 0 -1 0 0 0 32002 32002 0 0 0 0 0 0
WIT 8 -277 -276 -240 -247 -280 0 0 0 0 -240 0 -1 0 0 0 32002 32002 0 0 0 0 0 2089
WIT 9 276 277 325 317 271 0 0 0 0 283 0 -1 0 0 0 32002 32002 0 0 0 0 0 658
WIT 9 -277 -276 -277 -285 -286 0 0 0 0 -281 0 -1 0 0 0 32002 32002 0 0 0 0 0 0
WIT 7 -277 -276 -277 -290 -293 0 0 0 0 -277 0 -1 0 0 0 32002 32002 0 0 0 0 0 0
WIT 12 293 294 265 254 228 0 0 0 0 294 0 -1 0 0 0 32002 32002 0 0 0 0 0 2161
WIT 6 293 294 350 345 342 0 0 0 0 292 0 -1 0 0 0 32002 32002 0 0 0 0 0 2129
WIT 6 -294 -293 -285 -290 -607 0 0 0 0 -283 0 -1 0 0 0 32002 32002 0 0 0 0 0 2915
WIT 11 293 294 265 244 211 0 0 0 0 293 0 -1 0 0 0 32002 32002 0 0 0 0 0 0
WIT 10 293 294 265 246 97 0 0 0 0 293 0 -1 0 0 0 32002 32002 0 0 0 0 0 0
WIT 8 -294 -293 -254 -269 -920 0 0 0 0 -276 0 -1 0 0 0 32002 32002 0 0 0 0 0 2910
WIT 6 -294 -293 -257 -262 -344 0 0 0 0 -212 0 -1 0 0 0 32002 32002 0 0 0 0 0 3957
WIT 8 -294 -293 -261 -276 -277 0 0 0 0 -277 0 -1 0 0 0 32002 32002 0 0 0 0 0 1163
WIT 7 -294 -293 -246 -252 -253 0 0 0 0 -277 0 -1 0 0 0 32002 32002 0 0 0 0 0 3803
WIT 6 -294 -293 -196 -201 -323 0 0 0 0 -270 0 -1 0 0 0 32002 32002 0 0 0 0 0 3957
WIT 11 293 294 277 256 253 0 0 0 0 293 0 -1 0 0 0 32002 32002 0 0 0 0 0 0
WIT 9 -294 -254 -277 -285 -282 3294 0 0 1 -294 1 1 50013 1 1 -294 -270 0 1 0 1 1177 3294
WIT 8 -271 -270 -240 -247 -227 3964 0 0 0 32002 0 -1 0 0 0 32002 32002 0 0 0 0 0 0
WIT 8 -271 -270 -273 -288 -288 2724 0 0 1 -268 0 -1 0 0 0 32002 32002 0 0 0 0 0 2715
WIT 7 270 271 328 322 114 0 0 1 0 337 0 -1 0 0 0 32002 32002 0 0 0 0 0 219
WIT 6 -271 -270 -248 -253 -228 0 0 0 0 32002 0 -1 0 0 0 32002 32002 0 0 0 0 0 0
WIT 8 -271 -270 -277 -284 -284 2908 1 0 0 -253 0 -1 0 0 0 32002 32002 0 0 0 0 0 2396
WIT 8 -271 -270 -211 -218 -633 0 0 1 0 -198 0 -1 0 0 0 32002 32002 0 0 0 0 0 4021
WIT 8 -271 -270 -219 -226 -239 0 0 0 0 -205 0 -1 0 0 0 32002 32002 0 0 0 0 0 3957
WIT 6 -271 -270 -277 -282 -261 3803 1 0 0 32002 0 -1 0 0 0 32002 32002 0 0 0 0 0 0
WIT 9 -271 -270 -277 -294 -309 0 0 0 0 -270 0 -1 0 0 0 32002 32002 0 0 0 0 0 1957
WIT 9 -271 -270 -203 -211 -182 3803 1 0 0 32002 0 -1 0 0 0 32002 32002 0 0 0 0 0 0
WIT 11 -271 -270 -100 -110 -111 0 0 0 0 -235 0 -1 0 0 0 32002 32002 0 0 0 0 0 3803
WIT 8 -271 -270 -277 -284 -284 1932 1 0 0 -263 0 -1 0 0 0 32002 32002 0 0 0 0 0 3567
WIT 8 -271 -270 -277 -292 -293 0 0 0 0 -270 0 -1 0 0 0 32002 32002 0 0 0 0 0 3294
WIT 7 -271 -270 -243 -249 -241 3301 0 0 0 32002 0 -1 0 0 0 32002 32002 0 0 0 0 0 0
WIT 7 -271 -270 -275 -288 -282 3567 0 0 1 -263 0 -1 0 0 0 32002 32002 0 0 0 0 0 1618
WIT 7 -271 -270 -277 -283 -232 2724 0 0 0 32002 0 -1 0 0 0 32002 32002 0 0 0 0 0 0
WIT 7 -271 -270 -276 -282 -219 0 0 0 0 32002 0 -1 0 0 0 32002 32002 0 0 0 0 0 0
WIT 6 -271 -270 -219 -224 -192 2724 0 0 0 32002 0 -1 0 0 0 32002 32002 0 0 0 0 0 0
WIT 7 -271 -270 -201 -207 -203 1618 1 0 0 32002 0 -1 0 0 0 32002 32002 0 0 0 0 0 0
WIT 8 -271 -270 -277 -284 -284 1618 1 0 0 -202 0 -1 0 0 0 32002 32002 0 0 0 0 0 1754
WIT 7 -271 -270 -222 -235 -244 0 0 0 0 -209 0 -1 0 0 0 32002 32002 0 0 0 0 0 3803
WIT 6 -271 -270 -258 -263 -280 0 0 1 0 -215 0 -1 0 0 0 32002 32002 0 0 0 0 0 3957
WIT 6 -271 -270 -234 -239 -217 1632 0 0 0 32002 0 -1 0 0 0 32002 32002 0 0 0 0 0 0
WIT 8 269 270 322 315 291 0 0 0 0 270 0 -1 0 0 0 32002 32002 0 0 0 0 0 2453
WIT 8 269 270 294 279 213 0 0 0 0 270 0 -1 0 0 0 32002 32002 0 0 0 0 0 594
WIT 8 269 270 294 279 263 0 0 0 0 322 0 -1 0 0 0 32002 32002 0 0 0 0 0 2453
WIT 8 269 270 298 291 279 0 0 0 0 274 0 -1 0 0 0 32002 32002 0 0 0 0 0 2460
WIT 6 269 270 500 495 495 1717 1 0 0 32002 0 -1 0 0 0 32002 32002 0 0 0 0 0 0
WIT 7 269 270 294 281 279 0 0 0 0 270 0 -1 0 0 0 32002 32002 0 0 0 0 0 731
WIT 8 -271 -270 -268 -283 -280 2724 0 0 1 -268 0 -1 0 0 0 32002 32002 0 0 0 0 0 2715
WIT 8 -271 -270 -276 -283 -217 0 0 0 0 32002 0 -1 0 0 0 32002 32002 0 0 0 0 0 0
WIT 8 -271 -270 -277 -284 -259 2724 0 0 0 32002 0 -1 0 0 0 32002 32002 0 0 0 0 0 0
WIT 7 -271 -270 -263 -276 -274 3567 0 0 1 -263 0 -1 0 0 0 32002 32002 0 0 0 0 0 1618
WIT 6 -271 -270 -248 -253 -224 2724 0 0 0 32002 0 -1 0 0 0 32002 32002 0 0 0 0 0 0
WIT 7 269 270 280 274 276 528 0 0 0 32002 0 -1 0 0 0 32002 32002 0 0 0 0 0 0
WIT 6 269 270 264 259 296 528 0 0 0 32002 0 -1 0 0 0 32002 32002 0 0 0 0 0 0
WIT 8 269 270 277 270 419 528 0 0 0 32002 0 -1 0 0 0 32002 32002 0 0 0 0 0 0

===========================
Total time (ms) : 42
Nodes searched  : 32707
Nodes/second    : 778738
