
Position: 1/1 (rnbqkb1r/pp2nppp/2p1p3/3pP3/3P4/3B1Q2/PPP1NPPP/R1B1K1NR b KQkq - 3 7)
WIT 6 233 234 221 216 207 0 0 0 0 228 0 -1 0 0 0 32002 32002 0 0 0 0 0 0
WIT 6 232 233 233 228 234 797 0 0 0 32002 0 -1 0 0 0 32002 32002 0 0 0 0 0 0
WIT 7 232 233 268 262 292 407 0 0 0 32002 0 -1 0 0 0 32002 32002 0 0 0 0 0 0
WIT 6 232 233 266 261 269 407 0 0 0 32002 0 -1 0 0 0 32002 32002 0 0 0 0 0 0
WIT 6 232 233 266 261 269 407 0 0 0 32002 0 -1 0 0 0 32002 32002 0 0 0 0 0 0
WIT 6 232 233 283 278 318 0 0 0 0 32002 0 -1 0 0 0 32002 32002 0 0 0 0 0 0
WIT 6 232 233 258 253 273 407 0 0 0 32002 0 -1 0 0 0 32002 32002 0 0 0 0 0 0
WIT 7 232 233 257 251 257 407 0 0 0 32002 0 -1 0 0 0 32002 32002 0 0 0 0 0 0
WIT 7 232 233 258 252 255 658 0 1 0 32002 0 -1 0 0 0 32002 32002 0 0 0 0 0 0
WIT 8 241 242 258 251 250 0 0 0 0 258 0 -1 0 0 0 32002 32002 0 0 0 0 0 1510
WIT 6 -242 -241 -71 -76 -89 0 0 0 0 -34 0 -1 0 0 0 32002 32002 0 0 0 0 0 2724
WIT 9 241 242 239 222 146 0 0 0 0 237 0 -1 0 0 0 32002 32002 0 0 0 0 0 0
WIT 8 241 242 238 223 218 0 0 0 0 237 0 -1 0 0 0 32002 32002 0 0 0 0 0 0
WIT 7 -234 -233 -219 -232 -202 3690 0 0 0 32002 0 -1 0 0 0 32002 32002 0 0 0 0 0 0
WIT 7 -234 -233 -216 -222 -195 0 0 0 0 32002 0 -1 0 0 0 32002 32002 0 0 0 0 0 0
WIT 7 233 242 233 227 216 0 0 0 0 233 0 -1 0 0 0 32002 32002 0 0 0 0 0 0
WIT 7 -222 -221 -219 -232 -202 3690 0 0 0 32002 0 -1 0 0 0 32002 32002 0 0 0 0 0 0
WIT 6 -222 -221 -205 -210 -157 0 0 0 0 32002 0 -1 0 0 0 32002 32002 0 0 0 0 0 0
WIT 6 -206 -205 -216 -221 -193 0 0 0 0 32002 0 -1 0 0 0 32002 32002 0 0 0 0 0 0
WIT 7 -196 -195 -219 -232 -202 3690 0 0 1 -192 0 -1 0 0 0 32002 32002 0 0 0 0 0 3808
WIT 6 -196 -195 -202 -207 -158 0 0 0 0 32002 0 -1 0 0 0 32002 32002 0 0 0 0 0 0
WIT 6 -196 -195 -229 -234 -171 0 0 0 0 32002 0 -1 0 0 0 32002 32002 0 0 0 0 0 0
WIT 8 -187 -186 -193 -208 -212 0 0 0 0 -174 0 -1 0 0 0 32002 32002 0 0 0 0 0 2724
WIT 8 -187 -186 -182 -189 -163 0 0 0 0 32002 0 -1 0 0 0 32002 32002 0 0 0 0 0 0
WIT 7 -187 -186 -198 -204 -193 0 0 0 0 -152 0 -1 0 0 0 32002 32002 0 0 0 0 0 2203
WIT 7 -187 -186 -193 -206 -233 0 0 0 0 -186 0 -1 0 0 0 32002 32002 0 0 0 0 0 3690
WIT 7 -187 -186 -192 -205 -195 3690 0 0 1 -186 0 -1 0 0 0 32002 32002 0 0 0 0 0 3808
WIT 7 -164 -163 -121 -127 -111 2202 0 0 0 32002 0 -1 0 0 0 32002 32002 0 0 0 0 0 0
WIT 7 -164 -163 -138 -151 -109 3370 0 0 0 32002 0 -1 0 0 0 32002 32002 0 0 0 0 0 0
WIT 8 -164 -163 -158 -173 -210 0 0 0 0 -164 0 -1 0 0 0 32002 32002 0 0 0 0 0 0
WIT 7 176 177 164 151 151 139 0 0 1 177 0 -1 0 0 0 32002 32002 0 0 0 0 0 407
WIT 7 176 177 164 151 119 0 0 0 0 177 0 -1 0 0 0 32002 32002 0 0 0 0 0 1179
WIT 7 176 177 164 158 158 139 0 0 1 222 0 -1 0 0 0 32002 32002 0 0 0 0 0 407
WIT 6 176 177 250 245 267 0 0 0 0 32002 0 -1 0 0 0 32002 32002 0 0 0 0 0 0
WIT 6 176 177 263 258 174 0 0 0 0 253 0 -1 0 0 0 32002 32002 0 0 0 0 0 1217
WIT 6 176 177 250 245 264 407 0 0 0 32002 0 -1 0 0 0 32002 32002 0 0 0 0 0 0
WIT 6 176 177 283 278 348 658 0 0 0 32002 0 -1 0 0 0 32002 32002 0 0 0 0 0 0
WIT 6 176 177 258 253 255 658 0 1 0 32002 0 -1 0 0 0 32002 32002 0 0 0 0 0 0
WIT 7 176 177 233 227 229 407 0 0 0 32002 0 -1 0 0 0 32002 32002 0 0 0 0 0 0
WIT 6 178 179 233 228 223 0 0 0 0 230 0 -1 0 0 0 32002 32002 0 0 0 0 0 407
WIT 7 -180 -179 -163 -176 -196 0 0 0 0 -183 0 -1 0 0 0 32002 32002 0 0 0 0 0 0
WIT 7 177 184 177 171 163 0 0 0 0 179 0 -1 0 0 0 32002 32002 0 0 0 0 0 407
WIT 10 183 184 202 193 223 1253 1 0 0 32002 0 -1 0 0 0 32002 32002 0 0 0 0 0 0
WIT 8 183 184 201 194 275 407 0 0 0 32002 0 -1 0 0 0 32002 32002 0 0 0 0 0 0
WIT 7 183 184 258 252 255 658 0 1 0 32002 0 -1 0 0 0 32002 32002 0 0 0 0 0 0
WIT 8 183 184 233 226 229 407 0 0 0 32002 0 -1 0 0 0 32002 32002 0 0 0 0 0 0
WIT 7 184 193 184 178 178 658 0 0 1 187 1 1 38812 1 1 187 187 0 0 0 0 7 407
WIT 7 -190 -174 -187 -193 -216 0 0 0 0 -190 0 -1 0 0 0 32002 32002 0 0 0 0 0 0
WIT 8 189 190 196 189 149 0 0 0 0 190 0 -1 0 0 0 32002 32002 0 0 0 0 0 1510
WIT 8 189 190 201 194 261 1366 0 0 0 32002 0 -1 0 0 0 32002 32002 0 0 0 0 0 0
WIT 10 189 190 233 224 240 407 0 0 0 32002 0 -1 0 0 0 32002 32002 0 0 0 0 0 0
WIT 8 189 190 198 191 217 407 0 0 0 32002 0 -1 0 0 0 32002 32002 0 0 0 0 0 0
WIT 8 189 190 264 257 275 407 0 0 0 32002 0 -1 0 0 0 32002 32002 0 0 0 0 0 0
WIT 6 189 190 233 228 228 1366 0 0 0 32002 0 -1 0 0 0 32002 32002 0 0 0 0 0 0
WIT 9 189 190 233 225 225 407 0 0 0 32002 0 -1 0 0 0 32002 32002 0 0 0 0 0 0
WIT 7 190 198 190 184 179 0 0 0 0 198 0 -1 0 0 0 32002 32002 0 0 0 0 0 1253
WIT 8 197 198 215 208 244 139 0 0 0 32002 0 -1 0 0 0 32002 32002 0 0 0 0 0 0
WIT 8 197 198 216 209 221 139 0 0 0 32002 0 -1 0 0 0 32002 32002 0 0 0 0 0 0
WIT 7 197 198 191 185 194 139 0 0 1 225 0 -1 0 0 0 32002 32002 0 0 0 0 0 1510
WIT 8 197 198 265 258 290 0 0 0 0 32002 0 -1 0 0 0 32002 32002 0 0 0 0 0 0
WIT 7 197 198 261 255 250 0 0 0 0 237 0 -1 0 0 0 32002 32002 0 0 0 0 0 1217
WIT 8 190 198 190 183 117 0 0 0 0 198 0 -1 0 0 0 32002 32002 0 0 0 0 0 1179
WIT 10 197 198 208 199 234 0 0 0 0 32002 0 -1 0 0 0 32002 32002 0 0 0 0 0 0
WIT 8 197 198 265 258 334 1226 0 0 0 32002 0 -1 0 0 0 32002 32002 0 0 0 0 0 0
WIT 6 197 198 200 195 203 139 0 0 0 32002 0 -1 0 0 0 32002 32002 0 0 0 0 0 0
WIT 8 190 198 190 183 163 0 0 0 0 198 0 -1 0 0 0 32002 32002 0 0 0 0 0 658
WIT 6 -198 -197 -178 -183 -238 0 0 0 0 -260 0 -1 0 0 0 32002 32002 0 0 0 0 0 0
WIT 11 197 198 208 187 186 0 0 0 0 198 0 -1 0 0 0 32002 32002 0 0 0 0 0 1510
WIT 6 197 198 216 211 205 0 0 0 0 200 0 -1 0 0 0 32002 32002 0 0 0 0 0 49415
WIT 7 197 198 255 249 222 0 0 0 0 198 0 -1 0 0 0 32002 32002 0 0 0 0 0 1179
WIT 10 197 198 200 191 215 0 0 0 0 32002 0 -1 0 0 0 32002 32002 0 0 0 0 0 0
WIT 9 197 198 244 236 285 658 0 0 0 32002 0 -1 0 0 0 32002 32002 0 0 0 0 0 0
WIT 8 197 198 236 229 271 1510 0 0 0 32002 0 -1 0 0 0 32002 32002 0 0 0 0 0 0
WIT 8 197 198 281 274 346 1510 0 0 0 32002 0 -1 0 0 0 32002 32002 0 0 0 0 0 0
WIT 8 197 198 192 185 252 0 0 0 0 32002 0 -1 0 0 0 32002 32002 0 0 0 0 0 0
WIT 8 197 198 273 266 293 658 0 0 0 32002 0 -1 0 0 0 32002 32002 0 0 0 0 0 0
WIT 8 197 198 226 219 270 1510 0 0 0 32002 0 -1 0 0 0 32002 32002 0 0 0 0 0 0
WIT 7 197 198 219 213 249 658 0 1 0 32002 0 -1 0 0 0 32002 32002 0 0 0 0 0 0
WIT 10 197 198 203 194 176 0 0 0 0 199 0 -1 0 0 0 32002 32002 0 0 0 0 0 1397
WIT 6 197 198 546 541 623 658 0 1 0 32002 0 -1 0 0 0 32002 32002 0 0 0 0 0 0
WIT 12 197 198 190 179 177 0 0 0 0 198 0 -1 0 0 0 32002 32002 0 0 0 0 0 1253
WIT 9 197 198 190 173 139 0 0 0 0 198 0 -1 0 0 0 32002 32002 0 0 0 0 0 1510
WIT 8 197 198 214 207 237 1510 0 0 0 32002 0 -1 0 0 0 32002 32002 0 0 0 0 0 0
WIT 8 197 198 224 217 262 1510 0 0 0 32002 0 -1 0 0 0 32002 32002 0 0 0 0 0 0
WIT 8 197 198 225 218 281 1510 0 0 0 32002 0 -1 0 0 0 32002 32002 0 0 0 0 0 0
WIT 10 190 198 190 181 185 658 0 0 1 198 0 -1 0 0 0 32002 32002 0 0 0 0 0 407
WIT 13 197 198 201 189 190 1253 1 0 0 202 0 -1 0 0 0 32002 32002 0 0 0 0 0 658
WIT 11 197 198 233 223 243 407 0 0 0 32002 0 -1 0 0 0 32002 32002 0 0 0 0 0 0
WIT 9 197 198 198 190 218 407 0 0 0 32002 0 -1 0 0 0 32002 32002 0 0 0 0 0 0
WIT 9 197 198 192 184 208 658 0 0 0 32002 0 -1 0 0 0 32002 32002 0 0 0 0 0 0
WIT 9 197 198 264 256 276 407 0 0 0 32002 0 -1 0 0 0 32002 32002 0 0 0 0 0 0
WIT 9 197 198 223 215 231 407 0 0 0 32002 0 -1 0 0 0 32002 32002 0 0 0 0 0 0
WIT 9 197 198 233 225 225 407 0 0 0 32002 0 -1 0 0 0 32002 32002 0 0 0 0 0 0
WIT 9 207 208 199 191 205 139 0 0 1 208 0 -1 0 0 0 32002 32002 0 0 0 0 0 49415
WIT 7 207 208 215 209 245 139 0 0 0 32002 0 -1 0 0 0 32002 32002 0 0 0 0 0 0
WIT 6 207 208 238 233 249 139 0 0 0 32002 0 -1 0 0 0 32002 32002 0 0 0 0 0 0
WIT 7 207 208 228 222 222 139 0 0 0 32002 0 -1 0 0 0 32002 32002 0 0 0 0 0 0
WIT 7 207 208 204 198 212 1510 0 0 0 32002 0 -1 0 0 0 32002 32002 0 0 0 0 0 0
WIT 7 198 208 198 192 149 0 0 0 0 208 0 -1 0 0 0 32002 32002 0 0 0 0 0 1179
WIT 9 207 208 265 257 339 1226 0 0 0 32002 0 -1 0 0 0 32002 32002 0 0 0 0 0 0
WIT 7 207 208 198 192 204 139 0 0 1 208 0 -1 0 0 0 32002 32002 0 0 0 0 0 49415
WIT 8 198 208 198 191 163 0 0 0 0 208 0 -1 0 0 0 32002 32002 0 0 0 0 0 658
WIT 6 207 208 222 217 271 261 0 1 0 32002 0 -1 0 0 0 32002 32002 0 0 0 0 0 0
WIT 12 207 208 198 187 186 0 0 0 0 208 0 -1 0 0 0 32002 32002 0 0 0 0 0 926
WIT 9 207 208 235 227 505 139 0 1 0 32002 0 -1 0 0 0 32002 32002 0 0 0 0 0 0
WIT 11 207 208 198 177 153 0 0 0 0 208 0 -1 0 0 0 32002 32002 0 0 0 0 0 1510
WIT 10 207 208 200 191 214 0 0 0 0 32002 0 -1 0 0 0 32002 32002 0 0 0 0 0 0
WIT 10 207 208 199 190 243 0 0 0 0 32002 0 -1 0 0 0 32002 32002 0 0 0 0 0 0
WIT 11 207 208 198 188 187 0 0 0 0 208 0 -1 0 0 0 32002 32002 0 0 0 0 0 1179
WIT 10 207 208 198 189 188 0 0 0 0 208 0 -1 0 0 0 32002 32002 0 0 0 0 0 658
WIT 6 207 208 376 371 307 0 0 0 0 268 0 -1 0 0 0 32002 32002 0 0 0 0 0 2476
WIT 11 207 208 198 177 200 2485 1 0 0 260 0 -1 0 0 0 32002 32002 0 0 0 0 0 1397
WIT 11 207 208 198 177 169 0 0 0 0 208 0 -1 0 0 0 32002 32002 0 0 0 0 0 1253
WIT 9 207 208 234 226 316 139 0 1 0 32002 0 -1 0 0 0 32002 32002 0 0 0 0 0 0
WIT 6 207 208 293 288 159 0 0 0 0 304 0 -1 0 0 0 32002 32002 0 0 0 0 0 35117
WIT 10 207 208 198 179 153 0 0 0 0 208 0 -1 0 0 0 32002 32002 0 0 0 0 0 1510
WIT 9 207 208 244 236 255 658 0 0 0 32002 0 -1 0 0 0 32002 32002 0 0 0 0 0 0
WIT 8 207 208 236 229 271 1510 0 0 0 32002 0 -1 0 0 0 32002 32002 0 0 0 0 0 0
WIT 8 207 208 281 274 346 1510 0 0 0 32002 0 -1 0 0 0 32002 32002 0 0 0 0 0 0
WIT 8 207 208 192 185 258 0 0 0 0 32002 0 -1 0 0 0 32002 32002 0 0 0 0 0 0
WIT 8 207 208 273 266 293 658 0 0 0 32002 0 -1 0 0 0 32002 32002 0 0 0 0 0 0
WIT 8 207 208 226 219 270 1510 0 0 0 32002 0 -1 0 0 0 32002 32002 0 0 0 0 0 0
WIT 7 207 208 219 213 249 658 0 1 0 32002 0 -1 0 0 0 32002 32002 0 0 0 0 0 0
WIT 9 207 208 224 216 265 1510 0 0 0 32002 0 -1 0 0 0 32002 32002 0 0 0 0 0 0
WIT 6 207 208 255 250 326 1510 0 0 0 32002 0 -1 0 0 0 32002 32002 0 0 0 0 0 0
WIT 8 207 208 225 218 281 1510 0 0 0 32002 0 -1 0 0 0 32002 32002 0 0 0 0 0 0
WIT 10 198 208 198 189 191 658 0 0 1 208 0 -1 0 0 0 32002 32002 0 0 0 0 0 407
WIT 11 207 208 233 223 243 407 0 0 0 32002 0 -1 0 0 0 32002 32002 0 0 0 0 0 0
WIT 7 207 208 201 195 261 1366 0 0 0 32002 0 -1 0 0 0 32002 32002 0 0 0 0 0 0
WIT 12 207 208 201 190 190 1253 1 0 0 208 0 -1 0 0 0 32002 32002 0 0 0 0 0 658
WIT 6 207 208 198 193 210 1762 1 0 0 32002 0 -1 0 0 0 32002 32002 0 0 0 0 0 0
WIT 11 207 208 198 188 204 407 0 0 1 210 0 -1 0 0 0 32002 32002 0 0 0 0 0 658
WIT 9 207 208 198 190 218 407 0 0 0 32002 0 -1 0 0 0 32002 32002 0 0 0 0 0 0
WIT 9 207 208 192 184 208 658 0 0 0 32002 0 -1 0 0 0 32002 32002 0 0 0 0 0 0
WIT 9 207 208 264 256 276 407 0 0 0 32002 0 -1 0 0 0 32002 32002 0 0 0 0 0 0
WIT 9 207 208 223 215 231 407 0 0 0 32002 0 -1 0 0 0 32002 32002 0 0 0 0 0 0
WIT 9 207 208 233 225 225 407 0 0 0 32002 0 -1 0 0 0 32002 32002 0 0 0 0 0 0
WIT 6 220 221 279 274 298 0 0 0 0 32002 0 -1 0 0 0 32002 32002 0 0 0 0 0 0
WIT 9 220 221 223 215 215 1501 0 0 1 226 0 -1 0 0 0 32002 32002 0 0 0 0 0 49415
WIT 7 208 221 220 214 202 0 0 0 0 221 0 -1 0 0 0 32002 32002 0 0 0 0 0 1253
WIT 8 220 221 208 201 207 139 0 0 1 221 0 -1 0 0 0 32002 32002 0 0 0 0 0 49415
WIT 7 220 221 238 232 250 1510 0 0 0 32002 0 -1 0 0 0 32002 32002 0 0 0 0 0 0
WIT 7 220 221 228 222 222 1510 0 0 0 32002 0 -1 0 0 0 32002 32002 0 0 0 0 0 0
WIT 7 220 221 204 198 212 1510 0 0 1 270 0 -1 0 0 0 32002 32002 0 0 0 0 0 139
WIT 8 208 221 208 201 126 0 0 0 0 221 0 -1 0 0 0 32002 32002 0 0 0 0 0 1179
WIT 9 220 221 208 200 235 0 0 0 0 32002 0 -1 0 0 0 32002 32002 0 0 0 0 0 0
WIT 7 220 221 208 202 204 139 0 0 1 221 0 -1 0 0 0 32002 32002 0 0 0 0 0 49415
WIT 7 220 221 265 259 334 1226 0 0 0 32002 0 -1 0 0 0 32002 32002 0 0 0 0 0 0
WIT 8 208 221 208 201 163 0 0 0 0 221 0 -1 0 0 0 32002 32002 0 0 0 0 0 658
WIT 6 220 221 208 203 263 261 0 1 0 32002 0 -1 0 0 0 32002 32002 0 0 0 0 0 0
WIT 9 -221 -220 -197 -205 -262 0 0 0 0 -218 0 -1 0 0 0 32002 32002 0 0 0 0 0 3046
WIT 6 -221 -220 -137 -142 -197 0 0 0 0 -154 0 -1 0 0 0 32002 32002 0 0 0 0 0 2399
WIT 13 220 221 241 229 200 0 0 0 0 207 0 -1 0 0 0 32002 32002 0 0 0 0 0 0
WIT 6 -221 -220 -140 -145 -113 0 0 0 0 32002 0 -1 0 0 0 32002 32002 0 0 0 0 0 0
WIT 7 -221 -220 -167 -173 -173 3567 0 0 0 32002 0 -1 0 0 0 32002 32002 0 0 0 0 0 0
WIT 6 220 221 3 -2 -121 0 0 0 0 222 0 -1 0 0 0 32002 32002 0 0 0 0 0 926
WIT 10 220 221 221 212 16 0 0 0 0 227 0 -1 0 0 0 32002 32002 0 0 0 0 0 926
WIT 12 220 221 208 185 184 0 0 0 0 218 0 -1 0 0 0 32002 32002 0 0 0 0 0 2485
WIT 8 220 221 235 228 282 261 0 1 0 32002 0 -1 0 0 0 32002 32002 0 0 0 0 0 0
WIT 11 220 221 208 187 186 0 0 0 0 221 0 -1 0 0 0 32002 32002 0 0 0 0 0 1510
WIT 10 220 221 221 212 228 1501 0 0 0 32002 0 -1 0 0 0 32002 32002 0 0 0 0 0 0
WIT 12 220 221 208 197 187 0 0 0 0 221 0 -1 0 0 0 32002 32002 0 0 0 0 0 1179
WIT 11 220 221 208 187 186 0 0 0 0 221 0 -1 0 0 0 32002 32002 0 0 0 0 0 658
WIT 9 220 221 200 192 204 658 0 0 1 285 0 -1 0 0 0 32002 32002 0 0 0 0 0 1253
WIT 9 220 221 224 216 265 1510 0 0 0 32002 0 -1 0 0 0 32002 32002 0 0 0 0 0 0
WIT 9 220 221 236 228 234 1510 0 0 0 32002 0 -1 0 0 0 32002 32002 0 0 0 0 0 0
WIT 8 220 221 244 237 254 658 0 0 0 32002 0 -1 0 0 0 32002 32002 0 0 0 0 0 0
WIT 8 220 221 226 219 270 1510 0 0 0 32002 0 -1 0 0 0 32002 32002 0 0 0 0 0 0
WIT 7 220 221 209 203 192 0 0 0 0 227 0 -1 0 0 0 32002 32002 0 0 0 0 0 2455
WIT 12 220 221 208 197 197 49415 0 0 1 221 0 -1 0 0 0 32002 32002 0 0 0 0 0 658
WIT 12 220 221 208 185 121 0 0 0 0 221 0 -1 0 0 0 32002 32002 0 0 0 0 0 1253
WIT 9 220 221 234 226 316 139 0 1 0 32002 0 -1 0 0 0 32002 32002 0 0 0 0 0 0
WIT 9 220 221 292 275 197 0 0 0 0 228 0 -1 0 0 0 32002 32002 0 0 0 0 0 35117
WIT 9 220 221 208 191 180 0 0 0 0 221 0 -1 0 0 0 32002 32002 0 0 0 0 0 1510
WIT 8 220 221 281 274 346 1510 0 0 0 32002 0 -1 0 0 0 32002 32002 0 0 0 0 0 0
WIT 8 220 221 273 266 293 658 0 0 0 32002 0 -1 0 0 0 32002 32002 0 0 0 0 0 0
WIT 8 220 221 192 185 260 0 0 0 0 32002 0 -1 0 0 0 32002 32002 0 0 0 0 0 0
WIT 8 220 221 215 208 237 1510 0 0 0 32002 0 -1 0 0 0 32002 32002 0 0 0 0 0 0
WIT 8 220 221 252 245 304 0 0 0 0 32002 0 -1 0 0 0 32002 32002 0 0 0 0 0 0
WIT 7 220 221 219 213 249 658 0 1 0 32002 0 -1 0 0 0 32002 32002 0 0 0 0 0 0
WIT 8 220 221 225 218 281 1510 0 0 0 32002 0 -1 0 0 0 32002 32002 0 0 0 0 0 0
WIT 10 208 221 208 199 199 658 0 0 1 221 0 -1 0 0 0 32002 32002 0 0 0 0 0 407
WIT 8 220 221 201 194 261 1366 0 0 0 32002 0 -1 0 0 0 32002 32002 0 0 0 0 0 0
WIT 13 220 221 208 196 202 1253 1 0 0 221 0 -1 0 0 0 32002 32002 0 0 0 0 0 658
WIT 11 220 221 233 223 243 407 0 0 0 32002 0 -1 0 0 0 32002 32002 0 0 0 0 0 0
WIT 6 220 221 198 193 195 1217 0 0 1 221 0 -1 0 0 0 32002 32002 0 0 0 0 0 407
WIT 11 220 221 209 199 206 407 0 0 1 221 0 -1 0 0 0 32002 32002 0 0 0 0 0 658
WIT 9 220 221 198 190 218 407 0 0 1 226 0 -1 0 0 0 32002 32002 0 0 0 0 0 658
WIT 9 220 221 192 184 208 658 0 0 1 237 0 -1 0 0 0 32002 32002 0 0 0 0 0 1256
WIT 9 220 221 264 256 276 407 0 0 0 32002 0 -1 0 0 0 32002 32002 0 0 0 0 0 0
WIT 9 220 221 223 215 231 407 0 0 0 32002 0 -1 0 0 0 32002 32002 0 0 0 0 0 0
WIT 9 220 221 218 210 247 658 0 1 0 32002 0 -1 0 0 0 32002 32002 0 0 0 0 0 0
WIT 9 220 221 233 225 225 407 0 0 0 32002 0 -1 0 0 0 32002 32002 0 0 0 0 0 0
WIT 6 221 222 279 274 298 0 0 0 0 32002 0 -1 0 0 0 32002 32002 0 0 0 0 0 0
WIT 7 221 238 221 215 214 0 0 1 0 222 0 -1 0 0 0 32002 32002 0 0 0 0 0 139
WIT 8 221 238 221 214 201 0 0 0 0 222 0 -1 0 0 0 32002 32002 0 0 0 0 0 1253
WIT 8 221 222 221 214 227 139 0 0 0 32002 0 -1 0 0 0 32002 32002 0 0 0 0 0 0
WIT 6 221 222 228 223 223 139 0 0 0 32002 0 -1 0 0 0 32002 32002 0 0 0 0 0 0
WIT 8 -223 -222 -59 -74 -77 0 0 0 0 -58 0 -1 0 0 0 32002 32002 0 0 0 0 0 2724
WIT 9 221 238 221 213 153 0 0 0 0 222 0 -1 0 0 0 32002 32002 0 0 0 0 0 1179
WIT 8 221 222 208 201 233 0 0 0 0 32002 0 -1 0 0 0 32002 32002 0 0 0 0 0 0
WIT 7 221 222 265 259 466 1226 0 0 0 32002 0 -1 0 0 0 32002 32002 0 0 0 0 0 0
WIT 8 -223 -222 -163 -178 -418 0 0 0 0 -223 0 -1 0 0 0 32002 32002 0 0 0 0 0 0
WIT 9 221 238 221 213 163 0 0 0 0 222 0 -1 0 0 0 32002 32002 0 0 0 0 0 1510
WIT 6 -196 -195 -3 -8 267 3819 1 1 0 32002 0 -1 0 0 0 32002 32002 0 0 0 0 0 0
WIT 8 -196 -195 -207 -214 -353 0 0 0 0 -191 0 -1 0 0 0 32002 32002 0 0 0 0 0 2399
WIT 7 -196 -195 -74 -80 -116 0 0 0 0 -187 0 -1 0 0 0 32002 32002 0 0 0 0 0 3501
WIT 6 -196 -195 -212 -217 -257 0 0 0 0 -193 0 -1 0 0 0 32002 32002 0 0 0 0 0 3756
WIT 10 -196 -195 -218 -227 -242 0 0 0 0 -195 0 -1 0 0 0 32002 32002 0 0 0 0 0 3690
WIT 10 -196 -195 -218 -237 -278 0 0 0 0 -195 0 -1 0 0 0 32002 32002 0 0 0 0 0 3046
WIT 8 -196 -195 -91 -98 -136 0 0 0 0 -195 0 -1 0 0 0 32002 32002 0 0 0 0 0 3046
WIT 7 -196 -195 -180 -186 -163 3763 0 1 0 32002 0 -1 0 0 0 32002 32002 0 0 0 0 0 0
WIT 7 -196 -195 -162 -175 -224 0 0 0 0 -156 0 -1 0 0 0 32002 32002 0 0 0 0 0 2399
WIT 6 -196 -195 -142 -147 -168 0 0 0 0 -195 0 -1 0 0 0 32002 32002 0 0 0 0 0 3046
WIT 7 -196 -195 -218 -231 -234 0 0 0 0 -195 0 -1 0 0 0 32002 32002 0 0 0 0 0 3567
WIT 6 237 238 361 356 614 139 0 1 0 32002 0 -1 0 0 0 32002 32002 0 0 0 0 0 0
WIT 11 -238 -237 -191 -212 -336 0 0 0 0 -207 0 -1 0 0 0 32002 32002 0 0 0 0 0 2399
WIT 12 -238 -237 -195 -218 -218 2853 1 0 0 32002 0 -1 0 0 0 32002 32002 0 0 0 0 0 0
WIT 7 -238 -237 -193 -199 -264 0 0 0 0 -218 0 -1 0 0 0 32002 32002 0 0 0 0 0 3436
WIT 6 -238 -237 -80 -85 -85 2867 0 1 0 32002 0 -1 0 0 0 32002 32002 0 0 0 0 0 0
WIT 11 -238 -237 -193 -203 -257 0 0 0 0 -228 0 -1 0 0 0 32002 32002 0 0 0 0 0 3756
WIT 11 -238 -237 -174 -184 -178 3690 0 0 0 32002 0 -1 0 0 0 32002 32002 0 0 0 0 0 0
WIT 6 -238 -237 -168 -173 -137 3763 0 1 0 32002 0 -1 0 0 0 32002 32002 0 0 0 0 0 0
WIT 12 -238 -237 -195 -218 -285 0 0 0 0 -228 0 -1 0 0 0 32002 32002 0 0 0 0 0 3046
WIT 8 -238 -237 -184 -191 -132 2420 0 0 0 32002 0 -1 0 0 0 32002 32002 0 0 0 0 0 0
WIT 9 -238 -237 -195 -212 -221 0 0 0 0 -195 0 -1 0 0 0 32002 32002 0 0 0 0 0 3046
WIT 6 -238 -237 -59 -64 -429 0 0 1 0 -95 0 -1 0 0 0 32002 32002 0 0 0 0 0 3178
WIT 6 -238 -237 -173 -178 -226 0 0 0 0 -156 0 -1 0 0 0 32002 32002 0 0 0 0 0 3046
WIT 8 -238 -237 -195 -210 -257 0 0 0 0 -218 0 -1 0 0 0 32002 32002 0 0 0 0 0 3046
WIT 7 -238 -237 -156 -162 -81 3763 0 1 0 32002 0 -1 0 0 0 32002 32002 0 0 0 0 0 0
WIT 9 -238 -237 -160 -177 -225 0 0 0 0 -221 0 -1 0 0 0 32002 32002 0 0 0 0 0 2399
WIT 6 -238 -237 -173 -178 -189 0 0 0 0 -210 0 -1 0 0 0 32002 32002 0 0 0 0 0 3046
WIT 6 -238 -237 -117 -122 -73 3690 0 0 0 32002 0 -1 0 0 0 32002 32002 0 0 0 0 0 0
WIT 7 -238 -237 -169 -175 -173 3567 0 0 0 32002 0 -1 0 0 0 32002 32002 0 0 0 0 0 0
WIT 6 -238 -237 -140 -145 -112 0 0 0 0 32002 0 -1 0 0 0 32002 32002 0 0 0 0 0 0
WIT 6 -238 -237 -162 -167 -200 0 0 0 0 -216 0 -1 0 0 0 32002 32002 0 0 0 0 0 3502
WIT 15 237 238 225 196 195 0 0 0 0 233 0 -1 0 0 0 32002 32002 0 0 0 0 0 0
WIT 7 -238 -237 -186 -192 -192 3370 0 0 0 32002 0 -1 0 0 0 32002 32002 0 0 0 0 0 0
WIT 12 237 238 221 198 167 0 0 0 0 237 0 -1 0 0 0 32002 32002 0 0 0 0 0 0
WIT 8 -238 -221 -233 -240 -301 0 0 0 0 -221 0 -1 0 0 0 32002 32002 0 0 0 0 0 2853
WIT 8 -238 -221 -233 -240 -243 0 0 0 0 -221 0 -1 0 0 0 32002 32002 0 0 0 0 0 3690
WIT 10 -222 -221 45 36 436 3454 0 1 0 32002 0 -1 0 0 0 32002 32002 0 0 0 0 0 0
WIT 9 -238 -221 -233 -241 -242 0 0 0 0 -221 0 -1 0 0 0 32002 32002 0 0 0 0 0 3893
WIT 13 -222 -221 -207 -219 -227 0 0 0 0 -207 0 -1 0 0 0 32002 32002 0 0 0 0 0 1998
WIT 14 -222 -221 -9 -22 107 3819 1 1 0 32002 0 -1 0 0 0 32002 32002 0 0 0 0 0 0
WIT 12 -222 -221 -207 -218 -121 3763 0 1 0 32002 0 -1 0 0 0 32002 32002 0 0 0 0 0 0
WIT 13 -222 -221 -209 -234 -391 0 0 0 0 -207 0 -1 0 0 0 32002 32002 0 0 0 0 0 2399
WIT 14 -222 -221 -195 -222 -222 2853 1 0 0 -195 0 -1 0 0 0 32002 32002 0 0 0 0 0 3690
WIT 8 -222 -221 -51 -58 -443 0 0 0 0 -215 0 -1 0 0 0 32002 32002 0 0 0 0 0 3178
WIT 13 -222 -221 -228 -240 -240 3826 0 0 1 -220 0 -1 0 0 0 32002 32002 0 0 0 0 0 3690
WIT 12 -222 -221 -152 -163 -163 3826 0 0 0 32002 0 -1 0 0 0 32002 32002 0 0 0 0 0 0
WIT 13 -222 -221 -228 -253 -254 0 0 0 0 -220 0 -1 0 0 0 32002 32002 0 0 0 0 0 3756
WIT 12 -222 -221 -174 -185 -178 3690 0 0 0 32002 0 -1 0 0 0 32002 32002 0 0 0 0 0 0
WIT 7 -222 -221 -168 -174 -149 3763 0 1 0 32002 0 -1 0 0 0 32002 32002 0 0 0 0 0 0
WIT 14 -222 -221 -228 -255 -303 0 0 0 0 -220 0 -1 0 0 0 32002 32002 0 0 0 0 0 3046
WIT 12 -222 -221 -219 -242 -257 0 0 0 0 -221 0 -1 0 0 0 32002 32002 0 0 0 0 0 3046
WIT 10 -222 -221 -184 -193 -129 2420 0 0 0 32002 0 -1 0 0 0 32002 32002 0 0 0 0 0 0
WIT 9 -222 -221 -23 -31 55 3763 0 1 0 32002 0 -1 0 0 0 32002 32002 0 0 0 0 0 0
WIT 11 -222 -221 -198 -219 -221 0 0 0 0 -195 0 -1 0 0 0 32002 32002 0 0 0 0 0 3046
WIT 10 -222 -221 -237 -246 -174 3763 0 1 0 32002 0 -1 0 0 0 32002 32002 0 0 0 0 0 0
WIT 9 -222 -221 -213 -230 -235 0 0 0 0 -221 0 -1 0 0 0 32002 32002 0 0 0 0 0 3046
WIT 11 -222 -221 -222 -243 -258 0 0 0 0 -207 0 -1 0 0 0 32002 32002 0 0 0 0 0 2399
WIT 6 221 222 69 64 -28 0 0 0 0 196 0 -1 0 0 0 32002 32002 0 0 0 0 0 0
WIT 8 -222 -221 -117 -124 -132 0 0 0 0 -221 0 -1 0 0 0 32002 32002 0 0 0 0 0 3046
WIT 12 -222 -221 -237 -260 -270 0 0 0 0 -221 0 -1 0 0 0 32002 32002 0 0 0 0 0 3567
WIT 6 -222 -221 -163 -168 -282 0 0 0 0 -196 0 -1 0 0 0 32002 32002 0 0 0 0 0 2853
WIT 9 -222 -221 -180 -188 -186 3763 0 1 0 32002 0 -1 0 0 0 32002 32002 0 0 0 0 0 0
WIT 10 -222 -221 -218 -237 -268 0 0 0 0 -221 0 -1 0 0 0 32002 32002 0 0 0 0 0 3502
WIT 8 -222 -221 -222 -229 -230 0 0 0 0 -221 0 -1 0 0 0 32002 32002 0 0 0 0 0 3690
WIT 8 -222 -221 -206 -213 -213 3690 0 0 0 32002 0 -1 0 0 0 32002 32002 0 0 0 0 0 0
WIT 8 -238 -221 -237 -244 -458 0 0 0 0 -221 0 -1 0 0 0 32002 32002 0 0 0 0 0 3365
WIT 8 -222 -221 -150 -157 -111 0 0 0 0 32002 0 -1 0 0 0 32002 32002 0 0 0 0 0 0
WIT 7 -222 -221 -170 -176 -149 3370 0 1 0 32002 0 -1 0 0 0 32002 32002 0 0 0 0 0 0
WIT 9 221 222 222 205 192 0 0 0 0 222 0 -1 0 0 0 32002 32002 0 0 0 0 0 1253
WIT 7 -222 -221 -222 -235 -239 0 0 0 0 -222 0 -1 0 0 0 32002 32002 0 0 0 0 0 0
WIT 7 221 222 180 174 199 0 0 0 0 226 0 -1 0 0 0 32002 32002 0 0 0 0 0 1253
WIT 7 237 238 279 273 300 0 0 0 0 32002 0 -1 0 0 0 32002 32002 0 0 0 0 0 0
WIT 9 237 238 225 217 217 1501 0 0 1 238 0 -1 0 0 0 32002 32002 0 0 0 0 0 49415
WIT 7 237 238 241 235 234 0 0 1 0 369 0 -1 0 0 0 32002 32002 0 0 0 0 0 139
WIT 7 221 238 222 216 192 0 0 0 0 238 0 -1 0 0 0 32002 32002 0 0 0 0 0 1253
WIT 7 221 238 222 216 189 0 0 0 0 238 0 -1 0 0 0 32002 32002 0 0 0 0 0 407
WIT 10 237 238 225 216 216 407 0 0 1 233 1 1 41917 1 1 237 238 0 0 0 0 57 407
WIT 8 237 238 238 231 252 139 0 0 0 32002 0 -1 0 0 0 32002 32002 0 0 0 0 0 0
WIT 6 237 238 283 278 270 0 0 1 0 294 0 -1 0 0 0 32002 32002 0 0 0 0 0 139
WIT 8 221 238 222 215 204 0 0 0 0 238 0 -1 0 0 0 32002 32002 0 0 0 0 0 1179
WIT 8 237 238 279 272 300 0 0 0 0 32002 0 -1 0 0 0 32002 32002 0 0 0 0 0 0
WIT 11 237 238 238 228 238 139 0 0 0 32002 0 -1 0 0 0 32002 32002 0 0 0 0 0 0
WIT 8 237 238 354 339 330 0 0 1 0 248 0 -1 0 0 0 32002 32002 0 0 0 0 0 139
WIT 8 237 238 387 380 178 0 0 0 0 573 0 -1 0 0 0 32002 32002 0 0 0 0 0 795
WIT 10 237 238 238 219 196 0 0 0 0 238 0 -1 0 0 0 32002 32002 0 0 0 0 0 1253
WIT 8 237 238 221 214 229 139 0 0 1 241 0 -1 0 0 0 32002 32002 0 0 0 0 0 49415
WIT 6 237 238 259 254 270 139 0 0 0 32002 0 -1 0 0 0 32002 32002 0 0 0 0 0 0
WIT 10 237 238 222 203 168 0 0 0 0 238 0 -1 0 0 0 32002 32002 0 0 0 0 0 1179
WIT 10 237 238 208 199 236 0 0 0 0 238 0 -1 0 0 0 32002 32002 0 0 0 0 0 1253
WIT 9 237 238 222 205 189 0 0 0 0 238 0 -1 0 0 0 32002 32002 0 0 0 0 0 407
WIT 6 237 238 229 224 192 0 0 0 0 249 0 -1 0 0 0 32002 32002 0 0 0 0 0 1179
WIT 7 237 238 233 227 228 1366 0 0 1 243 0 -1 0 0 0 32002 32002 0 0 0 0 0 407
WIT 7 237 238 233 227 227 1366 0 0 1 238 0 -1 0 0 0 32002 32002 0 0 0 0 0 407
WIT 7 237 238 206 200 221 0 0 0 0 296 0 -1 0 0 0 32002 32002 0 0 0 0 0 1253
WIT 10 221 238 221 212 208 0 0 0 0 221 0 -1 0 0 0 32002 32002 0 0 0 0 0 658
WIT 13 237 238 221 209 209 1253 1 0 0 240 0 -1 0 0 0 32002 32002 0 0 0 0 0 658
WIT 11 237 238 233 223 223 139 0 0 1 238 0 -1 0 0 0 32002 32002 0 0 0 0 0 658
WIT 11 237 238 218 208 248 658 0 1 0 32002 0 -1 0 0 0 32002 32002 0 0 0 0 0 0
WIT 9 237 238 225 217 224 407 0 0 1 238 0 -1 0 0 0 32002 32002 0 0 0 0 0 658
WIT 9 237 238 235 227 235 658 0 0 1 240 0 -1 0 0 0 32002 32002 0 0 0 0 0 1256
WIT 9 237 238 264 256 276 407 0 0 0 32002 0 -1 0 0 0 32002 32002 0 0 0 0 0 0
WIT 9 237 238 223 215 231 407 0 0 1 242 0 -1 0 0 0 32002 32002 0 0 0 0 0 658
WIT 9 237 238 233 225 225 407 0 0 1 238 0 -1 0 0 0 32002 32002 0 0 0 0 0 658
WIT 9 237 238 221 213 219 407 0 0 1 238 0 -1 0 0 0 32002 32002 0 0 0 0 0 658
WIT 7 238 261 238 232 -80 0 0 1 0 263 0 -1 0 0 0 32002 32002 0 0 0 0 0 267
WIT 7 238 261 238 232 212 0 0 1 0 262 0 -1 0 0 0 32002 32002 0 0 0 0 0 139
WIT 10 260 261 238 229 229 139 0 0 1 334 0 -1 0 0 0 32002 32002 0 0 0 0 0 49415
WIT 8 260 261 247 232 232 261 0 1 0 607 0 -1 0 0 0 32002 32002 0 0 0 0 0 139
WIT 8 238 261 238 231 192 0 0 0 0 261 0 -1 0 0 0 32002 32002 0 0 0 0 0 1253
WIT 9 260 261 447 439 438 0 0 0 0 304 0 -1 0 0 0 32002 32002 0 0 0 0 0 1510
WIT 9 260 261 251 234 206 0 0 1 0 261 0 -1 0 0 0 32002 32002 0 0 0 0 0 139
WIT 9 260 261 240 232 239 139 0 0 1 275 0 -1 0 0 0 32002 32002 0 0 0 0 0 49415
WIT 8 260 261 259 252 267 139 0 0 0 32002 0 -1 0 0 0 32002 32002 0 0 0 0 0 0
WIT 8 260 261 238 231 250 1510 0 0 1 335 0 -1 0 0 0 32002 32002 0 0 0 0 0 49415
WIT 8 260 261 260 253 263 0 0 0 0 32002 0 -1 0 0 0 32002 32002 0 0 0 0 0 0
WIT 11 260 261 258 248 244 0 0 0 0 261 0 -1 0 0 0 32002 32002 0 0 0 0 0 49415
WIT 9 260 261 485 477 476 0 0 1 0 293 0 -1 0 0 0 32002 32002 0 0 0 0 0 139
WIT 8 260 261 452 445 444 0 0 1 0 352 0 -1 0 0 0 32002 32002 0 0 0 0 0 139
WIT 8 260 261 256 241 240 0 0 0 0 261 0 -1 0 0 0 32002 32002 0 0 0 0 0 1510
WIT 9 238 261 238 230 225 0 0 0 0 261 0 -1 0 0 0 32002 32002 0 0 0 0 0 407
WIT 8 260 261 238 231 306 261 0 1 0 32002 0 -1 0 0 0 32002 32002 0 0 0 0 0 0
WIT 7 260 261 238 232 193 0 0 0 0 278 0 -1 0 0 0 32002 32002 0 0 0 0 0 1366
WIT 12 260 261 238 227 228 139 0 0 1 261 0 -1 0 0 0 32002 32002 0 0 0 0 0 407
WIT 8 260 261 287 272 264 0 0 1 0 261 0 -1 0 0 0 32002 32002 0 0 0 0 0 139
WIT 6 260 261 274 269 269 261 0 1 0 32002 0 -1 0 0 0 32002 32002 0 0 0 0 0 0
WIT 8 260 261 242 235 225 0 0 0 0 261 0 -1 0 0 0 32002 32002 0 0 0 0 0 407
WIT 8 260 261 238 231 252 139 0 0 1 300 0 -1 0 0 0 32002 32002 0 0 0 0 0 407
WIT 8 260 261 247 240 372 139 0 0 0 32002 0 -1 0 0 0 32002 32002 0 0 0 0 0 0
WIT 10 238 261 238 229 208 0 0 0 0 261 0 -1 0 0 0 32002 32002 0 0 0 0 0 1179
WIT 9 260 261 357 349 384 0 0 0 0 32002 0 -1 0 0 0 32002 32002 0 0 0 0 0 0
WIT 7 260 261 264 258 241 0 0 0 0 262 0 -1 0 0 0 32002 32002 0 0 0 0 0 1501
WIT 12 260 261 263 240 217 0 0 0 0 261 0 -1 0 0 0 32002 32002 0 0 0 0 0 1360
WIT 10 260 261 262 243 -74 0 0 1 0 261 0 -1 0 0 0 32002 32002 0 0 0 0 0 267
WIT 10 260 261 346 337 358 1362 0 0 0 32002 0 -1 0 0 0 32002 32002 0 0 0 0 0 0
WIT 10 260 261 309 300 273 0 0 0 0 309 0 -1 0 0 0 32002 32002 0 0 0 0 0 729
WIT 13 260 261 327 315 315 139 0 0 0 32002 0 -1 0 0 0 32002 32002 0 0 0 0 0 0
WIT 10 260 261 287 278 -195 0 0 1 0 300 0 -1 0 0 0 32002 32002 0 0 0 0 0 267
WIT 10 260 261 568 549 515 0 0 1 0 296 0 -1 0 0 0 32002 32002 0 0 0 0 0 139
WIT 12 260 261 261 238 215 0 0 0 0 261 0 -1 0 0 0 32002 32002 0 0 0 0 0 1253
WIT 9 260 261 259 251 333 1501 0 0 0 32002 0 -1 0 0 0 32002 32002 0 0 0 0 0 0
WIT 10 260 261 273 264 263 0 0 0 0 268 0 -1 0 0 0 32002 32002 0 0 0 0 0 49415
WIT 9 260 261 326 318 341 139 0 0 0 32002 0 -1 0 0 0 32002 32002 0 0 0 0 0 0
WIT 7 260 261 250 244 254 139 0 0 1 307 0 -1 0 0 0 32002 32002 0 0 0 0 0 49415
WIT 6 260 261 278 273 273 1510 0 0 0 32002 0 -1 0 0 0 32002 32002 0 0 0 0 0 0
WIT 6 260 261 225 220 248 49415 0 0 1 243 1 1 50986 1 1 260 284 0 0 0 0 11 49415
WIT 12 260 261 238 215 118 0 0 0 0 261 0 -1 0 0 0 32002 32002 0 0 0 0 0 1179
WIT 10 260 261 238 229 233 49415 0 0 1 261 0 -1 0 0 0 32002 32002 0 0 0 0 0 1253
WIT 7 260 261 243 237 254 49415 0 0 1 263 0 -1 0 0 0 32002 32002 0 0 0 0 0 1510
WIT 6 260 261 272 267 253 0 0 0 0 282 0 -1 0 0 0 32002 32002 0 0 0 0 0 1510
WIT 11 260 261 238 217 196 0 0 0 0 261 0 -1 0 0 0 32002 32002 0 0 0 0 0 407
WIT 9 260 261 230 222 259 49415 0 0 1 261 0 -1 0 0 0 32002 32002 0 0 0 0 0 1253
WIT 6 260 261 288 283 328 1501 0 0 0 32002 0 -1 0 0 0 32002 32002 0 0 0 0 0 0
WIT 9 260 261 221 204 193 0 0 0 0 261 0 -1 0 0 0 32002 32002 0 0 0 0 0 1179
WIT 10 260 261 246 237 244 1366 0 0 1 308 0 -1 0 0 0 32002 32002 0 0 0 0 0 407
WIT 8 260 261 223 216 216 1226 0 0 1 285 0 -1 0 0 0 32002 32002 0 0 0 0 0 407
WIT 8 260 261 238 231 231 1366 0 0 1 269 0 -1 0 0 0 32002 32002 0 0 0 0 0 407
WIT 8 260 261 276 269 269 1366 0 0 0 32002 0 -1 0 0 0 32002 32002 0 0 0 0 0 0
WIT 8 260 261 257 242 242 1366 0 0 1 269 0 -1 0 0 0 32002 32002 0 0 0 0 0 407
WIT 8 260 261 288 281 281 407 0 0 0 32002 0 -1 0 0 0 32002 32002 0 0 0 0 0 0
WIT 8 260 261 232 225 240 1510 0 0 1 261 0 -1 0 0 0 32002 32002 0 0 0 0 0 1179
WIT 7 260 261 319 313 313 49415 0 0 0 32002 0 -1 0 0 0 32002 32002 0 0 0 0 0 0
WIT 8 260 261 262 255 283 1366 0 0 0 32002 0 -1 0 0 0 32002 32002 0 0 0 0 0 0
WIT 8 260 261 243 228 252 1226 0 0 1 303 0 -1 0 0 0 32002 32002 0 0 0 0 0 1217
WIT 10 238 261 238 229 221 0 0 0 0 261 0 -1 0 0 0 32002 32002 0 0 0 0 0 658
WIT 12 260 261 241 230 235 407 0 0 1 328 0 -1 0 0 0 32002 32002 0 0 0 0 0 658
WIT 6 260 261 236 231 307 658 0 0 0 32002 0 -1 0 0 0 32002 32002 0 0 0 0 0 0
WIT 11 260 261 218 208 248 658 0 1 0 307 0 -1 0 0 0 32002 32002 0 0 0 0 0 139
WIT 10 260 261 238 229 243 407 0 0 1 268 0 -1 0 0 0 32002 32002 0 0 0 0 0 658
WIT 6 260 261 240 235 267 1366 0 0 0 32002 0 -1 0 0 0 32002 32002 0 0 0 0 0 0
WIT 11 260 261 239 229 229 1253 1 0 0 267 0 -1 0 0 0 32002 32002 0 0 0 0 0 658
WIT 9 260 261 238 230 247 407 0 0 1 261 0 -1 0 0 0 32002 32002 0 0 0 0 0 658
WIT 9 260 261 239 231 332 658 0 0 0 32002 0 -1 0 0 0 32002 32002 0 0 0 0 0 0
WIT 9 260 261 264 256 276 407 0 0 0 32002 0 -1 0 0 0 32002 32002 0 0 0 0 0 0
WIT 10 260 261 238 229 229 407 0 0 1 327 0 -1 0 0 0 32002 32002 0 0 0 0 0 658
WIT 7 261 292 261 255 192 0 0 0 0 292 0 -1 0 0 0 32002 32002 0 0 0 0 0 1253
WIT 8 291 292 261 246 214 0 0 1 0 292 0 -1 0 0 0 32002 32002 0 0 0 0 0 139
WIT 8 291 292 267 252 252 1501 0 0 1 327 0 -1 0 0 0 32002 32002 0 0 0 0 0 49415
WIT 14 291 292 273 260 257 0 0 0 0 319 0 -1 0 0 0 32002 32002 0 0 0 0 0 795
WIT 12 291 292 266 255 251 0 0 0 0 330 0 -1 0 0 0 32002 32002 0 0 0 0 0 2485
WIT 11 -292 -291 -283 -293 -329 0 0 0 0 -284 0 -1 0 0 0 32002 32002 0 0 0 0 0 2853
WIT 11 291 292 261 240 239 0 0 0 0 285 0 -1 0 0 0 32002 32002 0 0 0 0 0 0
WIT 8 291 292 261 246 241 0 0 0 0 285 0 -1 0 0 0 32002 32002 0 0 0 0 0 49415
WIT 8 291 292 326 319 307 0 0 0 0 292 0 -1 0 0 0 32002 32002 0 0 0 0 0 49415
WIT 8 291 292 291 284 284 1510 0 0 1 295 0 -1 0 0 0 32002 32002 0 0 0 0 0 49415
WIT 8 261 292 261 254 225 0 0 0 0 292 0 -1 0 0 0 32002 32002 0 0 0 0 0 407
WIT 9 291 292 301 293 281 0 0 0 0 292 0 -1 0 0 0 32002 32002 0 0 0 0 0 139
WIT 11 291 292 261 251 250 0 0 0 0 291 0 -1 0 0 0 32002 32002 0 0 0 0 0 1253
WIT 9 291 292 261 244 272 261 0 1 0 378 0 -1 0 0 0 32002 32002 0 0 0 0 0 139
WIT 9 291 292 247 239 274 139 0 0 1 341 0 -1 0 0 0 32002 32002 0 0 0 0 0 407
WIT 9 291 292 285 277 307 0 0 0 0 32002 0 -1 0 0 0 32002 32002 0 0 0 0 0 0
WIT 8 291 292 267 260 304 139 0 0 0 32002 0 -1 0 0 0 32002 32002 0 0 0 0 0 0
WIT 6 291 292 337 332 332 261 0 1 0 32002 0 -1 0 0 0 32002 32002 0 0 0 0 0 0
WIT 8 291 292 261 246 232 0 0 0 0 303 0 -1 0 0 0 32002 32002 0 0 0 0 0 407
WIT 8 291 292 297 290 311 139 0 0 0 32002 0 -1 0 0 0 32002 32002 0 0 0 0 0 0
WIT 8 291 292 382 375 376 139 0 0 0 32002 0 -1 0 0 0 32002 32002 0 0 0 0 0 0
WIT 8 291 292 249 242 231 0 0 1 0 292 0 -1 0 0 0 32002 32002 0 0 0 0 0 261
WIT 7 291 292 295 289 288 0 0 0 0 292 0 -1 0 0 0 32002 32002 0 0 0 0 0 407
WIT 9 261 292 261 253 206 0 0 0 0 292 0 -1 0 0 0 32002 32002 0 0 0 0 0 1179
WIT 11 291 292 261 240 240 261 0 1 0 301 0 -1 0 0 0 32002 32002 0 0 0 0 0 139
WIT 12 291 292 327 316 323 139 0 0 0 32002 0 -1 0 0 0 32002 32002 0 0 0 0 0 0
WIT 11 291 292 292 271 259 0 0 0 0 293 0 -1 0 0 0 32002 32002 0 0 0 0 0 1253
WIT 8 291 292 294 287 299 139 0 0 0 32002 0 -1 0 0 0 32002 32002 0 0 0 0 0 0
WIT 7 291 292 268 262 268 323 0 0 1 294 0 -1 0 0 0 32002 32002 0 0 0 0 0 1501
WIT 7 291 292 323 310 294 0 0 0 0 293 0 -1 0 0 0 32002 32002 0 0 0 0 0 49415
WIT 11 291 292 261 240 158 0 0 0 0 292 0 -1 0 0 0 32002 32002 0 0 0 0 0 1179
WIT 6 291 292 261 256 276 139 0 0 1 292 0 -1 0 0 0 32002 32002 0 0 0 0 0 49415
WIT 11 291 292 261 251 270 49415 0 0 1 292 0 -1 0 0 0 32002 32002 0 0 0 0 0 1253
WIT 6 291 292 231 226 241 139 0 0 1 292 0 -1 0 0 0 32002 32002 0 0 0 0 0 49415
WIT 10 291 292 261 242 221 0 0 0 0 292 0 -1 0 0 0 32002 32002 0 0 0 0 0 407
WIT 11 291 292 270 260 300 1510 0 0 0 32002 0 -1 0 0 0 32002 32002 0 0 0 0 0 0
WIT 7 291 292 303 297 297 49415 0 0 0 32002 0 -1 0 0 0 32002 32002 0 0 0 0 0 0
WIT 6 291 292 280 275 298 139 0 0 0 32002 0 -1 0 0 0 32002 32002 0 0 0 0 0 0
WIT 10 291 292 261 252 247 0 0 0 0 297 0 -1 0 0 0 32002 32002 0 0 0 0 0 407
WIT 8 291 292 522 515 479 0 0 0 0 350 0 -1 0 0 0 32002 32002 0 0 0 0 0 49415
WIT 10 291 292 303 294 293 0 0 0 0 292 0 -1 0 0 0 32002 32002 0 0 0 0 0 407
WIT 11 291 292 261 251 306 1510 0 0 0 32002 0 -1 0 0 0 32002 32002 0 0 0 0 0 0
WIT 10 291 292 261 252 272 1501 0 0 1 311 0 -1 0 0 0 32002 32002 0 0 0 0 0 49415
WIT 10 291 292 261 242 238 0 0 0 0 292 0 -1 0 0 0 32002 32002 0 0 0 0 0 407
WIT 10 291 292 261 252 260 1366 0 0 1 292 0 -1 0 0 0 32002 32002 0 0 0 0 0 407
WIT 7 291 292 272 266 272 1366 0 0 1 373 0 -1 0 0 0 32002 32002 0 0 0 0 0 407
WIT 8 291 292 261 254 270 1510 0 0 1 292 0 -1 0 0 0 32002 32002 0 0 0 0 0 1179
WIT 7 291 292 261 255 254 0 0 0 0 292 0 -1 0 0 0 32002 32002 0 0 0 0 0 407
WIT 7 291 292 272 266 272 1366 0 0 1 324 0 -1 0 0 0 32002 32002 0 0 0 0 0 407
WIT 7 291 292 282 276 261 0 0 0 0 292 0 -1 0 0 0 32002 32002 0 0 0 0 0 407
WIT 7 291 292 262 256 255 0 0 0 0 297 0 -1 0 0 0 32002 32002 0 0 0 0 0 407
WIT 8 291 292 261 254 335 0 0 0 0 32002 0 -1 0 0 0 32002 32002 0 0 0 0 0 0
WIT 7 291 292 261 255 254 0 0 0 0 316 0 -1 0 0 0 32002 32002 0 0 0 0 0 407
WIT 7 291 292 271 265 267 1366 0 0 1 285 1 1 3875 1 1 291 292 0 0 0 0 20 1366
WIT 7 291 292 268 262 262 1366 0 0 1 306 0 -1 0 0 0 32002 32002 0 0 0 0 0 407
WIT 7 291 292 276 270 270 1366 0 0 1 295 0 -1 0 0 0 32002 32002 0 0 0 0 0 407
WIT 7 291 292 268 255 255 1366 0 0 1 332 0 -1 0 0 0 32002 32002 0 0 0 0 0 407
WIT 10 261 292 261 252 221 0 0 0 0 292 0 -1 0 0 0 32002 32002 0 0 0 0 0 658
WIT 13 291 292 322 310 319 407 0 0 0 32002 0 -1 0 0 0 32002 32002 0 0 0 0 0 0
WIT 11 291 292 267 257 277 407 0 0 1 304 0 -1 0 0 0 32002 32002 0 0 0 0 0 658
WIT 11 291 292 303 293 321 658 0 1 0 32002 0 -1 0 0 0 32002 32002 0 0 0 0 0 0
WIT 11 291 292 261 251 274 407 0 0 1 292 0 -1 0 0 0 32002 32002 0 0 0 0 0 658
WIT 6 291 292 261 256 274 1366 0 0 1 281 1 1 76017 1 1 291 321 0 0 0 0 14 1366
WIT 11 291 292 266 256 256 1253 1 0 0 293 0 -1 0 0 0 32002 32002 0 0 0 0 0 658
WIT 9 291 292 257 249 251 407 0 0 1 308 0 -1 0 0 0 32002 32002 0 0 0 0 0 658
WIT 10 291 292 239 230 332 658 0 0 0 32002 0 -1 0 0 0 32002 32002 0 0 0 0 0 0
WIT 9 291 292 261 253 257 407 0 0 1 316 0 -1 0 0 0 32002 32002 0 0 0 0 0 658
WIT 9 291 292 201 193 251 407 0 0 1 291 1 1 15801 1 1 291 301 0 0 0 0 21 407
WIT 9 291 292 264 256 276 407 0 0 1 322 0 -1 0 0 0 32002 32002 0 0 0 0 0 658
WIT 10 291 292 321 312 312 407 0 0 0 32002 0 -1 0 0 0 32002 32002 0 0 0 0 0 0
WIT 9 291 292 313 305 321 407 0 0 0 32002 0 -1 0 0 0 32002 32002 0 0 0 0 0 0
WIT 6 333 334 446 441 381 0 0 0 0 374 0 -1 0 0 0 32002 32002 0 0 0 0 0 1891
WIT 8 333 334 317 310 323 2 0 0 1 435 0 -1 0 0 0 32002 32002 0 0 0 0 0 1501
WIT 6 333 334 286 281 281 1042 0 1 0 426 0 -1 0 0 0 32002 32002 0 0 0 0 0 1056
WIT 7 333 334 261 248 237 0 0 0 0 335 0 -1 0 0 0 32002 32002 0 0 0 0 0 1360
WIT 9 333 334 346 338 337 0 0 0 0 334 0 -1 0 0 0 32002 32002 0 0 0 0 0 49415
WIT 9 333 334 305 288 276 0 0 0 0 334 0 -1 0 0 0 32002 32002 0 0 0 0 0 729
WIT 7 292 334 300 294 286 0 0 1 0 334 0 -1 0 0 0 32002 32002 0 0 0 0 0 139
WIT 10 333 334 327 318 323 139 0 0 1 334 0 -1 0 0 0 32002 32002 0 0 0 0 0 49415
WIT 9 333 334 573 556 291 0 0 0 0 514 0 -1 0 0 0 32002 32002 0 0 0 0 0 795
WIT 10 333 334 333 324 543 723 0 1 0 32002 0 -1 0 0 0 32002 32002 0 0 0 0 0 0
WIT 9 333 334 296 279 -191 0 0 1 0 543 0 -1 0 0 0 32002 32002 0 0 0 0 0 267
WIT 8 333 334 293 278 277 0 0 1 0 380 0 -1 0 0 0 32002 32002 0 0 0 0 0 139
WIT 8 292 334 292 285 273 0 0 0 0 334 0 -1 0 0 0 32002 32002 0 0 0 0 0 1253
WIT 7 333 334 304 298 332 0 0 0 0 334 0 -1 0 0 0 32002 32002 0 0 0 0 0 1253
WIT 10 333 334 300 281 313 49415 0 0 1 334 0 -1 0 0 0 32002 32002 0 0 0 0 0 1510
WIT 9 333 334 292 275 232 0 0 1 0 334 0 -1 0 0 0 32002 32002 0 0 0 0 0 139
WIT 10 333 334 294 285 285 1501 0 0 1 380 0 -1 0 0 0 32002 32002 0 0 0 0 0 49415
WIT 9 333 334 292 275 295 139 0 0 1 430 0 -1 0 0 0 32002 32002 0 0 0 0 0 49415
WIT 6 333 334 295 290 305 139 0 0 1 377 0 -1 0 0 0 32002 32002 0 0 0 0 0 49415
WIT 8 333 334 294 279 259 0 0 0 0 342 0 -1 0 0 0 32002 32002 0 0 0 0 0 1217
WIT 8 333 334 292 277 277 1510 0 0 1 325 1 1 23262 1 1 333 285 0 0 0 0 1 0
WIT 7 -334 -292 -325 -331 -340 0 0 0 0 -349 0 -1 0 0 0 32002 32002 0 0 0 0 0 0
WIT 8 292 334 292 285 250 0 0 0 0 334 0 -1 0 0 0 32002 32002 0 0 0 0 0 407
WIT 10 333 334 303 294 332 261 0 1 0 367 0 -1 0 0 0 32002 32002 0 0 0 0 0 139
WIT 7 333 334 267 261 313 1501 0 0 1 629 0 -1 0 0 0 32002 32002 0 0 0 0 0 49415
WIT 11 333 334 301 280 264 0 0 0 0 334 0 -1 0 0 0 32002 32002 0 0 0 0 0 407
WIT 10 333 334 295 286 326 2 0 0 1 367 0 -1 0 0 0 32002 32002 0 0 0 0 0 407
WIT 9 333 334 369 352 330 0 0 1 0 349 0 -1 0 0 0 32002 32002 0 0 0 0 0 139
WIT 6 -334 -333 -250 -255 -263 0 0 0 0 -326 0 -1 0 0 0 32002 32002 0 0 0 0 0 3690
WIT 9 333 334 292 275 275 407 0 0 1 333 1 1 55539 1 1 333 291 0 0 0 0 1 0
WIT 6 315 316 292 287 286 0 0 0 0 326 0 -1 0 0 0 32002 32002 0 0 0 0 0 1510
WIT 8 -317 -316 -150 -157 -139 0 0 0 0 32002 0 -1 0 0 0 32002 32002 0 0 0 0 0 0
WIT 9 292 334 292 284 236 0 0 0 0 316 0 -1 0 0 0 32002 32002 0 0 0 0 0 1179
WIT 8 315 316 292 277 228 0 0 0 0 334 0 -1 0 0 0 32002 32002 0 0 0 0 0 1179
WIT 7 315 316 292 286 299 0 0 0 0 318 0 -1 0 0 0 32002 32002 0 0 0 0 0 1253
WIT 7 315 316 292 279 246 0 0 0 0 317 0 -1 0 0 0 32002 32002 0 0 0 0 0 407
WIT 7 315 316 313 300 283 0 0 0 0 316 0 -1 0 0 0 32002 32002 0 0 0 0 0 407
WIT 8 315 316 270 263 297 1510 0 0 1 316 0 -1 0 0 0 32002 32002 0 0 0 0 0 1179
WIT 7 315 316 316 310 373 0 0 0 0 32002 0 -1 0 0 0 32002 32002 0 0 0 0 0 0
WIT 7 315 316 292 286 306 49415 0 0 1 405 0 -1 0 0 0 32002 32002 0 0 0 0 0 1510
WIT 7 315 316 296 283 266 0 0 0 0 316 0 -1 0 0 0 32002 32002 0 0 0 0 0 407
WIT 8 315 316 261 254 302 1510 0 0 1 334 0 -1 0 0 0 32002 32002 0 0 0 0 0 1179
WIT 7 315 316 292 279 263 0 0 0 0 324 0 -1 0 0 0 32002 32002 0 0 0 0 0 407
WIT 7 315 316 296 283 295 1366 0 0 1 340 0 -1 0 0 0 32002 32002 0 0 0 0 0 407
WIT 8 315 316 292 285 342 0 0 0 0 32002 0 -1 0 0 0 32002 32002 0 0 0 0 0 0
WIT 7 315 316 292 279 263 0 0 0 0 316 0 -1 0 0 0 32002 32002 0 0 0 0 0 407
WIT 6 315 316 261 256 289 0 0 0 0 319 0 -1 0 0 0 32002 32002 0 0 0 0 0 1253
WIT 7 315 316 592 586 515 0 0 0 0 316 0 -1 0 0 0 32002 32002 0 0 0 0 0 49415
WIT 6 315 316 333 328 336 139 0 0 0 32002 0 -1 0 0 0 32002 32002 0 0 0 0 0 0
WIT 7 315 316 292 286 277 0 0 0 0 315 0 -1 0 0 0 32002 32002 0 0 0 0 0 0
WIT 10 -315 -314 -221 -240 -339 0 0 0 0 -237 0 -1 0 0 0 32002 32002 0 0 0 0 0 3365
WIT 11 -315 -314 -177 -187 -138 3370 0 0 0 32002 0 -1 0 0 0 32002 32002 0 0 0 0 0 0
WIT 10 -315 -314 -221 -240 -247 0 0 0 0 -294 0 -1 0 0 0 32002 32002 0 0 0 0 0 2203
WIT 8 -315 -314 -138 -153 -110 3370 0 0 0 32002 0 -1 0 0 0 32002 32002 0 0 0 0 0 0
WIT 6 -315 -314 17 12 -59 0 0 0 0 -11 0 -1 0 0 0 32002 32002 0 0 0 0 0 2202
WIT 10 292 334 292 283 280 0 0 0 0 314 0 -1 0 0 0 32002 32002 0 0 0 0 0 658
WIT 8 313 314 303 296 299 407 0 0 1 361 0 -1 0 0 0 32002 32002 0 0 0 0 0 658
WIT 8 313 314 303 296 319 658 0 1 0 32002 0 -1 0 0 0 32002 32002 0 0 0 0 0 0
WIT 8 313 314 306 299 348 407 0 0 0 32002 0 -1 0 0 0 32002 32002 0 0 0 0 0 0
WIT 9 313 314 316 308 291 0 0 0 0 336 0 -1 0 0 0 32002 32002 0 0 0 0 0 1366
WIT 8 313 314 292 285 284 0 0 0 0 315 0 -1 0 0 0 32002 32002 0 0 0 0 0 658
WIT 7 313 314 292 286 311 407 0 0 1 374 0 -1 0 0 0 32002 32002 0 0 0 0 0 658
WIT 7 313 314 313 307 307 1366 0 0 1 316 0 -1 0 0 0 32002 32002 0 0 0 0 0 658
WIT 7 313 314 239 233 326 658 0 0 0 32002 0 -1 0 0 0 32002 32002 0 0 0 0 0 0
WIT 8 313 314 301 294 342 1510 0 0 0 32002 0 -1 0 0 0 32002 32002 0 0 0 0 0 0
WIT 7 313 314 300 294 292 0 0 0 0 342 0 -1 0 0 0 32002 32002 0 0 0 0 0 407
WIT 8 313 314 292 285 293 407 0 0 1 365 0 -1 0 0 0 32002 32002 0 0 0 0 0 658
WIT 7 313 314 313 307 320 407 0 0 0 32002 0 -1 0 0 0 32002 32002 0 0 0 0 0 0
WIT 8 290 291 318 311 318 0 0 0 0 32002 0 -1 0 0 0 32002 32002 0 0 0 0 0 0
WIT 10 290 291 221 212 312 1226 0 0 0 32002 0 -1 0 0 0 32002 32002 0 0 0 0 0 0
WIT 6 290 291 261 256 256 1366 0 0 1 314 0 -1 0 0 0 32002 32002 0 0 0 0 0 49415
WIT 6 290 291 335 330 371 1501 0 0 0 32002 0 -1 0 0 0 32002 32002 0 0 0 0 0 0
WIT 6 290 291 280 275 297 1501 0 0 0 32002 0 -1 0 0 0 32002 32002 0 0 0 0 0 0
WIT 6 290 291 265 260 301 0 0 0 0 32002 0 -1 0 0 0 32002 32002 0 0 0 0 0 0
WIT 10 290 291 334 315 312 0 0 0 0 291 0 -1 0 0 0 32002 32002 0 0 0 0 0 49415
WIT 10 290 291 334 315 295 0 0 0 0 291 0 -1 0 0 0 32002 32002 0 0 0 0 0 729
WIT 6 290 291 280 275 305 1042 0 1 0 32002 0 -1 0 0 0 32002 32002 0 0 0 0 0 0
WIT 11 290 291 261 251 222 0 0 0 0 291 0 -1 0 0 0 32002 32002 0 0 0 0 0 1501
WIT 6 290 291 480 475 456 0 0 1 0 527 0 -1 0 0 0 32002 32002 0 0 0 0 0 1049
WIT 10 290 291 365 346 300 0 0 0 0 320 0 -1 0 0 0 32002 32002 0 0 0 0 0 1501
WIT 6 290 291 363 358 380 2 0 0 0 32002 0 -1 0 0 0 32002 32002 0 0 0 0 0 0
WIT 6 290 291 350 345 363 2 0 0 0 32002 0 -1 0 0 0 32002 32002 0 0 0 0 0 0
WIT 10 290 291 334 315 273 0 0 0 0 291 0 -1 0 0 0 32002 32002 0 0 0 0 0 1360
WIT 7 290 291 389 383 413 323 0 0 0 32002 0 -1 0 0 0 32002 32002 0 0 0 0 0 0
WIT 9 290 291 375 358 320 0 0 1 0 400 0 -1 0 0 0 32002 32002 0 0 0 0 0 139
WIT 9 290 291 514 506 597 261 0 1 0 32002 0 -1 0 0 0 32002 32002 0 0 0 0 0 0
WIT 11 290 291 497 476 239 0 0 0 0 454 0 -1 0 0 0 32002 32002 0 0 0 0 0 795
WIT 12 290 291 334 311 275 0 0 0 0 291 0 -1 0 0 0 32002 32002 0 0 0 0 0 1253
WIT 11 290 291 334 313 340 49415 0 0 0 32002 0 -1 0 0 0 32002 32002 0 0 0 0 0 0
WIT 6 290 291 338 333 420 1510 0 0 0 32002 0 -1 0 0 0 32002 32002 0 0 0 0 0 0
WIT 9 290 291 383 375 403 0 0 0 0 32002 0 -1 0 0 0 32002 32002 0 0 0 0 0 0
WIT 10 290 291 334 315 264 0 0 1 0 292 0 -1 0 0 0 32002 32002 0 0 0 0 0 139
WIT 10 290 291 344 335 343 49415 0 0 0 32002 0 -1 0 0 0 32002 32002 0 0 0 0 0 0
WIT 9 290 291 370 362 401 139 0 0 0 32002 0 -1 0 0 0 32002 32002 0 0 0 0 0 0
WIT 9 290 291 341 324 286 0 0 0 0 332 0 -1 0 0 0 32002 32002 0 0 0 0 0 1217
WIT 7 290 291 318 312 311 0 0 0 0 299 0 -1 0 0 0 32002 32002 0 0 0 0 0 49415
WIT 10 290 291 349 330 267 0 0 0 0 291 0 -1 0 0 0 32002 32002 0 0 0 0 0 795
WIT 9 290 291 374 366 350 0 0 0 0 320 0 -1 0 0 0 32002 32002 0 0 0 0 0 1253
WIT 8 290 291 341 334 381 1510 0 0 0 32002 0 -1 0 0 0 32002 32002 0 0 0 0 0 0
WIT 9 290 291 340 323 307 0 0 0 0 291 0 -1 0 0 0 32002 32002 0 0 0 0 0 49415
WIT 11 290 291 334 313 262 0 0 0 0 291 0 -1 0 0 0 32002 32002 0 0 0 0 0 407
WIT 8 290 291 382 375 376 139 0 0 0 32002 0 -1 0 0 0 32002 32002 0 0 0 0 0 0
WIT 6 290 291 370 365 395 139 0 0 0 32002 0 -1 0 0 0 32002 32002 0 0 0 0 0 0
WIT 13 290 291 328 303 280 0 0 0 0 291 0 -1 0 0 0 32002 32002 0 0 0 0 0 1217
WIT 10 290 291 299 290 322 1366 0 0 0 32002 0 -1 0 0 0 32002 32002 0 0 0 0 0 0
WIT 8 290 291 347 340 346 323 0 0 0 32002 0 -1 0 0 0 32002 32002 0 0 0 0 0 0
WIT 7 290 291 509 503 257 0 0 0 0 559 0 -1 0 0 0 32002 32002 0 0 0 0 0 1764
WIT 11 290 291 291 270 270 1510 0 0 1 291 0 -1 0 0 0 32002 32002 0 0 0 0 0 49415
WIT 6 290 291 372 367 391 139 0 0 0 32002 0 -1 0 0 0 32002 32002 0 0 0 0 0 0
WIT 7 290 291 294 281 281 1501 0 0 1 295 0 -1 0 0 0 32002 32002 0 0 0 0 0 49415
WIT 7 290 291 301 295 313 139 0 0 0 32002 0 -1 0 0 0 32002 32002 0 0 0 0 0 0
WIT 7 290 291 298 292 330 49415 0 0 0 32002 0 -1 0 0 0 32002 32002 0 0 0 0 0 0
WIT 8 290 291 297 290 287 0 0 0 0 291 0 -1 0 0 0 32002 32002 0 0 0 0 0 49415
WIT 12 290 291 332 309 202 0 0 0 0 291 0 -1 0 0 0 32002 32002 0 0 0 0 0 1179
WIT 13 290 291 326 314 324 49415 0 0 0 32002 0 -1 0 0 0 32002 32002 0 0 0 0 0 0
WIT 11 290 291 323 302 298 0 0 0 0 291 0 -1 0 0 0 32002 32002 0 0 0 0 0 1510
WIT 10 290 291 317 308 311 49415 0 0 0 32002 0 -1 0 0 0 32002 32002 0 0 0 0 0 0
WIT 6 290 291 306 301 301 49415 0 0 0 32002 0 -1 0 0 0 32002 32002 0 0 0 0 0 0
WIT 11 290 291 316 295 255 0 0 0 0 291 0 -1 0 0 0 32002 32002 0 0 0 0 0 407
WIT 10 290 291 316 297 312 139 0 0 0 32002 0 -1 0 0 0 32002 32002 0 0 0 0 0 0
WIT 11 290 291 316 306 383 1510 0 0 0 32002 0 -1 0 0 0 32002 32002 0 0 0 0 0 0
WIT 7 290 291 280 274 307 1501 0 0 0 32002 0 -1 0 0 0 32002 32002 0 0 0 0 0 0
WIT 6 290 291 407 402 420 0 0 0 0 32002 0 -1 0 0 0 32002 32002 0 0 0 0 0 0
WIT 10 290 291 316 297 276 0 0 0 0 291 0 -1 0 0 0 32002 32002 0 0 0 0 0 407
WIT 9 290 291 288 280 364 1253 1 0 0 32002 0 -1 0 0 0 32002 32002 0 0 0 0 0 0
WIT 8 290 291 298 283 331 1226 0 0 0 32002 0 -1 0 0 0 32002 32002 0 0 0 0 0 0
WIT 9 290 291 292 284 287 407 0 0 1 292 0 -1 0 0 0 32002 32002 0 0 0 0 0 1366
WIT 10 290 291 292 283 301 1510 0 0 0 32002 0 -1 0 0 0 32002 32002 0 0 0 0 0 0
WIT 9 290 291 292 275 264 0 0 0 0 291 0 -1 0 0 0 32002 32002 0 0 0 0 0 407
WIT 7 290 291 362 356 353 0 0 0 0 358 0 -1 0 0 0 32002 32002 0 0 0 0 0 407
WIT 10 290 291 292 283 341 0 0 0 0 32002 0 -1 0 0 0 32002 32002 0 0 0 0 0 0
WIT 10 290 291 324 315 336 1510 0 0 0 32002 0 -1 0 0 0 32002 32002 0 0 0 0 0 0
WIT 9 290 291 316 299 298 0 0 0 0 291 0 -1 0 0 0 32002 32002 0 0 0 0 0 407
WIT 8 290 291 320 313 322 1389 0 0 0 32002 0 -1 0 0 0 32002 32002 0 0 0 0 0 0
WIT 10 290 291 302 293 324 1510 0 0 0 32002 0 -1 0 0 0 32002 32002 0 0 0 0 0 0
WIT 9 290 291 337 320 313 0 0 0 0 291 0 -1 0 0 0 32002 32002 0 0 0 0 0 407
WIT 9 290 291 332 324 364 1510 0 0 0 32002 0 -1 0 0 0 32002 32002 0 0 0 0 0 0
WIT 7 290 291 324 318 381 49415 0 0 0 32002 0 -1 0 0 0 32002 32002 0 0 0 0 0 0
WIT 8 290 291 323 308 290 0 0 0 0 309 0 -1 0 0 0 32002 32002 0 0 0 0 0 407
WIT 8 290 291 294 287 287 1366 0 0 1 295 0 -1 0 0 0 32002 32002 0 0 0 0 0 407
WIT 8 290 291 304 297 297 1366 0 0 0 32002 0 -1 0 0 0 32002 32002 0 0 0 0 0 0
WIT 8 290 291 321 306 300 0 0 0 0 292 0 -1 0 0 0 32002 32002 0 0 0 0 0 407
WIT 8 290 291 262 255 283 1366 0 0 1 339 0 -1 0 0 0 32002 32002 0 0 0 0 0 407
WIT 8 290 291 327 312 312 1366 0 0 0 32002 0 -1 0 0 0 32002 32002 0 0 0 0 0 0
WIT 11 267 291 314 304 295 0 0 0 0 291 0 -1 0 0 0 32002 32002 0 0 0 0 0 658
WIT 12 290 291 314 291 291 139 0 0 0 32002 0 -1 0 0 0 32002 32002 0 0 0 0 0 0
WIT 11 290 291 303 293 321 658 0 1 0 32002 0 -1 0 0 0 32002 32002 0 0 0 0 0 0
WIT 11 290 291 321 311 320 407 0 0 0 32002 0 -1 0 0 0 32002 32002 0 0 0 0 0 0
WIT 10 290 291 313 304 320 407 0 0 0 32002 0 -1 0 0 0 32002 32002 0 0 0 0 0 0
WIT 10 290 291 366 357 358 407 0 0 0 32002 0 -1 0 0 0 32002 32002 0 0 0 0 0 0
WIT 10 290 291 315 306 306 1366 0 0 0 32002 0 -1 0 0 0 32002 32002 0 0 0 0 0 0
WIT 9 290 291 239 231 332 658 0 0 0 32002 0 -1 0 0 0 32002 32002 0 0 0 0 0 0
WIT 9 290 291 319 311 317 407 0 0 0 32002 0 -1 0 0 0 32002 32002 0 0 0 0 0 0
WIT 10 290 291 338 319 302 0 0 0 0 291 0 -1 0 0 0 32002 32002 0 0 0 0 0 407
WIT 10 290 291 355 346 346 407 0 0 0 32002 0 -1 0 0 0 32002 32002 0 0 0 0 0 0
WIT 8 -292 -291 -274 -281 -329 0 0 0 0 -287 0 -1 0 0 0 32002 32002 0 0 0 0 0 2715
WIT 8 291 303 294 287 279 0 0 0 0 291 0 -1 0 0 0 32002 32002 0 0 0 0 0 0
WIT 9 291 303 292 284 265 0 0 0 0 291 0 -1 0 0 0 32002 32002 0 0 0 0 0 0
WIT 7 291 303 298 292 259 0 0 0 0 303 0 -1 0 0 0 32002 32002 0 0 0 0 0 795
WIT 6 302 303 337 332 318 0 0 0 0 340 0 -1 0 0 0 32002 32002 0 0 0 0 0 49415
WIT 7 302 303 293 287 257 0 0 0 0 303 0 -1 0 0 0 32002 32002 0 0 0 0 0 49415
WIT 6 302 303 364 359 344 0 0 0 0 311 0 -1 0 0 0 32002 32002 0 0 0 0 0 49415
WIT 8 302 303 292 285 285 407 0 0 1 308 0 -1 0 0 0 32002 32002 0 0 0 0 0 405
WIT 6 -292 -291 -306 -311 -253 3817 0 0 0 32002 0 -1 0 0 0 32002 32002 0 0 0 0 0 0
WIT 9 -292 -291 -307 -324 -331 0 0 0 0 -259 0 -1 0 0 0 32002 32002 0 0 0 0 0 2203
WIT 6 -292 -291 -264 -269 -304 0 0 0 0 -283 0 -1 0 0 0 32002 32002 0 0 0 0 0 2715
WIT 8 291 303 300 293 282 0 0 0 0 291 0 -1 0 0 0 32002 32002 0 0 0 0 0 0
WIT 11 291 303 291 281 281 1366 0 0 1 291 1 2 -9523 1 1 291 291 1 0 28 0 492 0
WIT 6 -321 -320 -184 -189 -192 0 0 0 0 -273 0 -1 0 0 0 32002 32002 0 0 0 0 0 2202
WIT 8 -292 -291 -294 -301 -203 0 0 0 0 32002 0 -1 0 0 0 32002 32002 0 0 0 0 0 0
WIT 13 -292 -291 -295 -320 -295 3567 0 0 1 -243 0 -1 0 0 0 32002 32002 0 0 0 0 0 2203
WIT 8 -292 -291 -291 -298 -324 0 0 0 0 -291 0 -1 0 0 0 32002 32002 0 0 0 0 0 3699
WIT 8 -292 -291 -138 -145 -120 0 0 0 0 32002 0 -1 0 0 0 32002 32002 0 0 0 0 0 0
WIT 7 -292 -291 -124 -130 -110 0 0 0 0 32002 0 -1 0 0 0 32002 32002 0 0 0 0 0 0
WIT 11 291 303 291 281 250 0 0 0 0 291 0 -1 0 0 0 32002 32002 0 0 0 0 0 0
WIT 6 -276 -275 -291 -296 -282 3817 0 0 1 -275 0 -1 0 0 0 32002 32002 0 0 0 0 0 2713
WIT 9 -276 -275 -291 -299 -242 0 0 0 0 32002 0 -1 0 0 0 32002 32002 0 0 0 0 0 0
WIT 7 -303 -275 -291 -297 -299 0 0 0 0 -275 0 -1 0 0 0 32002 32002 0 0 0 0 0 2203
WIT 8 -276 -275 -250 -257 -272 0 0 0 0 -257 0 -1 0 0 0 32002 32002 0 0 0 0 0 3752
WIT 6 -276 -275 -271 -276 -301 0 0 0 0 -272 0 -1 0 0 0 32002 32002 0 0 0 0 0 3752
WIT 6 -276 -275 -238 -243 -203 3690 0 0 0 32002 0 -1 0 0 0 32002 32002 0 0 0 0 0 0
WIT 6 -276 -275 -249 -254 -254 3763 0 1 0 32002 0 -1 0 0 0 32002 32002 0 0 0 0 0 0
WIT 6 -276 -275 -289 -294 -292 3690 0 0 1 -275 0 -1 0 0 0 32002 32002 0 0 0 0 0 3752
WIT 6 -276 -275 -291 -296 -290 3690 0 0 1 -275 0 -1 0 0 0 32002 32002 0 0 0 0 0 3752
WIT 6 -276 -275 -246 -251 -275 0 0 0 0 -233 0 -1 0 0 0 32002 32002 0 0 0 0 0 3752
WIT 6 -276 -275 -288 -293 -268 3690 0 0 0 32002 0 -1 0 0 0 32002 32002 0 0 0 0 0 0
WIT 10 -276 -275 -291 -310 -311 0 0 0 0 -275 0 -1 0 0 0 32002 32002 0 0 0 0 0 3177
WIT 7 -276 -275 -289 -295 -266 3365 0 0 0 32002 0 -1 0 0 0 32002 32002 0 0 0 0 0 0
WIT 9 -276 -275 -291 -299 -300 0 0 0 0 -275 0 -1 0 0 0 32002 32002 0 0 0 0 0 3817
WIT 6 -276 -275 -267 -272 -268 3365 0 0 0 32002 0 -1 0 0 0 32002 32002 0 0 0 0 0 0
WIT 8 -276 -275 -291 -306 -333 0 0 0 0 -275 0 -1 0 0 0 32002 32002 0 0 0 0 0 3690
WIT 7 -276 -275 -266 -272 -281 0 0 0 0 -276 0 -1 0 0 0 32002 32002 0 0 0 0 0 0
WIT 9 -276 -275 -285 -293 -296 0 0 0 0 -276 0 -1 0 0 0 32002 32002 0 0 0 0 0 0
WIT 8 -276 -275 -285 -292 -293 0 0 0 0 -276 0 -1 0 0 0 32002 32002 0 0 0 0 0 0
WIT 10 -276 -275 -291 -310 -320 0 0 0 0 -276 0 -1 0 0 0 32002 32002 0 0 0 0 0 0
WIT 6 302 303 357 352 335 0 0 0 0 348 0 -1 0 0 0 32002 32002 0 0 0 0 0 49415
WIT 7 302 303 276 270 200 0 0 0 0 303 0 -1 0 0 0 32002 32002 0 0 0 0 0 1179
WIT 6 302 303 276 271 270 0 0 0 0 303 0 -1 0 0 0 32002 32002 0 0 0 0 0 1366
WIT 6 302 303 306 301 309 396 0 0 0 32002 0 -1 0 0 0 32002 32002 0 0 0 0 0 0
WIT 6 302 303 308 303 302 0 0 0 0 334 0 -1 0 0 0 32002 32002 0 0 0 0 0 1366
WIT 8 302 303 290 283 295 2023 0 0 1 296 1 2 2265 1 1 302 270 1 0 2 0 4 0
WIT 9 -276 -275 -291 -299 -299 3370 0 0 1 -269 0 -1 0 0 0 32002 32002 0 0 0 0 0 3298
WIT 8 -276 -275 -291 -298 -314 0 0 0 0 -269 0 -1 0 0 0 32002 32002 0 0 0 0 0 3699
WIT 8 -276 -275 -291 -298 -292 3690 0 0 1 -275 0 -1 0 0 0 32002 32002 0 0 0 0 0 2203
WIT 8 -276 -275 -288 -295 -259 0 0 0 0 32002 0 -1 0 0 0 32002 32002 0 0 0 0 0 0
WIT 7 -276 -275 -272 -278 -270 3690 0 0 0 32002 0 -1 0 0 0 32002 32002 0 0 0 0 0 0
WIT 7 -276 -275 -262 -268 -244 3690 0 0 0 32002 0 -1 0 0 0 32002 32002 0 0 0 0 0 0
WIT 7 -276 -275 -283 -289 -267 0 0 0 0 32002 0 -1 0 0 0 32002 32002 0 0 0 0 0 0
WIT 8 -276 -275 -272 -279 -258 0 0 0 0 32002 0 -1 0 0 0 32002 32002 0 0 0 0 0 0
WIT 7 -276 -275 -288 -294 -263 0 0 0 0 32002 0 -1 0 0 0 32002 32002 0 0 0 0 0 0
WIT 7 -276 -275 -257 -263 -252 0 0 0 0 32002 0 -1 0 0 0 32002 32002 0 0 0 0 0 0
WIT 8 -276 -275 -291 -298 -299 0 0 0 0 -275 0 -1 0 0 0 32002 32002 0 0 0 0 0 3690
WIT 7 -276 -275 -286 -292 -274 0 0 0 0 32002 0 -1 0 0 0 32002 32002 0 0 0 0 0 0
WIT 7 -276 -275 -279 -285 -232 0 0 0 0 32002 0 -1 0 0 0 32002 32002 0 0 0 0 0 0
WIT 7 -276 -275 -260 -266 -248 0 0 0 0 32002 0 -1 0 0 0 32002 32002 0 0 0 0 0 0
WIT 8 -276 -275 -256 -263 -242 0 0 0 0 32002 0 -1 0 0 0 32002 32002 0 0 0 0 0 0
WIT 8 -276 -275 -276 -283 -266 0 0 0 0 32002 0 -1 0 0 0 32002 32002 0 0 0 0 0 0
WIT 8 -276 -275 -252 -259 -249 0 0 0 0 32002 0 -1 0 0 0 32002 32002 0 0 0 0 0 0
WIT 7 -276 -275 -268 -274 -256 0 0 0 0 32002 0 -1 0 0 0 32002 32002 0 0 0 0 0 0
WIT 8 -276 -275 -259 -266 -231 0 0 0 0 32002 0 -1 0 0 0 32002 32002 0 0 0 0 0 0
WIT 7 -276 -275 -287 -293 -288 2715 1 0 0 -275 0 -1 0 0 0 32002 32002 0 0 0 0 0 3763
WIT 6 -276 -275 -287 -292 -297 0 0 0 0 -275 0 -1 0 0 0 32002 32002 0 0 0 0 0 3817
WIT 8 -276 -275 -288 -295 -296 0 0 0 0 -275 0 -1 0 0 0 32002 32002 0 0 0 0 0 3690
WIT 8 -276 -275 -252 -259 -232 2201 1 0 0 32002 0 -1 0 0 0 32002 32002 0 0 0 0 0 0
WIT 9 -303 -275 -291 -299 -299 2203 1 0 0 -275 0 -1 0 0 0 32002 32002 0 0 0 0 0 3567
WIT 12 -276 -275 -285 -296 -230 0 0 0 0 32002 0 -1 0 0 0 32002 32002 0 0 0 0 0 0
WIT 10 -276 -275 -291 -310 -250 3699 0 0 0 32002 0 -1 0 0 0 32002 32002 0 0 0 0 0 0
WIT 8 -276 -275 -221 -228 -160 0 0 0 0 32002 0 -1 0 0 0 32002 32002 0 0 0 0 0 0
WIT 8 -276 -275 -138 -145 -129 0 0 0 0 32002 0 -1 0 0 0 32002 32002 0 0 0 0 0 0
WIT 8 -276 -275 -124 -131 -120 0 0 0 0 32002 0 -1 0 0 0 32002 32002 0 0 0 0 0 0
WIT 6 278 279 231 226 240 1501 0 0 1 279 0 -1 0 0 0 32002 32002 0 0 0 0 0 49415
WIT 6 278 279 221 216 290 1226 0 0 0 32002 0 -1 0 0 0 32002 32002 0 0 0 0 0 0
WIT 7 -296 -254 -275 -281 -281 3690 0 0 1 -279 1 1 19364 1 1 -279 -279 0 0 0 0 11 2203
WIT 7 -280 -279 -275 -288 -287 2203 1 0 0 -275 0 -1 0 0 0 32002 32002 0 0 0 0 0 3690
WIT 8 278 279 294 287 287 1366 0 0 0 32002 0 -1 0 0 0 32002 32002 0 0 0 0 0 0
WIT 8 -296 -254 -275 -282 -291 0 0 0 0 -279 0 -1 0 0 0 32002 32002 0 0 0 0 0 3567
WIT 6 -280 -279 -285 -290 -222 0 0 0 0 32002 0 -1 0 0 0 32002 32002 0 0 0 0 0 0
WIT 6 -279 -278 -291 -296 -247 0 0 0 0 32002 0 -1 0 0 0 32002 32002 0 0 0 0 0 0
WIT 8 -279 -278 -275 -290 -287 2203 1 0 0 -275 0 -1 0 0 0 32002 32002 0 0 0 0 0 3690
WIT 6 -279 -278 -279 -284 -247 0 0 0 0 32002 0 -1 0 0 0 32002 32002 0 0 0 0 0 0
WIT 6 -279 -278 -277 -282 -260 0 0 0 0 32002 0 -1 0 0 0 32002 32002 0 0 0 0 0 0
WIT 6 -279 -278 -278 -283 -263 0 0 0 0 32002 0 -1 0 0 0 32002 32002 0 0 0 0 0 0
WIT 6 -279 -278 -246 -251 -232 0 0 0 0 32002 0 -1 0 0 0 32002 32002 0 0 0 0 0 0
WIT 6 -279 -278 -279 -284 -224 0 0 0 0 32002 0 -1 0 0 0 32002 32002 0 0 0 0 0 0
WIT 6 -279 -278 -243 -248 -197 0 0 0 0 32002 0 -1 0 0 0 32002 32002 0 0 0 0 0 0
WIT 6 277 278 343 338 379 1366 0 0 0 32002 0 -1 0 0 0 32002 32002 0 0 0 0 0 0
WIT 8 -279 -278 -279 -294 -250 3699 0 0 0 32002 0 -1 0 0 0 32002 32002 0 0 0 0 0 0
WIT 8 -279 -278 -285 -292 -221 0 0 0 0 32002 0 -1 0 0 0 32002 32002 0 0 0 0 0 0
WIT 7 -279 -278 -221 -227 -155 0 0 0 0 32002 0 -1 0 0 0 32002 32002 0 0 0 0 0 0
WIT 6 -279 -278 -124 -129 -115 0 0 0 0 32002 0 -1 0 0 0 32002 32002 0 0 0 0 0 0
WIT 7 -279 -278 -138 -144 -125 0 0 0 0 32002 0 -1 0 0 0 32002 32002 0 0 0 0 0 0
WIT 11 277 278 355 345 345 407 0 0 0 32002 0 -1 0 0 0 32002 32002 0 0 0 0 0 0
WIT 11 277 278 291 270 274 658 0 0 1 291 0 -1 0 0 0 32002 32002 0 0 0 0 0 407
WIT 11 277 278 321 311 320 407 0 0 0 32002 0 -1 0 0 0 32002 32002 0 0 0 0 0 0
WIT 9 277 278 313 305 321 407 0 0 0 32002 0 -1 0 0 0 32002 32002 0 0 0 0 0 0
WIT 11 277 278 334 324 303 0 0 0 0 278 0 -1 0 0 0 32002 32002 0 0 0 0 0 1366
WIT 9 277 278 288 280 364 1253 1 0 0 32002 0 -1 0 0 0 32002 32002 0 0 0 0 0 0
WIT 10 277 278 314 295 292 0 0 0 0 278 0 -1 0 0 0 32002 32002 0 0 0 0 0 658
WIT 9 277 278 315 307 307 1366 0 0 0 32002 0 -1 0 0 0 32002 32002 0 0 0 0 0 0
WIT 9 277 278 319 311 317 407 0 0 0 32002 0 -1 0 0 0 32002 32002 0 0 0 0 0 0
WIT 9 277 278 366 358 358 407 0 0 0 32002 0 -1 0 0 0 32002 32002 0 0 0 0 0 0

===========================
Total time (ms) : 32
Nodes searched  : 24607
Nodes/second    : 768968
