
Position: 1/1 (r1bqkb1r/p1pp1ppp/1p3n2/3P4/8/2N2n2/PPP1BPPP/R1BQK2R w KQkq - 0 8)
WIT 6 254 255 401 396 518 2283 0 0 0 32002 0 -1 0 0 0 32002 32002 0 0 0 0 0 0
WIT 6 254 255 338 333 357 2283 0 0 0 32002 0 -1 0 0 0 32002 32002 0 0 0 0 0 0
WIT 6 265 266 407 402 313 0 0 0 0 380 0 -1 0 0 0 32002 32002 0 0 0 0 0 2155
WIT 7 265 266 274 261 246 0 0 0 0 266 0 -1 0 0 0 32002 32002 0 0 0 0 0 49415
WIT 7 265 266 401 395 510 2283 0 0 0 32002 0 -1 0 0 0 32002 32002 0 0 0 0 0 0
WIT 7 265 266 263 250 440 2283 0 0 0 32002 0 -1 0 0 0 32002 32002 0 0 0 0 0 0
WIT 6 280 281 346 341 334 0 0 0 0 268 0 -1 0 0 0 32002 32002 0 0 0 0 0 0
WIT 6 -259 -258 -314 -319 -320 0 0 0 0 -229 0 -1 0 0 0 32002 32002 0 0 0 0 0 3828
WIT 6 -259 -258 -211 -216 -127 3929 0 0 0 32002 0 -1 0 0 0 32002 32002 0 0 0 0 0 0
WIT 6 267 268 580 575 305 0 0 1 0 440 0 -1 0 0 0 32002 32002 0 0 0 0 0 399
WIT 7 -268 -267 -254 -260 -270 0 0 0 0 -248 0 -1 0 0 0 32002 32002 0 0 0 0 0 53055
WIT 6 267 268 312 307 294 0 0 0 0 251 0 -1 0 0 0 32002 32002 0 0 0 0 0 0
WIT 6 -247 -246 -260 -265 -267 0 0 0 0 -246 0 -1 0 0 0 32002 32002 0 0 0 0 0 3828
WIT 8 -247 -246 -214 -221 -302 0 0 0 0 -209 0 -1 0 0 0 32002 32002 0 0 0 0 0 3947
WIT 7 -247 -246 -253 -259 -286 0 0 0 0 -254 0 -1 0 0 0 32002 32002 0 0 0 0 0 0
WIT 6 267 268 289 284 271 0 0 1 0 320 0 -1 0 0 0 32002 32002 0 0 0 0 0 148
WIT 8 267 268 329 314 331 2283 0 0 0 32002 0 -1 0 0 0 32002 32002 0 0 0 0 0 0
WIT 8 267 268 312 297 272 0 0 1 0 268 0 -1 0 0 0 32002 32002 0 0 0 0 0 148
WIT 7 267 268 290 284 396 2283 0 0 0 32002 0 -1 0 0 0 32002 32002 0 0 0 0 0 0
WIT 7 267 268 462 449 398 0 0 0 0 463 0 -1 0 0 0 32002 32002 0 0 0 0 0 2283
WIT 6 267 268 287 282 282 49415 0 0 0 32002 0 -1 0 0 0 32002 32002 0 0 0 0 0 0
WIT 6 267 268 329 324 354 2283 0 0 0 32002 0 -1 0 0 0 32002 32002 0 0 0 0 0 0
WIT 6 267 268 329 324 412 2283 0 0 0 32002 0 -1 0 0 0 32002 32002 0 0 0 0 0 0
WIT 7 267 268 331 325 493 2283 0 0 0 32002 0 -1 0 0 0 32002 32002 0 0 0 0 0 0
WIT 8 -279 -278 -257 -264 -301 0 0 0 0 -257 0 -1 0 0 0 32002 32002 0 0 0 0 0 2788
WIT 10 278 279 254 245 232 0 0 0 0 263 0 -1 0 0 0 32002 32002 0 0 0 0 0 148
WIT 9 278 279 313 296 267 0 0 1 0 279 0 -1 0 0 0 32002 32002 0 0 0 0 0 148
WIT 8 278 279 293 286 244 0 0 0 0 278 0 -1 0 0 0 32002 32002 0 0 0 0 0 0
WIT 9 278 279 270 253 242 0 0 0 0 278 0 -1 0 0 0 32002 32002 0 0 0 0 0 0
WIT 6 277 278 331 326 474 2283 0 0 0 32002 0 -1 0 0 0 32002 32002 0 0 0 0 0 0
WIT 6 -256 -255 -256 -261 -214 3901 0 1 0 32002 0 -1 0 0 0 32002 32002 0 0 0 0 0 0
WIT 9 -256 -255 -268 -276 -274 3938 0 0 1 -277 1 1 24321 1 1 -256 -261 0 0 0 0 3 0
WIT 7 278 279 261 255 271 0 0 0 0 348 0 -1 0 0 0 32002 32002 0 0 0 0 0 1314
WIT 9 278 279 384 376 314 0 0 0 0 406 0 -1 0 0 0 32002 32002 0 0 0 0 0 324
WIT 8 278 279 364 357 423 324 0 0 0 32002 0 -1 0 0 0 32002 32002 0 0 0 0 0 0
WIT 9 278 279 285 268 232 0 0 0 0 300 0 -1 0 0 0 32002 32002 0 0 0 0 0 49415
WIT 8 278 279 467 460 460 219 0 0 0 32002 0 -1 0 0 0 32002 32002 0 0 0 0 0 0
WIT 7 278 279 283 270 259 0 0 1 0 313 0 -1 0 0 0 32002 32002 0 0 0 0 0 148
WIT 7 278 279 329 323 348 2283 0 0 0 32002 0 -1 0 0 0 32002 32002 0 0 0 0 0 0
WIT 8 278 279 326 311 330 2283 0 0 0 32002 0 -1 0 0 0 32002 32002 0 0 0 0 0 0
WIT 7 278 279 294 281 291 49415 0 0 0 32002 0 -1 0 0 0 32002 32002 0 0 0 0 0 0
WIT 7 278 279 290 284 396 2283 0 0 0 32002 0 -1 0 0 0 32002 32002 0 0 0 0 0 0
WIT 7 278 279 329 323 410 2283 0 0 0 32002 0 -1 0 0 0 32002 32002 0 0 0 0 0 0
WIT 7 278 279 343 337 357 204 0 0 0 32002 0 -1 0 0 0 32002 32002 0 0 0 0 0 0
WIT 7 290 291 339 333 323 0 0 0 0 282 0 -1 0 0 0 32002 32002 0 0 0 0 0 0
WIT 8 -263 -262 -284 -291 -291 53055 0 0 1 -262 0 -1 0 0 0 32002 32002 0 0 0 0 0 2196
WIT 11 -263 -262 -209 -219 -268 0 0 0 0 -262 0 -1 0 0 0 32002 32002 0 0 0 0 0 3832
WIT 10 -263 -262 -212 -231 -418 0 0 0 0 -262 0 -1 0 0 0 32002 32002 0 0 0 0 0 3947
WIT 9 -263 -262 -249 -266 -308 0 0 0 0 -263 0 -1 0 0 0 32002 32002 0 0 0 0 0 0
WIT 6 282 283 279 274 279 49415 0 0 1 306 0 -1 0 0 0 32002 32002 0 0 0 0 0 204
WIT 6 -284 -283 -268 -273 -223 3567 0 0 0 32002 0 -1 0 0 0 32002 32002 0 0 0 0 0 0
WIT 8 -266 -265 -252 -259 -346 0 0 0 0 -265 0 -1 0 0 0 32002 32002 0 0 0 0 0 53055
WIT 7 -266 -265 -228 -234 -221 0 0 0 0 32002 0 -1 0 0 0 32002 32002 0 0 0 0 0 0
WIT 7 -266 -265 -256 -262 -208 3901 0 1 0 32002 0 -1 0 0 0 32002 32002 0 0 0 0 0 0
WIT 7 -266 -265 -246 -259 -288 0 0 0 0 -265 0 -1 0 0 0 32002 32002 0 0 0 0 0 3828
WIT 8 -254 -253 -206 -213 -187 0 0 0 0 32002 0 -1 0 0 0 32002 32002 0 0 0 0 0 0
WIT 8 -254 -253 -240 -247 -247 53055 0 0 0 32002 0 -1 0 0 0 32002 32002 0 0 0 0 0 0
WIT 12 -254 -253 -265 -288 -359 0 0 0 0 -253 0 -1 0 0 0 32002 32002 0 0 0 0 0 53055
WIT 8 -254 -253 -215 -222 -162 53055 0 0 0 32002 0 -1 0 0 0 32002 32002 0 0 0 0 0 0
WIT 7 -254 -253 -249 -255 -243 3964 0 0 0 32002 0 -1 0 0 0 32002 32002 0 0 0 0 0 0
WIT 9 -265 -253 -265 -273 -306 0 0 0 0 -253 0 -1 0 0 0 32002 32002 0 0 0 0 0 2609
WIT 10 -254 -253 -238 -247 -222 3567 0 0 0 32002 0 -1 0 0 0 32002 32002 0 0 0 0 0 0
WIT 10 -254 -253 -172 -181 -157 3567 0 0 0 32002 0 -1 0 0 0 32002 32002 0 0 0 0 0 0
WIT 7 -254 -253 -256 -262 -219 3901 0 1 0 32002 0 -1 0 0 0 32002 32002 0 0 0 0 0 0
WIT 10 -265 -253 -265 -274 -279 0 0 0 0 -253 0 -1 0 0 0 32002 32002 0 0 0 0 0 3938
WIT 7 253 254 274 268 253 0 0 0 0 278 0 -1 0 0 0 32002 32002 0 0 0 0 0 213
WIT 13 -254 -253 -262 -287 -288 0 0 0 0 -254 0 -1 0 0 0 32002 32002 0 0 0 0 0 0
WIT 8 253 265 254 247 249 2283 0 0 1 268 0 -1 0 0 0 32002 32002 0 0 0 0 0 1314
WIT 6 -265 -264 -222 -227 -276 0 0 0 0 -217 0 -1 0 0 0 32002 32002 0 0 0 0 0 2219
WIT 12 -265 -264 -264 -275 -308 0 0 0 0 -264 0 -1 0 0 0 32002 32002 0 0 0 0 0 2196
WIT 7 264 265 260 254 332 1746 1 1 0 32002 0 -1 0 0 0 32002 32002 0 0 0 0 0 0
WIT 11 264 265 254 244 227 0 0 0 0 266 0 -1 0 0 0 32002 32002 0 0 0 0 0 219
WIT 8 264 265 264 257 257 203 0 0 1 266 0 -1 0 0 0 32002 32002 0 0 0 0 0 219
WIT 9 264 265 276 268 300 204 0 0 0 32002 0 -1 0 0 0 32002 32002 0 0 0 0 0 0
WIT 8 264 265 295 288 272 0 0 0 0 335 0 -1 0 0 0 32002 32002 0 0 0 0 0 1400
WIT 9 264 265 302 294 416 2283 0 0 0 32002 0 -1 0 0 0 32002 32002 0 0 0 0 0 0
WIT 9 264 265 467 459 458 0 0 0 0 297 0 -1 0 0 0 32002 32002 0 0 0 0 0 2283
WIT 9 264 265 357 349 461 49415 0 0 0 32002 0 -1 0 0 0 32002 32002 0 0 0 0 0 0
WIT 6 264 265 412 407 477 49415 0 0 0 32002 0 -1 0 0 0 32002 32002 0 0 0 0 0 0
WIT 8 264 265 309 294 271 0 0 1 0 265 0 -1 0 0 0 32002 32002 0 0 0 0 0 148
WIT 8 264 265 329 322 409 2283 0 0 0 32002 0 -1 0 0 0 32002 32002 0 0 0 0 0 0
WIT 7 264 265 290 284 396 2283 0 0 0 32002 0 -1 0 0 0 32002 32002 0 0 0 0 0 0
WIT 8 264 265 283 268 288 49415 0 0 0 32002 0 -1 0 0 0 32002 32002 0 0 0 0 0 0
WIT 8 264 265 441 426 354 0 0 0 0 606 0 -1 0 0 0 32002 32002 0 0 0 0 0 2283
WIT 11 -265 -253 -265 -275 -299 0 0 0 0 -265 0 -1 0 0 0 32002 32002 0 0 0 0 0 0
WIT 7 280 281 310 304 63 0 0 0 0 373 0 -1 0 0 0 32002 32002 0 0 0 0 0 917
WIT 7 280 281 320 314 332 1164 0 1 0 32002 0 -1 0 0 0 32002 32002 0 0 0 0 0 0
WIT 7 253 281 254 248 201 0 0 0 0 281 0 -1 0 0 0 32002 32002 0 0 0 0 0 1400
WIT 10 280 281 271 252 159 0 0 0 0 281 0 -1 0 0 0 32002 32002 0 0 0 0 0 203
WIT 7 253 281 254 248 199 0 0 0 0 281 0 -1 0 0 0 32002 32002 0 0 0 0 0 2283
WIT 9 253 281 254 246 249 2283 0 0 1 281 0 -1 0 0 0 32002 32002 0 0 0 0 0 1314
WIT 14 280 281 288 275 264 0 0 0 0 281 0 -1 0 0 0 32002 32002 0 0 0 0 0 1764
WIT 13 280 281 266 254 410 2283 0 0 0 32002 0 -1 0 0 0 32002 32002 0 0 0 0 0 0
WIT 11 280 281 265 244 211 0 0 0 0 281 0 -1 0 0 0 32002 32002 0 0 0 0 0 219
WIT 6 -281 -280 -266 -271 -294 0 0 0 0 -261 0 -1 0 0 0 32002 32002 0 0 0 0 0 2196
WIT 10 280 281 265 256 255 0 0 0 0 281 0 -1 0 0 0 32002 32002 0 0 0 0 0 219
WIT 8 280 281 265 258 258 203 0 0 1 283 0 -1 0 0 0 32002 32002 0 0 0 0 0 219
WIT 8 280 281 265 258 258 203 0 0 1 281 0 -1 0 0 0 32002 32002 0 0 0 0 0 219
WIT 8 280 281 297 290 337 49415 0 0 0 32002 0 -1 0 0 0 32002 32002 0 0 0 0 0 0
WIT 7 280 281 278 265 252 0 0 0 0 282 0 -1 0 0 0 32002 32002 0 0 0 0 0 219
WIT 9 253 281 265 257 253 0 0 0 0 281 0 -1 0 0 0 32002 32002 0 0 0 0 0 148
WIT 13 280 281 265 253 306 204 0 0 0 32002 0 -1 0 0 0 32002 32002 0 0 0 0 0 0
WIT 8 280 281 344 337 264 0 0 0 0 305 0 -1 0 0 0 32002 32002 0 0 0 0 0 1899
WIT 9 -281 -280 -255 -263 -519 0 0 0 0 -268 0 -1 0 0 0 32002 32002 0 0 0 0 0 3832
WIT 12 280 281 265 254 236 0 0 0 0 269 0 -1 0 0 0 32002 32002 0 0 0 0 0 204
WIT 9 280 281 284 276 265 0 0 0 0 317 0 -1 0 0 0 32002 32002 0 0 0 0 0 219
WIT 9 280 281 335 327 174 0 0 1 0 316 0 -1 0 0 0 32002 32002 0 0 0 0 0 148
WIT 7 280 281 499 493 507 204 0 1 0 32002 0 -1 0 0 0 32002 32002 0 0 0 0 0 0
WIT 7 280 281 476 470 370 0 0 1 0 538 0 -1 0 0 0 32002 32002 0 0 0 0 0 594
WIT 9 280 281 328 311 298 0 0 0 0 312 0 -1 0 0 0 32002 32002 0 0 0 0 0 1400
WIT 7 280 281 276 270 298 204 0 0 0 32002 0 -1 0 0 0 32002 32002 0 0 0 0 0 0
WIT 7 280 281 306 300 174 0 0 1 0 321 0 -1 0 0 0 32002 32002 0 0 0 0 0 594
WIT 12 280 281 277 254 263 204 0 0 1 298 0 -1 0 0 0 32002 32002 0 0 0 0 0 2283
WIT 10 280 281 571 552 449 0 0 0 0 363 0 -1 0 0 0 32002 32002 0 0 0 0 0 2283
WIT 8 280 281 317 310 313 324 0 0 0 32002 0 -1 0 0 0 32002 32002 0 0 0 0 0 0
WIT 8 280 281 418 403 241 0 0 1 0 440 0 -1 0 0 0 32002 32002 0 0 0 0 0 399
WIT 6 280 281 441 436 436 324 0 0 0 32002 0 -1 0 0 0 32002 32002 0 0 0 0 0 0
WIT 6 280 281 303 298 332 0 0 0 0 32002 0 -1 0 0 0 32002 32002 0 0 0 0 0 0
WIT 6 280 281 383 378 355 0 0 0 0 295 0 -1 0 0 0 32002 32002 0 0 0 0 0 2155
WIT 11 280 281 300 279 219 0 0 0 0 281 0 -1 0 0 0 32002 32002 0 0 0 0 0 1185
WIT 11 280 281 394 373 314 0 0 0 0 281 0 -1 0 0 0 32002 32002 0 0 0 0 0 324
WIT 10 280 281 298 279 275 0 0 0 0 281 0 -1 0 0 0 32002 32002 0 0 0 0 0 49415
WIT 8 280 281 298 291 291 666 0 0 0 32002 0 -1 0 0 0 32002 32002 0 0 0 0 0 0
WIT 7 280 281 317 311 302 0 0 0 0 278 0 -1 0 0 0 32002 32002 0 0 0 0 0 0
WIT 6 280 281 283 278 274 0 0 0 0 280 0 -1 0 0 0 32002 32002 0 0 0 0 0 0
WIT 7 -281 -253 -253 -259 -303 0 0 0 0 -253 0 -1 0 0 0 32002 32002 0 0 0 0 0 3964
WIT 7 -281 -253 -278 -284 -381 0 0 0 0 -263 0 -1 0 0 0 32002 32002 0 0 0 0 0 53055
WIT 7 -281 -253 -280 -286 -320 0 0 0 0 -263 0 -1 0 0 0 32002 32002 0 0 0 0 0 3956
WIT 7 -264 -263 -77 -83 -203 0 0 0 0 -130 0 -1 0 0 0 32002 32002 0 0 0 0 0 3297
WIT 7 -281 -253 -280 -286 -287 0 0 0 0 -263 0 -1 0 0 0 32002 32002 0 0 0 0 0 3763
WIT 8 -264 -263 -278 -293 -281 53055 0 0 1 -263 0 -1 0 0 0 32002 32002 0 0 0 0 0 3763
WIT 8 -264 -263 -275 -282 -272 3964 0 0 1 -253 0 -1 0 0 0 32002 32002 0 0 0 0 0 3763
WIT 7 -264 -263 -275 -281 -294 0 0 0 0 -254 0 -1 0 0 0 32002 32002 0 0 0 0 0 53055
WIT 7 -264 -263 -278 -291 -378 0 0 0 0 -263 0 -1 0 0 0 32002 32002 0 0 0 0 0 3956
WIT 6 262 263 290 285 384 2283 0 0 0 32002 0 -1 0 0 0 32002 32002 0 0 0 0 0 0
WIT 9 -255 -254 -252 -269 -254 3834 0 0 0 32002 0 -1 0 0 0 32002 32002 0 0 0 0 0 0
WIT 8 -255 -254 -237 -244 -247 0 0 0 0 -248 0 -1 0 0 0 32002 32002 0 0 0 0 0 3389
WIT 6 -255 -254 -223 -228 -214 3834 0 0 0 32002 0 -1 0 0 0 32002 32002 0 0 0 0 0 0
WIT 8 -255 -254 -253 -268 -294 0 0 0 0 -254 0 -1 0 0 0 32002 32002 0 0 0 0 0 3964
WIT 8 254 278 263 256 257 666 0 0 1 278 0 -1 0 0 0 32002 32002 0 0 0 0 0 49415
WIT 8 254 278 263 256 249 0 0 0 0 278 0 -1 0 0 0 32002 32002 0 0 0 0 0 2139
WIT 11 277 278 287 266 273 49415 0 0 1 288 0 -1 0 0 0 32002 32002 0 0 0 0 0 2139
WIT 8 277 278 298 291 291 666 0 0 0 32002 0 -1 0 0 0 32002 32002 0 0 0 0 0 0
WIT 7 277 278 340 334 328 0 0 1 0 283 0 -1 0 0 0 32002 32002 0 0 0 0 0 148
WIT 6 277 278 424 419 409 0 0 0 0 297 0 -1 0 0 0 32002 32002 0 0 0 0 0 1400
WIT 12 277 278 281 270 244 0 0 0 0 292 0 -1 0 0 0 32002 32002 0 0 0 0 0 213
WIT 8 277 278 320 313 317 1164 0 1 0 32002 0 -1 0 0 0 32002 32002 0 0 0 0 0 0
WIT 10 277 278 281 262 246 0 0 0 0 287 0 -1 0 0 0 32002 32002 0 0 0 0 0 1400
WIT 9 277 278 370 362 315 0 0 0 0 327 0 -1 0 0 0 32002 32002 0 0 0 0 0 203
WIT 9 277 278 281 264 230 0 0 0 0 281 0 -1 0 0 0 32002 32002 0 0 0 0 0 2283
WIT 14 277 278 254 227 227 203 0 0 1 280 0 -1 0 0 0 32002 32002 0 0 0 0 0 1314
WIT 13 277 278 281 256 280 2283 0 0 0 32002 0 -1 0 0 0 32002 32002 0 0 0 0 0 0
WIT 10 277 278 318 309 353 203 0 0 0 32002 0 -1 0 0 0 32002 32002 0 0 0 0 0 0
WIT 10 277 278 281 262 278 203 0 0 0 32002 0 -1 0 0 0 32002 32002 0 0 0 0 0 0
WIT 13 277 278 281 256 253 0 0 0 0 278 0 -1 0 0 0 32002 32002 0 0 0 0 0 148
WIT 13 277 278 356 331 312 0 0 0 0 411 0 -1 0 0 0 32002 32002 0 0 0 0 0 2283
WIT 14 277 278 339 326 317 0 0 0 0 297 0 -1 0 0 0 32002 32002 0 0 0 0 0 820
WIT 13 277 278 334 309 269 0 0 0 0 290 0 -1 0 0 0 32002 32002 0 0 0 0 0 204
WIT 12 277 278 281 258 260 204 0 0 1 281 0 -1 0 0 0 32002 32002 0 0 0 0 0 49415
WIT 9 277 278 302 294 416 2283 0 0 0 32002 0 -1 0 0 0 32002 32002 0 0 0 0 0 0
WIT 11 277 278 294 273 278 219 0 0 0 32002 0 -1 0 0 0 32002 32002 0 0 0 0 0 0
WIT 10 277 278 265 246 227 0 0 1 0 278 0 -1 0 0 0 32002 32002 0 0 0 0 0 148
WIT 10 277 278 341 332 332 204 0 0 0 32002 0 -1 0 0 0 32002 32002 0 0 0 0 0 0
WIT 8 289 290 294 287 287 666 0 0 1 290 0 -1 0 0 0 32002 32002 0 0 0 0 0 137
WIT 8 289 290 278 271 298 137 0 0 0 32002 0 -1 0 0 0 32002 32002 0 0 0 0 0 0
WIT 8 289 290 299 292 292 324 0 0 0 32002 0 -1 0 0 0 32002 32002 0 0 0 0 0 0
WIT 8 -267 -266 -275 -282 -289 0 0 0 0 -261 0 -1 0 0 0 32002 32002 0 0 0 0 0 3373
WIT 8 -267 -266 -249 -256 -254 3234 0 0 0 32002 0 -1 0 0 0 32002 32002 0 0 0 0 0 0
WIT 7 -267 -266 -289 -295 -296 0 0 0 0 -265 0 -1 0 0 0 32002 32002 0 0 0 0 0 3373
WIT 7 -267 -266 -289 -295 -276 3366 0 0 1 -265 0 -1 0 0 0 32002 32002 0 0 0 0 0 3373
WIT 7 -267 -266 -287 -293 -294 0 0 0 0 -264 0 -1 0 0 0 32002 32002 0 0 0 0 0 3373
WIT 6 -267 -266 -288 -293 -277 3366 0 0 1 -250 0 -1 0 0 0 32002 32002 0 0 0 0 0 3373
WIT 6 -267 -266 -283 -288 -282 3366 0 0 1 -256 0 -1 0 0 0 32002 32002 0 0 0 0 0 3373
WIT 9 266 290 278 270 256 0 0 0 0 265 0 -1 0 0 0 32002 32002 0 0 0 0 0 536
WIT 8 289 290 377 370 322 0 0 0 0 401 0 -1 0 0 0 32002 32002 0 0 0 0 0 2282
WIT 9 266 290 278 270 266 0 0 0 0 290 0 -1 0 0 0 32002 32002 0 0 0 0 0 49415
WIT 10 289 290 305 296 300 261 0 1 0 32002 0 -1 0 0 0 32002 32002 0 0 0 0 0 0
WIT 8 289 290 341 334 340 536 0 0 0 32002 0 -1 0 0 0 32002 32002 0 0 0 0 0 0
WIT 9 266 290 278 270 259 0 0 0 0 290 0 -1 0 0 0 32002 32002 0 0 0 0 0 2139
WIT 8 289 290 317 310 309 0 0 0 0 289 0 -1 0 0 0 32002 32002 0 0 0 0 0 0
WIT 11 289 290 287 266 273 49415 0 0 1 289 1 1 19567 1 1 289 289 0 0 0 0 22 0
WIT 6 -267 -266 -289 -294 -309 0 0 0 0 -258 0 -1 0 0 0 32002 32002 0 0 0 0 0 3827
WIT 7 289 290 302 296 292 0 0 0 0 297 0 -1 0 0 0 32002 32002 0 0 0 0 0 666
WIT 6 289 290 308 303 303 536 0 0 0 32002 0 -1 0 0 0 32002 32002 0 0 0 0 0 0
WIT 7 289 290 308 302 282 0 0 0 0 303 0 -1 0 0 0 32002 32002 0 0 0 0 0 666
WIT 7 289 290 308 302 314 536 0 0 0 32002 0 -1 0 0 0 32002 32002 0 0 0 0 0 0
WIT 6 289 290 305 300 299 0 0 0 0 314 0 -1 0 0 0 32002 32002 0 0 0 0 0 666
WIT 7 -290 -266 -289 -295 -290 3827 0 0 1 -293 1 1 25032 1 1 -290 -294 0 0 0 0 37 0
WIT 9 289 290 282 265 281 1356 0 1 0 295 0 -1 0 0 0 32002 32002 0 0 0 0 0 148
WIT 8 289 290 298 291 291 666 0 0 0 32002 0 -1 0 0 0 32002 32002 0 0 0 0 0 0
WIT 10 289 290 279 270 284 666 0 0 1 294 0 -1 0 0 0 32002 32002 0 0 0 0 0 2139
WIT 10 289 290 284 275 275 666 0 0 1 299 0 -1 0 0 0 32002 32002 0 0 0 0 0 2139
WIT 6 289 290 285 280 280 666 0 0 1 293 0 -1 0 0 0 32002 32002 0 0 0 0 0 2139
WIT 8 289 290 278 271 247 0 0 0 0 306 0 -1 0 0 0 32002 32002 0 0 0 0 0 2139
WIT 6 289 290 297 292 320 49415 0 0 0 32002 0 -1 0 0 0 32002 32002 0 0 0 0 0 0
WIT 9 266 290 278 270 263 0 0 0 0 290 0 -1 0 0 0 32002 32002 0 0 0 0 0 1185
WIT 8 289 290 353 346 339 0 0 1 0 329 0 -1 0 0 0 32002 32002 0 0 0 0 0 1180
WIT 9 289 290 294 277 305 4 0 0 0 32002 0 -1 0 0 0 32002 32002 0 0 0 0 0 0
WIT 8 289 290 511 504 519 706 0 1 0 32002 0 -1 0 0 0 32002 32002 0 0 0 0 0 0
WIT 7 289 290 677 671 719 706 0 1 0 32002 0 -1 0 0 0 32002 32002 0 0 0 0 0 0
WIT 6 259 260 307 302 248 0 0 1 0 323 0 -1 0 0 0 32002 32002 0 0 0 0 0 269
WIT 16 289 290 291 260 261 853 0 0 1 292 0 -1 0 0 0 32002 32002 0 0 0 0 0 213
WIT 14 289 290 286 259 221 0 0 0 0 291 0 -1 0 0 0 32002 32002 0 0 0 0 0 1400
WIT 12 289 290 327 316 246 0 0 0 0 296 0 -1 0 0 0 32002 32002 0 0 0 0 0 49408
WIT 6 -290 -289 -434 -439 -594 0 0 0 0 -310 0 -1 0 0 0 32002 32002 0 0 0 0 0 0
WIT 8 -290 -289 -275 -282 -290 0 0 0 0 -244 0 -1 0 0 0 32002 32002 0 0 0 0 0 2056
WIT 8 -290 -289 -244 -251 -319 0 0 1 0 -252 0 -1 0 0 0 32002 32002 0 0 0 0 0 3501
WIT 12 -290 -289 -269 -280 -286 0 0 0 0 -286 0 -1 0 0 0 32002 32002 0 0 0 0 0 3808
WIT 8 -290 -289 -270 -277 -252 3689 0 0 0 32002 0 -1 0 0 0 32002 32002 0 0 0 0 0 0
WIT 9 -290 -289 -85 -93 -215 0 0 0 0 -170 0 -1 0 0 0 32002 32002 0 0 0 0 0 3826
WIT 14 289 290 281 254 178 0 0 0 0 286 0 -1 0 0 0 32002 32002 0 0 0 0 0 0
WIT 13 289 290 280 255 221 0 0 0 0 286 0 -1 0 0 0 32002 32002 0 0 0 0 0 0
WIT 13 289 290 279 254 253 0 0 0 0 286 0 -1 0 0 0 32002 32002 0 0 0 0 0 0
WIT 12 289 290 278 255 253 0 0 0 0 288 0 -1 0 0 0 32002 32002 0 0 0 0 0 0
WIT 7 -267 -266 -279 -285 -280 3307 0 0 1 -236 0 -1 0 0 0 32002 32002 0 0 0 0 0 53055
WIT 7 -267 -266 -277 -283 -191 3641 0 0 0 32002 0 -1 0 0 0 32002 32002 0 0 0 0 0 0
WIT 7 -267 -266 -278 -284 -287 0 0 0 0 -226 0 -1 0 0 0 32002 32002 0 0 0 0 0 2658
WIT 6 -267 -266 -279 -284 -288 0 0 0 0 -256 0 -1 0 0 0 32002 32002 0 0 0 0 0 53055
WIT 9 -267 -266 -288 -305 -280 2196 1 0 0 -258 0 -1 0 0 0 32002 32002 0 0 0 0 0 3307
WIT 7 -267 -266 -285 -298 -298 2219 1 0 0 -249 0 -1 0 0 0 32002 32002 0 0 0 0 0 2196
WIT 7 -290 -266 -288 -294 -295 0 0 0 0 -265 0 -1 0 0 0 32002 32002 0 0 0 0 0 3938
WIT 7 -251 -250 -270 -276 -252 3689 0 0 1 -243 0 -1 0 0 0 32002 32002 0 0 0 0 0 3808
WIT 8 -266 -250 -286 -293 -293 3243 1 0 0 -250 0 -1 0 0 0 32002 32002 0 0 0 0 0 53055
WIT 10 -251 -250 -180 -199 -200 0 0 0 0 -206 0 -1 0 0 0 32002 32002 0 0 0 0 0 3826
WIT 8 -266 -250 -286 -293 -297 0 0 0 0 -250 0 -1 0 0 0 32002 32002 0 0 0 0 0 3641
WIT 9 -251 -250 -278 -286 -302 0 0 0 0 -250 0 -1 0 0 0 32002 32002 0 0 0 0 0 3307
WIT 8 -251 -250 -171 -178 -179 0 0 0 0 -151 0 -1 0 0 0 32002 32002 0 0 0 0 0 3964
WIT 9 -266 -250 -286 -294 -338 0 0 0 0 -250 0 -1 0 0 0 32002 32002 0 0 0 0 0 2658
WIT 7 -251 -250 -280 -286 -297 0 0 0 0 -250 0 -1 0 0 0 32002 32002 0 0 0 0 0 2658
WIT 10 -251 -250 -230 -239 -254 0 0 0 0 -250 0 -1 0 0 0 32002 32002 0 0 0 0 0 2658
WIT 9 -251 -250 -257 -274 -281 0 0 0 0 -289 0 -1 0 0 0 32002 32002 0 0 0 0 0 0
WIT 9 -251 -250 -160 -168 -169 0 0 0 0 -156 0 -1 0 0 0 32002 32002 0 0 0 0 0 3964
WIT 10 -251 -250 -250 -259 -372 0 0 0 0 -250 0 -1 0 0 0 32002 32002 0 0 0 0 0 2658
WIT 12 -251 -250 -258 -281 -273 2196 1 0 0 -264 0 -1 0 0 0 32002 32002 0 0 0 0 0 53055
WIT 9 -251 -250 -251 -268 -268 2219 1 0 0 -250 0 -1 0 0 0 32002 32002 0 0 0 0 0 2196
WIT 10 -266 -250 -288 -297 -298 0 0 0 0 -250 0 -1 0 0 0 32002 32002 0 0 0 0 0 3938
WIT 12 -251 -250 -262 -285 -377 0 0 0 0 -250 0 -1 0 0 0 32002 32002 0 0 0 0 0 3832
WIT 8 -251 -250 67 60 23 0 0 1 0 764 0 -1 0 0 0 32002 32002 0 0 0 0 0 2572
WIT 12 -251 -250 -262 -285 -315 0 0 0 0 -250 0 -1 0 0 0 32002 32002 0 0 0 0 0 3947
WIT 8 -251 -250 -224 -231 -247 0 0 0 0 -253 0 -1 0 0 0 32002 32002 0 0 0 0 0 0
WIT 10 -251 -250 -250 -259 -310 0 0 0 0 -251 0 -1 0 0 0 32002 32002 0 0 0 0 0 0
WIT 12 -251 -250 -253 -276 -282 0 0 0 0 -251 0 -1 0 0 0 32002 32002 0 0 0 0 0 0
WIT 9 250 251 306 298 265 0 0 1 0 253 0 -1 0 0 0 32002 32002 0 0 0 0 0 259
WIT 13 -251 -250 -253 -278 -279 0 0 0 0 -251 0 -1 0 0 0 32002 32002 0 0 0 0 0 0
WIT 7 265 266 260 247 171 0 0 0 0 218 0 -1 0 0 0 32002 32002 0 0 0 0 0 0
WIT 8 265 266 251 244 313 4 0 0 0 32002 0 -1 0 0 0 32002 32002 0 0 0 0 0 0
WIT 7 265 266 311 305 326 452 0 0 0 32002 0 -1 0 0 0 32002 32002 0 0 0 0 0 0
WIT 8 250 266 251 244 247 267 0 1 0 250 0 -1 0 0 0 32002 32002 0 0 0 0 0 267
WIT 11 265 266 251 241 240 0 0 0 0 266 0 -1 0 0 0 32002 32002 0 0 0 0 0 49408
WIT 12 265 266 251 240 250 259 0 1 0 299 0 -1 0 0 0 32002 32002 0 0 0 0 0 267
WIT 11 265 266 251 230 219 0 0 0 0 296 0 -1 0 0 0 32002 32002 0 0 0 0 0 2006
WIT 8 250 266 251 244 199 0 0 0 0 266 0 -1 0 0 0 32002 32002 0 0 0 0 0 2463
WIT 11 265 266 251 241 240 0 0 0 0 266 0 -1 0 0 0 32002 32002 0 0 0 0 0 49408
WIT 10 265 266 253 244 263 267 0 1 0 297 0 -1 0 0 0 32002 32002 0 0 0 0 0 259
WIT 8 250 266 251 244 240 0 0 0 0 266 0 -1 0 0 0 32002 32002 0 0 0 0 0 166
WIT 6 265 266 441 436 748 267 0 1 0 32002 0 -1 0 0 0 32002 32002 0 0 0 0 0 0
WIT 11 265 266 441 431 339 0 0 0 0 435 0 -1 0 0 0 32002 32002 0 0 0 0 0 1576
WIT 7 265 266 363 357 165 0 0 0 0 279 0 -1 0 0 0 32002 32002 0 0 0 0 0 2484
WIT 8 265 266 297 290 276 0 0 0 0 265 0 -1 0 0 0 32002 32002 0 0 0 0 0 0
WIT 10 265 266 252 233 217 0 0 1 0 327 0 -1 0 0 0 32002 32002 0 0 0 0 0 259
WIT 8 250 266 251 244 228 0 0 0 0 266 0 -1 0 0 0 32002 32002 0 0 0 0 0 1752
WIT 6 265 266 283 278 277 0 0 0 0 262 0 -1 0 0 0 32002 32002 0 0 0 0 0 0
WIT 9 265 266 298 290 354 49415 0 0 0 32002 0 -1 0 0 0 32002 32002 0 0 0 0 0 0
WIT 12 265 266 278 255 265 267 0 1 0 278 0 -1 0 0 0 32002 32002 0 0 0 0 0 148
WIT 10 265 266 341 332 332 204 0 0 0 32002 0 -1 0 0 0 32002 32002 0 0 0 0 0 0
WIT 8 265 266 302 295 334 49415 0 0 0 32002 0 -1 0 0 0 32002 32002 0 0 0 0 0 0
WIT 11 -266 -250 -266 -276 -278 0 0 0 0 -266 0 -1 0 0 0 32002 32002 0 0 0 0 0 0
WIT 8 286 287 266 259 259 991 0 0 1 304 0 -1 0 0 0 32002 32002 0 0 0 0 0 2463
WIT 7 286 287 266 253 248 0 0 0 0 290 0 -1 0 0 0 32002 32002 0 0 0 0 0 49408
WIT 7 286 287 294 288 288 267 0 1 0 32002 0 -1 0 0 0 32002 32002 0 0 0 0 0 0
WIT 7 250 287 251 245 228 0 0 0 0 287 0 -1 0 0 0 32002 32002 0 0 0 0 0 1752
WIT 8 286 287 279 264 264 259 0 1 0 287 0 -1 0 0 0 32002 32002 0 0 0 0 0 148
WIT 7 286 287 325 319 287 0 0 0 0 287 0 -1 0 0 0 32002 32002 0 0 0 0 0 1314
WIT 9 286 287 289 281 280 0 0 0 0 287 0 -1 0 0 0 32002 32002 0 0 0 0 0 1752
WIT 8 286 287 276 269 278 148 0 0 1 286 1 1 21398 1 1 286 285 0 0 0 0 11 166
WIT 8 286 287 281 266 266 166 0 0 1 284 1 3 18162 1 1 286 286 1 0 1 0 74 0
WIT 7 286 287 282 276 303 1752 0 0 0 32002 0 -1 0 0 0 32002 32002 0 0 0 0 0 0
WIT 9 250 287 266 258 258 166 0 0 1 287 0 -1 0 0 0 32002 32002 0 0 0 0 0 219
WIT 9 286 287 281 273 308 0 0 0 0 32002 0 -1 0 0 0 32002 32002 0 0 0 0 0 0
WIT 9 286 287 365 348 339 0 0 0 0 287 0 -1 0 0 0 32002 32002 0 0 0 0 0 2155
WIT 8 286 287 281 274 364 0 0 0 0 32002 0 -1 0 0 0 32002 32002 0 0 0 0 0 0
WIT 8 286 287 431 424 378 0 0 0 0 466 0 -1 0 0 0 32002 32002 0 0 0 0 0 2155
WIT 7 286 287 281 268 263 0 0 0 0 287 0 -1 0 0 0 32002 32002 0 0 0 0 0 1185
WIT 7 286 287 281 275 402 324 0 0 0 32002 0 -1 0 0 0 32002 32002 0 0 0 0 0 0
WIT 12 286 287 280 257 259 204 0 0 1 287 0 -1 0 0 0 32002 32002 0 0 0 0 0 49415
WIT 10 286 287 290 271 273 49415 0 0 1 290 0 -1 0 0 0 32002 32002 0 0 0 0 0 1185
WIT 8 286 287 277 262 265 267 0 1 0 294 0 -1 0 0 0 32002 32002 0 0 0 0 0 148
WIT 9 286 287 341 333 357 204 0 0 0 32002 0 -1 0 0 0 32002 32002 0 0 0 0 0 0
WIT 8 286 287 278 271 302 204 0 0 0 32002 0 -1 0 0 0 32002 32002 0 0 0 0 0 0
WIT 7 314 315 363 357 291 0 0 0 0 366 0 -1 0 0 0 32002 32002 0 0 0 0 0 2006
WIT 8 314 315 316 309 220 0 0 0 0 360 0 -1 0 0 0 32002 32002 0 0 0 0 0 706
WIT 8 314 315 311 304 325 452 0 0 0 32002 0 -1 0 0 0 32002 32002 0 0 0 0 0 0
WIT 7 314 315 251 245 314 4 0 0 1 339 0 -1 0 0 0 32002 32002 0 0 0 0 0 2006
WIT 8 314 315 407 400 357 0 0 1 0 722 0 -1 0 0 0 32002 32002 0 0 0 0 0 1564
WIT 8 259 315 266 259 250 0 0 1 0 325 0 -1 0 0 0 32002 32002 0 0 0 0 0 267
WIT 14 314 315 328 315 260 0 0 0 0 332 0 -1 0 0 0 32002 32002 0 0 0 0 0 2006
WIT 6 -315 -314 -265 -270 -270 3827 0 0 0 32002 0 -1 0 0 0 32002 32002 0 0 0 0 0 0
WIT 7 -315 -314 -265 -271 -270 3827 0 0 0 32002 0 -1 0 0 0 32002 32002 0 0 0 0 0 0
WIT 11 314 315 266 245 244 0 0 0 0 315 0 -1 0 0 0 32002 32002 0 0 0 0 0 49408
WIT 7 314 315 299 293 299 991 0 0 1 343 0 -1 0 0 0 32002 32002 0 0 0 0 0 4
WIT 12 314 315 296 285 285 259 0 1 0 317 0 -1 0 0 0 32002 32002 0 0 0 0 0 267
WIT 12 314 315 328 317 301 0 0 0 0 332 0 -1 0 0 0 32002 32002 0 0 0 0 0 49408
WIT 11 314 315 293 272 189 0 0 0 0 315 0 -1 0 0 0 32002 32002 0 0 0 0 0 2006
WIT 7 259 315 290 284 -48 0 0 0 0 315 0 -1 0 0 0 32002 32002 0 0 0 0 0 2463
WIT 11 314 315 302 292 290 0 0 0 0 315 0 -1 0 0 0 32002 32002 0 0 0 0 0 2463
WIT 10 314 315 289 270 246 0 0 0 0 315 0 -1 0 0 0 32002 32002 0 0 0 0 0 49408
WIT 7 314 315 294 288 288 267 0 1 0 295 0 -1 0 0 0 32002 32002 0 0 0 0 0 267
WIT 8 259 315 287 280 253 0 0 0 0 315 0 -1 0 0 0 32002 32002 0 0 0 0 0 166
WIT 8 259 315 251 244 228 0 0 0 0 315 0 -1 0 0 0 32002 32002 0 0 0 0 0 1752
WIT 7 314 315 287 281 325 49415 0 0 0 32002 0 -1 0 0 0 32002 32002 0 0 0 0 0 0
WIT 11 314 315 287 266 266 148 0 0 1 325 0 -1 0 0 0 32002 32002 0 0 0 0 0 1752
WIT 9 314 315 287 279 280 1752 0 0 1 324 0 -1 0 0 0 32002 32002 0 0 0 0 0 166
WIT 11 314 315 281 271 230 0 0 0 0 350 0 -1 0 0 0 32002 32002 0 0 0 0 0 2283
WIT 11 314 315 281 271 270 0 0 0 0 347 0 -1 0 0 0 32002 32002 0 0 0 0 0 1314
WIT 11 314 315 281 271 259 0 0 0 0 344 0 -1 0 0 0 32002 32002 0 0 0 0 0 2356
WIT 11 314 315 304 294 294 49408 0 0 1 328 0 -1 0 0 0 32002 32002 0 0 0 0 0 1314
WIT 7 314 315 554 548 503 0 0 0 0 331 0 -1 0 0 0 32002 32002 0 0 0 0 0 2283
WIT 10 314 315 281 262 261 0 0 0 0 326 0 -1 0 0 0 32002 32002 0 0 0 0 0 1764
WIT 9 -315 -314 -263 -271 -311 0 0 0 0 -269 0 -1 0 0 0 32002 32002 0 0 0 0 0 2196
WIT 6 -315 -314 -242 -247 -248 0 0 0 0 -147 0 -1 0 0 0 32002 32002 0 0 0 0 0 3046
WIT 9 314 315 287 270 269 0 0 0 0 294 0 -1 0 0 0 32002 32002 0 0 0 0 0 0
WIT 7 293 294 312 306 312 1318 0 0 0 32002 0 -1 0 0 0 32002 32002 0 0 0 0 0 0
WIT 7 -315 -259 -273 -279 -312 0 0 0 0 -294 0 -1 0 0 0 32002 32002 0 0 0 0 0 2196
WIT 7 293 294 317 311 329 1318 0 0 0 32002 0 -1 0 0 0 32002 32002 0 0 0 0 0 0
WIT 7 -315 -259 -287 -293 -295 0 0 0 0 -294 0 -1 0 0 0 32002 32002 0 0 0 0 0 2786
WIT 7 -295 -294 -266 -272 -310 0 0 0 0 -259 0 -1 0 0 0 32002 32002 0 0 0 0 0 2609
WIT 7 -315 -259 -294 -300 -312 0 0 0 0 -294 0 -1 0 0 0 32002 32002 0 0 0 0 0 53055
WIT 8 259 315 287 280 261 0 0 0 0 294 0 -1 0 0 0 32002 32002 0 0 0 0 0 219
WIT 12 293 294 287 264 261 0 0 0 0 294 0 -1 0 0 0 32002 32002 0 0 0 0 0 2155
WIT 10 293 294 281 272 313 0 0 0 0 32002 0 -1 0 0 0 32002 32002 0 0 0 0 0 0
WIT 9 293 294 281 273 361 0 0 0 0 32002 0 -1 0 0 0 32002 32002 0 0 0 0 0 0
WIT 10 293 294 317 308 313 324 0 0 0 32002 0 -1 0 0 0 32002 32002 0 0 0 0 0 0
WIT 7 293 294 530 524 495 0 0 0 0 528 0 -1 0 0 0 32002 32002 0 0 0 0 0 2283
WIT 9 293 294 448 431 392 0 0 0 0 295 0 -1 0 0 0 32002 32002 0 0 0 0 0 2155
WIT 10 293 294 424 405 243 0 0 1 0 321 0 -1 0 0 0 32002 32002 0 0 0 0 0 399
WIT 6 293 294 329 324 324 166 0 0 0 32002 0 -1 0 0 0 32002 32002 0 0 0 0 0 0
WIT 9 293 294 287 270 261 0 0 0 0 294 0 -1 0 0 0 32002 32002 0 0 0 0 0 1185
WIT 8 293 294 287 272 271 0 0 0 0 294 0 -1 0 0 0 32002 32002 0 0 0 0 0 49415
WIT 9 293 294 290 282 349 49415 0 0 0 32002 0 -1 0 0 0 32002 32002 0 0 0 0 0 0
WIT 8 293 294 289 274 269 0 0 0 0 295 0 -1 0 0 0 32002 32002 0 0 0 0 0 204
WIT 8 293 294 300 293 262 0 0 0 0 264 0 -1 0 0 0 32002 32002 0 0 0 0 0 0
WIT 8 -294 -293 -263 -278 -291 0 0 0 0 -285 0 -1 0 0 0 32002 32002 0 0 0 0 0 3567
WIT 8 -294 -293 -235 -242 -242 3834 0 0 0 32002 0 -1 0 0 0 32002 32002 0 0 0 0 0 0
WIT 7 -294 -293 -266 -279 -301 0 0 0 0 -293 0 -1 0 0 0 32002 32002 0 0 0 0 0 3389
WIT 10 293 294 290 271 262 0 0 0 0 293 0 -1 0 0 0 32002 32002 0 0 0 0 0 0
WIT 7 -294 -293 -232 -238 -223 53055 0 0 0 32002 0 -1 0 0 0 32002 32002 0 0 0 0 0 0
WIT 7 -294 -293 -235 -241 -289 0 0 0 0 -223 0 -1 0 0 0 32002 32002 0 0 0 0 0 3306
WIT 9 293 294 290 273 265 0 0 0 0 293 0 -1 0 0 0 32002 32002 0 0 0 0 0 0
WIT 8 293 294 290 275 260 0 0 0 0 293 0 -1 0 0 0 32002 32002 0 0 0 0 0 0
WIT 7 293 294 289 276 265 0 0 0 0 293 0 -1 0 0 0 32002 32002 0 0 0 0 0 0

===========================
Total time (ms) : 27
Nodes searched  : 18575
Nodes/second    : 687962
