
Position: 1/1 (rn1qkbnr/pbpppp1p/6p1/1p6/3PP3/P7/1PP2PPP/RNBQKBNR w KQkq - 1 4)
WIT 6 -292 -291 -236 -241 -302 0 0 0 0 -284 0 -1 0 0 0 32002 32002 0 0 0 0 0 3164
WIT 6 -292 -291 -284 -289 -274 4013 0 0 0 32002 0 -1 0 0 0 32002 32002 0 0 0 0 0 0
WIT 6 -292 -291 -233 -238 -253 0 0 0 0 -274 0 -1 0 0 0 32002 32002 0 0 0 0 0 3164
WIT 6 -272 -271 -290 -295 -278 3958 0 0 1 -252 0 -1 0 0 0 32002 32002 0 0 0 0 0 3112
WIT 6 -245 -244 -261 -266 -270 0 0 0 0 -250 0 -1 0 0 0 32002 32002 0 0 0 0 0 0
WIT 7 -253 -252 -254 -260 -257 3958 0 0 1 -252 0 -1 0 0 0 32002 32002 0 0 0 0 0 3112
WIT 7 -253 -252 -249 -262 -252 3958 0 0 0 32002 0 -1 0 0 0 32002 32002 0 0 0 0 0 0
WIT 6 -253 -252 -253 -258 -258 3958 0 0 1 -249 0 -1 0 0 0 32002 32002 0 0 0 0 0 3112
WIT 6 -253 -252 -227 -232 -232 3958 0 0 0 32002 0 -1 0 0 0 32002 32002 0 0 0 0 0 0
WIT 6 -253 -252 -264 -269 -243 3958 0 0 0 32002 0 -1 0 0 0 32002 32002 0 0 0 0 0 0
WIT 6 -253 -252 -252 -257 -254 4013 0 0 1 -248 0 -1 0 0 0 32002 32002 0 0 0 0 0 3112
WIT 6 -253 -252 -249 -254 -216 3164 1 0 0 32002 0 -1 0 0 0 32002 32002 0 0 0 0 0 0
WIT 6 -253 -252 -261 -266 -226 2137 0 0 0 32002 0 -1 0 0 0 32002 32002 0 0 0 0 0 0
WIT 7 -253 -252 -263 -269 -237 3958 0 0 0 32002 0 -1 0 0 0 32002 32002 0 0 0 0 0 0
WIT 6 -253 -252 -259 -264 -264 3112 0 0 1 -162 0 -1 0 0 0 32002 32002 0 0 0 0 0 3164
WIT 6 -242 -241 -252 -257 -257 3242 0 0 1 -241 0 -1 0 0 0 32002 32002 0 0 0 0 0 3958
WIT 7 -242 -241 -245 -258 -243 3112 0 0 1 -241 0 -1 0 0 0 32002 32002 0 0 0 0 0 4013
WIT 8 -242 -241 -249 -264 -252 3958 0 0 1 -238 0 -1 0 0 0 32002 32002 0 0 0 0 0 3112
WIT 6 -242 -241 -249 -254 -239 3958 0 0 0 32002 0 -1 0 0 0 32002 32002 0 0 0 0 0 0
WIT 6 -242 -241 -211 -216 -170 3958 0 0 0 32002 0 -1 0 0 0 32002 32002 0 0 0 0 0 0
WIT 6 -242 -241 -227 -232 -232 3958 0 0 0 32002 0 -1 0 0 0 32002 32002 0 0 0 0 0 0
WIT 6 -242 -241 -243 -248 -189 0 0 0 0 32002 0 -1 0 0 0 32002 32002 0 0 0 0 0 0
WIT 7 -242 -241 -252 -258 -256 3958 0 0 1 -241 0 -1 0 0 0 32002 32002 0 0 0 0 0 3112
WIT 6 -242 -241 -221 -226 -226 3112 0 0 0 32002 0 -1 0 0 0 32002 32002 0 0 0 0 0 0
WIT 6 -242 -241 -224 -229 -197 3958 0 0 0 32002 0 -1 0 0 0 32002 32002 0 0 0 0 0 0
WIT 6 -242 -241 -211 -216 -216 3112 0 0 0 32002 0 -1 0 0 0 32002 32002 0 0 0 0 0 0
WIT 6 -242 -241 -201 -206 -171 0 0 0 0 32002 0 -1 0 0 0 32002 32002 0 0 0 0 0 0
WIT 6 -242 -241 -261 -266 -222 2137 0 0 0 32002 0 -1 0 0 0 32002 32002 0 0 0 0 0 0
WIT 6 -242 -241 -252 -257 -213 0 0 0 0 32002 0 -1 0 0 0 32002 32002 0 0 0 0 0 0
WIT 6 -242 -241 -252 -257 -230 3958 0 0 0 32002 0 -1 0 0 0 32002 32002 0 0 0 0 0 0
WIT 6 -242 -241 -263 -268 -240 3958 0 0 0 32002 0 -1 0 0 0 32002 32002 0 0 0 0 0 0
WIT 6 -242 -241 -174 -179 -184 0 0 0 0 -164 0 -1 0 0 0 32002 32002 0 0 0 0 0 3164
WIT 6 -242 -241 -180 -185 -185 3112 0 0 0 32002 0 -1 0 0 0 32002 32002 0 0 0 0 0 0
WIT 6 -242 -241 -249 -254 -221 0 0 0 0 32002 0 -1 0 0 0 32002 32002 0 0 0 0 0 0
WIT 6 -242 -241 -231 -236 -236 3112 0 0 0 32002 0 -1 0 0 0 32002 32002 0 0 0 0 0 0
WIT 7 -242 -241 -264 -270 -246 3958 0 0 1 -231 0 -1 0 0 0 32002 32002 0 0 0 0 0 3112
WIT 6 -242 -241 -248 -253 -256 0 0 0 0 -214 0 -1 0 0 0 32002 32002 0 0 0 0 0 3112
WIT 6 -242 -241 -206 -211 -178 0 0 0 0 32002 0 -1 0 0 0 32002 32002 0 0 0 0 0 0
WIT 7 -227 -226 -241 -254 -279 0 0 0 0 -226 0 -1 0 0 0 32002 32002 0 0 0 0 0 3164
WIT 7 -227 -226 -241 -254 -242 3112 0 0 1 -226 0 -1 0 0 0 32002 32002 0 0 0 0 0 4013
WIT 8 -227 -226 -238 -253 -250 3958 0 0 1 -225 0 -1 0 0 0 32002 32002 0 0 0 0 0 3112
WIT 6 -227 -226 -249 -254 -239 3958 0 0 1 -190 0 -1 0 0 0 32002 32002 0 0 0 0 0 3112
WIT 6 -227 -226 -241 -246 -246 3112 0 0 1 -227 1 1 38676 1 1 -227 -206 0 0 0 0 11 3112
WIT 6 -227 -226 -211 -216 -170 3958 0 0 0 32002 0 -1 0 0 0 32002 32002 0 0 0 0 0 0
WIT 6 -227 -226 -227 -232 -232 3958 0 0 1 -219 0 -1 0 0 0 32002 32002 0 0 0 0 0 3112
WIT 6 -227 -226 -221 -226 -226 3112 0 0 0 32002 0 -1 0 0 0 32002 32002 0 0 0 0 0 0
WIT 6 -227 -226 -243 -248 -187 0 0 0 0 32002 0 -1 0 0 0 32002 32002 0 0 0 0 0 0
WIT 7 -227 -226 -241 -247 -238 3958 0 0 1 -225 0 -1 0 0 0 32002 32002 0 0 0 0 0 3112
WIT 7 -227 -226 -217 -223 -218 3307 0 0 0 32002 0 -1 0 0 0 32002 32002 0 0 0 0 0 0
WIT 6 -227 -226 -232 -237 -238 0 0 0 0 -226 0 -1 0 0 0 32002 32002 0 0 0 0 0 3112
WIT 6 -227 -226 -211 -216 -216 3112 0 0 0 32002 0 -1 0 0 0 32002 32002 0 0 0 0 0 0
WIT 6 -227 -226 -261 -266 -218 2137 0 0 0 32002 0 -1 0 0 0 32002 32002 0 0 0 0 0 0
WIT 6 -227 -226 -201 -206 -169 0 0 0 0 32002 0 -1 0 0 0 32002 32002 0 0 0 0 0 0
WIT 6 -227 -226 -263 -268 -240 3958 0 0 1 -226 0 -1 0 0 0 32002 32002 0 0 0 0 0 3112
WIT 6 -227 -226 -252 -257 -211 0 0 0 0 32002 0 -1 0 0 0 32002 32002 0 0 0 0 0 0
WIT 6 -227 -226 -252 -257 -257 3958 0 0 1 -160 0 -1 0 0 0 32002 32002 0 0 0 0 0 3112
WIT 6 -227 -226 -180 -185 -185 3112 0 0 0 32002 0 -1 0 0 0 32002 32002 0 0 0 0 0 0
WIT 6 -227 -226 -156 -161 -91 0 0 0 0 32002 0 -1 0 0 0 32002 32002 0 0 0 0 0 0
WIT 6 -227 -226 -249 -254 -221 0 0 0 0 32002 0 -1 0 0 0 32002 32002 0 0 0 0 0 0
WIT 6 -227 -226 -231 -236 -236 3112 0 0 1 -206 0 -1 0 0 0 32002 32002 0 0 0 0 0 3164
WIT 6 -227 -226 -224 -229 -229 4013 0 0 1 -219 0 -1 0 0 0 32002 32002 0 0 0 0 0 3112
WIT 6 -227 -226 -206 -211 -175 0 0 0 0 32002 0 -1 0 0 0 32002 32002 0 0 0 0 0 0
WIT 6 -224 -223 -214 -219 -210 0 0 0 0 32002 0 -1 0 0 0 32002 32002 0 0 0 0 0 0
WIT 7 -224 -223 -226 -232 -232 3112 0 0 1 -205 0 -1 0 0 0 32002 32002 0 0 0 0 0 3242
WIT 7 -224 -223 -210 -223 -271 0 0 0 0 -211 0 -1 0 0 0 32002 32002 0 0 0 0 0 3164
WIT 7 -224 -223 -217 -230 -224 3112 0 0 1 -217 0 -1 0 0 0 32002 32002 0 0 0 0 0 4013
WIT 8 -224 -223 -188 -203 -192 3307 0 0 0 32002 0 -1 0 0 0 32002 32002 0 0 0 0 0 0
WIT 7 -224 -223 -210 -223 -226 0 0 0 0 -223 0 -1 0 0 0 32002 32002 0 0 0 0 0 3112
WIT 6 -224 -223 -170 -175 -194 0 0 0 0 -223 0 -1 0 0 0 32002 32002 0 0 0 0 0 3112
WIT 6 -224 -223 -192 -197 -223 0 0 0 0 -189 0 -1 0 0 0 32002 32002 0 0 0 0 0 2137
WIT 7 230 231 240 227 243 49415 0 0 0 32002 0 -1 0 0 0 32002 32002 0 0 0 0 0 0
WIT 7 230 231 246 240 204 0 0 0 0 239 0 -1 0 0 0 32002 32002 0 0 0 0 0 49415
WIT 7 230 231 240 227 243 49415 0 0 0 32002 0 -1 0 0 0 32002 32002 0 0 0 0 0 0
WIT 9 230 231 250 242 218 0 0 0 0 251 0 -1 0 0 0 32002 32002 0 0 0 0 0 1763
WIT 8 -231 -230 -223 -230 -224 4013 0 0 0 32002 0 -1 0 0 0 32002 32002 0 0 0 0 0 0
WIT 8 -231 -230 -207 -214 -214 1841 0 0 0 32002 0 -1 0 0 0 32002 32002 0 0 0 0 0 0
WIT 9 -214 -213 -207 -215 -214 1841 0 0 1 -202 0 -1 0 0 0 32002 32002 0 0 0 0 0 3242
WIT 11 -214 -213 -203 -213 -217 0 0 0 0 -213 0 -1 0 0 0 32002 32002 0 0 0 0 0 3242
WIT 7 -214 -213 -211 -217 -173 1841 0 0 0 32002 0 -1 0 0 0 32002 32002 0 0 0 0 0 0
WIT 11 -214 -213 -212 -233 -325 0 0 0 0 -213 0 -1 0 0 0 32002 32002 0 0 0 0 0 3164
WIT 8 -214 -213 -223 -230 -200 3307 0 0 0 32002 0 -1 0 0 0 32002 32002 0 0 0 0 0 0
WIT 7 -214 -213 -188 -201 -192 3307 0 0 0 32002 0 -1 0 0 0 32002 32002 0 0 0 0 0 0
WIT 9 -214 -213 -180 -188 -188 3112 0 0 0 32002 0 -1 0 0 0 32002 32002 0 0 0 0 0 0
WIT 9 -214 -213 -208 -216 -216 3112 0 0 1 -173 0 -1 0 0 0 32002 32002 0 0 0 0 0 3164
WIT 8 -214 -213 -169 -176 -161 0 0 0 0 32002 0 -1 0 0 0 32002 32002 0 0 0 0 0 0
WIT 7 -214 -213 -214 -220 -217 3307 0 0 1 -213 0 -1 0 0 0 32002 32002 0 0 0 0 0 3958
WIT 9 -214 -213 -206 -214 -198 3112 0 0 0 32002 0 -1 0 0 0 32002 32002 0 0 0 0 0 0
WIT 8 -214 -213 -211 -218 -200 3112 0 0 0 32002 0 -1 0 0 0 32002 32002 0 0 0 0 0 0
WIT 9 -214 -213 -208 -216 -194 3164 1 0 0 32002 0 -1 0 0 0 32002 32002 0 0 0 0 0 0
WIT 8 -214 -213 -201 -208 -175 3112 0 0 0 32002 0 -1 0 0 0 32002 32002 0 0 0 0 0 0
WIT 9 -214 -213 -169 -177 -157 3164 1 0 0 32002 0 -1 0 0 0 32002 32002 0 0 0 0 0 0
WIT 9 -214 -213 -217 -234 -232 3112 0 0 1 -213 0 -1 0 0 0 32002 32002 0 0 0 0 0 4013
WIT 9 -214 -213 -195 -203 -203 3958 0 0 0 32002 0 -1 0 0 0 32002 32002 0 0 0 0 0 0
WIT 10 -214 -213 -193 -212 -214 0 0 0 0 -213 0 -1 0 0 0 32002 32002 0 0 0 0 0 2137
WIT 9 -214 -213 -173 -190 -180 3112 0 0 0 32002 0 -1 0 0 0 32002 32002 0 0 0 0 0 0
WIT 6 -214 -213 -190 -195 -158 3307 0 0 0 32002 0 -1 0 0 0 32002 32002 0 0 0 0 0 0
WIT 9 -214 -213 -217 -234 -235 0 0 0 0 -193 0 -1 0 0 0 32002 32002 0 0 0 0 0 3112
WIT 7 -213 -204 -205 -211 -205 4013 0 0 1 -199 0 -1 0 0 0 32002 32002 0 0 0 0 0 3958
WIT 8 -205 -204 -171 -178 -148 4013 0 0 0 32002 0 -1 0 0 0 32002 32002 0 0 0 0 0 0
WIT 8 -213 -204 -206 -213 -231 0 0 0 0 -199 0 -1 0 0 0 32002 32002 0 0 0 0 0 1841
WIT 6 -205 -204 -213 -218 -202 3958 0 0 0 32002 0 -1 0 0 0 32002 32002 0 0 0 0 0 0
WIT 11 -205 -204 -213 -234 -231 1841 0 0 1 -202 0 -1 0 0 0 32002 32002 0 0 0 0 0 3242
WIT 9 -205 -204 -202 -210 -181 1813 1 0 0 32002 0 -1 0 0 0 32002 32002 0 0 0 0 0 0
WIT 9 -205 -204 -189 -197 -197 1813 1 0 0 32002 0 -1 0 0 0 32002 32002 0 0 0 0 0 0
WIT 9 -213 -204 -206 -214 -229 0 0 0 0 -204 0 -1 0 0 0 32002 32002 0 0 0 0 0 3164
WIT 7 -205 -204 -213 -219 -204 1813 1 0 0 32002 0 -1 0 0 0 32002 32002 0 0 0 0 0 0
WIT 12 -205 -204 -202 -225 -209 1813 1 0 0 -204 0 -1 0 0 0 32002 32002 0 0 0 0 0 3242
WIT 10 -205 -204 -179 -188 -176 1827 0 0 0 32002 0 -1 0 0 0 32002 32002 0 0 0 0 0 0
WIT 7 -205 -204 -211 -217 -173 1841 0 0 0 32002 0 -1 0 0 0 32002 32002 0 0 0 0 0 0
WIT 12 -205 -204 -213 -236 -324 0 0 0 0 -204 0 -1 0 0 0 32002 32002 0 0 0 0 0 3164
WIT 6 -205 -204 -180 -185 -203 0 0 0 0 -204 0 -1 0 0 0 32002 32002 0 0 0 0 0 3307
WIT 9 -205 -204 -204 -212 -212 3234 0 0 1 -204 0 -1 0 0 0 32002 32002 0 0 0 0 0 3699
WIT 10 -205 -204 -204 -213 -214 0 0 0 0 -204 0 -1 0 0 0 32002 32002 0 0 0 0 0 3307
WIT 8 204 205 223 216 191 0 0 0 0 205 0 -1 0 0 0 32002 32002 0 0 0 0 0 2023
WIT 7 204 205 249 236 228 0 0 0 0 259 0 -1 0 0 0 32002 32002 0 0 0 0 0 353
WIT 11 -205 -204 -209 -230 -241 0 0 0 0 -205 0 -1 0 0 0 32002 32002 0 0 0 0 0 0
WIT 7 212 213 237 231 233 148 0 0 0 32002 0 -1 0 0 0 32002 32002 0 0 0 0 0 0
WIT 9 212 213 205 188 173 0 0 0 0 212 0 -1 0 0 0 32002 32002 0 0 0 0 0 0
WIT 6 -205 -204 -182 -187 -174 0 0 0 0 32002 0 -1 0 0 0 32002 32002 0 0 0 0 0 0
WIT 7 -205 -204 -40 -46 -120 0 0 0 0 -204 0 -1 0 0 0 32002 32002 0 0 0 0 0 2137
WIT 6 -205 -204 -189 -194 -180 3958 0 0 0 32002 0 -1 0 0 0 32002 32002 0 0 0 0 0 0
WIT 8 -205 -204 -190 -197 -154 3307 0 0 0 32002 0 -1 0 0 0 32002 32002 0 0 0 0 0 0
WIT 8 -205 -204 -189 -196 -210 0 0 0 0 -185 0 -1 0 0 0 32002 32002 0 0 0 0 0 2137
WIT 7 204 213 205 199 191 0 0 0 0 204 0 -1 0 0 0 32002 32002 0 0 0 0 0 0
WIT 9 -205 -204 -188 -196 -183 3307 0 0 0 32002 0 -1 0 0 0 32002 32002 0 0 0 0 0 0
WIT 6 -205 -204 -183 -188 -158 3307 0 0 0 32002 0 -1 0 0 0 32002 32002 0 0 0 0 0 0
WIT 7 -205 -204 -186 -192 -193 0 0 0 0 -204 0 -1 0 0 0 32002 32002 0 0 0 0 0 2137
WIT 10 -205 -204 -194 -213 -224 0 0 0 0 -204 0 -1 0 0 0 32002 32002 0 0 0 0 0 3112
WIT 7 204 205 238 232 231 0 0 0 0 201 0 -1 0 0 0 32002 32002 0 0 0 0 0 405
WIT 6 204 205 313 308 289 0 0 0 0 302 0 -1 0 0 0 32002 32002 0 0 0 0 0 353
WIT 11 -205 -204 -213 -234 -238 0 0 0 0 -205 0 -1 0 0 0 32002 32002 0 0 0 0 0 0
WIT 8 212 213 205 198 194 0 0 0 0 212 0 -1 0 0 0 32002 32002 0 0 0 0 0 0
WIT 7 212 213 234 228 199 0 0 0 0 213 0 -1 0 0 0 32002 32002 0 0 0 0 0 1828
WIT 6 212 213 211 206 206 1828 0 0 1 213 0 -1 0 0 0 32002 32002 0 0 0 0 0 405
WIT 6 212 213 209 204 206 405 0 0 1 215 0 -1 0 0 0 32002 32002 0 0 0 0 0 1569
WIT 7 204 213 205 199 199 1048 0 0 1 204 1 1 10237 1 1 204 213 0 0 0 0 175 1048
WIT 10 212 213 245 236 209 0 0 0 0 213 0 -1 0 0 0 32002 32002 0 0 0 0 0 1828
WIT 6 212 213 214 209 189 0 0 0 0 222 0 -1 0 0 0 32002 32002 0 0 0 0 0 1828
WIT 9 212 213 205 188 191 353 1 0 0 213 0 -1 0 0 0 32002 32002 0 0 0 0 0 405
WIT 8 212 213 289 274 259 0 0 0 0 308 0 -1 0 0 0 32002 32002 0 0 0 0 0 353
WIT 7 224 225 217 211 207 0 0 0 0 232 0 -1 0 0 0 32002 32002 0 0 0 0 0 405
WIT 6 224 225 230 225 212 0 0 0 0 241 0 -1 0 0 0 32002 32002 0 0 0 0 0 2023
WIT 9 224 225 213 196 182 0 0 0 0 225 0 -1 0 0 0 32002 32002 0 0 0 0 0 1828
WIT 7 224 225 213 207 207 1828 0 0 1 226 0 -1 0 0 0 32002 32002 0 0 0 0 0 405
WIT 7 224 225 214 208 208 405 0 0 1 228 0 -1 0 0 0 32002 32002 0 0 0 0 0 1569
WIT 7 224 225 221 215 216 405 0 0 1 240 0 -1 0 0 0 32002 32002 0 0 0 0 0 24
WIT 7 224 225 220 214 271 1828 0 0 0 32002 0 -1 0 0 0 32002 32002 0 0 0 0 0 0
WIT 7 204 225 205 199 196 0 0 0 0 225 0 -1 0 0 0 32002 32002 0 0 0 0 0 1048
WIT 10 224 225 213 194 186 0 0 0 0 225 0 -1 0 0 0 32002 32002 0 0 0 0 0 1828
WIT 10 224 225 213 194 195 353 1 0 0 225 0 -1 0 0 0 32002 32002 0 0 0 0 0 405
WIT 8 240 241 225 218 266 0 0 0 0 32002 0 -1 0 0 0 32002 32002 0 0 0 0 0 0
WIT 9 240 241 267 259 351 0 0 0 0 32002 0 -1 0 0 0 32002 32002 0 0 0 0 0 0
WIT 7 240 241 232 226 282 0 0 0 0 32002 0 -1 0 0 0 32002 32002 0 0 0 0 0 0
WIT 7 240 241 225 212 189 0 0 0 0 247 0 -1 0 0 0 32002 32002 0 0 0 0 0 1828
WIT 8 240 241 237 230 210 0 0 0 0 241 0 -1 0 0 0 32002 32002 0 0 0 0 0 1828
WIT 7 240 241 222 216 208 0 0 0 0 239 0 -1 0 0 0 32002 32002 0 0 0 0 0 0
WIT 6 240 241 225 220 216 0 0 0 0 239 0 -1 0 0 0 32002 32002 0 0 0 0 0 0
WIT 6 209 210 226 221 195 0 0 0 0 250 0 -1 0 0 0 32002 32002 0 0 0 0 0 1828
WIT 6 -210 -209 -212 -217 -221 0 0 0 0 -227 0 -1 0 0 0 32002 32002 0 0 0 0 0 0
WIT 6 -210 -209 -239 -244 -259 0 0 0 0 -208 0 -1 0 0 0 32002 32002 0 0 0 0 0 3307
WIT 8 209 210 285 270 225 0 0 0 0 220 0 -1 0 0 0 32002 32002 0 0 0 0 0 1828
WIT 8 -210 -209 -239 -254 -254 2137 0 0 1 -222 1 1 29642 1 1 -210 -218 0 0 0 0 39 0
WIT 6 209 210 205 200 197 0 0 0 0 218 0 -1 0 0 0 32002 32002 0 0 0 0 0 1048
WIT 8 225 226 242 235 203 0 0 0 0 226 0 -1 0 0 0 32002 32002 0 0 0 0 0 2023
WIT 9 225 226 220 212 272 2023 0 0 0 32002 0 -1 0 0 0 32002 32002 0 0 0 0 0 0
WIT 8 225 226 246 239 236 0 0 0 0 226 0 -1 0 0 0 32002 32002 0 0 0 0 0 721
WIT 8 225 226 219 204 203 0 0 0 0 226 0 -1 0 0 0 32002 32002 0 0 0 0 0 1828
WIT 6 225 226 235 230 205 0 0 0 0 208 0 -1 0 0 0 32002 32002 0 0 0 0 0 658
WIT 7 225 226 218 205 190 0 0 0 0 226 0 -1 0 0 0 32002 32002 0 0 0 0 0 991
WIT 7 225 226 229 223 323 353 1 0 0 32002 0 -1 0 0 0 32002 32002 0 0 0 0 0 0
WIT 7 225 226 226 220 190 0 0 0 0 312 0 -1 0 0 0 32002 32002 0 0 0 0 0 1569
WIT 7 225 226 399 393 336 0 0 0 0 318 0 -1 0 0 0 32002 32002 0 0 0 0 0 732
WIT 6 -226 -225 -226 -231 -247 0 0 0 0 -208 0 -1 0 0 0 32002 32002 0 0 0 0 0 3958
WIT 9 225 226 245 237 209 0 0 0 0 225 0 -1 0 0 0 32002 32002 0 0 0 0 0 0
WIT 8 225 226 227 220 212 0 0 0 0 225 0 -1 0 0 0 32002 32002 0 0 0 0 0 0
WIT 7 225 226 246 240 201 0 0 0 0 235 0 -1 0 0 0 32002 32002 0 0 0 0 0 2023
WIT 7 225 226 233 220 208 0 0 0 0 234 0 -1 0 0 0 32002 32002 0 0 0 0 0 991
WIT 7 -226 -225 -209 -222 -227 0 0 0 0 -226 0 -1 0 0 0 32002 32002 0 0 0 0 0 0
WIT 10 225 226 231 222 227 991 0 0 0 32002 0 -1 0 0 0 32002 32002 0 0 0 0 0 0
WIT 9 225 226 225 217 265 0 0 0 0 32002 0 -1 0 0 0 32002 32002 0 0 0 0 0 0
WIT 11 225 226 225 204 191 0 0 0 0 226 0 -1 0 0 0 32002 32002 0 0 0 0 0 1828
WIT 10 225 226 298 279 267 0 0 0 0 226 0 -1 0 0 0 32002 32002 0 0 0 0 0 353
WIT 10 225 226 234 215 214 0 0 0 0 226 0 -1 0 0 0 32002 32002 0 0 0 0 0 2023
WIT 9 225 226 233 216 210 0 0 0 0 226 0 -1 0 0 0 32002 32002 0 0 0 0 0 991
WIT 11 225 226 329 319 318 0 0 0 0 266 0 -1 0 0 0 32002 32002 0 0 0 0 0 2543
WIT 10 225 226 226 207 206 0 0 0 0 226 0 -1 0 0 0 32002 32002 0 0 0 0 0 2023
WIT 10 225 226 226 207 207 926 0 0 1 226 0 -1 0 0 0 32002 32002 0 0 0 0 0 721
WIT 10 225 226 226 207 206 0 0 0 0 226 0 -1 0 0 0 32002 32002 0 0 0 0 0 1828
WIT 9 225 226 226 209 190 0 0 0 0 226 0 -1 0 0 0 32002 32002 0 0 0 0 0 991
WIT 10 225 226 225 206 203 0 0 0 0 226 0 -1 0 0 0 32002 32002 0 0 0 0 0 405
WIT 9 234 235 238 230 230 658 0 0 1 225 1 2 3212 1 1 234 233 1 0 1 0 1 0
WIT 6 -218 -217 -227 -232 -233 0 0 0 0 -225 0 -1 0 0 0 32002 32002 0 0 0 0 0 0
WIT 9 234 235 234 226 225 0 0 0 0 235 0 -1 0 0 0 32002 32002 0 0 0 0 0 658
WIT 6 234 235 427 422 386 0 0 0 0 278 0 -1 0 0 0 32002 32002 0 0 0 0 0 2534
WIT 9 234 235 404 396 390 0 0 0 0 235 0 -1 0 0 0 32002 32002 0 0 0 0 0 487
WIT 8 234 235 226 219 218 0 0 0 0 235 0 -1 0 0 0 32002 32002 0 0 0 0 0 2543
WIT 7 234 235 250 244 244 2542 1 0 0 32002 0 -1 0 0 0 32002 32002 0 0 0 0 0 0
WIT 8 234 235 226 219 218 0 0 0 0 235 0 -1 0 0 0 32002 32002 0 0 0 0 0 658
WIT 7 234 235 248 242 323 2542 1 0 0 32002 0 -1 0 0 0 32002 32002 0 0 0 0 0 0
WIT 8 234 235 226 211 208 0 0 0 0 235 0 -1 0 0 0 32002 32002 0 0 0 0 0 2023
WIT 9 234 235 226 218 218 658 0 0 1 235 0 -1 0 0 0 32002 32002 0 0 0 0 0 2023
WIT 8 234 235 245 238 238 658 0 0 0 32002 0 -1 0 0 0 32002 32002 0 0 0 0 0 0
WIT 7 234 235 231 218 214 0 0 0 0 235 0 -1 0 0 0 32002 32002 0 0 0 0 0 405
WIT 8 234 235 239 224 224 405 0 0 1 241 0 -1 0 0 0 32002 32002 0 0 0 0 0 2023
WIT 8 234 235 230 215 214 0 0 0 0 235 0 -1 0 0 0 32002 32002 0 0 0 0 0 991
WIT 7 234 235 227 221 224 405 0 0 1 238 0 -1 0 0 0 32002 32002 0 0 0 0 0 1569
WIT 7 234 235 220 214 227 0 0 0 0 236 0 -1 0 0 0 32002 32002 0 0 0 0 0 1569
WIT 7 217 235 226 220 212 0 0 0 0 235 0 -1 0 0 0 32002 32002 0 0 0 0 0 1048
WIT 11 234 235 225 215 259 721 0 0 0 32002 0 -1 0 0 0 32002 32002 0 0 0 0 0 0
WIT 8 234 235 231 224 244 721 0 0 0 32002 0 -1 0 0 0 32002 32002 0 0 0 0 0 0
WIT 10 234 235 226 207 191 0 0 0 0 235 0 -1 0 0 0 32002 32002 0 0 0 0 0 1828
WIT 9 234 235 226 209 211 405 0 0 1 280 0 -1 0 0 0 32002 32002 0 0 0 0 0 353
WIT 10 234 235 226 207 207 24 1 0 0 237 0 -1 0 0 0 32002 32002 0 0 0 0 0 991
WIT 9 234 235 235 218 233 658 0 0 1 235 0 -1 0 0 0 32002 32002 0 0 0 0 0 991
WIT 9 234 235 226 209 206 0 0 0 0 235 0 -1 0 0 0 32002 32002 0 0 0 0 0 1048
WIT 11 234 235 409 399 350 0 0 0 0 235 0 -1 0 0 0 32002 32002 0 0 0 0 0 353
WIT 9 234 235 259 251 321 991 0 0 0 32002 0 -1 0 0 0 32002 32002 0 0 0 0 0 0
WIT 9 234 235 258 250 249 0 0 0 0 235 0 -1 0 0 0 32002 32002 0 0 0 0 0 721
WIT 8 234 235 226 211 183 0 0 0 0 235 0 -1 0 0 0 32002 32002 0 0 0 0 0 1828
WIT 8 234 235 226 211 210 0 0 0 0 235 0 -1 0 0 0 32002 32002 0 0 0 0 0 405
WIT 7 234 235 226 220 232 721 0 0 1 235 0 -1 0 0 0 32002 32002 0 0 0 0 0 405
WIT 7 246 247 235 222 231 405 0 0 1 246 1 1 11565 1 1 246 247 0 1 0 2 32 405
WIT 6 246 247 237 232 228 0 0 0 0 274 0 -1 0 0 0 32002 32002 0 0 0 0 0 1569
WIT 10 246 247 225 216 263 0 0 0 0 32002 0 -1 0 0 0 32002 32002 0 0 0 0 0 0
WIT 8 246 247 231 224 244 721 0 0 1 247 0 -1 0 0 0 32002 32002 0 0 0 0 0 1048
WIT 9 246 247 235 218 191 0 0 0 0 247 0 -1 0 0 0 32002 32002 0 0 0 0 0 1828
WIT 8 246 247 280 273 361 2138 0 0 0 32002 0 -1 0 0 0 32002 32002 0 0 0 0 0 0
WIT 9 246 247 275 258 245 0 0 0 0 247 0 -1 0 0 0 32002 32002 0 0 0 0 0 353
WIT 8 246 247 235 228 234 721 0 0 1 253 0 -1 0 0 0 32002 32002 0 0 0 0 0 405
WIT 9 246 247 236 219 230 658 0 0 1 256 0 -1 0 0 0 32002 32002 0 0 0 0 0 991
WIT 9 246 247 235 218 233 658 0 0 1 250 0 -1 0 0 0 32002 32002 0 0 0 0 0 991
WIT 6 246 247 256 251 265 658 0 0 0 32002 0 -1 0 0 0 32002 32002 0 0 0 0 0 0
WIT 8 246 247 235 220 209 0 0 0 0 249 0 -1 0 0 0 32002 32002 0 0 0 0 0 1048
WIT 9 246 247 235 218 218 1048 0 0 1 380 0 -1 0 0 0 32002 32002 0 0 0 0 0 353
WIT 7 246 247 235 222 240 658 0 0 1 261 0 -1 0 0 0 32002 32002 0 0 0 0 0 721
WIT 7 246 247 235 222 220 0 0 0 0 247 0 -1 0 0 0 32002 32002 0 0 0 0 0 405
WIT 7 246 247 416 410 384 0 0 0 0 309 0 -1 0 0 0 32002 32002 0 0 0 0 0 353
WIT 6 246 247 423 418 430 1828 0 0 0 32002 0 -1 0 0 0 32002 32002 0 0 0 0 0 0
WIT 6 246 247 255 250 290 1048 0 0 0 32002 0 -1 0 0 0 32002 32002 0 0 0 0 0 0
WIT 6 246 247 330 325 357 0 0 0 0 32002 0 -1 0 0 0 32002 32002 0 0 0 0 0 0
WIT 6 246 247 315 310 334 0 0 0 0 32002 0 -1 0 0 0 32002 32002 0 0 0 0 0 0
WIT 9 262 263 225 217 268 0 0 0 0 32002 0 -1 0 0 0 32002 32002 0 0 0 0 0 0
WIT 7 262 263 247 241 256 721 0 0 1 257 1 1 29203 1 1 262 278 0 1 0 1 26 721
WIT 8 262 263 247 232 202 0 0 0 0 268 0 -1 0 0 0 32002 32002 0 0 0 0 0 1828
WIT 7 262 263 252 246 261 721 0 0 1 290 0 -1 0 0 0 32002 32002 0 0 0 0 0 405
WIT 8 262 263 267 252 252 405 0 0 1 267 0 -1 0 0 0 32002 32002 0 0 0 0 0 991
WIT 7 262 263 249 243 260 405 0 0 1 271 0 -1 0 0 0 32002 32002 0 0 0 0 0 721
WIT 7 262 263 247 234 225 0 0 0 0 270 0 -1 0 0 0 32002 32002 0 0 0 0 0 1828
WIT 7 262 263 267 254 242 0 0 0 0 263 0 -1 0 0 0 32002 32002 0 0 0 0 0 991
WIT 7 262 263 275 269 314 353 1 0 0 32002 0 -1 0 0 0 32002 32002 0 0 0 0 0 0
WIT 7 262 263 270 257 235 0 0 0 0 294 0 -1 0 0 0 32002 32002 0 0 0 0 0 1569
WIT 6 262 263 254 249 245 0 0 0 0 263 0 -1 0 0 0 32002 32002 0 0 0 0 0 405
WIT 10 262 263 225 216 265 0 0 0 0 32002 0 -1 0 0 0 32002 32002 0 0 0 0 0 0
WIT 8 262 263 309 302 323 0 0 0 0 32002 0 -1 0 0 0 32002 32002 0 0 0 0 0 0
WIT 8 262 263 276 269 276 991 0 0 0 32002 0 -1 0 0 0 32002 32002 0 0 0 0 0 0
WIT 10 262 263 267 248 204 0 0 0 0 265 0 -1 0 0 0 32002 32002 0 0 0 0 0 1828
WIT 9 262 263 286 278 285 721 0 0 0 32002 0 -1 0 0 0 32002 32002 0 0 0 0 0 0
WIT 8 262 263 396 389 410 1828 0 0 0 32002 0 -1 0 0 0 32002 32002 0 0 0 0 0 0
WIT 7 262 263 263 250 250 658 0 0 1 263 0 -1 0 0 0 32002 32002 0 0 0 0 0 991
WIT 7 262 263 235 229 229 991 0 0 1 268 0 -1 0 0 0 32002 32002 0 0 0 0 0 1048
WIT 7 262 263 272 266 326 1122 0 0 0 32002 0 -1 0 0 0 32002 32002 0 0 0 0 0 0
WIT 8 262 263 366 351 339 0 0 0 0 263 0 -1 0 0 0 32002 32002 0 0 0 0 0 353
WIT 6 262 263 259 254 310 991 0 0 0 32002 0 -1 0 0 0 32002 32002 0 0 0 0 0 0
WIT 8 262 263 263 248 234 0 0 0 0 263 0 -1 0 0 0 32002 32002 0 0 0 0 0 405
WIT 8 262 263 277 262 251 0 0 0 0 263 0 -1 0 0 0 32002 32002 0 0 0 0 0 353
WIT 6 262 263 295 290 304 1048 0 0 0 32002 0 -1 0 0 0 32002 32002 0 0 0 0 0 0
WIT 6 262 263 315 310 336 0 0 0 0 32002 0 -1 0 0 0 32002 32002 0 0 0 0 0 0
WIT 6 262 263 330 325 359 0 0 0 0 32002 0 -1 0 0 0 32002 32002 0 0 0 0 0 0
WIT 7 273 274 247 241 241 658 0 0 1 312 0 -1 0 0 0 32002 32002 0 0 0 0 0 24
WIT 6 273 274 404 399 406 0 0 0 0 32002 0 -1 0 0 0 32002 32002 0 0 0 0 0 0
WIT 8 273 274 238 223 304 16 1 0 0 32002 0 -1 0 0 0 32002 32002 0 0 0 0 0 0
WIT 7 273 274 245 239 258 0 0 0 0 294 0 -1 0 0 0 32002 32002 0 0 0 0 0 24
WIT 7 273 274 273 267 266 0 0 0 0 292 0 -1 0 0 0 32002 32002 0 0 0 0 0 1828
WIT 7 273 274 256 250 266 0 0 0 0 325 0 -1 0 0 0 32002 32002 0 0 0 0 0 24
WIT 6 273 274 226 221 246 0 0 0 0 302 0 -1 0 0 0 32002 32002 0 0 0 0 0 24
WIT 9 273 274 246 238 269 0 0 0 0 278 0 -1 0 0 0 32002 32002 0 0 0 0 0 24
WIT 8 273 274 237 230 191 0 0 0 0 277 0 -1 0 0 0 32002 32002 0 0 0 0 0 1828
WIT 6 273 274 251 246 263 0 0 0 0 299 0 -1 0 0 0 32002 32002 0 0 0 0 0 24
WIT 7 252 274 263 257 256 0 0 0 0 274 0 -1 0 0 0 32002 32002 0 0 0 0 0 991
WIT 9 273 274 307 290 276 0 0 0 0 318 0 -1 0 0 0 32002 32002 0 0 0 0 0 732
WIT 6 273 274 270 265 335 1371 1 0 0 32002 0 -1 0 0 0 32002 32002 0 0 0 0 0 0
WIT 7 273 274 418 412 368 0 0 0 0 278 0 -1 0 0 0 32002 32002 0 0 0 0 0 1569
WIT 7 273 274 279 273 301 0 0 0 0 32002 0 -1 0 0 0 32002 32002 0 0 0 0 0 0
WIT 7 273 274 274 261 230 0 0 0 0 274 0 -1 0 0 0 32002 32002 0 0 0 0 0 1828
WIT 7 273 274 268 262 242 0 0 0 0 274 0 -1 0 0 0 32002 32002 0 0 0 0 0 1828
WIT 6 273 274 292 287 322 0 0 0 0 32002 0 -1 0 0 0 32002 32002 0 0 0 0 0 0
WIT 7 273 274 299 293 316 1828 0 0 0 32002 0 -1 0 0 0 32002 32002 0 0 0 0 0 0
WIT 7 252 274 263 257 236 0 0 0 0 274 0 -1 0 0 0 32002 32002 0 0 0 0 0 405
WIT 10 273 274 266 247 248 405 0 0 1 274 0 -1 0 0 0 32002 32002 0 0 0 0 0 991
WIT 8 273 274 235 220 240 339 0 0 1 283 0 -1 0 0 0 32002 32002 0 0 0 0 0 658
WIT 8 273 274 313 306 276 0 0 0 0 280 0 -1 0 0 0 32002 32002 0 0 0 0 0 2542
WIT 9 273 274 263 246 234 0 0 0 0 274 0 -1 0 0 0 32002 32002 0 0 0 0 0 2023
WIT 10 273 274 270 261 270 405 0 0 1 284 0 -1 0 0 0 32002 32002 0 0 0 0 0 721
WIT 11 273 274 269 248 247 0 0 0 0 274 0 -1 0 0 0 32002 32002 0 0 0 0 0 1828
WIT 9 273 274 310 302 423 405 0 0 0 32002 0 -1 0 0 0 32002 32002 0 0 0 0 0 0
WIT 8 273 274 251 244 237 0 0 0 0 304 0 -1 0 0 0 32002 32002 0 0 0 0 0 1828
WIT 8 273 274 263 248 238 0 0 0 0 273 0 -1 0 0 0 32002 32002 0 0 0 0 0 0
WIT 9 273 274 282 265 265 339 0 0 1 273 1 2 2657 1 1 273 273 1 1 2 2 17 0
WIT 8 273 274 274 259 232 0 0 0 0 273 0 -1 0 0 0 32002 32002 0 0 0 0 0 0
WIT 7 273 274 263 250 239 0 0 0 0 273 0 -1 0 0 0 32002 32002 0 0 0 0 0 0
WIT 8 -253 -252 -144 -151 -175 0 0 0 0 -252 0 -1 0 0 0 32002 32002 0 0 0 0 0 2919
WIT 9 -253 -252 -212 -220 -225 0 0 0 0 -253 0 -1 0 0 0 32002 32002 0 0 0 0 0 0
WIT 8 -253 -252 -240 -247 -274 0 0 0 0 -253 0 -1 0 0 0 32002 32002 0 0 0 0 0 0
WIT 8 273 274 275 268 314 353 1 0 0 32002 0 -1 0 0 0 32002 32002 0 0 0 0 0 0
WIT 8 273 274 294 287 351 0 0 0 0 32002 0 -1 0 0 0 32002 32002 0 0 0 0 0 0
WIT 8 273 274 290 275 272 0 0 0 0 274 0 -1 0 0 0 32002 32002 0 0 0 0 0 1569
WIT 7 273 274 273 267 278 405 0 0 0 32002 0 -1 0 0 0 32002 32002 0 0 0 0 0 0
WIT 7 273 274 263 257 281 1828 0 0 0 32002 0 -1 0 0 0 32002 32002 0 0 0 0 0 0
WIT 8 273 274 336 329 329 1763 0 0 0 32002 0 -1 0 0 0 32002 32002 0 0 0 0 0 0
WIT 7 273 274 273 267 307 0 0 0 0 32002 0 -1 0 0 0 32002 32002 0 0 0 0 0 0
WIT 8 273 274 316 309 341 721 0 0 0 32002 0 -1 0 0 0 32002 32002 0 0 0 0 0 0
WIT 7 273 274 263 250 247 0 0 0 0 274 0 -1 0 0 0 32002 32002 0 0 0 0 0 405
WIT 8 273 274 267 260 301 0 0 0 0 32002 0 -1 0 0 0 32002 32002 0 0 0 0 0 0
WIT 7 273 274 280 274 283 405 0 0 0 32002 0 -1 0 0 0 32002 32002 0 0 0 0 0 0
WIT 8 273 274 247 240 265 0 0 0 0 297 0 -1 0 0 0 32002 32002 0 0 0 0 0 1569
WIT 7 273 274 225 219 265 0 0 0 0 266 0 -1 0 0 0 32002 32002 0 0 0 0 0 732
WIT 7 273 274 267 261 356 0 0 0 0 32002 0 -1 0 0 0 32002 32002 0 0 0 0 0 0
WIT 7 273 274 266 253 228 0 0 0 0 285 0 -1 0 0 0 32002 32002 0 0 0 0 0 1828
WIT 6 273 274 263 258 303 0 0 0 0 32002 0 -1 0 0 0 32002 32002 0 0 0 0 0 0
WIT 7 252 274 263 257 242 0 0 0 0 274 0 -1 0 0 0 32002 32002 0 0 0 0 0 1048
WIT 10 273 274 225 216 264 0 0 0 0 343 0 -1 0 0 0 32002 32002 0 0 0 0 0 732
WIT 10 273 274 309 300 330 405 0 0 0 32002 0 -1 0 0 0 32002 32002 0 0 0 0 0 0
WIT 9 273 274 264 247 220 0 0 0 0 276 0 -1 0 0 0 32002 32002 0 0 0 0 0 1828
WIT 9 273 274 273 265 265 405 0 0 1 279 0 -1 0 0 0 32002 32002 0 0 0 0 0 1762
WIT 8 273 274 302 287 284 0 0 0 0 304 0 -1 0 0 0 32002 32002 0 0 0 0 0 353
WIT 8 273 274 396 389 410 1828 0 0 0 32002 0 -1 0 0 0 32002 32002 0 0 0 0 0 0
WIT 8 273 274 286 279 288 721 0 0 0 32002 0 -1 0 0 0 32002 32002 0 0 0 0 0 0
WIT 9 273 274 226 218 222 658 0 0 1 311 0 -1 0 0 0 32002 32002 0 0 0 0 0 24
WIT 12 273 274 277 266 286 2023 0 0 0 32002 0 -1 0 0 0 32002 32002 0 0 0 0 0 0
WIT 11 273 274 276 255 227 0 0 0 0 274 0 -1 0 0 0 32002 32002 0 0 0 0 0 1828
WIT 10 273 274 291 282 284 658 0 0 0 32002 0 -1 0 0 0 32002 32002 0 0 0 0 0 0
WIT 8 273 274 274 267 282 0 0 0 0 32002 0 -1 0 0 0 32002 32002 0 0 0 0 0 0
WIT 7 273 274 318 312 321 658 0 0 0 32002 0 -1 0 0 0 32002 32002 0 0 0 0 0 0
WIT 6 273 274 298 293 293 0 0 0 0 32002 0 -1 0 0 0 32002 32002 0 0 0 0 0 0
WIT 10 273 274 274 255 254 0 0 0 0 274 0 -1 0 0 0 32002 32002 0 0 0 0 0 991
WIT 9 273 274 302 285 256 0 0 0 0 287 0 -1 0 0 0 32002 32002 0 0 0 0 0 1569
WIT 10 273 274 274 255 255 658 0 0 1 273 1 1 12816 1 1 273 273 0 0 0 0 51 339
WIT 9 273 274 263 246 230 0 0 0 0 274 0 -1 0 0 0 32002 32002 0 0 0 0 0 1048
WIT 11 273 274 263 242 234 0 0 0 0 274 0 -1 0 0 0 32002 32002 0 0 0 0 0 353
WIT 7 273 274 247 241 281 0 0 0 0 32002 0 -1 0 0 0 32002 32002 0 0 0 0 0 0
WIT 9 273 274 293 276 274 0 0 0 0 274 0 -1 0 0 0 32002 32002 0 0 0 0 0 1828
WIT 9 273 274 259 251 280 1828 0 0 0 32002 0 -1 0 0 0 32002 32002 0 0 0 0 0 0
WIT 9 273 274 267 259 264 1122 0 0 1 277 0 -1 0 0 0 32002 32002 0 0 0 0 0 1048
WIT 8 273 274 272 265 309 1122 0 0 0 32002 0 -1 0 0 0 32002 32002 0 0 0 0 0 0
WIT 8 273 274 266 251 250 0 0 0 0 274 0 -1 0 0 0 32002 32002 0 0 0 0 0 721
WIT 8 273 274 307 300 314 0 0 0 0 32002 0 -1 0 0 0 32002 32002 0 0 0 0 0 0
WIT 8 273 274 263 248 239 0 0 0 0 274 0 -1 0 0 0 32002 32002 0 0 0 0 0 405
WIT 7 273 274 283 277 314 0 0 0 0 32002 0 -1 0 0 0 32002 32002 0 0 0 0 0 0
WIT 7 273 274 295 289 319 1048 0 0 0 32002 0 -1 0 0 0 32002 32002 0 0 0 0 0 0
WIT 7 273 274 330 324 359 0 0 0 0 32002 0 -1 0 0 0 32002 32002 0 0 0 0 0 0
WIT 8 273 274 263 248 245 0 0 0 0 274 0 -1 0 0 0 32002 32002 0 0 0 0 0 353
WIT 7 273 274 315 309 335 0 0 0 0 32002 0 -1 0 0 0 32002 32002 0 0 0 0 0 0
WIT 8 288 289 274 267 272 405 0 0 1 289 0 -1 0 0 0 32002 32002 0 0 0 0 0 24
WIT 7 288 289 300 294 264 0 0 0 0 297 0 -1 0 0 0 32002 32002 0 0 0 0 0 1828
WIT 7 288 289 274 261 259 0 0 0 0 289 0 -1 0 0 0 32002 32002 0 0 0 0 0 991
WIT 7 288 289 274 261 261 991 0 0 1 276 1 1 30844 1 1 288 276 0 0 0 0 8 0
WIT 7 288 289 274 261 261 405 0 0 1 297 0 -1 0 0 0 32002 32002 0 0 0 0 0 1569
WIT 10 288 289 309 300 332 405 0 0 0 32002 0 -1 0 0 0 32002 32002 0 0 0 0 0 0
WIT 8 288 289 276 269 287 405 0 0 1 290 0 -1 0 0 0 32002 32002 0 0 0 0 0 721
WIT 9 288 289 275 258 230 0 0 0 0 289 0 -1 0 0 0 32002 32002 0 0 0 0 0 1828
WIT 9 288 289 455 447 471 405 0 0 0 32002 0 -1 0 0 0 32002 32002 0 0 0 0 0 0
WIT 8 288 289 274 259 259 405 0 0 1 289 0 -1 0 0 0 32002 32002 0 0 0 0 0 353
WIT 7 288 289 286 280 289 721 0 0 0 32002 0 -1 0 0 0 32002 32002 0 0 0 0 0 0
WIT 7 288 289 278 272 303 0 0 0 0 32002 0 -1 0 0 0 32002 32002 0 0 0 0 0 0
WIT 9 288 289 340 332 331 2542 1 0 0 353 0 -1 0 0 0 32002 32002 0 0 0 0 0 2543
WIT 11 288 289 226 216 210 0 0 0 0 295 0 -1 0 0 0 32002 32002 0 0 0 0 0 1763
WIT 6 288 289 334 329 286 0 0 0 0 303 0 -1 0 0 0 32002 32002 0 0 0 0 0 1552
WIT 11 288 289 307 297 287 0 0 0 0 292 0 -1 0 0 0 32002 32002 0 0 0 0 0 24
WIT 10 288 289 364 355 354 0 0 0 0 316 0 -1 0 0 0 32002 32002 0 0 0 0 0 2542
WIT 9 288 289 292 275 273 0 0 0 0 288 0 -1 0 0 0 32002 32002 0 0 0 0 0 2542
WIT 8 288 289 328 321 346 0 0 0 0 32002 0 -1 0 0 0 32002 32002 0 0 0 0 0 0
WIT 6 288 289 353 348 359 0 0 0 0 32002 0 -1 0 0 0 32002 32002 0 0 0 0 0 0
WIT 10 288 289 275 256 250 0 0 0 0 289 0 -1 0 0 0 32002 32002 0 0 0 0 0 2023
WIT 10 288 289 286 277 286 2023 0 0 1 288 1 1 25139 1 1 288 289 0 0 0 0 33 2023
WIT 9 288 289 291 283 283 339 0 0 1 294 0 -1 0 0 0 32002 32002 0 0 0 0 0 24
WIT 8 288 289 295 288 308 2023 0 0 0 32002 0 -1 0 0 0 32002 32002 0 0 0 0 0 0
WIT 7 288 289 298 292 394 2023 0 0 0 32002 0 -1 0 0 0 32002 32002 0 0 0 0 0 0
WIT 9 288 289 274 257 254 0 0 0 0 289 0 -1 0 0 0 32002 32002 0 0 0 0 0 991
WIT 10 288 289 360 351 355 353 1 0 0 32002 0 -1 0 0 0 32002 32002 0 0 0 0 0 0
WIT 10 288 289 285 266 241 0 0 0 0 289 0 -1 0 0 0 32002 32002 0 0 0 0 0 1569
WIT 10 288 289 274 255 258 991 0 0 1 293 0 -1 0 0 0 32002 32002 0 0 0 0 0 339
WIT 8 288 289 274 259 230 0 0 0 0 289 0 -1 0 0 0 32002 32002 0 0 0 0 0 1048
WIT 10 288 289 274 255 248 0 0 0 0 289 0 -1 0 0 0 32002 32002 0 0 0 0 0 353
WIT 8 288 289 274 259 263 658 0 0 1 289 0 -1 0 0 0 32002 32002 0 0 0 0 0 721
WIT 7 288 289 259 253 317 991 0 0 0 32002 0 -1 0 0 0 32002 32002 0 0 0 0 0 0
WIT 7 288 289 274 261 255 0 0 0 0 289 0 -1 0 0 0 32002 32002 0 0 0 0 0 405
WIT 7 288 289 396 390 413 1828 0 0 0 32002 0 -1 0 0 0 32002 32002 0 0 0 0 0 0
WIT 6 288 289 295 290 316 1048 0 0 0 32002 0 -1 0 0 0 32002 32002 0 0 0 0 0 0
WIT 6 288 289 330 325 362 0 0 0 0 32002 0 -1 0 0 0 32002 32002 0 0 0 0 0 0
WIT 6 288 289 283 278 321 0 0 0 0 32002 0 -1 0 0 0 32002 32002 0 0 0 0 0 0
WIT 6 288 289 315 310 341 0 0 0 0 32002 0 -1 0 0 0 32002 32002 0 0 0 0 0 0
WIT 6 288 289 275 270 280 0 0 0 0 450 0 -1 0 0 0 32002 32002 0 0 0 0 0 1177
WIT 6 288 289 274 269 64 0 0 0 0 287 0 -1 0 0 0 32002 32002 0 0 0 0 0 0
WIT 6 -283 -282 -197 -202 -202 3699 0 0 0 32002 0 -1 0 0 0 32002 32002 0 0 0 0 0 0
WIT 7 288 289 328 322 356 0 0 0 0 32002 0 -1 0 0 0 32002 32002 0 0 0 0 0 0
WIT 9 288 289 274 266 302 0 0 0 0 32002 0 -1 0 0 0 32002 32002 0 0 0 0 0 0
WIT 9 288 289 277 269 285 2023 0 0 1 289 0 -1 0 0 0 32002 32002 0 0 0 0 0 24
WIT 7 288 289 287 281 325 0 0 0 0 32002 0 -1 0 0 0 32002 32002 0 0 0 0 0 0
WIT 8 288 289 289 274 234 0 0 0 0 289 0 -1 0 0 0 32002 32002 0 0 0 0 0 1828
WIT 7 288 289 298 292 316 2023 0 0 0 32002 0 -1 0 0 0 32002 32002 0 0 0 0 0 0
WIT 7 288 289 293 287 259 0 0 0 0 299 0 -1 0 0 0 32002 32002 0 0 0 0 0 1828
WIT 12 288 289 292 269 269 991 0 0 1 290 0 -1 0 0 0 32002 32002 0 0 0 0 0 339
WIT 6 288 289 301 296 300 658 0 0 0 32002 0 -1 0 0 0 32002 32002 0 0 0 0 0 0
WIT 11 288 289 289 268 246 0 0 0 0 289 0 -1 0 0 0 32002 32002 0 0 0 0 0 1048
WIT 8 288 289 247 240 282 0 0 0 0 377 0 -1 0 0 0 32002 32002 0 0 0 0 0 353
WIT 8 288 289 259 252 279 1828 0 0 1 289 0 -1 0 0 0 32002 32002 0 0 0 0 0 1048
WIT 10 288 289 289 270 258 0 0 0 0 289 0 -1 0 0 0 32002 32002 0 0 0 0 0 405
WIT 7 288 289 287 281 290 721 0 0 0 32002 0 -1 0 0 0 32002 32002 0 0 0 0 0 0
WIT 8 288 289 278 271 306 0 0 0 0 32002 0 -1 0 0 0 32002 32002 0 0 0 0 0 0
WIT 8 288 289 396 389 413 1828 0 0 0 32002 0 -1 0 0 0 32002 32002 0 0 0 0 0 0
WIT 8 288 289 323 316 375 0 0 0 0 32002 0 -1 0 0 0 32002 32002 0 0 0 0 0 0
WIT 8 288 289 337 330 398 0 0 0 0 32002 0 -1 0 0 0 32002 32002 0 0 0 0 0 0
WIT 8 288 289 283 276 322 0 0 0 0 32002 0 -1 0 0 0 32002 32002 0 0 0 0 0 0
WIT 8 288 289 316 309 327 0 0 0 0 32002 0 -1 0 0 0 32002 32002 0 0 0 0 0 0
WIT 8 288 289 315 308 341 0 0 0 0 32002 0 -1 0 0 0 32002 32002 0 0 0 0 0 0
WIT 7 288 289 330 324 362 0 0 0 0 32002 0 -1 0 0 0 32002 32002 0 0 0 0 0 0
WIT 7 300 301 323 317 341 0 0 0 0 32002 0 -1 0 0 0 32002 32002 0 0 0 0 0 0
WIT 9 300 301 289 272 333 405 0 0 0 32002 0 -1 0 0 0 32002 32002 0 0 0 0 0 0
WIT 10 300 301 289 270 314 658 0 0 0 32002 0 -1 0 0 0 32002 32002 0 0 0 0 0 0
WIT 8 300 301 328 321 356 0 0 0 0 32002 0 -1 0 0 0 32002 32002 0 0 0 0 0 0
WIT 6 300 301 324 319 363 0 0 0 0 32002 0 -1 0 0 0 32002 32002 0 0 0 0 0 0
WIT 6 300 301 353 348 369 0 0 0 0 32002 0 -1 0 0 0 32002 32002 0 0 0 0 0 0
WIT 7 300 301 294 288 287 0 0 0 0 301 0 -1 0 0 0 32002 32002 0 0 0 0 0 2543
WIT 6 300 301 289 284 317 0 0 0 0 32002 0 -1 0 0 0 32002 32002 0 0 0 0 0 0
WIT 6 300 301 301 296 335 339 0 0 0 32002 0 -1 0 0 0 32002 32002 0 0 0 0 0 0
WIT 9 300 301 289 272 250 0 0 0 0 301 0 -1 0 0 0 32002 32002 0 0 0 0 0 2023
WIT 6 300 301 289 284 242 0 0 0 0 300 0 -1 0 0 0 32002 32002 0 0 0 0 0 0
WIT 11 300 301 289 279 288 2023 0 0 1 300 1 1 20710 1 1 300 381 0 0 0 0 129 2023
WIT 9 300 301 274 266 306 0 0 0 0 32002 0 -1 0 0 0 32002 32002 0 0 0 0 0 0
WIT 8 300 301 287 280 329 0 0 0 0 32002 0 -1 0 0 0 32002 32002 0 0 0 0 0 0
WIT 6 300 301 409 404 319 0 0 0 0 338 0 -1 0 0 0 32002 32002 0 0 0 0 0 926
WIT 10 300 301 289 270 236 0 0 0 0 306 0 -1 0 0 0 32002 32002 0 0 0 0 0 1828
WIT 9 300 301 293 285 287 339 0 0 1 317 0 -1 0 0 0 32002 32002 0 0 0 0 0 24
WIT 8 300 301 313 306 339 0 0 0 0 32002 0 -1 0 0 0 32002 32002 0 0 0 0 0 0
WIT 7 300 301 290 277 260 0 0 0 0 313 0 -1 0 0 0 32002 32002 0 0 0 0 0 1828
WIT 7 300 301 298 292 316 2023 0 0 0 32002 0 -1 0 0 0 32002 32002 0 0 0 0 0 0
WIT 6 300 301 295 290 295 0 0 0 0 304 0 -1 0 0 0 32002 32002 0 0 0 0 0 24
WIT 6 300 301 289 284 324 0 0 0 0 32002 0 -1 0 0 0 32002 32002 0 0 0 0 0 0
WIT 6 300 301 295 290 329 0 0 0 0 32002 0 -1 0 0 0 32002 32002 0 0 0 0 0 0
WIT 8 300 301 289 274 262 0 0 0 0 301 0 -1 0 0 0 32002 32002 0 0 0 0 0 991
WIT 9 300 301 290 273 259 0 0 0 0 289 0 -1 0 0 0 32002 32002 0 0 0 0 0 0
WIT 8 300 301 289 274 273 0 0 0 0 290 0 -1 0 0 0 32002 32002 0 0 0 0 0 0
WIT 7 300 301 289 276 253 0 0 0 0 291 0 -1 0 0 0 32002 32002 0 0 0 0 0 0
WIT 7 -288 -287 -180 -186 -358 0 0 0 0 -287 0 -1 0 0 0 32002 32002 0 0 0 0 0 3483
WIT 6 -288 -287 -217 -222 -274 0 0 0 0 -287 0 -1 0 0 0 32002 32002 0 0 0 0 0 3958
WIT 6 -288 -287 -169 -174 -151 3307 0 0 0 32002 0 -1 0 0 0 32002 32002 0 0 0 0 0 0
WIT 8 277 301 289 282 282 405 0 0 1 287 1 1 39548 1 1 287 287 0 0 0 0 22 1048
WIT 6 286 287 455 450 469 0 0 0 0 32002 0 -1 0 0 0 32002 32002 0 0 0 0 0 0
WIT 6 286 287 396 391 411 1828 0 0 0 32002 0 -1 0 0 0 32002 32002 0 0 0 0 0 0
WIT 6 286 287 278 273 312 0 0 0 0 32002 0 -1 0 0 0 32002 32002 0 0 0 0 0 0
WIT 7 -288 -287 -173 -186 -180 3112 0 0 0 32002 0 -1 0 0 0 32002 32002 0 0 0 0 0 0
WIT 6 -288 -287 -180 -185 -186 0 0 0 0 -184 0 -1 0 0 0 32002 32002 0 0 0 0 0 3164
WIT 6 -288 -287 -206 -211 -200 3112 0 0 0 32002 0 -1 0 0 0 32002 32002 0 0 0 0 0 0
WIT 7 -288 -287 -208 -214 -195 3164 1 0 0 32002 0 -1 0 0 0 32002 32002 0 0 0 0 0 0
WIT 6 -288 -287 -201 -206 -178 3112 0 0 0 32002 0 -1 0 0 0 32002 32002 0 0 0 0 0 0
WIT 7 -288 -287 -169 -175 -158 3164 1 0 0 32002 0 -1 0 0 0 32002 32002 0 0 0 0 0 0
WIT 7 -288 -287 -195 -201 -203 0 0 0 0 -282 0 -1 0 0 0 32002 32002 0 0 0 0 0 3112
WIT 7 -288 -287 -211 -217 -200 3112 0 0 0 32002 0 -1 0 0 0 32002 32002 0 0 0 0 0 0

===========================
Total time (ms) : 22
Nodes searched  : 18365
Nodes/second    : 834772
