
Position: 1/1 (r3kb1r/pppqpppp/3p1n2/8/3PP3/2P2P1b/PPB2P1P/RNBQK1R1 w Qkq - 3 9)
WIT 6 -223 -222 -202 -207 -234 0 0 0 0 -222 0 -1 0 0 0 32002 32002 0 0 0 0 0 3502
WIT 6 -196 -195 -222 -227 -179 3502 0 0 0 32002 0 -1 0 0 0 32002 32002 0 0 0 0 0 0
WIT 6 -138 -137 -134 -139 -121 3242 0 0 0 32002 0 -1 0 0 0 32002 32002 0 0 0 0 0 0
WIT 6 -138 -137 -154 -159 -157 3502 0 0 1 -136 0 -1 0 0 0 32002 32002 0 0 0 0 0 3242
WIT 7 -115 -114 -136 -142 -80 3502 0 0 0 32002 0 -1 0 0 0 32002 32002 0 0 0 0 0 0
WIT 6 -115 -114 -134 -139 -121 3242 0 0 1 -105 0 -1 0 0 0 32002 32002 0 0 0 0 0 3502
WIT 7 -84 -83 -136 -142 -80 3502 0 0 0 32002 0 -1 0 0 0 32002 32002 0 0 0 0 0 0
WIT 8 122 123 130 115 83 0 0 0 0 123 0 -1 0 0 0 32002 32002 0 0 0 0 0 204
WIT 8 122 123 153 138 99 0 0 0 0 123 0 -1 0 0 0 32002 32002 0 0 0 0 0 82
WIT 7 122 123 119 113 113 148 0 0 1 123 0 -1 0 0 0 32002 32002 0 0 0 0 0 82
WIT 10 128 129 123 114 126 1373 0 0 1 124 1 2 411 1 1 128 140 1 0 1 0 123 1373
WIT 6 128 129 159 154 169 0 0 0 0 32002 0 -1 0 0 0 32002 32002 0 0 0 0 0 0
WIT 9 128 129 123 106 102 0 0 0 0 129 0 -1 0 0 0 32002 32002 0 0 0 0 0 204
WIT 8 128 129 123 108 100 0 0 0 0 129 0 -1 0 0 0 32002 32002 0 0 0 0 0 148
WIT 10 128 129 123 114 117 204 0 0 1 129 0 -1 0 0 0 32002 32002 0 0 0 0 0 148
WIT 7 128 129 123 117 119 166 0 0 1 129 0 -1 0 0 0 32002 32002 0 0 0 0 0 148
WIT 7 128 129 123 110 93 0 0 0 0 129 0 -1 0 0 0 32002 32002 0 0 0 0 0 82
WIT 6 128 129 123 118 140 148 0 0 0 32002 0 -1 0 0 0 32002 32002 0 0 0 0 0 0
WIT 7 136 137 137 131 116 0 0 0 0 136 0 -1 0 0 0 32002 32002 0 0 0 0 0 0
WIT 6 136 137 129 124 123 0 0 0 0 136 0 -1 0 0 0 32002 32002 0 0 0 0 0 0
WIT 7 -117 -116 -136 -142 -137 53055 0 0 1 -117 1 1 19550 1 1 -117 -104 0 0 0 0 33 53055
WIT 6 127 128 123 118 141 148 0 0 0 32002 0 -1 0 0 0 32002 32002 0 0 0 0 0 0
WIT 7 133 134 128 115 137 82 0 0 0 32002 0 -1 0 0 0 32002 32002 0 0 0 0 0 0
WIT 6 133 134 123 118 141 148 0 0 0 32002 0 -1 0 0 0 32002 32002 0 0 0 0 0 0
WIT 6 -139 -138 -111 -116 -198 0 0 0 0 -120 0 -1 0 0 0 32002 32002 0 0 0 0 0 3242
WIT 6 -139 -138 -151 -156 -142 53055 0 0 1 -138 0 -1 0 0 0 32002 32002 0 0 0 0 0 3364
WIT 6 -139 -138 -144 -149 -175 0 0 0 0 -122 0 -1 0 0 0 32002 32002 0 0 0 0 0 3242
WIT 6 -139 -138 -79 -84 -52 3242 0 0 0 32002 0 -1 0 0 0 32002 32002 0 0 0 0 0 0
WIT 6 -139 -138 -59 -64 -50 3242 0 0 0 32002 0 -1 0 0 0 32002 32002 0 0 0 0 0 0
WIT 6 -139 -138 -90 -95 -93 3242 0 0 0 32002 0 -1 0 0 0 32002 32002 0 0 0 0 0 0
WIT 6 -139 -138 -74 -79 -60 3242 0 0 0 32002 0 -1 0 0 0 32002 32002 0 0 0 0 0 0
WIT 6 -139 -138 -97 -102 -69 3502 0 0 0 32002 0 -1 0 0 0 32002 32002 0 0 0 0 0 0
WIT 6 -139 -138 -114 -119 -88 3502 0 0 0 32002 0 -1 0 0 0 32002 32002 0 0 0 0 0 0
WIT 6 -139 -138 -108 -113 -68 3502 0 0 0 32002 0 -1 0 0 0 32002 32002 0 0 0 0 0 0
WIT 9 -139 -138 -138 -155 -156 0 0 0 0 -139 0 -1 0 0 0 32002 32002 0 0 0 0 0 0
WIT 8 -139 -138 -96 -111 -150 0 0 0 0 -139 0 -1 0 0 0 32002 32002 0 0 0 0 0 0
WIT 8 124 125 154 147 118 0 0 0 0 124 0 -1 0 0 0 32002 32002 0 0 0 0 0 203
WIT 7 124 125 151 145 144 0 0 0 0 125 0 -1 0 0 0 32002 32002 0 0 0 0 0 82
WIT 7 124 125 144 131 137 204 0 0 0 32002 0 -1 0 0 0 32002 32002 0 0 0 0 0 0
WIT 8 124 125 144 129 136 204 0 0 0 32002 0 -1 0 0 0 32002 32002 0 0 0 0 0 0
WIT 6 124 125 155 150 167 203 0 0 0 32002 0 -1 0 0 0 32002 32002 0 0 0 0 0 0
WIT 7 119 120 125 112 121 203 0 0 0 32002 0 -1 0 0 0 32002 32002 0 0 0 0 0 0
WIT 6 130 131 214 209 240 0 0 0 0 32002 0 -1 0 0 0 32002 32002 0 0 0 0 0 0
WIT 7 130 131 131 118 133 203 0 0 0 32002 0 -1 0 0 0 32002 32002 0 0 0 0 0 0
WIT 7 130 131 155 149 162 203 0 0 0 32002 0 -1 0 0 0 32002 32002 0 0 0 0 0 0
WIT 8 -131 -119 -138 -145 -152 0 0 0 0 -131 0 -1 0 0 0 32002 32002 0 0 0 0 0 0
WIT 7 138 139 131 125 125 664 0 0 1 139 0 -1 0 0 0 32002 32002 0 0 0 0 0 148
WIT 9 138 139 131 114 134 82 0 0 1 139 0 -1 0 0 0 32002 32002 0 0 0 0 0 148
WIT 7 138 139 131 125 125 148 0 0 1 139 0 -1 0 0 0 32002 32002 0 0 0 0 0 82
WIT 8 148 149 139 124 135 82 0 0 1 150 0 -1 0 0 0 32002 32002 0 0 0 0 0 148
WIT 7 148 149 139 133 141 148 0 0 1 154 0 -1 0 0 0 32002 32002 0 0 0 0 0 82
WIT 7 161 162 149 136 138 82 0 0 1 161 1 1 43223 1 1 161 162 0 0 0 0 9 82
WIT 6 161 162 153 148 168 148 0 0 0 32002 0 -1 0 0 0 32002 32002 0 0 0 0 0 0
WIT 6 178 179 153 148 168 148 0 0 1 179 0 -1 0 0 0 32002 32002 0 0 0 0 0 82
WIT 6 189 190 179 174 177 148 0 0 1 199 0 -1 0 0 0 32002 32002 0 0 0 0 0 82
WIT 6 193 194 134 129 129 1892 1 0 0 194 0 -1 0 0 0 32002 32002 0 0 0 0 0 1764
WIT 6 193 194 125 120 120 1764 1 0 0 206 0 -1 0 0 0 32002 32002 0 0 0 0 0 203
WIT 8 193 194 214 207 247 0 0 0 0 32002 0 -1 0 0 0 32002 32002 0 0 0 0 0 0
WIT 6 193 194 170 165 211 1373 0 0 0 32002 0 -1 0 0 0 32002 32002 0 0 0 0 0 0
WIT 6 193 194 218 213 233 204 0 0 0 32002 0 -1 0 0 0 32002 32002 0 0 0 0 0 0
WIT 6 193 194 199 194 194 1764 1 0 0 32002 0 -1 0 0 0 32002 32002 0 0 0 0 0 0
WIT 9 193 194 194 177 182 204 0 0 1 194 0 -1 0 0 0 32002 32002 0 0 0 0 0 148
WIT 7 193 194 194 188 187 0 0 0 0 193 0 -1 0 0 0 32002 32002 0 0 0 0 0 1327
WIT 6 193 194 125 120 119 0 0 0 0 194 0 -1 0 0 0 32002 32002 0 0 0 0 0 49408
WIT 6 193 194 204 199 152 0 0 0 0 194 0 -1 0 0 0 32002 32002 0 0 0 0 0 203
WIT 9 201 202 140 132 140 1699 1 0 0 234 0 -1 0 0 0 32002 32002 0 0 0 0 0 1828
WIT 8 201 202 139 132 131 0 0 0 0 202 0 -1 0 0 0 32002 32002 0 0 0 0 0 1373
WIT 7 201 202 205 199 173 0 0 0 0 201 0 -1 0 0 0 32002 32002 0 0 0 0 0 0
WIT 7 201 202 194 181 178 0 0 0 0 201 0 -1 0 0 0 32002 32002 0 0 0 0 0 0
WIT 9 -187 -186 -136 -144 -169 0 0 0 0 -186 0 -1 0 0 0 32002 32002 0 0 0 0 0 3364
WIT 6 -187 -186 -149 -154 -198 0 0 0 0 -187 0 -1 0 0 0 32002 32002 0 0 0 0 0 0
WIT 6 186 187 117 112 112 148 0 0 1 128 1 1 57698 1 1 186 186 0 0 0 0 2 0
WIT 8 -187 -186 -105 -112 -113 0 0 0 0 -187 0 -1 0 0 0 32002 32002 0 0 0 0 0 3364
WIT 6 -187 -186 -171 -176 -187 0 0 0 0 -184 0 -1 0 0 0 32002 32002 0 0 0 0 0 2910
WIT 7 -187 -186 -96 -102 -103 0 0 0 0 -187 0 -1 0 0 0 32002 32002 0 0 0 0 0 0
WIT 8 201 202 214 207 253 0 0 0 0 32002 0 -1 0 0 0 32002 32002 0 0 0 0 0 0
WIT 7 201 202 194 188 224 1373 0 0 0 32002 0 -1 0 0 0 32002 32002 0 0 0 0 0 0
WIT 7 201 202 194 181 180 0 0 0 0 201 0 -1 0 0 0 32002 32002 0 0 0 0 0 1373
WIT 7 201 202 219 213 213 1373 0 0 0 32002 0 -1 0 0 0 32002 32002 0 0 0 0 0 0
WIT 8 201 202 204 197 197 1373 0 0 1 206 0 -1 0 0 0 32002 32002 0 0 0 0 0 148
WIT 7 201 202 201 195 194 0 0 0 0 205 0 -1 0 0 0 32002 32002 0 0 0 0 0 204
WIT 6 201 202 194 189 193 1764 1 0 0 202 0 -1 0 0 0 32002 32002 0 0 0 0 0 148
WIT 7 201 202 194 188 188 204 0 0 1 206 0 -1 0 0 0 32002 32002 0 0 0 0 0 148
WIT 7 201 202 194 188 256 204 0 0 0 32002 0 -1 0 0 0 32002 32002 0 0 0 0 0 0
WIT 7 201 202 218 212 212 204 0 0 0 32002 0 -1 0 0 0 32002 32002 0 0 0 0 0 0
WIT 8 186 202 194 187 189 148 0 0 1 202 0 -1 0 0 0 32002 32002 0 0 0 0 0 82
WIT 11 201 202 194 173 173 148 0 0 1 202 0 -1 0 0 0 32002 32002 0 0 0 0 0 82
WIT 9 201 202 202 194 259 0 0 0 0 32002 0 -1 0 0 0 32002 32002 0 0 0 0 0 0
WIT 8 201 202 194 187 192 148 0 0 1 202 0 -1 0 0 0 32002 32002 0 0 0 0 0 82
WIT 8 201 202 215 208 214 148 0 0 0 32002 0 -1 0 0 0 32002 32002 0 0 0 0 0 0
WIT 7 201 202 194 188 194 148 0 0 1 205 0 -1 0 0 0 32002 32002 0 0 0 0 0 82
WIT 7 201 202 259 253 320 148 0 0 0 32002 0 -1 0 0 0 32002 32002 0 0 0 0 0 0
WIT 7 201 202 239 233 254 148 0 0 0 32002 0 -1 0 0 0 32002 32002 0 0 0 0 0 0
WIT 8 201 202 194 187 189 148 0 0 1 202 0 -1 0 0 0 32002 32002 0 0 0 0 0 82
WIT 7 201 202 214 208 249 148 0 0 0 32002 0 -1 0 0 0 32002 32002 0 0 0 0 0 0
WIT 7 201 202 260 254 284 148 0 0 0 32002 0 -1 0 0 0 32002 32002 0 0 0 0 0 0
WIT 7 201 202 214 208 214 148 0 0 0 32002 0 -1 0 0 0 32002 32002 0 0 0 0 0 0
WIT 7 211 212 202 189 250 1893 0 0 0 32002 0 -1 0 0 0 32002 32002 0 0 0 0 0 0
WIT 7 211 212 223 217 217 853 0 0 0 32002 0 -1 0 0 0 32002 32002 0 0 0 0 0 0
WIT 9 211 212 204 187 187 211 0 0 1 219 0 -1 0 0 0 32002 32002 0 0 0 0 0 204
WIT 7 211 212 214 208 253 0 0 0 0 32002 0 -1 0 0 0 32002 32002 0 0 0 0 0 0
WIT 7 211 212 202 189 189 148 0 0 1 212 0 -1 0 0 0 32002 32002 0 0 0 0 0 1373
WIT 7 211 212 202 196 200 1764 1 0 0 219 0 -1 0 0 0 32002 32002 0 0 0 0 0 148
WIT 6 211 212 275 270 281 211 0 0 0 32002 0 -1 0 0 0 32002 32002 0 0 0 0 0 0
WIT 6 211 212 194 189 189 1373 0 0 1 212 0 -1 0 0 0 32002 32002 0 0 0 0 0 148
WIT 6 211 212 219 214 214 1373 0 0 0 32002 0 -1 0 0 0 32002 32002 0 0 0 0 0 0
WIT 6 211 212 194 189 189 1373 0 0 1 212 0 -1 0 0 0 32002 32002 0 0 0 0 0 148
WIT 6 211 212 194 189 189 1373 0 0 1 212 0 -1 0 0 0 32002 32002 0 0 0 0 0 148
WIT 6 211 212 205 200 216 204 0 0 0 32002 0 -1 0 0 0 32002 32002 0 0 0 0 0 0
WIT 7 192 212 202 196 189 0 0 0 0 212 0 -1 0 0 0 32002 32002 0 0 0 0 0 82
WIT 10 211 212 202 183 186 148 0 0 1 212 0 -1 0 0 0 32002 32002 0 0 0 0 0 82
WIT 8 211 212 202 195 204 148 0 0 1 218 0 -1 0 0 0 32002 32002 0 0 0 0 0 82
WIT 8 211 212 202 195 263 0 0 0 0 32002 0 -1 0 0 0 32002 32002 0 0 0 0 0 0
WIT 7 211 212 215 209 214 148 0 0 0 32002 0 -1 0 0 0 32002 32002 0 0 0 0 0 0
WIT 7 211 212 204 198 201 148 0 0 1 231 0 -1 0 0 0 32002 32002 0 0 0 0 0 82
WIT 7 211 212 203 197 197 211 0 0 1 215 0 -1 0 0 0 32002 32002 0 0 0 0 0 204
WIT 6 211 212 259 254 313 148 0 0 0 32002 0 -1 0 0 0 32002 32002 0 0 0 0 0 0
WIT 6 211 212 202 197 197 148 0 0 1 230 0 -1 0 0 0 32002 32002 0 0 0 0 0 82
WIT 7 211 212 202 196 221 148 0 0 0 32002 0 -1 0 0 0 32002 32002 0 0 0 0 0 0
WIT 6 211 212 214 209 245 148 0 0 0 32002 0 -1 0 0 0 32002 32002 0 0 0 0 0 0
WIT 6 211 212 260 255 281 148 0 0 0 32002 0 -1 0 0 0 32002 32002 0 0 0 0 0 0
WIT 6 211 212 214 209 229 148 0 0 0 32002 0 -1 0 0 0 32002 32002 0 0 0 0 0 0
WIT 6 224 225 224 219 241 1373 0 0 0 32002 0 -1 0 0 0 32002 32002 0 0 0 0 0 0
WIT 7 224 225 212 199 199 148 0 0 1 228 0 -1 0 0 0 32002 32002 0 0 0 0 0 1373
WIT 9 224 225 212 195 195 148 0 0 1 227 0 -1 0 0 0 32002 32002 0 0 0 0 0 82
WIT 7 224 225 217 211 216 148 0 0 1 225 0 -1 0 0 0 32002 32002 0 0 0 0 0 82
WIT 6 224 225 215 210 214 148 0 0 1 225 0 -1 0 0 0 32002 32002 0 0 0 0 0 82
WIT 6 224 225 202 197 268 0 0 0 0 32002 0 -1 0 0 0 32002 32002 0 0 0 0 0 0
WIT 6 224 225 214 209 221 211 0 0 1 225 0 -1 0 0 0 32002 32002 0 0 0 0 0 204
WIT 6 224 225 259 254 328 148 0 0 0 32002 0 -1 0 0 0 32002 32002 0 0 0 0 0 0
WIT 6 224 225 202 197 219 148 0 0 1 229 0 -1 0 0 0 32002 32002 0 0 0 0 0 82
WIT 6 223 224 194 189 189 1892 1 0 0 230 0 -1 0 0 0 32002 32002 0 0 0 0 0 1764
WIT 7 223 224 226 220 220 853 0 0 1 229 0 -1 0 0 0 32002 32002 0 0 0 0 0 211
WIT 6 223 224 234 229 203 0 0 0 0 247 0 -1 0 0 0 32002 32002 0 0 0 0 0 1762
WIT 6 223 224 227 222 241 853 0 0 0 32002 0 -1 0 0 0 32002 32002 0 0 0 0 0 0
WIT 6 223 224 212 207 261 1892 1 0 0 32002 0 -1 0 0 0 32002 32002 0 0 0 0 0 0
WIT 8 223 224 225 210 213 211 0 0 1 225 0 -1 0 0 0 32002 32002 0 0 0 0 0 204
WIT 7 223 224 227 214 218 204 0 0 1 228 0 -1 0 0 0 32002 32002 0 0 0 0 0 1373
WIT 8 223 224 227 212 216 204 0 0 1 224 0 -1 0 0 0 32002 32002 0 0 0 0 0 1373
WIT 8 223 224 256 249 249 243 1 0 0 32002 0 -1 0 0 0 32002 32002 0 0 0 0 0 0
WIT 7 223 224 225 219 219 1373 0 0 1 224 0 -1 0 0 0 32002 32002 0 0 0 0 0 82
WIT 7 223 224 259 253 202 0 0 0 0 224 0 -1 0 0 0 32002 32002 0 0 0 0 0 82
WIT 6 223 224 225 220 229 211 0 0 0 32002 0 -1 0 0 0 32002 32002 0 0 0 0 0 0
WIT 6 223 224 228 223 432 1373 0 0 0 32002 0 -1 0 0 0 32002 32002 0 0 0 0 0 0
WIT 8 223 224 263 256 274 1373 0 0 0 32002 0 -1 0 0 0 32002 32002 0 0 0 0 0 0
WIT 7 223 224 228 222 220 0 0 0 0 274 0 -1 0 0 0 32002 32002 0 0 0 0 0 82
WIT 6 223 224 265 260 260 1373 0 0 0 32002 0 -1 0 0 0 32002 32002 0 0 0 0 0 0
WIT 6 223 224 214 209 209 204 0 0 1 225 0 -1 0 0 0 32002 32002 0 0 0 0 0 82
WIT 7 223 224 286 280 264 0 0 0 0 225 0 -1 0 0 0 32002 32002 0 0 0 0 0 82
WIT 8 215 233 226 219 312 1893 0 0 0 32002 0 -1 0 0 0 32002 32002 0 0 0 0 0 0
WIT 6 232 233 252 247 162 0 0 0 0 282 0 -1 0 0 0 32002 32002 0 0 0 0 0 853
WIT 10 232 233 244 225 202 0 0 0 0 233 0 -1 0 0 0 32002 32002 0 0 0 0 0 1762
WIT 7 232 233 230 224 222 0 0 0 0 248 0 -1 0 0 0 32002 32002 0 0 0 0 0 1828
WIT 7 232 233 231 225 210 0 0 0 0 260 0 -1 0 0 0 32002 32002 0 0 0 0 0 853
WIT 9 232 233 228 220 219 0 0 0 0 233 0 -1 0 0 0 32002 32002 0 0 0 0 0 211
WIT 8 232 233 293 286 286 1828 0 0 0 32002 0 -1 0 0 0 32002 32002 0 0 0 0 0 0
WIT 8 232 233 248 241 259 1893 0 0 0 32002 0 -1 0 0 0 32002 32002 0 0 0 0 0 0
WIT 8 232 233 224 217 267 1893 0 0 0 32002 0 -1 0 0 0 32002 32002 0 0 0 0 0 0
WIT 8 232 233 257 250 288 1893 0 0 0 32002 0 -1 0 0 0 32002 32002 0 0 0 0 0 0
WIT 9 232 233 212 204 272 1892 1 0 0 32002 0 -1 0 0 0 32002 32002 0 0 0 0 0 0
WIT 8 232 233 284 277 312 1893 0 0 0 32002 0 -1 0 0 0 32002 32002 0 0 0 0 0 0
WIT 8 232 233 256 249 272 1893 0 0 0 32002 0 -1 0 0 0 32002 32002 0 0 0 0 0 0
WIT 8 232 233 280 273 321 1893 0 0 0 32002 0 -1 0 0 0 32002 32002 0 0 0 0 0 0
WIT 8 232 233 260 253 286 211 0 0 0 32002 0 -1 0 0 0 32002 32002 0 0 0 0 0 0
WIT 6 232 233 237 232 531 1893 0 0 0 32002 0 -1 0 0 0 32002 32002 0 0 0 0 0 0
WIT 8 232 233 234 227 220 0 0 0 0 233 0 -1 0 0 0 32002 32002 0 0 0 0 0 204
WIT 8 215 233 224 217 205 0 0 0 0 233 0 -1 0 0 0 32002 32002 0 0 0 0 0 1373
WIT 11 232 233 249 239 239 1373 0 0 0 32002 0 -1 0 0 0 32002 32002 0 0 0 0 0 0
WIT 6 232 233 205 200 222 1373 0 0 1 233 0 -1 0 0 0 32002 32002 0 0 0 0 0 148
WIT 9 232 233 224 207 212 211 0 0 1 233 0 -1 0 0 0 32002 32002 0 0 0 0 0 204
WIT 8 232 233 229 222 246 1373 0 0 0 32002 0 -1 0 0 0 32002 32002 0 0 0 0 0 0
WIT 7 232 233 228 222 334 0 0 0 0 32002 0 -1 0 0 0 32002 32002 0 0 0 0 0 0
WIT 6 232 233 225 220 221 1764 1 0 0 230 0 -1 0 0 0 32002 32002 0 0 0 0 0 0
WIT 8 -216 -215 -217 -224 -339 0 0 0 0 -196 0 -1 0 0 0 32002 32002 0 0 0 0 0 3242
WIT 7 -216 -215 -232 -238 -239 0 0 0 0 -215 0 -1 0 0 0 32002 32002 0 0 0 0 0 3956
WIT 10 -216 -215 -124 -143 -181 0 0 0 0 -215 0 -1 0 0 0 32002 32002 0 0 0 0 0 3242
WIT 6 -216 -215 -110 -115 -115 3242 0 0 0 32002 0 -1 0 0 0 32002 32002 0 0 0 0 0 0
WIT 8 215 233 224 217 207 0 0 0 0 215 0 -1 0 0 0 32002 32002 0 0 0 0 0 0
WIT 12 -216 -215 -110 -121 -109 3242 0 0 0 32002 0 -1 0 0 0 32002 32002 0 0 0 0 0 0
WIT 6 -216 -215 -122 -127 -133 0 0 0 0 -120 0 -1 0 0 0 32002 32002 0 0 0 0 0 3958
WIT 6 -216 -215 -84 -89 -196 0 0 0 0 -215 0 -1 0 0 0 32002 32002 0 0 0 0 0 3502
WIT 7 232 233 309 303 259 0 0 0 0 333 0 -1 0 0 0 32002 32002 0 0 0 0 0 1893
WIT 7 215 233 216 210 189 0 0 0 0 294 0 -1 0 0 0 32002 32002 0 0 0 0 0 1373
WIT 10 232 233 218 209 208 0 0 0 0 226 0 -1 0 0 0 32002 32002 0 0 0 0 0 0
WIT 7 -216 -215 -225 -231 -157 1509 0 0 0 32002 0 -1 0 0 0 32002 32002 0 0 0 0 0 0
WIT 7 -216 -215 -215 -221 -221 3364 0 0 1 -215 0 -1 0 0 0 32002 32002 0 0 0 0 0 3958
WIT 8 -216 -215 -90 -97 -133 0 0 0 0 -174 0 -1 0 0 0 32002 32002 0 0 0 0 0 3502
WIT 8 -216 -215 -97 -104 -65 3502 0 0 0 32002 0 -1 0 0 0 32002 32002 0 0 0 0 0 0
WIT 8 -216 -215 -114 -121 -85 3502 0 0 0 32002 0 -1 0 0 0 32002 32002 0 0 0 0 0 0
WIT 8 -216 -215 -108 -115 -63 3502 0 0 0 32002 0 -1 0 0 0 32002 32002 0 0 0 0 0 0
WIT 8 -216 -215 -72 -79 -28 3502 0 0 0 32002 0 -1 0 0 0 32002 32002 0 0 0 0 0 0
WIT 8 -216 -215 -91 -98 -122 0 0 0 0 -208 0 -1 0 0 0 32002 32002 0 0 0 0 0 3502
WIT 9 -216 -215 -106 -114 -112 3242 0 0 0 32002 0 -1 0 0 0 32002 32002 0 0 0 0 0 0
WIT 7 -216 -215 -105 -111 -114 0 0 0 0 -107 0 -1 0 0 0 32002 32002 0 0 0 0 0 2268
WIT 9 -216 -215 -226 -234 -272 0 0 0 0 -170 0 -1 0 0 0 32002 32002 0 0 0 0 0 1502
WIT 9 -216 -215 -225 -233 -153 1509 0 0 0 32002 0 -1 0 0 0 32002 32002 0 0 0 0 0 0
WIT 8 -216 -215 -226 -233 -236 0 0 0 0 -215 0 -1 0 0 0 32002 32002 0 0 0 0 0 2787
WIT 8 -216 -215 -83 -90 -108 0 0 0 0 -155 0 -1 0 0 0 32002 32002 0 0 0 0 0 3502
WIT 8 -216 -215 -114 -121 -80 3502 0 0 0 32002 0 -1 0 0 0 32002 32002 0 0 0 0 0 0
WIT 8 -216 -215 -114 -121 -94 2919 0 0 0 32002 0 -1 0 0 0 32002 32002 0 0 0 0 0 0
WIT 8 -216 -215 -109 -116 -119 0 0 0 0 -139 0 -1 0 0 0 32002 32002 0 0 0 0 0 2788
WIT 8 -216 -215 -59 -66 -49 3242 0 0 0 32002 0 -1 0 0 0 32002 32002 0 0 0 0 0 0
WIT 8 -216 -215 -144 -151 -82 3502 0 0 0 32002 0 -1 0 0 0 32002 32002 0 0 0 0 0 0
WIT 8 -216 -215 -107 -114 -93 3502 0 0 0 32002 0 -1 0 0 0 32002 32002 0 0 0 0 0 0
WIT 8 -216 -215 -74 -81 -50 3242 0 0 0 32002 0 -1 0 0 0 32002 32002 0 0 0 0 0 0
WIT 7 214 215 221 215 207 0 0 0 0 317 0 -1 0 0 0 32002 32002 0 0 0 0 0 1764
WIT 7 214 215 236 230 220 0 0 0 0 254 0 -1 0 0 0 32002 32002 0 0 0 0 0 1764
WIT 7 214 215 248 242 248 0 0 0 0 32002 0 -1 0 0 0 32002 32002 0 0 0 0 0 0
WIT 8 214 215 194 187 186 0 0 0 0 215 0 -1 0 0 0 32002 32002 0 0 0 0 0 1327
WIT 7 214 215 285 279 281 731 1 0 0 32002 0 -1 0 0 0 32002 32002 0 0 0 0 0 0
WIT 9 214 215 194 186 175 0 0 0 0 215 0 -1 0 0 0 32002 32002 0 0 0 0 0 49408
WIT 7 214 215 194 188 187 0 0 0 0 218 0 -1 0 0 0 32002 32002 0 0 0 0 0 49408
WIT 7 214 215 194 188 188 1373 0 0 1 217 0 -1 0 0 0 32002 32002 0 0 0 0 0 203
WIT 8 -215 -203 -215 -222 -266 0 0 0 0 -215 0 -1 0 0 0 32002 32002 0 0 0 0 0 0
WIT 7 214 215 253 247 276 211 0 0 0 32002 0 -1 0 0 0 32002 32002 0 0 0 0 0 0
WIT 9 214 215 229 221 221 1892 1 0 0 32002 0 -1 0 0 0 32002 32002 0 0 0 0 0 0
WIT 6 214 215 222 217 287 1893 0 0 0 32002 0 -1 0 0 0 32002 32002 0 0 0 0 0 0
WIT 6 214 215 243 238 307 1893 0 0 0 32002 0 -1 0 0 0 32002 32002 0 0 0 0 0 0
WIT 11 214 215 233 212 212 853 0 0 1 233 0 -1 0 0 0 32002 32002 0 0 0 0 0 211
WIT 6 214 215 293 288 310 1893 0 0 0 32002 0 -1 0 0 0 32002 32002 0 0 0 0 0 0
WIT 6 214 215 257 252 284 1893 0 0 0 32002 0 -1 0 0 0 32002 32002 0 0 0 0 0 0
WIT 6 214 215 284 279 310 204 0 0 0 32002 0 -1 0 0 0 32002 32002 0 0 0 0 0 0
WIT 6 214 215 224 219 278 204 0 0 0 32002 0 -1 0 0 0 32002 32002 0 0 0 0 0 0
WIT 6 214 215 256 251 297 204 0 0 0 32002 0 -1 0 0 0 32002 32002 0 0 0 0 0 0
WIT 6 214 215 280 275 317 204 0 0 0 32002 0 -1 0 0 0 32002 32002 0 0 0 0 0 0
WIT 6 214 215 248 243 257 1893 0 0 0 32002 0 -1 0 0 0 32002 32002 0 0 0 0 0 0
WIT 6 214 215 260 255 308 204 0 0 0 32002 0 -1 0 0 0 32002 32002 0 0 0 0 0 0
WIT 12 214 215 233 210 209 0 0 0 0 215 0 -1 0 0 0 32002 32002 0 0 0 0 0 1373
WIT 10 214 215 229 220 248 1373 0 0 0 32002 0 -1 0 0 0 32002 32002 0 0 0 0 0 0
WIT 6 214 215 205 200 199 0 0 0 0 214 0 -1 0 0 0 32002 32002 0 0 0 0 0 211
WIT 10 214 215 224 205 204 0 0 0 0 215 0 -1 0 0 0 32002 32002 0 0 0 0 0 1373
WIT 9 214 215 233 216 216 211 0 0 0 32002 0 -1 0 0 0 32002 32002 0 0 0 0 0 0
WIT 8 214 215 275 268 276 1373 0 0 0 32002 0 -1 0 0 0 32002 32002 0 0 0 0 0 0
WIT 7 214 215 224 218 276 1373 0 0 0 32002 0 -1 0 0 0 32002 32002 0 0 0 0 0 0
WIT 7 214 215 225 219 223 1373 0 0 0 32002 0 -1 0 0 0 32002 32002 0 0 0 0 0 0
WIT 8 214 215 263 256 274 1373 0 0 0 32002 0 -1 0 0 0 32002 32002 0 0 0 0 0 0
WIT 9 214 215 228 220 328 0 0 0 0 32002 0 -1 0 0 0 32002 32002 0 0 0 0 0 0
WIT 9 -215 -203 -215 -223 -224 0 0 0 0 -215 0 -1 0 0 0 32002 32002 0 0 0 0 0 0
WIT 11 214 215 224 203 228 211 0 0 0 32002 0 -1 0 0 0 32002 32002 0 0 0 0 0 0
WIT 10 214 215 224 205 205 1373 0 0 1 224 0 -1 0 0 0 32002 32002 0 0 0 0 0 82
WIT 10 214 215 246 237 296 0 0 0 0 32002 0 -1 0 0 0 32002 32002 0 0 0 0 0 0
WIT 9 214 215 225 217 217 211 0 0 0 32002 0 -1 0 0 0 32002 32002 0 0 0 0 0 0
WIT 9 214 215 239 231 261 211 0 0 0 32002 0 -1 0 0 0 32002 32002 0 0 0 0 0 0
WIT 9 214 215 227 219 337 406 0 0 0 32002 0 -1 0 0 0 32002 32002 0 0 0 0 0 0
WIT 7 214 215 224 218 263 1373 0 0 0 32002 0 -1 0 0 0 32002 32002 0 0 0 0 0 0
WIT 7 214 215 265 259 292 406 0 0 0 32002 0 -1 0 0 0 32002 32002 0 0 0 0 0 0
WIT 9 214 215 268 251 261 148 0 0 0 32002 0 -1 0 0 0 32002 32002 0 0 0 0 0 0
WIT 9 214 215 224 207 207 148 0 0 1 225 0 -1 0 0 0 32002 32002 0 0 0 0 0 82
WIT 9 214 215 228 220 228 148 0 0 0 32002 0 -1 0 0 0 32002 32002 0 0 0 0 0 0
WIT 10 -215 -203 -215 -224 -285 0 0 0 0 -215 0 -1 0 0 0 32002 32002 0 0 0 0 0 0
WIT 6 -231 -230 -191 -196 -724 0 0 0 0 -211 0 -1 0 0 0 32002 32002 0 0 0 0 0 2788
WIT 9 230 231 215 207 196 0 0 0 0 225 0 -1 0 0 0 32002 32002 0 0 0 0 0 0
WIT 8 230 231 276 261 219 0 0 0 0 230 0 -1 0 0 0 32002 32002 0 0 0 0 0 0
WIT 7 230 231 215 209 208 0 0 0 0 230 0 -1 0 0 0 32002 32002 0 0 0 0 0 0
WIT 9 -204 -203 -166 -174 -125 1523 1 1 0 32002 0 -1 0 0 0 32002 32002 0 0 0 0 0 0
WIT 6 -204 -203 -179 -184 -169 0 0 0 0 32002 0 -1 0 0 0 32002 32002 0 0 0 0 0 0
WIT 8 -204 -203 -205 -212 -487 0 0 0 0 -198 0 -1 0 0 0 32002 32002 0 0 0 0 0 2788
WIT 8 -204 -203 -215 -222 -222 3242 0 0 1 -203 0 -1 0 0 0 32002 32002 0 0 0 0 0 3958
WIT 7 -204 -203 -163 -169 -209 0 0 0 0 -159 0 -1 0 0 0 32002 32002 0 0 0 0 0 2788
WIT 6 -204 -203 -200 -205 -215 0 0 0 0 -210 0 -1 0 0 0 32002 32002 0 0 0 0 0 0
WIT 6 230 231 255 250 226 0 0 0 0 212 0 -1 0 0 0 32002 32002 0 0 0 0 0 0
WIT 7 -204 -203 -215 -228 -226 3958 0 0 1 -200 0 -1 0 0 0 32002 32002 0 0 0 0 0 3956
WIT 6 -204 -203 -215 -220 -220 3242 0 0 1 -203 0 -1 0 0 0 32002 32002 0 0 0 0 0 3958
WIT 6 -204 -203 -215 -220 -221 0 0 0 0 -203 0 -1 0 0 0 32002 32002 0 0 0 0 0 3958
WIT 7 -204 -203 -187 -193 -193 3958 0 0 0 32002 0 -1 0 0 0 32002 32002 0 0 0 0 0 0
WIT 9 -204 -203 -215 -223 -183 3242 0 0 0 32002 0 -1 0 0 0 32002 32002 0 0 0 0 0 0
WIT 8 -204 -203 -215 -230 -238 0 0 0 0 -203 0 -1 0 0 0 32002 32002 0 0 0 0 0 3242
WIT 9 -204 -203 -199 -207 -171 3242 0 0 0 32002 0 -1 0 0 0 32002 32002 0 0 0 0 0 0
WIT 8 -204 -203 -215 -230 -218 3958 0 0 1 -201 0 -1 0 0 0 32002 32002 0 0 0 0 0 3242
WIT 7 -204 -203 -215 -221 -173 3242 0 0 0 32002 0 -1 0 0 0 32002 32002 0 0 0 0 0 0
WIT 8 203 231 215 208 208 1373 0 0 1 203 1 1 7010 1 1 203 203 0 0 0 0 71 0
WIT 10 -204 -203 -215 -234 -234 3364 0 0 1 -203 0 -1 0 0 0 32002 32002 0 0 0 0 0 3502
WIT 10 -204 -203 -110 -119 -109 3242 0 0 0 32002 0 -1 0 0 0 32002 32002 0 0 0 0 0 0
WIT 10 -204 -203 -215 -224 -173 3242 0 0 0 32002 0 -1 0 0 0 32002 32002 0 0 0 0 0 0
WIT 10 -204 -203 -161 -180 -152 3242 0 0 0 32002 0 -1 0 0 0 32002 32002 0 0 0 0 0 0
WIT 7 -204 -203 -169 -182 -182 1502 0 0 0 32002 0 -1 0 0 0 32002 32002 0 0 0 0 0 0
WIT 10 -204 -203 -215 -234 -215 3242 0 0 1 -201 0 -1 0 0 0 32002 32002 0 0 0 0 0 3502
WIT 9 -204 -203 -178 -195 -173 3242 0 0 0 32002 0 -1 0 0 0 32002 32002 0 0 0 0 0 0
WIT 9 -204 -203 -208 -225 -175 3242 0 0 0 32002 0 -1 0 0 0 32002 32002 0 0 0 0 0 0
WIT 8 -204 -203 -158 -165 -108 1509 0 0 0 32002 0 -1 0 0 0 32002 32002 0 0 0 0 0 0
WIT 11 -204 -203 -215 -236 -237 0 0 0 0 -203 0 -1 0 0 0 32002 32002 0 0 0 0 0 3502
WIT 10 -204 -203 -146 -165 -149 2919 0 0 0 32002 0 -1 0 0 0 32002 32002 0 0 0 0 0 0
WIT 6 -203 -202 -185 -190 -216 0 0 0 0 -203 0 -1 0 0 0 32002 32002 0 0 0 0 0 0
WIT 8 -203 -182 -230 -237 -231 2919 0 0 1 -207 1 1 -2964 1 1 -203 -215 0 0 0 0 1 0
WIT 8 -203 -182 -230 -237 -246 0 0 0 0 -203 0 -1 0 0 0 32002 32002 0 0 0 0 0 0
WIT 8 202 203 305 290 243 0 0 0 0 251 0 -1 0 0 0 32002 32002 0 0 0 0 0 1764
WIT 6 202 203 331 326 328 1587 1 0 0 32002 0 -1 0 0 0 32002 32002 0 0 0 0 0 0
WIT 7 202 203 230 217 216 0 0 0 0 209 0 -1 0 0 0 32002 32002 0 0 0 0 0 664
WIT 6 202 203 382 377 387 664 0 0 0 32002 0 -1 0 0 0 32002 32002 0 0 0 0 0 0
WIT 7 202 203 237 231 209 0 0 0 0 231 0 -1 0 0 0 32002 32002 0 0 0 0 0 1307
WIT 9 -203 -202 -184 -192 -206 0 0 0 0 -202 0 -1 0 0 0 32002 32002 0 0 0 0 0 1523
WIT 8 -203 -202 -213 -228 -577 0 0 0 0 -202 0 -1 0 0 0 32002 32002 0 0 0 0 0 2788
WIT 6 202 203 202 197 195 0 0 0 0 203 0 -1 0 0 0 32002 32002 0 0 0 0 0 3062
WIT 6 -203 -202 -219 -224 -282 0 0 0 0 -202 0 -1 0 0 0 32002 32002 0 0 0 0 0 3322
WIT 7 -203 -202 -167 -173 -129 0 0 0 0 32002 0 -1 0 0 0 32002 32002 0 0 0 0 0 0
WIT 7 -203 -202 -212 -218 -384 0 0 0 0 -202 0 -1 0 0 0 32002 32002 0 0 0 0 0 3242
WIT 7 -203 -202 -179 -185 -189 0 0 0 0 -191 0 -1 0 0 0 32002 32002 0 0 0 0 0 53055
WIT 6 -203 -202 -215 -220 -208 3242 0 0 1 -180 0 -1 0 0 0 32002 32002 0 0 0 0 0 53055
WIT 7 -203 -182 -202 -208 -206 3242 0 0 1 -189 1 1 38136 1 1 -189 -203 0 1 0 1 1 53055
WIT 6 -190 -189 -167 -172 -136 0 0 0 0 32002 0 -1 0 0 0 32002 32002 0 0 0 0 0 0
WIT 7 -190 -189 -168 -174 -400 0 0 0 0 -162 0 -1 0 0 0 32002 32002 0 0 0 0 0 3178
WIT 6 -190 -189 -181 -186 -285 0 0 0 0 -189 0 -1 0 0 0 32002 32002 0 0 0 0 0 53055
WIT 7 -190 -189 -192 -205 -205 3242 0 0 1 -188 0 -1 0 0 0 32002 32002 0 0 0 0 0 53055
WIT 7 188 189 220 214 228 664 0 0 0 32002 0 -1 0 0 0 32002 32002 0 0 0 0 0 0
WIT 10 -190 -189 -203 -212 -168 3242 0 0 0 32002 0 -1 0 0 0 32002 32002 0 0 0 0 0 0
WIT 9 -190 -189 -203 -220 -221 0 0 0 0 -196 0 -1 0 0 0 32002 32002 0 0 0 0 0 0
WIT 6 202 203 211 206 112 0 0 0 0 189 0 -1 0 0 0 32002 32002 0 0 0 0 0 0
WIT 6 -190 -189 -181 -186 -270 0 0 0 0 -189 0 -1 0 0 0 32002 32002 0 0 0 0 0 3178
WIT 9 -190 -189 -203 -220 -220 3242 0 0 1 -191 1 1 16071 1 1 -190 -189 0 0 0 0 103 3242
WIT 9 -190 -189 -166 -174 -125 1523 1 1 0 32002 0 -1 0 0 0 32002 32002 0 0 0 0 0 0
WIT 7 -190 -189 -179 -185 -152 0 0 0 0 32002 0 -1 0 0 0 32002 32002 0 0 0 0 0 0
WIT 8 -190 -189 -198 -213 -484 0 0 0 0 -189 0 -1 0 0 0 32002 32002 0 0 0 0 0 2788
WIT 9 -190 -189 -161 -169 -286 0 0 0 0 -189 0 -1 0 0 0 32002 32002 0 0 0 0 0 2788
WIT 7 -190 -189 -197 -210 -332 0 0 0 0 -191 0 -1 0 0 0 32002 32002 0 0 0 0 0 0
WIT 7 -190 -189 -203 -209 -209 3242 0 0 1 -189 0 -1 0 0 0 32002 32002 0 0 0 0 0 3958
WIT 8 -190 -189 -215 -222 -172 1523 1 1 0 32002 0 -1 0 0 0 32002 32002 0 0 0 0 0 0
WIT 7 -190 -189 -214 -220 -256 0 0 0 0 -184 0 -1 0 0 0 32002 32002 0 0 0 0 0 3242
WIT 8 -190 -189 -215 -222 -317 0 0 0 0 -184 0 -1 0 0 0 32002 32002 0 0 0 0 0 2788
WIT 6 189 190 209 204 222 1763 0 0 0 32002 0 -1 0 0 0 32002 32002 0 0 0 0 0 0
WIT 7 -190 -189 -200 -213 -214 0 0 0 0 -200 0 -1 0 0 0 32002 32002 0 0 0 0 0 0
WIT 8 202 203 251 244 1122 2477 1 0 0 32002 0 -1 0 0 0 32002 32002 0 0 0 0 0 0
WIT 7 -190 -189 -215 -221 -221 3242 0 0 1 -189 0 -1 0 0 0 32002 32002 0 0 0 0 0 3956
WIT 6 -190 -189 -215 -220 -220 3242 0 0 1 -189 0 -1 0 0 0 32002 32002 0 0 0 0 0 3958
WIT 7 -190 -189 -187 -193 -193 3958 0 0 1 -183 0 -1 0 0 0 32002 32002 0 0 0 0 0 3242
WIT 8 -190 -189 -179 -186 -169 0 0 0 0 32002 0 -1 0 0 0 32002 32002 0 0 0 0 0 0
WIT 7 188 189 275 269 276 1373 0 0 0 32002 0 -1 0 0 0 32002 32002 0 0 0 0 0 0
WIT 7 188 189 224 218 287 1373 0 0 0 32002 0 -1 0 0 0 32002 32002 0 0 0 0 0 0
WIT 6 188 189 295 290 290 1373 0 0 0 32002 0 -1 0 0 0 32002 32002 0 0 0 0 0 0
WIT 10 -203 -182 -203 -212 -215 0 0 0 0 -189 0 -1 0 0 0 32002 32002 0 0 0 0 0 3364
WIT 9 -190 -189 -157 -165 -165 3929 0 0 0 32002 0 -1 0 0 0 32002 32002 0 0 0 0 0 0
WIT 6 189 190 223 218 217 0 0 0 0 190 0 -1 0 0 0 32002 32002 0 0 0 0 0 211
WIT 10 -190 -189 -203 -222 -223 0 0 0 0 -197 0 -1 0 0 0 32002 32002 0 0 0 0 0 0
WIT 8 202 203 190 175 183 853 0 0 1 203 0 -1 0 0 0 32002 32002 0 0 0 0 0 211
WIT 12 202 203 224 201 201 1373 0 0 1 225 0 -1 0 0 0 32002 32002 0 0 0 0 0 82
WIT 9 202 203 225 217 217 211 0 0 0 32002 0 -1 0 0 0 32002 32002 0 0 0 0 0 0
WIT 7 202 203 224 218 247 1373 0 0 0 32002 0 -1 0 0 0 32002 32002 0 0 0 0 0 0
WIT 8 202 203 224 209 278 1763 0 0 0 32002 0 -1 0 0 0 32002 32002 0 0 0 0 0 0
WIT 7 202 203 239 233 268 1373 0 0 0 32002 0 -1 0 0 0 32002 32002 0 0 0 0 0 0
WIT 6 202 203 227 222 250 1763 0 0 0 32002 0 -1 0 0 0 32002 32002 0 0 0 0 0 0
WIT 10 -203 -182 -203 -212 -223 0 0 0 0 -203 0 -1 0 0 0 32002 32002 0 0 0 0 0 0
WIT 7 182 231 200 194 177 0 0 0 0 249 0 -1 0 0 0 32002 32002 0 0 0 0 0 1893
WIT 8 182 231 198 191 158 0 0 0 0 231 0 -1 0 0 0 32002 32002 0 0 0 0 0 219
WIT 8 230 231 209 202 201 0 0 0 0 231 0 -1 0 0 0 32002 32002 0 0 0 0 0 1764
WIT 9 230 231 215 207 210 1892 1 0 0 241 0 -1 0 0 0 32002 32002 0 0 0 0 0 1764
WIT 8 230 231 205 190 175 0 0 0 0 254 0 -1 0 0 0 32002 32002 0 0 0 0 0 1763
WIT 8 182 231 197 190 185 0 0 0 0 231 0 -1 0 0 0 32002 32002 0 0 0 0 0 82
WIT 11 230 231 203 182 181 0 0 0 0 225 0 -1 0 0 0 32002 32002 0 0 0 0 0 0
WIT 6 230 231 215 210 209 0 0 0 0 238 0 -1 0 0 0 32002 32002 0 0 0 0 0 1828
WIT 9 230 231 215 198 207 211 0 0 1 230 1 1 23341 1 1 230 236 0 0 0 0 11 211
WIT 7 230 231 400 394 393 0 0 0 0 232 0 -1 0 0 0 32002 32002 0 0 0 0 0 211
WIT 8 230 231 213 206 204 0 0 0 0 231 0 -1 0 0 0 32002 32002 0 0 0 0 0 82
WIT 7 230 231 240 234 234 1892 1 0 0 32002 0 -1 0 0 0 32002 32002 0 0 0 0 0 0
WIT 6 230 231 253 248 248 1893 0 0 0 32002 0 -1 0 0 0 32002 32002 0 0 0 0 0 0
WIT 6 230 231 246 241 240 0 0 0 0 241 0 -1 0 0 0 32002 32002 0 0 0 0 0 853
WIT 9 230 231 231 214 213 0 0 0 0 233 0 -1 0 0 0 32002 32002 0 0 0 0 0 211
WIT 8 230 231 215 208 208 853 0 0 1 231 0 -1 0 0 0 32002 32002 0 0 0 0 0 211
WIT 6 230 231 215 210 253 1763 0 0 0 32002 0 -1 0 0 0 32002 32002 0 0 0 0 0 0
WIT 8 182 231 203 196 193 0 0 0 0 231 0 -1 0 0 0 32002 32002 0 0 0 0 0 1373
WIT 10 230 231 223 204 213 1373 0 0 1 231 0 -1 0 0 0 32002 32002 0 0 0 0 0 82
WIT 9 230 231 225 217 217 211 0 0 1 232 0 -1 0 0 0 32002 32002 0 0 0 0 0 204
WIT 9 230 231 224 207 285 1763 0 0 0 32002 0 -1 0 0 0 32002 32002 0 0 0 0 0 0
WIT 8 230 231 223 208 208 1373 0 0 1 308 0 -1 0 0 0 32002 32002 0 0 0 0 0 82
WIT 7 230 231 239 233 233 1373 0 0 0 32002 0 -1 0 0 0 32002 32002 0 0 0 0 0 0
WIT 7 230 231 227 221 221 166 0 0 1 234 0 -1 0 0 0 32002 32002 0 0 0 0 0 82
WIT 7 268 269 249 243 285 1747 0 0 0 32002 0 -1 0 0 0 32002 32002 0 0 0 0 0 0
WIT 7 268 269 315 309 309 664 0 0 0 32002 0 -1 0 0 0 32002 32002 0 0 0 0 0 0
WIT 7 193 269 231 225 158 0 0 0 0 282 0 -1 0 0 0 32002 32002 0 0 0 0 0 219
WIT 9 268 269 240 232 233 1892 1 0 0 269 0 -1 0 0 0 32002 32002 0 0 0 0 0 1764
WIT 8 268 269 231 216 276 1892 1 0 0 32002 0 -1 0 0 0 32002 32002 0 0 0 0 0 0
WIT 7 268 269 234 228 314 0 0 0 0 32002 0 -1 0 0 0 32002 32002 0 0 0 0 0 0
WIT 8 268 269 277 270 269 0 0 0 0 316 0 -1 0 0 0 32002 32002 0 0 0 0 0 219
WIT 7 268 269 231 225 224 0 0 0 0 302 0 -1 0 0 0 32002 32002 0 0 0 0 0 853
WIT 9 268 269 231 214 214 853 0 0 1 273 0 -1 0 0 0 32002 32002 0 0 0 0 0 1903
WIT 6 268 269 275 270 323 664 0 0 0 32002 0 -1 0 0 0 32002 32002 0 0 0 0 0 0
WIT 8 268 269 231 216 197 0 0 0 0 269 0 -1 0 0 0 32002 32002 0 0 0 0 0 203
WIT 8 268 269 231 216 182 0 0 0 0 269 0 -1 0 0 0 32002 32002 0 0 0 0 0 157
WIT 6 268 269 408 403 404 1892 1 0 0 32002 0 -1 0 0 0 32002 32002 0 0 0 0 0 0
WIT 7 268 269 245 239 276 1892 1 0 0 32002 0 -1 0 0 0 32002 32002 0 0 0 0 0 0
WIT 7 193 269 231 225 224 0 0 0 0 269 0 -1 0 0 0 32002 32002 0 0 0 0 0 82
WIT 10 268 269 231 222 234 1763 0 0 1 290 0 -1 0 0 0 32002 32002 0 0 0 0 0 82
WIT 8 268 269 238 231 386 1893 0 0 0 32002 0 -1 0 0 0 32002 32002 0 0 0 0 0 0
WIT 7 268 269 281 275 343 1763 0 0 0 32002 0 -1 0 0 0 32002 32002 0 0 0 0 0 0
WIT 10 268 269 231 212 199 0 0 0 0 269 0 -1 0 0 0 32002 32002 0 0 0 0 0 211
WIT 10 268 269 235 216 296 1893 0 0 0 32002 0 -1 0 0 0 32002 32002 0 0 0 0 0 0
WIT 6 268 269 251 246 215 0 0 1 0 284 0 -1 0 0 0 32002 32002 0 0 0 0 0 643
WIT 6 268 269 248 243 242 0 0 0 0 282 0 -1 0 0 0 32002 32002 0 0 0 0 0 1892
WIT 11 268 269 245 235 245 1892 1 0 0 280 0 -1 0 0 0 32002 32002 0 0 0 0 0 1764
WIT 7 268 269 233 220 235 211 0 0 1 269 0 -1 0 0 0 32002 32002 0 0 0 0 0 204
WIT 7 268 269 231 218 336 213 0 0 0 32002 0 -1 0 0 0 32002 32002 0 0 0 0 0 0
WIT 6 268 269 252 247 246 0 0 0 0 268 0 -1 0 0 0 32002 32002 0 0 0 0 0 1763
WIT 6 268 269 233 228 255 1893 0 0 1 255 1 1 21980 1 1 268 294 0 0 0 0 9 1893
WIT 6 268 269 258 253 285 1893 0 0 0 32002 0 -1 0 0 0 32002 32002 0 0 0 0 0 0
WIT 6 268 269 294 289 310 1893 0 0 0 32002 0 -1 0 0 0 32002 32002 0 0 0 0 0 0
WIT 7 268 269 233 220 226 1763 0 0 1 293 0 -1 0 0 0 32002 32002 0 0 0 0 0 1762
WIT 6 268 269 224 219 262 1893 0 0 1 261 1 1 24191 1 1 268 302 0 0 0 0 11 1893
WIT 6 268 269 261 256 283 211 0 0 0 32002 0 -1 0 0 0 32002 32002 0 0 0 0 0 0
WIT 6 268 269 256 251 270 1893 0 0 0 32002 0 -1 0 0 0 32002 32002 0 0 0 0 0 0
WIT 6 268 269 284 279 309 1893 0 0 0 32002 0 -1 0 0 0 32002 32002 0 0 0 0 0 0
WIT 6 268 269 280 275 317 1893 0 0 0 32002 0 -1 0 0 0 32002 32002 0 0 0 0 0 0
WIT 6 268 269 255 250 345 1893 0 0 0 32002 0 -1 0 0 0 32002 32002 0 0 0 0 0 0
WIT 9 268 269 231 214 213 0 0 0 0 269 0 -1 0 0 0 32002 32002 0 0 0 0 0 82
WIT 10 268 269 231 212 209 0 0 0 0 225 0 -1 0 0 0 32002 32002 0 0 0 0 0 0
WIT 8 261 262 269 262 262 1892 1 0 0 32002 0 -1 0 0 0 32002 32002 0 0 0 0 0 0
WIT 9 261 262 231 223 223 853 0 0 1 262 0 -1 0 0 0 32002 32002 0 0 0 0 0 211
WIT 6 261 262 240 235 216 0 0 0 0 348 0 -1 0 0 0 32002 32002 0 0 0 0 0 1699
WIT 7 261 262 231 218 217 0 0 0 0 262 0 -1 0 0 0 32002 32002 0 0 0 0 0 82
WIT 7 261 262 231 225 225 211 0 0 1 262 0 -1 0 0 0 32002 32002 0 0 0 0 0 82
WIT 7 -263 -262 -203 -209 -209 3364 0 0 0 32002 0 -1 0 0 0 32002 32002 0 0 0 0 0 0
WIT 7 193 269 231 225 215 0 0 0 0 262 0 -1 0 0 0 32002 32002 0 0 0 0 0 1373
WIT 7 261 262 231 218 218 1373 0 0 1 262 0 -1 0 0 0 32002 32002 0 0 0 0 0 82
WIT 7 261 262 438 432 432 82 0 0 0 32002 0 -1 0 0 0 32002 32002 0 0 0 0 0 0

===========================
Total time (ms) : 28
Nodes searched  : 19859
Nodes/second    : 709250
