
Position: 1/1 (rnbq1rk1/ppp1ppb1/5npp/3p4/3P4/1QPBPN2/PP3PPP/RNB1K2R b KQ - 1 8)
WIT 7 -240 -239 -169 -175 -172 1091 0 0 0 32002 0 -1 0 0 0 32002 32002 0 0 0 0 0 0
WIT 6 -240 -239 -234 -239 -217 1091 0 0 0 32002 0 -1 0 0 0 32002 32002 0 0 0 0 0 0
WIT 6 -240 -239 -198 -203 -196 1091 0 0 0 32002 0 -1 0 0 0 32002 32002 0 0 0 0 0 0
WIT 6 -240 -239 -193 -198 -258 0 0 0 0 -177 0 -1 0 0 0 32002 32002 0 0 0 0 0 1380
WIT 6 -229 -228 -246 -251 -224 49415 0 0 0 32002 0 -1 0 0 0 32002 32002 0 0 0 0 0 0
WIT 6 -229 -228 -240 -245 -246 0 0 0 0 -229 0 -1 0 0 0 32002 32002 0 0 0 0 0 0
WIT 7 238 239 464 451 386 0 0 0 0 280 0 -1 0 0 0 32002 32002 0 0 0 0 0 2202
WIT 7 250 251 262 256 219 0 0 0 0 268 0 -1 0 0 0 32002 32002 0 0 0 0 0 2202
WIT 6 250 251 241 236 398 2202 0 0 0 32002 0 -1 0 0 0 32002 32002 0 0 0 0 0 0
WIT 6 250 251 249 244 231 0 0 0 0 249 0 -1 0 0 0 32002 32002 0 0 0 0 0 0
WIT 7 241 242 252 239 224 0 0 0 0 242 0 -1 0 0 0 32002 32002 0 0 0 0 0 3826
WIT 7 -238 -237 -184 -197 -211 0 0 0 0 -172 0 -1 0 0 0 32002 32002 0 0 0 0 0 1380
WIT 6 -238 -237 -133 -138 -138 1091 0 0 0 32002 0 -1 0 0 0 32002 32002 0 0 0 0 0 0
WIT 7 247 248 248 235 231 0 0 0 0 256 0 -1 0 0 0 32002 32002 0 0 0 0 0 3364
WIT 8 247 248 268 261 234 0 0 0 0 250 0 -1 0 0 0 32002 32002 0 0 0 0 0 3963
WIT 7 247 248 257 251 226 0 0 0 0 249 0 -1 0 0 0 32002 32002 0 0 0 0 0 3826
WIT 7 247 248 251 238 298 3364 0 0 0 32002 0 -1 0 0 0 32002 32002 0 0 0 0 0 0
WIT 11 247 248 275 254 254 3826 0 0 0 32002 0 -1 0 0 0 32002 32002 0 0 0 0 0 0
WIT 9 247 248 242 234 257 3364 0 0 0 32002 0 -1 0 0 0 32002 32002 0 0 0 0 0 0
WIT 7 247 248 242 236 302 0 0 0 0 32002 0 -1 0 0 0 32002 32002 0 0 0 0 0 0
WIT 8 247 248 242 227 218 0 0 0 0 248 0 -1 0 0 0 32002 32002 0 0 0 0 0 3826
WIT 7 247 248 267 261 285 2202 0 0 0 32002 0 -1 0 0 0 32002 32002 0 0 0 0 0 0
WIT 7 247 248 297 291 293 3690 0 0 0 32002 0 -1 0 0 0 32002 32002 0 0 0 0 0 0
WIT 7 247 248 254 248 248 2202 0 0 0 32002 0 -1 0 0 0 32002 32002 0 0 0 0 0 0
WIT 7 247 248 241 235 274 2202 0 0 0 32002 0 -1 0 0 0 32002 32002 0 0 0 0 0 0
WIT 7 257 258 278 265 352 3364 0 0 0 32002 0 -1 0 0 0 32002 32002 0 0 0 0 0 0
WIT 6 257 258 249 244 248 3749 0 0 1 382 0 -1 0 0 0 32002 32002 0 0 0 0 0 3963
WIT 6 -239 -238 -237 -242 -345 0 0 0 0 -281 0 -1 0 0 0 32002 32002 0 0 0 0 0 0
WIT 8 257 258 248 233 254 3749 0 0 1 301 0 -1 0 0 0 32002 32002 0 0 0 0 0 3826
WIT 7 257 258 251 238 298 3364 0 0 0 32002 0 -1 0 0 0 32002 32002 0 0 0 0 0 0
WIT 8 257 258 258 251 244 0 0 0 0 258 0 -1 0 0 0 32002 32002 0 0 0 0 0 3963
WIT 6 257 258 278 273 280 3112 0 0 0 32002 0 -1 0 0 0 32002 32002 0 0 0 0 0 0
WIT 7 257 258 248 242 238 0 0 0 0 258 0 -1 0 0 0 32002 32002 0 0 0 0 0 3826
WIT 7 257 258 302 296 296 3826 0 0 0 32002 0 -1 0 0 0 32002 32002 0 0 0 0 0 0
WIT 6 257 258 255 250 256 3112 0 0 1 258 0 -1 0 0 0 32002 32002 0 0 0 0 0 3826
WIT 6 257 258 307 302 300 0 0 0 0 269 0 -1 0 0 0 32002 32002 0 0 0 0 0 2356
WIT 9 257 258 265 257 178 0 0 0 0 264 0 -1 0 0 0 32002 32002 0 0 0 0 0 3236
WIT 8 257 258 263 248 98 0 0 0 0 263 0 -1 0 0 0 32002 32002 0 0 0 0 0 2724
WIT 8 257 258 256 249 266 0 0 0 0 32002 0 -1 0 0 0 32002 32002 0 0 0 0 0 0
WIT 7 257 258 259 246 232 0 0 0 0 262 0 -1 0 0 0 32002 32002 0 0 0 0 0 3364
WIT 6 257 258 254 249 242 0 0 0 0 258 0 -1 0 0 0 32002 32002 0 0 0 0 0 3826
WIT 7 238 258 248 242 237 0 0 0 0 258 0 -1 0 0 0 32002 32002 0 0 0 0 0 3690
WIT 10 257 258 275 256 256 3690 0 0 1 280 0 -1 0 0 0 32002 32002 0 0 0 0 0 2202
WIT 8 257 258 248 233 239 3826 0 0 1 256 1 1 33249 1 1 257 258 0 0 0 0 28 3826
WIT 8 257 258 267 260 285 2202 0 0 0 32002 0 -1 0 0 0 32002 32002 0 0 0 0 0 0
WIT 9 257 258 242 234 281 3364 0 0 0 32002 0 -1 0 0 0 32002 32002 0 0 0 0 0 0
WIT 9 257 258 287 279 321 0 0 0 0 32002 0 -1 0 0 0 32002 32002 0 0 0 0 0 0
WIT 8 257 258 248 233 223 0 0 0 0 258 0 -1 0 0 0 32002 32002 0 0 0 0 0 3826
WIT 8 257 258 241 234 240 3826 0 0 1 258 0 -1 0 0 0 32002 32002 0 0 0 0 0 3690
WIT 8 257 258 248 241 241 3690 0 0 1 259 0 -1 0 0 0 32002 32002 0 0 0 0 0 3826
WIT 6 257 258 254 249 320 0 0 0 0 32002 0 -1 0 0 0 32002 32002 0 0 0 0 0 0
WIT 7 257 258 282 276 369 2202 0 0 0 32002 0 -1 0 0 0 32002 32002 0 0 0 0 0 0
WIT 6 257 258 338 333 357 3690 0 0 0 32002 0 -1 0 0 0 32002 32002 0 0 0 0 0 0
WIT 7 257 258 297 291 293 3690 0 0 0 32002 0 -1 0 0 0 32002 32002 0 0 0 0 0 0
WIT 7 257 258 254 248 248 2202 0 0 1 258 0 -1 0 0 0 32002 32002 0 0 0 0 0 3690
WIT 7 270 271 251 238 298 3364 0 0 0 32002 0 -1 0 0 0 32002 32002 0 0 0 0 0 0
WIT 6 270 271 279 274 240 0 0 0 0 257 0 -1 0 0 0 32002 32002 0 0 0 0 0 3241
WIT 10 270 271 242 233 280 3364 0 0 0 32002 0 -1 0 0 0 32002 32002 0 0 0 0 0 0
WIT 10 270 271 287 278 319 0 0 0 0 32002 0 -1 0 0 0 32002 32002 0 0 0 0 0 0
WIT 8 270 271 280 273 273 3963 0 0 0 32002 0 -1 0 0 0 32002 32002 0 0 0 0 0 0
WIT 9 270 271 258 241 228 0 0 0 0 271 0 -1 0 0 0 32002 32002 0 0 0 0 0 3826
WIT 8 270 271 258 243 248 3690 0 0 1 266 1 1 33893 1 1 270 271 0 0 0 0 29 3690
WIT 7 270 271 267 261 285 2202 0 0 0 32002 0 -1 0 0 0 32002 32002 0 0 0 0 0 0
WIT 7 270 271 258 252 252 3690 0 0 1 271 0 -1 0 0 0 32002 32002 0 0 0 0 0 3826
WIT 7 270 271 297 291 293 3690 0 0 0 32002 0 -1 0 0 0 32002 32002 0 0 0 0 0 0
WIT 7 270 271 258 252 252 3826 0 0 1 271 0 -1 0 0 0 32002 32002 0 0 0 0 0 3690
WIT 6 270 271 254 249 320 0 0 0 0 32002 0 -1 0 0 0 32002 32002 0 0 0 0 0 0
WIT 6 270 271 282 277 359 2202 0 0 0 32002 0 -1 0 0 0 32002 32002 0 0 0 0 0 0
WIT 6 270 271 338 333 357 3690 0 0 0 32002 0 -1 0 0 0 32002 32002 0 0 0 0 0 0
WIT 8 274 275 256 249 267 0 0 0 0 276 0 -1 0 0 0 32002 32002 0 0 0 0 0 2724
WIT 7 274 275 294 288 339 2332 0 0 0 32002 0 -1 0 0 0 32002 32002 0 0 0 0 0 0
WIT 8 274 275 285 278 278 3364 0 0 0 32002 0 -1 0 0 0 32002 32002 0 0 0 0 0 0
WIT 8 274 275 281 266 353 3364 0 0 0 32002 0 -1 0 0 0 32002 32002 0 0 0 0 0 0
WIT 7 274 275 281 268 268 3963 0 0 1 283 0 -1 0 0 0 32002 32002 0 0 0 0 0 3364
WIT 7 274 275 258 252 252 3364 0 0 1 269 1 1 19198 1 1 274 275 0 0 0 0 14 3364
WIT 6 274 275 258 253 253 3963 0 0 1 278 0 -1 0 0 0 32002 32002 0 0 0 0 0 3112
WIT 6 274 275 302 297 494 3364 0 0 0 32002 0 -1 0 0 0 32002 32002 0 0 0 0 0 0
WIT 6 274 275 262 257 257 3364 0 0 1 281 0 -1 0 0 0 32002 32002 0 0 0 0 0 3963
WIT 6 274 275 258 253 253 3364 0 0 1 275 0 -1 0 0 0 32002 32002 0 0 0 0 0 3963
WIT 6 274 275 281 276 276 3364 0 0 0 32002 0 -1 0 0 0 32002 32002 0 0 0 0 0 0
WIT 6 274 275 274 269 269 3364 0 0 1 278 0 -1 0 0 0 32002 32002 0 0 0 0 0 3963
WIT 6 274 275 364 359 336 0 0 0 0 285 0 -1 0 0 0 32002 32002 0 0 0 0 0 3963
WIT 6 274 275 271 266 283 2202 0 0 0 32002 0 -1 0 0 0 32002 32002 0 0 0 0 0 0
WIT 7 -275 -253 -271 -277 -281 0 0 0 0 -275 0 -1 0 0 0 32002 32002 0 0 0 0 0 0
WIT 8 274 275 277 270 270 3963 0 0 1 278 0 -1 0 0 0 32002 32002 0 0 0 0 0 3112
WIT 7 274 275 276 270 202 0 0 0 0 300 0 -1 0 0 0 32002 32002 0 0 0 0 0 2658
WIT 8 274 275 272 257 250 0 0 0 0 275 0 -1 0 0 0 32002 32002 0 0 0 0 0 3241
WIT 7 274 275 271 265 265 3112 0 0 1 275 0 -1 0 0 0 32002 32002 0 0 0 0 0 3364
WIT 8 274 275 281 266 353 3364 0 0 0 32002 0 -1 0 0 0 32002 32002 0 0 0 0 0 0
WIT 9 274 275 282 265 264 0 0 0 0 275 0 -1 0 0 0 32002 32002 0 0 0 0 0 3364
WIT 8 274 275 275 268 267 0 0 0 0 275 0 -1 0 0 0 32002 32002 0 0 0 0 0 3826
WIT 8 274 275 302 295 296 0 0 0 0 32002 0 -1 0 0 0 32002 32002 0 0 0 0 0 0
WIT 7 274 275 277 271 280 3364 0 0 0 32002 0 -1 0 0 0 32002 32002 0 0 0 0 0 0
WIT 7 274 275 261 255 255 3817 0 0 1 280 0 -1 0 0 0 32002 32002 0 0 0 0 0 3826
WIT 6 274 275 258 253 262 3364 0 0 1 275 0 -1 0 0 0 32002 32002 0 0 0 0 0 3826
WIT 7 274 275 290 284 284 3364 0 0 0 32002 0 -1 0 0 0 32002 32002 0 0 0 0 0 0
WIT 7 274 275 277 271 269 0 0 0 0 284 0 -1 0 0 0 32002 32002 0 0 0 0 0 3826
WIT 7 274 275 271 265 265 3817 0 0 1 277 0 -1 0 0 0 32002 32002 0 0 0 0 0 3826
WIT 6 274 275 268 263 299 3817 0 0 0 32002 0 -1 0 0 0 32002 32002 0 0 0 0 0 0
WIT 7 274 275 242 236 278 3364 0 0 0 32002 0 -1 0 0 0 32002 32002 0 0 0 0 0 0
WIT 12 274 275 271 248 248 3690 0 0 1 278 0 -1 0 0 0 32002 32002 0 0 0 0 0 3826
WIT 11 274 275 278 257 257 3690 0 0 1 280 0 -1 0 0 0 32002 32002 0 0 0 0 0 2202
WIT 9 274 275 271 254 279 3826 0 0 0 32002 0 -1 0 0 0 32002 32002 0 0 0 0 0 0
WIT 9 274 275 271 263 263 3826 0 0 1 275 0 -1 0 0 0 32002 32002 0 0 0 0 0 3690
WIT 9 274 275 271 263 279 3690 0 0 0 32002 0 -1 0 0 0 32002 32002 0 0 0 0 0 0
WIT 7 274 275 254 248 337 0 0 0 0 32002 0 -1 0 0 0 32002 32002 0 0 0 0 0 0
WIT 8 274 275 282 275 368 2202 0 0 0 32002 0 -1 0 0 0 32002 32002 0 0 0 0 0 0
WIT 8 274 275 338 331 364 3690 0 0 0 32002 0 -1 0 0 0 32002 32002 0 0 0 0 0 0
WIT 9 274 275 268 260 268 3826 0 0 1 306 0 -1 0 0 0 32002 32002 0 0 0 0 0 3690
WIT 8 274 275 271 256 228 0 0 0 0 302 0 -1 0 0 0 32002 32002 0 0 0 0 0 2202
WIT 9 274 275 258 250 250 3826 0 0 1 277 0 -1 0 0 0 32002 32002 0 0 0 0 0 3690
WIT 7 285 286 294 288 339 2332 0 0 0 32002 0 -1 0 0 0 32002 32002 0 0 0 0 0 0
WIT 6 285 286 275 270 283 0 0 0 0 283 0 -1 0 0 0 32002 32002 0 0 0 0 0 0
WIT 7 -282 -281 -257 -270 -255 1764 1 0 0 32002 0 -1 0 0 0 32002 32002 0 0 0 0 0 0
WIT 7 264 286 275 269 268 0 0 0 0 281 0 -1 0 0 0 32002 32002 0 0 0 0 0 3826
WIT 7 280 281 275 262 227 0 0 0 0 280 0 -1 0 0 0 32002 32002 0 0 0 0 0 0
WIT 8 -281 -280 -141 -148 -129 1764 1 0 0 32002 0 -1 0 0 0 32002 32002 0 0 0 0 0 0
WIT 6 -281 -280 -151 -156 -176 0 0 0 0 -231 0 -1 0 0 0 32002 32002 0 0 0 0 0 1380
WIT 9 264 286 275 267 271 3826 0 0 1 280 1 1 26886 1 1 280 280 0 0 0 0 35 3690
WIT 9 279 280 279 262 262 3826 0 0 1 280 0 -1 0 0 0 32002 32002 0 0 0 0 0 2202
WIT 8 279 280 275 268 282 2202 0 0 0 32002 0 -1 0 0 0 32002 32002 0 0 0 0 0 0
WIT 6 279 280 315 310 352 3690 0 0 0 32002 0 -1 0 0 0 32002 32002 0 0 0 0 0 0
WIT 7 279 280 271 258 258 3826 0 0 1 287 0 -1 0 0 0 32002 32002 0 0 0 0 0 3690
WIT 6 279 280 275 270 286 2202 0 0 0 32002 0 -1 0 0 0 32002 32002 0 0 0 0 0 0
WIT 6 279 280 282 277 359 2202 0 0 0 32002 0 -1 0 0 0 32002 32002 0 0 0 0 0 0
WIT 6 279 280 338 333 361 3690 0 0 0 32002 0 -1 0 0 0 32002 32002 0 0 0 0 0 0
WIT 6 279 280 276 271 264 0 0 0 0 280 0 -1 0 0 0 32002 32002 0 0 0 0 0 3690
WIT 7 -281 -280 -214 -220 -201 1091 0 0 0 32002 0 -1 0 0 0 32002 32002 0 0 0 0 0 0
WIT 8 -281 -280 -205 -212 -208 75 0 0 0 32002 0 -1 0 0 0 32002 32002 0 0 0 0 0 0
WIT 8 -281 -280 -179 -194 -209 0 0 0 0 -268 0 -1 0 0 0 32002 32002 0 0 0 0 0 1380
WIT 6 -281 -280 -219 -224 -196 1178 0 0 0 32002 0 -1 0 0 0 32002 32002 0 0 0 0 0 0
WIT 8 279 280 263 248 217 0 0 0 0 283 0 -1 0 0 0 32002 32002 0 0 0 0 0 3236
WIT 7 279 280 300 287 125 0 0 0 0 282 0 -1 0 0 0 32002 32002 0 0 0 0 0 2724
WIT 8 279 280 285 278 278 3364 0 0 1 311 0 -1 0 0 0 32002 32002 0 0 0 0 0 3963
WIT 6 279 280 281 276 269 0 0 0 0 280 0 -1 0 0 0 32002 32002 0 0 0 0 0 3364
WIT 8 279 280 281 266 185 0 0 0 0 280 0 -1 0 0 0 32002 32002 0 0 0 0 0 3826
WIT 6 279 280 276 271 281 3964 0 0 0 32002 0 -1 0 0 0 32002 32002 0 0 0 0 0 0
WIT 9 -281 -280 -280 -297 -283 75 0 0 1 -281 1 1 -1205 1 1 -281 -281 0 0 0 0 4 0
WIT 6 283 284 242 237 296 3364 0 0 0 32002 0 -1 0 0 0 32002 32002 0 0 0 0 0 0
WIT 11 283 284 277 256 256 3690 0 0 1 296 0 -1 0 0 0 32002 32002 0 0 0 0 0 3826
WIT 10 283 284 302 293 287 0 0 0 0 284 0 -1 0 0 0 32002 32002 0 0 0 0 0 3690
WIT 9 283 284 299 282 225 0 0 0 0 284 0 -1 0 0 0 32002 32002 0 0 0 0 0 2202
WIT 9 283 284 417 409 350 0 0 0 0 323 0 -1 0 0 0 32002 32002 0 0 0 0 0 2202
WIT 9 283 284 275 267 301 2202 0 0 0 32002 0 -1 0 0 0 32002 32002 0 0 0 0 0 0
WIT 10 283 284 280 261 261 3826 0 0 1 284 0 -1 0 0 0 32002 32002 0 0 0 0 0 3690
WIT 9 283 284 275 267 288 2202 0 0 0 32002 0 -1 0 0 0 32002 32002 0 0 0 0 0 0
WIT 8 283 284 258 251 317 3690 0 0 0 32002 0 -1 0 0 0 32002 32002 0 0 0 0 0 0
WIT 8 283 284 338 331 364 3690 0 0 0 32002 0 -1 0 0 0 32002 32002 0 0 0 0 0 0
WIT 6 283 284 315 310 352 3690 0 0 0 32002 0 -1 0 0 0 32002 32002 0 0 0 0 0 0
WIT 8 283 284 282 275 368 2202 0 0 0 32002 0 -1 0 0 0 32002 32002 0 0 0 0 0 0
WIT 7 283 284 254 248 338 0 0 0 0 32002 0 -1 0 0 0 32002 32002 0 0 0 0 0 0
WIT 8 283 284 271 264 278 3690 0 0 1 284 0 -1 0 0 0 32002 32002 0 0 0 0 0 3826
WIT 8 283 284 289 282 282 3826 0 0 1 293 0 -1 0 0 0 32002 32002 0 0 0 0 0 3690
WIT 8 283 284 271 264 289 3826 0 0 0 32002 0 -1 0 0 0 32002 32002 0 0 0 0 0 0
WIT 10 283 284 286 267 279 3826 0 0 1 287 0 -1 0 0 0 32002 32002 0 0 0 0 0 3690
WIT 6 295 296 286 281 281 2354 0 0 1 310 0 -1 0 0 0 32002 32002 0 0 0 0 0 2356
WIT 7 272 296 294 288 256 0 0 0 0 305 0 -1 0 0 0 32002 32002 0 0 0 0 0 2724
WIT 8 295 296 308 301 310 2354 0 0 0 32002 0 -1 0 0 0 32002 32002 0 0 0 0 0 0
WIT 8 295 296 282 267 262 0 0 0 0 303 0 -1 0 0 0 32002 32002 0 0 0 0 0 3236
WIT 8 295 296 294 287 339 2332 0 0 0 32002 0 -1 0 0 0 32002 32002 0 0 0 0 0 0
WIT 7 272 296 280 274 271 0 0 0 0 301 0 -1 0 0 0 32002 32002 0 0 0 0 0 3364
WIT 8 295 296 307 300 300 3364 0 0 0 32002 0 -1 0 0 0 32002 32002 0 0 0 0 0 0
WIT 8 295 296 280 265 352 3364 0 0 0 32002 0 -1 0 0 0 32002 32002 0 0 0 0 0 0
WIT 8 295 296 284 269 269 3963 0 0 1 296 0 -1 0 0 0 32002 32002 0 0 0 0 0 3364
WIT 7 295 296 318 312 323 3364 0 0 0 32002 0 -1 0 0 0 32002 32002 0 0 0 0 0 0
WIT 9 295 296 281 273 224 0 0 0 0 302 0 -1 0 0 0 32002 32002 0 0 0 0 0 2724
WIT 9 295 296 280 272 308 0 0 0 0 32002 0 -1 0 0 0 32002 32002 0 0 0 0 0 0
WIT 8 295 296 280 265 262 0 0 0 0 301 0 -1 0 0 0 32002 32002 0 0 0 0 0 3364
WIT 8 295 296 280 273 276 3169 0 0 1 296 0 -1 0 0 0 32002 32002 0 0 0 0 0 3364
WIT 8 295 296 285 278 273 0 0 0 0 296 0 -1 0 0 0 32002 32002 0 0 0 0 0 3112
WIT 7 272 296 284 278 277 0 0 0 0 296 0 -1 0 0 0 32002 32002 0 0 0 0 0 3690
WIT 9 295 296 300 283 283 3963 0 0 1 301 0 -1 0 0 0 32002 32002 0 0 0 0 0 3364
WIT 8 295 296 291 284 379 3963 0 0 0 32002 0 -1 0 0 0 32002 32002 0 0 0 0 0 0
WIT 6 295 296 284 279 278 0 0 0 0 300 0 -1 0 0 0 32002 32002 0 0 0 0 0 3364
WIT 8 295 296 284 269 249 0 0 0 0 296 0 -1 0 0 0 32002 32002 0 0 0 0 0 3690
WIT 8 295 296 287 280 339 0 0 0 0 32002 0 -1 0 0 0 32002 32002 0 0 0 0 0 0
WIT 6 295 296 275 270 352 3112 0 0 0 32002 0 -1 0 0 0 32002 32002 0 0 0 0 0 0
WIT 9 295 296 296 279 292 3963 0 0 1 325 0 -1 0 0 0 32002 32002 0 0 0 0 0 3364
WIT 6 295 296 293 288 291 3364 0 0 1 296 0 -1 0 0 0 32002 32002 0 0 0 0 0 3963
WIT 8 295 296 284 269 268 0 0 0 0 296 0 -1 0 0 0 32002 32002 0 0 0 0 0 3690
WIT 9 272 296 284 276 277 3690 0 0 1 296 0 -1 0 0 0 32002 32002 0 0 0 0 0 3826
WIT 6 295 296 316 311 307 0 0 0 0 333 0 -1 0 0 0 32002 32002 0 0 0 0 0 2202
WIT 11 295 296 275 265 294 2202 0 0 1 296 0 -1 0 0 0 32002 32002 0 0 0 0 0 3690
WIT 10 295 296 275 266 266 3826 0 0 1 296 0 -1 0 0 0 32002 32002 0 0 0 0 0 3690
WIT 10 295 296 295 276 284 3690 0 0 1 296 0 -1 0 0 0 32002 32002 0 0 0 0 0 3826
WIT 10 295 296 284 265 280 3826 0 0 1 306 0 -1 0 0 0 32002 32002 0 0 0 0 0 3690
WIT 6 295 296 284 279 279 3826 0 0 1 296 0 -1 0 0 0 32002 32002 0 0 0 0 0 3169
WIT 7 295 296 292 286 284 0 0 0 0 314 0 -1 0 0 0 32002 32002 0 0 0 0 0 2138
WIT 6 295 296 284 279 279 3964 0 0 1 296 0 -1 0 0 0 32002 32002 0 0 0 0 0 3826
WIT 6 295 296 284 279 278 0 0 0 0 296 0 -1 0 0 0 32002 32002 0 0 0 0 0 3169
WIT 11 295 296 284 263 263 3826 0 0 1 296 0 -1 0 0 0 32002 32002 0 0 0 0 0 3690
WIT 7 295 296 356 350 365 3826 0 0 0 32002 0 -1 0 0 0 32002 32002 0 0 0 0 0 0
WIT 10 295 296 284 265 257 0 0 0 0 296 0 -1 0 0 0 32002 32002 0 0 0 0 0 2202
WIT 6 295 296 315 310 352 3690 0 0 0 32002 0 -1 0 0 0 32002 32002 0 0 0 0 0 0
WIT 8 295 296 338 331 364 3690 0 0 0 32002 0 -1 0 0 0 32002 32002 0 0 0 0 0 0
WIT 8 295 296 284 277 281 3690 0 0 1 296 0 -1 0 0 0 32002 32002 0 0 0 0 0 3826
WIT 8 295 296 284 277 289 3690 0 0 1 528 0 -1 0 0 0 32002 32002 0 0 0 0 0 2202
WIT 8 295 296 254 247 352 0 0 0 0 32002 0 -1 0 0 0 32002 32002 0 0 0 0 0 0
WIT 8 295 296 282 275 368 2202 0 0 0 32002 0 -1 0 0 0 32002 32002 0 0 0 0 0 0
WIT 8 295 296 258 251 317 3690 0 0 0 32002 0 -1 0 0 0 32002 32002 0 0 0 0 0 0
WIT 9 295 296 286 269 280 3826 0 0 1 295 1 1 45277 1 1 295 296 0 0 0 0 88 3826
WIT 7 -303 -302 -259 -265 -281 0 0 0 0 -268 0 -1 0 0 0 32002 32002 0 0 0 0 0 1380
WIT 7 -303 -302 -237 -250 -247 1764 1 0 0 32002 0 -1 0 0 0 32002 32002 0 0 0 0 0 0
WIT 8 280 312 296 289 291 3690 0 0 1 302 1 1 41682 1 1 302 302 0 0 0 0 47 3826
WIT 8 301 302 298 283 283 3826 0 0 1 516 0 -1 0 0 0 32002 32002 0 0 0 0 0 2202
WIT 9 301 302 296 279 292 3826 0 0 1 302 0 -1 0 0 0 32002 32002 0 0 0 0 0 3690
WIT 8 301 302 296 281 260 0 0 0 0 302 0 -1 0 0 0 32002 32002 0 0 0 0 0 2202
WIT 6 301 302 296 291 297 2202 0 0 1 328 0 -1 0 0 0 32002 32002 0 0 0 0 0 3690
WIT 6 -281 -280 -289 -294 -267 1098 0 0 0 32002 0 -1 0 0 0 32002 32002 0 0 0 0 0 0
WIT 11 -281 -280 -269 -290 -269 1764 1 0 0 32002 0 -1 0 0 0 32002 32002 0 0 0 0 0 0
WIT 7 279 280 351 345 254 0 0 0 0 308 0 -1 0 0 0 32002 32002 0 0 0 0 0 3749
WIT 6 279 280 359 354 319 0 0 0 0 279 0 -1 0 0 0 32002 32002 0 0 0 0 0 0
WIT 7 -280 -279 -230 -236 -237 0 0 0 0 -279 0 -1 0 0 0 32002 32002 0 0 0 0 0 1104
WIT 6 -280 -279 -161 -166 -151 1764 1 0 0 32002 0 -1 0 0 0 32002 32002 0 0 0 0 0 0
WIT 6 -280 -279 -230 -235 -229 1104 0 0 0 32002 0 -1 0 0 0 32002 32002 0 0 0 0 0 0
WIT 8 278 279 284 277 307 2138 1 0 0 32002 0 -1 0 0 0 32002 32002 0 0 0 0 0 0
WIT 7 278 279 283 277 274 0 0 0 0 287 0 -1 0 0 0 32002 32002 0 0 0 0 0 3690
WIT 8 278 279 296 281 278 0 0 0 0 282 0 -1 0 0 0 32002 32002 0 0 0 0 0 2202
WIT 6 278 279 242 237 319 0 0 0 0 32002 0 -1 0 0 0 32002 32002 0 0 0 0 0 0
WIT 9 -280 -279 -277 -294 -282 49415 0 0 1 -277 0 -1 0 0 0 32002 32002 0 0 0 0 0 1762
WIT 10 278 279 296 277 277 3690 0 0 1 296 0 -1 0 0 0 32002 32002 0 0 0 0 0 3826
WIT 7 278 279 287 281 349 0 0 0 0 32002 0 -1 0 0 0 32002 32002 0 0 0 0 0 0
WIT 7 278 279 282 276 280 3963 0 0 0 32002 0 -1 0 0 0 32002 32002 0 0 0 0 0 0
WIT 9 278 279 492 475 468 0 0 0 0 300 0 -1 0 0 0 32002 32002 0 0 0 0 0 2202
WIT 6 278 279 254 249 355 0 0 0 0 32002 0 -1 0 0 0 32002 32002 0 0 0 0 0 0
WIT 6 278 279 338 333 372 3690 0 0 0 32002 0 -1 0 0 0 32002 32002 0 0 0 0 0 0
WIT 6 278 279 282 277 359 2202 0 0 0 32002 0 -1 0 0 0 32002 32002 0 0 0 0 0 0
WIT 6 278 279 258 253 310 3690 0 0 0 32002 0 -1 0 0 0 32002 32002 0 0 0 0 0 0
WIT 6 278 279 271 266 360 2202 0 0 0 32002 0 -1 0 0 0 32002 32002 0 0 0 0 0 0
WIT 12 -280 -279 -269 -292 -269 1764 1 0 0 32002 0 -1 0 0 0 32002 32002 0 0 0 0 0 0
WIT 9 -280 -279 -257 -265 -247 1228 0 0 0 32002 0 -1 0 0 0 32002 32002 0 0 0 0 0 0

===========================
Total time (ms) : 12
Nodes searched  : 9060
Nodes/second    : 755000
