
Position: 1/1 (rn1qkbnr/3ppppp/bpp5/p7/2PPP3/1P1B4/P4PPP/RNBQK1NR b KQkq - 0 5)
WIT 6 318 319 319 314 254 0 0 0 0 367 0 -1 0 0 0 32002 32002 0 0 0 0 0 49415
WIT 8 317 318 367 360 348 0 0 0 0 345 0 -1 0 0 0 32002 32002 0 0 0 0 0 1114
WIT 7 317 318 361 348 283 0 0 0 0 318 0 -1 0 0 0 32002 32002 0 0 0 0 0 49415
WIT 6 317 318 371 366 218 0 0 0 0 335 0 -1 0 0 0 32002 32002 0 0 0 0 0 1244
WIT 6 317 318 346 341 330 0 0 0 0 373 0 -1 0 0 0 32002 32002 0 0 0 0 0 1764
WIT 9 331 332 353 345 414 82 0 0 0 32002 0 -1 0 0 0 32002 32002 0 0 0 0 0 0
WIT 9 331 332 332 315 205 0 0 0 0 311 0 -1 0 0 0 32002 32002 0 0 0 0 0 0
WIT 8 331 332 318 303 301 0 0 0 0 324 0 -1 0 0 0 32002 32002 0 0 0 0 0 0
WIT 7 331 332 366 353 353 405 0 0 0 32002 0 -1 0 0 0 32002 32002 0 0 0 0 0 0
WIT 7 331 332 363 357 366 82 0 0 0 32002 0 -1 0 0 0 32002 32002 0 0 0 0 0 0
WIT 7 331 332 325 319 398 0 0 0 0 32002 0 -1 0 0 0 32002 32002 0 0 0 0 0 0
WIT 7 331 332 342 336 363 405 0 0 0 32002 0 -1 0 0 0 32002 32002 0 0 0 0 0 0
WIT 7 331 332 353 347 370 82 0 0 0 32002 0 -1 0 0 0 32002 32002 0 0 0 0 0 0
WIT 7 331 332 328 322 350 82 0 0 0 32002 0 -1 0 0 0 32002 32002 0 0 0 0 0 0
WIT 7 331 332 318 312 351 82 0 0 0 32002 0 -1 0 0 0 32002 32002 0 0 0 0 0 0
WIT 6 331 332 323 318 443 82 0 0 0 32002 0 -1 0 0 0 32002 32002 0 0 0 0 0 0
WIT 6 331 332 373 368 368 528 0 0 0 32002 0 -1 0 0 0 32002 32002 0 0 0 0 0 0
WIT 9 350 351 332 315 278 0 0 0 0 326 0 -1 0 0 0 32002 32002 0 0 0 0 0 0
WIT 7 341 342 333 327 327 75 0 0 1 342 0 -1 0 0 0 32002 32002 0 0 0 0 0 82
WIT 9 341 342 351 334 308 0 0 0 0 325 0 -1 0 0 0 32002 32002 0 0 0 0 0 0
WIT 6 -313 -312 -293 -298 -284 4020 0 0 0 32002 0 -1 0 0 0 32002 32002 0 0 0 0 0 0
WIT 8 -313 -312 -281 -296 -332 0 0 0 0 -312 0 -1 0 0 0 32002 32002 0 0 0 0 0 3299
WIT 6 -313 -312 -284 -289 -312 0 0 0 0 -312 0 -1 0 0 0 32002 32002 0 0 0 0 0 3299
WIT 6 -313 -312 -341 -346 -303 3299 0 0 0 32002 0 -1 0 0 0 32002 32002 0 0 0 0 0 0
WIT 6 -298 -297 -293 -298 -284 4020 0 0 0 32002 0 -1 0 0 0 32002 32002 0 0 0 0 0 0
WIT 9 -298 -297 -222 -239 -263 0 0 0 0 -285 0 -1 0 0 0 32002 32002 0 0 0 0 0 3929
WIT 7 -298 -297 -287 -293 -293 2723 1 0 0 32002 0 -1 0 0 0 32002 32002 0 0 0 0 0 0
WIT 7 -298 -297 -304 -310 -314 0 0 0 0 -260 0 -1 0 0 0 32002 32002 0 0 0 0 0 2723
WIT 8 -298 -297 -312 -327 -352 0 0 0 0 -294 0 -1 0 0 0 32002 32002 0 0 0 0 0 3299
WIT 8 -298 -297 -288 -295 -245 0 0 0 0 32002 0 -1 0 0 0 32002 32002 0 0 0 0 0 0
WIT 7 -298 -297 -312 -325 -341 0 0 0 0 -297 0 -1 0 0 0 32002 32002 0 0 0 0 0 3299
WIT 7 -298 -297 -292 -298 -299 0 0 0 0 -282 0 -1 0 0 0 32002 32002 0 0 0 0 0 3929
WIT 7 -298 -297 -268 -274 -339 0 0 0 0 -297 0 -1 0 0 0 32002 32002 0 0 0 0 0 3299
WIT 7 -298 -297 -312 -318 -300 3299 0 0 1 -294 0 -1 0 0 0 32002 32002 0 0 0 0 0 3929
WIT 6 316 317 353 348 347 0 0 0 0 326 0 -1 0 0 0 32002 32002 0 0 0 0 0 49415
WIT 9 316 317 326 318 332 1802 0 0 0 32002 0 -1 0 0 0 32002 32002 0 0 0 0 0 0
WIT 9 316 317 354 346 251 0 0 0 0 317 0 -1 0 0 0 32002 32002 0 0 0 0 0 1244
WIT 8 316 317 430 423 385 0 0 0 0 429 0 -1 0 0 0 32002 32002 0 0 0 0 0 732
WIT 7 316 317 339 333 332 0 0 0 0 317 0 -1 0 0 0 32002 32002 0 0 0 0 0 528
WIT 9 -317 -316 -320 -337 -338 0 0 0 0 -317 0 -1 0 0 0 32002 32002 0 0 0 0 0 4013
WIT 8 316 317 348 333 244 0 0 0 0 317 0 -1 0 0 0 32002 32002 0 0 0 0 0 49415
WIT 8 316 317 342 335 335 75 0 0 0 32002 0 -1 0 0 0 32002 32002 0 0 0 0 0 0
WIT 8 316 317 342 327 315 0 0 0 0 317 0 -1 0 0 0 32002 32002 0 0 0 0 0 405
WIT 6 316 317 363 358 378 1113 0 0 0 32002 0 -1 0 0 0 32002 32002 0 0 0 0 0 0
WIT 6 316 317 362 357 369 82 0 0 0 32002 0 -1 0 0 0 32002 32002 0 0 0 0 0 0
WIT 6 316 317 374 369 420 0 0 0 0 32002 0 -1 0 0 0 32002 32002 0 0 0 0 0 0
WIT 6 316 317 342 337 361 405 0 0 0 32002 0 -1 0 0 0 32002 32002 0 0 0 0 0 0
WIT 6 316 317 333 328 328 528 0 0 0 32002 0 -1 0 0 0 32002 32002 0 0 0 0 0 0
WIT 6 343 344 380 375 375 1244 1 0 0 32002 0 -1 0 0 0 32002 32002 0 0 0 0 0 0
WIT 9 343 344 345 337 465 8 0 0 0 32002 0 -1 0 0 0 32002 32002 0 0 0 0 0 0
WIT 7 343 344 348 342 342 203 1 0 0 355 0 -1 0 0 0 32002 32002 0 0 0 0 0 139
WIT 8 343 344 317 302 262 0 0 0 0 344 0 -1 0 0 0 32002 32002 0 0 0 0 0 528
WIT 8 343 344 347 340 397 139 1 0 0 32002 0 -1 0 0 0 32002 32002 0 0 0 0 0 0
WIT 7 343 344 349 343 371 730 1 0 0 32002 0 -1 0 0 0 32002 32002 0 0 0 0 0 0
WIT 6 343 344 338 333 332 0 0 0 0 344 0 -1 0 0 0 32002 32002 0 0 0 0 0 1
WIT 8 343 344 342 327 384 139 1 1 0 32002 0 -1 0 0 0 32002 32002 0 0 0 0 0 0
WIT 7 -344 -317 -324 -330 -336 0 0 0 0 -344 0 -1 0 0 0 32002 32002 0 0 0 0 0 0
WIT 12 343 344 317 294 246 0 0 0 0 343 0 -1 0 0 0 32002 32002 0 0 0 0 0 0
WIT 7 -344 -343 -288 -294 -248 0 0 0 0 32002 0 -1 0 0 0 32002 32002 0 0 0 0 0 0
WIT 7 -344 -343 -297 -303 -258 0 0 0 0 32002 0 -1 0 0 0 32002 32002 0 0 0 0 0 0
WIT 11 343 344 317 296 286 0 0 0 0 343 0 -1 0 0 0 32002 32002 0 0 0 0 0 0
WIT 8 -318 -317 -288 -295 -248 0 0 0 0 32002 0 -1 0 0 0 32002 32002 0 0 0 0 0 0
WIT 8 -318 -317 -297 -304 -258 0 0 0 0 32002 0 -1 0 0 0 32002 32002 0 0 0 0 0 0
WIT 7 -318 -317 -343 -349 -349 3929 0 0 1 -314 0 -1 0 0 0 32002 32002 0 0 0 0 0 2723
WIT 8 -344 -317 -325 -332 -333 0 0 0 0 -344 0 -1 0 0 0 32002 32002 0 0 0 0 0 3299
WIT 8 -318 -317 -212 -219 -229 0 0 0 0 -317 0 -1 0 0 0 32002 32002 0 0 0 0 0 2723
WIT 9 -318 -317 -297 -314 -321 0 0 0 0 -317 0 -1 0 0 0 32002 32002 0 0 0 0 0 3299
WIT 11 -318 -317 -286 -307 -301 2268 1 0 0 32002 0 -1 0 0 0 32002 32002 0 0 0 0 0 0
WIT 10 -318 -317 -270 -279 -232 0 0 0 0 32002 0 -1 0 0 0 32002 32002 0 0 0 0 0 0
WIT 9 -318 -317 -260 -268 -268 4013 0 0 0 32002 0 -1 0 0 0 32002 32002 0 0 0 0 0 0
WIT 9 -318 -317 -264 -281 -294 0 0 0 0 -317 0 -1 0 0 0 32002 32002 0 0 0 0 0 2723
WIT 6 -318 -317 -272 -277 -240 0 0 0 0 32002 0 -1 0 0 0 32002 32002 0 0 0 0 0 0
WIT 6 -318 -317 -283 -288 -237 0 0 0 0 32002 0 -1 0 0 0 32002 32002 0 0 0 0 0 0
WIT 10 -318 -317 -294 -313 -352 0 0 0 0 -317 0 -1 0 0 0 32002 32002 0 0 0 0 0 3299
WIT 8 -318 -317 -282 -289 -294 0 0 0 0 -313 0 -1 0 0 0 32002 32002 0 0 0 0 0 1618
WIT 8 -318 -317 -283 -298 -299 0 0 0 0 -313 0 -1 0 0 0 32002 32002 0 0 0 0 0 3929
WIT 9 -318 -317 -297 -305 -251 0 0 0 0 32002 0 -1 0 0 0 32002 32002 0 0 0 0 0 0
WIT 7 -318 -317 -245 -251 -218 0 0 0 0 32002 0 -1 0 0 0 32002 32002 0 0 0 0 0 0
WIT 7 -318 -317 -297 -303 -217 2723 1 0 0 32002 0 -1 0 0 0 32002 32002 0 0 0 0 0 0
WIT 8 -318 -317 -297 -312 -358 0 0 0 0 -317 0 -1 0 0 0 32002 32002 0 0 0 0 0 3299
WIT 7 317 344 322 316 297 0 0 0 0 314 0 -1 0 0 0 32002 32002 0 0 0 0 0 0
WIT 6 -300 -299 -317 -322 -265 0 0 0 0 32002 0 -1 0 0 0 32002 32002 0 0 0 0 0 0
WIT 6 -300 -299 -124 -129 -127 3929 0 0 0 32002 0 -1 0 0 0 32002 32002 0 0 0 0 0 0
WIT 7 -300 -299 -313 -326 -326 3299 0 0 1 -293 0 -1 0 0 0 32002 32002 0 0 0 0 0 3929
WIT 6 -300 -299 -205 -210 -160 0 0 0 0 32002 0 -1 0 0 0 32002 32002 0 0 0 0 0 0
WIT 8 -292 -291 -317 -324 -264 0 0 0 0 32002 0 -1 0 0 0 32002 32002 0 0 0 0 0 0
WIT 7 -292 -291 -297 -303 -245 0 0 0 0 32002 0 -1 0 0 0 32002 32002 0 0 0 0 0 0
WIT 7 -292 -291 -281 -287 -287 3929 0 0 0 32002 0 -1 0 0 0 32002 32002 0 0 0 0 0 0
WIT 8 -292 -291 -306 -313 -298 2723 1 0 0 -269 0 -1 0 0 0 32002 32002 0 0 0 0 0 2851
WIT 7 -292 -291 -317 -330 -330 2851 1 0 0 -260 0 -1 0 0 0 32002 32002 0 0 0 0 0 2723
WIT 8 -292 -291 -205 -212 -154 0 0 0 0 32002 0 -1 0 0 0 32002 32002 0 0 0 0 0 0
WIT 6 -292 -291 -271 -276 -229 0 0 0 0 32002 0 -1 0 0 0 32002 32002 0 0 0 0 0 0
WIT 8 -292 -291 -279 -286 -289 0 0 0 0 -287 0 -1 0 0 0 32002 32002 0 0 0 0 0 3299
WIT 8 -292 -291 -209 -216 -205 3929 0 0 0 32002 0 -1 0 0 0 32002 32002 0 0 0 0 0 0
WIT 7 -292 -291 -279 -285 -279 3299 0 0 0 32002 0 -1 0 0 0 32002 32002 0 0 0 0 0 0
WIT 7 -292 -291 -294 -300 -295 3299 0 0 1 -291 0 -1 0 0 0 32002 32002 0 0 0 0 0 3929
WIT 6 -292 -291 -261 -266 -267 0 0 0 0 -291 0 -1 0 0 0 32002 32002 0 0 0 0 0 3299
WIT 6 -292 -291 -275 -280 -234 3299 0 0 0 32002 0 -1 0 0 0 32002 32002 0 0 0 0 0 0
WIT 6 -292 -291 -293 -298 -259 3299 0 0 0 32002 0 -1 0 0 0 32002 32002 0 0 0 0 0 0
WIT 6 -292 -291 -269 -274 -275 0 0 0 0 -291 0 -1 0 0 0 32002 32002 0 0 0 0 0 3299
WIT 6 -292 -291 -317 -322 -295 3299 0 0 1 -291 0 -1 0 0 0 32002 32002 0 0 0 0 0 3929
WIT 6 -292 -291 -274 -279 -261 3929 0 0 0 32002 0 -1 0 0 0 32002 32002 0 0 0 0 0 0
WIT 7 -278 -277 -317 -323 -262 0 0 0 0 32002 0 -1 0 0 0 32002 32002 0 0 0 0 0 0
WIT 7 -278 -277 -270 -276 -229 0 0 0 0 32002 0 -1 0 0 0 32002 32002 0 0 0 0 0 0
WIT 7 -278 -277 -281 -287 -287 3929 0 0 1 -273 0 -1 0 0 0 32002 32002 0 0 0 0 0 2723
WIT 8 -278 -277 -291 -306 -284 3929 0 0 1 -248 0 -1 0 0 0 32002 32002 0 0 0 0 0 3299
WIT 7 -278 -277 -287 -300 -300 3929 0 0 1 -269 0 -1 0 0 0 32002 32002 0 0 0 0 0 3299
WIT 7 -278 -277 -271 -277 -277 2723 1 0 0 32002 0 -1 0 0 0 32002 32002 0 0 0 0 0 0
WIT 7 -278 -277 -317 -323 -241 0 0 0 0 32002 0 -1 0 0 0 32002 32002 0 0 0 0 0 0
WIT 7 -278 -277 -260 -266 -260 4013 0 0 0 32002 0 -1 0 0 0 32002 32002 0 0 0 0 0 0
WIT 7 -278 -277 -263 -276 -281 0 0 0 0 -277 0 -1 0 0 0 32002 32002 0 0 0 0 0 2723
WIT 8 -278 -277 -291 -306 -343 0 0 0 0 -277 0 -1 0 0 0 32002 32002 0 0 0 0 0 3299
WIT 9 -278 -277 -317 -325 -255 0 0 0 0 32002 0 -1 0 0 0 32002 32002 0 0 0 0 0 0
WIT 8 -278 -277 -245 -252 -213 0 0 0 0 32002 0 -1 0 0 0 32002 32002 0 0 0 0 0 0
WIT 7 -278 -277 -243 -256 -304 0 0 0 0 -277 0 -1 0 0 0 32002 32002 0 0 0 0 0 3299
WIT 7 -278 -277 -205 -211 -159 0 0 0 0 32002 0 -1 0 0 0 32002 32002 0 0 0 0 0 0
WIT 7 -278 -277 -291 -304 -304 3929 0 0 1 -248 0 -1 0 0 0 32002 32002 0 0 0 0 0 3299
WIT 6 -278 -277 -279 -284 -279 3299 0 0 1 -276 0 -1 0 0 0 32002 32002 0 0 0 0 0 3929
WIT 6 -278 -277 -209 -214 -206 3929 0 0 0 32002 0 -1 0 0 0 32002 32002 0 0 0 0 0 0
WIT 6 -278 -277 -291 -296 -294 3299 0 0 1 -277 0 -1 0 0 0 32002 32002 0 0 0 0 0 3929
WIT 6 -278 -277 -275 -280 -234 3299 0 0 0 32002 0 -1 0 0 0 32002 32002 0 0 0 0 0 0
WIT 6 -278 -277 -253 -258 -212 3929 0 0 0 32002 0 -1 0 0 0 32002 32002 0 0 0 0 0 0
WIT 6 -278 -277 -293 -298 -259 3299 0 0 0 32002 0 -1 0 0 0 32002 32002 0 0 0 0 0 0
WIT 6 -278 -277 -291 -296 -286 3299 0 0 1 -277 0 -1 0 0 0 32002 32002 0 0 0 0 0 3929
WIT 6 -278 -277 -253 -258 -254 3929 0 0 0 32002 0 -1 0 0 0 32002 32002 0 0 0 0 0 0
WIT 6 -278 -277 -266 -271 -247 3929 0 0 0 32002 0 -1 0 0 0 32002 32002 0 0 0 0 0 0
WIT 6 -278 -277 -254 -259 -223 3929 0 0 0 32002 0 -1 0 0 0 32002 32002 0 0 0 0 0 0
WIT 6 -278 -277 -241 -246 -162 3929 0 0 0 32002 0 -1 0 0 0 32002 32002 0 0 0 0 0 0
WIT 6 -278 -277 -239 -244 -188 0 0 0 0 32002 0 -1 0 0 0 32002 32002 0 0 0 0 0 0
WIT 6 -278 -277 -270 -275 -269 3929 0 0 0 32002 0 -1 0 0 0 32002 32002 0 0 0 0 0 0
WIT 9 -280 -279 -317 -325 -261 0 0 0 0 32002 0 -1 0 0 0 32002 32002 0 0 0 0 0 0
WIT 7 -280 -279 -277 -283 -221 0 0 0 0 32002 0 -1 0 0 0 32002 32002 0 0 0 0 0 0
WIT 7 -280 -279 -270 -276 -227 0 0 0 0 32002 0 -1 0 0 0 32002 32002 0 0 0 0 0 0
WIT 7 -280 -279 -273 -279 -279 3929 0 0 0 32002 0 -1 0 0 0 32002 32002 0 0 0 0 0 0
WIT 6 -280 -279 -248 -253 -182 0 0 0 0 32002 0 -1 0 0 0 32002 32002 0 0 0 0 0 0
WIT 12 -280 -279 -173 -196 -214 0 0 0 0 -279 0 -1 0 0 0 32002 32002 0 0 0 0 0 3929
WIT 12 -280 -279 -270 -281 -235 2266 1 0 0 32002 0 -1 0 0 0 32002 32002 0 0 0 0 0 0
WIT 10 -280 -279 -271 -280 -277 2723 1 0 0 32002 0 -1 0 0 0 32002 32002 0 0 0 0 0 0
WIT 7 -280 -279 -317 -323 -243 0 0 0 0 32002 0 -1 0 0 0 32002 32002 0 0 0 0 0 0
WIT 6 -280 -279 -260 -265 -257 4013 0 0 0 32002 0 -1 0 0 0 32002 32002 0 0 0 0 0 0
WIT 8 -280 -279 -277 -292 -293 0 0 0 0 -279 0 -1 0 0 0 32002 32002 0 0 0 0 0 2723
WIT 6 -280 -279 -294 -299 -236 0 0 0 0 32002 0 -1 0 0 0 32002 32002 0 0 0 0 0 0
WIT 11 -280 -279 -277 -298 -336 0 0 0 0 -279 0 -1 0 0 0 32002 32002 0 0 0 0 0 3299
WIT 9 -280 -279 -251 -268 -268 3929 0 0 0 32002 0 -1 0 0 0 32002 32002 0 0 0 0 0 0
WIT 9 -280 -279 -276 -284 -271 3299 0 0 0 32002 0 -1 0 0 0 32002 32002 0 0 0 0 0 0
WIT 8 -280 -279 -277 -284 -263 3299 0 0 0 32002 0 -1 0 0 0 32002 32002 0 0 0 0 0 0
WIT 8 -280 -279 -245 -252 -216 0 0 0 0 32002 0 -1 0 0 0 32002 32002 0 0 0 0 0 0
WIT 6 -280 -279 -278 -283 -220 2723 1 0 0 32002 0 -1 0 0 0 32002 32002 0 0 0 0 0 0
WIT 9 -280 -279 -279 -296 -345 0 0 0 0 -279 0 -1 0 0 0 32002 32002 0 0 0 0 0 3299
WIT 7 -280 -279 -253 -259 -215 3929 0 0 0 32002 0 -1 0 0 0 32002 32002 0 0 0 0 0 0
WIT 7 -280 -279 -275 -281 -222 3299 0 0 0 32002 0 -1 0 0 0 32002 32002 0 0 0 0 0 0
WIT 7 -280 -279 -209 -215 -205 3929 0 0 0 32002 0 -1 0 0 0 32002 32002 0 0 0 0 0 0
WIT 7 -280 -279 -293 -299 -261 3299 0 0 0 32002 0 -1 0 0 0 32002 32002 0 0 0 0 0 0
WIT 9 -280 -279 -277 -285 -280 3299 0 0 1 -279 0 -1 0 0 0 32002 32002 0 0 0 0 0 3929
WIT 7 -280 -279 -247 -260 -249 3299 0 0 0 32002 0 -1 0 0 0 32002 32002 0 0 0 0 0 0
WIT 7 -280 -279 -291 -297 -276 3929 0 0 0 32002 0 -1 0 0 0 32002 32002 0 0 0 0 0 0
WIT 7 -280 -279 -253 -259 -256 3929 0 0 0 32002 0 -1 0 0 0 32002 32002 0 0 0 0 0 0
WIT 7 -280 -279 -266 -272 -251 3929 0 0 0 32002 0 -1 0 0 0 32002 32002 0 0 0 0 0 0
WIT 7 -280 -279 -205 -211 -161 0 0 0 0 32002 0 -1 0 0 0 32002 32002 0 0 0 0 0 0
WIT 7 -280 -279 -254 -260 -225 3929 0 0 0 32002 0 -1 0 0 0 32002 32002 0 0 0 0 0 0
WIT 7 -280 -279 -239 -245 -190 0 0 0 0 32002 0 -1 0 0 0 32002 32002 0 0 0 0 0 0
WIT 7 -280 -279 -241 -247 -202 3929 0 0 0 32002 0 -1 0 0 0 32002 32002 0 0 0 0 0 0
WIT 7 -280 -279 -274 -280 -261 3929 0 0 0 32002 0 -1 0 0 0 32002 32002 0 0 0 0 0 0
WIT 7 -280 -279 -270 -276 -276 3929 0 0 0 32002 0 -1 0 0 0 32002 32002 0 0 0 0 0 0
WIT 7 -280 -279 -246 -252 -223 3929 0 0 0 32002 0 -1 0 0 0 32002 32002 0 0 0 0 0 0
WIT 7 -280 -279 -285 -291 -278 3929 0 0 0 32002 0 -1 0 0 0 32002 32002 0 0 0 0 0 0
WIT 7 -280 -279 -240 -246 -225 3929 0 0 0 32002 0 -1 0 0 0 32002 32002 0 0 0 0 0 0
WIT 8 -280 -279 -285 -292 -299 0 0 0 0 -280 0 -1 0 0 0 32002 32002 0 0 0 0 0 0
WIT 9 -280 -279 -285 -293 -294 0 0 0 0 -280 0 -1 0 0 0 32002 32002 0 0 0 0 0 0
WIT 8 -280 -279 -270 -285 -286 0 0 0 0 -280 0 -1 0 0 0 32002 32002 0 0 0 0 0 0
WIT 7 -279 -278 -287 -293 -329 0 0 0 0 -249 0 -1 0 0 0 32002 32002 0 0 0 0 0 3947
WIT 10 -279 -278 -252 -261 -223 0 0 0 0 32002 0 -1 0 0 0 32002 32002 0 0 0 0 0 0
WIT 8 -279 -278 -280 -287 -288 0 0 0 0 -279 0 -1 0 0 0 32002 32002 0 0 0 0 0 0
WIT 8 303 304 304 297 278 0 0 0 0 303 0 -1 0 0 0 32002 32002 0 0 0 0 0 0
WIT 7 -304 -303 -302 -308 -292 0 0 0 0 32002 0 -1 0 0 0 32002 32002 0 0 0 0 0 0
WIT 7 -304 -303 -211 -217 -227 0 0 0 0 -300 0 -1 0 0 0 32002 32002 0 0 0 0 0 2723
WIT 12 303 304 317 294 286 0 0 0 0 303 0 -1 0 0 0 32002 32002 0 0 0 0 0 0
WIT 7 -279 -278 -302 -308 -378 0 0 0 0 -279 0 -1 0 0 0 32002 32002 0 0 0 0 0 0
WIT 8 303 304 347 340 339 0 0 0 0 303 0 -1 0 0 0 32002 32002 0 0 0 0 0 0
WIT 10 -304 -303 -340 -349 -350 0 0 0 0 -304 0 -1 0 0 0 32002 32002 0 0 0 0 0 3929
WIT 6 -304 -303 -260 -265 -266 0 0 0 0 -273 0 -1 0 0 0 32002 32002 0 0 0 0 0 3929
WIT 10 303 304 324 305 304 0 0 0 0 303 0 -1 0 0 0 32002 32002 0 0 0 0 0 0
WIT 7 -304 -278 -303 -309 -324 0 0 0 0 -304 0 -1 0 0 0 32002 32002 0 0 0 0 0 3372
WIT 8 302 303 342 335 335 75 0 0 0 32002 0 -1 0 0 0 32002 32002 0 0 0 0 0 0
WIT 9 -304 -278 -303 -311 -291 3372 0 0 1 -303 1 1 8444 1 1 -303 -303 0 0 0 0 17 2268
WIT 7 -304 -303 -267 -273 -243 0 0 0 0 32002 0 -1 0 0 0 32002 32002 0 0 0 0 0 0
WIT 10 302 303 366 347 347 405 0 0 0 32002 0 -1 0 0 0 32002 32002 0 0 0 0 0 0
WIT 7 302 303 342 336 401 1828 0 0 0 32002 0 -1 0 0 0 32002 32002 0 0 0 0 0 0
WIT 8 -300 -299 -265 -272 -302 0 0 0 0 -267 0 -1 0 0 0 32002 32002 0 0 0 0 0 3929
WIT 6 326 327 303 298 297 0 0 0 0 318 0 -1 0 0 0 32002 32002 0 0 0 0 0 0
WIT 6 303 304 349 344 344 82 0 0 0 32002 0 -1 0 0 0 32002 32002 0 0 0 0 0 0
WIT 7 -300 -299 -269 -275 -275 3690 0 0 0 32002 0 -1 0 0 0 32002 32002 0 0 0 0 0 0
WIT 11 -300 -299 -300 -321 -323 0 0 0 0 -299 0 -1 0 0 0 32002 32002 0 0 0 0 0 2723
WIT 6 -300 -299 -264 -269 -285 0 0 0 0 -252 0 -1 0 0 0 32002 32002 0 0 0 0 0 3372
WIT 11 -300 -299 -280 -290 -291 0 0 0 0 -291 0 -1 0 0 0 32002 32002 0 0 0 0 0 2268
WIT 8 -286 -285 -269 -284 -284 3929 0 0 0 32002 0 -1 0 0 0 32002 32002 0 0 0 0 0 0
WIT 7 -286 -285 -271 -284 -360 0 0 0 0 -284 0 -1 0 0 0 32002 32002 0 0 0 0 0 3372
WIT 7 -286 -285 -285 -298 -292 3929 0 0 1 -285 0 -1 0 0 0 32002 32002 0 0 0 0 0 3947
WIT 6 -286 -285 -281 -286 -337 0 0 0 0 -285 0 -1 0 0 0 32002 32002 0 0 0 0 0 3372
WIT 7 -286 -285 -301 -307 -256 0 0 0 0 32002 0 -1 0 0 0 32002 32002 0 0 0 0 0 0
WIT 7 -286 -285 -297 -310 -310 3699 0 0 1 -292 1 1 19847 1 1 -286 -300 0 0 0 0 3 0
WIT 8 -313 -285 -299 -306 -305 3372 0 0 1 -304 1 1 24600 1 1 -304 -299 0 0 0 0 55 3372
WIT 9 298 299 317 309 327 1828 0 0 0 32002 0 -1 0 0 0 32002 32002 0 0 0 0 0 0
WIT 9 298 299 342 334 396 1828 0 0 0 32002 0 -1 0 0 0 32002 32002 0 0 0 0 0 0
WIT 7 298 299 350 337 331 0 0 0 0 299 0 -1 0 0 0 32002 32002 0 0 0 0 0 1114
WIT 10 -313 -285 -299 -308 -305 3372 0 0 1 -299 1 1 24972 1 1 -299 -299 0 0 0 0 35 2268
WIT 7 -300 -299 -244 -250 -193 0 0 0 0 32002 0 -1 0 0 0 32002 32002 0 0 0 0 0 0
WIT 7 -300 -299 -251 -257 -219 0 0 0 0 32002 0 -1 0 0 0 32002 32002 0 0 0 0 0 0
WIT 13 298 299 304 279 296 405 0 0 1 304 0 -1 0 0 0 32002 32002 0 0 0 0 0 396
WIT 10 298 299 303 294 294 396 0 0 1 303 0 -1 0 0 0 32002 32002 0 0 0 0 0 405
WIT 10 298 299 328 319 363 396 0 0 0 32002 0 -1 0 0 0 32002 32002 0 0 0 0 0 0
WIT 10 298 299 318 309 377 405 0 0 0 32002 0 -1 0 0 0 32002 32002 0 0 0 0 0 0
WIT 10 298 299 317 308 324 405 0 0 0 32002 0 -1 0 0 0 32002 32002 0 0 0 0 0 0
WIT 10 298 299 366 347 347 405 0 0 0 32002 0 -1 0 0 0 32002 32002 0 0 0 0 0 0
WIT 10 298 299 363 354 371 396 0 0 0 32002 0 -1 0 0 0 32002 32002 0 0 0 0 0 0

===========================
Total time (ms) : 14
Nodes searched  : 10117
Nodes/second    : 722642
