
Position: 1/1 (2kr1bnr/pppq3p/2n1bp2/3p2p1/3P4/1P2PN2/PBP1BPPP/RN1QK2R w KQ - 0 9)
WIT 6 -400 -399 -416 -421 -415 3112 0 0 1 -390 0 -1 0 0 0 32002 32002 0 0 0 0 0 2462
WIT 6 -400 -399 -352 -357 -277 3559 0 0 0 32002 0 -1 0 0 0 32002 32002 0 0 0 0 0 0
WIT 7 -378 -377 -356 -362 -391 0 0 0 0 -377 0 -1 0 0 0 32002 32002 0 0 0 0 0 3559
WIT 6 -378 -377 -366 -371 -372 0 0 0 0 -377 0 -1 0 0 0 32002 32002 0 0 0 0 0 2462
WIT 7 398 399 429 416 416 1355 0 0 0 32002 0 -1 0 0 0 32002 32002 0 0 0 0 0 0
WIT 7 398 399 436 430 413 0 0 0 0 391 0 -1 0 0 0 32002 32002 0 0 0 0 0 1699
WIT 7 419 420 417 411 392 0 0 0 0 424 0 -1 0 0 0 32002 32002 0 0 0 0 0 1699
WIT 7 -416 -415 -356 -369 -400 0 0 0 0 -390 0 -1 0 0 0 32002 32002 0 0 0 0 0 2527
WIT 8 -377 -376 -375 -390 -414 0 0 0 0 -365 0 -1 0 0 0 32002 32002 0 0 0 0 0 2007
WIT 7 -377 -376 -398 -411 -417 0 0 0 0 -377 0 -1 0 0 0 32002 32002 0 0 0 0 0 0
WIT 10 415 416 377 368 379 1114 1 0 0 478 0 -1 0 0 0 32002 32002 0 0 0 0 0 1250
WIT 9 415 416 377 360 315 0 0 0 0 435 0 -1 0 0 0 32002 32002 0 0 0 0 0 275
WIT 7 415 416 536 530 431 0 0 0 0 563 0 -1 0 0 0 32002 32002 0 0 0 0 0 1114
WIT 8 415 416 416 401 370 0 0 0 0 415 0 -1 0 0 0 32002 32002 0 0 0 0 0 0
WIT 7 415 416 410 404 420 82 0 0 0 32002 0 -1 0 0 0 32002 32002 0 0 0 0 0 0
WIT 7 415 416 429 416 410 0 0 0 0 392 0 -1 0 0 0 32002 32002 0 0 0 0 0 0
WIT 6 -377 -376 -377 -382 -418 0 0 0 0 -392 0 -1 0 0 0 32002 32002 0 0 0 0 0 0
WIT 7 382 383 640 627 389 0 0 0 0 391 0 -1 0 0 0 32002 32002 0 0 0 0 0 1699
WIT 6 -383 -382 -353 -358 -356 3769 0 0 0 32002 0 -1 0 0 0 32002 32002 0 0 0 0 0 0
WIT 7 -383 -382 -315 -321 -327 0 0 0 0 -345 0 -1 0 0 0 32002 32002 0 0 0 0 0 2851
WIT 7 -383 -382 -329 -335 -427 0 0 0 0 -349 0 -1 0 0 0 32002 32002 0 0 0 0 0 3363
WIT 6 -383 -382 -339 -344 -359 0 0 0 0 -382 0 -1 0 0 0 32002 32002 0 0 0 0 0 3363
WIT 8 -383 -382 -327 -334 -325 3769 0 0 0 32002 0 -1 0 0 0 32002 32002 0 0 0 0 0 0
WIT 7 382 424 390 384 355 0 0 0 0 361 0 -1 0 0 0 32002 32002 0 0 0 0 0 0
WIT 7 382 424 389 383 363 0 0 0 0 382 0 -1 0 0 0 32002 32002 0 0 0 0 0 0
WIT 8 -383 -382 -390 -397 -385 3769 0 0 1 -329 0 -1 0 0 0 32002 32002 0 0 0 0 0 4020
WIT 8 -383 -382 -329 -336 -326 3559 0 0 0 32002 0 -1 0 0 0 32002 32002 0 0 0 0 0 0
WIT 8 -383 -382 -391 -398 -329 4020 0 0 0 32002 0 -1 0 0 0 32002 32002 0 0 0 0 0 0
WIT 7 -383 -382 -379 -385 -376 2462 0 0 0 32002 0 -1 0 0 0 32002 32002 0 0 0 0 0 0
WIT 7 -383 -382 -362 -368 -320 3559 0 0 0 32002 0 -1 0 0 0 32002 32002 0 0 0 0 0 0
WIT 7 -383 -382 -353 -359 -344 3559 0 0 0 32002 0 -1 0 0 0 32002 32002 0 0 0 0 0 0
WIT 7 -383 -382 -359 -365 -329 3559 0 0 0 32002 0 -1 0 0 0 32002 32002 0 0 0 0 0 0
WIT 8 -383 -382 -364 -371 -345 3559 0 0 0 32002 0 -1 0 0 0 32002 32002 0 0 0 0 0 0
WIT 8 -362 -361 -356 -363 -361 4013 0 0 0 32002 0 -1 0 0 0 32002 32002 0 0 0 0 0 0
WIT 7 -362 -361 -316 -322 -300 4013 0 0 0 32002 0 -1 0 0 0 32002 32002 0 0 0 0 0 0
WIT 8 -382 -361 -359 -366 -375 0 0 0 0 -361 0 -1 0 0 0 32002 32002 0 0 0 0 0 2917
WIT 11 -362 -361 -363 -384 -349 2851 1 0 0 32002 0 -1 0 0 0 32002 32002 0 0 0 0 0 0
WIT 6 -362 -361 -377 -382 -362 2917 0 0 1 -367 1 1 23830 1 1 -362 -344 0 0 0 0 19 2917
WIT 9 -362 -361 -377 -394 -376 2917 0 0 1 -357 0 -1 0 0 0 32002 32002 0 0 0 0 0 4020
WIT 7 -362 -361 -311 -317 -257 4020 0 0 0 32002 0 -1 0 0 0 32002 32002 0 0 0 0 0 0
WIT 9 -382 -361 -377 -385 -416 0 0 0 0 -361 0 -1 0 0 0 32002 32002 0 0 0 0 0 2462
WIT 11 -362 -361 -382 -403 -375 2462 0 0 1 -361 0 -1 0 0 0 32002 32002 0 0 0 0 0 3559
WIT 10 -362 -361 -334 -343 -310 3559 0 0 0 32002 0 -1 0 0 0 32002 32002 0 0 0 0 0 0
WIT 10 -362 -361 -382 -391 -391 3559 0 0 1 -361 0 -1 0 0 0 32002 32002 0 0 0 0 0 2462
WIT 10 -362 -361 -334 -343 -290 2462 0 0 0 32002 0 -1 0 0 0 32002 32002 0 0 0 0 0 0
WIT 10 -362 -361 -344 -353 -349 2462 0 0 0 32002 0 -1 0 0 0 32002 32002 0 0 0 0 0 0
WIT 9 -362 -361 -292 -300 -200 3929 1 0 0 32002 0 -1 0 0 0 32002 32002 0 0 0 0 0 0
WIT 10 -362 -361 -326 -335 -336 0 0 0 0 -361 0 -1 0 0 0 32002 32002 0 0 0 0 0 2462
WIT 9 -334 -333 -361 -378 -378 3956 0 0 1 -309 0 -1 0 0 0 32002 32002 0 0 0 0 0 4013
WIT 7 -334 -333 -356 -362 -361 4013 0 0 1 -333 0 -1 0 0 0 32002 32002 0 0 0 0 0 3956
WIT 8 -361 -333 -361 -368 -375 0 0 0 0 -333 0 -1 0 0 0 32002 32002 0 0 0 0 0 2917
WIT 11 -334 -333 -363 -384 -349 2851 1 0 0 -339 0 -1 0 0 0 32002 32002 0 0 0 0 0 2851
WIT 6 -334 -333 -357 -362 -348 2917 0 0 1 -329 0 -1 0 0 0 32002 32002 0 0 0 0 0 3559
WIT 9 -334 -333 -357 -374 -372 2917 0 0 1 -333 0 -1 0 0 0 32002 32002 0 0 0 0 0 4020
WIT 9 -334 -333 -311 -319 -253 4020 0 0 0 32002 0 -1 0 0 0 32002 32002 0 0 0 0 0 0
WIT 9 -361 -333 -361 -369 -416 0 0 0 0 -333 0 -1 0 0 0 32002 32002 0 0 0 0 0 2462
WIT 11 -334 -333 -361 -382 -372 2462 0 0 1 -327 0 -1 0 0 0 32002 32002 0 0 0 0 0 3559
WIT 9 -334 -333 -334 -342 -310 3559 0 0 0 32002 0 -1 0 0 0 32002 32002 0 0 0 0 0 0
WIT 10 -334 -333 -331 -340 -268 3559 0 0 0 32002 0 -1 0 0 0 32002 32002 0 0 0 0 0 0
WIT 8 -334 -333 -334 -341 -293 2462 0 0 0 32002 0 -1 0 0 0 32002 32002 0 0 0 0 0 0
WIT 9 -334 -333 -344 -352 -348 2462 0 0 1 -292 0 -1 0 0 0 32002 32002 0 0 0 0 0 2917
WIT 8 -334 -333 -292 -299 -206 3929 1 0 0 32002 0 -1 0 0 0 32002 32002 0 0 0 0 0 0
WIT 8 -334 -333 -361 -368 -368 3559 0 0 1 -333 0 -1 0 0 0 32002 32002 0 0 0 0 0 2462
WIT 8 -334 -333 -338 -345 -341 3559 0 0 1 -319 0 -1 0 0 0 32002 32002 0 0 0 0 0 2462
WIT 8 -334 -333 -350 -357 -321 2462 0 0 0 32002 0 -1 0 0 0 32002 32002 0 0 0 0 0 0
WIT 8 -334 -333 -357 -364 -331 2462 0 0 0 32002 0 -1 0 0 0 32002 32002 0 0 0 0 0 0
WIT 9 -334 -333 -361 -369 -369 3559 0 0 1 -255 0 -1 0 0 0 32002 32002 0 0 0 0 0 2917
WIT 8 -334 -333 -306 -313 -300 3559 0 0 0 32002 0 -1 0 0 0 32002 32002 0 0 0 0 0 0
WIT 8 -334 -333 -361 -376 -377 0 0 0 0 -300 0 -1 0 0 0 32002 32002 0 0 0 0 0 2462
WIT 6 -296 -295 -311 -316 -394 0 0 0 0 -290 0 -1 0 0 0 32002 32002 0 0 0 0 0 3769
WIT 8 -296 -295 -314 -321 -309 3769 0 0 1 -290 0 -1 0 0 0 32002 32002 0 0 0 0 0 4013
WIT 8 -333 -295 -321 -328 -328 3929 0 0 1 -295 0 -1 0 0 0 32002 32002 0 0 0 0 0 2851
WIT 7 -296 -295 -283 -296 -296 3769 0 0 1 -271 0 -1 0 0 0 32002 32002 0 0 0 0 0 3956
WIT 9 -296 -295 -311 -328 -328 3956 0 0 1 -283 0 -1 0 0 0 32002 32002 0 0 0 0 0 4013
WIT 7 -296 -295 -316 -322 -300 4013 0 0 1 -248 0 -1 0 0 0 32002 32002 0 0 0 0 0 3956
WIT 9 -333 -295 -333 -341 -371 0 0 0 0 -295 0 -1 0 0 0 32002 32002 0 0 0 0 0 2917
WIT 8 -296 -295 -290 -297 -294 3769 0 0 0 32002 0 -1 0 0 0 32002 32002 0 0 0 0 0 0
WIT 8 -296 -295 -295 -310 -310 3956 0 0 1 -295 0 -1 0 0 0 32002 32002 0 0 0 0 0 4013
WIT 7 -296 -295 -320 -326 -327 0 0 0 0 -295 0 -1 0 0 0 32002 32002 0 0 0 0 0 2917
WIT 12 -296 -295 -321 -344 -327 3299 1 0 0 -295 0 -1 0 0 0 32002 32002 0 0 0 0 0 2851
WIT 6 -296 -295 -329 -334 -318 2917 0 0 1 -295 0 -1 0 0 0 32002 32002 0 0 0 0 0 3559
WIT 10 -296 -295 -333 -352 -339 2917 0 0 1 -295 0 -1 0 0 0 32002 32002 0 0 0 0 0 4020
WIT 9 -296 -295 -311 -319 -253 4020 0 0 0 32002 0 -1 0 0 0 32002 32002 0 0 0 0 0 0
WIT 9 -333 -295 -333 -341 -416 0 0 0 0 -295 0 -1 0 0 0 32002 32002 0 0 0 0 0 2462
WIT 6 -296 -295 -327 -332 -286 2917 0 0 0 32002 0 -1 0 0 0 32002 32002 0 0 0 0 0 0
WIT 11 -296 -295 -327 -348 -348 2462 0 0 1 -287 0 -1 0 0 0 32002 32002 0 0 0 0 0 3559
WIT 10 -296 -295 -331 -340 -268 3559 0 0 0 32002 0 -1 0 0 0 32002 32002 0 0 0 0 0 0
WIT 10 -296 -295 -296 -305 -297 2462 0 0 1 -262 0 -1 0 0 0 32002 32002 0 0 0 0 0 2917
WIT 9 -296 -295 -334 -342 -310 3559 0 0 1 -251 0 -1 0 0 0 32002 32002 0 0 0 0 0 2462
WIT 8 -296 -295 -350 -357 -343 3559 0 0 1 -237 0 -1 0 0 0 32002 32002 0 0 0 0 0 2462
WIT 8 -296 -295 -348 -355 -322 3559 0 0 1 -295 0 -1 0 0 0 32002 32002 0 0 0 0 0 2462
WIT 8 -296 -295 -334 -341 -293 2462 0 0 0 32002 0 -1 0 0 0 32002 32002 0 0 0 0 0 0
WIT 8 -296 -295 -306 -313 -253 3559 0 0 0 32002 0 -1 0 0 0 32002 32002 0 0 0 0 0 0
WIT 8 -296 -295 -323 -330 -312 3559 0 0 1 -256 0 -1 0 0 0 32002 32002 0 0 0 0 0 4020
WIT 8 -296 -295 -292 -299 -206 3929 1 0 0 32002 0 -1 0 0 0 32002 32002 0 0 0 0 0 0
WIT 8 -296 -295 -333 -340 -330 2462 0 0 1 -286 0 -1 0 0 0 32002 32002 0 0 0 0 0 3920
WIT 8 -296 -295 -333 -340 -340 3559 0 0 1 -295 0 -1 0 0 0 32002 32002 0 0 0 0 0 2462
WIT 8 -296 -295 -350 -357 -321 2462 0 0 1 -289 0 -1 0 0 0 32002 32002 0 0 0 0 0 4020
WIT 8 -296 -295 -320 -327 -300 3559 0 0 1 -217 0 -1 0 0 0 32002 32002 0 0 0 0 0 2462
WIT 8 -296 -295 -357 -364 -331 2462 0 0 1 -280 0 -1 0 0 0 32002 32002 0 0 0 0 0 4020
WIT 9 -296 -295 -262 -270 -223 3559 0 0 0 32002 0 -1 0 0 0 32002 32002 0 0 0 0 0 0
WIT 7 -296 -295 -268 -274 -228 4020 0 0 0 32002 0 -1 0 0 0 32002 32002 0 0 0 0 0 0
WIT 8 -296 -295 -303 -318 -340 0 0 0 0 -261 0 -1 0 0 0 32002 32002 0 0 0 0 0 2462
WIT 8 -296 -295 -316 -323 -263 4020 0 0 0 32002 0 -1 0 0 0 32002 32002 0 0 0 0 0 0
WIT 7 -245 -244 -295 -308 -308 3956 0 0 1 -228 0 -1 0 0 0 32002 32002 0 0 0 0 0 4013
WIT 8 -295 -244 -295 -302 -300 3929 0 0 1 -230 0 -1 0 0 0 32002 32002 0 0 0 0 0 2851
WIT 7 -245 -244 -274 -287 -287 3769 0 0 1 -241 0 -1 0 0 0 32002 32002 0 0 0 0 0 3956
WIT 11 -245 -244 -275 -285 -286 0 0 0 0 -244 0 -1 0 0 0 32002 32002 0 0 0 0 0 4013
WIT 6 -245 -244 -283 -288 -248 2851 1 0 0 -237 0 -1 0 0 0 32002 32002 0 0 0 0 0 2915
WIT 11 -245 -244 -284 -305 -305 3956 0 0 1 -241 0 -1 0 0 0 32002 32002 0 0 0 0 0 4013
WIT 8 -245 -244 -253 -260 -255 4013 0 0 1 -202 0 -1 0 0 0 32002 32002 0 0 0 0 0 3956
WIT 9 -295 -244 -295 -303 -370 0 0 0 0 -244 0 -1 0 0 0 32002 32002 0 0 0 0 0 2917
WIT 7 -245 -244 -295 -308 -308 3929 0 0 1 -230 0 -1 0 0 0 32002 32002 0 0 0 0 0 2917
WIT 6 -245 -244 -240 -245 -212 2917 0 0 0 32002 0 -1 0 0 0 32002 32002 0 0 0 0 0 0
WIT 12 -245 -244 -295 -318 -312 3299 1 0 0 -231 0 -1 0 0 0 32002 32002 0 0 0 0 0 2851
WIT 6 -245 -244 -250 -255 -253 0 0 0 0 -242 0 -1 0 0 0 32002 32002 0 0 0 0 0 3363
WIT 7 -245 -244 -295 -301 -291 2917 0 0 1 -262 1 1 49691 1 1 -245 -247 0 0 0 0 7 0
WIT 11 -245 -244 -295 -316 -312 2917 0 0 1 -246 1 1 60847 1 1 -245 -244 0 0 0 0 21 2917
WIT 9 -295 -244 -295 -303 -392 0 0 0 0 -244 0 -1 0 0 0 32002 32002 0 0 0 0 0 2462
WIT 7 -245 -244 -267 -273 -178 2917 0 0 0 32002 0 -1 0 0 0 32002 32002 0 0 0 0 0 0
WIT 6 -245 -244 -257 -262 -198 2917 0 0 0 32002 0 -1 0 0 0 32002 32002 0 0 0 0 0 0
WIT 8 -245 -244 -382 -389 -368 2007 0 0 1 -244 0 -1 0 0 0 32002 32002 0 0 0 0 0 4020
WIT 7 -245 -244 -287 -300 -384 0 0 0 0 -244 0 -1 0 0 0 32002 32002 0 0 0 0 0 2527
WIT 6 -245 -244 -327 -332 -286 2917 0 0 1 -241 0 -1 0 0 0 32002 32002 0 0 0 0 0 2527
WIT 12 -245 -244 -287 -310 -310 2462 0 0 1 -244 0 -1 0 0 0 32002 32002 0 0 0 0 0 3559
WIT 6 -245 -244 -329 -334 -343 0 0 0 0 -238 0 -1 0 0 0 32002 32002 0 0 0 0 0 2917
WIT 11 -245 -244 -331 -341 -254 3559 0 0 1 -244 0 -1 0 0 0 32002 32002 0 0 0 0 0 2462
WIT 10 -245 -244 -265 -274 -250 2462 0 0 1 -244 0 -1 0 0 0 32002 32002 0 0 0 0 0 2917
WIT 9 -245 -244 -255 -263 -235 3559 0 0 0 32002 0 -1 0 0 0 32002 32002 0 0 0 0 0 0
WIT 8 -245 -244 -243 -250 -188 3559 0 0 0 32002 0 -1 0 0 0 32002 32002 0 0 0 0 0 0
WIT 8 -245 -244 -295 -302 -284 3559 0 0 1 -244 0 -1 0 0 0 32002 32002 0 0 0 0 0 2462
WIT 6 -245 -244 -215 -220 -266 0 0 0 0 -221 0 -1 0 0 0 32002 32002 0 0 0 0 0 2917
WIT 8 -245 -244 -334 -341 -293 2462 0 0 1 -245 1 1 21582 1 1 -245 -241 0 0 0 0 30 2462
WIT 8 -245 -244 -306 -313 -253 3559 0 0 1 -184 0 -1 0 0 0 32002 32002 0 0 0 0 0 2462
WIT 8 -245 -244 -260 -267 -267 3559 0 0 1 -205 0 -1 0 0 0 32002 32002 0 0 0 0 0 4020
WIT 8 -245 -244 -292 -299 -206 3929 1 0 0 32002 0 -1 0 0 0 32002 32002 0 0 0 0 0 0
WIT 8 -245 -244 -287 -294 -293 2462 0 0 1 -239 0 -1 0 0 0 32002 32002 0 0 0 0 0 3920
WIT 8 -245 -244 -263 -270 -252 2462 0 0 1 -214 0 -1 0 0 0 32002 32002 0 0 0 0 0 3559
WIT 8 -245 -244 -295 -302 -302 3559 0 0 1 -244 0 -1 0 0 0 32002 32002 0 0 0 0 0 2462
WIT 8 -245 -244 -289 -296 -254 2462 0 0 1 -218 0 -1 0 0 0 32002 32002 0 0 0 0 0 4020
WIT 8 -245 -244 -225 -232 -220 3559 0 0 0 32002 0 -1 0 0 0 32002 32002 0 0 0 0 0 0
WIT 8 -245 -244 -281 -288 -254 2462 0 0 1 -198 0 -1 0 0 0 32002 32002 0 0 0 0 0 4020
WIT 9 -245 -244 -262 -270 -262 3929 0 0 1 -185 0 -1 0 0 0 32002 32002 0 0 0 0 0 2917
WIT 9 -245 -244 -261 -269 -173 4020 0 0 0 32002 0 -1 0 0 0 32002 32002 0 0 0 0 0 0
WIT 7 -245 -244 -268 -274 36 4020 0 0 0 32002 0 -1 0 0 0 32002 32002 0 0 0 0 0 0
WIT 8 -245 -244 -264 -279 -312 0 0 0 0 -192 0 -1 0 0 0 32002 32002 0 0 0 0 0 2462
WIT 8 -245 -244 -316 -323 -318 4020 0 0 1 -199 0 -1 0 0 0 32002 32002 0 0 0 0 0 2462
WIT 6 -176 -175 -244 -249 -235 2851 1 0 0 -125 0 -1 0 0 0 32002 32002 0 0 0 0 0 2915
WIT 6 -176 -175 -218 -223 -193 3769 0 0 1 134 0 -1 0 0 0 32002 32002 0 0 0 0 0 3956
WIT 8 -244 -175 -244 -251 -251 3769 0 0 1 -175 0 -1 0 0 0 32002 32002 0 0 0 0 0 4013
WIT 10 -176 -175 -231 -250 -250 3929 0 0 1 -180 1 2 7750 1 1 -176 -178 1 1 1 1 7 0
WIT 8 -176 -175 -230 -245 -245 3956 0 0 1 -170 0 -1 0 0 0 32002 32002 0 0 0 0 0 4013
WIT 8 -176 -175 -206 -213 -169 4013 0 0 0 32002 0 -1 0 0 0 32002 32002 0 0 0 0 0 0
WIT 9 -176 -175 -241 -258 -250 3956 0 0 1 -128 0 -1 0 0 0 32002 32002 0 0 0 0 0 4013
WIT 8 243 244 430 423 374 0 0 0 0 244 0 -1 0 0 0 32002 32002 0 0 0 0 0 1177
WIT 10 243 244 432 423 402 0 0 0 0 378 0 -1 0 0 0 32002 32002 0 0 0 0 0 1114
WIT 7 243 244 383 377 377 918 0 0 0 32002 0 -1 0 0 0 32002 32002 0 0 0 0 0 0
WIT 6 243 244 416 411 410 0 0 0 0 244 0 -1 0 0 0 32002 32002 0 0 0 0 0 528
WIT 9 -244 -175 -244 -252 -339 0 0 0 0 -244 0 -1 0 0 0 32002 32002 0 0 0 0 0 0
WIT 7 243 244 431 425 425 275 0 0 0 32002 0 -1 0 0 0 32002 32002 0 0 0 0 0 0
WIT 6 243 244 443 438 398 0 0 0 0 277 0 -1 0 0 0 32002 32002 0 0 0 0 0 275
WIT 8 -244 -243 -415 -430 -431 0 0 0 0 -244 0 -1 0 0 0 32002 32002 0 0 0 0 0 0
WIT 8 243 244 419 404 359 0 0 0 0 244 0 -1 0 0 0 32002 32002 0 0 0 0 0 1348
WIT 11 -244 -243 -244 -265 -324 0 0 0 0 -244 0 -1 0 0 0 32002 32002 0 0 0 0 0 0
WIT 7 243 244 410 404 392 0 0 0 0 282 0 -1 0 0 0 32002 32002 0 0 0 0 0 1375
WIT 10 -244 -243 -244 -263 -312 0 0 0 0 -244 0 -1 0 0 0 32002 32002 0 0 0 0 0 0
WIT 8 243 244 416 401 400 0 0 0 0 244 0 -1 0 0 0 32002 32002 0 0 0 0 0 49415
WIT 9 -244 -175 -244 -252 -350 0 0 0 0 -244 0 -1 0 0 0 32002 32002 0 0 0 0 0 0
WIT 6 242 243 244 239 239 82 0 0 1 244 0 -1 0 0 0 32002 32002 0 0 0 0 0 49415
WIT 6 -244 -243 89 84 26 0 0 0 0 -243 0 -1 0 0 0 32002 32002 0 0 0 0 0 3956
WIT 7 -244 -243 -244 -250 -190 2851 1 0 0 32002 0 -1 0 0 0 32002 32002 0 0 0 0 0 0
WIT 7 -244 -243 -175 -188 -189 0 0 0 0 -243 0 -1 0 0 0 32002 32002 0 0 0 0 0 4013
WIT 7 175 338 244 238 206 0 0 0 0 243 0 -1 0 0 0 32002 32002 0 0 0 0 0 918
WIT 9 -244 -243 -221 -229 -182 3769 0 0 0 32002 0 -1 0 0 0 32002 32002 0 0 0 0 0 0
WIT 6 -244 -243 -237 -242 -214 3559 0 0 0 32002 0 -1 0 0 0 32002 32002 0 0 0 0 0 0
WIT 7 -244 -243 -244 -257 -276 0 0 0 0 -243 0 -1 0 0 0 32002 32002 0 0 0 0 0 2917
WIT 7 175 338 244 238 237 0 0 0 0 243 0 -1 0 0 0 32002 32002 0 0 0 0 0 1375
WIT 7 -244 -243 -244 -257 -264 0 0 0 0 -244 0 -1 0 0 0 32002 32002 0 0 0 0 0 0
WIT 12 300 301 262 239 217 0 0 0 0 301 0 -1 0 0 0 32002 32002 0 0 0 0 0 918
WIT 7 300 301 339 333 312 0 0 0 0 328 0 -1 0 0 0 32002 32002 0 0 0 0 0 918
WIT 10 300 301 284 265 244 0 0 0 0 301 0 -1 0 0 0 32002 32002 0 0 0 0 0 789
WIT 8 300 301 318 311 307 0 0 0 0 341 0 -1 0 0 0 32002 32002 0 0 0 0 0 1763
WIT 11 300 301 244 223 201 0 0 0 0 301 0 -1 0 0 0 32002 32002 0 0 0 0 0 82
WIT 12 300 301 244 221 213 0 0 0 0 301 0 -1 0 0 0 32002 32002 0 0 0 0 0 1699
WIT 8 300 301 304 297 347 0 0 0 0 32002 0 -1 0 0 0 32002 32002 0 0 0 0 0 0
WIT 6 300 301 421 416 415 0 0 0 0 327 0 -1 0 0 0 32002 32002 0 0 0 0 0 82
WIT 6 300 301 416 411 410 0 0 0 0 318 0 -1 0 0 0 32002 32002 0 0 0 0 0 82
WIT 11 300 301 244 223 222 0 0 0 0 301 0 -1 0 0 0 32002 32002 0 0 0 0 0 666
WIT 11 300 301 404 394 335 0 0 0 0 301 0 -1 0 0 0 32002 32002 0 0 0 0 0 666
WIT 7 300 301 315 302 312 82 0 0 0 32002 0 -1 0 0 0 32002 32002 0 0 0 0 0 0
WIT 9 300 301 244 227 220 0 0 0 0 301 0 -1 0 0 0 32002 32002 0 0 0 0 0 1348
WIT 7 300 301 244 238 242 82 0 0 1 359 0 -1 0 0 0 32002 32002 0 0 0 0 0 1348
WIT 7 313 314 304 298 295 0 0 0 0 313 0 -1 0 0 0 32002 32002 0 0 0 0 0 0
WIT 7 288 314 301 295 254 0 0 0 0 288 0 -1 0 0 0 32002 32002 0 0 0 0 0 0
WIT 9 -289 -288 -243 -260 -231 3769 0 0 0 32002 0 -1 0 0 0 32002 32002 0 0 0 0 0 0
WIT 6 -289 -288 -116 -121 -264 0 0 0 0 -129 0 -1 0 0 0 32002 32002 0 0 0 0 0 3301
WIT 7 -289 -288 -170 -183 -188 0 0 0 0 -288 0 -1 0 0 0 32002 32002 0 0 0 0 0 4013
WIT 7 288 289 303 297 297 0 0 0 0 32002 0 -1 0 0 0 32002 32002 0 0 0 0 0 0
WIT 9 -289 -288 -170 -187 -228 0 0 0 0 -294 0 -1 0 0 0 32002 32002 0 0 0 0 0 3956
WIT 7 -289 -288 -170 -183 -185 0 0 0 0 -288 0 -1 0 0 0 32002 32002 0 0 0 0 0 2851
WIT 8 -289 -288 -243 -258 -289 0 0 0 0 -288 0 -1 0 0 0 32002 32002 0 0 0 0 0 2917
WIT 9 -289 -288 -223 -231 -298 0 0 0 0 -288 0 -1 0 0 0 32002 32002 0 0 0 0 0 2917
WIT 8 -289 -288 -241 -248 -249 0 0 0 0 -288 0 -1 0 0 0 32002 32002 0 0 0 0 0 2462
WIT 8 -289 -288 -209 -216 -257 0 0 0 0 -271 0 -1 0 0 0 32002 32002 0 0 0 0 0 4020
WIT 8 -289 -288 -292 -299 -206 3929 1 0 0 32002 0 -1 0 0 0 32002 32002 0 0 0 0 0 0
WIT 8 -289 -288 -220 -227 -218 2462 0 0 0 32002 0 -1 0 0 0 32002 32002 0 0 0 0 0 0
WIT 8 -289 -288 -307 -314 -312 3559 0 0 1 -238 0 -1 0 0 0 32002 32002 0 0 0 0 0 2462
WIT 7 -289 -288 -203 -209 -210 0 0 0 0 -279 0 -1 0 0 0 32002 32002 0 0 0 0 0 4020
WIT 8 -289 -288 -312 -319 -320 0 0 0 0 -257 0 -1 0 0 0 32002 32002 0 0 0 0 0 2917
WIT 7 -289 -288 -204 -210 -225 0 0 0 0 -260 0 -1 0 0 0 32002 32002 0 0 0 0 0 2462
WIT 8 -289 -288 -244 -251 -215 4020 0 0 0 32002 0 -1 0 0 0 32002 32002 0 0 0 0 0 0
WIT 7 -289 -288 -239 -245 -245 4020 0 0 0 32002 0 -1 0 0 0 32002 32002 0 0 0 0 0 0
WIT 8 -289 -288 -319 -326 -327 0 0 0 0 -251 0 -1 0 0 0 32002 32002 0 0 0 0 0 2917
WIT 7 -289 -288 -225 -231 -232 0 0 0 0 -254 0 -1 0 0 0 32002 32002 0 0 0 0 0 2462
WIT 6 -272 -271 -288 -293 -382 0 0 0 0 -271 0 -1 0 0 0 32002 32002 0 0 0 0 0 3559
WIT 7 -272 -271 -288 -294 -292 3559 0 0 1 -271 0 -1 0 0 0 32002 32002 0 0 0 0 0 4013
WIT 8 -275 -274 -271 -286 -317 0 0 0 0 -274 0 -1 0 0 0 32002 32002 0 0 0 0 0 2527
WIT 7 -275 -274 -271 -284 -328 0 0 0 0 -274 0 -1 0 0 0 32002 32002 0 0 0 0 0 3559
WIT 7 274 275 314 301 287 0 0 0 0 274 0 -1 0 0 0 32002 32002 0 0 0 0 0 0
WIT 7 -288 -271 -288 -294 -301 0 0 0 0 -275 0 -1 0 0 0 32002 32002 0 0 0 0 0 4013
WIT 6 -272 -271 -266 -271 -282 0 0 0 0 -266 0 -1 0 0 0 32002 32002 0 0 0 0 0 3769
WIT 9 -272 -271 -234 -242 -242 3769 0 0 0 32002 0 -1 0 0 0 32002 32002 0 0 0 0 0 0
WIT 7 -272 -271 -264 -270 -246 3769 0 0 0 32002 0 -1 0 0 0 32002 32002 0 0 0 0 0 0
WIT 7 -272 -271 -262 -268 -268 3769 0 0 0 32002 0 -1 0 0 0 32002 32002 0 0 0 0 0 0
WIT 7 -272 -271 -243 -249 -238 3769 0 0 0 32002 0 -1 0 0 0 32002 32002 0 0 0 0 0 0
WIT 7 -272 -271 -288 -294 -288 3559 0 0 1 -271 0 -1 0 0 0 32002 32002 0 0 0 0 0 4013
WIT 8 -272 -271 -274 -289 -289 3559 0 0 1 -271 0 -1 0 0 0 32002 32002 0 0 0 0 0 3769
WIT 7 -272 -271 -288 -294 -296 0 0 0 0 -271 0 -1 0 0 0 32002 32002 0 0 0 0 0 4013
WIT 7 -272 -271 -253 -259 -259 3559 0 0 0 32002 0 -1 0 0 0 32002 32002 0 0 0 0 0 0
WIT 7 -272 -271 -217 -223 -208 3769 0 0 0 32002 0 -1 0 0 0 32002 32002 0 0 0 0 0 0
WIT 7 -272 -271 -244 -250 -225 3769 0 0 0 32002 0 -1 0 0 0 32002 32002 0 0 0 0 0 0
WIT 7 -272 -271 -240 -246 -226 3769 0 0 0 32002 0 -1 0 0 0 32002 32002 0 0 0 0 0 0
WIT 7 -272 -271 -271 -277 -277 3559 0 0 1 -268 0 -1 0 0 0 32002 32002 0 0 0 0 0 4013
WIT 8 -288 -271 -288 -295 -301 0 0 0 0 -271 0 -1 0 0 0 32002 32002 0 0 0 0 0 2917
WIT 10 -272 -271 -257 -266 -256 3769 0 0 0 32002 0 -1 0 0 0 32002 32002 0 0 0 0 0 0
WIT 11 -272 -271 -259 -269 -286 0 0 0 0 -256 0 -1 0 0 0 32002 32002 0 0 0 0 0 2917
WIT 9 -272 -271 -274 -282 -282 3559 0 0 1 -265 0 -1 0 0 0 32002 32002 0 0 0 0 0 2917
WIT 9 -288 -271 -288 -296 -301 0 0 0 0 -271 0 -1 0 0 0 32002 32002 0 0 0 0 0 2462
WIT 11 -272 -271 -243 -264 -264 3559 0 0 0 32002 0 -1 0 0 0 32002 32002 0 0 0 0 0 0
WIT 7 -272 -271 -243 -256 -250 3956 0 0 0 32002 0 -1 0 0 0 32002 32002 0 0 0 0 0 0
WIT 8 271 272 244 237 225 0 0 0 0 271 0 -1 0 0 0 32002 32002 0 0 0 0 0 0
WIT 11 -272 -271 -132 -153 -153 3956 0 0 0 32002 0 -1 0 0 0 32002 32002 0 0 0 0 0 0
WIT 10 -272 -271 -288 -307 -292 3929 0 0 1 -285 1 3 -2418 1 1 -272 -284 2 0 6 0 41 0
WIT 8 271 272 341 326 248 0 0 0 0 246 0 -1 0 0 0 32002 32002 0 0 0 0 0 0
WIT 7 -272 -271 -288 -294 -379 0 0 0 0 -246 0 -1 0 0 0 32002 32002 0 0 0 0 0 2915
WIT 8 -272 -271 -253 -260 -263 0 0 0 0 -293 0 -1 0 0 0 32002 32002 0 0 0 0 0 0
WIT 8 271 272 348 341 244 0 0 0 0 292 0 -1 0 0 0 32002 32002 0 0 0 0 0 2021
WIT 6 271 272 290 285 260 0 0 0 0 280 0 -1 0 0 0 32002 32002 0 0 0 0 0 82
WIT 12 -272 -271 -288 -311 -312 0 0 0 0 -277 0 -1 0 0 0 32002 32002 0 0 0 0 0 0
WIT 6 271 272 246 241 241 794 1 0 0 358 0 -1 0 0 0 32002 32002 0 0 0 0 0 1114
WIT 11 -272 -271 -288 -309 -313 0 0 0 0 -272 0 -1 0 0 0 32002 32002 0 0 0 0 0 0
WIT 7 271 288 277 271 271 918 0 0 1 288 0 -1 0 0 0 32002 32002 0 0 0 0 0 1699
WIT 7 271 288 272 266 232 0 0 0 0 288 0 -1 0 0 0 32002 32002 0 0 0 0 0 1375
WIT 8 287 288 244 229 292 82 0 0 0 32002 0 -1 0 0 0 32002 32002 0 0 0 0 0 0
WIT 8 287 288 246 239 240 794 1 0 0 358 0 -1 0 0 0 32002 32002 0 0 0 0 0 1114
WIT 7 287 288 313 300 304 1699 1 0 0 32002 0 -1 0 0 0 32002 32002 0 0 0 0 0 0
WIT 6 287 288 441 436 419 0 0 0 0 353 0 -1 0 0 0 32002 32002 0 0 0 0 0 1348
WIT 9 287 288 303 295 323 49415 0 0 0 32002 0 -1 0 0 0 32002 32002 0 0 0 0 0 0
WIT 9 287 288 296 288 281 0 0 0 0 323 0 -1 0 0 0 32002 32002 0 0 0 0 0 1699
WIT 6 287 288 244 239 268 49415 0 0 1 294 0 -1 0 0 0 32002 32002 0 0 0 0 0 528
WIT 8 287 288 438 431 304 0 0 0 0 288 0 -1 0 0 0 32002 32002 0 0 0 0 0 1375
WIT 7 287 288 420 407 403 0 0 0 0 288 0 -1 0 0 0 32002 32002 0 0 0 0 0 82
WIT 7 287 288 244 238 265 594 0 1 0 384 0 -1 0 0 0 32002 32002 0 0 0 0 0 1355
WIT 6 310 311 290 285 321 49415 0 0 0 32002 0 -1 0 0 0 32002 32002 0 0 0 0 0 0
WIT 7 271 311 277 271 271 918 0 0 1 311 0 -1 0 0 0 32002 32002 0 0 0 0 0 1699
WIT 8 310 311 309 294 294 82 0 1 0 313 0 -1 0 0 0 32002 32002 0 0 0 0 0 594
WIT 7 271 311 288 282 202 0 0 0 0 311 0 -1 0 0 0 32002 32002 0 0 0 0 0 1375
WIT 9 310 311 244 227 303 82 0 0 1 315 0 -1 0 0 0 32002 32002 0 0 0 0 0 49415
WIT 8 310 311 358 351 321 0 0 0 0 378 0 -1 0 0 0 32002 32002 0 0 0 0 0 1375
WIT 8 310 311 350 343 317 0 0 0 0 371 0 -1 0 0 0 32002 32002 0 0 0 0 0 1114
WIT 8 310 311 288 273 294 49415 0 0 1 317 0 -1 0 0 0 32002 32002 0 0 0 0 0 82
WIT 7 310 311 372 366 366 82 0 1 0 32002 0 -1 0 0 0 32002 32002 0 0 0 0 0 0
WIT 6 317 318 292 287 271 0 0 0 0 322 0 -1 0 0 0 32002 32002 0 0 0 0 0 1187
WIT 7 317 318 279 266 237 0 0 0 0 318 0 -1 0 0 0 32002 32002 0 0 0 0 0 82
WIT 6 317 318 290 285 321 49415 0 0 0 32002 0 -1 0 0 0 32002 32002 0 0 0 0 0 0
WIT 7 317 318 493 487 781 982 1 0 0 32002 0 -1 0 0 0 32002 32002 0 0 0 0 0 0
WIT 10 317 318 314 295 330 82 0 0 0 32002 0 -1 0 0 0 32002 32002 0 0 0 0 0 0
WIT 10 317 318 371 362 422 1355 0 0 0 32002 0 -1 0 0 0 32002 32002 0 0 0 0 0 0
WIT 7 317 318 381 375 424 594 0 1 0 32002 0 -1 0 0 0 32002 32002 0 0 0 0 0 0
WIT 10 317 318 365 346 320 0 0 0 0 319 0 -1 0 0 0 32002 32002 0 0 0 0 0 1114
WIT 9 317 318 399 391 387 0 0 0 0 344 0 -1 0 0 0 32002 32002 0 0 0 0 0 1699
WIT 7 317 318 333 320 320 49415 0 0 0 32002 0 -1 0 0 0 32002 32002 0 0 0 0 0 0
WIT 7 317 318 372 366 366 82 0 1 0 32002 0 -1 0 0 0 32002 32002 0 0 0 0 0 0
WIT 7 304 332 318 312 298 0 0 1 0 304 0 -1 0 0 0 32002 32002 0 0 0 0 0 0
WIT 11 -305 -304 -243 -264 -260 3769 0 0 0 32002 0 -1 0 0 0 32002 32002 0 0 0 0 0 0
WIT 9 -305 -304 -206 -214 -166 4013 0 0 0 32002 0 -1 0 0 0 32002 32002 0 0 0 0 0 0
WIT 8 304 332 318 311 271 0 0 0 0 304 0 -1 0 0 0 32002 32002 0 0 0 0 0 0
WIT 11 -305 -304 -243 -264 -264 4020 0 0 0 32002 0 -1 0 0 0 32002 32002 0 0 0 0 0 0
WIT 8 304 332 318 311 243 0 0 0 0 304 0 -1 0 0 0 32002 32002 0 0 0 0 0 0
WIT 12 -305 -304 -244 -255 -245 2462 0 0 0 32002 0 -1 0 0 0 32002 32002 0 0 0 0 0 0
WIT 10 -305 -304 -257 -276 -276 4020 0 0 0 32002 0 -1 0 0 0 32002 32002 0 0 0 0 0 0
WIT 11 -305 -304 -271 -292 -286 3559 0 0 0 32002 0 -1 0 0 0 32002 32002 0 0 0 0 0 0
WIT 8 -305 -304 -266 -273 -270 2908 0 0 0 32002 0 -1 0 0 0 32002 32002 0 0 0 0 0 0
WIT 9 -305 -304 -267 -284 -285 0 0 0 0 -281 0 -1 0 0 0 32002 32002 0 0 0 0 0 3920
WIT 10 -305 -304 -266 -275 -271 2908 0 0 0 32002 0 -1 0 0 0 32002 32002 0 0 0 0 0 0
WIT 12 -305 -304 -266 -277 -278 0 0 0 0 -304 0 -1 0 0 0 32002 32002 0 0 0 0 0 3920
WIT 10 -305 -304 -271 -290 -286 3559 0 0 0 32002 0 -1 0 0 0 32002 32002 0 0 0 0 0 0
WIT 6 -305 -304 -288 -293 -278 3769 0 0 0 32002 0 -1 0 0 0 32002 32002 0 0 0 0 0 0
WIT 9 -305 -304 -271 -288 -289 0 0 0 0 -297 0 -1 0 0 0 32002 32002 0 0 0 0 0 4013
WIT 7 -305 -304 -243 -249 -238 3769 0 0 0 32002 0 -1 0 0 0 32002 32002 0 0 0 0 0 0
WIT 7 -305 -304 -253 -259 -254 3769 0 0 0 32002 0 -1 0 0 0 32002 32002 0 0 0 0 0 0
WIT 7 -305 -304 -271 -277 -274 3559 0 0 0 32002 0 -1 0 0 0 32002 32002 0 0 0 0 0 0
WIT 7 -305 -304 -244 -250 -217 3559 0 0 0 32002 0 -1 0 0 0 32002 32002 0 0 0 0 0 0
WIT 7 -305 -304 -217 -223 -202 3559 0 0 0 32002 0 -1 0 0 0 32002 32002 0 0 0 0 0 0
WIT 6 -305 -304 -264 -269 -251 3559 0 0 0 32002 0 -1 0 0 0 32002 32002 0 0 0 0 0 0
WIT 7 -305 -304 -268 -274 -274 3559 0 0 0 32002 0 -1 0 0 0 32002 32002 0 0 0 0 0 0
WIT 12 -305 -304 -271 -294 -303 0 0 0 0 -304 0 -1 0 0 0 32002 32002 0 0 0 0 0 2917
WIT 13 -305 -304 -257 -282 -265 3769 0 0 0 32002 0 -1 0 0 0 32002 32002 0 0 0 0 0 0
WIT 9 -305 -304 -265 -273 -237 3769 0 0 0 32002 0 -1 0 0 0 32002 32002 0 0 0 0 0 0
WIT 11 -305 -304 -271 -292 -301 0 0 0 0 -304 0 -1 0 0 0 32002 32002 0 0 0 0 0 2462
WIT 10 -305 -304 -244 -253 -241 2917 0 0 0 32002 0 -1 0 0 0 32002 32002 0 0 0 0 0 0
WIT 10 -305 -304 -288 -307 -305 4020 0 0 1 -288 0 -1 0 0 0 32002 32002 0 0 0 0 0 2462
WIT 9 -305 -304 -220 -228 -206 2462 0 0 0 32002 0 -1 0 0 0 32002 32002 0 0 0 0 0 0
WIT 10 -305 -304 -280 -299 -260 2462 0 0 0 32002 0 -1 0 0 0 32002 32002 0 0 0 0 0 0
WIT 9 -305 -304 -190 -198 -193 3559 0 0 0 32002 0 -1 0 0 0 32002 32002 0 0 0 0 0 0
WIT 8 -305 -304 -261 -268 -192 4020 0 0 0 32002 0 -1 0 0 0 32002 32002 0 0 0 0 0 0
WIT 6 -305 -304 -268 -273 2 4020 0 0 0 32002 0 -1 0 0 0 32002 32002 0 0 0 0 0 0
WIT 9 -305 -304 -197 -214 -266 0 0 0 0 -218 0 -1 0 0 0 32002 32002 0 0 0 0 0 2462
WIT 10 -305 -304 -263 -282 -280 4020 0 0 0 32002 0 -1 0 0 0 32002 32002 0 0 0 0 0 0
WIT 9 -305 -304 -190 -198 -166 3559 0 0 0 32002 0 -1 0 0 0 32002 32002 0 0 0 0 0 0
WIT 10 -305 -304 -239 -248 -248 2462 0 0 0 32002 0 -1 0 0 0 32002 32002 0 0 0 0 0 0
WIT 9 -305 -304 -217 -225 -210 2462 0 0 0 32002 0 -1 0 0 0 32002 32002 0 0 0 0 0 0
WIT 9 -305 -304 -244 -252 -252 3559 0 0 0 32002 0 -1 0 0 0 32002 32002 0 0 0 0 0 0
WIT 9 -305 -304 -255 -263 -235 3559 0 0 0 32002 0 -1 0 0 0 32002 32002 0 0 0 0 0 0
WIT 9 -305 -304 -272 -289 -278 3559 0 0 0 32002 0 -1 0 0 0 32002 32002 0 0 0 0 0 0
WIT 9 -305 -304 -243 -251 -184 3559 0 0 0 32002 0 -1 0 0 0 32002 32002 0 0 0 0 0 0
WIT 9 -305 -304 -292 -300 -200 3929 1 0 0 32002 0 -1 0 0 0 32002 32002 0 0 0 0 0 0
WIT 7 -286 -285 -285 -298 -298 4020 0 0 1 -285 0 -1 0 0 0 32002 32002 0 0 0 0 0 4013
WIT 8 -286 -285 -299 -306 -347 0 0 0 0 -286 0 -1 0 0 0 32002 32002 0 0 0 0 0 0
WIT 7 -304 -285 -304 -310 -353 0 0 0 0 -313 0 -1 0 0 0 32002 32002 0 0 0 0 0 0
WIT 8 303 304 359 352 -90 0 0 1 0 347 0 -1 0 0 0 32002 32002 0 0 0 0 0 82
WIT 8 -304 -285 -304 -311 -334 0 0 0 0 -312 0 -1 0 0 0 32002 32002 0 0 0 0 0 0
WIT 8 303 304 362 347 347 918 0 0 0 32002 0 -1 0 0 0 32002 32002 0 0 0 0 0 0
WIT 7 303 304 333 327 316 0 0 0 0 301 0 -1 0 0 0 32002 32002 0 0 0 0 0 0
WIT 11 -304 -303 -248 -258 -321 0 0 0 0 -234 0 -1 0 0 0 32002 32002 0 0 0 0 0 3299
WIT 9 -304 -303 -80 -88 -137 0 0 0 0 -381 0 -1 0 0 0 32002 32002 0 0 0 0 0 0
WIT 10 303 304 381 372 292 0 0 0 0 389 0 -1 0 0 0 32002 32002 0 0 0 0 0 798
WIT 9 303 304 303 295 295 49415 0 0 1 313 0 -1 0 0 0 32002 32002 0 0 0 0 0 1187
WIT 7 303 304 294 281 308 49415 0 0 0 32002 0 -1 0 0 0 32002 32002 0 0 0 0 0 0
WIT 7 -304 -303 -274 -280 -280 3769 0 0 0 32002 0 -1 0 0 0 32002 32002 0 0 0 0 0 0
WIT 10 -304 -303 -251 -270 -283 0 0 0 0 -331 0 -1 0 0 0 32002 32002 0 0 0 0 0 3929
WIT 7 -286 -285 -253 -259 -282 0 0 0 0 -248 0 -1 0 0 0 32002 32002 0 0 0 0 0 3359
WIT 8 -286 -285 -248 -255 -302 0 0 0 0 -285 0 -1 0 0 0 32002 32002 0 0 0 0 0 3299
WIT 8 -286 -285 -252 -267 -323 0 0 0 0 -285 0 -1 0 0 0 32002 32002 0 0 0 0 0 3359
WIT 9 -286 -285 -281 -289 -291 0 0 0 0 -285 0 -1 0 0 0 32002 32002 0 0 0 0 0 3956
WIT 9 -286 -285 -268 -276 -246 2268 0 0 0 32002 0 -1 0 0 0 32002 32002 0 0 0 0 0 0
WIT 7 -304 -285 -301 -307 -344 0 0 0 0 -285 0 -1 0 0 0 32002 32002 0 0 0 0 0 3769
WIT 7 -286 -285 -268 -274 -243 3769 0 0 0 32002 0 -1 0 0 0 32002 32002 0 0 0 0 0 0
WIT 11 -286 -285 -282 -292 -340 0 0 0 0 -285 0 -1 0 0 0 32002 32002 0 0 0 0 0 1618
WIT 7 -286 -285 -268 -274 -243 3769 0 0 0 32002 0 -1 0 0 0 32002 32002 0 0 0 0 0 0
WIT 9 -286 -285 -217 -225 -255 0 0 0 0 -285 0 -1 0 0 0 32002 32002 0 0 0 0 0 1618
WIT 10 -286 -285 -296 -315 -317 0 0 0 0 -285 0 -1 0 0 0 32002 32002 0 0 0 0 0 3929
WIT 8 -286 -285 -296 -303 -286 3769 0 0 1 -284 0 -1 0 0 0 32002 32002 0 0 0 0 0 3929
WIT 9 -304 -285 -304 -312 -318 0 0 0 0 -304 0 -1 0 0 0 32002 32002 0 0 0 0 0 2851
WIT 10 -286 -285 -243 -262 -246 3769 0 0 0 32002 0 -1 0 0 0 32002 32002 0 0 0 0 0 0
WIT 9 -286 -285 -243 -260 -246 3956 0 0 0 32002 0 -1 0 0 0 32002 32002 0 0 0 0 0 0
WIT 8 -286 -285 -175 -182 -170 3956 0 0 0 32002 0 -1 0 0 0 32002 32002 0 0 0 0 0 0
WIT 9 -286 -285 -206 -214 -215 0 0 0 0 -285 0 -1 0 0 0 32002 32002 0 0 0 0 0 3956
WIT 7 -286 -285 -241 -247 -226 3769 0 0 0 32002 0 -1 0 0 0 32002 32002 0 0 0 0 0 0
WIT 9 -304 -285 -304 -312 -332 0 0 0 0 -285 0 -1 0 0 0 32002 32002 0 0 0 0 0 2917
WIT 11 -286 -285 -243 -264 -259 4020 0 0 0 32002 0 -1 0 0 0 32002 32002 0 0 0 0 0 0
WIT 10 -304 -285 -304 -313 -325 0 0 0 0 -285 0 -1 0 0 0 32002 32002 0 0 0 0 0 2462
WIT 9 -286 -285 -257 -274 -264 3559 0 0 0 32002 0 -1 0 0 0 32002 32002 0 0 0 0 0 0
WIT 10 -286 -285 -244 -253 -245 2462 0 0 0 32002 0 -1 0 0 0 32002 32002 0 0 0 0 0 0
WIT 9 -286 -285 -244 -252 -223 3559 0 0 0 32002 0 -1 0 0 0 32002 32002 0 0 0 0 0 0
WIT 9 -286 -285 -255 -263 -235 3559 0 0 0 32002 0 -1 0 0 0 32002 32002 0 0 0 0 0 0
WIT 9 -286 -285 -243 -251 -230 3559 0 0 0 32002 0 -1 0 0 0 32002 32002 0 0 0 0 0 0
WIT 7 -286 -285 -233 -239 -187 3559 0 0 0 32002 0 -1 0 0 0 32002 32002 0 0 0 0 0 0
WIT 10 -286 -285 -304 -323 -323 3769 0 0 1 -285 0 -1 0 0 0 32002 32002 0 0 0 0 0 2917
WIT 9 -286 -285 -304 -321 -322 0 0 0 0 -285 0 -1 0 0 0 32002 32002 0 0 0 0 0 2462
WIT 9 -286 -285 -289 -306 -305 4020 0 0 1 -233 0 -1 0 0 0 32002 32002 0 0 0 0 0 2462
WIT 8 -286 -285 -292 -299 -206 3929 1 0 0 32002 0 -1 0 0 0 32002 32002 0 0 0 0 0 0
WIT 8 -286 -285 -239 -246 -245 4020 0 0 0 32002 0 -1 0 0 0 32002 32002 0 0 0 0 0 0
WIT 8 -286 -285 -217 -224 -211 2462 0 0 0 32002 0 -1 0 0 0 32002 32002 0 0 0 0 0 0
WIT 8 -286 -285 -244 -251 -251 4020 0 0 0 32002 0 -1 0 0 0 32002 32002 0 0 0 0 0 0
WIT 8 -286 -285 -220 -227 -207 2462 0 0 0 32002 0 -1 0 0 0 32002 32002 0 0 0 0 0 0
WIT 8 -286 -285 -280 -295 -262 2462 0 0 0 32002 0 -1 0 0 0 32002 32002 0 0 0 0 0 0
WIT 8 -286 -285 -263 -278 -272 4020 0 0 0 32002 0 -1 0 0 0 32002 32002 0 0 0 0 0 0
WIT 8 -286 -285 -190 -197 -169 3559 0 0 0 32002 0 -1 0 0 0 32002 32002 0 0 0 0 0 0
WIT 7 -261 -260 -160 -166 -635 0 0 0 0 -239 0 -1 0 0 0 32002 32002 0 0 0 0 0 2277
WIT 7 -261 -260 -285 -298 -302 0 0 0 0 -260 0 -1 0 0 0 32002 32002 0 0 0 0 0 3299
WIT 7 -261 -260 -285 -298 -299 0 0 0 0 -260 0 -1 0 0 0 32002 32002 0 0 0 0 0 3359
WIT 7 -261 -260 -159 -165 -550 0 0 0 0 -138 0 -1 0 0 0 32002 32002 0 0 0 0 0 3301
WIT 7 -285 -260 -256 -262 -277 0 0 0 0 -260 0 -1 0 0 0 32002 32002 0 0 0 0 0 3956
WIT 10 -261 -260 -260 -279 -279 2006 1 0 0 -260 0 -1 0 0 0 32002 32002 0 0 0 0 0 3299
WIT 10 -261 -260 -260 -279 -282 0 0 0 0 -260 0 -1 0 0 0 32002 32002 0 0 0 0 0 3359
WIT 9 -261 -260 -285 -302 -305 0 0 0 0 -260 0 -1 0 0 0 32002 32002 0 0 0 0 0 3956
WIT 8 -261 -260 -187 -194 -198 0 0 0 0 -260 0 -1 0 0 0 32002 32002 0 0 0 0 0 3956
WIT 8 -285 -260 -285 -292 -318 0 0 0 0 -260 0 -1 0 0 0 32002 32002 0 0 0 0 0 3769
WIT 12 -261 -260 -285 -296 -292 3769 0 0 1 -257 0 -1 0 0 0 32002 32002 0 0 0 0 0 4020
WIT 12 -261 -260 -285 -308 -349 0 0 0 0 -257 0 -1 0 0 0 32002 32002 0 0 0 0 0 1618
WIT 12 -261 -260 -285 -308 -323 0 0 0 0 -250 0 -1 0 0 0 32002 32002 0 0 0 0 0 1618
WIT 12 -261 -260 -284 -295 -245 2268 0 0 0 32002 0 -1 0 0 0 32002 32002 0 0 0 0 0 0
WIT 6 -261 -260 -235 -240 -194 0 0 0 0 32002 0 -1 0 0 0 32002 32002 0 0 0 0 0 0
WIT 7 -261 -260 -285 -291 -234 0 0 0 0 32002 0 -1 0 0 0 32002 32002 0 0 0 0 0 0
WIT 7 -261 -260 -284 -290 -242 0 0 0 0 32002 0 -1 0 0 0 32002 32002 0 0 0 0 0 0
WIT 11 -261 -260 -285 -306 -312 0 0 0 0 -260 0 -1 0 0 0 32002 32002 0 0 0 0 0 3929
WIT 11 -261 -260 -159 -180 -168 3769 0 0 0 32002 0 -1 0 0 0 32002 32002 0 0 0 0 0 0
WIT 9 -261 -260 -284 -292 -292 3769 0 0 1 -247 0 -1 0 0 0 32002 32002 0 0 0 0 0 3929
WIT 9 -285 -260 -285 -293 -304 0 0 0 0 -260 0 -1 0 0 0 32002 32002 0 0 0 0 0 2851
WIT 12 -261 -260 -284 -307 -241 3769 0 0 0 32002 0 -1 0 0 0 32002 32002 0 0 0 0 0 0
WIT 10 -261 -260 -271 -290 -285 4013 0 0 1 -260 0 -1 0 0 0 32002 32002 0 0 0 0 0 3956
WIT 9 -261 -260 -285 -302 -289 4013 0 0 1 -225 0 -1 0 0 0 32002 32002 0 0 0 0 0 3956
WIT 9 -261 -260 -271 -279 -283 0 0 0 0 -260 0 -1 0 0 0 32002 32002 0 0 0 0 0 3359
WIT 8 -261 -260 -271 -278 -279 0 0 0 0 -260 0 -1 0 0 0 32002 32002 0 0 0 0 0 3956
WIT 7 -261 -260 -241 -247 -226 3769 0 0 0 32002 0 -1 0 0 0 32002 32002 0 0 0 0 0 0
WIT 9 -285 -260 -285 -293 -329 0 0 0 0 -260 0 -1 0 0 0 32002 32002 0 0 0 0 0 2917
WIT 10 -261 -260 -241 -260 -696 0 0 0 0 -239 0 -1 0 0 0 32002 32002 0 0 0 0 0 2277
WIT 11 -261 -260 -260 -281 -311 0 0 0 0 -280 0 -1 0 0 0 32002 32002 0 0 0 0 0 0
WIT 8 260 261 359 352 239 0 0 0 0 369 0 -1 0 0 0 32002 32002 0 0 0 0 0 798
WIT 10 -261 -260 -260 -279 -301 0 0 0 0 -261 0 -1 0 0 0 32002 32002 0 0 0 0 0 0
WIT 6 -261 -260 -239 -244 -300 0 0 0 0 -234 0 -1 0 0 0 32002 32002 0 0 0 0 0 3306
WIT 12 -261 -260 -232 -255 -256 0 0 0 0 -261 0 -1 0 0 0 32002 32002 0 0 0 0 0 0
WIT 6 284 285 321 316 310 0 0 0 0 308 0 -1 0 0 0 32002 32002 0 0 0 0 0 1763
WIT 9 284 285 317 309 364 2258 0 0 0 32002 0 -1 0 0 0 32002 32002 0 0 0 0 0 0
WIT 7 260 285 280 274 260 0 0 0 0 302 0 -1 0 0 0 32002 32002 0 0 0 0 0 1187
WIT 9 284 285 280 272 313 918 0 0 0 32002 0 -1 0 0 0 32002 32002 0 0 0 0 0 0
WIT 9 284 285 362 345 344 0 0 0 0 325 0 -1 0 0 0 32002 32002 0 0 0 0 0 202
WIT 7 260 285 261 255 234 0 0 0 0 290 0 -1 0 0 0 32002 32002 0 0 0 0 0 82
WIT 10 284 285 358 339 120 0 0 0 0 285 0 -1 0 0 0 32002 32002 0 0 0 0 0 798
WIT 10 284 285 306 287 212 0 0 0 0 285 0 -1 0 0 0 32002 32002 0 0 0 0 0 2021
WIT 11 284 285 321 300 301 918 0 0 0 32002 0 -1 0 0 0 32002 32002 0 0 0 0 0 0
WIT 7 284 285 342 336 356 2269 0 0 0 32002 0 -1 0 0 0 32002 32002 0 0 0 0 0 0
WIT 7 284 285 322 316 319 794 0 0 0 32002 0 -1 0 0 0 32002 32002 0 0 0 0 0 0
WIT 9 284 285 321 313 291 0 0 0 0 319 0 -1 0 0 0 32002 32002 0 0 0 0 0 1187
WIT 10 284 285 318 299 244 0 0 0 0 285 0 -1 0 0 0 32002 32002 0 0 0 0 0 82
WIT 7 260 285 261 255 254 0 0 0 0 285 0 -1 0 0 0 32002 32002 0 0 0 0 0 49415
WIT 11 284 285 286 276 286 82 0 0 0 32002 0 -1 0 0 0 32002 32002 0 0 0 0 0 0
WIT 10 284 285 313 294 285 0 0 0 0 286 0 -1 0 0 0 32002 32002 0 0 0 0 0 528
WIT 11 284 285 312 291 286 0 0 0 0 285 0 -1 0 0 0 32002 32002 0 0 0 0 0 1177
WIT 8 284 285 305 298 -436 0 0 1 0 318 0 -1 0 0 0 32002 32002 0 0 0 0 0 82
WIT 10 284 285 267 248 242 0 0 1 0 285 0 -1 0 0 0 32002 32002 0 0 0 0 0 594
WIT 10 284 285 261 252 294 82 0 0 0 32002 0 -1 0 0 0 32002 32002 0 0 0 0 0 0
WIT 7 260 285 261 255 240 0 0 0 0 285 0 -1 0 0 0 32002 32002 0 0 0 0 0 1375
WIT 9 284 285 280 263 251 0 0 0 0 308 0 -1 0 0 0 32002 32002 0 0 0 0 0 2284
WIT 8 284 285 261 246 246 794 0 0 1 276 1 2 7676 1 1 284 284 1 0 1 0 18 0
WIT 6 284 285 342 337 -446 0 0 1 0 310 0 -1 0 0 0 32002 32002 0 0 0 0 0 82
WIT 6 284 285 271 266 278 918 0 0 1 303 0 -1 0 0 0 32002 32002 0 0 0 0 0 1177
WIT 7 284 285 261 255 224 0 0 1 0 285 0 -1 0 0 0 32002 32002 0 0 0 0 0 594
WIT 7 284 285 290 284 307 49415 0 0 0 32002 0 -1 0 0 0 32002 32002 0 0 0 0 0 0
WIT 6 284 285 261 256 175 0 0 0 0 284 0 -1 0 0 0 32002 32002 0 0 0 0 0 0
WIT 12 284 285 314 291 348 82 0 0 0 32002 0 -1 0 0 0 32002 32002 0 0 0 0 0 0
WIT 12 284 285 318 295 296 49415 0 0 0 32002 0 -1 0 0 0 32002 32002 0 0 0 0 0 0
WIT 10 -285 -260 -285 -294 -325 0 0 0 0 -285 0 -1 0 0 0 32002 32002 0 0 0 0 0 0
WIT 7 318 319 305 292 262 0 0 0 0 443 0 -1 0 0 0 32002 32002 0 0 0 0 0 1763
WIT 9 318 319 317 309 365 2258 0 0 0 32002 0 -1 0 0 0 32002 32002 0 0 0 0 0 0
WIT 7 260 319 300 294 286 0 0 0 0 352 0 -1 0 0 0 32002 32002 0 0 0 0 0 1187
WIT 8 318 319 290 283 357 0 0 0 0 32002 0 -1 0 0 0 32002 32002 0 0 0 0 0 0
WIT 7 260 319 289 283 234 0 0 0 0 321 0 -1 0 0 0 32002 32002 0 0 0 0 0 82
WIT 10 318 319 285 266 37 0 0 0 0 319 0 -1 0 0 0 32002 32002 0 0 0 0 0 798
WIT 10 318 319 285 266 176 0 0 0 0 319 0 -1 0 0 0 32002 32002 0 0 0 0 0 2021
WIT 10 318 319 285 276 342 0 0 0 0 32002 0 -1 0 0 0 32002 32002 0 0 0 0 0 0
WIT 11 318 319 321 300 300 918 0 0 1 325 0 -1 0 0 0 32002 32002 0 0 0 0 0 202
WIT 13 318 319 285 273 325 1187 1 0 0 32002 0 -1 0 0 0 32002 32002 0 0 0 0 0 0
WIT 11 318 319 328 318 299 0 0 0 0 348 0 -1 0 0 0 32002 32002 0 0 0 0 0 1187
WIT 9 318 319 285 277 329 0 0 0 0 32002 0 -1 0 0 0 32002 32002 0 0 0 0 0 0
WIT 7 318 319 285 279 291 0 0 0 0 318 0 -1 0 0 0 32002 32002 0 0 0 0 0 202
WIT 7 318 319 304 298 331 0 0 0 0 32002 0 -1 0 0 0 32002 32002 0 0 0 0 0 0
WIT 7 318 319 310 304 322 1763 0 0 0 32002 0 -1 0 0 0 32002 32002 0 0 0 0 0 0
WIT 10 318 319 285 266 237 0 0 0 0 319 0 -1 0 0 0 32002 32002 0 0 0 0 0 82
WIT 10 318 319 345 336 493 1763 0 0 0 32002 0 -1 0 0 0 32002 32002 0 0 0 0 0 0
WIT 8 318 319 344 337 315 0 0 0 0 319 0 -1 0 0 0 32002 32002 0 0 0 0 0 82
WIT 7 260 319 285 279 260 0 0 0 0 319 0 -1 0 0 0 32002 32002 0 0 0 0 0 49415
WIT 10 318 319 314 295 -435 0 0 1 0 319 0 -1 0 0 0 32002 32002 0 0 0 0 0 82
WIT 6 318 319 286 281 286 82 0 0 1 361 0 -1 0 0 0 32002 32002 0 0 0 0 0 49415
WIT 11 318 319 285 264 264 49415 0 0 1 320 0 -1 0 0 0 32002 32002 0 0 0 0 0 528
WIT 11 318 319 285 264 175 0 0 0 0 319 0 -1 0 0 0 32002 32002 0 0 0 0 0 1177
WIT 10 318 319 348 339 382 0 0 0 0 32002 0 -1 0 0 0 32002 32002 0 0 0 0 0 0
WIT 10 318 319 285 276 463 798 1 0 0 32002 0 -1 0 0 0 32002 32002 0 0 0 0 0 0
WIT 9 318 319 359 351 351 918 0 0 0 32002 0 -1 0 0 0 32002 32002 0 0 0 0 0 0
WIT 8 318 319 347 340 327 0 0 0 0 319 0 -1 0 0 0 32002 32002 0 0 0 0 0 1177
WIT 8 318 319 328 321 333 49415 0 0 0 32002 0 -1 0 0 0 32002 32002 0 0 0 0 0 0
WIT 9 318 319 285 268 260 0 0 1 0 319 0 -1 0 0 0 32002 32002 0 0 0 0 0 594
WIT 9 318 319 261 253 306 49415 0 0 1 414 0 -1 0 0 0 32002 32002 0 0 0 0 0 798
WIT 7 260 319 285 279 240 0 0 0 0 319 0 -1 0 0 0 32002 32002 0 0 0 0 0 1375
WIT 11 318 319 311 301 -153 0 0 1 0 325 0 -1 0 0 0 32002 32002 0 0 0 0 0 82
WIT 10 318 319 308 299 257 0 0 1 0 324 0 -1 0 0 0 32002 32002 0 0 0 0 0 594
WIT 10 318 319 305 286 265 0 0 0 0 323 0 -1 0 0 0 32002 32002 0 0 0 0 0 2284
WIT 6 318 319 285 280 263 0 0 0 0 355 0 -1 0 0 0 32002 32002 0 0 0 0 0 49415
WIT 6 318 319 285 280 280 82 0 1 0 319 0 -1 0 0 0 32002 32002 0 0 0 0 0 594
WIT 8 318 319 340 333 -453 0 0 1 0 325 0 -1 0 0 0 32002 32002 0 0 0 0 0 82
WIT 10 318 319 285 276 276 1177 1 0 0 319 0 -1 0 0 0 32002 32002 0 0 0 0 0 918
WIT 8 318 319 359 352 397 0 0 0 0 32002 0 -1 0 0 0 32002 32002 0 0 0 0 0 0
WIT 6 318 319 304 299 329 82 0 0 0 32002 0 -1 0 0 0 32002 32002 0 0 0 0 0 0
WIT 6 318 319 304 299 282 0 0 0 0 329 0 -1 0 0 0 32002 32002 0 0 0 0 0 1177
WIT 6 318 319 319 314 340 0 0 0 0 32002 0 -1 0 0 0 32002 32002 0 0 0 0 0 0
WIT 7 318 319 285 272 238 0 0 1 0 319 0 -1 0 0 0 32002 32002 0 0 0 0 0 594
WIT 8 -319 -318 -284 -291 -328 0 0 0 0 -319 0 -1 0 0 0 32002 32002 0 0 0 0 0 0
WIT 6 318 319 290 285 305 49415 0 0 1 388 0 -1 0 0 0 32002 32002 0 0 0 0 0 82
WIT 10 318 319 286 267 277 594 0 1 0 349 0 -1 0 0 0 32002 32002 0 0 0 0 0 1355
WIT 8 260 319 285 278 260 0 0 0 0 319 0 -1 0 0 0 32002 32002 0 0 0 0 0 1699
WIT 11 318 319 318 297 297 49415 0 0 1 319 0 -1 0 0 0 32002 32002 0 0 0 0 0 1114
WIT 8 318 319 314 299 330 82 0 0 0 32002 0 -1 0 0 0 32002 32002 0 0 0 0 0 0
WIT 9 318 319 285 277 301 594 0 1 0 336 0 -1 0 0 0 32002 32002 0 0 0 0 0 1355
WIT 7 318 319 333 320 340 49415 0 0 0 32002 0 -1 0 0 0 32002 32002 0 0 0 0 0 0
WIT 7 318 319 318 312 339 49415 0 0 0 32002 0 -1 0 0 0 32002 32002 0 0 0 0 0 0
WIT 9 364 365 506 498 514 49415 0 0 0 32002 0 -1 0 0 0 32002 32002 0 0 0 0 0 0
WIT 8 364 365 319 304 -428 0 0 1 0 365 0 -1 0 0 0 32002 32002 0 0 0 0 0 82
WIT 9 364 365 365 357 360 202 0 0 1 386 0 -1 0 0 0 32002 32002 0 0 0 0 0 1187
WIT 10 364 365 319 300 299 0 0 0 0 365 0 -1 0 0 0 32002 32002 0 0 0 0 0 528
WIT 10 364 365 319 300 275 0 0 0 0 365 0 -1 0 0 0 32002 32002 0 0 0 0 0 1177
WIT 8 364 365 347 340 508 798 1 0 0 32002 0 -1 0 0 0 32002 32002 0 0 0 0 0 0
WIT 8 364 365 348 341 407 0 0 0 0 32002 0 -1 0 0 0 32002 32002 0 0 0 0 0 0
WIT 8 364 365 319 304 332 49415 0 0 1 365 0 -1 0 0 0 32002 32002 0 0 0 0 0 1177
WIT 7 364 365 285 279 322 0 0 0 0 406 0 -1 0 0 0 32002 32002 0 0 0 0 0 1177
WIT 7 364 365 319 306 260 0 0 1 0 365 0 -1 0 0 0 32002 32002 0 0 0 0 0 594
WIT 12 364 365 324 313 -143 0 0 1 0 450 0 -1 0 0 0 32002 32002 0 0 0 0 0 82
WIT 6 541 542 659 654 -17 0 0 1 0 701 0 -1 0 0 0 32002 32002 0 0 0 0 0 82
WIT 11 364 365 323 302 261 0 0 1 0 386 0 -1 0 0 0 32002 32002 0 0 0 0 0 594
WIT 9 364 365 322 305 277 0 0 0 0 384 0 -1 0 0 0 32002 32002 0 0 0 0 0 2284
WIT 6 364 365 381 376 376 658 1 0 0 32002 0 -1 0 0 0 32002 32002 0 0 0 0 0 0
WIT 8 364 365 367 360 423 794 0 0 0 32002 0 -1 0 0 0 32002 32002 0 0 0 0 0 0
WIT 8 364 365 350 335 311 0 0 0 0 374 0 -1 0 0 0 32002 32002 0 0 0 0 0 49415
WIT 9 364 365 319 311 319 82 0 1 0 365 0 -1 0 0 0 32002 32002 0 0 0 0 0 594
WIT 7 364 365 382 376 459 594 0 1 0 32002 0 -1 0 0 0 32002 32002 0 0 0 0 0 0
WIT 10 364 365 319 300 273 0 0 0 0 365 0 -1 0 0 0 32002 32002 0 0 0 0 0 918
WIT 9 364 365 352 344 386 1998 0 0 0 32002 0 -1 0 0 0 32002 32002 0 0 0 0 0 0
WIT 11 364 365 324 303 -471 0 0 1 0 365 0 -1 0 0 0 32002 32002 0 0 0 0 0 82
WIT 13 364 365 319 307 326 1177 1 0 0 365 0 -1 0 0 0 32002 32002 0 0 0 0 0 918
WIT 7 364 365 332 326 317 0 0 0 0 362 0 -1 0 0 0 32002 32002 0 0 0 0 0 0
WIT 6 364 365 330 325 321 0 0 0 0 362 0 -1 0 0 0 32002 32002 0 0 0 0 0 0
WIT 11 364 365 329 319 323 918 0 0 1 362 1 1 51988 1 1 364 365 0 0 0 0 40 918
WIT 9 364 365 327 310 293 0 0 0 0 365 0 -1 0 0 0 32002 32002 0 0 0 0 0 1177
WIT 9 364 365 531 523 587 1177 1 0 0 32002 0 -1 0 0 0 32002 32002 0 0 0 0 0 0
WIT 6 364 365 357 352 360 49415 0 0 1 365 0 -1 0 0 0 32002 32002 0 0 0 0 0 1177
WIT 8 364 365 319 312 296 0 0 0 0 378 0 -1 0 0 0 32002 32002 0 0 0 0 0 202
WIT 10 364 365 319 300 257 0 0 1 0 365 0 -1 0 0 0 32002 32002 0 0 0 0 0 594
WIT 6 364 365 319 314 337 49415 0 0 1 348 1 1 48152 1 1 364 356 0 0 0 0 20 0
WIT 11 364 365 319 298 313 49415 0 0 1 357 1 1 37995 1 1 364 344 0 0 0 0 56 0
WIT 10 364 365 319 300 210 0 0 0 0 357 0 -1 0 0 0 32002 32002 0 0 0 0 0 0
WIT 9 364 365 319 302 284 0 0 0 0 357 0 -1 0 0 0 32002 32002 0 0 0 0 0 0
WIT 7 273 365 319 313 260 0 0 0 0 341 0 -1 0 0 0 32002 32002 0 0 0 0 0 1699
WIT 8 329 330 378 371 407 49415 0 0 0 32002 0 -1 0 0 0 32002 32002 0 0 0 0 0 0
WIT 10 329 330 382 363 277 0 0 0 0 384 0 -1 0 0 0 32002 32002 0 0 0 0 0 2284
WIT 9 329 330 317 309 365 2258 0 0 0 32002 0 -1 0 0 0 32002 32002 0 0 0 0 0 0
WIT 9 329 330 348 331 260 0 0 0 0 365 0 -1 0 0 0 32002 32002 0 0 0 0 0 1187
WIT 9 329 330 324 307 308 918 0 0 1 359 0 -1 0 0 0 32002 32002 0 0 0 0 0 202
WIT 8 329 330 320 305 274 0 0 0 0 356 0 -1 0 0 0 32002 32002 0 0 0 0 0 82
WIT 9 329 330 319 302 302 918 0 0 1 330 0 -1 0 0 0 32002 32002 0 0 0 0 0 82
WIT 7 329 330 319 306 63 0 0 0 0 488 0 -1 0 0 0 32002 32002 0 0 0 0 0 798
WIT 7 329 330 319 306 225 0 0 0 0 346 0 -1 0 0 0 32002 32002 0 0 0 0 0 2021
WIT 10 329 330 365 346 -399 0 0 1 0 340 0 -1 0 0 0 32002 32002 0 0 0 0 0 82
WIT 10 329 330 347 338 519 798 1 0 0 32002 0 -1 0 0 0 32002 32002 0 0 0 0 0 0
WIT 8 329 330 378 371 371 918 0 0 0 32002 0 -1 0 0 0 32002 32002 0 0 0 0 0 0
WIT 6 329 330 488 483 513 1177 1 0 0 32002 0 -1 0 0 0 32002 32002 0 0 0 0 0 0
WIT 7 329 330 328 322 334 49415 0 0 0 32002 0 -1 0 0 0 32002 32002 0 0 0 0 0 0
WIT 9 329 330 365 348 260 0 0 1 0 334 0 -1 0 0 0 32002 32002 0 0 0 0 0 594
WIT 10 329 330 404 395 408 82 0 0 0 32002 0 -1 0 0 0 32002 32002 0 0 0 0 0 0
WIT 9 329 330 365 348 241 0 0 0 0 330 0 -1 0 0 0 32002 32002 0 0 0 0 0 1375
WIT 6 329 330 381 376 419 594 0 1 0 32002 0 -1 0 0 0 32002 32002 0 0 0 0 0 0
WIT 11 329 330 319 298 298 49415 0 0 1 371 0 -1 0 0 0 32002 32002 0 0 0 0 0 1114
WIT 9 329 330 325 308 310 1699 1 0 0 330 0 -1 0 0 0 32002 32002 0 0 0 0 0 82
WIT 9 329 330 312 304 345 49415 0 0 0 32002 0 -1 0 0 0 32002 32002 0 0 0 0 0 0
WIT 9 329 330 319 311 301 0 0 0 0 330 0 -1 0 0 0 32002 32002 0 0 0 0 0 1699
WIT 6 329 330 293 288 302 49415 0 0 1 368 0 -1 0 0 0 32002 32002 0 0 0 0 0 528
WIT 8 329 330 341 326 324 0 0 0 0 330 0 -1 0 0 0 32002 32002 0 0 0 0 0 1375
WIT 8 329 330 360 345 366 82 0 0 0 32002 0 -1 0 0 0 32002 32002 0 0 0 0 0 0
WIT 8 329 330 334 327 333 594 0 1 0 32002 0 -1 0 0 0 32002 32002 0 0 0 0 0 0
WIT 7 329 330 318 312 369 1699 1 0 0 32002 0 -1 0 0 0 32002 32002 0 0 0 0 0 0
WIT 8 343 344 364 357 492 529 1 0 0 32002 0 -1 0 0 0 32002 32002 0 0 0 0 0 0
WIT 8 343 344 397 390 717 603 1 0 0 32002 0 -1 0 0 0 32002 32002 0 0 0 0 0 0
WIT 8 343 344 339 332 367 49415 0 0 0 32002 0 -1 0 0 0 32002 32002 0 0 0 0 0 0
WIT 6 343 344 360 355 344 0 0 1 0 365 0 -1 0 0 0 32002 32002 0 0 0 0 0 594
WIT 7 343 344 382 376 459 594 0 1 0 32002 0 -1 0 0 0 32002 32002 0 0 0 0 0 0
WIT 7 343 344 418 412 429 49415 0 0 0 32002 0 -1 0 0 0 32002 32002 0 0 0 0 0 0
WIT 7 316 344 330 324 219 0 0 0 0 344 0 -1 0 0 0 32002 32002 0 0 0 0 0 918
WIT 6 343 344 330 325 313 0 0 0 0 375 0 -1 0 0 0 32002 32002 0 0 0 0 0 49415
WIT 8 343 344 330 323 377 49415 0 0 0 32002 0 -1 0 0 0 32002 32002 0 0 0 0 0 0
WIT 6 343 344 378 373 403 49415 0 0 0 32002 0 -1 0 0 0 32002 32002 0 0 0 0 0 0
WIT 8 316 344 330 323 319 0 0 0 0 344 0 -1 0 0 0 32002 32002 0 0 0 0 0 1375
WIT 11 343 344 379 358 345 0 0 0 0 384 0 -1 0 0 0 32002 32002 0 0 0 0 0 2284
WIT 11 343 344 429 408 374 0 0 0 0 344 0 -1 0 0 0 32002 32002 0 0 0 0 0 1763
WIT 11 343 344 419 398 315 0 0 0 0 344 0 -1 0 0 0 32002 32002 0 0 0 0 0 794
WIT 10 343 344 317 308 365 2258 0 0 0 32002 0 -1 0 0 0 32002 32002 0 0 0 0 0 0
WIT 11 343 344 361 340 327 0 0 0 0 344 0 -1 0 0 0 32002 32002 0 0 0 0 0 1187
WIT 11 343 344 359 349 255 0 0 0 0 387 0 -1 0 0 0 32002 32002 0 0 0 0 0 1180
WIT 8 343 344 506 499 458 0 0 0 0 398 0 -1 0 0 0 32002 32002 0 0 0 0 0 1187
WIT 9 343 344 356 339 338 0 0 0 0 357 0 -1 0 0 0 32002 32002 0 0 0 0 0 202
WIT 11 343 344 351 341 417 0 0 0 0 32002 0 -1 0 0 0 32002 32002 0 0 0 0 0 0
WIT 12 343 344 413 402 371 0 0 0 0 390 0 -1 0 0 0 32002 32002 0 0 0 0 0 1763
WIT 12 343 344 383 360 254 0 0 0 0 373 0 -1 0 0 0 32002 32002 0 0 0 0 0 1180
WIT 13 343 344 404 392 413 1187 1 0 0 32002 0 -1 0 0 0 32002 32002 0 0 0 0 0 0
WIT 10 343 344 357 348 402 0 0 0 0 32002 0 -1 0 0 0 32002 32002 0 0 0 0 0 0
WIT 10 343 344 398 389 416 666 0 0 0 32002 0 -1 0 0 0 32002 32002 0 0 0 0 0 0
WIT 10 343 344 392 373 345 0 0 0 0 355 0 -1 0 0 0 32002 32002 0 0 0 0 0 1187
WIT 11 343 344 355 334 333 0 0 0 0 354 0 -1 0 0 0 32002 32002 0 0 0 0 0 202
WIT 11 343 344 351 341 404 0 0 0 0 32002 0 -1 0 0 0 32002 32002 0 0 0 0 0 0
WIT 11 343 344 285 275 324 1187 1 0 0 343 0 -1 0 0 0 32002 32002 0 0 0 0 0 1187
WIT 7 343 344 380 374 371 0 0 0 0 343 0 -1 0 0 0 32002 32002 0 0 0 0 0 0
WIT 8 343 344 335 328 324 0 0 0 0 343 0 -1 0 0 0 32002 32002 0 0 0 0 0 0
WIT 13 -344 -343 -257 -269 -255 4013 0 0 0 32002 0 -1 0 0 0 32002 32002 0 0 0 0 0 0
WIT 13 -344 -343 -257 -282 -338 0 0 0 0 -326 0 -1 0 0 0 32002 32002 0 0 0 0 0 1618
WIT 14 -344 -343 -284 -297 -285 1618 1 0 0 32002 0 -1 0 0 0 32002 32002 0 0 0 0 0 0
WIT 8 -344 -343 -285 -292 -241 0 0 0 0 32002 0 -1 0 0 0 32002 32002 0 0 0 0 0 0
WIT 6 -344 -343 -235 -240 -198 0 0 0 0 32002 0 -1 0 0 0 32002 32002 0 0 0 0 0 0
WIT 7 -344 -343 -284 -290 -246 0 0 0 0 32002 0 -1 0 0 0 32002 32002 0 0 0 0 0 0
WIT 12 -344 -343 -260 -283 -289 0 0 0 0 -327 0 -1 0 0 0 32002 32002 0 0 0 0 0 3929
WIT 12 343 344 330 307 288 0 0 0 0 343 0 -1 0 0 0 32002 32002 0 0 0 0 0 0
WIT 11 343 344 330 309 240 0 0 0 0 343 0 -1 0 0 0 32002 32002 0 0 0 0 0 0
WIT 6 335 336 509 504 606 2282 1 0 0 32002 0 -1 0 0 0 32002 32002 0 0 0 0 0 0
WIT 9 316 344 330 322 260 0 0 0 0 336 0 -1 0 0 0 32002 32002 0 0 0 0 0 1699
WIT 7 335 336 334 328 334 594 0 1 0 396 0 -1 0 0 0 32002 32002 0 0 0 0 0 1355

===========================
Total time (ms) : 31
Nodes searched  : 23118
Nodes/second    : 745741
