
Position: 1/1 (r2qk2r/pp1n1ppp/2pb1n2/3ppb2/7P/3PP1P1/PPP1NPB1/RNBQ1RK1 w kq - 1 8)
WIT 7 -170 -169 -160 -173 -244 0 0 0 0 -139 0 -1 0 0 0 32002 32002 0 0 0 0 0 1244
WIT 7 -170 -169 -162 -168 -161 82 0 0 0 32002 0 -1 0 0 0 32002 32002 0 0 0 0 0 0
WIT 6 -170 -169 -137 -142 -122 0 0 0 0 32002 0 -1 0 0 0 32002 32002 0 0 0 0 0 0
WIT 6 -162 -161 -162 -167 -166 0 0 0 0 -160 0 -1 0 0 0 32002 32002 0 0 0 0 0 1827
WIT 6 -162 -161 -137 -142 -120 0 0 0 0 32002 0 -1 0 0 0 32002 32002 0 0 0 0 0 0
WIT 6 -149 -148 -151 -156 -152 0 0 0 0 -148 0 -1 0 0 0 32002 32002 0 0 0 0 0 1827
WIT 9 -149 -148 -142 -159 -191 0 0 0 0 -120 0 -1 0 0 0 32002 32002 0 0 0 0 0 1244
WIT 8 -149 -148 -141 -148 -152 0 0 0 0 -135 0 -1 0 0 0 32002 32002 0 0 0 0 0 1827
WIT 7 -149 -148 -117 -123 -104 0 0 0 0 32002 0 -1 0 0 0 32002 32002 0 0 0 0 0 0
WIT 7 -142 -141 -117 -123 -103 0 0 0 0 32002 0 -1 0 0 0 32002 32002 0 0 0 0 0 0
WIT 8 -133 -132 -124 -131 -126 82 0 0 0 32002 0 -1 0 0 0 32002 32002 0 0 0 0 0 0
WIT 8 -133 -132 -135 -142 -140 75 0 0 1 -129 0 -1 0 0 0 32002 32002 0 0 0 0 0 82
WIT 7 -133 -132 -136 -149 -153 0 0 0 0 -132 0 -1 0 0 0 32002 32002 0 0 0 0 0 1827
WIT 6 -133 -132 -117 -122 -101 0 0 0 0 32002 0 -1 0 0 0 32002 32002 0 0 0 0 0 0
WIT 7 139 140 151 145 119 0 0 0 0 134 0 -1 0 0 0 32002 32002 0 0 0 0 0 0
WIT 8 -117 -116 -148 -155 -137 0 0 0 0 -116 0 -1 0 0 0 32002 32002 0 0 0 0 0 1827
WIT 7 -117 -116 -135 -148 -236 0 0 0 0 -116 0 -1 0 0 0 32002 32002 0 0 0 0 0 1308
WIT 7 135 136 155 142 142 2915 1 0 0 32002 0 -1 0 0 0 32002 32002 0 0 0 0 0 0
WIT 7 135 136 178 172 181 3567 0 0 0 32002 0 -1 0 0 0 32002 32002 0 0 0 0 0 0
WIT 6 135 136 178 173 204 3567 0 0 0 32002 0 -1 0 0 0 32002 32002 0 0 0 0 0 0
WIT 6 135 136 195 190 207 3567 0 0 0 32002 0 -1 0 0 0 32002 32002 0 0 0 0 0 0
WIT 6 135 136 178 173 194 3567 0 0 0 32002 0 -1 0 0 0 32002 32002 0 0 0 0 0 0
WIT 6 135 136 225 220 200 0 0 0 0 192 0 -1 0 0 0 32002 32002 0 0 0 0 0 2266
WIT 6 135 136 193 188 246 0 0 0 0 32002 0 -1 0 0 0 32002 32002 0 0 0 0 0 0
WIT 6 135 136 211 206 206 2802 0 0 0 32002 0 -1 0 0 0 32002 32002 0 0 0 0 0 0
WIT 7 143 144 173 167 148 0 0 0 0 144 0 -1 0 0 0 32002 32002 0 0 0 0 0 3567
WIT 7 136 144 152 146 113 0 0 0 0 144 0 -1 0 0 0 32002 32002 0 0 0 0 0 2268
WIT 8 143 144 185 178 237 3567 0 0 0 32002 0 -1 0 0 0 32002 32002 0 0 0 0 0 0
WIT 8 143 144 154 147 191 3567 0 0 0 32002 0 -1 0 0 0 32002 32002 0 0 0 0 0 0
WIT 7 136 144 149 143 134 0 0 0 0 144 0 -1 0 0 0 32002 32002 0 0 0 0 0 2802
WIT 7 143 144 141 135 150 3817 0 0 0 32002 0 -1 0 0 0 32002 32002 0 0 0 0 0 0
WIT 10 143 144 140 121 37 0 0 0 0 144 0 -1 0 0 0 32002 32002 0 0 0 0 0 2398
WIT 8 143 144 178 171 176 3567 0 0 0 32002 0 -1 0 0 0 32002 32002 0 0 0 0 0 0
WIT 7 143 144 165 159 233 2398 0 0 0 32002 0 -1 0 0 0 32002 32002 0 0 0 0 0 0
WIT 7 143 144 178 172 173 3567 0 0 0 32002 0 -1 0 0 0 32002 32002 0 0 0 0 0 0
WIT 7 143 144 195 189 202 3567 0 0 0 32002 0 -1 0 0 0 32002 32002 0 0 0 0 0 0
WIT 7 143 144 178 172 172 3567 0 0 0 32002 0 -1 0 0 0 32002 32002 0 0 0 0 0 0
WIT 6 143 144 193 188 244 0 0 0 0 32002 0 -1 0 0 0 32002 32002 0 0 0 0 0 0
WIT 7 143 144 181 175 175 3817 0 0 0 32002 0 -1 0 0 0 32002 32002 0 0 0 0 0 0
WIT 6 143 144 211 206 236 3567 0 0 0 32002 0 -1 0 0 0 32002 32002 0 0 0 0 0 0
WIT 8 153 154 144 137 236 3821 1 1 0 32002 0 -1 0 0 0 32002 32002 0 0 0 0 0 0
WIT 7 153 154 144 131 125 0 0 0 0 154 0 -1 0 0 0 32002 32002 0 0 0 0 0 3567
WIT 6 153 154 199 194 214 0 0 0 0 32002 0 -1 0 0 0 32002 32002 0 0 0 0 0 0
WIT 8 153 154 185 178 237 3567 0 0 0 32002 0 -1 0 0 0 32002 32002 0 0 0 0 0 0
WIT 8 153 154 154 147 191 3567 0 0 0 32002 0 -1 0 0 0 32002 32002 0 0 0 0 0 0
WIT 7 153 154 212 206 235 2398 0 0 0 32002 0 -1 0 0 0 32002 32002 0 0 0 0 0 0
WIT 7 153 154 172 166 161 0 0 0 0 154 0 -1 0 0 0 32002 32002 0 0 0 0 0 3567
WIT 7 153 154 188 182 185 2412 0 0 0 32002 0 -1 0 0 0 32002 32002 0 0 0 0 0 0
WIT 7 144 154 144 138 133 0 0 0 0 154 0 -1 0 0 0 32002 32002 0 0 0 0 0 2802
WIT 11 153 154 144 123 132 2268 1 0 0 167 0 -1 0 0 0 32002 32002 0 0 0 0 0 2267
WIT 6 153 154 151 146 132 0 0 0 0 126 0 -1 0 0 0 32002 32002 0 0 0 0 0 0
WIT 8 153 154 190 183 105 0 0 0 0 315 0 -1 0 0 0 32002 32002 0 0 0 0 0 2723
WIT 7 153 154 154 148 132 0 0 0 0 163 0 -1 0 0 0 32002 32002 0 0 0 0 0 2258
WIT 11 153 154 144 123 127 2915 1 0 0 148 0 -1 0 0 0 32002 32002 0 0 0 0 0 2915
WIT 10 153 154 158 149 181 1964 0 0 0 32002 0 -1 0 0 0 32002 32002 0 0 0 0 0 0
WIT 6 153 154 169 164 179 53055 0 0 0 32002 0 -1 0 0 0 32002 32002 0 0 0 0 0 0
WIT 6 153 154 159 154 168 3817 0 0 0 32002 0 -1 0 0 0 32002 32002 0 0 0 0 0 0
WIT 6 153 154 154 149 151 2802 0 0 1 167 0 -1 0 0 0 32002 32002 0 0 0 0 0 3567
WIT 10 153 154 144 125 42 0 0 0 0 154 0 -1 0 0 0 32002 32002 0 0 0 0 0 2398
WIT 8 153 154 165 158 233 2398 0 0 0 32002 0 -1 0 0 0 32002 32002 0 0 0 0 0 0
WIT 7 153 154 178 172 173 3567 0 0 0 32002 0 -1 0 0 0 32002 32002 0 0 0 0 0 0
WIT 7 153 154 195 189 202 3567 0 0 0 32002 0 -1 0 0 0 32002 32002 0 0 0 0 0 0
WIT 8 153 154 178 171 171 3567 0 0 0 32002 0 -1 0 0 0 32002 32002 0 0 0 0 0 0
WIT 7 153 154 185 172 167 0 0 0 0 157 0 -1 0 0 0 32002 32002 0 0 0 0 0 2266
WIT 7 153 154 193 187 235 2398 0 0 0 32002 0 -1 0 0 0 32002 32002 0 0 0 0 0 0
WIT 7 153 154 211 205 208 2802 0 0 0 32002 0 -1 0 0 0 32002 32002 0 0 0 0 0 0
WIT 8 166 167 154 139 144 2398 0 0 1 174 0 -1 0 0 0 32002 32002 0 0 0 0 0 3567
WIT 7 166 167 199 193 214 0 0 0 0 32002 0 -1 0 0 0 32002 32002 0 0 0 0 0 0
WIT 7 154 167 154 148 96 0 0 0 0 172 0 -1 0 0 0 32002 32002 0 0 0 0 0 2268
WIT 8 166 167 154 147 191 3567 0 0 0 32002 0 -1 0 0 0 32002 32002 0 0 0 0 0 0
WIT 8 166 167 185 178 237 3567 0 0 0 32002 0 -1 0 0 0 32002 32002 0 0 0 0 0 0
WIT 8 166 167 212 205 235 2412 0 0 0 32002 0 -1 0 0 0 32002 32002 0 0 0 0 0 0
WIT 8 166 167 154 139 141 2398 0 0 1 194 0 -1 0 0 0 32002 32002 0 0 0 0 0 3567
WIT 7 166 167 188 182 182 2412 0 0 0 32002 0 -1 0 0 0 32002 32002 0 0 0 0 0 0
WIT 7 154 167 154 148 133 0 0 0 0 171 0 -1 0 0 0 32002 32002 0 0 0 0 0 2802
WIT 8 166 167 192 185 380 2072 0 0 0 32002 0 -1 0 0 0 32002 32002 0 0 0 0 0 0
WIT 8 -167 -166 -163 -170 -205 0 0 0 0 -194 0 -1 0 0 0 32002 32002 0 0 0 0 0 0
WIT 6 -167 -166 -146 -151 -162 0 0 0 0 -140 0 -1 0 0 0 32002 32002 0 0 0 0 0 1373
WIT 8 -167 -166 -125 -132 -117 536 0 0 0 32002 0 -1 0 0 0 32002 32002 0 0 0 0 0 0
WIT 6 -167 -166 -50 -55 -808 0 0 0 0 -136 0 -1 0 0 0 32002 32002 0 0 0 0 0 204
WIT 11 166 167 165 144 143 0 0 0 0 167 0 -1 0 0 0 32002 32002 0 0 0 0 0 2267
WIT 12 166 167 298 275 -3 0 0 0 0 171 0 -1 0 0 0 32002 32002 0 0 0 0 0 2723
WIT 8 -167 -166 -126 -133 -211 0 0 0 0 -175 0 -1 0 0 0 32002 32002 0 0 0 0 0 0
WIT 7 -167 -166 -130 -143 -160 0 0 0 0 -167 0 -1 0 0 0 32002 32002 0 0 0 0 0 0
WIT 11 166 167 175 165 84 0 0 0 0 167 0 -1 0 0 0 32002 32002 0 0 0 0 0 2786
WIT 7 166 167 167 161 180 0 0 0 0 32002 0 -1 0 0 0 32002 32002 0 0 0 0 0 0
WIT 10 166 167 167 148 123 0 0 0 0 167 0 -1 0 0 0 32002 32002 0 0 0 0 0 2267
WIT 7 166 167 187 181 156 0 0 0 0 179 0 -1 0 0 0 32002 32002 0 0 0 0 0 2267
WIT 8 166 167 160 153 161 53055 0 0 1 167 0 -1 0 0 0 32002 32002 0 0 0 0 0 2332
WIT 7 166 167 144 138 156 1964 0 0 1 167 0 -1 0 0 0 32002 32002 0 0 0 0 0 1957
WIT 12 166 167 158 135 132 0 0 0 0 166 0 -1 0 0 0 32002 32002 0 0 0 0 0 2723
WIT 11 166 167 158 148 183 1964 0 0 0 32002 0 -1 0 0 0 32002 32002 0 0 0 0 0 0
WIT 7 166 167 154 148 175 53055 0 0 0 32002 0 -1 0 0 0 32002 32002 0 0 0 0 0 0
WIT 6 166 167 169 164 179 53055 0 0 0 32002 0 -1 0 0 0 32002 32002 0 0 0 0 0 0
WIT 6 166 167 159 154 154 53055 0 0 1 172 0 -1 0 0 0 32002 32002 0 0 0 0 0 3567
WIT 10 166 167 154 135 132 0 0 0 0 167 0 -1 0 0 0 32002 32002 0 0 0 0 0 2398
WIT 9 166 167 154 146 166 53055 0 0 1 169 0 -1 0 0 0 32002 32002 0 0 0 0 0 2398
WIT 8 166 167 165 158 233 2398 0 0 0 32002 0 -1 0 0 0 32002 32002 0 0 0 0 0 0
WIT 8 166 167 178 171 186 53055 0 0 0 32002 0 -1 0 0 0 32002 32002 0 0 0 0 0 0
WIT 8 166 167 195 188 199 53055 0 0 0 32002 0 -1 0 0 0 32002 32002 0 0 0 0 0 0
WIT 8 166 167 178 171 171 3567 0 0 0 32002 0 -1 0 0 0 32002 32002 0 0 0 0 0 0
WIT 7 166 167 168 162 146 0 0 0 0 171 0 -1 0 0 0 32002 32002 0 0 0 0 0 2802
WIT 9 166 167 157 149 203 2398 0 0 0 32002 0 -1 0 0 0 32002 32002 0 0 0 0 0 0
WIT 8 166 167 156 141 139 0 0 0 0 170 0 -1 0 0 0 32002 32002 0 0 0 0 0 2266
WIT 8 166 167 193 186 234 2398 0 0 0 32002 0 -1 0 0 0 32002 32002 0 0 0 0 0 0
WIT 8 166 167 181 174 225 53055 0 0 0 32002 0 -1 0 0 0 32002 32002 0 0 0 0 0 0
WIT 8 166 167 211 204 207 2802 0 0 0 32002 0 -1 0 0 0 32002 32002 0 0 0 0 0 0
WIT 6 183 184 173 168 159 0 0 0 0 211 0 -1 0 0 0 32002 32002 0 0 0 0 0 3567
WIT 8 183 184 173 158 158 2398 0 0 1 217 0 -1 0 0 0 32002 32002 0 0 0 0 0 3567
WIT 7 183 184 199 193 219 0 0 0 0 32002 0 -1 0 0 0 32002 32002 0 0 0 0 0 0
WIT 7 167 184 171 165 138 0 0 0 0 184 0 -1 0 0 0 32002 32002 0 0 0 0 0 2268
WIT 9 183 184 212 204 244 2412 0 0 0 32002 0 -1 0 0 0 32002 32002 0 0 0 0 0 0
WIT 8 183 184 185 178 237 3567 0 0 0 32002 0 -1 0 0 0 32002 32002 0 0 0 0 0 0
WIT 8 183 184 191 176 196 2398 0 0 0 32002 0 -1 0 0 0 32002 32002 0 0 0 0 0 0
WIT 7 167 184 170 164 138 0 0 0 0 184 0 -1 0 0 0 32002 32002 0 0 0 0 0 2802
WIT 11 183 184 167 146 153 2268 1 0 0 196 0 -1 0 0 0 32002 32002 0 0 0 0 0 2267
WIT 11 183 184 167 146 148 2915 1 0 0 184 0 -1 0 0 0 32002 32002 0 0 0 0 0 2723
WIT 6 183 184 169 164 172 2268 1 0 0 187 0 -1 0 0 0 32002 32002 0 0 0 0 0 3567
WIT 6 183 184 207 202 232 2268 1 0 0 32002 0 -1 0 0 0 32002 32002 0 0 0 0 0 0
WIT 7 183 184 154 148 149 2268 1 0 0 187 0 -1 0 0 0 32002 32002 0 0 0 0 0 3567
WIT 6 183 184 344 339 339 53055 0 0 0 32002 0 -1 0 0 0 32002 32002 0 0 0 0 0 0
WIT 10 183 184 167 148 -11 0 0 0 0 184 0 -1 0 0 0 32002 32002 0 0 0 0 0 2398
WIT 9 183 184 168 160 176 53055 0 0 1 186 0 -1 0 0 0 32002 32002 0 0 0 0 0 2398
WIT 8 183 184 165 158 233 2398 0 0 0 32002 0 -1 0 0 0 32002 32002 0 0 0 0 0 0
WIT 8 183 184 178 171 172 53055 0 0 1 184 0 -1 0 0 0 32002 32002 0 0 0 0 0 2398
WIT 8 183 184 195 188 199 53055 0 0 0 32002 0 -1 0 0 0 32002 32002 0 0 0 0 0 0
WIT 8 183 184 212 205 277 0 0 0 0 32002 0 -1 0 0 0 32002 32002 0 0 0 0 0 0
WIT 8 183 184 178 171 171 3567 0 0 1 197 0 -1 0 0 0 32002 32002 0 0 0 0 0 2398
WIT 8 183 184 169 154 154 2398 0 0 1 195 0 -1 0 0 0 32002 32002 0 0 0 0 0 2266
WIT 8 183 184 193 186 234 2398 0 0 0 32002 0 -1 0 0 0 32002 32002 0 0 0 0 0 0
WIT 8 183 184 181 174 174 3817 0 0 1 237 0 -1 0 0 0 32002 32002 0 0 0 0 0 3567
WIT 8 183 184 211 204 207 2802 0 0 0 32002 0 -1 0 0 0 32002 32002 0 0 0 0 0 0
WIT 8 183 184 178 171 203 3567 0 0 0 32002 0 -1 0 0 0 32002 32002 0 0 0 0 0 0
WIT 6 206 207 199 194 221 0 0 0 0 32002 0 -1 0 0 0 32002 32002 0 0 0 0 0 0
WIT 8 206 207 212 205 242 2412 0 0 0 32002 0 -1 0 0 0 32002 32002 0 0 0 0 0 0
WIT 7 206 207 185 179 237 3567 0 0 0 32002 0 -1 0 0 0 32002 32002 0 0 0 0 0 0
WIT 7 206 207 191 178 197 2398 0 0 1 235 0 -1 0 0 0 32002 32002 0 0 0 0 0 3567
WIT 7 184 207 184 178 175 0 0 0 0 212 0 -1 0 0 0 32002 32002 0 0 0 0 0 2802
WIT 6 206 207 178 173 166 0 0 0 0 218 0 -1 0 0 0 32002 32002 0 0 0 0 0 3494
WIT 8 206 207 176 169 129 0 0 0 0 216 0 -1 0 0 0 32002 32002 0 0 0 0 0 1964
WIT 7 206 207 176 170 170 2802 0 0 1 216 0 -1 0 0 0 32002 32002 0 0 0 0 0 3494
WIT 12 206 207 228 217 259 1964 0 0 0 32002 0 -1 0 0 0 32002 32002 0 0 0 0 0 0
WIT 11 206 207 195 174 170 0 0 0 0 207 0 -1 0 0 0 32002 32002 0 0 0 0 0 2267
WIT 10 206 207 180 171 191 53055 0 0 1 290 0 -1 0 0 0 32002 32002 0 0 0 0 0 3641
WIT 10 206 207 167 158 159 1957 0 0 1 207 0 -1 0 0 0 32002 32002 0 0 0 0 0 1964
WIT 9 206 207 167 150 78 0 0 0 0 206 0 -1 0 0 0 32002 32002 0 0 0 0 0 0
WIT 8 206 207 184 169 144 0 0 0 0 206 0 -1 0 0 0 32002 32002 0 0 0 0 0 0
WIT 13 206 207 184 159 159 2915 1 0 0 206 0 -1 0 0 0 32002 32002 0 0 0 0 0 0
WIT 10 206 207 184 165 75 0 0 0 0 206 0 -1 0 0 0 32002 32002 0 0 0 0 0 0
WIT 10 178 179 170 151 -117 0 0 0 0 179 0 -1 0 0 0 32002 32002 0 0 0 0 0 2723
WIT 7 178 179 179 173 203 3567 0 0 0 32002 0 -1 0 0 0 32002 32002 0 0 0 0 0 0
WIT 6 178 179 204 199 228 0 0 0 0 32002 0 -1 0 0 0 32002 32002 0 0 0 0 0 0
WIT 7 178 179 176 170 237 1964 0 0 0 32002 0 -1 0 0 0 32002 32002 0 0 0 0 0 0
WIT 7 178 179 201 195 194 0 0 0 0 180 0 -1 0 0 0 32002 32002 0 0 0 0 0 53055
WIT 10 178 179 158 149 182 1964 0 0 0 32002 0 -1 0 0 0 32002 32002 0 0 0 0 0 0
WIT 8 178 179 186 179 180 53055 0 0 0 32002 0 -1 0 0 0 32002 32002 0 0 0 0 0 0
WIT 7 178 179 207 201 230 53055 0 0 0 32002 0 -1 0 0 0 32002 32002 0 0 0 0 0 0
WIT 6 178 179 344 339 348 0 0 0 0 32002 0 -1 0 0 0 32002 32002 0 0 0 0 0 0
WIT 6 178 179 211 206 210 53055 0 0 0 32002 0 -1 0 0 0 32002 32002 0 0 0 0 0 0
WIT 6 178 179 180 175 195 53055 0 0 0 32002 0 -1 0 0 0 32002 32002 0 0 0 0 0 0
WIT 6 178 179 191 186 256 2267 0 0 0 32002 0 -1 0 0 0 32002 32002 0 0 0 0 0 0
WIT 6 178 179 205 200 200 53055 0 0 0 32002 0 -1 0 0 0 32002 32002 0 0 0 0 0 0
WIT 6 178 179 197 192 198 53055 0 0 0 32002 0 -1 0 0 0 32002 32002 0 0 0 0 0 0
WIT 6 178 179 199 194 219 0 0 0 0 32002 0 -1 0 0 0 32002 32002 0 0 0 0 0 0
WIT 9 178 179 212 204 244 2412 0 0 0 32002 0 -1 0 0 0 32002 32002 0 0 0 0 0 0
WIT 9 178 179 186 178 183 2268 1 0 0 32002 0 -1 0 0 0 32002 32002 0 0 0 0 0 0
WIT 10 178 179 185 176 192 3567 0 0 0 32002 0 -1 0 0 0 32002 32002 0 0 0 0 0 0
WIT 8 178 179 211 204 223 2268 1 0 0 32002 0 -1 0 0 0 32002 32002 0 0 0 0 0 0
WIT 8 178 179 228 221 239 2802 0 0 0 32002 0 -1 0 0 0 32002 32002 0 0 0 0 0 0
WIT 8 178 179 215 208 235 2802 0 0 0 32002 0 -1 0 0 0 32002 32002 0 0 0 0 0 0
WIT 9 178 179 184 176 198 3567 0 0 0 32002 0 -1 0 0 0 32002 32002 0 0 0 0 0 0
WIT 7 178 179 204 198 260 0 0 0 0 32002 0 -1 0 0 0 32002 32002 0 0 0 0 0 0
WIT 9 178 179 195 187 216 3567 0 0 0 32002 0 -1 0 0 0 32002 32002 0 0 0 0 0 0
WIT 8 178 179 199 192 207 2398 0 0 0 32002 0 -1 0 0 0 32002 32002 0 0 0 0 0 0
WIT 9 178 179 157 149 204 0 0 0 0 32002 0 -1 0 0 0 32002 32002 0 0 0 0 0 0
WIT 10 178 179 193 174 169 0 0 0 0 180 0 -1 0 0 0 32002 32002 0 0 0 0 0 2266
WIT 7 185 186 207 201 216 1957 0 0 0 32002 0 -1 0 0 0 32002 32002 0 0 0 0 0 0
WIT 6 185 186 211 206 189 0 0 0 0 215 0 -1 0 0 0 32002 32002 0 0 0 0 0 2802
WIT 9 185 186 210 202 194 0 0 0 0 188 0 -1 0 0 0 32002 32002 0 0 0 0 0 2723
WIT 7 185 186 267 261 151 0 0 0 0 184 0 -1 0 0 0 32002 32002 0 0 0 0 0 0
WIT 8 185 186 186 171 168 0 0 0 0 184 0 -1 0 0 0 32002 32002 0 0 0 0 0 0
WIT 6 185 186 189 184 183 0 0 0 0 186 0 -1 0 0 0 32002 32002 0 0 0 0 0 3567
WIT 7 185 186 188 182 169 0 0 0 0 186 0 -1 0 0 0 32002 32002 0 0 0 0 0 2802
WIT 9 179 186 187 179 108 0 0 0 0 186 0 -1 0 0 0 32002 32002 0 0 0 0 0 2292
WIT 9 185 186 171 163 235 1957 0 0 0 32002 0 -1 0 0 0 32002 32002 0 0 0 0 0 0
WIT 11 185 186 179 158 96 0 0 0 0 194 0 -1 0 0 0 32002 32002 0 0 0 0 0 2723
WIT 10 185 186 195 186 230 3567 0 0 0 32002 0 -1 0 0 0 32002 32002 0 0 0 0 0 0
WIT 9 185 186 182 174 202 3567 0 0 0 32002 0 -1 0 0 0 32002 32002 0 0 0 0 0 0
WIT 10 185 186 211 202 234 1957 0 0 0 32002 0 -1 0 0 0 32002 32002 0 0 0 0 0 0
WIT 9 185 186 184 176 156 0 0 0 0 200 0 -1 0 0 0 32002 32002 0 0 0 0 0 53055
WIT 10 185 186 182 163 145 0 0 0 0 198 0 -1 0 0 0 32002 32002 0 0 0 0 0 2258
WIT 9 185 186 179 171 205 3567 0 0 0 32002 0 -1 0 0 0 32002 32002 0 0 0 0 0 0
WIT 8 185 186 201 194 232 3567 0 0 0 32002 0 -1 0 0 0 32002 32002 0 0 0 0 0 0
WIT 8 185 186 219 212 216 3826 0 0 0 32002 0 -1 0 0 0 32002 32002 0 0 0 0 0 0
WIT 8 185 186 243 236 258 3567 0 0 0 32002 0 -1 0 0 0 32002 32002 0 0 0 0 0 0
WIT 8 185 186 204 197 226 0 0 0 0 32002 0 -1 0 0 0 32002 32002 0 0 0 0 0 0
WIT 8 185 186 184 177 198 3567 0 0 0 32002 0 -1 0 0 0 32002 32002 0 0 0 0 0 0
WIT 7 185 186 219 213 220 0 0 0 0 32002 0 -1 0 0 0 32002 32002 0 0 0 0 0 0
WIT 6 185 186 236 231 231 1957 0 0 0 32002 0 -1 0 0 0 32002 32002 0 0 0 0 0 0
WIT 8 185 186 183 176 169 0 0 0 0 220 0 -1 0 0 0 32002 32002 0 0 0 0 0 2802
WIT 9 185 186 181 173 169 0 0 0 0 199 0 -1 0 0 0 32002 32002 0 0 0 0 0 53055
WIT 8 185 186 197 190 215 3826 0 0 0 32002 0 -1 0 0 0 32002 32002 0 0 0 0 0 0
WIT 9 185 186 338 330 277 0 0 0 0 244 0 -1 0 0 0 32002 32002 0 0 0 0 0 2723
WIT 9 185 186 190 182 182 2281 0 0 1 184 1 1 8636 1 1 185 186 0 0 0 0 22 2281
WIT 8 185 186 179 164 152 0 0 0 0 186 0 -1 0 0 0 32002 32002 0 0 0 0 0 53055
WIT 10 185 186 176 167 210 1964 0 0 0 32002 0 -1 0 0 0 32002 32002 0 0 0 0 0 0
WIT 11 179 186 179 169 169 2723 1 0 0 186 0 -1 0 0 0 32002 32002 0 0 0 0 0 2915
WIT 9 -186 -185 -166 -174 -174 536 0 0 0 32002 0 -1 0 0 0 32002 32002 0 0 0 0 0 0
WIT 7 -186 -185 -163 -169 -178 0 0 0 0 -185 0 -1 0 0 0 32002 32002 0 0 0 0 0 75
WIT 8 -186 -185 -157 -164 -164 730 0 0 0 32002 0 -1 0 0 0 32002 32002 0 0 0 0 0 0
WIT 7 -186 -185 -140 -146 -166 0 0 0 0 -179 0 -1 0 0 0 32002 32002 0 0 0 0 0 75
WIT 8 -186 -185 -139 -154 -285 0 0 0 0 -185 0 -1 0 0 0 32002 32002 0 0 0 0 0 204
WIT 7 -186 -185 -178 -184 -184 853 0 0 0 32002 0 -1 0 0 0 32002 32002 0 0 0 0 0 0
WIT 6 -186 -185 -140 -145 -162 0 0 0 0 -184 0 -1 0 0 0 32002 32002 0 0 0 0 0 75
WIT 6 -186 -185 -125 -130 -130 658 0 0 0 32002 0 -1 0 0 0 32002 32002 0 0 0 0 0 0
WIT 13 185 186 207 182 166 0 0 0 0 185 0 -1 0 0 0 32002 32002 0 0 0 0 0 0
WIT 9 -186 -185 -185 -193 -194 0 0 0 0 -185 0 -1 0 0 0 32002 32002 0 0 0 0 0 196
WIT 7 -186 -185 -176 -182 -271 0 0 0 0 -185 0 -1 0 0 0 32002 32002 0 0 0 0 0 1244
WIT 7 185 186 192 186 169 0 0 0 0 177 0 -1 0 0 0 32002 32002 0 0 0 0 0 0
WIT 8 185 186 189 174 173 0 0 0 0 185 0 -1 0 0 0 32002 32002 0 0 0 0 0 0
WIT 10 185 186 186 167 121 0 0 0 0 185 0 -1 0 0 0 32002 32002 0 0 0 0 0 0
WIT 7 -186 -185 -61 -67 -58 1164 1 0 0 32002 0 -1 0 0 0 32002 32002 0 0 0 0 0 0
WIT 6 -186 -185 -125 -130 -107 0 0 0 0 32002 0 -1 0 0 0 32002 32002 0 0 0 0 0 0
WIT 12 185 186 207 184 179 0 0 0 0 185 0 -1 0 0 0 32002 32002 0 0 0 0 0 0
WIT 7 -186 -179 -153 -159 -275 0 0 0 0 -145 0 -1 0 0 0 32002 32002 0 0 0 0 0 166
WIT 6 185 186 180 175 150 0 0 0 0 170 0 -1 0 0 0 32002 32002 0 0 0 0 0 0
WIT 6 -180 -179 -150 -155 -193 0 0 0 0 -146 0 -1 0 0 0 32002 32002 0 0 0 0 0 1374
WIT 7 -186 -179 -185 -191 -264 0 0 0 0 -179 0 -1 0 0 0 32002 32002 0 0 0 0 0 730
WIT 8 -186 -179 -185 -192 -207 0 0 0 0 -179 0 -1 0 0 0 32002 32002 0 0 0 0 0 2022
WIT 6 179 180 180 175 154 0 0 0 0 180 0 -1 0 0 0 32002 32002 0 0 0 0 0 3169
WIT 11 -180 -179 -185 -195 -195 853 0 0 1 -180 1 1 6414 1 1 -180 -187 0 0 0 0 63 0
WIT 7 185 186 181 175 171 0 0 0 0 186 0 -1 0 0 0 32002 32002 0 0 0 0 0 1964
WIT 10 185 186 194 185 164 0 0 0 0 135 0 -1 0 0 0 32002 32002 0 0 0 0 0 0
WIT 9 185 186 187 179 131 0 0 0 0 154 0 -1 0 0 0 32002 32002 0 0 0 0 0 0
WIT 6 -180 -179 82 77 -28 0 0 0 0 -204 0 -1 0 0 0 32002 32002 0 0 0 0 0 725
WIT 9 -180 -179 -169 -177 -126 853 0 0 0 32002 0 -1 0 0 0 32002 32002 0 0 0 0 0 0
WIT 9 -180 -179 -166 -183 -167 536 0 0 0 32002 0 -1 0 0 0 32002 32002 0 0 0 0 0 0
WIT 9 -180 -179 -157 -165 -154 730 0 0 0 32002 0 -1 0 0 0 32002 32002 0 0 0 0 0 0
WIT 9 -180 -179 -104 -112 -223 0 0 0 0 -174 0 -1 0 0 0 32002 32002 0 0 0 0 0 204
WIT 8 -180 -179 -178 -185 -184 853 0 0 1 -177 0 -1 0 0 0 32002 32002 0 0 0 0 0 730
WIT 9 -186 -179 -185 -193 -207 0 0 0 0 -179 0 -1 0 0 0 32002 32002 0 0 0 0 0 75
WIT 11 -180 -179 -166 -176 -176 536 0 0 0 32002 0 -1 0 0 0 32002 32002 0 0 0 0 0 0
WIT 6 -180 -179 -154 -159 -92 1893 0 0 0 32002 0 -1 0 0 0 32002 32002 0 0 0 0 0 0
WIT 6 179 180 186 181 90 0 0 0 0 180 0 -1 0 0 0 32002 32002 0 0 0 0 0 1964
WIT 6 185 186 198 193 -56 0 0 0 0 185 0 -1 0 0 0 32002 32002 0 0 0 0 0 0
WIT 6 185 186 198 193 192 0 0 0 0 165 0 -1 0 0 0 32002 32002 0 0 0 0 0 0
WIT 8 -180 -179 -169 -176 -176 536 0 0 0 32002 0 -1 0 0 0 32002 32002 0 0 0 0 0 0
WIT 7 179 186 180 174 170 0 0 0 0 172 0 -1 0 0 0 32002 32002 0 0 0 0 0 0
WIT 10 -180 -179 -171 -180 -168 536 0 0 0 32002 0 -1 0 0 0 32002 32002 0 0 0 0 0 0
WIT 10 -180 -179 -185 -204 -204 536 0 0 1 -179 0 -1 0 0 0 32002 32002 0 0 0 0 0 75
WIT 9 -180 -179 -184 -201 -188 536 0 0 1 -177 0 -1 0 0 0 32002 32002 0 0 0 0 0 75
WIT 10 -180 -179 -185 -204 -401 0 0 0 0 -179 0 -1 0 0 0 32002 32002 0 0 0 0 0 204
WIT 10 -180 -179 -179 -188 -165 730 0 0 0 32002 0 -1 0 0 0 32002 32002 0 0 0 0 0 0
WIT 6 179 180 180 175 148 0 0 0 0 180 0 -1 0 0 0 32002 32002 0 0 0 0 0 3169
WIT 6 -180 -179 -157 -162 -155 730 0 0 0 32002 0 -1 0 0 0 32002 32002 0 0 0 0 0 0
WIT 9 -180 -179 -179 -196 -200 0 0 0 0 -179 0 -1 0 0 0 32002 32002 0 0 0 0 0 75
WIT 9 -180 -179 -139 -147 -148 0 0 0 0 -172 0 -1 0 0 0 32002 32002 0 0 0 0 0 75
WIT 9 -186 -179 -185 -193 -266 0 0 0 0 -179 0 -1 0 0 0 32002 32002 0 0 0 0 0 1153
WIT 8 -180 -179 -173 -180 -232 0 0 0 0 -174 0 -1 0 0 0 32002 32002 0 0 0 0 0 1244
WIT 7 -180 -179 -185 -198 -199 0 0 0 0 -183 0 -1 0 0 0 32002 32002 0 0 0 0 0 0
WIT 6 179 180 228 223 204 0 0 0 0 195 0 -1 0 0 0 32002 32002 0 0 0 0 0 1964
WIT 12 -180 -179 -185 -208 -198 196 0 0 1 -180 1 1 6986 1 1 -180 -180 0 0 0 0 53 0
WIT 12 -180 -179 -185 -208 -216 0 0 0 0 -180 0 -1 0 0 0 32002 32002 0 0 0 0 0 0
WIT 8 185 186 180 165 165 53055 0 0 1 186 0 -1 0 0 0 32002 32002 0 0 0 0 0 3567
WIT 6 185 186 216 211 230 0 0 0 0 32002 0 -1 0 0 0 32002 32002 0 0 0 0 0 0
WIT 6 185 186 180 175 190 2908 1 0 0 32002 0 -1 0 0 0 32002 32002 0 0 0 0 0 0
WIT 7 179 186 180 174 177 2908 1 0 0 186 0 -1 0 0 0 32002 32002 0 0 0 0 0 2802
WIT 9 185 186 181 164 166 2802 0 0 1 206 0 -1 0 0 0 32002 32002 0 0 0 0 0 2786
WIT 9 185 186 158 150 182 1964 0 0 1 186 0 -1 0 0 0 32002 32002 0 0 0 0 0 3817
WIT 8 185 186 219 212 212 2802 0 0 0 32002 0 -1 0 0 0 32002 32002 0 0 0 0 0 0
WIT 9 185 186 170 162 161 0 0 0 0 212 0 -1 0 0 0 32002 32002 0 0 0 0 0 2723
WIT 8 185 186 207 200 235 2268 1 0 0 32002 0 -1 0 0 0 32002 32002 0 0 0 0 0 0
WIT 8 185 186 211 204 223 2268 1 0 0 32002 0 -1 0 0 0 32002 32002 0 0 0 0 0 0
WIT 8 185 186 219 212 224 2268 1 0 0 32002 0 -1 0 0 0 32002 32002 0 0 0 0 0 0
WIT 7 185 186 344 338 338 53055 0 0 0 32002 0 -1 0 0 0 32002 32002 0 0 0 0 0 0
WIT 7 185 186 180 174 178 2802 0 0 1 188 0 -1 0 0 0 32002 32002 0 0 0 0 0 3567
WIT 7 185 186 191 185 185 2802 0 0 1 193 0 -1 0 0 0 32002 32002 0 0 0 0 0 3567
WIT 8 185 186 204 197 249 0 0 0 0 32002 0 -1 0 0 0 32002 32002 0 0 0 0 0 0
WIT 8 185 186 205 198 198 53055 0 0 0 32002 0 -1 0 0 0 32002 32002 0 0 0 0 0 0
WIT 7 185 186 220 214 268 0 0 0 0 32002 0 -1 0 0 0 32002 32002 0 0 0 0 0 0
WIT 7 185 186 212 206 215 2802 0 0 0 32002 0 -1 0 0 0 32002 32002 0 0 0 0 0 0
WIT 11 179 186 179 169 132 0 0 0 0 186 0 -1 0 0 0 32002 32002 0 0 0 0 0 2398
WIT 7 185 186 186 180 193 53055 0 0 0 32002 0 -1 0 0 0 32002 32002 0 0 0 0 0 0
WIT 6 185 186 179 174 179 3567 0 0 1 183 1 1 36811 1 1 185 186 0 0 0 0 14 3567
WIT 6 185 186 192 187 212 53055 0 0 0 32002 0 -1 0 0 0 32002 32002 0 0 0 0 0 0
WIT 13 185 186 179 167 167 3567 0 0 1 186 0 -1 0 0 0 32002 32002 0 0 0 0 0 2398
WIT 7 185 186 183 170 170 2398 0 0 1 207 0 -1 0 0 0 32002 32002 0 0 0 0 0 2412
WIT 6 185 186 199 194 227 0 0 0 0 32002 0 -1 0 0 0 32002 32002 0 0 0 0 0 0
WIT 8 185 186 182 167 157 0 0 0 0 203 0 -1 0 0 0 32002 32002 0 0 0 0 0 2268
WIT 10 185 186 154 145 191 0 0 0 0 32002 0 -1 0 0 0 32002 32002 0 0 0 0 0 0
WIT 9 185 186 231 214 213 0 0 0 0 186 0 -1 0 0 0 32002 32002 0 0 0 0 0 3567
WIT 8 185 186 212 205 242 2412 0 0 0 32002 0 -1 0 0 0 32002 32002 0 0 0 0 0 0
WIT 13 185 186 181 156 179 2398 0 0 1 186 0 -1 0 0 0 32002 32002 0 0 0 0 0 2802
WIT 10 185 186 186 177 185 2268 1 0 0 186 0 -1 0 0 0 32002 32002 0 0 0 0 0 3567
WIT 7 185 186 183 177 198 53055 0 0 0 32002 0 -1 0 0 0 32002 32002 0 0 0 0 0 0
WIT 11 185 186 184 174 196 2398 0 0 0 32002 0 -1 0 0 0 32002 32002 0 0 0 0 0 0
WIT 11 185 186 199 189 189 2802 0 0 0 32002 0 -1 0 0 0 32002 32002 0 0 0 0 0 0
WIT 11 185 186 184 174 199 2802 0 0 0 32002 0 -1 0 0 0 32002 32002 0 0 0 0 0 0
WIT 12 185 186 201 190 213 3567 0 0 0 32002 0 -1 0 0 0 32002 32002 0 0 0 0 0 0
WIT 11 185 186 180 159 159 3826 0 0 1 186 0 -1 0 0 0 32002 32002 0 0 0 0 0 2802
WIT 11 185 186 179 158 157 0 0 0 0 186 0 -1 0 0 0 32002 32002 0 0 0 0 0 2266
WIT 9 185 186 187 179 223 2268 1 0 0 32002 0 -1 0 0 0 32002 32002 0 0 0 0 0 0
WIT 6 -187 -186 -144 -149 -155 0 0 0 0 -186 0 -1 0 0 0 32002 32002 0 0 0 0 0 853
WIT 6 -187 -186 -131 -136 -222 0 0 0 0 -174 0 -1 0 0 0 32002 32002 0 0 0 0 0 219
WIT 8 186 195 186 179 179 3567 0 0 1 186 1 3 841 1 1 186 186 2 0 99 0 58 0
WIT 7 186 195 189 183 147 0 0 0 0 205 0 -1 0 0 0 32002 32002 0 0 0 0 0 53055
WIT 6 194 195 224 219 191 0 0 0 0 233 0 -1 0 0 0 32002 32002 0 0 0 0 0 3567
WIT 9 186 195 186 178 177 0 0 0 0 186 0 -1 0 0 0 32002 32002 0 0 0 0 0 2285
WIT 12 194 195 198 175 195 3567 0 0 0 32002 0 -1 0 0 0 32002 32002 0 0 0 0 0 0
WIT 12 194 195 197 174 159 0 0 0 0 195 0 -1 0 0 0 32002 32002 0 0 0 0 0 2258
WIT 12 194 195 197 174 182 3567 0 0 1 199 0 -1 0 0 0 32002 32002 0 0 0 0 0 53055
WIT 10 194 195 193 174 -112 0 0 0 0 197 0 -1 0 0 0 32002 32002 0 0 0 0 0 2723
WIT 9 194 195 195 187 187 2802 0 0 1 198 0 -1 0 0 0 32002 32002 0 0 0 0 0 53055
WIT 9 194 195 182 174 202 3567 0 0 0 32002 0 -1 0 0 0 32002 32002 0 0 0 0 0 0
WIT 9 194 195 184 176 199 3567 0 0 0 32002 0 -1 0 0 0 32002 32002 0 0 0 0 0 0
WIT 9 194 195 197 189 217 3826 0 0 0 32002 0 -1 0 0 0 32002 32002 0 0 0 0 0 0
WIT 11 194 195 238 217 142 0 0 0 0 244 0 -1 0 0 0 32002 32002 0 0 0 0 0 2723
WIT 9 194 195 215 207 279 3826 0 0 0 32002 0 -1 0 0 0 32002 32002 0 0 0 0 0 0
WIT 9 194 195 186 178 199 2285 0 0 0 32002 0 -1 0 0 0 32002 32002 0 0 0 0 0 0
WIT 6 194 195 252 247 265 1957 0 0 0 32002 0 -1 0 0 0 32002 32002 0 0 0 0 0 0
WIT 10 194 195 186 167 166 0 0 0 0 195 0 -1 0 0 0 32002 32002 0 0 0 0 0 53055
WIT 9 194 195 204 196 233 0 0 0 0 32002 0 -1 0 0 0 32002 32002 0 0 0 0 0 0
WIT 9 194 195 179 171 205 3567 0 0 0 32002 0 -1 0 0 0 32002 32002 0 0 0 0 0 0
WIT 9 194 195 176 168 210 1964 0 0 0 32002 0 -1 0 0 0 32002 32002 0 0 0 0 0 0
WIT 11 186 195 186 176 176 2723 1 0 0 195 0 -1 0 0 0 32002 32002 0 0 0 0 0 2915
WIT 7 194 195 191 178 179 53055 0 0 1 195 0 -1 0 0 0 32002 32002 0 0 0 0 0 3567
WIT 6 194 195 216 211 231 0 0 0 0 32002 0 -1 0 0 0 32002 32002 0 0 0 0 0 0
WIT 7 194 195 193 180 222 1957 0 0 0 32002 0 -1 0 0 0 32002 32002 0 0 0 0 0 0
WIT 12 194 195 180 157 162 2908 1 0 0 195 0 -1 0 0 0 32002 32002 0 0 0 0 0 2802
WIT 6 194 195 206 201 198 0 0 0 0 194 0 -1 0 0 0 32002 32002 0 0 0 0 0 0
WIT 11 194 195 204 183 188 2802 0 0 1 194 1 1 25017 1 1 194 194 0 0 0 0 92 0
WIT 7 -195 -194 -175 -181 -182 0 0 0 0 -194 0 -1 0 0 0 32002 32002 0 0 0 0 0 1187
WIT 10 -195 -194 -176 -185 -186 0 0 0 0 -194 0 -1 0 0 0 32002 32002 0 0 0 0 0 1827
WIT 8 -195 -194 -179 -186 -187 0 0 0 0 -165 0 -1 0 0 0 32002 32002 0 0 0 0 0 1373
WIT 9 -195 -194 -155 -163 -152 166 1 0 0 32002 0 -1 0 0 0 32002 32002 0 0 0 0 0 0
WIT 9 -195 -194 -171 -179 -179 853 0 0 0 32002 0 -1 0 0 0 32002 32002 0 0 0 0 0 0
WIT 9 -195 -194 -119 -127 -63 1707 1 0 0 32002 0 -1 0 0 0 32002 32002 0 0 0 0 0 0
WIT 11 -195 -194 -179 -200 -268 0 0 0 0 -194 0 -1 0 0 0 32002 32002 0 0 0 0 0 730
WIT 9 -195 -194 -173 -181 -178 730 0 0 0 32002 0 -1 0 0 0 32002 32002 0 0 0 0 0 0
WIT 11 -195 -194 -179 -200 -197 730 0 0 1 -179 0 -1 0 0 0 32002 32002 0 0 0 0 0 853
WIT 9 -195 -194 -179 -196 -196 730 0 0 1 -179 0 -1 0 0 0 32002 32002 0 0 0 0 0 853
WIT 8 -195 -194 -169 -176 -176 730 0 0 0 32002 0 -1 0 0 0 32002 32002 0 0 0 0 0 0
WIT 8 -195 -194 -157 -164 -155 730 0 0 0 32002 0 -1 0 0 0 32002 32002 0 0 0 0 0 0
WIT 8 -195 -194 -177 -184 -184 853 0 0 0 32002 0 -1 0 0 0 32002 32002 0 0 0 0 0 0
WIT 10 -195 -194 -174 -193 -206 0 0 0 0 -174 0 -1 0 0 0 32002 32002 0 0 0 0 0 204
WIT 10 -195 -194 -179 -188 -188 730 0 0 0 32002 0 -1 0 0 0 32002 32002 0 0 0 0 0 0
WIT 12 -195 -194 -179 -202 -207 0 0 0 0 -194 0 -1 0 0 0 32002 32002 0 0 0 0 0 75
WIT 8 -195 -194 -179 -186 -168 853 0 0 0 32002 0 -1 0 0 0 32002 32002 0 0 0 0 0 0
WIT 11 -195 -194 -179 -200 -192 536 0 0 0 32002 0 -1 0 0 0 32002 32002 0 0 0 0 0 0
WIT 9 -195 -194 -171 -179 -168 536 0 0 0 32002 0 -1 0 0 0 32002 32002 0 0 0 0 0 0
WIT 11 -195 -194 -179 -200 -228 0 0 0 0 -194 0 -1 0 0 0 32002 32002 0 0 0 0 0 1153
WIT 8 -195 -194 -116 -123 -168 0 0 0 0 -195 0 -1 0 0 0 32002 32002 0 0 0 0 0 0
WIT 6 -195 -194 -146 -151 -259 0 0 0 0 -131 0 -1 0 0 0 32002 32002 0 0 0 0 0 931
WIT 11 194 195 195 185 158 0 0 0 0 167 0 -1 0 0 0 32002 32002 0 0 0 0 0 0
WIT 8 -187 -186 -155 -162 -164 0 0 0 0 -183 0 -1 0 0 0 32002 32002 0 0 0 0 0 1314
WIT 6 -187 -186 -166 -171 -165 0 0 0 0 32002 0 -1 0 0 0 32002 32002 0 0 0 0 0 0
WIT 7 -187 -186 -170 -183 -204 0 0 0 0 -186 0 -1 0 0 0 32002 32002 0 0 0 0 0 148
WIT 6 -187 -186 -180 -185 -197 0 0 0 0 -183 0 -1 0 0 0 32002 32002 0 0 0 0 0 148
WIT 7 -187 -186 -182 -188 -185 1176 0 0 0 32002 0 -1 0 0 0 32002 32002 0 0 0 0 0 0
WIT 7 -195 -186 -194 -200 -216 0 0 0 0 -186 0 -1 0 0 0 32002 32002 0 0 0 0 0 196
WIT 10 -187 -186 -194 -213 -213 196 0 0 1 -186 0 -1 0 0 0 32002 32002 0 0 0 0 0 536
WIT 6 186 187 192 187 186 0 0 0 0 191 0 -1 0 0 0 32002 32002 0 0 0 0 0 2910
WIT 10 -187 -186 -194 -213 -232 0 0 0 0 -187 0 -1 0 0 0 32002 32002 0 0 0 0 0 0
WIT 6 194 195 191 186 239 3567 0 0 0 32002 0 -1 0 0 0 32002 32002 0 0 0 0 0 0
WIT 6 194 195 201 196 186 0 0 0 0 206 0 -1 0 0 0 32002 32002 0 0 0 0 0 3567
WIT 6 194 195 190 185 225 3567 0 0 0 32002 0 -1 0 0 0 32002 32002 0 0 0 0 0 0
WIT 7 194 195 208 202 211 2786 0 0 0 32002 0 -1 0 0 0 32002 32002 0 0 0 0 0 0
WIT 6 194 195 217 212 211 0 0 0 0 206 0 -1 0 0 0 32002 32002 0 0 0 0 0 53048
WIT 8 194 195 204 189 184 0 0 0 0 195 0 -1 0 0 0 32002 32002 0 0 0 0 0 3567
WIT 7 194 195 199 193 192 0 0 0 0 195 0 -1 0 0 0 32002 32002 0 0 0 0 0 1964
WIT 9 -195 -186 -194 -202 -199 1180 1 0 0 -195 0 -1 0 0 0 32002 32002 0 0 0 0 0 0
WIT 12 194 195 186 175 215 1964 0 0 0 32002 0 -1 0 0 0 32002 32002 0 0 0 0 0 0
WIT 14 194 195 186 173 204 53055 0 0 0 32002 0 -1 0 0 0 32002 32002 0 0 0 0 0 0
WIT 11 194 195 186 176 179 3567 0 0 1 199 0 -1 0 0 0 32002 32002 0 0 0 0 0 2268
WIT 10 194 195 192 183 183 53055 0 0 1 209 0 -1 0 0 0 32002 32002 0 0 0 0 0 3567
WIT 7 194 195 186 180 205 2915 1 0 0 32002 0 -1 0 0 0 32002 32002 0 0 0 0 0 0
WIT 6 194 195 193 188 207 0 0 0 0 32002 0 -1 0 0 0 32002 32002 0 0 0 0 0 0
WIT 12 194 195 186 175 183 2268 1 0 0 195 0 -1 0 0 0 32002 32002 0 0 0 0 0 3567
WIT 10 194 195 187 178 222 2268 1 0 0 32002 0 -1 0 0 0 32002 32002 0 0 0 0 0 0
WIT 9 194 195 190 182 194 2268 1 0 0 248 0 -1 0 0 0 32002 32002 0 0 0 0 0 2267
WIT 8 194 195 220 213 271 0 0 0 0 32002 0 -1 0 0 0 32002 32002 0 0 0 0 0 0
WIT 10 194 195 186 177 185 2268 1 0 0 202 0 -1 0 0 0 32002 32002 0 0 0 0 0 3567
WIT 11 186 195 186 176 122 0 0 0 0 195 0 -1 0 0 0 32002 32002 0 0 0 0 0 2398
WIT 12 194 195 186 175 211 3567 0 0 0 32002 0 -1 0 0 0 32002 32002 0 0 0 0 0 0
WIT 13 194 195 186 174 196 3567 0 0 0 32002 0 -1 0 0 0 32002 32002 0 0 0 0 0 0
WIT 9 194 195 212 204 244 2412 0 0 0 32002 0 -1 0 0 0 32002 32002 0 0 0 0 0 0
WIT 9 194 195 186 169 169 53055 0 0 1 226 0 -1 0 0 0 32002 32002 0 0 0 0 0 3567
WIT 13 194 195 186 161 179 2398 0 0 1 201 0 -1 0 0 0 32002 32002 0 0 0 0 0 2802
WIT 10 194 195 205 196 205 2268 1 0 0 32002 0 -1 0 0 0 32002 32002 0 0 0 0 0 0
WIT 12 194 195 186 175 212 3567 0 0 0 32002 0 -1 0 0 0 32002 32002 0 0 0 0 0 0
WIT 11 194 195 199 189 216 3567 0 0 0 32002 0 -1 0 0 0 32002 32002 0 0 0 0 0 0
WIT 11 194 195 184 174 189 3567 0 0 1 198 0 -1 0 0 0 32002 32002 0 0 0 0 0 2398
WIT 11 194 195 263 253 320 2398 0 0 0 32002 0 -1 0 0 0 32002 32002 0 0 0 0 0 0
WIT 11 194 195 186 176 211 2398 0 0 0 32002 0 -1 0 0 0 32002 32002 0 0 0 0 0 0
WIT 11 194 195 184 174 196 2398 0 0 0 32002 0 -1 0 0 0 32002 32002 0 0 0 0 0 0
WIT 11 194 195 201 191 213 3567 0 0 0 32002 0 -1 0 0 0 32002 32002 0 0 0 0 0 0
WIT 12 194 195 186 175 191 3567 0 0 1 195 0 -1 0 0 0 32002 32002 0 0 0 0 0 2398
WIT 11 194 195 186 176 235 3567 0 0 0 32002 0 -1 0 0 0 32002 32002 0 0 0 0 0 0
WIT 12 194 195 186 163 207 3826 0 0 0 32002 0 -1 0 0 0 32002 32002 0 0 0 0 0 0
WIT 12 194 195 197 186 243 2412 0 0 0 32002 0 -1 0 0 0 32002 32002 0 0 0 0 0 0
WIT 12 194 195 186 163 161 0 0 0 0 207 0 -1 0 0 0 32002 32002 0 0 0 0 0 2266
WIT 6 206 207 255 250 306 3964 0 0 0 32002 0 -1 0 0 0 32002 32002 0 0 0 0 0 0
WIT 7 195 207 279 273 237 0 0 0 0 246 0 -1 0 0 0 32002 32002 0 0 0 0 0 3567
WIT 9 206 207 228 220 221 3964 0 0 0 32002 0 -1 0 0 0 32002 32002 0 0 0 0 0 0
WIT 8 206 207 244 237 275 0 0 0 0 32002 0 -1 0 0 0 32002 32002 0 0 0 0 0 0
WIT 8 206 207 205 190 214 3567 0 0 0 32002 0 -1 0 0 0 32002 32002 0 0 0 0 0 0
WIT 7 206 207 215 209 205 0 0 0 0 219 0 -1 0 0 0 32002 32002 0 0 0 0 0 3567
WIT 7 206 207 270 264 264 3826 0 0 0 32002 0 -1 0 0 0 32002 32002 0 0 0 0 0 0
WIT 7 206 207 232 226 277 1957 0 0 0 32002 0 -1 0 0 0 32002 32002 0 0 0 0 0 0
WIT 9 195 207 203 195 183 0 0 0 0 214 0 -1 0 0 0 32002 32002 0 0 0 0 0 53055
WIT 11 206 207 213 203 203 3567 0 0 1 216 0 -1 0 0 0 32002 32002 0 0 0 0 0 53055
WIT 9 206 207 209 201 201 3567 0 0 1 207 0 -1 0 0 0 32002 32002 0 0 0 0 0 53055
WIT 8 206 207 203 196 196 3567 0 0 1 207 0 -1 0 0 0 32002 32002 0 0 0 0 0 53055
WIT 8 206 207 234 227 244 3567 0 0 0 32002 0 -1 0 0 0 32002 32002 0 0 0 0 0 0
WIT 9 195 207 202 194 186 0 0 0 0 207 0 -1 0 0 0 32002 32002 0 0 0 0 0 2285
WIT 12 206 207 196 173 104 0 0 0 0 208 0 -1 0 0 0 32002 32002 0 0 0 0 0 2723
WIT 6 206 207 199 194 227 2285 0 0 0 32002 0 -1 0 0 0 32002 32002 0 0 0 0 0 0
WIT 11 206 207 198 177 182 3567 0 0 1 216 0 -1 0 0 0 32002 32002 0 0 0 0 0 53055
WIT 6 206 207 215 210 268 3826 0 0 0 32002 0 -1 0 0 0 32002 32002 0 0 0 0 0 0
WIT 11 206 207 198 177 182 3826 0 0 1 211 0 -1 0 0 0 32002 32002 0 0 0 0 0 53055
WIT 11 206 207 195 174 171 0 0 0 0 210 0 -1 0 0 0 32002 32002 0 0 0 0 0 2258
WIT 9 206 207 184 176 188 3567 0 0 1 222 0 -1 0 0 0 32002 32002 0 0 0 0 0 53055
WIT 9 206 207 197 189 189 2802 0 0 1 238 0 -1 0 0 0 32002 32002 0 0 0 0 0 53055
WIT 9 206 207 197 189 217 3826 0 0 0 32002 0 -1 0 0 0 32002 32002 0 0 0 0 0 0
WIT 8 206 207 182 175 200 3567 0 0 1 215 0 -1 0 0 0 32002 32002 0 0 0 0 0 53055
WIT 8 206 207 204 197 235 0 0 0 0 32002 0 -1 0 0 0 32002 32002 0 0 0 0 0 0
WIT 11 206 207 260 250 273 2788 1 0 0 32002 0 -1 0 0 0 32002 32002 0 0 0 0 0 0
WIT 8 206 207 186 179 192 2285 0 0 1 222 0 -1 0 0 0 32002 32002 0 0 0 0 0 2281
WIT 7 206 207 252 246 285 1957 0 0 0 32002 0 -1 0 0 0 32002 32002 0 0 0 0 0 0
WIT 9 206 207 195 178 171 0 0 0 0 215 0 -1 0 0 0 32002 32002 0 0 0 0 0 53055
WIT 8 206 207 179 172 203 3567 0 0 1 245 0 -1 0 0 0 32002 32002 0 0 0 0 0 53055
WIT 8 206 207 176 169 208 1964 0 0 0 32002 0 -1 0 0 0 32002 32002 0 0 0 0 0 0
WIT 11 195 207 195 185 185 2723 1 0 0 207 0 -1 0 0 0 32002 32002 0 0 0 0 0 2915
WIT 10 206 207 187 168 175 3567 0 0 1 207 0 -1 0 0 0 32002 32002 0 0 0 0 0 1964
WIT 7 206 207 190 184 220 3567 0 0 0 32002 0 -1 0 0 0 32002 32002 0 0 0 0 0 0
WIT 8 206 207 202 195 241 53048 0 0 0 32002 0 -1 0 0 0 32002 32002 0 0 0 0 0 0
WIT 8 206 207 206 199 229 2919 0 0 0 32002 0 -1 0 0 0 32002 32002 0 0 0 0 0 0
WIT 7 206 207 232 226 225 0 0 0 0 218 0 -1 0 0 0 32002 32002 0 0 0 0 0 3494
WIT 6 206 207 230 225 243 53048 0 0 0 32002 0 -1 0 0 0 32002 32002 0 0 0 0 0 0
WIT 7 206 207 200 194 215 53048 0 0 0 32002 0 -1 0 0 0 32002 32002 0 0 0 0 0 0
WIT 9 206 207 195 178 174 0 0 0 0 207 0 -1 0 0 0 32002 32002 0 0 0 0 0 1964
WIT 6 206 207 208 203 211 2786 0 0 0 32002 0 -1 0 0 0 32002 32002 0 0 0 0 0 0
WIT 7 206 207 212 206 221 3567 0 0 0 32002 0 -1 0 0 0 32002 32002 0 0 0 0 0 0
WIT 6 206 207 215 210 218 1964 0 0 0 32002 0 -1 0 0 0 32002 32002 0 0 0 0 0 0
WIT 7 206 207 195 182 182 53055 0 0 1 207 0 -1 0 0 0 32002 32002 0 0 0 0 0 3567
WIT 7 206 207 193 180 180 1957 0 0 1 229 0 -1 0 0 0 32002 32002 0 0 0 0 0 1964
WIT 12 206 207 195 172 172 2908 1 0 0 207 0 -1 0 0 0 32002 32002 0 0 0 0 0 2802
WIT 12 206 207 186 175 208 53055 0 0 0 32002 0 -1 0 0 0 32002 32002 0 0 0 0 0 0
WIT 10 206 207 186 177 216 1964 0 0 0 32002 0 -1 0 0 0 32002 32002 0 0 0 0 0 0
WIT 9 206 207 198 190 232 0 0 0 0 32002 0 -1 0 0 0 32002 32002 0 0 0 0 0 0
WIT 8 206 207 201 194 264 0 0 0 0 32002 0 -1 0 0 0 32002 32002 0 0 0 0 0 0
WIT 10 206 207 195 186 194 2268 1 0 0 207 0 -1 0 0 0 32002 32002 0 0 0 0 0 3567
WIT 8 206 207 242 235 235 2266 1 0 0 32002 0 -1 0 0 0 32002 32002 0 0 0 0 0 0
WIT 8 206 207 197 190 220 2268 1 0 0 32002 0 -1 0 0 0 32002 32002 0 0 0 0 0 0
WIT 8 206 207 187 180 220 2268 1 0 0 32002 0 -1 0 0 0 32002 32002 0 0 0 0 0 0
WIT 8 206 207 195 188 248 0 0 0 0 32002 0 -1 0 0 0 32002 32002 0 0 0 0 0 0
WIT 8 206 207 198 191 212 2268 1 0 0 32002 0 -1 0 0 0 32002 32002 0 0 0 0 0 0
WIT 8 206 207 201 194 199 2268 1 0 0 207 0 -1 0 0 0 32002 32002 0 0 0 0 0 3567
WIT 11 195 207 195 185 132 0 0 0 0 207 0 -1 0 0 0 32002 32002 0 0 0 0 0 2398
WIT 13 206 207 444 432 468 2915 1 0 0 32002 0 -1 0 0 0 32002 32002 0 0 0 0 0 0
WIT 13 206 207 186 174 222 3567 0 0 0 32002 0 -1 0 0 0 32002 32002 0 0 0 0 0 0
WIT 8 206 207 211 204 219 3828 0 0 0 32002 0 -1 0 0 0 32002 32002 0 0 0 0 0 0
WIT 7 206 207 204 191 187 0 0 0 0 207 0 -1 0 0 0 32002 32002 0 0 0 0 0 2412
WIT 7 206 207 199 193 225 0 0 0 0 32002 0 -1 0 0 0 32002 32002 0 0 0 0 0 0
WIT 8 206 207 201 186 167 0 0 0 0 207 0 -1 0 0 0 32002 32002 0 0 0 0 0 2268
WIT 8 206 207 217 210 213 53055 0 0 0 32002 0 -1 0 0 0 32002 32002 0 0 0 0 0 0
WIT 9 206 207 154 146 190 0 0 0 0 207 0 -1 0 0 0 32002 32002 0 0 0 0 0 2268
WIT 8 206 207 222 207 206 0 0 0 0 207 0 -1 0 0 0 32002 32002 0 0 0 0 0 3567
WIT 7 206 207 212 206 242 2412 0 0 0 32002 0 -1 0 0 0 32002 32002 0 0 0 0 0 0
WIT 13 206 207 200 175 181 2398 0 0 1 207 0 -1 0 0 0 32002 32002 0 0 0 0 0 2802
WIT 7 206 207 186 180 210 53055 0 0 0 32002 0 -1 0 0 0 32002 32002 0 0 0 0 0 0
WIT 12 206 207 186 175 195 2802 0 0 1 207 0 -1 0 0 0 32002 32002 0 0 0 0 0 2398
WIT 6 206 207 203 198 602 2723 1 0 0 32002 0 -1 0 0 0 32002 32002 0 0 0 0 0 0
WIT 6 206 207 200 195 194 0 0 0 0 239 0 -1 0 0 0 32002 32002 0 0 0 0 0 2398
WIT 11 206 207 184 174 196 2398 0 0 1 221 0 -1 0 0 0 32002 32002 0 0 0 0 0 2802
WIT 11 206 207 196 186 223 2802 0 0 0 32002 0 -1 0 0 0 32002 32002 0 0 0 0 0 0
WIT 10 206 207 199 190 190 2802 0 0 1 207 0 -1 0 0 0 32002 32002 0 0 0 0 0 2398
WIT 10 206 207 186 177 177 2802 0 0 1 207 0 -1 0 0 0 32002 32002 0 0 0 0 0 2398
WIT 10 206 207 197 188 191 3567 0 0 1 227 0 -1 0 0 0 32002 32002 0 0 0 0 0 2398
WIT 10 206 207 186 177 259 0 0 0 0 32002 0 -1 0 0 0 32002 32002 0 0 0 0 0 0
WIT 10 206 207 201 192 212 3567 0 0 0 32002 0 -1 0 0 0 32002 32002 0 0 0 0 0 0
WIT 11 206 207 195 185 193 3567 0 0 1 207 0 -1 0 0 0 32002 32002 0 0 0 0 0 2398
WIT 10 206 207 186 177 211 2802 0 0 0 32002 0 -1 0 0 0 32002 32002 0 0 0 0 0 0
WIT 10 206 207 206 187 180 0 0 0 0 207 0 -1 0 0 0 32002 32002 0 0 0 0 0 2266
WIT 7 -209 -208 -208 -214 -214 1180 0 0 1 -208 0 -1 0 0 0 32002 32002 0 0 0 0 0 4
WIT 6 -209 -208 -203 -208 -218 0 0 0 0 -208 0 -1 0 0 0 32002 32002 0 0 0 0 0 148
WIT 7 207 223 228 222 216 0 0 0 0 208 0 -1 0 0 0 32002 32002 0 0 0 0 0 3567
WIT 6 207 208 248 243 245 2802 0 0 0 32002 0 -1 0 0 0 32002 32002 0 0 0 0 0 0
WIT 7 208 209 240 227 207 0 0 0 0 209 0 -1 0 0 0 32002 32002 0 0 0 0 0 3964
WIT 7 -209 -208 -195 -201 -203 0 0 0 0 -209 0 -1 0 0 0 32002 32002 0 0 0 0 0 0
WIT 6 -209 -208 -200 -205 -219 0 0 0 0 -209 0 -1 0 0 0 32002 32002 0 0 0 0 0 0
WIT 9 207 223 213 205 200 0 0 0 0 208 0 -1 0 0 0 32002 32002 0 0 0 0 0 53055
WIT 7 207 208 207 201 209 3567 0 0 0 32002 0 -1 0 0 0 32002 32002 0 0 0 0 0 0
WIT 7 207 208 207 201 201 3567 0 0 1 208 0 -1 0 0 0 32002 32002 0 0 0 0 0 53055
WIT 9 207 223 207 199 186 0 0 0 0 208 0 -1 0 0 0 32002 32002 0 0 0 0 0 2285
WIT 9 207 208 207 190 37 0 0 0 0 208 0 -1 0 0 0 32002 32002 0 0 0 0 0 2723
WIT 7 207 208 197 191 217 3826 0 0 0 32002 0 -1 0 0 0 32002 32002 0 0 0 0 0 0
WIT 6 207 208 204 199 240 0 0 0 0 32002 0 -1 0 0 0 32002 32002 0 0 0 0 0 0
WIT 6 207 208 176 171 204 1964 0 0 1 207 1 1 45377 1 1 207 257 0 0 0 0 9 1964
WIT 9 -209 -208 -138 -146 -500 0 0 0 0 -208 0 -1 0 0 0 32002 32002 0 0 0 0 0 931
WIT 9 -209 -208 -153 -161 -196 0 0 0 0 -208 0 -1 0 0 0 32002 32002 0 0 0 0 0 1187
WIT 11 207 223 207 197 197 2723 1 0 0 208 0 -1 0 0 0 32002 32002 0 0 0 0 0 2915
WIT 8 207 208 207 192 192 3567 0 0 1 203 1 1 31812 1 1 207 204 0 0 0 0 23 0
WIT 7 207 208 207 194 186 0 0 0 0 207 0 -1 0 0 0 32002 32002 0 0 0 0 0 0
WIT 7 -208 -207 -132 -138 -126 0 0 0 0 32002 0 -1 0 0 0 32002 32002 0 0 0 0 0 0
WIT 12 207 208 207 184 185 2267 0 0 1 207 1 2 20408 1 1 207 194 1 0 1 0 1 0
WIT 9 -208 -207 -207 -215 -213 1180 1 0 0 -207 0 -1 0 0 0 32002 32002 0 0 0 0 0 1244
WIT 6 -208 -207 -160 -165 -79 1243 0 0 0 32002 0 -1 0 0 0 32002 32002 0 0 0 0 0 0
WIT 7 -208 -207 -61 -67 -58 1164 1 0 0 32002 0 -1 0 0 0 32002 32002 0 0 0 0 0 0
WIT 10 -208 -207 -132 -141 -166 0 0 0 0 -207 0 -1 0 0 0 32002 32002 0 0 0 0 0 1243
WIT 10 -208 -207 -129 -138 -138 786 0 0 0 32002 0 -1 0 0 0 32002 32002 0 0 0 0 0 0
WIT 11 207 223 207 197 132 0 0 0 0 207 0 -1 0 0 0 32002 32002 0 0 0 0 0 0
WIT 9 222 223 207 190 190 2908 1 0 0 223 0 -1 0 0 0 32002 32002 0 0 0 0 0 2802
WIT 7 -223 -186 -207 -213 -212 1180 1 0 0 -223 0 -1 0 0 0 32002 32002 0 0 0 0 0 0
WIT 10 222 223 208 189 193 3567 0 0 1 210 1 1 3054 1 1 222 210 0 0 0 0 2 0
WIT 9 222 223 208 191 186 0 0 0 0 211 0 -1 0 0 0 32002 32002 0 0 0 0 0 0
WIT 9 222 223 210 193 209 3826 0 0 1 224 0 -1 0 0 0 32002 32002 0 0 0 0 0 53055
WIT 9 222 223 209 192 176 0 0 0 0 223 0 -1 0 0 0 32002 32002 0 0 0 0 0 2258
WIT 10 222 223 260 251 272 2788 1 0 0 32002 0 -1 0 0 0 32002 32002 0 0 0 0 0 0
WIT 10 222 223 220 211 232 2285 0 0 0 32002 0 -1 0 0 0 32002 32002 0 0 0 0 0 0
WIT 9 222 223 252 244 287 1957 0 0 0 32002 0 -1 0 0 0 32002 32002 0 0 0 0 0 0
WIT 9 222 223 214 197 188 0 0 0 0 232 0 -1 0 0 0 32002 32002 0 0 0 0 0 53055
WIT 8 222 223 240 233 232 0 0 0 0 236 0 -1 0 0 0 32002 32002 0 0 0 0 0 53055
WIT 9 222 223 171 163 233 1957 0 0 0 32002 0 -1 0 0 0 32002 32002 0 0 0 0 0 0
WIT 9 222 223 208 191 158 0 0 0 0 224 0 -1 0 0 0 32002 32002 0 0 0 0 0 2723
WIT 8 222 223 220 213 215 3567 0 0 1 255 0 -1 0 0 0 32002 32002 0 0 0 0 0 53055
WIT 8 222 223 199 192 231 2285 0 0 0 32002 0 -1 0 0 0 32002 32002 0 0 0 0 0 0
WIT 8 222 223 236 229 229 1957 0 0 0 32002 0 -1 0 0 0 32002 32002 0 0 0 0 0 0
WIT 7 222 223 216 210 186 0 0 0 0 229 0 -1 0 0 0 32002 32002 0 0 0 0 0 2802
WIT 7 222 223 215 202 201 0 0 0 0 228 0 -1 0 0 0 32002 32002 0 0 0 0 0 53055
WIT 6 222 223 204 199 240 0 0 0 0 32002 0 -1 0 0 0 32002 32002 0 0 0 0 0 0
WIT 7 222 223 250 244 250 1957 0 0 0 32002 0 -1 0 0 0 32002 32002 0 0 0 0 0 0
WIT 7 222 223 197 191 217 3826 0 0 1 229 0 -1 0 0 0 32002 32002 0 0 0 0 0 3817
WIT 7 222 223 214 208 212 2802 0 0 1 266 0 -1 0 0 0 32002 32002 0 0 0 0 0 53055
WIT 7 -223 -186 -212 -218 -218 82 0 0 1 -223 1 1 35838 1 1 -223 -223 0 0 0 0 46 0
WIT 10 222 223 186 177 216 1964 0 0 1 225 0 -1 0 0 0 32002 32002 0 0 0 0 0 3817
WIT 9 222 223 207 199 216 53055 0 0 1 229 0 -1 0 0 0 32002 32002 0 0 0 0 0 3567
WIT 9 222 223 186 178 211 53055 0 0 1 210 1 1 31163 1 1 222 237 0 0 0 0 23 53055
WIT 8 222 223 201 194 264 0 0 0 0 32002 0 -1 0 0 0 32002 32002 0 0 0 0 0 0
WIT 8 222 223 198 191 232 0 0 0 0 32002 0 -1 0 0 0 32002 32002 0 0 0 0 0 0
WIT 8 222 223 197 190 217 53055 0 0 1 223 0 -1 0 0 0 32002 32002 0 0 0 0 0 3567
WIT 8 222 223 207 200 200 53055 0 0 1 223 0 -1 0 0 0 32002 32002 0 0 0 0 0 3567
WIT 8 222 223 219 212 265 0 0 0 0 32002 0 -1 0 0 0 32002 32002 0 0 0 0 0 0
WIT 8 222 223 187 180 203 53055 0 0 1 223 0 -1 0 0 0 32002 32002 0 0 0 0 0 3567
WIT 8 222 223 205 198 219 53055 0 0 1 255 0 -1 0 0 0 32002 32002 0 0 0 0 0 3567
WIT 8 222 223 207 200 220 53055 0 0 1 223 0 -1 0 0 0 32002 32002 0 0 0 0 0 3567
WIT 8 222 223 195 188 249 0 0 0 0 32002 0 -1 0 0 0 32002 32002 0 0 0 0 0 0
WIT 8 222 223 216 209 209 53055 0 0 1 225 0 -1 0 0 0 32002 32002 0 0 0 0 0 3567
WIT 8 222 223 242 235 280 2266 1 0 0 32002 0 -1 0 0 0 32002 32002 0 0 0 0 0 0
WIT 7 222 223 220 214 277 0 0 0 0 32002 0 -1 0 0 0 32002 32002 0 0 0 0 0 0
WIT 8 222 223 198 191 209 53055 0 0 1 233 0 -1 0 0 0 32002 32002 0 0 0 0 0 3567
WIT 9 -223 -186 -207 -215 -211 1827 1 0 0 -223 0 -1 0 0 0 32002 32002 0 0 0 0 0 0
WIT 6 222 223 223 218 207 0 0 0 0 223 0 -1 0 0 0 32002 32002 0 0 0 0 0 1964
WIT 12 222 223 207 196 198 2802 0 0 1 223 0 -1 0 0 0 32002 32002 0 0 0 0 0 2398
WIT 11 222 223 186 176 221 3567 0 0 1 228 0 -1 0 0 0 32002 32002 0 0 0 0 0 2398
WIT 8 222 223 211 204 219 3828 0 0 1 240 0 -1 0 0 0 32002 32002 0 0 0 0 0 3567
WIT 7 222 223 227 221 242 3828 0 0 0 32002 0 -1 0 0 0 32002 32002 0 0 0 0 0 0
WIT 6 222 223 297 292 298 3828 0 0 0 32002 0 -1 0 0 0 32002 32002 0 0 0 0 0 0
WIT 7 222 223 207 194 188 0 0 0 0 227 0 -1 0 0 0 32002 32002 0 0 0 0 0 2412
WIT 7 222 223 213 200 208 2398 0 0 1 222 1 1 38826 1 1 222 222 0 1 0 2 23 53055
WIT 6 222 223 199 194 225 0 0 0 0 32002 0 -1 0 0 0 32002 32002 0 0 0 0 0 0
WIT 7 222 223 207 194 178 0 0 0 0 223 0 -1 0 0 0 32002 32002 0 0 0 0 0 2268
WIT 8 222 223 217 210 213 53055 0 0 1 224 0 -1 0 0 0 32002 32002 0 0 0 0 0 3567
WIT 7 222 223 207 194 194 53055 0 0 1 244 0 -1 0 0 0 32002 32002 0 0 0 0 0 3567
WIT 12 222 223 207 184 216 2398 0 0 1 223 0 -1 0 0 0 32002 32002 0 0 0 0 0 2802
WIT 10 222 223 219 210 277 2398 0 0 0 32002 0 -1 0 0 0 32002 32002 0 0 0 0 0 0
WIT 10 222 223 225 216 216 2802 0 0 1 227 0 -1 0 0 0 32002 32002 0 0 0 0 0 2398
WIT 11 222 223 207 197 212 3567 0 0 1 223 0 -1 0 0 0 32002 32002 0 0 0 0 0 2398
WIT 6 222 223 199 194 235 2412 0 0 0 32002 0 -1 0 0 0 32002 32002 0 0 0 0 0 0
WIT 10 222 223 186 167 206 3826 0 0 1 235 0 -1 0 0 0 32002 32002 0 0 0 0 0 2802
WIT 10 222 223 197 188 241 2412 0 0 0 32002 0 -1 0 0 0 32002 32002 0 0 0 0 0 0
WIT 10 222 223 207 188 181 0 0 0 0 233 0 -1 0 0 0 32002 32002 0 0 0 0 0 2266
WIT 9 222 223 186 178 210 2398 0 0 1 260 0 -1 0 0 0 32002 32002 0 0 0 0 0 2768
WIT 9 222 223 207 199 208 2802 0 0 1 223 0 -1 0 0 0 32002 32002 0 0 0 0 0 2398
WIT 9 222 223 207 199 205 2802 0 0 1 223 0 -1 0 0 0 32002 32002 0 0 0 0 0 2398
WIT 9 222 223 201 193 213 3567 0 0 1 241 0 -1 0 0 0 32002 32002 0 0 0 0 0 2398
WIT 9 222 223 186 178 211 2802 0 0 1 223 0 -1 0 0 0 32002 32002 0 0 0 0 0 2398
WIT 7 250 251 190 184 183 0 0 0 0 244 0 -1 0 0 0 32002 32002 0 0 0 0 0 0
WIT 6 -224 -223 -238 -243 -483 0 0 0 0 -211 0 -1 0 0 0 32002 32002 0 0 0 0 0 212
WIT 8 -224 -223 -190 -197 -214 0 0 0 0 -224 0 -1 0 0 0 32002 32002 0 0 0 0 0 0
WIT 6 250 251 229 224 262 2910 0 0 0 32002 0 -1 0 0 0 32002 32002 0 0 0 0 0 0
WIT 8 250 251 216 209 269 2910 0 0 0 32002 0 -1 0 0 0 32002 32002 0 0 0 0 0 0
WIT 8 250 251 225 218 267 3567 0 0 0 32002 0 -1 0 0 0 32002 32002 0 0 0 0 0 0
WIT 8 -251 -250 -245 -252 -275 0 0 0 0 -251 0 -1 0 0 0 32002 32002 0 0 0 0 0 0
WIT 8 250 251 195 188 188 3494 0 0 1 251 0 -1 0 0 0 32002 32002 0 0 0 0 0 2919
WIT 7 250 251 210 204 198 0 0 0 0 251 0 -1 0 0 0 32002 32002 0 0 0 0 0 3567
WIT 7 250 251 229 223 243 2910 0 0 1 253 0 -1 0 0 0 32002 32002 0 0 0 0 0 3494
WIT 8 250 251 241 234 225 0 0 0 0 251 0 -1 0 0 0 32002 32002 0 0 0 0 0 3567
WIT 6 250 251 328 323 290 0 0 0 0 356 0 -1 0 0 0 32002 32002 0 0 0 0 0 2463
WIT 9 250 251 251 234 242 3494 0 0 1 251 0 -1 0 0 0 32002 32002 0 0 0 0 0 53048
WIT 8 250 251 251 236 217 0 0 0 0 251 0 -1 0 0 0 32002 32002 0 0 0 0 0 3567
WIT 11 250 251 272 262 262 53048 0 0 0 32002 0 -1 0 0 0 32002 32002 0 0 0 0 0 0
WIT 10 250 251 251 242 239 0 0 0 0 250 0 -1 0 0 0 32002 32002 0 0 0 0 0 0
WIT 7 -224 -223 -242 -248 -226 0 0 0 0 -230 0 -1 0 0 0 32002 32002 0 0 0 0 0 0
WIT 7 -224 -223 -52 -58 -42 1318 1 0 0 32002 0 -1 0 0 0 32002 32002 0 0 0 0 0 0
WIT 8 -224 -223 -244 -251 -255 0 0 0 0 -224 0 -1 0 0 0 32002 32002 0 0 0 0 0 0
WIT 7 -224 -223 -244 -257 -263 0 0 0 0 -224 0 -1 0 0 0 32002 32002 0 0 0 0 0 0
WIT 6 227 228 226 221 231 1964 0 0 0 32002 0 -1 0 0 0 32002 32002 0 0 0 0 0 0
WIT 6 227 228 230 225 232 1964 0 0 0 32002 0 -1 0 0 0 32002 32002 0 0 0 0 0 0
WIT 7 -229 -228 -193 -199 -200 0 0 0 0 -228 0 -1 0 0 0 32002 32002 0 0 0 0 0 196
WIT 6 227 228 237 232 244 53055 0 0 0 32002 0 -1 0 0 0 32002 32002 0 0 0 0 0 0
WIT 11 227 228 195 174 174 3821 1 1 0 228 0 -1 0 0 0 32002 32002 0 0 0 0 0 3309
WIT 8 227 228 207 200 220 2915 0 0 1 223 1 1 21352 1 1 227 248 0 0 0 0 27 2915
WIT 7 227 228 223 210 217 53055 0 0 1 228 0 -1 0 0 0 32002 32002 0 0 0 0 0 3567
WIT 7 227 228 225 219 236 0 0 0 0 32002 0 -1 0 0 0 32002 32002 0 0 0 0 0 0
WIT 6 227 228 227 222 256 0 0 0 0 32002 0 -1 0 0 0 32002 32002 0 0 0 0 0 0
WIT 7 227 228 226 213 212 0 0 0 0 229 0 -1 0 0 0 32002 32002 0 0 0 0 0 1964
WIT 6 227 228 180 175 207 53055 0 0 1 228 0 -1 0 0 0 32002 32002 0 0 0 0 0 3567
WIT 6 227 228 212 207 172 0 0 0 0 244 0 -1 0 0 0 32002 32002 0 0 0 0 0 3567
WIT 8 227 228 223 208 157 0 0 0 0 228 0 -1 0 0 0 32002 32002 0 0 0 0 0 2802
WIT 7 227 228 240 234 273 0 0 0 0 32002 0 -1 0 0 0 32002 32002 0 0 0 0 0 0
WIT 7 227 228 387 381 396 0 0 0 0 32002 0 -1 0 0 0 32002 32002 0 0 0 0 0 0
WIT 11 -229 -228 -194 -204 -188 139 0 0 0 32002 0 -1 0 0 0 32002 32002 0 0 0 0 0 0
WIT 11 -229 -228 -194 -204 -188 139 0 0 0 32002 0 -1 0 0 0 32002 32002 0 0 0 0 0 0
WIT 12 -229 -228 -194 -217 -233 0 0 0 0 -228 0 -1 0 0 0 32002 32002 0 0 0 0 0 1827
WIT 13 -229 -228 -136 -148 -153 0 0 0 0 -228 0 -1 0 0 0 32002 32002 0 0 0 0 0 931
WIT 13 -229 -228 -167 -179 -202 0 0 0 0 -228 0 -1 0 0 0 32002 32002 0 0 0 0 0 1187
WIT 8 -52 -51 -16 -23 -26 0 0 0 0 -51 0 -1 0 0 0 32002 32002 0 0 0 0 0 3150
WIT 13 -229 -228 -208 -220 -407 0 0 0 0 -228 0 -1 0 0 0 32002 32002 0 0 0 0 0 931
WIT 7 228 229 52 46 10 0 0 1 0 209 0 -1 0 0 0 32002 32002 0 0 0 0 0 0
WIT 13 -229 -228 -208 -233 -238 0 0 0 0 -228 0 -1 0 0 0 32002 32002 0 0 0 0 0 1187
WIT 13 -229 -228 -188 -213 -224 0 0 0 0 -228 0 -1 0 0 0 32002 32002 0 0 0 0 0 1827
WIT 14 -229 -228 -194 -221 -221 730 0 0 0 32002 0 -1 0 0 0 32002 32002 0 0 0 0 0 0
WIT 14 -229 -228 -135 -148 -172 0 0 0 0 -228 0 -1 0 0 0 32002 32002 0 0 0 0 0 1437
WIT 6 228 229 229 224 221 0 0 0 0 247 0 -1 0 0 0 32002 32002 0 0 0 0 0 3300
WIT 10 228 229 204 195 -93 0 0 0 0 247 0 -1 0 0 0 32002 32002 0 0 0 0 0 1940
WIT 10 -229 -228 -179 -198 -204 0 0 0 0 -229 0 -1 0 0 0 32002 32002 0 0 0 0 0 0
WIT 11 -229 -228 -228 -238 -391 0 0 0 0 -222 0 -1 0 0 0 32002 32002 0 0 0 0 0 1242
WIT 9 228 229 269 252 288 2919 0 0 0 32002 0 -1 0 0 0 32002 32002 0 0 0 0 0 0
WIT 8 -229 -228 -226 -233 -244 0 0 0 0 -227 0 -1 0 0 0 32002 32002 0 0 0 0 0 919
WIT 13 -229 -228 -154 -166 -189 0 0 0 0 -229 0 -1 0 0 0 32002 32002 0 0 0 0 0 399
WIT 11 -229 -228 -180 -201 -197 730 0 0 0 32002 0 -1 0 0 0 32002 32002 0 0 0 0 0 0
WIT 10 -229 -228 -179 -188 -188 730 0 0 0 32002 0 -1 0 0 0 32002 32002 0 0 0 0 0 0
WIT 8 -229 -228 -177 -184 -184 853 0 0 0 32002 0 -1 0 0 0 32002 32002 0 0 0 0 0 0
WIT 7 -229 -228 -148 -154 -137 853 0 0 0 32002 0 -1 0 0 0 32002 32002 0 0 0 0 0 0
WIT 7 -229 -228 -169 -175 -148 853 0 0 0 32002 0 -1 0 0 0 32002 32002 0 0 0 0 0 0
WIT 7 -229 -228 -119 -125 -107 536 0 0 0 32002 0 -1 0 0 0 32002 32002 0 0 0 0 0 0
WIT 8 -229 -228 -138 -145 -146 0 0 0 0 -191 0 -1 0 0 0 32002 32002 0 0 0 0 0 853
WIT 8 -229 -228 -157 -164 -155 730 0 0 0 32002 0 -1 0 0 0 32002 32002 0 0 0 0 0 0
WIT 6 -229 -228 -169 -174 -174 853 0 0 0 32002 0 -1 0 0 0 32002 32002 0 0 0 0 0 0
WIT 6 -229 -228 -164 -169 -169 853 0 0 0 32002 0 -1 0 0 0 32002 32002 0 0 0 0 0 0
WIT 6 -229 -228 -161 -166 -166 853 0 0 0 32002 0 -1 0 0 0 32002 32002 0 0 0 0 0 0
WIT 6 -229 -228 -194 -199 -199 853 0 0 0 32002 0 -1 0 0 0 32002 32002 0 0 0 0 0 0
WIT 6 -229 -228 -182 -187 -167 853 0 0 0 32002 0 -1 0 0 0 32002 32002 0 0 0 0 0 0
WIT 6 -229 -228 -148 -153 -140 853 0 0 0 32002 0 -1 0 0 0 32002 32002 0 0 0 0 0 0
WIT 13 -229 -228 -194 -219 -220 0 0 0 0 -228 0 -1 0 0 0 32002 32002 0 0 0 0 0 75
WIT 12 -229 -228 -179 -202 -192 536 0 0 0 32002 0 -1 0 0 0 32002 32002 0 0 0 0 0 0
WIT 6 -229 -228 -149 -154 -137 1568 0 0 0 32002 0 -1 0 0 0 32002 32002 0 0 0 0 0 0
WIT 11 -229 -228 -180 -201 -197 730 0 0 0 32002 0 -1 0 0 0 32002 32002 0 0 0 0 0 0
WIT 10 -229 -228 -169 -178 -168 536 0 0 0 32002 0 -1 0 0 0 32002 32002 0 0 0 0 0 0
WIT 8 -229 -228 -152 -159 -159 730 0 0 0 32002 0 -1 0 0 0 32002 32002 0 0 0 0 0 0
WIT 11 -229 -228 -179 -200 -200 536 0 0 0 32002 0 -1 0 0 0 32002 32002 0 0 0 0 0 0
WIT 8 -229 -228 -171 -178 -169 536 0 0 0 32002 0 -1 0 0 0 32002 32002 0 0 0 0 0 0
WIT 7 -229 -228 -159 -165 -165 536 0 0 0 32002 0 -1 0 0 0 32002 32002 0 0 0 0 0 0
WIT 7 -229 -228 -167 -173 -173 536 0 0 0 32002 0 -1 0 0 0 32002 32002 0 0 0 0 0 0
WIT 7 -229 -228 -140 -146 -136 536 0 0 0 32002 0 -1 0 0 0 32002 32002 0 0 0 0 0 0
WIT 6 -229 -228 -184 -189 -165 536 0 0 0 32002 0 -1 0 0 0 32002 32002 0 0 0 0 0 0
WIT 7 -229 -228 -179 -185 -167 536 0 0 0 32002 0 -1 0 0 0 32002 32002 0 0 0 0 0 0
WIT 7 -229 -228 -133 -139 -127 536 0 0 0 32002 0 -1 0 0 0 32002 32002 0 0 0 0 0 0
WIT 7 -229 -228 -137 -143 -143 536 0 0 0 32002 0 -1 0 0 0 32002 32002 0 0 0 0 0 0
WIT 7 -229 -228 -185 -191 -174 536 0 0 0 32002 0 -1 0 0 0 32002 32002 0 0 0 0 0 0
WIT 7 -229 -228 -129 -135 -127 536 0 0 0 32002 0 -1 0 0 0 32002 32002 0 0 0 0 0 0
WIT 7 -229 -228 -125 -131 -121 536 0 0 0 32002 0 -1 0 0 0 32002 32002 0 0 0 0 0 0
WIT 7 -229 -228 -140 -146 -162 0 0 0 0 -216 0 -1 0 0 0 32002 32002 0 0 0 0 0 75
WIT 7 -229 -228 -130 -136 -119 853 0 0 0 32002 0 -1 0 0 0 32002 32002 0 0 0 0 0 0
WIT 7 -229 -228 -131 -137 -134 853 0 0 0 32002 0 -1 0 0 0 32002 32002 0 0 0 0 0 0
WIT 7 -229 -228 -149 -155 -149 853 0 0 0 32002 0 -1 0 0 0 32002 32002 0 0 0 0 0 0
WIT 12 -229 -228 -194 -217 -228 0 0 0 0 -228 0 -1 0 0 0 32002 32002 0 0 0 0 0 1153
WIT 11 -229 -228 -177 -187 -172 1243 0 0 0 32002 0 -1 0 0 0 32002 32002 0 0 0 0 0 0
WIT 9 -229 -228 -61 -69 -61 1164 1 0 0 32002 0 -1 0 0 0 32002 32002 0 0 0 0 0 0
WIT 7 -229 -228 -160 -166 -137 0 0 0 0 32002 0 -1 0 0 0 32002 32002 0 0 0 0 0 0
WIT 7 -229 -228 -149 -155 -147 0 0 0 0 32002 0 -1 0 0 0 32002 32002 0 0 0 0 0 0
WIT 11 223 251 223 213 194 0 0 0 0 228 0 -1 0 0 0 32002 32002 0 0 0 0 0 2268
WIT 9 227 228 228 211 210 0 0 0 0 227 0 -1 0 0 0 32002 32002 0 0 0 0 0 0
WIT 8 -228 -223 -209 -216 -216 853 0 0 0 32002 0 -1 0 0 0 32002 32002 0 0 0 0 0 0
WIT 9 -224 -223 -195 -203 -200 853 0 0 0 32002 0 -1 0 0 0 32002 32002 0 0 0 0 0 0
WIT 9 -228 -223 -225 -233 -234 0 0 0 0 -223 0 -1 0 0 0 32002 32002 0 0 0 0 0 82
WIT 7 -224 -223 -227 -240 -234 148 0 0 1 -210 0 -1 0 0 0 32002 32002 0 0 0 0 0 202
WIT 12 -224 -223 -227 -250 -247 148 0 0 1 -211 0 -1 0 0 0 32002 32002 0 0 0 0 0 82
WIT 10 -224 -223 -186 -205 -205 148 0 0 0 32002 0 -1 0 0 0 32002 32002 0 0 0 0 0 0
WIT 8 -224 -223 -168 -175 -175 148 0 0 0 32002 0 -1 0 0 0 32002 32002 0 0 0 0 0 0
WIT 8 -224 -223 -134 -141 -136 853 0 0 0 32002 0 -1 0 0 0 32002 32002 0 0 0 0 0 0
WIT 9 -224 -223 -186 -203 -204 0 0 0 0 -205 0 -1 0 0 0 32002 32002 0 0 0 0 0 82
WIT 10 -224 -223 -147 -156 -246 0 0 0 0 -210 0 -1 0 0 0 32002 32002 0 0 0 0 0 1437
WIT 9 -228 -223 -227 -235 -239 0 0 0 0 -223 0 -1 0 0 0 32002 32002 0 0 0 0 0 666
WIT 8 -224 -223 -182 -189 -157 0 0 0 0 32002 0 -1 0 0 0 32002 32002 0 0 0 0 0 0
WIT 13 -224 -223 -206 -231 -229 853 0 0 1 -213 0 -1 0 0 0 32002 32002 0 0 0 0 0 658
WIT 12 -224 -223 -206 -229 -232 0 0 0 0 -221 0 -1 0 0 0 32002 32002 0 0 0 0 0 1185
WIT 12 -224 -223 -51 -62 -57 2254 0 0 0 32002 0 -1 0 0 0 32002 32002 0 0 0 0 0 0
WIT 11 -224 -223 -195 -205 -175 2254 0 0 0 32002 0 -1 0 0 0 32002 32002 0 0 0 0 0 0
WIT 12 -224 -223 -228 -251 -294 0 0 0 0 -223 0 -1 0 0 0 32002 32002 0 0 0 0 0 931
WIT 12 -224 -223 -228 -251 -253 0 0 0 0 -223 0 -1 0 0 0 32002 32002 0 0 0 0 0 1187
WIT 11 -224 -223 -208 -229 -230 0 0 0 0 -223 0 -1 0 0 0 32002 32002 0 0 0 0 0 82
WIT 10 -224 -223 -207 -216 -180 0 0 0 0 32002 0 -1 0 0 0 32002 32002 0 0 0 0 0 0
WIT 11 223 251 223 213 207 0 0 0 0 223 0 -1 0 0 0 32002 32002 0 0 0 0 0 0
WIT 6 239 240 258 253 205 0 0 0 0 225 0 -1 0 0 0 32002 32002 0 0 0 0 0 0
WIT 7 239 240 236 230 226 0 0 0 0 229 0 -1 0 0 0 32002 32002 0 0 0 0 0 0
WIT 7 -186 -185 -206 -212 -260 0 0 0 0 -186 0 -1 0 0 0 32002 32002 0 0 0 0 0 0
WIT 6 -186 -185 -226 -231 -243 0 0 0 0 -186 0 -1 0 0 0 32002 32002 0 0 0 0 0 0
WIT 7 -251 -185 -223 -229 -233 0 0 0 0 -240 0 -1 0 0 0 32002 32002 0 0 0 0 0 1243
WIT 8 -187 -186 -211 -226 -211 148 0 0 1 -195 1 1 16473 1 1 -187 -213 0 0 0 0 2 0
WIT 7 -187 -186 -211 -224 -237 0 0 0 0 -194 0 -1 0 0 0 32002 32002 0 0 0 0 0 0
WIT 7 -187 -186 -210 -216 -204 75 0 0 1 -25 0 -1 0 0 0 32002 32002 0 0 0 0 0 853
WIT 6 -187 -186 -202 -207 -139 82 0 0 0 32002 0 -1 0 0 0 32002 32002 0 0 0 0 0 0
WIT 7 -187 -186 -211 -224 -290 0 0 0 0 -139 0 -1 0 0 0 32002 32002 0 0 0 0 0 1437
WIT 7 -187 -186 -203 -209 -258 0 0 0 0 -155 0 -1 0 0 0 32002 32002 0 0 0 0 0 1307
WIT 8 -187 -186 -214 -229 -196 203 0 0 1 -176 0 -1 0 0 0 32002 32002 0 0 0 0 0 1243
WIT 7 -187 -186 -206 -212 -190 853 0 0 1 -251 1 1 22182 1 1 -187 -186 0 0 0 0 10 853
WIT 8 -187 -186 -215 -230 -244 0 0 0 0 -186 0 -1 0 0 0 32002 32002 0 0 0 0 0 148
WIT 9 -187 -186 -223 -231 -215 1243 0 0 1 -146 0 -1 0 0 0 32002 32002 0 0 0 0 0 148
WIT 7 -187 -186 -174 -180 -207 0 0 0 0 -186 0 -1 0 0 0 32002 32002 0 0 0 0 0 1243
WIT 7 -187 -186 -223 -236 -237 0 0 0 0 -186 0 -1 0 0 0 32002 32002 0 0 0 0 0 82
WIT 7 -187 -186 -206 -219 -214 202 0 0 1 -186 0 -1 0 0 0 32002 32002 0 0 0 0 0 82
WIT 6 -187 -186 -41 -46 -191 0 0 0 0 -131 0 -1 0 0 0 32002 32002 0 0 0 0 0 204
WIT 7 185 186 243 230 228 0 0 0 0 223 0 -1 0 0 0 32002 32002 0 0 0 0 0 2258
WIT 7 -251 -185 -223 -229 -239 0 0 0 0 -186 0 -1 0 0 0 32002 32002 0 0 0 0 0 666
WIT 6 -187 -186 -213 -218 -253 0 0 0 0 -177 0 -1 0 0 0 32002 32002 0 0 0 0 0 1179
WIT 9 -187 -186 -213 -230 -229 853 0 0 1 -182 0 -1 0 0 0 32002 32002 0 0 0 0 0 658
WIT 7 -187 -186 -6 -12 -13 0 0 0 0 -166 0 -1 0 0 0 32002 32002 0 0 0 0 0 2349
WIT 9 -187 -186 -214 -222 -284 0 0 0 0 -183 0 -1 0 0 0 32002 32002 0 0 0 0 0 1373
WIT 8 -187 -186 -214 -229 -259 0 0 0 0 -183 0 -1 0 0 0 32002 32002 0 0 0 0 0 853
WIT 7 -187 -186 -221 -227 -200 0 0 0 0 -146 0 -1 0 0 0 32002 32002 0 0 0 0 0 2155
WIT 8 -187 -186 -221 -236 -288 0 0 0 0 -185 0 -1 0 0 0 32002 32002 0 0 0 0 0 1185
WIT 11 -187 -186 -51 -61 -57 2254 0 0 0 32002 0 -1 0 0 0 32002 32002 0 0 0 0 0 0
WIT 10 -187 -186 -195 -204 -176 2254 0 0 0 32002 0 -1 0 0 0 32002 32002 0 0 0 0 0 0
WIT 7 -187 -186 -25 -31 -49 0 0 0 0 -134 0 -1 0 0 0 32002 32002 0 0 0 0 0 3150
WIT 7 -187 -186 -25 -31 -56 0 0 0 0 -139 0 -1 0 0 0 32002 32002 0 0 0 0 0 2289
WIT 10 -187 -186 -223 -242 -514 0 0 0 0 -186 0 -1 0 0 0 32002 32002 0 0 0 0 0 931
WIT 9 -187 -186 46 38 76 2285 1 0 0 32002 0 -1 0 0 0 32002 32002 0 0 0 0 0 0
WIT 8 -187 -186 -210 -217 -115 0 0 0 0 32002 0 -1 0 0 0 32002 32002 0 0 0 0 0 0
WIT 10 -187 -186 -223 -242 -249 0 0 0 0 -186 0 -1 0 0 0 32002 32002 0 0 0 0 0 1187
WIT 9 -187 -186 -18 -26 -33 0 0 0 0 -186 0 -1 0 0 0 32002 32002 0 0 0 0 0 931
WIT 9 -187 -186 -18 -26 -45 0 0 0 0 -186 0 -1 0 0 0 32002 32002 0 0 0 0 0 1187
WIT 8 -187 -186 -33 -40 -581 0 0 0 0 -186 0 -1 0 0 0 32002 32002 0 0 0 0 0 931
WIT 8 -187 -186 -33 -40 -44 0 0 0 0 -186 0 -1 0 0 0 32002 32002 0 0 0 0 0 1187
WIT 8 -187 -186 -46 -53 -57 0 0 0 0 -180 0 -1 0 0 0 32002 32002 0 0 0 0 0 1187
WIT 7 -187 -186 -40 -46 -34 1185 0 0 0 32002 0 -1 0 0 0 32002 32002 0 0 0 0 0 0
WIT 7 -187 -186 -212 -218 -212 1185 0 0 1 -186 0 -1 0 0 0 32002 32002 0 0 0 0 0 1187
WIT 7 -187 -186 -223 -236 -242 0 0 0 0 -186 0 -1 0 0 0 32002 32002 0 0 0 0 0 82
WIT 9 -251 -185 -223 -231 -229 82 0 0 1 -186 1 1 39239 1 1 -186 -228 0 0 0 0 1 1827
WIT 7 -187 -186 -207 -213 -176 0 0 0 0 32002 0 -1 0 0 0 32002 32002 0 0 0 0 0 0
WIT 7 -187 -186 -207 -213 -188 666 0 0 1 -178 0 -1 0 0 0 32002 32002 0 0 0 0 0 1243
WIT 8 -187 -186 -196 -203 -236 0 0 0 0 -186 0 -1 0 0 0 32002 32002 0 0 0 0 0 82
WIT 7 -187 -186 -207 -220 -230 0 0 0 0 -186 0 -1 0 0 0 32002 32002 0 0 0 0 0 1243
WIT 7 -187 -186 -207 -220 -224 0 0 0 0 -186 0 -1 0 0 0 32002 32002 0 0 0 0 0 1827
WIT 10 -196 -195 -227 -246 -202 1243 0 0 1 -195 0 -1 0 0 0 32002 32002 0 0 0 0 0 4
WIT 8 195 196 209 202 172 0 0 0 0 195 0 -1 0 0 0 32002 32002 0 0 0 0 0 0
WIT 7 -196 -195 -208 -214 -214 1180 0 0 1 -165 0 -1 0 0 0 32002 32002 0 0 0 0 0 4
WIT 9 -196 -195 -227 -244 -253 0 0 0 0 -196 0 -1 0 0 0 32002 32002 0 0 0 0 0 0
WIT 8 195 196 282 275 274 0 0 0 0 196 0 -1 0 0 0 32002 32002 0 0 0 0 0 3964
WIT 8 195 196 213 198 196 0 0 0 0 196 0 -1 0 0 0 32002 32002 0 0 0 0 0 3567
WIT 9 195 196 194 177 90 0 0 0 0 196 0 -1 0 0 0 32002 32002 0 0 0 0 0 53055
WIT 8 195 213 186 179 179 2285 0 0 1 195 1 1 31970 1 1 195 196 0 0 0 0 699 2285
WIT 8 195 196 218 203 194 0 0 0 0 223 0 -1 0 0 0 32002 32002 0 0 0 0 0 2258
WIT 8 -213 -195 -186 -193 -218 0 0 0 0 -196 0 -1 0 0 0 32002 32002 0 0 0 0 0 666
WIT 7 195 196 242 236 236 2266 1 0 0 32002 0 -1 0 0 0 32002 32002 0 0 0 0 0 0
WIT 8 -197 -196 -179 -186 -186 666 0 0 0 32002 0 -1 0 0 0 32002 32002 0 0 0 0 0 0
WIT 8 -197 -196 -129 -136 -136 786 0 0 0 32002 0 -1 0 0 0 32002 32002 0 0 0 0 0 0
WIT 8 -197 -196 -186 -201 -215 0 0 0 0 -186 0 -1 0 0 0 32002 32002 0 0 0 0 0 1827
WIT 6 -197 -196 -207 -212 -175 0 0 0 0 32002 0 -1 0 0 0 32002 32002 0 0 0 0 0 0
WIT 11 195 196 223 213 213 2802 0 0 0 32002 0 -1 0 0 0 32002 32002 0 0 0 0 0 0
WIT 10 195 196 223 214 218 2802 0 0 0 32002 0 -1 0 0 0 32002 32002 0 0 0 0 0 0
WIT 11 195 196 233 212 215 3826 0 0 0 32002 0 -1 0 0 0 32002 32002 0 0 0 0 0 0
WIT 10 195 196 197 188 241 2412 0 0 0 32002 0 -1 0 0 0 32002 32002 0 0 0 0 0 0
WIT 11 195 196 232 211 195 0 0 0 0 215 0 -1 0 0 0 32002 32002 0 0 0 0 0 2266
WIT 10 195 196 219 210 271 2398 0 0 0 32002 0 -1 0 0 0 32002 32002 0 0 0 0 0 0
WIT 7 195 196 256 250 279 2398 0 0 0 32002 0 -1 0 0 0 32002 32002 0 0 0 0 0 0
WIT 8 195 196 223 216 225 2802 0 0 0 32002 0 -1 0 0 0 32002 32002 0 0 0 0 0 0

===========================
Total time (ms) : 43
Nodes searched  : 32314
Nodes/second    : 751488
