
Position: 1/1 (r1bqkb1r/3p1ppp/1P2pn2/8/1n6/8/P2BPPPP/RN1QKBNR w KQkq - 0 9)
WIT 6 -332 -331 -253 -258 -302 0 0 0 0 -243 0 -1 0 0 0 32002 32002 0 0 0 0 0 8
WIT 6 -303 -302 -295 -300 -1060 0 0 0 0 -303 0 -1 0 0 0 32002 32002 0 0 0 0 0 0
WIT 8 -301 -300 -302 -317 -367 0 0 0 0 -321 0 -1 0 0 0 32002 32002 0 0 0 0 0 0
WIT 10 327 328 423 414 400 0 0 0 0 327 0 -1 0 0 0 32002 32002 0 0 0 0 0 0
WIT 8 327 328 357 350 410 1619 0 0 0 32002 0 -1 0 0 0 32002 32002 0 0 0 0 0 0
WIT 8 327 328 353 346 338 0 0 0 0 373 0 -1 0 0 0 32002 32002 0 0 0 0 0 3752
WIT 8 327 328 356 341 327 0 0 0 0 326 0 -1 0 0 0 32002 32002 0 0 0 0 0 0
WIT 8 -287 -286 -280 -287 -287 788 0 0 1 -281 0 -1 0 0 0 32002 32002 0 0 0 0 0 1187
WIT 6 286 287 287 282 279 0 0 0 0 277 0 -1 0 0 0 32002 32002 0 0 0 0 0 0
WIT 7 -287 -286 -300 -306 -329 0 0 0 0 -281 0 -1 0 0 0 32002 32002 0 0 0 0 0 528
WIT 7 -287 -286 -227 -233 -324 0 0 0 0 -279 0 -1 0 0 0 32002 32002 0 0 0 0 0 788
WIT 7 -287 -286 -254 -260 -223 0 0 0 0 32002 0 -1 0 0 0 32002 32002 0 0 0 0 0 0
WIT 9 -287 -286 -237 -245 -239 788 0 0 0 32002 0 -1 0 0 0 32002 32002 0 0 0 0 0 0
WIT 8 -287 -286 -300 -307 -274 528 0 0 0 32002 0 -1 0 0 0 32002 32002 0 0 0 0 0 0
WIT 7 -287 -286 -274 -280 -280 788 0 0 0 32002 0 -1 0 0 0 32002 32002 0 0 0 0 0 0
WIT 7 -263 -262 -277 -283 -338 0 0 0 0 -269 0 -1 0 0 0 32002 32002 0 0 0 0 0 0
WIT 6 -263 -262 -279 -284 -368 0 0 0 0 -268 0 -1 0 0 0 32002 32002 0 0 0 0 0 0
WIT 8 304 305 343 328 292 0 0 0 0 304 0 -1 0 0 0 32002 32002 0 0 0 0 0 0
WIT 7 304 305 341 328 258 0 0 0 0 304 0 -1 0 0 0 32002 32002 0 0 0 0 0 0
WIT 6 296 297 357 352 381 0 0 0 0 32002 0 -1 0 0 0 32002 32002 0 0 0 0 0 0
WIT 7 -298 -297 -296 -302 -273 528 0 0 0 32002 0 -1 0 0 0 32002 32002 0 0 0 0 0 0
WIT 6 -298 -297 -237 -242 -139 788 0 0 0 32002 0 -1 0 0 0 32002 32002 0 0 0 0 0 0
WIT 7 -293 -292 -269 -275 -264 405 0 0 0 32002 0 -1 0 0 0 32002 32002 0 0 0 0 0 0
WIT 7 -293 -292 -276 -282 -305 0 0 0 0 -311 0 -1 0 0 0 32002 32002 0 0 0 0 0 1
WIT 7 -293 -292 -290 -303 -344 0 0 0 0 -261 0 -1 0 0 0 32002 32002 0 0 0 0 0 788
WIT 6 292 293 268 263 268 1619 0 0 1 262 1 1 53614 1 1 292 288 0 0 0 0 3 0
WIT 8 -293 -292 -281 -288 -255 0 0 0 0 32002 0 -1 0 0 0 32002 32002 0 0 0 0 0 0
WIT 9 -293 -292 -326 -343 -343 1 0 0 1 -263 0 -1 0 0 0 32002 32002 0 0 0 0 0 1176
WIT 8 -293 -292 -326 -341 -413 0 0 0 0 -287 0 -1 0 0 0 32002 32002 0 0 0 0 0 788
WIT 9 -293 -292 -237 -245 -206 788 0 0 0 32002 0 -1 0 0 0 32002 32002 0 0 0 0 0 0
WIT 8 -293 -292 -297 -304 -295 528 0 0 1 -292 0 -1 0 0 0 32002 32002 0 0 0 0 0 788
WIT 7 -279 -278 -282 -288 -307 0 0 0 0 -286 0 -1 0 0 0 32002 32002 0 0 0 0 0 0
WIT 7 305 306 301 295 -172 0 0 0 0 306 0 -1 0 0 0 32002 32002 0 0 0 0 0 3920
WIT 8 -279 -278 -247 -254 -302 0 0 0 0 -242 0 -1 0 0 0 32002 32002 0 0 0 0 0 16
WIT 7 -279 -278 -262 -268 -256 1 0 0 0 32002 0 -1 0 0 0 32002 32002 0 0 0 0 0 0
WIT 6 -279 -278 -304 -309 -367 0 0 0 0 -278 0 -1 0 0 0 32002 32002 0 0 0 0 0 405
WIT 8 -279 -278 -269 -276 -264 405 0 0 0 32002 0 -1 0 0 0 32002 32002 0 0 0 0 0 0
WIT 8 -306 -278 -292 -299 -321 0 0 0 0 -278 0 -1 0 0 0 32002 32002 0 0 0 0 0 1187
WIT 10 -279 -278 -253 -272 -292 0 0 0 0 -278 0 -1 0 0 0 32002 32002 0 0 0 0 0 1
WIT 9 -279 -278 -104 -112 -113 0 0 1 0 121 0 -1 0 0 0 32002 32002 0 0 0 0 0 202
WIT 9 -279 -278 -267 -275 -379 0 0 0 0 -278 0 -1 0 0 0 32002 32002 0 0 0 0 0 788
WIT 10 -279 -278 -257 -266 -230 0 0 0 0 32002 0 -1 0 0 0 32002 32002 0 0 0 0 0 0
WIT 9 -279 -278 -264 -281 -316 0 0 0 0 -266 0 -1 0 0 0 32002 32002 0 0 0 0 0 788
WIT 9 -279 -278 -226 -234 -229 788 0 0 0 32002 0 -1 0 0 0 32002 32002 0 0 0 0 0 0
WIT 9 -279 -278 -252 -260 -196 405 0 0 0 32002 0 -1 0 0 0 32002 32002 0 0 0 0 0 0
WIT 9 -279 -278 -223 -231 -215 405 0 0 0 32002 0 -1 0 0 0 32002 32002 0 0 0 0 0 0
WIT 8 -306 -278 -292 -299 -303 0 0 0 0 -278 0 -1 0 0 0 32002 32002 0 0 0 0 0 528
WIT 10 -279 -278 -279 -288 -288 1 0 0 1 -348 1 1 9471 1 1 -279 -278 0 0 0 0 214 1
WIT 9 -279 -278 -279 -296 -337 0 0 0 0 -278 0 -1 0 0 0 32002 32002 0 0 0 0 0 788
WIT 10 -279 -278 -288 -297 -251 528 0 0 0 32002 0 -1 0 0 0 32002 32002 0 0 0 0 0 0
WIT 9 -279 -278 -287 -295 -255 788 0 0 0 32002 0 -1 0 0 0 32002 32002 0 0 0 0 0 0
WIT 7 -279 -278 -292 -298 -291 528 0 0 1 -282 1 1 14523 1 1 -279 -273 0 0 0 0 37 528
WIT 6 -279 -278 -275 -280 -240 528 0 0 0 32002 0 -1 0 0 0 32002 32002 0 0 0 0 0 0
WIT 8 -260 -259 -263 -278 -341 0 0 0 0 -259 0 -1 0 0 0 32002 32002 0 0 0 0 0 339
WIT 8 -260 -259 -264 -279 -344 0 0 0 0 -259 0 -1 0 0 0 32002 32002 0 0 0 0 0 722
WIT 8 -260 -259 -233 -240 -333 0 0 0 0 -263 0 -1 0 0 0 32002 32002 0 0 0 0 0 332
WIT 10 -260 -259 -278 -287 -597 0 0 0 0 -259 0 -1 0 0 0 32002 32002 0 0 0 0 0 192
WIT 6 -260 -259 -305 -310 -348 0 0 0 0 -259 0 -1 0 0 0 32002 32002 0 0 0 0 0 339
WIT 8 -260 -259 -202 -209 -229 0 0 0 0 -260 0 -1 0 0 0 32002 32002 0 0 0 0 0 16
WIT 6 -260 -259 -262 -267 -254 1 0 0 0 32002 0 -1 0 0 0 32002 32002 0 0 0 0 0 0
WIT 7 -260 -259 -278 -291 -292 0 0 0 0 -259 0 -1 0 0 0 32002 32002 0 0 0 0 0 405
WIT 6 -260 -259 -278 -283 -218 1 0 0 0 32002 0 -1 0 0 0 32002 32002 0 0 0 0 0 0
WIT 6 -260 -259 -271 -276 -186 1 0 0 0 32002 0 -1 0 0 0 32002 32002 0 0 0 0 0 0
WIT 8 -260 -259 -269 -276 -264 405 0 0 1 -244 0 -1 0 0 0 32002 32002 0 0 0 0 0 788
WIT 7 -297 -259 -278 -284 -311 0 0 0 0 -259 0 -1 0 0 0 32002 32002 0 0 0 0 0 1187
WIT 10 -260 -259 -278 -287 -285 1185 0 0 1 -255 0 -1 0 0 0 32002 32002 0 0 0 0 0 788
WIT 10 259 260 311 302 295 0 0 0 0 259 0 -1 0 0 0 32002 32002 0 0 0 0 0 0
WIT 10 -260 -259 -278 -297 -299 0 0 0 0 -267 0 -1 0 0 0 32002 32002 0 0 0 0 0 788
WIT 10 -260 -259 -278 -297 -401 0 0 0 0 -259 0 -1 0 0 0 32002 32002 0 0 0 0 0 788
WIT 7 -260 -259 -244 -250 -211 1 0 0 0 32002 0 -1 0 0 0 32002 32002 0 0 0 0 0 0
WIT 10 -260 -259 -239 -248 -204 405 0 0 0 32002 0 -1 0 0 0 32002 32002 0 0 0 0 0 0
WIT 9 -260 -259 -267 -284 -318 0 0 0 0 -234 0 -1 0 0 0 32002 32002 0 0 0 0 0 788
WIT 8 -260 -259 -226 -233 -229 788 0 0 0 32002 0 -1 0 0 0 32002 32002 0 0 0 0 0 0
WIT 8 -260 -259 -223 -230 -56 1185 0 0 0 32002 0 -1 0 0 0 32002 32002 0 0 0 0 0 0
WIT 8 -260 -259 -252 -259 -195 405 0 0 0 32002 0 -1 0 0 0 32002 32002 0 0 0 0 0 0
WIT 7 -297 -259 -278 -284 -303 0 0 0 0 -259 0 -1 0 0 0 32002 32002 0 0 0 0 0 528
WIT 9 -260 -259 -287 -295 -255 788 0 0 0 32002 0 -1 0 0 0 32002 32002 0 0 0 0 0 0
WIT 9 -260 -259 -288 -296 -251 528 0 0 0 32002 0 -1 0 0 0 32002 32002 0 0 0 0 0 0
WIT 7 -260 -259 -200 -206 -150 788 0 0 0 32002 0 -1 0 0 0 32002 32002 0 0 0 0 0 0
WIT 7 -260 -259 -278 -284 -218 788 0 0 0 32002 0 -1 0 0 0 32002 32002 0 0 0 0 0 0
WIT 6 -260 -259 -267 -272 -296 0 0 0 0 -263 0 -1 0 0 0 32002 32002 0 0 0 0 0 0
WIT 6 259 260 282 277 284 0 0 0 0 32002 0 -1 0 0 0 32002 32002 0 0 0 0 0 0
WIT 6 -260 -259 -273 -278 -280 0 0 0 0 -262 0 -1 0 0 0 32002 32002 0 0 0 0 0 0
WIT 6 -260 -259 -183 -188 -124 788 0 0 0 32002 0 -1 0 0 0 32002 32002 0 0 0 0 0 0
WIT 6 -260 -259 -277 -282 -280 788 0 0 1 -210 0 -1 0 0 0 32002 32002 0 0 0 0 0 405
WIT 6 -260 -259 -275 -280 -280 405 0 0 1 -195 0 -1 0 0 0 32002 32002 0 0 0 0 0 788
WIT 7 -235 -234 -259 -272 -324 0 0 0 0 -234 0 -1 0 0 0 32002 32002 0 0 0 0 0 788
WIT 8 -235 -234 -259 -266 -285 0 0 0 0 -234 0 -1 0 0 0 32002 32002 0 0 0 0 0 1
WIT 8 -235 -234 -259 -266 -268 0 0 0 0 -226 0 -1 0 0 0 32002 32002 0 0 0 0 0 332
WIT 9 -235 -234 -259 -276 -286 0 0 0 0 -234 0 -1 0 0 0 32002 32002 0 0 0 0 0 788
WIT 8 -235 -234 -288 -295 -256 528 0 0 1 -259 1 1 5143 1 1 -235 -234 0 0 0 0 20 528
WIT 6 -235 -234 -287 -292 -261 788 0 0 1 -251 1 1 19622 1 1 -235 -234 0 0 0 0 31 788
WIT 6 -235 -234 -200 -205 -156 788 0 0 0 32002 0 -1 0 0 0 32002 32002 0 0 0 0 0 0
WIT 7 -235 -234 -278 -284 -218 788 0 0 0 32002 0 -1 0 0 0 32002 32002 0 0 0 0 0 0
WIT 7 -235 -234 -255 -261 -198 0 0 0 0 32002 0 -1 0 0 0 32002 32002 0 0 0 0 0 0
WIT 9 -201 -200 -234 -251 -235 528 0 0 1 -200 0 -1 0 0 0 32002 32002 0 0 0 0 0 405
WIT 8 -201 -200 -178 -185 -254 0 0 0 0 -200 0 -1 0 0 0 32002 32002 0 0 0 0 0 1180
WIT 7 -201 -200 -196 -202 2 789 1 0 0 32002 0 -1 0 0 0 32002 32002 0 0 0 0 0 0
WIT 9 -201 -200 -175 -183 -205 0 0 0 0 -192 0 -1 0 0 0 32002 32002 0 0 0 0 0 917
WIT 8 -201 -200 -226 -241 -541 0 0 0 0 -201 0 -1 0 0 0 32002 32002 0 0 0 0 0 0
WIT 7 -201 -200 -226 -239 -279 0 0 0 0 -201 0 -1 0 0 0 32002 32002 0 0 0 0 0 0
WIT 8 -201 -200 -234 -249 -266 0 0 0 0 -201 0 -1 0 0 0 32002 32002 0 0 0 0 0 0
WIT 6 -238 -237 -198 -203 -201 1 0 0 0 32002 0 -1 0 0 0 32002 32002 0 0 0 0 0 0
WIT 7 237 238 322 316 416 1619 0 0 0 32002 0 -1 0 0 0 32002 32002 0 0 0 0 0 0
WIT 9 237 238 303 286 267 0 0 0 0 251 0 -1 0 0 0 32002 32002 0 0 0 0 0 3752
WIT 9 237 238 348 331 278 0 0 0 0 259 0 -1 0 0 0 32002 32002 0 0 0 0 0 1619
WIT 7 -238 -237 -288 -301 -336 0 0 0 0 -257 0 -1 0 0 0 32002 32002 0 0 0 0 0 0
WIT 7 -238 -237 -233 -239 -805 0 0 1 0 1148 0 -1 0 0 0 32002 32002 0 0 0 0 0 339
WIT 7 -238 -237 -265 -271 -484 0 0 0 0 -225 0 -1 0 0 0 32002 32002 0 0 0 0 0 788
WIT 9 -238 -237 -288 -305 -305 1 0 0 1 -254 1 2 10523 1 1 -238 -226 1 0 1 0 45 1
WIT 7 237 238 309 296 254 0 0 0 0 227 0 -1 0 0 0 32002 32002 0 0 0 0 0 0
WIT 6 -238 -237 -209 -214 -253 0 0 0 0 -225 0 -1 0 0 0 32002 32002 0 0 0 0 0 204
WIT 8 -238 -237 -278 -285 -288 0 0 0 0 -237 0 -1 0 0 0 32002 32002 0 0 0 0 0 261
WIT 9 -238 -237 -278 -286 -287 0 0 0 0 -237 0 -1 0 0 0 32002 32002 0 0 0 0 0 1
WIT 8 -238 -237 -228 -243 -362 0 0 0 0 -237 0 -1 0 0 0 32002 32002 0 0 0 0 0 788
WIT 8 -238 -237 -200 -215 -237 0 0 0 0 -234 0 -1 0 0 0 32002 32002 0 0 0 0 0 1
WIT 8 -238 -237 -211 -218 -232 0 0 0 0 -200 0 -1 0 0 0 32002 32002 0 0 0 0 0 1180
WIT 8 -238 -237 -157 -164 -164 332 0 0 0 32002 0 -1 0 0 0 32002 32002 0 0 0 0 0 0
WIT 6 -238 -237 -200 -205 -165 1 0 0 0 32002 0 -1 0 0 0 32002 32002 0 0 0 0 0 0
WIT 7 -238 -237 -228 -234 -275 0 0 0 0 -234 0 -1 0 0 0 32002 32002 0 0 0 0 0 788
WIT 7 -238 -237 -194 -200 -202 0 0 0 0 -222 0 -1 0 0 0 32002 32002 0 0 0 0 0 1187
WIT 9 -238 -237 -278 -286 -214 788 0 0 0 32002 0 -1 0 0 0 32002 32002 0 0 0 0 0 0
WIT 6 -238 -237 -217 -222 -216 788 0 0 0 32002 0 -1 0 0 0 32002 32002 0 0 0 0 0 0
WIT 6 -238 -237 -204 -209 -195 528 0 0 0 32002 0 -1 0 0 0 32002 32002 0 0 0 0 0 0
WIT 8 -238 -237 -255 -262 -200 0 0 0 0 32002 0 -1 0 0 0 32002 32002 0 0 0 0 0 0
WIT 7 -248 -226 -237 -243 -240 405 0 0 1 -247 1 1 17652 1 1 -247 -247 0 0 0 0 19 788
WIT 6 -248 -247 -255 -260 -197 0 0 0 0 32002 0 -1 0 0 0 32002 32002 0 0 0 0 0 0
WIT 11 246 247 251 241 296 1619 0 0 0 32002 0 -1 0 0 0 32002 32002 0 0 0 0 0 0
WIT 10 246 247 368 349 341 0 0 0 0 247 0 -1 0 0 0 32002 32002 0 0 0 0 0 3752
WIT 8 246 247 349 334 303 0 0 0 0 247 0 -1 0 0 0 32002 32002 0 0 0 0 0 3817
WIT 6 246 247 261 256 238 0 0 0 0 247 0 -1 0 0 0 32002 32002 0 0 0 0 0 3164
WIT 7 246 247 337 324 317 0 0 0 0 238 0 -1 0 0 0 32002 32002 0 0 0 0 0 3761
WIT 6 -237 -236 -177 -182 -266 0 0 0 0 -163 0 -1 0 0 0 32002 32002 0 0 0 0 0 1371
WIT 6 -237 -236 -187 -192 -195 0 0 0 0 -295 0 -1 0 0 0 32002 32002 0 0 0 0 0 0
WIT 7 236 237 295 289 172 0 0 0 0 304 0 -1 0 0 0 32002 32002 0 0 0 0 0 1610
WIT 7 236 256 296 290 172 0 0 0 0 276 0 -1 0 0 0 32002 32002 0 0 0 0 0 1610
WIT 7 236 256 247 241 220 0 0 0 0 229 0 -1 0 0 0 32002 32002 0 0 0 0 0 3821
WIT 6 255 256 322 317 469 1610 0 0 0 32002 0 -1 0 0 0 32002 32002 0 0 0 0 0 0
WIT 7 255 256 311 305 288 0 0 0 0 279 0 -1 0 0 0 32002 32002 0 0 0 0 0 3821
WIT 11 255 256 288 278 478 2880 1 0 0 32002 0 -1 0 0 0 32002 32002 0 0 0 0 0 0
WIT 11 255 256 273 252 235 0 0 0 0 291 0 -1 0 0 0 32002 32002 0 0 0 0 0 1610
WIT 10 255 256 271 252 242 0 0 0 0 281 0 -1 0 0 0 32002 32002 0 0 0 0 0 3821
WIT 8 255 256 300 293 310 0 0 0 0 32002 0 -1 0 0 0 32002 32002 0 0 0 0 0 0
WIT 7 -256 -236 -255 -261 -262 0 0 0 0 -267 0 -1 0 0 0 32002 32002 0 0 0 0 0 0
WIT 6 -256 -255 -259 -264 -256 405 0 0 1 -250 0 -1 0 0 0 32002 32002 0 0 0 0 0 788
WIT 6 -256 -255 -80 -85 -55 788 0 0 0 32002 0 -1 0 0 0 32002 32002 0 0 0 0 0 0
WIT 7 -237 -236 -220 -226 392 27769 0 0 0 32002 0 -1 0 0 0 32002 32002 0 0 0 0 0 0
WIT 7 -237 -236 -255 -261 -321 0 0 0 0 -275 0 -1 0 0 0 32002 32002 0 0 0 0 0 0
WIT 6 255 256 306 301 300 0 0 0 0 266 0 -1 0 0 0 32002 32002 0 0 0 0 0 3817
WIT 8 255 256 302 295 295 3920 1 0 0 32002 0 -1 0 0 0 32002 32002 0 0 0 0 0 0
WIT 7 255 256 316 310 327 0 0 0 0 32002 0 -1 0 0 0 32002 32002 0 0 0 0 0 0
WIT 7 255 256 365 359 310 0 0 0 0 282 0 -1 0 0 0 32002 32002 0 0 0 0 0 2258
WIT 7 -256 -236 -255 -261 -302 0 0 0 0 -263 0 -1 0 0 0 32002 32002 0 0 0 0 0 0
WIT 12 255 256 257 246 252 2565 1 0 0 259 0 -1 0 0 0 32002 32002 0 0 0 0 0 2666
WIT 11 255 256 251 241 344 1619 0 0 0 32002 0 -1 0 0 0 32002 32002 0 0 0 0 0 0
WIT 9 255 256 299 291 353 0 0 0 0 32002 0 -1 0 0 0 32002 32002 0 0 0 0 0 0
WIT 11 255 256 249 228 219 0 0 0 0 258 0 -1 0 0 0 32002 32002 0 0 0 0 0 3752
WIT 8 255 256 251 244 334 1619 0 0 0 32002 0 -1 0 0 0 32002 32002 0 0 0 0 0 0
WIT 13 255 256 247 222 222 2908 0 0 1 279 0 -1 0 0 0 32002 32002 0 0 0 0 0 3752
WIT 11 255 256 293 283 293 3592 1 0 0 32002 0 -1 0 0 0 32002 32002 0 0 0 0 0 0
WIT 11 255 256 256 246 153 0 0 0 0 256 0 -1 0 0 0 32002 32002 0 0 0 0 0 3164
WIT 9 496 497 644 636 381 0 0 0 0 611 0 -1 0 0 0 32002 32002 0 0 0 0 0 3
WIT 8 496 497 609 602 293 0 0 0 0 500 0 -1 0 0 0 32002 32002 0 0 0 0 0 2
WIT 7 496 497 606 600 611 3592 1 0 0 32002 0 -1 0 0 0 32002 32002 0 0 0 0 0 0
WIT 11 255 256 288 278 478 2880 1 0 0 32002 0 -1 0 0 0 32002 32002 0 0 0 0 0 0
WIT 12 255 256 288 265 259 0 0 0 0 258 0 -1 0 0 0 32002 32002 0 0 0 0 0 1610
WIT 7 -256 -255 -199 -205 -242 0 0 0 0 -226 0 -1 0 0 0 32002 32002 0 0 0 0 0 8
WIT 8 -256 -255 -188 -195 -722 0 0 1 0 -97 0 -1 0 0 0 32002 32002 0 0 0 0 0 202
WIT 11 255 256 278 257 240 0 0 0 0 251 0 -1 0 0 0 32002 32002 0 0 0 0 0 0
WIT 6 -256 -255 -170 -175 -138 917 1 0 0 32002 0 -1 0 0 0 32002 32002 0 0 0 0 0 0
WIT 10 255 256 256 237 235 0 0 0 0 255 0 -1 0 0 0 32002 32002 0 0 0 0 0 0
WIT 6 -256 -255 104 99 539 788 1 1 0 32002 0 -1 0 0 0 32002 32002 0 0 0 0 0 0
WIT 10 -256 -255 -247 -256 -145 332 1 1 0 32002 0 -1 0 0 0 32002 32002 0 0 0 0 0 0
WIT 10 255 256 256 247 246 0 0 0 0 251 0 -1 0 0 0 32002 32002 0 0 0 0 0 0
WIT 12 -256 -255 -237 -260 -297 0 0 0 0 -255 0 -1 0 0 0 32002 32002 0 0 0 0 0 261
WIT 12 -256 -255 -237 -248 -248 983 0 0 0 32002 0 -1 0 0 0 32002 32002 0 0 0 0 0 0
WIT 11 -256 -255 -226 -247 -331 0 0 0 0 -255 0 -1 0 0 0 32002 32002 0 0 0 0 0 788
WIT 10 255 256 259 250 264 2565 1 0 0 32002 0 -1 0 0 0 32002 32002 0 0 0 0 0 0
WIT 6 255 256 251 246 325 1619 0 0 0 32002 0 -1 0 0 0 32002 32002 0 0 0 0 0 0
WIT 7 255 256 254 241 229 0 0 0 0 257 0 -1 0 0 0 32002 32002 0 0 0 0 0 2910
WIT 10 -256 -255 -227 -246 -251 0 0 0 0 -256 0 -1 0 0 0 32002 32002 0 0 0 0 0 0
WIT 6 255 256 339 334 765 2910 0 0 0 32002 0 -1 0 0 0 32002 32002 0 0 0 0 0 0
WIT 9 -256 -255 -238 -255 -268 0 0 0 0 -256 0 -1 0 0 0 32002 32002 0 0 0 0 0 0
WIT 9 255 256 306 298 284 0 0 0 0 270 0 -1 0 0 0 32002 32002 0 0 0 0 0 1049
WIT 8 255 256 249 242 -20 0 0 0 0 261 0 -1 0 0 0 32002 32002 0 0 0 0 0 3920
WIT 6 255 256 280 275 214 0 0 0 0 305 0 -1 0 0 0 32002 32002 0 0 0 0 0 3929
WIT 6 -256 -255 -215 -220 -196 1 0 0 0 32002 0 -1 0 0 0 32002 32002 0 0 0 0 0 0
WIT 8 -256 -255 -157 -172 -259 0 0 0 0 -177 0 -1 0 0 0 32002 32002 0 0 0 0 0 788
WIT 7 -256 -255 -80 -86 -50 788 0 0 0 32002 0 -1 0 0 0 32002 32002 0 0 0 0 0 0
WIT 10 -256 -255 -396 -405 -442 0 0 0 0 -252 0 -1 0 0 0 32002 32002 0 0 0 0 0 82
WIT 6 -246 -245 -238 -243 -212 788 0 0 0 32002 0 -1 0 0 0 32002 32002 0 0 0 0 0 0
WIT 9 -266 -256 -251 -259 -342 0 0 0 0 -256 0 -1 0 0 0 32002 32002 0 0 0 0 0 2
WIT 6 256 257 273 268 267 0 0 0 0 285 0 -1 0 0 0 32002 32002 0 0 0 0 0 3821
WIT 9 256 257 256 239 397 1610 0 0 0 32002 0 -1 0 0 0 32002 32002 0 0 0 0 0 0
WIT 8 256 257 352 345 281 0 0 0 0 330 0 -1 0 0 0 32002 32002 0 0 0 0 0 1610
WIT 12 -257 -256 -255 -278 -852 0 0 0 0 -257 0 -1 0 0 0 32002 32002 0 0 0 0 0 0
WIT 9 265 266 281 264 319 3164 0 0 0 32002 0 -1 0 0 0 32002 32002 0 0 0 0 0 0
WIT 6 265 266 405 400 339 0 0 0 0 301 0 -1 0 0 0 32002 32002 0 0 0 0 0 3826
WIT 7 256 266 270 264 215 0 0 0 0 266 0 -1 0 0 0 32002 32002 0 0 0 0 0 1841
WIT 10 265 266 263 244 269 1608 1 0 0 32002 0 -1 0 0 0 32002 32002 0 0 0 0 0 0
WIT 10 265 266 262 243 200 0 0 0 0 265 0 -1 0 0 0 32002 32002 0 0 0 0 0 0
WIT 6 -257 -256 -258 -263 -362 0 0 0 0 -206 0 -1 0 0 0 32002 32002 0 0 0 0 0 1163
WIT 6 -257 -256 -205 -210 -205 1163 0 0 0 32002 0 -1 0 0 0 32002 32002 0 0 0 0 0 0
WIT 6 -257 -256 -28 -33 -33 724 1 0 0 32002 0 -1 0 0 0 32002 32002 0 0 0 0 0 0
WIT 7 -257 -256 -154 -167 -286 0 0 0 0 -256 0 -1 0 0 0 32002 32002 0 0 0 0 0 1163
WIT 7 -257 -256 -248 -254 -375 0 0 0 0 -246 0 -1 0 0 0 32002 32002 0 0 0 0 0 2
WIT 8 256 257 274 267 267 2712 1 0 0 32002 0 -1 0 0 0 32002 32002 0 0 0 0 0 0
WIT 10 -257 -256 -200 -209 -210 0 0 0 0 -282 0 -1 0 0 0 32002 32002 0 0 0 0 0 0
WIT 6 265 266 408 403 333 0 0 0 0 442 0 -1 0 0 0 32002 32002 0 0 0 0 0 1610
WIT 8 265 266 379 372 316 0 0 0 0 266 0 -1 0 0 0 32002 32002 0 0 0 0 0 3164
WIT 7 265 266 307 294 433 2674 0 0 0 32002 0 -1 0 0 0 32002 32002 0 0 0 0 0 0
WIT 8 265 266 301 294 -578 0 0 0 0 314 0 -1 0 0 0 32002 32002 0 0 0 0 0 3929
WIT 7 265 266 292 286 258 0 0 0 0 270 0 -1 0 0 0 32002 32002 0 0 0 0 0 2674
WIT 7 256 266 257 251 200 0 0 0 0 223 0 -1 0 0 0 32002 32002 0 0 0 0 0 3817
WIT 7 -266 -265 -248 -254 -287 0 0 0 0 -247 0 -1 0 0 0 32002 32002 0 0 0 0 0 49415
WIT 10 265 266 281 262 280 3164 0 0 0 32002 0 -1 0 0 0 32002 32002 0 0 0 0 0 0
WIT 13 265 266 256 231 -52 0 0 0 0 266 0 -1 0 0 0 32002 32002 0 0 0 0 0 3164
WIT 8 265 266 358 351 32 0 0 0 0 362 0 -1 0 0 0 32002 32002 0 0 0 0 0 3164
WIT 11 265 266 276 255 299 1803 1 0 0 32002 0 -1 0 0 0 32002 32002 0 0 0 0 0 0
WIT 11 256 266 256 246 243 0 0 0 0 266 0 -1 0 0 0 32002 32002 0 0 0 0 0 2908
WIT 13 265 266 282 270 256 0 0 0 0 266 0 -1 0 0 0 32002 32002 0 0 0 0 0 2674
WIT 8 -266 -265 -228 -235 -193 2 0 0 0 32002 0 -1 0 0 0 32002 32002 0 0 0 0 0 0
WIT 9 -266 -265 -256 -264 -299 0 0 0 0 -271 0 -1 0 0 0 32002 32002 0 0 0 0 0 353
WIT 13 265 266 266 241 230 0 0 0 0 260 0 -1 0 0 0 32002 32002 0 0 0 0 0 0
WIT 14 265 266 271 244 228 0 0 0 0 266 0 -1 0 0 0 32002 32002 0 0 0 0 0 3642
WIT 7 265 266 299 293 263 0 0 0 0 226 0 -1 0 0 0 32002 32002 0 0 0 0 0 0
WIT 11 -266 -265 -226 -236 -287 0 0 1 0 -220 0 -1 0 0 0 32002 32002 0 0 0 0 0 1738
WIT 12 -266 -265 -265 -288 -309 0 0 0 0 -266 0 -1 0 0 0 32002 32002 0 0 0 0 0 0
WIT 9 265 266 299 282 338 3826 0 0 0 32002 0 -1 0 0 0 32002 32002 0 0 0 0 0 0
WIT 10 265 266 281 262 343 3164 0 0 0 32002 0 -1 0 0 0 32002 32002 0 0 0 0 0 0
WIT 9 -266 -265 -248 -265 -265 203 0 0 0 32002 0 -1 0 0 0 32002 32002 0 0 0 0 0 0
WIT 9 265 266 266 249 212 0 0 0 0 265 0 -1 0 0 0 32002 32002 0 0 0 0 0 0
WIT 11 -266 -265 -223 -244 -266 0 0 0 0 -266 0 -1 0 0 0 32002 32002 0 0 0 0 0 2673
WIT 6 -266 -265 -210 -215 -334 0 0 0 0 -249 0 -1 0 0 0 32002 32002 0 0 0 0 0 1184
WIT 7 -266 -265 -214 -220 -238 0 0 0 0 -219 0 -1 0 0 0 32002 32002 0 0 0 0 0 203
WIT 9 -266 -265 -226 -234 -235 0 0 0 0 -265 0 -1 0 0 0 32002 32002 0 0 0 0 0 1184
WIT 8 -266 -265 -229 -244 -364 0 0 0 0 -265 0 -1 0 0 0 32002 32002 0 0 0 0 0 8
WIT 11 -266 -265 -265 -275 -392 0 0 0 0 -265 0 -1 0 0 0 32002 32002 0 0 0 0 0 332
WIT 8 -266 -265 -155 -162 -241 0 0 0 0 -128 0 -1 0 0 0 32002 32002 0 0 0 0 0 186
WIT 7 -266 -265 -186 -192 -208 0 0 0 0 -214 0 -1 0 0 0 32002 32002 0 0 0 0 0 1163
WIT 13 265 266 257 232 229 0 0 0 0 260 0 -1 0 0 0 32002 32002 0 0 0 0 0 0
WIT 6 -266 -265 -194 -199 -199 789 1 0 0 32002 0 -1 0 0 0 32002 32002 0 0 0 0 0 0
WIT 9 -266 -265 -218 -226 -414 0 0 0 0 -209 0 -1 0 0 0 32002 32002 0 0 0 0 0 917
WIT 12 -266 -265 -221 -244 -257 0 0 0 0 -265 0 -1 0 0 0 32002 32002 0 0 0 0 0 203
WIT 11 -266 -265 -225 -235 -628 0 0 0 0 -266 0 -1 0 0 0 32002 32002 0 0 0 0 0 0
WIT 10 -266 -265 -226 -245 -253 0 0 0 0 -266 0 -1 0 0 0 32002 32002 0 0 0 0 0 0
WIT 11 265 266 266 256 87 0 0 0 0 266 0 -1 0 0 0 32002 32002 0 0 0 0 0 3164
WIT 10 -266 -265 -265 -274 -351 0 0 0 0 -265 0 -1 0 0 0 32002 32002 0 0 0 0 0 203
WIT 6 -266 -265 -261 -266 -261 0 0 0 0 32002 0 -1 0 0 0 32002 32002 0 0 0 0 0 0
WIT 10 -266 -265 -112 -131 -662 0 0 1 0 -2 0 -1 0 0 0 32002 32002 0 0 0 0 0 202
WIT 11 -266 -265 -190 -200 -167 1355 1 0 0 32002 0 -1 0 0 0 32002 32002 0 0 0 0 0 0
WIT 9 -266 -265 -159 -167 -161 178 0 0 0 32002 0 -1 0 0 0 32002 32002 0 0 0 0 0 0
WIT 9 -266 -265 -256 -264 -304 0 0 0 0 -261 0 -1 0 0 0 32002 32002 0 0 0 0 0 1180
WIT 10 -266 -265 -256 -275 -359 0 0 0 0 -265 0 -1 0 0 0 32002 32002 0 0 0 0 0 2
WIT 7 -266 -265 -235 -241 -227 0 0 0 0 32002 0 -1 0 0 0 32002 32002 0 0 0 0 0 0
WIT 13 -266 -265 -255 -280 -285 0 0 0 0 -265 0 -1 0 0 0 32002 32002 0 0 0 0 0 788
WIT 6 -266 -265 -258 -263 -268 0 0 0 0 -266 0 -1 0 0 0 32002 32002 0 0 0 0 0 0
WIT 10 -266 -265 -200 -209 -233 0 0 0 0 -265 0 -1 0 0 0 32002 32002 0 0 0 0 0 332
WIT 10 -266 -265 -203 -222 -249 0 0 0 0 -265 0 -1 0 0 0 32002 32002 0 0 0 0 0 1180
WIT 10 -266 -265 -234 -253 -253 536 0 0 0 32002 0 -1 0 0 0 32002 32002 0 0 0 0 0 0
WIT 9 -266 -265 -183 -200 -260 0 0 0 0 -265 0 -1 0 0 0 32002 32002 0 0 0 0 0 917
WIT 7 -266 -265 -200 -206 -180 536 0 0 0 32002 0 -1 0 0 0 32002 32002 0 0 0 0 0 0
WIT 11 -266 -265 -236 -257 -275 0 0 0 0 -265 0 -1 0 0 0 32002 32002 0 0 0 0 0 788
WIT 10 -266 -265 -211 -220 -240 0 0 0 0 -265 0 -1 0 0 0 32002 32002 0 0 0 0 0 1180
WIT 9 -266 -265 -170 -178 -135 917 1 0 0 32002 0 -1 0 0 0 32002 32002 0 0 0 0 0 0
WIT 7 -257 -256 -212 -218 -186 0 0 0 0 32002 0 -1 0 0 0 32002 32002 0 0 0 0 0 0
WIT 7 -266 -256 -260 -266 -269 0 0 0 0 -235 0 -1 0 0 0 32002 32002 0 0 0 0 0 209
WIT 10 -257 -256 -188 -197 -212 0 0 0 0 -160 0 -1 0 0 0 32002 32002 0 0 0 0 0 353
WIT 11 -257 -256 -238 -248 -153 268 0 1 0 32002 0 -1 0 0 0 32002 32002 0 0 0 0 0 0
WIT 10 -257 -256 -240 -259 -266 0 0 0 0 -256 0 -1 0 0 0 32002 32002 0 0 0 0 0 353
WIT 8 -257 -256 -248 -263 -251 203 0 0 0 32002 0 -1 0 0 0 32002 32002 0 0 0 0 0 0
WIT 8 -257 -256 -220 -227 -372 0 0 0 0 -257 0 -1 0 0 0 32002 32002 0 0 0 0 0 0
WIT 6 265 266 262 257 282 0 0 0 0 32002 0 -1 0 0 0 32002 32002 0 0 0 0 0 0
WIT 7 -266 -256 -260 -266 -269 0 0 0 0 -256 0 -1 0 0 0 32002 32002 0 0 0 0 0 536
WIT 10 -257 -256 -257 -266 -275 0 0 0 0 -256 0 -1 0 0 0 32002 32002 0 0 0 0 0 1163
WIT 9 -257 -256 -265 -282 -278 1163 0 0 1 -224 0 -1 0 0 0 32002 32002 0 0 0 0 0 1184
WIT 9 -257 -256 -265 -282 -306 0 0 0 0 -227 0 -1 0 0 0 32002 32002 0 0 0 0 0 8
WIT 6 -257 -256 -229 -234 -460 0 0 1 0 -256 0 -1 0 0 0 32002 32002 0 0 0 0 0 714
WIT 10 -257 -256 -265 -274 -275 0 0 0 0 -256 0 -1 0 0 0 32002 32002 0 0 0 0 0 332
WIT 9 -257 -256 -265 -282 -314 0 0 0 0 -256 0 -1 0 0 0 32002 32002 0 0 0 0 0 203
WIT 9 -257 -256 -265 -282 -278 1371 0 0 1 -254 0 -1 0 0 0 32002 32002 0 0 0 0 0 2673
WIT 10 -257 -256 -189 -198 -198 49415 0 0 0 32002 0 -1 0 0 0 32002 32002 0 0 0 0 0 0
WIT 8 -257 -256 -265 -280 -383 0 0 0 0 -256 0 -1 0 0 0 32002 32002 0 0 0 0 0 332
WIT 8 -257 -256 -135 -142 -158 0 0 0 0 -214 0 -1 0 0 0 32002 32002 0 0 0 0 0 8
WIT 10 -257 -256 -141 -160 -237 0 0 0 0 -181 0 -1 0 0 0 32002 32002 0 0 0 0 0 186
WIT 9 -257 -256 -259 -276 -314 0 0 0 0 -249 0 -1 0 0 0 32002 32002 0 0 0 0 0 2
WIT 7 -257 -256 -225 -231 -283 0 0 0 0 -202 0 -1 0 0 0 32002 32002 0 0 0 0 0 917
WIT 7 -257 -256 -265 -278 -294 0 0 0 0 -256 0 -1 0 0 0 32002 32002 0 0 0 0 0 1163
WIT 8 -266 -256 -265 -272 -326 0 0 0 0 -256 0 -1 0 0 0 32002 32002 0 0 0 0 0 722
WIT 12 -257 -256 -265 -288 -360 0 0 0 0 -256 0 -1 0 0 0 32002 32002 0 0 0 0 0 203
WIT 12 -257 -256 28 17 -68 0 0 1 0 -256 0 -1 0 0 0 32002 32002 0 0 0 0 0 1098
WIT 9 -257 -256 -235 -243 -247 0 0 0 0 -229 0 -1 0 0 0 32002 32002 0 0 0 0 0 1371
WIT 8 -257 -256 -212 -219 -197 0 0 0 0 32002 0 -1 0 0 0 32002 32002 0 0 0 0 0 0
WIT 10 -257 -256 -260 -279 -367 0 0 0 0 -256 0 -1 0 0 0 32002 32002 0 0 0 0 0 209
WIT 10 -257 -256 -157 -166 -185 0 0 1 0 -216 0 -1 0 0 0 32002 32002 0 0 0 0 0 202
WIT 11 -257 -256 -168 -189 -218 0 0 0 0 -256 0 -1 0 0 0 32002 32002 0 0 0 0 0 353
WIT 8 -257 -256 -172 -179 -151 203 0 0 0 32002 0 -1 0 0 0 32002 32002 0 0 0 0 0 0
WIT 8 -257 -256 -248 -263 -244 203 0 0 0 32002 0 -1 0 0 0 32002 32002 0 0 0 0 0 0
WIT 9 256 257 266 258 257 0 0 0 0 265 0 -1 0 0 0 32002 32002 0 0 0 0 0 2674
WIT 11 -257 -256 -265 -286 -289 0 0 0 0 -256 0 -1 0 0 0 32002 32002 0 0 0 0 0 536
WIT 6 -257 -256 -264 -269 -260 536 0 0 1 -256 0 -1 0 0 0 32002 32002 0 0 0 0 0 49415
WIT 11 -257 -256 -264 -285 -260 536 0 0 1 -256 0 -1 0 0 0 32002 32002 0 0 0 0 0 332
WIT 8 -257 -256 -195 -202 -134 332 0 0 0 32002 0 -1 0 0 0 32002 32002 0 0 0 0 0 0
WIT 8 -257 -256 -249 -256 -227 332 0 0 0 32002 0 -1 0 0 0 32002 32002 0 0 0 0 0 0
WIT 9 -257 -256 -247 -255 197 1160 1 0 0 32002 0 -1 0 0 0 32002 32002 0 0 0 0 0 0
WIT 11 -257 -256 -265 -286 -330 0 0 0 0 -256 0 -1 0 0 0 32002 32002 0 0 0 0 0 203
WIT 7 -16 -15 -12 -18 -31 0 0 0 0 -18 0 -1 0 0 0 32002 32002 0 0 0 0 0 0
WIT 6 15 16 83 78 -44 0 0 0 0 0 0 -1 0 0 0 32002 32002 0 0 0 0 0 0
WIT 12 -257 -256 -261 -284 -299 0 0 0 0 -256 0 -1 0 0 0 32002 32002 0 0 0 0 0 1180
WIT 12 -257 -256 -190 -201 -200 1355 1 0 0 32002 0 -1 0 0 0 32002 32002 0 0 0 0 0 0
WIT 11 -257 -256 -96 -106 609 202 1 1 0 32002 0 -1 0 0 0 32002 32002 0 0 0 0 0 0
WIT 10 -257 -256 -78 -87 -777 0 0 1 0 2 0 -1 0 0 0 32002 32002 0 0 0 0 0 339
WIT 7 -257 -256 -265 -271 -294 0 0 0 0 -255 0 -1 0 0 0 32002 32002 0 0 0 0 0 129
WIT 11 -257 -256 -265 -286 -287 0 0 0 0 -256 0 -1 0 0 0 32002 32002 0 0 0 0 0 2
WIT 7 -257 -256 -219 -225 -692 0 0 0 0 -134 0 -1 0 0 0 32002 32002 0 0 0 0 0 2073
WIT 8 -257 -256 -224 -231 -244 0 0 0 0 -238 0 -1 0 0 0 32002 32002 0 0 0 0 0 203
WIT 8 -257 -256 -227 -242 -249 0 0 0 0 -256 0 -1 0 0 0 32002 32002 0 0 0 0 0 1184
WIT 10 -257 -256 -265 -274 -844 0 0 0 0 -256 0 -1 0 0 0 32002 32002 0 0 0 0 0 722
WIT 10 -257 -256 -265 -274 -306 0 0 0 0 -256 0 -1 0 0 0 32002 32002 0 0 0 0 0 146
WIT 11 -257 -256 -233 -243 -243 528 0 0 0 32002 0 -1 0 0 0 32002 32002 0 0 0 0 0 0
WIT 9 -257 -256 -265 -282 -296 0 0 0 0 -256 0 -1 0 0 0 32002 32002 0 0 0 0 0 2
WIT 8 -257 -256 -141 -148 -616 0 0 1 0 -47 0 -1 0 0 0 32002 32002 0 0 0 0 0 339
WIT 9 -266 -256 -265 -273 -285 0 0 0 0 -256 0 -1 0 0 0 32002 32002 0 0 0 0 0 788
WIT 12 -257 -256 -147 -158 -409 0 0 1 0 -215 0 -1 0 0 0 32002 32002 0 0 0 0 0 714
WIT 10 -257 -256 -220 -229 -205 353 0 0 0 32002 0 -1 0 0 0 32002 32002 0 0 0 0 0 0
WIT 11 -257 -256 -230 -240 -405 0 0 0 0 -252 0 -1 0 0 0 32002 32002 0 0 0 0 0 917
WIT 8 -257 -256 -240 -247 -169 353 0 0 0 32002 0 -1 0 0 0 32002 32002 0 0 0 0 0 0
WIT 6 -257 -256 -221 -226 -166 353 0 0 0 32002 0 -1 0 0 0 32002 32002 0 0 0 0 0 0
WIT 7 -257 -256 -198 -204 -183 353 0 0 0 32002 0 -1 0 0 0 32002 32002 0 0 0 0 0 0
WIT 7 -257 -256 -222 -228 -173 353 0 0 0 32002 0 -1 0 0 0 32002 32002 0 0 0 0 0 0
WIT 7 -257 -256 -200 -206 -196 353 0 0 0 32002 0 -1 0 0 0 32002 32002 0 0 0 0 0 0
WIT 6 -257 -256 -220 -225 -182 353 0 0 0 32002 0 -1 0 0 0 32002 32002 0 0 0 0 0 0
WIT 7 -257 -256 -256 -262 -262 353 0 0 1 -256 0 -1 0 0 0 32002 32002 0 0 0 0 0 332
WIT 7 -257 -256 -230 -236 -215 353 0 0 0 32002 0 -1 0 0 0 32002 32002 0 0 0 0 0 0
WIT 6 -257 -256 -137 -142 -92 332 0 0 0 32002 0 -1 0 0 0 32002 32002 0 0 0 0 0 0
WIT 7 -257 -256 -196 -202 -150 353 0 0 0 32002 0 -1 0 0 0 32002 32002 0 0 0 0 0 0
WIT 7 -257 -256 -207 -213 -182 353 0 0 0 32002 0 -1 0 0 0 32002 32002 0 0 0 0 0 0
WIT 6 -257 -256 -188 -193 -191 332 0 0 0 32002 0 -1 0 0 0 32002 32002 0 0 0 0 0 0
WIT 7 -257 -256 -256 -262 -262 1185 0 0 1 -256 0 -1 0 0 0 32002 32002 0 0 0 0 0 353
WIT 6 -257 -256 -205 -210 -193 332 0 0 0 32002 0 -1 0 0 0 32002 32002 0 0 0 0 0 0
WIT 7 -257 -256 -237 -243 -222 353 0 0 0 32002 0 -1 0 0 0 32002 32002 0 0 0 0 0 0
WIT 7 -257 -256 -256 -262 -232 353 0 0 0 32002 0 -1 0 0 0 32002 32002 0 0 0 0 0 0
WIT 14 -257 -256 -256 -283 -343 0 0 0 0 -256 0 -1 0 0 0 32002 32002 0 0 0 0 0 203
WIT 12 -257 -256 -231 -254 -254 353 0 0 0 32002 0 -1 0 0 0 32002 32002 0 0 0 0 0 0
WIT 14 -257 -256 -131 -144 46 268 0 1 0 32002 0 -1 0 0 0 32002 32002 0 0 0 0 0 0
WIT 13 -257 -256 -142 -154 -1136 0 0 1 0 -238 0 -1 0 0 0 32002 32002 0 0 0 0 0 1106
WIT 7 -257 -256 -223 -229 -186 2 0 0 0 32002 0 -1 0 0 0 32002 32002 0 0 0 0 0 0
WIT 11 -257 -256 -219 -240 -208 268 0 1 0 32002 0 -1 0 0 0 32002 32002 0 0 0 0 0 0
WIT 13 -257 -256 -256 -281 -287 0 0 0 0 -256 0 -1 0 0 0 32002 32002 0 0 0 0 0 353
WIT 8 256 257 405 398 397 0 0 0 0 725 0 -1 0 0 0 32002 32002 0 0 0 0 0 1610
WIT 13 256 257 257 232 399 1608 0 0 0 32002 0 -1 0 0 0 32002 32002 0 0 0 0 0 0
WIT 9 256 257 321 313 757 3891 1 1 0 32002 0 -1 0 0 0 32002 32002 0 0 0 0 0 0
WIT 14 -257 -256 -256 -269 -876 0 0 0 0 -266 0 -1 0 0 0 32002 32002 0 0 0 0 0 0
WIT 7 256 257 307 294 294 3600 0 0 0 32002 0 -1 0 0 0 32002 32002 0 0 0 0 0 0
WIT 7 256 257 301 295 294 0 0 0 0 294 0 -1 0 0 0 32002 32002 0 0 0 0 0 1810
WIT 13 -257 -256 -256 -281 -287 0 0 0 0 -265 0 -1 0 0 0 32002 32002 0 0 0 0 0 0
WIT 8 -257 -256 -256 -263 -303 0 0 0 0 -257 0 -1 0 0 0 32002 32002 0 0 0 0 0 0
WIT 7 256 257 264 258 250 0 0 0 0 265 0 -1 0 0 0 32002 32002 0 0 0 0 0 3171
WIT 6 256 257 306 301 300 0 0 0 0 289 0 -1 0 0 0 32002 32002 0 0 0 0 0 2908
WIT 12 -257 -256 -265 -288 -306 0 0 0 0 -261 0 -1 0 0 0 32002 32002 0 0 0 0 0 0
WIT 7 256 266 265 259 256 0 0 0 0 266 0 -1 0 0 0 32002 32002 0 0 0 0 0 1810
WIT 10 265 266 262 253 265 1810 1 0 0 275 0 -1 0 0 0 32002 32002 0 0 0 0 0 1803
WIT 9 265 266 307 290 291 3600 0 0 0 32002 0 -1 0 0 0 32002 32002 0 0 0 0 0 0
WIT 9 265 266 289 272 271 0 0 0 0 291 0 -1 0 0 0 32002 32002 0 0 0 0 0 1810
WIT 7 256 266 261 255 254 0 0 0 0 266 0 -1 0 0 0 32002 32002 0 0 0 0 0 2908
WIT 11 265 266 257 247 165 0 0 0 0 266 0 -1 0 0 0 32002 32002 0 0 0 0 0 1155
WIT 11 265 266 257 247 213 0 0 0 0 266 0 -1 0 0 0 32002 32002 0 0 0 0 0 2258
WIT 10 265 266 257 238 237 0 0 0 0 266 0 -1 0 0 0 32002 32002 0 0 0 0 0 1635
WIT 10 265 266 264 255 263 3642 0 0 1 266 0 -1 0 0 0 32002 32002 0 0 0 0 0 2908
WIT 8 265 266 285 270 269 0 0 0 0 288 0 -1 0 0 0 32002 32002 0 0 0 0 0 2908
WIT 10 265 266 264 245 326 3920 1 0 0 32002 0 -1 0 0 0 32002 32002 0 0 0 0 0 0
WIT 10 265 266 307 298 338 0 0 0 0 32002 0 -1 0 0 0 32002 32002 0 0 0 0 0 0
WIT 7 265 266 316 310 327 0 0 0 0 32002 0 -1 0 0 0 32002 32002 0 0 0 0 0 0
WIT 8 265 266 279 264 217 0 0 0 0 293 0 -1 0 0 0 32002 32002 0 0 0 0 0 2258
WIT 12 265 266 263 252 262 1608 1 0 0 266 0 -1 0 0 0 32002 32002 0 0 0 0 0 3817
WIT 7 -266 -265 -442 -448 -531 0 0 0 0 -293 0 -1 0 0 0 32002 32002 0 0 0 0 0 0
WIT 11 256 266 256 246 237 0 0 0 0 266 0 -1 0 0 0 32002 32002 0 0 0 0 0 3761
WIT 9 265 266 257 240 276 3600 0 0 0 32002 0 -1 0 0 0 32002 32002 0 0 0 0 0 0
WIT 8 265 266 448 441 414 0 0 0 0 289 0 -1 0 0 0 32002 32002 0 0 0 0 0 2908
WIT 14 265 266 256 229 230 2908 0 0 1 276 0 -1 0 0 0 32002 32002 0 0 0 0 0 3817
WIT 8 265 266 265 250 251 3642 0 0 1 266 0 -1 0 0 0 32002 32002 0 0 0 0 0 1810
WIT 7 265 266 261 248 202 0 0 0 0 266 0 -1 0 0 0 32002 32002 0 0 0 0 0 2908
WIT 9 265 266 256 239 246 3761 0 0 1 265 1 2 20940 1 1 265 266 1 0 2 0 47 3761
WIT 14 265 266 256 229 244 3761 0 0 1 266 0 -1 0 0 0 32002 32002 0 0 0 0 0 3817
WIT 13 265 266 286 274 285 2908 0 0 0 32002 0 -1 0 0 0 32002 32002 0 0 0 0 0 0
WIT 7 442 443 445 439 431 0 0 0 0 442 0 -1 0 0 0 32002 32002 0 0 0 0 0 0
WIT 10 -266 -265 -442 -451 -451 1 0 0 1 -326 1 2 10214 1 1 -266 -443 1 0 1 0 1 0
WIT 9 -266 -265 -442 -450 -460 0 0 0 0 -270 0 -1 0 0 0 32002 32002 0 0 0 0 0 0
WIT 6 -256 -255 -217 -222 -216 788 0 0 0 32002 0 -1 0 0 0 32002 32002 0 0 0 0 0 0
WIT 6 -256 -255 -234 -239 -234 1 0 0 0 32002 0 -1 0 0 0 32002 32002 0 0 0 0 0 0
WIT 6 -256 -255 -198 -203 -201 1 0 0 0 32002 0 -1 0 0 0 32002 32002 0 0 0 0 0 0
WIT 9 266 279 257 249 248 0 0 0 0 392 0 -1 0 0 0 32002 32002 0 0 0 0 0 1608
WIT 12 278 279 267 244 223 0 0 0 0 266 0 -1 0 0 0 32002 32002 0 0 0 0 0 0
WIT 7 -279 -266 -203 -209 -304 0 0 0 0 -264 0 -1 0 0 0 32002 32002 0 0 0 0 0 736
WIT 6 -26 -25 -25 -30 -28 267 1 1 0 -22 0 -1 0 0 0 32002 32002 0 0 0 0 0 1355
WIT 8 -279 -266 -266 -273 -327 0 0 0 0 -264 0 -1 0 0 0 32002 32002 0 0 0 0 0 1188
WIT 8 -267 -266 -221 -228 -228 1177 1 0 0 32002 0 -1 0 0 0 32002 32002 0 0 0 0 0 0
WIT 11 -267 -266 -256 -266 -248 261 0 1 0 32002 0 -1 0 0 0 32002 32002 0 0 0 0 0 0
WIT 12 -267 -266 -256 -279 -308 0 0 0 0 -266 0 -1 0 0 0 32002 32002 0 0 0 0 0 353
WIT 11 -267 -266 -211 -232 -257 0 0 0 0 -268 0 -1 0 0 0 32002 32002 0 0 0 0 0 0
WIT 10 -267 -266 -215 -234 -405 0 0 0 0 -267 0 -1 0 0 0 32002 32002 0 0 0 0 0 0
WIT 9 266 279 276 268 178 0 0 0 0 283 0 -1 0 0 0 32002 32002 0 0 0 0 0 2737
WIT 9 266 279 268 260 204 0 0 0 0 279 0 -1 0 0 0 32002 32002 0 0 0 0 0 1608
WIT 12 278 279 450 439 407 0 0 0 0 429 0 -1 0 0 0 32002 32002 0 0 0 0 0 3929
WIT 8 -279 -266 -199 -206 -456 0 0 0 0 -266 0 -1 0 0 0 32002 32002 0 0 0 0 0 454
WIT 8 266 279 267 260 167 0 0 0 0 279 0 -1 0 0 0 32002 32002 0 0 0 0 0 2666
WIT 10 266 279 266 257 256 0 0 0 0 264 0 -1 0 0 0 32002 32002 0 0 0 0 0 3157
WIT 11 278 279 495 485 484 0 0 0 0 508 0 -1 0 0 0 32002 32002 0 0 0 0 0 1610
WIT 10 278 279 266 247 246 0 0 0 0 279 0 -1 0 0 0 32002 32002 0 0 0 0 0 3164
WIT 10 -279 -278 -179 -188 -348 0 0 1 0 -275 0 -1 0 0 0 32002 32002 0 0 0 0 0 714
WIT 7 -279 -278 -152 -158 -161 0 0 0 0 -153 0 -1 0 0 0 32002 32002 0 0 0 0 0 49415
WIT 8 -279 -278 -171 -178 -179 0 0 0 0 -281 0 -1 0 0 0 32002 32002 0 0 0 0 0 209
WIT 7 -279 -278 -90 -96 -96 1152 1 0 0 32002 0 -1 0 0 0 32002 32002 0 0 0 0 0 0
WIT 6 -279 -278 -215 -220 -303 0 0 0 0 -251 0 -1 0 0 0 32002 32002 0 0 0 0 0 49415
WIT 11 278 279 266 245 242 0 0 0 0 275 0 -1 0 0 0 32002 32002 0 0 0 0 0 0
WIT 7 -279 -266 -263 -269 -302 0 0 0 0 -215 0 -1 0 0 0 32002 32002 0 0 0 0 0 1188
WIT 10 -267 -266 8 -1 -224 0 0 1 0 44 0 -1 0 0 0 32002 32002 0 0 0 0 0 658
WIT 10 -267 -266 -275 -294 -425 0 0 1 0 -266 0 -1 0 0 0 32002 32002 0 0 0 0 0 714
WIT 10 -267 -266 -266 -275 -280 0 0 0 0 -278 0 -1 0 0 0 32002 32002 0 0 0 0 0 0
WIT 7 -279 -266 -275 -281 -282 0 0 0 0 -279 0 -1 0 0 0 32002 32002 0 0 0 0 0 1188
WIT 10 -267 -266 -254 -273 -297 0 0 0 0 -266 0 -1 0 0 0 32002 32002 0 0 0 0 0 49415
WIT 9 -267 -266 -264 -272 -220 1163 0 0 0 32002 0 -1 0 0 0 32002 32002 0 0 0 0 0 0
WIT 8 -267 -266 -258 -265 -271 0 0 0 0 -256 0 -1 0 0 0 32002 32002 0 0 0 0 0 1163
WIT 9 -267 -266 -251 -259 -259 2 0 0 0 32002 0 -1 0 0 0 32002 32002 0 0 0 0 0 0
WIT 9 -267 -266 -24 -32 -139 0 0 1 0 -212 0 -1 0 0 0 32002 32002 0 0 0 0 0 1098
WIT 7 -267 -266 -278 -284 -284 8 1 0 0 -266 0 -1 0 0 0 32002 32002 0 0 0 0 0 49415
WIT 8 -267 -266 -278 -293 -298 0 0 0 0 -266 0 -1 0 0 0 32002 32002 0 0 0 0 0 209
WIT 7 -267 -266 154 148 907 211 1 1 0 32002 0 -1 0 0 0 32002 32002 0 0 0 0 0 0
WIT 9 -279 -266 -260 -268 -269 0 0 0 0 -279 0 -1 0 0 0 32002 32002 0 0 0 0 0 332
WIT 12 -267 -266 -209 -220 -393 0 0 1 0 -246 0 -1 0 0 0 32002 32002 0 0 0 0 0 2073
WIT 11 -267 -266 -239 -260 -267 0 0 0 0 -266 0 -1 0 0 0 32002 32002 0 0 0 0 0 203
WIT 11 -267 -266 -256 -277 -285 0 0 0 0 -266 0 -1 0 0 0 32002 32002 0 0 0 0 0 1184
WIT 11 -267 -266 -229 -250 -311 0 0 0 0 -266 0 -1 0 0 0 32002 32002 0 0 0 0 0 8
WIT 12 -267 -266 -256 -267 -267 339 0 0 1 -256 0 -1 0 0 0 32002 32002 0 0 0 0 0 332
WIT 11 -267 -266 -256 -277 -278 0 0 0 0 -266 0 -1 0 0 0 32002 32002 0 0 0 0 0 1163
WIT 11 -267 -266 -256 -277 -256 1 0 0 0 32002 0 -1 0 0 0 32002 32002 0 0 0 0 0 0
WIT 11 -267 -266 -159 -169 -187 0 0 0 0 -266 0 -1 0 0 0 32002 32002 0 0 0 0 0 1184
WIT 9 -267 -266 109 101 528 723 1 1 0 32002 0 -1 0 0 0 32002 32002 0 0 0 0 0 0
WIT 8 -267 -266 -191 -198 -734 0 0 0 0 -242 0 -1 0 0 0 32002 32002 0 0 0 0 0 722
WIT 7 -267 -266 -217 -223 -182 1177 1 0 0 32002 0 -1 0 0 0 32002 32002 0 0 0 0 0 0
WIT 10 -267 -266 -256 -275 -276 0 0 0 0 -266 0 -1 0 0 0 32002 32002 0 0 0 0 0 203
WIT 10 -267 -266 -256 -265 -281 0 0 1 0 -266 0 -1 0 0 0 32002 32002 0 0 0 0 0 787
WIT 11 -267 -266 -240 -250 -260 0 0 0 0 -266 0 -1 0 0 0 32002 32002 0 0 0 0 0 49415
WIT 9 -267 -266 -228 -236 -236 1 0 0 0 32002 0 -1 0 0 0 32002 32002 0 0 0 0 0 0
WIT 8 -267 -266 -200 -207 -208 0 0 0 0 -232 0 -1 0 0 0 32002 32002 0 0 0 0 0 917
WIT 7 -267 -266 -152 -158 -158 1 0 0 0 32002 0 -1 0 0 0 32002 32002 0 0 0 0 0 0
WIT 12 -267 -266 -256 -279 -328 0 0 0 0 -266 0 -1 0 0 0 32002 32002 0 0 0 0 0 332
WIT 11 -267 -266 -218 -239 -264 0 0 0 0 -266 0 -1 0 0 0 32002 32002 0 0 0 0 0 8
WIT 6 -267 -266 138 133 132 0 0 1 0 -75 0 -1 0 0 0 32002 32002 0 0 0 0 0 3722
WIT 13 -267 -266 -187 -212 -267 0 0 0 0 -266 0 -1 0 0 0 32002 32002 0 0 0 0 0 186
WIT 12 -267 -266 -249 -272 -273 0 0 0 0 -265 0 -1 0 0 0 32002 32002 0 0 0 0 0 209
WIT 11 -267 -266 -246 -256 -220 154 0 0 0 32002 0 -1 0 0 0 32002 32002 0 0 0 0 0 0
WIT 9 -267 -266 -47 -55 -604 0 0 1 0 -245 0 -1 0 0 0 32002 32002 0 0 0 0 0 339
WIT 12 -267 -266 -249 -272 -273 0 0 0 0 -266 0 -1 0 0 0 32002 32002 0 0 0 0 0 2
WIT 10 -267 -266 -251 -260 -622 0 0 1 0 -266 0 -1 0 0 0 32002 32002 0 0 0 0 0 339
WIT 9 -267 -266 -208 -225 -245 0 0 0 0 -237 0 -1 0 0 0 32002 32002 0 0 0 0 0 917
WIT 11 -267 -266 -256 -277 -299 0 0 0 0 -266 0 -1 0 0 0 32002 32002 0 0 0 0 0 1163
WIT 10 -267 -266 -219 -238 -261 0 0 0 0 -266 0 -1 0 0 0 32002 32002 0 0 0 0 0 1163
WIT 13 -267 -266 -265 -290 -290 209 0 0 1 -265 0 -1 0 0 0 32002 32002 0 0 0 0 0 536
WIT 12 -267 -266 -254 -277 -280 0 0 0 0 -265 0 -1 0 0 0 32002 32002 0 0 0 0 0 2673
WIT 10 -267 -266 -192 -201 -201 1163 0 0 0 32002 0 -1 0 0 0 32002 32002 0 0 0 0 0 0
WIT 10 -267 -266 -192 -211 -229 0 0 0 0 -238 0 -1 0 0 0 32002 32002 0 0 0 0 0 917
WIT 8 -267 -266 -185 -192 -189 203 0 0 0 32002 0 -1 0 0 0 32002 32002 0 0 0 0 0 0
WIT 9 -279 -266 -256 -264 -582 0 0 0 0 -266 0 -1 0 0 0 32002 32002 0 0 0 0 0 722
WIT 10 266 267 265 246 245 0 0 0 0 279 0 -1 0 0 0 32002 32002 0 0 0 0 0 1810
WIT 8 266 267 266 251 -98 0 0 0 0 279 0 -1 0 0 0 32002 32002 0 0 0 0 0 3164
WIT 8 -267 -266 -229 -244 -266 0 0 0 0 -225 0 -1 0 0 0 32002 32002 0 0 0 0 0 1188
WIT 9 266 267 266 249 209 0 0 0 0 266 0 -1 0 0 0 32002 32002 0 0 0 0 0 0
WIT 9 -267 -266 -67 -84 -568 0 0 1 0 32 0 -1 0 0 0 32002 32002 0 0 0 0 0 339
WIT 9 -267 -266 -249 -257 -275 0 0 0 0 -266 0 -1 0 0 0 32002 32002 0 0 0 0 0 1180
WIT 8 -267 -266 -256 -263 -263 536 0 0 0 32002 0 -1 0 0 0 32002 32002 0 0 0 0 0 0
WIT 12 -267 -266 -200 -223 -223 528 0 0 0 32002 0 -1 0 0 0 32002 32002 0 0 0 0 0 0
WIT 6 -267 -266 -175 -180 -260 0 0 0 0 -266 0 -1 0 0 0 32002 32002 0 0 0 0 0 1180
WIT 10 -267 -266 -200 -209 -159 2673 0 0 0 32002 0 -1 0 0 0 32002 32002 0 0 0 0 0 0
WIT 11 -267 -266 -200 -221 -222 0 0 0 0 -159 0 -1 0 0 0 32002 32002 0 0 0 0 0 1180
WIT 7 266 267 130 124 -182 0 0 0 0 269 0 -1 0 0 0 32002 32002 0 0 0 0 0 1610
WIT 8 -267 -266 -265 -272 -223 332 0 0 0 32002 0 -1 0 0 0 32002 32002 0 0 0 0 0 0
WIT 10 -267 -266 -200 -209 -185 1 0 0 0 32002 0 -1 0 0 0 32002 32002 0 0 0 0 0 0
WIT 8 -267 -266 -208 -215 -215 1 0 0 0 32002 0 -1 0 0 0 32002 32002 0 0 0 0 0 0
WIT 8 -267 -266 -265 -272 -222 1 0 0 0 32002 0 -1 0 0 0 32002 32002 0 0 0 0 0 0
WIT 8 -267 -266 -206 -213 -198 1 0 0 0 32002 0 -1 0 0 0 32002 32002 0 0 0 0 0 0
WIT 6 -267 -266 -235 -240 -92 1 0 0 0 32002 0 -1 0 0 0 32002 32002 0 0 0 0 0 0
WIT 11 266 279 266 256 234 0 0 0 0 266 0 -1 0 0 0 32002 32002 0 0 0 0 0 0
WIT 12 -267 -266 -237 -260 -255 528 0 0 0 32002 0 -1 0 0 0 32002 32002 0 0 0 0 0 0
WIT 11 -267 -266 -223 -233 -233 788 0 0 0 32002 0 -1 0 0 0 32002 32002 0 0 0 0 0 0
WIT 12 -267 -266 -237 -248 -252 0 0 0 0 -253 0 -1 0 0 0 32002 32002 0 0 0 0 0 528
WIT 6 -267 -266 -181 -186 -190 0 0 0 0 -266 0 -1 0 0 0 32002 32002 0 0 0 0 0 788
WIT 8 -267 -266 -183 -190 -138 405 0 0 0 32002 0 -1 0 0 0 32002 32002 0 0 0 0 0 0
WIT 8 -267 -266 -234 -241 -202 528 0 0 0 32002 0 -1 0 0 0 32002 32002 0 0 0 0 0 0
WIT 6 -267 -266 -210 -215 -163 1 0 0 0 32002 0 -1 0 0 0 32002 32002 0 0 0 0 0 0
WIT 9 -267 -266 -204 -212 -210 528 0 0 0 32002 0 -1 0 0 0 32002 32002 0 0 0 0 0 0
WIT 9 -267 -266 -218 -226 -178 0 0 0 0 32002 0 -1 0 0 0 32002 32002 0 0 0 0 0 0
WIT 9 -267 -266 -237 -254 -252 405 0 0 0 32002 0 -1 0 0 0 32002 32002 0 0 0 0 0 0
WIT 8 -267 -266 -200 -207 -201 528 0 0 0 32002 0 -1 0 0 0 32002 32002 0 0 0 0 0 0
WIT 11 266 279 266 256 240 0 0 0 0 266 0 -1 0 0 0 32002 32002 0 0 0 0 0 0
WIT 7 -250 -249 -266 -279 -269 1163 0 0 1 -247 0 -1 0 0 0 32002 32002 0 0 0 0 0 1184
WIT 7 -250 -249 -266 -279 -341 0 0 0 0 -247 0 -1 0 0 0 32002 32002 0 0 0 0 0 8
WIT 7 -250 -249 -265 -278 -278 1371 0 0 1 -255 1 1 8671 1 1 -250 -266 0 0 0 0 1 0
WIT 8 272 273 266 251 390 1610 0 0 0 32002 0 -1 0 0 0 32002 32002 0 0 0 0 0 0
WIT 8 272 273 466 459 428 0 0 0 0 693 0 -1 0 0 0 32002 32002 0 0 0 0 0 1610
WIT 7 272 273 266 253 45 0 0 0 0 279 0 -1 0 0 0 32002 32002 0 0 0 0 0 3164
WIT 6 272 273 414 409 108 0 0 0 0 293 0 -1 0 0 0 32002 32002 0 0 0 0 0 3164
WIT 6 272 273 444 439 438 0 0 0 0 272 0 -1 0 0 0 32002 32002 0 0 0 0 0 3807
WIT 7 -279 -249 -266 -272 -276 0 0 0 0 -273 0 -1 0 0 0 32002 32002 0 0 0 0 0 405
WIT 8 272 273 266 251 254 2908 0 0 1 268 1 1 17867 1 1 272 256 0 0 0 0 1 0
WIT 7 272 273 272 259 194 0 0 0 0 273 0 -1 0 0 0 32002 32002 0 0 0 0 0 1635
WIT 6 272 273 266 261 261 2908 0 0 1 285 0 -1 0 0 0 32002 32002 0 0 0 0 0 3817
WIT 9 -279 -249 -266 -274 -269 405 0 0 1 -273 1 1 41977 1 1 -273 -273 0 0 0 0 67 788
WIT 6 -274 -273 -183 -188 -143 405 0 0 0 32002 0 -1 0 0 0 32002 32002 0 0 0 0 0 0
WIT 6 -274 -273 -234 -239 -206 528 0 0 0 32002 0 -1 0 0 0 32002 32002 0 0 0 0 0 0
WIT 6 272 273 273 268 267 0 0 0 0 267 0 -1 0 0 0 32002 32002 0 0 0 0 0 0
WIT 9 272 273 266 249 268 3761 0 0 1 269 1 1 35596 1 1 272 255 0 0 0 0 1 0
WIT 9 -250 -249 -266 -283 -280 209 0 0 1 -244 0 -1 0 0 0 32002 32002 0 0 0 0 0 203
WIT 10 -250 -249 -236 -245 -245 209 0 0 0 32002 0 -1 0 0 0 32002 32002 0 0 0 0 0 0
WIT 8 -250 -249 -214 -221 -179 1 0 0 0 32002 0 -1 0 0 0 32002 32002 0 0 0 0 0 0
WIT 8 -250 -249 -266 -281 -295 0 0 0 0 -249 0 -1 0 0 0 32002 32002 0 0 0 0 0 1163
WIT 6 -250 -249 -264 -269 -215 1163 0 0 0 32002 0 -1 0 0 0 32002 32002 0 0 0 0 0 0
WIT 11 -250 -249 -96 -106 609 202 1 1 0 32002 0 -1 0 0 0 32002 32002 0 0 0 0 0 0
WIT 10 -250 -249 -255 -274 -281 0 0 0 0 -248 0 -1 0 0 0 32002 32002 0 0 0 0 0 129
WIT 12 -250 -249 -256 -267 -177 178 0 0 0 32002 0 -1 0 0 0 32002 32002 0 0 0 0 0 0
WIT 10 -250 -249 -256 -275 -318 0 0 0 0 -202 0 -1 0 0 0 32002 32002 0 0 0 0 0 1180
WIT 10 -250 -249 -256 -275 -285 0 0 0 0 -249 0 -1 0 0 0 32002 32002 0 0 0 0 0 2
WIT 8 -250 -249 -256 -263 -263 536 0 0 1 -249 0 -1 0 0 0 32002 32002 0 0 0 0 0 1
WIT 9 -250 -249 -267 -284 -285 0 0 0 0 -249 0 -1 0 0 0 32002 32002 0 0 0 0 0 788
WIT 9 -250 -249 -265 -282 -270 2 0 0 1 -245 0 -1 0 0 0 32002 32002 0 0 0 0 0 1180
WIT 9 -250 -249 -170 -178 -135 917 1 0 0 32002 0 -1 0 0 0 32002 32002 0 0 0 0 0 0
WIT 7 -250 -249 -239 -245 -213 2 0 0 0 32002 0 -1 0 0 0 32002 32002 0 0 0 0 0 0
WIT 6 -250 -249 -189 -194 -167 0 0 0 0 32002 0 -1 0 0 0 32002 32002 0 0 0 0 0 0
WIT 8 -250 -249 -255 -270 -340 0 0 0 0 -249 0 -1 0 0 0 32002 32002 0 0 0 0 0 82
WIT 7 -250 -249 -268 -281 -307 0 0 0 0 -252 0 -1 0 0 0 32002 32002 0 0 0 0 0 0
WIT 6 -250 -249 -209 -214 -256 0 0 0 0 -247 0 -1 0 0 0 32002 32002 0 0 0 0 0 8
WIT 7 -272 -226 -212 -218 -452 0 0 1 0 -215 0 -1 0 0 0 32002 32002 0 0 0 0 0 261
WIT 7 -227 -226 -217 -223 -193 3 1 0 0 32002 0 -1 0 0 0 32002 32002 0 0 0 0 0 0
WIT 8 -227 -226 -220 -227 -228 0 0 0 0 -226 0 -1 0 0 0 32002 32002 0 0 0 0 0 49415
WIT 8 -227 -226 -30 -37 170 211 1 1 0 32002 0 -1 0 0 0 32002 32002 0 0 0 0 0 0
WIT 8 -272 -226 -229 -236 -266 0 0 0 0 -226 0 -1 0 0 0 32002 32002 0 0 0 0 0 1188
WIT 12 -227 -226 -141 -152 -135 1152 1 0 0 32002 0 -1 0 0 0 32002 32002 0 0 0 0 0 0
WIT 9 -227 -226 -246 -254 -140 789 1 0 0 32002 0 -1 0 0 0 32002 32002 0 0 0 0 0 0
WIT 11 -227 -226 -266 -287 -307 0 0 0 0 -226 0 -1 0 0 0 32002 32002 0 0 0 0 0 49415
WIT 11 -227 -226 -166 -187 -188 0 0 0 0 -163 0 -1 0 0 0 32002 32002 0 0 0 0 0 49415
WIT 10 -227 -226 -264 -273 -215 1163 0 0 0 32002 0 -1 0 0 0 32002 32002 0 0 0 0 0 0
WIT 10 -227 -226 -128 -137 293 2 0 0 0 32002 0 -1 0 0 0 32002 32002 0 0 0 0 0 0
WIT 7 -227 -226 -266 -279 -312 0 0 0 0 -226 0 -1 0 0 0 32002 32002 0 0 0 0 0 49415
WIT 7 -227 -226 -152 -158 -158 1 0 0 0 32002 0 -1 0 0 0 32002 32002 0 0 0 0 0 0
WIT 7 -227 -226 -228 -234 -166 2 0 0 0 32002 0 -1 0 0 0 32002 32002 0 0 0 0 0 0
WIT 9 -227 -226 -234 -242 -167 789 1 0 0 32002 0 -1 0 0 0 32002 32002 0 0 0 0 0 0
WIT 9 -227 -226 -249 -257 -338 0 0 0 0 -210 0 -1 0 0 0 32002 32002 0 0 0 0 0 49415
WIT 8 -227 -226 -181 -188 -171 56 1 0 0 32002 0 -1 0 0 0 32002 32002 0 0 0 0 0 0
WIT 6 -227 -226 -241 -246 -260 0 0 0 0 -185 0 -1 0 0 0 32002 32002 0 0 0 0 0 203
WIT 7 -227 -226 -242 -248 -316 0 0 0 0 -219 0 -1 0 0 0 32002 32002 0 0 0 0 0 49415
WIT 9 -227 -226 -256 -264 -278 0 0 0 0 -225 0 -1 0 0 0 32002 32002 0 0 0 0 0 1163
WIT 7 226 272 246 240 216 0 0 0 0 380 0 -1 0 0 0 32002 32002 0 0 0 0 0 3600
WIT 7 -272 -226 -266 -272 -888 0 0 0 0 -274 0 -1 0 0 0 32002 32002 0 0 0 0 0 0
WIT 12 271 272 490 467 466 0 0 0 0 272 0 -1 0 0 0 32002 32002 0 0 0 0 0 1610
WIT 11 271 272 277 256 200 0 0 0 0 272 0 -1 0 0 0 32002 32002 0 0 0 0 0 3164
WIT 8 -272 -226 -266 -273 -277 0 0 0 0 -273 0 -1 0 0 0 32002 32002 0 0 0 0 0 0
WIT 12 271 272 266 255 137 0 0 0 0 272 0 -1 0 0 0 32002 32002 0 0 0 0 0 1805
WIT 10 271 272 604 595 245 0 0 1 0 289 0 -1 0 0 0 32002 32002 0 0 0 0 0 3641
WIT 11 271 272 266 256 178 0 0 0 0 272 0 -1 0 0 0 32002 32002 0 0 0 0 0 2908
WIT 11 271 272 266 256 171 0 0 0 0 272 0 -1 0 0 0 32002 32002 0 0 0 0 0 1155
WIT 11 271 272 266 245 212 0 0 0 0 272 0 -1 0 0 0 32002 32002 0 0 0 0 0 2258
WIT 13 271 272 290 265 205 0 0 0 0 275 0 -1 0 0 0 32002 32002 0 0 0 0 0 3171
WIT 11 271 272 328 318 269 0 0 0 0 287 0 -1 0 0 0 32002 32002 0 0 0 0 0 2258
WIT 10 271 272 266 247 241 0 0 0 0 272 0 -1 0 0 0 32002 32002 0 0 0 0 0 1635
WIT 9 271 272 266 258 264 3642 0 0 1 278 0 -1 0 0 0 32002 32002 0 0 0 0 0 2908
WIT 8 -272 -226 -249 -256 -285 0 0 0 0 -272 0 -1 0 0 0 32002 32002 0 0 0 0 0 0
WIT 10 271 272 298 289 300 1635 0 0 0 32002 0 -1 0 0 0 32002 32002 0 0 0 0 0 0
WIT 9 271 272 507 499 498 0 0 0 0 282 0 -1 0 0 0 32002 32002 0 0 0 0 0 2908
WIT 8 -272 -226 -249 -256 -277 0 0 0 0 -272 0 -1 0 0 0 32002 32002 0 0 0 0 0 0
WIT 8 -272 -271 -273 -288 -454 0 0 0 0 -249 0 -1 0 0 0 32002 32002 0 0 0 0 0 405
WIT 8 -272 -271 -237 -252 -249 528 0 0 0 32002 0 -1 0 0 0 32002 32002 0 0 0 0 0 0
WIT 8 271 272 266 251 396 1610 0 0 0 32002 0 -1 0 0 0 32002 32002 0 0 0 0 0 0
WIT 9 271 272 271 263 384 0 0 0 0 32002 0 -1 0 0 0 32002 32002 0 0 0 0 0 0
WIT 7 271 272 256 243 208 0 0 0 0 318 0 -1 0 0 0 32002 32002 0 0 0 0 0 3164
WIT 8 271 272 273 258 194 0 0 0 0 273 0 -1 0 0 0 32002 32002 0 0 0 0 0 1635
WIT 7 271 272 266 260 264 3817 1 0 0 279 0 -1 0 0 0 32002 32002 0 0 0 0 0 2908
WIT 7 271 272 266 260 346 0 0 0 0 32002 0 -1 0 0 0 32002 32002 0 0 0 0 0 0
WIT 7 271 272 266 260 263 1608 1 0 0 285 0 -1 0 0 0 32002 32002 0 0 0 0 0 3817
WIT 7 -272 -226 -266 -272 -272 405 0 0 1 -273 1 1 43060 1 1 -272 -272 0 0 0 0 36 0
WIT 9 271 272 269 261 274 3761 0 0 0 32002 0 -1 0 0 0 32002 32002 0 0 0 0 0 0
WIT 7 302 303 275 269 184 0 0 0 0 427 0 -1 0 0 0 32002 32002 0 0 0 0 0 1608
WIT 8 302 303 408 401 341 0 0 0 0 416 0 -1 0 0 0 32002 32002 0 0 0 0 0 3929
WIT 7 302 303 281 275 213 0 0 0 0 303 0 -1 0 0 0 32002 32002 0 0 0 0 0 1635
WIT 7 272 303 273 267 266 0 0 0 0 303 0 -1 0 0 0 32002 32002 0 0 0 0 0 1810
WIT 11 302 303 272 251 253 1619 0 0 1 535 0 -1 0 0 0 32002 32002 0 0 0 0 0 1610
WIT 11 302 303 272 262 383 0 0 0 0 32002 0 -1 0 0 0 32002 32002 0 0 0 0 0 0
WIT 10 302 303 272 253 178 0 0 0 0 353 0 -1 0 0 0 32002 32002 0 0 0 0 0 3164
WIT 10 302 303 276 267 369 0 0 0 0 32002 0 -1 0 0 0 32002 32002 0 0 0 0 0 0
WIT 10 302 303 477 468 468 3600 0 0 0 32002 0 -1 0 0 0 32002 32002 0 0 0 0 0 0
WIT 12 302 303 342 331 238 0 0 0 0 325 0 -1 0 0 0 32002 32002 0 0 0 0 0 3929
WIT 8 302 303 324 317 316 0 0 1 0 396 0 -1 0 0 0 32002 32002 0 0 0 0 0 3187
WIT 12 302 303 293 282 272 0 0 0 0 323 0 -1 0 0 0 32002 32002 0 0 0 0 0 530
WIT 13 302 303 355 343 309 0 0 0 0 384 0 -1 0 0 0 32002 32002 0 0 0 0 0 514
WIT 11 302 303 502 492 579 3929 0 0 0 32002 0 -1 0 0 0 32002 32002 0 0 0 0 0 0
WIT 10 302 303 330 321 392 3929 0 0 0 32002 0 -1 0 0 0 32002 32002 0 0 0 0 0 0
WIT 10 302 303 557 548 489 0 0 1 0 354 0 -1 0 0 0 32002 32002 0 0 0 0 0 3891
WIT 10 302 303 330 321 320 0 0 1 0 337 0 -1 0 0 0 32002 32002 0 0 0 0 0 3187
WIT 11 302 303 557 547 546 0 0 1 0 354 0 -1 0 0 0 32002 32002 0 0 0 0 0 3891
WIT 10 302 303 384 375 241 0 0 1 0 350 0 -1 0 0 0 32002 32002 0 0 0 0 0 3187
WIT 10 -303 -302 -302 -311 -747 0 0 1 0 -286 0 -1 0 0 0 32002 32002 0 0 0 0 0 194
WIT 11 302 303 282 261 181 0 0 0 0 299 0 -1 0 0 0 32002 32002 0 0 0 0 0 0
WIT 7 -303 -302 -204 -210 -173 0 0 0 0 32002 0 -1 0 0 0 32002 32002 0 0 0 0 0 0
WIT 10 302 303 279 260 209 0 0 0 0 299 0 -1 0 0 0 32002 32002 0 0 0 0 0 0
WIT 9 302 303 279 262 261 0 0 0 0 299 0 -1 0 0 0 32002 32002 0 0 0 0 0 0
WIT 9 302 303 279 262 261 0 0 0 0 299 0 -1 0 0 0 32002 32002 0 0 0 0 0 0
WIT 9 302 303 278 261 257 0 0 0 0 299 0 -1 0 0 0 32002 32002 0 0 0 0 0 0
WIT 7 -273 -272 -265 -271 -226 332 0 0 0 32002 0 -1 0 0 0 32002 32002 0 0 0 0 0 0
WIT 7 272 303 272 266 255 0 0 0 0 267 0 -1 0 0 0 32002 32002 0 0 0 0 0 0
WIT 6 272 273 443 438 316 0 0 0 0 273 0 -1 0 0 0 32002 32002 0 0 0 0 0 2908
WIT 7 272 273 259 253 369 1619 0 0 0 32002 0 -1 0 0 0 32002 32002 0 0 0 0 0 0
WIT 9 272 273 256 239 238 0 0 0 0 273 0 -1 0 0 0 32002 32002 0 0 0 0 0 2666
WIT 11 272 273 259 249 -296 0 0 0 0 322 0 -1 0 0 0 32002 32002 0 0 0 0 0 2579
WIT 10 272 273 257 238 237 0 0 0 0 318 0 -1 0 0 0 32002 32002 0 0 0 0 0 1619
WIT 9 272 273 256 239 221 0 0 0 0 300 0 -1 0 0 0 32002 32002 0 0 0 0 0 2910
WIT 7 272 273 276 270 286 1635 0 0 0 32002 0 -1 0 0 0 32002 32002 0 0 0 0 0 0
WIT 7 302 303 284 278 244 0 0 0 0 303 0 -1 0 0 0 32002 32002 0 0 0 0 0 1635
WIT 8 302 303 317 310 317 0 0 0 0 32002 0 -1 0 0 0 32002 32002 0 0 0 0 0 0
WIT 7 302 303 290 277 258 0 0 0 0 303 0 -1 0 0 0 32002 32002 0 0 0 0 0 1635
WIT 8 302 303 273 266 754 1610 0 0 0 32002 0 -1 0 0 0 32002 32002 0 0 0 0 0 0
WIT 7 302 303 273 260 250 0 0 0 0 303 0 -1 0 0 0 32002 32002 0 0 0 0 0 2908
WIT 7 302 303 318 312 318 0 0 0 0 32002 0 -1 0 0 0 32002 32002 0 0 0 0 0 0
WIT 6 302 303 310 305 212 0 0 0 0 318 0 -1 0 0 0 32002 32002 0 0 0 0 0 1619
WIT 7 302 303 304 298 235 0 0 0 0 316 0 -1 0 0 0 32002 32002 0 0 0 0 0 2714
WIT 7 302 303 259 253 264 2565 1 0 0 303 0 -1 0 0 0 32002 32002 0 0 0 0 0 2579
WIT 7 302 303 300 294 279 0 0 0 0 294 0 -1 0 0 0 32002 32002 0 0 0 0 0 3429
WIT 9 302 303 297 280 263 0 0 0 0 310 0 -1 0 0 0 32002 32002 0 0 0 0 0 2910
WIT 7 302 303 303 297 348 1619 0 0 0 32002 0 -1 0 0 0 32002 32002 0 0 0 0 0 0
WIT 7 302 303 334 328 327 0 0 0 0 321 0 -1 0 0 0 32002 32002 0 0 0 0 0 1619
WIT 8 302 303 326 319 282 0 0 0 0 305 0 -1 0 0 0 32002 32002 0 0 0 0 0 3938
WIT 8 302 303 276 269 286 1635 0 0 1 321 0 -1 0 0 0 32002 32002 0 0 0 0 0 2910
WIT 9 272 303 272 264 269 3600 0 0 1 267 1 3 7052 0 0 32002 32002 2 0 1146 0 0 3752
WIT 11 302 303 298 288 302 1635 0 0 1 308 0 -1 0 0 0 32002 32002 0 0 0 0 0 2908
WIT 10 302 303 253 244 -555 0 0 0 0 326 0 -1 0 0 0 32002 32002 0 0 0 0 0 1619
WIT 10 302 303 279 270 340 0 0 0 0 32002 0 -1 0 0 0 32002 32002 0 0 0 0 0 0
WIT 11 302 303 277 256 250 0 0 0 0 312 0 -1 0 0 0 32002 32002 0 0 0 0 0 3752
WIT 10 302 303 281 262 295 3752 0 0 1 452 0 -1 0 0 0 32002 32002 0 0 0 0 0 2908
WIT 11 272 303 272 262 262 2908 0 0 1 303 0 -1 0 0 0 32002 32002 0 0 0 0 0 3817
WIT 9 -303 -302 -237 -254 -249 528 0 0 0 32002 0 -1 0 0 0 32002 32002 0 0 0 0 0 0
WIT 10 -303 -272 -269 -278 -271 405 0 0 0 32002 0 -1 0 0 0 32002 32002 0 0 0 0 0 0
WIT 12 -273 -272 -237 -260 -253 528 0 0 0 32002 0 -1 0 0 0 32002 32002 0 0 0 0 0 0
WIT 11 -273 -272 -237 -258 -253 405 0 0 0 32002 0 -1 0 0 0 32002 32002 0 0 0 0 0 0
WIT 10 -273 -272 -266 -275 -212 788 0 0 0 32002 0 -1 0 0 0 32002 32002 0 0 0 0 0 0
WIT 7 -273 -272 -183 -189 -138 405 0 0 0 32002 0 -1 0 0 0 32002 32002 0 0 0 0 0 0
WIT 7 -273 -272 -208 -214 -184 405 0 0 0 32002 0 -1 0 0 0 32002 32002 0 0 0 0 0 0
WIT 7 -273 -272 -234 -240 -202 405 0 0 0 32002 0 -1 0 0 0 32002 32002 0 0 0 0 0 0
WIT 7 -273 -272 -224 -230 -205 405 0 0 0 32002 0 -1 0 0 0 32002 32002 0 0 0 0 0 0
WIT 7 -273 -272 -203 -209 -186 405 0 0 0 32002 0 -1 0 0 0 32002 32002 0 0 0 0 0 0
WIT 8 -273 -272 -204 -211 -196 405 0 0 0 32002 0 -1 0 0 0 32002 32002 0 0 0 0 0 0
WIT 7 -273 -272 -207 -213 -192 405 0 0 0 32002 0 -1 0 0 0 32002 32002 0 0 0 0 0 0
WIT 7 -273 -272 -218 -224 -167 0 0 0 0 32002 0 -1 0 0 0 32002 32002 0 0 0 0 0 0
WIT 7 -273 -272 -200 -206 -150 788 0 0 0 32002 0 -1 0 0 0 32002 32002 0 0 0 0 0 0
WIT 6 302 303 277 272 271 0 0 0 0 385 0 -1 0 0 0 32002 32002 0 0 0 0 0 3164
WIT 6 -230 -229 -188 -193 -323 0 0 0 0 -219 0 -1 0 0 0 32002 32002 0 0 0 0 0 1177
WIT 6 -230 -229 -220 -225 -358 0 0 0 0 -218 0 -1 0 0 0 32002 32002 0 0 0 0 0 1163
WIT 7 -230 -229 -233 -246 -266 0 0 0 0 -225 0 -1 0 0 0 32002 32002 0 0 0 0 0 2673
WIT 9 -230 -229 -266 -274 -244 1 0 0 1 -221 0 -1 0 0 0 32002 32002 0 0 0 0 0 49415
WIT 9 -230 -229 -266 -283 -316 0 0 1 0 -221 0 -1 0 0 0 32002 32002 0 0 0 0 0 787
WIT 9 -230 -229 -228 -236 -162 2 0 0 0 32002 0 -1 0 0 0 32002 32002 0 0 0 0 0 0
WIT 8 -230 -229 -266 -281 -328 0 0 0 0 -226 0 -1 0 0 0 32002 32002 0 0 0 0 0 332
WIT 9 -230 -229 -266 -283 -636 0 0 1 0 -229 0 -1 0 0 0 32002 32002 0 0 0 0 0 339
WIT 10 -230 -229 -266 -275 -222 3738 0 0 0 32002 0 -1 0 0 0 32002 32002 0 0 0 0 0 0
WIT 9 -230 -229 -266 -283 -290 0 0 0 0 -222 0 -1 0 0 0 32002 32002 0 0 0 0 0 186
WIT 9 -230 -229 -246 -263 -737 0 0 1 0 -165 0 -1 0 0 0 32002 32002 0 0 0 0 0 339
WIT 8 -230 -229 -246 -253 -223 154 0 0 0 32002 0 -1 0 0 0 32002 32002 0 0 0 0 0 0
WIT 8 -230 -229 -265 -272 -147 259 0 1 0 32002 0 -1 0 0 0 32002 32002 0 0 0 0 0 0
WIT 6 -230 -229 133 128 -100 0 0 1 0 226 0 -1 0 0 0 32002 32002 0 0 0 0 0 339
WIT 6 -230 -229 -70 -75 -21 729 1 0 0 32002 0 -1 0 0 0 32002 32002 0 0 0 0 0 0
WIT 7 -230 -229 -265 -278 -287 0 0 0 0 -183 0 -1 0 0 0 32002 32002 0 0 0 0 0 209
WIT 8 -230 -229 -266 -281 -335 0 0 0 0 -223 0 -1 0 0 0 32002 32002 0 0 0 0 0 2
WIT 7 -230 -229 -266 -272 -205 1 0 0 0 32002 0 -1 0 0 0 32002 32002 0 0 0 0 0 0
WIT 7 -230 -229 -235 -241 -205 1 0 0 0 32002 0 -1 0 0 0 32002 32002 0 0 0 0 0 0
WIT 7 -230 -229 121 115 -35 0 0 1 0 201 0 -1 0 0 0 32002 32002 0 0 0 0 0 339
WIT 7 -230 -229 46 40 553 724 1 1 0 32002 0 -1 0 0 0 32002 32002 0 0 0 0 0 0
WIT 7 -230 -229 -239 -252 -298 0 0 0 0 -216 0 -1 0 0 0 32002 32002 0 0 0 0 0 917
WIT 7 -230 -229 -266 -279 -304 0 0 0 0 -212 0 -1 0 0 0 32002 32002 0 0 0 0 0 8
WIT 7 -230 -229 -246 -259 -299 0 0 0 0 -229 0 -1 0 0 0 32002 32002 0 0 0 0 0 1163
WIT 10 229 230 73 64 73 0 0 0 0 244 0 -1 0 0 0 32002 32002 0 0 0 0 0 3169
WIT 12 -230 -229 -287 -310 -736 0 0 1 0 -229 0 -1 0 0 0 32002 32002 0 0 0 0 0 194
WIT 8 -230 -229 -73 -80 -165 0 0 0 0 -44 0 -1 0 0 0 32002 32002 0 0 0 0 0 722
WIT 9 -230 -229 -299 -307 -365 0 0 0 0 -212 0 -1 0 0 0 32002 32002 0 0 0 0 0 203
WIT 11 -230 -229 -299 -320 -321 0 0 0 0 -229 0 -1 0 0 0 32002 32002 0 0 0 0 0 268
WIT 12 -230 -229 48 37 -281 0 0 1 0 -163 0 -1 0 0 0 32002 32002 0 0 0 0 0 146
WIT 10 -230 -229 -299 -318 -329 0 0 0 0 -229 0 -1 0 0 0 32002 32002 0 0 0 0 0 353
WIT 10 -230 -229 -109 -118 -825 0 0 1 0 72 0 -1 0 0 0 32002 32002 0 0 0 0 0 146
WIT 9 -230 -229 -299 -316 -333 0 0 0 0 -229 0 -1 0 0 0 32002 32002 0 0 0 0 0 2
WIT 6 -230 -229 -172 -177 -178 0 0 0 0 -119 0 -1 0 0 0 32002 32002 0 0 0 0 0 353
WIT 8 -230 -229 -299 -314 -434 0 0 0 0 -229 0 -1 0 0 0 32002 32002 0 0 0 0 0 917
WIT 11 -230 -229 -256 -266 -232 1097 0 0 1 -224 0 -1 0 0 0 32002 32002 0 0 0 0 0 1123
WIT 11 -230 -229 -256 -266 -272 0 0 0 0 -229 0 -1 0 0 0 32002 32002 0 0 0 0 0 1163
WIT 12 -230 -229 34 23 -201 0 0 1 0 -70 0 -1 0 0 0 32002 32002 0 0 0 0 0 658
WIT 11 -230 -229 -256 -277 -334 0 0 1 0 -229 0 -1 0 0 0 32002 32002 0 0 0 0 0 1098
WIT 13 -230 -229 9 -3 640 1171 1 1 0 32002 0 -1 0 0 0 32002 32002 0 0 0 0 0 0
WIT 12 -230 -229 -131 -142 -14 267 0 1 0 32002 0 -1 0 0 0 32002 32002 0 0 0 0 0 0
WIT 11 -230 -229 -239 -260 -1207 0 0 1 0 -14 0 -1 0 0 0 32002 32002 0 0 0 0 0 1106
WIT 7 -230 -229 -231 -244 -244 353 0 0 1 -229 0 -1 0 0 0 32002 32002 0 0 0 0 0 1371
WIT 7 -230 -229 -223 -229 -157 353 0 0 0 32002 0 -1 0 0 0 32002 32002 0 0 0 0 0 0
WIT 10 -230 -229 -256 -275 -281 0 0 0 0 -229 0 -1 0 0 0 32002 32002 0 0 0 0 0 209
WIT 9 -230 -229 -230 -238 -154 268 0 1 0 32002 0 -1 0 0 0 32002 32002 0 0 0 0 0 0
WIT 9 -230 -229 -256 -264 -248 261 0 1 0 -165 0 -1 0 0 0 32002 32002 0 0 0 0 0 2131
WIT 8 -230 -229 -266 -281 -303 0 0 0 0 -229 0 -1 0 0 0 32002 32002 0 0 0 0 0 353
WIT 8 -230 -229 -256 -263 351 211 1 1 0 32002 0 -1 0 0 0 32002 32002 0 0 0 0 0 0
WIT 7 -230 -229 -256 -269 -287 0 0 0 0 -229 0 -1 0 0 0 32002 32002 0 0 0 0 0 353
WIT 7 -230 -229 -248 -254 -227 353 0 0 0 32002 0 -1 0 0 0 32002 32002 0 0 0 0 0 0
WIT 6 -230 -229 -264 -269 -236 332 0 0 1 -235 1 1 14541 1 1 -230 -184 0 0 0 0 11 332
WIT 10 -230 -229 -264 -283 -305 0 0 0 0 -215 0 -1 0 0 0 32002 32002 0 0 0 0 0 736
WIT 8 -230 -229 -243 -250 -746 0 0 0 0 -189 0 -1 0 0 0 32002 32002 0 0 0 0 0 1380
WIT 9 -230 -229 -264 -281 -396 0 0 0 0 -229 0 -1 0 0 0 32002 32002 0 0 0 0 0 1188
WIT 9 -230 -229 171 163 405 723 1 1 0 32002 0 -1 0 0 0 32002 32002 0 0 0 0 0 0
WIT 9 -230 -229 -256 -264 -357 0 0 1 0 -229 0 -1 0 0 0 32002 32002 0 0 0 0 0 714
WIT 7 -230 -229 -221 -227 -227 1177 1 0 0 32002 0 -1 0 0 0 32002 32002 0 0 0 0 0 0
WIT 8 -230 -229 -264 -279 -362 0 0 0 0 -229 0 -1 0 0 0 32002 32002 0 0 0 0 0 203
WIT 6 -230 -229 -224 -229 163 209 0 0 0 32002 0 -1 0 0 0 32002 32002 0 0 0 0 0 0
WIT 8 -230 -229 -256 -263 -818 0 0 1 0 -229 0 -1 0 0 0 32002 32002 0 0 0 0 0 202
WIT 9 -230 -229 -256 -264 -256 0 0 0 0 -229 0 -1 0 0 0 32002 32002 0 0 0 0 0 722
WIT 7 -230 -229 -234 -240 -234 0 0 0 0 -229 0 -1 0 0 0 32002 32002 0 0 0 0 0 722
WIT 6 -230 -229 -41 -46 -337 0 0 1 0 -121 0 -1 0 0 0 32002 32002 0 0 0 0 0 202
WIT 8 -230 -229 -256 -263 -264 0 0 0 0 -229 0 -1 0 0 0 32002 32002 0 0 0 0 0 353
WIT 8 -230 -229 -254 -261 -246 1371 0 0 1 -220 0 -1 0 0 0 32002 32002 0 0 0 0 0 353
WIT 6 -230 -229 -256 -261 -208 0 0 0 0 32002 0 -1 0 0 0 32002 32002 0 0 0 0 0 0
WIT 8 -230 -229 -254 -261 -213 353 0 0 0 32002 0 -1 0 0 0 32002 32002 0 0 0 0 0 0
WIT 9 -230 -229 -220 -228 -204 353 0 0 0 32002 0 -1 0 0 0 32002 32002 0 0 0 0 0 0
WIT 8 -230 -229 -252 -267 -383 0 0 0 0 -210 0 -1 0 0 0 32002 32002 0 0 0 0 0 917
WIT 7 -230 -229 -239 -245 -245 353 0 0 1 -206 0 -1 0 0 0 32002 32002 0 0 0 0 0 2
WIT 7 -230 -229 -256 -269 -342 0 0 0 0 -217 0 -1 0 0 0 32002 32002 0 0 0 0 0 203
WIT 9 -230 -229 -267 -284 -286 0 0 0 0 -229 0 -1 0 0 0 32002 32002 0 0 0 0 0 536
WIT 9 -230 -229 -201 -209 -176 213 1 0 0 32002 0 -1 0 0 0 32002 32002 0 0 0 0 0 0
WIT 11 -230 -229 -248 -258 -218 261 0 1 0 32002 0 -1 0 0 0 32002 32002 0 0 0 0 0 0
WIT 10 -230 -229 -248 -257 -547 0 0 1 0 -218 0 -1 0 0 0 32002 32002 0 0 0 0 0 339
WIT 10 -230 -229 -248 -257 -219 261 0 1 0 32002 0 -1 0 0 0 32002 32002 0 0 0 0 0 0
WIT 9 -230 -229 -248 -256 -435 0 0 1 0 -219 0 -1 0 0 0 32002 32002 0 0 0 0 0 339
WIT 9 -230 -229 139 131 -88 0 0 1 0 -109 0 -1 0 0 0 32002 32002 0 0 0 0 0 202
WIT 8 -230 -229 -200 -207 -249 0 0 0 0 -208 0 -1 0 0 0 32002 32002 0 0 0 0 0 1185
WIT 8 -230 -229 -248 -263 -268 0 0 0 0 -219 0 -1 0 0 0 32002 32002 0 0 0 0 0 129
WIT 7 -230 -229 -249 -262 -496 0 0 0 0 -229 0 -1 0 0 0 32002 32002 0 0 0 0 0 2
WIT 9 -230 -229 -256 -264 -264 209 0 0 1 -230 1 1 20945 1 1 -230 -229 0 0 0 0 47 209
WIT 8 -230 -229 -256 -263 -1072 0 0 0 0 -229 0 -1 0 0 0 32002 32002 0 0 0 0 0 722
WIT 9 -230 -229 -170 -178 -138 0 0 0 0 32002 0 -1 0 0 0 32002 32002 0 0 0 0 0 0
WIT 6 -230 -229 52 47 480 1171 1 1 0 32002 0 -1 0 0 0 32002 32002 0 0 0 0 0 0
WIT 8 -230 -229 -256 -271 -289 0 0 0 0 -229 0 -1 0 0 0 32002 32002 0 0 0 0 0 146
WIT 8 -230 -229 -233 -240 -240 528 0 0 1 -226 0 -1 0 0 0 32002 32002 0 0 0 0 0 1180
WIT 7 -230 -229 -256 -262 -251 1355 1 0 0 -223 0 -1 0 0 0 32002 32002 0 0 0 0 0 203
WIT 7 -230 -229 -246 -259 -278 0 0 0 0 -229 0 -1 0 0 0 32002 32002 0 0 0 0 0 2
WIT 7 -230 -229 -256 -269 -259 536 0 0 1 -216 0 -1 0 0 0 32002 32002 0 0 0 0 0 332
WIT 6 -230 -229 -195 -200 -200 1 0 0 0 32002 0 -1 0 0 0 32002 32002 0 0 0 0 0 0
WIT 7 -230 -229 -243 -256 -293 0 0 0 0 -225 0 -1 0 0 0 32002 32002 0 0 0 0 0 203
WIT 7 -230 -229 -64 -70 -31 1160 1 0 0 32002 0 -1 0 0 0 32002 32002 0 0 0 0 0 0
WIT 7 -230 -229 -249 -255 -255 536 0 0 1 -229 0 -1 0 0 0 32002 32002 0 0 0 0 0 1
WIT 7 -303 -229 -254 -260 -278 0 0 0 0 -229 0 -1 0 0 0 32002 32002 0 0 0 0 0 405
WIT 10 -230 -229 -200 -219 -219 528 0 0 0 32002 0 -1 0 0 0 32002 32002 0 0 0 0 0 0
WIT 8 -230 -229 -256 -263 -230 1 0 0 1 -229 0 -1 0 0 0 32002 32002 0 0 0 0 0 405
WIT 8 -230 -229 -266 -273 -204 0 0 0 0 32002 0 -1 0 0 0 32002 32002 0 0 0 0 0 0
WIT 8 -230 -229 -266 -273 -271 1 0 0 1 -223 0 -1 0 0 0 32002 32002 0 0 0 0 0 405
WIT 8 -230 -229 -242 -249 -214 536 0 0 0 32002 0 -1 0 0 0 32002 32002 0 0 0 0 0 0
WIT 8 -230 -229 -248 -255 -236 1 0 0 1 -229 0 -1 0 0 0 32002 32002 0 0 0 0 0 405
WIT 7 -230 -229 -266 -272 -207 0 0 0 0 32002 0 -1 0 0 0 32002 32002 0 0 0 0 0 0
WIT 8 -230 -229 -250 -257 -165 1 0 0 0 32002 0 -1 0 0 0 32002 32002 0 0 0 0 0 0
WIT 8 -230 -229 -200 -207 -183 1 0 0 0 32002 0 -1 0 0 0 32002 32002 0 0 0 0 0 0
WIT 8 -230 -229 -266 -273 -249 1 0 0 1 -229 0 -1 0 0 0 32002 32002 0 0 0 0 0 405
WIT 8 -230 -229 -236 -243 -212 1 0 0 0 32002 0 -1 0 0 0 32002 32002 0 0 0 0 0 0
WIT 8 -230 -229 -239 -246 -150 1 0 0 0 32002 0 -1 0 0 0 32002 32002 0 0 0 0 0 0
WIT 8 -230 -229 -266 -273 -197 1 0 0 0 32002 0 -1 0 0 0 32002 32002 0 0 0 0 0 0
WIT 8 -230 -229 -266 -273 -227 1 0 0 0 32002 0 -1 0 0 0 32002 32002 0 0 0 0 0 0
WIT 8 -230 -229 -266 -273 -252 2 0 0 1 -208 0 -1 0 0 0 32002 32002 0 0 0 0 0 405
WIT 8 -230 -229 -266 -273 -179 1 0 0 0 32002 0 -1 0 0 0 32002 32002 0 0 0 0 0 0
WIT 8 -230 -229 -256 -263 -191 2 0 0 0 32002 0 -1 0 0 0 32002 32002 0 0 0 0 0 0
WIT 9 -303 -229 -269 -277 -275 405 0 0 1 -229 0 -1 0 0 0 32002 32002 0 0 0 0 0 788
WIT 7 229 230 235 222 222 1024 1 0 0 236 0 -1 0 0 0 32002 32002 0 0 0 0 0 3761
WIT 7 229 230 334 328 316 0 0 0 0 260 0 -1 0 0 0 32002 32002 0 0 0 0 0 3929
WIT 7 229 230 306 293 292 0 0 0 0 235 0 -1 0 0 0 32002 32002 0 0 0 0 0 3600
WIT 9 -230 -229 -246 -263 -266 0 0 0 0 -257 0 -1 0 0 0 32002 32002 0 0 0 0 0 0
WIT 6 229 230 324 319 331 3600 1 0 0 32002 0 -1 0 0 0 32002 32002 0 0 0 0 0 0
WIT 9 -230 -229 -246 -263 -284 0 0 0 0 -233 0 -1 0 0 0 32002 32002 0 0 0 0 0 0
WIT 7 229 230 413 407 384 0 0 0 0 224 0 -1 0 0 0 32002 32002 0 0 0 0 0 2666
WIT 12 -230 -229 -237 -260 -253 528 0 0 1 -303 1 1 24228 1 1 -230 -232 0 0 0 0 213 0
WIT 7 229 303 303 297 297 3600 0 0 1 303 0 -1 0 0 0 32002 32002 0 0 0 0 0 3752
WIT 12 302 303 267 256 389 2258 0 0 0 32002 0 -1 0 0 0 32002 32002 0 0 0 0 0 0
WIT 11 302 303 257 236 205 0 0 0 0 302 0 -1 0 0 0 32002 32002 0 0 0 0 0 0
WIT 11 302 303 233 212 204 0 0 0 0 302 0 -1 0 0 0 32002 32002 0 0 0 0 0 0
WIT 10 302 303 232 213 73 0 0 0 0 302 0 -1 0 0 0 32002 32002 0 0 0 0 0 0
WIT 7 253 254 240 227 260 3600 0 0 0 32002 0 -1 0 0 0 32002 32002 0 0 0 0 0 0
WIT 8 -255 -254 -266 -273 -202 0 0 0 0 32002 0 -1 0 0 0 32002 32002 0 0 0 0 0 0
WIT 7 -255 -254 -266 -272 -215 788 0 0 0 32002 0 -1 0 0 0 32002 32002 0 0 0 0 0 0
WIT 6 -255 -254 -183 -188 -143 405 0 0 0 32002 0 -1 0 0 0 32002 32002 0 0 0 0 0 0
WIT 6 -255 -254 -234 -239 -206 528 0 0 0 32002 0 -1 0 0 0 32002 32002 0 0 0 0 0 0
WIT 6 -255 -254 -204 -209 -207 528 0 0 0 32002 0 -1 0 0 0 32002 32002 0 0 0 0 0 0

===========================
Total time (ms) : 50
Nodes searched  : 39009
Nodes/second    : 780180
