
Position: 1/1 (rn1qk2r/1p3ppp/p1pbpn2/3p1b2/3P4/P1N1PN2/1PP1BPPP/R1BQR1K1 b kq - 1 8)
WIT 6 -180 -179 -133 -138 -145 0 0 0 0 -169 0 -1 0 0 0 32002 32002 0 0 0 0 0 1180
WIT 6 -167 -166 -169 -174 -168 1355 0 0 1 -166 0 -1 0 0 0 32002 32002 0 0 0 0 0 1380
WIT 6 -150 -149 -166 -171 -167 1355 0 0 1 -149 0 -1 0 0 0 32002 32002 0 0 0 0 0 1380
WIT 6 -127 -126 -149 -154 -111 1355 0 0 0 32002 0 -1 0 0 0 32002 32002 0 0 0 0 0 0
WIT 6 131 132 193 188 188 2908 1 0 0 32002 0 -1 0 0 0 32002 32002 0 0 0 0 0 0
WIT 6 137 138 132 127 141 3559 0 0 0 32002 0 -1 0 0 0 32002 32002 0 0 0 0 0 0
WIT 6 137 138 193 188 188 2908 1 0 0 32002 0 -1 0 0 0 32002 32002 0 0 0 0 0 0
WIT 6 150 151 206 201 201 2908 1 0 0 32002 0 -1 0 0 0 32002 32002 0 0 0 0 0 0
WIT 6 163 164 208 203 203 2908 1 0 0 32002 0 -1 0 0 0 32002 32002 0 0 0 0 0 0
WIT 6 170 171 164 159 179 2423 0 0 0 32002 0 -1 0 0 0 32002 32002 0 0 0 0 0 0
WIT 6 170 171 219 214 234 2908 1 0 0 32002 0 -1 0 0 0 32002 32002 0 0 0 0 0 0
WIT 6 170 171 208 203 203 2908 1 0 0 32002 0 -1 0 0 0 32002 32002 0 0 0 0 0 0
WIT 6 -189 -188 -188 -193 -189 1164 0 0 1 -188 0 -1 0 0 0 32002 32002 0 0 0 0 0 1308
WIT 7 -189 -188 -126 -132 -142 0 0 0 0 -188 0 -1 0 0 0 32002 32002 0 0 0 0 0 787
WIT 7 197 198 216 210 175 0 0 0 0 309 0 -1 0 0 0 32002 32002 0 0 0 0 0 2268
WIT 7 197 198 186 180 211 3807 0 0 0 32002 0 -1 0 0 0 32002 32002 0 0 0 0 0 0
WIT 7 197 198 192 179 179 3559 0 0 1 198 0 -1 0 0 0 32002 32002 0 0 0 0 0 3826
WIT 7 197 198 187 174 174 2908 0 0 1 197 1 1 13964 1 1 197 197 0 0 0 0 5 3559
WIT 7 205 206 186 180 211 3807 0 0 0 32002 0 -1 0 0 0 32002 32002 0 0 0 0 0 0
WIT 9 205 206 198 190 194 2908 1 0 0 224 0 -1 0 0 0 32002 32002 0 0 0 0 0 2268
WIT 8 205 206 225 218 218 2908 1 0 0 32002 0 -1 0 0 0 32002 32002 0 0 0 0 0 0
WIT 8 205 206 198 191 190 0 0 0 0 217 0 -1 0 0 0 32002 32002 0 0 0 0 0 3559
WIT 7 205 206 198 185 177 0 0 0 0 215 0 -1 0 0 0 32002 32002 0 0 0 0 0 3826
WIT 7 205 206 215 209 209 2908 0 0 0 32002 0 -1 0 0 0 32002 32002 0 0 0 0 0 0
WIT 7 205 206 287 281 266 0 0 0 0 206 0 -1 0 0 0 32002 32002 0 0 0 0 0 3826
WIT 7 205 206 204 198 198 2908 0 0 1 232 0 -1 0 0 0 32002 32002 0 0 0 0 0 3826
WIT 7 205 206 198 185 185 3559 0 0 1 206 0 -1 0 0 0 32002 32002 0 0 0 0 0 3826
WIT 7 205 206 198 192 199 3826 0 0 1 206 0 -1 0 0 0 32002 32002 0 0 0 0 0 2908
WIT 7 205 206 211 205 218 3559 0 0 0 32002 0 -1 0 0 0 32002 32002 0 0 0 0 0 0
WIT 7 205 206 215 209 246 3559 0 0 0 32002 0 -1 0 0 0 32002 32002 0 0 0 0 0 0
WIT 7 205 206 210 204 276 3559 0 0 0 32002 0 -1 0 0 0 32002 32002 0 0 0 0 0 0
WIT 7 205 206 238 232 232 2908 0 0 0 32002 0 -1 0 0 0 32002 32002 0 0 0 0 0 0
WIT 7 205 206 202 196 196 3826 0 0 1 210 0 -1 0 0 0 32002 32002 0 0 0 0 0 3559
WIT 7 205 206 227 221 254 3559 0 0 0 32002 0 -1 0 0 0 32002 32002 0 0 0 0 0 0
WIT 7 205 206 198 192 192 2908 0 0 1 227 0 -1 0 0 0 32002 32002 0 0 0 0 0 3826
WIT 7 205 206 240 234 234 3826 0 0 0 32002 0 -1 0 0 0 32002 32002 0 0 0 0 0 0
WIT 7 205 206 198 192 223 3559 0 0 0 32002 0 -1 0 0 0 32002 32002 0 0 0 0 0 0
WIT 7 205 206 246 240 249 3826 0 0 0 32002 0 -1 0 0 0 32002 32002 0 0 0 0 0 0
WIT 7 205 206 198 185 185 2908 0 0 1 209 0 -1 0 0 0 32002 32002 0 0 0 0 0 3559
WIT 7 205 206 252 246 249 3826 0 0 0 32002 0 -1 0 0 0 32002 32002 0 0 0 0 0 0
WIT 7 205 206 252 246 259 3826 0 0 0 32002 0 -1 0 0 0 32002 32002 0 0 0 0 0 0
WIT 6 215 216 186 181 222 3807 0 0 0 32002 0 -1 0 0 0 32002 32002 0 0 0 0 0 0
WIT 8 215 216 222 215 215 2908 1 0 0 224 0 -1 0 0 0 32002 32002 0 0 0 0 0 2268
WIT 6 215 216 206 201 247 2767 1 0 0 32002 0 -1 0 0 0 32002 32002 0 0 0 0 0 0
WIT 7 228 229 223 217 217 2908 1 0 0 229 0 -1 0 0 0 32002 32002 0 0 0 0 0 2268
WIT 6 227 228 360 355 692 2767 1 0 0 32002 0 -1 0 0 0 32002 32002 0 0 0 0 0 0
WIT 7 227 228 249 243 217 0 0 0 0 219 0 -1 0 0 0 32002 32002 0 0 0 0 0 2767
WIT 7 227 228 237 231 313 3559 0 0 0 32002 0 -1 0 0 0 32002 32002 0 0 0 0 0 0
WIT 7 227 228 215 209 224 53048 0 0 1 284 0 -1 0 0 0 32002 32002 0 0 0 0 0 3559
WIT 8 227 228 240 233 234 3826 0 0 0 32002 0 -1 0 0 0 32002 32002 0 0 0 0 0 0
WIT 8 227 228 229 222 313 2908 1 0 0 32002 0 -1 0 0 0 32002 32002 0 0 0 0 0 0
WIT 6 236 237 237 232 304 3559 0 0 0 32002 0 -1 0 0 0 32002 32002 0 0 0 0 0 0
WIT 9 236 237 229 221 319 2908 1 0 0 32002 0 -1 0 0 0 32002 32002 0 0 0 0 0 0
WIT 8 236 237 268 261 227 0 0 0 0 290 0 -1 0 0 0 32002 32002 0 0 0 0 0 2268
WIT 9 236 237 302 294 406 2908 1 0 0 32002 0 -1 0 0 0 32002 32002 0 0 0 0 0 0
WIT 9 236 237 232 215 201 0 0 0 0 237 0 -1 0 0 0 32002 32002 0 0 0 0 0 3559
WIT 9 236 237 277 269 280 53048 0 0 0 32002 0 -1 0 0 0 32002 32002 0 0 0 0 0 0
WIT 6 -237 -236 -236 -241 -320 0 0 0 0 -236 0 -1 0 0 0 32002 32002 0 0 0 0 0 787
WIT 7 -237 -236 -187 -200 -237 0 0 0 0 -236 0 -1 0 0 0 32002 32002 0 0 0 0 0 787
WIT 8 236 237 228 213 187 0 0 0 0 236 0 -1 0 0 0 32002 32002 0 0 0 0 0 0
WIT 6 -220 -219 -185 -190 -191 0 0 0 0 -197 0 -1 0 0 0 32002 32002 0 0 0 0 0 1180
WIT 8 -220 -219 -236 -243 -244 0 0 0 0 -219 0 -1 0 0 0 32002 32002 0 0 0 0 0 983
WIT 10 -220 -219 -236 -245 -234 732 1 0 0 -197 0 -1 0 0 0 32002 32002 0 0 0 0 0 1244
WIT 8 -220 -219 -236 -243 -453 0 0 1 0 -214 0 -1 0 0 0 32002 32002 0 0 0 0 0 399
WIT 8 -220 -219 -178 -185 -551 0 0 0 0 -219 0 -1 0 0 0 32002 32002 0 0 0 0 0 659
WIT 7 -220 -219 -236 -249 -263 0 0 0 0 -219 0 -1 0 0 0 32002 32002 0 0 0 0 0 787
WIT 7 -220 -219 -204 -210 -448 0 0 1 0 87 0 -1 0 0 0 32002 32002 0 0 0 0 0 399
WIT 7 -220 -219 -168 -174 -156 1355 0 0 0 32002 0 -1 0 0 0 32002 32002 0 0 0 0 0 0
WIT 7 -220 -219 -136 -142 -139 787 0 0 0 32002 0 -1 0 0 0 32002 32002 0 0 0 0 0 0
WIT 7 -220 -219 -173 -179 -173 1355 0 0 0 32002 0 -1 0 0 0 32002 32002 0 0 0 0 0 0
WIT 7 -220 -219 -149 -155 -105 1355 0 0 0 32002 0 -1 0 0 0 32002 32002 0 0 0 0 0 0
WIT 8 -220 -219 -122 -137 -148 0 0 0 0 -201 0 -1 0 0 0 32002 32002 0 0 0 0 0 1180
WIT 7 -220 -219 -138 -144 -127 1355 0 0 0 32002 0 -1 0 0 0 32002 32002 0 0 0 0 0 0
WIT 7 -220 -219 -185 -191 -183 1355 0 0 0 32002 0 -1 0 0 0 32002 32002 0 0 0 0 0 0
WIT 7 -220 -219 -136 -142 -143 0 0 0 0 -213 0 -1 0 0 0 32002 32002 0 0 0 0 0 787
WIT 6 -220 -219 -85 -90 -89 0 0 0 0 32002 0 -1 0 0 0 32002 32002 0 0 0 0 0 0
WIT 6 -220 -219 -87 -92 -92 211 1 0 0 32002 0 -1 0 0 0 32002 32002 0 0 0 0 0 0
WIT 7 -220 -219 -131 -144 -145 0 0 0 0 -219 0 -1 0 0 0 32002 32002 0 0 0 0 0 787
WIT 7 -220 -219 -114 -120 -117 1355 0 0 0 32002 0 -1 0 0 0 32002 32002 0 0 0 0 0 0
WIT 7 -220 -219 -99 -105 -83 787 0 0 0 32002 0 -1 0 0 0 32002 32002 0 0 0 0 0 0
WIT 7 -220 -219 -122 -128 -125 787 0 0 0 32002 0 -1 0 0 0 32002 32002 0 0 0 0 0 0
WIT 7 -220 -219 -157 -163 -139 1355 0 0 0 32002 0 -1 0 0 0 32002 32002 0 0 0 0 0 0
WIT 7 -220 -219 -126 -132 -133 0 0 0 0 -208 0 -1 0 0 0 32002 32002 0 0 0 0 0 787
WIT 7 -208 -207 -175 -181 -175 389 0 1 0 32002 0 -1 0 0 0 32002 32002 0 0 0 0 0 0
WIT 8 -208 -207 -219 -226 -226 1180 1 0 0 -207 0 -1 0 0 0 32002 32002 0 0 0 0 0 732
WIT 6 -208 -207 -219 -224 -224 732 1 0 0 -207 0 -1 0 0 0 32002 32002 0 0 0 0 0 1244
WIT 7 -208 -207 -219 -225 -226 0 0 0 0 -207 0 -1 0 0 0 32002 32002 0 0 0 0 0 1308
WIT 7 -208 -207 -34 -40 31 389 0 1 0 32002 0 -1 0 0 0 32002 32002 0 0 0 0 0 0
WIT 6 -208 -207 -141 -146 -405 0 0 0 0 -166 0 -1 0 0 0 32002 32002 0 0 0 0 0 659
WIT 7 -208 -207 -207 -220 -215 732 1 0 0 -207 0 -1 0 0 0 32002 32002 0 0 0 0 0 1244
WIT 8 -208 -207 -209 -216 -231 0 0 1 0 -198 0 -1 0 0 0 32002 32002 0 0 0 0 0 391
WIT 8 -208 -207 -219 -226 -263 0 0 0 0 -207 0 -1 0 0 0 32002 32002 0 0 0 0 0 787
WIT 7 -219 -207 -236 -242 -277 0 0 0 0 -207 0 -1 0 0 0 32002 32002 0 0 0 0 0 983
WIT 10 -208 -207 -199 -218 -254 0 0 0 0 -199 0 -1 0 0 0 32002 32002 0 0 0 0 0 1180
WIT 10 -208 -207 -219 -238 -237 709 0 0 1 -207 0 -1 0 0 0 32002 32002 0 0 0 0 0 983
WIT 11 -208 -207 -138 -148 -120 709 0 0 0 32002 0 -1 0 0 0 32002 32002 0 0 0 0 0 0
WIT 10 -208 -207 -219 -238 -429 0 0 0 0 -207 0 -1 0 0 0 32002 32002 0 0 0 0 0 659
WIT 10 -208 -207 -199 -208 -203 732 1 0 0 32002 0 -1 0 0 0 32002 32002 0 0 0 0 0 0
WIT 7 -208 -207 -195 -201 -141 983 0 0 0 32002 0 -1 0 0 0 32002 32002 0 0 0 0 0 0
WIT 10 -208 -207 -203 -212 236 967 0 1 0 32002 0 -1 0 0 0 32002 32002 0 0 0 0 0 0
WIT 8 207 208 209 202 144 0 0 0 0 213 0 -1 0 0 0 32002 32002 0 0 0 0 0 3807
WIT 8 -208 -207 -214 -229 -442 0 0 1 0 -211 0 -1 0 0 0 32002 32002 0 0 0 0 0 0
WIT 9 -208 -207 -219 -236 -252 0 0 0 0 -210 0 -1 0 0 0 32002 32002 0 0 0 0 0 983
WIT 8 -208 -207 53 38 -293 0 0 1 0 15 0 -1 0 0 0 32002 32002 0 0 0 0 0 399
WIT 8 -219 -207 -219 -226 -228 0 0 0 0 -207 0 -1 0 0 0 32002 32002 0 0 0 0 0 1355
WIT 9 -208 -207 -213 -230 -202 1355 0 0 0 32002 0 -1 0 0 0 32002 32002 0 0 0 0 0 0
WIT 9 -208 -207 -213 -221 -221 1355 0 0 1 -207 0 -1 0 0 0 32002 32002 0 0 0 0 0 787
WIT 9 -208 -207 -209 -226 -208 1355 0 0 1 -204 0 -1 0 0 0 32002 32002 0 0 0 0 0 787
WIT 9 -208 -207 -201 -209 -188 918 0 0 0 32002 0 -1 0 0 0 32002 32002 0 0 0 0 0 0
WIT 9 -208 -207 -202 -219 -236 0 0 0 0 -188 0 -1 0 0 0 32002 32002 0 0 0 0 0 1180
WIT 9 -208 -207 -191 -208 -198 983 0 0 0 32002 0 -1 0 0 0 32002 32002 0 0 0 0 0 0
WIT 8 -208 -207 -157 -164 -139 1355 0 0 0 32002 0 -1 0 0 0 32002 32002 0 0 0 0 0 0
WIT 8 -208 -207 -194 -209 -209 1355 0 0 1 -191 0 -1 0 0 0 32002 32002 0 0 0 0 0 787
WIT 8 -208 -207 -99 -106 -83 787 0 0 0 32002 0 -1 0 0 0 32002 32002 0 0 0 0 0 0
WIT 8 -208 -207 -122 -129 -126 787 0 0 0 32002 0 -1 0 0 0 32002 32002 0 0 0 0 0 0
WIT 8 -208 -207 -123 -130 -106 1355 0 0 0 32002 0 -1 0 0 0 32002 32002 0 0 0 0 0 0
WIT 9 -208 -207 -219 -236 -236 1355 0 0 1 -194 0 -1 0 0 0 32002 32002 0 0 0 0 0 787
WIT 8 -208 -207 -114 -121 -117 1355 0 0 0 32002 0 -1 0 0 0 32002 32002 0 0 0 0 0 0
WIT 8 -192 -191 -198 -205 -199 918 0 0 1 -191 0 -1 0 0 0 32002 32002 0 0 0 0 0 787
WIT 8 -192 -191 -114 -121 -19 1180 1 0 0 32002 0 -1 0 0 0 32002 32002 0 0 0 0 0 0
WIT 7 -192 -191 -198 -211 -227 0 0 1 0 -191 0 -1 0 0 0 32002 32002 0 0 0 0 0 391
WIT 8 -192 -191 -207 -214 -169 1180 1 0 0 32002 0 -1 0 0 0 32002 32002 0 0 0 0 0 0
WIT 7 -192 -191 -207 -213 -213 1180 1 0 0 -191 0 -1 0 0 0 32002 32002 0 0 0 0 0 732
WIT 9 -192 -191 -169 -177 -172 389 0 1 0 32002 0 -1 0 0 0 32002 32002 0 0 0 0 0 0
WIT 8 -192 -191 -207 -222 -233 0 0 0 0 -191 0 -1 0 0 0 32002 32002 0 0 0 0 0 787
WIT 8 -192 -191 -170 -177 -134 0 0 0 0 32002 0 -1 0 0 0 32002 32002 0 0 0 0 0 0
WIT 7 -192 -191 -207 -213 -249 0 0 0 0 -191 0 -1 0 0 0 32002 32002 0 0 0 0 0 787
WIT 7 -192 -191 -207 -213 -253 0 0 0 0 -191 0 -1 0 0 0 32002 32002 0 0 0 0 0 787
WIT 7 -192 -191 -207 -213 -245 0 0 0 0 -191 0 -1 0 0 0 32002 32002 0 0 0 0 0 787
WIT 7 -192 -191 -200 -206 -226 0 0 0 0 -191 0 -1 0 0 0 32002 32002 0 0 0 0 0 787
WIT 10 206 207 313 304 335 2767 1 0 0 32002 0 -1 0 0 0 32002 32002 0 0 0 0 0 0
WIT 8 206 207 277 270 279 53048 0 0 0 32002 0 -1 0 0 0 32002 32002 0 0 0 0 0 0
WIT 7 -207 -191 -207 -213 -237 0 0 0 0 -207 0 -1 0 0 0 32002 32002 0 0 0 0 0 0
WIT 9 206 207 296 279 223 0 0 0 0 207 0 -1 0 0 0 32002 32002 0 0 0 0 0 2268
WIT 7 206 207 239 233 233 3494 0 0 0 32002 0 -1 0 0 0 32002 32002 0 0 0 0 0 0
WIT 7 206 207 237 231 230 0 0 0 0 207 0 -1 0 0 0 32002 32002 0 0 0 0 0 2908
WIT 7 206 207 290 284 302 3494 0 0 0 32002 0 -1 0 0 0 32002 32002 0 0 0 0 0 0
WIT 8 206 207 233 226 225 0 0 0 0 235 0 -1 0 0 0 32002 32002 0 0 0 0 0 2908
WIT 9 206 207 272 264 264 2788 1 0 0 32002 0 -1 0 0 0 32002 32002 0 0 0 0 0 0
WIT 9 206 207 229 221 319 2908 1 0 0 32002 0 -1 0 0 0 32002 32002 0 0 0 0 0 0
WIT 7 206 207 228 215 232 2908 0 0 0 32002 0 -1 0 0 0 32002 32002 0 0 0 0 0 0
WIT 7 206 207 235 229 229 2908 0 0 0 32002 0 -1 0 0 0 32002 32002 0 0 0 0 0 0
WIT 7 206 207 228 222 222 2908 0 0 0 32002 0 -1 0 0 0 32002 32002 0 0 0 0 0 0
WIT 8 -207 -191 -207 -214 -228 0 0 0 0 -207 0 -1 0 0 0 32002 32002 0 0 0 0 0 0
WIT 8 218 219 277 270 270 2852 0 0 0 32002 0 -1 0 0 0 32002 32002 0 0 0 0 0 0
WIT 7 218 219 288 282 306 0 0 0 0 32002 0 -1 0 0 0 32002 32002 0 0 0 0 0 0
WIT 8 218 219 222 207 197 0 0 0 0 219 0 -1 0 0 0 32002 32002 0 0 0 0 0 1813
WIT 13 218 219 207 182 181 0 0 0 0 219 0 -1 0 0 0 32002 32002 0 0 0 0 0 2268
WIT 8 218 219 237 230 290 3559 0 0 0 32002 0 -1 0 0 0 32002 32002 0 0 0 0 0 0
WIT 8 218 219 257 250 269 0 0 0 0 32002 0 -1 0 0 0 32002 32002 0 0 0 0 0 0
WIT 6 218 219 258 253 261 3559 0 0 0 32002 0 -1 0 0 0 32002 32002 0 0 0 0 0 0
WIT 6 218 219 247 242 242 3494 0 0 0 32002 0 -1 0 0 0 32002 32002 0 0 0 0 0 0
WIT 6 218 219 290 285 331 3494 0 0 0 32002 0 -1 0 0 0 32002 32002 0 0 0 0 0 0
WIT 6 218 219 297 292 292 3494 0 0 0 32002 0 -1 0 0 0 32002 32002 0 0 0 0 0 0
WIT 12 218 219 207 184 183 0 0 0 0 219 0 -1 0 0 0 32002 32002 0 0 0 0 0 2908
WIT 10 218 219 207 188 188 3826 0 0 1 219 0 -1 0 0 0 32002 32002 0 0 0 0 0 3559
WIT 8 218 219 207 200 200 2908 0 0 1 219 0 -1 0 0 0 32002 32002 0 0 0 0 0 3559
WIT 8 218 219 228 213 231 2908 0 0 0 32002 0 -1 0 0 0 32002 32002 0 0 0 0 0 0
WIT 8 218 219 235 228 228 2908 0 0 0 32002 0 -1 0 0 0 32002 32002 0 0 0 0 0 0
WIT 8 218 219 240 233 233 2908 0 0 0 32002 0 -1 0 0 0 32002 32002 0 0 0 0 0 0
WIT 9 218 219 272 264 264 2788 1 0 0 32002 0 -1 0 0 0 32002 32002 0 0 0 0 0 0
WIT 8 218 219 251 244 244 2908 0 0 0 32002 0 -1 0 0 0 32002 32002 0 0 0 0 0 0
WIT 7 218 219 245 239 239 2908 0 0 0 32002 0 -1 0 0 0 32002 32002 0 0 0 0 0 0
WIT 6 218 219 232 227 227 2908 0 0 0 32002 0 -1 0 0 0 32002 32002 0 0 0 0 0 0
WIT 6 218 219 231 226 252 3559 0 0 0 32002 0 -1 0 0 0 32002 32002 0 0 0 0 0 0
WIT 7 218 219 295 289 238 0 0 0 0 224 0 -1 0 0 0 32002 32002 0 0 0 0 0 2908
WIT 6 218 219 275 270 264 0 0 0 0 223 0 -1 0 0 0 32002 32002 0 0 0 0 0 3559
WIT 7 218 219 228 222 222 2908 0 0 0 32002 0 -1 0 0 0 32002 32002 0 0 0 0 0 0
WIT 9 218 219 229 221 319 2908 1 0 0 32002 0 -1 0 0 0 32002 32002 0 0 0 0 0 0
WIT 7 218 219 238 232 259 3559 0 0 0 32002 0 -1 0 0 0 32002 32002 0 0 0 0 0 0
WIT 6 218 219 236 231 231 2908 0 0 0 32002 0 -1 0 0 0 32002 32002 0 0 0 0 0 0
WIT 7 218 219 207 194 194 2908 0 0 1 223 0 -1 0 0 0 32002 32002 0 0 0 0 0 3559
WIT 7 218 219 246 240 261 3559 0 0 0 32002 0 -1 0 0 0 32002 32002 0 0 0 0 0 0
WIT 7 218 219 252 246 280 3559 0 0 0 32002 0 -1 0 0 0 32002 32002 0 0 0 0 0 0
WIT 7 218 219 252 246 266 3559 0 0 0 32002 0 -1 0 0 0 32002 32002 0 0 0 0 0 0
WIT 7 210 228 219 213 212 0 0 0 0 228 0 -1 0 0 0 32002 32002 0 0 0 0 0 2852
WIT 10 227 228 313 304 331 2767 1 0 0 32002 0 -1 0 0 0 32002 32002 0 0 0 0 0 0
WIT 9 227 228 277 269 280 53048 0 0 0 32002 0 -1 0 0 0 32002 32002 0 0 0 0 0 0
WIT 7 227 228 219 213 273 0 0 0 0 32002 0 -1 0 0 0 32002 32002 0 0 0 0 0 0
WIT 8 227 228 219 212 234 53048 0 0 0 32002 0 -1 0 0 0 32002 32002 0 0 0 0 0 0
WIT 8 227 228 288 281 309 0 0 0 0 32002 0 -1 0 0 0 32002 32002 0 0 0 0 0 0
WIT 8 210 228 219 212 207 0 0 0 0 228 0 -1 0 0 0 32002 32002 0 0 0 0 0 3826
WIT 8 -228 -227 -227 -234 -235 0 0 0 0 -227 0 -1 0 0 0 32002 32002 0 0 0 0 0 725
WIT 10 -228 -227 -218 -237 -294 0 0 0 0 -227 0 -1 0 0 0 32002 32002 0 0 0 0 0 918
WIT 8 -228 -227 -172 -179 -144 0 0 0 0 32002 0 -1 0 0 0 32002 32002 0 0 0 0 0 0
WIT 12 227 228 219 196 195 0 0 0 0 227 0 -1 0 0 0 32002 32002 0 0 0 0 0 0
WIT 12 227 228 219 196 189 0 0 0 0 227 0 -1 0 0 0 32002 32002 0 0 0 0 0 0
WIT 6 -228 -227 -191 -196 -194 983 0 0 0 32002 0 -1 0 0 0 32002 32002 0 0 0 0 0 0
WIT 7 -228 -227 -141 -147 -146 211 1 0 0 32002 0 -1 0 0 0 32002 32002 0 0 0 0 0 0
WIT 6 -228 -227 -206 -211 -210 1308 0 0 0 32002 0 -1 0 0 0 32002 32002 0 0 0 0 0 0
WIT 11 227 228 219 198 191 0 0 0 0 227 0 -1 0 0 0 32002 32002 0 0 0 0 0 0
WIT 8 227 228 219 204 171 0 0 0 0 228 0 -1 0 0 0 32002 32002 0 0 0 0 0 2268
WIT 7 227 228 219 213 228 3494 0 0 0 32002 0 -1 0 0 0 32002 32002 0 0 0 0 0 0
WIT 7 227 228 237 231 290 3559 0 0 0 32002 0 -1 0 0 0 32002 32002 0 0 0 0 0 0
WIT 10 227 228 219 200 197 0 0 0 0 227 0 -1 0 0 0 32002 32002 0 0 0 0 0 0
WIT 6 -211 -210 -203 -208 -116 391 0 1 0 32002 0 -1 0 0 0 32002 32002 0 0 0 0 0 0
WIT 6 -211 -210 -210 -215 -287 0 0 0 0 -207 0 -1 0 0 0 32002 32002 0 0 0 0 0 787
WIT 9 -211 -210 -217 -234 -235 0 0 0 0 -211 0 -1 0 0 0 32002 32002 0 0 0 0 0 0
WIT 9 -212 -211 -191 -208 -198 983 0 0 0 32002 0 -1 0 0 0 32002 32002 0 0 0 0 0 0
WIT 6 -212 -211 -138 -143 -143 1355 0 0 0 32002 0 -1 0 0 0 32002 32002 0 0 0 0 0 0
WIT 7 -212 -211 -206 -219 -201 1355 0 0 0 32002 0 -1 0 0 0 32002 32002 0 0 0 0 0 0
WIT 7 -212 -211 -102 -108 -84 787 0 0 0 32002 0 -1 0 0 0 32002 32002 0 0 0 0 0 0
WIT 6 -212 -211 -169 -174 -174 1355 0 0 0 32002 0 -1 0 0 0 32002 32002 0 0 0 0 0 0
WIT 6 -212 -211 -105 -110 -110 1355 0 0 0 32002 0 -1 0 0 0 32002 32002 0 0 0 0 0 0
WIT 6 -212 -211 -125 -130 -130 1355 0 0 0 32002 0 -1 0 0 0 32002 32002 0 0 0 0 0 0
WIT 6 -212 -211 -126 -131 -131 1375 0 0 0 32002 0 -1 0 0 0 32002 32002 0 0 0 0 0 0
WIT 6 -212 -211 -157 -162 -141 1355 0 0 0 32002 0 -1 0 0 0 32002 32002 0 0 0 0 0 0
WIT 6 -212 -211 -133 -138 -138 1375 0 0 0 32002 0 -1 0 0 0 32002 32002 0 0 0 0 0 0
WIT 6 -212 -211 -168 -173 -173 983 0 0 0 32002 0 -1 0 0 0 32002 32002 0 0 0 0 0 0
WIT 6 -212 -211 -107 -112 -111 787 0 0 0 32002 0 -1 0 0 0 32002 32002 0 0 0 0 0 0
WIT 6 -212 -211 -173 -178 -173 1355 0 0 0 32002 0 -1 0 0 0 32002 32002 0 0 0 0 0 0
WIT 6 -212 -211 -142 -147 -147 1375 0 0 0 32002 0 -1 0 0 0 32002 32002 0 0 0 0 0 0
WIT 6 -212 -211 -118 -123 -123 1355 0 0 0 32002 0 -1 0 0 0 32002 32002 0 0 0 0 0 0
WIT 6 -212 -211 -123 -128 -113 983 0 0 0 32002 0 -1 0 0 0 32002 32002 0 0 0 0 0 0
WIT 6 -212 -211 -150 -155 -156 0 0 0 0 -190 0 -1 0 0 0 32002 32002 0 0 0 0 0 787
WIT 6 -212 -211 -114 -119 -154 0 0 0 0 -171 0 -1 0 0 0 32002 32002 0 0 0 0 0 787
WIT 6 -212 -211 -196 -201 -150 787 0 0 0 32002 0 -1 0 0 0 32002 32002 0 0 0 0 0 0
WIT 7 220 221 240 234 297 3494 0 0 0 32002 0 -1 0 0 0 32002 32002 0 0 0 0 0 0
WIT 6 220 221 211 206 168 0 0 0 0 221 0 -1 0 0 0 32002 32002 0 0 0 0 0 3494
WIT 7 220 221 240 234 214 0 0 0 0 220 0 -1 0 0 0 32002 32002 0 0 0 0 0 0
WIT 6 220 221 211 206 95 0 0 0 0 220 0 -1 0 0 0 32002 32002 0 0 0 0 0 0
WIT 6 220 221 250 245 222 0 0 0 0 246 0 -1 0 0 0 32002 32002 0 0 0 0 0 2396
WIT 7 252 253 362 356 355 0 0 0 0 252 0 -1 0 0 0 32002 32002 0 0 0 0 0 2802
WIT 8 251 252 244 237 240 2802 0 0 1 258 0 -1 0 0 0 32002 32002 0 0 0 0 0 2767
WIT 7 251 252 240 234 233 0 0 0 0 257 0 -1 0 0 0 32002 32002 0 0 0 0 0 1357
WIT 6 -221 -220 -172 -177 -206 0 0 0 0 -201 0 -1 0 0 0 32002 32002 0 0 0 0 0 918
WIT 11 220 221 257 247 248 2802 0 0 0 32002 0 -1 0 0 0 32002 32002 0 0 0 0 0 0
WIT 10 220 221 256 237 234 0 0 0 0 248 0 -1 0 0 0 32002 32002 0 0 0 0 0 1357
WIT 14 -221 -220 -224 -251 -256 0 0 0 0 -232 0 -1 0 0 0 32002 32002 0 0 0 0 0 0
WIT 10 220 221 269 250 227 0 0 0 0 224 0 -1 0 0 0 32002 32002 0 0 0 0 0 2802
WIT 8 220 221 263 256 294 3559 0 0 0 32002 0 -1 0 0 0 32002 32002 0 0 0 0 0 0
WIT 13 -221 -220 -227 -252 -258 0 0 0 0 -227 0 -1 0 0 0 32002 32002 0 0 0 0 0 0
WIT 12 -221 -220 -227 -250 -335 0 0 0 0 -221 0 -1 0 0 0 32002 32002 0 0 0 0 0 0
WIT 8 220 221 219 212 219 3494 0 0 1 235 0 -1 0 0 0 32002 32002 0 0 0 0 0 3559
WIT 7 220 221 257 251 271 0 0 0 0 32002 0 -1 0 0 0 32002 32002 0 0 0 0 0 0
WIT 7 220 221 297 291 291 3494 0 0 0 32002 0 -1 0 0 0 32002 32002 0 0 0 0 0 0
WIT 12 -221 -220 -227 -250 -251 0 0 0 0 -221 0 -1 0 0 0 32002 32002 0 0 0 0 0 0
WIT 12 220 221 228 205 209 3559 0 0 1 228 0 -1 0 0 0 32002 32002 0 0 0 0 0 3826
WIT 10 220 221 229 220 319 2908 1 0 0 32002 0 -1 0 0 0 32002 32002 0 0 0 0 0 0
WIT 10 220 221 219 210 228 2908 0 0 0 32002 0 -1 0 0 0 32002 32002 0 0 0 0 0 0
WIT 10 220 221 272 263 263 2788 1 0 0 32002 0 -1 0 0 0 32002 32002 0 0 0 0 0 0
WIT 8 220 221 264 257 320 2910 0 0 0 32002 0 -1 0 0 0 32002 32002 0 0 0 0 0 0
WIT 9 220 221 286 278 224 0 0 0 0 461 0 -1 0 0 0 32002 32002 0 0 0 0 0 2268
WIT 8 220 221 223 216 195 0 0 0 0 221 0 -1 0 0 0 32002 32002 0 0 0 0 0 2908
WIT 6 220 221 309 304 304 2908 1 0 0 32002 0 -1 0 0 0 32002 32002 0 0 0 0 0 0
WIT 7 220 221 222 209 208 0 0 0 0 221 0 -1 0 0 0 32002 32002 0 0 0 0 0 3559
WIT 8 220 221 228 213 226 2908 0 0 0 32002 0 -1 0 0 0 32002 32002 0 0 0 0 0 0
WIT 8 220 221 222 207 207 2908 0 0 1 251 0 -1 0 0 0 32002 32002 0 0 0 0 0 3559
WIT 8 220 221 228 221 221 2908 0 0 0 32002 0 -1 0 0 0 32002 32002 0 0 0 0 0 0
WIT 8 220 221 246 239 249 3826 0 0 0 32002 0 -1 0 0 0 32002 32002 0 0 0 0 0 0
WIT 8 220 221 252 245 249 3826 0 0 0 32002 0 -1 0 0 0 32002 32002 0 0 0 0 0 0
WIT 7 -230 -212 -220 -226 -441 0 0 0 0 -230 0 -1 0 0 0 32002 32002 0 0 0 0 0 0
WIT 10 229 230 258 239 306 2268 1 0 0 32002 0 -1 0 0 0 32002 32002 0 0 0 0 0 0
WIT 8 -230 -212 -220 -227 -256 0 0 0 0 -230 0 -1 0 0 0 32002 32002 0 0 0 0 0 213
WIT 7 212 230 236 230 171 0 0 0 0 212 0 -1 0 0 0 32002 32002 0 0 0 0 0 0
WIT 7 212 230 221 215 -153 0 0 0 0 212 0 -1 0 0 0 32002 32002 0 0 0 0 0 0
WIT 8 212 230 221 214 210 0 0 0 0 212 0 -1 0 0 0 32002 32002 0 0 0 0 0 2396
WIT 10 229 230 255 246 -25 0 0 0 0 236 0 -1 0 0 0 32002 32002 0 0 0 0 0 2853
WIT 6 229 230 250 245 -9 0 0 0 0 230 0 -1 0 0 0 32002 32002 0 0 0 0 0 2853
WIT 11 229 230 247 237 214 0 0 0 0 230 0 -1 0 0 0 32002 32002 0 0 0 0 0 2767
WIT 11 229 230 221 211 205 0 0 0 0 230 0 -1 0 0 0 32002 32002 0 0 0 0 0 3559
WIT 11 229 230 256 246 271 2767 1 0 0 32002 0 -1 0 0 0 32002 32002 0 0 0 0 0 0
WIT 8 229 230 224 217 217 2396 0 0 1 247 0 -1 0 0 0 32002 32002 0 0 0 0 0 3559
WIT 8 229 230 250 243 271 0 0 0 0 32002 0 -1 0 0 0 32002 32002 0 0 0 0 0 0
WIT 7 229 230 257 251 324 0 0 0 0 32002 0 -1 0 0 0 32002 32002 0 0 0 0 0 0
WIT 9 212 230 221 213 211 0 0 0 0 230 0 -1 0 0 0 32002 32002 0 0 0 0 0 3826
WIT 6 229 230 228 223 277 2802 0 0 0 32002 0 -1 0 0 0 32002 32002 0 0 0 0 0 0
WIT 14 229 230 227 200 205 3826 0 0 1 232 0 -1 0 0 0 32002 32002 0 0 0 0 0 1813
WIT 13 229 230 223 198 198 3826 0 0 1 238 0 -1 0 0 0 32002 32002 0 0 0 0 0 2802
WIT 10 229 230 239 230 230 3826 0 0 0 32002 0 -1 0 0 0 32002 32002 0 0 0 0 0 0
WIT 10 229 230 245 236 251 3559 0 0 0 32002 0 -1 0 0 0 32002 32002 0 0 0 0 0 0
WIT 9 229 230 224 216 257 3559 0 0 0 32002 0 -1 0 0 0 32002 32002 0 0 0 0 0 0
WIT 10 229 230 221 212 211 0 0 0 0 230 0 -1 0 0 0 32002 32002 0 0 0 0 0 3559
WIT 9 229 230 257 249 260 3559 0 0 0 32002 0 -1 0 0 0 32002 32002 0 0 0 0 0 0
WIT 9 229 230 310 293 300 2802 0 0 0 32002 0 -1 0 0 0 32002 32002 0 0 0 0 0 0
WIT 9 229 230 221 213 232 2802 0 0 0 32002 0 -1 0 0 0 32002 32002 0 0 0 0 0 0
WIT 9 229 230 259 251 299 3559 0 0 0 32002 0 -1 0 0 0 32002 32002 0 0 0 0 0 0
WIT 13 229 230 221 196 190 0 0 0 0 230 0 -1 0 0 0 32002 32002 0 0 0 0 0 3309
WIT 13 229 230 221 196 195 0 0 0 0 230 0 -1 0 0 0 32002 32002 0 0 0 0 0 2268
WIT 13 229 230 227 202 201 0 0 0 0 230 0 -1 0 0 0 32002 32002 0 0 0 0 0 2268
WIT 10 229 230 307 298 238 0 0 0 0 285 0 -1 0 0 0 32002 32002 0 0 0 0 0 2268
WIT 6 229 230 219 214 224 3309 0 0 1 330 0 -1 0 0 0 32002 32002 0 0 0 0 0 3807
WIT 9 229 230 221 213 273 3559 0 0 0 32002 0 -1 0 0 0 32002 32002 0 0 0 0 0 0
WIT 6 229 230 249 244 225 0 0 0 0 245 0 -1 0 0 0 32002 32002 0 0 0 0 0 2268
WIT 7 229 230 244 238 237 0 0 0 0 230 0 -1 0 0 0 32002 32002 0 0 0 0 0 3559
WIT 6 229 230 256 251 261 3559 0 0 0 32002 0 -1 0 0 0 32002 32002 0 0 0 0 0 0
WIT 7 229 230 297 291 291 2802 0 0 0 32002 0 -1 0 0 0 32002 32002 0 0 0 0 0 0
WIT 8 229 230 225 218 260 3309 0 0 0 32002 0 -1 0 0 0 32002 32002 0 0 0 0 0 0
WIT 9 229 230 224 216 205 0 0 0 0 260 0 -1 0 0 0 32002 32002 0 0 0 0 0 2268
WIT 9 229 230 221 213 321 2767 1 0 0 32002 0 -1 0 0 0 32002 32002 0 0 0 0 0 0
WIT 6 229 230 223 218 211 0 0 0 0 230 0 -1 0 0 0 32002 32002 0 0 0 0 0 3559
WIT 6 229 230 290 285 331 3494 0 0 0 32002 0 -1 0 0 0 32002 32002 0 0 0 0 0 0
WIT 12 229 230 221 198 194 0 0 0 0 230 0 -1 0 0 0 32002 32002 0 0 0 0 0 2908
WIT 8 229 230 255 248 209 0 0 0 0 276 0 -1 0 0 0 32002 32002 0 0 0 0 0 2332
WIT 7 229 230 228 215 212 0 0 0 0 229 0 -1 0 0 0 32002 32002 0 0 0 0 0 0
WIT 8 -230 -229 -207 -214 -266 0 0 0 0 -229 0 -1 0 0 0 32002 32002 0 0 0 0 0 787
WIT 8 -230 -229 -173 -188 -173 732 1 0 0 32002 0 -1 0 0 0 32002 32002 0 0 0 0 0 0
WIT 6 -230 -229 -161 -166 -155 732 1 0 0 32002 0 -1 0 0 0 32002 32002 0 0 0 0 0 0
WIT 7 -230 -229 -193 -206 -245 0 0 0 0 -229 0 -1 0 0 0 32002 32002 0 0 0 0 0 787
WIT 7 -230 -229 164 158 157 0 0 1 0 -171 0 -1 0 0 0 32002 32002 0 0 0 0 0 389
WIT 8 229 230 212 197 60 0 0 0 0 227 0 -1 0 0 0 32002 32002 0 0 0 0 0 0
WIT 7 229 230 211 198 179 0 0 0 0 227 0 -1 0 0 0 32002 32002 0 0 0 0 0 0
WIT 7 229 230 210 197 195 0 0 0 0 227 0 -1 0 0 0 32002 32002 0 0 0 0 0 0
WIT 7 -230 -229 -207 -220 -248 0 0 0 0 -230 0 -1 0 0 0 32002 32002 0 0 0 0 0 787
WIT 12 229 230 227 204 209 3559 0 0 1 229 1 2 331 1 1 229 227 1 0 1 0 344 0
WIT 6 -213 -212 -226 -231 -301 0 0 0 0 -213 0 -1 0 0 0 32002 32002 0 0 0 0 0 730
WIT 6 -213 -212 -213 -218 -202 0 0 0 0 32002 0 -1 0 0 0 32002 32002 0 0 0 0 0 0
WIT 7 -213 -212 -226 -232 -239 0 0 0 0 -202 0 -1 0 0 0 32002 32002 0 0 0 0 0 1180
WIT 9 -213 -212 -173 -190 -167 732 1 0 0 32002 0 -1 0 0 0 32002 32002 0 0 0 0 0 0
WIT 8 -213 -212 -175 -182 -176 389 0 1 0 32002 0 -1 0 0 0 32002 32002 0 0 0 0 0 0
WIT 8 -213 -212 -229 -244 -269 0 0 0 0 -195 0 -1 0 0 0 32002 32002 0 0 0 0 0 787
WIT 7 -213 -212 -114 -120 -37 1180 1 0 0 32002 0 -1 0 0 0 32002 32002 0 0 0 0 0 0
WIT 8 -213 -212 -191 -206 -226 0 0 1 0 -212 0 -1 0 0 0 32002 32002 0 0 0 0 0 391
WIT 7 -213 -212 -189 -195 -188 732 1 0 0 32002 0 -1 0 0 0 32002 32002 0 0 0 0 0 0
WIT 6 -213 -212 -191 -196 -197 0 0 0 0 -212 0 -1 0 0 0 32002 32002 0 0 0 0 0 1308
WIT 8 -213 -212 -214 -229 -234 0 0 0 0 -212 0 -1 0 0 0 32002 32002 0 0 0 0 0 787
WIT 7 -230 -212 -229 -235 -277 0 0 0 0 -212 0 -1 0 0 0 32002 32002 0 0 0 0 0 983
WIT 11 -213 -212 -227 -248 -371 0 0 0 0 -192 0 -1 0 0 0 32002 32002 0 0 0 0 0 213
WIT 10 -213 -212 -227 -246 -401 0 0 1 0 -193 0 -1 0 0 0 32002 32002 0 0 0 0 0 966
WIT 9 -213 -212 -203 -211 236 967 0 1 0 32002 0 -1 0 0 0 32002 32002 0 0 0 0 0 0
WIT 9 -213 -212 174 166 165 0 0 1 0 -134 0 -1 0 0 0 32002 32002 0 0 0 0 0 389
WIT 7 -213 -212 169 163 -6 0 0 1 0 246 0 -1 0 0 0 32002 32002 0 0 0 0 0 1357
WIT 8 -213 -212 149 142 51 0 0 0 0 -180 0 -1 0 0 0 32002 32002 0 0 0 0 0 213
WIT 10 -213 -212 -179 -188 -193 0 0 0 0 -185 0 -1 0 0 0 32002 32002 0 0 0 0 0 659
WIT 9 -213 -212 -227 -244 -451 0 0 1 0 -194 0 -1 0 0 0 32002 32002 0 0 0 0 0 399
WIT 11 -213 -212 -199 -209 -205 732 1 0 0 32002 0 -1 0 0 0 32002 32002 0 0 0 0 0 0
WIT 7 212 213 228 222 214 0 0 0 0 227 0 -1 0 0 0 32002 32002 0 0 0 0 0 3807
WIT 8 -213 -212 -227 -242 -251 0 0 0 0 -222 0 -1 0 0 0 32002 32002 0 0 0 0 0 0
WIT 7 229 230 223 217 28 0 0 0 0 230 0 -1 0 0 0 32002 32002 0 0 0 0 0 2767
WIT 9 229 230 240 232 236 3826 0 0 0 32002 0 -1 0 0 0 32002 32002 0 0 0 0 0 0
WIT 10 229 230 229 220 319 2908 1 0 0 32002 0 -1 0 0 0 32002 32002 0 0 0 0 0 0
WIT 9 229 230 272 264 264 2788 1 0 0 32002 0 -1 0 0 0 32002 32002 0 0 0 0 0 0
WIT 10 229 230 219 210 228 2908 0 0 1 230 0 -1 0 0 0 32002 32002 0 0 0 0 0 3559
WIT 11 229 230 257 236 235 0 0 0 0 230 0 -1 0 0 0 32002 32002 0 0 0 0 0 2268
WIT 12 229 230 439 428 310 0 0 0 0 368 0 -1 0 0 0 32002 32002 0 0 0 0 0 2268
WIT 10 229 230 221 202 175 0 0 0 0 230 0 -1 0 0 0 32002 32002 0 0 0 0 0 2908
WIT 7 229 230 221 215 214 0 0 0 0 230 0 -1 0 0 0 32002 32002 0 0 0 0 0 2908
WIT 9 229 230 221 204 202 0 0 0 0 230 0 -1 0 0 0 32002 32002 0 0 0 0 0 3559
WIT 8 229 230 228 213 231 2908 0 0 0 32002 0 -1 0 0 0 32002 32002 0 0 0 0 0 0
WIT 8 229 230 238 231 231 2908 0 0 0 32002 0 -1 0 0 0 32002 32002 0 0 0 0 0 0
WIT 8 229 230 245 238 238 2908 0 0 0 32002 0 -1 0 0 0 32002 32002 0 0 0 0 0 0
WIT 8 229 230 232 225 228 2908 0 0 1 237 0 -1 0 0 0 32002 32002 0 0 0 0 0 3826
WIT 8 229 230 247 232 232 2908 0 0 0 32002 0 -1 0 0 0 32002 32002 0 0 0 0 0 0
WIT 8 229 230 251 244 244 2908 0 0 0 32002 0 -1 0 0 0 32002 32002 0 0 0 0 0 0
WIT 8 229 230 228 221 221 2908 0 0 1 232 0 -1 0 0 0 32002 32002 0 0 0 0 0 3826
WIT 8 229 230 246 239 249 3826 0 0 0 32002 0 -1 0 0 0 32002 32002 0 0 0 0 0 0
WIT 8 229 230 252 245 259 3826 0 0 0 32002 0 -1 0 0 0 32002 32002 0 0 0 0 0 0
WIT 8 229 230 252 245 249 3826 0 0 0 32002 0 -1 0 0 0 32002 32002 0 0 0 0 0 0
WIT 7 241 242 475 469 439 0 0 0 0 248 0 -1 0 0 0 32002 32002 0 0 0 0 0 3494
WIT 6 241 242 293 288 288 3559 0 0 0 32002 0 -1 0 0 0 32002 32002 0 0 0 0 0 0
WIT 7 241 242 286 280 625 2268 1 0 0 32002 0 -1 0 0 0 32002 32002 0 0 0 0 0 0
WIT 8 241 242 235 228 78 0 0 0 0 259 0 -1 0 0 0 32002 32002 0 0 0 0 0 2853
WIT 7 241 242 232 226 225 0 0 0 0 242 0 -1 0 0 0 32002 32002 0 0 0 0 0 2908
WIT 7 241 242 230 224 147 0 0 0 0 242 0 -1 0 0 0 32002 32002 0 0 0 0 0 2853
WIT 9 241 242 230 213 193 0 0 0 0 242 0 -1 0 0 0 32002 32002 0 0 0 0 0 2767
WIT 10 241 242 230 221 228 3502 0 0 1 242 0 -1 0 0 0 32002 32002 0 0 0 0 0 2908
WIT 6 241 242 385 380 510 2268 1 0 0 32002 0 -1 0 0 0 32002 32002 0 0 0 0 0 0
WIT 9 241 242 230 222 -83 0 0 0 0 242 0 -1 0 0 0 32002 32002 0 0 0 0 0 2853
WIT 8 241 242 300 293 321 2268 1 0 0 32002 0 -1 0 0 0 32002 32002 0 0 0 0 0 0
WIT 10 241 242 230 221 279 2268 1 0 0 32002 0 -1 0 0 0 32002 32002 0 0 0 0 0 0
WIT 7 241 242 230 224 224 1810 1 0 0 322 0 -1 0 0 0 32002 32002 0 0 0 0 0 2774
WIT 11 241 242 230 220 219 0 0 0 0 249 0 -1 0 0 0 32002 32002 0 0 0 0 0 2908
WIT 9 241 242 234 226 226 2908 1 0 0 302 0 -1 0 0 0 32002 32002 0 0 0 0 0 2268
WIT 8 241 242 230 215 210 0 0 0 0 242 0 -1 0 0 0 32002 32002 0 0 0 0 0 3559
WIT 7 241 242 257 251 310 0 0 0 0 32002 0 -1 0 0 0 32002 32002 0 0 0 0 0 0
WIT 7 241 242 230 224 275 0 0 0 0 32002 0 -1 0 0 0 32002 32002 0 0 0 0 0 0
WIT 7 241 242 250 244 259 0 0 0 0 32002 0 -1 0 0 0 32002 32002 0 0 0 0 0 0
WIT 8 218 242 230 223 223 3559 0 0 1 242 0 -1 0 0 0 32002 32002 0 0 0 0 0 3826
WIT 9 241 242 233 225 -130 0 0 0 0 242 0 -1 0 0 0 32002 32002 0 0 0 0 0 2396
WIT 9 241 242 288 280 295 1810 1 0 0 32002 0 -1 0 0 0 32002 32002 0 0 0 0 0 0
WIT 8 241 242 232 217 199 0 0 0 0 242 0 -1 0 0 0 32002 32002 0 0 0 0 0 2908
WIT 6 241 242 228 223 277 2802 0 0 0 32002 0 -1 0 0 0 32002 32002 0 0 0 0 0 0
WIT 13 241 242 231 206 208 3826 0 0 1 242 0 -1 0 0 0 32002 32002 0 0 0 0 0 1813
WIT 10 241 242 230 211 227 3826 0 0 1 242 0 -1 0 0 0 32002 32002 0 0 0 0 0 3559
WIT 12 241 242 237 214 224 3559 0 0 1 269 0 -1 0 0 0 32002 32002 0 0 0 0 0 2802
WIT 9 241 242 224 216 257 3559 0 0 0 32002 0 -1 0 0 0 32002 32002 0 0 0 0 0 0
WIT 9 241 242 239 231 239 3559 0 0 1 242 0 -1 0 0 0 32002 32002 0 0 0 0 0 2802
WIT 9 241 242 246 238 293 3559 0 0 0 32002 0 -1 0 0 0 32002 32002 0 0 0 0 0 0
WIT 8 241 242 257 250 259 3559 0 0 0 32002 0 -1 0 0 0 32002 32002 0 0 0 0 0 0
WIT 9 241 242 245 237 278 3559 0 0 0 32002 0 -1 0 0 0 32002 32002 0 0 0 0 0 0
WIT 9 241 242 310 293 300 2802 0 0 0 32002 0 -1 0 0 0 32002 32002 0 0 0 0 0 0
WIT 8 241 242 259 252 297 3559 0 0 0 32002 0 -1 0 0 0 32002 32002 0 0 0 0 0 0
WIT 12 241 242 230 207 202 0 0 0 0 242 0 -1 0 0 0 32002 32002 0 0 0 0 0 3309
WIT 12 241 242 230 207 206 0 0 0 0 242 0 -1 0 0 0 32002 32002 0 0 0 0 0 2268
WIT 12 241 242 230 207 187 0 0 0 0 242 0 -1 0 0 0 32002 32002 0 0 0 0 0 2268
WIT 12 241 242 230 219 224 3494 0 0 1 242 0 -1 0 0 0 32002 32002 0 0 0 0 0 3559
WIT 9 241 242 221 213 270 3559 0 0 0 32002 0 -1 0 0 0 32002 32002 0 0 0 0 0 0
WIT 7 241 242 230 217 217 3494 0 0 1 242 0 -1 0 0 0 32002 32002 0 0 0 0 0 3559
WIT 6 241 242 297 292 292 3494 0 0 0 32002 0 -1 0 0 0 32002 32002 0 0 0 0 0 0
WIT 11 241 242 230 209 200 0 0 0 0 242 0 -1 0 0 0 32002 32002 0 0 0 0 0 2908
WIT 8 241 242 291 284 247 0 0 0 0 242 0 -1 0 0 0 32002 32002 0 0 0 0 0 1933
WIT 8 241 242 400 393 292 0 0 0 0 441 0 -1 0 0 0 32002 32002 0 0 0 0 0 1997
WIT 8 241 242 343 336 354 2767 0 0 0 32002 0 -1 0 0 0 32002 32002 0 0 0 0 0 0
WIT 7 241 242 237 231 26 0 0 0 0 273 0 -1 0 0 0 32002 32002 0 0 0 0 0 1997
WIT 10 241 242 230 221 167 0 0 0 0 242 0 -1 0 0 0 32002 32002 0 0 0 0 0 3807
WIT 10 241 242 230 211 207 0 0 0 0 242 0 -1 0 0 0 32002 32002 0 0 0 0 0 2767
WIT 7 241 242 327 321 262 0 0 0 0 349 0 -1 0 0 0 32002 32002 0 0 0 0 0 2268
WIT 7 241 242 267 261 201 0 0 0 0 290 0 -1 0 0 0 32002 32002 0 0 0 0 0 2268
WIT 8 241 242 230 223 223 3309 0 0 1 292 0 -1 0 0 0 32002 32002 0 0 0 0 0 3807
WIT 10 241 242 230 211 210 0 0 0 0 242 0 -1 0 0 0 32002 32002 0 0 0 0 0 2908
WIT 10 241 242 268 259 267 2908 1 0 0 32002 0 -1 0 0 0 32002 32002 0 0 0 0 0 0
WIT 9 241 242 272 264 289 3826 0 0 0 32002 0 -1 0 0 0 32002 32002 0 0 0 0 0 0
WIT 7 241 242 230 224 263 2910 0 0 0 32002 0 -1 0 0 0 32002 32002 0 0 0 0 0 0
WIT 11 241 242 230 209 207 0 0 0 0 242 0 -1 0 0 0 32002 32002 0 0 0 0 0 3559
WIT 10 241 242 229 220 319 2908 1 0 0 32002 0 -1 0 0 0 32002 32002 0 0 0 0 0 0
WIT 9 241 242 230 222 230 2908 0 0 1 242 0 -1 0 0 0 32002 32002 0 0 0 0 0 3559
WIT 8 241 242 240 233 266 3826 0 0 0 32002 0 -1 0 0 0 32002 32002 0 0 0 0 0 0
WIT 8 241 242 272 265 279 0 0 0 0 32002 0 -1 0 0 0 32002 32002 0 0 0 0 0 0
WIT 9 241 242 230 222 265 2910 0 0 0 32002 0 -1 0 0 0 32002 32002 0 0 0 0 0 0
WIT 9 241 242 230 213 225 3494 0 0 1 270 0 -1 0 0 0 32002 32002 0 0 0 0 0 2908
WIT 11 241 242 240 230 248 2398 0 0 0 32002 0 -1 0 0 0 32002 32002 0 0 0 0 0 0
WIT 11 241 242 230 209 154 0 0 0 0 242 0 -1 0 0 0 32002 32002 0 0 0 0 0 2268
WIT 10 241 242 230 221 229 2398 0 0 1 242 0 -1 0 0 0 32002 32002 0 0 0 0 0 3309
WIT 7 241 242 230 224 224 3826 0 0 1 242 0 -1 0 0 0 32002 32002 0 0 0 0 0 3309
WIT 6 241 242 270 265 281 3494 0 0 0 32002 0 -1 0 0 0 32002 32002 0 0 0 0 0 0
WIT 8 241 242 230 215 185 0 0 0 0 242 0 -1 0 0 0 32002 32002 0 0 0 0 0 2908
WIT 7 241 242 230 224 254 2908 1 0 0 32002 0 -1 0 0 0 32002 32002 0 0 0 0 0 0
WIT 8 241 242 230 215 207 0 0 0 0 242 0 -1 0 0 0 32002 32002 0 0 0 0 0 3559
WIT 7 241 242 228 215 239 2908 0 0 1 242 0 -1 0 0 0 32002 32002 0 0 0 0 0 3826
WIT 7 241 242 230 224 224 2908 0 0 1 274 0 -1 0 0 0 32002 32002 0 0 0 0 0 3826
WIT 8 241 242 230 223 241 3559 0 0 1 242 0 -1 0 0 0 32002 32002 0 0 0 0 0 3826
WIT 7 241 242 231 225 231 2908 0 0 1 241 1 1 20291 1 1 241 259 0 0 0 0 15 2908
WIT 7 241 242 238 232 232 2908 0 0 1 245 0 -1 0 0 0 32002 32002 0 0 0 0 0 3826
WIT 7 241 242 236 230 230 2908 0 0 1 254 0 -1 0 0 0 32002 32002 0 0 0 0 0 3826
WIT 7 241 242 245 239 239 2908 0 0 1 249 0 -1 0 0 0 32002 32002 0 0 0 0 0 3826
WIT 7 241 242 251 245 245 2908 0 0 0 32002 0 -1 0 0 0 32002 32002 0 0 0 0 0 0
WIT 7 241 242 232 219 249 3559 0 0 0 32002 0 -1 0 0 0 32002 32002 0 0 0 0 0 0
WIT 7 241 242 246 240 261 3559 0 0 0 32002 0 -1 0 0 0 32002 32002 0 0 0 0 0 0
WIT 7 241 242 252 246 259 3826 0 0 0 32002 0 -1 0 0 0 32002 32002 0 0 0 0 0 0
WIT 7 241 242 252 246 266 3559 0 0 0 32002 0 -1 0 0 0 32002 32002 0 0 0 0 0 0
WIT 7 257 258 247 234 236 3559 0 0 1 364 0 -1 0 0 0 32002 32002 0 0 0 0 0 3494
WIT 9 257 258 257 240 223 0 0 0 0 259 0 -1 0 0 0 32002 32002 0 0 0 0 0 2853
WIT 7 257 258 242 236 281 3502 0 0 0 32002 0 -1 0 0 0 32002 32002 0 0 0 0 0 0
WIT 7 257 258 242 229 137 0 0 0 0 281 0 -1 0 0 0 32002 32002 0 0 0 0 0 2853
WIT 9 257 258 242 225 201 0 0 0 0 258 0 -1 0 0 0 32002 32002 0 0 0 0 0 2767
WIT 9 257 258 256 248 248 2908 1 0 0 260 0 -1 0 0 0 32002 32002 0 0 0 0 0 2268
WIT 6 257 258 249 244 244 2396 1 0 0 258 0 -1 0 0 0 32002 32002 0 0 0 0 0 2268
WIT 6 257 258 245 240 240 2396 0 0 1 258 0 -1 0 0 0 32002 32002 0 0 0 0 0 3559
WIT 6 257 258 257 252 315 0 0 0 0 32002 0 -1 0 0 0 32002 32002 0 0 0 0 0 0
WIT 6 257 258 261 256 256 2396 0 0 1 265 0 -1 0 0 0 32002 32002 0 0 0 0 0 3559
WIT 7 226 258 242 236 227 0 0 0 0 258 0 -1 0 0 0 32002 32002 0 0 0 0 0 3826
WIT 9 257 258 294 286 325 0 0 0 0 32002 0 -1 0 0 0 32002 32002 0 0 0 0 0 0
WIT 8 257 258 259 252 252 3429 0 0 1 263 0 -1 0 0 0 32002 32002 0 0 0 0 0 2802
WIT 7 -258 -257 -257 -263 -263 204 0 0 1 -257 0 -1 0 0 0 32002 32002 0 0 0 0 0 729
WIT 8 257 258 242 227 -130 0 0 0 0 257 0 -1 0 0 0 32002 32002 0 0 0 0 0 0
WIT 7 257 258 242 229 209 0 0 0 0 257 0 -1 0 0 0 32002 32002 0 0 0 0 0 0
WIT 7 -258 -257 -176 -182 -179 0 0 0 0 32002 0 -1 0 0 0 32002 32002 0 0 0 0 0 0
WIT 7 -258 -257 -69 -75 -380 0 0 1 0 -69 0 -1 0 0 0 32002 32002 0 0 0 0 0 399
WIT 12 257 258 242 219 219 3826 0 0 1 257 1 1 31161 1 1 257 227 0 0 0 0 1 0
WIT 8 -258 -257 -167 -174 -342 0 0 0 0 -250 0 -1 0 0 0 32002 32002 0 0 0 0 0 1180
WIT 11 257 258 242 221 192 0 0 0 0 257 0 -1 0 0 0 32002 32002 0 0 0 0 0 0
WIT 7 -258 -257 -215 -221 -271 0 0 0 0 -257 0 -1 0 0 0 32002 32002 0 0 0 0 0 1355
WIT 11 257 258 242 221 216 0 0 0 0 257 0 -1 0 0 0 32002 32002 0 0 0 0 0 0
WIT 6 -258 -257 -198 -203 -200 983 0 0 0 32002 0 -1 0 0 0 32002 32002 0 0 0 0 0 0
WIT 10 257 258 242 223 200 0 0 0 0 257 0 -1 0 0 0 32002 32002 0 0 0 0 0 0
WIT 7 257 258 242 229 194 0 0 0 0 260 0 -1 0 0 0 32002 32002 0 0 0 0 0 2268
WIT 6 257 258 242 237 237 3494 0 0 1 280 0 -1 0 0 0 32002 32002 0 0 0 0 0 3559
WIT 9 -258 -257 -252 -260 -326 0 0 0 0 -252 0 -1 0 0 0 32002 32002 0 0 0 0 0 725
WIT 10 257 258 242 233 173 0 0 0 0 252 0 -1 0 0 0 32002 32002 0 0 0 0 0 0
WIT 7 -258 -257 -212 -218 -210 389 0 1 0 32002 0 -1 0 0 0 32002 32002 0 0 0 0 0 0
WIT 12 257 258 242 219 215 0 0 0 0 252 0 -1 0 0 0 32002 32002 0 0 0 0 0 0
WIT 13 257 258 242 217 185 0 0 0 0 252 0 -1 0 0 0 32002 32002 0 0 0 0 0 0
WIT 11 -258 -257 -199 -209 -205 732 1 0 0 32002 0 -1 0 0 0 32002 32002 0 0 0 0 0 0
WIT 7 -258 -257 -164 -170 -218 0 0 0 0 -168 0 -1 0 0 0 32002 32002 0 0 0 0 0 853
WIT 11 257 258 242 221 219 0 0 0 0 252 0 -1 0 0 0 32002 32002 0 0 0 0 0 0
WIT 10 257 258 242 223 214 0 0 0 0 252 0 -1 0 0 0 32002 32002 0 0 0 0 0 0
WIT 9 -227 -226 -173 -181 -181 773 0 0 0 32002 0 -1 0 0 0 32002 32002 0 0 0 0 0 0
WIT 9 -227 -226 -203 -220 -239 0 0 0 0 -215 0 -1 0 0 0 32002 32002 0 0 0 0 0 1180
WIT 7 -227 -226 -205 -211 -207 1180 1 0 0 32002 0 -1 0 0 0 32002 32002 0 0 0 0 0 0
WIT 8 -227 -226 -219 -234 -314 0 0 0 0 -226 0 -1 0 0 0 32002 32002 0 0 0 0 0 1308
WIT 8 -227 -226 -207 -214 -178 1180 1 0 0 32002 0 -1 0 0 0 32002 32002 0 0 0 0 0 0
WIT 7 -227 -226 -223 -236 -264 0 0 0 0 -226 0 -1 0 0 0 32002 32002 0 0 0 0 0 983
WIT 8 -227 -226 -228 -235 -214 730 0 0 0 32002 0 -1 0 0 0 32002 32002 0 0 0 0 0 0
WIT 7 -227 -226 -228 -241 -269 0 0 0 0 -225 0 -1 0 0 0 32002 32002 0 0 0 0 0 1308
WIT 11 -227 -226 -189 -210 -207 787 0 0 0 32002 0 -1 0 0 0 32002 32002 0 0 0 0 0 0
WIT 9 -227 -226 -191 -208 -198 983 0 0 0 32002 0 -1 0 0 0 32002 32002 0 0 0 0 0 0
WIT 8 -227 -226 -175 -182 -167 1355 0 0 0 32002 0 -1 0 0 0 32002 32002 0 0 0 0 0 0
WIT 8 -227 -226 -176 -191 -187 1355 0 0 0 32002 0 -1 0 0 0 32002 32002 0 0 0 0 0 0
WIT 8 -227 -226 -102 -109 -84 787 0 0 0 32002 0 -1 0 0 0 32002 32002 0 0 0 0 0 0
WIT 7 -227 -226 -196 -202 -144 787 0 0 0 32002 0 -1 0 0 0 32002 32002 0 0 0 0 0 0
WIT 8 -227 -226 -192 -207 -157 983 0 0 0 32002 0 -1 0 0 0 32002 32002 0 0 0 0 0 0
WIT 6 -227 -226 -211 -216 -202 1355 0 0 0 32002 0 -1 0 0 0 32002 32002 0 0 0 0 0 0
WIT 8 -227 -226 -192 -207 -208 0 0 0 0 -226 0 -1 0 0 0 32002 32002 0 0 0 0 0 787
WIT 6 236 237 229 224 304 2908 1 0 0 32002 0 -1 0 0 0 32002 32002 0 0 0 0 0 0
WIT 6 -206 -205 92 87 89 389 0 1 0 32002 0 -1 0 0 0 32002 32002 0 0 0 0 0 0
WIT 9 -206 -205 -194 -202 -229 0 0 1 0 -178 0 -1 0 0 0 32002 32002 0 0 0 0 0 389
WIT 7 -226 -205 -252 -258 -280 0 0 0 0 -205 0 -1 0 0 0 32002 32002 0 0 0 0 0 781
WIT 10 -206 -205 -225 -234 -338 0 0 0 0 -190 0 -1 0 0 0 32002 32002 0 0 0 0 0 659
WIT 9 -206 -205 -212 -220 -199 389 0 1 0 32002 0 -1 0 0 0 32002 32002 0 0 0 0 0 0
WIT 7 -226 -205 -252 -258 -286 0 0 0 0 -205 0 -1 0 0 0 32002 32002 0 0 0 0 0 204
WIT 10 -206 -205 -190 -199 -332 0 0 0 0 -191 0 -1 0 0 0 32002 32002 0 0 0 0 0 659
WIT 9 -206 -205 -189 -197 -340 0 0 1 0 -192 0 -1 0 0 0 32002 32002 0 0 0 0 0 389
WIT 6 -206 -205 -22 -27 -14 837 0 1 0 32002 0 -1 0 0 0 32002 32002 0 0 0 0 0 0
WIT 8 -206 -205 -234 -241 -525 0 0 0 0 -111 0 -1 0 0 0 32002 32002 0 0 0 0 0 397
WIT 8 -226 -205 -252 -259 -264 0 0 0 0 -205 0 -1 0 0 0 32002 32002 0 0 0 0 0 983
WIT 11 -206 -205 -141 -151 -152 0 0 1 0 -144 0 -1 0 0 0 32002 32002 0 0 0 0 0 389
WIT 9 -206 -205 195 187 9 0 0 1 0 251 0 -1 0 0 0 32002 32002 0 0 0 0 0 1357
WIT 12 -206 -205 -185 -196 -209 0 0 1 0 -169 0 -1 0 0 0 32002 32002 0 0 0 0 0 966
WIT 12 -206 -205 -178 -189 -306 0 0 1 0 -190 0 -1 0 0 0 32002 32002 0 0 0 0 0 399
WIT 8 -206 -205 -138 -145 -87 725 0 0 0 32002 0 -1 0 0 0 32002 32002 0 0 0 0 0 0
WIT 11 -206 -205 -207 -228 -269 0 0 0 0 -205 0 -1 0 0 0 32002 32002 0 0 0 0 0 659
WIT 11 -206 -205 -199 -209 -205 732 1 0 0 32002 0 -1 0 0 0 32002 32002 0 0 0 0 0 0
WIT 9 -206 -205 -177 -194 -234 0 0 0 0 -205 0 -1 0 0 0 32002 32002 0 0 0 0 0 853
WIT 13 -206 -205 -148 -160 -161 0 0 1 0 -134 0 -1 0 0 0 32002 32002 0 0 0 0 0 389
WIT 11 -206 -205 209 199 17 0 0 1 0 162 0 -1 0 0 0 32002 32002 0 0 0 0 0 1357
WIT 13 -206 -205 -182 -194 -249 0 0 0 0 -188 0 -1 0 0 0 32002 32002 0 0 0 0 0 659
WIT 13 -206 -205 -191 -203 -204 0 0 1 0 -28 0 -1 0 0 0 32002 32002 0 0 0 0 0 332
WIT 10 -206 -205 168 159 719 276 1 1 0 32002 0 -1 0 0 0 32002 32002 0 0 0 0 0 0
WIT 13 -206 -205 -192 -217 -218 0 0 1 0 -142 0 -1 0 0 0 32002 32002 0 0 0 0 0 389
WIT 13 -206 -205 185 173 -49 0 0 1 0 226 0 -1 0 0 0 32002 32002 0 0 0 0 0 1357
WIT 12 -206 -205 -193 -216 -241 0 0 0 0 -189 0 -1 0 0 0 32002 32002 0 0 0 0 0 213
WIT 9 35 36 -152 -160 -130 725 0 0 1 133 0 -1 0 0 0 32002 32002 0 0 0 0 0 213
WIT 11 -206 -205 -194 -215 -381 0 0 1 0 -190 0 -1 0 0 0 32002 32002 0 0 0 0 0 966
WIT 11 -206 -205 -187 -208 -328 0 0 0 0 -190 0 -1 0 0 0 32002 32002 0 0 0 0 0 659
WIT 10 -206 -205 -195 -214 -459 0 0 1 0 -203 0 -1 0 0 0 32002 32002 0 0 0 0 0 399
WIT 10 -206 -205 -171 -190 -264 0 0 0 0 -205 0 -1 0 0 0 32002 32002 0 0 0 0 0 659
WIT 6 -206 -205 9 4 -82 0 0 0 0 112 0 -1 0 0 0 32002 32002 0 0 0 0 0 1180
WIT 6 -206 -205 -122 -127 -127 389 0 1 0 32002 0 -1 0 0 0 32002 32002 0 0 0 0 0 0
WIT 6 -206 -205 -182 -187 -137 1180 1 0 0 32002 0 -1 0 0 0 32002 32002 0 0 0 0 0 0
WIT 7 -206 -205 -186 -192 -159 1244 1 0 0 32002 0 -1 0 0 0 32002 32002 0 0 0 0 0 0
WIT 8 -206 -205 -187 -194 -169 732 1 0 0 32002 0 -1 0 0 0 32002 32002 0 0 0 0 0 0
WIT 9 -206 -205 -207 -224 -234 0 0 0 0 -205 0 -1 0 0 0 32002 32002 0 0 0 0 0 983
WIT 8 -206 -205 -219 -226 -225 1308 0 0 1 -178 0 -1 0 0 0 32002 32002 0 0 0 0 0 983
WIT 10 -226 -205 -252 -261 -256 983 0 0 1 -205 0 -1 0 0 0 32002 32002 0 0 0 0 0 787
WIT 12 -206 -205 -226 -249 -170 730 0 0 0 32002 0 -1 0 0 0 32002 32002 0 0 0 0 0 0
WIT 13 -206 -205 -215 -227 -236 0 0 0 0 -205 0 -1 0 0 0 32002 32002 0 0 0 0 0 732
WIT 12 -206 -205 -216 -239 -240 0 0 0 0 -205 0 -1 0 0 0 32002 32002 0 0 0 0 0 1180
WIT 8 -206 -205 -212 -227 -270 0 0 0 0 -206 0 -1 0 0 0 32002 32002 0 0 0 0 0 1187
WIT 11 -206 -205 -226 -247 -328 0 0 0 0 -205 0 -1 0 0 0 32002 32002 0 0 0 0 0 1308
WIT 11 -206 -205 -184 -205 -205 732 1 0 0 32002 0 -1 0 0 0 32002 32002 0 0 0 0 0 0
WIT 9 -206 -205 -175 -183 -175 389 0 1 0 32002 0 -1 0 0 0 32002 32002 0 0 0 0 0 0
WIT 10 -206 -205 -196 -215 -228 0 0 0 0 -205 0 -1 0 0 0 32002 32002 0 0 0 0 0 787
WIT 12 -206 -205 -205 -228 -280 0 0 0 0 -198 0 -1 0 0 0 32002 32002 0 0 0 0 0 1308
WIT 10 -206 -205 -212 -221 -221 1180 1 0 0 -205 0 -1 0 0 0 32002 32002 0 0 0 0 0 732
WIT 10 -206 -205 -204 -213 -173 389 0 1 0 32002 0 -1 0 0 0 32002 32002 0 0 0 0 0 0
WIT 7 -206 -205 -205 -211 -212 0 0 0 0 -205 0 -1 0 0 0 32002 32002 0 0 0 0 0 1308
WIT 11 -206 -205 -212 -233 -236 0 0 0 0 -205 0 -1 0 0 0 32002 32002 0 0 0 0 0 787
WIT 9 -206 -205 -43 -51 -3 389 0 1 0 32002 0 -1 0 0 0 32002 32002 0 0 0 0 0 0
WIT 12 -206 -205 -135 -146 -188 0 0 0 0 -205 0 -1 0 0 0 32002 32002 0 0 0 0 0 659
WIT 11 -206 -205 -189 -199 -159 732 1 0 0 32002 0 -1 0 0 0 32002 32002 0 0 0 0 0 0
WIT 10 -206 -205 -191 -200 -200 1180 1 0 0 32002 0 -1 0 0 0 32002 32002 0 0 0 0 0 0
WIT 10 -206 -205 -183 -192 -192 732 1 0 0 32002 0 -1 0 0 0 32002 32002 0 0 0 0 0 0
WIT 7 -206 -205 -191 -197 -197 389 0 1 0 32002 0 -1 0 0 0 32002 32002 0 0 0 0 0 0
WIT 6 -206 -205 -191 -196 -170 1180 1 0 0 32002 0 -1 0 0 0 32002 32002 0 0 0 0 0 0
WIT 9 -206 -205 -191 -208 -228 0 0 0 0 -200 0 -1 0 0 0 32002 32002 0 0 0 0 0 1308
WIT 8 -206 -205 -191 -198 -211 0 0 0 0 -205 0 -1 0 0 0 32002 32002 0 0 0 0 0 1308
WIT 7 -206 -205 -169 -175 -165 389 0 1 0 32002 0 -1 0 0 0 32002 32002 0 0 0 0 0 0
WIT 11 -206 -205 -191 -212 -228 0 0 0 0 -205 0 -1 0 0 0 32002 32002 0 0 0 0 0 787
WIT 10 -206 -205 -207 -216 -182 1180 1 0 0 32002 0 -1 0 0 0 32002 32002 0 0 0 0 0 0
WIT 7 -206 -205 -191 -197 -197 204 0 0 0 32002 0 -1 0 0 0 32002 32002 0 0 0 0 0 0
WIT 9 -206 -205 -191 -199 -205 0 0 0 0 -206 0 -1 0 0 0 32002 32002 0 0 0 0 0 0
WIT 9 -206 -205 -212 -229 -245 0 0 1 0 -206 0 -1 0 0 0 32002 32002 0 0 0 0 0 0
WIT 10 205 206 313 304 351 2767 1 0 0 32002 0 -1 0 0 0 32002 32002 0 0 0 0 0 0
WIT 7 205 226 206 200 137 0 0 0 0 187 0 -1 0 0 0 32002 32002 0 0 0 0 0 0
WIT 8 -206 -205 -114 -121 -37 1180 1 0 0 32002 0 -1 0 0 0 32002 32002 0 0 0 0 0 0
WIT 7 205 226 206 200 168 0 0 0 0 205 0 -1 0 0 0 32002 32002 0 0 0 0 0 0
WIT 9 -206 -205 -207 -215 -182 1180 1 0 0 32002 0 -1 0 0 0 32002 32002 0 0 0 0 0 0
WIT 9 -206 -205 -207 -215 -216 0 0 0 0 -205 0 -1 0 0 0 32002 32002 0 0 0 0 0 787
WIT 8 -206 -205 -207 -214 -214 773 0 0 1 -205 0 -1 0 0 0 32002 32002 0 0 0 0 0 787
WIT 7 -206 -205 -189 -195 -207 0 0 1 0 -188 0 -1 0 0 0 32002 32002 0 0 0 0 0 391
WIT 8 -206 -205 -191 -206 -233 0 0 0 0 -198 0 -1 0 0 0 32002 32002 0 0 0 0 0 787
WIT 8 -206 -205 -163 -170 -141 389 0 1 0 32002 0 -1 0 0 0 32002 32002 0 0 0 0 0 0
WIT 8 -206 -205 -191 -206 -261 0 0 0 0 -205 0 -1 0 0 0 32002 32002 0 0 0 0 0 787
WIT 8 -206 -205 -112 -119 -90 389 0 1 0 32002 0 -1 0 0 0 32002 32002 0 0 0 0 0 0
WIT 7 -206 -205 -161 -167 -140 0 0 0 0 32002 0 -1 0 0 0 32002 32002 0 0 0 0 0 0
WIT 8 -206 -205 -191 -206 -272 0 0 0 0 -191 0 -1 0 0 0 32002 32002 0 0 0 0 0 787
WIT 8 205 226 206 199 198 0 0 0 0 205 0 -1 0 0 0 32002 32002 0 0 0 0 0 0
WIT 7 -206 -205 -223 -229 -151 730 0 0 0 32002 0 -1 0 0 0 32002 32002 0 0 0 0 0 0
WIT 12 -206 -205 -225 -236 -225 732 1 0 0 -170 0 -1 0 0 0 32002 32002 0 0 0 0 0 1180
WIT 9 -206 -205 -205 -213 -170 0 0 0 0 32002 0 -1 0 0 0 32002 32002 0 0 0 0 0 0
WIT 11 -206 -205 -225 -246 -268 0 0 0 0 -205 0 -1 0 0 0 32002 32002 0 0 0 0 0 1308
WIT 12 -206 -205 130 119 185 966 0 1 0 32002 0 -1 0 0 0 32002 32002 0 0 0 0 0 0
WIT 9 -206 -205 106 98 379 966 0 1 0 32002 0 -1 0 0 0 32002 32002 0 0 0 0 0 0
WIT 11 -206 -205 -7 -28 -353 0 0 1 0 -192 0 -1 0 0 0 32002 32002 0 0 0 0 0 399
WIT 9 -206 -205 -201 -218 -193 983 0 0 0 32002 0 -1 0 0 0 32002 32002 0 0 0 0 0 0
WIT 9 -206 -205 -204 -212 -213 0 0 0 0 -205 0 -1 0 0 0 32002 32002 0 0 0 0 0 787
WIT 6 -206 -205 -195 -200 -199 983 0 0 0 32002 0 -1 0 0 0 32002 32002 0 0 0 0 0 0
WIT 6 -206 -205 -177 -182 -315 0 0 1 0 -125 0 -1 0 0 0 32002 32002 0 0 0 0 0 399
WIT 10 -206 -205 -196 -205 -206 0 0 0 0 -199 0 -1 0 0 0 32002 32002 0 0 0 0 0 787
WIT 11 -226 -205 -226 -236 -242 0 0 0 0 -205 0 -1 0 0 0 32002 32002 0 0 0 0 0 1355
WIT 9 -206 -205 -213 -221 -181 0 0 0 0 32002 0 -1 0 0 0 32002 32002 0 0 0 0 0 0
WIT 10 -206 -205 -204 -223 -207 1355 0 0 1 -204 0 -1 0 0 0 32002 32002 0 0 0 0 0 787
WIT 11 -206 -205 -226 -247 -247 1355 0 0 1 -205 0 -1 0 0 0 32002 32002 0 0 0 0 0 787
WIT 11 -206 -205 -191 -212 -210 983 0 0 1 -188 0 -1 0 0 0 32002 32002 0 0 0 0 0 787
WIT 6 -206 -205 -187 -192 -176 1262 1 0 0 32002 0 -1 0 0 0 32002 32002 0 0 0 0 0 0
WIT 11 -206 -205 -207 -217 -207 1355 0 0 1 -187 0 -1 0 0 0 32002 32002 0 0 0 0 0 787
WIT 8 -206 -205 -168 -175 -156 1355 0 0 0 32002 0 -1 0 0 0 32002 32002 0 0 0 0 0 0
WIT 9 -206 -205 -207 -215 -215 1380 0 0 1 -181 0 -1 0 0 0 32002 32002 0 0 0 0 0 787
WIT 9 -206 -205 -175 -183 -166 1355 0 0 0 32002 0 -1 0 0 0 32002 32002 0 0 0 0 0 0
WIT 9 -206 -205 -195 -212 -212 1355 0 0 1 -194 0 -1 0 0 0 32002 32002 0 0 0 0 0 787
WIT 9 -206 -205 -176 -193 -193 1355 0 0 0 32002 0 -1 0 0 0 32002 32002 0 0 0 0 0 0
WIT 11 -206 -205 -189 -210 -207 787 0 0 1 -188 0 -1 0 0 0 32002 32002 0 0 0 0 0 1180
WIT 8 -178 -177 -173 -180 -527 0 0 0 0 -131 0 -1 0 0 0 32002 32002 0 0 0 0 0 725
WIT 8 -178 -177 -181 -188 -265 0 0 0 0 -135 0 -1 0 0 0 32002 32002 0 0 0 0 0 659
WIT 7 -178 -177 215 209 410 391 0 1 0 32002 0 -1 0 0 0 32002 32002 0 0 0 0 0 0
WIT 8 -205 -177 -252 -259 -222 837 0 0 1 -145 0 -1 0 0 0 32002 32002 0 0 0 0 0 844
WIT 11 -178 -177 202 192 -843 0 0 1 0 130 0 -1 0 0 0 32002 32002 0 0 0 0 0 397
WIT 11 -178 -177 184 174 173 0 0 1 0 127 0 -1 0 0 0 32002 32002 0 0 0 0 0 333
WIT 11 -178 -177 -178 -188 -669 0 0 1 0 -173 0 -1 0 0 0 32002 32002 0 0 0 0 0 659
WIT 10 -178 -177 -180 -199 -287 0 0 1 0 -173 0 -1 0 0 0 32002 32002 0 0 0 0 0 389
WIT 9 -205 -177 -205 -213 -250 0 0 0 0 -173 0 -1 0 0 0 32002 32002 0 0 0 0 0 781
WIT 10 -178 -177 -149 -158 -148 389 0 1 0 32002 0 -1 0 0 0 32002 32002 0 0 0 0 0 0
WIT 11 -178 -177 -191 -212 -324 0 0 0 0 -177 0 -1 0 0 0 32002 32002 0 0 0 0 0 659
WIT 7 -178 -177 -135 -141 -142 0 0 1 0 -80 0 -1 0 0 0 32002 32002 0 0 0 0 0 463
WIT 10 -178 -177 -99 -108 -676 0 0 1 0 -144 0 -1 0 0 0 32002 32002 0 0 0 0 0 781
WIT 9 -205 -177 -252 -260 -263 0 0 0 0 -177 0 -1 0 0 0 32002 32002 0 0 0 0 0 204
WIT 11 -178 -177 -150 -160 -740 0 0 1 0 -177 0 -1 0 0 0 32002 32002 0 0 0 0 0 659
WIT 12 -178 -177 -193 -216 -360 0 0 1 0 -177 0 -1 0 0 0 32002 32002 0 0 0 0 0 389
WIT 7 -178 -177 47 41 265 787 1 1 0 32002 0 -1 0 0 0 32002 32002 0 0 0 0 0 0
WIT 10 -178 -177 194 185 200 837 0 1 0 32002 0 -1 0 0 0 32002 32002 0 0 0 0 0 0
WIT 11 -178 -177 -120 -141 -319 0 0 0 0 -121 0 -1 0 0 0 32002 32002 0 0 0 0 0 397
WIT 10 -178 -177 -149 -158 -148 389 0 1 0 32002 0 -1 0 0 0 32002 32002 0 0 0 0 0 0
WIT 10 -178 -177 -159 -168 -205 0 0 0 0 -177 0 -1 0 0 0 32002 32002 0 0 0 0 0 725
WIT 11 -178 -177 -191 -201 -209 0 0 0 0 -177 0 -1 0 0 0 32002 32002 0 0 0 0 0 204
WIT 9 -178 -177 -142 -150 -203 0 0 1 0 -177 0 -1 0 0 0 32002 32002 0 0 0 0 0 389
WIT 11 -178 -177 -192 -213 -346 0 0 0 0 -177 0 -1 0 0 0 32002 32002 0 0 0 0 0 659
WIT 10 -178 -177 -187 -196 -191 1308 0 0 1 -176 0 -1 0 0 0 32002 32002 0 0 0 0 0 204
WIT 6 177 178 1 -4 -102 0 0 0 0 161 0 -1 0 0 0 32002 32002 0 0 0 0 0 0
WIT 9 -205 -177 -205 -213 -285 0 0 0 0 -177 0 -1 0 0 0 32002 32002 0 0 0 0 0 983
WIT 13 -178 -177 -192 -204 -163 725 0 0 0 32002 0 -1 0 0 0 32002 32002 0 0 0 0 0 0
WIT 10 -178 -177 -104 -113 -21 389 0 1 0 32002 0 -1 0 0 0 32002 32002 0 0 0 0 0 0
WIT 10 -178 -177 -88 -97 -134 0 0 0 0 -177 0 -1 0 0 0 32002 32002 0 0 0 0 0 1308
WIT 13 -178 -177 -171 -196 -195 982 0 1 0 123 0 -1 0 0 0 32002 32002 0 0 0 0 0 966
WIT 13 -178 -177 -191 -216 -325 0 0 1 0 -70 0 -1 0 0 0 32002 32002 0 0 0 0 0 399
WIT 12 -178 -177 -205 -228 -595 0 0 0 0 -177 0 -1 0 0 0 32002 32002 0 0 0 0 0 659
WIT 12 -178 -177 -177 -200 -200 204 0 0 1 -177 0 -1 0 0 0 32002 32002 0 0 0 0 0 1308
WIT 11 -178 -177 -205 -226 -431 0 0 0 0 -177 0 -1 0 0 0 32002 32002 0 0 0 0 0 659
WIT 8 -178 -177 -150 -157 -158 0 0 1 0 -4 0 -1 0 0 0 32002 32002 0 0 0 0 0 781
WIT 9 -178 -177 -187 -204 -229 0 0 0 0 -177 0 -1 0 0 0 32002 32002 0 0 0 0 0 204
WIT 10 -178 -177 -205 -214 -373 0 0 0 0 -162 0 -1 0 0 0 32002 32002 0 0 0 0 0 659
WIT 8 -178 -177 -182 -189 -152 0 0 0 0 32002 0 -1 0 0 0 32002 32002 0 0 0 0 0 0
WIT 6 -178 -177 -122 -127 -127 389 0 1 0 32002 0 -1 0 0 0 32002 32002 0 0 0 0 0 0
WIT 11 -178 -177 -184 -205 -205 732 1 0 0 -176 0 -1 0 0 0 32002 32002 0 0 0 0 0 1244
WIT 6 -178 -177 -182 -187 -39 1180 1 0 0 32002 0 -1 0 0 0 32002 32002 0 0 0 0 0 0
WIT 11 -178 -177 -186 -207 -207 1180 1 0 0 -91 0 -1 0 0 0 32002 32002 0 0 0 0 0 732
WIT 6 -178 -177 -185 -190 -185 389 0 1 0 -158 0 -1 0 0 0 32002 32002 0 0 0 0 0 391
WIT 7 -178 -177 -205 -211 -197 1180 1 0 0 -124 0 -1 0 0 0 32002 32002 0 0 0 0 0 732
WIT 9 -178 -177 -205 -222 -223 0 0 0 0 -160 0 -1 0 0 0 32002 32002 0 0 0 0 0 1308
WIT 9 -178 -177 -183 -191 -182 732 1 0 0 -174 0 -1 0 0 0 32002 32002 0 0 0 0 0 1244
WIT 9 -178 -177 -191 -199 -199 1180 1 0 0 -133 0 -1 0 0 0 32002 32002 0 0 0 0 0 732
WIT 6 -178 -177 -191 -196 -196 389 0 1 0 -175 0 -1 0 0 0 32002 32002 0 0 0 0 0 391
WIT 7 -178 -177 -191 -197 -185 1180 1 0 0 -133 0 -1 0 0 0 32002 32002 0 0 0 0 0 732
WIT 8 -178 -177 -200 -215 -233 0 0 0 0 -175 0 -1 0 0 0 32002 32002 0 0 0 0 0 1308
WIT 6 -178 -177 -204 -209 -209 204 0 0 1 -170 0 -1 0 0 0 32002 32002 0 0 0 0 0 1308
WIT 10 -178 -177 -205 -224 -229 0 0 0 0 -177 0 -1 0 0 0 32002 32002 0 0 0 0 0 983
WIT 8 -178 -177 -205 -212 -188 1308 0 0 1 -177 0 -1 0 0 0 32002 32002 0 0 0 0 0 204
WIT 12 -178 -177 -183 -194 -175 1308 0 0 0 32002 0 -1 0 0 0 32002 32002 0 0 0 0 0 0
WIT 11 -178 -177 134 124 -113 0 0 1 0 -174 0 -1 0 0 0 32002 32002 0 0 0 0 0 399
WIT 11 -178 -177 -205 -226 -227 0 0 0 0 -177 0 -1 0 0 0 32002 32002 0 0 0 0 0 853
WIT 11 -178 -177 -199 -209 -205 732 1 0 0 -164 0 -1 0 0 0 32002 32002 0 0 0 0 0 1244
WIT 9 -178 -177 -201 -209 -210 0 0 0 0 -177 0 -1 0 0 0 32002 32002 0 0 0 0 0 1308
WIT 14 -178 -177 -138 -151 -152 0 0 1 0 -129 0 -1 0 0 0 32002 32002 0 0 0 0 0 389
WIT 14 -178 -177 133 120 -32 0 0 1 0 -74 0 -1 0 0 0 32002 32002 0 0 0 0 0 1357
WIT 13 -178 -177 -189 -214 -481 0 0 0 0 -132 0 -1 0 0 0 32002 32002 0 0 0 0 0 659
WIT 16 -178 -177 -106 -120 -121 0 0 1 0 -1 0 -1 0 0 0 32002 32002 0 0 0 0 0 332
WIT 15 -178 -177 -138 -152 -653 0 0 1 0 -135 0 -1 0 0 0 32002 32002 0 0 0 0 0 659
WIT 14 -178 -177 -146 -173 -174 0 0 1 0 -177 0 -1 0 0 0 32002 32002 0 0 0 0 0 389
WIT 7 -1 0 290 284 -685 0 0 1 0 372 0 -1 0 0 0 32002 32002 0 0 0 0 0 397
WIT 12 -178 -177 -30 -41 136 1180 1 0 0 32002 0 -1 0 0 0 32002 32002 0 0 0 0 0 0
WIT 12 -178 -177 -190 -213 -216 0 0 0 0 -177 0 -1 0 0 0 32002 32002 0 0 0 0 0 213
WIT 12 63 64 -10 -33 -34 0 0 1 0 251 0 -1 0 0 0 32002 32002 0 0 0 0 0 332
WIT 11 63 64 -24 -34 1422 276 1 1 0 32002 0 -1 0 0 0 32002 32002 0 0 0 0 0 0
WIT 11 63 64 -132 -153 -154 0 0 1 0 64 0 -1 0 0 0 32002 32002 0 0 0 0 0 389
WIT 12 63 64 -80 -103 -177 0 0 1 0 415 0 -1 0 0 0 32002 32002 0 0 0 0 0 1357
WIT 10 63 64 123 114 101 0 0 0 0 64 0 -1 0 0 0 32002 32002 0 0 0 0 0 213
WIT 11 -178 -177 -191 -212 -378 0 0 1 0 -177 0 -1 0 0 0 32002 32002 0 0 0 0 0 966
WIT 13 -178 -177 -191 -216 -264 0 0 0 0 -70 0 -1 0 0 0 32002 32002 0 0 0 0 0 659
WIT 9 -178 -177 -203 -211 236 967 0 1 0 32002 0 -1 0 0 0 32002 32002 0 0 0 0 0 0
WIT 10 -178 -177 -203 -222 -445 0 0 1 0 -177 0 -1 0 0 0 32002 32002 0 0 0 0 0 399
WIT 9 -178 -177 -181 -189 -179 1308 0 0 1 -160 0 -1 0 0 0 32002 32002 0 0 0 0 0 983
WIT 9 -178 -177 -157 -165 -157 1308 0 0 0 32002 0 -1 0 0 0 32002 32002 0 0 0 0 0 0
WIT 8 -178 -177 -171 -178 -174 1308 0 0 0 32002 0 -1 0 0 0 32002 32002 0 0 0 0 0 0
WIT 7 -178 -177 -214 -220 -196 732 1 0 0 -115 0 -1 0 0 0 32002 32002 0 0 0 0 0 1244
WIT 10 -205 -177 -205 -214 -242 0 0 0 0 -177 0 -1 0 0 0 32002 32002 0 0 0 0 0 787
WIT 6 -178 -177 -205 -210 -201 204 0 0 1 -172 0 -1 0 0 0 32002 32002 0 0 0 0 0 1308
WIT 11 -178 -177 -109 -119 -168 0 0 0 0 -160 0 -1 0 0 0 32002 32002 0 0 0 0 0 659
WIT 8 -178 -177 -160 -167 -117 204 0 0 0 32002 0 -1 0 0 0 32002 32002 0 0 0 0 0 0
WIT 6 -178 -177 -157 -162 -102 0 0 0 0 32002 0 -1 0 0 0 32002 32002 0 0 0 0 0 0
WIT 10 -178 -177 -168 -177 -178 0 0 0 0 -161 0 -1 0 0 0 32002 32002 0 0 0 0 0 787
WIT 7 -178 -177 -176 -182 -197 0 0 0 0 -146 0 -1 0 0 0 32002 32002 0 0 0 0 0 1307
WIT 11 -178 -177 -205 -226 -261 0 0 1 0 -177 0 -1 0 0 0 32002 32002 0 0 0 0 0 391
WIT 11 -178 -177 -98 -119 -92 1180 1 0 0 32002 0 -1 0 0 0 32002 32002 0 0 0 0 0 0
WIT 11 -178 -177 -135 -145 -130 732 1 0 0 32002 0 -1 0 0 0 32002 32002 0 0 0 0 0 0
WIT 8 -178 -177 -130 -137 -111 1180 1 0 0 32002 0 -1 0 0 0 32002 32002 0 0 0 0 0 0
WIT 10 -178 -177 -161 -180 -195 0 0 0 0 -160 0 -1 0 0 0 32002 32002 0 0 0 0 0 1308
WIT 6 -178 -177 -156 -161 -148 1180 1 0 0 32002 0 -1 0 0 0 32002 32002 0 0 0 0 0 0
WIT 7 -178 -177 -176 -182 -182 204 0 0 1 -176 0 -1 0 0 0 32002 32002 0 0 0 0 0 1308
WIT 11 -178 -177 -205 -226 -245 0 0 0 0 -177 0 -1 0 0 0 32002 32002 0 0 0 0 0 787
WIT 9 -178 -177 -192 -200 -197 1180 1 0 0 -133 0 -1 0 0 0 32002 32002 0 0 0 0 0 1244
WIT 9 -178 -177 -174 -182 -141 284 1 0 0 32002 0 -1 0 0 0 32002 32002 0 0 0 0 0 0
WIT 9 -178 -177 -183 -191 -210 0 0 0 0 -141 0 -1 0 0 0 32002 32002 0 0 0 0 0 1180
WIT 14 -178 -177 -192 -219 -217 1244 1 0 0 -150 0 -1 0 0 0 32002 32002 0 0 0 0 0 732
WIT 13 -178 -177 -172 -184 -160 732 1 0 0 32002 0 -1 0 0 0 32002 32002 0 0 0 0 0 0
WIT 12 -178 -177 214 203 -409 0 0 1 0 -106 0 -1 0 0 0 32002 32002 0 0 0 0 0 391
WIT 9 -178 -177 128 120 218 389 0 1 0 32002 0 -1 0 0 0 32002 32002 0 0 0 0 0 0
WIT 12 -178 -177 -161 -172 -224 0 0 0 0 -147 0 -1 0 0 0 32002 32002 0 0 0 0 0 1829
WIT 9 -178 -177 -188 -196 -192 389 0 1 0 -146 0 -1 0 0 0 32002 32002 0 0 0 0 0 391
WIT 10 -178 -177 -187 -196 -186 1180 1 0 0 -167 0 -1 0 0 0 32002 32002 0 0 0 0 0 732
WIT 13 -178 -177 -198 -223 -274 0 0 0 0 -168 0 -1 0 0 0 32002 32002 0 0 0 0 0 1308
WIT 9 -178 -177 -197 -205 -220 0 0 0 0 -177 0 -1 0 0 0 32002 32002 0 0 0 0 0 1308
WIT 7 -178 -177 -127 -133 -83 389 0 1 0 32002 0 -1 0 0 0 32002 32002 0 0 0 0 0 0
WIT 14 -178 -177 -173 -186 -241 0 0 0 0 -177 0 -1 0 0 0 32002 32002 0 0 0 0 0 659
WIT 10 -178 -177 -205 -214 -196 1180 1 0 0 -161 0 -1 0 0 0 32002 32002 0 0 0 0 0 732
WIT 11 -178 -177 -204 -214 -208 389 0 1 0 -161 0 -1 0 0 0 32002 32002 0 0 0 0 0 391
WIT 7 -178 -177 -205 -211 -149 1180 1 0 0 32002 0 -1 0 0 0 32002 32002 0 0 0 0 0 0
WIT 12 -178 -177 -205 -216 -208 732 1 0 0 -157 0 -1 0 0 0 32002 32002 0 0 0 0 0 1244
WIT 7 -178 -177 -203 -209 -209 389 0 1 0 -157 0 -1 0 0 0 32002 32002 0 0 0 0 0 391
WIT 9 -178 -177 -204 -212 -207 1180 1 0 0 -171 0 -1 0 0 0 32002 32002 0 0 0 0 0 732
WIT 9 -178 -177 -205 -213 -213 1180 1 0 0 -176 0 -1 0 0 0 32002 32002 0 0 0 0 0 732
WIT 11 -178 -177 -205 -226 -231 0 0 0 0 -177 0 -1 0 0 0 32002 32002 0 0 0 0 0 1308
WIT 8 -178 -177 -28 -35 -24 1180 1 0 0 32002 0 -1 0 0 0 32002 32002 0 0 0 0 0 0
WIT 10 -178 -177 36 27 31 1308 0 0 0 32002 0 -1 0 0 0 32002 32002 0 0 0 0 0 0
WIT 8 -178 -177 -128 -135 -92 0 0 0 0 32002 0 -1 0 0 0 32002 32002 0 0 0 0 0 0
WIT 7 -178 -177 -168 -174 -93 0 0 0 0 32002 0 -1 0 0 0 32002 32002 0 0 0 0 0 0
WIT 7 -178 -177 -177 -183 -103 0 0 0 0 32002 0 -1 0 0 0 32002 32002 0 0 0 0 0 0
WIT 7 -178 -177 -177 -183 -101 0 0 0 0 32002 0 -1 0 0 0 32002 32002 0 0 0 0 0 0
WIT 9 -178 -177 -186 -194 -143 0 0 0 0 32002 0 -1 0 0 0 32002 32002 0 0 0 0 0 0
WIT 7 -178 -177 -173 -179 -103 0 0 0 0 32002 0 -1 0 0 0 32002 32002 0 0 0 0 0 0
WIT 7 -178 -177 -205 -211 -216 0 0 0 0 -177 0 -1 0 0 0 32002 32002 0 0 0 0 0 1308
WIT 8 -178 -177 -20 -27 -12 732 1 0 0 32002 0 -1 0 0 0 32002 32002 0 0 0 0 0 0
WIT 12 -178 -177 -205 -228 -229 0 0 0 0 -177 0 -1 0 0 0 32002 32002 0 0 0 0 0 787
WIT 12 -178 -177 -141 -152 -164 0 0 0 0 -177 0 -1 0 0 0 32002 32002 0 0 0 0 0 1308
WIT 8 -178 -177 -108 -115 -72 389 0 1 0 32002 0 -1 0 0 0 32002 32002 0 0 0 0 0 0
WIT 12 -178 -177 -154 -165 -284 0 0 0 0 -177 0 -1 0 0 0 32002 32002 0 0 0 0 0 659
WIT 10 -178 -177 -164 -173 -147 389 0 1 0 32002 0 -1 0 0 0 32002 32002 0 0 0 0 0 0
WIT 7 -178 -177 -205 -211 -211 732 1 0 0 -175 0 -1 0 0 0 32002 32002 0 0 0 0 0 1244
WIT 12 -178 -177 -205 -228 -228 204 0 0 1 -177 0 -1 0 0 0 32002 32002 0 0 0 0 0 1308
WIT 6 -178 -177 -135 -140 -141 0 0 0 0 -177 0 -1 0 0 0 32002 32002 0 0 0 0 0 1308
WIT 11 -178 -177 -205 -226 -227 0 0 0 0 -177 0 -1 0 0 0 32002 32002 0 0 0 0 0 787
WIT 11 -178 -177 -199 -209 -145 0 0 0 0 32002 0 -1 0 0 0 32002 32002 0 0 0 0 0 0
WIT 11 -178 -177 -226 -247 -170 730 0 0 0 32002 0 -1 0 0 0 32002 32002 0 0 0 0 0 0
WIT 6 -178 -177 -205 -210 -210 798 0 0 1 -177 0 -1 0 0 0 32002 32002 0 0 0 0 0 730
WIT 11 -178 -177 -205 -226 -226 732 1 0 0 -177 0 -1 0 0 0 32002 32002 0 0 0 0 0 1180
WIT 6 -178 -177 -169 -174 -174 389 0 1 0 32002 0 -1 0 0 0 32002 32002 0 0 0 0 0 0
WIT 9 -178 -177 -205 -222 -223 0 0 0 0 -174 0 -1 0 0 0 32002 32002 0 0 0 0 0 1187
WIT 9 -178 -177 -205 -213 -210 1180 1 0 0 -177 0 -1 0 0 0 32002 32002 0 0 0 0 0 732
WIT 6 -178 -177 -166 -171 -152 0 0 0 0 32002 0 -1 0 0 0 32002 32002 0 0 0 0 0 0
WIT 10 -178 -177 -205 -224 -252 0 0 0 0 -177 0 -1 0 0 0 32002 32002 0 0 0 0 0 1308
WIT 12 -178 -177 -128 -139 -67 0 0 0 0 32002 0 -1 0 0 0 32002 32002 0 0 0 0 0 0
WIT 9 -178 -177 -177 -185 -118 0 0 0 0 32002 0 -1 0 0 0 32002 32002 0 0 0 0 0 0
WIT 9 -178 -177 -119 -127 -62 1180 1 0 0 32002 0 -1 0 0 0 32002 32002 0 0 0 0 0 0
WIT 11 -178 -177 -177 -187 -192 0 0 0 0 -177 0 -1 0 0 0 32002 32002 0 0 0 0 0 1308
WIT 9 -178 -177 -43 -51 -3 389 0 1 0 32002 0 -1 0 0 0 32002 32002 0 0 0 0 0 0
WIT 11 -178 -177 -205 -226 -260 0 0 0 0 -177 0 -1 0 0 0 32002 32002 0 0 0 0 0 659
WIT 8 -178 -177 -189 -196 -157 0 0 0 0 32002 0 -1 0 0 0 32002 32002 0 0 0 0 0 0
WIT 8 -178 -177 -205 -212 -158 0 0 0 0 32002 0 -1 0 0 0 32002 32002 0 0 0 0 0 0
WIT 7 -178 -177 -170 -176 -125 0 0 0 0 32002 0 -1 0 0 0 32002 32002 0 0 0 0 0 0
WIT 6 -178 -177 -191 -196 -197 0 0 0 0 -177 0 -1 0 0 0 32002 32002 0 0 0 0 0 1308
WIT 6 -178 -177 -193 -198 -199 0 0 0 0 -177 0 -1 0 0 0 32002 32002 0 0 0 0 0 1308
WIT 10 -178 -177 -205 -224 -229 0 0 0 0 -177 0 -1 0 0 0 32002 32002 0 0 0 0 0 787
WIT 9 -178 -177 -207 -215 -199 1180 1 0 0 -186 0 -1 0 0 0 32002 32002 0 0 0 0 0 1180
WIT 10 -178 -177 -198 -207 -257 0 0 0 0 -177 0 -1 0 0 0 32002 32002 0 0 0 0 0 1307
WIT 6 -178 -177 -190 -195 -195 389 0 1 0 -130 0 -1 0 0 0 32002 32002 0 0 0 0 0 391
WIT 9 -178 -177 -198 -206 -373 0 0 0 0 -177 0 -1 0 0 0 32002 32002 0 0 0 0 0 659
WIT 10 -178 -177 -198 -207 -236 0 0 0 0 -177 0 -1 0 0 0 32002 32002 0 0 0 0 0 659
WIT 8 -178 -177 -177 -184 -184 389 0 1 0 -146 0 -1 0 0 0 32002 32002 0 0 0 0 0 391
WIT 10 -178 -177 -198 -207 -229 0 0 0 0 -177 0 -1 0 0 0 32002 32002 0 0 0 0 0 1307
WIT 9 -178 -177 -189 -206 -199 389 0 1 0 -172 0 -1 0 0 0 32002 32002 0 0 0 0 0 391
WIT 7 -178 -177 -128 -134 -105 0 0 0 0 32002 0 -1 0 0 0 32002 32002 0 0 0 0 0 0
WIT 6 -178 -177 -170 -175 -131 0 0 0 0 32002 0 -1 0 0 0 32002 32002 0 0 0 0 0 0
WIT 6 -178 -177 -189 -194 -181 0 0 0 0 -177 0 -1 0 0 0 32002 32002 0 0 0 0 0 1262
WIT 8 -178 -177 -198 -213 -225 0 0 0 0 -177 0 -1 0 0 0 32002 32002 0 0 0 0 0 787
WIT 10 -178 -177 -169 -178 -380 0 0 0 0 -177 0 -1 0 0 0 32002 32002 0 0 0 0 0 659
WIT 7 -178 -177 -130 -136 -107 0 0 0 0 32002 0 -1 0 0 0 32002 32002 0 0 0 0 0 0
WIT 8 -178 -177 -140 -147 -103 0 0 0 0 32002 0 -1 0 0 0 32002 32002 0 0 0 0 0 0
WIT 6 -178 -177 -205 -210 -161 0 0 0 0 32002 0 -1 0 0 0 32002 32002 0 0 0 0 0 0
WIT 6 -178 -177 -184 -189 46 592 1 0 0 32002 0 -1 0 0 0 32002 32002 0 0 0 0 0 0
WIT 9 -178 -177 -205 -222 -227 0 0 0 0 -177 0 -1 0 0 0 32002 32002 0 0 0 0 0 787
WIT 7 -178 -177 -205 -211 -211 773 0 0 1 -177 0 -1 0 0 0 32002 32002 0 0 0 0 0 787
WIT 6 -178 -177 -207 -212 -212 1308 0 0 1 -177 0 -1 0 0 0 32002 32002 0 0 0 0 0 787
WIT 6 -178 -177 -207 -212 -209 1308 0 0 1 -161 0 -1 0 0 0 32002 32002 0 0 0 0 0 787
WIT 7 -178 -177 -207 -213 -213 773 0 0 1 -177 0 -1 0 0 0 32002 32002 0 0 0 0 0 787
WIT 6 -178 -177 -207 -212 -210 1308 0 0 1 -177 0 -1 0 0 0 32002 32002 0 0 0 0 0 787
WIT 8 -178 -177 -164 -171 -42 389 0 1 0 32002 0 -1 0 0 0 32002 32002 0 0 0 0 0 0
WIT 10 -178 -177 -168 -177 -497 0 0 0 0 -177 0 -1 0 0 0 32002 32002 0 0 0 0 0 659
WIT 6 -178 -177 -168 -173 -167 0 0 0 0 32002 0 -1 0 0 0 32002 32002 0 0 0 0 0 0
WIT 9 -178 -177 -192 -209 -227 0 0 0 0 -177 0 -1 0 0 0 32002 32002 0 0 0 0 0 787
WIT 9 -178 -177 -149 -157 -124 389 0 1 0 32002 0 -1 0 0 0 32002 32002 0 0 0 0 0 0
WIT 6 -178 -177 -177 -182 -183 0 0 0 0 -177 0 -1 0 0 0 32002 32002 0 0 0 0 0 1308
WIT 8 -178 -177 -191 -206 -226 0 0 0 0 -177 0 -1 0 0 0 32002 32002 0 0 0 0 0 787
WIT 10 -178 -177 -199 -208 -212 0 0 0 0 -178 0 -1 0 0 0 32002 32002 0 0 0 0 0 0
WIT 10 -178 -177 -199 -218 -245 0 0 0 0 -178 0 -1 0 0 0 32002 32002 0 0 0 0 0 0
WIT 7 177 205 178 172 299 3559 0 0 0 32002 0 -1 0 0 0 32002 32002 0 0 0 0 0 0
WIT 8 204 205 330 323 408 2802 0 0 0 32002 0 -1 0 0 0 32002 32002 0 0 0 0 0 0
WIT 10 204 205 178 169 132 0 0 0 0 212 0 -1 0 0 0 32002 32002 0 0 0 0 0 2802
WIT 8 177 205 178 171 139 0 0 0 0 205 0 -1 0 0 0 32002 32002 0 0 0 0 0 2268
WIT 10 204 205 178 169 134 0 0 0 0 205 0 -1 0 0 0 32002 32002 0 0 0 0 0 2268
WIT 9 204 205 262 254 254 3429 0 0 0 32002 0 -1 0 0 0 32002 32002 0 0 0 0 0 0
WIT 10 -205 -204 -257 -276 -305 0 0 0 0 -205 0 -1 0 0 0 32002 32002 0 0 0 0 0 0
WIT 10 -205 -204 -257 -276 -315 0 0 0 0 -205 0 -1 0 0 0 32002 32002 0 0 0 0 0 0
WIT 10 -205 -204 -257 -276 -301 0 0 0 0 -205 0 -1 0 0 0 32002 32002 0 0 0 0 0 0
WIT 7 204 205 315 309 316 3559 0 0 0 32002 0 -1 0 0 0 32002 32002 0 0 0 0 0 0
WIT 8 204 205 310 295 287 0 0 0 0 212 0 -1 0 0 0 32002 32002 0 0 0 0 0 2802
WIT 8 204 205 224 217 255 3559 0 0 0 32002 0 -1 0 0 0 32002 32002 0 0 0 0 0 0
WIT 6 204 205 259 254 292 3559 0 0 0 32002 0 -1 0 0 0 32002 32002 0 0 0 0 0 0
WIT 12 -205 -204 -257 -280 -280 204 0 0 1 -205 1 1 31747 1 1 -205 -227 0 0 0 0 14 0
WIT 11 -205 -204 -257 -278 -415 0 0 0 0 -205 0 -1 0 0 0 32002 32002 0 0 0 0 0 0
WIT 6 204 205 261 256 268 3309 0 0 0 32002 0 -1 0 0 0 32002 32002 0 0 0 0 0 0
WIT 6 204 205 260 255 235 0 0 0 0 268 0 -1 0 0 0 32002 32002 0 0 0 0 0 2268
WIT 11 -205 -204 -257 -278 -279 0 0 0 0 -205 0 -1 0 0 0 32002 32002 0 0 0 0 0 0
WIT 6 204 205 332 327 508 2908 1 0 0 32002 0 -1 0 0 0 32002 32002 0 0 0 0 0 0
WIT 9 204 205 240 232 244 2908 0 0 0 32002 0 -1 0 0 0 32002 32002 0 0 0 0 0 0
WIT 10 204 205 242 223 235 2908 0 0 0 32002 0 -1 0 0 0 32002 32002 0 0 0 0 0 0
WIT 9 204 205 350 333 352 3559 0 0 0 32002 0 -1 0 0 0 32002 32002 0 0 0 0 0 0
WIT 6 204 205 293 288 288 3559 0 0 0 32002 0 -1 0 0 0 32002 32002 0 0 0 0 0 0
WIT 12 204 205 259 248 248 2910 0 0 0 32002 0 -1 0 0 0 32002 32002 0 0 0 0 0 0
WIT 7 204 205 314 308 227 0 0 0 0 243 0 -1 0 0 0 32002 32002 0 0 0 0 0 982
WIT 11 204 205 258 237 113 0 0 0 0 216 0 -1 0 0 0 32002 32002 0 0 0 0 0 2853
WIT 7 204 205 242 236 236 3502 0 0 0 32002 0 -1 0 0 0 32002 32002 0 0 0 0 0 0
WIT 9 204 205 278 261 257 0 0 0 0 215 0 -1 0 0 0 32002 32002 0 0 0 0 0 2853
WIT 11 204 205 258 237 203 0 0 0 0 214 0 -1 0 0 0 32002 32002 0 0 0 0 0 2767
WIT 10 204 205 364 355 371 2387 1 0 0 32002 0 -1 0 0 0 32002 32002 0 0 0 0 0 0
WIT 9 204 205 259 251 337 2767 1 0 0 32002 0 -1 0 0 0 32002 32002 0 0 0 0 0 0
WIT 8 204 205 258 243 261 2398 0 0 0 32002 0 -1 0 0 0 32002 32002 0 0 0 0 0 0
WIT 7 204 205 258 245 224 0 0 0 0 242 0 -1 0 0 0 32002 32002 0 0 0 0 0 3559
WIT 10 204 205 258 239 227 0 0 0 0 205 0 -1 0 0 0 32002 32002 0 0 0 0 0 3826
WIT 10 204 205 242 233 240 2908 0 0 0 32002 0 -1 0 0 0 32002 32002 0 0 0 0 0 0
WIT 9 204 205 232 215 237 3559 0 0 0 32002 0 -1 0 0 0 32002 32002 0 0 0 0 0 0
WIT 9 204 205 270 262 266 2908 0 0 0 32002 0 -1 0 0 0 32002 32002 0 0 0 0 0 0
WIT 9 204 205 272 264 264 2788 1 0 0 32002 0 -1 0 0 0 32002 32002 0 0 0 0 0 0
WIT 9 204 205 242 225 269 2908 0 0 0 32002 0 -1 0 0 0 32002 32002 0 0 0 0 0 0
WIT 8 204 205 247 232 232 2908 0 0 0 32002 0 -1 0 0 0 32002 32002 0 0 0 0 0 0
WIT 9 204 205 256 248 248 3559 0 0 0 32002 0 -1 0 0 0 32002 32002 0 0 0 0 0 0
WIT 11 -205 -177 -205 -215 -242 0 0 0 0 -205 0 -1 0 0 0 32002 32002 0 0 0 0 0 0
WIT 9 242 243 292 284 279 0 0 0 0 251 0 -1 0 0 0 32002 32002 0 0 0 0 0 3559
WIT 10 242 243 239 230 230 3807 0 0 1 243 0 -1 0 0 0 32002 32002 0 0 0 0 0 3559
WIT 7 242 243 403 397 371 0 0 0 0 314 0 -1 0 0 0 32002 32002 0 0 0 0 0 3559
WIT 6 -243 -242 32 27 -453 0 0 1 0 -8 0 -1 0 0 0 32002 32002 0 0 0 0 0 399
WIT 9 242 243 211 194 153 0 0 0 0 237 0 -1 0 0 0 32002 32002 0 0 0 0 0 0
WIT 8 -178 -177 -8 -15 -16 0 0 1 0 -88 0 -1 0 0 0 32002 32002 0 0 0 0 0 966
WIT 7 -178 -177 -37 -50 -444 0 0 1 0 -96 0 -1 0 0 0 32002 32002 0 0 0 0 0 399
WIT 10 -178 -177 -194 -203 -157 0 0 0 0 32002 0 -1 0 0 0 32002 32002 0 0 0 0 0 0
WIT 7 177 243 205 199 194 0 0 0 0 174 0 -1 0 0 0 32002 32002 0 0 0 0 0 0
WIT 6 -178 -177 77 72 54 0 0 1 0 187 0 -1 0 0 0 32002 32002 0 0 0 0 0 399
WIT 8 -178 -177 -205 -212 -250 0 0 0 0 -132 0 -1 0 0 0 32002 32002 0 0 0 0 0 1180
WIT 6 -178 -177 47 42 56 391 0 1 0 32002 0 -1 0 0 0 32002 32002 0 0 0 0 0 0
WIT 8 -178 -177 -167 -174 -192 0 0 0 0 -122 0 -1 0 0 0 32002 32002 0 0 0 0 0 1180
WIT 13 -178 -177 -205 -217 -215 1180 1 0 0 -136 0 -1 0 0 0 32002 32002 0 0 0 0 0 732
WIT 7 -178 -177 -199 -205 -193 204 1 0 0 -165 0 -1 0 0 0 32002 32002 0 0 0 0 0 268
WIT 6 -178 -177 -204 -209 -212 0 0 0 0 -166 0 -1 0 0 0 32002 32002 0 0 0 0 0 332
WIT 6 -178 -177 -205 -210 -208 1180 1 0 0 -177 0 -1 0 0 0 32002 32002 0 0 0 0 0 732
WIT 6 -178 -177 -205 -210 -208 1180 1 0 0 -177 0 -1 0 0 0 32002 32002 0 0 0 0 0 732
WIT 12 -178 -177 -205 -216 -217 0 0 0 0 -177 0 -1 0 0 0 32002 32002 0 0 0 0 0 773
WIT 12 -178 -177 -172 -183 -182 732 1 0 0 -170 0 -1 0 0 0 32002 32002 0 0 0 0 0 1180
WIT 8 177 178 192 185 47 0 0 0 0 191 0 -1 0 0 0 32002 32002 0 0 0 0 0 53055
WIT 10 -178 -177 -189 -198 -223 0 0 0 0 -180 0 -1 0 0 0 32002 32002 0 0 0 0 0 787
WIT 6 -178 -177 112 107 91 0 0 1 0 179 0 -1 0 0 0 32002 32002 0 0 0 0 0 399
WIT 10 -178 -177 -190 -199 -225 0 0 0 0 -177 0 -1 0 0 0 32002 32002 0 0 0 0 0 1829
WIT 11 -178 -177 -205 -226 -249 0 0 0 0 -177 0 -1 0 0 0 32002 32002 0 0 0 0 0 1308
WIT 9 -178 -177 -199 -216 -208 1048 0 0 1 -173 0 -1 0 0 0 32002 32002 0 0 0 0 0 787
WIT 8 -178 -177 -171 -178 -174 1308 0 0 0 32002 0 -1 0 0 0 32002 32002 0 0 0 0 0 0
WIT 6 -178 -177 -205 -210 -201 918 0 0 1 -170 0 -1 0 0 0 32002 32002 0 0 0 0 0 983
WIT 7 -178 -177 -185 -191 -330 0 0 1 0 -157 0 -1 0 0 0 32002 32002 0 0 0 0 0 399
WIT 8 -178 -177 -205 -220 -221 0 0 0 0 -177 0 -1 0 0 0 32002 32002 0 0 0 0 0 787
WIT 10 -178 -177 130 121 183 966 0 1 0 32002 0 -1 0 0 0 32002 32002 0 0 0 0 0 0
WIT 8 -178 -177 241 234 433 918 0 1 0 32002 0 -1 0 0 0 32002 32002 0 0 0 0 0 0
WIT 9 -178 -177 -193 -210 -469 0 0 1 0 -84 0 -1 0 0 0 32002 32002 0 0 0 0 0 399
WIT 9 177 243 205 197 197 2852 0 0 1 174 1 2 -3771 1 1 177 177 1 0 1 0 696 0
WIT 6 -178 -177 -203 -208 -192 983 0 0 1 -177 0 -1 0 0 0 32002 32002 0 0 0 0 0 1308
WIT 11 -178 -177 -203 -213 -180 1355 0 0 1 -177 0 -1 0 0 0 32002 32002 0 0 0 0 0 787
WIT 10 -178 -177 -204 -223 -207 1355 0 0 1 -177 0 -1 0 0 0 32002 32002 0 0 0 0 0 787
WIT 10 -178 -177 -200 -209 -162 1355 0 0 0 32002 0 -1 0 0 0 32002 32002 0 0 0 0 0 0
WIT 11 -178 -177 -205 -226 -226 1355 0 0 1 -177 0 -1 0 0 0 32002 32002 0 0 0 0 0 787
WIT 10 -178 -177 -167 -176 -133 1355 0 0 0 32002 0 -1 0 0 0 32002 32002 0 0 0 0 0 0
WIT 6 -178 -177 -205 -210 -176 983 0 0 0 32002 0 -1 0 0 0 32002 32002 0 0 0 0 0 0
WIT 10 -178 -177 -205 -224 -201 1355 0 0 1 -176 0 -1 0 0 0 32002 32002 0 0 0 0 0 787
WIT 9 -178 -177 -201 -209 -170 1355 0 0 0 32002 0 -1 0 0 0 32002 32002 0 0 0 0 0 0
WIT 6 -178 -177 -184 -189 -122 1355 0 0 0 32002 0 -1 0 0 0 32002 32002 0 0 0 0 0 0
WIT 8 -178 -177 -201 -208 -208 787 0 0 1 -143 0 -1 0 0 0 32002 32002 0 0 0 0 0 1355
WIT 11 -178 -177 -189 -210 -207 787 0 0 1 -146 0 -1 0 0 0 32002 32002 0 0 0 0 0 1180
WIT 9 -178 -177 -204 -212 -161 1355 0 0 0 32002 0 -1 0 0 0 32002 32002 0 0 0 0 0 0
WIT 9 -178 -177 -175 -183 -176 1355 0 0 0 32002 0 -1 0 0 0 32002 32002 0 0 0 0 0 0
WIT 9 -178 -177 -199 -207 -164 787 0 0 0 32002 0 -1 0 0 0 32002 32002 0 0 0 0 0 0
WIT 9 -178 -177 -183 -191 -191 1380 0 0 1 -175 0 -1 0 0 0 32002 32002 0 0 0 0 0 787
WIT 9 -178 -177 -205 -213 -142 787 0 0 0 32002 0 -1 0 0 0 32002 32002 0 0 0 0 0 0
WIT 10 -178 -177 -189 -208 -204 983 0 0 1 -177 0 -1 0 0 0 32002 32002 0 0 0 0 0 787
WIT 9 -178 -177 -195 -212 -212 1355 0 0 1 -141 0 -1 0 0 0 32002 32002 0 0 0 0 0 787
WIT 9 -178 -177 -176 -193 -193 1355 0 0 1 -171 0 -1 0 0 0 32002 32002 0 0 0 0 0 787
WIT 10 -178 -177 -188 -197 -171 1355 0 0 0 32002 0 -1 0 0 0 32002 32002 0 0 0 0 0 0
WIT 10 176 177 278 269 256 0 0 0 0 230 0 -1 0 0 0 32002 32002 0 0 0 0 0 3169
WIT 9 -177 -126 -237 -245 -266 0 0 0 0 -177 0 -1 0 0 0 32002 32002 0 0 0 0 0 0
WIT 8 176 177 217 210 130 0 0 0 0 162 0 -1 0 0 0 32002 32002 0 0 0 0 0 0
WIT 10 -177 -176 -162 -171 -300 0 0 1 0 -177 0 -1 0 0 0 32002 32002 0 0 0 0 0 0
WIT 9 176 177 205 197 183 0 0 0 0 177 0 -1 0 0 0 32002 32002 0 0 0 0 0 3826
WIT 10 176 177 205 196 444 3559 0 0 0 32002 0 -1 0 0 0 32002 32002 0 0 0 0 0 0
WIT 9 176 177 222 214 214 2802 0 0 0 32002 0 -1 0 0 0 32002 32002 0 0 0 0 0 0
WIT 9 -177 -126 -174 -182 -205 0 0 0 0 -177 0 -1 0 0 0 32002 32002 0 0 0 0 0 0
WIT 13 176 177 205 180 141 0 0 0 0 177 0 -1 0 0 0 32002 32002 0 0 0 0 0 2268
WIT 11 176 177 238 228 228 3807 0 0 0 32002 0 -1 0 0 0 32002 32002 0 0 0 0 0 0
WIT 9 176 177 213 205 256 2767 1 0 0 32002 0 -1 0 0 0 32002 32002 0 0 0 0 0 0
WIT 8 176 177 240 233 254 1810 1 0 0 32002 0 -1 0 0 0 32002 32002 0 0 0 0 0 0
WIT 8 176 177 213 206 257 1810 1 0 0 32002 0 -1 0 0 0 32002 32002 0 0 0 0 0 0
WIT 10 -177 -126 -174 -183 -205 0 0 0 0 -177 0 -1 0 0 0 32002 32002 0 0 0 0 0 0
WIT 14 176 177 205 178 187 3826 0 0 0 32002 0 -1 0 0 0 32002 32002 0 0 0 0 0 0
WIT 13 176 177 227 202 208 3826 0 0 0 32002 0 -1 0 0 0 32002 32002 0 0 0 0 0 0
WIT 11 176 177 211 190 190 3826 0 0 0 32002 0 -1 0 0 0 32002 32002 0 0 0 0 0 0
WIT 8 176 177 245 238 276 3559 0 0 0 32002 0 -1 0 0 0 32002 32002 0 0 0 0 0 0
WIT 13 176 177 205 180 172 0 0 0 0 177 0 -1 0 0 0 32002 32002 0 0 0 0 0 3309
WIT 13 176 177 205 180 179 0 0 0 0 177 0 -1 0 0 0 32002 32002 0 0 0 0 0 2268
WIT 7 417 418 545 539 506 0 0 0 0 545 0 -1 0 0 0 32002 32002 0 0 0 0 0 2396
WIT 11 176 177 242 232 237 3494 0 0 0 32002 0 -1 0 0 0 32002 32002 0 0 0 0 0 0
WIT 9 176 177 260 243 232 0 0 0 0 177 0 -1 0 0 0 32002 32002 0 0 0 0 0 2268
WIT 8 176 177 264 257 229 0 0 0 0 211 0 -1 0 0 0 32002 32002 0 0 0 0 0 2268
WIT 6 176 177 253 248 248 3309 0 0 0 32002 0 -1 0 0 0 32002 32002 0 0 0 0 0 0
WIT 8 176 177 247 232 231 0 0 0 0 177 0 -1 0 0 0 32002 32002 0 0 0 0 0 3559
WIT 7 176 177 242 229 229 3494 0 0 0 32002 0 -1 0 0 0 32002 32002 0 0 0 0 0 0
WIT 6 176 177 240 235 235 3494 0 0 0 32002 0 -1 0 0 0 32002 32002 0 0 0 0 0 0
WIT 12 176 177 205 182 181 0 0 0 0 177 0 -1 0 0 0 32002 32002 0 0 0 0 0 2908
WIT 11 176 177 205 184 184 3559 0 0 0 32002 0 -1 0 0 0 32002 32002 0 0 0 0 0 0
WIT 11 176 177 242 221 221 2852 0 0 0 32002 0 -1 0 0 0 32002 32002 0 0 0 0 0 0
WIT 9 176 177 242 234 240 2908 0 0 0 32002 0 -1 0 0 0 32002 32002 0 0 0 0 0 0
WIT 8 176 177 270 263 266 2908 0 0 0 32002 0 -1 0 0 0 32002 32002 0 0 0 0 0 0
WIT 8 176 177 242 227 266 2908 0 0 0 32002 0 -1 0 0 0 32002 32002 0 0 0 0 0 0
WIT 8 176 177 240 233 244 2908 0 0 0 32002 0 -1 0 0 0 32002 32002 0 0 0 0 0 0
WIT 8 176 177 244 237 260 3559 0 0 0 32002 0 -1 0 0 0 32002 32002 0 0 0 0 0 0
WIT 8 176 177 252 245 250 3559 0 0 0 32002 0 -1 0 0 0 32002 32002 0 0 0 0 0 0
WIT 8 176 177 248 241 241 2908 0 0 0 32002 0 -1 0 0 0 32002 32002 0 0 0 0 0 0
WIT 8 176 177 247 232 232 2908 0 0 0 32002 0 -1 0 0 0 32002 32002 0 0 0 0 0 0
WIT 7 176 177 230 224 229 2908 0 0 0 32002 0 -1 0 0 0 32002 32002 0 0 0 0 0 0
WIT 8 176 177 251 244 244 2908 0 0 0 32002 0 -1 0 0 0 32002 32002 0 0 0 0 0 0
WIT 9 176 177 272 264 264 2788 1 0 0 32002 0 -1 0 0 0 32002 32002 0 0 0 0 0 0
WIT 8 176 177 246 239 260 3559 0 0 0 32002 0 -1 0 0 0 32002 32002 0 0 0 0 0 0
WIT 8 176 177 252 245 280 3559 0 0 0 32002 0 -1 0 0 0 32002 32002 0 0 0 0 0 0
WIT 8 176 177 252 245 266 3559 0 0 0 32002 0 -1 0 0 0 32002 32002 0 0 0 0 0 0
WIT 8 176 177 256 249 249 3559 0 0 0 32002 0 -1 0 0 0 32002 32002 0 0 0 0 0 0
WIT 11 -177 -126 -177 -187 -205 0 0 0 0 -177 0 -1 0 0 0 32002 32002 0 0 0 0 0 0
WIT 6 193 194 225 220 350 3494 0 0 0 32002 0 -1 0 0 0 32002 32002 0 0 0 0 0 0
WIT 7 193 194 177 171 140 0 0 0 0 196 0 -1 0 0 0 32002 32002 0 0 0 0 0 2802
WIT 6 193 194 177 172 161 0 0 0 0 195 0 -1 0 0 0 32002 32002 0 0 0 0 0 3559
WIT 8 193 194 177 170 120 0 0 0 0 177 0 -1 0 0 0 32002 32002 0 0 0 0 0 0
WIT 7 193 194 177 171 154 0 0 0 0 178 0 -1 0 0 0 32002 32002 0 0 0 0 0 0
WIT 6 193 194 177 172 -40 0 0 0 0 179 0 -1 0 0 0 32002 32002 0 0 0 0 0 0
WIT 6 193 194 178 173 214 3309 0 0 0 32002 0 -1 0 0 0 32002 32002 0 0 0 0 0 0
WIT 7 126 246 177 171 133 0 0 0 0 194 0 -1 0 0 0 32002 32002 0 0 0 0 0 2268
WIT 7 193 194 177 171 297 3807 0 0 0 32002 0 -1 0 0 0 32002 32002 0 0 0 0 0 0
WIT 7 193 194 177 164 130 0 0 0 0 194 0 -1 0 0 0 32002 32002 0 0 0 0 0 2268
WIT 6 -195 -194 -205 -210 -198 983 0 0 1 -188 0 -1 0 0 0 32002 32002 0 0 0 0 0 787
WIT 9 126 246 177 169 169 3559 0 0 1 194 1 1 18774 1 1 194 177 0 0 0 0 1 2908
WIT 11 193 194 205 184 189 3826 0 0 1 205 0 -1 0 0 0 32002 32002 0 0 0 0 0 1813
WIT 11 193 194 227 206 216 3826 0 0 0 32002 0 -1 0 0 0 32002 32002 0 0 0 0 0 0
WIT 9 193 194 242 234 239 3559 0 0 0 32002 0 -1 0 0 0 32002 32002 0 0 0 0 0 0
WIT 10 193 194 211 192 192 3826 0 0 1 212 0 -1 0 0 0 32002 32002 0 0 0 0 0 2802
WIT 8 193 194 224 217 255 3559 0 0 0 32002 0 -1 0 0 0 32002 32002 0 0 0 0 0 0
WIT 7 193 194 257 251 260 3559 0 0 0 32002 0 -1 0 0 0 32002 32002 0 0 0 0 0 0
WIT 10 193 194 177 158 157 0 0 0 0 194 0 -1 0 0 0 32002 32002 0 0 0 0 0 3309
WIT 10 193 194 177 158 137 0 0 0 0 194 0 -1 0 0 0 32002 32002 0 0 0 0 0 2268
WIT 11 193 194 431 410 301 0 0 0 0 260 0 -1 0 0 0 32002 32002 0 0 0 0 0 2268
WIT 9 193 194 177 160 160 3309 0 0 1 207 0 -1 0 0 0 32002 32002 0 0 0 0 0 3559
WIT 7 193 194 242 229 229 3494 0 0 0 32002 0 -1 0 0 0 32002 32002 0 0 0 0 0 0
WIT 9 193 194 177 160 159 0 0 0 0 194 0 -1 0 0 0 32002 32002 0 0 0 0 0 2908
WIT 8 193 194 252 245 245 2908 0 0 0 32002 0 -1 0 0 0 32002 32002 0 0 0 0 0 0
WIT 7 193 194 240 234 244 2908 0 0 0 32002 0 -1 0 0 0 32002 32002 0 0 0 0 0 0
WIT 7 -195 -194 -199 -205 -149 0 0 0 0 32002 0 -1 0 0 0 32002 32002 0 0 0 0 0 0
WIT 6 -195 -194 -205 -210 -173 0 0 0 0 32002 0 -1 0 0 0 32002 32002 0 0 0 0 0 0

===========================
Total time (ms) : 54
Nodes searched  : 40312
Nodes/second    : 746518
