
Position: 1/1 (rn1qkbnr/1b1p1ppp/1pp1p3/p2P4/2B1P3/2N2Q2/PPP2PPP/R1B1K1NR w KQkq - 0 7)
WIT 6 -201 -200 -196 -201 -149 2657 0 0 0 32002 0 -1 0 0 0 32002 32002 0 0 0 0 0 0
WIT 6 -188 -187 -196 -201 -149 2657 0 0 0 32002 0 -1 0 0 0 32002 32002 0 0 0 0 0 0
WIT 6 -229 -228 -191 -196 -196 3690 1 0 0 32002 0 -1 0 0 0 32002 32002 0 0 0 0 0 0
WIT 6 -229 -228 -191 -196 -231 0 0 0 0 -229 0 -1 0 0 0 32002 32002 0 0 0 0 0 0
WIT 6 -218 -217 -208 -213 -277 0 0 0 0 -194 0 -1 0 0 0 32002 32002 0 0 0 0 0 2657
WIT 6 -218 -217 -200 -205 -198 0 0 0 0 32002 0 -1 0 0 0 32002 32002 0 0 0 0 0 0
WIT 7 -218 -217 -175 -181 -182 0 0 0 0 -227 0 -1 0 0 0 32002 32002 0 0 0 0 0 4013
WIT 7 -218 -217 -203 -216 -264 0 0 0 0 -213 0 -1 0 0 0 32002 32002 0 0 0 0 0 2657
WIT 6 -218 -217 -207 -212 -158 3690 1 0 0 32002 0 -1 0 0 0 32002 32002 0 0 0 0 0 0
WIT 6 -218 -217 -183 -188 -211 0 0 0 0 -217 0 -1 0 0 0 32002 32002 0 0 0 0 0 2657
WIT 6 -218 -217 -197 -202 -149 2657 0 0 0 32002 0 -1 0 0 0 32002 32002 0 0 0 0 0 0
WIT 6 -218 -217 -186 -191 -197 0 0 0 0 -217 0 -1 0 0 0 32002 32002 0 0 0 0 0 2657
WIT 6 -218 -217 -177 -182 -163 4013 0 0 0 32002 0 -1 0 0 0 32002 32002 0 0 0 0 0 0
WIT 6 -218 -217 -197 -202 -202 4013 0 0 0 32002 0 -1 0 0 0 32002 32002 0 0 0 0 0 0
WIT 6 -218 -217 -138 -143 -140 4013 0 0 0 32002 0 -1 0 0 0 32002 32002 0 0 0 0 0 0
WIT 6 -218 -217 -204 -209 -113 0 0 0 0 32002 0 -1 0 0 0 32002 32002 0 0 0 0 0 0
WIT 6 -205 -204 -192 -197 -289 0 0 0 0 -204 0 -1 0 0 0 32002 32002 0 0 0 0 0 3308
WIT 6 -205 -204 -207 -212 -158 3690 1 0 0 32002 0 -1 0 0 0 32002 32002 0 0 0 0 0 0
WIT 6 233 234 222 217 260 0 0 0 0 32002 0 -1 0 0 0 32002 32002 0 0 0 0 0 0
WIT 7 -219 -218 -175 -181 -242 0 0 0 0 -218 0 -1 0 0 0 32002 32002 0 0 0 0 0 3308
WIT 8 -219 -218 -204 -219 -282 0 0 0 0 -218 0 -1 0 0 0 32002 32002 0 0 0 0 0 3308
WIT 7 -219 -218 -204 -217 -221 0 0 0 0 -218 0 -1 0 0 0 32002 32002 0 0 0 0 0 4013
WIT 7 -219 -218 -207 -213 -151 3690 1 0 0 32002 0 -1 0 0 0 32002 32002 0 0 0 0 0 0
WIT 6 -219 -218 -217 -222 -206 4013 0 0 0 32002 0 -1 0 0 0 32002 32002 0 0 0 0 0 0
WIT 6 -219 -218 -187 -192 -158 4013 0 0 0 32002 0 -1 0 0 0 32002 32002 0 0 0 0 0 0
WIT 7 -219 -218 -213 -219 -186 4013 0 0 0 32002 0 -1 0 0 0 32002 32002 0 0 0 0 0 0
WIT 6 -219 -218 -192 -197 -155 4013 0 0 0 32002 0 -1 0 0 0 32002 32002 0 0 0 0 0 0
WIT 6 -219 -218 -187 -192 -215 0 0 0 0 -218 0 -1 0 0 0 32002 32002 0 0 0 0 0 4013
WIT 6 -219 -218 -183 -188 -189 0 0 0 0 -218 0 -1 0 0 0 32002 32002 0 0 0 0 0 2657
WIT 6 -219 -218 -204 -209 -112 0 0 0 0 32002 0 -1 0 0 0 32002 32002 0 0 0 0 0 0
WIT 6 -219 -218 -195 -200 -219 0 0 0 0 -218 0 -1 0 0 0 32002 32002 0 0 0 0 0 2657
WIT 6 -219 -218 -216 -221 -219 3688 0 0 1 -216 0 -1 0 0 0 32002 32002 0 0 0 0 0 4013
WIT 7 -219 -218 -197 -203 -203 4013 0 0 0 32002 0 -1 0 0 0 32002 32002 0 0 0 0 0 0
WIT 6 -219 -218 -177 -182 -166 3688 0 0 0 32002 0 -1 0 0 0 32002 32002 0 0 0 0 0 0
WIT 7 -219 -218 -204 -210 -210 4013 0 0 0 32002 0 -1 0 0 0 32002 32002 0 0 0 0 0 0
WIT 6 -219 -218 -35 -40 41 3929 0 0 0 32002 0 -1 0 0 0 32002 32002 0 0 0 0 0 0
WIT 7 -219 -218 -195 -208 -243 0 0 0 0 -218 0 -1 0 0 0 32002 32002 0 0 0 0 0 2657
WIT 7 -219 -218 -213 -219 -204 3688 0 0 0 32002 0 -1 0 0 0 32002 32002 0 0 0 0 0 0
WIT 7 -219 -218 -177 -183 -178 4013 0 0 0 32002 0 -1 0 0 0 32002 32002 0 0 0 0 0 0
WIT 7 -219 -218 -197 -203 -202 4013 0 0 0 32002 0 -1 0 0 0 32002 32002 0 0 0 0 0 0
WIT 7 -219 -218 -138 -144 -87 4013 0 0 0 32002 0 -1 0 0 0 32002 32002 0 0 0 0 0 0
WIT 7 -219 -218 -209 -215 -215 3688 0 0 0 32002 0 -1 0 0 0 32002 32002 0 0 0 0 0 0
WIT 7 -219 -218 -178 -184 -184 4013 0 0 0 32002 0 -1 0 0 0 32002 32002 0 0 0 0 0 0
WIT 7 -219 -218 -217 -230 -240 0 0 0 0 -217 0 -1 0 0 0 32002 32002 0 0 0 0 0 2657
WIT 6 -209 -208 -218 -223 -219 2723 1 0 0 -199 0 -1 0 0 0 32002 32002 0 0 0 0 0 2137
WIT 6 -209 -208 -11 -16 120 3929 0 0 0 32002 0 -1 0 0 0 32002 32002 0 0 0 0 0 0
WIT 8 -209 -208 -210 -225 -232 0 0 0 0 -208 0 -1 0 0 0 32002 32002 0 0 0 0 0 3567
WIT 8 208 209 236 229 223 0 0 0 0 178 0 -1 0 0 0 32002 32002 0 0 0 0 0 0
WIT 9 -209 -208 -204 -221 -229 0 0 0 0 -196 0 -1 0 0 0 32002 32002 0 0 0 0 0 3308
WIT 8 -209 -208 -196 -211 -207 2723 1 0 0 32002 0 -1 0 0 0 32002 32002 0 0 0 0 0 0
WIT 7 -209 -208 -204 -210 -210 3567 0 0 1 -204 0 -1 0 0 0 32002 32002 0 0 0 0 0 2657
WIT 6 -209 -208 -207 -212 -202 3690 1 0 0 32002 0 -1 0 0 0 32002 32002 0 0 0 0 0 0
WIT 7 -209 -208 -218 -231 -233 0 0 0 0 -208 0 -1 0 0 0 32002 32002 0 0 0 0 0 4013
WIT 8 -209 -208 -218 -233 -201 2657 0 0 0 32002 0 -1 0 0 0 32002 32002 0 0 0 0 0 0
WIT 7 -209 -208 -123 -129 -129 3699 0 0 0 32002 0 -1 0 0 0 32002 32002 0 0 0 0 0 0
WIT 8 -209 -208 -218 -233 -286 0 0 0 0 -208 0 -1 0 0 0 32002 32002 0 0 0 0 0 3308
WIT 7 -209 -208 -207 -213 -151 3690 1 0 0 32002 0 -1 0 0 0 32002 32002 0 0 0 0 0 0
WIT 7 -209 -208 -218 -231 -207 2657 0 0 0 32002 0 -1 0 0 0 32002 32002 0 0 0 0 0 0
WIT 8 -209 -208 -188 -195 -226 0 0 0 0 -196 0 -1 0 0 0 32002 32002 0 0 0 0 0 3308
WIT 8 -209 -208 -178 -185 -185 4013 0 0 0 32002 0 -1 0 0 0 32002 32002 0 0 0 0 0 0
WIT 10 -209 -208 -127 -136 -190 0 0 0 0 -169 0 -1 0 0 0 32002 32002 0 0 0 0 0 2138
WIT 8 -209 -208 28 21 -4 0 0 0 0 -26 0 -1 0 0 0 32002 32002 0 0 0 0 0 2721
WIT 7 -209 -208 -217 -230 -235 0 0 0 0 -197 0 -1 0 0 0 32002 32002 0 0 0 0 0 2657
WIT 7 -209 -208 -218 -231 -231 4013 0 0 1 -169 0 -1 0 0 0 32002 32002 0 0 0 0 0 2657
WIT 7 -209 -208 -217 -223 -204 4013 0 0 0 32002 0 -1 0 0 0 32002 32002 0 0 0 0 0 0
WIT 7 -209 -208 -187 -193 -154 4013 0 0 0 32002 0 -1 0 0 0 32002 32002 0 0 0 0 0 0
WIT 8 -209 -208 -218 -233 -233 4013 0 0 1 -199 0 -1 0 0 0 32002 32002 0 0 0 0 0 2137
WIT 8 -209 -208 -192 -199 -220 0 0 0 0 -208 0 -1 0 0 0 32002 32002 0 0 0 0 0 3308
WIT 6 -209 -208 2 -3 -208 0 0 0 0 -122 0 -1 0 0 0 32002 32002 0 0 0 0 0 2721
WIT 6 -209 -208 -193 -198 -223 0 0 0 0 -208 0 -1 0 0 0 32002 32002 0 0 0 0 0 3306
WIT 7 -209 -208 -218 -231 -253 0 0 0 0 -208 0 -1 0 0 0 32002 32002 0 0 0 0 0 2657
WIT 7 -209 -208 -192 -198 -150 4013 0 0 0 32002 0 -1 0 0 0 32002 32002 0 0 0 0 0 0
WIT 8 -209 -208 -183 -190 -208 0 0 0 0 -208 0 -1 0 0 0 32002 32002 0 0 0 0 0 3308
WIT 7 -209 -208 -217 -230 -242 0 0 0 0 -208 0 -1 0 0 0 32002 32002 0 0 0 0 0 2657
WIT 7 -209 -208 -204 -210 -113 0 0 0 0 32002 0 -1 0 0 0 32002 32002 0 0 0 0 0 0
WIT 7 -209 -208 -218 -231 -231 4013 0 0 1 -208 0 -1 0 0 0 32002 32002 0 0 0 0 0 2657
WIT 7 -209 -208 -213 -219 -186 4013 0 0 0 32002 0 -1 0 0 0 32002 32002 0 0 0 0 0 0
WIT 7 -209 -208 -204 -210 -210 4013 0 0 1 -202 0 -1 0 0 0 32002 32002 0 0 0 0 0 2657
WIT 7 -209 -208 -197 -203 -203 2657 0 0 0 32002 0 -1 0 0 0 32002 32002 0 0 0 0 0 0
WIT 7 -209 -208 -213 -219 -219 4013 0 0 1 -176 0 -1 0 0 0 32002 32002 0 0 0 0 0 2657
WIT 7 -209 -208 -209 -215 -215 4013 0 0 1 -208 0 -1 0 0 0 32002 32002 0 0 0 0 0 2657
WIT 7 -209 -208 -178 -184 -173 2723 1 0 0 32002 0 -1 0 0 0 32002 32002 0 0 0 0 0 0
WIT 7 -209 -208 -177 -183 -178 4013 0 0 0 32002 0 -1 0 0 0 32002 32002 0 0 0 0 0 0
WIT 7 -209 -208 -197 -203 -202 4013 0 0 0 32002 0 -1 0 0 0 32002 32002 0 0 0 0 0 0
WIT 7 -209 -208 -138 -144 -87 4013 0 0 0 32002 0 -1 0 0 0 32002 32002 0 0 0 0 0 0
WIT 7 -209 -208 -216 -222 -220 3688 0 0 1 -208 0 -1 0 0 0 32002 32002 0 0 0 0 0 4013
WIT 7 -209 -208 -177 -183 -129 2723 1 0 0 32002 0 -1 0 0 0 32002 32002 0 0 0 0 0 0
WIT 7 -196 -195 -179 -192 -281 0 0 0 0 -177 0 -1 0 0 0 32002 32002 0 0 0 0 0 3699
WIT 7 -196 -195 -193 -206 -253 0 0 0 0 -191 0 -1 0 0 0 32002 32002 0 0 0 0 0 3308
WIT 6 -196 -195 -208 -213 -189 2657 0 0 0 32002 0 -1 0 0 0 32002 32002 0 0 0 0 0 0
WIT 9 -196 -195 -218 -235 -199 2657 0 0 1 -189 0 -1 0 0 0 32002 32002 0 0 0 0 0 3699
WIT 8 -196 -195 -31 -38 -159 0 0 0 0 -138 0 -1 0 0 0 32002 32002 0 0 0 0 0 3436
WIT 9 -196 -195 -208 -225 -277 0 0 0 0 -195 0 -1 0 0 0 32002 32002 0 0 0 0 0 3308
WIT 6 -196 -195 -208 -213 -197 2137 0 0 1 -196 1 2 4230 1 1 -196 -189 1 0 4 0 7 2137
WIT 7 195 196 226 220 218 0 0 0 0 228 0 -1 0 0 0 32002 32002 0 0 0 0 0 405
WIT 6 195 196 224 219 13 0 0 0 0 224 0 -1 0 0 0 32002 32002 0 0 0 0 0 2869
WIT 8 -196 -195 -208 -223 -224 0 0 0 0 -196 0 -1 0 0 0 32002 32002 0 0 0 0 0 0
WIT 7 -196 -195 -208 -221 -239 0 0 0 0 -196 0 -1 0 0 0 32002 32002 0 0 0 0 0 0
WIT 6 -196 -195 -202 -207 -207 4013 0 0 1 -196 1 1 17106 1 1 -196 -197 0 0 0 0 4 0
WIT 6 -203 -202 -197 -202 -177 4013 0 0 0 32002 0 -1 0 0 0 32002 32002 0 0 0 0 0 0
WIT 6 -197 -196 -206 -211 -192 2137 0 0 0 32002 0 -1 0 0 0 32002 32002 0 0 0 0 0 0
WIT 7 -197 -196 -191 -197 -200 0 0 0 0 -196 0 -1 0 0 0 32002 32002 0 0 0 0 0 2137
WIT 7 -197 -196 38 32 15 0 0 0 0 -120 0 -1 0 0 0 32002 32002 0 0 0 0 0 2721
WIT 7 -197 -196 -134 -140 -233 0 0 0 0 -168 0 -1 0 0 0 32002 32002 0 0 0 0 0 2721
WIT 10 -197 -196 -189 -208 -194 2657 0 0 0 32002 0 -1 0 0 0 32002 32002 0 0 0 0 0 0
WIT 7 -197 -196 -175 -188 -178 3699 0 0 0 32002 0 -1 0 0 0 32002 32002 0 0 0 0 0 0
WIT 6 -197 -196 -120 -125 -130 0 0 0 0 -189 0 -1 0 0 0 32002 32002 0 0 0 0 0 2657
WIT 10 -197 -196 -195 -214 -284 0 0 0 0 -194 0 -1 0 0 0 32002 32002 0 0 0 0 0 3308
WIT 6 -197 -196 -182 -187 -185 0 0 0 0 32002 0 -1 0 0 0 32002 32002 0 0 0 0 0 0
WIT 6 -197 -196 -181 -186 -221 0 0 0 0 -158 0 -1 0 0 0 32002 32002 0 0 0 0 0 3308
WIT 7 -197 -196 -200 -213 -213 4013 0 0 1 -196 0 -1 0 0 0 32002 32002 0 0 0 0 0 2137
WIT 8 -197 -196 -169 -176 -195 0 0 0 0 -193 0 -1 0 0 0 32002 32002 0 0 0 0 0 2268
WIT 8 -197 -196 -139 -146 -135 4013 0 0 0 32002 0 -1 0 0 0 32002 32002 0 0 0 0 0 0
WIT 7 44 45 177 171 -149 0 0 0 0 53 0 -1 0 0 0 32002 32002 0 0 0 0 0 4013
WIT 8 -197 -196 -167 -174 -414 0 0 0 0 -125 0 -1 0 0 0 32002 32002 0 0 0 0 0 3436
WIT 7 -197 -196 -29 -35 -189 0 0 0 0 14 0 -1 0 0 0 32002 32002 0 0 0 0 0 2721
WIT 10 -197 -196 -179 -198 -287 0 0 0 0 -196 0 -1 0 0 0 32002 32002 0 0 0 0 0 3699
WIT 8 -197 -196 -185 -192 -205 0 0 0 0 -190 0 -1 0 0 0 32002 32002 0 0 0 0 0 3699
WIT 8 -197 -196 -148 -155 -353 0 0 0 0 -139 0 -1 0 0 0 32002 32002 0 0 0 0 0 3436
WIT 8 -197 -196 -105 -112 -123 0 0 0 0 -181 0 -1 0 0 0 32002 32002 0 0 0 0 0 2721
WIT 8 -197 -196 41 34 -153 0 0 0 0 15 0 -1 0 0 0 32002 32002 0 0 0 0 0 2721
WIT 10 -197 -196 -191 -210 -258 0 0 0 0 -196 0 -1 0 0 0 32002 32002 0 0 0 0 0 3308
WIT 7 -197 -196 -58 -64 87 3833 1 0 0 32002 0 -1 0 0 0 32002 32002 0 0 0 0 0 0
WIT 10 -197 -196 -162 -181 -227 0 0 0 0 -199 0 -1 0 0 0 32002 32002 0 0 0 0 0 0
WIT 9 -197 -196 -196 -213 -214 0 0 0 0 -198 0 -1 0 0 0 32002 32002 0 0 0 0 0 0
WIT 9 -197 -196 -195 -212 -259 0 0 0 0 -197 0 -1 0 0 0 32002 32002 0 0 0 0 0 0
WIT 7 213 214 264 258 262 0 0 0 0 32002 0 -1 0 0 0 32002 32002 0 0 0 0 0 0
WIT 8 213 214 224 217 247 0 0 0 0 32002 0 -1 0 0 0 32002 32002 0 0 0 0 0 0
WIT 8 213 214 220 205 104 0 0 0 0 217 0 -1 0 0 0 32002 32002 0 0 0 0 0 1827
WIT 8 213 214 242 235 276 0 0 0 0 32002 0 -1 0 0 0 32002 32002 0 0 0 0 0 0
WIT 7 222 223 264 258 263 0 0 0 0 32002 0 -1 0 0 0 32002 32002 0 0 0 0 0 0
WIT 9 222 223 216 199 101 0 0 0 0 253 0 -1 0 0 0 32002 32002 0 0 0 0 0 1827
WIT 7 -209 -208 -208 -214 -219 0 0 0 0 -205 0 -1 0 0 0 32002 32002 0 0 0 0 0 2915
WIT 9 -209 -208 -173 -181 -251 0 0 0 0 -208 0 -1 0 0 0 32002 32002 0 0 0 0 0 2138
WIT 7 -209 -208 -195 -201 -207 0 0 0 0 -207 0 -1 0 0 0 32002 32002 0 0 0 0 0 2137
WIT 7 -209 -208 -193 -199 -187 2723 1 0 0 32002 0 -1 0 0 0 32002 32002 0 0 0 0 0 0
WIT 7 -209 -208 11 5 -188 0 0 0 0 -154 0 -1 0 0 0 32002 32002 0 0 0 0 0 2721
WIT 7 -209 -208 -157 -163 -283 0 0 0 0 -208 0 -1 0 0 0 32002 32002 0 0 0 0 0 2721
WIT 9 -209 -208 -194 -202 -145 3690 1 0 0 32002 0 -1 0 0 0 32002 32002 0 0 0 0 0 0
WIT 9 -209 -208 115 107 106 0 0 1 0 150 0 -1 0 0 0 32002 32002 0 0 0 0 0 3893
WIT 8 -209 -208 -187 -194 -156 4013 0 0 0 32002 0 -1 0 0 0 32002 32002 0 0 0 0 0 0
WIT 8 -209 -208 -189 -196 -167 4013 0 0 0 32002 0 -1 0 0 0 32002 32002 0 0 0 0 0 0
WIT 6 -209 -208 -200 -205 -111 4013 0 0 0 32002 0 -1 0 0 0 32002 32002 0 0 0 0 0 0
WIT 8 -209 -208 -138 -145 -95 4013 0 0 0 32002 0 -1 0 0 0 32002 32002 0 0 0 0 0 0
WIT 8 -209 -208 -197 -204 -160 4013 0 0 0 32002 0 -1 0 0 0 32002 32002 0 0 0 0 0 0
WIT 8 -209 -208 -177 -184 -169 4013 0 0 0 32002 0 -1 0 0 0 32002 32002 0 0 0 0 0 0
WIT 7 -209 -208 -178 -184 -184 4013 0 0 0 32002 0 -1 0 0 0 32002 32002 0 0 0 0 0 0
WIT 8 -209 -208 -198 -213 -226 0 0 0 0 -208 0 -1 0 0 0 32002 32002 0 0 0 0 0 2657
WIT 8 -209 -208 -192 -199 -163 4013 0 0 0 32002 0 -1 0 0 0 32002 32002 0 0 0 0 0 0
WIT 8 -209 -208 -173 -188 -188 4013 0 0 0 32002 0 -1 0 0 0 32002 32002 0 0 0 0 0 0
WIT 8 -209 -208 -177 -184 -129 2723 1 0 0 32002 0 -1 0 0 0 32002 32002 0 0 0 0 0 0
WIT 8 -209 -208 -202 -209 -284 0 0 0 0 -208 0 -1 0 0 0 32002 32002 0 0 0 0 0 2657
WIT 8 -209 -208 -180 -187 -187 4013 0 0 0 32002 0 -1 0 0 0 32002 32002 0 0 0 0 0 0
WIT 9 -209 -208 -196 -213 -209 4013 0 0 1 -196 0 -1 0 0 0 32002 32002 0 0 0 0 0 2657
WIT 8 -209 -208 -178 -185 -184 4013 0 0 0 32002 0 -1 0 0 0 32002 32002 0 0 0 0 0 0
WIT 8 -209 -208 -202 -209 -186 2723 1 0 0 32002 0 -1 0 0 0 32002 32002 0 0 0 0 0 0
WIT 8 207 208 213 206 227 49408 0 0 0 32002 0 -1 0 0 0 32002 32002 0 0 0 0 0 0
WIT 9 207 208 248 240 294 49408 0 0 0 32002 0 -1 0 0 0 32002 32002 0 0 0 0 0 0
WIT 7 -208 -199 -198 -204 -248 0 0 0 0 -208 0 -1 0 0 0 32002 32002 0 0 0 0 0 0
WIT 11 207 208 227 217 183 0 0 0 0 195 0 -1 0 0 0 32002 32002 0 0 0 0 0 0
WIT 7 -208 -199 -195 -201 -275 0 0 0 0 -199 0 -1 0 0 0 32002 32002 0 0 0 0 0 3308
WIT 9 -200 -199 -158 -166 -189 0 0 0 0 -147 0 -1 0 0 0 32002 32002 0 0 0 0 0 2723
WIT 6 -200 -199 -133 -138 -155 0 0 0 0 -115 0 -1 0 0 0 32002 32002 0 0 0 0 0 3690
WIT 8 -208 -199 -205 -212 -227 0 0 0 0 -208 0 -1 0 0 0 32002 32002 0 0 0 0 0 2137
WIT 8 41 42 52 37 -131 0 0 0 0 53 0 -1 0 0 0 32002 32002 0 0 0 0 0 4013
WIT 11 -200 -199 -196 -206 -171 2137 0 0 0 32002 0 -1 0 0 0 32002 32002 0 0 0 0 0 0
WIT 9 -200 -199 -160 -168 -195 0 0 0 0 -196 0 -1 0 0 0 32002 32002 0 0 0 0 0 4013
WIT 8 -200 -199 -98 -105 -323 0 0 1 0 -85 0 -1 0 0 0 32002 32002 0 0 0 0 0 3502
WIT 10 -200 -199 -132 -151 -399 0 0 0 0 -126 0 -1 0 0 0 32002 32002 0 0 0 0 0 3436
WIT 10 -200 -199 -9 -28 -184 0 0 0 0 -145 0 -1 0 0 0 32002 32002 0 0 0 0 0 2721
WIT 11 -200 -199 -196 -217 -284 0 0 0 0 -199 0 -1 0 0 0 32002 32002 0 0 0 0 0 3699
WIT 11 -200 -199 -196 -206 -200 2137 0 0 1 -196 0 -1 0 0 0 32002 32002 0 0 0 0 0 3699
WIT 9 -200 -199 -144 -161 -213 0 0 0 0 -139 0 -1 0 0 0 32002 32002 0 0 0 0 0 3436
WIT 9 -200 -199 -6 -23 -194 0 0 0 0 9 0 -1 0 0 0 32002 32002 0 0 0 0 0 2721
WIT 7 -200 -199 -151 -157 -147 0 0 0 0 32002 0 -1 0 0 0 32002 32002 0 0 0 0 0 0
WIT 11 -200 -199 -196 -217 -254 0 0 0 0 -199 0 -1 0 0 0 32002 32002 0 0 0 0 0 3308
WIT 9 -200 -199 -208 -225 -248 0 0 0 0 -155 0 -1 0 0 0 32002 32002 0 0 0 0 0 2138
WIT 9 -200 -199 -207 -224 -221 4013 0 0 1 -193 0 -1 0 0 0 32002 32002 0 0 0 0 0 2137
WIT 7 -200 -199 -193 -199 -199 4013 0 0 0 32002 0 -1 0 0 0 32002 32002 0 0 0 0 0 0
WIT 10 -200 -199 -208 -217 -163 3688 0 0 0 32002 0 -1 0 0 0 32002 32002 0 0 0 0 0 0
WIT 9 -200 -199 -208 -225 -315 0 0 0 0 -169 0 -1 0 0 0 32002 32002 0 0 0 0 0 2721
WIT 8 -200 -199 -160 -175 -278 0 0 0 0 -139 0 -1 0 0 0 32002 32002 0 0 0 0 0 2721
WIT 8 -208 -199 -208 -215 -254 0 0 0 0 -199 0 -1 0 0 0 32002 32002 0 0 0 0 0 2657
WIT 11 -200 -199 -189 -210 -200 2657 0 0 1 -193 0 -1 0 0 0 32002 32002 0 0 0 0 0 3699
WIT 6 -200 -199 -194 -199 -179 3699 0 0 0 32002 0 -1 0 0 0 32002 32002 0 0 0 0 0 0
WIT 11 -200 -199 -194 -215 -268 0 0 0 0 -193 0 -1 0 0 0 32002 32002 0 0 0 0 0 3308
WIT 10 -200 -199 -194 -203 -147 3690 1 0 0 32002 0 -1 0 0 0 32002 32002 0 0 0 0 0 0
WIT 10 -200 -199 -155 -164 -231 0 0 0 0 -199 0 -1 0 0 0 32002 32002 0 0 0 0 0 3699
WIT 8 -200 -199 -194 -201 -348 0 0 0 0 -187 0 -1 0 0 0 32002 32002 0 0 0 0 0 3436
WIT 11 -200 -199 -197 -218 -267 0 0 0 0 -199 0 -1 0 0 0 32002 32002 0 0 0 0 0 3308
WIT 11 -200 -199 -208 -218 -219 0 0 0 0 -199 0 -1 0 0 0 32002 32002 0 0 0 0 0 4013
WIT 10 -200 -199 -178 -187 -185 4013 0 0 0 32002 0 -1 0 0 0 32002 32002 0 0 0 0 0 0
WIT 11 -200 -199 -172 -193 -246 0 0 0 0 -164 0 -1 0 0 0 32002 32002 0 0 0 0 0 2138
WIT 9 -200 -199 -44 -61 -67 0 0 0 0 -26 0 -1 0 0 0 32002 32002 0 0 0 0 0 2721
WIT 8 -200 -199 -197 -204 -205 0 0 0 0 -199 0 -1 0 0 0 32002 32002 0 0 0 0 0 3306
WIT 10 -200 -199 -208 -227 -237 0 0 0 0 -199 0 -1 0 0 0 32002 32002 0 0 0 0 0 2657
WIT 9 -200 -199 -198 -206 -123 4013 0 0 0 32002 0 -1 0 0 0 32002 32002 0 0 0 0 0 0
WIT 10 -200 -199 -208 -217 -188 4013 0 0 0 32002 0 -1 0 0 0 32002 32002 0 0 0 0 0 0
WIT 9 -200 -199 -207 -224 -211 2723 1 0 0 -189 0 -1 0 0 0 32002 32002 0 0 0 0 0 2657
WIT 8 -200 -199 -192 -199 -199 4013 0 0 0 32002 0 -1 0 0 0 32002 32002 0 0 0 0 0 0
WIT 9 -200 -199 -173 -190 -182 4013 0 0 0 32002 0 -1 0 0 0 32002 32002 0 0 0 0 0 0
WIT 9 -200 -199 -208 -225 -225 4013 0 0 1 -199 0 -1 0 0 0 32002 32002 0 0 0 0 0 2657
WIT 10 -200 -199 -196 -205 -177 4013 0 0 0 32002 0 -1 0 0 0 32002 32002 0 0 0 0 0 0
WIT 9 -200 -199 -208 -225 -225 4013 0 0 1 -199 0 -1 0 0 0 32002 32002 0 0 0 0 0 2657
WIT 10 -200 -199 -196 -215 -216 0 0 0 0 -190 0 -1 0 0 0 32002 32002 0 0 0 0 0 2137
WIT 11 -200 -199 -208 -229 -253 0 0 0 0 -199 0 -1 0 0 0 32002 32002 0 0 0 0 0 3308
WIT 10 -200 -199 -54 -63 -158 0 0 0 0 -148 0 -1 0 0 0 32002 32002 0 0 0 0 0 2721
WIT 10 -200 -199 -132 -151 -262 0 0 0 0 -150 0 -1 0 0 0 32002 32002 0 0 0 0 0 2721
WIT 9 -200 -199 -208 -225 -226 0 0 0 0 -199 0 -1 0 0 0 32002 32002 0 0 0 0 0 3306
WIT 9 -200 -199 -208 -225 -253 0 0 0 0 -199 0 -1 0 0 0 32002 32002 0 0 0 0 0 2657
WIT 7 -200 -199 -96 -102 -240 0 0 0 0 -236 0 -1 0 0 0 32002 32002 0 0 0 0 0 0
WIT 10 199 200 236 227 105 0 0 0 0 209 0 -1 0 0 0 32002 32002 0 0 0 0 0 1828
WIT 11 -200 -199 -151 -161 -185 0 0 0 0 -207 0 -1 0 0 0 32002 32002 0 0 0 0 0 0
WIT 10 -200 -199 -208 -227 -254 0 0 0 0 -206 0 -1 0 0 0 32002 32002 0 0 0 0 0 0
WIT 9 -200 -199 -208 -225 -229 0 0 0 0 -205 0 -1 0 0 0 32002 32002 0 0 0 0 0 0
WIT 7 207 208 230 217 232 2284 1 0 0 32002 0 -1 0 0 0 32002 32002 0 0 0 0 0 0
WIT 8 207 208 225 210 216 2284 1 0 0 32002 0 -1 0 0 0 32002 32002 0 0 0 0 0 0
WIT 7 219 220 230 217 232 2284 1 0 0 32002 0 -1 0 0 0 32002 32002 0 0 0 0 0 0
WIT 7 219 220 212 206 237 1828 0 0 0 32002 0 -1 0 0 0 32002 32002 0 0 0 0 0 0
WIT 7 219 220 230 217 232 2284 1 0 0 32002 0 -1 0 0 0 32002 32002 0 0 0 0 0 0
WIT 9 219 220 242 234 234 1510 0 0 0 32002 0 -1 0 0 0 32002 32002 0 0 0 0 0 0
WIT 7 219 220 238 232 246 0 0 0 0 32002 0 -1 0 0 0 32002 32002 0 0 0 0 0 0
WIT 8 219 220 220 205 157 0 0 0 0 225 0 -1 0 0 0 32002 32002 0 0 0 0 0 2485
WIT 7 219 220 208 202 199 0 0 0 0 221 0 -1 0 0 0 32002 32002 0 0 0 0 0 1510
WIT 7 219 220 208 202 179 0 0 0 0 220 0 -1 0 0 0 32002 32002 0 0 0 0 0 1827
WIT 8 235 236 230 215 218 2284 1 0 0 239 0 -1 0 0 0 32002 32002 0 0 0 0 0 1510
WIT 7 235 236 242 236 256 0 0 0 0 32002 0 -1 0 0 0 32002 32002 0 0 0 0 0 0
WIT 7 235 236 223 217 256 1362 1 1 0 32002 0 -1 0 0 0 32002 32002 0 0 0 0 0 0
WIT 6 235 236 222 217 216 0 0 0 0 236 0 -1 0 0 0 32002 32002 0 0 0 0 0 1510
WIT 7 256 257 238 225 225 2284 1 0 0 334 0 -1 0 0 0 32002 32002 0 0 0 0 0 1510
WIT 6 256 257 242 237 256 0 0 0 0 774 0 -1 0 0 0 32002 32002 0 0 0 0 0 2284
WIT 6 246 247 227 222 255 0 0 0 0 32002 0 -1 0 0 0 32002 32002 0 0 0 0 0 0
WIT 9 246 247 280 272 -174 0 0 0 0 307 0 -1 0 0 0 32002 32002 0 0 0 0 0 2284
WIT 7 246 247 308 302 -204 0 0 0 0 321 0 -1 0 0 0 32002 32002 0 0 0 0 0 2284
WIT 8 246 247 282 275 242 0 0 0 0 359 0 -1 0 0 0 32002 32002 0 0 0 0 0 1699
WIT 9 246 247 260 243 174 0 0 0 0 301 0 -1 0 0 0 32002 32002 0 0 0 0 0 2485
WIT 8 246 247 267 252 250 0 0 0 0 294 0 -1 0 0 0 32002 32002 0 0 0 0 0 1510
WIT 8 246 247 324 309 349 2284 1 0 0 32002 0 -1 0 0 0 32002 32002 0 0 0 0 0 0
WIT 8 246 247 208 201 89 0 0 0 0 273 0 -1 0 0 0 32002 32002 0 0 0 0 0 1828
WIT 8 246 247 207 200 136 0 0 0 0 270 0 -1 0 0 0 32002 32002 0 0 0 0 0 2485
WIT 9 246 247 392 384 358 0 0 0 0 451 0 -1 0 0 0 32002 32002 0 0 0 0 0 2869
WIT 8 246 247 220 213 157 0 0 0 0 278 0 -1 0 0 0 32002 32002 0 0 0 0 0 1828
WIT 8 246 247 206 191 188 0 0 0 0 267 0 -1 0 0 0 32002 32002 0 0 0 0 0 2284
WIT 8 246 247 321 314 330 1828 0 0 0 32002 0 -1 0 0 0 32002 32002 0 0 0 0 0 0
WIT 7 246 247 220 207 239 1828 0 0 1 255 0 -1 0 0 0 32002 32002 0 0 0 0 0 1827
WIT 7 246 247 287 281 320 1501 0 0 0 32002 0 -1 0 0 0 32002 32002 0 0 0 0 0 0
WIT 7 246 247 322 316 353 1510 0 0 0 32002 0 -1 0 0 0 32002 32002 0 0 0 0 0 0
WIT 7 260 261 324 311 350 2284 1 0 0 32002 0 -1 0 0 0 32002 32002 0 0 0 0 0 0
WIT 9 260 261 253 236 310 1828 0 0 0 32002 0 -1 0 0 0 32002 32002 0 0 0 0 0 0
WIT 7 260 261 287 281 322 1501 0 0 0 32002 0 -1 0 0 0 32002 32002 0 0 0 0 0 0
WIT 7 260 261 322 316 353 1510 0 0 0 32002 0 -1 0 0 0 32002 32002 0 0 0 0 0 0
WIT 8 273 274 253 238 311 1828 0 0 0 32002 0 -1 0 0 0 32002 32002 0 0 0 0 0 0
WIT 6 273 274 287 282 327 1501 0 0 0 32002 0 -1 0 0 0 32002 32002 0 0 0 0 0 0
WIT 6 273 274 322 317 326 0 0 0 0 32002 0 -1 0 0 0 32002 32002 0 0 0 0 0 0
WIT 7 300 301 253 240 312 1828 0 0 0 32002 0 -1 0 0 0 32002 32002 0 0 0 0 0 0
WIT 6 277 278 261 256 282 0 0 0 0 32002 0 -1 0 0 0 32002 32002 0 0 0 0 0 0
WIT 8 277 278 325 318 354 1510 0 0 0 32002 0 -1 0 0 0 32002 32002 0 0 0 0 0 0
WIT 7 277 278 324 311 350 2284 1 0 0 32002 0 -1 0 0 0 32002 32002 0 0 0 0 0 0
WIT 8 277 278 253 238 239 2284 1 0 0 274 0 -1 0 0 0 32002 32002 0 0 0 0 0 0
WIT 7 277 278 265 252 253 2284 1 0 0 291 0 -1 0 0 0 32002 32002 0 0 0 0 0 1828
WIT 7 277 278 337 331 358 1501 0 0 0 32002 0 -1 0 0 0 32002 32002 0 0 0 0 0 0
WIT 8 319 320 324 309 349 2284 1 0 0 32002 0 -1 0 0 0 32002 32002 0 0 0 0 0 0
WIT 9 319 320 297 289 252 0 0 0 0 327 0 -1 0 0 0 32002 32002 0 0 0 0 0 2349
WIT 7 319 320 285 279 332 0 0 0 0 32002 0 -1 0 0 0 32002 32002 0 0 0 0 0 0
WIT 8 319 320 270 263 129 0 0 0 0 326 0 -1 0 0 0 32002 32002 0 0 0 0 0 1828
WIT 8 319 320 267 252 209 0 0 0 0 325 0 -1 0 0 0 32002 32002 0 0 0 0 0 2485
WIT 10 319 320 289 270 239 0 0 0 0 319 0 -1 0 0 0 32002 32002 0 0 0 0 0 0
WIT 9 319 320 278 261 254 0 0 0 0 319 0 -1 0 0 0 32002 32002 0 0 0 0 0 0
WIT 7 -248 -247 -290 -303 -387 0 0 0 0 -247 0 -1 0 0 0 32002 32002 0 0 0 0 0 2915
WIT 7 -248 -247 -202 -208 -176 3929 0 0 0 32002 0 -1 0 0 0 32002 32002 0 0 0 0 0 0
WIT 6 -248 -247 -236 -241 -203 4013 0 0 0 32002 0 -1 0 0 0 32002 32002 0 0 0 0 0 0
WIT 6 -191 -190 -250 -255 -295 0 0 0 0 -170 0 -1 0 0 0 32002 32002 0 0 0 0 0 3821
WIT 8 -191 -190 -76 -83 -339 0 0 0 0 -150 0 -1 0 0 0 32002 32002 0 0 0 0 0 3893
WIT 8 -191 -190 -193 -208 -268 0 0 0 0 -178 0 -1 0 0 0 32002 32002 0 0 0 0 0 3308
WIT 6 -191 -190 -55 -60 7 3308 1 0 0 32002 0 -1 0 0 0 32002 32002 0 0 0 0 0 0
WIT 6 -191 -190 -206 -211 -152 3690 1 0 0 32002 0 -1 0 0 0 32002 32002 0 0 0 0 0 0
WIT 7 -247 -190 -319 -325 -325 3567 0 0 1 -190 0 -1 0 0 0 32002 32002 0 0 0 0 0 2657
WIT 10 -191 -190 -197 -216 -269 0 0 0 0 -203 0 -1 0 0 0 32002 32002 0 0 0 0 0 0
WIT 7 246 247 205 199 190 0 0 0 0 268 0 -1 0 0 0 32002 32002 0 0 0 0 0 1366
WIT 8 246 247 409 402 373 0 0 0 0 266 0 -1 0 0 0 32002 32002 0 0 0 0 0 1828
WIT 9 -247 -246 -319 -327 -273 3308 1 0 0 -246 0 -1 0 0 0 32002 32002 0 0 0 0 0 3436
WIT 7 -247 -246 -166 -172 -787 0 0 0 0 -60 0 -1 0 0 0 32002 32002 0 0 0 0 0 3501
WIT 8 -247 -246 -170 -177 -68 3436 1 0 0 32002 0 -1 0 0 0 32002 32002 0 0 0 0 0 0
WIT 7 -247 -246 -172 -185 -238 0 0 0 0 -105 0 -1 0 0 0 32002 32002 0 0 0 0 0 3821
WIT 8 -247 -246 117 110 203 3436 1 1 0 32002 0 -1 0 0 0 32002 32002 0 0 0 0 0 0
WIT 7 -247 -246 -94 -100 -337 0 0 0 0 10 0 -1 0 0 0 32002 32002 0 0 0 0 0 3893
WIT 9 -247 -246 -319 -336 -416 0 0 0 0 -246 0 -1 0 0 0 32002 32002 0 0 0 0 0 2138
WIT 9 246 247 324 307 260 0 0 0 0 246 0 -1 0 0 0 32002 32002 0 0 0 0 0 0
WIT 7 -191 -190 -190 -196 -198 0 0 0 0 -191 0 -1 0 0 0 32002 32002 0 0 0 0 0 0
WIT 6 246 247 197 192 200 1828 0 0 1 246 1 1 28533 1 1 246 248 0 0 0 0 10 1828
WIT 7 246 247 212 206 185 0 0 0 0 246 0 -1 0 0 0 32002 32002 0 0 0 0 0 0
WIT 6 208 209 337 332 358 1501 0 0 0 32002 0 -1 0 0 0 32002 32002 0 0 0 0 0 0
WIT 6 208 209 325 320 350 1510 0 0 0 32002 0 -1 0 0 0 32002 32002 0 0 0 0 0 0
WIT 8 -247 -190 -247 -254 -324 0 0 0 0 -247 0 -1 0 0 0 32002 32002 0 0 0 0 0 2657
WIT 6 -210 -209 -172 -177 -155 4013 0 0 0 32002 0 -1 0 0 0 32002 32002 0 0 0 0 0 0
WIT 6 -210 -209 -236 -241 -239 2851 1 0 0 -152 0 -1 0 0 0 32002 32002 0 0 0 0 0 2657
WIT 6 -210 -209 -202 -207 -260 0 0 0 0 -211 0 -1 0 0 0 32002 32002 0 0 0 0 0 3688
WIT 7 253 254 247 241 250 1827 1 0 0 280 0 -1 0 0 0 32002 32002 0 0 0 0 0 1828
WIT 8 -235 -234 -185 -192 -236 0 0 0 0 -226 0 -1 0 0 0 32002 32002 0 0 0 0 0 3567
WIT 7 -235 -234 -175 -181 -608 0 0 1 0 -223 0 -1 0 0 0 32002 32002 0 0 0 0 0 3381
WIT 7 -235 -234 -152 -158 -169 0 0 0 0 -164 0 -1 0 0 0 32002 32002 0 0 0 0 0 2721
WIT 7 -235 -234 -72 -78 -125 0 0 0 0 -168 0 -1 0 0 0 32002 32002 0 0 0 0 0 2721
WIT 7 -235 -234 -189 -195 -256 0 0 0 0 -212 0 -1 0 0 0 32002 32002 0 0 0 0 0 3308
WIT 6 -235 -234 -119 -124 -754 0 0 1 0 -96 0 -1 0 0 0 32002 32002 0 0 0 0 0 3381
WIT 7 -235 -234 -189 -195 -286 0 0 0 0 -217 0 -1 0 0 0 32002 32002 0 0 0 0 0 3306
WIT 7 -235 -234 -190 -196 -206 0 0 0 0 -239 0 -1 0 0 0 32002 32002 0 0 0 0 0 0
WIT 8 -235 -234 -181 -188 -197 0 0 0 0 -162 0 -1 0 0 0 32002 32002 0 0 0 0 0 2721
WIT 8 -235 -234 -189 -196 -192 3821 0 0 0 32002 0 -1 0 0 0 32002 32002 0 0 0 0 0 0
WIT 8 -235 -234 -196 -211 -292 0 0 0 0 -234 0 -1 0 0 0 32002 32002 0 0 0 0 0 3308
WIT 9 -235 -234 169 161 657 3438 0 1 0 32002 0 -1 0 0 0 32002 32002 0 0 0 0 0 0
WIT 12 -235 -234 117 94 93 0 0 1 0 395 0 -1 0 0 0 32002 32002 0 0 0 0 0 3893
WIT 12 -235 -234 -193 -216 -201 2657 0 0 0 32002 0 -1 0 0 0 32002 32002 0 0 0 0 0 0
WIT 7 -235 -234 -148 -154 -155 0 0 0 0 -222 0 -1 0 0 0 32002 32002 0 0 0 0 0 2657
WIT 12 -235 -234 -193 -216 -280 0 0 0 0 -234 0 -1 0 0 0 32002 32002 0 0 0 0 0 3308
WIT 11 -235 -234 -194 -204 -193 3690 1 0 0 32002 0 -1 0 0 0 32002 32002 0 0 0 0 0 0
WIT 10 -235 -234 -199 -208 -206 4020 0 0 0 32002 0 -1 0 0 0 32002 32002 0 0 0 0 0 0
WIT 10 -235 -234 -186 -195 -195 4020 0 0 0 32002 0 -1 0 0 0 32002 32002 0 0 0 0 0 0
WIT 8 -235 -234 -198 -205 -108 0 0 0 0 32002 0 -1 0 0 0 32002 32002 0 0 0 0 0 0
WIT 11 -235 -234 -190 -200 -141 4013 0 0 0 32002 0 -1 0 0 0 32002 32002 0 0 0 0 0 0
WIT 12 -235 -234 -190 -201 -222 0 0 0 0 -216 0 -1 0 0 0 32002 32002 0 0 0 0 0 2723
WIT 10 -235 -234 -184 -193 -105 3690 1 0 0 32002 0 -1 0 0 0 32002 32002 0 0 0 0 0 0
WIT 11 -235 -234 -190 -211 -215 0 0 0 0 -220 0 -1 0 0 0 32002 32002 0 0 0 0 0 2137
WIT 9 -235 -234 -194 -202 -200 3821 0 0 0 32002 0 -1 0 0 0 32002 32002 0 0 0 0 0 0
WIT 10 -235 -234 -199 -218 -262 0 0 0 0 -221 0 -1 0 0 0 32002 32002 0 0 0 0 0 2657
WIT 9 -235 -234 -173 -190 -191 0 0 0 0 -232 0 -1 0 0 0 32002 32002 0 0 0 0 0 2657
WIT 8 -235 -234 -192 -199 -199 4013 0 0 0 32002 0 -1 0 0 0 32002 32002 0 0 0 0 0 0
WIT 12 -235 -234 -199 -222 -219 4013 0 0 0 32002 0 -1 0 0 0 32002 32002 0 0 0 0 0 0
WIT 6 234 235 307 302 292 0 0 0 0 238 0 -1 0 0 0 32002 32002 0 0 0 0 0 1366
WIT 6 234 235 236 231 236 0 0 0 0 32002 0 -1 0 0 0 32002 32002 0 0 0 0 0 0
WIT 12 -235 -234 -193 -216 -274 0 0 0 0 -235 0 -1 0 0 0 32002 32002 0 0 0 0 0 0
WIT 7 -235 -234 -194 -200 -269 0 0 0 0 -222 0 -1 0 0 0 32002 32002 0 0 0 0 0 4013
WIT 10 -235 -234 -234 -253 -346 0 0 0 0 -230 0 -1 0 0 0 32002 32002 0 0 0 0 0 3308
WIT 12 -235 -234 -193 -216 -228 0 0 0 0 -235 0 -1 0 0 0 32002 32002 0 0 0 0 0 2137
WIT 10 -235 -234 -155 -164 -123 0 0 0 0 32002 0 -1 0 0 0 32002 32002 0 0 0 0 0 0
WIT 10 -235 -234 -159 -178 -187 0 0 0 0 -194 0 -1 0 0 0 32002 32002 0 0 0 0 0 2138
WIT 10 -235 -234 -145 -164 -272 0 0 0 0 -193 0 -1 0 0 0 32002 32002 0 0 0 0 0 2721
WIT 8 -235 -234 -199 -206 -265 0 0 0 0 -199 0 -1 0 0 0 32002 32002 0 0 0 0 0 3306
WIT 11 -235 -234 -199 -220 -276 0 0 0 0 -230 0 -1 0 0 0 32002 32002 0 0 0 0 0 2657
WIT 10 -235 -234 -197 -216 -210 4013 0 0 0 32002 0 -1 0 0 0 32002 32002 0 0 0 0 0 0
WIT 8 -235 -234 -180 -187 -183 3688 0 0 0 32002 0 -1 0 0 0 32002 32002 0 0 0 0 0 0
WIT 9 -235 -234 -199 -216 -184 4013 0 0 0 32002 0 -1 0 0 0 32002 32002 0 0 0 0 0 0
WIT 9 -235 -234 -199 -216 -216 4013 0 0 0 32002 0 -1 0 0 0 32002 32002 0 0 0 0 0 0
WIT 8 -235 -234 -160 -167 -191 0 0 0 0 -232 0 -1 0 0 0 32002 32002 0 0 0 0 0 2657
WIT 10 -235 -234 -208 -217 -212 2851 1 0 0 32002 0 -1 0 0 0 32002 32002 0 0 0 0 0 0
WIT 11 -235 -234 -208 -218 -187 4013 0 0 0 32002 0 -1 0 0 0 32002 32002 0 0 0 0 0 0
WIT 12 -235 -234 -196 -207 -177 4013 0 0 0 32002 0 -1 0 0 0 32002 32002 0 0 0 0 0 0
WIT 10 -235 -234 -203 -222 -211 4013 0 0 0 32002 0 -1 0 0 0 32002 32002 0 0 0 0 0 0
WIT 10 -235 -234 -192 -201 -173 2723 1 0 0 32002 0 -1 0 0 0 32002 32002 0 0 0 0 0 0
WIT 9 -225 -224 -150 -158 117 3893 1 0 0 32002 0 -1 0 0 0 32002 32002 0 0 0 0 0 0
WIT 9 233 234 293 285 31993 1397 1 0 0 298 0 -1 0 0 0 32002 32002 0 0 0 0 0 2485
WIT 6 -234 -233 -233 -238 -376 0 0 0 0 -245 0 -1 0 0 0 32002 32002 0 0 0 0 0 0
WIT 8 233 234 276 269 234 0 0 0 0 243 0 -1 0 0 0 32002 32002 0 0 0 0 0 1828
WIT 8 -234 -224 -234 -241 -270 0 0 0 0 -234 0 -1 0 0 0 32002 32002 0 0 0 0 0 3437
WIT 7 224 225 253 247 208 0 0 0 0 239 0 -1 0 0 0 32002 32002 0 0 0 0 0 2485
WIT 6 224 225 280 275 265 0 0 0 0 230 0 -1 0 0 0 32002 32002 0 0 0 0 0 2485
WIT 9 224 225 377 369 -167 0 0 0 0 234 0 -1 0 0 0 32002 32002 0 0 0 0 0 2284
WIT 7 224 225 256 243 224 0 0 0 0 237 0 -1 0 0 0 32002 32002 0 0 0 0 0 1510
WIT 11 -225 -224 -234 -255 -256 0 0 0 0 -228 0 -1 0 0 0 32002 32002 0 0 0 0 0 0
WIT 7 233 234 328 322 -305 0 0 0 0 317 0 -1 0 0 0 32002 32002 0 0 0 0 0 2284
WIT 7 233 234 229 216 181 0 0 0 0 307 0 -1 0 0 0 32002 32002 0 0 0 0 0 2485
WIT 7 233 234 235 229 -232 0 0 0 0 302 0 -1 0 0 0 32002 32002 0 0 0 0 0 2284
WIT 7 233 234 233 227 193 0 0 0 0 294 0 -1 0 0 0 32002 32002 0 0 0 0 0 2485
WIT 6 233 234 281 276 224 0 0 0 0 233 0 -1 0 0 0 32002 32002 0 0 0 0 0 0
WIT 6 233 234 273 268 165 0 0 0 0 233 0 -1 0 0 0 32002 32002 0 0 0 0 0 0
WIT 8 -225 -224 -123 -130 -106 3929 0 0 0 32002 0 -1 0 0 0 32002 32002 0 0 0 0 0 0
WIT 7 -225 -224 -157 -163 -173 0 0 0 0 -224 0 -1 0 0 0 32002 32002 0 0 0 0 0 2137
WIT 6 -225 -224 -234 -239 -244 0 0 0 0 -224 0 -1 0 0 0 32002 32002 0 0 0 0 0 3688
WIT 9 -225 -224 -123 -131 -126 2137 0 0 0 32002 0 -1 0 0 0 32002 32002 0 0 0 0 0 0
WIT 7 -225 -224 -79 -85 -102 0 0 0 0 -109 0 -1 0 0 0 32002 32002 0 0 0 0 0 2268
WIT 10 -234 -224 -234 -243 -243 2137 0 0 1 -224 0 -1 0 0 0 32002 32002 0 0 0 0 0 2723
WIT 9 -225 -224 -146 -154 -196 0 0 0 0 -173 0 -1 0 0 0 32002 32002 0 0 0 0 0 2138
WIT 8 -225 -224 -214 -229 -280 0 0 0 0 -217 0 -1 0 0 0 32002 32002 0 0 0 0 0 3308
WIT 8 -225 -224 -226 -233 -616 0 0 0 0 -106 0 -1 0 0 0 32002 32002 0 0 0 0 0 3381
WIT 8 -225 -224 -158 -165 -539 0 0 1 0 -195 0 -1 0 0 0 32002 32002 0 0 0 0 0 3381
WIT 6 -225 -224 -159 -164 -79 3308 1 0 0 32002 0 -1 0 0 0 32002 32002 0 0 0 0 0 0
WIT 7 -225 -224 -226 -239 -254 0 0 0 0 -222 0 -1 0 0 0 32002 32002 0 0 0 0 0 3567
WIT 13 -225 -224 -226 -251 -251 3821 0 0 1 -224 0 -1 0 0 0 32002 32002 0 0 0 0 0 3828
WIT 8 -225 -224 -79 -86 -86 4013 1 0 0 32002 0 -1 0 0 0 32002 32002 0 0 0 0 0 0
WIT 6 -225 -224 -71 -76 -104 0 0 0 0 -8 0 -1 0 0 0 32002 32002 0 0 0 0 0 2901
WIT 7 -225 -224 -164 -170 -156 0 0 0 0 32002 0 -1 0 0 0 32002 32002 0 0 0 0 0 0
WIT 11 -225 -224 -219 -229 -234 0 0 0 0 -220 0 -1 0 0 0 32002 32002 0 0 0 0 0 2137
WIT 9 -225 -224 -211 -219 -219 2137 0 0 0 32002 0 -1 0 0 0 32002 32002 0 0 0 0 0 0
WIT 11 -225 -224 -169 -190 -194 0 0 0 0 -47 0 -1 0 0 0 32002 32002 0 0 0 0 0 2721
WIT 11 -225 -224 -234 -244 -245 0 0 0 0 -215 0 -1 0 0 0 32002 32002 0 0 0 0 0 3306
WIT 11 -234 -224 -234 -244 -247 0 0 0 0 -224 0 -1 0 0 0 32002 32002 0 0 0 0 0 2657
WIT 14 -225 -224 -193 -220 -202 2657 0 0 0 32002 0 -1 0 0 0 32002 32002 0 0 0 0 0 0
WIT 6 248 249 207 202 164 0 0 0 0 267 0 -1 0 0 0 32002 32002 0 0 0 0 0 1185
WIT 16 -225 -224 -234 -248 -190 4020 0 0 0 32002 0 -1 0 0 0 32002 32002 0 0 0 0 0 0
WIT 11 -225 -224 -143 -164 -202 0 0 0 0 -196 0 -1 0 0 0 32002 32002 0 0 0 0 0 3436
WIT 7 -225 -224 -204 -210 -195 3699 0 0 0 32002 0 -1 0 0 0 32002 32002 0 0 0 0 0 0
WIT 9 -225 -224 -234 -242 -218 3699 0 0 0 32002 0 -1 0 0 0 32002 32002 0 0 0 0 0 0
WIT 8 -225 -224 -175 -190 -178 3699 0 0 0 32002 0 -1 0 0 0 32002 32002 0 0 0 0 0 0
WIT 8 -225 -224 -189 -196 -199 0 0 0 0 -224 0 -1 0 0 0 32002 32002 0 0 0 0 0 2137
WIT 8 -225 -224 -69 -76 -104 0 0 0 0 -172 0 -1 0 0 0 32002 32002 0 0 0 0 0 2721
WIT 7 -225 -224 -189 -202 -205 0 0 0 0 -224 0 -1 0 0 0 32002 32002 0 0 0 0 0 2657
WIT 7 -225 -224 -204 -210 -149 3699 0 0 0 32002 0 -1 0 0 0 32002 32002 0 0 0 0 0 0
WIT 14 -225 -224 -234 -261 -297 0 0 0 0 -224 0 -1 0 0 0 32002 32002 0 0 0 0 0 3308
WIT 7 -225 -224 -208 -214 -244 0 0 0 0 -155 0 -1 0 0 0 32002 32002 0 0 0 0 0 3308
WIT 7 -225 -224 -232 -238 -190 2137 0 0 0 32002 0 -1 0 0 0 32002 32002 0 0 0 0 0 0
WIT 12 -225 -224 -232 -255 -245 4013 0 0 1 -193 0 -1 0 0 0 32002 32002 0 0 0 0 0 2657
WIT 6 -225 -224 -187 -192 -88 3833 1 0 0 32002 0 -1 0 0 0 32002 32002 0 0 0 0 0 0
WIT 11 -225 -224 -199 -220 -249 0 0 0 0 -224 0 -1 0 0 0 32002 32002 0 0 0 0 0 3308
WIT 10 -225 -224 -151 -170 -206 0 0 0 0 -223 0 -1 0 0 0 32002 32002 0 0 0 0 0 2723
WIT 9 -225 -224 -125 -142 -142 3306 1 0 0 32002 0 -1 0 0 0 32002 32002 0 0 0 0 0 0
WIT 11 16 17 51 30 -85 0 0 0 0 81 0 -1 0 0 0 32002 32002 0 0 0 0 0 4013
WIT 13 -225 -224 -196 -221 -215 2137 0 0 0 32002 0 -1 0 0 0 32002 32002 0 0 0 0 0 0
WIT 12 -225 -224 -196 -207 -171 2137 0 0 0 32002 0 -1 0 0 0 32002 32002 0 0 0 0 0 0
WIT 12 -225 -224 -145 -156 -164 0 0 0 0 -159 0 -1 0 0 0 32002 32002 0 0 0 0 0 3642
WIT 11 -225 -224 -149 -170 -288 0 0 0 0 -163 0 -1 0 0 0 32002 32002 0 0 0 0 0 2721
WIT 14 -225 -224 -199 -226 -261 0 0 0 0 -215 0 -1 0 0 0 32002 32002 0 0 0 0 0 3699
WIT 7 -225 -224 -153 -159 -162 0 0 0 0 -224 0 -1 0 0 0 32002 32002 0 0 0 0 0 3363
WIT 10 -225 -224 -196 -215 -215 2137 0 0 0 32002 0 -1 0 0 0 32002 32002 0 0 0 0 0 0
WIT 8 -225 -224 -179 -186 -252 0 0 0 0 -203 0 -1 0 0 0 32002 32002 0 0 0 0 0 2137
WIT 10 -225 -224 -180 -189 -198 0 0 0 0 -224 0 -1 0 0 0 32002 32002 0 0 0 0 0 4013
WIT 6 224 225 226 221 189 0 0 0 0 227 0 -1 0 0 0 32002 32002 0 0 0 0 0 1187
WIT 12 -225 -224 -196 -207 -207 2137 0 0 0 32002 0 -1 0 0 0 32002 32002 0 0 0 0 0 0
WIT 12 -225 -224 -182 -205 -409 0 0 0 0 -156 0 -1 0 0 0 32002 32002 0 0 0 0 0 2721
WIT 10 -225 -224 -151 -160 -60 3833 1 0 0 32002 0 -1 0 0 0 32002 32002 0 0 0 0 0 0
WIT 14 -225 -224 -199 -226 -244 0 0 0 0 -224 0 -1 0 0 0 32002 32002 0 0 0 0 0 3308
WIT 9 -225 -224 -99 -107 114 2931 1 0 0 32002 0 -1 0 0 0 32002 32002 0 0 0 0 0 0
WIT 11 -225 -224 -181 -191 -239 0 0 0 0 -206 0 -1 0 0 0 32002 32002 0 0 0 0 0 4013
WIT 8 -225 -224 -168 -175 -243 0 0 0 0 -161 0 -1 0 0 0 32002 32002 0 0 0 0 0 4013
WIT 11 -225 -224 -167 -188 -252 0 0 0 0 -224 0 -1 0 0 0 32002 32002 0 0 0 0 0 4013
WIT 14 -225 -224 -230 -257 -335 0 0 0 0 -224 0 -1 0 0 0 32002 32002 0 0 0 0 0 3308
WIT 6 -48 -47 72 67 58 0 0 0 0 34 0 -1 0 0 0 32002 32002 0 0 0 0 0 3171
WIT 13 -225 -224 -230 -255 -262 0 0 0 0 -224 0 -1 0 0 0 32002 32002 0 0 0 0 0 2137
WIT 6 -225 -224 63 58 -418 0 0 1 0 -153 0 -1 0 0 0 32002 32002 0 0 0 0 0 3502
WIT 13 -225 -224 -197 -222 -264 0 0 0 0 -177 0 -1 0 0 0 32002 32002 0 0 0 0 0 2138
WIT 9 -225 -224 -193 -210 -210 4013 0 0 0 32002 0 -1 0 0 0 32002 32002 0 0 0 0 0 0
WIT 11 -225 -224 -196 -217 -226 0 0 0 0 -193 0 -1 0 0 0 32002 32002 0 0 0 0 0 2721
WIT 11 -225 -224 -202 -223 -256 0 0 0 0 -224 0 -1 0 0 0 32002 32002 0 0 0 0 0 3306
WIT 11 -225 -224 -171 -192 -245 0 0 0 0 -196 0 -1 0 0 0 32002 32002 0 0 0 0 0 2721
WIT 7 -225 -224 -199 -205 -205 4013 0 0 0 32002 0 -1 0 0 0 32002 32002 0 0 0 0 0 0
WIT 12 -225 -224 -230 -253 -260 0 0 0 0 -224 0 -1 0 0 0 32002 32002 0 0 0 0 0 2657
WIT 12 -225 -224 -197 -220 -220 4013 0 0 0 32002 0 -1 0 0 0 32002 32002 0 0 0 0 0 0
WIT 11 -225 -224 -199 -209 -166 4013 0 0 0 32002 0 -1 0 0 0 32002 32002 0 0 0 0 0 0
WIT 11 -225 -224 -199 -209 -100 4013 0 0 0 32002 0 -1 0 0 0 32002 32002 0 0 0 0 0 0
WIT 11 -225 -224 -186 -196 -158 4013 0 0 0 32002 0 -1 0 0 0 32002 32002 0 0 0 0 0 0
WIT 11 -225 -224 -198 -208 -153 4013 0 0 0 32002 0 -1 0 0 0 32002 32002 0 0 0 0 0 0
WIT 12 -225 -224 -221 -244 -244 4013 0 0 1 -220 0 -1 0 0 0 32002 32002 0 0 0 0 0 2137
WIT 11 -225 -224 -222 -243 -272 0 0 0 0 -220 0 -1 0 0 0 32002 32002 0 0 0 0 0 2657
WIT 11 -225 -224 -163 -173 -148 4013 0 0 0 32002 0 -1 0 0 0 32002 32002 0 0 0 0 0 0
WIT 11 -225 -224 -199 -209 -156 4013 0 0 0 32002 0 -1 0 0 0 32002 32002 0 0 0 0 0 0
WIT 12 -225 -224 -196 -207 -194 4013 0 0 0 32002 0 -1 0 0 0 32002 32002 0 0 0 0 0 0
WIT 11 -225 -224 -190 -211 -185 2723 1 0 0 32002 0 -1 0 0 0 32002 32002 0 0 0 0 0 0
WIT 11 -225 -224 -192 -202 -199 4013 0 0 0 32002 0 -1 0 0 0 32002 32002 0 0 0 0 0 0
WIT 11 -225 -224 -199 -209 -172 4013 0 0 0 32002 0 -1 0 0 0 32002 32002 0 0 0 0 0 0
WIT 11 -225 -224 -199 -220 -210 2723 1 0 0 32002 0 -1 0 0 0 32002 32002 0 0 0 0 0 0
WIT 7 16 17 145 139 124 0 0 0 0 58 0 -1 0 0 0 32002 32002 0 0 0 0 0 4013
WIT 12 -225 -224 -199 -222 -224 0 0 0 0 -224 0 -1 0 0 0 32002 32002 0 0 0 0 0 3699
WIT 11 -225 -224 -151 -161 -161 3826 0 0 0 32002 0 -1 0 0 0 32002 32002 0 0 0 0 0 0
WIT 7 -225 -224 -187 -193 -236 0 0 1 0 -201 0 -1 0 0 0 32002 32002 0 0 0 0 0 3502
WIT 9 -225 -224 -188 -205 -364 0 0 0 0 -203 0 -1 0 0 0 32002 32002 0 0 0 0 0 3436
WIT 13 -225 -224 -199 -224 -280 0 0 0 0 -224 0 -1 0 0 0 32002 32002 0 0 0 0 0 3308
WIT 6 224 225 274 269 218 0 0 0 0 281 0 -1 0 0 0 32002 32002 0 0 0 0 0 1577
WIT 12 -225 -224 -166 -189 -242 0 0 0 0 -187 0 -1 0 0 0 32002 32002 0 0 0 0 0 2138
WIT 10 -225 -224 -41 -60 -67 0 0 0 0 -213 0 -1 0 0 0 32002 32002 0 0 0 0 0 2721
WIT 10 -225 -224 -199 -218 -219 0 0 0 0 -224 0 -1 0 0 0 32002 32002 0 0 0 0 0 3306
WIT 6 -225 -224 -199 -204 -182 2137 0 0 0 32002 0 -1 0 0 0 32002 32002 0 0 0 0 0 0
WIT 12 -225 -224 -199 -222 -246 0 0 0 0 -224 0 -1 0 0 0 32002 32002 0 0 0 0 0 2657
WIT 11 -225 -224 -199 -220 -218 4013 0 0 0 32002 0 -1 0 0 0 32002 32002 0 0 0 0 0 0
WIT 11 -225 -224 -232 -253 -213 2723 1 0 0 32002 0 -1 0 0 0 32002 32002 0 0 0 0 0 0
WIT 12 -225 -224 -192 -203 -173 2723 1 0 0 32002 0 -1 0 0 0 32002 32002 0 0 0 0 0 0
WIT 9 -212 -211 -116 -124 -143 0 0 0 0 -153 0 -1 0 0 0 32002 32002 0 0 0 0 0 2918
WIT 7 -212 -211 -143 -149 -458 0 0 1 0 -148 0 -1 0 0 0 32002 32002 0 0 0 0 0 3502
WIT 8 -212 -211 -26 -33 -38 0 0 0 0 3 0 -1 0 0 0 32002 32002 0 0 0 0 0 2918
WIT 7 -212 -211 -123 -129 -99 2268 1 0 0 32002 0 -1 0 0 0 32002 32002 0 0 0 0 0 0
WIT 7 -212 -211 17 11 113 2851 1 0 0 32002 0 -1 0 0 0 32002 32002 0 0 0 0 0 0
WIT 7 -212 -211 -176 -182 -416 0 0 0 0 -169 0 -1 0 0 0 32002 32002 0 0 0 0 0 3308
WIT 8 -224 -211 -224 -231 -234 0 0 0 0 -173 0 -1 0 0 0 32002 32002 0 0 0 0 0 3437
WIT 9 211 212 316 308 286 0 0 0 0 227 0 -1 0 0 0 32002 32002 0 0 0 0 0 1185
WIT 6 211 212 406 401 412 2284 1 0 0 32002 0 -1 0 0 0 32002 32002 0 0 0 0 0 0
WIT 8 211 212 243 236 235 0 0 0 0 237 0 -1 0 0 0 32002 32002 0 0 0 0 0 2460
WIT 9 211 212 241 233 195 0 0 0 0 234 0 -1 0 0 0 32002 32002 0 0 0 0 0 1185
WIT 8 211 212 235 220 171 0 0 0 0 201 0 -1 0 0 0 32002 32002 0 0 0 0 0 0
WIT 7 -212 -211 -203 -209 -188 3892 0 1 0 32002 0 -1 0 0 0 32002 32002 0 0 0 0 0 0
WIT 7 -212 -211 -204 -217 -250 0 0 0 0 -188 0 -1 0 0 0 32002 32002 0 0 0 0 0 3157
WIT 9 -212 -211 -211 -219 -171 0 0 0 0 32002 0 -1 0 0 0 32002 32002 0 0 0 0 0 0
WIT 8 -212 -211 -123 -130 -105 3929 0 0 0 32002 0 -1 0 0 0 32002 32002 0 0 0 0 0 0
WIT 8 -212 -211 -221 -228 -715 0 0 1 0 -208 0 -1 0 0 0 32002 32002 0 0 0 0 0 3947
WIT 8 211 224 219 212 196 0 0 0 0 211 0 -1 0 0 0 32002 32002 0 0 0 0 0 0
WIT 7 211 224 218 212 2 0 0 0 0 211 0 -1 0 0 0 32002 32002 0 0 0 0 0 0
WIT 10 -212 -211 -140 -149 -149 4013 0 0 0 32002 0 -1 0 0 0 32002 32002 0 0 0 0 0 0
WIT 8 211 212 59 52 -6 0 0 0 0 211 0 -1 0 0 0 32002 32002 0 0 0 0 0 0
WIT 9 -212 -211 -121 -138 -177 0 0 0 0 -57 0 -1 0 0 0 32002 32002 0 0 0 0 0 2268
WIT 9 -212 -211 -123 -131 -126 2137 0 0 0 32002 0 -1 0 0 0 32002 32002 0 0 0 0 0 0
WIT 10 -224 -211 -224 -233 -233 2137 0 0 1 -211 0 -1 0 0 0 32002 32002 0 0 0 0 0 2723
WIT 8 -212 -211 -215 -222 -210 3567 0 0 0 32002 0 -1 0 0 0 32002 32002 0 0 0 0 0 0
WIT 8 -212 -211 -143 -150 -147 3567 0 0 0 32002 0 -1 0 0 0 32002 32002 0 0 0 0 0 0
WIT 7 -212 -211 -67 -73 -174 0 0 0 0 -23 0 -1 0 0 0 32002 32002 0 0 0 0 0 3436
WIT 13 -212 -211 -215 -227 -218 3828 0 0 1 -210 0 -1 0 0 0 32002 32002 0 0 0 0 0 4013
WIT 9 -212 -211 -215 -223 -203 2137 0 0 0 32002 0 -1 0 0 0 32002 32002 0 0 0 0 0 0
WIT 9 -212 -211 -168 -176 -176 2137 0 0 0 32002 0 -1 0 0 0 32002 32002 0 0 0 0 0 0
WIT 6 -35 -34 173 168 389 3690 0 1 0 32002 0 -1 0 0 0 32002 32002 0 0 0 0 0 0
WIT 11 -212 -211 -140 -150 -239 0 0 0 0 -196 0 -1 0 0 0 32002 32002 0 0 0 0 0 3436
WIT 13 -212 -211 -215 -240 -321 0 0 0 0 -211 0 -1 0 0 0 32002 32002 0 0 0 0 0 3308
WIT 7 -212 -211 80 74 -3 0 0 1 0 188 0 -1 0 0 0 32002 32002 0 0 0 0 0 3381
WIT 8 -212 -211 -171 -186 -192 0 0 0 0 -180 0 -1 0 0 0 32002 32002 0 0 0 0 0 2721
WIT 9 -212 -211 -217 -225 -281 0 0 0 0 -156 0 -1 0 0 0 32002 32002 0 0 0 0 0 2721
WIT 6 -212 -211 27 22 -362 0 0 1 0 -13 0 -1 0 0 0 32002 32002 0 0 0 0 0 3381
WIT 7 -212 -211 -198 -204 -217 0 0 0 0 -194 0 -1 0 0 0 32002 32002 0 0 0 0 0 3567
WIT 9 -212 -211 -113 -130 -754 0 0 1 0 -87 0 -1 0 0 0 32002 32002 0 0 0 0 0 3381
WIT 8 -212 -211 -217 -232 -283 0 0 0 0 -195 0 -1 0 0 0 32002 32002 0 0 0 0 0 3308
WIT 10 -212 -211 -222 -231 -201 3308 1 0 0 32002 0 -1 0 0 0 32002 32002 0 0 0 0 0 0
WIT 8 -212 -211 -193 -200 -200 3373 0 0 0 32002 0 -1 0 0 0 32002 32002 0 0 0 0 0 0
WIT 7 -212 -211 -159 -165 -77 3308 1 0 0 32002 0 -1 0 0 0 32002 32002 0 0 0 0 0 0
WIT 6 -212 -211 -220 -225 -148 3690 1 0 0 32002 0 -1 0 0 0 32002 32002 0 0 0 0 0 0
WIT 7 -212 -211 -222 -235 -273 0 0 0 0 -201 0 -1 0 0 0 32002 32002 0 0 0 0 0 3567
WIT 8 -212 -211 -224 -239 -641 0 0 1 0 -92 0 -1 0 0 0 32002 32002 0 0 0 0 0 3381
WIT 7 -212 -211 -218 -231 -248 0 0 0 0 -195 0 -1 0 0 0 32002 32002 0 0 0 0 0 3306
WIT 13 -212 -211 -224 -249 -246 3821 0 0 1 -208 0 -1 0 0 0 32002 32002 0 0 0 0 0 3828
WIT 6 -212 -211 -220 -225 -253 0 0 0 0 -187 0 -1 0 0 0 32002 32002 0 0 0 0 0 3308
WIT 11 -212 -211 -220 -241 -241 3821 0 0 1 -191 0 -1 0 0 0 32002 32002 0 0 0 0 0 2137
WIT 11 -212 -211 -215 -236 -228 3690 1 0 0 -211 0 -1 0 0 0 32002 32002 0 0 0 0 0 3306
WIT 11 -212 -211 -214 -224 -220 3956 0 0 1 -209 0 -1 0 0 0 32002 32002 0 0 0 0 0 3437
WIT 11 -224 -211 -224 -234 -247 0 0 0 0 -211 0 -1 0 0 0 32002 32002 0 0 0 0 0 2657
WIT 10 -212 -211 -224 -243 -227 2137 0 0 1 -211 0 -1 0 0 0 32002 32002 0 0 0 0 0 4013
WIT 9 -212 -211 -62 -70 -231 0 0 0 0 -95 0 -1 0 0 0 32002 32002 0 0 0 0 0 4013
WIT 8 -212 -211 -123 -130 -639 0 0 0 0 -134 0 -1 0 0 0 32002 32002 0 0 0 0 0 2721
WIT 7 -212 -211 -191 -197 -569 0 0 0 0 -197 0 -1 0 0 0 32002 32002 0 0 0 0 0 3436
WIT 9 -212 -211 -192 -209 -279 0 0 0 0 -211 0 -1 0 0 0 32002 32002 0 0 0 0 0 2657
WIT 14 -212 -211 -193 -220 -215 2657 0 0 1 -211 0 -1 0 0 0 32002 32002 0 0 0 0 0 3699
WIT 14 -212 -211 92 79 78 0 0 1 0 -119 0 -1 0 0 0 32002 32002 0 0 0 0 0 3893
WIT 8 -212 -211 -196 -203 296 3502 0 1 0 32002 0 -1 0 0 0 32002 32002 0 0 0 0 0 0
WIT 12 -212 -211 -198 -221 -291 0 0 0 0 -14 0 -1 0 0 0 32002 32002 0 0 0 0 0 3436
WIT 10 -212 -211 -224 -243 -222 3699 0 0 1 -177 0 -1 0 0 0 32002 32002 0 0 0 0 0 2657
WIT 8 -212 -211 -100 -107 -86 2657 0 0 0 32002 0 -1 0 0 0 32002 32002 0 0 0 0 0 0
WIT 8 -212 -211 -191 -198 -154 2657 0 0 0 32002 0 -1 0 0 0 32002 32002 0 0 0 0 0 0
WIT 8 -212 -211 -188 -195 -187 4013 0 0 0 32002 0 -1 0 0 0 32002 32002 0 0 0 0 0 0
WIT 8 -212 -211 -204 -211 -196 3699 0 0 0 32002 0 -1 0 0 0 32002 32002 0 0 0 0 0 0
WIT 7 -212 -211 -207 -213 -145 3699 0 0 0 32002 0 -1 0 0 0 32002 32002 0 0 0 0 0 0
WIT 7 -212 -211 -204 -210 -149 3699 0 0 0 32002 0 -1 0 0 0 32002 32002 0 0 0 0 0 0
WIT 9 -212 -211 -234 -242 -218 3699 0 0 1 -211 0 -1 0 0 0 32002 32002 0 0 0 0 0 2657
WIT 14 -212 -211 -224 -251 -293 0 0 0 0 -211 0 -1 0 0 0 32002 32002 0 0 0 0 0 3308
WIT 13 -212 -211 -224 -236 -218 3690 1 0 0 -211 0 -1 0 0 0 32002 32002 0 0 0 0 0 3306
WIT 8 -212 -211 -224 -239 -210 3699 0 0 0 32002 0 -1 0 0 0 32002 32002 0 0 0 0 0 0
WIT 8 -212 -211 -224 -239 -280 0 0 0 0 -210 0 -1 0 0 0 32002 32002 0 0 0 0 0 3308
WIT 13 -212 -211 -224 -249 -235 4013 0 0 1 -210 0 -1 0 0 0 32002 32002 0 0 0 0 0 2137
WIT 12 -212 -211 -196 -219 -109 2137 0 0 0 32002 0 -1 0 0 0 32002 32002 0 0 0 0 0 0
WIT 12 -212 -211 -167 -190 -226 0 0 0 0 -163 0 -1 0 0 0 32002 32002 0 0 0 0 0 2721
WIT 11 -212 -211 -96 -117 -332 0 0 1 0 -199 0 -1 0 0 0 32002 32002 0 0 0 0 0 3502
WIT 12 -212 -211 -132 -155 -426 0 0 0 0 -199 0 -1 0 0 0 32002 32002 0 0 0 0 0 3436
WIT 13 -212 -211 -215 -240 -261 0 0 0 0 -199 0 -1 0 0 0 32002 32002 0 0 0 0 0 3699
WIT 13 -212 -211 -196 -208 -207 2137 0 0 0 32002 0 -1 0 0 0 32002 32002 0 0 0 0 0 0
WIT 10 -212 -211 -224 -233 -294 0 0 0 0 -211 0 -1 0 0 0 32002 32002 0 0 0 0 0 2915
WIT 8 -212 -211 -224 -239 -288 0 0 0 0 -211 0 -1 0 0 0 32002 32002 0 0 0 0 0 4013
WIT 7 -212 -211 -224 -230 -321 0 0 0 0 -211 0 -1 0 0 0 32002 32002 0 0 0 0 0 3699
WIT 11 -212 -211 -224 -245 -227 3699 0 0 1 -211 0 -1 0 0 0 32002 32002 0 0 0 0 0 2137
WIT 11 -212 -211 -132 -142 -52 3821 0 0 0 32002 0 -1 0 0 0 32002 32002 0 0 0 0 0 0
WIT 11 -212 -211 -144 -165 -203 0 0 0 0 -211 0 -1 0 0 0 32002 32002 0 0 0 0 0 3436
WIT 10 -212 -211 -151 -160 -60 3833 1 0 0 32002 0 -1 0 0 0 32002 32002 0 0 0 0 0 0
WIT 7 -212 -211 -156 -162 -138 4013 0 0 0 32002 0 -1 0 0 0 32002 32002 0 0 0 0 0 0
WIT 13 -212 -211 -224 -249 -252 0 0 0 0 -211 0 -1 0 0 0 32002 32002 0 0 0 0 0 3308
WIT 7 -212 -211 -205 -211 -280 0 0 0 0 -211 0 -1 0 0 0 32002 32002 0 0 0 0 0 3699
WIT 12 -212 -211 -224 -247 -227 3699 0 0 1 -211 0 -1 0 0 0 32002 32002 0 0 0 0 0 4013
WIT 12 -212 -211 -211 -234 -297 0 0 0 0 -211 0 -1 0 0 0 32002 32002 0 0 0 0 0 2915
WIT 9 -212 -211 -223 -231 -148 0 0 0 0 32002 0 -1 0 0 0 32002 32002 0 0 0 0 0 0
WIT 11 -212 -211 -211 -232 -292 0 0 0 0 -211 0 -1 0 0 0 32002 32002 0 0 0 0 0 4013
WIT 7 -212 -211 -179 -185 -141 3956 0 0 0 32002 0 -1 0 0 0 32002 32002 0 0 0 0 0 0
WIT 12 -212 -211 -224 -247 -342 0 0 0 0 -211 0 -1 0 0 0 32002 32002 0 0 0 0 0 3308
WIT 7 -35 -34 23 17 40 4013 0 0 0 32002 0 -1 0 0 0 32002 32002 0 0 0 0 0 0
WIT 11 -212 -211 -224 -234 -243 0 0 0 0 -211 0 -1 0 0 0 32002 32002 0 0 0 0 0 3306
WIT 11 -212 -211 -224 -245 -252 0 0 0 0 -211 0 -1 0 0 0 32002 32002 0 0 0 0 0 2137
WIT 9 -212 -211 -193 -210 -210 4013 0 0 0 32002 0 -1 0 0 0 32002 32002 0 0 0 0 0 0
WIT 11 -212 -211 -224 -245 -279 0 0 0 0 -211 0 -1 0 0 0 32002 32002 0 0 0 0 0 3306
WIT 7 -212 -211 -199 -205 -205 4013 0 0 0 32002 0 -1 0 0 0 32002 32002 0 0 0 0 0 0
WIT 12 -212 -211 -224 -247 -250 0 0 0 0 -211 0 -1 0 0 0 32002 32002 0 0 0 0 0 2657
WIT 12 -212 -211 -195 -218 -218 4013 0 0 1 -193 0 -1 0 0 0 32002 32002 0 0 0 0 0 2657
WIT 13 -212 -211 -151 -163 -142 2137 0 0 0 32002 0 -1 0 0 0 32002 32002 0 0 0 0 0 0
WIT 13 -212 -211 -224 -236 -168 3559 0 0 0 32002 0 -1 0 0 0 32002 32002 0 0 0 0 0 0
WIT 9 29 30 53 45 -8 0 0 0 0 57 0 -1 0 0 0 32002 32002 0 0 0 0 0 4013
WIT 12 -212 -211 -224 -247 -255 0 0 0 0 -211 0 -1 0 0 0 32002 32002 0 0 0 0 0 3699
WIT 12 -212 -211 -202 -213 -226 0 0 0 0 -211 0 -1 0 0 0 32002 32002 0 0 0 0 0 3826
WIT 6 -212 -211 -46 -51 -98 0 0 0 0 -192 0 -1 0 0 0 32002 32002 0 0 0 0 0 2355
WIT 7 -212 -211 -224 -230 -229 4013 0 0 1 -169 0 -1 0 0 0 32002 32002 0 0 0 0 0 3826
WIT 8 -212 -211 -208 -215 -205 4013 0 0 0 32002 0 -1 0 0 0 32002 32002 0 0 0 0 0 0
WIT 11 -212 -211 -223 -233 -235 0 0 0 0 -211 0 -1 0 0 0 32002 32002 0 0 0 0 0 3699
WIT 6 -35 -34 62 57 189 3690 0 1 0 32002 0 -1 0 0 0 32002 32002 0 0 0 0 0 0
WIT 9 -212 -211 -204 -212 124 3828 0 1 0 32002 0 -1 0 0 0 32002 32002 0 0 0 0 0 0
WIT 10 -212 -211 -203 -222 -255 0 0 1 0 -208 0 -1 0 0 0 32002 32002 0 0 0 0 0 3502
WIT 12 -212 -211 -204 -227 -376 0 0 0 0 -208 0 -1 0 0 0 32002 32002 0 0 0 0 0 3436
WIT 12 -212 -211 -224 -247 -298 0 0 0 0 -211 0 -1 0 0 0 32002 32002 0 0 0 0 0 3308
WIT 11 -212 -211 -213 -234 -248 0 0 0 0 -183 0 -1 0 0 0 32002 32002 0 0 0 0 0 2721
WIT 10 -212 -211 -224 -243 -244 0 0 0 0 -211 0 -1 0 0 0 32002 32002 0 0 0 0 0 3306
WIT 7 -212 -211 -199 -205 -183 2137 0 0 0 32002 0 -1 0 0 0 32002 32002 0 0 0 0 0 0
WIT 12 -212 -211 -224 -247 -254 0 0 0 0 -211 0 -1 0 0 0 32002 32002 0 0 0 0 0 2657
WIT 11 -212 -211 -199 -209 -100 4013 0 0 0 32002 0 -1 0 0 0 32002 32002 0 0 0 0 0 0
WIT 11 -212 -211 -199 -209 -166 4013 0 0 0 32002 0 -1 0 0 0 32002 32002 0 0 0 0 0 0
WIT 11 -212 -211 -186 -196 -158 4013 0 0 0 32002 0 -1 0 0 0 32002 32002 0 0 0 0 0 0
WIT 12 -212 -211 -220 -243 -243 4013 0 0 1 -203 0 -1 0 0 0 32002 32002 0 0 0 0 0 2137
WIT 12 -212 -211 -154 -177 -220 0 0 0 0 -143 0 -1 0 0 0 32002 32002 0 0 0 0 0 2721
WIT 12 -212 -211 -136 -147 -139 2137 0 0 0 32002 0 -1 0 0 0 32002 32002 0 0 0 0 0 0
WIT 10 -212 -211 -186 -195 -234 0 0 0 0 -210 0 -1 0 0 0 32002 32002 0 0 0 0 0 3436
WIT 12 -212 -211 -199 -222 -242 0 0 0 0 -210 0 -1 0 0 0 32002 32002 0 0 0 0 0 3308
WIT 9 -212 -211 -194 -202 -200 3821 0 0 0 32002 0 -1 0 0 0 32002 32002 0 0 0 0 0 0
WIT 10 -212 -211 -199 -218 -221 0 0 0 0 -210 0 -1 0 0 0 32002 32002 0 0 0 0 0 3306
WIT 11 -212 -211 -220 -241 -271 0 0 0 0 -210 0 -1 0 0 0 32002 32002 0 0 0 0 0 2657
WIT 7 -212 -211 -192 -205 -214 0 0 0 0 -221 0 -1 0 0 0 32002 32002 0 0 0 0 0 2137
WIT 7 -212 -211 -177 -190 -178 3699 0 0 0 32002 0 -1 0 0 0 32002 32002 0 0 0 0 0 0
WIT 7 -212 -211 -224 -237 -237 3699 0 0 1 -211 0 -1 0 0 0 32002 32002 0 0 0 0 0 2137
WIT 7 -212 -211 -189 -202 -220 0 0 0 0 -211 0 -1 0 0 0 32002 32002 0 0 0 0 0 3308
WIT 7 -212 -211 -208 -214 -259 0 0 0 0 -211 0 -1 0 0 0 32002 32002 0 0 0 0 0 3306
WIT 12 -212 -211 -197 -220 -220 4013 0 0 1 -211 0 -1 0 0 0 32002 32002 0 0 0 0 0 2657
WIT 11 -212 -211 -163 -173 -148 4013 0 0 0 32002 0 -1 0 0 0 32002 32002 0 0 0 0 0 0
WIT 11 -212 -211 -199 -209 -156 4013 0 0 0 32002 0 -1 0 0 0 32002 32002 0 0 0 0 0 0
WIT 11 -212 -211 -190 -211 -185 2723 1 0 0 32002 0 -1 0 0 0 32002 32002 0 0 0 0 0 0
WIT 11 -212 -211 -204 -214 -209 4013 0 0 0 32002 0 -1 0 0 0 32002 32002 0 0 0 0 0 0
WIT 12 -212 -211 -224 -235 -190 4013 0 0 0 32002 0 -1 0 0 0 32002 32002 0 0 0 0 0 0
WIT 11 -212 -211 -192 -202 -199 4013 0 0 0 32002 0 -1 0 0 0 32002 32002 0 0 0 0 0 0
WIT 11 -212 -211 -199 -209 -199 4013 0 0 0 32002 0 -1 0 0 0 32002 32002 0 0 0 0 0 0
WIT 12 -212 -211 -196 -207 -190 2851 1 0 0 32002 0 -1 0 0 0 32002 32002 0 0 0 0 0 0
WIT 11 -212 -211 -224 -234 -180 2851 1 0 0 32002 0 -1 0 0 0 32002 32002 0 0 0 0 0 0
WIT 11 -212 -211 -199 -220 -187 2723 1 0 0 32002 0 -1 0 0 0 32002 32002 0 0 0 0 0 0
WIT 6 -212 -211 -231 -236 -158 3308 1 0 0 32002 0 -1 0 0 0 32002 32002 0 0 0 0 0 0
WIT 11 -212 -211 -232 -253 -253 4013 0 0 1 -181 0 -1 0 0 0 32002 32002 0 0 0 0 0 2657
WIT 12 -212 -211 -224 -247 -185 2723 1 0 0 32002 0 -1 0 0 0 32002 32002 0 0 0 0 0 0
WIT 12 -212 -211 -192 -203 -201 2723 1 0 0 32002 0 -1 0 0 0 32002 32002 0 0 0 0 0 0
WIT 7 -212 -211 -198 -204 -226 0 0 0 0 -169 0 -1 0 0 0 32002 32002 0 0 0 0 0 3308
WIT 12 -212 -211 -199 -222 -218 4013 0 0 1 -208 0 -1 0 0 0 32002 32002 0 0 0 0 0 2657
WIT 7 -211 -194 -150 -156 -225 0 0 0 0 -194 0 -1 0 0 0 32002 32002 0 0 0 0 0 2918
WIT 8 -195 -194 -155 -170 -465 0 0 1 0 -142 0 -1 0 0 0 32002 32002 0 0 0 0 0 3502
WIT 9 -195 -194 -138 -146 40 3893 0 1 0 32002 0 -1 0 0 0 32002 32002 0 0 0 0 0 0
WIT 7 -195 -194 -143 -149 -147 3892 0 1 0 32002 0 -1 0 0 0 32002 32002 0 0 0 0 0 0
WIT 8 -195 -194 -173 -188 -409 0 0 0 0 -147 0 -1 0 0 0 32002 32002 0 0 0 0 0 3308
WIT 7 -195 -194 -123 -129 -99 2268 1 0 0 32002 0 -1 0 0 0 32002 32002 0 0 0 0 0 0
WIT 9 -211 -194 -176 -184 -185 0 0 0 0 -194 0 -1 0 0 0 32002 32002 0 0 0 0 0 3437
WIT 8 194 195 201 194 95 0 0 0 0 213 0 -1 0 0 0 32002 32002 0 0 0 0 0 1372
WIT 6 194 195 227 222 208 0 0 0 0 227 0 -1 0 0 0 32002 32002 0 0 0 0 0 2485
WIT 8 194 195 239 232 239 0 0 0 0 32002 0 -1 0 0 0 32002 32002 0 0 0 0 0 0
WIT 8 194 195 237 222 179 0 0 0 0 200 0 -1 0 0 0 32002 32002 0 0 0 0 0 2485
WIT 13 -195 -194 -201 -226 -227 0 0 0 0 -198 0 -1 0 0 0 32002 32002 0 0 0 0 0 0
WIT 12 -195 -194 -201 -224 -228 0 0 0 0 -197 0 -1 0 0 0 32002 32002 0 0 0 0 0 0
WIT 7 -211 -210 -451 -457 -409 3299 0 0 1 -292 1 1 8304 1 1 -211 -197 0 0 0 0 31 3299
WIT 7 210 211 200 194 141 0 0 0 0 208 0 -1 0 0 0 32002 32002 0 0 0 0 0 0
WIT 7 194 211 198 192 155 0 0 0 0 194 0 -1 0 0 0 32002 32002 0 0 0 0 0 0
WIT 8 -195 -194 -190 -205 -232 0 0 0 0 -193 0 -1 0 0 0 32002 32002 0 0 0 0 0 3157
WIT 7 194 211 197 191 180 0 0 0 0 194 0 -1 0 0 0 32002 32002 0 0 0 0 0 0
WIT 11 -195 -194 -211 -232 -217 3559 0 0 1 -183 0 -1 0 0 0 32002 32002 0 0 0 0 0 4015
WIT 11 -195 -194 -53 -63 -424 0 0 1 0 -194 0 -1 0 0 0 32002 32002 0 0 0 0 0 3947
WIT 10 -195 -194 -197 -206 -139 4013 0 0 0 32002 0 -1 0 0 0 32002 32002 0 0 0 0 0 0
WIT 7 -195 -194 -211 -217 -122 3299 0 0 0 32002 0 -1 0 0 0 32002 32002 0 0 0 0 0 0
WIT 7 -195 -194 -211 -217 -222 0 0 0 0 -171 0 -1 0 0 0 32002 32002 0 0 0 0 0 4013
WIT 10 -195 -194 -211 -230 -278 0 0 0 0 -194 0 -1 0 0 0 32002 32002 0 0 0 0 0 3688
WIT 10 -195 -194 -211 -230 -231 0 0 0 0 -194 0 -1 0 0 0 32002 32002 0 0 0 0 0 2268
WIT 10 -195 -194 -140 -149 -123 0 0 0 0 32002 0 -1 0 0 0 32002 32002 0 0 0 0 0 0
WIT 12 -195 -194 -211 -222 -130 0 0 0 0 32002 0 -1 0 0 0 32002 32002 0 0 0 0 0 0
WIT 10 -195 -194 -164 -173 -115 3690 0 0 0 32002 0 -1 0 0 0 32002 32002 0 0 0 0 0 0
WIT 10 -195 -194 -71 -90 -123 0 0 0 0 -57 0 -1 0 0 0 32002 32002 0 0 0 0 0 2268
WIT 9 -195 -194 -123 -131 -126 2137 0 0 0 32002 0 -1 0 0 0 32002 32002 0 0 0 0 0 0
WIT 11 -211 -194 -211 -221 -219 2137 0 0 1 -194 0 -1 0 0 0 32002 32002 0 0 0 0 0 2723
WIT 9 -195 -194 -210 -218 -199 3828 0 0 1 -178 0 -1 0 0 0 32002 32002 0 0 0 0 0 4013
WIT 6 -195 -194 -215 -220 -206 2137 0 0 1 -179 0 -1 0 0 0 32002 32002 0 0 0 0 0 3699
WIT 7 -195 -194 -168 -174 -166 2137 0 0 0 32002 0 -1 0 0 0 32002 32002 0 0 0 0 0 0
WIT 8 -195 -194 -151 -158 -24 3821 0 0 0 32002 0 -1 0 0 0 32002 32002 0 0 0 0 0 0
WIT 7 -195 -194 -158 -164 -167 0 0 1 0 -153 0 -1 0 0 0 32002 32002 0 0 0 0 0 3502
WIT 7 -195 -194 -79 -85 -70 3828 0 0 0 32002 0 -1 0 0 0 32002 32002 0 0 0 0 0 0
WIT 9 -195 -194 -196 -204 -151 3699 0 0 0 32002 0 -1 0 0 0 32002 32002 0 0 0 0 0 0
WIT 7 -195 -194 -197 -210 -277 0 0 0 0 -157 0 -1 0 0 0 32002 32002 0 0 0 0 0 3436
WIT 14 -195 -194 -211 -238 -228 3690 1 0 0 -181 0 -1 0 0 0 32002 32002 0 0 0 0 0 3306
WIT 9 -195 -194 -103 -120 -563 0 0 1 0 -89 0 -1 0 0 0 32002 32002 0 0 0 0 0 3381
WIT 9 -195 -194 -196 -213 -213 3690 1 0 0 -194 0 -1 0 0 0 32002 32002 0 0 0 0 0 3306
WIT 9 -195 -194 -197 -214 -566 0 0 1 0 -61 0 -1 0 0 0 32002 32002 0 0 0 0 0 3381
WIT 8 -195 -194 -193 -200 -200 3373 0 0 1 -189 0 -1 0 0 0 32002 32002 0 0 0 0 0 2137
WIT 7 -195 -194 -222 -228 -202 3308 1 0 0 -136 0 -1 0 0 0 32002 32002 0 0 0 0 0 3046
WIT 7 -195 -194 -159 -165 -77 3308 1 0 0 32002 0 -1 0 0 0 32002 32002 0 0 0 0 0 0
WIT 8 -195 -194 -202 -217 -256 0 0 0 0 -194 0 -1 0 0 0 32002 32002 0 0 0 0 0 3567
WIT 7 -195 -194 -208 -221 -221 2137 0 0 1 -184 0 -1 0 0 0 32002 32002 0 0 0 0 0 3567
WIT 7 -195 -194 -195 -208 -208 2137 0 0 1 -194 0 -1 0 0 0 32002 32002 0 0 0 0 0 3567
WIT 7 -195 -194 -196 -209 -263 0 0 0 0 -194 0 -1 0 0 0 32002 32002 0 0 0 0 0 3308
WIT 14 -195 -194 -208 -235 -226 3821 0 0 1 -194 0 -1 0 0 0 32002 32002 0 0 0 0 0 3828
WIT 9 -195 -194 -211 -219 -219 2137 0 0 1 -186 0 -1 0 0 0 32002 32002 0 0 0 0 0 3821
WIT 12 -195 -194 -60 -83 -186 0 0 0 0 -11 0 -1 0 0 0 32002 32002 0 0 0 0 0 2721
WIT 11 -195 -194 -179 -189 -189 3821 0 0 0 32002 0 -1 0 0 0 32002 32002 0 0 0 0 0 0
WIT 6 -195 -194 -215 -220 -220 3821 0 0 1 -149 0 -1 0 0 0 32002 32002 0 0 0 0 0 4013
WIT 7 -195 -194 -168 -174 -166 2137 0 0 0 32002 0 -1 0 0 0 32002 32002 0 0 0 0 0 0
WIT 11 -195 -194 -211 -232 -273 0 0 0 0 -189 0 -1 0 0 0 32002 32002 0 0 0 0 0 3308
WIT 9 -195 -194 -209 -217 -217 3956 0 0 1 -182 0 -1 0 0 0 32002 32002 0 0 0 0 0 3437
WIT 11 -211 -194 -211 -221 -247 0 0 0 0 -194 0 -1 0 0 0 32002 32002 0 0 0 0 0 2657
WIT 8 -195 -194 -196 -203 -272 0 0 0 0 -207 0 -1 0 0 0 32002 32002 0 0 0 0 0 0
WIT 9 -195 -194 -163 -171 -162 2281 0 0 0 32002 0 -1 0 0 0 32002 32002 0 0 0 0 0 0
WIT 10 -195 -194 -211 -230 -292 0 0 0 0 -194 0 -1 0 0 0 32002 32002 0 0 0 0 0 2915
WIT 8 -195 -194 -223 -230 -143 0 0 0 0 32002 0 -1 0 0 0 32002 32002 0 0 0 0 0 0
WIT 7 -195 -194 -211 -224 -325 0 0 0 0 -194 0 -1 0 0 0 32002 32002 0 0 0 0 0 4013
WIT 7 -195 -194 -196 -209 -210 0 0 0 0 -205 0 -1 0 0 0 32002 32002 0 0 0 0 0 2137
WIT 8 -195 -194 -199 -214 -396 0 0 1 0 -176 0 -1 0 0 0 32002 32002 0 0 0 0 0 3502
WIT 7 -195 -194 -199 -212 -482 0 0 0 0 -177 0 -1 0 0 0 32002 32002 0 0 0 0 0 3436
WIT 8 -195 -194 -199 -214 -246 0 0 0 0 -194 0 -1 0 0 0 32002 32002 0 0 0 0 0 3699
WIT 7 -195 -194 -211 -224 -224 3699 0 0 1 -201 1 1 43723 1 1 -195 -194 0 0 0 0 43 3699
WIT 9 -195 -194 -211 -228 -214 2657 0 0 1 -203 1 1 41312 1 1 -195 -194 0 0 0 0 220 2657
WIT 8 194 195 223 208 221 1828 0 0 0 32002 0 -1 0 0 0 32002 32002 0 0 0 0 0 0
WIT 8 -195 -194 -180 -195 -197 0 0 0 0 -212 0 -1 0 0 0 32002 32002 0 0 0 0 0 0
WIT 14 -195 -194 -211 -224 -217 3690 1 0 0 -205 0 -1 0 0 0 32002 32002 0 0 0 0 0 3690
WIT 7 -180 -179 -194 -207 -207 4013 0 0 1 -184 1 2 8614 0 0 32002 32002 1 0 35 0 0 3699
WIT 11 194 195 209 188 183 0 0 0 0 198 0 -1 0 0 0 32002 32002 0 0 0 0 0 1828
WIT 10 194 195 224 205 143 0 0 0 0 195 0 -1 0 0 0 32002 32002 0 0 0 0 0 405
WIT 9 194 195 225 217 204 0 0 0 0 195 0 -1 0 0 0 32002 32002 0 0 0 0 0 1176
WIT 13 194 195 205 180 179 0 0 0 0 195 0 -1 0 0 0 32002 32002 0 0 0 0 0 1366
WIT 13 -195 -194 -211 -236 -244 0 0 0 0 -195 0 -1 0 0 0 32002 32002 0 0 0 0 0 0
WIT 7 210 211 230 224 206 0 0 0 0 235 0 -1 0 0 0 32002 32002 0 0 0 0 0 1431
WIT 8 194 211 195 188 210 1828 0 0 1 211 0 -1 0 0 0 32002 32002 0 0 0 0 0 405
WIT 12 210 211 195 184 167 0 0 0 0 215 0 -1 0 0 0 32002 32002 0 0 0 0 0 405
WIT 11 210 211 195 174 116 0 0 0 0 214 0 -1 0 0 0 32002 32002 0 0 0 0 0 1176
WIT 12 210 211 370 359 423 1438 0 0 0 32002 0 -1 0 0 0 32002 32002 0 0 0 0 0 0
WIT 12 210 211 197 174 153 0 0 0 0 211 0 -1 0 0 0 32002 32002 0 0 0 0 0 1828
WIT 12 210 211 195 184 164 0 0 0 0 215 0 -1 0 0 0 32002 32002 0 0 0 0 0 1176
WIT 9 210 211 204 196 227 157 0 0 0 32002 0 -1 0 0 0 32002 32002 0 0 0 0 0 0
WIT 6 -211 -210 -207 -212 -267 0 0 0 0 -207 0 -1 0 0 0 32002 32002 0 0 0 0 0 2195
WIT 10 210 211 244 235 234 0 0 0 0 207 0 -1 0 0 0 32002 32002 0 0 0 0 0 49415
WIT 7 210 211 198 192 191 0 0 0 0 202 0 -1 0 0 0 32002 32002 0 0 0 0 0 991
WIT 6 210 211 204 199 171 0 0 0 0 211 0 -1 0 0 0 32002 32002 0 0 0 0 0 1828
WIT 11 210 211 195 174 154 0 0 0 0 211 0 -1 0 0 0 32002 32002 0 0 0 0 0 405
WIT 11 210 211 203 193 199 1828 0 0 1 212 0 -1 0 0 0 32002 32002 0 0 0 0 0 405
WIT 8 194 211 195 188 177 0 0 0 0 211 0 -1 0 0 0 32002 32002 0 0 0 0 0 1683
WIT 16 210 211 215 201 214 49415 0 0 0 32002 0 -1 0 0 0 32002 32002 0 0 0 0 0 0
WIT 15 210 211 214 185 146 0 0 0 0 214 0 -1 0 0 0 32002 32002 0 0 0 0 0 1176
WIT 6 -211 -210 -210 -215 -238 0 0 0 0 -240 0 -1 0 0 0 32002 32002 0 0 0 0 0 0
WIT 11 210 211 211 201 200 0 0 0 0 214 0 -1 0 0 0 32002 32002 0 0 0 0 0 148
WIT 9 210 211 260 252 266 49415 0 0 0 32002 0 -1 0 0 0 32002 32002 0 0 0 0 0 0
WIT 9 210 211 242 225 202 0 0 0 0 220 0 -1 0 0 0 32002 32002 0 0 0 0 0 991
WIT 9 210 211 211 194 229 157 0 0 0 32002 0 -1 0 0 0 32002 32002 0 0 0 0 0 0
WIT 6 210 211 242 237 251 991 0 0 0 32002 0 -1 0 0 0 32002 32002 0 0 0 0 0 0
WIT 7 210 211 211 205 207 148 0 0 1 211 0 -1 0 0 0 32002 32002 0 0 0 0 0 1828
WIT 6 210 211 238 233 300 148 0 0 0 32002 0 -1 0 0 0 32002 32002 0 0 0 0 0 0
WIT 12 210 211 195 184 175 0 0 0 0 211 0 -1 0 0 0 32002 32002 0 0 0 0 0 1683
WIT 12 210 211 229 218 202 0 0 0 0 211 0 -1 0 0 0 32002 32002 0 0 0 0 0 1828
WIT 11 210 211 195 174 160 0 0 0 0 211 0 -1 0 0 0 32002 32002 0 0 0 0 0 405
WIT 11 210 211 199 189 202 405 0 0 1 229 0 -1 0 0 0 32002 32002 0 0 0 0 0 1828
WIT 10 210 211 253 244 268 148 0 0 0 32002 0 -1 0 0 0 32002 32002 0 0 0 0 0 0
WIT 9 210 211 243 235 235 991 0 0 0 32002 0 -1 0 0 0 32002 32002 0 0 0 0 0 0
WIT 9 194 211 195 187 181 0 0 0 0 211 0 -1 0 0 0 32002 32002 0 0 0 0 0 1366
WIT 8 233 234 211 196 237 1180 0 0 0 32002 0 -1 0 0 0 32002 32002 0 0 0 0 0 0
WIT 7 194 234 211 205 196 0 0 0 0 237 0 -1 0 0 0 32002 32002 0 0 0 0 0 1828
WIT 9 233 234 256 248 273 49415 0 0 0 32002 0 -1 0 0 0 32002 32002 0 0 0 0 0 0
WIT 6 233 234 215 210 214 49415 0 0 1 234 0 -1 0 0 0 32002 32002 0 0 0 0 0 1828
WIT 9 233 234 211 203 212 1176 0 0 1 229 1 1 50889 1 1 233 234 0 0 0 0 24 1176
WIT 8 233 234 232 217 235 1438 0 0 0 32002 0 -1 0 0 0 32002 32002 0 0 0 0 0 0
WIT 9 194 234 211 203 222 1828 0 0 1 234 0 -1 0 0 0 32002 32002 0 0 0 0 0 405
WIT 9 233 234 402 394 410 1438 0 0 0 32002 0 -1 0 0 0 32002 32002 0 0 0 0 0 0
WIT 7 233 234 216 210 252 49415 0 0 0 32002 0 -1 0 0 0 32002 32002 0 0 0 0 0 0
WIT 14 233 234 215 202 214 49415 0 0 1 252 0 -1 0 0 0 32002 32002 0 0 0 0 0 1828
WIT 13 233 234 232 220 262 991 0 0 0 32002 0 -1 0 0 0 32002 32002 0 0 0 0 0 0
WIT 8 233 234 242 235 252 157 0 0 0 32002 0 -1 0 0 0 32002 32002 0 0 0 0 0 0
WIT 7 233 234 227 221 263 157 0 0 0 32002 0 -1 0 0 0 32002 32002 0 0 0 0 0 0
WIT 13 233 234 214 189 175 0 0 0 0 250 0 -1 0 0 0 32002 32002 0 0 0 0 0 405
WIT 11 233 234 247 237 262 157 0 0 0 32002 0 -1 0 0 0 32002 32002 0 0 0 0 0 0
WIT 14 233 234 214 187 204 1828 0 0 1 234 0 -1 0 0 0 32002 32002 0 0 0 0 0 405
WIT 8 233 234 224 217 229 991 0 0 1 234 0 -1 0 0 0 32002 32002 0 0 0 0 0 405
WIT 7 233 234 288 282 282 991 0 0 0 32002 0 -1 0 0 0 32002 32002 0 0 0 0 0 0
WIT 12 233 234 213 190 128 0 0 0 0 234 0 -1 0 0 0 32002 32002 0 0 0 0 0 1176
WIT 11 233 234 211 190 228 1180 0 0 1 260 0 -1 0 0 0 32002 32002 0 0 0 0 0 1187
WIT 15 233 234 250 236 244 49415 0 0 0 32002 0 -1 0 0 0 32002 32002 0 0 0 0 0 0
WIT 12 233 234 232 221 261 991 0 0 0 32002 0 -1 0 0 0 32002 32002 0 0 0 0 0 0
WIT 9 233 234 274 266 291 49415 0 0 0 32002 0 -1 0 0 0 32002 32002 0 0 0 0 0 0
WIT 7 233 234 242 236 253 157 0 0 0 32002 0 -1 0 0 0 32002 32002 0 0 0 0 0 0
WIT 7 233 234 227 221 263 157 0 0 0 32002 0 -1 0 0 0 32002 32002 0 0 0 0 0 0
WIT 14 233 234 213 186 172 0 0 0 0 244 0 -1 0 0 0 32002 32002 0 0 0 0 0 1176
WIT 7 233 234 211 205 205 148 0 0 1 234 0 -1 0 0 0 32002 32002 0 0 0 0 0 49415
WIT 12 233 234 211 200 214 49415 0 0 1 234 0 -1 0 0 0 32002 32002 0 0 0 0 0 1828
WIT 6 -234 -233 -195 -200 -319 0 0 0 0 -183 0 -1 0 0 0 32002 32002 0 0 0 0 0 3811
WIT 9 233 234 302 294 255 0 0 0 0 275 0 -1 0 0 0 32002 32002 0 0 0 0 0 1176
WIT 12 233 234 223 212 -79 0 0 1 0 241 0 -1 0 0 0 32002 32002 0 0 0 0 0 659
WIT 14 233 234 219 206 201 0 0 0 0 257 0 -1 0 0 0 32002 32002 0 0 0 0 0 1314
WIT 12 233 234 214 203 203 49415 0 0 1 264 0 -1 0 0 0 32002 32002 0 0 0 0 0 1314
WIT 11 233 234 213 192 188 0 0 0 0 234 0 -1 0 0 0 32002 32002 0 0 0 0 0 148
WIT 11 233 234 220 210 250 148 0 0 0 32002 0 -1 0 0 0 32002 32002 0 0 0 0 0 0
WIT 9 233 234 234 226 243 1164 0 0 0 32002 0 -1 0 0 0 32002 32002 0 0 0 0 0 0
WIT 8 233 234 260 253 268 49415 0 0 0 32002 0 -1 0 0 0 32002 32002 0 0 0 0 0 0
WIT 6 233 234 267 262 380 157 0 0 0 32002 0 -1 0 0 0 32002 32002 0 0 0 0 0 0
WIT 10 233 234 219 200 196 0 0 0 0 243 0 -1 0 0 0 32002 32002 0 0 0 0 0 991
WIT 6 233 234 211 206 244 148 0 0 0 32002 0 -1 0 0 0 32002 32002 0 0 0 0 0 0
WIT 10 233 234 211 192 232 148 0 0 1 234 0 -1 0 0 0 32002 32002 0 0 0 0 0 49415
WIT 8 233 234 284 277 330 49415 0 0 0 32002 0 -1 0 0 0 32002 32002 0 0 0 0 0 0
WIT 9 233 234 211 203 243 49415 0 0 0 32002 0 -1 0 0 0 32002 32002 0 0 0 0 0 0
WIT 9 233 234 211 194 318 157 0 0 0 32002 0 -1 0 0 0 32002 32002 0 0 0 0 0 0
WIT 8 233 234 238 231 306 49415 0 0 0 32002 0 -1 0 0 0 32002 32002 0 0 0 0 0 0
WIT 8 233 234 241 234 289 49415 0 0 0 32002 0 -1 0 0 0 32002 32002 0 0 0 0 0 0
WIT 8 233 234 246 239 272 49415 0 0 0 32002 0 -1 0 0 0 32002 32002 0 0 0 0 0 0
WIT 12 233 234 211 188 161 0 0 0 0 234 0 -1 0 0 0 32002 32002 0 0 0 0 0 405
WIT 11 233 234 211 201 201 1828 0 0 1 234 0 -1 0 0 0 32002 32002 0 0 0 0 0 405
WIT 10 233 234 241 232 205 0 0 0 0 243 0 -1 0 0 0 32002 32002 0 0 0 0 0 405
WIT 9 233 234 225 217 207 0 0 0 0 242 0 -1 0 0 0 32002 32002 0 0 0 0 0 991
WIT 9 233 234 211 203 223 148 0 0 1 234 0 -1 0 0 0 32002 32002 0 0 0 0 0 405
WIT 8 233 234 211 204 226 148 0 0 1 234 0 -1 0 0 0 32002 32002 0 0 0 0 0 405
WIT 9 194 234 211 203 116 0 0 0 0 234 0 -1 0 0 0 32002 32002 0 0 0 0 0 1683
WIT 14 233 234 234 207 218 49415 0 0 1 235 0 -1 0 0 0 32002 32002 0 0 0 0 0 1828
WIT 12 233 234 220 209 250 148 0 0 0 32002 0 -1 0 0 0 32002 32002 0 0 0 0 0 0
WIT 7 233 234 262 256 271 49415 0 0 0 32002 0 -1 0 0 0 32002 32002 0 0 0 0 0 0
WIT 7 233 234 267 261 399 157 0 0 0 32002 0 -1 0 0 0 32002 32002 0 0 0 0 0 0
WIT 11 233 234 242 221 208 0 0 0 0 234 0 -1 0 0 0 32002 32002 0 0 0 0 0 991
WIT 9 233 234 251 243 304 991 0 0 0 32002 0 -1 0 0 0 32002 32002 0 0 0 0 0 0
WIT 9 233 234 211 194 321 157 0 0 0 32002 0 -1 0 0 0 32002 32002 0 0 0 0 0 0
WIT 8 233 234 211 204 204 991 0 0 1 234 0 -1 0 0 0 32002 32002 0 0 0 0 0 1828
WIT 7 233 234 241 235 300 148 0 0 0 32002 0 -1 0 0 0 32002 32002 0 0 0 0 0 0
WIT 8 233 234 246 239 305 148 0 0 0 32002 0 -1 0 0 0 32002 32002 0 0 0 0 0 0
WIT 13 233 234 211 186 175 0 0 0 0 234 0 -1 0 0 0 32002 32002 0 0 0 0 0 1683
WIT 8 233 234 211 204 239 0 0 0 0 32002 0 -1 0 0 0 32002 32002 0 0 0 0 0 0
WIT 13 233 234 211 186 192 148 0 0 1 239 0 -1 0 0 0 32002 32002 0 0 0 0 0 1828
WIT 8 233 234 213 206 286 157 0 0 0 32002 0 -1 0 0 0 32002 32002 0 0 0 0 0 0
WIT 8 233 234 355 348 302 0 0 0 0 386 0 -1 0 0 0 32002 32002 0 0 0 0 0 157
WIT 12 233 234 211 188 183 0 0 0 0 234 0 -1 0 0 0 32002 32002 0 0 0 0 0 405
WIT 8 233 234 266 259 -119 0 0 0 0 276 0 -1 0 0 0 32002 32002 0 0 0 0 0 594
WIT 7 233 234 229 223 216 0 0 0 0 238 0 -1 0 0 0 32002 32002 0 0 0 0 0 405
WIT 12 233 234 227 216 226 405 0 0 1 237 0 -1 0 0 0 32002 32002 0 0 0 0 0 1828
WIT 6 233 234 270 265 270 148 0 0 0 32002 0 -1 0 0 0 32002 32002 0 0 0 0 0 0
WIT 10 233 234 227 218 279 166 0 0 0 32002 0 -1 0 0 0 32002 32002 0 0 0 0 0 0
WIT 10 233 234 290 281 312 148 0 0 0 32002 0 -1 0 0 0 32002 32002 0 0 0 0 0 0
WIT 10 233 234 211 202 245 148 0 0 0 32002 0 -1 0 0 0 32002 32002 0 0 0 0 0 0
WIT 9 194 234 211 203 179 0 0 0 0 234 0 -1 0 0 0 32002 32002 0 0 0 0 0 1366
WIT 12 233 234 222 211 246 1366 0 0 0 32002 0 -1 0 0 0 32002 32002 0 0 0 0 0 0
WIT 7 264 265 256 250 272 49415 0 0 0 32002 0 -1 0 0 0 32002 32002 0 0 0 0 0 0
WIT 6 264 265 234 229 229 1828 0 0 1 265 0 -1 0 0 0 32002 32002 0 0 0 0 0 1176
WIT 7 203 265 234 228 231 1828 0 0 1 265 0 -1 0 0 0 32002 32002 0 0 0 0 0 405
WIT 12 264 265 312 301 295 0 0 0 0 294 0 -1 0 0 0 32002 32002 0 0 0 0 0 157
WIT 10 264 265 250 241 245 49415 0 0 1 269 0 -1 0 0 0 32002 32002 0 0 0 0 0 1828
WIT 8 264 265 232 225 258 991 0 0 1 271 0 -1 0 0 0 32002 32002 0 0 0 0 0 49415
WIT 6 264 265 242 237 401 157 0 0 0 32002 0 -1 0 0 0 32002 32002 0 0 0 0 0 0
WIT 11 264 265 248 227 200 0 0 0 0 265 0 -1 0 0 0 32002 32002 0 0 0 0 0 405
WIT 10 264 265 247 238 261 157 0 0 1 268 0 -1 0 0 0 32002 32002 0 0 0 0 0 405
WIT 10 264 265 234 215 262 1828 0 0 1 268 0 -1 0 0 0 32002 32002 0 0 0 0 0 405
WIT 7 264 265 288 282 282 991 0 0 0 32002 0 -1 0 0 0 32002 32002 0 0 0 0 0 0
WIT 6 264 265 234 229 232 991 0 0 1 342 0 -1 0 0 0 32002 32002 0 0 0 0 0 405
WIT 10 264 265 234 215 152 0 0 0 0 265 0 -1 0 0 0 32002 32002 0 0 0 0 0 1176
WIT 11 264 265 234 213 218 49415 0 0 1 265 0 -1 0 0 0 32002 32002 0 0 0 0 0 1828
WIT 11 264 265 243 222 195 0 0 0 0 265 0 -1 0 0 0 32002 32002 0 0 0 0 0 1176
WIT 12 264 265 220 209 234 157 0 0 1 265 0 -1 0 0 0 32002 32002 0 0 0 0 0 49415
WIT 8 264 265 234 227 262 49415 0 0 1 294 0 -1 0 0 0 32002 32002 0 0 0 0 0 1828
WIT 7 264 265 234 228 243 1164 0 0 1 265 0 -1 0 0 0 32002 32002 0 0 0 0 0 1176
WIT 6 264 265 262 257 270 49415 0 0 0 32002 0 -1 0 0 0 32002 32002 0 0 0 0 0 0
WIT 10 264 265 234 215 208 0 0 0 0 265 0 -1 0 0 0 32002 32002 0 0 0 0 0 991
WIT 8 264 265 234 227 252 49415 0 0 1 259 1 1 33956 1 1 264 265 0 0 0 0 31 49415
WIT 12 264 265 258 247 270 49415 0 0 0 32002 0 -1 0 0 0 32002 32002 0 0 0 0 0 0
WIT 11 264 265 321 311 339 3 0 0 0 32002 0 -1 0 0 0 32002 32002 0 0 0 0 0 0
WIT 12 264 265 271 260 234 0 0 0 0 265 0 -1 0 0 0 32002 32002 0 0 0 0 0 1176
WIT 9 -265 -264 -244 -252 -279 0 0 0 0 -236 0 -1 0 0 0 32002 32002 0 0 0 0 0 2527
WIT 10 264 265 240 221 -68 0 0 1 0 264 0 -1 0 0 0 32002 32002 0 0 0 0 0 0
WIT 7 264 265 275 269 264 0 0 0 0 269 0 -1 0 0 0 32002 32002 0 0 0 0 0 323
WIT 7 264 265 224 218 242 323 0 0 1 288 0 -1 0 0 0 32002 32002 0 0 0 0 0 659
WIT 9 -265 -264 -203 -211 -242 0 0 0 0 -267 0 -1 0 0 0 32002 32002 0 0 0 0 0 0
WIT 9 264 265 234 217 216 0 0 0 0 264 0 -1 0 0 0 32002 32002 0 0 0 0 0 49415
WIT 8 264 265 234 219 236 148 0 0 1 265 0 -1 0 0 0 32002 32002 0 0 0 0 0 49415
WIT 7 264 265 211 198 342 157 0 0 0 32002 0 -1 0 0 0 32002 32002 0 0 0 0 0 0
WIT 7 264 265 251 245 270 49415 0 0 0 32002 0 -1 0 0 0 32002 32002 0 0 0 0 0 0
WIT 6 264 265 238 233 298 49415 0 0 0 32002 0 -1 0 0 0 32002 32002 0 0 0 0 0 0
WIT 7 264 265 234 228 246 49415 0 0 1 264 1 1 17870 1 1 264 267 0 0 0 0 16 49415
WIT 6 264 265 241 236 284 49415 0 0 0 32002 0 -1 0 0 0 32002 32002 0 0 0 0 0 0
WIT 6 264 265 246 241 269 49415 0 0 0 32002 0 -1 0 0 0 32002 32002 0 0 0 0 0 0
WIT 10 264 265 234 215 202 0 0 0 0 265 0 -1 0 0 0 32002 32002 0 0 0 0 0 405
WIT 9 264 265 234 226 226 1828 0 0 1 266 0 -1 0 0 0 32002 32002 0 0 0 0 0 405
WIT 9 264 265 242 234 207 0 0 0 0 265 0 -1 0 0 0 32002 32002 0 0 0 0 0 405
WIT 6 264 265 261 256 222 0 0 0 0 265 0 -1 0 0 0 32002 32002 0 0 0 0 0 1176
WIT 8 264 265 241 226 223 0 0 0 0 265 0 -1 0 0 0 32002 32002 0 0 0 0 0 991
WIT 8 264 265 278 271 280 1828 0 0 0 32002 0 -1 0 0 0 32002 32002 0 0 0 0 0 0
WIT 7 203 265 234 228 143 0 0 0 0 265 0 -1 0 0 0 32002 32002 0 0 0 0 0 1683
WIT 7 264 265 265 252 259 49415 0 0 1 265 0 -1 0 0 0 32002 32002 0 0 0 0 0 1187
WIT 12 264 265 265 242 244 49415 0 0 1 265 0 -1 0 0 0 32002 32002 0 0 0 0 0 1828
WIT 11 264 265 265 244 249 148 0 0 1 265 0 -1 0 0 0 32002 32002 0 0 0 0 0 49415
WIT 6 264 265 251 246 268 49415 0 0 0 32002 0 -1 0 0 0 32002 32002 0 0 0 0 0 0
WIT 7 264 265 284 278 330 49415 0 0 0 32002 0 -1 0 0 0 32002 32002 0 0 0 0 0 0
WIT 6 264 265 241 236 284 49415 0 0 0 32002 0 -1 0 0 0 32002 32002 0 0 0 0 0 0
WIT 6 264 265 246 241 269 49415 0 0 0 32002 0 -1 0 0 0 32002 32002 0 0 0 0 0 0
WIT 11 264 265 234 213 174 0 0 0 0 265 0 -1 0 0 0 32002 32002 0 0 0 0 0 1683
WIT 7 264 265 234 228 288 1708 1 0 0 32002 0 -1 0 0 0 32002 32002 0 0 0 0 0 0
WIT 12 264 265 234 223 229 49415 0 0 1 288 0 -1 0 0 0 32002 32002 0 0 0 0 0 991
WIT 7 264 265 211 205 244 0 0 0 0 253 0 -1 0 0 0 32002 32002 0 0 0 0 0 49415
WIT 10 264 265 238 219 232 49415 0 0 1 284 0 -1 0 0 0 32002 32002 0 0 0 0 0 1828
WIT 7 264 265 235 229 256 49415 0 0 1 283 0 -1 0 0 0 32002 32002 0 0 0 0 0 148
WIT 7 264 265 213 207 285 49415 0 0 0 32002 0 -1 0 0 0 32002 32002 0 0 0 0 0 0
WIT 10 264 265 234 215 199 0 0 0 0 265 0 -1 0 0 0 32002 32002 0 0 0 0 0 405
WIT 10 264 265 236 227 228 405 0 0 1 270 0 -1 0 0 0 32002 32002 0 0 0 0 0 1828
WIT 8 264 265 234 227 233 991 0 0 1 270 0 -1 0 0 0 32002 32002 0 0 0 0 0 405
WIT 9 264 265 234 226 226 1683 0 0 1 268 0 -1 0 0 0 32002 32002 0 0 0 0 0 405
WIT 8 264 265 227 220 220 1683 0 0 1 357 0 -1 0 0 0 32002 32002 0 0 0 0 0 405
WIT 9 264 265 290 282 282 148 0 0 0 32002 0 -1 0 0 0 32002 32002 0 0 0 0 0 0
WIT 8 264 265 211 204 231 148 0 0 1 265 0 -1 0 0 0 32002 32002 0 0 0 0 0 405
WIT 8 203 265 234 227 214 0 0 0 0 265 0 -1 0 0 0 32002 32002 0 0 0 0 0 1366
WIT 11 264 265 222 212 246 1366 0 0 1 270 0 -1 0 0 0 32002 32002 0 0 0 0 0 1828
WIT 9 306 307 216 208 255 49415 0 0 1 295 1 1 42832 1 1 306 307 0 0 0 0 35 49415
WIT 10 306 307 268 259 256 0 0 0 0 307 0 -1 0 0 0 32002 32002 0 0 0 0 0 1828
WIT 7 306 307 265 259 241 0 0 0 0 307 0 -1 0 0 0 32002 32002 0 0 0 0 0 1176
WIT 6 306 307 256 251 270 49415 0 0 1 556 0 -1 0 0 0 32002 32002 0 0 0 0 0 1828
WIT 6 306 307 290 285 333 1828 0 0 0 32002 0 -1 0 0 0 32002 32002 0 0 0 0 0 0
WIT 7 223 307 265 259 266 1828 0 0 1 307 0 -1 0 0 0 32002 32002 0 0 0 0 0 405
WIT 11 306 307 265 255 255 49415 0 0 1 331 0 -1 0 0 0 32002 32002 0 0 0 0 0 991
WIT 9 306 307 291 274 259 0 0 0 0 354 0 -1 0 0 0 32002 32002 0 0 0 0 0 157
WIT 9 306 307 270 262 267 991 0 0 1 319 0 -1 0 0 0 32002 32002 0 0 0 0 0 49415
WIT 6 306 307 242 237 278 166 0 0 1 419 0 -1 0 0 0 32002 32002 0 0 0 0 0 49415
WIT 12 306 307 265 242 219 0 0 0 0 307 0 -1 0 0 0 32002 32002 0 0 0 0 0 405
WIT 11 306 307 267 257 268 991 0 0 1 388 0 -1 0 0 0 32002 32002 0 0 0 0 0 405
WIT 11 306 307 267 246 246 1828 0 0 1 307 0 -1 0 0 0 32002 32002 0 0 0 0 0 405
WIT 7 306 307 288 282 341 991 0 0 0 32002 0 -1 0 0 0 32002 32002 0 0 0 0 0 0
WIT 7 306 307 331 325 364 991 0 0 0 32002 0 -1 0 0 0 32002 32002 0 0 0 0 0 0
WIT 10 306 307 265 246 187 0 0 0 0 307 0 -1 0 0 0 32002 32002 0 0 0 0 0 1176
WIT 8 306 307 245 238 326 1164 0 0 0 32002 0 -1 0 0 0 32002 32002 0 0 0 0 0 0
WIT 6 306 307 265 260 276 148 0 0 1 298 1 3 10484 1 1 306 298 2 0 3 0 1 0
WIT 10 306 307 265 256 255 0 0 0 0 307 0 -1 0 0 0 32002 32002 0 0 0 0 0 405
WIT 11 306 307 265 244 244 49415 0 0 1 307 0 -1 0 0 0 32002 32002 0 0 0 0 0 1828
WIT 11 306 307 265 244 275 1164 0 0 1 307 0 -1 0 0 0 32002 32002 0 0 0 0 0 1176
WIT 10 306 307 296 287 325 157 0 0 0 32002 0 -1 0 0 0 32002 32002 0 0 0 0 0 0
WIT 9 306 307 265 257 271 1164 0 0 1 331 0 -1 0 0 0 32002 32002 0 0 0 0 0 1176
WIT 6 306 307 265 260 263 157 0 0 1 306 1 1 32848 1 1 306 319 0 0 0 0 12 157
WIT 6 306 307 290 285 289 157 0 0 1 307 0 -1 0 0 0 32002 32002 0 0 0 0 0 1828
WIT 9 306 307 265 248 246 0 0 0 0 307 0 -1 0 0 0 32002 32002 0 0 0 0 0 991
WIT 7 -307 -306 -257 -263 -241 0 0 0 0 32002 0 -1 0 0 0 32002 32002 0 0 0 0 0 0
WIT 11 306 307 268 258 257 0 0 0 0 264 0 -1 0 0 0 32002 32002 0 0 0 0 0 0
WIT 9 -307 -306 -160 -168 -223 0 0 0 0 -267 0 -1 0 0 0 32002 32002 0 0 0 0 0 1618
WIT 10 306 307 267 258 189 0 0 0 0 267 0 -1 0 0 0 32002 32002 0 0 0 0 0 0
WIT 9 306 307 265 248 245 0 0 0 0 273 0 -1 0 0 0 32002 32002 0 0 0 0 0 0
WIT 10 306 307 265 246 202 0 0 0 0 298 0 -1 0 0 0 32002 32002 0 0 0 0 0 0
WIT 7 -224 -223 -263 -269 -255 2195 1 0 0 -200 0 -1 0 0 0 32002 32002 0 0 0 0 0 2137
WIT 7 223 307 265 259 191 0 0 0 0 263 0 -1 0 0 0 32002 32002 0 0 0 0 0 1683
WIT 6 -264 -263 -220 -225 -202 3699 0 0 0 32002 0 -1 0 0 0 32002 32002 0 0 0 0 0 0
WIT 7 223 307 265 259 234 0 0 0 0 263 0 -1 0 0 0 32002 32002 0 0 0 0 0 1366
WIT 8 256 257 430 423 558 157 0 0 0 32002 0 -1 0 0 0 32002 32002 0 0 0 0 0 0
WIT 6 256 257 251 246 341 157 0 0 0 32002 0 -1 0 0 0 32002 32002 0 0 0 0 0 0
WIT 9 256 257 234 226 238 157 0 0 1 257 0 -1 0 0 0 32002 32002 0 0 0 0 0 405
WIT 7 256 257 248 242 281 991 0 0 0 32002 0 -1 0 0 0 32002 32002 0 0 0 0 0 0
WIT 8 256 257 307 292 409 1828 0 0 0 32002 0 -1 0 0 0 32002 32002 0 0 0 0 0 0
WIT 7 256 257 422 416 440 405 0 0 0 32002 0 -1 0 0 0 32002 32002 0 0 0 0 0 0
WIT 8 256 257 266 259 256 0 0 0 0 257 0 -1 0 0 0 32002 32002 0 0 0 0 0 49415
WIT 7 256 257 284 278 277 0 0 0 0 257 0 -1 0 0 0 32002 32002 0 0 0 0 0 405
WIT 7 256 257 234 228 228 148 0 0 1 270 0 -1 0 0 0 32002 32002 0 0 0 0 0 405
WIT 7 256 257 319 313 287 0 0 0 0 271 0 -1 0 0 0 32002 32002 0 0 0 0 0 405
WIT 8 -257 -235 -263 -270 -307 0 0 0 0 -257 0 -1 0 0 0 32002 32002 0 0 0 0 0 0
WIT 7 235 257 263 257 151 0 0 0 0 257 0 -1 0 0 0 32002 32002 0 0 0 0 0 1683
WIT 8 256 257 346 339 437 166 0 0 0 32002 0 -1 0 0 0 32002 32002 0 0 0 0 0 0
WIT 8 256 257 267 260 270 148 0 0 0 32002 0 -1 0 0 0 32002 32002 0 0 0 0 0 0
WIT 8 256 257 290 283 322 157 0 0 0 32002 0 -1 0 0 0 32002 32002 0 0 0 0 0 0
WIT 7 256 257 269 263 263 991 0 0 0 32002 0 -1 0 0 0 32002 32002 0 0 0 0 0 0
WIT 6 256 257 254 249 248 0 0 0 0 257 0 -1 0 0 0 32002 32002 0 0 0 0 0 157
WIT 7 256 257 364 358 357 0 0 0 0 313 0 -1 0 0 0 32002 32002 0 0 0 0 0 405
WIT 6 256 257 249 244 233 0 0 0 0 270 0 -1 0 0 0 32002 32002 0 0 0 0 0 1683
WIT 8 -257 -235 -263 -270 -270 3699 0 0 1 -257 1 1 14663 1 1 -257 -265 0 0 0 0 1 0
WIT 6 -247 -246 -259 -264 -329 0 0 0 0 -244 0 -1 0 0 0 32002 32002 0 0 0 0 0 2527
WIT 10 -247 -246 -235 -244 -305 0 0 0 0 -241 0 -1 0 0 0 32002 32002 0 0 0 0 0 3670
WIT 11 -247 -246 -264 -274 -276 0 0 0 0 -241 0 -1 0 0 0 32002 32002 0 0 0 0 0 3833
WIT 6 -247 -246 -224 -229 -337 0 0 0 0 -202 0 -1 0 0 0 32002 32002 0 0 0 0 0 4013
WIT 11 -247 -246 -267 -277 -279 0 0 0 0 -241 0 -1 0 0 0 32002 32002 0 0 0 0 0 2195
WIT 10 -247 -246 -273 -292 -295 0 0 0 0 -241 0 -1 0 0 0 32002 32002 0 0 0 0 0 2137
WIT 9 -247 -246 -202 -210 -215 0 0 0 0 -246 0 -1 0 0 0 32002 32002 0 0 0 0 0 2137
WIT 8 -247 -246 -261 -268 132 2195 1 0 0 32002 0 -1 0 0 0 32002 32002 0 0 0 0 0 0
WIT 7 -247 -246 -210 -216 -215 4013 0 0 0 32002 0 -1 0 0 0 32002 32002 0 0 0 0 0 0
WIT 7 246 268 257 251 241 0 0 0 0 246 0 -1 0 0 0 32002 32002 0 0 0 0 0 0
WIT 7 -247 -246 -196 -202 -216 0 0 0 0 -244 0 -1 0 0 0 32002 32002 0 0 0 0 0 2137
WIT 7 246 268 257 251 250 0 0 0 0 246 0 -1 0 0 0 32002 32002 0 0 0 0 0 0
WIT 7 246 268 257 251 235 0 0 0 0 246 0 -1 0 0 0 32002 32002 0 0 0 0 0 0
WIT 8 -247 -246 -243 -250 -217 3437 0 0 0 32002 0 -1 0 0 0 32002 32002 0 0 0 0 0 0
WIT 11 -247 -246 -181 -191 -192 0 0 0 0 -246 0 -1 0 0 0 32002 32002 0 0 0 0 0 3699
WIT 9 -247 -246 -179 -196 -194 2657 0 0 0 32002 0 -1 0 0 0 32002 32002 0 0 0 0 0 0
WIT 7 -247 -246 -100 -106 -85 2657 0 0 0 32002 0 -1 0 0 0 32002 32002 0 0 0 0 0 0
WIT 7 -247 -246 -188 -194 -194 4013 0 0 0 32002 0 -1 0 0 0 32002 32002 0 0 0 0 0 0
WIT 7 -247 -246 -207 -213 -145 3699 0 0 0 32002 0 -1 0 0 0 32002 32002 0 0 0 0 0 0
WIT 8 -247 -246 -191 -198 -154 2657 0 0 0 32002 0 -1 0 0 0 32002 32002 0 0 0 0 0 0
WIT 7 -247 -246 -204 -210 -149 3699 0 0 0 32002 0 -1 0 0 0 32002 32002 0 0 0 0 0 0
WIT 8 246 268 257 250 234 0 0 0 0 246 0 -1 0 0 0 32002 32002 0 0 0 0 0 0
WIT 10 -247 -246 -196 -205 -194 4013 0 0 0 32002 0 -1 0 0 0 32002 32002 0 0 0 0 0 0
WIT 8 -247 -246 -192 -199 -199 4013 0 0 0 32002 0 -1 0 0 0 32002 32002 0 0 0 0 0 0
WIT 9 -247 -246 -199 -207 -199 4013 0 0 0 32002 0 -1 0 0 0 32002 32002 0 0 0 0 0 0
WIT 7 -245 -244 -228 -234 -234 3567 0 0 0 32002 0 -1 0 0 0 32002 32002 0 0 0 0 0 0
WIT 7 -245 -244 -246 -252 -289 0 0 0 0 -280 0 -1 0 0 0 32002 32002 0 0 0 0 0 0
WIT 6 -245 -244 -246 -251 -567 0 0 0 0 -276 0 -1 0 0 0 32002 32002 0 0 0 0 0 0
WIT 7 245 246 280 274 301 3 0 0 0 32002 0 -1 0 0 0 32002 32002 0 0 0 0 0 0
WIT 11 245 246 265 244 249 166 0 0 0 32002 0 -1 0 0 0 32002 32002 0 0 0 0 0 0
WIT 10 245 246 269 260 261 166 0 0 0 32002 0 -1 0 0 0 32002 32002 0 0 0 0 0 0
WIT 9 245 246 257 240 311 1828 0 0 0 32002 0 -1 0 0 0 32002 32002 0 0 0 0 0 0
WIT 10 245 246 265 256 278 157 0 0 0 32002 0 -1 0 0 0 32002 32002 0 0 0 0 0 0
WIT 9 245 246 267 259 267 166 0 0 0 32002 0 -1 0 0 0 32002 32002 0 0 0 0 0 0
WIT 10 245 246 306 297 296 0 0 0 0 305 0 -1 0 0 0 32002 32002 0 0 0 0 0 405
WIT 8 245 246 268 253 233 0 0 0 0 246 0 -1 0 0 0 32002 32002 0 0 0 0 0 1683
WIT 9 245 246 290 282 314 157 0 0 0 32002 0 -1 0 0 0 32002 32002 0 0 0 0 0 0
WIT 8 245 246 269 262 291 166 0 0 0 32002 0 -1 0 0 0 32002 32002 0 0 0 0 0 0
WIT 8 245 246 342 335 349 157 0 0 0 32002 0 -1 0 0 0 32002 32002 0 0 0 0 0 0
WIT 9 -246 -231 -246 -254 -257 0 0 0 0 -262 0 -1 0 0 0 32002 32002 0 0 0 0 0 0
WIT 10 -246 -231 -246 -255 -269 0 0 0 0 -246 0 -1 0 0 0 32002 32002 0 0 0 0 0 0
WIT 6 -232 -231 -159 -164 -113 3951 0 0 0 32002 0 -1 0 0 0 32002 32002 0 0 0 0 0 0
WIT 6 -232 -231 -263 -268 -473 0 0 0 0 -256 0 -1 0 0 0 32002 32002 0 0 0 0 0 0
WIT 7 231 266 280 274 246 0 0 0 0 277 0 -1 0 0 0 32002 32002 0 0 0 0 0 2349
WIT 7 231 266 265 259 225 0 0 0 0 272 0 -1 0 0 0 32002 32002 0 0 0 0 0 1828
WIT 8 -232 -231 -197 -204 -182 0 0 0 0 32002 0 -1 0 0 0 32002 32002 0 0 0 0 0 0
WIT 9 -232 -231 -241 -249 -308 0 0 0 0 -230 0 -1 0 0 0 32002 32002 0 0 0 0 0 3670
WIT 9 -232 -231 -241 -249 -244 3704 0 0 1 -204 0 -1 0 0 0 32002 32002 0 0 0 0 0 4013
WIT 8 -232 -231 -241 -248 -877 0 0 1 0 -215 0 -1 0 0 0 32002 32002 0 0 0 0 0 3641
WIT 8 -232 -231 -241 -248 -259 0 0 0 0 -230 0 -1 0 0 0 32002 32002 0 0 0 0 0 3833
WIT 8 -232 -231 -241 -248 -264 0 0 0 0 -232 0 -1 0 0 0 32002 32002 0 0 0 0 0 0
WIT 9 -232 -231 -207 -215 -216 0 0 0 0 -189 0 -1 0 0 0 32002 32002 0 0 0 0 0 4013
WIT 8 -232 -231 -233 -240 -240 4013 0 0 1 -231 0 -1 0 0 0 32002 32002 0 0 0 0 0 1228
WIT 6 231 232 72 67 21 0 0 0 0 232 0 -1 0 0 0 32002 32002 0 0 0 0 0 1458
WIT 6 -232 -231 48 43 -81 0 0 0 0 -232 0 -1 0 0 0 32002 32002 0 0 0 0 0 0
WIT 10 -232 -231 -241 -250 -272 0 0 0 0 -232 0 -1 0 0 0 32002 32002 0 0 0 0 0 0
WIT 8 -232 -231 -241 -256 -279 0 0 0 0 -232 0 -1 0 0 0 32002 32002 0 0 0 0 0 0
WIT 7 231 232 285 279 297 659 1 0 0 32002 0 -1 0 0 0 32002 32002 0 0 0 0 0 0
WIT 7 -232 -231 -241 -254 -300 0 0 0 0 -232 0 -1 0 0 0 32002 32002 0 0 0 0 0 0
WIT 7 231 266 262 256 244 0 0 0 0 211 0 -1 0 0 0 32002 32002 0 0 0 0 0 1683
WIT 8 -233 -232 -246 -261 -239 2657 0 0 1 -205 0 -1 0 0 0 32002 32002 0 0 0 0 0 3699
WIT 6 -233 -232 -234 -239 -201 4020 0 0 0 32002 0 -1 0 0 0 32002 32002 0 0 0 0 0 0
WIT 8 231 266 246 239 238 0 0 0 0 232 0 -1 0 0 0 32002 32002 0 0 0 0 0 1366
WIT 6 -233 -232 -237 -242 -242 4013 0 0 1 -232 0 -1 0 0 0 32002 32002 0 0 0 0 0 2657

===========================
Total time (ms) : 57
Nodes searched  : 41850
Nodes/second    : 734210
