
Position: 1/1 (rnbq1rk1/ppp1ppbp/3p2p1/8/3PnP2/4P3/PPP1N1PP/RNBQ1BKR w - - 6 7)
WIT 7 156 157 178 172 217 3364 0 0 0 32002 0 -1 0 0 0 32002 32002 0 0 0 0 0 0
WIT 7 156 157 192 179 201 3234 0 0 0 32002 0 -1 0 0 0 32002 32002 0 0 0 0 0 0
WIT 7 156 157 174 161 158 0 0 0 0 201 0 -1 0 0 0 32002 32002 0 0 0 0 0 1803
WIT 8 183 184 196 181 170 0 0 0 0 191 0 -1 0 0 0 32002 32002 0 0 0 0 0 1803
WIT 7 183 184 199 193 174 0 0 0 0 194 0 -1 0 0 0 32002 32002 0 0 0 0 0 1810
WIT 6 183 184 199 194 218 3364 0 0 0 32002 0 -1 0 0 0 32002 32002 0 0 0 0 0 0
WIT 6 183 184 231 226 232 2787 0 0 0 32002 0 -1 0 0 0 32002 32002 0 0 0 0 0 0
WIT 6 183 184 207 202 220 2787 0 0 0 32002 0 -1 0 0 0 32002 32002 0 0 0 0 0 0
WIT 6 183 184 266 261 335 3364 0 0 0 32002 0 -1 0 0 0 32002 32002 0 0 0 0 0 0
WIT 7 191 192 286 280 185 0 0 0 0 194 0 -1 0 0 0 32002 32002 0 0 0 0 0 2788
WIT 6 191 192 218 213 185 0 0 0 0 192 0 -1 0 0 0 32002 32002 0 0 0 0 0 2331
WIT 7 184 192 184 178 152 0 0 0 0 192 0 -1 0 0 0 32002 32002 0 0 0 0 0 1814
WIT 9 191 192 191 183 219 3364 0 0 0 32002 0 -1 0 0 0 32002 32002 0 0 0 0 0 0
WIT 9 191 192 202 185 211 3234 0 0 0 32002 0 -1 0 0 0 32002 32002 0 0 0 0 0 0
WIT 9 191 192 190 173 165 0 0 0 0 211 0 -1 0 0 0 32002 32002 0 0 0 0 0 1803
WIT 9 191 192 229 221 244 3364 0 0 0 32002 0 -1 0 0 0 32002 32002 0 0 0 0 0 0
WIT 9 191 192 192 175 174 0 0 0 0 199 0 -1 0 0 0 32002 32002 0 0 0 0 0 1810
WIT 8 191 192 185 178 196 3364 0 0 0 32002 0 -1 0 0 0 32002 32002 0 0 0 0 0 0
WIT 8 191 192 231 224 261 3364 0 0 0 32002 0 -1 0 0 0 32002 32002 0 0 0 0 0 0
WIT 8 191 192 207 200 234 3364 0 0 0 32002 0 -1 0 0 0 32002 32002 0 0 0 0 0 0
WIT 8 191 192 224 217 256 3364 0 0 0 32002 0 -1 0 0 0 32002 32002 0 0 0 0 0 0
WIT 8 191 192 251 244 298 3364 0 0 0 32002 0 -1 0 0 0 32002 32002 0 0 0 0 0 0
WIT 8 191 192 186 179 227 3364 0 0 0 32002 0 -1 0 0 0 32002 32002 0 0 0 0 0 0
WIT 8 191 192 229 222 262 3364 0 0 0 32002 0 -1 0 0 0 32002 32002 0 0 0 0 0 0
WIT 8 191 192 199 192 179 0 0 0 0 199 0 -1 0 0 0 32002 32002 0 0 0 0 0 1810
WIT 8 191 192 191 184 202 3364 0 0 0 32002 0 -1 0 0 0 32002 32002 0 0 0 0 0 0
WIT 8 191 192 199 192 211 3364 0 0 0 32002 0 -1 0 0 0 32002 32002 0 0 0 0 0 0
WIT 6 191 192 297 292 260 0 0 0 0 285 0 -1 0 0 0 32002 32002 0 0 0 0 0 1805
WIT 8 191 192 214 207 206 0 0 0 0 220 0 -1 0 0 0 32002 32002 0 0 0 0 0 3749
WIT 7 201 202 193 180 146 0 0 0 0 202 0 -1 0 0 0 32002 32002 0 0 0 0 0 2788
WIT 7 201 202 192 186 237 2787 0 0 0 32002 0 -1 0 0 0 32002 32002 0 0 0 0 0 0
WIT 7 201 202 192 179 143 0 0 0 0 237 0 -1 0 0 0 32002 32002 0 0 0 0 0 2331
WIT 7 201 202 222 216 224 0 0 0 0 32002 0 -1 0 0 0 32002 32002 0 0 0 0 0 0
WIT 6 201 202 192 187 243 2331 1 0 0 32002 0 -1 0 0 0 32002 32002 0 0 0 0 0 0
WIT 6 201 202 272 267 235 0 0 0 0 270 0 -1 0 0 0 32002 32002 0 0 0 0 0 2331
WIT 6 201 202 225 220 230 0 0 0 0 32002 0 -1 0 0 0 32002 32002 0 0 0 0 0 0
WIT 6 201 202 287 282 295 0 0 0 0 32002 0 -1 0 0 0 32002 32002 0 0 0 0 0 0
WIT 7 192 202 192 186 147 0 0 0 0 202 0 -1 0 0 0 32002 32002 0 0 0 0 0 1814
WIT 10 201 202 199 190 212 3364 0 0 0 32002 0 -1 0 0 0 32002 32002 0 0 0 0 0 0
WIT 10 201 202 198 179 167 0 0 0 0 202 0 -1 0 0 0 32002 32002 0 0 0 0 0 1810
WIT 8 201 202 185 178 187 3559 0 0 1 202 0 -1 0 0 0 32002 32002 0 0 0 0 0 3234
WIT 8 201 202 227 220 225 3364 0 0 0 32002 0 -1 0 0 0 32002 32002 0 0 0 0 0 0
WIT 9 201 202 199 191 212 3364 0 0 0 32002 0 -1 0 0 0 32002 32002 0 0 0 0 0 0
WIT 8 201 202 198 183 178 0 0 0 0 212 0 -1 0 0 0 32002 32002 0 0 0 0 0 1810
WIT 8 201 202 231 224 225 3559 0 0 0 32002 0 -1 0 0 0 32002 32002 0 0 0 0 0 0
WIT 8 201 202 266 259 291 3749 0 0 0 32002 0 -1 0 0 0 32002 32002 0 0 0 0 0 0
WIT 8 201 202 224 217 251 3364 0 0 0 32002 0 -1 0 0 0 32002 32002 0 0 0 0 0 0
WIT 8 201 202 251 244 298 3364 0 0 0 32002 0 -1 0 0 0 32002 32002 0 0 0 0 0 0
WIT 8 201 202 186 179 231 3364 0 0 0 32002 0 -1 0 0 0 32002 32002 0 0 0 0 0 0
WIT 8 201 202 216 209 255 3749 0 0 0 32002 0 -1 0 0 0 32002 32002 0 0 0 0 0 0
WIT 8 201 202 229 222 262 3364 0 0 0 32002 0 -1 0 0 0 32002 32002 0 0 0 0 0 0
WIT 8 201 202 191 184 197 3364 0 0 1 208 0 -1 0 0 0 32002 32002 0 0 0 0 0 3234
WIT 8 201 202 196 189 204 3364 0 0 0 32002 0 -1 0 0 0 32002 32002 0 0 0 0 0 0
WIT 8 201 202 221 214 285 0 0 0 0 32002 0 -1 0 0 0 32002 32002 0 0 0 0 0 0
WIT 8 201 202 199 192 211 3364 0 0 0 32002 0 -1 0 0 0 32002 32002 0 0 0 0 0 0
WIT 8 201 202 207 200 234 3364 0 0 0 32002 0 -1 0 0 0 32002 32002 0 0 0 0 0 0
WIT 7 214 215 202 189 157 0 0 0 0 215 0 -1 0 0 0 32002 32002 0 0 0 0 0 2788
WIT 7 214 215 222 216 226 0 0 0 0 32002 0 -1 0 0 0 32002 32002 0 0 0 0 0 0
WIT 6 214 215 192 187 243 2331 1 0 0 32002 0 -1 0 0 0 32002 32002 0 0 0 0 0 0
WIT 7 202 215 202 196 83 0 0 0 0 215 0 -1 0 0 0 32002 32002 0 0 0 0 0 1814
WIT 10 214 215 202 193 238 3364 0 0 0 32002 0 -1 0 0 0 32002 32002 0 0 0 0 0 0
WIT 11 214 215 199 189 199 3364 0 0 1 236 0 -1 0 0 0 32002 32002 0 0 0 0 0 3234
WIT 10 214 215 202 183 160 0 0 0 0 234 0 -1 0 0 0 32002 32002 0 0 0 0 0 1810
WIT 9 214 215 191 183 219 3364 0 0 0 32002 0 -1 0 0 0 32002 32002 0 0 0 0 0 0
WIT 6 214 215 220 215 184 0 0 0 0 232 0 -1 0 0 0 32002 32002 0 0 0 0 0 2788
WIT 9 214 215 202 185 211 3234 0 0 1 215 0 -1 0 0 0 32002 32002 0 0 0 0 0 3364
WIT 9 214 215 209 192 159 0 0 0 0 215 0 -1 0 0 0 32002 32002 0 0 0 0 0 1803
WIT 8 214 215 202 195 201 3559 0 0 1 215 0 -1 0 0 0 32002 32002 0 0 0 0 0 3234
WIT 8 214 215 227 220 225 3364 0 0 0 32002 0 -1 0 0 0 32002 32002 0 0 0 0 0 0
WIT 8 214 215 211 196 187 0 0 0 0 225 0 -1 0 0 0 32002 32002 0 0 0 0 0 1810
WIT 8 214 215 231 224 261 3364 0 0 0 32002 0 -1 0 0 0 32002 32002 0 0 0 0 0 0
WIT 8 214 215 207 200 234 3364 0 0 0 32002 0 -1 0 0 0 32002 32002 0 0 0 0 0 0
WIT 8 214 215 266 259 321 3364 0 0 0 32002 0 -1 0 0 0 32002 32002 0 0 0 0 0 0
WIT 8 214 215 224 217 251 3364 0 0 0 32002 0 -1 0 0 0 32002 32002 0 0 0 0 0 0
WIT 8 214 215 251 244 268 3964 0 0 0 32002 0 -1 0 0 0 32002 32002 0 0 0 0 0 0
WIT 8 214 215 186 179 231 3364 0 0 0 32002 0 -1 0 0 0 32002 32002 0 0 0 0 0 0
WIT 7 214 215 216 210 252 3364 0 0 0 32002 0 -1 0 0 0 32002 32002 0 0 0 0 0 0
WIT 7 214 215 229 223 256 3364 0 0 0 32002 0 -1 0 0 0 32002 32002 0 0 0 0 0 0
WIT 8 214 215 207 200 201 3364 0 0 1 220 0 -1 0 0 0 32002 32002 0 0 0 0 0 3234
WIT 7 214 215 196 190 200 1826 0 0 1 221 0 -1 0 0 0 32002 32002 0 0 0 0 0 3234
WIT 7 214 215 221 215 292 3234 0 0 0 32002 0 -1 0 0 0 32002 32002 0 0 0 0 0 0
WIT 8 214 215 199 192 211 3364 0 0 1 265 0 -1 0 0 0 32002 32002 0 0 0 0 0 3234
WIT 7 231 232 215 202 166 0 0 0 0 232 0 -1 0 0 0 32002 32002 0 0 0 0 0 2788
WIT 7 231 232 222 216 228 0 0 0 0 289 0 -1 0 0 0 32002 32002 0 0 0 0 0 2331
WIT 6 231 232 192 187 243 2331 1 0 0 32002 0 -1 0 0 0 32002 32002 0 0 0 0 0 0
WIT 7 215 232 215 209 185 0 0 0 0 232 0 -1 0 0 0 32002 32002 0 0 0 0 0 1814
WIT 9 231 232 191 183 219 3364 0 0 1 241 0 -1 0 0 0 32002 32002 0 0 0 0 0 3234
WIT 9 231 232 215 198 214 3234 0 0 1 232 0 -1 0 0 0 32002 32002 0 0 0 0 0 3364
WIT 9 231 232 215 198 167 0 0 0 0 232 0 -1 0 0 0 32002 32002 0 0 0 0 0 1803
WIT 8 231 232 215 208 210 3559 0 0 1 231 1 1 2150 1 1 231 240 0 0 0 0 21 3559
WIT 8 231 232 231 224 226 3559 0 0 1 241 0 -1 0 0 0 32002 32002 0 0 0 0 0 3234
WIT 8 231 232 207 200 227 3364 0 0 1 261 0 -1 0 0 0 32002 32002 0 0 0 0 0 3234
WIT 8 231 232 224 217 251 3364 0 0 0 32002 0 -1 0 0 0 32002 32002 0 0 0 0 0 0
WIT 7 231 232 251 245 245 3964 0 0 0 32002 0 -1 0 0 0 32002 32002 0 0 0 0 0 0
WIT 7 231 232 186 180 231 3364 0 0 1 222 1 1 -8463 1 1 231 256 0 0 0 0 14 3364
WIT 7 231 232 229 223 256 3364 0 0 0 32002 0 -1 0 0 0 32002 32002 0 0 0 0 0 0
WIT 8 231 232 224 209 195 0 0 0 0 234 0 -1 0 0 0 32002 32002 0 0 0 0 0 1810
WIT 8 231 232 219 212 218 3364 0 0 1 240 0 -1 0 0 0 32002 32002 0 0 0 0 0 3234
WIT 8 231 232 288 281 268 0 0 0 0 236 0 -1 0 0 0 32002 32002 0 0 0 0 0 1810
WIT 10 231 232 273 264 267 1803 1 0 0 32002 0 -1 0 0 0 32002 32002 0 0 0 0 0 0
WIT 6 231 232 237 232 228 0 0 0 0 1160 0 -1 0 0 0 32002 32002 0 0 0 0 0 1814
WIT 6 231 232 277 272 356 3364 0 0 0 32002 0 -1 0 0 0 32002 32002 0 0 0 0 0 0
WIT 7 231 232 217 204 171 0 0 0 0 235 0 -1 0 0 0 32002 32002 0 0 0 0 0 3749
WIT 7 231 232 220 214 284 3372 0 0 0 32002 0 -1 0 0 0 32002 32002 0 0 0 0 0 0
WIT 7 254 255 232 219 175 0 0 0 0 255 0 -1 0 0 0 32002 32002 0 0 0 0 0 2788
WIT 7 254 255 281 275 255 0 0 0 0 306 0 -1 0 0 0 32002 32002 0 0 0 0 0 2331
WIT 7 254 255 192 186 237 2787 0 0 1 241 1 1 -3097 1 1 254 246 0 0 0 0 52 3964
WIT 7 254 255 233 220 193 0 0 0 0 288 0 -1 0 0 0 32002 32002 0 0 0 0 0 2331
WIT 7 254 255 192 186 243 2331 1 0 0 255 0 -1 0 0 0 32002 32002 0 0 0 0 0 3234
WIT 7 232 255 232 226 187 0 0 0 0 255 0 -1 0 0 0 32002 32002 0 0 0 0 0 1814
WIT 10 254 255 234 225 225 3364 0 0 1 258 0 -1 0 0 0 32002 32002 0 0 0 0 0 3234
WIT 10 254 255 202 193 238 3364 0 0 1 273 0 -1 0 0 0 32002 32002 0 0 0 0 0 3234
WIT 10 254 255 232 213 191 0 0 0 0 257 0 -1 0 0 0 32002 32002 0 0 0 0 0 1810
WIT 9 254 255 240 232 280 3364 0 0 0 32002 0 -1 0 0 0 32002 32002 0 0 0 0 0 0
WIT 10 254 255 232 213 217 3234 0 0 1 260 0 -1 0 0 0 32002 32002 0 0 0 0 0 3364
WIT 9 254 255 232 215 196 0 0 0 0 259 0 -1 0 0 0 32002 32002 0 0 0 0 0 1803
WIT 8 254 255 233 218 206 0 0 0 0 257 0 -1 0 0 0 32002 32002 0 0 0 0 0 1810
WIT 9 254 255 235 218 216 0 0 0 0 291 0 -1 0 0 0 32002 32002 0 0 0 0 0 1810
WIT 9 254 255 273 265 267 1803 1 0 0 32002 0 -1 0 0 0 32002 32002 0 0 0 0 0 0
WIT 7 254 255 277 271 367 3364 0 0 0 32002 0 -1 0 0 0 32002 32002 0 0 0 0 0 0
WIT 8 254 255 234 219 198 0 0 0 0 267 0 -1 0 0 0 32002 32002 0 0 0 0 0 3749
WIT 8 254 255 239 232 232 3364 0 0 1 256 0 -1 0 0 0 32002 32002 0 0 0 0 0 3559
WIT 8 254 255 240 233 263 3364 0 0 0 32002 0 -1 0 0 0 32002 32002 0 0 0 0 0 0
WIT 8 254 255 266 259 321 3364 0 0 0 32002 0 -1 0 0 0 32002 32002 0 0 0 0 0 0
WIT 7 254 255 224 218 251 3364 0 0 1 271 0 -1 0 0 0 32002 32002 0 0 0 0 0 3234
WIT 7 254 255 251 245 245 3559 0 0 1 265 0 -1 0 0 0 32002 32002 0 0 0 0 0 3234
WIT 7 254 255 253 247 246 0 0 0 0 255 0 -1 0 0 0 32002 32002 0 0 0 0 0 3364
WIT 7 254 255 216 210 252 3364 0 0 1 349 0 -1 0 0 0 32002 32002 0 0 0 0 0 3234
WIT 7 254 255 229 223 256 3364 0 0 0 32002 0 -1 0 0 0 32002 32002 0 0 0 0 0 0
WIT 8 254 255 239 232 234 3364 0 0 1 259 0 -1 0 0 0 32002 32002 0 0 0 0 0 3234
WIT 7 254 255 220 214 319 3364 0 0 0 32002 0 -1 0 0 0 32002 32002 0 0 0 0 0 0
WIT 7 254 255 221 215 291 0 0 0 0 32002 0 -1 0 0 0 32002 32002 0 0 0 0 0 0
WIT 8 254 255 257 250 277 3364 0 0 0 32002 0 -1 0 0 0 32002 32002 0 0 0 0 0 0
WIT 7 285 286 284 271 220 0 0 0 0 288 0 -1 0 0 0 32002 32002 0 0 0 0 0 2331
WIT 7 285 286 255 249 259 2331 1 0 0 285 0 -1 0 0 0 32002 32002 0 0 0 0 0 2331
WIT 6 285 286 292 287 317 0 0 0 0 32002 0 -1 0 0 0 32002 32002 0 0 0 0 0 0
WIT 7 255 286 255 249 206 0 0 0 0 286 0 -1 0 0 0 32002 32002 0 0 0 0 0 1814
WIT 10 285 286 257 248 254 3364 0 0 1 297 0 -1 0 0 0 32002 32002 0 0 0 0 0 3234
WIT 10 285 286 271 262 296 3364 0 0 0 32002 0 -1 0 0 0 32002 32002 0 0 0 0 0 0
WIT 10 285 286 256 237 230 0 0 0 0 296 0 -1 0 0 0 32002 32002 0 0 0 0 0 1810
WIT 9 285 286 240 232 280 3364 0 0 1 286 0 -1 0 0 0 32002 32002 0 0 0 0 0 3234
WIT 9 285 286 259 242 279 3234 0 0 1 302 0 -1 0 0 0 32002 32002 0 0 0 0 0 3364
WIT 9 285 286 258 241 227 0 0 0 0 286 0 -1 0 0 0 32002 32002 0 0 0 0 0 1803
WIT 10 285 286 262 253 311 3364 0 0 0 32002 0 -1 0 0 0 32002 32002 0 0 0 0 0 0
WIT 8 285 286 256 241 216 0 0 0 0 296 0 -1 0 0 0 32002 32002 0 0 0 0 0 1810
WIT 8 285 286 255 248 251 3364 0 0 1 285 1 2 -4331 1 1 285 285 1 0 2 0 14 0
WIT 9 285 286 327 319 375 0 0 0 0 32002 0 -1 0 0 0 32002 32002 0 0 0 0 0 0
WIT 8 285 286 277 270 329 3364 0 0 0 32002 0 -1 0 0 0 32002 32002 0 0 0 0 0 0
WIT 6 285 286 292 287 333 3364 0 0 0 32002 0 -1 0 0 0 32002 32002 0 0 0 0 0 0
WIT 8 285 286 265 250 223 0 0 0 0 287 0 -1 0 0 0 32002 32002 0 0 0 0 0 3749
WIT 8 285 286 240 233 233 3559 0 0 1 309 0 -1 0 0 0 32002 32002 0 0 0 0 0 3234
WIT 8 285 286 266 259 321 3364 0 0 0 32002 0 -1 0 0 0 32002 32002 0 0 0 0 0 0
WIT 8 285 286 269 262 262 3364 0 0 1 294 0 -1 0 0 0 32002 32002 0 0 0 0 0 3234
WIT 8 285 286 263 256 281 3964 0 0 1 340 0 -1 0 0 0 32002 32002 0 0 0 0 0 3234
WIT 8 285 286 255 240 240 3372 0 0 1 303 0 -1 0 0 0 32002 32002 0 0 0 0 0 3364
WIT 8 285 286 337 330 433 3364 0 0 0 32002 0 -1 0 0 0 32002 32002 0 0 0 0 0 0
WIT 7 285 286 229 223 256 3364 0 0 1 331 0 -1 0 0 0 32002 32002 0 0 0 0 0 3234
WIT 8 285 286 258 251 260 3364 0 0 1 287 0 -1 0 0 0 32002 32002 0 0 0 0 0 3234
WIT 7 285 286 220 214 319 3364 0 0 0 32002 0 -1 0 0 0 32002 32002 0 0 0 0 0 0
WIT 8 285 286 221 214 297 0 0 0 0 32002 0 -1 0 0 0 32002 32002 0 0 0 0 0 0
WIT 7 285 286 259 253 305 3364 0 0 0 32002 0 -1 0 0 0 32002 32002 0 0 0 0 0 0
WIT 8 285 286 257 250 277 3364 0 0 1 289 0 -1 0 0 0 32002 32002 0 0 0 0 0 3234
WIT 7 327 328 288 282 312 3690 0 0 1 316 1 1 3805 1 1 327 325 0 0 0 0 1 0
WIT 7 327 328 287 274 254 0 0 0 0 325 0 -1 0 0 0 32002 32002 0 0 0 0 0 0
WIT 7 286 328 286 280 220 0 0 0 0 326 0 -1 0 0 0 32002 32002 0 0 0 0 0 1814
WIT 6 325 326 297 292 210 0 0 0 0 326 0 -1 0 0 0 32002 32002 0 0 0 0 0 2786
WIT 7 325 326 296 290 287 0 0 0 0 326 0 -1 0 0 0 32002 32002 0 0 0 0 0 3234
WIT 9 325 326 271 263 296 3364 0 0 1 326 0 -1 0 0 0 32002 32002 0 0 0 0 0 3234
WIT 7 325 326 295 282 237 0 0 0 0 326 0 -1 0 0 0 32002 32002 0 0 0 0 0 1810
WIT 6 325 326 286 281 496 3364 0 0 0 32002 0 -1 0 0 0 32002 32002 0 0 0 0 0 0
WIT 6 325 326 286 281 278 0 0 0 0 377 0 -1 0 0 0 32002 32002 0 0 0 0 0 1810
WIT 6 325 326 286 281 287 3364 0 0 1 311 1 1 -3125 1 1 325 326 0 0 0 0 33 3364
WIT 8 291 292 312 297 215 0 0 0 0 311 0 -1 0 0 0 32002 32002 0 0 0 0 0 2788
WIT 8 291 292 358 343 244 0 0 0 0 292 0 -1 0 0 0 32002 32002 0 0 0 0 0 2788
WIT 7 291 292 314 308 303 0 0 0 0 334 0 -1 0 0 0 32002 32002 0 0 0 0 0 2331
WIT 7 291 292 301 295 295 3234 0 0 0 32002 0 -1 0 0 0 32002 32002 0 0 0 0 0 0
WIT 7 291 292 282 276 326 0 0 0 0 32002 0 -1 0 0 0 32002 32002 0 0 0 0 0 0
WIT 7 291 292 311 305 345 0 0 0 0 32002 0 -1 0 0 0 32002 32002 0 0 0 0 0 0
WIT 6 291 292 348 343 343 3964 0 0 0 32002 0 -1 0 0 0 32002 32002 0 0 0 0 0 0
WIT 7 291 292 344 331 322 0 0 0 0 327 0 -1 0 0 0 32002 32002 0 0 0 0 0 2331
WIT 7 291 292 321 308 304 0 0 0 0 297 0 -1 0 0 0 32002 32002 0 0 0 0 0 2331
WIT 6 291 292 316 311 331 0 0 0 0 32002 0 -1 0 0 0 32002 32002 0 0 0 0 0 0
WIT 6 291 292 316 311 337 0 0 0 0 32002 0 -1 0 0 0 32002 32002 0 0 0 0 0 0
WIT 6 291 292 294 289 317 3559 0 0 0 32002 0 -1 0 0 0 32002 32002 0 0 0 0 0 0
WIT 6 291 292 302 297 327 0 0 0 0 32002 0 -1 0 0 0 32002 32002 0 0 0 0 0 0
WIT 6 291 292 365 360 363 0 0 0 0 32002 0 -1 0 0 0 32002 32002 0 0 0 0 0 0
WIT 6 291 292 290 285 311 0 0 0 0 32002 0 -1 0 0 0 32002 32002 0 0 0 0 0 0
WIT 6 291 292 370 365 368 0 0 0 0 32002 0 -1 0 0 0 32002 32002 0 0 0 0 0 0
WIT 6 291 292 326 321 321 3964 0 0 0 32002 0 -1 0 0 0 32002 32002 0 0 0 0 0 0
WIT 6 291 292 340 335 367 0 0 0 0 32002 0 -1 0 0 0 32002 32002 0 0 0 0 0 0
WIT 6 291 292 326 321 324 2333 1 0 0 32002 0 -1 0 0 0 32002 32002 0 0 0 0 0 0
WIT 8 268 292 326 319 132 0 0 0 0 292 0 -1 0 0 0 32002 32002 0 0 0 0 0 1814
WIT 9 291 292 286 278 289 3364 0 0 1 307 0 -1 0 0 0 32002 32002 0 0 0 0 0 3234
WIT 7 291 292 328 315 316 3234 0 0 0 32002 0 -1 0 0 0 32002 32002 0 0 0 0 0 0
WIT 9 291 292 327 310 260 0 0 0 0 294 0 -1 0 0 0 32002 32002 0 0 0 0 0 1803
WIT 9 291 292 326 309 311 3364 0 0 0 32002 0 -1 0 0 0 32002 32002 0 0 0 0 0 0
WIT 9 291 292 326 318 338 3364 0 0 0 32002 0 -1 0 0 0 32002 32002 0 0 0 0 0 0
WIT 9 291 292 326 309 274 0 0 0 0 311 0 -1 0 0 0 32002 32002 0 0 0 0 0 1810
WIT 8 291 292 326 319 319 3234 0 0 0 32002 0 -1 0 0 0 32002 32002 0 0 0 0 0 0
WIT 7 291 292 337 331 338 3364 0 0 0 32002 0 -1 0 0 0 32002 32002 0 0 0 0 0 0
WIT 7 291 292 330 324 324 3364 0 0 0 32002 0 -1 0 0 0 32002 32002 0 0 0 0 0 0
WIT 7 291 292 346 340 341 3364 0 0 0 32002 0 -1 0 0 0 32002 32002 0 0 0 0 0 0
WIT 7 291 292 326 320 331 3364 0 0 0 32002 0 -1 0 0 0 32002 32002 0 0 0 0 0 0
WIT 6 291 292 357 352 337 0 0 0 0 304 0 -1 0 0 0 32002 32002 0 0 0 0 0 3364
WIT 8 291 292 286 279 279 3364 0 0 1 292 0 -1 0 0 0 32002 32002 0 0 0 0 0 3234
WIT 7 291 292 377 371 374 3364 0 0 0 32002 0 -1 0 0 0 32002 32002 0 0 0 0 0 0
WIT 8 291 292 370 355 323 0 0 0 0 292 0 -1 0 0 0 32002 32002 0 0 0 0 0 1810
WIT 7 291 292 326 313 294 0 0 0 0 292 0 -1 0 0 0 32002 32002 0 0 0 0 0 3559
WIT 8 291 292 261 254 275 1837 0 0 1 307 0 -1 0 0 0 32002 32002 0 0 0 0 0 1803
WIT 7 291 292 336 323 284 0 0 0 0 305 0 -1 0 0 0 32002 32002 0 0 0 0 0 3364
WIT 7 291 292 337 331 433 3364 0 0 0 32002 0 -1 0 0 0 32002 32002 0 0 0 0 0 0
WIT 7 291 292 262 256 308 3364 0 0 0 32002 0 -1 0 0 0 32002 32002 0 0 0 0 0 0
WIT 7 291 292 326 313 285 0 0 0 0 308 0 -1 0 0 0 32002 32002 0 0 0 0 0 1810
WIT 7 291 292 354 348 393 3364 0 0 0 32002 0 -1 0 0 0 32002 32002 0 0 0 0 0 0
WIT 6 291 292 354 349 421 3364 0 0 0 32002 0 -1 0 0 0 32002 32002 0 0 0 0 0 0
WIT 7 292 304 322 316 279 0 0 0 0 334 0 -1 0 0 0 32002 32002 0 0 0 0 0 2331
WIT 10 303 304 410 391 390 0 0 0 0 428 0 -1 0 0 0 32002 32002 0 0 0 0 0 3483
WIT 8 303 304 348 341 367 3964 0 0 0 32002 0 -1 0 0 0 32002 32002 0 0 0 0 0 0
WIT 6 303 304 297 292 335 3234 0 0 0 32002 0 -1 0 0 0 32002 32002 0 0 0 0 0 0
WIT 10 303 304 323 304 279 0 0 0 0 305 0 -1 0 0 0 32002 32002 0 0 0 0 0 2331
WIT 9 303 304 296 279 254 0 0 0 0 304 0 -1 0 0 0 32002 32002 0 0 0 0 0 2331
WIT 10 303 304 311 292 112 0 0 0 0 304 0 -1 0 0 0 32002 32002 0 0 0 0 0 3963
WIT 9 303 304 314 306 306 3963 0 0 0 32002 0 -1 0 0 0 32002 32002 0 0 0 0 0 0
WIT 9 303 304 311 303 302 2333 1 0 0 306 0 -1 0 0 0 32002 32002 0 0 0 0 0 3779
WIT 10 303 304 309 290 213 0 0 0 0 304 0 -1 0 0 0 32002 32002 0 0 0 0 0 2788
WIT 9 303 304 292 275 210 0 0 0 0 304 0 -1 0 0 0 32002 32002 0 0 0 0 0 2788
WIT 9 303 304 334 326 378 3690 0 0 0 32002 0 -1 0 0 0 32002 32002 0 0 0 0 0 0
WIT 9 303 304 329 312 302 0 0 0 0 304 0 -1 0 0 0 32002 32002 0 0 0 0 0 2331
WIT 8 303 304 301 294 294 3234 0 0 1 305 0 -1 0 0 0 32002 32002 0 0 0 0 0 2331
WIT 7 303 304 311 305 343 0 0 0 0 32002 0 -1 0 0 0 32002 32002 0 0 0 0 0 0
WIT 7 303 304 292 286 285 0 0 0 0 316 0 -1 0 0 0 32002 32002 0 0 0 0 0 2331
WIT 7 303 304 370 364 363 0 0 0 0 373 0 -1 0 0 0 32002 32002 0 0 0 0 0 2331
WIT 7 303 304 316 310 310 3964 0 0 0 32002 0 -1 0 0 0 32002 32002 0 0 0 0 0 0
WIT 7 303 304 316 310 335 0 0 0 0 32002 0 -1 0 0 0 32002 32002 0 0 0 0 0 0
WIT 7 303 304 294 288 321 3559 0 0 0 32002 0 -1 0 0 0 32002 32002 0 0 0 0 0 0
WIT 7 303 304 426 420 432 3964 0 0 0 32002 0 -1 0 0 0 32002 32002 0 0 0 0 0 0
WIT 7 303 304 326 320 317 0 0 0 0 304 0 -1 0 0 0 32002 32002 0 0 0 0 0 3234
WIT 7 303 304 356 350 349 0 0 0 0 304 0 -1 0 0 0 32002 32002 0 0 0 0 0 2331
WIT 7 303 304 365 359 359 3234 0 0 0 32002 0 -1 0 0 0 32002 32002 0 0 0 0 0 0
WIT 7 303 304 282 276 323 0 0 0 0 32002 0 -1 0 0 0 32002 32002 0 0 0 0 0 0
WIT 7 303 304 302 296 324 0 0 0 0 32002 0 -1 0 0 0 32002 32002 0 0 0 0 0 0
WIT 7 303 304 335 329 329 3964 0 0 0 32002 0 -1 0 0 0 32002 32002 0 0 0 0 0 0
WIT 7 303 304 416 410 410 3964 0 0 0 32002 0 -1 0 0 0 32002 32002 0 0 0 0 0 0
WIT 7 303 304 382 376 401 0 0 0 0 32002 0 -1 0 0 0 32002 32002 0 0 0 0 0 0
WIT 7 303 304 290 284 308 0 0 0 0 32002 0 -1 0 0 0 32002 32002 0 0 0 0 0 0
WIT 7 303 304 370 364 362 0 0 0 0 392 0 -1 0 0 0 32002 32002 0 0 0 0 0 2331
WIT 7 303 304 340 334 366 0 0 0 0 32002 0 -1 0 0 0 32002 32002 0 0 0 0 0 0
WIT 7 303 304 386 380 399 0 0 0 0 32002 0 -1 0 0 0 32002 32002 0 0 0 0 0 0
WIT 7 292 304 292 286 283 0 0 0 0 304 0 -1 0 0 0 32002 32002 0 0 0 0 0 3364
WIT 8 292 304 292 285 255 0 0 0 0 304 0 -1 0 0 0 32002 32002 0 0 0 0 0 1814
WIT 11 303 304 326 305 310 3364 0 0 0 32002 0 -1 0 0 0 32002 32002 0 0 0 0 0 0
WIT 11 303 304 326 316 335 3364 0 0 0 32002 0 -1 0 0 0 32002 32002 0 0 0 0 0 0
WIT 11 303 304 309 288 254 0 0 0 0 310 0 -1 0 0 0 32002 32002 0 0 0 0 0 1810
WIT 10 303 304 305 296 327 3364 0 0 0 32002 0 -1 0 0 0 32002 32002 0 0 0 0 0 0
WIT 10 303 304 293 274 256 0 0 0 0 308 0 -1 0 0 0 32002 32002 0 0 0 0 0 1803
WIT 9 303 304 306 289 295 1837 0 0 1 308 0 -1 0 0 0 32002 32002 0 0 0 0 0 1810
WIT 9 303 304 337 329 399 3364 0 0 0 32002 0 -1 0 0 0 32002 32002 0 0 0 0 0 0
WIT 10 303 304 292 273 293 1837 0 0 1 304 0 -1 0 0 0 32002 32002 0 0 0 0 0 1803
WIT 8 303 304 292 285 304 3364 0 0 0 32002 0 -1 0 0 0 32002 32002 0 0 0 0 0 0
WIT 8 303 304 292 277 275 0 0 0 0 304 0 -1 0 0 0 32002 32002 0 0 0 0 0 1810
WIT 6 303 304 322 317 347 3234 0 0 0 32002 0 -1 0 0 0 32002 32002 0 0 0 0 0 0
WIT 9 303 304 292 275 274 0 0 0 0 304 0 -1 0 0 0 32002 32002 0 0 0 0 0 3559
WIT 8 303 304 334 327 360 3364 0 0 0 32002 0 -1 0 0 0 32002 32002 0 0 0 0 0 0
WIT 10 303 304 305 296 353 1837 0 0 0 32002 0 -1 0 0 0 32002 32002 0 0 0 0 0 0
WIT 9 303 304 303 286 276 0 0 0 0 304 0 -1 0 0 0 32002 32002 0 0 0 0 0 3364
WIT 9 303 304 292 275 287 3234 0 0 1 304 0 -1 0 0 0 32002 32002 0 0 0 0 0 3364
WIT 9 303 304 326 318 318 3234 0 0 0 32002 0 -1 0 0 0 32002 32002 0 0 0 0 0 0
WIT 8 303 304 331 324 329 3964 0 0 0 32002 0 -1 0 0 0 32002 32002 0 0 0 0 0 0
WIT 8 303 304 354 347 436 3364 0 0 0 32002 0 -1 0 0 0 32002 32002 0 0 0 0 0 0
WIT 9 303 304 301 293 298 1803 1 0 0 441 0 -1 0 0 0 32002 32002 0 0 0 0 0 1805
WIT 8 303 304 349 334 622 1805 0 0 0 32002 0 -1 0 0 0 32002 32002 0 0 0 0 0 0
WIT 6 303 304 344 339 423 3364 0 0 0 32002 0 -1 0 0 0 32002 32002 0 0 0 0 0 0
WIT 8 303 304 299 284 178 0 0 0 0 313 0 -1 0 0 0 32002 32002 0 0 0 0 0 3749
WIT 7 304 320 330 324 283 0 0 0 0 320 0 -1 0 0 0 32002 32002 0 0 0 0 0 2331
WIT 8 319 320 355 348 371 2333 1 0 0 32002 0 -1 0 0 0 32002 32002 0 0 0 0 0 0
WIT 11 319 320 317 307 306 0 0 0 0 320 0 -1 0 0 0 32002 32002 0 0 0 0 0 3690
WIT 13 319 320 320 308 363 2333 1 0 0 32002 0 -1 0 0 0 32002 32002 0 0 0 0 0 0
WIT 8 319 320 304 297 311 2713 0 0 1 320 0 -1 0 0 0 32002 32002 0 0 0 0 0 2333
WIT 12 319 320 304 293 292 0 0 0 0 320 0 -1 0 0 0 32002 32002 0 0 0 0 0 3690
WIT 11 319 320 350 340 341 3559 0 0 0 32002 0 -1 0 0 0 32002 32002 0 0 0 0 0 0
WIT 11 319 320 304 283 234 0 0 0 0 320 0 -1 0 0 0 32002 32002 0 0 0 0 0 3963
WIT 12 319 320 305 282 281 0 0 0 0 335 0 -1 0 0 0 32002 32002 0 0 0 0 0 3779
WIT 9 319 320 317 309 366 0 0 0 0 32002 0 -1 0 0 0 32002 32002 0 0 0 0 0 0
WIT 9 319 320 349 341 376 3690 0 0 0 32002 0 -1 0 0 0 32002 32002 0 0 0 0 0 0
WIT 10 319 320 304 285 211 0 0 0 0 320 0 -1 0 0 0 32002 32002 0 0 0 0 0 2788
WIT 10 319 320 304 285 188 0 0 0 0 320 0 -1 0 0 0 32002 32002 0 0 0 0 0 2788
WIT 10 319 320 304 285 242 0 0 0 0 320 0 -1 0 0 0 32002 32002 0 0 0 0 0 2331
WIT 10 319 320 304 285 276 0 0 0 0 320 0 -1 0 0 0 32002 32002 0 0 0 0 0 2331
WIT 8 319 320 399 392 353 0 0 0 0 320 0 -1 0 0 0 32002 32002 0 0 0 0 0 3690
WIT 10 319 320 304 285 283 0 0 0 0 320 0 -1 0 0 0 32002 32002 0 0 0 0 0 2331
WIT 9 319 320 365 348 316 0 0 0 0 320 0 -1 0 0 0 32002 32002 0 0 0 0 0 2331
WIT 9 319 320 314 297 305 3964 0 0 1 362 0 -1 0 0 0 32002 32002 0 0 0 0 0 2331
WIT 8 319 320 382 367 367 3699 0 0 0 32002 0 -1 0 0 0 32002 32002 0 0 0 0 0 0
WIT 9 319 320 384 376 441 3690 0 0 0 32002 0 -1 0 0 0 32002 32002 0 0 0 0 0 0
WIT 7 319 320 305 299 404 1748 1 0 0 32002 0 -1 0 0 0 32002 32002 0 0 0 0 0 0
WIT 8 319 320 304 289 271 0 0 0 0 386 0 -1 0 0 0 32002 32002 0 0 0 0 0 2331
WIT 8 319 320 311 304 327 0 0 0 0 32002 0 -1 0 0 0 32002 32002 0 0 0 0 0 0
WIT 8 319 320 294 287 312 3699 0 0 1 320 0 -1 0 0 0 32002 32002 0 0 0 0 0 3964
WIT 9 319 320 304 296 321 2788 1 0 0 32002 0 -1 0 0 0 32002 32002 0 0 0 0 0 0
WIT 7 319 320 304 298 299 2203 1 0 0 341 0 -1 0 0 0 32002 32002 0 0 0 0 0 2331
WIT 6 319 320 312 307 163 0 0 0 0 319 0 -1 0 0 0 32002 32002 0 0 0 0 0 0
WIT 8 319 320 304 289 288 0 0 0 0 319 0 -1 0 0 0 32002 32002 0 0 0 0 0 0
WIT 8 -305 -304 -296 -303 -286 1179 1 0 0 32002 0 -1 0 0 0 32002 32002 0 0 0 0 0 0
WIT 7 319 320 323 317 298 0 0 0 0 340 0 -1 0 0 0 32002 32002 0 0 0 0 0 3699
WIT 8 319 320 304 297 296 0 0 0 0 320 0 -1 0 0 0 32002 32002 0 0 0 0 0 2331
WIT 8 319 320 316 309 309 3699 0 0 1 322 0 -1 0 0 0 32002 32002 0 0 0 0 0 2331
WIT 8 319 320 316 309 333 0 0 0 0 32002 0 -1 0 0 0 32002 32002 0 0 0 0 0 0
WIT 8 319 320 426 419 434 3964 0 0 0 32002 0 -1 0 0 0 32002 32002 0 0 0 0 0 0
WIT 8 319 320 416 409 409 3964 0 0 0 32002 0 -1 0 0 0 32002 32002 0 0 0 0 0 0
WIT 8 319 320 335 328 328 3964 0 0 0 32002 0 -1 0 0 0 32002 32002 0 0 0 0 0 0
WIT 8 319 320 365 358 358 3964 0 0 0 32002 0 -1 0 0 0 32002 32002 0 0 0 0 0 0
WIT 8 319 320 290 283 308 0 0 0 0 405 0 -1 0 0 0 32002 32002 0 0 0 0 0 2331
WIT 8 319 320 302 295 321 0 0 0 0 32002 0 -1 0 0 0 32002 32002 0 0 0 0 0 0
WIT 8 319 320 340 333 361 0 0 0 0 32002 0 -1 0 0 0 32002 32002 0 0 0 0 0 0
WIT 8 319 320 282 275 320 0 0 0 0 32002 0 -1 0 0 0 32002 32002 0 0 0 0 0 0
WIT 8 319 320 382 375 395 0 0 0 0 32002 0 -1 0 0 0 32002 32002 0 0 0 0 0 0
WIT 8 319 320 386 379 394 0 0 0 0 32002 0 -1 0 0 0 32002 32002 0 0 0 0 0 0
WIT 8 319 320 339 332 341 2333 1 0 0 32002 0 -1 0 0 0 32002 32002 0 0 0 0 0 0
WIT 7 304 320 304 298 287 0 0 0 0 320 0 -1 0 0 0 32002 32002 0 0 0 0 0 3364
WIT 8 304 320 304 297 228 0 0 0 0 320 0 -1 0 0 0 32002 32002 0 0 0 0 0 1814
WIT 10 319 320 305 296 327 3364 0 0 0 32002 0 -1 0 0 0 32002 32002 0 0 0 0 0 0
WIT 6 319 320 309 304 228 0 0 0 0 391 0 -1 0 0 0 32002 32002 0 0 0 0 0 2788
WIT 6 319 320 310 305 316 3964 0 0 1 327 0 -1 0 0 0 32002 32002 0 0 0 0 0 3234
WIT 11 319 320 308 287 302 3234 0 0 1 326 0 -1 0 0 0 32002 32002 0 0 0 0 0 3364
WIT 11 319 320 307 286 275 0 0 0 0 325 0 -1 0 0 0 32002 32002 0 0 0 0 0 1803
WIT 10 319 320 326 307 310 3364 0 0 1 326 0 -1 0 0 0 32002 32002 0 0 0 0 0 3234
WIT 10 319 320 326 317 334 3364 0 0 0 32002 0 -1 0 0 0 32002 32002 0 0 0 0 0 0
WIT 10 319 320 309 290 276 0 0 0 0 325 0 -1 0 0 0 32002 32002 0 0 0 0 0 1810
WIT 10 319 320 427 418 391 0 0 0 0 325 0 -1 0 0 0 32002 32002 0 0 0 0 0 1805
WIT 9 319 320 301 293 303 3364 0 0 1 354 0 -1 0 0 0 32002 32002 0 0 0 0 0 3234
WIT 8 319 320 313 306 387 1805 0 0 0 32002 0 -1 0 0 0 32002 32002 0 0 0 0 0 0
WIT 6 319 320 301 296 460 1805 0 0 0 32002 0 -1 0 0 0 32002 32002 0 0 0 0 0 0
WIT 9 319 320 312 295 230 0 0 0 0 320 0 -1 0 0 0 32002 32002 0 0 0 0 0 3749
WIT 6 319 320 326 321 322 3964 0 0 0 32002 0 -1 0 0 0 32002 32002 0 0 0 0 0 0
WIT 11 319 320 305 295 312 1837 0 0 1 322 0 -1 0 0 0 32002 32002 0 0 0 0 0 1803
WIT 9 319 320 304 296 337 1837 0 0 0 32002 0 -1 0 0 0 32002 32002 0 0 0 0 0 0
WIT 9 319 320 304 287 286 0 0 0 0 321 0 -1 0 0 0 32002 32002 0 0 0 0 0 3364
WIT 9 319 320 337 329 399 3364 0 0 0 32002 0 -1 0 0 0 32002 32002 0 0 0 0 0 0
WIT 9 319 320 329 321 337 3364 0 0 0 32002 0 -1 0 0 0 32002 32002 0 0 0 0 0 0
WIT 9 319 320 314 306 334 3364 0 0 0 32002 0 -1 0 0 0 32002 32002 0 0 0 0 0 0
WIT 9 319 320 322 314 330 3364 0 0 0 32002 0 -1 0 0 0 32002 32002 0 0 0 0 0 0
WIT 6 319 320 480 475 379 0 0 0 0 363 0 -1 0 0 0 32002 32002 0 0 0 0 0 2788
WIT 10 319 320 304 285 289 1837 0 0 1 320 0 -1 0 0 0 32002 32002 0 0 0 0 0 1803
WIT 9 319 320 336 328 332 1837 0 0 0 32002 0 -1 0 0 0 32002 32002 0 0 0 0 0 0
WIT 7 319 320 347 341 352 3234 0 0 0 32002 0 -1 0 0 0 32002 32002 0 0 0 0 0 0
WIT 7 319 320 324 318 329 3234 0 0 0 32002 0 -1 0 0 0 32002 32002 0 0 0 0 0 0
WIT 7 319 320 342 336 322 0 0 0 0 334 0 -1 0 0 0 32002 32002 0 0 0 0 0 3749
WIT 7 319 320 342 336 351 3234 0 0 0 32002 0 -1 0 0 0 32002 32002 0 0 0 0 0 0
WIT 6 319 320 379 374 388 3749 0 0 0 32002 0 -1 0 0 0 32002 32002 0 0 0 0 0 0
WIT 6 319 320 322 317 347 3234 0 0 0 32002 0 -1 0 0 0 32002 32002 0 0 0 0 0 0
WIT 6 319 320 314 309 329 3749 0 0 0 32002 0 -1 0 0 0 32002 32002 0 0 0 0 0 0
WIT 7 319 320 292 286 304 3364 0 0 1 416 0 -1 0 0 0 32002 32002 0 0 0 0 0 3234
WIT 7 319 320 304 298 356 3364 0 0 0 32002 0 -1 0 0 0 32002 32002 0 0 0 0 0 0
WIT 8 319 320 304 289 284 0 0 0 0 356 0 -1 0 0 0 32002 32002 0 0 0 0 0 1810
WIT 6 319 320 304 299 340 0 0 0 0 32002 0 -1 0 0 0 32002 32002 0 0 0 0 0 0
WIT 9 319 320 304 287 282 0 0 0 0 320 0 -1 0 0 0 32002 32002 0 0 0 0 0 3559
WIT 8 319 320 334 327 360 3364 0 0 0 32002 0 -1 0 0 0 32002 32002 0 0 0 0 0 0
WIT 8 319 320 304 289 290 3234 0 0 1 320 0 -1 0 0 0 32002 32002 0 0 0 0 0 3364
WIT 9 319 320 326 318 318 3234 0 0 1 326 0 -1 0 0 0 32002 32002 0 0 0 0 0 3364
WIT 9 319 320 307 290 290 1837 0 0 1 325 0 -1 0 0 0 32002 32002 0 0 0 0 0 1810
WIT 8 319 320 331 324 325 3234 0 0 0 32002 0 -1 0 0 0 32002 32002 0 0 0 0 0 0
WIT 9 319 320 308 300 314 3234 0 0 1 337 0 -1 0 0 0 32002 32002 0 0 0 0 0 1803
WIT 8 319 320 354 347 436 3364 0 0 0 32002 0 -1 0 0 0 32002 32002 0 0 0 0 0 0
WIT 9 319 320 315 307 320 3364 0 0 0 32002 0 -1 0 0 0 32002 32002 0 0 0 0 0 0
WIT 6 340 341 434 429 478 3234 0 0 0 32002 0 -1 0 0 0 32002 32002 0 0 0 0 0 0
WIT 7 320 341 320 314 286 0 0 0 0 341 0 -1 0 0 0 32002 32002 0 0 0 0 0 2331
WIT 15 340 341 320 306 329 2333 1 0 0 341 0 -1 0 0 0 32002 32002 0 0 0 0 0 2713
WIT 7 340 341 320 314 338 0 0 0 0 341 0 -1 0 0 0 32002 32002 0 0 0 0 0 2333
WIT 12 340 341 320 297 296 0 0 0 0 341 0 -1 0 0 0 32002 32002 0 0 0 0 0 3690
WIT 13 340 341 320 295 294 0 0 0 0 341 0 -1 0 0 0 32002 32002 0 0 0 0 0 3690
WIT 12 340 341 350 339 341 3559 0 0 0 32002 0 -1 0 0 0 32002 32002 0 0 0 0 0 0
WIT 8 340 341 320 313 336 3699 0 0 1 390 0 -1 0 0 0 32002 32002 0 0 0 0 0 3690
WIT 8 340 341 320 313 337 3749 0 0 1 341 0 -1 0 0 0 32002 32002 0 0 0 0 0 3690
WIT 11 340 341 320 299 77 0 0 0 0 341 0 -1 0 0 0 32002 32002 0 0 0 0 0 3963
WIT 9 340 341 376 368 408 0 0 0 0 32002 0 -1 0 0 0 32002 32002 0 0 0 0 0 0
WIT 12 340 341 335 324 321 0 0 0 0 341 0 -1 0 0 0 32002 32002 0 0 0 0 0 3749
WIT 12 340 341 333 310 296 0 0 0 0 341 0 -1 0 0 0 32002 32002 0 0 0 0 0 3779
WIT 10 340 341 337 328 327 0 0 0 0 357 0 -1 0 0 0 32002 32002 0 0 0 0 0 3309
WIT 10 340 341 400 391 390 0 0 0 0 424 0 -1 0 0 0 32002 32002 0 0 0 0 0 3803
WIT 10 340 341 369 360 359 0 0 0 0 348 0 -1 0 0 0 32002 32002 0 0 0 0 0 3309
WIT 7 340 341 389 383 405 3964 0 0 0 32002 0 -1 0 0 0 32002 32002 0 0 0 0 0 0
WIT 9 340 341 335 318 313 0 0 0 0 341 0 -1 0 0 0 32002 32002 0 0 0 0 0 3699
WIT 9 340 341 349 341 343 2333 1 0 0 32002 0 -1 0 0 0 32002 32002 0 0 0 0 0 0
WIT 10 340 341 320 301 219 0 0 0 0 341 0 -1 0 0 0 32002 32002 0 0 0 0 0 2788
WIT 10 340 341 320 301 214 0 0 0 0 341 0 -1 0 0 0 32002 32002 0 0 0 0 0 2788
WIT 10 340 341 320 301 301 3699 0 0 1 354 0 -1 0 0 0 32002 32002 0 0 0 0 0 2331
WIT 9 340 341 320 303 303 3699 0 0 1 341 0 -1 0 0 0 32002 32002 0 0 0 0 0 3964
WIT 8 340 341 320 305 305 3699 0 0 1 447 0 -1 0 0 0 32002 32002 0 0 0 0 0 2331
WIT 9 340 341 320 303 258 0 0 0 0 341 0 -1 0 0 0 32002 32002 0 0 0 0 0 2331
WIT 8 340 341 382 367 367 3699 0 0 0 32002 0 -1 0 0 0 32002 32002 0 0 0 0 0 0
WIT 8 340 341 320 313 372 3690 0 0 0 32002 0 -1 0 0 0 32002 32002 0 0 0 0 0 0
WIT 8 340 341 320 305 302 0 0 0 0 341 0 -1 0 0 0 32002 32002 0 0 0 0 0 2331
WIT 8 340 341 320 305 305 3964 0 0 1 365 0 -1 0 0 0 32002 32002 0 0 0 0 0 2331
WIT 8 340 341 311 304 336 0 0 0 0 482 0 -1 0 0 0 32002 32002 0 0 0 0 0 2331
WIT 8 340 341 320 313 319 3699 0 0 1 341 0 -1 0 0 0 32002 32002 0 0 0 0 0 3964
WIT 8 340 341 321 314 314 3964 0 0 1 425 0 -1 0 0 0 32002 32002 0 0 0 0 0 2331
WIT 8 340 341 316 309 315 3964 0 0 1 470 0 -1 0 0 0 32002 32002 0 0 0 0 0 2331
WIT 8 340 341 426 419 434 3964 0 0 0 32002 0 -1 0 0 0 32002 32002 0 0 0 0 0 0
WIT 8 340 341 335 328 328 3964 0 0 1 343 0 -1 0 0 0 32002 32002 0 0 0 0 0 2331
WIT 8 340 341 365 358 358 3964 0 0 0 32002 0 -1 0 0 0 32002 32002 0 0 0 0 0 0
WIT 8 340 341 416 409 409 3964 0 0 0 32002 0 -1 0 0 0 32002 32002 0 0 0 0 0 0
WIT 8 340 341 395 388 387 0 0 0 0 383 0 -1 0 0 0 32002 32002 0 0 0 0 0 2331
WIT 8 340 341 302 295 318 0 0 0 0 405 0 -1 0 0 0 32002 32002 0 0 0 0 0 2331
WIT 8 340 341 282 275 318 0 0 0 0 383 0 -1 0 0 0 32002 32002 0 0 0 0 0 2331
WIT 8 340 341 340 333 358 0 0 0 0 32002 0 -1 0 0 0 32002 32002 0 0 0 0 0 0
WIT 8 340 341 382 375 393 0 0 0 0 32002 0 -1 0 0 0 32002 32002 0 0 0 0 0 0
WIT 8 340 341 386 379 392 0 0 0 0 32002 0 -1 0 0 0 32002 32002 0 0 0 0 0 0
WIT 8 340 341 339 332 341 2333 1 0 0 32002 0 -1 0 0 0 32002 32002 0 0 0 0 0 0
WIT 7 320 341 320 314 293 0 0 0 0 341 0 -1 0 0 0 32002 32002 0 0 0 0 0 3364
WIT 8 320 341 320 313 275 0 0 0 0 341 0 -1 0 0 0 32002 32002 0 0 0 0 0 1814
WIT 6 340 341 326 321 11 0 0 0 0 346 0 -1 0 0 0 32002 32002 0 0 0 0 0 3963
WIT 6 340 341 326 321 302 0 0 0 0 342 0 -1 0 0 0 32002 32002 0 0 0 0 0 2786
WIT 10 340 341 325 306 310 3364 0 0 1 341 0 -1 0 0 0 32002 32002 0 0 0 0 0 3234
WIT 10 340 341 326 317 334 3364 0 0 1 344 0 -1 0 0 0 32002 32002 0 0 0 0 0 3234
WIT 11 340 341 324 303 286 0 0 0 0 341 0 -1 0 0 0 32002 32002 0 0 0 0 0 1810
WIT 9 340 341 305 297 327 3364 0 0 1 341 0 -1 0 0 0 32002 32002 0 0 0 0 0 3234
WIT 9 340 341 325 308 362 3234 0 0 0 32002 0 -1 0 0 0 32002 32002 0 0 0 0 0 0
WIT 9 340 341 324 307 290 0 0 0 0 341 0 -1 0 0 0 32002 32002 0 0 0 0 0 1803
WIT 10 340 341 324 305 306 1803 1 0 0 482 0 -1 0 0 0 32002 32002 0 0 0 0 0 1805
WIT 10 340 341 322 303 420 1805 0 0 0 32002 0 -1 0 0 0 32002 32002 0 0 0 0 0 0
WIT 8 340 341 301 294 373 1805 0 0 0 32002 0 -1 0 0 0 32002 32002 0 0 0 0 0 0
WIT 7 340 341 313 307 388 1805 0 0 0 32002 0 -1 0 0 0 32002 32002 0 0 0 0 0 0
WIT 7 340 341 322 316 431 3364 0 0 0 32002 0 -1 0 0 0 32002 32002 0 0 0 0 0 0
WIT 9 340 341 320 303 272 0 0 0 0 341 0 -1 0 0 0 32002 32002 0 0 0 0 0 3749
WIT 9 340 341 329 321 356 3364 0 0 0 32002 0 -1 0 0 0 32002 32002 0 0 0 0 0 0
WIT 9 340 341 379 371 911 3749 1 0 0 32002 0 -1 0 0 0 32002 32002 0 0 0 0 0 0
WIT 9 340 341 315 307 353 3364 0 0 0 32002 0 -1 0 0 0 32002 32002 0 0 0 0 0 0
WIT 9 340 341 314 306 334 3364 0 0 1 364 0 -1 0 0 0 32002 32002 0 0 0 0 0 3234
WIT 9 340 341 322 314 326 3364 0 0 1 350 0 -1 0 0 0 32002 32002 0 0 0 0 0 3234
WIT 10 340 341 320 301 318 1837 0 0 1 341 0 -1 0 0 0 32002 32002 0 0 0 0 0 1803
WIT 10 340 341 404 395 395 3364 0 0 0 32002 0 -1 0 0 0 32002 32002 0 0 0 0 0 0
WIT 10 340 341 304 295 340 3364 0 0 1 341 0 -1 0 0 0 32002 32002 0 0 0 0 0 3234
WIT 10 340 341 352 333 315 0 0 0 0 341 0 -1 0 0 0 32002 32002 0 0 0 0 0 1810
WIT 8 340 341 304 297 351 0 0 0 0 32002 0 -1 0 0 0 32002 32002 0 0 0 0 0 0
WIT 9 340 341 332 315 334 1837 0 0 1 436 0 -1 0 0 0 32002 32002 0 0 0 0 0 3749
WIT 7 340 341 324 318 329 3234 0 0 1 361 0 -1 0 0 0 32002 32002 0 0 0 0 0 3364
WIT 7 340 341 342 336 351 3234 0 0 0 32002 0 -1 0 0 0 32002 32002 0 0 0 0 0 0
WIT 6 340 341 347 342 351 3234 0 0 0 32002 0 -1 0 0 0 32002 32002 0 0 0 0 0 0
WIT 6 340 341 322 317 347 3234 0 0 0 32002 0 -1 0 0 0 32002 32002 0 0 0 0 0 0
WIT 6 340 341 336 331 331 3234 0 0 1 375 0 -1 0 0 0 32002 32002 0 0 0 0 0 3364
WIT 6 340 341 314 309 329 3749 0 0 1 384 0 -1 0 0 0 32002 32002 0 0 0 0 0 3364
WIT 6 340 341 348 343 385 3749 0 0 0 32002 0 -1 0 0 0 32002 32002 0 0 0 0 0 0
WIT 9 340 341 320 303 296 0 0 0 0 341 0 -1 0 0 0 32002 32002 0 0 0 0 0 3559
WIT 9 340 341 334 326 362 3364 0 0 0 32002 0 -1 0 0 0 32002 32002 0 0 0 0 0 0
WIT 9 340 341 337 329 399 3364 0 0 0 32002 0 -1 0 0 0 32002 32002 0 0 0 0 0 0
WIT 11 340 341 321 311 350 1837 0 0 0 32002 0 -1 0 0 0 32002 32002 0 0 0 0 0 0
WIT 10 340 341 304 295 350 0 0 0 0 32002 0 -1 0 0 0 32002 32002 0 0 0 0 0 0
WIT 9 340 341 320 303 286 0 0 0 0 346 0 -1 0 0 0 32002 32002 0 0 0 0 0 3364
WIT 6 340 341 262 257 303 3364 0 0 1 384 0 -1 0 0 0 32002 32002 0 0 0 0 0 3234
WIT 9 340 341 324 307 316 1837 0 0 1 341 0 -1 0 0 0 32002 32002 0 0 0 0 0 1810
WIT 9 340 341 320 303 310 3234 0 0 1 341 0 -1 0 0 0 32002 32002 0 0 0 0 0 3364
WIT 9 340 341 335 327 392 3364 0 0 0 32002 0 -1 0 0 0 32002 32002 0 0 0 0 0 0
WIT 9 340 341 325 317 318 3234 0 0 1 349 0 -1 0 0 0 32002 32002 0 0 0 0 0 3364
WIT 7 368 369 320 314 361 3234 0 0 1 445 0 -1 0 0 0 32002 32002 0 0 0 0 0 3690
WIT 7 368 369 402 396 430 1748 1 0 0 32002 0 -1 0 0 0 32002 32002 0 0 0 0 0 0
WIT 7 341 369 341 335 308 0 0 0 0 369 0 -1 0 0 0 32002 32002 0 0 0 0 0 2331
WIT 13 368 369 341 329 332 2333 1 0 0 400 0 -1 0 0 0 32002 32002 0 0 0 0 0 2713
WIT 9 368 369 341 333 383 0 0 0 0 32002 0 -1 0 0 0 32002 32002 0 0 0 0 0 0
WIT 8 368 369 365 358 401 0 0 0 0 32002 0 -1 0 0 0 32002 32002 0 0 0 0 0 0
WIT 8 368 369 466 459 486 0 0 0 0 32002 0 -1 0 0 0 32002 32002 0 0 0 0 0 0
WIT 8 368 369 391 384 429 0 0 0 0 32002 0 -1 0 0 0 32002 32002 0 0 0 0 0 0
WIT 12 368 369 341 318 303 0 0 0 0 369 0 -1 0 0 0 32002 32002 0 0 0 0 0 3690
WIT 14 368 369 397 384 427 2333 1 0 0 32002 0 -1 0 0 0 32002 32002 0 0 0 0 0 0
WIT 13 368 369 347 335 424 2333 1 0 0 32002 0 -1 0 0 0 32002 32002 0 0 0 0 0 0
WIT 10 368 369 368 359 438 0 0 0 0 32002 0 -1 0 0 0 32002 32002 0 0 0 0 0 0
WIT 11 368 369 414 404 423 2713 0 0 0 32002 0 -1 0 0 0 32002 32002 0 0 0 0 0 0
WIT 6 368 369 387 382 458 0 0 0 0 32002 0 -1 0 0 0 32002 32002 0 0 0 0 0 0
WIT 12 368 369 341 318 307 0 0 0 0 370 0 -1 0 0 0 32002 32002 0 0 0 0 0 3690
WIT 12 368 369 350 339 341 3559 0 0 1 369 0 -1 0 0 0 32002 32002 0 0 0 0 0 3690
WIT 9 368 369 341 333 353 3749 0 0 1 419 0 -1 0 0 0 32002 32002 0 0 0 0 0 3690
WIT 7 368 369 410 404 495 3779 0 0 0 32002 0 -1 0 0 0 32002 32002 0 0 0 0 0 0
WIT 9 368 369 341 333 342 3699 0 0 1 376 0 -1 0 0 0 32002 32002 0 0 0 0 0 3690
WIT 8 368 369 431 424 457 3749 0 0 0 32002 0 -1 0 0 0 32002 32002 0 0 0 0 0 0
WIT 11 368 369 341 320 -76 0 0 0 0 369 0 -1 0 0 0 32002 32002 0 0 0 0 0 3963
WIT 11 368 369 346 336 348 3690 0 0 1 369 0 -1 0 0 0 32002 32002 0 0 0 0 0 3963
WIT 11 368 369 345 335 329 0 0 0 0 369 0 -1 0 0 0 32002 32002 0 0 0 0 0 2378
WIT 8 368 369 376 369 410 0 0 0 0 32002 0 -1 0 0 0 32002 32002 0 0 0 0 0 0
WIT 6 368 369 404 399 401 3690 0 0 0 32002 0 -1 0 0 0 32002 32002 0 0 0 0 0 0
WIT 8 368 369 341 326 325 0 0 0 0 369 0 -1 0 0 0 32002 32002 0 0 0 0 0 3749
WIT 13 368 369 341 316 319 3690 0 0 1 369 0 -1 0 0 0 32002 32002 0 0 0 0 0 3779
WIT 10 368 369 341 322 322 3690 0 0 1 369 0 -1 0 0 0 32002 32002 0 0 0 0 0 3699
WIT 6 368 369 317 312 372 0 0 0 0 32002 0 -1 0 0 0 32002 32002 0 0 0 0 0 0
WIT 7 368 369 349 343 374 3690 0 0 0 32002 0 -1 0 0 0 32002 32002 0 0 0 0 0 0
WIT 10 368 369 341 322 243 0 0 0 0 369 0 -1 0 0 0 32002 32002 0 0 0 0 0 2788
WIT 10 368 369 341 322 240 0 0 0 0 369 0 -1 0 0 0 32002 32002 0 0 0 0 0 2788
WIT 10 368 369 341 322 332 3699 0 0 1 369 0 -1 0 0 0 32002 32002 0 0 0 0 0 3964
WIT 9 368 369 352 335 341 3699 0 0 1 374 0 -1 0 0 0 32002 32002 0 0 0 0 0 2331
WIT 8 368 369 320 313 358 3690 0 0 1 381 0 -1 0 0 0 32002 32002 0 0 0 0 0 3964
WIT 8 368 369 341 326 302 0 0 0 0 369 0 -1 0 0 0 32002 32002 0 0 0 0 0 2331
WIT 8 368 369 435 420 420 3699 0 0 0 32002 0 -1 0 0 0 32002 32002 0 0 0 0 0 0
WIT 9 368 369 382 374 512 0 0 0 0 32002 0 -1 0 0 0 32002 32002 0 0 0 0 0 0
WIT 9 368 369 390 382 463 3699 0 0 0 32002 0 -1 0 0 0 32002 32002 0 0 0 0 0 0
WIT 9 368 369 341 324 280 0 0 0 0 369 0 -1 0 0 0 32002 32002 0 0 0 0 0 2331
WIT 8 368 369 357 342 338 0 0 0 0 363 0 -1 0 0 0 32002 32002 0 0 0 0 0 3699
WIT 8 368 369 382 367 367 3699 0 0 1 392 0 -1 0 0 0 32002 32002 0 0 0 0 0 2331
WIT 8 368 369 362 347 347 3964 0 0 1 369 0 -1 0 0 0 32002 32002 0 0 0 0 0 2331
WIT 8 368 369 415 408 408 3964 0 0 0 32002 0 -1 0 0 0 32002 32002 0 0 0 0 0 0
WIT 8 368 369 466 459 471 3964 0 0 0 32002 0 -1 0 0 0 32002 32002 0 0 0 0 0 0
WIT 8 368 369 341 334 445 3699 0 0 0 32002 0 -1 0 0 0 32002 32002 0 0 0 0 0 0
WIT 8 368 369 455 448 448 3964 0 0 0 32002 0 -1 0 0 0 32002 32002 0 0 0 0 0 0
WIT 8 368 369 426 419 434 3964 0 0 0 32002 0 -1 0 0 0 32002 32002 0 0 0 0 0 0
WIT 8 368 369 342 335 335 3699 0 0 1 456 0 -1 0 0 0 32002 32002 0 0 0 0 0 2331
WIT 8 368 369 378 371 391 0 0 0 0 32002 0 -1 0 0 0 32002 32002 0 0 0 0 0 0
WIT 8 368 369 365 358 358 3699 0 0 1 381 0 -1 0 0 0 32002 32002 0 0 0 0 0 2331
WIT 8 368 369 416 409 409 3964 0 0 0 32002 0 -1 0 0 0 32002 32002 0 0 0 0 0 0
WIT 8 368 369 397 390 390 3559 0 0 0 32002 0 -1 0 0 0 32002 32002 0 0 0 0 0 0
WIT 8 368 369 382 375 405 0 0 0 0 32002 0 -1 0 0 0 32002 32002 0 0 0 0 0 0
WIT 8 368 369 340 333 370 0 0 0 0 32002 0 -1 0 0 0 32002 32002 0 0 0 0 0 0
WIT 8 368 369 386 379 403 0 0 0 0 32002 0 -1 0 0 0 32002 32002 0 0 0 0 0 0
WIT 8 368 369 339 332 341 2333 1 0 0 369 0 -1 0 0 0 32002 32002 0 0 0 0 0 2331
WIT 7 341 369 341 335 300 0 0 0 0 369 0 -1 0 0 0 32002 32002 0 0 0 0 0 3364
WIT 8 341 369 341 334 295 0 0 0 0 369 0 -1 0 0 0 32002 32002 0 0 0 0 0 1814
WIT 10 368 369 341 332 334 3364 0 0 1 361 1 1 53806 1 1 368 369 0 0 0 0 63 3364
WIT 6 368 369 382 377 344 0 0 0 0 387 0 -1 0 0 0 32002 32002 0 0 0 0 0 3559
WIT 10 368 369 325 306 362 3234 0 0 1 371 0 -1 0 0 0 32002 32002 0 0 0 0 0 3364
WIT 10 368 369 341 322 300 0 0 0 0 369 0 -1 0 0 0 32002 32002 0 0 0 0 0 1803
WIT 6 368 369 338 333 382 3559 0 0 0 32002 0 -1 0 0 0 32002 32002 0 0 0 0 0 0
WIT 6 368 369 342 337 363 0 0 0 0 362 0 -1 0 0 0 32002 32002 0 0 0 0 0 0
WIT 6 368 369 362 357 367 3559 0 0 1 400 0 -1 0 0 0 32002 32002 0 0 0 0 0 2331
WIT 11 368 369 341 320 331 3364 0 0 1 363 1 1 23336 1 1 368 355 0 0 0 0 34 0
WIT 11 368 369 341 320 283 0 0 0 0 364 0 -1 0 0 0 32002 32002 0 0 0 0 0 0
WIT 6 361 362 350 345 347 3364 0 0 1 382 0 -1 0 0 0 32002 32002 0 0 0 0 0 3234
WIT 6 361 362 301 296 389 3559 0 0 0 32002 0 -1 0 0 0 32002 32002 0 0 0 0 0 0
WIT 6 361 362 329 324 351 3364 0 0 1 382 0 -1 0 0 0 32002 32002 0 0 0 0 0 3234
WIT 6 361 362 315 310 346 3364 0 0 1 367 0 -1 0 0 0 32002 32002 0 0 0 0 0 3234
WIT 6 361 362 361 356 424 3364 0 0 0 32002 0 -1 0 0 0 32002 32002 0 0 0 0 0 0
WIT 6 361 362 349 344 394 3364 0 0 0 32002 0 -1 0 0 0 32002 32002 0 0 0 0 0 0
WIT 8 361 362 341 326 341 1837 0 0 1 362 0 -1 0 0 0 32002 32002 0 0 0 0 0 1803
WIT 8 361 362 404 397 374 0 0 0 0 362 0 -1 0 0 0 32002 32002 0 0 0 0 0 3364
WIT 9 361 362 341 333 348 3364 0 0 1 362 0 -1 0 0 0 32002 32002 0 0 0 0 0 3234
WIT 8 361 362 341 326 314 0 0 0 0 362 0 -1 0 0 0 32002 32002 0 0 0 0 0 1810
WIT 6 361 362 304 299 351 0 0 0 0 362 0 -1 0 0 0 32002 32002 0 0 0 0 0 1810
WIT 7 361 362 341 328 297 0 0 0 0 362 0 -1 0 0 0 32002 32002 0 0 0 0 0 3559
WIT 6 361 362 334 329 357 3364 0 0 1 414 0 -1 0 0 0 32002 32002 0 0 0 0 0 3234
WIT 6 361 362 337 332 388 3364 0 0 0 32002 0 -1 0 0 0 32002 32002 0 0 0 0 0 0
WIT 7 -341 -340 -354 -367 -418 0 0 0 0 -340 0 -1 0 0 0 32002 32002 0 0 0 0 0 334
WIT 7 339 340 362 349 324 0 0 0 0 340 0 -1 0 0 0 32002 32002 0 0 0 0 0 1810
WIT 7 -354 -322 -340 -346 -360 0 0 0 0 -354 0 -1 0 0 0 32002 32002 0 0 0 0 0 0
WIT 6 353 354 435 430 398 0 0 0 0 445 0 -1 0 0 0 32002 32002 0 0 0 0 0 2331
WIT 9 -354 -353 -355 -372 -381 0 0 0 0 -367 0 -1 0 0 0 32002 32002 0 0 0 0 0 0
WIT 11 353 354 343 333 338 3364 0 0 1 354 0 -1 0 0 0 32002 32002 0 0 0 0 0 3234
WIT 8 353 354 435 428 428 2787 0 0 0 32002 0 -1 0 0 0 32002 32002 0 0 0 0 0 0
WIT 8 353 354 435 428 427 0 0 0 0 417 0 -1 0 0 0 32002 32002 0 0 0 0 0 3690
WIT 12 353 354 369 346 324 0 0 0 0 354 0 -1 0 0 0 32002 32002 0 0 0 0 0 2331
WIT 8 353 354 386 379 360 0 0 0 0 410 0 -1 0 0 0 32002 32002 0 0 0 0 0 2788
WIT 7 353 354 383 370 369 0 0 0 0 354 0 -1 0 0 0 32002 32002 0 0 0 0 0 3699
WIT 12 353 354 369 346 346 3699 0 0 1 354 0 -1 0 0 0 32002 32002 0 0 0 0 0 3964
WIT 10 353 354 373 354 354 3699 0 0 0 32002 0 -1 0 0 0 32002 32002 0 0 0 0 0 0
WIT 10 353 354 372 353 348 0 0 0 0 354 0 -1 0 0 0 32002 32002 0 0 0 0 0 3699
WIT 8 353 354 435 420 420 3699 0 0 0 32002 0 -1 0 0 0 32002 32002 0 0 0 0 0 0
WIT 8 353 354 369 354 354 3964 0 0 0 32002 0 -1 0 0 0 32002 32002 0 0 0 0 0 0
WIT 7 353 354 341 335 335 3699 0 0 1 354 0 -1 0 0 0 32002 32002 0 0 0 0 0 3964
WIT 7 353 354 426 420 434 3964 0 0 0 32002 0 -1 0 0 0 32002 32002 0 0 0 0 0 0
WIT 7 353 354 382 376 408 0 0 0 0 32002 0 -1 0 0 0 32002 32002 0 0 0 0 0 0
WIT 7 353 354 416 410 410 3964 0 0 0 32002 0 -1 0 0 0 32002 32002 0 0 0 0 0 0
WIT 7 353 354 386 380 407 0 0 0 0 32002 0 -1 0 0 0 32002 32002 0 0 0 0 0 0
WIT 7 353 354 340 334 374 0 0 0 0 32002 0 -1 0 0 0 32002 32002 0 0 0 0 0 0
WIT 8 353 354 369 362 364 2333 1 0 0 32002 0 -1 0 0 0 32002 32002 0 0 0 0 0 0
WIT 11 353 354 369 348 347 0 0 0 0 354 0 -1 0 0 0 32002 32002 0 0 0 0 0 3364
WIT 11 353 354 369 348 254 0 0 0 0 354 0 -1 0 0 0 32002 32002 0 0 0 0 0 1814
WIT 6 353 354 371 366 322 0 0 0 0 384 0 -1 0 0 0 32002 32002 0 0 0 0 0 2788
WIT 11 353 354 348 338 341 3234 0 0 1 354 0 -1 0 0 0 32002 32002 0 0 0 0 0 3364
WIT 7 353 354 369 363 363 3559 0 0 0 32002 0 -1 0 0 0 32002 32002 0 0 0 0 0 0
WIT 6 353 354 378 373 373 3964 0 0 0 32002 0 -1 0 0 0 32002 32002 0 0 0 0 0 0
WIT 11 353 354 369 359 356 0 0 0 0 363 0 -1 0 0 0 32002 32002 0 0 0 0 0 3364
WIT 11 353 354 370 349 349 3234 0 0 1 371 0 -1 0 0 0 32002 32002 0 0 0 0 0 3364
WIT 11 353 354 369 348 320 0 0 0 0 362 0 -1 0 0 0 32002 32002 0 0 0 0 0 1803
WIT 8 353 354 379 372 373 3364 0 0 0 32002 0 -1 0 0 0 32002 32002 0 0 0 0 0 0
WIT 8 353 354 301 294 400 3559 0 0 0 32002 0 -1 0 0 0 32002 32002 0 0 0 0 0 0
WIT 7 353 354 313 307 389 3364 0 0 0 32002 0 -1 0 0 0 32002 32002 0 0 0 0 0 0
WIT 10 353 354 361 352 400 3364 0 0 0 32002 0 -1 0 0 0 32002 32002 0 0 0 0 0 0
WIT 9 353 354 349 341 348 3364 0 0 1 357 0 -1 0 0 0 32002 32002 0 0 0 0 0 3234
WIT 11 353 354 362 341 352 1837 0 0 1 359 0 -1 0 0 0 32002 32002 0 0 0 0 0 1803
WIT 10 353 354 362 343 343 1837 0 0 1 362 0 -1 0 0 0 32002 32002 0 0 0 0 0 1810
WIT 6 353 354 362 357 380 3234 0 0 0 32002 0 -1 0 0 0 32002 32002 0 0 0 0 0 0
WIT 6 353 354 379 374 446 3234 0 0 0 32002 0 -1 0 0 0 32002 32002 0 0 0 0 0 0
WIT 6 353 354 364 359 431 3234 0 0 0 32002 0 -1 0 0 0 32002 32002 0 0 0 0 0 0
WIT 6 353 354 369 364 431 3234 0 0 0 32002 0 -1 0 0 0 32002 32002 0 0 0 0 0 0
WIT 10 353 354 362 343 317 0 0 0 0 358 0 -1 0 0 0 32002 32002 0 0 0 0 0 3559
WIT 9 353 354 406 398 418 3364 0 0 0 32002 0 -1 0 0 0 32002 32002 0 0 0 0 0 0
WIT 8 353 354 367 360 395 0 0 0 0 32002 0 -1 0 0 0 32002 32002 0 0 0 0 0 0
WIT 8 353 354 321 314 349 0 0 0 0 371 0 -1 0 0 0 32002 32002 0 0 0 0 0 1803
WIT 9 353 354 377 369 401 3364 0 0 0 32002 0 -1 0 0 0 32002 32002 0 0 0 0 0 0
WIT 9 353 354 341 324 269 0 0 0 0 356 0 -1 0 0 0 32002 32002 0 0 0 0 0 1810
WIT 9 353 354 382 374 376 3699 0 0 0 32002 0 -1 0 0 0 32002 32002 0 0 0 0 0 0
WIT 6 353 354 337 332 338 3364 0 0 1 385 0 -1 0 0 0 32002 32002 0 0 0 0 0 3234
WIT 9 353 354 345 337 364 3364 0 0 0 32002 0 -1 0 0 0 32002 32002 0 0 0 0 0 0
WIT 7 369 370 374 368 377 0 0 0 0 32002 0 -1 0 0 0 32002 32002 0 0 0 0 0 0
WIT 7 354 370 370 364 72 0 0 0 0 371 0 -1 0 0 0 32002 32002 0 0 0 0 0 3963
WIT 8 354 370 354 347 215 0 0 0 0 370 0 -1 0 0 0 32002 32002 0 0 0 0 0 2788
WIT 10 369 370 388 379 190 0 0 0 0 370 0 -1 0 0 0 32002 32002 0 0 0 0 0 2788
WIT 11 369 370 356 346 340 0 0 0 0 369 0 -1 0 0 0 32002 32002 0 0 0 0 0 0
WIT 7 -355 -354 -351 -357 -349 399 0 0 0 32002 0 -1 0 0 0 32002 32002 0 0 0 0 0 0
WIT 8 -355 -354 -343 -350 -350 453 0 0 0 32002 0 -1 0 0 0 32002 32002 0 0 0 0 0 0
WIT 7 -355 -354 -365 -371 -374 0 0 0 0 -350 0 -1 0 0 0 32002 32002 0 0 0 0 0 399
WIT 7 -355 -354 -369 -375 -350 0 0 0 0 32002 0 -1 0 0 0 32002 32002 0 0 0 0 0 0
WIT 7 -355 -354 -369 -375 -375 1438 0 0 1 -348 0 -1 0 0 0 32002 32002 0 0 0 0 0 399
WIT 9 354 370 354 346 291 0 0 0 0 352 0 -1 0 0 0 32002 32002 0 0 0 0 0 0
WIT 10 -355 -354 -340 -359 -359 983 0 0 1 -340 0 -1 0 0 0 32002 32002 0 0 0 0 0 1762
WIT 9 -355 -354 -200 -208 -284 0 0 0 0 -74 0 -1 0 0 0 32002 32002 0 0 0 0 0 924
WIT 8 -355 -354 -338 -345 -359 0 0 0 0 -369 0 -1 0 0 0 32002 32002 0 0 0 0 0 0
WIT 9 354 355 372 364 340 0 0 0 0 359 0 -1 0 0 0 32002 32002 0 0 0 0 0 3372
WIT 9 354 355 369 361 339 0 0 0 0 358 0 -1 0 0 0 32002 32002 0 0 0 0 0 1826
WIT 9 369 370 380 372 364 0 0 0 0 370 0 -1 0 0 0 32002 32002 0 0 0 0 0 3817
WIT 7 354 370 357 351 312 0 0 0 0 357 0 -1 0 0 0 32002 32002 0 0 0 0 0 1826
WIT 6 356 357 365 360 364 0 0 0 0 32002 0 -1 0 0 0 32002 32002 0 0 0 0 0 0
WIT 8 354 370 356 349 341 0 0 0 0 357 0 -1 0 0 0 32002 32002 0 0 0 0 0 2787
WIT 7 356 357 398 392 421 0 0 0 0 32002 0 -1 0 0 0 32002 32002 0 0 0 0 0 0
WIT 7 357 358 365 359 339 0 0 0 0 353 0 -1 0 0 0 32002 32002 0 0 0 0 0 0
WIT 8 -358 -357 -353 -360 -412 0 0 0 0 -354 0 -1 0 0 0 32002 32002 0 0 0 0 0 1307
WIT 10 -358 -357 -338 -347 -357 0 0 0 0 -357 0 -1 0 0 0 32002 32002 0 0 0 0 0 334
WIT 8 -358 -357 -309 -316 -343 0 0 0 0 -357 0 -1 0 0 0 32002 32002 0 0 0 0 0 334
WIT 8 -358 -357 -337 -344 -322 983 0 0 0 32002 0 -1 0 0 0 32002 32002 0 0 0 0 0 0
WIT 7 -358 -357 -329 -335 -337 0 0 0 0 -357 0 -1 0 0 0 32002 32002 0 0 0 0 0 334
WIT 7 -358 -357 -333 -339 -340 0 0 0 0 -349 0 -1 0 0 0 32002 32002 0 0 0 0 0 334
WIT 8 -358 -357 -337 -344 -368 0 0 0 0 -347 0 -1 0 0 0 32002 32002 0 0 0 0 0 334
WIT 7 -358 -357 -296 -302 -323 0 0 0 0 -357 0 -1 0 0 0 32002 32002 0 0 0 0 0 334
WIT 7 -358 -357 -335 -341 -341 983 0 0 0 32002 0 -1 0 0 0 32002 32002 0 0 0 0 0 0
WIT 7 -358 -357 -325 -331 -309 983 0 0 0 32002 0 -1 0 0 0 32002 32002 0 0 0 0 0 0
WIT 7 -358 -357 -323 -329 -342 0 0 0 0 -357 0 -1 0 0 0 32002 32002 0 0 0 0 0 334
WIT 7 -358 -357 -297 -303 -312 0 0 0 0 -357 0 -1 0 0 0 32002 32002 0 0 0 0 0 334
WIT 7 -358 -357 -340 -346 -363 0 0 0 0 -348 0 -1 0 0 0 32002 32002 0 0 0 0 0 334
WIT 7 -358 -357 -309 -315 -316 0 0 0 0 -357 0 -1 0 0 0 32002 32002 0 0 0 0 0 334
WIT 8 -358 -357 -292 -299 -330 0 0 0 0 -338 0 -1 0 0 0 32002 32002 0 0 0 0 0 334
WIT 10 354 370 354 345 340 0 0 0 0 354 0 -1 0 0 0 32002 32002 0 0 0 0 0 3234
WIT 10 356 357 354 335 361 3699 0 0 0 32002 0 -1 0 0 0 32002 32002 0 0 0 0 0 0
WIT 6 356 357 567 562 561 0 0 0 0 461 0 -1 0 0 0 32002 32002 0 0 0 0 0 3690
WIT 6 356 357 379 374 377 3699 0 0 0 32002 0 -1 0 0 0 32002 32002 0 0 0 0 0 0
WIT 6 356 357 431 426 452 3242 0 0 0 32002 0 -1 0 0 0 32002 32002 0 0 0 0 0 0
WIT 9 356 357 354 337 328 0 0 0 0 361 0 -1 0 0 0 32002 32002 0 0 0 0 0 3964
WIT 9 356 357 354 337 308 0 0 0 0 357 0 -1 0 0 0 32002 32002 0 0 0 0 0 2331
WIT 11 356 357 369 348 345 0 0 0 0 369 0 -1 0 0 0 32002 32002 0 0 0 0 0 2788
WIT 11 356 357 369 348 267 0 0 0 0 357 0 -1 0 0 0 32002 32002 0 0 0 0 0 2788
WIT 6 356 357 358 353 353 2333 1 0 0 360 0 -1 0 0 0 32002 32002 0 0 0 0 0 3309
WIT 6 356 357 485 480 401 0 0 0 0 392 0 -1 0 0 0 32002 32002 0 0 0 0 0 2788
WIT 6 356 357 356 351 287 0 0 0 0 401 0 -1 0 0 0 32002 32002 0 0 0 0 0 2788
WIT 11 356 357 354 333 333 3699 0 0 1 357 0 -1 0 0 0 32002 32002 0 0 0 0 0 3964
WIT 10 356 357 354 345 346 3234 0 0 1 386 0 -1 0 0 0 32002 32002 0 0 0 0 0 3699
WIT 9 356 357 354 346 345 0 0 0 0 357 0 -1 0 0 0 32002 32002 0 0 0 0 0 3964
WIT 9 356 357 354 337 324 0 0 0 0 357 0 -1 0 0 0 32002 32002 0 0 0 0 0 2331
WIT 8 356 357 354 339 339 2331 1 0 0 358 0 -1 0 0 0 32002 32002 0 0 0 0 0 3699
WIT 7 356 357 435 422 422 3699 0 0 0 32002 0 -1 0 0 0 32002 32002 0 0 0 0 0 0
WIT 6 356 357 354 349 448 3699 0 0 0 32002 0 -1 0 0 0 32002 32002 0 0 0 0 0 0
WIT 6 356 357 426 421 440 0 0 0 0 32002 0 -1 0 0 0 32002 32002 0 0 0 0 0 0
WIT 6 356 357 340 335 378 0 0 0 0 32002 0 -1 0 0 0 32002 32002 0 0 0 0 0 0
WIT 6 356 357 416 411 420 0 0 0 0 32002 0 -1 0 0 0 32002 32002 0 0 0 0 0 0
WIT 6 356 357 386 381 411 0 0 0 0 32002 0 -1 0 0 0 32002 32002 0 0 0 0 0 0
WIT 6 356 357 382 377 412 0 0 0 0 32002 0 -1 0 0 0 32002 32002 0 0 0 0 0 0
WIT 8 356 357 354 339 334 0 0 0 0 357 0 -1 0 0 0 32002 32002 0 0 0 0 0 3364
WIT 8 356 357 354 339 262 0 0 0 0 357 0 -1 0 0 0 32002 32002 0 0 0 0 0 1814
WIT 9 356 357 356 339 341 3234 0 0 1 357 0 -1 0 0 0 32002 32002 0 0 0 0 0 3364
WIT 9 356 357 354 346 346 3364 0 0 1 357 0 -1 0 0 0 32002 32002 0 0 0 0 0 3234
WIT 9 356 357 354 337 316 0 0 0 0 357 0 -1 0 0 0 32002 32002 0 0 0 0 0 1810
WIT 9 356 357 384 376 274 0 0 0 0 375 0 -1 0 0 0 32002 32002 0 0 0 0 0 3963
WIT 7 356 357 406 400 422 0 0 0 0 32002 0 -1 0 0 0 32002 32002 0 0 0 0 0 0
WIT 9 356 357 380 372 357 0 0 0 0 373 0 -1 0 0 0 32002 32002 0 0 0 0 0 2788
WIT 6 356 357 354 349 326 0 0 0 0 389 0 -1 0 0 0 32002 32002 0 0 0 0 0 1810
WIT 8 356 357 354 347 344 0 0 0 0 359 0 -1 0 0 0 32002 32002 0 0 0 0 0 3364
WIT 9 356 357 377 369 401 3364 0 0 0 32002 0 -1 0 0 0 32002 32002 0 0 0 0 0 0
WIT 7 356 357 355 342 304 0 0 0 0 357 0 -1 0 0 0 32002 32002 0 0 0 0 0 1810
WIT 7 356 357 356 350 361 3364 0 0 0 32002 0 -1 0 0 0 32002 32002 0 0 0 0 0 0
WIT 7 356 357 356 350 350 3364 0 0 1 357 0 -1 0 0 0 32002 32002 0 0 0 0 0 3234
WIT 7 356 357 406 400 417 3364 0 0 0 32002 0 -1 0 0 0 32002 32002 0 0 0 0 0 0
WIT 7 356 357 356 350 394 3364 0 0 0 32002 0 -1 0 0 0 32002 32002 0 0 0 0 0 0
WIT 6 356 357 345 340 360 3364 0 0 0 32002 0 -1 0 0 0 32002 32002 0 0 0 0 0 0
WIT 6 356 357 313 308 380 3364 0 0 0 32002 0 -1 0 0 0 32002 32002 0 0 0 0 0 0
WIT 7 -337 -336 -353 -359 -338 1892 1 0 0 -301 0 -1 0 0 0 32002 32002 0 0 0 0 0 1764
WIT 7 -370 -336 -353 -359 -359 1438 0 0 1 -336 0 -1 0 0 0 32002 32002 0 0 0 0 0 658
WIT 8 -337 -336 -330 -337 -327 148 0 0 0 32002 0 -1 0 0 0 32002 32002 0 0 0 0 0 0
WIT 8 -337 -336 -308 -315 -315 75 0 0 0 32002 0 -1 0 0 0 32002 32002 0 0 0 0 0 0
WIT 9 -370 -336 -354 -362 -464 0 0 0 0 -336 0 -1 0 0 0 32002 32002 0 0 0 0 0 1307
WIT 8 -337 -336 -357 -364 -336 1762 1 0 0 32002 0 -1 0 0 0 32002 32002 0 0 0 0 0 0
WIT 9 -370 -336 -357 -365 -366 0 0 0 0 -336 0 -1 0 0 0 32002 32002 0 0 0 0 0 983
WIT 9 -337 -336 -341 -358 -346 983 0 0 1 -333 0 -1 0 0 0 32002 32002 0 0 0 0 0 1762
WIT 12 -337 -336 -368 -379 -397 0 0 0 0 -340 0 -1 0 0 0 32002 32002 0 0 0 0 0 0
WIT 12 -337 -336 -369 -380 -403 0 0 0 0 -339 0 -1 0 0 0 32002 32002 0 0 0 0 0 0
WIT 7 336 337 405 392 392 2915 0 0 0 32002 0 -1 0 0 0 32002 32002 0 0 0 0 0 0
WIT 8 336 337 475 468 407 0 0 0 0 356 0 -1 0 0 0 32002 32002 0 0 0 0 0 2713
WIT 10 336 337 371 352 341 0 0 0 0 336 0 -1 0 0 0 32002 32002 0 0 0 0 0 2333
WIT 8 336 337 424 417 461 0 0 0 0 32002 0 -1 0 0 0 32002 32002 0 0 0 0 0 0
WIT 11 336 337 370 349 194 0 0 0 0 337 0 -1 0 0 0 32002 32002 0 0 0 0 0 3963
WIT 9 336 337 370 362 362 3779 1 0 0 32002 0 -1 0 0 0 32002 32002 0 0 0 0 0 0
WIT 11 336 337 370 349 304 0 0 0 0 337 0 -1 0 0 0 32002 32002 0 0 0 0 0 2788
WIT 11 336 337 370 349 224 0 0 0 0 370 0 -1 0 0 0 32002 32002 0 0 0 0 0 2788
WIT 10 336 337 379 370 348 0 0 0 0 337 0 -1 0 0 0 32002 32002 0 0 0 0 0 2331
WIT 8 336 337 480 473 436 0 0 0 0 357 0 -1 0 0 0 32002 32002 0 0 0 0 0 2331
WIT 6 336 337 354 349 409 0 0 0 0 32002 0 -1 0 0 0 32002 32002 0 0 0 0 0 0
WIT 6 336 337 420 415 412 0 0 0 0 373 0 -1 0 0 0 32002 32002 0 0 0 0 0 2331
WIT 10 336 337 355 346 410 0 0 0 0 32002 0 -1 0 0 0 32002 32002 0 0 0 0 0 0
WIT 13 -337 -336 -354 -379 -386 0 0 0 0 -337 0 -1 0 0 0 32002 32002 0 0 0 0 0 0
WIT 7 369 370 350 344 343 0 0 0 0 378 0 -1 0 0 0 32002 32002 0 0 0 0 0 2740
WIT 7 369 370 348 342 331 0 0 0 0 387 0 -1 0 0 0 32002 32002 0 0 0 0 0 2740
WIT 8 369 370 435 428 427 0 0 0 0 365 0 -1 0 0 0 32002 32002 0 0 0 0 0 3559
WIT 6 369 370 398 393 394 3559 0 0 0 32002 0 -1 0 0 0 32002 32002 0 0 0 0 0 0
WIT 7 369 370 370 364 363 0 0 0 0 372 0 -1 0 0 0 32002 32002 0 0 0 0 0 2740
WIT 9 369 370 375 367 375 3690 0 0 0 32002 0 -1 0 0 0 32002 32002 0 0 0 0 0 0
WIT 8 369 370 374 367 366 0 0 0 0 369 0 -1 0 0 0 32002 32002 0 0 0 0 0 0
WIT 7 -337 -336 -357 -363 -385 0 0 0 0 -337 0 -1 0 0 0 32002 32002 0 0 0 0 0 0
WIT 8 336 370 339 332 335 3690 0 0 1 337 1 1 25109 1 1 337 338 0 0 0 0 77 3242
WIT 7 369 370 347 341 340 0 0 0 0 370 0 -1 0 0 0 32002 32002 0 0 0 0 0 2787
WIT 8 369 370 397 390 397 3690 0 0 0 32002 0 -1 0 0 0 32002 32002 0 0 0 0 0 0
WIT 9 336 370 337 329 328 0 0 0 0 370 0 -1 0 0 0 32002 32002 0 0 0 0 0 2331
WIT 8 369 370 405 390 389 0 0 0 0 369 0 -1 0 0 0 32002 32002 0 0 0 0 0 3735
WIT 12 369 370 387 364 360 0 0 0 0 488 0 -1 0 0 0 32002 32002 0 0 0 0 0 3779
WIT 12 369 370 363 352 337 0 0 0 0 370 0 -1 0 0 0 32002 32002 0 0 0 0 0 2713
WIT 12 369 370 354 331 318 0 0 0 0 391 0 -1 0 0 0 32002 32002 0 0 0 0 0 2713
WIT 12 -370 -369 -336 -359 -342 528 0 0 0 32002 0 -1 0 0 0 32002 32002 0 0 0 0 0 0
WIT 14 369 370 349 322 321 0 0 0 0 360 0 -1 0 0 0 32002 32002 0 0 0 0 0 0
WIT 12 369 370 337 314 192 0 0 0 0 369 0 -1 0 0 0 32002 32002 0 0 0 0 0 0
WIT 12 369 370 337 314 209 0 0 0 0 369 0 -1 0 0 0 32002 32002 0 0 0 0 0 0
WIT 7 -370 -336 -369 -375 -369 82 0 0 1 -336 0 -1 0 0 0 32002 32002 0 0 0 0 0 251
WIT 8 -337 -336 -354 -361 -340 82 0 0 1 -336 0 -1 0 0 0 32002 32002 0 0 0 0 0 983
WIT 9 -337 -336 -323 -331 -353 0 0 0 0 -320 0 -1 0 0 0 32002 32002 0 0 0 0 0 983
WIT 9 336 370 337 329 244 0 0 0 0 336 0 -1 0 0 0 32002 32002 0 0 0 0 0 0
WIT 12 -337 -336 -339 -362 -317 983 0 0 0 32002 0 -1 0 0 0 32002 32002 0 0 0 0 0 0
WIT 9 -337 -336 -357 -365 -340 82 0 0 1 -300 0 -1 0 0 0 32002 32002 0 0 0 0 0 983
WIT 7 -337 -336 -349 -355 -355 82 0 0 1 -304 0 -1 0 0 0 32002 32002 0 0 0 0 0 983
WIT 11 -337 -336 -349 -370 -358 983 0 0 1 -330 0 -1 0 0 0 32002 32002 0 0 0 0 0 334
WIT 10 -337 -336 -349 -368 -383 0 0 0 0 -337 0 -1 0 0 0 32002 32002 0 0 0 0 0 0
WIT 9 336 370 555 547 441 0 0 0 0 555 0 -1 0 0 0 32002 32002 0 0 0 0 0 1932
WIT 12 369 370 341 330 321 0 0 0 0 370 0 -1 0 0 0 32002 32002 0 0 0 0 0 2268
WIT 10 -370 -369 -315 -324 -415 0 0 0 0 -325 0 -1 0 0 0 32002 32002 0 0 0 0 0 983
WIT 7 -370 -336 -328 -334 -421 0 0 0 0 -336 0 -1 0 0 0 32002 32002 0 0 0 0 0 983
WIT 7 -370 -336 -361 -367 -709 0 0 0 0 -336 0 -1 0 0 0 32002 32002 0 0 0 0 0 594
WIT 8 -337 -336 -369 -376 -361 983 0 0 1 -336 0 -1 0 0 0 32002 32002 0 0 0 0 0 1180
WIT 7 -96 -95 -78 -84 -98 0 0 0 0 -78 0 -1 0 0 0 32002 32002 0 0 0 0 0 1180
WIT 8 -96 -95 -87 -94 -112 0 0 0 0 -92 0 -1 0 0 0 32002 32002 0 0 0 0 0 82
WIT 9 336 370 337 329 239 0 0 0 0 336 0 -1 0 0 0 32002 32002 0 0 0 0 0 0
WIT 7 -337 -336 -343 -349 -302 983 0 0 0 32002 0 -1 0 0 0 32002 32002 0 0 0 0 0 0
WIT 12 -337 -336 -357 -380 -365 983 0 0 1 -336 0 -1 0 0 0 32002 32002 0 0 0 0 0 334
WIT 6 -337 -336 -336 -341 -341 82 0 0 1 -336 0 -1 0 0 0 32002 32002 0 0 0 0 0 983
WIT 11 -337 -336 -357 -378 -378 983 0 0 1 -336 0 -1 0 0 0 32002 32002 0 0 0 0 0 334
WIT 10 -337 -336 -357 -376 -376 983 0 0 1 -336 0 -1 0 0 0 32002 32002 0 0 0 0 0 334
WIT 11 -337 -336 -333 -343 -339 983 0 0 1 -331 0 -1 0 0 0 32002 32002 0 0 0 0 0 334
WIT 10 -337 -336 -325 -334 -341 0 0 0 0 -336 0 -1 0 0 0 32002 32002 0 0 0 0 0 983
WIT 10 -337 -336 -357 -376 -340 983 0 0 1 -336 0 -1 0 0 0 32002 32002 0 0 0 0 0 334
WIT 10 -337 -336 -357 -376 -347 983 0 0 1 -336 0 -1 0 0 0 32002 32002 0 0 0 0 0 334
WIT 8 -337 -336 -272 -279 -150 1892 1 0 0 32002 0 -1 0 0 0 32002 32002 0 0 0 0 0 0
WIT 7 -337 -336 -323 -329 -330 0 0 0 0 -288 0 -1 0 0 0 32002 32002 0 0 0 0 0 1764
WIT 11 -337 -336 -357 -378 -379 0 0 0 0 -336 0 -1 0 0 0 32002 32002 0 0 0 0 0 334
WIT 7 -337 -336 -343 -349 -302 983 0 0 0 32002 0 -1 0 0 0 32002 32002 0 0 0 0 0 0
WIT 11 336 370 357 347 346 0 0 0 0 336 0 -1 0 0 0 32002 32002 0 0 0 0 0 0
WIT 8 -320 -319 -336 -343 -295 1438 0 0 0 32002 0 -1 0 0 0 32002 32002 0 0 0 0 0 0
WIT 8 -320 -319 -336 -351 -322 1438 0 0 1 -319 0 -1 0 0 0 32002 32002 0 0 0 0 0 658
WIT 6 -320 -319 -330 -335 -319 75 0 0 0 32002 0 -1 0 0 0 32002 32002 0 0 0 0 0 0
WIT 6 -320 -319 -336 -341 -341 82 0 0 1 -317 0 -1 0 0 0 32002 32002 0 0 0 0 0 658
WIT 6 -320 -319 -329 -334 -334 75 0 0 1 -319 0 -1 0 0 0 32002 32002 0 0 0 0 0 658
WIT 6 -320 -319 -336 -341 -294 1438 0 0 0 32002 0 -1 0 0 0 32002 32002 0 0 0 0 0 0
WIT 6 -320 -319 -329 -334 -330 75 0 0 1 -310 0 -1 0 0 0 32002 32002 0 0 0 0 0 658
WIT 6 -320 -319 -331 -336 -292 148 0 0 0 32002 0 -1 0 0 0 32002 32002 0 0 0 0 0 0
WIT 7 -353 -319 -336 -342 -369 0 0 0 0 -319 0 -1 0 0 0 32002 32002 0 0 0 0 0 1307
WIT 9 -320 -319 -336 -344 -344 75 0 0 1 -319 0 -1 0 0 0 32002 32002 0 0 0 0 0 658
WIT 8 -320 -319 -323 -330 -330 75 0 0 1 -315 0 -1 0 0 0 32002 32002 0 0 0 0 0 1438
WIT 9 -320 -319 -326 -334 -305 139 1 0 0 32002 0 -1 0 0 0 32002 32002 0 0 0 0 0 0
WIT 8 -320 -319 -326 -333 -335 0 0 0 0 -304 0 -1 0 0 0 32002 32002 0 0 0 0 0 732
WIT 8 -320 -319 -333 -340 -343 0 0 0 0 -317 0 -1 0 0 0 32002 32002 0 0 0 0 0 75
WIT 6 -320 -319 -283 -288 -283 0 0 0 0 32002 0 -1 0 0 0 32002 32002 0 0 0 0 0 0
WIT 7 -320 -319 -322 -328 -292 0 0 0 0 32002 0 -1 0 0 0 32002 32002 0 0 0 0 0 0
WIT 7 -320 -319 -336 -342 -321 0 0 0 0 -272 0 -1 0 0 0 32002 32002 0 0 0 0 0 1762
WIT 7 -320 -319 -336 -342 -342 82 0 0 1 -324 1 2 16426 1 1 -320 -311 1 0 1 0 43 82
WIT 8 -353 -319 -336 -343 -370 0 0 0 0 -319 0 -1 0 0 0 32002 32002 0 0 0 0 0 983
WIT 10 -320 -319 -333 -352 -344 983 0 0 1 -306 0 -1 0 0 0 32002 32002 0 0 0 0 0 1762
WIT 9 -320 -319 -336 -344 -344 82 0 0 1 -302 0 -1 0 0 0 32002 32002 0 0 0 0 0 983
WIT 9 -353 -319 -336 -344 -375 0 0 0 0 -319 0 -1 0 0 0 32002 32002 0 0 0 0 0 334
WIT 14 -320 -319 -360 -373 -374 0 0 0 0 -319 0 -1 0 0 0 32002 32002 0 0 0 0 0 528
WIT 7 -320 -319 -261 -267 -217 1308 0 0 0 32002 0 -1 0 0 0 32002 32002 0 0 0 0 0 0
WIT 14 -320 -319 -343 -356 -357 0 0 0 0 -312 0 -1 0 0 0 32002 32002 0 0 0 0 0 528
WIT 14 -320 -319 -360 -387 -388 0 0 0 0 -319 0 -1 0 0 0 32002 32002 0 0 0 0 0 1437
WIT 8 -320 -319 -336 -343 -432 0 0 0 0 -319 0 -1 0 0 0 32002 32002 0 0 0 0 0 983
WIT 15 -320 -319 -336 -365 -349 528 0 0 1 -319 0 -1 0 0 0 32002 32002 0 0 0 0 0 1892
WIT 9 319 320 157 149 0 0 0 0 0 316 0 -1 0 0 0 32002 32002 0 0 0 0 0 0
WIT 6 319 320 143 138 88 0 0 0 0 277 0 -1 0 0 0 32002 32002 0 0 0 0 0 0
WIT 7 319 320 143 137 44 0 0 0 0 334 0 -1 0 0 0 32002 32002 0 0 0 0 0 2910
WIT 13 -320 -319 -369 -394 -395 0 0 0 0 -319 0 -1 0 0 0 32002 32002 0 0 0 0 0 82
WIT 13 -320 -319 -369 -394 -395 0 0 0 0 -319 0 -1 0 0 0 32002 32002 0 0 0 0 0 251
WIT 13 -320 -319 -336 -361 -366 0 0 0 0 -319 0 -1 0 0 0 32002 32002 0 0 0 0 0 1764
WIT 13 -320 -319 -333 -345 -299 1892 1 0 0 32002 0 -1 0 0 0 32002 32002 0 0 0 0 0 0
WIT 11 -320 -319 -258 -268 -337 0 0 0 0 -327 0 -1 0 0 0 32002 32002 0 0 0 0 0 0
WIT 13 -320 -319 -319 -331 -280 1438 0 0 0 32002 0 -1 0 0 0 32002 32002 0 0 0 0 0 0
WIT 12 -320 -319 -321 -344 -349 0 0 0 0 -319 0 -1 0 0 0 32002 32002 0 0 0 0 0 983
WIT 9 -320 -319 -336 -344 -325 82 0 0 1 -326 1 1 26502 1 1 -320 -319 0 0 0 0 77 82
WIT 12 -320 -319 -336 -359 -397 0 0 0 0 -319 0 -1 0 0 0 32002 32002 0 0 0 0 0 334
WIT 8 -320 -319 -255 -270 -762 0 0 0 0 -319 0 -1 0 0 0 32002 32002 0 0 0 0 0 204
WIT 7 -320 -319 -336 -342 -297 1762 1 0 0 32002 0 -1 0 0 0 32002 32002 0 0 0 0 0 0
WIT 7 -320 -319 -336 -349 -358 0 0 0 0 -319 0 -1 0 0 0 32002 32002 0 0 0 0 0 983
WIT 9 -320 -319 -336 -344 -740 0 0 0 0 -319 0 -1 0 0 0 32002 32002 0 0 0 0 0 204
WIT 7 -320 -319 -325 -331 -331 144 0 0 1 -290 0 -1 0 0 0 32002 32002 0 0 0 0 0 983
WIT 7 -320 -319 -264 -270 -304 0 0 0 0 -292 0 -1 0 0 0 32002 32002 0 0 0 0 0 983
WIT 6 -320 -319 -336 -341 -298 144 0 0 0 32002 0 -1 0 0 0 32002 32002 0 0 0 0 0 0
WIT 7 -320 -319 -336 -349 -477 0 0 0 0 -319 0 -1 0 0 0 32002 32002 0 0 0 0 0 594
WIT 7 -320 -319 -82 -88 -110 0 0 0 0 -92 0 -1 0 0 0 32002 32002 0 0 0 0 0 204
WIT 12 -320 -319 -336 -359 -354 75 0 0 1 -319 0 -1 0 0 0 32002 32002 0 0 0 0 0 82
WIT 12 -320 -319 -92 -103 -173 0 0 0 0 -319 0 -1 0 0 0 32002 32002 0 0 0 0 0 204
WIT 9 -320 -319 -336 -344 -283 0 0 0 0 32002 0 -1 0 0 0 32002 32002 0 0 0 0 0 0
WIT 8 -320 -319 -143 -150 -131 0 0 0 0 32002 0 -1 0 0 0 32002 32002 0 0 0 0 0 0
WIT 11 -320 -319 -336 -357 -370 0 0 0 0 -319 0 -1 0 0 0 32002 32002 0 0 0 0 0 334
WIT 11 -320 -319 -305 -326 -318 75 0 0 0 32002 0 -1 0 0 0 32002 32002 0 0 0 0 0 0
WIT 7 -320 -319 -343 -349 -302 983 0 0 0 32002 0 -1 0 0 0 32002 32002 0 0 0 0 0 0
WIT 12 -320 -319 -336 -359 -356 983 0 0 1 -319 0 -1 0 0 0 32002 32002 0 0 0 0 0 334
WIT 11 -320 -319 -336 -346 -345 82 0 0 1 -319 0 -1 0 0 0 32002 32002 0 0 0 0 0 983
WIT 10 -320 -319 -336 -345 -328 82 0 0 1 -307 0 -1 0 0 0 32002 32002 0 0 0 0 0 983
WIT 6 -320 -319 -331 -336 -324 82 0 0 1 -249 0 -1 0 0 0 32002 32002 0 0 0 0 0 983
WIT 10 -320 -319 -336 -355 -364 0 0 0 0 -319 0 -1 0 0 0 32002 32002 0 0 0 0 0 334
WIT 9 -320 -319 -331 -339 -339 983 0 0 1 -300 0 -1 0 0 0 32002 32002 0 0 0 0 0 334
WIT 9 -320 -319 -330 -347 -340 983 0 0 1 -308 0 -1 0 0 0 32002 32002 0 0 0 0 0 334
WIT 10 -320 -319 -336 -355 -344 82 0 0 1 -319 0 -1 0 0 0 32002 32002 0 0 0 0 0 983
WIT 10 -320 -319 -333 -342 -342 82 0 0 1 -317 0 -1 0 0 0 32002 32002 0 0 0 0 0 983
WIT 8 -320 -319 -336 -343 -311 82 0 0 0 32002 0 -1 0 0 0 32002 32002 0 0 0 0 0 0
WIT 9 -320 -319 -336 -353 -360 0 0 0 0 -319 0 -1 0 0 0 32002 32002 0 0 0 0 0 334
WIT 8 -320 -319 -336 -351 -348 983 0 0 1 -275 0 -1 0 0 0 32002 32002 0 0 0 0 0 334
WIT 9 -320 -319 -339 -356 -317 983 0 0 0 32002 0 -1 0 0 0 32002 32002 0 0 0 0 0 0
WIT 8 -320 -319 -354 -361 -319 983 0 0 0 32002 0 -1 0 0 0 32002 32002 0 0 0 0 0 0
WIT 9 -320 -319 -330 -338 -338 82 0 0 1 -319 0 -1 0 0 0 32002 32002 0 0 0 0 0 983
WIT 8 -320 -319 -336 -351 -352 0 0 0 0 -319 0 -1 0 0 0 32002 32002 0 0 0 0 0 334
WIT 8 -320 -319 -336 -351 -336 983 0 0 1 -272 0 -1 0 0 0 32002 32002 0 0 0 0 0 334
WIT 8 -320 -319 -336 -343 -341 983 0 0 1 -281 0 -1 0 0 0 32002 32002 0 0 0 0 0 334
WIT 8 -320 -319 -336 -343 -343 983 0 0 1 -319 0 -1 0 0 0 32002 32002 0 0 0 0 0 334
WIT 8 -320 -319 -336 -351 -342 983 0 0 1 -289 0 -1 0 0 0 32002 32002 0 0 0 0 0 334
WIT 8 -320 -319 -336 -343 -326 983 0 0 1 -319 0 -1 0 0 0 32002 32002 0 0 0 0 0 334
WIT 8 -320 -319 -336 -343 -343 983 0 0 1 -284 0 -1 0 0 0 32002 32002 0 0 0 0 0 334
WIT 8 -320 -319 -291 -298 -278 983 0 0 0 32002 0 -1 0 0 0 32002 32002 0 0 0 0 0 0
WIT 9 -320 -319 -336 -344 -343 983 0 0 1 -308 0 -1 0 0 0 32002 32002 0 0 0 0 0 334
WIT 9 -320 -319 -336 -344 -312 983 0 0 0 32002 0 -1 0 0 0 32002 32002 0 0 0 0 0 0
WIT 9 -297 -296 -319 -336 -317 1438 0 0 1 -296 0 -1 0 0 0 32002 32002 0 0 0 0 0 658
WIT 7 -297 -296 -330 -336 -317 75 0 0 1 -280 0 -1 0 0 0 32002 32002 0 0 0 0 0 658
WIT 7 -297 -296 -319 -325 -325 82 0 0 1 -296 0 -1 0 0 0 32002 32002 0 0 0 0 0 658
WIT 6 -297 -296 -336 -341 -341 1438 0 0 1 -296 0 -1 0 0 0 32002 32002 0 0 0 0 0 75
WIT 6 -297 -296 -317 -322 -323 0 0 0 0 -296 0 -1 0 0 0 32002 32002 0 0 0 0 0 658
WIT 6 -297 -296 -308 -313 -313 82 0 0 1 -177 0 -1 0 0 0 32002 32002 0 0 0 0 0 658
WIT 6 -297 -296 -336 -341 -342 0 0 0 0 -290 0 -1 0 0 0 32002 32002 0 0 0 0 0 658
WIT 6 -297 -296 -336 -341 -341 82 0 0 1 -296 0 -1 0 0 0 32002 32002 0 0 0 0 0 658
WIT 6 -297 -296 -309 -314 -194 1438 0 0 0 32002 0 -1 0 0 0 32002 32002 0 0 0 0 0 0
WIT 7 -297 -296 -311 -317 -317 75 0 0 1 -296 0 -1 0 0 0 32002 32002 0 0 0 0 0 658
WIT 6 -297 -296 -294 -299 -295 82 0 0 0 32002 0 -1 0 0 0 32002 32002 0 0 0 0 0 0
WIT 6 -297 -296 -317 -322 -322 75 0 0 1 -280 0 -1 0 0 0 32002 32002 0 0 0 0 0 658
WIT 6 -297 -296 -336 -341 -341 82 0 0 1 -296 0 -1 0 0 0 32002 32002 0 0 0 0 0 658
WIT 7 -297 -296 -331 -337 -319 148 0 0 1 -296 0 -1 0 0 0 32002 32002 0 0 0 0 0 658
WIT 8 -342 -296 -319 -326 -436 0 0 0 0 -296 0 -1 0 0 0 32002 32002 0 0 0 0 0 1307
WIT 10 -297 -296 -277 -286 -286 82 0 0 0 32002 0 -1 0 0 0 32002 32002 0 0 0 0 0 0
WIT 9 -297 -296 -319 -327 -320 75 0 0 1 -296 0 -1 0 0 0 32002 32002 0 0 0 0 0 658
WIT 6 296 297 352 347 341 0 0 0 0 296 0 -1 0 0 0 32002 32002 0 0 0 0 0 0
WIT 8 -297 -296 -317 -332 -332 82 0 0 1 -297 1 1 32408 1 1 -297 -297 0 0 0 0 28 658
WIT 7 -297 -296 -322 -328 -270 0 0 0 0 32002 0 -1 0 0 0 32002 32002 0 0 0 0 0 0
WIT 7 -297 -296 -357 -363 -363 658 0 0 1 -297 1 1 22379 1 1 -297 -303 0 0 0 0 7 536
WIT 8 -297 -296 -315 -322 -322 75 0 0 1 -296 0 -1 0 0 0 32002 32002 0 0 0 0 0 1438
WIT 7 -297 -296 -312 -318 -318 658 0 0 1 -296 0 -1 0 0 0 32002 32002 0 0 0 0 0 82
WIT 7 -297 -296 -336 -342 -342 82 0 0 1 -301 1 1 19301 1 1 -297 -312 0 0 0 0 1 75
WIT 7 -297 -296 -319 -325 -325 82 0 0 1 -296 0 -1 0 0 0 32002 32002 0 0 0 0 0 75
WIT 7 -297 -296 -304 -310 -292 0 0 0 0 32002 0 -1 0 0 0 32002 32002 0 0 0 0 0 0
WIT 6 -297 -296 -333 -338 -338 658 0 0 1 -296 0 -1 0 0 0 32002 32002 0 0 0 0 0 75
WIT 7 -297 -296 -336 -342 -342 75 0 0 1 -296 0 -1 0 0 0 32002 32002 0 0 0 0 0 1438
WIT 7 -297 -296 -336 -342 -342 658 0 0 1 -296 0 -1 0 0 0 32002 32002 0 0 0 0 0 75
WIT 7 -297 -296 -336 -342 -342 658 0 0 1 -296 0 -1 0 0 0 32002 32002 0 0 0 0 0 75
WIT 7 -297 -296 -315 -321 -321 82 0 0 1 -296 0 -1 0 0 0 32002 32002 0 0 0 0 0 75
WIT 7 -297 -296 -319 -325 -325 75 0 0 1 -300 1 1 39713 1 1 -297 -296 0 0 0 0 27 75
WIT 9 -297 -296 -306 -314 -309 1307 1 0 0 -296 0 -1 0 0 0 32002 32002 0 0 0 0 0 1179
WIT 8 -297 -296 -325 -332 -341 0 0 0 0 -296 0 -1 0 0 0 32002 32002 0 0 0 0 0 658
WIT 8 -342 -296 -319 -326 -361 0 0 0 0 -296 0 -1 0 0 0 32002 32002 0 0 0 0 0 983
WIT 10 -297 -296 -307 -326 -322 983 0 0 1 -282 0 -1 0 0 0 32002 32002 0 0 0 0 0 1762
WIT 9 -297 -296 -303 -311 -294 1763 0 0 0 32002 0 -1 0 0 0 32002 32002 0 0 0 0 0 0
WIT 8 -342 -296 -319 -326 -365 0 0 0 0 -296 0 -1 0 0 0 32002 32002 0 0 0 0 0 334
WIT 8 -297 -296 -319 -334 -1000 0 0 0 0 -296 0 -1 0 0 0 32002 32002 0 0 0 0 0 204
WIT 8 -297 -296 -336 -343 -318 144 0 0 1 -296 0 -1 0 0 0 32002 32002 0 0 0 0 0 1438
WIT 7 -297 -296 -319 -332 -355 0 0 0 0 -296 0 -1 0 0 0 32002 32002 0 0 0 0 0 983
WIT 9 -297 -296 -319 -336 -383 0 0 0 0 -296 0 -1 0 0 0 32002 32002 0 0 0 0 0 204
WIT 7 -297 -296 -293 -299 -299 144 0 0 1 -290 0 -1 0 0 0 32002 32002 0 0 0 0 0 983
WIT 8 -297 -296 -134 -141 -27 1892 1 0 0 32002 0 -1 0 0 0 32002 32002 0 0 0 0 0 0
WIT 6 -297 -296 -319 -324 -339 0 0 0 0 -265 0 -1 0 0 0 32002 32002 0 0 0 0 0 983
WIT 7 -297 -296 -319 -332 -466 0 0 0 0 -296 0 -1 0 0 0 32002 32002 0 0 0 0 0 594
WIT 12 -297 -296 -319 -342 -342 75 0 0 1 -296 0 -1 0 0 0 32002 32002 0 0 0 0 0 82
WIT 13 -297 -296 -319 -344 -423 0 0 0 0 -296 0 -1 0 0 0 32002 32002 0 0 0 0 0 204
WIT 7 -297 -296 -336 -342 -270 0 0 0 0 32002 0 -1 0 0 0 32002 32002 0 0 0 0 0 0
WIT 8 -297 -296 -143 -150 -120 0 0 0 0 32002 0 -1 0 0 0 32002 32002 0 0 0 0 0 0
WIT 11 -297 -296 -319 -340 -357 0 0 0 0 -296 0 -1 0 0 0 32002 32002 0 0 0 0 0 334
WIT 14 -297 -296 -319 -332 -332 983 0 0 1 -296 0 -1 0 0 0 32002 32002 0 0 0 0 0 1308
WIT 13 -297 -296 -308 -320 -313 1308 0 0 1 -296 0 -1 0 0 0 32002 32002 0 0 0 0 0 983
WIT 12 -297 -296 -312 -323 -315 1308 0 0 1 -301 1 1 30598 1 1 -297 -297 0 0 0 0 7 0
WIT 7 -297 -296 -258 -264 -241 917 0 0 0 32002 0 -1 0 0 0 32002 32002 0 0 0 0 0 0
WIT 6 -297 -296 -254 -259 -213 917 0 0 0 32002 0 -1 0 0 0 32002 32002 0 0 0 0 0 0
WIT 7 -297 -296 -246 -252 -252 983 0 0 0 32002 0 -1 0 0 0 32002 32002 0 0 0 0 0 0
WIT 11 -297 -296 -265 -275 -331 0 0 0 0 -296 0 -1 0 0 0 32002 32002 0 0 0 0 0 1308
WIT 15 -297 -296 -319 -348 -352 0 0 0 0 -296 0 -1 0 0 0 32002 32002 0 0 0 0 0 528
WIT 12 -297 -296 -292 -303 -285 983 0 0 0 32002 0 -1 0 0 0 32002 32002 0 0 0 0 0 0
WIT 13 -297 -296 -312 -337 -344 0 0 0 0 -296 0 -1 0 0 0 32002 32002 0 0 0 0 0 528
WIT 12 -297 -296 -294 -305 -236 1308 0 0 0 32002 0 -1 0 0 0 32002 32002 0 0 0 0 0 0
WIT 9 -297 -296 -308 -316 -262 1308 0 0 0 32002 0 -1 0 0 0 32002 32002 0 0 0 0 0 0
WIT 13 -297 -296 -319 -344 -370 0 0 0 0 -296 0 -1 0 0 0 32002 32002 0 0 0 0 0 1437
WIT 10 -297 -296 -317 -326 -341 0 0 0 0 -297 0 -1 0 0 0 32002 32002 0 0 0 0 0 0
WIT 9 -297 -296 -319 -336 -408 0 0 0 0 -297 0 -1 0 0 0 32002 32002 0 0 0 0 0 0
WIT 6 -297 -296 -330 -335 -367 0 0 0 0 -297 0 -1 0 0 0 32002 32002 0 0 0 0 0 0
WIT 8 296 297 325 318 313 0 0 0 0 330 0 -1 0 0 0 32002 32002 0 0 0 0 0 2378
WIT 12 296 297 352 329 272 0 0 0 0 307 0 -1 0 0 0 32002 32002 0 0 0 0 0 2333
WIT 8 296 297 425 418 321 0 0 0 0 300 0 -1 0 0 0 32002 32002 0 0 0 0 0 3178
WIT 14 -297 -296 -319 -346 -334 528 0 0 1 -297 1 1 29556 1 1 -297 -297 0 0 0 0 124 0
WIT 7 296 297 424 418 465 0 0 0 0 32002 0 -1 0 0 0 32002 32002 0 0 0 0 0 0
WIT 8 296 297 398 391 421 0 0 0 0 32002 0 -1 0 0 0 32002 32002 0 0 0 0 0 0
WIT 12 -297 -296 -319 -342 -375 0 0 0 0 -297 0 -1 0 0 0 32002 32002 0 0 0 0 0 0
WIT 12 -297 -296 -319 -342 -395 0 0 0 0 -297 0 -1 0 0 0 32002 32002 0 0 0 0 0 0
WIT 8 296 297 426 419 449 0 0 0 0 32002 0 -1 0 0 0 32002 32002 0 0 0 0 0 0
WIT 6 296 297 397 392 397 3690 0 0 0 32002 0 -1 0 0 0 32002 32002 0 0 0 0 0 0
WIT 11 296 297 370 349 340 0 0 0 0 297 0 -1 0 0 0 32002 32002 0 0 0 0 0 2331
WIT 6 296 297 413 408 432 0 0 0 0 32002 0 -1 0 0 0 32002 32002 0 0 0 0 0 0
WIT 6 296 297 424 419 445 0 0 0 0 32002 0 -1 0 0 0 32002 32002 0 0 0 0 0 0
WIT 12 -297 -296 -319 -342 -354 0 0 0 0 -297 0 -1 0 0 0 32002 32002 0 0 0 0 0 0
WIT 10 296 297 355 346 393 0 0 0 0 32002 0 -1 0 0 0 32002 32002 0 0 0 0 0 0
WIT 11 -297 -296 -319 -340 -355 0 0 0 0 -297 0 -1 0 0 0 32002 32002 0 0 0 0 0 0
WIT 9 325 326 358 341 341 3234 0 0 0 32002 0 -1 0 0 0 32002 32002 0 0 0 0 0 0
WIT 7 325 326 357 351 366 3364 0 0 0 32002 0 -1 0 0 0 32002 32002 0 0 0 0 0 0
WIT 7 325 326 406 400 417 3364 0 0 0 32002 0 -1 0 0 0 32002 32002 0 0 0 0 0 0
WIT 7 325 326 345 339 363 3364 0 0 0 32002 0 -1 0 0 0 32002 32002 0 0 0 0 0 0
WIT 7 325 326 369 356 303 0 0 0 0 349 0 -1 0 0 0 32002 32002 0 0 0 0 0 3749
WIT 6 346 347 523 518 525 0 0 0 0 32002 0 -1 0 0 0 32002 32002 0 0 0 0 0 0
WIT 10 346 347 297 278 282 2333 1 0 0 343 0 -1 0 0 0 32002 32002 0 0 0 0 0 0
WIT 9 -339 -338 -309 -317 -309 82 0 0 0 32002 0 -1 0 0 0 32002 32002 0 0 0 0 0 0
WIT 7 -339 -338 -269 -282 -276 983 0 0 0 32002 0 -1 0 0 0 32002 32002 0 0 0 0 0 0
WIT 6 -339 -338 -354 -359 -359 82 0 0 1 -252 0 -1 0 0 0 32002 32002 0 0 0 0 0 334
WIT 11 337 338 369 359 -163 0 0 0 0 353 0 -1 0 0 0 32002 32002 0 0 0 0 0 3963
WIT 11 337 338 367 346 280 0 0 0 0 338 0 -1 0 0 0 32002 32002 0 0 0 0 0 2788
WIT 9 337 338 405 397 442 2333 1 0 0 32002 0 -1 0 0 0 32002 32002 0 0 0 0 0 0
WIT 9 337 338 433 416 439 2333 1 0 0 32002 0 -1 0 0 0 32002 32002 0 0 0 0 0 0
WIT 6 337 338 447 442 442 2333 1 0 0 32002 0 -1 0 0 0 32002 32002 0 0 0 0 0 0
WIT 7 337 338 454 448 398 0 0 0 0 468 0 -1 0 0 0 32002 32002 0 0 0 0 0 2788
WIT 13 337 338 357 332 272 0 0 0 0 338 0 -1 0 0 0 32002 32002 0 0 0 0 0 1810
WIT 13 337 338 360 335 353 3559 0 0 0 32002 0 -1 0 0 0 32002 32002 0 0 0 0 0 0
WIT 8 337 338 402 395 430 1748 1 0 0 32002 0 -1 0 0 0 32002 32002 0 0 0 0 0 0
WIT 13 337 338 357 332 317 0 0 0 0 353 0 -1 0 0 0 32002 32002 0 0 0 0 0 2331
WIT 13 337 338 357 332 332 3234 0 0 1 357 0 -1 0 0 0 32002 32002 0 0 0 0 0 3964
WIT 13 337 338 357 332 324 0 0 0 0 355 0 -1 0 0 0 32002 32002 0 0 0 0 0 2331
WIT 6 337 338 434 429 428 0 0 0 0 346 0 -1 0 0 0 32002 32002 0 0 0 0 0 3309
WIT 12 337 338 376 365 299 0 0 0 0 338 0 -1 0 0 0 32002 32002 0 0 0 0 0 2788
WIT 12 337 338 354 343 324 0 0 0 0 338 0 -1 0 0 0 32002 32002 0 0 0 0 0 2788
WIT 11 337 338 365 355 355 2333 1 0 0 32002 0 -1 0 0 0 32002 32002 0 0 0 0 0 0
WIT 11 337 338 354 344 365 2331 1 0 0 32002 0 -1 0 0 0 32002 32002 0 0 0 0 0 0
WIT 7 337 338 402 396 396 3309 0 0 0 32002 0 -1 0 0 0 32002 32002 0 0 0 0 0 0
WIT 8 337 338 389 382 369 0 0 0 0 412 0 -1 0 0 0 32002 32002 0 0 0 0 0 2331
WIT 6 337 338 361 356 403 0 0 0 0 32002 0 -1 0 0 0 32002 32002 0 0 0 0 0 0
WIT 6 337 338 378 373 392 0 0 0 0 32002 0 -1 0 0 0 32002 32002 0 0 0 0 0 0
WIT 6 337 338 355 350 373 0 0 0 0 32002 0 -1 0 0 0 32002 32002 0 0 0 0 0 0
WIT 7 337 338 354 348 352 2333 1 0 0 32002 0 -1 0 0 0 32002 32002 0 0 0 0 0 0
WIT 11 337 338 357 336 333 0 0 0 0 338 0 -1 0 0 0 32002 32002 0 0 0 0 0 3699
WIT 10 337 338 378 359 359 3699 0 0 0 32002 0 -1 0 0 0 32002 32002 0 0 0 0 0 0
WIT 11 337 338 357 336 336 3699 0 0 1 357 0 -1 0 0 0 32002 32002 0 0 0 0 0 3964
WIT 8 337 338 389 374 374 3699 0 0 0 32002 0 -1 0 0 0 32002 32002 0 0 0 0 0 0
WIT 9 337 338 379 362 362 3699 0 0 0 32002 0 -1 0 0 0 32002 32002 0 0 0 0 0 0
WIT 9 337 338 369 361 373 2333 1 0 0 32002 0 -1 0 0 0 32002 32002 0 0 0 0 0 0
WIT 8 337 338 378 371 399 0 0 0 0 32002 0 -1 0 0 0 32002 32002 0 0 0 0 0 0
WIT 11 337 338 382 372 515 0 0 0 0 32002 0 -1 0 0 0 32002 32002 0 0 0 0 0 0
WIT 11 337 338 369 348 325 0 0 0 0 338 0 -1 0 0 0 32002 32002 0 0 0 0 0 2331
WIT 8 337 338 369 354 354 3964 0 0 0 32002 0 -1 0 0 0 32002 32002 0 0 0 0 0 0
WIT 8 337 338 354 347 460 3699 0 0 0 32002 0 -1 0 0 0 32002 32002 0 0 0 0 0 0
WIT 8 337 338 455 448 448 3964 0 0 0 32002 0 -1 0 0 0 32002 32002 0 0 0 0 0 0
WIT 8 337 338 446 439 439 3699 0 0 0 32002 0 -1 0 0 0 32002 32002 0 0 0 0 0 0
WIT 8 337 338 415 408 408 3964 0 0 0 32002 0 -1 0 0 0 32002 32002 0 0 0 0 0 0
WIT 8 337 338 426 419 434 3964 0 0 0 32002 0 -1 0 0 0 32002 32002 0 0 0 0 0 0
WIT 8 337 338 466 459 473 3964 0 0 0 32002 0 -1 0 0 0 32002 32002 0 0 0 0 0 0
WIT 8 337 338 379 372 372 3699 0 0 0 32002 0 -1 0 0 0 32002 32002 0 0 0 0 0 0
WIT 8 337 338 397 390 390 3559 0 0 0 32002 0 -1 0 0 0 32002 32002 0 0 0 0 0 0
WIT 8 337 338 416 409 409 3964 0 0 0 32002 0 -1 0 0 0 32002 32002 0 0 0 0 0 0
WIT 8 337 338 340 333 380 0 0 0 0 32002 0 -1 0 0 0 32002 32002 0 0 0 0 0 0
WIT 8 337 338 386 379 414 0 0 0 0 32002 0 -1 0 0 0 32002 32002 0 0 0 0 0 0
WIT 8 337 338 382 375 415 0 0 0 0 32002 0 -1 0 0 0 32002 32002 0 0 0 0 0 0
WIT 12 337 338 357 334 333 0 0 0 0 338 0 -1 0 0 0 32002 32002 0 0 0 0 0 3364
WIT 11 337 338 357 336 147 0 0 0 0 338 0 -1 0 0 0 32002 32002 0 0 0 0 0 1814
WIT 8 337 338 426 419 487 3364 0 0 0 32002 0 -1 0 0 0 32002 32002 0 0 0 0 0 0
WIT 11 337 338 346 325 303 0 0 0 0 350 0 -1 0 0 0 32002 32002 0 0 0 0 0 3749
WIT 10 337 338 356 347 361 3364 0 0 0 32002 0 -1 0 0 0 32002 32002 0 0 0 0 0 0
WIT 11 337 338 360 350 362 3364 0 0 0 32002 0 -1 0 0 0 32002 32002 0 0 0 0 0 0
WIT 10 337 338 361 352 400 3364 0 0 0 32002 0 -1 0 0 0 32002 32002 0 0 0 0 0 0
WIT 10 337 338 357 348 366 3364 0 0 0 32002 0 -1 0 0 0 32002 32002 0 0 0 0 0 0
WIT 6 337 338 330 325 355 2331 1 0 0 32002 0 -1 0 0 0 32002 32002 0 0 0 0 0 0
WIT 11 337 338 364 343 322 0 0 0 0 345 0 -1 0 0 0 32002 32002 0 0 0 0 0 3364
WIT 10 337 338 382 373 408 3364 0 0 0 32002 0 -1 0 0 0 32002 32002 0 0 0 0 0 0
WIT 7 337 338 276 270 277 2203 1 0 0 392 0 -1 0 0 0 32002 32002 0 0 0 0 0 3364
WIT 10 337 338 357 338 278 0 0 0 0 338 0 -1 0 0 0 32002 32002 0 0 0 0 0 1810
WIT 10 337 338 358 339 341 3234 0 0 0 32002 0 -1 0 0 0 32002 32002 0 0 0 0 0 0
WIT 10 337 338 356 347 396 3364 0 0 0 32002 0 -1 0 0 0 32002 32002 0 0 0 0 0 0
WIT 10 337 338 345 336 364 3364 0 0 0 32002 0 -1 0 0 0 32002 32002 0 0 0 0 0 0
WIT 10 337 338 382 373 372 0 0 0 0 352 0 -1 0 0 0 32002 32002 0 0 0 0 0 3364

===========================
Total time (ms) : 41
Nodes searched  : 34031
Nodes/second    : 830024
