
Position: 1/1 (r2qkbnr/pp2pppp/2p2n2/8/2BP1B2/4Pb1P/PP3PP1/RN1QK2R w KQkq - 0 8)
WIT 6 -251 -250 -258 -263 -259 1379 0 0 1 -197 0 -1 0 0 0 32002 32002 0 0 0 0 0 3372
WIT 6 -222 -221 -204 -209 -115 1379 0 0 0 32002 0 -1 0 0 0 32002 32002 0 0 0 0 0 0
WIT 6 -194 -193 -204 -209 -115 1379 0 0 0 32002 0 -1 0 0 0 32002 32002 0 0 0 0 0 0
WIT 6 -163 -162 -204 -209 -115 1379 0 0 0 32002 0 -1 0 0 0 32002 32002 0 0 0 0 0 0
WIT 6 -167 -166 -116 -121 -85 1379 0 0 0 32002 0 -1 0 0 0 32002 32002 0 0 0 0 0 0
WIT 6 -159 -158 -135 -140 -170 0 0 0 0 -158 0 -1 0 0 0 32002 32002 0 0 0 0 0 3372
WIT 6 -149 -148 -138 -143 -132 2915 0 0 0 32002 0 -1 0 0 0 32002 32002 0 0 0 0 0 0
WIT 7 -149 -148 -158 -164 -92 1379 0 0 0 32002 0 -1 0 0 0 32002 32002 0 0 0 0 0 0
WIT 6 -136 -135 -120 -125 -140 0 0 0 0 -104 0 -1 0 0 0 32002 32002 0 0 0 0 0 2269
WIT 7 -136 -135 -158 -164 -92 1379 0 0 0 32002 0 -1 0 0 0 32002 32002 0 0 0 0 0 0
WIT 6 -119 -118 -134 -139 -163 0 0 0 0 -124 0 -1 0 0 0 32002 32002 0 0 0 0 0 0
WIT 6 -137 -136 -138 -143 -159 0 0 0 0 -116 0 -1 0 0 0 32002 32002 0 0 0 0 0 2781
WIT 7 -137 -136 -197 -203 -203 3947 0 0 1 -136 0 -1 0 0 0 32002 32002 0 0 0 0 0 3929
WIT 6 -137 -136 -130 -135 -135 3947 0 0 0 32002 0 -1 0 0 0 32002 32002 0 0 0 0 0 0
WIT 7 -138 -137 -144 -150 -664 0 0 0 0 -142 0 -1 0 0 0 32002 32002 0 0 0 0 0 0
WIT 8 150 151 205 198 281 75 0 1 0 32002 0 -1 0 0 0 32002 32002 0 0 0 0 0 0
WIT 8 150 151 175 168 214 0 0 0 0 32002 0 -1 0 0 0 32002 32002 0 0 0 0 0 0
WIT 7 157 158 205 199 281 75 0 1 0 32002 0 -1 0 0 0 32002 32002 0 0 0 0 0 0
WIT 7 157 158 175 169 214 0 0 0 0 32002 0 -1 0 0 0 32002 32002 0 0 0 0 0 0
WIT 6 160 161 175 170 172 1892 0 0 0 32002 0 -1 0 0 0 32002 32002 0 0 0 0 0 0
WIT 7 160 161 205 199 281 75 0 1 0 32002 0 -1 0 0 0 32002 32002 0 0 0 0 0 0
WIT 7 160 161 175 169 214 0 0 0 0 32002 0 -1 0 0 0 32002 32002 0 0 0 0 0 0
WIT 7 167 168 175 169 168 0 0 0 0 164 0 -1 0 0 0 32002 32002 0 0 0 0 0 0
WIT 6 154 155 126 121 161 1308 0 0 0 32002 0 -1 0 0 0 32002 32002 0 0 0 0 0 0
WIT 8 -155 -154 -138 -153 -183 0 0 0 0 -159 0 -1 0 0 0 32002 32002 0 0 0 0 0 4020
WIT 8 -155 -154 -144 -159 -165 0 0 0 0 -154 0 -1 0 0 0 32002 32002 0 0 0 0 0 3947
WIT 6 -155 -154 -131 -136 -132 4020 0 0 0 32002 0 -1 0 0 0 32002 32002 0 0 0 0 0 0
WIT 6 -155 -154 -119 -124 -98 4020 0 0 0 32002 0 -1 0 0 0 32002 32002 0 0 0 0 0 0
WIT 7 -155 -154 -135 -148 -174 0 0 0 0 -155 0 -1 0 0 0 32002 32002 0 0 0 0 0 0
WIT 6 -156 -155 -136 -141 -92 1379 0 0 0 32002 0 -1 0 0 0 32002 32002 0 0 0 0 0 0
WIT 6 -149 -148 -129 -134 -122 3643 0 0 0 32002 0 -1 0 0 0 32002 32002 0 0 0 0 0 0
WIT 8 -149 -148 -126 -133 -141 0 0 0 0 -148 0 -1 0 0 0 32002 32002 0 0 0 0 0 2781
WIT 6 -149 -148 -143 -148 -157 0 0 0 0 -124 0 -1 0 0 0 32002 32002 0 0 0 0 0 2781
WIT 6 -149 -148 -118 -123 -133 0 0 0 0 -128 0 -1 0 0 0 32002 32002 0 0 0 0 0 2781
WIT 6 -149 -148 -133 -138 -247 0 0 0 0 -136 0 -1 0 0 0 32002 32002 0 0 0 0 0 2973
WIT 8 -149 -148 -164 -171 -218 0 0 0 0 -148 0 -1 0 0 0 32002 32002 0 0 0 0 0 3374
WIT 6 -149 -148 -125 -130 -120 0 0 0 0 32002 0 -1 0 0 0 32002 32002 0 0 0 0 0 0
WIT 7 -149 -148 -126 -132 -102 0 0 0 0 32002 0 -1 0 0 0 32002 32002 0 0 0 0 0 0
WIT 8 -149 -148 -167 -182 -268 0 0 0 0 -148 0 -1 0 0 0 32002 32002 0 0 0 0 0 3374
WIT 6 -149 -148 -105 -110 -110 3947 0 0 0 32002 0 -1 0 0 0 32002 32002 0 0 0 0 0 0
WIT 6 -149 -148 -152 -157 -119 3374 0 0 0 32002 0 -1 0 0 0 32002 32002 0 0 0 0 0 0
WIT 9 -149 -148 -154 -171 -158 2931 0 0 1 -145 0 -1 0 0 0 32002 32002 0 0 0 0 0 3947
WIT 9 -149 -148 -154 -171 -167 3947 0 0 1 -149 1 1 41466 1 1 -149 -159 0 0 0 0 1 0
WIT 6 -149 -148 -154 -159 -175 0 0 0 0 -148 0 -1 0 0 0 32002 32002 0 0 0 0 0 3374
WIT 6 -149 -148 -135 -140 -135 3363 0 0 0 32002 0 -1 0 0 0 32002 32002 0 0 0 0 0 0
WIT 8 -149 -148 -138 -145 -142 3929 0 0 0 32002 0 -1 0 0 0 32002 32002 0 0 0 0 0 0
WIT 7 -149 -148 -135 -141 -120 4020 0 0 0 32002 0 -1 0 0 0 32002 32002 0 0 0 0 0 0
WIT 7 -149 -148 -132 -138 -114 4020 0 0 0 32002 0 -1 0 0 0 32002 32002 0 0 0 0 0 0
WIT 7 -149 -148 -122 -128 -105 4020 0 0 0 32002 0 -1 0 0 0 32002 32002 0 0 0 0 0 0
WIT 8 -149 -148 -130 -137 -136 3947 0 0 0 32002 0 -1 0 0 0 32002 32002 0 0 0 0 0 0
WIT 8 -149 -148 -134 -149 -148 4020 0 0 0 32002 0 -1 0 0 0 32002 32002 0 0 0 0 0 0
WIT 7 -149 -148 -119 -125 -125 4020 0 0 0 32002 0 -1 0 0 0 32002 32002 0 0 0 0 0 0
WIT 7 -149 -148 -122 -128 -115 4020 0 0 0 32002 0 -1 0 0 0 32002 32002 0 0 0 0 0 0
WIT 8 -149 -148 -136 -143 -143 3947 0 0 0 32002 0 -1 0 0 0 32002 32002 0 0 0 0 0 0
WIT 6 -149 -148 -122 -127 -354 0 0 0 0 -134 0 -1 0 0 0 32002 32002 0 0 0 0 0 3113
WIT 6 -149 -148 -135 -140 -141 0 0 0 0 -148 0 -1 0 0 0 32002 32002 0 0 0 0 0 3947
WIT 6 -149 -148 -134 -139 -440 0 0 1 0 71 0 -1 0 0 0 32002 32002 0 0 0 0 0 3893
WIT 7 147 148 149 143 148 49408 0 0 0 32002 0 -1 0 0 0 32002 32002 0 0 0 0 0 0
WIT 9 -148 -141 -148 -156 -157 0 0 0 0 -148 0 -1 0 0 0 32002 32002 0 0 0 0 0 0
WIT 7 147 148 175 169 218 0 0 0 0 32002 0 -1 0 0 0 32002 32002 0 0 0 0 0 0
WIT 9 -148 -141 -148 -156 -178 0 0 0 0 -148 0 -1 0 0 0 32002 32002 0 0 0 0 0 0
WIT 8 156 157 148 133 151 1503 0 0 1 156 1 1 11519 1 1 156 166 0 0 0 0 21 1503
WIT 6 156 157 148 143 159 1503 0 0 0 32002 0 -1 0 0 0 32002 32002 0 0 0 0 0 0
WIT 6 156 157 148 143 143 3 0 0 1 157 0 -1 0 0 0 32002 32002 0 0 0 0 0 49408
WIT 7 156 157 148 142 159 49408 0 0 0 32002 0 -1 0 0 0 32002 32002 0 0 0 0 0 0
WIT 7 141 157 148 142 142 82 0 0 1 157 0 -1 0 0 0 32002 32002 0 0 0 0 0 75
WIT 9 156 157 211 203 280 49415 0 0 0 32002 0 -1 0 0 0 32002 32002 0 0 0 0 0 0
WIT 7 156 157 175 169 218 0 0 0 0 32002 0 -1 0 0 0 32002 32002 0 0 0 0 0 0
WIT 7 163 164 167 161 156 0 0 0 0 164 0 -1 0 0 0 32002 32002 0 0 0 0 0 1894
WIT 8 163 164 157 150 150 3 0 0 1 164 0 -1 0 0 0 32002 32002 0 0 0 0 0 49408
WIT 8 163 164 148 141 159 49408 0 0 1 164 0 -1 0 0 0 32002 32002 0 0 0 0 0 1892
WIT 7 163 164 148 142 139 0 0 0 0 164 0 -1 0 0 0 32002 32002 0 0 0 0 0 1892
WIT 6 163 164 179 174 181 1892 0 0 0 32002 0 -1 0 0 0 32002 32002 0 0 0 0 0 0
WIT 10 163 164 211 202 221 1681 0 0 0 32002 0 -1 0 0 0 32002 32002 0 0 0 0 0 0
WIT 9 163 164 187 179 247 75 0 1 0 32002 0 -1 0 0 0 32002 32002 0 0 0 0 0 0
WIT 8 163 164 175 168 217 0 0 0 0 32002 0 -1 0 0 0 32002 32002 0 0 0 0 0 0
WIT 7 170 171 199 193 193 49408 0 0 0 32002 0 -1 0 0 0 32002 32002 0 0 0 0 0 0
WIT 7 170 171 199 193 193 49408 0 0 0 32002 0 -1 0 0 0 32002 32002 0 0 0 0 0 0
WIT 7 170 171 189 183 182 0 0 0 0 191 0 -1 0 0 0 32002 32002 0 0 0 0 0 129
WIT 6 170 171 220 215 187 0 0 0 0 180 0 -1 0 0 0 32002 32002 0 0 0 0 0 49408
WIT 7 170 171 178 172 172 49408 0 0 0 32002 0 -1 0 0 0 32002 32002 0 0 0 0 0 0
WIT 7 170 171 186 180 184 49408 0 0 0 32002 0 -1 0 0 0 32002 32002 0 0 0 0 0 0
WIT 6 170 171 191 186 211 49408 0 0 0 32002 0 -1 0 0 0 32002 32002 0 0 0 0 0 0
WIT 7 170 171 183 177 198 49408 0 0 0 32002 0 -1 0 0 0 32002 32002 0 0 0 0 0 0
WIT 6 170 171 170 165 177 49408 0 0 0 32002 0 -1 0 0 0 32002 32002 0 0 0 0 0 0
WIT 6 170 171 164 159 159 49408 0 0 1 225 0 -1 0 0 0 32002 32002 0 0 0 0 0 2023
WIT 7 157 171 164 158 141 0 0 0 0 171 0 -1 0 0 0 32002 32002 0 0 0 0 0 1503
WIT 8 157 171 164 157 148 0 0 0 0 171 0 -1 0 0 0 32002 32002 0 0 0 0 0 1899
WIT 10 170 171 164 145 140 0 0 0 0 171 0 -1 0 0 0 32002 32002 0 0 0 0 0 1892
WIT 10 170 171 164 145 147 1892 0 0 1 171 0 -1 0 0 0 32002 32002 0 0 0 0 0 1503
WIT 9 170 171 164 156 160 3 0 0 1 171 0 -1 0 0 0 32002 32002 0 0 0 0 0 49408
WIT 9 170 171 164 156 163 49408 0 0 1 171 0 -1 0 0 0 32002 32002 0 0 0 0 0 1892
WIT 8 170 171 179 172 181 1892 0 0 0 32002 0 -1 0 0 0 32002 32002 0 0 0 0 0 0
WIT 8 157 171 164 157 156 0 0 0 0 171 0 -1 0 0 0 32002 32002 0 0 0 0 0 75
WIT 9 170 171 211 203 221 1681 0 0 0 32002 0 -1 0 0 0 32002 32002 0 0 0 0 0 0
WIT 9 170 171 187 179 247 75 0 1 0 32002 0 -1 0 0 0 32002 32002 0 0 0 0 0 0
WIT 8 170 171 175 168 215 0 0 0 0 32002 0 -1 0 0 0 32002 32002 0 0 0 0 0 0
WIT 8 179 180 199 192 192 49408 0 0 0 32002 0 -1 0 0 0 32002 32002 0 0 0 0 0 0
WIT 7 179 180 177 164 159 0 0 0 0 180 0 -1 0 0 0 32002 32002 0 0 0 0 0 2023
WIT 7 179 180 171 158 158 1683 0 0 1 191 0 -1 0 0 0 32002 32002 0 0 0 0 0 49408
WIT 7 179 180 185 179 197 129 0 0 0 32002 0 -1 0 0 0 32002 32002 0 0 0 0 0 0
WIT 6 179 180 182 177 166 0 0 0 0 180 0 -1 0 0 0 32002 32002 0 0 0 0 0 49408
WIT 7 162 180 171 165 152 0 0 0 0 180 0 -1 0 0 0 32002 32002 0 0 0 0 0 1899
WIT 10 179 180 171 152 153 1892 0 0 1 186 0 -1 0 0 0 32002 32002 0 0 0 0 0 1503
WIT 10 179 180 171 162 162 3 0 0 1 180 0 -1 0 0 0 32002 32002 0 0 0 0 0 49408
WIT 9 179 180 171 163 178 3 0 0 1 239 0 -1 0 0 0 32002 32002 0 0 0 0 0 49408
WIT 8 179 180 171 156 150 0 0 0 0 180 0 -1 0 0 0 32002 32002 0 0 0 0 0 1892
WIT 8 179 180 171 164 164 49408 0 0 1 180 0 -1 0 0 0 32002 32002 0 0 0 0 0 1892
WIT 8 179 180 179 172 178 1892 0 0 1 184 0 -1 0 0 0 32002 32002 0 0 0 0 0 49408
WIT 7 162 180 171 165 158 0 0 0 0 180 0 -1 0 0 0 32002 32002 0 0 0 0 0 75
WIT 10 180 181 184 175 176 1503 0 0 1 185 0 -1 0 0 0 32002 32002 0 0 0 0 0 49408
WIT 8 180 181 233 226 226 3 0 0 0 32002 0 -1 0 0 0 32002 32002 0 0 0 0 0 0
WIT 8 180 181 180 165 157 0 0 0 0 181 0 -1 0 0 0 32002 32002 0 0 0 0 0 1892
WIT 7 180 181 180 174 178 3 0 0 1 190 0 -1 0 0 0 32002 32002 0 0 0 0 0 49408
WIT 6 180 181 180 175 189 49408 0 0 0 32002 0 -1 0 0 0 32002 32002 0 0 0 0 0 0
WIT 10 180 181 188 179 222 0 0 0 0 32002 0 -1 0 0 0 32002 32002 0 0 0 0 0 0
WIT 9 180 181 187 179 247 75 0 1 0 32002 0 -1 0 0 0 32002 32002 0 0 0 0 0 0
WIT 6 188 189 199 194 200 49408 0 0 0 32002 0 -1 0 0 0 32002 32002 0 0 0 0 0 0
WIT 7 188 189 238 232 275 1683 0 0 0 32002 0 -1 0 0 0 32002 32002 0 0 0 0 0 0
WIT 6 188 189 189 184 178 0 0 0 0 202 0 -1 0 0 0 32002 32002 0 0 0 0 0 129
WIT 8 188 189 196 181 165 0 0 0 0 178 0 -1 0 0 0 32002 32002 0 0 0 0 0 49408
WIT 6 188 189 185 180 195 129 0 0 0 32002 0 -1 0 0 0 32002 32002 0 0 0 0 0 0
WIT 7 188 189 197 191 189 0 0 0 0 203 0 -1 0 0 0 32002 32002 0 0 0 0 0 129
WIT 7 188 189 196 190 190 49408 0 0 0 32002 0 -1 0 0 0 32002 32002 0 0 0 0 0 0
WIT 6 188 189 185 180 246 49408 0 0 0 32002 0 -1 0 0 0 32002 32002 0 0 0 0 0 0
WIT 7 188 189 181 175 193 49408 0 0 0 32002 0 -1 0 0 0 32002 32002 0 0 0 0 0 0
WIT 6 188 189 204 199 203 49408 0 0 0 32002 0 -1 0 0 0 32002 32002 0 0 0 0 0 0
WIT 6 188 189 182 177 216 49408 0 0 0 32002 0 -1 0 0 0 32002 32002 0 0 0 0 0 0
WIT 6 188 189 210 205 217 49408 0 0 0 32002 0 -1 0 0 0 32002 32002 0 0 0 0 0 0
WIT 6 188 189 186 181 184 49408 0 0 1 192 0 -1 0 0 0 32002 32002 0 0 0 0 0 2023
WIT 6 188 189 207 202 250 49408 0 0 0 32002 0 -1 0 0 0 32002 32002 0 0 0 0 0 0
WIT 6 188 189 206 201 242 49408 0 0 0 32002 0 -1 0 0 0 32002 32002 0 0 0 0 0 0
WIT 6 188 189 217 212 236 49408 0 0 0 32002 0 -1 0 0 0 32002 32002 0 0 0 0 0 0
WIT 6 188 189 180 175 206 49408 0 0 0 32002 0 -1 0 0 0 32002 32002 0 0 0 0 0 0
WIT 6 188 189 191 186 232 49408 0 0 0 32002 0 -1 0 0 0 32002 32002 0 0 0 0 0 0
WIT 6 188 189 197 192 194 49408 0 0 0 32002 0 -1 0 0 0 32002 32002 0 0 0 0 0 0
WIT 6 188 189 202 197 251 1681 0 0 0 32002 0 -1 0 0 0 32002 32002 0 0 0 0 0 0
WIT 6 188 189 171 166 246 0 0 0 0 32002 0 -1 0 0 0 32002 32002 0 0 0 0 0 0
WIT 6 188 189 195 190 192 1683 0 0 0 32002 0 -1 0 0 0 32002 32002 0 0 0 0 0 0
WIT 9 188 189 189 181 190 1683 0 0 0 32002 0 -1 0 0 0 32002 32002 0 0 0 0 0 0
WIT 8 188 189 190 183 181 0 0 0 0 190 0 -1 0 0 0 32002 32002 0 0 0 0 0 49408
WIT 6 188 189 196 191 191 49408 0 0 0 32002 0 -1 0 0 0 32002 32002 0 0 0 0 0 0
WIT 6 188 189 221 216 232 1683 0 0 0 32002 0 -1 0 0 0 32002 32002 0 0 0 0 0 0
WIT 6 188 189 181 176 176 2023 0 0 1 226 0 -1 0 0 0 32002 32002 0 0 0 0 0 49408
WIT 6 188 189 203 198 198 49408 0 0 0 32002 0 -1 0 0 0 32002 32002 0 0 0 0 0 0
WIT 7 173 189 181 175 141 0 0 0 0 189 0 -1 0 0 0 32002 32002 0 0 0 0 0 1503
WIT 8 173 189 181 174 158 0 0 0 0 189 0 -1 0 0 0 32002 32002 0 0 0 0 0 1899
WIT 8 188 189 236 229 256 49408 0 0 0 32002 0 -1 0 0 0 32002 32002 0 0 0 0 0 0
WIT 6 188 189 232 227 231 49408 0 0 0 32002 0 -1 0 0 0 32002 32002 0 0 0 0 0 0
WIT 9 188 189 185 168 165 0 0 0 0 198 0 -1 0 0 0 32002 32002 0 0 0 0 0 1503
WIT 10 188 189 184 175 176 1503 0 0 1 193 0 -1 0 0 0 32002 32002 0 0 0 0 0 49408
WIT 8 188 189 233 226 226 3 0 0 0 32002 0 -1 0 0 0 32002 32002 0 0 0 0 0 0
WIT 9 188 189 181 164 157 0 0 0 0 189 0 -1 0 0 0 32002 32002 0 0 0 0 0 1892
WIT 9 188 189 188 180 180 3 0 0 1 189 0 -1 0 0 0 32002 32002 0 0 0 0 0 49408
WIT 7 188 189 183 177 188 1503 0 0 1 190 0 -1 0 0 0 32002 32002 0 0 0 0 0 49408
WIT 7 188 189 180 174 174 49408 0 0 1 189 0 -1 0 0 0 32002 32002 0 0 0 0 0 1892
WIT 8 173 189 181 174 145 0 0 0 0 189 0 -1 0 0 0 32002 32002 0 0 0 0 0 75
WIT 11 188 189 188 178 187 75 0 0 1 189 0 -1 0 0 0 32002 32002 0 0 0 0 0 1699
WIT 8 188 189 187 180 243 75 0 1 0 32002 0 -1 0 0 0 32002 32002 0 0 0 0 0 0
WIT 7 198 199 189 176 177 1683 0 0 1 225 0 -1 0 0 0 32002 32002 0 0 0 0 0 49408
WIT 6 198 199 181 176 191 49408 0 0 1 199 0 -1 0 0 0 32002 32002 0 0 0 0 0 2023
WIT 7 179 199 189 183 181 0 0 0 0 199 0 -1 0 0 0 32002 32002 0 0 0 0 0 1899
WIT 11 198 199 233 223 223 3 0 0 0 32002 0 -1 0 0 0 32002 32002 0 0 0 0 0 0
WIT 9 198 199 193 185 193 2319 0 0 1 199 0 -1 0 0 0 32002 32002 0 0 0 0 0 2333
WIT 6 198 199 192 187 187 3 0 0 1 199 0 -1 0 0 0 32002 32002 0 0 0 0 0 49408
WIT 10 198 199 189 170 161 0 0 0 0 199 0 -1 0 0 0 32002 32002 0 0 0 0 0 1892
WIT 9 198 199 199 191 159 0 0 0 0 211 0 -1 0 0 0 32002 32002 0 0 0 0 0 2477
WIT 8 198 199 253 246 246 49408 0 0 0 32002 0 -1 0 0 0 32002 32002 0 0 0 0 0 0
WIT 10 198 199 198 179 176 0 0 0 0 200 0 -1 0 0 0 32002 32002 0 0 0 0 0 1894
WIT 12 198 199 229 218 325 2023 0 0 0 32002 0 -1 0 0 0 32002 32002 0 0 0 0 0 0
WIT 6 198 199 171 166 182 1892 0 0 1 198 1 1 28907 1 1 198 199 0 0 0 0 26 1892
WIT 9 198 199 197 180 176 0 0 0 0 199 0 -1 0 0 0 32002 32002 0 0 0 0 0 1503
WIT 10 198 199 189 180 229 49408 0 0 0 32002 0 -1 0 0 0 32002 32002 0 0 0 0 0 0
WIT 10 198 199 189 180 180 3 0 0 1 199 0 -1 0 0 0 32002 32002 0 0 0 0 0 49408
WIT 8 198 199 189 182 184 1892 0 0 1 201 0 -1 0 0 0 32002 32002 0 0 0 0 0 49408
WIT 8 198 199 189 182 182 49408 0 0 1 199 0 -1 0 0 0 32002 32002 0 0 0 0 0 1892
WIT 7 179 199 189 183 145 0 0 0 0 199 0 -1 0 0 0 32002 32002 0 0 0 0 0 75
WIT 10 198 199 189 180 223 0 0 0 0 32002 0 -1 0 0 0 32002 32002 0 0 0 0 0 0
WIT 8 198 199 187 180 243 75 0 1 0 32002 0 -1 0 0 0 32002 32002 0 0 0 0 0 0
WIT 6 200 201 189 184 229 0 0 0 0 32002 0 -1 0 0 0 32002 32002 0 0 0 0 0 0

===========================
Total time (ms) : 12
Nodes searched  : 9647
Nodes/second    : 803916
