
Position: 1/1 (r2qk1nr/ppp2pp1/2np4/2b1p2p/4P3/2NPBP1P/PPP1BP2/R2QK2R b KQkq - 0 8)
WIT 7 -428 -427 -208 -214 -260 0 0 0 0 -327 0 -1 0 0 0 32002 32002 0 0 0 0 0 852
WIT 7 -270 -269 -246 -252 -202 261 0 1 0 32002 0 -1 0 0 0 32002 32002 0 0 0 0 0 0
WIT 7 -270 -269 -338 -351 -483 0 0 0 0 -208 0 -1 0 0 0 32002 32002 0 0 0 0 0 852
WIT 8 -176 -175 -246 -253 -202 261 0 1 0 -175 0 -1 0 0 0 32002 32002 0 0 0 0 0 267
WIT 7 -176 -175 -179 -185 -185 203 0 0 1 -164 0 -1 0 0 0 32002 32002 0 0 0 0 0 267
WIT 7 -176 -175 -214 -227 -477 0 0 0 0 -175 0 -1 0 0 0 32002 32002 0 0 0 0 0 852
WIT 6 -176 -175 -252 -257 -127 203 0 0 0 32002 0 -1 0 0 0 32002 32002 0 0 0 0 0 0
WIT 6 -176 -175 -258 -263 -229 203 0 0 1 -157 0 -1 0 0 0 32002 32002 0 0 0 0 0 1373
WIT 6 -176 -175 -269 -274 -225 0 0 0 0 -222 0 -1 0 0 0 32002 32002 0 0 0 0 0 203
WIT 6 -176 -175 -269 -274 -274 203 0 0 1 -222 1 1 32627 1 1 -176 -170 0 0 0 0 13 203
WIT 6 -176 -175 -205 -210 -210 1373 0 0 1 -152 0 -1 0 0 0 32002 32002 0 0 0 0 0 203
WIT 6 -176 -175 -265 -270 -259 1373 0 0 1 -141 0 -1 0 0 0 32002 32002 0 0 0 0 0 203
WIT 6 -176 -175 -249 -254 -190 203 0 0 1 -135 0 -1 0 0 0 32002 32002 0 0 0 0 0 1187
WIT 6 -205 -204 -44 -49 -394 0 0 1 0 -204 0 -1 0 0 0 32002 32002 0 0 0 0 0 852
WIT 7 -205 -204 -171 -177 -167 454 0 0 0 32002 0 -1 0 0 0 32002 32002 0 0 0 0 0 0
WIT 6 -205 -204 -140 -145 -99 203 0 0 0 32002 0 -1 0 0 0 32002 32002 0 0 0 0 0 0
WIT 6 -205 -204 -170 -175 -125 454 0 0 0 32002 0 -1 0 0 0 32002 32002 0 0 0 0 0 0
WIT 6 -205 -204 -155 -160 -160 267 0 0 0 32002 0 -1 0 0 0 32002 32002 0 0 0 0 0 0
WIT 6 -205 -204 -170 -175 -175 1503 0 0 0 32002 0 -1 0 0 0 32002 32002 0 0 0 0 0 0
WIT 6 -205 -204 -148 -153 -139 1373 0 0 0 32002 0 -1 0 0 0 32002 32002 0 0 0 0 0 0
WIT 6 -205 -204 -127 -132 -112 1503 0 0 0 32002 0 -1 0 0 0 32002 32002 0 0 0 0 0 0
WIT 6 -205 -204 -90 -95 -53 203 0 0 0 32002 0 -1 0 0 0 32002 32002 0 0 0 0 0 0
WIT 6 -205 -204 -168 -173 -122 203 0 0 0 32002 0 -1 0 0 0 32002 32002 0 0 0 0 0 0
WIT 6 -205 -204 -168 -173 -120 203 0 0 0 32002 0 -1 0 0 0 32002 32002 0 0 0 0 0 0
WIT 6 -205 -204 -155 -160 -130 203 0 0 0 32002 0 -1 0 0 0 32002 32002 0 0 0 0 0 0
WIT 6 -205 -204 -145 -150 -133 267 0 0 0 32002 0 -1 0 0 0 32002 32002 0 0 0 0 0 0
WIT 7 -205 -204 -36 -42 -99 0 0 0 0 -27 0 -1 0 0 0 32002 32002 0 0 0 0 0 852
WIT 6 -205 -204 -145 -150 -155 0 0 0 0 -118 0 -1 0 0 0 32002 32002 0 0 0 0 0 203
WIT 6 -205 -204 -133 -138 -60 0 0 0 0 32002 0 -1 0 0 0 32002 32002 0 0 0 0 0 0
WIT 6 -205 -204 -175 -180 -168 1373 0 0 0 32002 0 -1 0 0 0 32002 32002 0 0 0 0 0 0
WIT 6 -195 -194 -204 -209 -194 1187 0 0 0 32002 0 -1 0 0 0 32002 32002 0 0 0 0 0 0
WIT 10 -195 -194 -175 -184 -185 0 0 1 0 -194 0 -1 0 0 0 32002 32002 0 0 0 0 0 267
WIT 8 -195 -194 -165 -172 -144 1187 0 0 0 32002 0 -1 0 0 0 32002 32002 0 0 0 0 0 0
WIT 9 -195 -194 -175 -192 -332 0 0 0 0 -194 0 -1 0 0 0 32002 32002 0 0 0 0 0 852
WIT 6 -195 -194 -185 -190 -190 198 0 0 0 32002 0 -1 0 0 0 32002 32002 0 0 0 0 0 0
WIT 9 -195 -194 -204 -221 -255 0 0 0 0 -194 0 -1 0 0 0 32002 32002 0 0 0 0 0 267
WIT 8 -195 -194 -171 -178 -155 1373 0 0 0 32002 0 -1 0 0 0 32002 32002 0 0 0 0 0 0
WIT 7 -195 -194 -97 -103 -86 1373 0 0 0 32002 0 -1 0 0 0 32002 32002 0 0 0 0 0 0
WIT 7 -195 -194 -140 -146 -124 203 0 0 0 32002 0 -1 0 0 0 32002 32002 0 0 0 0 0 0
WIT 7 -195 -194 -155 -161 -161 1373 0 0 0 32002 0 -1 0 0 0 32002 32002 0 0 0 0 0 0
WIT 7 -195 -194 -170 -176 -176 1503 0 0 0 32002 0 -1 0 0 0 32002 32002 0 0 0 0 0 0
WIT 7 -195 -194 -175 -181 -163 1503 0 0 0 32002 0 -1 0 0 0 32002 32002 0 0 0 0 0 0
WIT 7 -195 -194 -148 -154 -133 1503 0 0 0 32002 0 -1 0 0 0 32002 32002 0 0 0 0 0 0
WIT 7 -195 -194 -179 -185 -155 1503 0 0 0 32002 0 -1 0 0 0 32002 32002 0 0 0 0 0 0
WIT 7 -195 -194 -90 -96 -39 203 0 0 0 32002 0 -1 0 0 0 32002 32002 0 0 0 0 0 0
WIT 7 -195 -194 -168 -174 -116 203 0 0 0 32002 0 -1 0 0 0 32002 32002 0 0 0 0 0 0
WIT 7 -195 -194 -168 -174 -114 203 0 0 0 32002 0 -1 0 0 0 32002 32002 0 0 0 0 0 0
WIT 7 -195 -194 -145 -151 -136 1187 0 0 0 32002 0 -1 0 0 0 32002 32002 0 0 0 0 0 0
WIT 7 -195 -194 -155 -161 -127 203 0 0 0 32002 0 -1 0 0 0 32002 32002 0 0 0 0 0 0
WIT 7 -195 -194 -128 -141 -130 773 0 0 0 32002 0 -1 0 0 0 32002 32002 0 0 0 0 0 0
WIT 7 -195 -194 -133 -139 -58 0 0 0 0 32002 0 -1 0 0 0 32002 32002 0 0 0 0 0 0
WIT 7 -182 -181 -149 -155 -125 0 0 0 0 32002 0 -1 0 0 0 32002 32002 0 0 0 0 0 0
WIT 6 -182 -181 -187 -192 -184 528 0 0 1 -178 0 -1 0 0 0 32002 32002 0 0 0 0 0 203
WIT 6 -182 -181 -204 -209 -194 1187 0 0 1 -156 0 -1 0 0 0 32002 32002 0 0 0 0 0 1893
WIT 9 -182 -181 -194 -211 -207 261 0 1 0 -87 0 -1 0 0 0 32002 32002 0 0 0 0 0 267
WIT 7 -182 -181 -165 -171 -168 203 0 0 0 32002 0 -1 0 0 0 32002 32002 0 0 0 0 0 0
WIT 9 -182 -181 -194 -211 -326 0 0 0 0 -168 0 -1 0 0 0 32002 32002 0 0 0 0 0 852
WIT 12 -182 -181 -178 -189 -464 0 0 1 0 -181 0 -1 0 0 0 32002 32002 0 0 0 0 0 852
WIT 7 -182 -181 -163 -169 -154 4 0 0 0 32002 0 -1 0 0 0 32002 32002 0 0 0 0 0 0
WIT 10 -182 -181 -183 -202 -221 0 0 0 0 -181 0 -1 0 0 0 32002 32002 0 0 0 0 0 198
WIT 12 -182 -181 -194 -217 -437 0 0 1 0 -181 0 -1 0 0 0 32002 32002 0 0 0 0 0 852
WIT 10 -182 -181 -124 -133 -125 197 0 0 0 32002 0 -1 0 0 0 32002 32002 0 0 0 0 0 0
WIT 7 -182 -181 -173 -179 -164 197 0 0 0 32002 0 -1 0 0 0 32002 32002 0 0 0 0 0 0
WIT 6 -182 -181 -170 -175 -175 197 0 0 0 32002 0 -1 0 0 0 32002 32002 0 0 0 0 0 0
WIT 7 181 182 182 176 123 0 0 0 0 182 0 -1 0 0 0 32002 32002 0 0 0 0 0 3820
WIT 9 -182 -181 -194 -211 -224 0 0 0 0 -182 0 -1 0 0 0 32002 32002 0 0 0 0 0 0
WIT 6 193 194 284 279 213 0 0 0 0 200 0 -1 0 0 0 32002 32002 0 0 0 0 0 3363
WIT 8 193 194 182 167 152 0 0 0 0 194 0 -1 0 0 0 32002 32002 0 0 0 0 0 2043
WIT 6 -194 -193 -331 -336 -363 0 0 0 0 -299 0 -1 0 0 0 32002 32002 0 0 0 0 0 0
WIT 8 193 194 227 220 220 53048 0 0 0 32002 0 -1 0 0 0 32002 32002 0 0 0 0 0 0
WIT 7 193 194 182 169 -155 0 0 0 0 194 0 -1 0 0 0 32002 32002 0 0 0 0 0 2786
WIT 7 193 194 231 225 186 0 0 0 0 200 0 -1 0 0 0 32002 32002 0 0 0 0 0 2196
WIT 7 203 204 205 192 139 0 0 0 0 203 0 -1 0 0 0 32002 32002 0 0 0 0 0 0
WIT 6 -189 -188 -201 -206 -337 0 0 1 0 -49 0 -1 0 0 0 32002 32002 0 0 0 0 0 852
WIT 8 -189 -188 -170 -177 -174 1187 0 0 0 32002 0 -1 0 0 0 32002 32002 0 0 0 0 0 0
WIT 6 -189 -188 -168 -173 -173 1187 0 0 0 32002 0 -1 0 0 0 32002 32002 0 0 0 0 0 0
WIT 6 -189 -188 -163 -168 -50 1187 0 0 0 32002 0 -1 0 0 0 32002 32002 0 0 0 0 0 0
WIT 6 -189 -188 -112 -117 -103 1373 0 0 0 32002 0 -1 0 0 0 32002 32002 0 0 0 0 0 0
WIT 8 -189 -188 -171 -178 -155 1373 0 0 0 32002 0 -1 0 0 0 32002 32002 0 0 0 0 0 0
WIT 8 -189 -188 -140 -147 -124 203 0 0 0 32002 0 -1 0 0 0 32002 32002 0 0 0 0 0 0
WIT 8 -189 -188 -155 -162 -148 1373 0 0 0 32002 0 -1 0 0 0 32002 32002 0 0 0 0 0 0
WIT 7 -189 -188 -155 -161 -161 1373 0 0 0 32002 0 -1 0 0 0 32002 32002 0 0 0 0 0 0
WIT 7 -189 -188 -178 -191 -174 203 0 0 0 32002 0 -1 0 0 0 32002 32002 0 0 0 0 0 0
WIT 7 -189 -188 -117 -123 -123 1373 0 0 0 32002 0 -1 0 0 0 32002 32002 0 0 0 0 0 0
WIT 7 -189 -188 -133 -139 -54 0 0 0 0 32002 0 -1 0 0 0 32002 32002 0 0 0 0 0 0
WIT 7 -189 -188 -115 -121 -115 1373 0 0 0 32002 0 -1 0 0 0 32002 32002 0 0 0 0 0 0
WIT 7 -189 -188 -148 -154 -136 1373 0 0 0 32002 0 -1 0 0 0 32002 32002 0 0 0 0 0 0
WIT 7 -189 -188 -179 -185 -178 1373 0 0 0 32002 0 -1 0 0 0 32002 32002 0 0 0 0 0 0
WIT 7 -189 -188 -90 -96 -75 203 0 0 0 32002 0 -1 0 0 0 32002 32002 0 0 0 0 0 0
WIT 7 -189 -188 -175 -181 -166 1373 0 0 0 32002 0 -1 0 0 0 32002 32002 0 0 0 0 0 0
WIT 7 -189 -188 -170 -176 -176 267 0 0 0 32002 0 -1 0 0 0 32002 32002 0 0 0 0 0 0
WIT 7 -189 -188 -145 -151 -151 267 0 0 0 32002 0 -1 0 0 0 32002 32002 0 0 0 0 0 0
WIT 7 -189 -188 -168 -174 -139 203 0 0 0 32002 0 -1 0 0 0 32002 32002 0 0 0 0 0 0
WIT 7 -189 -188 -168 -174 -138 203 0 0 0 32002 0 -1 0 0 0 32002 32002 0 0 0 0 0 0
WIT 6 -189 -188 -149 -154 -161 0 0 0 0 -183 0 -1 0 0 0 32002 32002 0 0 0 0 0 852
WIT 7 -189 -188 -155 -161 -178 0 0 0 0 -183 0 -1 0 0 0 32002 32002 0 0 0 0 0 1373
WIT 8 187 188 292 285 250 0 0 0 0 266 0 -1 0 0 0 32002 32002 0 0 0 0 0 2333
WIT 6 187 188 222 217 227 3242 0 0 0 32002 0 -1 0 0 0 32002 32002 0 0 0 0 0 0
WIT 7 -188 -180 -203 -209 -221 0 0 0 0 -188 0 -1 0 0 0 32002 32002 0 0 0 0 0 0
WIT 8 187 188 244 237 255 2013 0 0 0 32002 0 -1 0 0 0 32002 32002 0 0 0 0 0 0
WIT 8 187 188 216 209 187 0 0 0 0 188 0 -1 0 0 0 32002 32002 0 0 0 0 0 3820
WIT 8 187 188 205 198 195 0 0 0 0 188 0 -1 0 0 0 32002 32002 0 0 0 0 0 3820
WIT 7 -188 -180 -186 -192 -212 0 0 0 0 -188 0 -1 0 0 0 32002 32002 0 0 0 0 0 1176
WIT 11 -181 -180 -181 -202 -479 0 0 1 0 -180 0 -1 0 0 0 32002 32002 0 0 0 0 0 852
WIT 10 -181 -180 -175 -184 -175 1176 0 0 0 32002 0 -1 0 0 0 32002 32002 0 0 0 0 0 0
WIT 8 -181 -180 -163 -170 -92 1318 0 0 0 32002 0 -1 0 0 0 32002 32002 0 0 0 0 0 0
WIT 9 -181 -180 -159 -167 -111 1318 0 0 0 32002 0 -1 0 0 0 32002 32002 0 0 0 0 0 0
WIT 7 -181 -180 -181 -187 -85 1318 0 0 0 32002 0 -1 0 0 0 32002 32002 0 0 0 0 0 0
WIT 6 -181 -180 -121 -126 -116 0 0 0 0 32002 0 -1 0 0 0 32002 32002 0 0 0 0 0 0
WIT 6 -181 -180 -120 -125 -85 1318 0 0 0 32002 0 -1 0 0 0 32002 32002 0 0 0 0 0 0
WIT 6 -181 -180 -172 -177 -163 1318 0 0 0 32002 0 -1 0 0 0 32002 32002 0 0 0 0 0 0
WIT 7 -181 -180 -166 -172 -166 4 0 0 0 32002 0 -1 0 0 0 32002 32002 0 0 0 0 0 0
WIT 6 -181 -180 -159 -164 -137 0 0 0 0 32002 0 -1 0 0 0 32002 32002 0 0 0 0 0 0
WIT 9 -181 -180 -181 -198 -224 0 0 0 0 -180 0 -1 0 0 0 32002 32002 0 0 0 0 0 198
WIT 10 -181 -180 -181 -200 -417 0 0 1 0 -180 0 -1 0 0 0 32002 32002 0 0 0 0 0 852
WIT 8 -181 -180 -163 -170 -143 1187 0 0 0 32002 0 -1 0 0 0 32002 32002 0 0 0 0 0 0
WIT 7 -181 -180 -170 -176 -162 1176 0 0 0 32002 0 -1 0 0 0 32002 32002 0 0 0 0 0 0
WIT 7 -181 -180 -138 -144 -144 1176 0 0 0 32002 0 -1 0 0 0 32002 32002 0 0 0 0 0 0
WIT 7 -181 -180 -180 -186 -170 1187 0 0 0 32002 0 -1 0 0 0 32002 32002 0 0 0 0 0 0
WIT 7 -181 -180 -122 -128 -124 1187 0 0 0 32002 0 -1 0 0 0 32002 32002 0 0 0 0 0 0
WIT 7 -181 -180 -119 -125 -117 1187 0 0 0 32002 0 -1 0 0 0 32002 32002 0 0 0 0 0 0
WIT 7 -181 -180 -101 -107 -107 1187 0 0 0 32002 0 -1 0 0 0 32002 32002 0 0 0 0 0 0
WIT 7 -181 -180 -163 -169 -144 1187 0 0 0 32002 0 -1 0 0 0 32002 32002 0 0 0 0 0 0
WIT 7 -181 -180 -131 -137 -136 1187 0 0 0 32002 0 -1 0 0 0 32002 32002 0 0 0 0 0 0
WIT 7 -181 -180 -145 -151 -136 1187 0 0 0 32002 0 -1 0 0 0 32002 32002 0 0 0 0 0 0
WIT 7 -181 -180 -174 -180 -178 1187 0 0 0 32002 0 -1 0 0 0 32002 32002 0 0 0 0 0 0
WIT 7 -181 -180 -139 -145 -220 0 0 0 0 -126 0 -1 0 0 0 32002 32002 0 0 0 0 0 198
WIT 8 -181 -180 -107 -114 -93 438 1 0 0 32002 0 -1 0 0 0 32002 32002 0 0 0 0 0 0
WIT 7 -181 -180 -181 -187 -188 0 0 0 0 -187 0 -1 0 0 0 32002 32002 0 0 0 0 0 1176
WIT 7 -181 -180 -188 -194 -148 0 0 0 0 32002 0 -1 0 0 0 32002 32002 0 0 0 0 0 0
WIT 7 -188 -180 -188 -194 -213 0 0 0 0 -180 0 -1 0 0 0 32002 32002 0 0 0 0 0 267
WIT 10 -181 -180 -96 -115 -146 0 0 1 0 -180 0 -1 0 0 0 32002 32002 0 0 0 0 0 267
WIT 7 -181 -180 -165 -171 -168 203 0 0 0 32002 0 -1 0 0 0 32002 32002 0 0 0 0 0 0
WIT 10 -181 -180 -169 -188 -293 0 0 0 0 -180 0 -1 0 0 0 32002 32002 0 0 0 0 0 852
WIT 7 -181 -180 -129 -135 -216 0 0 0 0 -95 0 -1 0 0 0 32002 32002 0 0 0 0 0 852
WIT 8 -181 -180 -117 -124 -123 1373 0 0 0 32002 0 -1 0 0 0 32002 32002 0 0 0 0 0 0
WIT 9 -181 -180 -178 -195 -169 203 0 0 0 32002 0 -1 0 0 0 32002 32002 0 0 0 0 0 0
WIT 8 -181 -180 -140 -147 -124 203 0 0 0 32002 0 -1 0 0 0 32002 32002 0 0 0 0 0 0
WIT 8 -181 -180 -155 -162 -160 267 0 0 0 32002 0 -1 0 0 0 32002 32002 0 0 0 0 0 0
WIT 8 -181 -180 -175 -182 -167 1373 0 0 0 32002 0 -1 0 0 0 32002 32002 0 0 0 0 0 0
WIT 8 -181 -180 -148 -155 -143 1503 0 0 0 32002 0 -1 0 0 0 32002 32002 0 0 0 0 0 0
WIT 8 -181 -180 -179 -186 -155 1373 0 0 0 32002 0 -1 0 0 0 32002 32002 0 0 0 0 0 0
WIT 8 -181 -180 -90 -97 -76 203 0 0 0 32002 0 -1 0 0 0 32002 32002 0 0 0 0 0 0
WIT 8 -181 -180 -168 -175 -139 203 0 0 0 32002 0 -1 0 0 0 32002 32002 0 0 0 0 0 0
WIT 8 -181 -180 -170 -177 -176 1503 0 0 0 32002 0 -1 0 0 0 32002 32002 0 0 0 0 0 0
WIT 8 -181 -180 -168 -175 -139 203 0 0 0 32002 0 -1 0 0 0 32002 32002 0 0 0 0 0 0
WIT 8 -181 -180 -145 -152 -152 1373 0 0 0 32002 0 -1 0 0 0 32002 32002 0 0 0 0 0 0
WIT 9 -181 -180 -100 -108 -108 807 1 0 0 32002 0 -1 0 0 0 32002 32002 0 0 0 0 0 0
WIT 9 -181 -180 -183 -191 -192 0 0 0 0 -115 0 -1 0 0 0 32002 32002 0 0 0 0 0 852
WIT 8 -181 -180 -183 -198 -221 0 0 0 0 -180 0 -1 0 0 0 32002 32002 0 0 0 0 0 1373
WIT 9 -181 -180 -46 -54 -107 0 0 0 0 -114 0 -1 0 0 0 32002 32002 0 0 0 0 0 852
WIT 8 -181 -180 -128 -143 -204 0 0 0 0 -142 0 -1 0 0 0 32002 32002 0 0 0 0 0 203
WIT 8 -181 -180 -133 -140 -64 0 0 0 0 32002 0 -1 0 0 0 32002 32002 0 0 0 0 0 0
WIT 8 -171 -170 -175 -190 -194 0 0 0 0 -170 0 -1 0 0 0 32002 32002 0 0 0 0 0 1570
WIT 7 -171 -170 -111 -117 -118 0 0 0 0 -160 0 -1 0 0 0 32002 32002 0 0 0 0 0 1570
WIT 6 -171 -170 -175 -180 -171 706 0 1 0 -31 0 -1 0 0 0 32002 32002 0 0 0 0 0 658
WIT 7 -180 -170 -175 -181 -188 0 0 0 0 -170 0 -1 0 0 0 32002 32002 0 0 0 0 0 1176
WIT 10 -171 -170 -180 -199 -420 0 0 1 0 -170 0 -1 0 0 0 32002 32002 0 0 0 0 0 852
WIT 12 -171 -170 -180 -203 -473 0 0 1 0 -170 0 -1 0 0 0 32002 32002 0 0 0 0 0 852
WIT 6 -171 -170 -110 -115 -172 0 0 0 0 -190 0 -1 0 0 0 32002 32002 0 0 0 0 0 0
WIT 9 -171 -170 -180 -197 -218 0 0 0 0 -171 0 -1 0 0 0 32002 32002 0 0 0 0 0 1176
WIT 7 -171 -170 -175 -181 -153 0 0 0 0 32002 0 -1 0 0 0 32002 32002 0 0 0 0 0 0
WIT 8 -171 -170 -178 -193 -193 198 0 0 1 -170 0 -1 0 0 0 32002 32002 0 0 0 0 0 1176
WIT 8 -171 -170 -132 -147 -147 1176 0 0 0 32002 0 -1 0 0 0 32002 32002 0 0 0 0 0 0
WIT 7 -171 -170 -163 -169 -148 1187 0 0 0 32002 0 -1 0 0 0 32002 32002 0 0 0 0 0 0
WIT 6 -171 -170 -180 -185 -157 1176 0 0 0 32002 0 -1 0 0 0 32002 32002 0 0 0 0 0 0
WIT 6 -171 -170 -138 -143 -129 1176 0 0 0 32002 0 -1 0 0 0 32002 32002 0 0 0 0 0 0
WIT 6 -171 -170 -122 -127 -85 1187 0 0 0 32002 0 -1 0 0 0 32002 32002 0 0 0 0 0 0
WIT 6 -171 -170 -119 -124 -124 1176 0 0 0 32002 0 -1 0 0 0 32002 32002 0 0 0 0 0 0
WIT 6 -171 -170 -133 -138 -137 1176 0 0 0 32002 0 -1 0 0 0 32002 32002 0 0 0 0 0 0
WIT 6 -171 -170 -153 -158 -129 1176 0 0 0 32002 0 -1 0 0 0 32002 32002 0 0 0 0 0 0
WIT 6 -171 -170 -163 -168 -99 1187 0 0 0 32002 0 -1 0 0 0 32002 32002 0 0 0 0 0 0
WIT 6 -171 -170 -131 -136 -136 1176 0 0 0 32002 0 -1 0 0 0 32002 32002 0 0 0 0 0 0
WIT 6 -171 -170 -145 -150 -138 1187 0 0 0 32002 0 -1 0 0 0 32002 32002 0 0 0 0 0 0
WIT 6 -171 -170 -174 -179 -179 1176 0 0 1 -161 0 -1 0 0 0 32002 32002 0 0 0 0 0 198
WIT 7 -180 -170 -180 -186 -211 0 0 0 0 -170 0 -1 0 0 0 32002 32002 0 0 0 0 0 267
WIT 10 -171 -170 -164 -173 -168 1373 0 0 0 32002 0 -1 0 0 0 32002 32002 0 0 0 0 0 0
WIT 10 -171 -170 -180 -199 -201 0 0 1 0 -170 0 -1 0 0 0 32002 32002 0 0 0 0 0 267
WIT 8 -171 -170 -165 -172 -169 203 0 0 0 32002 0 -1 0 0 0 32002 32002 0 0 0 0 0 0
WIT 9 -171 -170 -180 -197 -435 0 0 0 0 -170 0 -1 0 0 0 32002 32002 0 0 0 0 0 852
WIT 8 -171 -170 -117 -124 -123 1373 0 0 0 32002 0 -1 0 0 0 32002 32002 0 0 0 0 0 0
WIT 9 -171 -170 -178 -195 -169 203 0 0 0 32002 0 -1 0 0 0 32002 32002 0 0 0 0 0 0
WIT 8 -171 -170 -140 -147 -124 203 0 0 0 32002 0 -1 0 0 0 32002 32002 0 0 0 0 0 0
WIT 8 -171 -170 -97 -104 -86 1373 0 0 0 32002 0 -1 0 0 0 32002 32002 0 0 0 0 0 0
WIT 8 -171 -170 -155 -162 -148 1373 0 0 0 32002 0 -1 0 0 0 32002 32002 0 0 0 0 0 0
WIT 8 -171 -170 -131 -138 -109 1373 0 0 0 32002 0 -1 0 0 0 32002 32002 0 0 0 0 0 0
WIT 8 -171 -170 -155 -162 -161 1373 0 0 0 32002 0 -1 0 0 0 32002 32002 0 0 0 0 0 0
WIT 9 -171 -170 -100 -108 -108 807 1 0 0 32002 0 -1 0 0 0 32002 32002 0 0 0 0 0 0
WIT 10 -171 -170 -120 -139 -166 0 0 0 0 -172 0 -1 0 0 0 32002 32002 0 0 0 0 0 0
WIT 6 -171 -170 -180 -185 -150 0 0 0 0 32002 0 -1 0 0 0 32002 32002 0 0 0 0 0 0
WIT 7 -171 -170 -146 -152 -221 0 0 0 0 -150 0 -1 0 0 0 32002 32002 0 0 0 0 0 1373
WIT 8 -171 -170 -180 -195 -210 0 0 0 0 -171 0 -1 0 0 0 32002 32002 0 0 0 0 0 1314
WIT 7 -171 -170 -194 -200 -163 203 0 0 0 32002 0 -1 0 0 0 32002 32002 0 0 0 0 0 0
WIT 7 -171 -170 -161 -167 -119 203 0 0 0 32002 0 -1 0 0 0 32002 32002 0 0 0 0 0 0
WIT 8 -171 -170 -168 -175 -139 203 0 0 0 32002 0 -1 0 0 0 32002 32002 0 0 0 0 0 0
WIT 7 -171 -170 -168 -174 -138 203 0 0 0 32002 0 -1 0 0 0 32002 32002 0 0 0 0 0 0
WIT 8 -171 -170 -148 -155 -114 1503 0 0 0 32002 0 -1 0 0 0 32002 32002 0 0 0 0 0 0
WIT 8 -171 -170 -90 -97 -76 203 0 0 0 32002 0 -1 0 0 0 32002 32002 0 0 0 0 0 0
WIT 8 -171 -170 -133 -140 -58 0 0 0 0 32002 0 -1 0 0 0 32002 32002 0 0 0 0 0 0
WIT 8 -171 -170 -170 -177 -176 1503 0 0 1 -170 0 -1 0 0 0 32002 32002 0 0 0 0 0 203
WIT 8 -171 -170 -175 -182 -167 1373 0 0 0 32002 0 -1 0 0 0 32002 32002 0 0 0 0 0 0
WIT 8 -171 -170 -178 -185 -152 1373 0 0 0 32002 0 -1 0 0 0 32002 32002 0 0 0 0 0 0
WIT 7 -158 -157 -170 -183 -186 0 0 0 0 -156 0 -1 0 0 0 32002 32002 0 0 0 0 0 1570
WIT 9 -158 -157 -170 -187 -404 0 0 1 0 -157 0 -1 0 0 0 32002 32002 0 0 0 0 0 852
WIT 8 -158 -157 -161 -176 -173 198 0 0 1 -154 0 -1 0 0 0 32002 32002 0 0 0 0 0 1176
WIT 9 -158 -157 -155 -163 -186 0 0 0 0 -160 0 -1 0 0 0 32002 32002 0 0 0 0 0 0
WIT 8 -158 -157 -156 -171 -184 0 0 0 0 -158 0 -1 0 0 0 32002 32002 0 0 0 0 0 0
WIT 8 -158 -157 -156 -171 -182 0 0 0 0 -158 0 -1 0 0 0 32002 32002 0 0 0 0 0 0
WIT 7 -158 -157 -170 -183 -185 0 0 0 0 -158 0 -1 0 0 0 32002 32002 0 0 0 0 0 0
WIT 7 169 170 232 226 185 0 0 0 0 253 0 -1 0 0 0 32002 32002 0 0 0 0 0 2333
WIT 6 169 170 200 195 209 2715 0 0 0 32002 0 -1 0 0 0 32002 32002 0 0 0 0 0 0
WIT 7 -170 -157 -170 -176 -190 0 0 0 0 -170 0 -1 0 0 0 32002 32002 0 0 0 0 0 0
WIT 6 -178 -177 -180 -185 -157 1176 0 0 0 32002 0 -1 0 0 0 32002 32002 0 0 0 0 0 0
WIT 8 -178 -177 -178 -193 -170 203 0 0 0 32002 0 -1 0 0 0 32002 32002 0 0 0 0 0 0
WIT 7 -178 -177 -144 -150 -137 267 0 0 0 32002 0 -1 0 0 0 32002 32002 0 0 0 0 0 0
WIT 7 -178 -177 -148 -154 -141 1503 0 0 0 32002 0 -1 0 0 0 32002 32002 0 0 0 0 0 0
WIT 7 -178 -177 -149 -155 -155 1503 0 0 0 32002 0 -1 0 0 0 32002 32002 0 0 0 0 0 0
WIT 7 -178 -177 -131 -137 -94 1503 0 0 0 32002 0 -1 0 0 0 32002 32002 0 0 0 0 0 0
WIT 6 -178 -177 -155 -160 -143 1503 0 0 0 32002 0 -1 0 0 0 32002 32002 0 0 0 0 0 0
WIT 6 -178 -177 -155 -160 -110 1503 0 0 0 32002 0 -1 0 0 0 32002 32002 0 0 0 0 0 0
WIT 6 -178 -177 -170 -175 -75 1503 0 0 0 32002 0 -1 0 0 0 32002 32002 0 0 0 0 0 0
WIT 6 -178 -177 -175 -180 -176 267 0 0 0 32002 0 -1 0 0 0 32002 32002 0 0 0 0 0 0
WIT 6 -178 -177 -178 -183 -71 1373 0 0 0 32002 0 -1 0 0 0 32002 32002 0 0 0 0 0 0
WIT 6 -178 -177 -175 -180 -164 1503 0 0 0 32002 0 -1 0 0 0 32002 32002 0 0 0 0 0 0
WIT 6 -178 -177 -145 -150 -132 267 0 0 0 32002 0 -1 0 0 0 32002 32002 0 0 0 0 0 0
WIT 6 -178 -177 -127 -132 -112 1503 0 0 0 32002 0 -1 0 0 0 32002 32002 0 0 0 0 0 0
WIT 6 -178 -177 -175 -180 -81 1373 0 0 0 32002 0 -1 0 0 0 32002 32002 0 0 0 0 0 0
WIT 6 -178 -177 -170 -175 -159 203 0 0 0 32002 0 -1 0 0 0 32002 32002 0 0 0 0 0 0
WIT 6 -178 -177 -115 -120 -120 1503 0 0 0 32002 0 -1 0 0 0 32002 32002 0 0 0 0 0 0
WIT 6 -178 -177 -133 -138 -56 0 0 0 0 32002 0 -1 0 0 0 32002 32002 0 0 0 0 0 0
WIT 6 -178 -177 -90 -95 -77 203 0 0 0 32002 0 -1 0 0 0 32002 32002 0 0 0 0 0 0
WIT 7 -178 -177 -168 -174 -139 203 0 0 0 32002 0 -1 0 0 0 32002 32002 0 0 0 0 0 0
WIT 7 -178 -177 -168 -174 -138 203 0 0 0 32002 0 -1 0 0 0 32002 32002 0 0 0 0 0 0
WIT 7 -178 -177 -140 -146 -124 203 0 0 0 32002 0 -1 0 0 0 32002 32002 0 0 0 0 0 0
WIT 8 -169 -168 -177 -184 -118 204 1 0 0 32002 0 -1 0 0 0 32002 32002 0 0 0 0 0 0
WIT 10 -169 -168 -157 -176 -403 0 0 1 0 -168 0 -1 0 0 0 32002 32002 0 0 0 0 0 852
WIT 7 -169 -168 -128 -134 -29 209 0 0 0 32002 0 -1 0 0 0 32002 32002 0 0 0 0 0 0
WIT 6 -169 -168 -147 -152 -156 0 0 0 0 -152 0 -1 0 0 0 32002 32002 0 0 0 0 0 216
WIT 10 -169 -168 -168 -187 -188 0 0 0 0 -168 0 -1 0 0 0 32002 32002 0 0 0 0 0 1570
WIT 9 -169 -168 -163 -171 -160 1176 0 0 0 32002 0 -1 0 0 0 32002 32002 0 0 0 0 0 0
WIT 7 -169 -168 -163 -169 -142 1187 0 0 0 32002 0 -1 0 0 0 32002 32002 0 0 0 0 0 0
WIT 7 -169 -168 -119 -125 -84 1187 0 0 0 32002 0 -1 0 0 0 32002 32002 0 0 0 0 0 0
WIT 8 -169 -168 -168 -175 -156 1176 0 0 0 32002 0 -1 0 0 0 32002 32002 0 0 0 0 0 0
WIT 7 -169 -168 -163 -169 -148 1187 0 0 0 32002 0 -1 0 0 0 32002 32002 0 0 0 0 0 0
WIT 7 -169 -168 -145 -151 -137 1187 0 0 0 32002 0 -1 0 0 0 32002 32002 0 0 0 0 0 0
WIT 7 -169 -168 -129 -135 -81 1176 0 0 0 32002 0 -1 0 0 0 32002 32002 0 0 0 0 0 0
WIT 7 -169 -168 -162 -168 -168 1176 0 0 0 32002 0 -1 0 0 0 32002 32002 0 0 0 0 0 0
WIT 7 -169 -168 -136 -142 -89 1176 0 0 0 32002 0 -1 0 0 0 32002 32002 0 0 0 0 0 0
WIT 7 -169 -168 -101 -107 -107 1187 0 0 0 32002 0 -1 0 0 0 32002 32002 0 0 0 0 0 0
WIT 7 -169 -168 -122 -128 -80 1187 0 0 0 32002 0 -1 0 0 0 32002 32002 0 0 0 0 0 0
WIT 7 -169 -168 -131 -137 -136 1187 0 0 0 32002 0 -1 0 0 0 32002 32002 0 0 0 0 0 0
WIT 9 168 169 190 182 119 0 0 0 0 200 0 -1 0 0 0 32002 32002 0 0 0 0 0 2029
WIT 8 -169 -168 -158 -173 -171 209 0 0 1 -157 0 -1 0 0 0 32002 32002 0 0 0 0 0 216
WIT 9 -169 -168 -118 -126 -132 0 0 0 0 -175 0 -1 0 0 0 32002 32002 0 0 0 0 0 658
WIT 9 -169 -168 -125 -142 -158 0 0 0 0 -167 0 -1 0 0 0 32002 32002 0 0 0 0 0 1570
WIT 8 -169 -168 -154 -169 -170 0 0 0 0 -263 0 -1 0 0 0 32002 32002 0 0 0 0 0 0
WIT 7 168 184 263 257 167 0 0 0 0 284 0 -1 0 0 0 32002 32002 0 0 0 0 0 2196
WIT 7 -184 -183 -2 -8 -99 0 0 1 0 -153 0 -1 0 0 0 32002 32002 0 0 0 0 0 852
WIT 9 -184 -183 -52 -60 -146 0 0 1 0 -177 0 -1 0 0 0 32002 32002 0 0 0 0 0 852
WIT 11 183 184 171 161 78 0 0 0 0 167 0 -1 0 0 0 32002 32002 0 0 0 0 0 0
WIT 7 -184 -183 -159 -165 -166 0 0 0 0 -165 0 -1 0 0 0 32002 32002 0 0 0 0 0 5
WIT 6 -184 -183 -166 -171 -171 5 0 0 0 32002 0 -1 0 0 0 32002 32002 0 0 0 0 0 0
WIT 6 -184 -183 -175 -180 -149 0 0 0 0 32002 0 -1 0 0 0 32002 32002 0 0 0 0 0 0
WIT 10 183 184 171 152 150 0 0 0 0 177 0 -1 0 0 0 32002 32002 0 0 0 0 0 0
WIT 7 -169 -168 -177 -190 -230 0 0 1 0 52 0 -1 0 0 0 32002 32002 0 0 0 0 0 852
WIT 9 -169 -168 -170 -187 -464 0 0 1 0 -168 0 -1 0 0 0 32002 32002 0 0 0 0 0 852
WIT 7 -169 -168 -181 -187 -176 0 0 0 0 -232 0 -1 0 0 0 32002 32002 0 0 0 0 0 1318
WIT 9 -169 -168 -167 -184 -133 1318 0 0 0 32002 0 -1 0 0 0 32002 32002 0 0 0 0 0 0
WIT 7 -169 -168 -175 -181 -150 0 0 0 0 32002 0 -1 0 0 0 32002 32002 0 0 0 0 0 0
WIT 7 -169 -168 -166 -172 -146 5 0 0 0 32002 0 -1 0 0 0 32002 32002 0 0 0 0 0 0
WIT 7 -169 -168 -180 -186 -167 1187 0 0 0 32002 0 -1 0 0 0 32002 32002 0 0 0 0 0 0
WIT 7 -169 -168 -188 -194 -144 0 0 0 0 32002 0 -1 0 0 0 32002 32002 0 0 0 0 0 0
WIT 12 -169 -168 -170 -193 -206 0 0 1 0 -168 0 -1 0 0 0 32002 32002 0 0 0 0 0 267
WIT 10 -169 -168 -165 -174 -170 203 0 0 1 -60 0 -1 0 0 0 32002 32002 0 0 0 0 0 267
WIT 11 -169 -168 -104 -114 -202 0 0 0 0 -116 0 -1 0 0 0 32002 32002 0 0 0 0 0 852
WIT 7 -169 -168 -163 -169 -155 49408 0 0 0 32002 0 -1 0 0 0 32002 32002 0 0 0 0 0 0
WIT 8 -169 -168 -112 -119 -113 261 0 1 0 32002 0 -1 0 0 0 32002 32002 0 0 0 0 0 0
WIT 8 -169 -168 -90 -97 -108 0 0 0 0 -113 0 -1 0 0 0 32002 32002 0 0 0 0 0 852
WIT 6 -169 -168 -69 -74 62 722 1 0 0 32002 0 -1 0 0 0 32002 32002 0 0 0 0 0 0
WIT 8 -169 -168 -170 -177 -132 1878 0 0 0 32002 0 -1 0 0 0 32002 32002 0 0 0 0 0 0
WIT 8 -169 -168 -159 -166 -151 1892 1 0 0 32002 0 -1 0 0 0 32002 32002 0 0 0 0 0 0
WIT 10 -169 -168 -170 -179 -176 267 0 0 1 -127 0 -1 0 0 0 32002 32002 0 0 0 0 0 203
WIT 10 -169 -168 -152 -171 -188 0 0 0 0 -174 0 -1 0 0 0 32002 32002 0 0 0 0 0 0
WIT 10 -169 -168 -153 -172 -173 0 0 0 0 -173 0 -1 0 0 0 32002 32002 0 0 0 0 0 0
WIT 8 168 184 175 168 80 0 0 1 0 168 0 -1 0 0 0 32002 32002 0 0 0 0 0 0
WIT 7 168 169 35 29 -10 0 0 1 0 149 0 -1 0 0 0 32002 32002 0 0 0 0 0 0
WIT 9 168 184 174 166 141 0 0 0 0 168 0 -1 0 0 0 32002 32002 0 0 0 0 0 0
WIT 9 168 184 173 165 -39 0 0 0 0 168 0 -1 0 0 0 32002 32002 0 0 0 0 0 0
WIT 11 -169 -168 -120 -141 -173 0 0 0 0 -116 0 -1 0 0 0 32002 32002 0 0 0 0 0 852
WIT 10 -169 -168 -145 -164 -202 0 0 0 0 -156 0 -1 0 0 0 32002 32002 0 0 0 0 0 203
WIT 6 167 168 178 173 144 0 0 0 0 179 0 -1 0 0 0 32002 32002 0 0 0 0 0 53048
WIT 8 -168 -160 -158 -165 -166 0 0 0 0 -168 0 -1 0 0 0 32002 32002 0 0 0 0 0 0
WIT 7 167 168 233 227 369 53048 0 0 0 32002 0 -1 0 0 0 32002 32002 0 0 0 0 0 0
WIT 6 167 168 197 192 237 53048 0 0 0 32002 0 -1 0 0 0 32002 32002 0 0 0 0 0 0
WIT 6 167 168 170 165 218 53048 0 0 0 32002 0 -1 0 0 0 32002 32002 0 0 0 0 0 0
WIT 10 167 168 197 188 164 0 0 0 0 168 0 -1 0 0 0 32002 32002 0 0 0 0 0 2029
WIT 9 167 168 185 177 157 0 0 0 0 168 0 -1 0 0 0 32002 32002 0 0 0 0 0 4020
WIT 8 -168 -160 -158 -165 -185 0 0 0 0 -168 0 -1 0 0 0 32002 32002 0 0 0 0 0 0
WIT 8 167 168 187 180 141 0 0 0 0 168 0 -1 0 0 0 32002 32002 0 0 0 0 0 2786
WIT 7 167 168 182 176 162 0 0 0 0 168 0 -1 0 0 0 32002 32002 0 0 0 0 0 4020
WIT 9 -168 -160 -168 -176 -182 0 0 0 0 -168 0 -1 0 0 0 32002 32002 0 0 0 0 0 0
WIT 10 167 168 168 159 145 0 0 0 0 168 0 -1 0 0 0 32002 32002 0 0 0 0 0 2786
WIT 11 167 168 258 237 210 0 0 0 0 247 0 -1 0 0 0 32002 32002 0 0 0 0 0 2333
WIT 10 167 168 341 332 267 0 0 0 0 343 0 -1 0 0 0 32002 32002 0 0 0 0 0 2196
WIT 7 167 168 218 212 234 4020 0 0 0 32002 0 -1 0 0 0 32002 32002 0 0 0 0 0 0
WIT 6 167 168 219 214 242 3242 0 0 0 32002 0 -1 0 0 0 32002 32002 0 0 0 0 0 0
WIT 6 167 168 223 218 235 4020 0 0 0 32002 0 -1 0 0 0 32002 32002 0 0 0 0 0 0
WIT 7 167 168 191 185 190 4020 0 0 0 32002 0 -1 0 0 0 32002 32002 0 0 0 0 0 0
WIT 6 167 168 217 212 187 0 0 0 0 190 0 -1 0 0 0 32002 32002 0 0 0 0 0 4020
WIT 6 167 168 203 198 222 4020 0 0 0 32002 0 -1 0 0 0 32002 32002 0 0 0 0 0 0
WIT 6 167 168 219 214 277 3242 0 0 0 32002 0 -1 0 0 0 32002 32002 0 0 0 0 0 0
WIT 6 167 168 223 218 284 3242 0 0 0 32002 0 -1 0 0 0 32002 32002 0 0 0 0 0 0
WIT 11 167 168 187 177 156 0 0 0 0 168 0 -1 0 0 0 32002 32002 0 0 0 0 0 1772
WIT 11 167 168 232 222 207 0 0 0 0 225 0 -1 0 0 0 32002 32002 0 0 0 0 0 2786
WIT 9 167 168 210 202 191 0 0 0 0 168 0 -1 0 0 0 32002 32002 0 0 0 0 0 3242
WIT 7 167 168 188 182 202 3242 0 0 0 32002 0 -1 0 0 0 32002 32002 0 0 0 0 0 0
WIT 10 167 168 182 173 164 0 0 0 0 168 0 -1 0 0 0 32002 32002 0 0 0 0 0 1772
WIT 7 167 168 222 216 221 2850 1 0 0 32002 0 -1 0 0 0 32002 32002 0 0 0 0 0 0
WIT 10 -168 -160 -168 -177 -182 0 0 0 0 -168 0 -1 0 0 0 32002 32002 0 0 0 0 0 0
WIT 11 167 168 194 173 190 2043 0 0 0 32002 0 -1 0 0 0 32002 32002 0 0 0 0 0 0
WIT 12 167 168 252 241 311 0 0 0 0 32002 0 -1 0 0 0 32002 32002 0 0 0 0 0 0
WIT 8 167 168 196 189 209 0 0 0 0 32002 0 -1 0 0 0 32002 32002 0 0 0 0 0 0
WIT 11 -168 -160 -168 -178 -191 0 0 0 0 -168 0 -1 0 0 0 32002 32002 0 0 0 0 0 0
WIT 7 160 178 180 174 174 53055 0 0 1 189 0 -1 0 0 0 32002 32002 0 0 0 0 0 53048
WIT 6 177 178 348 343 298 0 0 0 0 192 0 -1 0 0 0 32002 32002 0 0 0 0 0 3502
WIT 8 177 178 168 161 182 53048 0 0 0 32002 0 -1 0 0 0 32002 32002 0 0 0 0 0 0
WIT 7 177 178 282 276 275 0 0 0 0 208 0 -1 0 0 0 32002 32002 0 0 0 0 0 2201
WIT 7 177 178 177 164 164 53055 0 0 1 179 0 -1 0 0 0 32002 32002 0 0 0 0 0 53048
WIT 7 177 178 168 162 220 53055 0 0 0 32002 0 -1 0 0 0 32002 32002 0 0 0 0 0 0
WIT 7 160 178 168 162 157 0 0 1 0 178 0 -1 0 0 0 32002 32002 0 0 0 0 0 3370
WIT 10 177 178 204 195 218 53048 0 0 0 32002 0 -1 0 0 0 32002 32002 0 0 0 0 0 0
WIT 6 177 178 168 163 171 2029 0 0 1 178 0 -1 0 0 0 32002 32002 0 0 0 0 0 3961
WIT 10 177 178 168 149 173 53048 0 0 1 178 0 -1 0 0 0 32002 32002 0 0 0 0 0 53055
WIT 7 177 178 186 180 209 53048 0 0 0 32002 0 -1 0 0 0 32002 32002 0 0 0 0 0 0
WIT 7 177 178 233 227 325 53055 0 0 0 32002 0 -1 0 0 0 32002 32002 0 0 0 0 0 0
WIT 7 177 178 197 191 632 53055 0 0 0 32002 0 -1 0 0 0 32002 32002 0 0 0 0 0 0
WIT 6 177 178 168 163 229 53055 0 0 0 32002 0 -1 0 0 0 32002 32002 0 0 0 0 0 0
WIT 7 160 178 168 162 154 0 0 0 0 178 0 -1 0 0 0 32002 32002 0 0 0 0 0 4020
WIT 12 177 178 179 168 179 3374 0 0 0 32002 0 -1 0 0 0 32002 32002 0 0 0 0 0 0
WIT 11 177 178 168 158 145 0 0 0 0 178 0 -1 0 0 0 32002 32002 0 0 0 0 0 2029
WIT 10 177 178 168 149 140 0 0 0 0 178 0 -1 0 0 0 32002 32002 0 0 0 0 0 4020
WIT 8 177 178 229 222 222 2029 0 0 0 32002 0 -1 0 0 0 32002 32002 0 0 0 0 0 0
WIT 8 177 178 254 247 247 2029 0 0 0 32002 0 -1 0 0 0 32002 32002 0 0 0 0 0 0
WIT 8 177 178 168 161 161 2029 0 0 1 263 0 -1 0 0 0 32002 32002 0 0 0 0 0 4020
WIT 8 177 178 192 185 194 2029 0 0 0 32002 0 -1 0 0 0 32002 32002 0 0 0 0 0 0
WIT 8 177 178 210 203 203 2029 0 0 0 32002 0 -1 0 0 0 32002 32002 0 0 0 0 0 0
WIT 8 177 178 224 217 217 2029 0 0 0 32002 0 -1 0 0 0 32002 32002 0 0 0 0 0 0
WIT 8 177 178 168 161 161 2029 0 0 1 178 0 -1 0 0 0 32002 32002 0 0 0 0 0 4020
WIT 8 177 178 212 205 220 53048 0 0 0 32002 0 -1 0 0 0 32002 32002 0 0 0 0 0 0
WIT 8 177 178 209 202 202 2029 0 0 0 32002 0 -1 0 0 0 32002 32002 0 0 0 0 0 0
WIT 8 177 178 223 216 216 2029 0 0 0 32002 0 -1 0 0 0 32002 32002 0 0 0 0 0 0
WIT 8 160 178 168 161 71 0 0 0 0 178 0 -1 0 0 0 32002 32002 0 0 0 0 0 2786
WIT 10 177 178 409 400 404 2196 1 0 0 32002 0 -1 0 0 0 32002 32002 0 0 0 0 0 0
WIT 8 177 178 219 212 242 0 0 0 0 32002 0 -1 0 0 0 32002 32002 0 0 0 0 0 0
WIT 9 177 178 168 151 65 0 0 0 0 178 0 -1 0 0 0 32002 32002 0 0 0 0 0 2786
WIT 9 177 178 184 176 176 2196 1 0 0 196 0 -1 0 0 0 32002 32002 0 0 0 0 0 2006
WIT 7 177 178 168 162 229 0 0 0 0 32002 0 -1 0 0 0 32002 32002 0 0 0 0 0 0
WIT 8 177 178 168 153 148 0 0 0 0 178 0 -1 0 0 0 32002 32002 0 0 0 0 0 4020
WIT 8 177 178 321 314 472 2203 1 0 0 32002 0 -1 0 0 0 32002 32002 0 0 0 0 0 0
WIT 7 177 178 182 176 172 0 0 0 0 213 0 -1 0 0 0 32002 32002 0 0 0 0 0 4020
WIT 7 177 178 218 212 148 0 0 0 0 178 0 -1 0 0 0 32002 32002 0 0 0 0 0 2786
WIT 6 177 178 185 180 170 0 0 0 0 178 0 -1 0 0 0 32002 32002 0 0 0 0 0 4020
WIT 6 177 178 179 174 223 0 0 0 0 32002 0 -1 0 0 0 32002 32002 0 0 0 0 0 0
WIT 6 177 178 186 181 218 0 0 0 0 32002 0 -1 0 0 0 32002 32002 0 0 0 0 0 0
WIT 6 177 178 229 224 261 0 0 0 0 32002 0 -1 0 0 0 32002 32002 0 0 0 0 0 0
WIT 8 160 178 168 161 152 0 0 0 0 178 0 -1 0 0 0 32002 32002 0 0 0 0 0 1772
WIT 11 177 178 204 194 201 53048 0 0 0 32002 0 -1 0 0 0 32002 32002 0 0 0 0 0 0
WIT 7 177 178 181 175 244 3374 0 0 0 32002 0 -1 0 0 0 32002 32002 0 0 0 0 0 0
WIT 12 177 178 178 155 150 0 0 0 0 178 0 -1 0 0 0 32002 32002 0 0 0 0 0 2786
WIT 11 177 178 194 184 531 2196 1 0 0 32002 0 -1 0 0 0 32002 32002 0 0 0 0 0 0
WIT 7 177 178 168 162 258 0 0 0 0 32002 0 -1 0 0 0 32002 32002 0 0 0 0 0 0
WIT 11 177 178 178 157 156 0 0 0 0 178 0 -1 0 0 0 32002 32002 0 0 0 0 0 4020
WIT 13 177 178 208 183 219 2029 0 0 0 32002 0 -1 0 0 0 32002 32002 0 0 0 0 0 0
WIT 13 177 178 186 161 147 0 0 0 0 188 0 -1 0 0 0 32002 32002 0 0 0 0 0 2786
WIT 12 177 178 328 305 302 0 0 0 0 194 0 -1 0 0 0 32002 32002 0 0 0 0 0 2196
WIT 11 177 178 168 158 166 3242 0 0 1 216 0 -1 0 0 0 32002 32002 0 0 0 0 0 4020
WIT 9 177 178 188 180 223 3242 0 0 0 32002 0 -1 0 0 0 32002 32002 0 0 0 0 0 0
WIT 8 177 178 223 216 298 3242 0 0 0 32002 0 -1 0 0 0 32002 32002 0 0 0 0 0 0
WIT 8 177 178 187 172 177 3242 0 0 1 190 0 -1 0 0 0 32002 32002 0 0 0 0 0 4020
WIT 7 177 178 219 213 279 3242 0 0 0 32002 0 -1 0 0 0 32002 32002 0 0 0 0 0 0
WIT 7 177 178 218 212 234 4020 0 0 0 32002 0 -1 0 0 0 32002 32002 0 0 0 0 0 0
WIT 7 177 178 223 217 238 4020 0 0 0 32002 0 -1 0 0 0 32002 32002 0 0 0 0 0 0
WIT 8 177 178 191 184 190 4020 0 0 0 32002 0 -1 0 0 0 32002 32002 0 0 0 0 0 0
WIT 7 177 178 203 197 224 4020 0 0 0 32002 0 -1 0 0 0 32002 32002 0 0 0 0 0 0
WIT 6 177 178 219 214 242 3242 0 0 0 32002 0 -1 0 0 0 32002 32002 0 0 0 0 0 0
WIT 7 177 178 202 196 196 3242 0 0 0 32002 0 -1 0 0 0 32002 32002 0 0 0 0 0 0
WIT 6 177 178 197 192 218 3242 0 0 0 32002 0 -1 0 0 0 32002 32002 0 0 0 0 0 0
WIT 6 177 178 212 207 229 3242 0 0 0 32002 0 -1 0 0 0 32002 32002 0 0 0 0 0 0
WIT 7 177 178 208 202 204 3242 0 0 0 32002 0 -1 0 0 0 32002 32002 0 0 0 0 0 0
WIT 7 177 178 183 177 199 3242 0 0 0 32002 0 -1 0 0 0 32002 32002 0 0 0 0 0 0
WIT 7 177 178 194 188 188 3242 0 0 0 32002 0 -1 0 0 0 32002 32002 0 0 0 0 0 0
WIT 7 177 178 196 190 190 3242 0 0 0 32002 0 -1 0 0 0 32002 32002 0 0 0 0 0 0
WIT 7 177 178 179 173 191 3242 0 0 0 32002 0 -1 0 0 0 32002 32002 0 0 0 0 0 0
WIT 10 177 178 168 149 141 0 0 0 0 178 0 -1 0 0 0 32002 32002 0 0 0 0 0 1772
WIT 6 354 355 444 439 562 3899 0 1 0 32002 0 -1 0 0 0 32002 32002 0 0 0 0 0 0
WIT 10 177 178 188 179 223 3242 0 0 0 32002 0 -1 0 0 0 32002 32002 0 0 0 0 0 0
WIT 9 177 178 525 517 137 0 0 1 0 457 0 -1 0 0 0 32002 32002 0 0 0 0 0 2866
WIT 9 177 178 168 160 196 3169 0 0 0 32002 0 -1 0 0 0 32002 32002 0 0 0 0 0 0
WIT 8 177 178 228 221 764 4013 1 1 0 32002 0 -1 0 0 0 32002 32002 0 0 0 0 0 0
WIT 7 177 178 168 155 154 0 0 0 0 178 0 -1 0 0 0 32002 32002 0 0 0 0 0 3242
WIT 6 177 178 200 195 367 3242 0 0 0 32002 0 -1 0 0 0 32002 32002 0 0 0 0 0 0
WIT 9 177 178 168 151 142 0 0 0 0 178 0 -1 0 0 0 32002 32002 0 0 0 0 0 1772
WIT 9 177 178 183 175 227 4020 0 0 0 32002 0 -1 0 0 0 32002 32002 0 0 0 0 0 0
WIT 9 177 178 206 198 250 4020 0 0 0 32002 0 -1 0 0 0 32002 32002 0 0 0 0 0 0
WIT 8 177 178 186 179 206 4020 0 0 0 32002 0 -1 0 0 0 32002 32002 0 0 0 0 0 0
WIT 8 177 178 182 175 211 4020 0 0 0 32002 0 -1 0 0 0 32002 32002 0 0 0 0 0 0
WIT 8 177 178 189 182 207 4020 0 0 0 32002 0 -1 0 0 0 32002 32002 0 0 0 0 0 0
WIT 8 177 178 177 170 231 4020 0 0 0 32002 0 -1 0 0 0 32002 32002 0 0 0 0 0 0
WIT 8 177 178 213 206 227 4020 0 0 0 32002 0 -1 0 0 0 32002 32002 0 0 0 0 0 0
WIT 8 177 178 210 203 267 4020 0 0 0 32002 0 -1 0 0 0 32002 32002 0 0 0 0 0 0
WIT 9 160 178 168 160 159 0 0 0 0 178 0 -1 0 0 0 32002 32002 0 0 0 0 0 2715
WIT 9 177 178 175 167 190 2715 0 0 0 32002 0 -1 0 0 0 32002 32002 0 0 0 0 0 0
WIT 10 177 178 174 155 121 0 0 0 0 190 0 -1 0 0 0 32002 32002 0 0 0 0 0 2196
WIT 10 177 178 418 409 268 0 0 0 0 181 0 -1 0 0 0 32002 32002 0 0 0 0 0 2196
WIT 7 190 191 178 165 169 53048 0 0 1 210 0 -1 0 0 0 32002 32002 0 0 0 0 0 53055
WIT 6 190 191 181 176 171 0 0 0 0 209 0 -1 0 0 0 32002 32002 0 0 0 0 0 3374
WIT 11 190 191 179 169 179 3374 0 0 1 191 0 -1 0 0 0 32002 32002 0 0 0 0 0 53048
WIT 10 190 191 178 159 146 0 0 0 0 191 0 -1 0 0 0 32002 32002 0 0 0 0 0 2029
WIT 10 190 191 178 169 183 3374 0 0 1 243 0 -1 0 0 0 32002 32002 0 0 0 0 0 2029
WIT 9 190 191 178 161 150 0 0 0 0 191 0 -1 0 0 0 32002 32002 0 0 0 0 0 4020
WIT 7 190 191 183 177 261 4020 0 0 0 32002 0 -1 0 0 0 32002 32002 0 0 0 0 0 0
WIT 7 190 191 254 248 248 2029 0 0 0 32002 0 -1 0 0 0 32002 32002 0 0 0 0 0 0
WIT 7 190 191 224 218 218 2029 0 0 0 32002 0 -1 0 0 0 32002 32002 0 0 0 0 0 0
WIT 7 190 191 178 172 172 2029 0 0 1 279 0 -1 0 0 0 32002 32002 0 0 0 0 0 4020
WIT 7 190 191 209 203 203 2029 0 0 0 32002 0 -1 0 0 0 32002 32002 0 0 0 0 0 0
WIT 7 190 191 227 221 221 2029 0 0 0 32002 0 -1 0 0 0 32002 32002 0 0 0 0 0 0
WIT 7 190 191 210 204 204 2029 0 0 0 32002 0 -1 0 0 0 32002 32002 0 0 0 0 0 0
WIT 7 190 191 192 186 195 2029 0 0 0 32002 0 -1 0 0 0 32002 32002 0 0 0 0 0 0
WIT 7 190 191 200 194 211 2029 0 0 0 32002 0 -1 0 0 0 32002 32002 0 0 0 0 0 0
WIT 7 165 191 178 172 79 0 0 0 0 191 0 -1 0 0 0 32002 32002 0 0 0 0 0 2786
WIT 9 190 191 178 161 72 0 0 0 0 191 0 -1 0 0 0 32002 32002 0 0 0 0 0 2786
WIT 8 190 191 168 161 254 0 0 0 0 32002 0 -1 0 0 0 32002 32002 0 0 0 0 0 0
WIT 8 190 191 178 163 150 0 0 0 0 191 0 -1 0 0 0 32002 32002 0 0 0 0 0 4020
WIT 9 190 191 215 207 188 0 0 0 0 191 0 -1 0 0 0 32002 32002 0 0 0 0 0 2786
WIT 8 190 191 209 194 188 0 0 0 0 191 0 -1 0 0 0 32002 32002 0 0 0 0 0 4020
WIT 8 190 191 321 314 472 2203 1 0 0 32002 0 -1 0 0 0 32002 32002 0 0 0 0 0 0
WIT 8 190 191 178 171 123 0 0 0 0 191 0 -1 0 0 0 32002 32002 0 0 0 0 0 2786
WIT 8 190 191 191 184 252 0 0 0 0 32002 0 -1 0 0 0 32002 32002 0 0 0 0 0 0
WIT 7 190 191 178 165 163 0 0 0 0 191 0 -1 0 0 0 32002 32002 0 0 0 0 0 4020
WIT 6 190 191 291 286 306 0 0 0 0 32002 0 -1 0 0 0 32002 32002 0 0 0 0 0 0
WIT 7 190 191 179 173 224 0 0 0 0 32002 0 -1 0 0 0 32002 32002 0 0 0 0 0 0
WIT 6 190 191 186 181 219 0 0 0 0 32002 0 -1 0 0 0 32002 32002 0 0 0 0 0 0
WIT 7 165 191 178 172 168 0 0 0 0 191 0 -1 0 0 0 32002 32002 0 0 0 0 0 1772
WIT 8 190 191 191 184 174 0 0 0 0 191 0 -1 0 0 0 32002 32002 0 0 0 0 0 2854
WIT 13 190 191 191 179 181 3374 0 0 1 191 0 -1 0 0 0 32002 32002 0 0 0 0 0 53048
WIT 10 190 191 204 195 194 0 0 0 0 203 0 -1 0 0 0 32002 32002 0 0 0 0 0 3374
WIT 12 190 191 191 168 159 0 0 0 0 191 0 -1 0 0 0 32002 32002 0 0 0 0 0 2029
WIT 10 190 191 204 195 201 53048 0 0 0 32002 0 -1 0 0 0 32002 32002 0 0 0 0 0 0
WIT 7 190 191 181 175 244 3374 0 0 0 32002 0 -1 0 0 0 32002 32002 0 0 0 0 0 0
WIT 12 190 191 191 168 157 0 0 0 0 191 0 -1 0 0 0 32002 32002 0 0 0 0 0 2786
WIT 10 190 191 194 185 236 0 0 0 0 32002 0 -1 0 0 0 32002 32002 0 0 0 0 0 0
WIT 7 190 191 168 162 251 0 0 0 0 32002 0 -1 0 0 0 32002 32002 0 0 0 0 0 0
WIT 11 190 191 191 170 163 0 0 0 0 191 0 -1 0 0 0 32002 32002 0 0 0 0 0 4020
WIT 6 182 183 225 220 192 0 0 0 0 230 0 -1 0 0 0 32002 32002 0 0 0 0 0 2927
WIT 13 190 191 208 183 218 2029 0 0 0 32002 0 -1 0 0 0 32002 32002 0 0 0 0 0 0
WIT 13 190 191 187 162 147 0 0 0 0 191 0 -1 0 0 0 32002 32002 0 0 0 0 0 2786
WIT 12 190 191 240 217 176 0 0 0 0 191 0 -1 0 0 0 32002 32002 0 0 0 0 0 2333
WIT 11 190 191 212 202 224 3242 0 0 0 32002 0 -1 0 0 0 32002 32002 0 0 0 0 0 0
WIT 9 190 191 188 180 224 3242 0 0 0 32002 0 -1 0 0 0 32002 32002 0 0 0 0 0 0
WIT 7 190 191 223 217 299 3242 0 0 0 32002 0 -1 0 0 0 32002 32002 0 0 0 0 0 0
WIT 8 190 191 188 173 177 3242 0 0 1 253 0 -1 0 0 0 32002 32002 0 0 0 0 0 4020
WIT 7 190 191 218 212 234 4020 0 0 0 32002 0 -1 0 0 0 32002 32002 0 0 0 0 0 0
WIT 7 190 191 223 217 238 4020 0 0 0 32002 0 -1 0 0 0 32002 32002 0 0 0 0 0 0
WIT 8 190 191 191 184 190 4020 0 0 1 192 0 -1 0 0 0 32002 32002 0 0 0 0 0 3242
WIT 6 190 191 220 215 229 3242 0 0 0 32002 0 -1 0 0 0 32002 32002 0 0 0 0 0 0
WIT 6 190 191 219 214 242 3242 0 0 0 32002 0 -1 0 0 0 32002 32002 0 0 0 0 0 0
WIT 7 190 191 203 197 224 4020 0 0 0 32002 0 -1 0 0 0 32002 32002 0 0 0 0 0 0
WIT 7 190 191 202 196 196 3242 0 0 0 32002 0 -1 0 0 0 32002 32002 0 0 0 0 0 0
WIT 7 190 191 183 177 199 3242 0 0 0 32002 0 -1 0 0 0 32002 32002 0 0 0 0 0 0
WIT 6 190 191 212 207 229 3242 0 0 0 32002 0 -1 0 0 0 32002 32002 0 0 0 0 0 0
WIT 7 190 191 208 202 204 3242 0 0 0 32002 0 -1 0 0 0 32002 32002 0 0 0 0 0 0
WIT 7 190 191 197 191 221 3242 0 0 0 32002 0 -1 0 0 0 32002 32002 0 0 0 0 0 0
WIT 7 190 191 196 190 190 3242 0 0 1 202 0 -1 0 0 0 32002 32002 0 0 0 0 0 4020
WIT 7 190 191 194 188 188 3242 0 0 1 218 0 -1 0 0 0 32002 32002 0 0 0 0 0 4020
WIT 7 190 191 179 173 191 3242 0 0 0 32002 0 -1 0 0 0 32002 32002 0 0 0 0 0 0
WIT 6 190 191 239 234 234 3242 0 0 0 32002 0 -1 0 0 0 32002 32002 0 0 0 0 0 0
WIT 6 190 191 265 260 287 3242 0 0 0 32002 0 -1 0 0 0 32002 32002 0 0 0 0 0 0
WIT 6 190 191 278 273 273 3242 0 0 0 32002 0 -1 0 0 0 32002 32002 0 0 0 0 0 0
WIT 10 190 191 178 159 146 0 0 0 0 191 0 -1 0 0 0 32002 32002 0 0 0 0 0 1772
WIT 9 190 191 183 175 227 4020 0 0 0 32002 0 -1 0 0 0 32002 32002 0 0 0 0 0 0
WIT 8 190 191 186 179 199 4020 0 0 0 32002 0 -1 0 0 0 32002 32002 0 0 0 0 0 0
WIT 9 190 191 202 194 331 3242 0 0 0 32002 0 -1 0 0 0 32002 32002 0 0 0 0 0 0
WIT 9 190 191 188 180 224 3242 0 0 0 32002 0 -1 0 0 0 32002 32002 0 0 0 0 0 0
WIT 7 190 191 200 194 262 3242 0 0 0 32002 0 -1 0 0 0 32002 32002 0 0 0 0 0 0
WIT 7 190 191 398 392 827 4013 1 1 0 32002 0 -1 0 0 0 32002 32002 0 0 0 0 0 0
WIT 8 190 191 178 163 142 0 0 0 0 201 0 -1 0 0 0 32002 32002 0 0 0 0 0 1772
WIT 7 190 191 189 183 207 4020 0 0 0 32002 0 -1 0 0 0 32002 32002 0 0 0 0 0 0
WIT 7 190 191 182 176 212 4020 0 0 0 32002 0 -1 0 0 0 32002 32002 0 0 0 0 0 0
WIT 7 190 191 177 171 231 4020 0 0 0 32002 0 -1 0 0 0 32002 32002 0 0 0 0 0 0
WIT 7 190 191 210 204 267 4020 0 0 0 32002 0 -1 0 0 0 32002 32002 0 0 0 0 0 0
WIT 7 190 191 186 180 207 4020 0 0 0 32002 0 -1 0 0 0 32002 32002 0 0 0 0 0 0
WIT 7 190 191 207 201 244 4020 0 0 0 32002 0 -1 0 0 0 32002 32002 0 0 0 0 0 0
WIT 7 190 191 206 200 248 4020 0 0 0 32002 0 -1 0 0 0 32002 32002 0 0 0 0 0 0
WIT 8 165 191 178 171 168 0 0 0 0 191 0 -1 0 0 0 32002 32002 0 0 0 0 0 2715
WIT 12 190 191 194 171 190 2043 0 0 1 200 0 -1 0 0 0 32002 32002 0 0 0 0 0 53048
WIT 12 190 191 252 241 312 0 0 0 0 32002 0 -1 0 0 0 32002 32002 0 0 0 0 0 0
WIT 11 190 191 188 167 -63 0 0 0 0 199 0 -1 0 0 0 32002 32002 0 0 0 0 0 2786
WIT 11 190 191 175 165 215 4020 0 0 0 32002 0 -1 0 0 0 32002 32002 0 0 0 0 0 0
WIT 11 190 191 189 168 130 0 0 0 0 215 0 -1 0 0 0 32002 32002 0 0 0 0 0 2196
WIT 10 190 191 180 161 123 0 0 0 0 282 0 -1 0 0 0 32002 32002 0 0 0 0 0 2196
WIT 8 190 191 178 171 197 0 0 0 0 32002 0 -1 0 0 0 32002 32002 0 0 0 0 0 0
WIT 8 -193 -192 -109 -124 -431 0 0 1 0 -168 0 -1 0 0 0 32002 32002 0 0 0 0 0 852
WIT 7 -193 -192 -159 -172 -272 0 0 0 0 -186 0 -1 0 0 0 32002 32002 0 0 0 0 0 198
WIT 7 174 208 191 185 168 0 0 0 0 192 0 -1 0 0 0 32002 32002 0 0 0 0 0 2715
WIT 8 190 191 186 179 199 4020 0 0 0 32002 0 -1 0 0 0 32002 32002 0 0 0 0 0 0
WIT 7 190 191 183 177 225 4020 0 0 0 32002 0 -1 0 0 0 32002 32002 0 0 0 0 0 0
WIT 6 190 191 222 217 221 4020 0 0 0 32002 0 -1 0 0 0 32002 32002 0 0 0 0 0 0
WIT 6 190 191 235 230 244 4020 0 0 0 32002 0 -1 0 0 0 32002 32002 0 0 0 0 0 0
WIT 6 190 191 210 205 261 4020 0 0 0 32002 0 -1 0 0 0 32002 32002 0 0 0 0 0 0
WIT 6 190 191 186 181 204 4020 0 0 0 32002 0 -1 0 0 0 32002 32002 0 0 0 0 0 0
WIT 6 190 191 207 202 240 4020 0 0 0 32002 0 -1 0 0 0 32002 32002 0 0 0 0 0 0
WIT 6 190 191 206 201 243 4020 0 0 0 32002 0 -1 0 0 0 32002 32002 0 0 0 0 0 0
WIT 8 190 191 178 171 199 0 0 0 0 32002 0 -1 0 0 0 32002 32002 0 0 0 0 0 0
WIT 6 -193 -192 -177 -182 -124 204 1 0 0 32002 0 -1 0 0 0 32002 32002 0 0 0 0 0 0
WIT 6 -193 -192 -150 -155 -99 0 0 0 0 32002 0 -1 0 0 0 32002 32002 0 0 0 0 0 0
WIT 7 183 199 191 185 168 0 0 0 0 192 0 -1 0 0 0 32002 32002 0 0 0 0 0 1772
WIT 12 191 192 191 180 189 53048 0 0 1 219 0 -1 0 0 0 32002 32002 0 0 0 0 0 3374
WIT 9 191 192 191 174 159 0 0 0 0 192 0 -1 0 0 0 32002 32002 0 0 0 0 0 2029
WIT 10 191 192 204 195 271 3374 0 0 0 32002 0 -1 0 0 0 32002 32002 0 0 0 0 0 0
WIT 9 191 192 191 174 164 0 0 0 0 192 0 -1 0 0 0 32002 32002 0 0 0 0 0 2786
WIT 8 191 192 168 161 254 0 0 0 0 32002 0 -1 0 0 0 32002 32002 0 0 0 0 0 0
WIT 9 191 192 194 186 240 0 0 0 0 32002 0 -1 0 0 0 32002 32002 0 0 0 0 0 0
WIT 8 191 192 191 176 163 0 0 0 0 192 0 -1 0 0 0 32002 32002 0 0 0 0 0 4020
WIT 9 191 192 191 183 258 2043 0 0 0 32002 0 -1 0 0 0 32002 32002 0 0 0 0 0 0
WIT 8 191 192 191 176 157 0 0 0 0 208 0 -1 0 0 0 32002 32002 0 0 0 0 0 2786
WIT 7 191 192 191 178 83 0 0 0 0 192 0 -1 0 0 0 32002 32002 0 0 0 0 0 1772
WIT 6 191 192 186 181 197 4020 0 0 0 32002 0 -1 0 0 0 32002 32002 0 0 0 0 0 0
WIT 9 -193 -192 -170 -187 -469 0 0 1 0 -168 0 -1 0 0 0 32002 32002 0 0 0 0 0 852
WIT 9 -193 -192 -168 -176 -184 0 0 0 0 -183 0 -1 0 0 0 32002 32002 0 0 0 0 0 1318
WIT 11 -193 -192 -186 -196 -186 1318 0 0 0 32002 0 -1 0 0 0 32002 32002 0 0 0 0 0 0
WIT 9 -193 -192 -168 -185 -133 1318 0 0 0 32002 0 -1 0 0 0 32002 32002 0 0 0 0 0 0
WIT 8 -193 -192 -186 -201 -256 0 0 0 0 -186 0 -1 0 0 0 32002 32002 0 0 0 0 0 198
WIT 6 -193 -192 -168 -173 -171 1503 0 0 0 32002 0 -1 0 0 0 32002 32002 0 0 0 0 0 0
WIT 8 183 199 191 184 179 0 0 0 0 192 0 -1 0 0 0 32002 32002 0 0 0 0 0 2715
WIT 6 191 192 178 173 197 0 0 0 0 32002 0 -1 0 0 0 32002 32002 0 0 0 0 0 0
WIT 6 -193 -192 -177 -182 -161 203 0 0 0 32002 0 -1 0 0 0 32002 32002 0 0 0 0 0 0
WIT 6 -193 -192 -117 -122 -122 1373 0 0 0 32002 0 -1 0 0 0 32002 32002 0 0 0 0 0 0

===========================
Total time (ms) : 21
Nodes searched  : 14462
Nodes/second    : 688666
