
Position: 1/1 (r1bqk1nr/1pp2pp1/p2p3p/2b1p3/1PBnP3/P2P1N2/1BP2PPP/RN1Q1RK1 b kq - 2 8)
WIT 6 175 176 371 366 357 0 0 0 0 216 0 -1 0 0 0 32002 32002 0 0 0 0 0 1634
WIT 6 189 190 202 197 -109 0 0 1 0 196 0 -1 0 0 0 32002 32002 0 0 0 0 0 213
WIT 6 189 190 197 192 192 658 0 0 0 32002 0 -1 0 0 0 32002 32002 0 0 0 0 0 0
WIT 6 189 190 194 189 196 658 0 0 0 32002 0 -1 0 0 0 32002 32002 0 0 0 0 0 0
WIT 6 189 190 189 184 141 0 0 0 0 196 0 -1 0 0 0 32002 32002 0 0 0 0 0 1371
WIT 6 189 190 276 271 321 1708 1 0 0 32002 0 -1 0 0 0 32002 32002 0 0 0 0 0 0
WIT 6 189 190 281 276 275 0 0 0 0 229 0 -1 0 0 0 32002 32002 0 0 0 0 0 1634
WIT 7 200 201 211 205 202 0 0 0 0 226 0 -1 0 0 0 32002 32002 0 0 0 0 0 603
WIT 7 200 201 195 182 152 0 0 0 0 202 0 -1 0 0 0 32002 32002 0 0 0 0 0 1371
WIT 6 200 201 317 312 31996 1397 1 0 0 349 0 -1 0 0 0 32002 32002 0 0 0 0 0 1717
WIT 8 207 208 308 301 31996 1397 1 0 0 325 0 -1 0 0 0 32002 32002 0 0 0 0 0 1717
WIT 6 207 208 327 322 31996 1397 1 0 0 349 0 -1 0 0 0 32002 32002 0 0 0 0 0 1717
WIT 7 207 208 239 226 -36 0 0 1 0 248 0 -1 0 0 0 32002 32002 0 0 0 0 0 213
WIT 7 207 208 311 305 309 1371 1 0 0 32002 0 -1 0 0 0 32002 32002 0 0 0 0 0 0
WIT 7 207 208 246 240 252 861 0 0 0 32002 0 -1 0 0 0 32002 32002 0 0 0 0 0 0
WIT 7 207 208 220 207 163 0 0 0 0 223 0 -1 0 0 0 32002 32002 0 0 0 0 0 1371
WIT 6 207 208 211 206 209 1672 0 0 0 32002 0 -1 0 0 0 32002 32002 0 0 0 0 0 0
WIT 6 207 208 216 211 197 0 0 0 0 243 0 -1 0 0 0 32002 32002 0 0 0 0 0 1634
WIT 6 207 208 280 275 323 1708 1 0 0 32002 0 -1 0 0 0 32002 32002 0 0 0 0 0 0
WIT 10 215 216 312 303 31996 1397 1 0 0 325 0 -1 0 0 0 32002 32002 0 0 0 0 0 1717
WIT 9 215 216 328 320 31996 1397 1 0 0 366 0 -1 0 0 0 32002 32002 0 0 0 0 0 1717
WIT 9 215 216 243 226 -36 0 0 1 0 252 0 -1 0 0 0 32002 32002 0 0 0 0 0 213
WIT 7 215 216 311 305 309 1371 1 0 0 32002 0 -1 0 0 0 32002 32002 0 0 0 0 0 0
WIT 8 215 216 238 223 244 1717 1 0 0 32002 0 -1 0 0 0 32002 32002 0 0 0 0 0 0
WIT 8 215 216 224 209 217 75 0 0 0 32002 0 -1 0 0 0 32002 32002 0 0 0 0 0 0
WIT 9 215 216 226 218 208 0 0 0 0 215 0 -1 0 0 0 32002 32002 0 0 0 0 0 0
WIT 9 215 216 223 206 203 0 0 0 0 215 0 -1 0 0 0 32002 32002 0 0 0 0 0 0
WIT 9 215 216 221 204 179 0 0 0 0 215 0 -1 0 0 0 32002 32002 0 0 0 0 0 0
WIT 7 -199 -198 -155 -161 -134 0 0 0 0 32002 0 -1 0 0 0 32002 32002 0 0 0 0 0 0
WIT 7 -199 -198 -192 -198 -160 0 0 0 0 32002 0 -1 0 0 0 32002 32002 0 0 0 0 0 0
WIT 6 -199 -198 -189 -194 -362 0 0 1 0 -168 0 -1 0 0 0 32002 32002 0 0 0 0 0 3893
WIT 6 -186 -185 -155 -160 -133 0 0 0 0 32002 0 -1 0 0 0 32002 32002 0 0 0 0 0 0
WIT 6 -186 -185 -192 -197 -160 0 0 0 0 32002 0 -1 0 0 0 32002 32002 0 0 0 0 0 0
WIT 6 -187 -186 -155 -160 -133 0 0 0 0 32002 0 -1 0 0 0 32002 32002 0 0 0 0 0 0
WIT 6 -187 -186 -192 -197 -159 0 0 0 0 32002 0 -1 0 0 0 32002 32002 0 0 0 0 0 0
WIT 7 197 198 246 240 253 861 0 0 0 32002 0 -1 0 0 0 32002 32002 0 0 0 0 0 0
WIT 6 197 198 216 211 197 0 0 0 0 184 0 -1 0 0 0 32002 32002 0 0 0 0 0 0
WIT 8 197 198 216 201 154 0 0 0 0 197 0 -1 0 0 0 32002 32002 0 0 0 0 0 0
WIT 7 -183 -182 -184 -190 -243 0 0 0 0 -183 0 -1 0 0 0 32002 32002 0 0 0 0 0 0
WIT 6 -183 -182 -186 -191 -260 0 0 0 0 -183 0 -1 0 0 0 32002 32002 0 0 0 0 0 0
WIT 7 -198 -197 -201 -207 -259 0 0 0 0 -187 0 -1 0 0 0 32002 32002 0 0 0 0 0 3169
WIT 6 -198 -197 -215 -220 -286 0 0 0 0 -190 0 -1 0 0 0 32002 32002 0 0 0 0 0 4013
WIT 7 -198 -197 -186 -192 -251 0 0 0 0 -195 0 -1 0 0 0 32002 32002 0 0 0 0 0 53055
WIT 6 -198 -197 -190 -195 -265 0 0 0 0 -195 0 -1 0 0 0 32002 32002 0 0 0 0 0 4013
WIT 7 197 198 198 185 141 0 0 0 0 197 0 -1 0 0 0 32002 32002 0 0 0 0 0 0
WIT 8 197 198 311 304 309 1371 1 0 0 32002 0 -1 0 0 0 32002 32002 0 0 0 0 0 0
WIT 7 197 198 280 274 336 1708 1 0 0 32002 0 -1 0 0 0 32002 32002 0 0 0 0 0 0
WIT 8 197 198 211 204 208 1672 0 0 0 32002 0 -1 0 0 0 32002 32002 0 0 0 0 0 0
WIT 8 197 198 238 223 244 1717 1 0 0 32002 0 -1 0 0 0 32002 32002 0 0 0 0 0 0
WIT 7 -199 -198 -193 -199 -207 0 0 0 0 -192 0 -1 0 0 0 32002 32002 0 0 0 0 0 53055
WIT 6 -199 -198 -197 -202 -208 0 0 0 0 -192 0 -1 0 0 0 32002 32002 0 0 0 0 0 4013
WIT 6 -199 -198 -185 -190 -176 4020 0 0 0 32002 0 -1 0 0 0 32002 32002 0 0 0 0 0 0
WIT 8 205 206 246 239 253 861 0 0 0 32002 0 -1 0 0 0 32002 32002 0 0 0 0 0 0
WIT 7 198 206 198 192 171 0 0 0 0 207 0 -1 0 0 0 32002 32002 0 0 0 0 0 1371
WIT 11 205 206 351 341 31996 1397 1 0 0 360 0 -1 0 0 0 32002 32002 0 0 0 0 0 1717
WIT 10 205 206 315 306 31996 1397 1 0 0 325 0 -1 0 0 0 32002 32002 0 0 0 0 0 1717
WIT 7 205 206 284 278 956 1634 1 0 0 32002 0 -1 0 0 0 32002 32002 0 0 0 0 0 0
WIT 10 205 206 248 229 -34 0 0 1 0 268 0 -1 0 0 0 32002 32002 0 0 0 0 0 213
WIT 8 -199 -198 -177 -192 -177 53055 0 0 0 32002 0 -1 0 0 0 32002 32002 0 0 0 0 0 0
WIT 7 -199 -198 -180 -193 -207 0 0 0 0 -198 0 -1 0 0 0 32002 32002 0 0 0 0 0 4013
WIT 8 205 206 207 192 192 603 1 0 0 208 0 -1 0 0 0 32002 32002 0 0 0 0 0 231
WIT 9 205 206 224 207 207 1717 1 0 0 32002 0 -1 0 0 0 32002 32002 0 0 0 0 0 0
WIT 8 205 206 311 304 309 1371 1 0 0 32002 0 -1 0 0 0 32002 32002 0 0 0 0 0 0
WIT 9 205 206 238 221 252 1717 1 0 0 32002 0 -1 0 0 0 32002 32002 0 0 0 0 0 0
WIT 8 205 206 280 273 336 1708 1 0 0 32002 0 -1 0 0 0 32002 32002 0 0 0 0 0 0
WIT 8 205 206 211 204 208 1672 0 0 0 32002 0 -1 0 0 0 32002 32002 0 0 0 0 0 0
WIT 8 205 206 211 196 176 0 0 0 0 215 0 -1 0 0 0 32002 32002 0 0 0 0 0 1634
WIT 6 215 216 209 204 182 0 0 0 0 229 0 -1 0 0 0 32002 32002 0 0 0 0 0 861
WIT 6 215 216 208 203 130 0 0 0 0 227 0 -1 0 0 0 32002 32002 0 0 0 0 0 603
WIT 9 215 216 246 238 238 861 0 0 0 32002 0 -1 0 0 0 32002 32002 0 0 0 0 0 0
WIT 7 206 216 206 200 192 0 0 0 0 223 0 -1 0 0 0 32002 32002 0 0 0 0 0 1371
WIT 8 215 216 251 244 325 861 0 0 0 32002 0 -1 0 0 0 32002 32002 0 0 0 0 0 0
WIT 9 215 216 229 221 196 0 0 0 0 231 0 -1 0 0 0 32002 32002 0 0 0 0 0 75
WIT 7 215 216 300 294 293 2531 0 0 0 304 0 -1 0 0 0 32002 32002 0 0 0 0 0 2542
WIT 8 215 216 227 220 190 0 0 0 0 229 0 -1 0 0 0 32002 32002 0 0 0 0 0 861
WIT 8 215 216 225 210 149 0 0 0 0 227 0 -1 0 0 0 32002 32002 0 0 0 0 0 603
WIT 10 -216 -215 -192 -201 -193 2910 0 0 0 32002 0 -1 0 0 0 32002 32002 0 0 0 0 0 0
WIT 6 -216 -215 -170 -175 -127 3964 0 0 0 32002 0 -1 0 0 0 32002 32002 0 0 0 0 0 0
WIT 8 -216 -215 -173 -180 -196 0 0 0 0 -161 0 -1 0 0 0 32002 32002 0 0 0 0 0 3169
WIT 8 -216 -215 -183 -190 -195 0 0 0 0 -215 0 -1 0 0 0 32002 32002 0 0 0 0 0 53055
WIT 9 -216 -215 -192 -209 -220 0 0 0 0 -215 0 -1 0 0 0 32002 32002 0 0 0 0 0 4013
WIT 10 215 216 206 187 157 0 0 0 0 216 0 -1 0 0 0 32002 32002 0 0 0 0 0 1371
WIT 8 215 216 311 304 308 1371 1 0 0 32002 0 -1 0 0 0 32002 32002 0 0 0 0 0 0
WIT 8 215 216 366 359 135 0 0 1 0 454 0 -1 0 0 0 32002 32002 0 0 0 0 0 917
WIT 8 215 216 214 199 152 0 0 0 0 217 0 -1 0 0 0 32002 32002 0 0 0 0 0 1634
WIT 8 215 216 224 209 207 0 0 0 0 258 0 -1 0 0 0 32002 32002 0 0 0 0 0 1634
WIT 8 215 216 238 223 207 0 0 0 0 227 0 -1 0 0 0 32002 32002 0 0 0 0 0 1634
WIT 7 215 216 280 274 336 1708 1 0 0 32002 0 -1 0 0 0 32002 32002 0 0 0 0 0 0
WIT 7 215 216 211 205 209 1672 0 0 1 225 0 -1 0 0 0 32002 32002 0 0 0 0 0 1634
WIT 9 228 229 246 238 271 231 0 0 0 32002 0 -1 0 0 0 32002 32002 0 0 0 0 0 0
WIT 7 216 229 222 216 133 0 0 0 0 245 0 -1 0 0 0 32002 32002 0 0 0 0 0 1371
WIT 6 228 229 183 178 107 0 0 0 0 306 0 -1 0 0 0 32002 32002 0 0 0 0 0 231
WIT 8 -229 -228 -198 -213 -235 0 0 0 0 -233 0 -1 0 0 0 32002 32002 0 0 0 0 0 0
WIT 7 -229 -228 -198 -211 -240 0 0 0 0 -232 0 -1 0 0 0 32002 32002 0 0 0 0 0 0
WIT 11 228 229 272 251 223 0 0 0 0 225 0 -1 0 0 0 32002 32002 0 0 0 0 0 0
WIT 10 228 229 233 214 173 0 0 0 0 225 0 -1 0 0 0 32002 32002 0 0 0 0 0 0
WIT 9 228 229 232 215 202 0 0 0 0 225 0 -1 0 0 0 32002 32002 0 0 0 0 0 0
WIT 10 228 229 242 223 204 0 0 0 0 216 0 -1 0 0 0 32002 32002 0 0 0 0 0 0
WIT 8 -229 -228 -167 -174 -145 0 0 0 0 32002 0 -1 0 0 0 32002 32002 0 0 0 0 0 0
WIT 6 -229 -228 -157 -162 -201 0 0 0 0 -217 0 -1 0 0 0 32002 32002 0 0 0 0 0 2331
WIT 10 228 229 216 197 172 0 0 0 0 225 0 -1 0 0 0 32002 32002 0 0 0 0 0 0
WIT 7 -217 -216 -225 -238 -238 3756 0 0 1 -217 1 2 10500 1 1 -217 -227 1 0 1 0 10 0
WIT 9 -217 -216 -225 -242 -242 3756 0 0 1 -216 0 -1 0 0 0 32002 32002 0 0 0 0 0 2910
WIT 9 -217 -216 -217 -234 -250 0 0 0 0 -217 0 -1 0 0 0 32002 32002 0 0 0 0 0 3234
WIT 8 -217 -216 -225 -240 -245 0 0 0 0 -217 0 -1 0 0 0 32002 32002 0 0 0 0 0 0
WIT 7 -217 -216 -225 -238 -240 0 0 0 0 -217 0 -1 0 0 0 32002 32002 0 0 0 0 0 0
WIT 6 -219 -218 -167 -172 -143 0 0 0 0 32002 0 -1 0 0 0 32002 32002 0 0 0 0 0 0
WIT 7 221 222 242 229 232 1681 0 0 0 32002 0 -1 0 0 0 32002 32002 0 0 0 0 0 0
WIT 7 221 222 240 227 330 1699 0 0 0 32002 0 -1 0 0 0 32002 32002 0 0 0 0 0 0
WIT 6 -205 -204 -201 -206 -191 3756 0 0 0 32002 0 -1 0 0 0 32002 32002 0 0 0 0 0 0
WIT 6 -205 -204 -214 -219 -181 3169 0 0 0 32002 0 -1 0 0 0 32002 32002 0 0 0 0 0 0
WIT 6 -205 -204 -193 -198 -199 0 0 0 0 -205 0 -1 0 0 0 32002 32002 0 0 0 0 0 2787
WIT 7 -205 -204 -212 -225 -214 3828 0 0 1 -205 1 1 23140 1 1 -205 -198 0 1 0 1 24 3828
WIT 6 -205 -204 -117 -122 -355 0 0 1 0 -193 0 -1 0 0 0 32002 32002 0 0 0 0 0 3893
WIT 8 -205 -204 -218 -233 -221 3099 1 0 0 -159 0 -1 0 0 0 32002 32002 0 0 0 0 0 2331
WIT 7 -205 -204 -188 -194 -137 0 0 0 0 32002 0 -1 0 0 0 32002 32002 0 0 0 0 0 0
WIT 10 -196 -195 -203 -212 -208 2787 0 0 1 -194 0 -1 0 0 0 32002 32002 0 0 0 0 0 2910
WIT 6 -196 -195 -173 -178 -160 3756 0 0 0 32002 0 -1 0 0 0 32002 32002 0 0 0 0 0 0
WIT 8 -196 -195 -207 -214 -216 0 0 0 0 -194 0 -1 0 0 0 32002 32002 0 0 0 0 0 53055
WIT 10 -196 -195 -165 -174 -175 0 0 0 0 -176 0 -1 0 0 0 32002 32002 0 0 0 0 0 2910
WIT 6 -196 -195 -173 -178 -159 2592 0 0 0 32002 0 -1 0 0 0 32002 32002 0 0 0 0 0 0
WIT 9 -196 -195 -195 -203 -204 0 0 0 0 -184 0 -1 0 0 0 32002 32002 0 0 0 0 0 53055
WIT 7 -196 -195 -193 -206 -227 0 0 0 0 -197 0 -1 0 0 0 32002 32002 0 0 0 0 0 0
WIT 10 212 213 222 203 210 1681 0 0 1 222 0 -1 0 0 0 32002 32002 0 0 0 0 0 75
WIT 7 -213 -195 -204 -210 -222 0 0 0 0 -213 0 -1 0 0 0 32002 32002 0 0 0 0 0 0
WIT 12 212 213 314 303 31996 1397 1 0 0 340 0 -1 0 0 0 32002 32002 0 0 0 0 0 1717
WIT 11 212 213 262 241 -27 0 0 1 0 266 0 -1 0 0 0 32002 32002 0 0 0 0 0 213
WIT 9 212 213 198 190 183 0 0 0 0 207 0 -1 0 0 0 32002 32002 0 0 0 0 0 0
WIT 6 -213 -212 -142 -147 -215 0 0 0 0 -191 0 -1 0 0 0 32002 32002 0 0 0 0 0 2788
WIT 8 212 213 197 182 179 0 0 0 0 207 0 -1 0 0 0 32002 32002 0 0 0 0 0 0
WIT 8 -213 -212 -192 -199 -193 2910 0 0 0 32002 0 -1 0 0 0 32002 32002 0 0 0 0 0 0
WIT 8 -213 -212 -204 -219 -210 53055 0 0 0 32002 0 -1 0 0 0 32002 32002 0 0 0 0 0 0
WIT 7 -213 -212 -204 -217 -220 0 0 0 0 -210 0 -1 0 0 0 32002 32002 0 0 0 0 0 4013
WIT 6 -213 -212 -201 -206 -204 3756 0 0 0 32002 0 -1 0 0 0 32002 32002 0 0 0 0 0 0
WIT 6 -213 -212 77 72 -432 0 0 1 0 -212 0 -1 0 0 0 32002 32002 0 0 0 0 0 3893
WIT 10 212 213 213 194 193 0 0 0 0 212 0 -1 0 0 0 32002 32002 0 0 0 0 0 0
WIT 7 -213 -212 -192 -198 -168 0 0 0 0 32002 0 -1 0 0 0 32002 32002 0 0 0 0 0 0
WIT 7 -213 -212 -171 -184 -355 0 0 1 0 -156 0 -1 0 0 0 32002 32002 0 0 0 0 0 3893
WIT 6 -213 -212 -166 -171 -179 0 0 0 0 -191 0 -1 0 0 0 32002 32002 0 0 0 0 0 2331
WIT 10 212 213 243 224 184 0 0 0 0 212 0 -1 0 0 0 32002 32002 0 0 0 0 0 0
WIT 8 212 213 246 239 269 231 0 0 0 32002 0 -1 0 0 0 32002 32002 0 0 0 0 0 0
WIT 9 212 213 225 208 239 1717 1 0 0 32002 0 -1 0 0 0 32002 32002 0 0 0 0 0 0
WIT 9 212 213 258 250 996 213 1 1 0 32002 0 -1 0 0 0 32002 32002 0 0 0 0 0 0
WIT 9 212 213 253 236 229 0 0 0 0 952 0 -1 0 0 0 32002 32002 0 0 0 0 0 1634
WIT 8 212 213 218 203 183 0 0 0 0 217 0 -1 0 0 0 32002 32002 0 0 0 0 0 1634
WIT 8 212 213 223 216 216 1672 0 0 0 32002 0 -1 0 0 0 32002 32002 0 0 0 0 0 0
WIT 7 224 225 253 247 262 2531 0 0 0 32002 0 -1 0 0 0 32002 32002 0 0 0 0 0 0
WIT 7 -225 -213 -212 -218 -444 0 0 0 0 -225 0 -1 0 0 0 32002 32002 0 0 0 0 0 0
WIT 10 224 225 221 202 210 1681 0 0 1 225 0 -1 0 0 0 32002 32002 0 0 0 0 0 75
WIT 9 213 225 213 205 172 0 0 0 0 225 0 -1 0 0 0 32002 32002 0 0 0 0 0 1371
WIT 13 224 225 347 335 31996 1397 1 0 0 372 0 -1 0 0 0 32002 32002 0 0 0 0 0 1717
WIT 12 224 225 330 319 31996 1397 1 0 0 340 0 -1 0 0 0 32002 32002 0 0 0 0 0 1717
WIT 8 224 225 296 289 959 1634 1 0 0 32002 0 -1 0 0 0 32002 32002 0 0 0 0 0 0
WIT 12 224 225 261 238 -29 0 0 1 0 228 0 -1 0 0 0 32002 32002 0 0 0 0 0 213
WIT 7 -225 -224 125 119 -351 0 0 1 0 -49 0 -1 0 0 0 32002 32002 0 0 0 0 0 3381
WIT 7 224 225 253 247 262 2531 0 0 0 32002 0 -1 0 0 0 32002 32002 0 0 0 0 0 0
WIT 9 224 225 225 208 204 0 0 0 0 226 0 -1 0 0 0 32002 32002 0 0 0 0 0 231
WIT 9 224 225 225 208 207 0 0 0 0 225 0 -1 0 0 0 32002 32002 0 0 0 0 0 603
WIT 9 224 225 246 238 271 231 0 0 0 32002 0 -1 0 0 0 32002 32002 0 0 0 0 0 0
WIT 9 224 225 219 211 236 1371 1 0 0 32002 0 -1 0 0 0 32002 32002 0 0 0 0 0 0
WIT 9 224 225 228 220 220 75 0 0 1 230 0 -1 0 0 0 32002 32002 0 0 0 0 0 1634
WIT 10 224 225 225 206 238 1717 1 0 0 32002 0 -1 0 0 0 32002 32002 0 0 0 0 0 0
WIT 9 224 225 217 209 188 0 0 0 0 331 0 -1 0 0 0 32002 32002 0 0 0 0 0 917
WIT 8 224 225 216 201 174 0 0 0 0 321 0 -1 0 0 0 32002 32002 0 0 0 0 0 1634
WIT 8 224 225 223 216 216 1672 0 0 1 225 0 -1 0 0 0 32002 32002 0 0 0 0 0 1634
WIT 7 240 241 291 285 628 2289 1 0 0 32002 0 -1 0 0 0 32002 32002 0 0 0 0 0 0
WIT 6 240 241 261 256 187 0 0 0 0 384 0 -1 0 0 0 32002 32002 0 0 0 0 0 2267
WIT 8 240 241 253 246 272 2531 0 0 0 32002 0 -1 0 0 0 32002 32002 0 0 0 0 0 0
WIT 7 240 241 248 242 254 4 0 0 0 32002 0 -1 0 0 0 32002 32002 0 0 0 0 0 0
WIT 6 240 241 229 224 198 0 0 0 0 254 0 -1 0 0 0 32002 32002 0 0 0 0 0 75
WIT 8 240 241 227 212 197 0 0 0 0 252 0 -1 0 0 0 32002 32002 0 0 0 0 0 861
WIT 7 225 241 225 219 204 0 0 0 0 250 0 -1 0 0 0 32002 32002 0 0 0 0 0 231
WIT 8 225 241 225 218 207 0 0 0 0 249 0 -1 0 0 0 32002 32002 0 0 0 0 0 603
WIT 11 240 241 225 204 210 1681 0 0 1 241 0 -1 0 0 0 32002 32002 0 0 0 0 0 75
WIT 9 225 241 225 217 164 0 0 0 0 241 0 -1 0 0 0 32002 32002 0 0 0 0 0 1371
WIT 13 240 241 361 349 31996 1397 1 0 0 372 0 -1 0 0 0 32002 32002 0 0 0 0 0 1717
WIT 13 240 241 331 319 31996 1397 1 0 0 268 0 -1 0 0 0 32002 32002 0 0 0 0 0 1717
WIT 9 240 241 296 288 1004 1634 1 0 0 32002 0 -1 0 0 0 32002 32002 0 0 0 0 0 0
WIT 12 240 241 227 204 -51 0 0 1 0 266 0 -1 0 0 0 32002 32002 0 0 0 0 0 213
WIT 7 -241 -240 -179 -185 -219 0 0 0 0 -227 0 -1 0 0 0 32002 32002 0 0 0 0 0 4013
WIT 8 -241 -240 -192 -199 -193 2910 0 0 0 32002 0 -1 0 0 0 32002 32002 0 0 0 0 0 0
WIT 7 -241 -240 156 150 -425 0 0 1 0 -20 0 -1 0 0 0 32002 32002 0 0 0 0 0 3893
WIT 8 -241 -240 -192 -199 -193 2910 0 0 0 32002 0 -1 0 0 0 32002 32002 0 0 0 0 0 0
WIT 8 -241 -240 -202 -217 -211 53055 0 0 0 32002 0 -1 0 0 0 32002 32002 0 0 0 0 0 0
WIT 7 -241 -240 -202 -215 -222 0 0 0 0 -211 0 -1 0 0 0 32002 32002 0 0 0 0 0 4013
WIT 6 -241 -240 -197 -202 -197 4020 0 0 0 32002 0 -1 0 0 0 32002 32002 0 0 0 0 0 0
WIT 8 -241 -240 -207 -222 -223 0 0 0 0 -229 0 -1 0 0 0 32002 32002 0 0 0 0 0 3828
WIT 6 -241 -240 21 16 178 3436 0 1 0 32002 0 -1 0 0 0 32002 32002 0 0 0 0 0 0
WIT 12 240 241 248 225 207 0 0 0 0 238 0 -1 0 0 0 32002 32002 0 0 0 0 0 0
WIT 7 -241 -240 -192 -198 -169 0 0 0 0 32002 0 -1 0 0 0 32002 32002 0 0 0 0 0 0
WIT 9 -241 -240 -162 -179 -352 0 0 1 0 -176 0 -1 0 0 0 32002 32002 0 0 0 0 0 3893
WIT 7 -241 -240 -191 -197 -204 0 0 0 0 -240 0 -1 0 0 0 32002 32002 0 0 0 0 0 4020
WIT 7 -241 -240 -193 -206 -207 0 0 0 0 -240 0 -1 0 0 0 32002 32002 0 0 0 0 0 2331
WIT 12 240 241 225 202 193 0 0 0 0 240 0 -1 0 0 0 32002 32002 0 0 0 0 0 0
WIT 7 -226 -225 -227 -240 -234 4020 0 0 1 -225 0 -1 0 0 0 32002 32002 0 0 0 0 0 4013
WIT 8 -226 -225 -230 -245 -245 3502 0 0 1 -224 0 -1 0 0 0 32002 32002 0 0 0 0 0 3828
WIT 6 -226 -225 -212 -217 -86 2869 0 1 0 32002 0 -1 0 0 0 32002 32002 0 0 0 0 0 0
WIT 9 -226 -225 1 -7 -185 0 0 0 0 -224 0 -1 0 0 0 32002 32002 0 0 0 0 0 2331
WIT 8 -226 -225 42 35 254 3502 0 1 0 32002 0 -1 0 0 0 32002 32002 0 0 0 0 0 0
WIT 8 -226 -225 -240 -255 -438 0 0 1 0 -224 0 -1 0 0 0 32002 32002 0 0 0 0 0 3893
WIT 6 -226 -225 10 5 -259 0 0 1 0 -163 0 -1 0 0 0 32002 32002 0 0 0 0 0 3893
WIT 7 -226 -225 -180 -193 -249 0 0 0 0 -223 0 -1 0 0 0 32002 32002 0 0 0 0 0 1769
WIT 6 -226 -225 -215 -220 -220 3821 0 0 0 32002 0 -1 0 0 0 32002 32002 0 0 0 0 0 0
WIT 7 -241 -225 -240 -246 -247 0 0 0 0 -225 0 -1 0 0 0 32002 32002 0 0 0 0 0 2651
WIT 10 -226 -225 -240 -259 -247 2651 1 0 0 -179 0 -1 0 0 0 32002 32002 0 0 0 0 0 2331
WIT 8 -226 -225 -192 -199 -171 0 0 0 0 32002 0 -1 0 0 0 32002 32002 0 0 0 0 0 0
WIT 8 -226 -225 -155 -162 -133 0 0 0 0 32002 0 -1 0 0 0 32002 32002 0 0 0 0 0 0
WIT 6 223 224 246 241 267 231 0 0 0 32002 0 -1 0 0 0 32002 32002 0 0 0 0 0 0
WIT 7 -241 -204 -225 -231 -246 0 0 0 0 -224 0 -1 0 0 0 32002 32002 0 0 0 0 0 2651
WIT 6 -225 -224 -192 -197 -170 0 0 0 0 32002 0 -1 0 0 0 32002 32002 0 0 0 0 0 0
WIT 6 223 224 246 241 267 231 0 0 0 32002 0 -1 0 0 0 32002 32002 0 0 0 0 0 0
WIT 8 -234 -216 -224 -231 -246 0 0 0 0 -224 0 -1 0 0 0 32002 32002 0 0 0 0 0 2651
WIT 6 -225 -224 -192 -197 -170 0 0 0 0 32002 0 -1 0 0 0 32002 32002 0 0 0 0 0 0
WIT 6 223 224 369 364 472 1371 1 0 0 32002 0 -1 0 0 0 32002 32002 0 0 0 0 0 0
WIT 7 223 224 246 240 270 231 0 0 0 32002 0 -1 0 0 0 32002 32002 0 0 0 0 0 0
WIT 7 -225 -224 -192 -198 -171 0 0 0 0 32002 0 -1 0 0 0 32002 32002 0 0 0 0 0 0
WIT 6 -225 -224 -155 -160 -131 0 0 0 0 32002 0 -1 0 0 0 32002 32002 0 0 0 0 0 0
WIT 6 223 224 220 215 1389 213 1 1 0 32002 0 -1 0 0 0 32002 32002 0 0 0 0 0 0
WIT 10 223 224 241 222 174 0 0 0 0 224 0 -1 0 0 0 32002 32002 0 0 0 0 0 1371
WIT 10 223 224 227 218 505 213 1 1 0 32002 0 -1 0 0 0 32002 32002 0 0 0 0 0 0
WIT 10 223 224 225 206 198 0 0 0 0 505 0 -1 0 0 0 32002 32002 0 0 0 0 0 1634
WIT 9 223 224 229 221 221 75 0 0 1 230 0 -1 0 0 0 32002 32002 0 0 0 0 0 1634
WIT 9 223 224 430 413 170 0 0 1 0 262 0 -1 0 0 0 32002 32002 0 0 0 0 0 917
WIT 9 223 224 311 294 244 0 0 0 0 258 0 -1 0 0 0 32002 32002 0 0 0 0 0 1634
WIT 8 223 224 225 218 218 1672 0 0 1 225 0 -1 0 0 0 32002 32002 0 0 0 0 0 1634
WIT 6 -217 -216 201 196 357 3381 1 1 0 32002 0 -1 0 0 0 32002 32002 0 0 0 0 0 0
WIT 6 233 234 217 212 182 0 0 0 0 245 0 -1 0 0 0 32002 32002 0 0 0 0 0 1708
WIT 6 -234 -233 -232 -237 -257 0 0 0 0 -184 0 -1 0 0 0 32002 32002 0 0 0 0 0 3371
WIT 6 233 234 217 212 199 0 0 0 0 194 0 -1 0 0 0 32002 32002 0 0 0 0 0 1708
WIT 7 233 234 238 232 215 0 0 0 0 233 0 -1 0 0 0 32002 32002 0 0 0 0 0 2036
WIT 7 216 234 224 218 200 0 0 0 0 234 0 -1 0 0 0 32002 32002 0 0 0 0 0 2527
WIT 7 233 234 225 219 233 1708 1 0 0 229 0 -1 0 0 0 32002 32002 0 0 0 0 0 1708
WIT 7 216 234 224 218 173 0 0 0 0 234 0 -1 0 0 0 32002 32002 0 0 0 0 0 75
WIT 8 233 234 253 246 272 2531 0 0 0 32002 0 -1 0 0 0 32002 32002 0 0 0 0 0 0
WIT 8 233 234 226 219 243 75 0 0 0 32002 0 -1 0 0 0 32002 32002 0 0 0 0 0 0
WIT 8 216 234 224 217 216 0 0 0 0 234 0 -1 0 0 0 32002 32002 0 0 0 0 0 231
WIT 10 216 234 224 215 215 231 0 0 1 234 0 -1 0 0 0 32002 32002 0 0 0 0 0 603
WIT 15 233 234 362 348 31996 1397 1 0 0 311 0 -1 0 0 0 32002 32002 0 0 0 0 0 1717
WIT 8 410 411 508 501 515 0 0 0 0 32002 0 -1 0 0 0 32002 32002 0 0 0 0 0 0
WIT 9 233 234 296 288 1004 1634 1 0 0 32002 0 -1 0 0 0 32002 32002 0 0 0 0 0 0
WIT 14 233 234 264 237 -29 0 0 1 0 266 0 -1 0 0 0 32002 32002 0 0 0 0 0 213
WIT 13 233 234 234 209 209 231 0 0 1 234 0 -1 0 0 0 32002 32002 0 0 0 0 0 603
WIT 11 233 234 241 220 223 1681 0 0 1 241 0 -1 0 0 0 32002 32002 0 0 0 0 0 75
WIT 13 233 234 224 199 168 0 0 0 0 234 0 -1 0 0 0 32002 32002 0 0 0 0 0 1371
WIT 12 233 234 321 298 211 0 0 0 0 264 0 -1 0 0 0 32002 32002 0 0 0 0 0 917
WIT 12 233 234 258 235 55 0 0 1 0 262 0 -1 0 0 0 32002 32002 0 0 0 0 0 917
WIT 12 233 234 254 231 205 0 0 0 0 260 0 -1 0 0 0 32002 32002 0 0 0 0 0 1634
WIT 12 233 234 229 218 284 1708 1 0 0 32002 0 -1 0 0 0 32002 32002 0 0 0 0 0 0
WIT 10 233 234 224 215 215 1672 0 0 1 240 0 -1 0 0 0 32002 32002 0 0 0 0 0 1634
WIT 9 242 243 287 279 265 0 0 0 0 251 0 -1 0 0 0 32002 32002 0 0 0 0 0 1371
WIT 9 242 243 243 226 219 0 0 0 0 244 0 -1 0 0 0 32002 32002 0 0 0 0 0 1708
WIT 8 242 243 234 227 203 0 0 0 0 211 0 -1 0 0 0 32002 32002 0 0 0 0 0 0
WIT 7 242 243 294 288 231 0 0 0 0 246 0 -1 0 0 0 32002 32002 0 0 0 0 0 1634
WIT 8 242 243 292 285 264 0 0 0 0 258 0 -1 0 0 0 32002 32002 0 0 0 0 0 1371
WIT 9 234 243 234 226 216 0 0 0 0 243 0 -1 0 0 0 32002 32002 0 0 0 0 0 725
WIT 7 242 243 267 261 208 0 0 0 0 272 0 -1 0 0 0 32002 32002 0 0 0 0 0 1382
WIT 6 242 243 282 277 277 1828 0 0 0 32002 0 -1 0 0 0 32002 32002 0 0 0 0 0 0
WIT 6 242 243 234 229 259 861 0 0 0 32002 0 -1 0 0 0 32002 32002 0 0 0 0 0 0
WIT 10 242 243 234 225 224 0 0 0 0 259 0 -1 0 0 0 32002 32002 0 0 0 0 0 1681
WIT 8 242 243 234 227 185 0 0 0 0 243 0 -1 0 0 0 32002 32002 0 0 0 0 0 1828
WIT 8 242 243 234 219 199 0 0 0 0 243 0 -1 0 0 0 32002 32002 0 0 0 0 0 1708
WIT 7 242 243 255 249 248 0 0 0 0 243 0 -1 0 0 0 32002 32002 0 0 0 0 0 1708
WIT 7 -243 -234 -242 -248 -249 0 0 0 0 -200 0 -1 0 0 0 32002 32002 0 0 0 0 0 3494
WIT 10 -235 -234 -216 -225 -226 0 0 0 0 -235 0 -1 0 0 0 32002 32002 0 0 0 0 0 0
WIT 7 -235 -234 -143 -149 -150 0 0 0 0 -234 0 -1 0 0 0 32002 32002 0 0 0 0 0 2852
WIT 8 -235 -234 -174 -181 -167 3494 0 0 0 32002 0 -1 0 0 0 32002 32002 0 0 0 0 0 0
WIT 7 -235 -234 -212 -218 -236 0 0 0 0 -235 0 -1 0 0 0 32002 32002 0 0 0 0 0 0
WIT 7 -235 -234 -212 -225 -240 0 0 0 0 -235 0 -1 0 0 0 32002 32002 0 0 0 0 0 0
WIT 7 234 235 235 229 228 721 0 0 0 235 0 -1 0 0 0 32002 32002 0 0 0 0 0 1708
WIT 9 234 243 234 226 190 0 0 0 0 234 0 -1 0 0 0 32002 32002 0 0 0 0 0 0
WIT 10 -235 -234 -224 -243 -263 0 0 0 0 -234 0 -1 0 0 0 32002 32002 0 0 0 0 0 3373
WIT 7 234 243 235 229 208 0 0 0 0 243 0 -1 0 0 0 32002 32002 0 0 0 0 0 324
WIT 9 234 243 234 226 224 0 0 0 0 234 0 -1 0 0 0 32002 32002 0 0 0 0 0 1828
WIT 10 242 243 250 231 239 75 0 0 1 252 0 -1 0 0 0 32002 32002 0 0 0 0 0 861
WIT 9 234 243 234 226 216 0 0 0 0 243 0 -1 0 0 0 32002 32002 0 0 0 0 0 231
WIT 11 234 243 234 224 224 231 0 0 1 243 0 -1 0 0 0 32002 32002 0 0 0 0 0 603
WIT 7 242 243 234 228 228 725 0 0 1 247 0 -1 0 0 0 32002 32002 0 0 0 0 0 1681
WIT 12 242 243 234 223 226 231 0 0 1 246 0 -1 0 0 0 32002 32002 0 0 0 0 0 75
WIT 12 234 243 234 223 197 0 0 0 0 243 0 -1 0 0 0 32002 32002 0 0 0 0 0 1371
WIT 16 242 243 306 292 31996 1397 1 0 0 311 0 -1 0 0 0 32002 32002 0 0 0 0 0 1717
WIT 14 242 243 266 253 31996 1397 1 0 0 268 0 -1 0 0 0 32002 32002 0 0 0 0 0 1717
WIT 10 242 243 296 287 1003 1634 1 0 0 32002 0 -1 0 0 0 32002 32002 0 0 0 0 0 0
WIT 15 242 243 264 235 -29 0 0 1 0 266 0 -1 0 0 0 32002 32002 0 0 0 0 0 213
WIT 7 242 243 322 316 317 2549 1 0 0 32002 0 -1 0 0 0 32002 32002 0 0 0 0 0 0
WIT 9 242 243 255 247 239 0 0 0 0 256 0 -1 0 0 0 32002 32002 0 0 0 0 0 1708
WIT 8 242 243 243 236 212 0 0 0 0 239 0 -1 0 0 0 32002 32002 0 0 0 0 0 0
WIT 6 -243 -242 -228 -233 -261 0 0 0 0 -232 0 -1 0 0 0 32002 32002 0 0 0 0 0 4013
WIT 6 -243 -242 -191 -196 -438 0 0 1 0 -94 0 -1 0 0 0 32002 32002 0 0 0 0 0 3381
WIT 9 -243 -242 -234 -251 -180 3502 0 0 0 32002 0 -1 0 0 0 32002 32002 0 0 0 0 0 0
WIT 8 -243 -242 -151 -158 -185 0 0 0 0 -197 0 -1 0 0 0 32002 32002 0 0 0 0 0 2333
WIT 7 -243 -242 -6 -12 -146 0 0 1 0 -222 0 -1 0 0 0 32002 32002 0 0 0 0 0 3381
WIT 12 -243 -242 -234 -257 -257 3242 0 0 1 -234 0 -1 0 0 0 32002 32002 0 0 0 0 0 3756
WIT 9 -243 -242 -234 -242 -247 0 0 0 0 -242 0 -1 0 0 0 32002 32002 0 0 0 0 0 53055
WIT 8 -243 -242 -175 -182 -152 3169 0 0 0 32002 0 -1 0 0 0 32002 32002 0 0 0 0 0 0
WIT 11 -243 -242 -234 -255 -256 0 0 0 0 -242 0 -1 0 0 0 32002 32002 0 0 0 0 0 4013
WIT 10 -243 -242 -68 -87 -480 0 0 1 0 -156 0 -1 0 0 0 32002 32002 0 0 0 0 0 3381
WIT 8 -243 -242 -227 -234 -234 3756 0 0 0 32002 0 -1 0 0 0 32002 32002 0 0 0 0 0 0
WIT 6 -243 -242 84 79 -355 0 0 1 0 22 0 -1 0 0 0 32002 32002 0 0 0 0 0 3381
WIT 7 -243 -242 -224 -237 -253 0 0 0 0 -234 0 -1 0 0 0 32002 32002 0 0 0 0 0 4013
WIT 7 -243 -242 -216 -222 -222 3756 0 0 0 32002 0 -1 0 0 0 32002 32002 0 0 0 0 0 0
WIT 8 -243 -242 -213 -228 -226 4020 0 0 0 32002 0 -1 0 0 0 32002 32002 0 0 0 0 0 0
WIT 11 -243 -242 -224 -234 615 3502 0 1 0 32002 0 -1 0 0 0 32002 32002 0 0 0 0 0 0
WIT 9 -243 -242 -24 -32 20 3436 0 1 0 32002 0 -1 0 0 0 32002 32002 0 0 0 0 0 0
WIT 10 -243 -242 -215 -234 -629 0 0 1 0 20 0 -1 0 0 0 32002 32002 0 0 0 0 0 3893
WIT 7 -243 -242 -213 -219 -209 4020 0 0 0 32002 0 -1 0 0 0 32002 32002 0 0 0 0 0 0
WIT 6 -243 -242 -223 -228 -221 4020 0 0 0 32002 0 -1 0 0 0 32002 32002 0 0 0 0 0 0
WIT 6 -243 -242 -186 -191 -189 3756 0 0 0 32002 0 -1 0 0 0 32002 32002 0 0 0 0 0 0
WIT 6 -243 -242 -207 -212 -212 3828 0 0 0 32002 0 -1 0 0 0 32002 32002 0 0 0 0 0 0
WIT 6 -243 -242 -197 -202 -202 4020 0 0 0 32002 0 -1 0 0 0 32002 32002 0 0 0 0 0 0
WIT 13 242 243 243 218 215 0 0 0 0 242 0 -1 0 0 0 32002 32002 0 0 0 0 0 0
WIT 13 -243 -242 -224 -236 639 3502 0 1 0 32002 0 -1 0 0 0 32002 32002 0 0 0 0 0 0
WIT 10 -243 -242 -24 -33 19 3436 0 1 0 32002 0 -1 0 0 0 32002 32002 0 0 0 0 0 0
WIT 13 -243 -242 -224 -249 -304 0 0 0 0 19 0 -1 0 0 0 32002 32002 0 0 0 0 0 2331
WIT 6 -2 -1 -105 -110 60 2867 0 1 0 32002 0 -1 0 0 0 32002 32002 0 0 0 0 0 0
WIT 12 -243 -242 -224 -247 -433 0 0 1 0 -242 0 -1 0 0 0 32002 32002 0 0 0 0 0 3893
WIT 9 -243 -242 -173 -181 -143 3763 0 1 0 32002 0 -1 0 0 0 32002 32002 0 0 0 0 0 0
WIT 7 -243 -242 -223 -229 -205 3828 0 0 0 32002 0 -1 0 0 0 32002 32002 0 0 0 0 0 0
WIT 7 -243 -242 -170 -183 -364 0 0 1 0 -163 0 -1 0 0 0 32002 32002 0 0 0 0 0 3893
WIT 8 -243 -242 -223 -238 -278 0 0 0 0 -213 0 -1 0 0 0 32002 32002 0 0 0 0 0 1769
WIT 6 -243 -242 -184 -189 -189 4013 0 0 0 32002 0 -1 0 0 0 32002 32002 0 0 0 0 0 0
WIT 15 242 243 234 205 168 0 0 0 0 242 0 -1 0 0 0 32002 32002 0 0 0 0 0 0
WIT 7 -243 -234 -97 -103 -248 0 0 1 0 277 0 -1 0 0 0 32002 32002 0 0 0 0 0 3901
WIT 7 -243 -234 -162 -168 -305 0 0 1 0 -35 0 -1 0 0 0 32002 32002 0 0 0 0 0 3381
WIT 7 -243 -234 -239 -245 -390 0 0 0 0 -230 0 -1 0 0 0 32002 32002 0 0 0 0 0 4013
WIT 10 -235 -234 -233 -252 -276 0 0 0 0 -234 0 -1 0 0 0 32002 32002 0 0 0 0 0 4013
WIT 10 -235 -234 -112 -131 -350 0 0 1 0 -59 0 -1 0 0 0 32002 32002 0 0 0 0 0 3381
WIT 7 -243 -234 -239 -245 -249 0 0 0 0 -234 0 -1 0 0 0 32002 32002 0 0 0 0 0 3494
WIT 10 -235 -234 -234 -253 -249 3502 0 0 1 -234 0 -1 0 0 0 32002 32002 0 0 0 0 0 4013
WIT 9 -235 -234 -113 -121 534 4020 0 1 0 32002 0 -1 0 0 0 32002 32002 0 0 0 0 0 0
WIT 9 -235 -234 -224 -241 -294 0 0 1 0 -222 0 -1 0 0 0 32002 32002 0 0 0 0 0 3381
WIT 8 -243 -234 -239 -246 -249 0 0 0 0 -234 0 -1 0 0 0 32002 32002 0 0 0 0 0 2788
WIT 7 -235 -234 -242 -248 -217 4031 0 0 0 32002 0 -1 0 0 0 32002 32002 0 0 0 0 0 0
WIT 6 -235 -234 -205 -210 -212 0 0 0 0 -204 0 -1 0 0 0 32002 32002 0 0 0 0 0 3169
WIT 12 -235 -234 -242 -265 -259 3169 0 0 1 -234 0 -1 0 0 0 32002 32002 0 0 0 0 0 53055
WIT 10 -235 -234 -175 -184 -185 0 0 0 0 -234 0 -1 0 0 0 32002 32002 0 0 0 0 0 53055
WIT 10 -235 -234 -202 -211 -203 3242 0 0 0 32002 0 -1 0 0 0 32002 32002 0 0 0 0 0 0
WIT 10 -235 -234 39 30 -347 0 0 1 0 -51 0 -1 0 0 0 32002 32002 0 0 0 0 0 3381
WIT 11 -235 -234 -242 -263 -264 0 0 0 0 -234 0 -1 0 0 0 32002 32002 0 0 0 0 0 4013
WIT 11 -235 -234 -239 -249 -229 4013 0 0 0 32002 0 -1 0 0 0 32002 32002 0 0 0 0 0 0
WIT 9 -235 -234 -209 -217 -207 3756 0 0 0 32002 0 -1 0 0 0 32002 32002 0 0 0 0 0 0
WIT 8 -235 -234 -216 -223 -222 3756 0 0 0 32002 0 -1 0 0 0 32002 32002 0 0 0 0 0 0
WIT 8 -243 -234 -242 -249 -251 0 0 0 0 -234 0 -1 0 0 0 32002 32002 0 0 0 0 0 3828
WIT 10 234 235 241 232 -35 0 0 0 0 221 0 -1 0 0 0 32002 32002 0 0 0 0 0 0
WIT 9 -235 -234 -188 -196 -198 0 0 0 0 -222 0 -1 0 0 0 32002 32002 0 0 0 0 0 3169
WIT 6 -235 -234 -213 -218 -231 0 0 0 0 -203 0 -1 0 0 0 32002 32002 0 0 0 0 0 53055
WIT 7 -235 -234 -193 -206 -254 0 0 0 0 -207 0 -1 0 0 0 32002 32002 0 0 0 0 0 2788
WIT 6 -235 -234 -182 -187 -227 0 0 0 0 -235 0 -1 0 0 0 32002 32002 0 0 0 0 0 2592
WIT 9 -235 -234 -181 -189 -189 3169 0 0 0 32002 0 -1 0 0 0 32002 32002 0 0 0 0 0 0
WIT 8 -235 -234 -206 -221 -233 0 0 0 0 -233 0 -1 0 0 0 32002 32002 0 0 0 0 0 53055
WIT 9 -235 -234 -198 -206 -206 3742 0 0 0 32002 0 -1 0 0 0 32002 32002 0 0 0 0 0 0
WIT 8 -235 -234 -195 -210 -215 0 0 0 0 -206 0 -1 0 0 0 32002 32002 0 0 0 0 0 4013
WIT 9 -235 -234 -240 -248 -198 0 0 0 0 32002 0 -1 0 0 0 32002 32002 0 0 0 0 0 0
WIT 9 -235 -234 -239 -247 -208 4020 0 0 0 32002 0 -1 0 0 0 32002 32002 0 0 0 0 0 0
WIT 8 -235 -234 -190 -197 -209 0 0 0 0 -234 0 -1 0 0 0 32002 32002 0 0 0 0 0 4020
WIT 9 -243 -234 -242 -250 -325 0 0 0 0 -234 0 -1 0 0 0 32002 32002 0 0 0 0 0 2331
WIT 11 -235 -234 -230 -251 -248 3502 0 0 1 -229 0 -1 0 0 0 32002 32002 0 0 0 0 0 3828
WIT 10 -235 -234 -242 -251 211 3502 0 1 0 32002 0 -1 0 0 0 32002 32002 0 0 0 0 0 0
WIT 10 -235 -234 -242 -261 -442 0 0 1 0 -193 0 -1 0 0 0 32002 32002 0 0 0 0 0 3893
WIT 10 -235 -234 -173 -182 -143 3763 0 1 0 32002 0 -1 0 0 0 32002 32002 0 0 0 0 0 0
WIT 10 -235 -234 -223 -232 -204 3828 0 0 0 32002 0 -1 0 0 0 32002 32002 0 0 0 0 0 0
WIT 9 -235 -234 -215 -232 -273 0 0 0 0 -213 0 -1 0 0 0 32002 32002 0 0 0 0 0 1769
WIT 8 -235 -234 -215 -222 -220 3821 0 0 0 32002 0 -1 0 0 0 32002 32002 0 0 0 0 0 0
WIT 10 -243 -234 -242 -251 -252 0 0 0 0 -234 0 -1 0 0 0 32002 32002 0 0 0 0 0 3099
WIT 11 -235 -234 -199 -220 -200 3099 1 0 0 32002 0 -1 0 0 0 32002 32002 0 0 0 0 0 0
WIT 8 -235 -234 -151 -158 -117 0 0 0 0 32002 0 -1 0 0 0 32002 32002 0 0 0 0 0 0
WIT 8 -235 -234 -60 -67 1004 1761 1 1 0 32002 0 -1 0 0 0 32002 32002 0 0 0 0 0 0
WIT 8 -243 -222 -57 -64 -238 0 0 1 0 84 0 -1 0 0 0 32002 32002 0 0 0 0 0 3381
WIT 6 -223 -222 -233 -238 -132 4022 0 0 0 32002 0 -1 0 0 0 32002 32002 0 0 0 0 0 0
WIT 9 -223 -222 -233 -241 -243 0 0 0 0 -222 0 -1 0 0 0 32002 32002 0 0 0 0 0 53055
WIT 7 -243 -222 -230 -236 -384 0 0 0 0 -242 0 -1 0 0 0 32002 32002 0 0 0 0 0 4013
WIT 6 241 242 249 244 243 0 0 0 0 253 0 -1 0 0 0 32002 32002 0 0 0 0 0 2532
WIT 7 -243 -222 -234 -240 -258 0 0 0 0 -242 0 -1 0 0 0 32002 32002 0 0 0 0 0 3494
WIT 6 241 242 347 342 329 0 0 0 0 353 0 -1 0 0 0 32002 32002 0 0 0 0 0 2347
WIT 8 -243 -222 -234 -241 -252 0 0 0 0 -242 0 -1 0 0 0 32002 32002 0 0 0 0 0 2788
WIT 6 -243 -242 -209 -214 -208 3756 0 0 0 32002 0 -1 0 0 0 32002 32002 0 0 0 0 0 0
WIT 8 -243 -222 -242 -249 -251 0 0 0 0 -242 0 -1 0 0 0 32002 32002 0 0 0 0 0 3828
WIT 7 -243 -242 -240 -246 -202 0 0 0 0 32002 0 -1 0 0 0 32002 32002 0 0 0 0 0 0
WIT 9 -243 -222 -234 -242 -402 0 0 0 0 -242 0 -1 0 0 0 32002 32002 0 0 0 0 0 2331
WIT 10 241 242 240 221 223 1681 0 0 1 241 1 1 12297 1 1 241 241 0 0 0 0 51 0
WIT 7 241 242 240 227 330 1699 0 0 0 32002 0 -1 0 0 0 32002 32002 0 0 0 0 0 0
WIT 10 -243 -222 -234 -243 -250 0 0 0 0 -242 0 -1 0 0 0 32002 32002 0 0 0 0 0 3099
WIT 8 -243 -242 -151 -158 -117 0 0 0 0 32002 0 -1 0 0 0 32002 32002 0 0 0 0 0 0
WIT 9 241 242 242 225 226 75 0 0 1 242 0 -1 0 0 0 32002 32002 0 0 0 0 0 1828
WIT 12 241 242 245 234 239 1681 0 0 1 246 0 -1 0 0 0 32002 32002 0 0 0 0 0 75
WIT 13 241 242 243 218 217 0 0 0 0 242 0 -1 0 0 0 32002 32002 0 0 0 0 0 1371
WIT 12 241 242 229 218 243 1708 1 0 0 32002 0 -1 0 0 0 32002 32002 0 0 0 0 0 0
WIT 12 241 242 239 228 229 1672 0 0 1 244 0 -1 0 0 0 32002 32002 0 0 0 0 0 1634
WIT 11 241 242 242 232 238 1371 1 0 0 243 0 -1 0 0 0 32002 32002 0 0 0 0 0 1634

===========================
Total time (ms) : 23
Nodes searched  : 18289
Nodes/second    : 795173
