
Position: 1/1 (rn1qkb1r/p1p2ppp/1p3n2/3B4/8/1P4P1/P2P1P1P/RNBQK1NR b KQkq - 0 8)
WIT 7 -107 -106 -65 -71 -72 0 0 1 0 -60 0 -1 0 0 0 32002 32002 0 0 0 0 0 268
WIT 6 -107 -106 -58 -63 -103 0 0 1 0 -83 0 -1 0 0 0 32002 32002 0 0 0 0 0 204
WIT 6 -107 -106 -100 -105 -105 82 0 0 0 32002 0 -1 0 0 0 32002 32002 0 0 0 0 0 0
WIT 6 -107 -106 -83 -88 28 49415 0 0 0 32002 0 -1 0 0 0 32002 32002 0 0 0 0 0 0
WIT 6 -107 -106 -109 -114 14 49415 0 0 0 32002 0 -1 0 0 0 32002 32002 0 0 0 0 0 0
WIT 7 -107 -106 -113 -126 -153 0 0 0 0 -131 0 -1 0 0 0 32002 32002 0 0 0 0 0 0
WIT 7 125 126 139 133 132 0 0 0 0 175 0 -1 0 0 0 32002 32002 0 0 0 0 0 3690
WIT 6 -206 -205 -119 -124 -114 82 0 0 0 32002 0 -1 0 0 0 32002 32002 0 0 0 0 0 0
WIT 6 -206 -205 -90 -95 -153 0 0 0 0 -142 0 -1 0 0 0 32002 32002 0 0 0 0 0 204
WIT 6 -206 -205 -163 -168 -214 0 0 1 0 -206 0 -1 0 0 0 32002 32002 0 0 0 0 0 0
WIT 7 -206 -205 -79 -92 -105 0 0 0 0 -217 0 -1 0 0 0 32002 32002 0 0 0 0 0 0
WIT 6 222 223 314 309 215 0 0 1 0 222 0 -1 0 0 0 32002 32002 0 0 0 0 0 0
WIT 8 222 223 206 191 203 3821 0 0 1 217 1 2 3024 1 1 222 222 1 0 5 0 70 0
WIT 6 222 223 214 209 233 3690 0 0 0 32002 0 -1 0 0 0 32002 32002 0 0 0 0 0 0
WIT 6 222 223 252 247 225 0 0 0 0 183 0 -1 0 0 0 32002 32002 0 0 0 0 0 3690
WIT 7 231 232 228 215 217 3821 0 0 1 232 0 -1 0 0 0 32002 32002 0 0 0 0 0 3828
WIT 6 231 232 223 218 242 3929 0 0 0 32002 0 -1 0 0 0 32002 32002 0 0 0 0 0 0
WIT 6 243 244 271 266 303 3690 0 0 0 32002 0 -1 0 0 0 32002 32002 0 0 0 0 0 0
WIT 8 232 233 260 245 229 0 0 0 0 238 0 -1 0 0 0 32002 32002 0 0 0 0 0 3828
WIT 6 232 233 254 249 265 3929 0 0 0 32002 0 -1 0 0 0 32002 32002 0 0 0 0 0 0
WIT 7 -214 -213 -187 -200 -208 0 0 0 0 -214 0 -1 0 0 0 32002 32002 0 0 0 0 0 0
WIT 7 229 230 248 242 281 3795 0 0 0 32002 0 -1 0 0 0 32002 32002 0 0 0 0 0 0
WIT 8 229 230 276 261 209 0 0 0 0 230 0 -1 0 0 0 32002 32002 0 0 0 0 0 53048
WIT 10 238 239 230 221 250 2291 0 0 0 32002 0 -1 0 0 0 32002 32002 0 0 0 0 0 0
WIT 7 238 239 230 217 173 0 0 0 0 239 0 -1 0 0 0 32002 32002 0 0 0 0 0 53048
WIT 7 238 239 230 217 212 0 0 0 0 226 0 -1 0 0 0 32002 32002 0 0 0 0 0 0
WIT 6 238 239 242 237 207 0 0 0 0 248 0 -1 0 0 0 32002 32002 0 0 0 0 0 53048
WIT 7 -239 -238 -225 -238 -270 0 0 0 0 -244 0 -1 0 0 0 32002 32002 0 0 0 0 0 0
WIT 9 238 239 230 213 184 0 0 1 0 242 0 -1 0 0 0 32002 32002 0 0 0 0 0 3956
WIT 6 238 239 212 207 262 3956 0 0 0 32002 0 -1 0 0 0 32002 32002 0 0 0 0 0 0
WIT 8 238 239 202 195 -729 0 0 0 0 262 0 -1 0 0 0 32002 32002 0 0 0 0 0 2915
WIT 7 238 239 200 194 260 0 0 0 0 32002 0 -1 0 0 0 32002 32002 0 0 0 0 0 0
WIT 7 238 239 230 217 207 0 0 0 0 246 0 -1 0 0 0 32002 32002 0 0 0 0 0 3690
WIT 6 250 251 230 225 247 2291 0 0 1 251 0 -1 0 0 0 32002 32002 0 0 0 0 0 2277
WIT 6 250 251 277 272 268 0 0 0 0 251 0 -1 0 0 0 32002 32002 0 0 0 0 0 53048
WIT 10 250 251 316 307 488 2265 0 0 0 32002 0 -1 0 0 0 32002 32002 0 0 0 0 0 0
WIT 9 250 251 296 288 481 2265 0 0 0 32002 0 -1 0 0 0 32002 32002 0 0 0 0 0 0
WIT 8 250 251 212 205 267 2265 0 0 0 32002 0 -1 0 0 0 32002 32002 0 0 0 0 0 0
WIT 9 250 251 259 242 -187 0 0 0 0 267 0 -1 0 0 0 32002 32002 0 0 0 0 0 2915
WIT 9 250 251 279 271 284 2276 0 1 0 32002 0 -1 0 0 0 32002 32002 0 0 0 0 0 0
WIT 9 250 251 200 192 273 0 0 0 0 32002 0 -1 0 0 0 32002 32002 0 0 0 0 0 0
WIT 9 250 251 287 279 278 0 0 0 0 251 0 -1 0 0 0 32002 32002 0 0 0 0 0 53048
WIT 8 250 251 246 239 242 2276 0 1 0 297 0 -1 0 0 0 32002 32002 0 0 0 0 0 2740
WIT 8 250 251 245 230 216 0 0 0 0 251 0 -1 0 0 0 32002 32002 0 0 0 0 0 3690
WIT 11 250 251 243 222 239 2291 0 0 1 254 0 -1 0 0 0 32002 32002 0 0 0 0 0 2277
WIT 13 250 251 250 225 225 2277 0 0 1 252 0 -1 0 0 0 32002 32002 0 0 0 0 0 53048
WIT 7 250 251 267 261 274 2277 0 0 0 32002 0 -1 0 0 0 32002 32002 0 0 0 0 0 0
WIT 10 250 251 242 233 229 0 0 0 0 251 0 -1 0 0 0 32002 32002 0 0 0 0 0 3690
WIT 7 250 251 241 228 184 0 0 1 0 251 0 -1 0 0 0 32002 32002 0 0 0 0 0 3956
WIT 8 266 267 265 250 -417 0 0 0 0 267 0 -1 0 0 0 32002 32002 0 0 0 0 0 2915
WIT 9 266 267 251 234 234 2261 1 0 0 334 0 -1 0 0 0 32002 32002 0 0 0 0 0 53048
WIT 7 266 267 200 194 267 0 0 0 0 32002 0 -1 0 0 0 32002 32002 0 0 0 0 0 0
WIT 7 266 267 251 238 224 0 0 0 0 267 0 -1 0 0 0 32002 32002 0 0 0 0 0 3690
WIT 7 -245 -244 -131 -137 -113 82 0 0 0 32002 0 -1 0 0 0 32002 32002 0 0 0 0 0 0
WIT 6 -245 -244 -159 -164 -130 49415 0 0 0 32002 0 -1 0 0 0 32002 32002 0 0 0 0 0 0
WIT 6 -245 -244 -75 -80 -99 0 0 0 0 -216 0 -1 0 0 0 32002 32002 0 0 0 0 0 49415
WIT 6 -245 -244 -102 -107 -55 49415 0 0 0 32002 0 -1 0 0 0 32002 32002 0 0 0 0 0 0
WIT 6 -245 -244 -84 -89 -49 49415 0 0 0 32002 0 -1 0 0 0 32002 32002 0 0 0 0 0 0
WIT 7 -245 -244 -109 -115 -58 49415 0 0 0 32002 0 -1 0 0 0 32002 32002 0 0 0 0 0 0
WIT 6 -245 -244 -153 -158 -128 49415 0 0 0 32002 0 -1 0 0 0 32002 32002 0 0 0 0 0 0
WIT 7 -245 -244 -83 -89 -48 49415 0 0 0 32002 0 -1 0 0 0 32002 32002 0 0 0 0 0 0
WIT 7 -245 -244 -149 -162 -141 137 0 0 0 32002 0 -1 0 0 0 32002 32002 0 0 0 0 0 0
WIT 8 -245 -244 -232 -247 -281 0 0 0 0 -245 0 -1 0 0 0 32002 32002 0 0 0 0 0 0
WIT 9 -245 -244 -213 -230 -233 0 0 0 0 -245 0 -1 0 0 0 32002 32002 0 0 0 0 0 0
WIT 7 265 266 245 239 239 3828 0 0 1 266 0 -1 0 0 0 32002 32002 0 0 0 0 0 2265
WIT 8 265 266 246 239 219 0 0 0 0 286 0 -1 0 0 0 32002 32002 0 0 0 0 0 53048
WIT 7 265 266 245 239 238 0 0 0 0 269 0 -1 0 0 0 32002 32002 0 0 0 0 0 3828
WIT 9 265 266 245 228 236 53055 0 0 1 266 0 -1 0 0 0 32002 32002 0 0 0 0 0 3690
WIT 7 265 266 256 250 256 3690 0 0 1 282 0 -1 0 0 0 32002 32002 0 0 0 0 0 53055
WIT 8 265 266 245 230 177 0 0 1 0 266 0 -1 0 0 0 32002 32002 0 0 0 0 0 3956
WIT 9 265 266 286 278 290 3379 0 0 0 32002 0 -1 0 0 0 32002 32002 0 0 0 0 0 0
WIT 6 265 266 301 296 280 0 0 0 0 266 0 -1 0 0 0 32002 32002 0 0 0 0 0 3379
WIT 10 265 266 284 275 253 0 0 0 0 266 0 -1 0 0 0 32002 32002 0 0 0 0 0 53048
WIT 10 265 266 239 220 249 53048 0 0 1 266 0 -1 0 0 0 32002 32002 0 0 0 0 0 3340
WIT 10 265 266 266 257 256 0 0 0 0 266 0 -1 0 0 0 32002 32002 0 0 0 0 0 3379
WIT 9 265 266 243 235 211 0 0 0 0 266 0 -1 0 0 0 32002 32002 0 0 0 0 0 53048
WIT 9 265 266 238 221 199 0 0 0 0 266 0 -1 0 0 0 32002 32002 0 0 0 0 0 3690
WIT 8 265 266 254 247 262 3690 0 0 1 277 0 -1 0 0 0 32002 32002 0 0 0 0 0 2265
WIT 8 265 266 245 230 229 0 0 0 0 266 0 -1 0 0 0 32002 32002 0 0 0 0 0 3828
WIT 7 265 266 251 245 254 2740 1 1 0 275 0 -1 0 0 0 32002 32002 0 0 0 0 0 2292
WIT 9 265 266 245 228 216 0 0 0 0 266 0 -1 0 0 0 32002 32002 0 0 0 0 0 3690
WIT 7 265 266 254 248 266 3929 0 0 0 32002 0 -1 0 0 0 32002 32002 0 0 0 0 0 0
WIT 7 276 277 286 280 299 3929 0 0 0 32002 0 -1 0 0 0 32002 32002 0 0 0 0 0 0
WIT 7 276 277 266 260 332 3827 0 0 0 32002 0 -1 0 0 0 32002 32002 0 0 0 0 0 0
WIT 9 276 277 286 278 290 3379 0 0 0 32002 0 -1 0 0 0 32002 32002 0 0 0 0 0 0
WIT 11 276 277 282 272 361 3929 0 0 0 32002 0 -1 0 0 0 32002 32002 0 0 0 0 0 0
WIT 7 276 277 266 260 285 2265 0 0 0 32002 0 -1 0 0 0 32002 32002 0 0 0 0 0 0
WIT 10 276 277 266 257 227 0 0 0 0 277 0 -1 0 0 0 32002 32002 0 0 0 0 0 3379
WIT 8 276 277 273 266 325 0 0 0 0 32002 0 -1 0 0 0 32002 32002 0 0 0 0 0 0
WIT 8 276 277 266 251 216 0 0 0 0 277 0 -1 0 0 0 32002 32002 0 0 0 0 0 53048
WIT 7 276 277 269 263 280 2265 0 0 0 32002 0 -1 0 0 0 32002 32002 0 0 0 0 0 0
WIT 7 276 277 268 255 249 0 0 0 0 277 0 -1 0 0 0 32002 32002 0 0 0 0 0 3828
WIT 6 276 277 273 268 268 3827 0 0 1 284 0 -1 0 0 0 32002 32002 0 0 0 0 0 2265
WIT 9 276 277 278 270 285 3356 0 0 0 32002 0 -1 0 0 0 32002 32002 0 0 0 0 0 0
WIT 12 276 277 282 271 361 3929 0 0 0 32002 0 -1 0 0 0 32002 32002 0 0 0 0 0 0
WIT 13 276 277 282 270 361 3929 0 0 0 32002 0 -1 0 0 0 32002 32002 0 0 0 0 0 0
WIT 7 -277 -276 -266 -272 -279 0 0 0 0 -261 0 -1 0 0 0 32002 32002 0 0 0 0 0 731
WIT 10 276 277 289 280 279 0 0 0 0 276 0 -1 0 0 0 32002 32002 0 0 0 0 0 0
WIT 12 276 277 277 254 227 0 0 0 0 276 0 -1 0 0 0 32002 32002 0 0 0 0 0 0
WIT 13 276 277 266 241 233 0 0 0 0 276 0 -1 0 0 0 32002 32002 0 0 0 0 0 0
WIT 10 276 277 266 247 213 0 0 0 0 276 0 -1 0 0 0 32002 32002 0 0 0 0 0 0
WIT 9 276 277 266 249 230 0 0 0 0 276 0 -1 0 0 0 32002 32002 0 0 0 0 0 0
WIT 7 -256 -255 -237 -243 -235 137 0 0 0 32002 0 -1 0 0 0 32002 32002 0 0 0 0 0 0
WIT 7 -256 -255 -219 -232 -202 204 0 0 0 32002 0 -1 0 0 0 32002 32002 0 0 0 0 0 0
WIT 9 -256 -255 -244 -261 -263 0 0 0 0 -255 0 -1 0 0 0 32002 32002 0 0 0 0 0 405
WIT 7 -241 -240 -274 -280 -275 452 0 0 1 -234 0 -1 0 0 0 32002 32002 0 0 0 0 0 731
WIT 9 -241 -240 -272 -280 -278 204 0 0 1 -226 0 -1 0 0 0 32002 32002 0 0 0 0 0 452
WIT 7 -241 -240 -260 -266 -209 452 0 0 0 32002 0 -1 0 0 0 32002 32002 0 0 0 0 0 0
WIT 8 -255 -240 -276 -283 -280 137 0 0 1 -240 0 -1 0 0 0 32002 32002 0 0 0 0 0 334
WIT 9 -241 -240 -227 -235 -236 0 0 0 0 -240 0 -1 0 0 0 32002 32002 0 0 0 0 0 452
WIT 9 -241 -240 -221 -229 -213 334 0 0 0 32002 0 -1 0 0 0 32002 32002 0 0 0 0 0 0
WIT 8 -255 -240 -276 -283 -300 0 0 1 0 -240 0 -1 0 0 0 32002 32002 0 0 0 0 0 261
WIT 11 -241 -240 -228 -238 -255 0 0 0 0 -239 0 -1 0 0 0 32002 32002 0 0 0 0 0 49415
WIT 7 240 241 225 219 201 0 0 0 0 426 0 -1 0 0 0 32002 32002 0 0 0 0 0 2880
WIT 8 -241 -240 -222 -229 -260 0 0 0 0 -245 0 -1 0 0 0 32002 32002 0 0 0 0 0 0
WIT 10 247 248 258 249 244 0 0 0 0 260 0 -1 0 0 0 32002 32002 0 0 0 0 0 4094
WIT 6 247 248 281 276 289 3964 0 0 0 32002 0 -1 0 0 0 32002 32002 0 0 0 0 0 0
WIT 7 247 248 280 267 244 0 0 0 0 261 0 -1 0 0 0 32002 32002 0 0 0 0 0 53055
WIT 9 247 248 247 239 222 0 0 1 0 259 0 -1 0 0 0 32002 32002 0 0 0 0 0 3956
WIT 9 247 248 283 275 272 0 0 0 0 254 0 -1 0 0 0 32002 32002 0 0 0 0 0 2265
WIT 8 247 248 266 259 331 3827 0 0 0 32002 0 -1 0 0 0 32002 32002 0 0 0 0 0 0
WIT 8 247 248 286 279 346 3827 0 0 0 32002 0 -1 0 0 0 32002 32002 0 0 0 0 0 0
WIT 8 247 248 277 262 210 0 0 0 0 248 0 -1 0 0 0 32002 32002 0 0 0 0 0 3690
WIT 8 247 248 268 261 255 0 0 1 0 265 0 -1 0 0 0 32002 32002 0 0 0 0 0 3956
WIT 7 247 248 266 260 258 0 0 0 0 268 0 -1 0 0 0 32002 32002 0 0 0 0 0 2265
WIT 7 247 248 266 253 219 0 0 0 0 253 0 -1 0 0 0 32002 32002 0 0 0 0 0 3690
WIT 6 247 248 282 277 300 3929 0 0 0 32002 0 -1 0 0 0 32002 32002 0 0 0 0 0 0
WIT 6 247 248 283 278 294 3821 0 0 0 32002 0 -1 0 0 0 32002 32002 0 0 0 0 0 0
WIT 8 -255 -240 -255 -262 -266 0 0 0 0 -248 0 -1 0 0 0 32002 32002 0 0 0 0 0 405
WIT 8 -249 -248 -217 -224 -254 0 0 0 0 -202 0 -1 0 0 0 32002 32002 0 0 0 0 0 528
WIT 9 -249 -248 -255 -272 -290 0 0 0 0 -249 0 -1 0 0 0 32002 32002 0 0 0 0 0 0
WIT 8 -249 -248 -255 -270 -271 0 0 0 0 -249 0 -1 0 0 0 32002 32002 0 0 0 0 0 0
WIT 7 -249 -248 -255 -268 -365 0 0 0 0 -249 0 -1 0 0 0 32002 32002 0 0 0 0 0 0
WIT 6 264 265 274 269 323 2291 0 0 0 32002 0 -1 0 0 0 32002 32002 0 0 0 0 0 0
WIT 8 264 265 251 236 236 53055 0 0 1 267 0 -1 0 0 0 32002 32002 0 0 0 0 0 53048
WIT 8 264 265 279 272 283 3795 0 0 0 32002 0 -1 0 0 0 32002 32002 0 0 0 0 0 0
WIT 7 264 265 271 258 243 0 0 0 0 265 0 -1 0 0 0 32002 32002 0 0 0 0 0 53048
WIT 8 264 265 275 260 225 0 0 0 0 267 0 -1 0 0 0 32002 32002 0 0 0 0 0 53048
WIT 6 -265 -264 -242 -247 -245 75 0 0 0 32002 0 -1 0 0 0 32002 32002 0 0 0 0 0 0
WIT 8 264 265 265 250 240 0 0 0 0 257 0 -1 0 0 0 32002 32002 0 0 0 0 0 0
WIT 7 264 265 278 272 271 0 0 0 0 257 0 -1 0 0 0 32002 32002 0 0 0 0 0 0
WIT 6 -245 -244 -217 -222 -299 0 0 0 0 -195 0 -1 0 0 0 32002 32002 0 0 0 0 0 49415
WIT 11 264 265 274 253 282 4092 0 0 0 32002 0 -1 0 0 0 32002 32002 0 0 0 0 0 0
WIT 7 264 265 393 387 459 3795 0 0 0 32002 0 -1 0 0 0 32002 32002 0 0 0 0 0 0
WIT 10 264 265 265 246 215 0 0 0 0 265 0 -1 0 0 0 32002 32002 0 0 0 0 0 53048
WIT 8 264 265 270 255 246 0 0 0 0 265 0 -1 0 0 0 32002 32002 0 0 0 0 0 2277
WIT 10 264 265 266 247 263 2277 0 0 1 265 0 -1 0 0 0 32002 32002 0 0 0 0 0 53048
WIT 7 264 265 251 238 225 0 0 0 0 265 0 -1 0 0 0 32002 32002 0 0 0 0 0 3690
WIT 7 264 265 351 345 333 0 0 0 0 265 0 -1 0 0 0 32002 32002 0 0 0 0 0 2265
WIT 9 264 265 316 308 488 2265 0 0 0 32002 0 -1 0 0 0 32002 32002 0 0 0 0 0 0
WIT 10 264 265 267 248 -180 0 0 0 0 265 0 -1 0 0 0 32002 32002 0 0 0 0 0 2915
WIT 11 264 265 251 241 278 3811 1 0 0 32002 0 -1 0 0 0 32002 32002 0 0 0 0 0 0
WIT 10 264 265 327 308 298 0 0 0 0 278 0 -1 0 0 0 32002 32002 0 0 0 0 0 53048
WIT 8 264 265 291 284 288 2268 0 1 0 32002 0 -1 0 0 0 32002 32002 0 0 0 0 0 0
WIT 8 264 265 200 193 252 0 0 0 0 261 0 -1 0 0 0 32002 32002 0 0 0 0 0 2284
WIT 9 264 265 267 250 240 0 0 0 0 265 0 -1 0 0 0 32002 32002 0 0 0 0 0 3690
WIT 6 -255 -254 -256 -261 -256 0 0 0 0 -254 0 -1 0 0 0 32002 32002 0 0 0 0 0 1439
WIT 7 -255 -254 -257 -270 -297 0 0 0 0 -254 0 -1 0 0 0 32002 32002 0 0 0 0 0 1375
WIT 6 275 276 287 282 65 0 0 0 0 295 0 -1 0 0 0 32002 32002 0 0 0 0 0 2277
WIT 8 275 276 282 275 91 0 0 0 0 275 0 -1 0 0 0 32002 32002 0 0 0 0 0 0
WIT 8 275 276 266 259 258 0 0 0 0 292 0 -1 0 0 0 32002 32002 0 0 0 0 0 2277
WIT 7 275 276 291 285 295 2277 0 0 0 32002 0 -1 0 0 0 32002 32002 0 0 0 0 0 0
WIT 10 275 276 326 317 362 0 0 0 0 32002 0 -1 0 0 0 32002 32002 0 0 0 0 0 0
WIT 6 275 276 267 262 282 3559 0 0 0 32002 0 -1 0 0 0 32002 32002 0 0 0 0 0 0
WIT 8 254 276 265 258 238 0 0 0 0 276 0 -1 0 0 0 32002 32002 0 0 0 0 0 53048
WIT 11 -276 -275 -206 -227 -253 0 0 0 0 -275 0 -1 0 0 0 32002 32002 0 0 0 0 0 528
WIT 6 275 276 320 315 189 0 0 0 0 237 0 -1 0 0 0 32002 32002 0 0 0 0 0 0
WIT 9 -276 -275 -237 -245 -305 0 0 0 0 -249 0 -1 0 0 0 32002 32002 0 0 0 0 0 854
WIT 6 -276 -275 -206 -211 -259 0 0 0 0 -227 0 -1 0 0 0 32002 32002 0 0 0 0 0 170
WIT 10 275 276 282 263 222 0 0 0 0 267 0 -1 0 0 0 32002 32002 0 0 0 0 0 0
WIT 11 -276 -275 -246 -267 -268 0 0 0 0 -293 0 -1 0 0 0 32002 32002 0 0 0 0 0 1375
WIT 9 -276 -275 -213 -221 -170 621 1 0 0 32002 0 -1 0 0 0 32002 32002 0 0 0 0 0 0
WIT 6 -276 -275 -237 -242 -269 0 0 0 0 -275 0 -1 0 0 0 32002 32002 0 0 0 0 0 82
WIT 6 -276 -275 -243 -248 -276 0 0 0 0 -292 0 -1 0 0 0 32002 32002 0 0 0 0 0 621
WIT 6 -276 -275 -237 -242 -242 621 1 0 0 32002 0 -1 0 0 0 32002 32002 0 0 0 0 0 0
WIT 6 -276 -275 -244 -249 -289 0 0 0 0 -273 0 -1 0 0 0 32002 32002 0 0 0 0 0 49415
WIT 11 -255 -254 -275 -285 -285 2 0 0 1 -284 1 2 1523 0 0 32002 32002 1 0 42 0 0 1375
WIT 6 -255 -254 -275 -280 -280 2 0 0 1 -262 1 1 11828 1 1 -255 -261 0 0 0 0 1 0
WIT 10 -255 -254 -275 -284 -387 0 0 0 0 -260 0 -1 0 0 0 32002 32002 0 0 0 0 0 0
WIT 10 -255 -254 -275 -294 -309 0 0 0 0 -259 0 -1 0 0 0 32002 32002 0 0 0 0 0 0
WIT 9 -255 -254 -275 -292 -294 0 0 0 0 -258 0 -1 0 0 0 32002 32002 0 0 0 0 0 0
WIT 6 275 276 401 396 262 0 0 1 0 436 0 -1 0 0 0 32002 32002 0 0 0 0 0 3769
WIT 9 275 276 265 248 216 0 0 0 0 284 0 -1 0 0 0 32002 32002 0 0 0 0 0 53048
WIT 11 275 276 265 244 219 0 0 0 0 276 0 -1 0 0 0 32002 32002 0 0 0 0 0 53048
WIT 10 275 276 273 264 288 53055 0 0 0 32002 0 -1 0 0 0 32002 32002 0 0 0 0 0 0
WIT 8 275 276 265 250 249 0 0 0 0 276 0 -1 0 0 0 32002 32002 0 0 0 0 0 2277
WIT 10 275 276 265 246 250 2277 0 0 1 276 0 -1 0 0 0 32002 32002 0 0 0 0 0 53048
WIT 7 275 276 282 276 275 0 0 0 0 287 0 -1 0 0 0 32002 32002 0 0 0 0 0 4092
WIT 6 275 276 271 266 253 0 0 0 0 282 0 -1 0 0 0 32002 32002 0 0 0 0 0 53048
WIT 7 275 276 265 252 201 0 0 1 0 276 0 -1 0 0 0 32002 32002 0 0 0 0 0 3956
WIT 12 275 276 320 309 418 0 0 0 0 32002 0 -1 0 0 0 32002 32002 0 0 0 0 0 0
WIT 11 275 276 284 274 358 4092 0 0 0 32002 0 -1 0 0 0 32002 32002 0 0 0 0 0 0
WIT 10 275 276 416 397 295 0 0 1 0 341 0 -1 0 0 0 32002 32002 0 0 0 0 0 3769
WIT 11 275 276 283 262 235 0 0 0 0 287 0 -1 0 0 0 32002 32002 0 0 0 0 0 53048
WIT 13 275 276 276 251 288 53055 0 0 0 32002 0 -1 0 0 0 32002 32002 0 0 0 0 0 0
WIT 9 275 276 324 316 315 0 0 0 0 318 0 -1 0 0 0 32002 32002 0 0 0 0 0 2419
WIT 6 275 276 273 268 286 53055 0 0 0 32002 0 -1 0 0 0 32002 32002 0 0 0 0 0 0
WIT 10 275 276 265 246 195 0 0 1 0 276 0 -1 0 0 0 32002 32002 0 0 0 0 0 3956
WIT 12 275 276 267 256 286 3559 0 0 0 32002 0 -1 0 0 0 32002 32002 0 0 0 0 0 0
WIT 8 275 276 297 290 361 3938 0 0 0 32002 0 -1 0 0 0 32002 32002 0 0 0 0 0 0
WIT 11 275 276 266 245 216 0 0 0 0 280 0 -1 0 0 0 32002 32002 0 0 0 0 0 53048
WIT 7 275 276 267 261 284 3559 0 0 0 32002 0 -1 0 0 0 32002 32002 0 0 0 0 0 0
WIT 7 275 276 293 287 383 3929 0 0 0 32002 0 -1 0 0 0 32002 32002 0 0 0 0 0 0
WIT 9 275 276 265 248 226 0 0 0 0 276 0 -1 0 0 0 32002 32002 0 0 0 0 0 2277
WIT 8 254 276 265 258 244 0 0 0 0 276 0 -1 0 0 0 32002 32002 0 0 0 0 0 3690
WIT 12 275 276 276 253 253 2291 0 0 1 276 0 -1 0 0 0 32002 32002 0 0 0 0 0 2277
WIT 7 275 276 276 263 262 0 0 0 0 276 0 -1 0 0 0 32002 32002 0 0 0 0 0 2277
WIT 12 275 276 276 253 272 2277 0 0 1 276 0 -1 0 0 0 32002 32002 0 0 0 0 0 53048
WIT 8 275 276 287 280 315 2291 0 0 0 32002 0 -1 0 0 0 32002 32002 0 0 0 0 0 0
WIT 10 275 276 281 262 261 0 0 0 0 286 0 -1 0 0 0 32002 32002 0 0 0 0 0 53048
WIT 11 275 276 265 244 243 0 0 0 0 276 0 -1 0 0 0 32002 32002 0 0 0 0 0 3690
WIT 10 275 276 265 246 223 0 0 1 0 276 0 -1 0 0 0 32002 32002 0 0 0 0 0 3956
WIT 12 275 276 265 254 468 2265 0 0 0 32002 0 -1 0 0 0 32002 32002 0 0 0 0 0 0
WIT 11 275 276 265 255 309 2265 0 0 0 32002 0 -1 0 0 0 32002 32002 0 0 0 0 0 0
WIT 11 275 276 265 244 64 0 0 0 0 292 0 -1 0 0 0 32002 32002 0 0 0 0 0 2915
WIT 11 275 276 313 303 340 2291 0 0 0 32002 0 -1 0 0 0 32002 32002 0 0 0 0 0 0
WIT 9 275 276 279 271 284 2276 0 1 0 32002 0 -1 0 0 0 32002 32002 0 0 0 0 0 0
WIT 8 275 276 291 284 770 3956 0 1 0 32002 0 -1 0 0 0 32002 32002 0 0 0 0 0 0
WIT 10 275 276 265 246 240 0 0 0 0 276 0 -1 0 0 0 32002 32002 0 0 0 0 0 3690
WIT 7 290 291 281 275 302 2291 0 0 0 32002 0 -1 0 0 0 32002 32002 0 0 0 0 0 0
WIT 6 290 291 289 284 290 2277 0 0 1 291 0 -1 0 0 0 32002 32002 0 0 0 0 0 3559
WIT 9 290 291 276 259 260 2277 0 0 1 290 1 2 3829 1 1 290 277 1 0 2 0 2 0
WIT 10 290 291 287 278 285 3795 0 0 1 302 0 -1 0 0 0 32002 32002 0 0 0 0 0 4092
WIT 9 290 291 337 329 366 2391 0 0 0 32002 0 -1 0 0 0 32002 32002 0 0 0 0 0 0
WIT 9 290 291 286 269 248 0 0 0 0 301 0 -1 0 0 0 32002 32002 0 0 0 0 0 53048
WIT 7 290 291 301 295 316 3795 0 0 0 32002 0 -1 0 0 0 32002 32002 0 0 0 0 0 0
WIT 11 290 291 276 255 260 53055 0 0 1 298 0 -1 0 0 0 32002 32002 0 0 0 0 0 53048
WIT 8 290 291 276 269 317 53055 0 0 0 32002 0 -1 0 0 0 32002 32002 0 0 0 0 0 0
WIT 8 290 291 276 261 260 0 0 0 0 296 0 -1 0 0 0 32002 32002 0 0 0 0 0 2277
WIT 10 290 291 276 257 272 2277 0 0 1 296 0 -1 0 0 0 32002 32002 0 0 0 0 0 53048
WIT 8 290 291 286 279 297 2291 0 0 0 32002 0 -1 0 0 0 32002 32002 0 0 0 0 0 0
WIT 7 290 291 285 272 263 0 0 0 0 297 0 -1 0 0 0 32002 32002 0 0 0 0 0 53048
WIT 7 290 291 276 263 216 0 0 1 0 295 0 -1 0 0 0 32002 32002 0 0 0 0 0 3956
WIT 11 290 291 301 291 314 3795 0 0 0 32002 0 -1 0 0 0 32002 32002 0 0 0 0 0 0
WIT 10 290 291 300 281 261 0 0 0 0 314 0 -1 0 0 0 32002 32002 0 0 0 0 0 53048
WIT 7 290 291 301 295 313 3795 0 0 0 32002 0 -1 0 0 0 32002 32002 0 0 0 0 0 0
WIT 12 290 291 297 274 275 53055 0 0 1 291 0 -1 0 0 0 32002 32002 0 0 0 0 0 53048
WIT 9 290 291 276 259 209 0 0 1 0 291 0 -1 0 0 0 32002 32002 0 0 0 0 0 3956
WIT 10 290 291 280 271 370 2391 0 0 0 32002 0 -1 0 0 0 32002 32002 0 0 0 0 0 0
WIT 8 290 291 297 290 361 3938 0 0 0 32002 0 -1 0 0 0 32002 32002 0 0 0 0 0 0
WIT 8 290 291 337 330 370 3559 0 0 0 32002 0 -1 0 0 0 32002 32002 0 0 0 0 0 0
WIT 7 290 291 503 497 562 3938 0 0 0 32002 0 -1 0 0 0 32002 32002 0 0 0 0 0 0
WIT 11 290 291 279 258 257 0 0 0 0 291 0 -1 0 0 0 32002 32002 0 0 0 0 0 53048
WIT 9 290 291 283 275 274 0 0 0 0 291 0 -1 0 0 0 32002 32002 0 0 0 0 0 53048
WIT 9 290 291 279 271 331 2412 0 0 0 32002 0 -1 0 0 0 32002 32002 0 0 0 0 0 0
WIT 7 290 291 293 287 383 3929 0 0 0 32002 0 -1 0 0 0 32002 32002 0 0 0 0 0 0
WIT 8 290 291 276 261 226 0 0 0 0 291 0 -1 0 0 0 32002 32002 0 0 0 0 0 2277
WIT 7 261 291 276 270 244 0 0 0 0 291 0 -1 0 0 0 32002 32002 0 0 0 0 0 3690
WIT 11 290 291 290 269 55 0 0 0 0 292 0 -1 0 0 0 32002 32002 0 0 0 0 0 2915
WIT 6 290 291 251 246 272 3811 1 0 0 336 0 -1 0 0 0 32002 32002 0 0 0 0 0 2915
WIT 6 290 291 281 276 269 0 0 0 0 291 0 -1 0 0 0 32002 32002 0 0 0 0 0 2284
WIT 11 290 291 276 255 255 2284 0 0 1 291 0 -1 0 0 0 32002 32002 0 0 0 0 0 53048
WIT 7 290 291 279 273 300 2724 0 1 0 32002 0 -1 0 0 0 32002 32002 0 0 0 0 0 0
WIT 10 290 291 276 257 240 0 0 0 0 291 0 -1 0 0 0 32002 32002 0 0 0 0 0 3690
WIT 12 290 291 301 290 314 3795 0 0 0 32002 0 -1 0 0 0 32002 32002 0 0 0 0 0 0
WIT 11 290 291 337 327 358 2391 0 0 0 32002 0 -1 0 0 0 32002 32002 0 0 0 0 0 0
WIT 11 290 291 312 291 263 0 0 0 0 314 0 -1 0 0 0 32002 32002 0 0 0 0 0 53048
WIT 11 290 291 314 293 340 2391 0 0 0 32002 0 -1 0 0 0 32002 32002 0 0 0 0 0 0
WIT 6 290 291 296 291 293 53055 0 0 0 32002 0 -1 0 0 0 32002 32002 0 0 0 0 0 0
WIT 10 290 291 295 276 263 0 0 0 0 291 0 -1 0 0 0 32002 32002 0 0 0 0 0 2277
WIT 7 290 291 296 283 299 2291 0 0 0 32002 0 -1 0 0 0 32002 32002 0 0 0 0 0 0
WIT 12 290 291 295 272 275 2277 0 0 1 299 0 -1 0 0 0 32002 32002 0 0 0 0 0 53048
WIT 13 290 291 312 300 290 0 0 0 0 306 0 -1 0 0 0 32002 32002 0 0 0 0 0 4092
WIT 11 290 291 286 276 307 2291 0 0 0 32002 0 -1 0 0 0 32002 32002 0 0 0 0 0 0
WIT 7 290 291 555 549 498 0 0 1 0 588 0 -1 0 0 0 32002 32002 0 0 0 0 0 3769
WIT 10 290 291 296 277 267 0 0 0 0 305 0 -1 0 0 0 32002 32002 0 0 0 0 0 53048
WIT 9 290 291 276 259 252 0 0 0 0 291 0 -1 0 0 0 32002 32002 0 0 0 0 0 3690
WIT 8 290 291 276 261 230 0 0 1 0 291 0 -1 0 0 0 32002 32002 0 0 0 0 0 3956
WIT 8 310 311 258 243 244 3938 0 0 1 300 1 1 44593 1 1 310 260 0 0 0 0 1 0
WIT 7 310 311 291 278 274 0 0 0 0 301 0 -1 0 0 0 32002 32002 0 0 0 0 0 0
WIT 11 310 311 291 270 275 53055 0 0 1 315 0 -1 0 0 0 32002 32002 0 0 0 0 0 53048
WIT 8 310 311 291 276 215 0 0 1 0 312 0 -1 0 0 0 32002 32002 0 0 0 0 0 3956
WIT 10 310 311 351 342 434 3938 0 0 0 32002 0 -1 0 0 0 32002 32002 0 0 0 0 0 0
WIT 11 310 311 291 281 338 3938 0 0 0 32002 0 -1 0 0 0 32002 32002 0 0 0 0 0 0
WIT 8 310 311 280 273 350 2391 0 0 0 32002 0 -1 0 0 0 32002 32002 0 0 0 0 0 0
WIT 7 310 311 337 331 370 3559 0 0 0 32002 0 -1 0 0 0 32002 32002 0 0 0 0 0 0
WIT 7 310 311 297 291 361 3938 0 0 0 32002 0 -1 0 0 0 32002 32002 0 0 0 0 0 0
WIT 10 310 311 291 272 257 0 0 0 0 317 0 -1 0 0 0 32002 32002 0 0 0 0 0 53048
WIT 9 310 311 291 283 336 3938 0 0 0 32002 0 -1 0 0 0 32002 32002 0 0 0 0 0 0
WIT 8 310 311 291 276 274 0 0 0 0 336 0 -1 0 0 0 32002 32002 0 0 0 0 0 53048
WIT 8 310 311 279 272 332 2412 0 0 0 32002 0 -1 0 0 0 32002 32002 0 0 0 0 0 0
WIT 8 310 311 293 286 383 3929 0 0 0 32002 0 -1 0 0 0 32002 32002 0 0 0 0 0 0
WIT 7 310 311 291 278 247 0 0 0 0 311 0 -1 0 0 0 32002 32002 0 0 0 0 0 2277
WIT 11 310 311 292 282 492 2265 0 0 0 32002 0 -1 0 0 0 32002 32002 0 0 0 0 0 0
WIT 13 310 311 265 253 332 2265 0 0 0 32002 0 -1 0 0 0 32002 32002 0 0 0 0 0 0
WIT 9 310 311 265 257 460 2265 0 0 0 32002 0 -1 0 0 0 32002 32002 0 0 0 0 0 0
WIT 10 310 311 291 272 -162 0 0 0 0 332 0 -1 0 0 0 32002 32002 0 0 0 0 0 2915
WIT 11 310 311 302 292 331 2291 0 0 0 32002 0 -1 0 0 0 32002 32002 0 0 0 0 0 0
WIT 8 310 311 279 272 299 2724 0 1 0 410 0 -1 0 0 0 32002 32002 0 0 0 0 0 3956
WIT 7 310 311 265 259 305 2713 0 0 1 413 0 -1 0 0 0 32002 32002 0 0 0 0 0 2265
WIT 9 310 311 329 321 299 0 0 0 0 339 0 -1 0 0 0 32002 32002 0 0 0 0 0 2915
WIT 6 310 311 306 301 307 2861 1 0 0 311 0 -1 0 0 0 32002 32002 0 0 0 0 0 3501
WIT 8 310 311 291 276 275 0 0 0 0 311 0 -1 0 0 0 32002 32002 0 0 0 0 0 53048
WIT 7 310 311 291 285 492 3956 0 1 0 32002 0 -1 0 0 0 32002 32002 0 0 0 0 0 0
WIT 9 310 311 291 274 267 0 0 0 0 311 0 -1 0 0 0 32002 32002 0 0 0 0 0 3690
WIT 8 310 311 347 332 383 4092 0 0 0 32002 0 -1 0 0 0 32002 32002 0 0 0 0 0 0
WIT 13 310 311 314 289 290 53055 0 0 1 311 0 -1 0 0 0 32002 32002 0 0 0 0 0 53048
WIT 7 310 311 398 392 392 53055 0 0 0 32002 0 -1 0 0 0 32002 32002 0 0 0 0 0 0
WIT 6 310 311 378 373 376 53055 0 0 0 32002 0 -1 0 0 0 32002 32002 0 0 0 0 0 0
WIT 10 310 311 291 272 262 0 0 0 0 311 0 -1 0 0 0 32002 32002 0 0 0 0 0 2277
WIT 8 310 311 305 290 291 2277 0 0 1 328 0 -1 0 0 0 32002 32002 0 0 0 0 0 4092
WIT 13 310 311 306 294 297 2291 0 0 1 311 0 -1 0 0 0 32002 32002 0 0 0 0 0 2277
WIT 11 310 311 318 308 308 2713 0 0 1 321 0 -1 0 0 0 32002 32002 0 0 0 0 0 3362
WIT 9 310 311 309 301 454 3353 0 0 0 32002 0 -1 0 0 0 32002 32002 0 0 0 0 0 0
WIT 11 310 311 286 276 307 2291 0 0 1 314 0 -1 0 0 0 32002 32002 0 0 0 0 0 2277
WIT 8 310 311 555 540 490 0 0 1 0 410 0 -1 0 0 0 32002 32002 0 0 0 0 0 3769
WIT 12 310 311 303 280 266 0 0 0 0 311 0 -1 0 0 0 32002 32002 0 0 0 0 0 53048
WIT 9 310 311 291 274 255 0 0 0 0 311 0 -1 0 0 0 32002 32002 0 0 0 0 0 3690
WIT 8 310 311 291 276 238 0 0 1 0 311 0 -1 0 0 0 32002 32002 0 0 0 0 0 3956
WIT 6 -285 -284 -210 -215 -167 49415 0 0 0 32002 0 -1 0 0 0 32002 32002 0 0 0 0 0 0
WIT 7 -285 -284 -249 -262 -258 82 0 0 0 32002 0 -1 0 0 0 32002 32002 0 0 0 0 0 0
WIT 8 283 284 357 350 313 0 0 0 0 317 0 -1 0 0 0 32002 32002 0 0 0 0 0 2277
WIT 6 283 284 291 286 290 2277 0 0 0 32002 0 -1 0 0 0 32002 32002 0 0 0 0 0 0
WIT 6 283 284 311 306 375 3938 0 0 0 32002 0 -1 0 0 0 32002 32002 0 0 0 0 0 0
WIT 7 -284 -283 -215 -221 -232 0 0 0 0 -254 0 -1 0 0 0 32002 32002 0 0 0 0 0 2
WIT 9 -284 -283 -260 -268 -287 0 0 0 0 -283 0 -1 0 0 0 32002 32002 0 0 0 0 0 621
WIT 8 -284 -283 -275 -290 -290 324 0 0 1 -275 0 -1 0 0 0 32002 32002 0 0 0 0 0 621
WIT 9 -284 -283 -301 -318 -448 0 0 0 0 -283 0 -1 0 0 0 32002 32002 0 0 0 0 0 49415
WIT 7 -284 -283 -262 -268 -251 204 0 0 0 32002 0 -1 0 0 0 32002 32002 0 0 0 0 0 0
WIT 6 -249 -248 -273 -278 -213 213 0 0 0 32002 0 -1 0 0 0 32002 32002 0 0 0 0 0 0
WIT 8 -249 -248 -274 -289 -277 204 0 0 1 -247 0 -1 0 0 0 32002 32002 0 0 0 0 0 49415
WIT 8 -249 -248 -262 -269 -248 204 0 0 0 32002 0 -1 0 0 0 32002 32002 0 0 0 0 0 0
WIT 8 -249 -248 -228 -235 -238 0 0 0 0 -196 0 -1 0 0 0 32002 32002 0 0 0 0 0 204
WIT 8 -249 -248 -195 -202 -171 621 1 0 0 32002 0 -1 0 0 0 32002 32002 0 0 0 0 0 0
WIT 7 -249 -248 -201 -214 -215 0 0 0 0 -208 0 -1 0 0 0 32002 32002 0 0 0 0 0 49415
WIT 7 -249 -248 -229 -235 -301 0 0 1 0 -225 0 -1 0 0 0 32002 32002 0 0 0 0 0 204
WIT 6 -249 -248 -254 -259 -223 0 0 0 0 32002 0 -1 0 0 0 32002 32002 0 0 0 0 0 0
WIT 7 -249 -248 -254 -267 -275 0 0 1 0 -251 0 -1 0 0 0 32002 32002 0 0 0 0 0 0
WIT 7 283 284 249 243 263 4092 0 0 1 284 0 -1 0 0 0 32002 32002 0 0 0 0 0 3362
WIT 6 283 284 249 244 198 0 0 0 0 266 0 -1 0 0 0 32002 32002 0 0 0 0 0 0
WIT 6 -279 -278 -215 -220 -99 49415 0 0 0 32002 0 -1 0 0 0 32002 32002 0 0 0 0 0 0
WIT 6 -279 -278 -172 -177 -139 49415 0 0 0 32002 0 -1 0 0 0 32002 32002 0 0 0 0 0 0
WIT 6 -279 -278 -191 -196 -166 49415 0 0 0 32002 0 -1 0 0 0 32002 32002 0 0 0 0 0 0
WIT 6 -279 -278 -202 -207 -167 49415 0 0 0 32002 0 -1 0 0 0 32002 32002 0 0 0 0 0 0
WIT 11 277 278 311 290 292 2291 0 0 0 32002 0 -1 0 0 0 32002 32002 0 0 0 0 0 0
WIT 13 277 278 311 286 289 2277 0 0 0 32002 0 -1 0 0 0 32002 32002 0 0 0 0 0 0
WIT 10 277 278 311 292 260 0 0 0 0 289 0 -1 0 0 0 32002 32002 0 0 0 0 0 3690
WIT 6 277 278 299 294 304 53055 0 0 0 32002 0 -1 0 0 0 32002 32002 0 0 0 0 0 0
WIT 9 277 278 311 294 247 0 0 1 0 288 0 -1 0 0 0 32002 32002 0 0 0 0 0 3956
WIT 8 -279 -278 -249 -264 -261 82 0 0 0 32002 0 -1 0 0 0 32002 32002 0 0 0 0 0 0
WIT 10 -271 -270 -271 -290 -301 0 0 0 0 -307 0 -1 0 0 0 32002 32002 0 0 0 0 0 0
WIT 9 -271 -270 -272 -289 -398 0 0 0 0 -285 0 -1 0 0 0 32002 32002 0 0 0 0 0 0
WIT 9 -271 -270 -273 -290 -291 0 0 0 0 -283 0 -1 0 0 0 32002 32002 0 0 0 0 0 0
WIT 8 293 294 327 320 -255 0 0 0 0 335 0 -1 0 0 0 32002 32002 0 0 0 0 0 2916
WIT 7 293 294 287 274 270 0 0 0 0 327 0 -1 0 0 0 32002 32002 0 0 0 0 0 2724
WIT 8 293 294 314 299 167 0 0 0 0 310 0 -1 0 0 0 32002 32002 0 0 0 0 0 2715
WIT 7 293 294 310 297 260 0 0 0 0 308 0 -1 0 0 0 32002 32002 0 0 0 0 0 2527
WIT 6 293 294 293 288 239 0 0 0 0 290 0 -1 0 0 0 32002 32002 0 0 0 0 0 0
WIT 7 270 294 283 277 109 0 0 0 0 302 0 -1 0 0 0 32002 32002 0 0 0 0 0 3501
WIT 8 293 294 291 284 295 2277 0 0 0 32002 0 -1 0 0 0 32002 32002 0 0 0 0 0 0
WIT 8 293 294 291 276 285 2291 0 0 1 294 0 -1 0 0 0 32002 32002 0 0 0 0 0 2277
WIT 7 293 294 292 279 267 0 0 0 0 294 0 -1 0 0 0 32002 32002 0 0 0 0 0 2277
WIT 7 293 294 290 277 270 0 0 0 0 294 0 -1 0 0 0 32002 32002 0 0 0 0 0 3938
WIT 7 270 294 281 275 265 0 0 0 0 294 0 -1 0 0 0 32002 32002 0 0 0 0 0 3559
WIT 6 -294 -293 -470 -475 -534 0 0 0 0 -301 0 -1 0 0 0 32002 32002 0 0 0 0 0 0
WIT 8 293 294 294 287 282 0 0 0 0 299 0 -1 0 0 0 32002 32002 0 0 0 0 0 2715
WIT 10 293 294 436 427 258 0 0 1 0 360 0 -1 0 0 0 32002 32002 0 0 0 0 0 3769
WIT 10 293 294 310 291 287 0 0 0 0 335 0 -1 0 0 0 32002 32002 0 0 0 0 0 3287
WIT 9 293 294 429 421 598 4063 1 0 0 32002 0 -1 0 0 0 32002 32002 0 0 0 0 0 0
WIT 10 293 294 308 289 202 0 0 0 0 326 0 -1 0 0 0 32002 32002 0 0 0 0 0 2715
WIT 9 293 294 386 378 377 0 0 0 0 353 0 -1 0 0 0 32002 32002 0 0 0 0 0 3920
WIT 6 -294 -293 -213 -218 -230 0 0 0 0 -286 0 -1 0 0 0 32002 32002 0 0 0 0 0 1371
WIT 9 293 294 306 289 244 0 0 0 0 293 0 -1 0 0 0 32002 32002 0 0 0 0 0 0
WIT 11 293 294 301 280 228 0 0 0 0 293 0 -1 0 0 0 32002 32002 0 0 0 0 0 0
WIT 10 293 294 294 275 273 0 0 0 0 293 0 -1 0 0 0 32002 32002 0 0 0 0 0 0
WIT 8 -294 -293 -216 -223 -191 324 0 0 0 32002 0 -1 0 0 0 32002 32002 0 0 0 0 0 0
WIT 7 -294 -270 -293 -299 -300 0 0 0 0 -274 0 -1 0 0 0 32002 32002 0 0 0 0 0 621
WIT 6 -275 -274 -245 -250 -256 0 0 0 0 -285 0 -1 0 0 0 32002 32002 0 0 0 0 0 1375
WIT 7 -275 -274 -266 -279 -280 0 0 0 0 -274 0 -1 0 0 0 32002 32002 0 0 0 0 0 82
WIT 7 -275 -274 -275 -288 -291 0 0 0 0 -273 0 -1 0 0 0 32002 32002 0 0 0 0 0 1375
WIT 8 -275 -274 -257 -264 -265 0 0 0 0 -270 0 -1 0 0 0 32002 32002 0 0 0 0 0 2
WIT 7 -275 -274 -283 -289 -289 2 0 0 1 -274 0 -1 0 0 0 32002 32002 0 0 0 0 0 1375
WIT 7 -275 -274 -283 -289 -430 0 0 0 0 -274 0 -1 0 0 0 32002 32002 0 0 0 0 0 82
WIT 7 -275 -274 -254 -267 -337 0 0 0 0 -274 0 -1 0 0 0 32002 32002 0 0 0 0 0 621
WIT 7 -275 -274 -264 -270 -456 0 0 0 0 -279 0 -1 0 0 0 32002 32002 0 0 0 0 0 0
WIT 7 -275 -274 -268 -281 -284 0 0 0 0 -278 0 -1 0 0 0 32002 32002 0 0 0 0 0 0
WIT 7 -275 -274 -245 -258 -288 0 0 0 0 -276 0 -1 0 0 0 32002 32002 0 0 0 0 0 0
WIT 7 -275 -274 -245 -258 -265 0 0 0 0 -275 0 -1 0 0 0 32002 32002 0 0 0 0 0 0
WIT 6 273 274 315 310 316 2277 0 0 0 32002 0 -1 0 0 0 32002 32002 0 0 0 0 0 0
WIT 7 -294 -270 -293 -299 -313 0 0 0 0 -274 0 -1 0 0 0 32002 32002 0 0 0 0 0 137
WIT 7 -275 -274 -216 -222 -193 324 0 0 0 32002 0 -1 0 0 0 32002 32002 0 0 0 0 0 0
WIT 7 273 274 306 293 243 0 0 1 0 289 0 -1 0 0 0 32002 32002 0 0 0 0 0 3956
WIT 9 -275 -274 -219 -236 -236 137 0 0 0 32002 0 -1 0 0 0 32002 32002 0 0 0 0 0 0
WIT 8 -275 -274 -222 -229 -163 49415 0 0 0 32002 0 -1 0 0 0 32002 32002 0 0 0 0 0 0
WIT 8 -275 -274 -172 -179 -146 49415 0 0 0 32002 0 -1 0 0 0 32002 32002 0 0 0 0 0 0
WIT 6 -275 -274 -191 -196 -166 49415 0 0 0 32002 0 -1 0 0 0 32002 32002 0 0 0 0 0 0
WIT 6 -275 -274 -234 -239 -99 49415 0 0 0 32002 0 -1 0 0 0 32002 32002 0 0 0 0 0 0
WIT 7 -275 -274 -238 -244 -244 49415 0 0 0 32002 0 -1 0 0 0 32002 32002 0 0 0 0 0 0
WIT 7 -275 -274 -215 -221 -84 49415 0 0 0 32002 0 -1 0 0 0 32002 32002 0 0 0 0 0 0
WIT 7 -275 -274 -228 -234 -189 49415 0 0 0 32002 0 -1 0 0 0 32002 32002 0 0 0 0 0 0
WIT 7 -275 -274 -242 -248 -200 49415 0 0 0 32002 0 -1 0 0 0 32002 32002 0 0 0 0 0 0
WIT 7 -275 -274 -207 -213 -96 49415 0 0 0 32002 0 -1 0 0 0 32002 32002 0 0 0 0 0 0
WIT 7 -275 -274 -149 -162 -141 137 0 0 0 32002 0 -1 0 0 0 32002 32002 0 0 0 0 0 0
WIT 7 -275 -274 -202 -208 -163 49415 0 0 0 32002 0 -1 0 0 0 32002 32002 0 0 0 0 0 0
WIT 7 -275 -274 -198 -204 -77 49415 0 0 0 32002 0 -1 0 0 0 32002 32002 0 0 0 0 0 0
WIT 13 273 274 265 253 332 2265 0 0 0 32002 0 -1 0 0 0 32002 32002 0 0 0 0 0 0
WIT 11 273 274 265 255 468 2265 0 0 0 32002 0 -1 0 0 0 32002 32002 0 0 0 0 0 0
WIT 11 273 274 292 282 492 2265 0 0 0 32002 0 -1 0 0 0 32002 32002 0 0 0 0 0 0
WIT 7 273 274 421 415 442 2265 0 0 0 32002 0 -1 0 0 0 32002 32002 0 0 0 0 0 0
WIT 6 273 274 377 372 442 2265 0 0 0 32002 0 -1 0 0 0 32002 32002 0 0 0 0 0 0
WIT 12 273 274 330 307 -396 0 0 0 0 275 0 -1 0 0 0 32002 32002 0 0 0 0 0 2915
WIT 12 273 274 311 288 288 2284 0 0 0 32002 0 -1 0 0 0 32002 32002 0 0 0 0 0 0
WIT 10 273 274 399 390 792 2724 0 1 0 32002 0 -1 0 0 0 32002 32002 0 0 0 0 0 0
WIT 8 273 274 291 284 491 3956 0 1 0 32002 0 -1 0 0 0 32002 32002 0 0 0 0 0 0
WIT 14 273 274 311 284 284 2291 0 0 0 32002 0 -1 0 0 0 32002 32002 0 0 0 0 0 0
WIT 12 273 274 301 290 314 3795 0 0 0 32002 0 -1 0 0 0 32002 32002 0 0 0 0 0 0
WIT 6 273 274 291 286 371 4092 0 0 0 32002 0 -1 0 0 0 32002 32002 0 0 0 0 0 0
WIT 17 273 274 311 278 278 3559 0 0 0 32002 0 -1 0 0 0 32002 32002 0 0 0 0 0 0
WIT 12 273 274 400 377 377 3763 0 1 0 32002 0 -1 0 0 0 32002 32002 0 0 0 0 0 0
WIT 13 273 274 313 301 301 2291 0 0 0 32002 0 -1 0 0 0 32002 32002 0 0 0 0 0 0
WIT 14 273 274 311 284 271 0 0 0 0 278 0 -1 0 0 0 32002 32002 0 0 0 0 0 53048
WIT 13 273 274 288 263 254 0 0 0 0 274 0 -1 0 0 0 32002 32002 0 0 0 0 0 3690
WIT 9 273 274 299 291 291 2284 0 0 0 32002 0 -1 0 0 0 32002 32002 0 0 0 0 0 0
WIT 12 273 274 287 264 221 0 0 1 0 274 0 -1 0 0 0 32002 32002 0 0 0 0 0 3956
WIT 6 274 275 426 421 245 0 0 0 0 323 0 -1 0 0 0 32002 32002 0 0 0 0 0 2258
WIT 8 274 275 405 390 307 0 0 0 0 317 0 -1 0 0 0 32002 32002 0 0 0 0 0 2880
WIT 6 274 275 378 373 202 0 0 0 0 399 0 -1 0 0 0 32002 32002 0 0 0 0 0 2898
WIT 6 274 275 284 279 228 0 0 0 0 383 0 -1 0 0 0 32002 32002 0 0 0 0 0 2258
WIT 8 -275 -274 -274 -281 -336 0 0 0 0 -292 0 -1 0 0 0 32002 32002 0 0 0 0 0 0
WIT 9 274 275 256 248 226 0 0 0 0 284 0 -1 0 0 0 32002 32002 0 0 0 0 0 2880
WIT 8 274 275 351 344 328 0 0 0 0 229 0 -1 0 0 0 32002 32002 0 0 0 0 0 0
WIT 7 -275 -274 -210 -216 -224 0 0 0 0 -272 0 -1 0 0 0 32002 32002 0 0 0 0 0 324
WIT 13 -275 -274 -239 -264 -266 0 0 0 0 -274 0 -1 0 0 0 32002 32002 0 0 0 0 0 49415
WIT 10 -275 -274 -262 -271 -272 0 0 0 0 -274 0 -1 0 0 0 32002 32002 0 0 0 0 0 731
WIT 12 -275 -274 -276 -299 -300 0 0 0 0 -275 0 -1 0 0 0 32002 32002 0 0 0 0 0 0
WIT 11 -275 -274 -276 -297 -311 0 0 0 0 -275 0 -1 0 0 0 32002 32002 0 0 0 0 0 0
WIT 10 274 275 273 264 322 0 0 0 0 32002 0 -1 0 0 0 32002 32002 0 0 0 0 0 0
WIT 10 274 275 339 330 330 3956 0 0 0 32002 0 -1 0 0 0 32002 32002 0 0 0 0 0 0
WIT 8 274 275 286 279 326 3559 0 0 0 32002 0 -1 0 0 0 32002 32002 0 0 0 0 0 0
WIT 12 274 275 277 254 249 0 0 0 0 275 0 -1 0 0 0 32002 32002 0 0 0 0 0 53048
WIT 8 274 275 267 260 268 3379 0 0 1 275 0 -1 0 0 0 32002 32002 0 0 0 0 0 53048
WIT 12 -275 -274 -240 -263 -275 0 0 1 0 -275 0 -1 0 0 0 32002 32002 0 0 0 0 0 0
WIT 13 274 275 287 275 406 2265 0 0 0 32002 0 -1 0 0 0 32002 32002 0 0 0 0 0 0
WIT 13 274 275 270 258 288 3827 0 0 0 32002 0 -1 0 0 0 32002 32002 0 0 0 0 0 0
WIT 8 274 275 316 309 519 3827 0 0 0 32002 0 -1 0 0 0 32002 32002 0 0 0 0 0 0
WIT 12 274 275 259 248 234 0 0 0 0 278 0 -1 0 0 0 32002 32002 0 0 0 0 0 4094
WIT 8 274 275 268 261 253 0 0 0 0 274 0 -1 0 0 0 32002 32002 0 0 0 0 0 0
WIT 6 -275 -274 -262 -267 -273 0 0 0 0 -233 0 -1 0 0 0 32002 32002 0 0 0 0 0 794
WIT 10 274 275 261 242 241 0 0 0 0 274 0 -1 0 0 0 32002 32002 0 0 0 0 0 0
WIT 6 -275 -274 -246 -251 -249 324 0 0 0 32002 0 -1 0 0 0 32002 32002 0 0 0 0 0 0
WIT 9 274 275 276 268 257 0 0 0 0 272 0 -1 0 0 0 32002 32002 0 0 0 0 0 0
WIT 6 -275 -274 -230 -235 -259 0 0 0 0 -266 0 -1 0 0 0 32002 32002 0 0 0 0 0 820
WIT 11 274 275 258 237 230 0 0 1 0 274 0 -1 0 0 0 32002 32002 0 0 0 0 0 0
WIT 10 274 275 248 229 220 0 0 0 0 274 0 -1 0 0 0 32002 32002 0 0 0 0 0 0
WIT 8 -275 -274 -171 -178 -154 82 0 0 0 32002 0 -1 0 0 0 32002 32002 0 0 0 0 0 0

===========================
Total time (ms) : 27
Nodes searched  : 20871
Nodes/second    : 773000
