
Position: 1/1 (rnbqk2r/pppp1ppp/4pn2/8/1bPP4/1QN3P1/PP2PPBP/R1B1K1NR b KQkq - 4 6)
WIT 6 264 265 279 274 247 0 0 1 0 273 0 -1 0 0 0 32002 32002 0 0 0 0 0 1106
WIT 7 275 276 294 288 301 166 0 0 0 32002 0 -1 0 0 0 32002 32002 0 0 0 0 0 0
WIT 7 275 276 301 295 349 166 0 0 0 32002 0 -1 0 0 0 32002 32002 0 0 0 0 0 0
WIT 7 275 276 272 259 242 0 0 1 0 280 0 -1 0 0 0 32002 32002 0 0 0 0 0 1106
WIT 7 321 322 332 326 326 1763 0 0 0 32002 0 -1 0 0 0 32002 32002 0 0 0 0 0 0
WIT 8 321 322 309 294 249 0 0 0 0 322 0 -1 0 0 0 32002 32002 0 0 0 0 0 405
WIT 7 321 322 317 311 359 601 0 0 0 32002 0 -1 0 0 0 32002 32002 0 0 0 0 0 0
WIT 7 321 322 301 295 385 796 0 0 0 32002 0 -1 0 0 0 32002 32002 0 0 0 0 0 0
WIT 8 321 322 310 295 268 0 0 1 0 331 0 -1 0 0 0 32002 32002 0 0 0 0 0 1106
WIT 6 321 322 352 347 330 0 0 0 0 370 0 -1 0 0 0 32002 32002 0 0 0 0 0 796
WIT 8 321 322 370 363 386 1828 0 0 0 32002 0 -1 0 0 0 32002 32002 0 0 0 0 0 0
WIT 7 321 322 343 330 307 0 0 0 0 371 0 -1 0 0 0 32002 32002 0 0 0 0 0 796
WIT 6 321 322 333 328 422 601 0 0 0 32002 0 -1 0 0 0 32002 32002 0 0 0 0 0 0
WIT 7 321 322 309 296 278 0 0 0 0 321 0 -1 0 0 0 32002 32002 0 0 0 0 0 796
WIT 6 321 322 347 342 340 0 0 0 0 322 0 -1 0 0 0 32002 32002 0 0 0 0 0 49415
WIT 6 321 322 311 306 288 0 0 0 0 322 0 -1 0 0 0 32002 32002 0 0 0 0 0 405
WIT 6 321 322 319 314 314 796 0 0 1 324 0 -1 0 0 0 32002 32002 0 0 0 0 0 405
WIT 6 321 322 319 314 329 796 0 0 0 32002 0 -1 0 0 0 32002 32002 0 0 0 0 0 0
WIT 6 321 322 343 338 342 405 0 0 0 32002 0 -1 0 0 0 32002 32002 0 0 0 0 0 0
WIT 6 338 339 347 342 404 1106 1 1 0 32002 0 -1 0 0 0 32002 32002 0 0 0 0 0 0
WIT 6 338 339 331 326 349 796 0 0 0 32002 0 -1 0 0 0 32002 32002 0 0 0 0 0 0
WIT 8 338 339 330 315 286 0 0 1 0 339 0 -1 0 0 0 32002 32002 0 0 0 0 0 1106
WIT 7 338 339 322 309 313 528 0 0 1 338 1 1 -3256 1 1 338 321 0 0 0 0 1 0
WIT 6 -327 -326 -299 -304 -293 1652 0 0 0 32002 0 -1 0 0 0 32002 32002 0 0 0 0 0 0
WIT 6 -309 -308 -271 -276 -259 0 0 0 0 32002 0 -1 0 0 0 32002 32002 0 0 0 0 0 0
WIT 7 -309 -308 -294 -300 -278 53055 0 0 0 32002 0 -1 0 0 0 32002 32002 0 0 0 0 0 0
WIT 6 317 318 330 325 333 796 0 0 0 32002 0 -1 0 0 0 32002 32002 0 0 0 0 0 0
WIT 7 336 337 340 334 335 1380 0 0 1 337 0 -1 0 0 0 32002 32002 0 0 0 0 0 323
WIT 7 336 337 335 329 311 0 0 0 0 337 0 -1 0 0 0 32002 32002 0 0 0 0 0 1106
WIT 6 -308 -307 -270 -275 -242 0 0 0 0 32002 0 -1 0 0 0 32002 32002 0 0 0 0 0 0
WIT 7 307 308 338 332 353 1106 1 1 0 32002 0 -1 0 0 0 32002 32002 0 0 0 0 0 0
WIT 7 336 337 338 332 353 1106 1 1 0 32002 0 -1 0 0 0 32002 32002 0 0 0 0 0 0
WIT 8 336 337 534 527 435 0 0 0 0 400 0 -1 0 0 0 32002 32002 0 0 0 0 0 1113
WIT 7 -337 -336 -253 -259 -228 2908 1 0 0 32002 0 -1 0 0 0 32002 32002 0 0 0 0 0 0
WIT 10 -337 -336 -307 -326 -344 0 0 0 0 -321 0 -1 0 0 0 32002 32002 0 0 0 0 0 3299
WIT 9 336 337 337 329 349 593 0 0 0 32002 0 -1 0 0 0 32002 32002 0 0 0 0 0 0
WIT 10 336 337 339 330 333 405 0 0 1 339 0 -1 0 0 0 32002 32002 0 0 0 0 0 796
WIT 6 336 337 301 296 376 796 0 0 0 32002 0 -1 0 0 0 32002 32002 0 0 0 0 0 0
WIT 11 336 337 339 318 285 0 0 1 0 337 0 -1 0 0 0 32002 32002 0 0 0 0 0 1106
WIT 9 336 337 348 340 335 0 0 0 0 353 0 -1 0 0 0 32002 32002 0 0 0 0 0 1106
WIT 7 336 337 322 316 316 1763 0 0 1 337 0 -1 0 0 0 32002 32002 0 0 0 0 0 323
WIT 8 336 337 322 315 314 0 0 0 0 337 0 -1 0 0 0 32002 32002 0 0 0 0 0 49415
WIT 7 336 337 322 316 315 0 0 0 0 337 0 -1 0 0 0 32002 32002 0 0 0 0 0 49415
WIT 6 336 337 343 338 336 0 0 0 0 336 0 -1 0 0 0 32002 32002 0 0 0 0 0 1371
WIT 7 336 337 328 322 322 796 0 0 1 341 0 -1 0 0 0 32002 32002 0 0 0 0 0 405
WIT 7 336 337 338 332 342 1380 0 0 0 32002 0 -1 0 0 0 32002 32002 0 0 0 0 0 0
WIT 9 336 337 336 319 331 323 0 0 1 339 0 -1 0 0 0 32002 32002 0 0 0 0 0 1763
WIT 8 336 337 332 317 316 0 0 0 0 337 0 -1 0 0 0 32002 32002 0 0 0 0 0 49415
WIT 10 336 337 336 327 328 166 0 0 1 342 0 -1 0 0 0 32002 32002 0 0 0 0 0 49415
WIT 7 336 337 337 331 337 593 0 0 0 32002 0 -1 0 0 0 32002 32002 0 0 0 0 0 0
WIT 10 336 337 323 314 290 0 0 1 0 337 0 -1 0 0 0 32002 32002 0 0 0 0 0 1106
WIT 9 336 337 336 328 343 594 1 0 0 32002 0 -1 0 0 0 32002 32002 0 0 0 0 0 0
WIT 9 336 337 338 321 331 323 0 0 1 339 0 -1 0 0 0 32002 32002 0 0 0 0 0 1763
WIT 8 336 337 328 321 318 0 0 0 0 338 0 -1 0 0 0 32002 32002 0 0 0 0 0 49415
WIT 8 336 337 322 315 315 166 0 0 1 341 0 -1 0 0 0 32002 32002 0 0 0 0 0 49415
WIT 7 336 337 322 316 316 166 0 0 1 337 0 -1 0 0 0 32002 32002 0 0 0 0 0 49415
WIT 7 336 337 337 331 331 166 0 0 1 335 1 1 3688 1 1 336 331 0 0 0 0 27 0
WIT 6 336 337 332 327 315 0 0 0 0 336 0 -1 0 0 0 32002 32002 0 0 0 0 0 0
WIT 7 -337 -307 -336 -342 -339 53055 0 0 1 -332 1 1 12787 1 1 -332 -336 0 0 0 0 2 3299
WIT 6 331 332 330 325 333 405 0 0 0 32002 0 -1 0 0 0 32002 32002 0 0 0 0 0 0
WIT 7 341 342 337 331 340 323 0 0 1 342 0 -1 0 0 0 32002 32002 0 0 0 0 0 593
WIT 9 341 342 337 329 328 0 0 0 0 342 0 -1 0 0 0 32002 32002 0 0 0 0 0 1106
WIT 9 341 342 342 334 341 323 0 0 1 342 0 -1 0 0 0 32002 32002 0 0 0 0 0 593
WIT 7 341 342 342 336 331 0 0 0 0 341 0 -1 0 0 0 32002 32002 0 0 0 0 0 0
WIT 11 341 342 341 331 352 1380 0 0 0 32002 0 -1 0 0 0 32002 32002 0 0 0 0 0 0
WIT 7 -342 -341 -341 -347 -357 0 0 0 0 -342 0 -1 0 0 0 32002 32002 0 0 0 0 0 0
WIT 6 341 342 337 332 354 1380 0 0 0 32002 0 -1 0 0 0 32002 32002 0 0 0 0 0 0
WIT 11 341 342 337 316 289 0 0 1 0 342 0 -1 0 0 0 32002 32002 0 0 0 0 0 1106
WIT 9 341 342 342 325 325 1380 0 0 1 342 0 -1 0 0 0 32002 32002 0 0 0 0 0 323
WIT 9 341 342 341 333 293 0 0 0 0 341 0 -1 0 0 0 32002 32002 0 0 0 0 0 0
WIT 6 312 313 337 332 332 796 0 0 0 32002 0 -1 0 0 0 32002 32002 0 0 0 0 0 0
WIT 8 -314 -313 -262 -269 -340 0 0 0 0 -292 0 -1 0 0 0 32002 32002 0 0 0 0 0 1618
WIT 6 -314 -313 -165 -170 -171 0 0 0 0 -179 0 -1 0 0 0 32002 32002 0 0 0 0 0 2715
WIT 7 312 313 330 324 324 796 0 0 0 32002 0 -1 0 0 0 32002 32002 0 0 0 0 0 0
WIT 6 312 313 347 342 344 405 0 0 0 32002 0 -1 0 0 0 32002 32002 0 0 0 0 0 0
WIT 8 336 337 337 330 357 1763 0 0 0 32002 0 -1 0 0 0 32002 32002 0 0 0 0 0 0
WIT 6 336 337 337 332 332 1763 0 0 1 337 0 -1 0 0 0 32002 32002 0 0 0 0 0 323
WIT 6 336 337 341 336 336 323 0 0 1 345 0 -1 0 0 0 32002 32002 0 0 0 0 0 166
WIT 6 336 337 337 332 337 1763 0 0 0 32002 0 -1 0 0 0 32002 32002 0 0 0 0 0 0
WIT 12 336 337 342 319 287 0 0 1 0 342 0 -1 0 0 0 32002 32002 0 0 0 0 0 1106
WIT 7 336 337 342 329 316 0 0 0 0 337 0 -1 0 0 0 32002 32002 0 0 0 0 0 1106
WIT 12 336 337 342 319 321 1380 0 0 1 337 0 -1 0 0 0 32002 32002 0 0 0 0 0 323
WIT 11 336 337 342 321 338 594 1 0 0 32002 0 -1 0 0 0 32002 32002 0 0 0 0 0 0
WIT 7 336 337 342 336 336 1380 0 0 1 342 0 -1 0 0 0 32002 32002 0 0 0 0 0 323
WIT 9 336 337 418 410 822 1371 1 0 0 32002 0 -1 0 0 0 32002 32002 0 0 0 0 0 0
WIT 8 336 337 342 335 403 594 1 0 0 32002 0 -1 0 0 0 32002 32002 0 0 0 0 0 0
WIT 8 336 337 342 335 297 0 0 0 0 359 0 -1 0 0 0 32002 32002 0 0 0 0 0 1114
WIT 6 336 337 499 494 383 0 0 0 0 502 0 -1 0 0 0 32002 32002 0 0 0 0 0 1764
WIT 7 336 337 342 336 282 0 0 0 0 337 0 -1 0 0 0 32002 32002 0 0 0 0 0 1380
WIT 6 336 337 342 337 328 0 0 0 0 337 0 -1 0 0 0 32002 32002 0 0 0 0 0 323
WIT 11 336 337 342 321 320 0 0 0 0 337 0 -1 0 0 0 32002 32002 0 0 0 0 0 49415
WIT 8 336 337 402 395 398 796 0 0 0 32002 0 -1 0 0 0 32002 32002 0 0 0 0 0 0
WIT 6 336 337 337 332 354 1763 0 0 0 32002 0 -1 0 0 0 32002 32002 0 0 0 0 0 0
WIT 8 336 337 332 325 325 49415 0 0 1 339 0 -1 0 0 0 32002 32002 0 0 0 0 0 528
WIT 8 336 337 340 333 333 1763 0 0 1 341 0 -1 0 0 0 32002 32002 0 0 0 0 0 49415
WIT 8 336 337 322 315 315 1763 0 0 1 337 0 -1 0 0 0 32002 32002 0 0 0 0 0 49415
WIT 8 336 337 322 315 315 1763 0 0 1 337 0 -1 0 0 0 32002 32002 0 0 0 0 0 49415
WIT 7 336 337 337 331 406 593 0 0 0 32002 0 -1 0 0 0 32002 32002 0 0 0 0 0 0
WIT 7 336 337 337 331 337 1763 0 0 0 32002 0 -1 0 0 0 32002 32002 0 0 0 0 0 0
WIT 8 336 337 337 330 324 0 0 0 0 337 0 -1 0 0 0 32002 32002 0 0 0 0 0 49415
WIT 12 336 337 338 327 337 405 0 0 0 32002 0 -1 0 0 0 32002 32002 0 0 0 0 0 0
WIT 6 336 337 354 349 359 593 0 0 0 32002 0 -1 0 0 0 32002 32002 0 0 0 0 0 0
WIT 13 336 337 337 312 298 0 0 1 0 337 0 -1 0 0 0 32002 32002 0 0 0 0 0 1106
WIT 8 336 337 337 330 319 0 0 0 0 336 0 -1 0 0 0 32002 32002 0 0 0 0 0 0
WIT 10 336 337 357 348 331 0 0 0 0 360 0 -1 0 0 0 32002 32002 0 0 0 0 0 1091
WIT 11 -337 -336 -303 -313 -342 0 0 0 0 -332 0 -1 0 0 0 32002 32002 0 0 0 0 0 2788
WIT 6 -337 -336 -302 -307 -385 0 0 0 0 -336 0 -1 0 0 0 32002 32002 0 0 0 0 0 1618
WIT 8 -337 -336 -307 -322 -331 0 0 0 0 -336 0 -1 0 0 0 32002 32002 0 0 0 0 0 3964
WIT 12 336 337 337 314 309 0 0 0 0 332 0 -1 0 0 0 32002 32002 0 0 0 0 0 0
WIT 8 -337 -307 -332 -339 -342 0 0 0 0 -303 0 -1 0 0 0 32002 32002 0 0 0 0 0 2788
WIT 8 331 332 345 338 350 528 0 0 0 32002 0 -1 0 0 0 32002 32002 0 0 0 0 0 0
WIT 6 -332 -331 -312 -317 -324 0 0 0 0 -315 0 -1 0 0 0 32002 32002 0 0 0 0 0 3307
WIT 7 -332 -331 -315 -321 -326 0 0 0 0 -317 0 -1 0 0 0 32002 32002 0 0 0 0 0 2203
WIT 7 331 332 337 331 330 0 0 0 0 324 0 -1 0 0 0 32002 32002 0 0 0 0 0 0
WIT 7 -308 -307 -325 -331 -337 0 0 0 0 -297 0 -1 0 0 0 32002 32002 0 0 0 0 0 2072
WIT 9 -337 -307 -332 -340 -345 0 0 0 0 -332 0 -1 0 0 0 32002 32002 0 0 0 0 0 3234
WIT 7 -308 -307 -336 -349 -346 3567 0 0 1 -305 0 -1 0 0 0 32002 32002 0 0 0 0 0 3964
WIT 10 -308 -307 -336 -355 -355 3307 0 0 1 -307 0 -1 0 0 0 32002 32002 0 0 0 0 0 53055
WIT 7 -308 -307 -321 -334 -334 3699 0 0 1 -304 0 -1 0 0 0 32002 32002 0 0 0 0 0 53055
WIT 6 -308 -307 -308 -313 -313 2915 1 0 0 -303 0 -1 0 0 0 32002 32002 0 0 0 0 0 2851
WIT 12 -308 -307 -322 -345 -336 3307 0 0 1 -307 0 -1 0 0 0 32002 32002 0 0 0 0 0 3299
WIT 10 -308 -307 -307 -316 -316 3307 0 0 1 -307 0 -1 0 0 0 32002 32002 0 0 0 0 0 2072
WIT 12 -308 -307 -307 -330 -331 0 0 0 0 -307 0 -1 0 0 0 32002 32002 0 0 0 0 0 1618
WIT 8 -293 -292 -305 -312 -325 0 0 0 0 -292 0 -1 0 0 0 32002 32002 0 0 0 0 0 3307
WIT 7 -322 -292 -305 -311 -316 0 0 0 0 -292 0 -1 0 0 0 32002 32002 0 0 0 0 0 1618
WIT 7 292 293 323 317 359 1746 1 1 0 32002 0 -1 0 0 0 32002 32002 0 0 0 0 0 0
WIT 7 -293 -292 -276 -282 -316 0 0 0 0 -154 0 -1 0 0 0 32002 32002 0 0 0 0 0 3821
WIT 10 -293 -292 -298 -317 -324 0 0 0 0 -300 0 -1 0 0 0 32002 32002 0 0 0 0 0 2203
WIT 9 -293 -292 -265 -273 -240 0 0 0 0 32002 0 -1 0 0 0 32002 32002 0 0 0 0 0 0
WIT 6 -293 -292 -278 -283 -283 2072 0 0 0 32002 0 -1 0 0 0 32002 32002 0 0 0 0 0 0
WIT 9 -293 -292 -307 -315 -316 0 0 0 0 -287 0 -1 0 0 0 32002 32002 0 0 0 0 0 3690
WIT 8 -293 -292 -304 -311 -324 0 0 0 0 -290 0 -1 0 0 0 32002 32002 0 0 0 0 0 2072
WIT 9 -322 -292 -332 -340 -333 3307 0 0 1 -292 0 -1 0 0 0 32002 32002 0 0 0 0 0 3234
WIT 8 -293 -292 -310 -325 -325 3964 0 0 1 -282 0 -1 0 0 0 32002 32002 0 0 0 0 0 3699
WIT 6 -293 -292 -267 -272 -262 2915 1 0 0 32002 0 -1 0 0 0 32002 32002 0 0 0 0 0 0
WIT 7 -293 -292 -336 -342 -296 0 0 0 0 -262 0 -1 0 0 0 32002 32002 0 0 0 0 0 1618
WIT 8 -293 -292 -316 -323 -381 0 0 0 0 -299 0 -1 0 0 0 32002 32002 0 0 0 0 0 0
WIT 12 -293 -292 -336 -359 -352 3307 0 0 1 -298 1 1 14071 1 1 -293 -296 0 1 0 13 8 0
WIT 7 292 293 337 331 348 593 0 0 0 32002 0 -1 0 0 0 32002 32002 0 0 0 0 0 0
WIT 11 292 293 337 316 299 0 0 0 0 297 0 -1 0 0 0 32002 32002 0 0 0 0 0 1106
WIT 7 292 293 341 328 301 0 0 0 0 300 0 -1 0 0 0 32002 32002 0 0 0 0 0 1106
WIT 6 292 293 337 332 331 0 0 0 0 293 0 -1 0 0 0 32002 32002 0 0 0 0 0 323
WIT 8 292 293 333 326 316 0 0 1 0 296 0 -1 0 0 0 32002 32002 0 0 0 0 0 1106
WIT 8 292 293 295 288 288 528 0 0 1 296 0 -1 0 0 0 32002 32002 0 0 0 0 0 323
WIT 7 292 293 333 320 319 0 0 0 0 295 0 -1 0 0 0 32002 32002 0 0 0 0 0 49415
WIT 11 -293 -292 -307 -328 -329 0 0 0 0 -293 0 -1 0 0 0 32002 32002 0 0 0 0 0 0
WIT 7 292 322 293 287 287 528 0 0 1 314 1 1 14830 1 1 314 311 0 0 0 0 23 323
WIT 7 313 314 296 283 286 594 1 0 0 324 0 -1 0 0 0 32002 32002 0 0 0 0 0 1106
WIT 8 313 314 303 296 295 0 0 0 0 316 0 -1 0 0 0 32002 32002 0 0 0 0 0 593
WIT 8 313 314 299 284 273 0 0 0 0 313 0 -1 0 0 0 32002 32002 0 0 0 0 0 0
WIT 7 313 314 293 280 275 0 0 0 0 313 0 -1 0 0 0 32002 32002 0 0 0 0 0 0
WIT 7 292 322 293 287 284 0 0 0 0 301 0 -1 0 0 0 32002 32002 0 0 0 0 0 49415
WIT 7 300 301 295 282 283 594 1 1 0 302 0 -1 0 0 0 32002 32002 0 0 0 0 0 1106
WIT 8 300 301 297 290 314 323 0 0 0 32002 0 -1 0 0 0 32002 32002 0 0 0 0 0 0
WIT 8 300 301 296 289 282 0 0 0 0 307 0 -1 0 0 0 32002 32002 0 0 0 0 0 1106
WIT 6 300 301 317 312 273 0 0 0 0 305 0 -1 0 0 0 32002 32002 0 0 0 0 0 1106
WIT 7 300 301 294 281 280 0 0 0 0 301 0 -1 0 0 0 32002 32002 0 0 0 0 0 49415
WIT 7 300 301 293 287 286 0 0 0 0 301 0 -1 0 0 0 32002 32002 0 0 0 0 0 49415
WIT 8 -302 -301 -307 -322 -322 3307 0 0 1 -294 0 -1 0 0 0 32002 32002 0 0 0 0 0 3299
WIT 8 -302 -301 -307 -314 -314 3307 0 0 1 -301 0 -1 0 0 0 32002 32002 0 0 0 0 0 2072
WIT 8 -302 -301 -307 -322 -422 0 0 0 0 -301 0 -1 0 0 0 32002 32002 0 0 0 0 0 1618
WIT 7 -302 -301 -311 -317 -258 0 0 0 0 32002 0 -1 0 0 0 32002 32002 0 0 0 0 0 0
WIT 7 300 301 330 324 324 796 0 0 0 32002 0 -1 0 0 0 32002 32002 0 0 0 0 0 0
WIT 6 300 301 347 342 344 405 0 0 0 32002 0 -1 0 0 0 32002 32002 0 0 0 0 0 0
WIT 8 328 329 311 304 314 601 0 0 1 332 0 -1 0 0 0 32002 32002 0 0 0 0 0 593
WIT 8 328 329 304 297 270 0 0 0 0 331 0 -1 0 0 0 32002 32002 0 0 0 0 0 1106
WIT 7 328 329 301 288 290 528 0 0 1 353 0 -1 0 0 0 32002 32002 0 0 0 0 0 1176
WIT 7 301 329 301 295 304 1176 0 0 1 330 0 -1 0 0 0 32002 32002 0 0 0 0 0 323
WIT 10 328 329 297 288 322 323 0 0 1 331 0 -1 0 0 0 32002 32002 0 0 0 0 0 593
WIT 10 328 329 303 294 313 593 0 0 1 328 1 1 40750 1 1 328 328 0 0 0 0 7 0
WIT 10 328 329 322 303 291 0 0 0 0 328 0 -1 0 0 0 32002 32002 0 0 0 0 0 0
WIT 6 -302 -301 -328 -333 -323 3567 0 0 1 -299 0 -1 0 0 0 32002 32002 0 0 0 0 0 3307
WIT 7 -302 -301 -322 -335 -335 3567 0 0 1 -287 0 -1 0 0 0 32002 32002 0 0 0 0 0 3307
WIT 8 -302 -301 -279 -286 -247 1618 1 0 0 32002 0 -1 0 0 0 32002 32002 0 0 0 0 0 0
WIT 7 -302 -301 -307 -313 -275 0 0 0 0 32002 0 -1 0 0 0 32002 32002 0 0 0 0 0 0
WIT 7 -302 -301 -299 -305 -292 1618 1 0 0 32002 0 -1 0 0 0 32002 32002 0 0 0 0 0 0
WIT 6 -302 -301 -304 -309 -297 3307 0 0 0 32002 0 -1 0 0 0 32002 32002 0 0 0 0 0 0
WIT 11 -302 -301 -241 -251 -270 0 0 0 0 -301 0 -1 0 0 0 32002 32002 0 0 0 0 0 2788
WIT 8 -302 -301 -292 -299 -274 3690 0 0 0 32002 0 -1 0 0 0 32002 32002 0 0 0 0 0 0
WIT 10 -302 -301 -292 -311 -315 0 0 0 0 -301 0 -1 0 0 0 32002 32002 0 0 0 0 0 3307
WIT 10 301 302 347 338 350 1106 1 1 0 32002 0 -1 0 0 0 32002 32002 0 0 0 0 0 0
WIT 10 301 302 330 321 236 0 0 0 0 315 0 -1 0 0 0 32002 32002 0 0 0 0 0 938
WIT 11 301 302 301 291 252 0 0 0 0 312 0 -1 0 0 0 32002 32002 0 0 0 0 0 219
WIT 10 301 302 300 281 271 0 0 0 0 304 0 -1 0 0 0 32002 32002 0 0 0 0 0 1091
WIT 14 -302 -301 -283 -310 -317 0 0 0 0 -306 0 -1 0 0 0 32002 32002 0 0 0 0 0 0
WIT 9 301 302 393 376 365 0 0 0 0 379 0 -1 0 0 0 32002 32002 0 0 0 0 0 1113
WIT 8 301 302 345 338 354 528 0 0 0 32002 0 -1 0 0 0 32002 32002 0 0 0 0 0 0
WIT 7 301 302 332 319 308 0 0 0 0 297 0 -1 0 0 0 32002 32002 0 0 0 0 0 0
WIT 10 -302 -301 -297 -316 -316 53055 0 0 1 -297 0 -1 0 0 0 32002 32002 0 0 0 0 0 2072
WIT 10 -302 -301 -297 -316 -349 0 0 0 0 -301 0 -1 0 0 0 32002 32002 0 0 0 0 0 1618
WIT 8 -302 -301 -294 -309 -342 0 0 0 0 -293 0 -1 0 0 0 32002 32002 0 0 0 0 0 2788
WIT 12 -302 -301 -292 -315 -328 0 0 0 0 -302 0 -1 0 0 0 32002 32002 0 0 0 0 0 3307
WIT 9 -302 -301 -283 -300 -287 2908 0 0 0 32002 0 -1 0 0 0 32002 32002 0 0 0 0 0 0
WIT 8 -302 -301 -289 -296 -273 2908 0 0 0 32002 0 -1 0 0 0 32002 32002 0 0 0 0 0 0
WIT 6 -302 -301 -289 -294 -275 2908 0 0 0 32002 0 -1 0 0 0 32002 32002 0 0 0 0 0 0
WIT 7 -302 -301 -253 -259 -235 0 0 0 0 32002 0 -1 0 0 0 32002 32002 0 0 0 0 0 0
WIT 6 -302 -301 -307 -312 -314 0 0 0 0 -301 0 -1 0 0 0 32002 32002 0 0 0 0 0 3699
WIT 6 -302 -301 -271 -276 -243 0 0 0 0 32002 0 -1 0 0 0 32002 32002 0 0 0 0 0 0
WIT 12 -302 -301 -301 -324 -415 0 0 0 0 -301 0 -1 0 0 0 32002 32002 0 0 0 0 0 1618
WIT 9 -302 -301 -282 -290 -290 3690 0 0 0 32002 0 -1 0 0 0 32002 32002 0 0 0 0 0 0
WIT 6 -302 -301 -316 -321 -368 0 0 0 0 -302 0 -1 0 0 0 32002 32002 0 0 0 0 0 0
WIT 7 -315 -287 -299 -305 -308 0 0 0 0 -292 0 -1 0 0 0 32002 32002 0 0 0 0 0 1618
WIT 7 291 292 363 357 362 1098 0 0 0 32002 0 -1 0 0 0 32002 32002 0 0 0 0 0 0
WIT 7 291 292 360 354 349 0 0 0 0 301 0 -1 0 0 0 32002 32002 0 0 0 0 0 528
WIT 10 291 292 372 363 359 0 0 0 0 292 0 -1 0 0 0 32002 32002 0 0 0 0 0 1113
WIT 6 291 292 362 357 343 0 0 0 0 327 0 -1 0 0 0 32002 32002 0 0 0 0 0 1171
WIT 9 291 292 315 298 297 0 0 0 0 291 0 -1 0 0 0 32002 32002 0 0 0 0 0 1348
WIT 7 291 292 300 294 315 1380 0 0 0 32002 0 -1 0 0 0 32002 32002 0 0 0 0 0 0
WIT 7 -292 -291 -290 -296 -275 3964 0 0 0 32002 0 -1 0 0 0 32002 32002 0 0 0 0 0 0
WIT 9 291 292 301 284 283 0 0 0 0 291 0 -1 0 0 0 32002 32002 0 0 0 0 0 1176
WIT 10 291 292 308 299 307 594 1 0 0 32002 0 -1 0 0 0 32002 32002 0 0 0 0 0 0
WIT 8 291 292 301 286 285 0 0 0 0 292 0 -1 0 0 0 32002 32002 0 0 0 0 0 49415
WIT 7 291 292 301 295 294 0 0 0 0 292 0 -1 0 0 0 32002 32002 0 0 0 0 0 49415
WIT 9 -315 -287 -301 -309 -309 1618 1 0 0 -292 0 -1 0 0 0 32002 32002 0 0 0 0 0 53055
WIT 9 -293 -292 -301 -318 -314 3234 0 0 1 -293 1 1 1187 1 1 -293 -302 0 1 0 1 1 0
WIT 6 295 296 330 325 335 796 0 0 0 32002 0 -1 0 0 0 32002 32002 0 0 0 0 0 0
WIT 6 295 296 347 342 344 405 0 0 0 32002 0 -1 0 0 0 32002 32002 0 0 0 0 0 0

===========================
Total time (ms) : 21
Nodes searched  : 14878
Nodes/second    : 708476
