
Position: 1/1 (r1bqkbnr/1pp1n1pp/p2p1p2/3Pp3/4P3/2N2N1P/PPP2PP1/R1BQKB1R w KQkq - 0 7)
LMR,4,1,3,2,7,-1276,0,1,0,0,0,328,329,328,336,329,329,7,8,-1338,0,0
LMR,4,1,3,4,10,-1276,0,0,0,0,0,-373,-372,-412,-523,-354,-363,3,10,-1338,0,0
LMR,4,1,3,4,2,2406,0,1,0,0,0,372,373,372,433,523,364,1,22,-1256,0,0
LMR,4,1,3,4,15,-5525,0,1,0,0,0,372,373,372,433,568,488,1,2,-1338,0,0
LMR,3,1,2,3,2,676,0,0,1,0,0,-373,-372,-431,-506,-372,-376,3,6,0,0,0
LMR,5,1,4,4,8,-3950,0,0,0,0,0,-373,-372,-374,-359,-350,-350,1,10,-1338,0,0
LMR,3,1,2,2,3,667,0,1,0,0,0,-363,-362,-371,-229,-350,-362,2,4,-1338,0,0
LMR,5,1,4,3,5,-4786,0,1,0,0,0,-342,-341,-342,-300,-340,-341,1,12,-1338,0,0
LMR,5,1,4,4,2,-3187,0,1,0,0,0,-342,-341,-349,-320,-337,-349,2,10,-1255,0,0
LMR,4,1,3,2,4,-3881,0,1,0,0,0,-350,-349,-350,-329,-348,-352,2,6,-1338,0,0
LMR,3,1,2,2,5,-2605,0,0,0,0,0,-350,-349,-365,-376,-340,-340,1,3,-1338,0,0
LMR,5,1,4,3,2,-2351,0,1,0,0,0,349,350,349,369,350,342,3,11,-1338,0,0
LMR,4,1,3,4,9,-1276,0,1,0,0,0,371,372,352,347,492,378,1,7,-1338,0,0
LMR,5,1,4,4,11,-3978,0,0,0,0,0,-372,-371,-402,-379,-371,-371,4,7,-1382,0,0
LMR,6,1,5,6,11,-9985,0,1,0,0,1,371,372,371,378,428,428,2,9,-1338,0,0
LMR,8,1,7,6,26,-12198,0,1,0,0,1,371,372,371,379,374,374,4,12,-1338,0,0
LMR,3,1,2,3,6,-3370,0,1,0,0,0,371,372,319,386,450,423,1,1,-1338,0,0
LMR,3,1,2,3,2,562,0,0,0,0,0,-372,-371,-422,-333,-236,-307,2,4,-1338,0,0
LMR,5,1,4,5,3,-11147,0,1,0,0,0,371,372,369,368,514,385,1,7,-1338,0,0
LMR,6,3,5,6,2,3841,0,0,0,0,0,-372,-371,-502,-584,-368,-382,5,11,-1338,0,0
LMR,6,1,5,6,2,-2275,0,1,0,0,0,371,372,323,402,420,382,1,25,-1338,0,0
LMR,6,1,5,4,14,-10648,0,0,0,0,0,338,339,336,334,342,339,4,12,-1338,0,0
LMR,5,1,4,4,10,-10137,0,1,0,0,0,-339,-338,-340,-336,-331,-329,6,13,-1338,0,0
LMR,5,1,4,3,3,1222,0,1,0,0,0,-339,-338,-339,-258,-338,-338,9,3,1651,0,0
LMR,4,1,3,3,4,-1751,0,1,0,0,0,360,361,360,409,412,403,1,1,-1338,0,0
LMR,5,1,4,4,3,-6812,0,1,0,0,0,370,371,339,363,371,354,1,8,-1047,0,0
LMR,5,1,4,4,3,-3370,0,1,0,0,0,-338,-337,-383,-269,-337,-313,2,5,-1338,0,0
LMR,5,1,4,5,3,-617,0,1,0,0,0,370,371,342,415,399,399,2,7,-1940,0,0
LMR,4,1,3,4,2,-8900,0,0,0,0,0,-371,-370,-716,-391,1,-364,2,6,-1338,0,0
LMR,4,1,3,3,10,-742,0,0,1,0,0,337,338,304,299,338,338,2,2,0,0,0
LMR,9,1,8,7,16,-8562,0,1,0,0,0,-338,-337,-340,-338,-337,-364,8,23,-2676,0,0
LMR,9,4,8,9,3,-6620,0,0,0,0,0,337,338,279,205,338,340,19,58,-2134,0,0
LMR,8,4,7,6,2,4135,0,1,1,0,1,-338,-337,-339,-258,-337,-350,9,15,0,0,0
LMR,8,1,7,6,15,-14962,0,1,0,0,1,-338,-337,-339,-258,-337,-338,3,25,-1338,0,0
LMR,3,1,2,3,4,-8991,0,1,0,0,0,370,371,369,395,639,380,3,1,707,0,0
LMR,5,1,4,4,18,-9298,0,1,0,0,0,370,371,370,382,381,377,1,13,-1338,0,0
LMR,4,1,3,2,2,8816,0,1,0,0,0,-362,-361,-362,-269,-357,-361,2,6,-1338,0,0
LMR,5,1,4,4,2,9926,0,1,0,0,0,360,361,347,406,365,357,1,7,-825,0,0
LMR,3,1,2,2,4,-10559,0,1,0,0,0,360,361,328,377,364,350,2,4,1662,0,0
LMR,3,1,2,3,5,-5437,0,1,0,0,0,360,361,350,377,413,385,2,6,-1338,0,0
LMR,5,1,4,4,6,-11768,0,1,0,0,0,360,361,357,406,367,379,2,24,-1338,0,0
LMR,4,1,3,4,2,1346,0,1,1,0,0,-338,-337,-357,-413,-289,-298,1,5,0,0,0
LMR,3,1,2,2,2,676,0,1,1,0,0,-346,-345,-346,-289,-325,-258,1,1,0,0,0
LMR,4,1,3,4,2,-3526,0,1,0,0,0,-346,-345,-377,-194,-320,-314,1,11,-1338,0,1
LMR,3,1,2,2,2,-5774,0,1,0,0,0,-337,-336,-357,-216,-324,-336,1,4,-1338,0,1
LMR,9,4,8,8,2,2583,0,1,0,0,1,-338,-337,-351,-299,-337,-326,5,19,1237,0,0
LMR,5,1,4,5,2,-708,0,1,0,0,0,-321,-320,-365,-306,-292,-282,4,9,-1338,0,0
LMR,5,1,4,5,2,3903,0,1,0,0,0,-321,-320,-348,-200,-266,-254,5,7,-1338,0,0
LMR,4,1,3,2,13,-11047,0,1,0,0,0,-325,-324,-327,-218,-324,-324,3,3,-1338,0,1
LMR,6,1,5,4,6,-8447,0,1,0,0,0,-321,-320,-321,-291,-320,-320,9,9,-1338,0,0
LMR,4,2,3,3,2,-3751,0,1,0,0,1,-351,-350,-368,-310,-350,-328,3,5,-1338,0,1
LMR,5,3,4,5,2,1816,0,0,0,0,0,320,321,244,342,321,320,6,8,-1338,0,0
LMR,3,1,2,3,4,5125,0,0,0,0,0,320,321,269,202,336,334,1,5,-1338,0,0
LMR,4,1,3,3,3,1886,0,1,0,0,0,-321,-320,-353,-277,-320,-330,4,13,-1338,0,0
LMR,4,1,3,3,4,-3579,0,1,0,0,0,-321,-320,-330,-277,-320,-320,7,9,-143,0,0
LMR,11,6,10,9,8,-13351,0,0,0,0,1,320,321,319,310,321,320,44,87,-1338,0,0
LMR,3,1,2,3,8,-1134,0,0,1,0,0,320,321,271,320,338,340,6,5,0,0,0
LMR,4,1,3,3,2,8690,0,1,0,0,0,-321,-320,-335,-210,-320,-320,9,14,-1338,0,0
LMR,5,1,4,4,2,2372,0,1,0,0,0,-321,-320,-331,-222,-320,-315,3,14,-1338,0,0
LMR,5,1,4,4,3,4664,0,0,0,0,0,297,298,286,320,303,295,3,10,-1338,0,0
LMR,4,1,3,3,2,-4715,0,1,0,0,0,-298,-297,-303,-277,-282,-284,2,4,-1338,0,0
LMR,5,1,4,5,2,4093,0,1,0,0,0,-298,-297,-347,-245,-288,-286,1,16,-1338,0,0
LMR,6,3,5,5,2,2824,0,0,0,0,0,297,298,287,264,299,299,5,14,-1338,0,0
LMR,7,1,6,6,20,-15039,0,1,0,0,0,-298,-297,-298,-277,-286,-298,3,55,-1338,0,0
LMR,4,1,3,3,3,-6083,0,1,0,0,0,314,315,302,423,326,315,2,11,-1338,0,0
LMR,6,1,5,5,6,-6821,0,1,0,0,0,314,315,314,424,361,315,1,21,-1338,0,0
LMR,5,1,4,4,2,-1606,0,1,0,0,0,-316,-315,-322,-232,-305,-315,3,13,3159,0,0
LMR,6,1,5,5,3,-636,0,1,0,0,0,-312,-311,-323,-232,-311,-293,5,17,-1422,0,0
LMR,3,1,2,2,2,2252,0,1,0,0,0,-312,-311,-344,-232,-311,-311,8,5,390,0,0
LMR,4,1,3,2,2,6457,0,1,0,0,0,-264,-263,-265,-181,-263,-263,2,2,-2630,0,1
LMR,5,1,4,5,6,-124,0,0,0,0,0,311,312,249,108,335,315,1,17,-1338,0,0
LMR,5,1,4,5,2,8689,0,1,0,0,0,-312,-311,-338,-165,-272,-314,1,29,-1338,0,0
LMR,5,1,4,5,3,5205,0,1,0,0,0,-312,-311,-314,-165,-239,-268,2,13,-1338,0,0
LMR,7,1,6,7,2,-10557,0,1,0,0,0,-312,-311,-426,-287,-311,-281,2,11,-1338,1,0
LMR,3,1,2,3,4,11316,0,0,0,0,0,311,312,264,103,322,323,6,4,-1338,0,0
LMR,3,1,2,3,3,538,0,1,0,0,0,-312,-311,-322,-225,-180,-320,6,13,-1338,0,0
LMR,3,1,2,3,4,1793,0,1,0,0,0,-312,-311,-320,-225,-119,-225,0,2,-1338,0,0
LMR,6,4,5,5,2,20932,0,1,0,0,1,-312,-311,-319,-270,-311,-312,14,10,4488,0,0
LMR,6,1,5,5,7,-6768,0,1,0,0,1,-312,-311,-312,-270,-270,-270,2,1,-1338,0,0
LMR,3,1,2,3,2,-2092,0,1,0,0,0,-323,-322,-431,-200,-271,-267,1,1,-1338,0,1
LMR,5,1,4,5,2,6556,0,1,0,0,0,310,311,245,412,311,309,8,15,-1338,0,0
LMR,5,1,4,3,9,-8191,0,1,0,0,0,310,311,309,412,313,310,3,26,-2194,0,0
LMR,3,1,2,2,5,-508,0,0,1,0,0,-311,-310,-318,-355,-310,-318,5,8,0,0,0
LMR,5,1,4,3,15,-10341,0,1,0,0,0,310,311,310,412,315,318,6,26,-1338,0,0
LMR,5,1,4,3,6,-8289,0,1,0,0,0,310,311,310,378,311,317,4,8,-1611,0,0
LMR,7,1,6,6,3,-11731,0,1,0,0,0,310,311,310,446,318,407,1,4,-1338,0,0
LMR,5,1,4,5,3,-5313,0,0,0,0,0,-311,-310,-355,-343,-295,-299,5,10,-937,0,0
LMR,5,1,4,5,2,2521,0,1,0,0,0,310,311,236,330,326,300,2,20,-1338,0,0
LMR,3,1,2,3,3,-3339,0,1,0,0,0,310,311,262,320,542,501,1,1,-1338,0,0
LMR,5,1,4,4,4,-6959,0,1,0,0,0,310,311,300,330,314,396,1,9,-1338,0,0
LMR,7,1,6,6,4,-6885,0,1,0,0,0,310,311,310,360,319,315,2,49,-1685,0,0
LMR,7,1,6,6,20,-16182,0,1,0,0,0,310,311,308,318,344,311,3,9,-1338,0,0
LMR,4,1,3,3,3,-5609,0,1,0,0,1,-329,-328,-349,-334,-313,-316,2,2,4933,0,1
LMR,4,1,3,3,4,-3283,0,1,0,0,0,-264,-263,-265,-159,-236,-263,2,7,89,0,1
LMR,5,1,4,4,2,6039,0,1,0,0,1,296,297,265,322,299,295,3,7,-1338,0,0
LMR,5,1,4,5,3,11238,0,1,0,0,0,-297,-296,-343,-190,-258,-281,6,9,-1338,0,0
LMR,4,1,3,3,2,14505,0,1,0,0,0,-297,-296,-325,-248,-289,-286,2,6,-1338,0,0
LMR,9,5,8,7,2,5468,0,1,0,0,1,-297,-296,-297,-311,-295,-288,23,55,1912,0,0
LMR,5,1,4,5,2,2662,0,1,0,0,0,-322,-321,-329,-217,-255,-286,1,2,-1033,0,1
LMR,3,1,2,2,2,4596,0,1,0,0,0,-304,-303,-312,-267,-299,-301,1,2,-1377,0,1
LMR,3,1,2,2,5,-8452,0,1,0,0,0,-297,-296,-304,-204,-271,-282,2,5,-1338,0,0
LMR,4,1,3,2,10,-4016,0,1,0,0,1,-329,-328,-329,-205,-325,-338,4,2,-2723,0,1
LMR,4,1,3,3,11,-10163,0,1,0,0,1,-329,-328,-329,-205,-278,-328,1,9,-858,0,1
LMR,3,1,2,3,2,11507,0,1,0,0,0,-268,-267,-293,-230,-204,-215,1,1,-1578,0,1
LMR,3,1,2,2,2,9290,0,1,0,0,0,-282,-281,-291,-243,-281,-281,3,3,400,0,1
LMR,3,1,2,3,2,-4442,0,1,0,0,0,-297,-296,-418,-192,-275,-296,2,8,-493,0,0
LMR,9,2,8,8,2,913,0,1,0,0,0,-297,-296,-297,-155,-265,-296,1,40,-1212,0,0
LMR,4,1,3,3,2,7826,0,1,0,0,0,-290,-289,-290,-179,-240,-248,1,2,-1338,0,1
LMR,5,1,4,4,2,8814,0,1,0,0,0,-277,-276,-286,-230,-257,-276,1,9,-1338,0,0
LMR,5,3,4,4,3,-3931,0,1,0,0,1,-292,-291,-310,-281,-275,-275,6,6,2491,0,1
LMR,4,1,3,3,3,-7025,0,1,0,0,0,-277,-276,-301,-222,-259,-276,2,5,2603,0,0
LMR,4,1,3,4,13,-1628,0,1,0,0,0,-264,-263,-264,-136,-209,-263,1,10,-857,0,1
LMR,4,1,3,3,2,13299,0,1,0,0,0,-277,-276,-317,-288,-276,-276,11,7,-1338,0,0
LMR,3,1,2,2,3,8753,0,1,1,0,0,-277,-276,-292,-253,-276,-276,4,9,0,0,0
LMR,5,1,4,4,2,15139,0,1,0,0,0,-277,-276,-287,-199,-241,-241,3,3,-1338,0,0
LMR,6,1,5,6,2,9010,0,1,0,0,0,-324,-323,-327,-203,-198,-268,1,3,730,0,1
LMR,3,1,2,2,3,-7513,0,1,0,0,0,-256,-255,-264,-216,-255,-255,3,4,5354,0,1
LMR,4,1,3,2,2,-4358,0,1,0,0,1,-314,-313,-320,-213,-313,-313,1,4,-858,0,1
LMR,3,1,2,2,2,-6671,0,1,0,0,0,-232,-231,-256,-91,-225,-242,2,3,-842,0,1
LMR,3,1,2,2,8,2372,0,1,0,0,0,-232,-231,-242,-91,-226,-231,2,11,-3102,0,1
LMR,8,1,7,7,2,-3724,0,1,0,0,0,-277,-276,-277,-230,-251,-276,1,16,3762,0,0
LMR,4,1,3,3,2,7194,0,1,0,0,0,-290,-289,-290,-179,-240,-248,1,4,-1205,0,1
LMR,3,1,2,3,2,-2793,0,1,0,0,0,-304,-303,-419,-147,-237,-269,1,2,-1178,0,1
LMR,6,1,5,6,2,19448,0,1,0,0,0,-277,-276,-280,-224,-176,-224,1,3,1953,0,0
LMR,9,1,8,8,2,-6195,0,1,0,0,0,-277,-276,-280,-203,-257,-276,1,27,4058,0,0
LMR,5,1,4,4,3,13180,0,1,0,0,0,-250,-249,-253,-210,-237,-235,2,12,-1338,0,0
LMR,4,1,3,2,2,6453,0,1,0,0,0,-250,-249,-250,-183,-249,-249,2,3,3842,0,0
LMR,4,1,3,3,2,4495,0,1,0,0,0,-305,-304,-314,-232,-270,-276,1,6,2226,0,1
LMR,4,1,3,4,2,3330,0,1,0,0,0,-264,-263,-264,-129,-199,-263,1,8,1872,0,1
LMR,8,1,7,6,18,-12979,0,1,0,0,0,-250,-249,-250,-100,-245,-191,6,33,-1338,0,0
LMR,3,1,2,3,2,6559,0,1,0,0,0,-250,-249,-250,-132,-157,-168,1,1,-3423,0,0
LMR,5,1,4,4,2,4204,0,1,1,0,0,-250,-249,-275,-215,-249,-236,3,5,0,0,0
LMR,6,1,5,6,2,22918,0,1,0,0,0,-250,-249,-381,-143,-249,-238,6,26,-1338,0,0
LMR,5,1,4,4,2,13842,0,1,0,0,0,-287,-286,-313,-278,-263,-263,6,7,-793,0,1
LMR,11,6,10,10,2,15761,0,1,0,0,0,-250,-249,-259,-148,-249,-249,16,22,4151,0,0
LMR,3,1,2,2,3,2088,0,1,0,0,0,-254,-253,-254,-201,-238,-236,3,3,-1338,0,1
LMR,3,1,2,2,2,14707,0,1,0,0,0,-283,-282,-313,-183,-282,-282,5,6,-573,0,1
LMR,4,1,3,4,2,8064,0,1,0,0,0,-321,-320,-327,-191,-250,-268,1,0,2208,0,1
LMR,4,1,3,2,4,5784,0,0,0,0,0,249,250,249,262,253,251,2,8,398,0,0
LMR,10,5,9,9,2,13357,0,1,0,0,0,-250,-249,-250,-191,-239,-239,3,14,2144,0,0
LMR,4,2,3,4,3,-2572,0,1,0,0,1,-288,-287,-314,-144,-224,-272,1,9,4662,0,1
LMR,4,1,3,3,4,6836,0,1,0,0,0,-250,-249,-262,-181,-249,-252,5,14,-1338,0,0
LMR,3,1,2,3,2,8682,0,1,0,0,0,249,250,225,221,281,275,2,3,814,0,0
LMR,9,1,8,7,8,-13668,0,1,0,0,1,-250,-249,-251,-144,-249,-249,2,27,3935,0,0
LMR,7,1,6,5,2,-1372,0,1,0,0,0,-250,-249,-252,-148,-249,-237,3,18,7377,0,0
LMR,3,1,2,2,2,-3397,0,1,0,0,0,-250,-249,-258,-221,-248,-250,1,4,3288,0,0
LMR,8,4,7,6,2,1951,0,1,0,0,1,-250,-249,-250,-245,-248,-248,6,11,5737,0,0
LMR,7,1,6,5,3,-571,0,1,0,0,0,-250,-249,-250,-175,-249,-249,4,16,-1527,0,0
LMR,3,1,2,2,2,11788,0,1,0,0,0,-250,-249,-257,-117,-249,-249,5,3,7521,0,0
LMR,3,1,2,3,2,-3226,0,1,0,0,0,-228,-227,-242,-123,-164,-211,1,4,-1338,0,1
LMR,7,1,6,6,2,1908,0,1,0,0,0,-250,-249,-259,-216,-231,-249,1,18,5428,0,0
LMR,3,1,2,2,2,6025,0,1,0,0,0,-230,-229,-266,-220,-229,-229,3,3,-1046,0,1
LMR,4,1,3,3,2,-1925,0,1,0,0,1,-294,-293,-305,-209,-274,-293,3,17,-1668,0,1
LMR,3,1,2,3,2,2396,0,0,0,0,0,249,250,164,201,251,251,2,3,-1338,0,0
LMR,4,1,3,2,2,10302,0,1,0,0,0,-250,-249,-250,-126,-249,-249,4,7,-1338,0,0
LMR,3,1,2,2,2,22929,0,1,0,0,0,-250,-249,-260,-220,-249,-249,3,3,-1368,0,0
LMR,8,1,7,8,2,-3360,0,1,0,0,0,-250,-249,-254,-185,-191,-249,2,29,5882,0,0
LMR,3,1,2,2,5,2213,0,0,0,0,0,277,278,266,259,289,289,3,5,-1338,0,0
LMR,4,1,3,3,4,-5454,0,1,0,0,0,-278,-277,-288,-147,-268,-286,2,16,-1338,0,1
LMR,3,1,2,2,3,-5305,0,0,0,0,0,249,250,249,215,270,270,1,1,-1338,0,0
LMR,4,1,3,3,2,12613,0,1,0,0,0,-250,-249,-271,-217,-249,-265,5,7,-1338,0,0
LMR,4,1,3,3,3,-8693,0,1,0,0,0,-250,-249,-265,-217,-249,-249,6,15,-1338,0,0
LMR,7,2,6,5,4,2316,0,0,0,0,0,249,250,249,266,255,255,3,13,-597,0,0
LMR,10,6,9,9,2,23472,0,1,0,0,0,-250,-249,-253,-230,-229,-229,6,24,-1338,0,0
LMR,5,1,4,4,2,5159,0,1,0,0,0,-250,-249,-288,-161,-249,-249,4,9,5849,0,0
LMR,4,1,3,4,2,7286,0,1,1,0,0,-250,-249,-309,-430,-249,-249,6,7,0,0,0
LMR,5,1,4,4,5,-6396,0,1,0,0,0,-250,-249,-279,-198,-238,-205,3,7,-1338,0,0
LMR,9,1,8,8,2,-338,0,1,0,0,0,-250,-249,-261,-195,-213,-249,1,27,-1470,0,0
LMR,3,1,2,2,7,-64,0,1,0,0,0,-232,-231,-242,-110,-231,-231,2,3,-3173,0,1
LMR,3,1,2,2,5,-3557,0,1,0,0,0,-214,-213,-214,-221,-175,-213,1,4,-1338,0,0
LMR,4,1,3,3,3,-3980,0,0,0,0,0,213,214,208,242,218,213,3,13,1139,0,0
LMR,5,1,4,3,4,4700,0,1,0,0,0,-197,-196,-197,-139,-196,-193,3,5,-1006,0,1
LMR,4,2,3,4,2,734,0,0,0,0,0,213,214,-280,220,214,214,4,7,-723,0,0
LMR,7,1,6,5,32,-11817,0,0,0,0,0,213,214,213,221,216,214,4,23,-2377,0,0
LMR,3,1,2,2,2,20933,0,1,0,0,0,-214,-213,-226,-184,-197,-200,3,4,6107,0,0
LMR,11,3,10,9,3,-3394,0,1,0,0,0,-214,-213,-214,-228,-213,-213,5,74,4180,0,0
LMR,4,1,3,2,4,2669,0,1,0,0,0,-258,-257,-262,-257,-257,-257,3,4,-1242,0,1
LMR,4,1,3,3,2,2761,0,1,0,0,0,-214,-213,-214,-187,-194,-197,4,5,-1338,0,0
LMR,5,1,4,4,9,-5202,0,0,0,0,0,213,214,205,226,229,227,3,4,-184,0,0
LMR,3,1,2,3,2,-936,0,0,0,0,0,213,214,213,243,283,271,2,3,6912,0,0
LMR,7,5,6,7,2,10806,0,0,0,0,0,213,214,-1,197,224,227,4,14,1409,0,0
LMR,3,1,2,2,2,6224,0,0,0,0,0,240,241,232,236,241,241,4,1,2503,0,0
LMR,9,4,8,8,2,27503,0,1,0,0,0,-214,-213,-214,-247,-199,-213,5,39,2504,0,0
LMR,5,1,4,4,24,1562,0,0,0,0,0,213,214,213,249,221,214,4,23,-1338,0,0
LMR,5,1,4,3,4,4594,0,1,0,0,0,213,214,213,226,217,213,3,5,-1109,0,0
LMR,5,1,4,4,26,-5517,0,1,0,0,0,213,214,213,226,222,209,8,10,-325,0,0
LMR,9,4,8,7,2,24322,0,1,0,0,0,-214,-213,-214,-249,-213,-213,43,50,7333,0,0
LMR,3,1,2,3,2,2482,0,1,1,0,0,-214,-213,-272,-411,-169,-180,6,6,0,0,0
LMR,11,5,10,10,3,-9582,0,0,0,0,0,213,214,202,156,214,214,14,14,-1338,0,0
LMR,3,1,2,2,3,5377,0,0,0,0,0,-214,-213,-214,-289,-199,-199,3,1,-1338,0,0
LMR,4,1,3,4,3,-1276,0,1,0,0,0,-214,-213,-302,-147,-185,-213,2,6,-1338,0,0
LMR,12,5,11,11,3,-355,0,1,0,0,0,-214,-213,-214,-97,-203,-213,19,65,-2194,0,0
LMR,3,1,2,3,3,1999,0,0,0,1,0,213,214,107,-46,332,255,4,2,-1338,0,0
LMR,3,1,2,3,2,-12989,0,0,0,0,0,-214,-213,-233,-113,-81,-154,3,10,-3858,1,0
LMR,8,2,7,8,8,676,0,0,1,0,0,213,214,205,72,276,262,9,7,0,0,0
LMR,10,4,9,10,5,7361,0,1,0,0,1,-214,-213,-316,-216,-188,-231,20,44,-1904,0,0
LMR,13,7,12,11,18,-11237,0,0,0,0,1,213,214,213,116,216,228,59,104,-2886,0,0
LMR,3,1,2,2,2,38061,0,1,0,0,0,-214,-213,-225,-183,-195,-193,4,3,1277,0,0
LMR,6,1,5,6,4,-4087,0,1,0,0,0,-214,-213,-227,-55,-110,-110,1,4,-1338,0,0
LMR,14,9,13,12,15,-15380,0,0,0,0,1,213,214,213,225,214,213,42,82,-2554,0,0
LMR,4,1,3,4,2,6426,0,1,0,0,0,-229,-228,-238,-170,-183,-228,1,8,4897,0,1
LMR,4,1,3,3,2,3699,0,1,0,0,0,-247,-246,-253,-154,-227,-246,1,7,1816,0,1
LMR,4,1,3,3,2,8409,0,1,0,0,0,-251,-250,-251,-105,-215,-250,1,5,1730,0,1
LMR,4,1,3,4,3,27,0,1,0,0,0,-235,-234,-238,-155,-162,-232,1,4,-277,0,1
LMR,7,1,6,6,2,-2871,0,1,0,0,0,-214,-213,-214,-156,-203,-213,3,24,2189,0,0
LMR,9,5,8,7,2,-4807,0,0,0,0,0,213,214,213,182,216,214,17,12,6758,0,0
LMR,5,1,4,4,2,4008,0,1,0,0,0,-214,-213,-225,-204,-213,-213,6,11,1321,0,0
LMR,10,3,9,8,3,3724,0,1,0,0,0,-214,-213,-214,-185,-213,-213,10,55,1774,0,0
LMR,7,1,6,6,29,-10443,0,0,0,0,0,213,214,213,232,221,221,3,12,-1019,0,0
LMR,4,1,3,2,5,-1455,0,1,1,0,0,213,214,213,257,219,219,1,0,0,0,0
LMR,3,1,2,3,6,-5767,0,0,0,0,0,213,214,162,172,221,220,3,5,2212,0,0
LMR,4,1,3,3,4,5406,0,1,0,0,0,-214,-213,-214,-197,-205,-213,1,3,-1338,0,0
LMR,8,1,7,6,7,-17920,0,0,0,0,0,213,214,213,224,216,214,4,0,1400,0,0
LMR,5,1,4,3,2,14455,0,1,0,0,0,241,242,241,291,242,257,2,4,-122,0,0
LMR,3,1,2,2,3,-4309,0,1,0,0,0,241,242,241,281,250,236,3,3,2599,0,0
LMR,5,1,4,4,3,-2540,0,1,0,0,0,241,242,237,286,258,241,2,22,2052,0,0
LMR,5,1,4,3,4,5120,0,1,0,0,0,241,242,241,286,242,242,3,3,-2829,0,0
LMR,3,1,2,2,2,2993,0,1,0,0,0,-269,-268,-292,-210,-268,-268,2,2,-638,0,1
LMR,4,1,3,4,6,676,0,0,1,0,0,245,246,225,151,363,301,4,4,0,0,0
LMR,5,1,4,4,9,-10867,0,1,0,0,0,-246,-245,-246,-191,-225,-290,3,15,-1338,0,0
LMR,5,1,4,5,4,-7547,0,1,0,0,0,-246,-245,-281,-300,-180,-209,4,15,-1338,0,0
LMR,6,2,5,6,4,-4960,0,0,0,0,0,245,246,201,220,281,215,11,26,-1338,0,0
LMR,3,1,2,2,3,-3981,0,0,0,0,0,222,223,210,199,223,223,2,2,-971,0,0
LMR,4,1,3,3,3,1646,0,1,0,0,0,-223,-222,-231,-191,-222,-223,3,10,-1338,0,1
LMR,4,1,3,2,7,-9875,0,1,0,0,0,-223,-222,-223,-191,-222,-222,4,11,613,0,1
LMR,4,1,3,3,2,6735,0,1,0,0,0,-246,-245,-250,-214,-232,-245,1,6,-1338,0,0
LMR,6,1,5,5,2,-6388,0,1,0,0,0,-246,-245,-256,-191,-231,-245,1,14,-1468,0,0
LMR,3,1,2,3,4,676,0,1,1,0,0,245,246,222,225,293,339,1,1,0,0,0
LMR,6,2,5,5,2,28982,0,1,0,0,0,-246,-245,-246,-97,-233,-251,1,16,-1904,0,0
LMR,5,1,4,5,4,-2894,0,0,0,0,0,245,246,163,180,289,289,4,5,-1338,0,0
LMR,6,1,5,5,4,-4647,0,1,0,0,0,-246,-245,-246,-97,-225,-281,1,13,-1829,0,0
LMR,6,1,5,4,12,-10903,0,1,0,0,0,-246,-245,-246,-97,-242,-256,1,10,-1453,0,0
LMR,9,4,8,8,3,1821,0,1,0,0,1,-246,-245,-246,-213,-236,-245,17,61,-850,0,0
LMR,4,1,3,2,2,10219,0,1,0,0,0,-222,-221,-227,-230,-221,-221,3,4,-1338,0,1
LMR,6,1,5,5,2,25354,0,1,0,0,0,-246,-245,-255,-204,-205,-225,1,6,-1395,0,0
LMR,9,3,8,8,3,8508,0,1,0,0,0,-246,-245,-246,-213,-230,-241,6,40,568,0,0
LMR,4,1,3,4,10,-344,0,1,1,0,0,245,246,204,141,268,300,6,5,0,0,0
LMR,4,1,3,4,2,-11385,0,0,0,0,0,-246,-245,-276,-318,-141,-289,3,24,-2742,1,0
LMR,5,1,4,5,5,1629,0,1,1,0,0,245,246,236,256,503,458,1,1,0,0,0
LMR,3,1,2,3,2,8928,0,1,0,0,0,245,246,245,199,314,302,2,3,6907,0,0
LMR,7,1,6,5,2,1498,0,1,0,0,0,245,246,245,327,246,249,5,17,3576,0,0
LMR,14,11,13,12,4,9688,0,0,0,0,1,245,246,245,213,246,246,145,0,5791,0,0
LMR,3,1,2,3,4,1076,0,0,0,0,0,-246,-245,-277,-307,-189,-228,2,6,-1338,0,0
LMR,5,1,4,5,2,9851,0,1,0,0,0,245,246,205,311,276,234,2,20,7164,0,0
LMR,8,5,7,8,2,3166,0,1,0,0,1,245,246,235,345,315,246,0,81,7591,0,0
LMR,4,1,3,4,5,-9145,0,1,0,0,0,245,246,216,437,415,341,1,2,-1338,0,0
LMR,5,1,4,5,4,-6712,0,1,0,0,0,245,246,221,449,328,312,1,16,-1745,0,0
LMR,3,1,2,2,2,2083,0,1,0,0,0,336,337,316,305,337,337,2,2,-1338,0,1
LMR,4,1,3,2,2,7040,0,1,0,0,0,239,240,239,338,240,240,4,12,-2100,0,1
LMR,3,1,2,2,2,-269,0,0,0,0,0,-267,-266,-269,-230,-249,-252,1,2,-2168,0,0
LMR,9,1,8,8,6,-233,0,1,1,0,0,266,267,259,338,267,258,1,31,0,0,0
LMR,5,1,4,5,2,18632,0,1,0,0,0,-246,-245,-300,-240,-216,-245,2,12,5402,0,0
LMR,6,1,5,5,2,12696,0,1,0,0,0,-246,-245,-246,-127,-214,-205,3,12,1292,0,0
LMR,4,1,3,3,2,21902,0,1,0,0,0,-246,-245,-246,-139,-235,-245,2,7,7732,0,0
LMR,7,1,6,6,2,12996,0,1,0,0,0,-246,-245,-271,-182,-245,-245,8,20,1153,0,0
LMR,5,1,4,5,3,-1100,0,1,0,0,0,-246,-245,-253,-128,-175,-224,3,10,6530,0,0
LMR,6,1,5,6,3,-6907,0,1,0,0,0,-246,-245,-338,-336,-232,-232,3,11,-1338,0,0
LMR,7,1,6,7,12,-6961,0,0,0,0,0,245,246,245,171,336,233,1,16,258,0,0
LMR,3,1,2,2,2,-1319,0,1,0,0,0,-256,-255,-256,-161,-234,-224,1,2,-1338,0,1
LMR,3,1,2,2,3,2717,0,1,0,0,0,254,255,254,250,277,273,4,4,523,0,0
LMR,4,1,3,4,11,-1626,0,1,1,1,0,244,245,244,313,363,68,6,4,0,0,0
LMR,7,1,6,7,2,10120,0,1,0,0,0,-235,-234,-248,-111,-175,-234,1,24,-1338,0,0
LMR,4,1,3,3,3,-2887,0,0,0,0,0,234,235,223,200,236,236,2,9,-996,0,0
LMR,6,1,5,4,5,-7550,0,0,0,0,0,234,235,234,221,239,239,2,6,-1528,0,0
LMR,7,1,6,6,3,9737,0,1,0,0,0,-235,-234,-235,-240,-221,-238,2,16,5765,0,0
LMR,8,5,7,6,2,17063,0,1,0,0,1,-235,-234,-235,-177,-234,-234,20,23,2803,0,0
LMR,3,1,2,3,3,-16002,0,1,0,0,0,-222,-221,-241,-258,-36,-219,1,4,-2742,1,1
LMR,4,1,3,3,2,4079,0,1,0,0,0,-235,-234,-239,-190,-196,-203,2,2,4274,0,0
LMR,5,1,4,3,3,5157,0,1,0,0,0,-235,-234,-239,-160,-234,-235,16,8,3588,0,0
LMR,5,1,4,3,8,-10300,0,1,0,0,0,-235,-234,-235,-160,-234,-234,4,23,-974,0,0
LMR,7,3,6,6,2,6836,0,1,0,0,1,234,235,217,209,237,226,6,17,7639,0,0
LMR,6,3,5,4,26,-6675,0,0,0,0,1,234,235,234,245,237,237,10,10,-1930,0,0
LMR,4,1,3,3,6,-10959,0,1,0,0,0,-235,-234,-236,-230,-209,-210,3,3,-648,0,0
LMR,4,2,3,3,2,1123,0,0,1,0,0,255,256,226,244,260,259,1,2,0,0,0
LMR,3,1,2,3,2,3982,0,1,0,0,0,-235,-234,-258,-160,-198,-181,3,3,713,0,0
LMR,5,1,4,4,2,1381,0,1,0,0,0,-235,-234,-251,-197,-199,-205,1,4,1144,0,0
LMR,5,1,4,4,2,5726,0,1,0,0,0,-235,-234,-243,-210,-224,-224,2,3,260,0,0
LMR,7,5,6,6,2,7562,0,0,1,0,0,234,235,234,242,242,242,6,6,0,1,0
LMR,3,1,2,2,2,1323,0,1,0,0,0,-235,-234,-270,-219,-234,-234,4,4,-1338,0,0
LMR,4,1,3,3,4,-3487,0,0,0,0,0,234,235,234,153,257,235,2,6,-1338,0,0
LMR,10,3,9,8,2,14714,0,1,0,0,0,-235,-234,-241,-168,-234,-235,14,36,4638,0,0
LMR,4,1,3,2,2,9768,0,1,0,0,0,-235,-234,-235,-227,-234,-234,8,4,5614,0,0
LMR,10,1,9,8,4,2053,0,1,0,0,0,-235,-234,-235,-168,-234,-234,3,47,454,0,0
LMR,5,1,4,5,5,-13727,0,0,0,0,0,234,235,234,270,325,323,1,3,850,0,0
LMR,4,1,3,4,2,21991,0,1,0,0,0,234,235,234,272,317,276,1,7,6224,0,0
LMR,5,2,4,4,3,18224,0,0,0,0,0,-235,-234,-256,-319,-234,-234,4,2,353,0,0
LMR,6,1,5,5,3,-2759,0,1,0,0,0,234,235,234,334,243,234,4,14,1290,0,0
LMR,4,1,3,3,4,4215,0,0,0,0,0,-235,-234,-262,-306,-228,-234,3,8,79,0,0
LMR,6,1,5,4,29,-9951,0,1,0,0,0,234,235,234,334,240,234,4,17,-795,0,0
LMR,5,1,4,4,2,5904,0,1,0,0,0,234,235,229,366,281,236,1,5,-828,0,0
LMR,6,1,5,6,2,-10777,0,1,0,0,0,234,235,198,415,267,235,2,18,3610,0,0
LMR,4,1,3,3,2,13313,0,1,0,0,0,-235,-234,-236,-147,-212,-234,2,11,-947,0,0
LMR,3,1,2,2,4,547,0,0,0,0,0,221,222,207,212,222,222,2,2,-1141,0,0
LMR,4,1,3,3,2,10370,0,1,0,0,0,-222,-221,-229,-164,-221,-222,3,10,599,0,1
LMR,4,1,3,3,2,4984,0,1,0,0,0,266,267,266,290,286,267,2,5,2292,0,0
LMR,3,1,2,2,2,-2309,0,1,0,0,0,-252,-251,-266,-215,-246,-251,2,3,3701,0,1
LMR,3,1,2,3,4,11498,0,0,0,0,0,-235,-234,-288,-302,-13,-197,1,2,-1338,0,0
LMR,3,1,2,3,2,-1662,0,1,0,0,0,234,235,185,238,299,206,2,7,-1338,0,0
LMR,5,1,4,4,2,1576,0,1,0,0,0,234,235,219,323,236,211,1,16,-1338,0,0
LMR,5,1,4,4,2,15263,0,1,0,0,0,-235,-234,-235,-183,-227,-227,9,9,-1338,0,0
LMR,3,1,2,3,3,6671,0,1,0,0,0,-218,-217,-225,-240,-162,-172,2,3,-1338,0,1
LMR,10,6,9,9,4,1691,0,0,0,0,1,234,235,231,234,258,257,15,26,-1338,0,0
LMR,12,5,11,10,6,-4133,0,1,0,0,1,-235,-234,-235,-230,-234,-255,32,106,-1412,0,0
LMR,5,1,4,5,7,-5467,0,1,0,0,0,234,235,227,280,303,248,2,4,258,0,0
LMR,5,1,4,4,2,7361,0,1,0,0,0,234,235,224,294,235,235,4,10,-977,0,0
LMR,4,1,3,2,3,-2157,0,1,0,0,0,234,235,234,283,235,235,5,3,1369,0,0
LMR,8,3,7,7,6,-11661,0,0,0,0,0,-245,-244,-253,-245,-215,-243,3,8,-1412,0,0
LMR,9,1,8,8,6,-13011,0,1,0,0,0,244,245,229,254,245,243,5,28,-1338,0,0
LMR,3,1,2,3,2,2571,0,1,0,0,0,-235,-234,-477,-136,-205,-176,1,5,-1338,0,0
LMR,5,3,4,4,3,-1153,0,1,0,0,1,-267,-266,-274,-239,-266,-259,5,9,-50,0,1
LMR,5,3,4,4,2,4884,0,0,1,0,0,234,235,208,216,235,235,4,4,0,1,0
LMR,4,1,3,3,2,6954,0,1,0,0,0,-235,-234,-242,-191,-211,-204,1,4,654,0,0
LMR,4,1,3,4,2,13797,0,1,0,0,0,-235,-234,-235,-183,-145,-175,2,6,2549,0,0
LMR,4,1,3,3,2,15790,0,1,0,0,0,-235,-234,-245,-228,-234,-224,3,13,755,0,0
LMR,3,1,2,2,3,17030,0,1,0,0,0,-232,-231,-242,-208,-206,-211,2,3,850,0,1
LMR,13,6,12,11,20,-17916,0,0,0,0,1,234,235,234,225,235,235,21,35,889,0,0
LMR,4,1,3,3,5,-6534,0,0,0,0,0,234,235,201,194,248,246,6,5,-1866,0,0
LMR,5,1,4,4,3,-4125,0,1,0,0,0,-235,-234,-236,-188,-194,-243,2,16,3072,0,0
LMR,8,5,7,7,2,1472,0,0,0,0,0,234,235,220,207,236,237,28,12,666,0,0
LMR,5,1,4,4,2,-283,0,1,0,0,0,-244,-243,-255,-202,-234,-244,3,4,7256,0,0
LMR,5,1,4,4,3,739,0,1,0,0,0,-244,-243,-244,-202,-229,-193,2,11,4634,0,0
LMR,3,1,2,3,2,-5384,0,1,0,0,1,230,231,208,234,263,237,3,13,-1121,0,1
LMR,3,1,2,2,2,20590,0,1,0,0,0,-230,-229,-260,-204,-207,-211,1,1,-547,0,1
LMR,5,1,4,5,2,-2269,0,1,0,0,0,261,262,228,272,288,271,2,4,-750,0,0
LMR,5,1,4,5,18,-11072,0,1,0,0,0,261,262,261,361,379,288,2,5,-1338,0,0
LMR,6,1,5,5,8,-756,0,1,1,0,0,243,244,233,348,278,255,4,18,0,0,0
LMR,3,1,2,3,2,-1521,0,1,0,0,1,267,268,224,158,307,300,2,3,3892,0,1
LMR,5,3,4,4,3,-4937,0,1,0,0,1,-256,-255,-256,-218,-241,-239,5,6,4609,0,1
LMR,4,2,3,3,2,4844,0,0,0,0,0,244,245,225,270,245,245,4,3,-1338,0,0
LMR,6,2,5,5,15,-4019,0,0,0,0,1,244,245,244,234,254,245,7,18,-4397,0,0
LMR,7,4,6,5,2,7219,0,1,0,0,1,-245,-244,-245,-226,-244,-256,24,15,2976,0,0
LMR,6,1,5,5,16,-15462,0,1,0,0,0,-245,-244,-260,-149,-244,-244,9,15,-1338,0,0
LMR,9,1,8,9,5,-6576,0,1,0,0,0,-245,-244,-443,-467,-154,-205,7,34,-1338,0,0
LMR,10,4,9,10,19,2623,0,0,1,0,0,244,245,211,-548,266,208,4,47,0,0,0
LMR,7,1,6,7,2,4584,0,1,1,0,0,-245,-244,-618,-161,210,-154,0,6,0,0,0
LMR,3,1,2,3,2,-10458,0,1,0,0,0,-221,-220,-233,-204,-175,-183,3,5,-125,0,1
LMR,12,8,11,10,5,2873,0,0,0,0,1,244,245,244,213,245,256,54,28,-2481,0,0
LMR,5,1,4,4,20,-7013,0,1,0,0,0,244,245,222,247,252,251,2,8,-1338,0,0
LMR,11,6,10,10,2,1776,0,1,0,0,1,-245,-244,-255,-213,-244,-244,55,26,7309,0,0
LMR,7,1,6,5,2,4426,0,1,0,0,0,-245,-244,-248,-49,-244,-216,4,15,861,0,0
LMR,4,1,3,4,2,30290,0,1,0,0,0,-232,-231,-261,-177,-199,-204,1,1,-479,0,1
LMR,3,1,2,2,7,-8749,0,1,0,0,0,-232,-231,-256,-116,-231,-231,2,3,-3345,0,1
LMR,3,1,2,2,11,3057,0,1,0,0,1,-245,-244,-249,-188,-226,-218,2,3,-1412,0,1
LMR,4,1,3,4,3,-1276,0,1,0,0,0,-238,-237,-746,-171,-189,-198,1,2,-1338,0,0
LMR,5,1,4,5,2,1897,0,1,0,0,0,-238,-237,-1114,-162,-208,-215,1,12,1014,0,0
LMR,8,1,7,8,2,-1478,0,1,0,0,0,-238,-237,-1311,-183,-207,-231,2,14,2881,0,0
LMR,5,1,4,3,4,-8069,0,1,0,0,0,-238,-237,-238,-167,-235,-240,2,7,2515,0,0
LMR,4,1,3,3,3,526,0,1,0,0,0,-238,-237,-243,-214,-231,-237,1,7,-1338,0,0
LMR,5,2,4,5,2,-1786,0,0,1,0,0,-259,-258,-330,-346,-194,-212,1,9,0,0,0
LMR,5,1,4,5,2,10007,0,1,0,0,0,258,259,219,372,346,219,1,12,-1338,0,0
LMR,5,1,4,5,3,256,0,1,0,0,0,258,259,219,372,279,259,4,25,-1338,0,0
LMR,5,1,4,5,2,932,0,1,0,0,0,-238,-237,-1106,-215,-237,-237,5,14,-1338,0,0
LMR,5,1,4,3,2,-6513,0,1,0,0,0,-238,-237,-238,-165,-237,-237,3,9,-2507,0,0
LMR,8,4,7,7,2,-2280,0,0,0,0,0,237,238,207,200,250,238,14,12,79,0,0
LMR,3,1,2,2,2,-983,0,1,0,0,0,-238,-237,-238,-211,-186,-186,1,2,-1338,0,0
LMR,5,1,4,4,2,3652,0,1,0,0,0,-238,-237,-255,-106,-233,-237,2,16,-1338,0,0
LMR,4,1,3,3,4,-2343,0,1,0,0,0,-238,-237,-267,-190,-218,-217,6,7,-1338,0,0
LMR,5,1,4,4,2,5653,0,1,0,0,0,-238,-237,-253,-232,-224,-224,4,8,-1175,0,0
LMR,3,1,2,2,4,8760,0,1,0,0,0,-238,-237,-240,-242,-225,-227,3,2,-2251,0,0
LMR,4,1,3,3,7,1753,0,0,0,0,0,237,238,237,240,256,252,2,4,1715,0,0
LMR,5,1,4,4,2,9356,0,1,0,0,0,-238,-237,-249,-180,-237,-237,3,13,-2043,0,0
LMR,3,1,2,2,2,14755,0,1,0,0,0,-238,-237,-238,-158,-213,-237,2,4,-1119,0,0
LMR,5,1,4,4,2,6429,0,1,0,0,0,-238,-237,-248,-154,-212,-237,2,6,6873,0,0
LMR,3,1,2,2,2,-741,0,1,0,0,0,-238,-237,-238,-157,-213,-237,2,4,-1089,0,0
LMR,3,1,2,2,2,9541,0,1,0,0,0,-238,-237,-271,-183,-218,-277,6,8,-1338,0,0
LMR,5,1,4,4,3,-16292,0,1,0,0,0,-238,-237,-274,-238,-232,-215,4,5,-1338,0,0
LMR,8,2,7,6,9,-5611,0,0,0,0,0,237,238,237,68,238,218,21,15,-1338,0,0
LMR,6,1,5,4,10,-4611,0,0,1,0,0,237,238,237,237,238,238,4,5,0,0,0
LMR,9,5,8,8,2,29059,0,1,0,0,0,-238,-237,-238,-193,-192,-224,5,13,5915,0,0
LMR,6,1,5,5,3,28469,0,1,0,0,0,-238,-237,-242,-175,-225,-237,4,13,-1338,0,0
LMR,7,3,6,7,2,26077,0,1,0,0,0,-238,-237,-263,-131,-173,-237,2,16,7527,0,0
LMR,7,1,6,7,2,12009,0,1,0,0,0,-238,-237,-885,-198,-208,-221,4,12,6451,0,0
LMR,4,1,3,2,8,-5094,0,1,0,0,0,-238,-237,-239,-195,-232,-232,3,4,-2890,0,0
LMR,5,1,4,5,2,10874,0,1,0,0,0,-238,-237,-342,-100,-196,-237,2,10,-1338,0,0
LMR,6,1,5,5,2,13036,0,1,0,0,0,-238,-237,-245,-111,-237,-222,6,15,-1338,0,0
LMR,3,1,2,2,2,-3157,0,1,0,0,0,-229,-228,-246,-202,-200,-213,1,2,1619,0,0
LMR,3,1,2,2,2,5229,0,0,0,0,0,237,238,237,211,279,279,2,5,-1338,0,0
LMR,6,1,5,5,5,-10279,0,1,0,0,0,-238,-237,-244,-136,-224,-256,1,7,-1338,0,0
LMR,7,1,6,5,9,-12061,0,0,0,0,0,237,238,237,213,238,238,10,5,-1338,0,0
LMR,9,1,8,7,5,1486,0,1,0,0,0,-238,-237,-238,-181,-237,-238,2,29,-991,0,0
LMR,9,2,8,8,2,3148,0,1,1,0,0,258,259,254,244,265,254,4,27,0,0,0
LMR,5,2,4,5,3,4465,0,0,0,0,0,237,238,175,175,294,268,3,9,-3827,0,0
LMR,5,3,4,4,2,5258,0,0,0,0,0,-259,-258,-278,-194,-258,-258,4,5,-1338,0,0
LMR,5,1,4,4,2,-4510,0,1,0,0,0,258,259,235,284,282,278,2,8,-2108,0,0
LMR,5,1,4,5,2,3139,0,1,1,0,0,258,259,258,261,314,304,7,5,0,0,0
LMR,8,1,7,6,8,2240,0,1,0,0,0,258,259,258,279,259,274,2,37,-1656,0,0
LMR,7,1,6,6,5,-9214,0,1,0,0,0,-238,-237,-259,-206,-237,-234,7,10,-1338,0,0
LMR,9,1,8,9,8,-1007,0,1,1,0,0,-238,-237,-240,-245,-96,-237,1,19,0,0,0
LMR,5,1,4,4,4,-7502,0,1,0,0,0,-238,-237,-247,-86,-237,-202,5,5,-1338,0,0
LMR,5,1,4,4,2,1074,0,1,1,0,0,258,259,246,286,272,258,4,13,0,0,0
LMR,4,1,3,3,2,-138,0,1,0,0,0,-238,-237,-252,-190,-220,-213,4,7,-1338,0,0
LMR,6,1,5,4,3,8249,0,1,0,0,0,-238,-237,-242,-110,-237,-237,6,6,-714,0,0
LMR,5,3,4,5,2,10694,0,0,1,0,0,237,238,167,226,243,247,5,8,0,1,0
LMR,6,1,5,5,6,-1916,0,1,1,1,0,-238,-237,-246,-99,-195,-245,4,15,0,0,0
LMR,3,1,2,2,2,12294,0,1,0,0,0,-238,-237,-245,-234,-237,-237,9,4,-1512,0,1
LMR,3,1,2,2,3,7341,0,1,0,0,0,-243,-242,-253,-253,-242,-242,8,4,-915,0,1
LMR,4,1,3,3,6,-454,0,1,1,0,0,237,238,237,179,253,250,2,5,0,0,0
LMR,4,1,3,2,2,-4209,0,0,0,0,0,-238,-237,-238,-363,-237,-237,3,3,-1338,0,0
LMR,6,1,5,4,3,2909,0,1,0,0,0,237,238,237,215,238,237,8,11,-1338,0,0
LMR,13,7,12,11,2,19102,0,1,0,0,0,-238,-237,-238,-186,-237,-237,34,127,-245,0,0
LMR,6,1,5,5,4,-8151,0,1,0,0,0,-238,-237,-243,-193,-198,-198,3,6,-1053,0,0
LMR,5,1,4,3,2,3633,0,1,0,0,0,-238,-237,-241,-133,-237,-202,3,8,-1338,0,0
LMR,5,1,4,3,2,13540,0,1,0,0,0,-194,-193,-195,-172,-193,-194,5,3,8192,0,1
LMR,13,6,12,12,3,-1125,0,0,0,0,0,237,238,226,157,238,238,35,45,-1652,0,0
LMR,10,3,9,9,2,22434,0,1,0,0,0,237,238,215,215,238,237,16,33,-1338,0,0
LMR,6,3,5,5,2,10959,0,0,1,0,0,-238,-237,-258,-261,-235,-235,6,4,0,0,0
LMR,3,1,2,3,8,-2366,0,1,0,0,0,-238,-237,-246,-211,-160,-173,5,2,-1338,0,0
LMR,3,1,2,3,2,4076,0,1,0,0,0,-238,-237,-246,-193,-171,-182,1,1,-1338,0,0
LMR,12,9,11,11,2,-999,0,0,0,0,0,237,238,214,234,238,238,0,0,1641,0,0
LMR,4,1,3,2,2,-2934,0,1,0,0,0,237,238,237,281,242,242,3,3,-1338,0,0
LMR,5,1,4,4,2,-1635,0,1,0,0,0,237,238,220,277,267,259,2,6,-386,0,0
LMR,5,1,4,4,2,16347,0,1,0,0,0,237,238,237,298,281,238,3,8,-1338,0,0
LMR,5,1,4,3,3,7340,0,1,0,0,0,237,238,237,273,239,232,2,4,-1556,0,0
LMR,5,2,4,3,3,905,0,0,0,0,0,237,238,237,200,238,238,3,2,-2169,0,0
LMR,11,5,10,9,6,3567,0,1,0,0,1,-238,-237,-238,-232,-237,-238,25,34,-554,0,0
LMR,13,10,12,11,6,14712,0,0,0,0,1,237,238,237,223,238,238,182,0,-69,0,0
LMR,5,1,4,4,2,8555,0,1,0,0,0,237,238,236,378,273,265,3,6,1974,0,0
LMR,4,2,3,3,2,6048,0,0,1,0,0,237,238,205,159,250,247,4,4,0,0,0
LMR,3,1,2,2,3,-3432,0,0,0,0,0,237,238,235,230,257,253,3,3,-1338,0,0
LMR,4,1,3,3,2,4432,0,1,0,0,0,-238,-237,-264,-196,-237,-249,3,11,-1338,0,0
LMR,7,3,6,6,4,1516,0,0,0,0,0,237,238,233,171,249,247,18,9,1342,0,0
LMR,7,1,6,7,2,3721,0,1,0,0,0,-238,-237,-245,-122,-171,-245,1,40,-617,0,0
LMR,5,1,4,5,2,4642,0,1,0,0,0,258,259,199,262,269,262,6,8,-1338,0,0
LMR,4,1,3,3,2,1820,0,0,0,0,0,237,238,223,255,260,256,3,5,-1338,0,0
LMR,3,1,2,3,2,11038,0,1,0,0,0,-238,-237,-255,-237,-14,-119,2,3,635,0,0
LMR,7,1,6,7,2,-1629,0,1,0,0,0,-238,-237,-273,-220,-185,-237,1,20,2103,0,0
LMR,5,3,4,4,2,4816,0,0,1,0,0,237,238,223,179,242,241,14,5,0,0,0
LMR,9,6,8,7,2,-7018,0,0,0,0,1,237,238,237,237,240,240,34,23,3898,0,0
LMR,10,2,9,9,4,-7850,0,1,0,0,1,-238,-237,-250,-241,-237,-239,11,82,-50,0,0
LMR,8,6,7,8,2,9125,0,0,0,0,0,-259,-258,-432,-348,-251,-248,14,21,-1338,0,0
LMR,10,1,9,8,16,-14876,0,1,0,0,0,258,259,258,255,259,249,3,40,-1338,0,0
LMR,9,2,8,8,4,-1079,0,1,0,0,1,258,259,258,242,269,324,3,17,2578,0,0
LMR,9,6,8,7,5,-10331,0,0,0,0,1,-259,-258,-259,-249,-258,-258,16,10,-1904,0,0
LMR,5,1,4,5,2,5752,0,1,0,0,0,-238,-237,-275,-191,-203,-237,3,25,4738,0,0
LMR,11,4,10,9,3,7358,0,1,0,0,0,-238,-237,-238,-201,-237,-237,17,85,-631,0,0
LMR,4,1,3,3,2,7677,0,1,0,0,0,-238,-237,-238,-149,-195,-227,4,4,-1338,0,0
LMR,9,3,8,9,4,-14494,0,0,0,0,0,237,238,-224,219,260,238,6,17,-1338,0,0
LMR,7,4,6,6,2,-158,0,0,0,0,0,237,238,237,237,256,253,7,8,2562,0,0
LMR,10,6,9,8,2,20280,0,1,0,0,0,-238,-237,-238,-209,-237,-245,38,39,5266,0,0
LMR,4,1,3,3,3,5368,0,1,0,0,0,273,274,266,277,298,300,5,4,1541,0,0
LMR,4,1,3,3,2,5320,0,1,1,0,0,237,238,237,219,255,252,5,3,0,0,0
LMR,5,1,4,5,2,1903,0,1,1,0,0,237,238,237,259,306,294,12,5,0,0,0
LMR,9,1,8,7,5,-16235,0,1,0,0,1,237,238,237,237,238,247,4,54,676,0,0
LMR,4,1,3,4,2,4137,0,1,0,0,0,237,238,216,320,379,275,1,1,-1338,0,0
LMR,5,1,4,5,3,2215,0,1,0,0,0,237,238,218,360,273,257,2,7,-1338,0,0
LMR,6,2,5,5,2,-9005,0,0,0,0,0,-238,-237,-253,-310,-237,-237,12,15,359,0,0
LMR,6,1,5,6,2,7183,0,1,0,0,0,237,238,193,349,290,237,1,50,-1338,0,0
LMR,6,1,5,5,4,9065,0,1,0,0,0,237,238,237,349,272,237,3,13,-1338,0,0
LMR,6,1,5,5,5,1086,0,1,0,0,0,237,238,237,349,258,237,3,15,-325,0,0
LMR,4,1,3,2,4,2209,0,1,0,0,0,237,238,237,348,238,238,5,7,-1338,0,0
LMR,6,1,5,5,9,-17950,0,1,0,0,0,237,238,237,349,285,238,2,28,-1338,0,0
LMR,3,1,2,2,2,53,0,1,1,0,0,237,238,237,175,265,261,5,4,0,0,0
LMR,5,1,4,4,3,12266,0,1,0,0,0,237,238,237,339,285,238,3,6,-1126,0,0
LMR,5,1,4,5,2,-2720,0,1,0,0,0,237,238,227,324,285,252,2,13,-260,0,0
LMR,5,1,4,5,5,-7845,0,1,0,0,0,258,259,254,258,344,334,1,2,-1338,0,0
LMR,6,1,5,5,4,-8912,0,0,0,0,0,-259,-258,-299,-374,-258,-321,5,11,-1338,0,0
LMR,6,1,5,6,3,6936,0,1,0,0,0,258,259,258,310,374,299,3,26,-1338,0,0
LMR,10,7,9,9,2,10780,0,0,1,0,0,-259,-258,-271,-439,-244,-257,18,22,0,0,0
LMR,5,1,4,4,2,-13703,0,1,0,0,0,-259,-258,-268,-213,-233,-258,4,7,-1338,0,0
LMR,5,1,4,3,5,-11088,0,1,0,0,0,258,259,253,307,259,239,2,2,-1338,0,0
LMR,10,8,9,10,2,6706,0,0,0,0,0,-259,-258,-318,-260,-257,-258,19,48,2605,0,0
LMR,11,7,10,9,2,23057,0,1,0,0,1,258,259,257,245,259,258,50,105,-1338,0,0
LMR,5,1,4,4,2,4885,0,1,0,0,0,258,259,223,360,276,273,4,10,1853,0,0
LMR,5,1,4,5,9,-12607,0,1,0,0,0,258,259,246,313,307,307,3,4,-1338,0,0
LMR,9,6,8,8,2,11309,0,0,1,0,0,-259,-258,-294,-420,-244,-256,12,13,0,0,0
LMR,10,5,9,8,2,18779,0,1,0,0,1,258,259,256,251,259,246,23,41,-1338,0,0
LMR,5,1,4,5,5,-4106,0,1,0,0,0,258,259,250,278,324,282,5,8,-1338,0,0
LMR,8,3,7,8,2,19368,0,1,0,0,0,258,259,258,400,332,323,5,11,8192,0,0
LMR,4,2,3,3,2,10568,0,0,0,0,0,-259,-258,-268,-302,-258,-258,20,9,1528,0,0
LMR,12,8,11,10,4,1903,0,0,0,0,1,-259,-258,-259,-279,-258,-258,71,62,-1338,0,0
LMR,4,1,3,4,2,10341,0,1,0,0,0,-259,-258,-307,-278,-216,-223,2,7,4630,0,0
LMR,5,1,4,4,3,19725,0,1,0,0,0,258,259,249,299,296,288,3,4,-1338,0,0
LMR,7,1,6,7,3,3846,0,1,1,0,0,258,259,217,259,273,275,6,22,0,0,0
LMR,10,3,9,9,20,-17066,0,0,0,0,0,-259,-258,-259,-300,-246,-257,8,23,-1338,0,0
LMR,13,6,12,11,6,11091,0,1,0,0,1,258,259,258,238,259,257,71,173,-6252,0,0
LMR,3,1,2,2,2,2130,0,1,0,0,0,257,258,254,260,267,199,6,5,-1338,0,0
LMR,7,2,6,7,2,24266,0,1,0,0,0,-238,-237,-238,-142,-49,-231,2,4,-1338,0,0
LMR,6,1,5,6,2,8103,0,1,0,0,0,-238,-237,-257,-170,-169,-222,1,7,-1338,0,0
LMR,8,4,7,6,5,-1656,0,0,0,0,1,237,238,237,199,243,257,11,12,-1338,0,0
LMR,9,1,8,8,11,-16126,0,1,0,0,1,-238,-237,-238,-238,-213,-254,2,47,-1338,0,0
LMR,12,6,11,10,12,-10387,0,0,0,0,1,237,238,237,218,238,238,9,75,-1338,0,0
LMR,7,2,6,5,5,-1249,0,0,0,0,0,-238,-237,-238,-305,-237,-233,8,15,-1412,0,0
LMR,8,1,7,6,3,-8144,0,1,0,0,0,237,238,233,313,238,237,3,10,-627,0,0
LMR,5,1,4,5,2,-9696,0,0,0,0,0,237,238,189,178,256,256,3,4,-1338,0,0
LMR,5,1,4,5,3,5563,0,1,0,0,0,-238,-237,-238,-202,-178,-253,2,9,-1338,0,0
LMR,7,2,6,5,2,17397,0,1,0,0,0,-238,-237,-238,-91,-237,-221,8,15,1113,0,0
LMR,3,1,2,2,2,12151,0,1,0,0,0,-237,-236,-242,-203,-222,-236,2,4,-2620,0,1
LMR,3,1,2,2,2,8574,0,1,0,0,0,-238,-237,-268,-207,-224,-237,1,3,1229,0,0
LMR,3,1,2,2,2,993,0,1,0,0,0,-238,-237,-243,-135,-218,-237,3,9,8192,0,0
LMR,3,1,2,2,4,14410,0,1,0,0,0,237,238,237,233,251,248,5,5,-734,0,0
LMR,5,1,4,3,5,11061,0,1,0,0,1,237,238,237,262,238,234,2,10,-3730,0,0
LMR,5,1,4,4,8,-7286,0,1,0,0,1,237,238,237,262,247,237,8,10,4061,0,0
LMR,3,1,2,3,2,11443,0,1,0,0,0,-238,-237,-321,-205,-171,-182,1,2,-1338,0,0
LMR,5,1,4,4,3,16058,0,1,0,0,0,-238,-237,-252,-228,-223,-195,3,10,-1338,0,0
LMR,9,6,8,7,3,7772,0,0,0,0,1,237,238,237,237,238,238,27,51,-3730,0,0
LMR,11,5,10,9,3,6159,0,1,0,0,1,-238,-237,-238,-209,-237,-238,49,122,-2132,0,0
LMR,4,1,3,3,2,4590,0,1,0,0,0,237,238,237,280,253,238,2,14,4061,0,0
LMR,4,1,3,3,3,9145,0,1,0,0,0,254,255,254,300,298,290,5,5,265,0,0
LMR,5,1,4,4,4,-7728,0,1,0,0,0,-256,-255,-263,-232,-240,-240,3,5,-1338,0,0
LMR,6,1,5,4,17,-8287,0,0,0,0,1,255,256,255,248,256,256,5,10,-1338,0,0
LMR,7,3,6,6,2,14003,0,1,0,0,1,-256,-255,-270,-240,-255,-256,5,36,8124,0,0
LMR,4,1,3,4,3,-9867,0,0,0,0,0,-259,-258,-278,-267,-199,-209,1,4,-1338,0,0
LMR,5,1,4,4,4,-2844,0,1,0,0,0,258,259,234,261,259,218,2,14,-1338,0,0
LMR,4,1,3,4,2,-2361,0,0,1,0,0,-259,-258,-400,-282,-80,-87,0,3,0,0,0
LMR,5,1,4,4,17,-10967,0,1,0,0,0,258,259,244,261,260,121,11,6,-1338,0,0
LMR,6,2,5,5,6,-2830,0,1,0,0,1,258,259,255,256,264,258,3,10,-1885,0,0
LMR,5,1,4,4,2,-6775,0,0,0,0,0,-259,-258,-301,-338,-258,-258,4,6,-1338,0,0
LMR,5,1,4,5,2,8033,0,1,0,0,0,258,259,251,284,310,258,1,12,-2030,0,0
LMR,5,1,4,3,6,-609,0,1,0,0,0,258,259,258,284,259,259,4,3,-1338,0,0
LMR,3,1,2,2,5,7717,0,0,0,0,0,-259,-258,-259,-283,-238,-277,7,8,-3589,0,0
LMR,12,6,11,10,2,8272,0,1,0,0,0,258,259,258,270,264,259,27,127,7342,0,0
LMR,3,1,2,2,6,3781,0,0,0,0,0,-259,-258,-273,-276,-258,-258,10,5,-1338,0,0
LMR,4,1,3,3,4,1028,0,1,0,0,0,258,259,258,294,276,258,2,21,-1338,0,0
LMR,3,1,2,3,2,31632,0,1,0,0,0,258,259,258,252,318,265,2,2,-1338,0,0
LMR,7,1,6,6,3,4981,0,1,0,0,0,258,259,258,278,281,263,2,20,-1338,0,0
LMR,3,1,2,2,3,3360,0,1,0,0,0,251,252,251,334,264,252,2,5,1426,0,1
LMR,5,2,4,4,2,-1059,0,0,0,0,0,-259,-258,-308,-382,-258,-258,6,5,-1338,0,0
LMR,5,1,4,5,2,12049,0,1,0,0,0,258,259,253,361,319,258,2,13,-1338,0,0
LMR,5,1,4,5,7,-4978,0,1,1,0,0,258,259,258,361,349,333,2,2,0,0,0
LMR,6,2,5,5,9,4878,0,0,0,0,0,-259,-258,-272,-436,-258,-258,7,9,-316,0,0
LMR,4,1,3,4,5,-3324,0,1,0,0,0,-238,-237,-240,-246,-147,-220,2,5,-1338,0,0
LMR,5,1,4,5,6,-4450,0,1,1,0,0,-238,-237,-312,-203,-207,-208,2,10,0,0,0
LMR,7,4,6,6,2,-1367,0,0,0,0,0,237,238,237,336,286,238,8,13,-2742,0,0
LMR,5,1,4,5,3,18959,0,1,0,0,0,258,259,258,352,335,259,2,8,-652,0,0
LMR,4,1,3,4,2,1375,0,1,1,0,0,265,266,257,243,319,359,1,2,0,0,0
LMR,7,4,6,6,5,-9708,0,0,0,0,1,-259,-258,-268,-201,-258,-258,7,15,-960,0,0
LMR,8,5,7,6,2,17170,0,1,0,0,1,258,259,258,239,261,259,12,15,-857,0,0
LMR,10,2,9,8,15,-8569,0,0,0,0,0,-259,-258,-259,-238,-257,-259,4,64,-1338,0,0
LMR,5,2,4,3,2,-359,0,1,0,0,1,216,217,216,276,219,219,7,8,-2458,0,1
LMR,4,1,3,3,2,2955,0,1,0,0,1,258,259,258,293,283,278,2,3,-1338,0,0
LMR,3,1,2,3,2,8802,0,1,0,0,0,258,259,236,252,292,262,3,4,-1338,0,0
LMR,3,1,2,3,4,4395,0,0,0,0,0,-259,-258,-321,-270,-256,-261,2,9,-1338,0,0
LMR,4,1,3,3,4,4884,0,1,0,0,0,258,259,254,309,270,261,2,16,-1338,0,0
LMR,6,1,5,4,9,-5095,0,0,1,0,0,-259,-258,-259,-304,-257,-257,3,5,0,0,0
LMR,5,1,4,4,2,6663,0,1,0,0,0,258,259,252,352,271,268,2,6,-1338,0,0
LMR,8,1,7,7,4,4398,0,1,0,0,0,258,259,257,310,299,266,2,18,-1338,0,0
LMR,7,1,6,5,5,-10116,0,0,0,0,0,-259,-258,-262,-279,-258,-251,7,10,-1338,0,0
LMR,9,4,8,8,2,3912,0,0,0,0,0,-259,-258,-259,-260,-251,-254,19,39,-1338,0,0
LMR,10,4,9,9,2,20272,0,1,0,0,0,258,259,251,293,260,254,8,70,2633,0,0
LMR,6,1,5,6,2,17784,0,1,0,0,0,258,259,49,254,339,269,1,6,-1338,0,0
LMR,8,4,7,7,2,-10258,0,0,0,0,0,-259,-258,-267,-265,-251,-251,18,11,-461,0,0
LMR,5,1,4,4,7,-9024,0,1,0,0,0,258,259,246,302,278,278,3,5,-1338,0,0
LMR,7,1,6,6,2,-3579,0,1,0,0,0,258,259,219,275,262,258,1,15,-2194,0,0
LMR,3,1,2,3,3,2107,0,1,1,0,0,-238,-237,-250,-455,-169,-181,1,3,0,0,0
LMR,3,1,2,3,2,4598,0,0,0,0,0,237,238,189,234,244,243,1,2,-1338,0,0
LMR,5,1,4,3,5,-5397,0,1,0,0,0,-238,-237,-238,-229,-234,-241,3,5,-1338,0,0
LMR,4,2,3,4,2,10110,0,0,0,0,0,-239,-238,-392,-298,-238,-238,4,6,-1338,0,0
LMR,5,1,4,4,2,11614,0,1,0,0,0,238,239,238,256,260,249,2,6,-1338,0,0
LMR,4,1,3,3,5,-3995,0,1,0,0,0,-240,-239,-240,-229,-231,-232,2,6,-2194,0,0
LMR,4,2,3,3,2,6281,0,0,0,0,0,239,240,218,235,241,241,3,5,1305,0,0
LMR,5,1,4,4,4,-3569,0,1,0,0,0,-240,-239,-248,-215,-235,-240,2,10,1322,0,0
LMR,4,1,3,2,5,-6832,0,0,0,0,0,-259,-258,-259,-241,-258,-258,2,2,-1590,0,0
LMR,5,1,4,4,2,8365,0,1,0,0,0,258,259,258,240,290,259,2,5,-1109,0,0
LMR,5,1,4,3,2,16758,0,1,0,0,0,258,259,258,267,259,259,4,6,-1338,0,0
LMR,5,1,4,4,2,-2153,0,1,0,0,0,258,259,242,281,275,272,3,3,-1338,0,0
LMR,9,1,8,8,7,1789,0,1,0,0,0,258,259,250,273,259,259,10,32,-1338,0,0
LMR,6,1,5,5,2,8171,0,1,0,0,0,258,259,242,260,260,253,3,6,-503,0,0
LMR,9,1,8,7,4,-4348,0,1,0,0,0,258,259,258,258,261,259,4,20,-3806,0,0
LMR,4,1,3,3,2,18847,0,1,0,0,0,-249,-248,-272,-270,-248,-183,4,4,-572,0,0
LMR,3,1,2,2,2,8069,0,0,0,0,0,248,249,229,204,262,254,3,6,4384,0,0
LMR,4,1,3,3,4,-11114,0,1,0,0,0,-249,-248,-255,-223,-239,-252,2,11,4948,0,0
LMR,7,1,6,5,15,-13029,0,1,0,0,0,269,270,269,339,270,274,5,12,-1338,0,0
LMR,11,6,10,9,2,16322,0,1,0,0,0,269,270,269,331,270,273,12,33,-1338,0,0
LMR,5,1,4,3,2,7931,0,1,0,0,0,269,270,269,312,273,274,12,6,-1338,0,0
LMR,6,1,5,5,4,-11871,0,1,0,0,0,269,270,262,329,276,270,7,7,-1617,0,0
LMR,7,2,6,5,3,21,0,1,0,0,1,269,270,269,293,270,252,8,6,-178,0,0
LMR,5,1,4,4,4,-4446,0,1,0,0,0,-270,-269,-299,-257,-261,-261,4,7,578,0,0
LMR,11,4,10,11,5,-680,0,1,0,0,1,269,270,269,265,333,284,6,25,-299,0,0
LMR,3,1,2,2,5,-5859,0,0,0,0,0,-250,-249,-250,-292,-236,-244,3,7,-1338,0,0
LMR,4,1,3,3,18,2261,0,1,0,0,0,249,250,249,287,262,245,1,14,-1588,0,1
LMR,11,6,10,9,2,16872,0,1,0,0,0,269,270,269,309,276,315,12,12,1366,0,0
LMR,5,1,4,5,2,12687,0,1,0,0,0,269,270,243,364,347,270,1,5,-1338,0,0
LMR,7,2,6,5,2,-15938,0,0,0,0,0,-270,-269,-270,-356,-269,-269,8,12,2903,0,0
LMR,5,1,4,5,2,18045,0,1,0,0,0,269,270,221,381,309,309,2,4,-1342,0,0
LMR,3,1,2,3,2,11366,0,1,0,0,0,269,270,269,331,354,339,1,1,-1361,0,0
LMR,8,2,7,7,3,13058,0,1,0,0,0,269,270,269,369,289,289,1,22,3504,0,0
LMR,5,1,4,4,2,13892,0,1,0,0,0,269,270,258,382,299,276,1,3,-1338,0,0
LMR,4,1,3,3,5,3250,0,1,0,0,1,239,240,237,262,250,248,4,5,-1987,0,1
LMR,6,1,5,6,4,-7750,0,1,0,0,0,269,270,269,396,375,356,1,3,-1338,0,0
LMR,6,1,5,6,2,4341,0,1,0,0,0,269,270,267,528,406,344,4,4,-1338,0,0
LMR,3,1,2,2,4,-4169,0,1,1,0,0,299,300,299,347,311,300,2,4,0,0,1
LMR,4,1,3,4,2,9717,0,1,0,0,0,271,272,235,312,307,277,1,9,1252,0,1
LMR,3,1,2,2,2,13231,0,1,0,0,0,251,252,251,356,285,279,2,2,313,0,1
LMR,8,5,7,7,11,-3485,0,0,0,0,1,-270,-269,-280,-259,-269,-269,0,0,-1316,0,0
LMR,4,1,3,3,4,-6439,0,1,0,0,0,269,270,269,331,298,278,3,4,-1190,0,0
LMR,9,6,8,8,2,13327,0,1,0,0,1,269,270,269,284,291,276,4,26,-1338,0,0
LMR,4,1,3,3,5,5576,0,1,1,0,0,269,270,242,-11,270,270,10,7,0,0,0
LMR,3,1,2,3,2,562,0,1,1,0,0,269,270,-174,196,289,285,2,2,0,0,0
LMR,5,1,4,5,2,-2354,0,1,0,0,0,269,270,195,421,356,275,2,3,-1338,0,0
LMR,3,1,2,3,2,13272,0,1,0,0,0,268,269,206,280,272,279,2,6,-675,0,1
LMR,4,2,3,3,3,7357,0,0,0,0,0,-263,-262,-287,-237,-234,-238,4,6,-2761,0,0
LMR,5,1,4,4,2,1278,0,1,0,0,0,269,270,248,310,291,287,2,3,-1338,0,0
LMR,7,3,6,6,3,-10306,0,0,0,0,0,-270,-269,-284,-290,-269,-269,7,13,-1338,0,0
LMR,6,1,5,6,2,8785,0,1,0,0,0,269,270,230,395,300,278,2,6,-1338,0,0
LMR,8,1,7,7,5,-7186,0,0,0,0,0,-270,-269,-276,-315,-238,-244,4,14,-1338,0,0
LMR,10,4,9,8,2,10938,0,1,0,0,0,269,270,269,381,270,246,2,35,-1338,0,0
LMR,9,2,8,8,2,-10833,0,0,0,0,0,-270,-269,-316,-308,-269,-300,7,6,-2194,0,0
LMR,10,1,9,9,6,-4901,0,1,0,0,0,269,270,269,381,308,300,1,34,-1338,0,0
LMR,3,1,2,2,3,-7387,0,1,0,0,0,310,311,266,391,312,280,2,3,-1338,0,1
LMR,8,1,7,8,4,-12252,0,1,0,0,0,269,270,176,580,340,392,3,5,-1338,0,0
LMR,3,1,2,2,7,-2682,0,1,0,0,0,237,238,213,175,241,240,2,2,-1338,0,0
LMR,6,1,5,6,2,17311,0,1,0,0,0,269,270,252,328,331,343,5,5,3127,0,0
LMR,3,1,2,2,2,10876,0,1,0,0,0,252,253,236,301,255,254,1,4,346,0,1
LMR,3,1,2,2,5,-6997,0,1,0,0,0,262,263,262,305,282,279,1,1,-1338,0,1
LMR,4,1,3,4,2,2844,0,1,0,0,0,264,265,256,320,311,271,1,9,5196,0,1
LMR,4,1,3,3,2,-1276,0,1,0,0,0,269,270,239,136,270,269,3,15,-1338,0,0
LMR,9,3,8,9,8,-11535,0,0,0,0,0,-270,-269,-352,-318,-269,-279,28,13,-1338,0,0
LMR,5,1,4,3,2,6658,0,1,0,0,0,269,270,266,368,270,270,5,8,-2194,0,0
LMR,4,1,3,3,3,2028,0,1,0,0,0,250,251,250,332,261,262,5,5,-2502,0,1
LMR,4,1,3,4,6,-2352,0,1,1,0,0,249,250,246,288,308,298,1,1,0,0,1
LMR,4,1,3,3,2,5711,0,1,0,0,0,274,275,274,365,282,275,2,8,-2527,0,1
LMR,4,1,3,4,2,12725,0,1,0,0,0,284,285,237,322,358,301,1,4,-1338,0,0
LMR,5,1,4,5,2,5593,0,1,0,0,0,284,285,189,314,300,297,2,18,-1590,0,0
LMR,10,4,9,10,2,1596,0,1,1,0,0,284,285,277,361,336,285,4,39,0,0,0
LMR,7,1,6,7,2,15241,0,1,0,0,0,284,285,240,313,329,329,1,8,37,0,0
LMR,4,1,3,4,5,2343,0,1,0,0,0,284,285,266,262,399,286,1,1,-1338,0,0
LMR,4,1,3,4,2,1564,0,0,1,0,0,-285,-284,-638,-738,-262,-285,2,9,0,0,0
LMR,9,2,8,9,6,-4266,0,0,1,0,0,-285,-284,-285,-351,-131,-250,2,11,0,0,0
LMR,14,6,13,12,4,-15001,0,0,0,0,0,-285,-284,-285,-300,-284,-284,69,50,-1420,0,0
LMR,5,1,4,5,4,-11167,0,1,0,0,0,-285,-284,-294,-263,-220,-213,2,7,161,0,0
LMR,5,1,4,5,2,6266,0,1,0,0,0,-285,-284,-286,-209,-69,-220,1,4,-31,0,0
LMR,5,1,4,4,2,19940,0,1,0,0,0,-285,-284,-299,-187,-259,-259,2,2,4600,0,0
LMR,3,1,2,2,2,676,0,1,1,0,0,-256,-255,-256,-258,-237,-240,1,2,0,0,0
LMR,6,1,5,4,2,21,0,1,0,0,0,-256,-255,-256,-191,-255,-255,7,30,-1338,0,0
LMR,5,1,4,4,4,-286,0,1,1,0,0,-256,-255,-256,-197,-208,-216,1,1,0,0,0
LMR,3,1,2,2,2,8225,0,1,0,0,0,-266,-265,-279,-201,-265,-265,3,6,1741,0,1
LMR,5,1,4,5,2,-2549,0,1,0,0,0,-256,-255,-298,-230,-217,-240,2,6,-1338,0,0
LMR,4,1,3,3,2,-8026,0,1,0,0,0,-256,-255,-256,-156,-217,-224,2,3,-1393,0,0
LMR,8,1,7,7,2,3988,0,1,0,0,0,-256,-255,-289,-142,-244,-242,3,37,-1338,0,0
LMR,5,1,4,4,5,-4031,0,1,0,0,0,-256,-255,-257,-189,-246,-262,3,2,3308,0,0
LMR,5,1,4,4,2,11099,0,1,1,0,0,284,285,284,262,310,305,4,4,0,0,0
LMR,5,1,4,3,9,-1292,0,1,1,0,0,284,285,284,263,285,285,5,7,0,0,0
LMR,5,1,4,4,2,5065,0,1,1,0,0,284,285,284,358,325,325,4,5,0,0,0
LMR,4,1,3,4,2,11379,0,1,0,0,0,284,285,268,379,337,327,2,4,23,0,0
LMR,3,1,2,3,2,13012,0,1,0,0,0,284,285,278,326,346,314,2,3,-1348,0,0
LMR,4,1,3,3,2,-2668,0,1,0,0,1,-247,-246,-256,-218,-246,-247,3,5,1330,0,0
LMR,4,1,3,2,4,4022,0,1,0,0,1,-247,-246,-247,-218,-244,-247,2,8,-852,0,0
LMR,5,1,4,5,3,13031,0,1,0,0,0,284,285,252,313,306,285,1,5,-1338,0,0
LMR,4,1,3,2,2,20226,0,1,0,0,0,284,285,284,346,289,285,1,5,-1223,0,0
LMR,3,1,2,2,2,8999,0,1,0,0,0,269,270,243,286,284,278,1,2,-1338,0,1
LMR,3,1,2,2,3,-1920,0,0,0,0,0,-285,-284,-308,-272,-258,-263,1,2,53,0,0
LMR,4,1,3,3,4,7040,0,1,0,0,0,284,285,275,276,312,285,2,8,-726,0,0
LMR,5,1,4,4,6,-5906,0,1,0,0,0,272,273,268,322,279,271,3,12,-234,0,1
LMR,4,1,3,2,3,-7709,0,0,0,0,0,-273,-272,-273,-290,-272,-272,2,4,-2518,0,0
LMR,5,1,4,4,12,-13223,0,1,0,0,0,272,273,271,322,290,272,2,12,-1338,0,1
LMR,5,1,4,4,4,-3565,0,1,0,0,0,284,285,276,270,285,298,1,5,-1338,0,0
LMR,5,1,4,4,16,-9421,0,1,0,0,0,284,285,284,295,319,313,1,2,-1338,0,0
LMR,6,2,5,5,3,-7962,0,0,0,0,0,-285,-284,-308,-290,-284,-265,10,13,-1338,0,0
LMR,8,2,7,6,2,20511,0,1,0,0,0,284,285,281,262,288,267,6,42,-1338,0,0
LMR,8,1,7,7,3,8844,0,1,0,0,0,284,285,281,262,328,311,2,17,4323,0,0
LMR,3,1,2,2,5,-1914,0,0,0,0,0,-308,-307,-308,-319,-262,-266,5,4,-1338,0,0
LMR,4,1,3,3,7,-1146,0,1,0,0,0,307,308,300,408,319,276,2,15,-1338,0,1
LMR,4,1,3,3,8,-10509,0,1,0,0,0,307,308,300,408,350,342,1,2,-565,0,1
LMR,3,1,2,2,6,7441,0,1,0,0,0,252,253,252,187,300,305,5,3,-1338,0,0
LMR,3,1,2,3,3,12651,0,0,0,0,0,-253,-252,-253,-256,-187,-292,5,18,-1338,0,0
LMR,4,1,3,2,2,23937,0,1,0,0,0,284,285,280,341,285,285,2,3,-894,0,0
LMR,5,1,4,4,3,4394,0,1,0,0,0,284,285,274,305,290,291,5,9,1593,0,0
LMR,6,1,5,5,4,-13645,0,0,0,0,0,-285,-284,-295,-276,-282,-290,7,20,1341,0,0
LMR,4,1,3,3,3,-5858,0,1,0,0,0,248,249,241,354,250,267,3,4,-1338,0,0
LMR,5,1,4,5,3,7863,0,1,0,0,0,248,249,229,362,294,263,1,13,-1338,0,0
LMR,5,1,4,4,5,-3348,0,1,0,0,1,248,249,248,268,289,260,3,20,-1338,0,1
LMR,3,1,2,2,6,-827,0,1,0,0,0,284,285,267,318,285,285,3,2,-1338,0,0
LMR,5,1,4,4,2,-3055,0,1,0,0,0,284,285,274,338,318,285,2,12,4304,0,0
LMR,4,1,3,4,5,-173,0,1,0,0,0,284,285,279,328,358,317,1,1,-846,0,0
LMR,7,1,6,6,2,7587,0,1,0,0,0,284,285,273,335,319,310,1,16,-1338,0,0
LMR,6,1,5,4,2,14034,0,1,0,0,0,284,285,278,336,285,285,5,8,-2742,0,0
LMR,4,1,3,4,2,-2530,0,0,0,0,0,-285,-284,-306,-278,-175,-208,1,7,-1338,0,0
LMR,7,1,6,7,5,-16233,0,1,0,0,0,284,285,259,441,363,323,2,7,-1338,0,0
LMR,5,1,4,4,2,9806,0,1,0,0,0,284,285,280,389,310,310,1,7,-1338,0,0
LMR,3,1,2,2,13,676,0,1,1,0,0,284,285,284,106,303,306,3,2,0,0,0
LMR,3,1,2,3,2,11766,0,0,0,0,0,-285,-284,-635,-399,-284,-300,5,11,-987,0,0
LMR,8,1,7,7,12,-6919,0,1,0,0,0,284,285,263,339,285,297,4,28,-1338,0,0
LMR,7,1,6,7,2,10783,0,1,0,0,0,284,285,187,434,340,323,5,5,800,0,0
LMR,4,1,3,4,2,1474,0,1,0,0,0,284,285,-83,382,378,310,2,4,-1338,0,0
LMR,3,1,2,2,15,-481,0,1,1,0,0,284,285,278,381,329,321,2,3,0,0,0
LMR,7,1,6,5,9,-9055,0,1,0,0,0,284,285,284,422,285,285,6,49,-1338,0,0
LMR,4,1,3,3,3,714,0,1,0,0,0,266,267,266,304,314,283,1,1,5529,0,1
LMR,4,1,3,3,2,7018,0,1,0,0,0,284,285,276,320,305,302,1,1,5664,0,0
LMR,5,1,4,4,2,23097,0,1,0,0,0,304,305,297,373,346,326,2,6,3164,0,0
LMR,3,1,2,3,2,1528,0,1,1,0,0,304,305,288,308,346,339,1,7,0,0,0
LMR,6,1,5,6,10,-16830,0,1,0,0,0,304,305,304,354,382,330,1,19,1308,0,0
LMR,7,2,6,5,2,16743,0,1,0,0,0,304,305,304,285,305,305,9,6,4715,0,0
LMR,10,3,9,8,11,-19845,0,0,0,0,1,-305,-304,-305,-285,-300,-299,12,25,3874,0,0
LMR,9,1,8,7,2,-7977,0,1,0,0,0,-266,-265,-270,-165,-265,-254,3,16,5380,0,0
LMR,4,1,3,4,2,8752,0,1,1,0,0,-266,-265,-321,-265,-249,-273,1,9,0,0,0
LMR,4,1,3,3,3,4852,0,1,1,0,0,-266,-265,-273,-265,-237,-250,1,2,0,0,0
LMR,5,1,4,5,2,11193,0,1,0,0,0,-266,-265,-266,-109,-211,-226,4,12,-1338,0,0
LMR,7,1,6,5,3,-5326,0,1,0,0,0,-266,-265,-266,-91,-265,-253,3,52,-2194,0,0
LMR,7,1,6,6,10,-15210,0,1,0,0,0,-266,-265,-282,-262,-252,-265,2,34,-1697,0,0
LMR,4,2,3,3,2,36006,0,1,0,0,0,265,266,265,280,311,303,3,3,-837,0,0
LMR,5,1,4,4,2,15411,0,1,0,0,0,265,266,265,328,297,295,1,2,6493,0,0
LMR,5,1,4,5,2,24986,0,1,0,0,0,265,266,264,384,331,331,2,11,6565,0,0
LMR,4,1,3,3,4,7256,0,1,0,0,0,275,276,275,287,283,282,3,8,-1338,0,0
LMR,5,1,4,5,2,14094,0,1,0,0,0,275,276,219,357,280,276,3,39,-1338,0,1
LMR,5,1,4,4,3,20204,0,1,0,0,0,304,305,304,372,315,315,9,7,-643,0,0
LMR,5,1,4,4,12,-2460,0,1,1,0,0,304,305,304,449,354,308,3,19,0,0,0
LMR,5,3,4,5,2,5732,0,0,0,0,0,-305,-304,-378,-322,-304,-297,6,9,-1338,0,0
LMR,5,1,4,5,2,16139,0,1,0,0,0,304,305,161,425,307,298,3,17,-1338,0,0
LMR,5,1,4,3,6,-3895,0,1,1,0,0,304,305,302,425,306,295,1,3,0,0,0
LMR,5,3,4,4,2,-1578,0,1,0,0,1,-305,-304,-321,-298,-304,-304,9,9,-1338,0,0
LMR,4,1,3,4,3,-4694,0,1,0,0,0,-305,-304,-334,-323,-242,-298,2,7,-1338,0,0
LMR,4,1,3,3,4,11057,0,1,0,0,0,-305,-304,-323,-329,-304,-305,4,5,-1338,0,0
LMR,5,1,4,4,3,-3475,0,1,0,0,0,-305,-304,-319,-311,-270,-276,3,5,1935,0,0
LMR,4,1,3,4,2,4807,0,1,0,0,0,-305,-304,-313,-244,-213,-229,2,2,-1338,0,0
LMR,5,1,4,4,17,-5334,0,1,0,0,1,-305,-304,-319,-263,-291,-314,3,4,-2591,0,0
LMR,8,5,7,6,4,-11154,0,0,0,0,1,304,305,304,314,305,305,17,7,5934,0,0
LMR,4,1,3,4,2,5326,0,1,0,0,0,304,305,282,378,385,305,1,12,1667,0,0
LMR,4,1,3,2,2,14819,0,1,0,0,0,-305,-304,-311,-244,-304,-304,2,2,-1338,0,0
LMR,9,4,8,7,3,4237,0,1,0,0,1,-305,-304,-305,-285,-304,-304,12,28,-2108,0,0
LMR,5,1,4,4,4,-6802,0,1,0,0,0,-305,-304,-333,-230,-297,-305,2,7,-930,0,0
LMR,5,1,4,4,7,-1175,0,1,0,0,0,-305,-304,-305,-230,-282,-306,2,5,-749,0,0
LMR,4,1,3,3,3,3798,0,0,0,0,0,304,305,304,264,344,337,2,2,-1395,0,0
LMR,5,1,4,4,18,-11024,0,1,0,0,0,-305,-304,-305,-230,-277,-330,2,17,-1338,0,0
LMR,5,1,4,5,2,-8849,0,1,0,0,0,304,305,304,309,399,314,1,4,3359,0,0
LMR,10,5,9,8,3,-147,0,1,0,0,1,304,305,304,318,305,305,50,40,-1446,0,0
LMR,4,1,3,4,2,1964,0,1,1,0,0,304,305,240,358,353,335,3,9,0,0,0
LMR,3,1,2,2,4,-1228,0,1,0,0,0,304,305,294,322,305,298,2,4,-1338,0,0
LMR,5,1,4,4,2,11735,0,1,0,0,0,304,305,304,365,312,299,1,11,-2108,0,0
LMR,8,1,7,7,3,11096,0,1,0,0,0,304,305,296,280,305,305,32,38,-545,0,0
LMR,11,5,10,9,12,-17190,0,0,0,0,1,-305,-304,-305,-301,-304,-304,38,166,-2792,0,0
LMR,4,1,3,3,4,8764,0,1,0,0,0,-305,-304,-305,-217,-272,-304,3,7,-1338,0,0
LMR,6,1,5,5,2,13219,0,1,0,0,0,-305,-304,-311,-141,-299,-304,3,15,-1338,0,0
LMR,3,1,2,2,2,14431,0,1,0,0,0,-305,-304,-305,-261,-273,-279,2,3,3978,0,0
LMR,5,1,4,5,9,-2560,0,1,1,0,0,304,305,286,321,346,313,3,6,0,0,0
LMR,3,1,2,2,3,-4689,0,1,0,0,0,-264,-263,-285,-253,-262,-263,2,3,-1338,0,0
LMR,10,1,9,10,4,-7341,0,1,0,0,0,304,305,111,665,559,344,1,18,-1338,0,0
LMR,5,1,4,5,3,2445,0,1,0,0,0,304,305,240,491,374,362,2,8,-1338,0,0
LMR,9,1,8,8,16,-17262,0,0,0,0,0,-305,-304,-313,-315,-304,-303,10,24,-1338,0,0
LMR,5,1,4,4,2,6696,0,1,1,0,1,304,305,256,23,305,304,4,24,0,0,0
LMR,7,4,6,5,3,5644,0,0,0,0,1,-305,-304,-305,-323,-304,-304,7,33,1141,0,0
LMR,8,1,7,7,18,-12475,0,1,0,0,1,304,305,303,384,323,304,3,56,-3858,0,0
LMR,6,1,5,6,2,13812,0,1,0,0,0,-305,-304,-308,-210,-234,-234,2,7,-1338,0,0
LMR,14,7,13,12,13,-11703,0,0,0,0,1,-305,-304,-305,-336,-304,-304,163,178,-1308,0,0
LMR,7,1,6,6,18,-15785,0,1,0,0,0,-305,-304,-309,-344,-256,-274,2,6,-1338,0,0
LMR,8,2,7,8,3,-16115,0,0,0,0,0,304,305,-70,228,344,277,8,34,-1338,0,0
LMR,7,1,6,6,4,5937,0,1,0,0,0,-305,-304,-305,-233,-287,-305,1,8,-1338,0,0
LMR,5,1,4,4,6,-6872,0,1,0,0,0,-305,-304,-305,-257,-297,-305,3,17,-1382,0,0
LMR,7,1,6,6,6,2859,0,1,0,0,0,-305,-304,-305,-233,-283,-305,1,33,-1338,0,0
LMR,4,1,3,2,2,8098,0,1,0,0,0,-305,-304,-308,-292,-304,-375,2,11,-795,0,0
LMR,7,1,6,5,13,-11007,0,1,0,0,0,-305,-304,-305,-233,-298,-307,2,23,-1338,0,0
LMR,3,1,2,2,3,-1303,0,1,0,0,0,304,305,297,288,345,369,2,1,-1338,0,0
LMR,3,1,2,3,4,-2989,0,0,0,0,0,-305,-304,-395,-342,-296,-353,1,5,-2742,0,0
LMR,7,1,6,6,7,-472,0,1,1,0,0,304,305,304,334,341,410,1,8,0,0,0
LMR,3,1,2,2,4,405,0,1,0,0,1,-305,-304,-309,-278,-300,-305,2,3,-376,0,0
LMR,6,1,5,5,3,-46,0,1,0,0,1,304,305,295,304,305,305,3,36,-2739,0,0
LMR,8,3,7,6,6,-9333,0,0,0,0,1,-305,-304,-305,-305,-304,-305,13,57,-1698,0,0
LMR,8,5,7,7,2,20500,0,1,0,0,1,304,305,293,304,305,305,28,126,-515,0,0
LMR,10,6,9,8,4,842,0,0,0,0,1,-305,-304,-305,-305,-304,-305,29,180,-2194,0,0
LMR,6,1,5,6,4,-3485,0,1,0,0,0,304,305,304,305,358,323,1,4,-1338,0,0
LMR,5,1,4,4,2,-1986,0,1,0,0,0,304,305,289,378,322,328,3,8,-1338,0,0
LMR,12,7,11,10,3,10364,0,1,0,0,1,304,305,304,323,305,305,112,463,-1338,0,0
LMR,4,1,3,4,3,13047,0,1,0,1,0,265,266,235,289,450,347,5,3,-1338,0,0
LMR,5,2,4,5,2,-1646,0,0,0,0,0,-305,-304,-736,-307,-304,-309,14,11,7630,0,0
LMR,4,1,3,4,2,-2606,0,1,0,0,1,265,266,196,278,314,266,2,7,1838,0,1
LMR,5,1,4,4,2,4584,0,1,1,0,0,304,305,281,-24,318,309,2,4,0,0,0
LMR,11,6,10,9,2,-20750,0,0,0,0,0,-305,-304,-305,-313,-303,-320,11,17,1322,0,0
LMR,9,1,8,9,4,-15360,0,1,0,0,0,304,305,268,380,339,322,12,22,-1338,0,0
LMR,8,1,7,7,2,11252,0,1,1,0,0,304,305,304,554,318,318,2,16,0,0,0
LMR,3,1,2,2,2,7836,0,0,1,0,0,-305,-304,-331,-715,-300,-300,5,2,0,0,0
LMR,6,1,5,5,2,15949,0,1,0,0,0,304,305,301,348,330,305,2,6,-1338,0,0
LMR,11,4,10,10,2,5089,0,1,0,0,0,304,305,304,370,313,305,5,180,-1338,0,0
LMR,3,1,2,2,2,20170,0,1,0,0,0,304,305,294,311,333,328,2,3,3333,0,0
LMR,4,1,3,3,3,6376,0,0,0,0,0,-305,-304,-305,-404,-267,-278,7,13,-1404,0,0
LMR,8,5,7,8,2,1461,0,0,0,0,0,-305,-304,-491,-359,-304,-304,31,19,2503,0,0
LMR,9,6,8,7,3,3434,0,0,0,0,0,-305,-304,-305,-323,-304,-304,90,0,-1457,0,0
LMR,10,6,9,10,2,-7394,0,0,0,0,0,-305,-304,-598,-320,-304,-304,125,28,4596,0,0
LMR,4,1,3,4,2,38181,0,1,0,0,0,-305,-304,-313,-248,-248,-266,2,7,-1338,0,0
LMR,6,1,5,5,2,1625,0,1,0,0,0,-305,-304,-342,-182,-302,-302,1,13,-1338,0,0
LMR,3,1,2,3,2,1061,0,1,0,0,0,-309,-308,-345,-182,-242,-308,1,3,-1338,0,1
LMR,10,7,9,9,2,2282,0,0,1,0,0,265,266,238,134,276,276,10,21,0,0,0
LMR,4,1,3,3,5,-1738,0,1,0,0,0,-266,-265,-277,-212,-233,-249,2,3,-1338,0,0
LMR,3,1,2,3,7,3693,0,0,1,0,0,265,266,113,81,266,266,2,4,0,0,0
LMR,3,1,2,3,3,4475,0,1,0,0,0,-266,-265,-334,-534,-81,-266,1,8,-1338,0,0
LMR,5,1,4,5,2,11005,0,1,0,0,0,-266,-265,-266,-80,762,-134,0,5,-1338,0,0
LMR,3,1,2,3,2,2763,0,0,1,0,0,265,266,172,39,266,266,2,6,0,0,0
LMR,6,1,5,5,5,-4801,0,1,0,0,0,-266,-265,-266,-222,-225,-229,2,12,-1338,0,0
LMR,5,1,4,4,4,-7134,0,0,0,0,0,265,266,246,208,269,269,3,7,-1338,0,0
LMR,6,2,5,6,2,16400,0,1,0,0,0,-266,-265,-268,-231,-204,-208,1,4,-1338,0,0
LMR,8,5,7,6,2,4033,0,0,0,0,0,265,266,262,234,266,266,8,5,2763,0,0
LMR,5,1,4,3,2,25922,0,1,0,0,0,265,266,263,284,266,266,4,4,1126,0,0
LMR,4,1,3,3,2,-15178,0,0,0,0,0,265,266,241,234,269,268,2,4,6123,0,0
LMR,5,1,4,4,5,607,0,1,0,0,0,-266,-265,-281,-212,-262,-267,3,8,-1338,0,0
LMR,11,2,10,9,3,-4928,0,1,0,0,0,-266,-265,-266,-236,-265,-266,10,38,7630,0,0
LMR,6,1,5,4,2,14618,0,1,0,0,0,304,305,300,320,306,305,2,9,-1338,0,0
LMR,5,1,4,4,3,2450,0,1,0,0,0,304,305,275,241,306,310,3,10,-1338,0,0
LMR,5,1,4,4,3,11272,0,1,0,0,0,304,305,290,328,305,305,13,16,-1338,0,0
LMR,5,1,4,3,3,23020,0,1,0,0,0,304,305,304,282,305,304,10,6,2799,0,0
LMR,8,1,7,6,5,3223,0,1,0,0,0,304,305,304,283,305,305,4,0,-790,0,0
LMR,8,1,7,6,2,8368,0,1,0,0,0,304,305,304,303,308,304,2,18,4029,0,0
LMR,4,1,3,4,5,-13036,0,1,0,0,1,331,332,331,437,479,366,2,2,-1338,0,0
LMR,3,1,2,2,3,-5651,0,1,0,0,1,-332,-331,-344,-283,-317,-331,2,13,-1338,0,0
LMR,4,1,3,2,16,-67,0,1,0,0,1,-332,-331,-332,-252,-325,-343,2,9,-2114,0,0
LMR,8,5,7,6,2,20222,0,1,0,0,1,331,332,329,314,332,332,63,13,4523,0,0
LMR,5,1,4,5,2,21801,0,1,0,0,0,331,332,284,382,344,332,2,10,4309,0,0
LMR,4,1,3,3,2,13629,0,1,0,0,0,331,332,331,378,346,332,4,5,5317,0,0
LMR,3,1,2,2,3,-4101,0,0,0,0,0,-332,-331,-332,-305,-324,-324,3,11,1305,0,0
LMR,6,1,5,5,12,-8193,0,1,0,0,0,331,332,313,303,341,326,4,32,-212,0,0
LMR,8,2,7,7,12,4919,0,0,0,0,0,-332,-331,-332,-314,-313,-326,4,47,-1287,0,0
LMR,4,1,3,3,2,-4421,0,1,0,0,0,-332,-331,-346,-277,-331,-331,2,9,2512,0,0
LMR,4,1,3,4,2,30153,0,1,0,0,0,-332,-331,-341,-232,-286,-294,1,6,4548,0,0

===========================
Total time (ms) : 62
Nodes searched  : 46720
Nodes/second    : 753548
LMR_TOTAL,24257,1236,800
