
Position: 1/1 (r1bqk1nr/pp1p1pbp/2n1p1p1/8/1p1PPP2/3BBN2/P1P3PP/RN1QK2R b KQkq - 3 7)
LMR,4,1,3,3,8,-1276,0,1,0,0,0,-385,-384,-406,-165,-376,-336,1,8,-1338,0,0
LMR,4,1,3,3,3,-1276,0,1,0,0,0,425,426,425,281,477,440,1,6,-1338,0,0
LMR,4,1,3,4,2,1800,0,1,0,0,0,-406,-405,-423,-152,-346,-426,2,11,-2194,0,0
LMR,4,1,3,4,2,-2013,0,0,1,0,0,405,406,276,248,445,449,4,5,0,0,0
LMR,4,1,3,4,11,-4397,0,1,0,0,0,-406,-405,-432,-460,-248,-440,1,11,-1338,0,0
LMR,4,1,3,4,12,-4397,0,1,0,0,0,-406,-405,-432,-460,-264,-349,1,8,-1338,0,0
LMR,4,1,3,4,2,258,0,0,0,0,0,405,406,288,180,460,360,6,32,-1338,0,0
LMR,4,1,3,4,6,-5318,0,1,0,0,0,-406,-405,-419,-152,-344,-360,1,43,-1116,0,0
LMR,4,1,3,4,2,3843,0,1,0,0,0,-361,-360,-518,-333,-296,-336,1,4,-1338,0,0
LMR,3,1,2,2,4,-4397,0,1,0,0,0,-343,-342,-343,-174,-302,-309,1,1,-1338,0,0
LMR,5,1,4,4,29,-2361,0,1,1,0,0,-319,-318,-319,-227,-308,-332,3,10,0,0,0
LMR,8,3,7,8,11,-928,0,0,0,0,0,-342,-341,-380,-516,-313,-313,9,10,-3258,0,0
LMR,3,1,2,2,3,2808,0,1,0,0,0,-342,-341,-377,-333,-328,-377,1,3,-3466,0,0
LMR,7,4,6,7,2,-1115,0,0,0,0,1,-342,-341,-475,-377,-326,-319,15,28,2556,0,0
LMR,7,3,6,7,2,4920,0,1,0,0,1,341,342,316,498,377,321,13,45,-2108,0,0
LMR,3,1,2,3,2,-1674,0,1,0,0,0,-259,-258,-315,-211,-93,-196,1,3,-1338,0,1
LMR,5,1,4,3,2,13294,0,1,0,0,0,-287,-286,-287,-130,-286,-286,3,8,-1338,0,0
LMR,5,1,4,5,2,10359,0,1,0,0,0,-244,-243,-244,-120,-187,-196,1,8,41,0,0
LMR,3,1,2,2,13,-1154,0,1,1,0,0,-244,-243,-244,-210,-236,-266,2,5,0,0,0
LMR,5,1,4,4,2,14673,0,1,0,0,0,-244,-243,-244,-86,-211,-244,1,7,-1338,0,0
LMR,3,1,2,2,2,23929,0,1,0,0,0,-186,-185,-193,-114,-162,-185,1,2,-1338,0,0
LMR,4,2,3,3,2,10207,0,0,0,0,0,185,186,151,117,186,234,5,6,-1338,0,0
LMR,5,1,4,4,3,8117,0,1,0,0,0,-186,-185,-198,-100,-180,-180,1,7,-23,0,0
LMR,4,1,3,3,2,-5457,0,0,0,0,0,185,186,169,243,192,108,4,4,-2116,0,0
LMR,3,1,2,3,2,1813,0,1,0,0,0,228,229,165,229,273,251,1,2,-1338,0,0
LMR,3,1,2,3,8,676,0,1,1,0,0,251,252,251,211,866,497,0,1,0,0,0
LMR,5,2,4,5,2,25090,0,1,0,0,0,261,262,259,380,346,346,1,4,5045,0,0
LMR,4,1,3,4,3,11622,0,1,0,0,0,302,303,299,472,368,329,1,9,-1338,0,0
LMR,3,1,2,3,4,-1276,0,1,0,0,0,316,317,234,349,336,441,1,4,-1338,0,0
LMR,4,1,3,4,14,-2361,0,1,1,0,0,316,317,272,356,330,366,2,19,0,0,0
LMR,6,1,5,5,5,-3468,0,1,0,0,0,-290,-289,-333,-154,-283,-274,3,8,-1312,0,0
LMR,5,1,4,5,5,-1276,0,0,0,0,0,-317,-316,-359,-376,-274,-314,8,12,-1338,0,0
LMR,6,1,5,5,2,10020,0,1,0,0,0,316,317,296,417,331,314,1,25,-3626,0,0
LMR,5,1,4,5,2,3832,0,1,0,0,0,-290,-289,-776,-188,155,153,1,1,884,0,0
LMR,4,1,3,4,2,37705,0,1,0,0,0,-290,-289,-325,-251,169,-175,0,1,7683,0,0
LMR,10,1,9,9,15,-16000,0,0,0,0,0,289,290,280,314,333,333,4,9,-3234,0,0
LMR,7,1,6,7,2,16520,0,1,0,0,0,316,317,194,637,736,379,1,2,-2742,0,0
LMR,5,1,4,4,3,5827,0,1,0,0,0,316,317,302,413,325,317,3,9,5518,0,0
LMR,5,1,4,5,2,8230,0,1,0,0,0,316,317,285,504,344,327,4,17,8192,0,0
LMR,4,1,3,4,2,36708,0,1,0,0,0,316,317,259,468,472,466,1,4,-1338,0,0
LMR,5,1,4,5,2,12343,0,1,0,0,0,316,317,278,474,382,329,3,10,-1338,0,0
LMR,7,1,6,7,6,-12932,0,1,0,0,0,330,331,308,507,470,334,1,7,-1338,0,0
LMR,3,1,2,3,2,20558,0,1,0,0,0,318,319,294,508,444,352,2,2,-425,0,1
LMR,4,1,3,3,11,-316,0,1,1,0,0,349,350,346,484,381,376,3,2,0,0,0
LMR,3,1,2,3,2,-6181,0,1,0,0,1,349,350,346,385,473,385,2,6,5588,0,0
LMR,6,2,5,5,2,18712,0,1,0,0,0,349,350,349,531,383,369,2,7,1512,0,0
LMR,5,1,4,5,3,-4614,0,0,0,0,0,-375,-374,-451,-502,-374,-364,5,9,-1338,0,0
LMR,5,1,4,5,3,663,0,1,0,0,0,374,375,372,591,502,365,1,19,-2194,0,0
LMR,3,1,2,3,7,-3588,0,1,1,0,0,374,375,369,379,1293,850,0,1,0,0,0
LMR,6,2,5,6,2,-10286,0,0,0,0,0,-375,-374,-514,-363,-351,-360,6,10,-1338,0,0
LMR,9,3,8,7,6,-15439,0,0,0,0,1,-375,-374,-377,-376,-374,-369,9,31,-2298,0,0
LMR,7,3,6,6,2,2505,0,1,0,0,1,-375,-374,-375,-304,-367,-362,7,6,-1338,0,0
LMR,4,1,3,3,2,5123,0,1,0,0,0,-350,-349,-350,-273,-340,-372,1,2,-1338,0,0
LMR,5,1,4,5,9,-11498,0,1,0,0,0,-320,-319,-320,-380,-79,-284,3,2,-1338,0,0
LMR,5,1,4,5,2,5707,0,1,0,0,0,-320,-319,-363,-311,-299,-299,3,10,-1338,0,0
LMR,7,3,6,6,2,4598,0,1,0,0,1,-320,-319,-344,-240,-301,-289,5,6,-1338,0,0
LMR,5,1,4,5,2,21795,0,1,0,0,0,-320,-319,-352,-387,-267,-276,2,2,-1338,0,0
LMR,3,1,2,3,3,2987,0,0,0,0,0,356,357,356,230,413,366,5,10,-1338,0,0
LMR,3,1,2,3,2,-1039,0,1,0,0,0,-357,-356,-398,-188,-306,-363,1,21,-1338,0,1
LMR,3,1,2,3,3,-2191,0,1,0,0,0,-357,-356,-363,-188,-267,-351,2,3,1897,0,1
LMR,4,1,3,4,2,27180,0,1,0,0,0,-320,-319,-355,-251,-223,-283,1,1,-1338,0,0
LMR,8,1,7,8,2,-442,0,1,0,0,0,-320,-319,-401,-77,-289,-309,1,27,-1338,0,0
LMR,5,1,4,5,3,-3290,0,1,0,0,0,-320,-319,-320,-245,-222,-319,1,5,-1338,0,0
LMR,3,1,2,3,5,-3667,0,0,0,0,0,126,127,48,54,171,151,3,7,-1338,0,0
LMR,5,1,4,5,4,10317,0,1,0,0,0,-304,-303,-328,-285,-174,-271,2,4,-1338,0,0
LMR,4,2,3,3,2,5750,0,0,0,0,0,337,338,306,337,355,345,3,5,-764,0,0
LMR,5,1,4,3,4,-4397,0,1,0,0,0,-304,-303,-309,-394,-303,-303,3,0,-1338,0,0
LMR,3,1,2,2,2,15738,0,1,0,0,0,-304,-303,-314,-219,-290,-268,1,2,269,0,0
LMR,4,1,3,4,4,6332,0,1,0,0,0,-306,-305,-363,-220,-284,-292,2,0,2757,0,1
LMR,3,1,2,3,2,1993,0,1,0,0,0,-301,-300,-391,-155,-293,-226,4,6,-1338,0,1
LMR,3,1,2,2,2,-1792,0,1,0,0,0,-281,-280,-299,-199,-275,-268,4,1,-1338,0,1
LMR,5,1,4,5,2,746,0,1,0,0,0,-283,-282,-395,-147,-179,-235,1,9,-770,0,0
LMR,4,1,3,4,2,39096,0,1,0,0,0,302,303,213,354,413,394,1,3,-1338,0,0
LMR,5,1,4,4,2,9847,0,1,0,0,0,-283,-282,-292,-191,-275,-248,1,4,-2108,0,0
LMR,7,1,6,5,7,-14311,0,1,0,0,1,282,283,282,296,289,265,3,9,-1338,0,0
LMR,10,8,9,9,2,27751,0,1,0,0,1,-283,-282,-294,-280,-282,-282,27,24,1294,0,0
LMR,4,2,3,4,2,7425,0,1,0,0,1,-321,-320,-411,-194,-296,-321,2,14,134,0,1
LMR,5,1,4,5,2,-4317,0,0,0,0,0,-283,-282,-342,-337,-282,-283,3,19,134,0,0
LMR,5,1,4,5,4,-4192,0,1,0,0,0,282,283,236,331,292,283,1,30,-1338,0,0
LMR,3,1,2,3,7,-2279,0,1,1,0,0,282,283,258,276,1049,528,0,1,0,0,0
LMR,3,1,2,3,11,-1079,0,1,1,0,0,282,283,265,306,1234,691,0,1,0,0,0
LMR,8,2,7,7,6,-2304,0,0,0,0,0,282,283,269,275,283,313,6,17,-1338,0,0
LMR,9,1,8,8,14,-15307,0,1,0,0,0,-283,-282,-283,-205,-275,-309,2,48,-1338,0,0
LMR,9,1,8,7,21,-16202,0,1,0,0,0,-283,-282,-283,-205,-282,-293,6,20,-1338,0,0
LMR,9,1,8,8,32,-16923,0,1,0,0,0,-283,-282,-283,-205,-246,-282,1,29,-1338,0,0
LMR,6,1,5,5,2,1388,0,1,0,0,0,-283,-282,-304,-129,-271,-283,2,10,-1338,0,0
LMR,4,2,3,3,2,7036,0,0,0,0,0,282,283,272,280,289,289,8,6,-1338,0,0
LMR,6,1,5,4,4,-10936,0,1,0,0,0,-283,-282,-283,-129,-282,-287,2,21,-1338,0,0
LMR,6,1,5,4,6,-10766,0,1,0,0,0,-283,-282,-283,-129,-282,-295,3,6,-1338,0,0
LMR,4,1,3,2,6,-6729,0,1,0,0,0,-283,-282,-283,-223,-282,-282,7,5,-1338,0,0
LMR,5,1,4,5,11,21,0,0,1,0,0,282,283,282,213,643,580,1,1,0,0,0
LMR,6,1,5,5,7,-12596,0,1,0,0,0,-283,-282,-283,-129,-256,-530,1,26,-1338,0,0
LMR,6,1,5,5,9,-14746,0,1,0,0,0,-283,-282,-283,-129,-269,-283,2,13,-1338,0,0
LMR,6,1,5,4,14,-15698,0,1,0,0,0,-283,-282,-283,-129,-282,-282,3,7,-1338,0,0
LMR,6,1,5,6,3,-9154,0,1,0,0,0,-283,-282,-430,-62,-234,-250,2,15,-1961,0,0
LMR,4,1,3,4,7,-3576,0,0,1,0,0,282,283,218,250,312,304,2,5,0,0,0
LMR,4,1,3,4,8,3219,0,0,1,0,0,282,283,259,137,1071,431,0,1,0,0,0
LMR,5,1,4,4,13,-13217,0,1,0,0,0,-283,-282,-296,-253,-279,-401,1,13,-1338,0,0
LMR,8,6,7,7,4,-5787,0,0,0,0,1,282,283,282,282,296,296,41,17,-1338,0,0
LMR,8,4,7,6,3,-5022,0,0,0,0,1,282,283,282,282,289,297,15,16,-1049,0,0
LMR,9,3,8,8,8,-10690,0,1,0,0,1,-283,-282,-294,-288,-282,-295,10,51,-2709,0,0
LMR,6,1,5,6,2,3735,0,1,0,0,0,282,283,-740,421,323,282,2,18,-1338,0,0
LMR,6,1,5,5,3,-974,0,1,0,0,0,282,283,282,421,307,282,2,12,-1338,0,0
LMR,8,4,7,6,2,-654,0,1,0,0,1,282,283,282,325,283,300,10,13,555,0,0
LMR,5,1,4,4,6,-7149,0,1,0,0,0,282,283,276,363,304,294,1,6,-1338,0,0
LMR,7,4,6,6,2,4834,0,0,0,0,0,282,283,258,171,285,285,6,6,-1654,0,0
LMR,10,3,9,8,2,5534,0,1,0,0,0,-283,-282,-284,-202,-282,-282,5,17,146,0,0
LMR,12,2,11,11,6,-16827,0,0,0,0,0,282,283,282,247,299,286,5,26,3425,0,0
LMR,13,1,12,12,34,-14280,0,1,0,0,0,-283,-282,-289,-303,-247,-285,2,95,-2350,0,0
LMR,3,1,2,3,4,-4884,0,1,0,0,1,-319,-318,-323,-205,-256,-266,3,4,2369,0,1
LMR,9,4,8,8,2,2461,0,1,0,0,1,-301,-300,-315,-306,-300,-300,14,31,-1338,0,0
LMR,12,10,11,11,3,-7356,0,0,0,0,1,300,301,289,282,301,301,89,141,-1338,0,0
LMR,7,4,6,5,2,17058,0,1,0,0,1,300,301,294,378,301,301,8,8,-1338,0,0
LMR,4,1,3,3,5,-6264,0,0,0,0,0,-303,-302,-313,-238,-284,-303,2,6,-1338,0,0
LMR,8,1,7,8,4,4430,0,1,0,0,0,302,303,298,422,454,269,3,10,-1338,0,0
LMR,5,1,4,5,3,34554,0,1,0,0,0,302,303,302,370,638,400,1,2,-1338,0,0
LMR,8,1,7,7,25,-17187,0,1,0,0,0,302,303,298,422,331,310,2,30,-1338,0,0
LMR,6,1,5,5,9,-13474,0,1,0,0,0,302,303,302,399,340,307,2,18,-1338,0,0
LMR,8,1,7,8,2,4737,0,1,0,0,0,302,303,248,281,308,304,2,68,1016,0,0
LMR,10,1,9,9,15,-15699,0,0,0,0,0,-303,-302,-303,-303,-288,-303,3,72,-1338,0,0
LMR,4,1,3,2,8,-3597,0,1,0,0,0,279,280,278,260,284,283,6,4,-3586,0,0
LMR,4,1,3,4,2,-1160,0,0,0,0,0,-280,-279,-372,-237,-263,-282,1,19,-2056,0,0
LMR,4,1,3,3,2,-4849,0,1,0,0,0,302,303,302,316,315,313,3,3,5704,0,0
LMR,4,1,3,4,2,24345,0,1,0,0,0,302,303,272,380,347,303,1,7,-1338,0,0
LMR,6,2,5,6,3,-4746,0,0,1,0,0,-303,-302,-303,-363,-215,-215,6,6,0,0,0
LMR,6,1,5,6,2,14726,0,1,0,0,0,302,303,273,505,336,227,2,25,-1338,0,0
LMR,3,1,2,2,12,-1859,0,1,1,0,0,302,303,302,340,314,314,1,1,0,0,0
LMR,6,1,5,6,3,17100,0,1,0,0,0,302,303,273,505,454,311,3,19,-1338,0,0
LMR,3,1,2,3,2,-8866,0,1,0,0,0,302,303,288,294,362,351,2,6,-1338,0,0
LMR,4,2,3,3,2,4584,0,0,1,0,0,-303,-302,-338,-677,-294,-339,4,10,0,0,0
LMR,5,1,4,5,2,10805,0,1,0,0,0,-283,-282,-337,-336,-260,-263,4,6,-1338,0,0
LMR,4,1,3,4,2,10883,0,1,0,0,0,-283,-282,-436,-219,-207,-282,3,8,-1338,0,0
LMR,4,1,3,4,3,14101,0,1,0,0,0,-283,-282,-298,-301,-223,-282,1,11,-376,0,0
LMR,5,1,4,4,5,-9076,0,0,0,0,0,282,283,282,321,301,282,2,15,-522,0,0
LMR,4,1,3,3,4,-623,0,1,0,0,1,-297,-296,-299,-95,-284,-277,2,6,3278,0,1
LMR,5,1,4,3,9,-14324,0,1,0,0,0,-283,-282,-286,-200,-282,-265,4,7,-1338,0,0
LMR,4,2,3,3,2,5962,0,1,0,0,1,-313,-312,-327,-99,-303,-297,2,1,-1511,0,1
LMR,4,1,3,2,2,1422,0,1,1,0,1,-283,-282,-283,-129,-280,-308,1,4,0,0,0
LMR,4,1,3,4,3,22018,0,1,0,0,0,-283,-282,-392,-167,-253,-282,2,16,-1338,0,0
LMR,4,1,3,3,6,-6133,0,1,0,0,1,-283,-282,-283,-129,-232,-282,3,26,-1338,0,0
LMR,3,1,2,2,2,-3559,0,1,0,0,1,-293,-292,-311,-107,-264,-264,2,3,-1217,0,1
LMR,3,1,2,2,3,-5397,0,1,0,0,0,-192,-191,-192,-18,-150,-194,2,3,-1878,0,1
LMR,4,1,3,3,3,-8701,0,0,0,0,0,-283,-282,-300,-192,-280,-283,2,3,-1638,0,0
LMR,5,1,4,4,2,443,0,1,0,0,0,-283,-282,-285,-125,-255,-266,2,5,-1338,0,0
LMR,5,1,4,4,2,10427,0,1,0,0,0,-283,-282,-288,-187,-244,-252,1,5,-1338,0,0
LMR,3,1,2,3,5,-3223,0,0,1,0,0,282,283,236,231,311,306,2,3,0,0,0
LMR,6,1,5,5,2,14556,0,1,0,0,0,-283,-282,-283,-184,-261,-297,4,10,-352,0,0
LMR,6,1,5,6,15,-14305,0,1,0,0,0,-283,-282,-283,-184,-168,-219,1,7,-1338,0,0
LMR,4,1,3,4,5,-3385,0,0,0,0,0,254,255,254,200,323,264,1,4,-1338,0,0
LMR,5,1,4,4,2,14246,0,1,0,0,0,-255,-254,-268,-127,-224,-262,1,12,-1338,0,0
LMR,3,1,2,2,3,-1364,0,1,0,0,0,-255,-254,-260,-230,-221,-227,1,1,-1338,0,0
LMR,5,1,4,4,4,-3103,0,1,0,0,0,-255,-254,-262,-127,-243,-254,2,12,-2742,0,0
LMR,3,1,2,3,2,2415,0,1,0,0,0,-255,-254,-311,-191,-93,-206,1,1,-1338,0,0
LMR,5,1,4,4,2,3940,0,1,0,0,0,-255,-254,-291,-144,-254,-254,4,12,-1338,0,0
LMR,3,1,2,3,2,3281,0,1,1,0,0,-255,-254,-268,-956,3,-206,1,1,0,0,0
LMR,3,1,2,3,2,8698,0,1,1,0,0,-255,-254,-317,-909,-241,-244,1,1,0,0,0
LMR,4,1,3,3,6,-1626,0,1,1,0,0,-255,-254,-263,-216,-246,-270,3,3,0,0,0
LMR,7,1,6,5,7,-15394,0,1,0,0,0,-255,-254,-255,-263,-254,-250,3,7,-1338,0,0
LMR,8,3,7,8,5,-5283,0,0,0,0,0,254,255,-126,155,263,250,11,25,-1338,0,0
LMR,8,5,7,8,3,4261,0,0,0,0,0,254,255,-118,132,264,264,11,30,-98,0,0
LMR,9,2,8,8,2,5755,0,1,0,0,0,-255,-254,-266,-227,-254,-249,4,19,-1338,0,0
LMR,5,1,4,5,2,11663,0,1,0,0,0,-255,-254,-367,-164,-224,-254,2,6,-2194,0,0
LMR,5,1,4,5,2,17125,0,1,0,0,0,-255,-254,-354,-199,-254,-254,22,14,-1338,0,0
LMR,3,1,2,3,2,1061,0,1,0,0,0,-255,-254,-259,-126,-154,-201,1,2,-355,0,0
LMR,4,2,3,3,2,7983,0,0,0,0,0,254,255,214,133,257,255,11,7,-1338,0,0
LMR,5,1,4,5,3,19980,0,1,0,0,0,-255,-254,-255,-36,-186,-250,2,4,-2742,0,0
LMR,5,1,4,4,5,-6584,0,1,0,0,0,-255,-254,-256,-226,-239,-228,2,6,-2868,0,0
LMR,7,2,6,6,2,19174,0,1,0,0,0,-255,-254,-255,-150,-236,-199,6,15,-1338,0,0
LMR,6,1,5,6,2,15198,0,1,0,0,0,-255,-254,-316,-146,-131,-182,1,10,-581,0,0
LMR,8,1,7,8,19,-16609,0,1,0,0,0,-255,-254,-303,-319,-242,-237,3,24,-1338,0,0
LMR,9,1,8,9,16,-17040,0,0,0,0,0,254,255,254,282,319,238,3,44,-1338,0,0
LMR,4,1,3,4,2,20381,0,1,0,0,0,-255,-254,-273,-290,11,-252,1,8,-1491,0,0
LMR,3,1,2,3,3,-497,0,1,0,0,0,-293,-292,-298,-356,-242,-290,1,1,-1338,0,0
LMR,4,1,3,4,4,-4718,0,1,0,0,0,-255,-254,-281,-225,-78,-122,1,2,-1338,0,0
LMR,8,2,7,7,2,13191,0,1,0,0,0,-255,-254,-262,-78,-215,-180,3,19,-2108,0,0
LMR,5,1,4,5,2,13542,0,1,0,0,0,-255,-254,-283,-53,-216,-184,3,13,-1338,0,0
LMR,5,1,4,5,2,18310,0,1,0,0,0,-255,-254,-255,-29,-111,-243,1,4,-1338,0,0
LMR,3,1,2,2,2,-2885,0,1,0,0,0,-255,-254,-275,-268,-245,-247,2,2,-1338,0,0
LMR,4,2,3,3,2,5919,0,0,0,0,0,254,255,248,304,297,290,1,2,-907,0,0
LMR,8,4,7,8,3,-2326,0,0,0,0,0,254,255,50,131,272,279,11,23,-1338,0,0
LMR,6,1,5,5,2,20531,0,1,0,0,0,-255,-254,-288,-231,-235,-249,2,0,-1338,0,0
LMR,8,1,7,6,17,-14585,0,0,0,0,0,254,255,249,245,255,254,3,4,-1338,0,0
LMR,9,5,8,8,2,16632,0,1,0,0,0,-255,-254,-276,-168,-245,-254,10,27,-1338,0,0
LMR,6,1,5,4,2,17008,0,1,0,0,0,-255,-254,-261,-24,-254,-248,4,9,-278,0,0
LMR,3,1,2,2,7,-6533,0,1,0,0,0,-286,-285,-286,-149,-268,-300,2,6,-1866,0,1
LMR,5,1,4,5,3,-7296,0,1,0,0,0,-245,-244,-330,-160,-212,-244,2,13,-1338,0,1
LMR,4,1,3,4,2,500,0,1,1,0,0,-255,-254,-357,-226,-250,-299,1,7,0,0,0
LMR,12,4,11,12,8,-14992,0,0,0,0,1,254,255,244,227,299,259,20,46,-1338,0,0
LMR,4,1,3,4,3,-3999,0,1,0,0,0,254,255,194,297,434,426,1,2,-1338,0,0
LMR,5,1,4,5,2,6616,0,1,0,0,0,254,255,236,269,441,408,1,3,-1338,0,0
LMR,5,1,4,4,2,15070,0,1,0,0,0,254,255,244,352,257,257,2,4,-3258,0,0
LMR,3,1,2,2,2,11889,0,1,0,0,0,248,249,239,358,249,281,2,8,2061,0,1
LMR,7,4,6,7,2,40739,0,1,0,0,0,281,282,145,473,603,347,1,2,-1338,0,0
LMR,8,3,7,8,2,19381,0,1,0,0,0,281,282,246,552,321,316,2,32,-1338,0,0
LMR,3,1,2,2,6,-2064,0,1,0,0,1,280,281,262,352,281,281,2,8,-3524,0,1
LMR,3,1,2,2,4,-9306,0,1,0,0,0,-320,-319,-357,-319,-312,-313,2,3,4096,0,0
LMR,5,1,4,4,2,-11204,0,1,0,0,0,-320,-319,-335,-248,-319,-314,2,11,6259,0,0
LMR,4,1,3,3,2,1828,0,1,0,0,0,-320,-319,-320,-300,-312,-308,3,5,4483,0,0
LMR,6,1,5,6,2,14939,0,1,0,0,0,-320,-319,-419,-242,-288,-314,1,35,-1105,0,0
LMR,5,3,4,5,2,22310,0,1,0,0,1,-320,-319,-430,-281,-307,-307,9,13,2505,0,0
LMR,4,1,3,3,5,-6189,0,0,0,0,0,-320,-319,-361,-262,-312,-319,4,7,659,0,0
LMR,7,1,6,5,4,3070,0,1,0,0,1,319,320,319,319,320,320,7,7,-1961,0,0
LMR,9,4,8,8,5,-10340,0,0,0,0,1,-320,-319,-339,-329,-319,-320,21,43,-1390,0,0
LMR,9,5,8,8,11,50,0,0,0,0,1,-320,-319,-320,-329,-311,-308,22,9,2174,0,0
LMR,6,1,5,5,2,4093,0,1,0,0,0,-294,-293,-302,-316,-293,-293,3,20,2144,0,0
LMR,5,1,4,5,2,15305,0,1,0,0,0,-294,-293,-323,-215,-269,-294,2,9,-1338,0,0
LMR,5,1,4,3,7,-3587,0,1,0,0,0,-294,-293,-294,-215,-293,-293,4,15,-1338,0,0
LMR,3,1,2,3,2,21798,0,1,0,0,0,-294,-293,-326,-213,-218,-293,1,3,-3149,0,0
LMR,5,1,4,4,3,-9444,0,0,0,0,0,293,294,284,250,330,313,13,9,-1338,0,0
LMR,6,1,5,5,2,12433,0,1,0,0,0,-294,-293,-306,-127,-293,-309,2,39,-1338,0,0
LMR,6,1,5,5,3,8832,0,1,0,0,0,-294,-293,-306,-127,-284,-305,3,18,-1338,0,0
LMR,6,1,5,5,4,-5714,0,1,0,0,0,-294,-293,-305,-127,-293,-277,4,16,-1338,0,0
LMR,4,1,3,3,8,-8099,0,1,0,0,0,-290,-289,-296,-256,-264,-268,2,3,-1338,0,1
LMR,3,1,2,2,3,2136,0,1,0,0,0,-288,-287,-294,-270,-261,-282,3,11,-483,0,1
LMR,5,1,4,5,2,24203,0,1,0,0,0,-294,-293,-340,-166,-225,-225,3,5,-1338,0,0
LMR,6,1,5,6,2,11881,0,1,0,0,0,-294,-293,-342,-267,-238,-278,1,22,-882,0,0
LMR,5,1,4,4,5,4850,0,1,0,0,0,-294,-293,-294,-214,-278,-290,2,4,-1345,0,0
LMR,6,2,5,6,2,28475,0,1,0,0,0,-294,-293,-354,-155,-272,-293,1,24,-1388,0,0
LMR,3,1,2,2,5,219,0,1,0,0,0,-275,-274,-279,-121,-232,-239,2,4,-1338,0,1
LMR,4,1,3,3,4,-2901,0,1,0,0,0,-283,-282,-290,-218,-269,-269,1,1,1327,0,1
LMR,3,1,2,3,2,8079,0,1,0,0,0,298,299,298,302,417,345,2,16,6661,0,0
LMR,4,2,3,3,3,-5163,0,1,0,0,1,-299,-298,-299,-147,-283,-278,3,7,4667,0,1
LMR,4,1,3,2,2,20486,0,1,0,0,0,-302,-301,-305,-269,-301,-301,6,4,6141,0,0
LMR,3,1,2,2,4,-215,0,1,0,0,0,-192,-191,-192,-31,-177,-201,2,9,-1338,0,1
LMR,4,1,3,3,3,239,0,1,0,0,1,-300,-299,-302,-151,-275,-296,2,10,-929,0,1
LMR,4,1,3,3,3,4791,0,0,0,0,0,279,280,279,239,329,320,1,3,-1338,0,0
LMR,5,1,4,4,12,-13832,0,1,0,0,0,-280,-279,-280,-199,-263,-312,1,12,-1338,0,0
LMR,5,1,4,5,13,-10829,0,1,0,0,0,292,293,265,292,372,358,2,11,-1338,0,0
LMR,6,3,5,6,2,2813,0,0,0,0,0,-293,-292,-388,-449,-292,-347,8,27,-1338,0,0
LMR,6,1,5,5,2,15948,0,1,0,0,0,292,293,259,378,293,293,3,12,-1338,0,0
LMR,8,1,7,7,6,-6351,0,1,1,0,0,-280,-279,-300,-250,-266,-278,1,24,0,0,0
LMR,8,1,7,8,2,-2502,0,1,1,0,0,-280,-279,-313,-332,-203,-228,2,8,0,0,0
LMR,7,1,6,6,2,-7365,0,1,0,0,0,-280,-279,-299,-120,-279,-267,5,24,-115,0,0
LMR,7,2,6,7,12,-1719,0,0,1,0,0,279,280,262,159,320,320,1,5,0,0,0
LMR,7,1,6,7,5,-13853,0,1,0,0,0,-280,-279,-280,-127,-223,-315,1,18,-1338,0,0
LMR,4,1,3,4,8,-4397,0,1,0,0,0,-280,-279,-331,-274,-251,-240,6,7,-1338,0,0
LMR,7,2,6,7,15,-2106,0,0,1,0,0,279,280,238,203,372,372,2,2,0,0,0
LMR,7,1,6,7,3,-9110,0,1,0,0,0,-280,-279,-308,-291,-203,-360,4,18,-1338,0,0
LMR,7,1,6,6,5,-6187,0,1,1,0,0,-280,-279,-308,-291,-266,-249,1,14,0,0,0
LMR,6,1,5,6,12,-2127,0,0,1,0,0,279,280,271,246,376,374,2,2,0,0,0
LMR,6,1,5,6,2,-2320,0,1,0,0,0,-280,-279,-325,-265,-246,-360,1,14,-1338,0,0
LMR,9,7,8,8,26,-17880,1,0,0,0,1,279,293,279,293,295,308,25,8,-1338,0,0
LMR,6,1,5,5,27,-17066,0,1,0,0,0,292,293,281,456,293,292,5,29,-1338,0,0
LMR,4,1,3,4,2,44009,0,1,0,0,0,279,280,185,234,282,279,1,12,7831,0,0
LMR,10,4,9,10,2,10811,0,1,0,0,0,-280,-279,-450,-144,-279,-278,16,95,-3292,0,0
LMR,5,1,4,5,3,2980,0,1,0,0,0,-280,-279,-284,-163,-201,-224,1,2,1489,0,0
LMR,4,1,3,4,6,-10979,0,1,0,0,0,-270,-269,-282,-229,-155,-269,1,5,242,0,1
LMR,10,5,9,9,7,-2226,0,0,1,0,0,279,280,269,260,280,281,19,25,0,0,0
LMR,11,6,10,11,8,931,0,0,1,0,0,279,280,279,126,380,567,1,4,0,0,0
LMR,11,4,10,11,2,4171,0,1,0,0,0,-280,-279,-280,-206,-210,-543,2,14,-1338,0,0
LMR,4,1,3,4,2,632,0,1,1,0,0,279,280,250,193,415,315,1,2,0,0,0
LMR,8,1,7,8,2,-662,0,1,0,0,0,-280,-279,-280,-216,-197,-234,1,5,-2328,0,0
LMR,11,1,10,10,9,-3452,0,1,0,0,0,-280,-279,-280,-206,-251,-243,1,55,-1791,0,0
LMR,4,1,3,4,2,8840,0,1,1,0,0,-280,-279,-301,-1254,254,-223,0,9,0,0,0
LMR,6,1,5,5,17,-5173,0,0,0,0,0,279,280,240,304,280,309,7,8,-3338,0,0
LMR,9,1,8,8,2,641,0,1,0,0,0,-280,-279,-304,-215,-255,-272,2,19,3031,0,0
LMR,6,1,5,5,23,-11351,0,1,0,0,0,-280,-279,-283,-203,-274,-272,6,13,-3858,0,0
LMR,3,1,2,3,7,2718,0,1,1,0,0,279,280,279,165,1027,506,0,1,0,0,0
LMR,6,1,5,5,2,1362,0,1,1,0,0,-280,-279,-280,-201,-227,-250,2,4,0,0,0
LMR,8,1,7,8,8,-1784,0,0,1,0,0,279,280,254,205,412,389,1,4,0,0,0
LMR,9,2,8,8,3,-1183,0,1,0,0,0,-280,-279,-287,-213,-251,-376,2,27,-2108,0,0
LMR,3,1,2,3,2,5569,0,1,0,0,0,279,280,199,242,286,285,2,7,-927,0,0
LMR,3,1,2,3,4,-245,0,0,0,0,0,-293,-292,-336,-500,-197,-258,6,7,-1338,0,0
LMR,3,1,2,3,2,1364,0,1,1,0,0,292,293,216,133,483,266,1,17,0,0,0
LMR,7,1,6,6,4,-3771,0,1,0,0,0,292,293,271,375,294,303,18,21,2028,0,0
LMR,5,1,4,4,3,676,0,1,1,0,0,292,293,274,246,311,308,1,3,0,0,0
LMR,8,3,7,6,6,4951,0,0,0,0,0,-293,-292,-298,-450,-292,-292,17,3,-1338,0,0
LMR,8,1,7,8,2,484,0,1,1,0,0,292,293,214,602,384,292,2,57,0,0,0
LMR,8,1,7,8,12,-15888,0,1,0,0,0,292,293,292,602,347,347,2,18,-1338,0,0
LMR,9,1,8,8,22,-17425,0,1,0,0,0,-280,-279,-287,-229,-275,-280,1,19,-1338,0,0
LMR,4,1,3,2,2,500,0,1,0,0,0,-280,-279,-280,-232,-277,-266,1,5,-1129,0,0
LMR,4,1,3,4,2,-5160,0,1,0,0,0,-280,-279,-280,-214,-188,-279,1,5,468,0,0
LMR,4,1,3,3,4,10374,0,1,0,0,0,-280,-279,-298,-332,-278,-278,5,5,-2194,0,0
LMR,5,1,4,4,5,-2460,0,0,1,0,0,279,280,279,230,302,278,3,14,0,0,0
LMR,3,1,2,3,3,10069,0,1,0,0,0,-262,-261,-268,-182,-139,-161,1,1,-1338,0,0
LMR,8,3,7,7,3,23793,0,1,0,0,0,-280,-279,-299,-167,-279,-272,12,23,4833,0,0
LMR,4,1,3,3,2,15094,0,1,0,0,0,-280,-279,-314,-283,-267,-283,8,11,1313,0,0
LMR,4,1,3,3,6,-13154,0,1,0,0,0,-280,-279,-283,-283,-254,-258,2,3,2226,0,0
LMR,8,2,7,7,13,3502,0,0,1,0,0,279,280,277,123,303,281,1,1,0,0,0
LMR,9,6,8,8,2,1492,0,0,0,0,0,279,280,241,246,280,280,100,17,4749,0,0
LMR,7,2,6,7,9,-1964,0,0,1,0,0,279,280,239,134,409,363,4,4,0,0,0
LMR,10,6,9,9,2,23022,0,1,0,0,0,-280,-279,-280,-195,-252,-280,16,52,2763,0,0
LMR,10,1,9,9,3,-4564,0,1,0,0,0,-280,-279,-280,-195,-260,-279,2,23,5534,0,0
LMR,5,1,4,5,2,16358,0,1,0,0,0,-280,-279,-314,-126,-250,-250,2,4,-1338,0,0
LMR,8,2,7,8,2,16617,0,1,0,0,0,-280,-279,-337,-188,-263,-271,13,22,-753,0,0
LMR,7,4,6,5,3,11236,0,0,0,0,0,279,280,279,271,281,280,24,20,-1488,0,0
LMR,8,1,7,7,2,1617,0,1,0,0,0,-280,-279,-280,-162,-271,-280,3,53,8192,0,0
LMR,8,1,7,7,3,23055,0,1,0,0,0,-280,-279,-280,-162,-257,-279,2,19,2440,0,0
LMR,5,1,4,5,2,7483,0,1,0,0,0,-280,-279,-838,-163,-199,-275,1,9,-1338,0,0
LMR,10,4,9,9,2,19434,0,1,0,0,0,-280,-279,-312,-260,-279,-275,17,61,-1338,0,0
LMR,7,1,6,5,5,-789,0,1,0,0,0,-280,-279,-280,-141,-279,-231,5,9,-1338,0,0
LMR,6,1,5,4,3,4244,0,1,0,0,0,-280,-279,-280,-79,-279,-247,6,22,-955,0,0
LMR,7,2,6,7,2,22049,0,1,0,0,0,-280,-279,-430,-192,-271,-279,12,15,636,0,0
LMR,4,1,3,4,2,3959,0,1,0,0,0,-302,-301,-356,-148,-276,-276,1,8,5944,0,1
LMR,6,1,5,4,10,-824,0,0,1,0,0,-280,-279,-280,-220,-279,-299,5,5,0,0,0
LMR,5,1,4,4,2,9939,0,1,0,0,0,279,280,267,254,305,301,3,5,-1338,0,0
LMR,3,1,2,3,10,-1351,0,1,1,1,0,279,280,262,217,322,314,4,4,0,0,0
LMR,9,5,8,7,5,-2428,0,0,0,0,1,-280,-279,-280,-263,-279,-279,16,24,-1338,0,0
LMR,5,1,4,3,8,-642,0,1,1,0,0,-280,-279,-280,-160,-279,-279,5,9,0,0,0
LMR,3,1,2,3,2,9357,0,1,0,0,0,-299,-298,-351,-287,-293,-290,2,9,-1460,0,0
LMR,5,1,4,4,4,-5053,0,1,1,0,1,-299,-298,-310,-162,-293,-292,2,27,0,0,1
LMR,4,1,3,4,12,-563,0,1,1,0,0,-280,-279,-280,-268,-213,-225,2,5,0,0,0
LMR,5,1,4,5,2,6370,0,0,1,0,0,279,280,235,103,1136,869,0,1,0,0,0
LMR,8,1,7,7,7,-12651,0,1,0,0,0,-280,-279,-280,-102,-251,-280,2,20,985,0,0
LMR,8,1,7,8,8,-12586,0,1,0,0,0,-280,-279,-280,-102,-211,-279,1,8,-1338,0,0
LMR,5,2,4,5,2,676,0,0,1,0,0,279,280,213,155,318,286,3,5,0,0,0
LMR,8,1,7,8,2,5181,0,1,0,0,0,-280,-279,-285,-94,-184,-274,1,6,-1338,0,0
LMR,5,1,4,4,2,19907,0,1,0,0,0,-280,-279,-300,-47,-264,-270,6,8,-1338,0,0
LMR,5,2,4,4,2,-5373,0,1,0,0,1,-315,-314,-331,-184,-301,-301,3,5,5785,0,1
LMR,5,1,4,4,2,6440,0,1,1,0,0,-280,-279,-290,-56,-275,-280,3,6,0,0,0
LMR,5,1,4,3,4,10321,0,1,0,0,0,-280,-279,-280,-56,-279,-263,4,7,-1338,0,0
LMR,3,1,2,2,5,-997,0,1,1,0,0,278,279,270,372,279,264,6,3,0,0,0
LMR,4,1,3,4,2,2019,0,1,1,0,0,264,265,242,182,387,366,2,2,0,0,0
LMR,5,1,4,4,13,-1277,0,1,0,0,0,264,265,264,349,289,273,3,20,-1338,0,0
LMR,7,3,6,5,2,1186,0,1,0,0,1,278,279,278,313,279,279,10,7,-223,0,0
LMR,5,1,4,5,3,9476,0,1,0,0,0,278,279,260,334,329,329,2,3,-1338,0,0
LMR,4,1,3,2,6,7146,0,0,0,0,0,-279,-278,-279,-293,-278,-278,3,2,-1338,0,0
LMR,5,1,4,4,2,11551,0,1,0,0,0,278,279,256,345,286,278,10,25,-1338,0,0
LMR,5,1,4,5,5,-10084,0,1,0,0,0,278,279,278,345,342,331,2,7,-1338,0,0
LMR,4,2,3,4,2,44666,0,1,0,0,0,-279,-278,-681,-171,-179,-238,1,1,23,0,0
LMR,11,3,10,9,10,-10368,0,1,0,0,1,278,279,278,293,279,278,9,23,-1338,0,0
LMR,3,1,2,2,4,1854,0,1,0,0,0,-268,-267,-276,-239,-236,-267,5,12,2513,0,1
LMR,3,1,2,2,2,-1296,0,0,1,0,0,260,261,228,184,264,235,2,2,0,0,0
LMR,5,1,4,5,2,-1352,0,1,0,0,0,-261,-260,-330,-174,-204,-269,2,11,2954,0,0
LMR,5,1,4,5,5,-2435,0,1,1,0,0,-261,-260,-269,-174,-173,-189,1,2,0,0,0
LMR,3,1,2,3,2,32371,0,1,0,0,0,-261,-260,-515,-222,-164,-181,1,2,565,0,0
LMR,7,2,6,6,3,27847,0,1,0,0,0,-261,-260,-266,-150,-222,-215,2,34,-314,0,0
LMR,4,1,3,2,2,14536,0,1,0,0,0,-270,-269,-273,-237,-267,-268,6,8,2954,0,1
LMR,3,1,2,2,3,8282,0,1,0,0,0,-245,-244,-263,-150,-224,-212,4,6,-1590,0,1
LMR,3,1,2,2,4,8893,0,1,0,0,0,-258,-257,-258,-75,-241,-241,3,4,-1374,0,1
LMR,8,3,7,8,7,3427,0,0,0,0,0,83,84,19,-169,87,81,20,10,-1338,0,0
LMR,5,1,4,5,3,-3191,0,1,0,0,0,-290,-289,-359,-187,-279,-279,1,3,-709,0,1
LMR,10,3,9,10,2,-1276,0,1,0,0,0,-261,-260,-949,397,214,8,1,1,-1338,0,0
LMR,6,1,5,6,2,3475,0,1,0,0,0,-288,-287,-312,-256,-245,-245,2,5,-810,0,1
LMR,4,1,3,4,2,-3550,0,1,0,0,0,-261,-260,-324,-25,-73,-215,1,2,-1338,0,1
LMR,5,2,4,5,2,32143,0,1,0,0,0,-261,-260,-275,-205,-158,-176,1,3,2156,0,0
LMR,4,2,3,4,2,1216,0,1,0,0,1,-282,-281,-313,-172,-139,-266,1,4,-668,0,1
LMR,5,1,4,5,5,-1514,0,0,0,0,0,304,305,268,331,441,417,1,4,-2394,0,0
LMR,5,1,4,5,2,7110,0,1,0,0,0,304,305,269,457,442,343,1,4,-1202,0,0
LMR,6,1,5,5,9,-17180,0,1,0,0,1,-305,-304,-306,-190,-284,-200,2,3,-1338,0,1
LMR,5,1,4,4,10,-19646,0,1,0,0,0,-291,-290,-297,-177,-283,-295,2,15,1606,0,1
LMR,5,1,4,5,2,-3895,0,1,0,0,0,-272,-271,-336,-133,-268,-271,2,13,7578,0,1
LMR,4,1,3,4,2,16120,0,1,0,0,0,-262,-261,-349,-256,-176,-229,2,3,-1338,0,1
LMR,4,1,3,2,3,-105,0,1,0,0,0,-280,-279,-280,-148,-276,-276,1,2,5117,0,1
LMR,6,4,5,5,3,8669,0,1,0,0,1,-305,-304,-305,-263,-292,-297,6,15,-3870,0,1
LMR,5,2,4,4,2,-4271,0,1,0,0,1,-296,-295,-318,-123,-281,-292,4,9,4275,0,1
LMR,5,1,4,4,4,-889,0,1,1,0,1,-294,-293,-310,-101,-292,-290,1,10,0,0,1
LMR,5,1,4,5,25,-5923,0,1,0,0,0,-261,-260,-268,-202,-203,-260,3,6,-1338,0,0
LMR,4,1,3,4,5,-111,0,0,1,0,0,260,261,226,181,304,297,1,2,0,0,0
LMR,5,1,4,3,3,-4704,0,1,0,0,0,-261,-260,-261,-97,-260,-261,7,6,-1338,0,0
LMR,7,1,6,5,3,4937,0,1,0,0,0,-261,-260,-261,-10,-258,-214,4,9,2364,0,0
LMR,4,1,3,3,12,-8666,0,1,0,0,1,-261,-260,-261,-63,-226,-259,2,9,-2516,0,1
LMR,5,1,4,3,3,-2068,0,1,0,0,0,-301,-300,-305,-282,-298,-300,4,8,-1338,0,0
LMR,4,1,3,4,3,13635,0,1,0,0,0,-261,-260,-261,-227,-161,-179,1,1,3711,0,0
LMR,4,1,3,4,2,-10567,0,1,0,0,0,266,267,247,325,314,278,2,13,5703,0,0
LMR,4,1,3,4,2,-812,0,0,0,0,0,-260,-259,-329,-344,-181,-213,1,5,-1338,0,0
LMR,4,1,3,4,6,-3783,0,1,0,0,0,259,260,259,310,344,222,1,8,-3031,0,0
LMR,3,1,2,2,3,13614,0,1,0,0,0,-260,-259,-267,-210,-259,-224,2,8,1546,0,0
LMR,3,1,2,3,2,8205,0,1,0,0,0,-260,-259,-290,-245,-164,-243,1,2,491,0,0
LMR,4,2,3,3,3,6117,0,0,0,0,1,259,260,247,231,266,266,6,6,-2328,0,0
LMR,5,1,4,4,7,-7911,0,1,0,0,1,-260,-259,-260,-194,-252,-264,2,37,-2973,0,0
LMR,5,1,4,5,3,-8188,0,1,0,0,0,258,259,201,375,259,258,6,16,-1338,0,0
LMR,5,1,4,4,7,748,0,1,1,0,0,258,259,258,375,273,221,3,4,0,0,0
LMR,4,1,3,4,2,432,0,1,0,0,0,-269,-268,-407,-122,-159,-268,1,4,989,0,1
LMR,4,1,3,4,2,19578,0,1,0,0,0,-285,-284,-378,-225,-203,-245,1,0,1132,0,1
LMR,3,1,2,3,2,1403,0,1,0,0,0,-250,-249,-377,-136,97,-249,1,3,-1659,0,1
LMR,6,3,5,6,4,-6738,0,1,0,0,1,-305,-304,-305,-181,-179,-288,4,5,-827,0,1
LMR,5,1,4,4,4,2238,0,1,0,0,0,-245,-244,-245,-90,-233,-265,1,9,-1338,0,1
LMR,6,1,5,5,8,-7496,0,0,0,0,0,235,236,199,128,236,248,6,10,-1523,0,0
LMR,6,1,5,6,7,-15670,0,1,0,0,0,-236,-235,-236,-181,-173,-246,1,23,-1338,0,0
LMR,9,3,8,8,2,16815,0,1,0,0,0,-236,-235,-236,-184,-216,-235,3,24,-1338,0,0
LMR,4,1,3,4,2,22692,0,1,0,0,0,-270,-269,-334,-128,-230,-270,2,14,-2944,0,1
LMR,4,1,3,2,3,2176,0,1,0,0,0,-270,-269,-270,-128,-269,-269,2,2,5810,0,1
LMR,4,1,3,4,2,7066,0,1,0,0,0,-278,-277,-317,0,-169,-209,1,5,-61,0,1
LMR,6,4,5,5,4,14588,0,1,0,0,1,-286,-285,-291,-265,-274,-286,12,19,-3056,0,1
LMR,4,2,3,3,3,4884,0,0,1,0,0,235,236,222,237,242,271,1,4,0,0,0
LMR,9,3,8,9,2,17246,0,1,0,0,0,-236,-235,-260,-145,-182,-235,2,18,-1338,0,0
LMR,5,1,4,5,3,1721,0,1,0,0,0,-236,-235,-333,-165,-210,-180,2,6,-1338,0,0
LMR,5,1,4,3,7,-4430,0,1,0,0,0,-236,-235,-242,-179,-235,-235,4,13,-1338,0,0
LMR,6,1,5,6,4,-7960,0,0,0,0,0,235,236,-761,143,236,266,4,12,-1338,0,0
LMR,9,1,8,7,3,-4623,0,1,0,0,0,-236,-235,-236,-138,-235,-256,3,21,-1338,0,0
LMR,4,1,3,4,7,2564,0,1,1,0,0,235,236,235,88,409,402,0,1,0,0,0
LMR,4,2,3,4,2,49512,0,1,0,0,0,235,236,235,339,321,295,3,5,-1338,0,0
LMR,5,1,4,5,2,22056,0,1,0,0,0,235,236,196,343,253,265,3,21,-1338,0,0
LMR,3,1,2,3,2,11898,0,1,0,0,0,249,250,160,238,253,252,1,4,-1338,0,1
LMR,4,1,3,4,3,6307,0,0,0,0,0,-228,-227,-243,-167,-116,-227,2,5,-1338,0,0
LMR,3,1,2,2,4,637,0,1,0,0,0,-260,-259,-270,-256,-259,-259,2,2,-1338,0,0
LMR,11,1,10,10,22,-17011,0,0,0,0,0,-260,-259,-274,-297,-259,-259,5,32,-1338,0,0
LMR,12,4,11,12,3,10196,0,1,1,0,0,259,260,259,239,814,814,1,2,0,0,0
LMR,13,9,12,13,2,17804,0,0,0,0,0,-260,-259,-771,-270,-259,-259,35,48,-1338,0,0
LMR,4,1,3,4,9,-8026,0,1,0,0,0,-260,-259,-303,-116,-243,-259,2,12,-1338,0,0
LMR,9,4,8,7,3,14673,0,1,0,0,0,-236,-235,-236,-154,-235,-235,30,12,-1523,0,0
LMR,4,1,3,3,4,2397,0,1,0,0,0,-236,-235,-257,-241,-229,-230,3,6,-1338,0,0
LMR,7,1,6,5,11,-3703,0,1,1,0,0,-236,-235,-241,-173,-235,-227,6,12,0,0,0
LMR,5,1,4,5,2,3858,0,1,0,0,0,-236,-235,-308,-174,-235,-238,4,22,-1338,0,0
LMR,5,1,4,4,6,-17066,0,1,0,1,0,-236,-235,-238,-174,-227,-227,7,5,-1338,0,0
LMR,9,1,8,8,2,10041,0,1,0,0,0,-236,-235,-239,-83,-193,-235,2,22,-1338,0,0
LMR,3,1,2,2,2,6719,0,0,1,0,0,235,236,235,-111,273,273,2,2,0,0,0
LMR,6,1,5,5,2,-2940,0,1,0,0,0,-236,-235,-263,-98,-235,-235,7,15,-1338,0,0
LMR,4,1,3,3,4,1412,0,0,0,0,0,235,236,226,76,236,236,7,8,-1338,0,0
LMR,5,1,4,4,2,5392,0,1,0,0,0,-236,-235,-252,-33,-235,-236,3,22,-630,0,0
LMR,5,1,4,4,3,17030,0,1,0,0,0,-236,-235,-236,-33,-188,-235,1,7,-1338,0,0
LMR,9,3,8,8,2,19895,0,1,0,0,0,-236,-235,-243,-130,-199,-235,3,87,157,0,0
LMR,5,1,4,5,6,-3127,0,1,1,0,1,-282,-281,-307,-123,-241,-282,1,17,0,0,1
LMR,5,1,4,4,11,-13338,0,1,0,0,1,-282,-281,-282,-123,-264,-286,2,7,-1298,0,1
LMR,5,3,4,5,2,8543,0,0,0,0,0,235,236,205,148,327,253,2,6,-1338,0,0
LMR,6,1,5,6,2,23684,0,1,0,0,0,-236,-235,-250,-178,-185,-235,3,9,-1338,0,0
LMR,6,4,5,5,2,6124,0,0,0,0,0,235,236,194,139,243,236,16,11,-1338,0,0
LMR,7,2,6,5,2,20031,0,1,0,0,0,-236,-235,-236,-108,-235,-235,3,12,-2537,0,0
LMR,5,1,4,4,3,-13965,0,1,0,0,1,-282,-281,-285,-147,-243,-221,3,6,5010,0,1
LMR,6,1,5,6,3,12117,0,1,0,0,0,-292,-291,-300,-194,-143,-194,1,3,173,0,1
LMR,3,1,2,2,2,18755,0,1,0,0,0,-262,-261,-286,-52,-261,-252,1,3,-956,0,1
LMR,6,1,5,6,2,3458,0,1,0,0,0,-236,-235,-239,-81,-154,-169,2,5,-539,0,0
LMR,3,1,2,2,3,-165,0,1,0,0,0,-202,-201,-215,-34,-182,-181,4,4,-2868,0,0
LMR,3,1,2,3,2,20676,0,1,0,0,0,-271,-270,-314,-168,-260,-260,2,0,-1046,0,0
LMR,5,2,4,5,2,42978,0,1,0,0,0,-236,-235,-236,-48,-99,-235,1,0,-1338,0,0
LMR,3,1,2,2,2,26690,0,1,0,0,0,-236,-235,-236,-88,-208,-235,3,9,-1338,0,0
LMR,5,1,4,4,3,22883,0,1,0,0,0,-236,-235,-236,-72,-212,-217,2,8,191,0,0
LMR,3,1,2,3,4,6844,0,0,0,0,0,-243,-242,-291,-338,171,-235,3,7,-1338,0,0
LMR,4,1,3,2,6,-2104,0,1,0,0,0,242,243,242,347,247,236,2,3,625,0,0
LMR,4,1,3,3,7,11696,0,1,0,0,0,242,243,242,347,276,242,1,20,-271,0,0
LMR,4,1,3,3,8,-2822,0,1,1,0,0,242,243,242,347,255,255,2,4,0,0,0
LMR,6,3,5,6,2,676,0,0,1,0,0,201,202,134,-267,203,203,5,11,0,0,0
LMR,6,1,5,6,10,-3165,0,1,1,0,0,-202,-201,-225,-120,-120,-202,1,18,0,0,0
LMR,4,1,3,3,15,-4702,0,1,0,0,1,234,235,234,259,243,242,2,2,-2298,0,0
LMR,6,1,5,5,2,1145,0,1,0,0,0,234,235,226,278,236,235,2,17,5616,0,0
LMR,6,1,5,5,4,-6178,0,1,0,0,0,234,235,230,276,249,215,2,7,-1338,0,0
LMR,9,7,8,8,3,10990,0,0,0,0,0,-235,-234,-275,-280,-230,-230,34,25,1542,0,0
LMR,10,7,9,10,10,-4145,0,0,1,0,1,-235,-234,-278,-406,-210,-234,12,25,0,0,0
LMR,10,5,9,9,2,14451,0,1,0,0,0,234,235,230,220,239,234,0,127,5936,0,0
LMR,5,1,4,3,3,24165,0,1,0,0,0,234,235,232,392,235,234,5,4,-271,0,0
LMR,5,1,4,4,4,4996,0,1,0,0,0,234,235,234,392,278,234,2,4,-1338,0,0
LMR,3,1,2,3,2,-573,0,1,0,0,0,234,235,230,197,355,355,1,2,2724,0,0
LMR,8,5,7,6,3,2356,0,0,0,0,1,-235,-234,-236,-236,-234,-310,32,10,-2661,0,0
LMR,10,6,9,8,2,6527,0,1,0,0,1,234,235,234,279,236,236,18,59,4958,0,0
LMR,5,1,4,5,13,-980,0,1,1,0,0,234,235,202,200,294,283,1,2,0,0,0
LMR,6,1,5,5,2,1569,0,1,1,0,0,234,235,222,314,245,235,2,10,0,0,0
LMR,3,1,2,3,2,9478,0,1,0,0,0,234,235,183,255,328,328,1,3,123,0,0
LMR,3,1,2,2,4,-1636,0,1,0,0,0,234,235,234,244,283,283,2,0,-1338,0,0
LMR,5,1,4,5,2,-4619,0,1,0,0,0,-235,-234,-253,-119,-181,-234,1,4,-1338,0,0
LMR,10,3,9,9,10,-8608,0,0,0,0,0,234,235,234,198,255,227,3,14,-1338,0,0
LMR,5,1,4,4,3,18974,0,1,0,0,0,-235,-234,-235,-161,-196,-203,5,3,-1357,0,0
LMR,5,1,4,5,2,-1963,0,1,1,0,0,-235,-234,-296,-141,-228,-234,1,13,0,0,0
LMR,4,1,3,3,2,21950,0,1,0,0,0,240,241,240,305,284,273,2,5,-1338,0,0
LMR,4,1,3,2,2,39380,0,1,0,0,0,201,202,201,234,202,202,11,3,-1338,0,0
LMR,9,2,8,8,5,-2230,0,1,0,0,0,-202,-201,-202,-104,-187,-211,1,15,-2361,0,0
LMR,4,2,3,4,2,6095,0,0,0,0,0,201,202,64,195,247,247,3,4,-1338,0,0
LMR,7,5,6,7,2,4572,0,0,1,0,0,201,202,152,125,238,239,12,14,0,0,0
LMR,9,1,8,7,6,-7702,0,1,0,0,0,-202,-201,-202,-104,-201,-234,6,34,-1338,0,0
LMR,3,1,2,3,2,-5344,0,0,0,0,0,201,202,179,191,264,236,1,4,-1407,0,0
LMR,9,1,8,8,38,-17016,0,1,0,0,0,-202,-201,-202,-104,-182,-205,1,19,-1654,0,0
LMR,9,3,8,7,6,-13031,0,1,0,0,1,234,235,234,195,237,234,7,15,2662,0,0
LMR,5,1,4,5,4,984,0,0,0,0,0,201,202,189,139,297,260,1,1,-1357,0,0
LMR,5,1,4,5,2,-1460,0,1,1,0,0,-202,-201,-249,-166,-139,-250,2,19,0,0,0
LMR,3,1,2,2,2,11249,0,1,0,0,0,227,228,223,309,244,227,10,10,-3855,0,1
LMR,6,1,5,5,3,17669,0,1,0,0,0,234,235,218,301,235,235,11,11,5952,0,0
LMR,8,4,7,8,6,-332,0,0,1,0,0,-235,-234,-235,-314,-148,-227,9,9,0,0,0
LMR,4,1,3,3,3,19877,0,1,0,0,0,-235,-234,-247,-196,-223,-235,1,5,2890,0,0
LMR,5,1,4,5,5,915,0,1,0,0,0,234,235,139,314,238,235,10,18,-836,0,0
LMR,8,1,7,6,20,-16673,0,0,0,0,0,-235,-234,-235,-235,-230,-228,1,18,-1338,0,0
LMR,3,1,2,3,3,40925,0,1,0,0,0,-235,-234,-292,-255,-234,-234,6,2,-243,0,0
LMR,9,4,8,7,2,1572,0,1,1,0,1,234,235,230,309,235,234,23,125,0,0,0
LMR,4,1,3,2,2,16711,0,1,0,0,0,-235,-234,-237,-172,-230,-234,4,10,-1338,0,0
LMR,6,1,5,5,2,-1626,0,1,1,0,0,-202,-201,-225,-209,-195,-196,1,7,0,0,0
LMR,5,2,4,5,2,2044,0,0,0,0,0,201,202,-1225,233,202,202,10,9,-1338,0,0
LMR,3,1,2,2,7,4034,0,1,0,0,0,247,248,232,348,282,276,2,3,-3798,0,1
LMR,6,3,5,6,3,41767,0,1,0,0,0,234,235,158,434,499,261,1,2,2306,0,0
LMR,9,4,8,8,7,-3926,0,0,1,0,0,-235,-234,-236,-332,-187,-187,6,11,0,0,0
LMR,5,1,4,5,5,-7087,0,1,0,0,0,234,235,124,264,235,255,3,10,-1545,0,0
LMR,10,3,9,9,2,121,0,1,1,0,0,234,235,191,325,239,237,7,49,0,0,0
LMR,7,1,6,7,3,-1833,0,1,0,0,0,234,235,202,371,256,254,3,13,7229,0,0
LMR,7,1,6,6,4,4855,0,1,0,0,0,234,235,234,531,272,263,2,6,-2558,0,0
LMR,5,1,4,4,2,11325,0,1,0,0,0,301,302,269,537,302,291,2,7,-1338,0,1
LMR,5,1,4,5,13,-6976,0,1,0,0,0,301,302,301,537,546,298,2,7,-1338,0,1
LMR,8,1,7,8,2,-12439,0,1,0,0,0,234,235,-807,512,357,239,1,8,-186,0,0
LMR,5,1,4,5,11,-10743,0,1,0,0,0,234,235,234,312,315,283,1,4,-1338,0,0
LMR,7,1,6,7,8,-17986,0,0,0,0,0,-235,-234,-269,-261,-68,-234,1,6,-1338,0,0
LMR,11,5,10,9,2,11239,0,1,0,0,0,234,235,234,237,235,238,17,61,441,0,0
LMR,3,1,2,2,2,7267,0,1,0,0,0,234,235,234,248,275,249,2,0,-1338,0,0
LMR,5,1,4,4,4,11450,0,1,0,0,0,234,235,205,254,240,245,3,13,-3460,0,0
LMR,3,1,2,3,2,-3592,0,1,0,0,0,234,235,196,248,253,253,1,1,-245,0,0
LMR,4,1,3,4,2,6124,0,1,0,0,0,234,235,224,261,311,251,1,5,1911,0,0
LMR,7,5,6,7,2,49385,0,1,0,0,0,234,235,168,492,362,236,1,3,2874,0,0
LMR,7,3,6,6,2,-10524,0,0,0,0,0,-235,-234,-256,-425,-223,-220,14,8,-1338,0,0
LMR,4,1,3,3,3,5259,0,0,0,0,0,234,235,214,118,235,235,5,2,-1338,0,0
LMR,4,1,3,4,2,5296,0,1,1,0,0,-235,-234,-266,-221,-170,-235,1,10,0,0,0
LMR,3,1,2,2,2,11559,0,1,0,0,0,234,235,215,246,235,235,3,2,-1338,0,0
LMR,6,1,5,6,7,-14845,0,0,0,0,1,-235,-234,-235,-235,-144,-177,4,5,-1338,0,0
LMR,8,3,7,6,7,6015,0,1,0,0,1,234,235,234,249,235,185,30,41,-1338,0,0
LMR,4,1,3,4,7,-2340,0,0,1,0,0,234,235,215,189,292,282,1,1,0,0,0
LMR,4,1,3,4,2,2542,0,1,0,0,0,-235,-234,-266,-197,-189,-272,1,6,128,0,0
LMR,4,1,3,4,6,-5409,0,1,0,0,0,-235,-234,-262,-197,-94,-229,1,1,-1338,0,0
LMR,3,1,2,3,4,-2405,0,1,0,0,0,240,241,92,-175,315,278,2,3,-1338,0,0
LMR,3,1,2,3,3,9248,0,0,0,0,0,-241,-240,-279,-330,175,-268,3,7,-293,0,0
LMR,4,1,3,3,2,8498,0,1,0,0,0,240,241,239,366,287,268,2,16,-824,0,0
LMR,3,1,2,2,2,10974,0,1,0,0,0,-235,-234,-269,-163,-224,-235,1,7,-1338,0,0
LMR,3,1,2,3,4,9300,0,0,1,0,0,234,235,134,113,250,243,4,3,0,0,0
LMR,3,1,2,3,7,-5858,0,1,0,0,0,-235,-234,-235,-163,-113,-241,1,9,-1338,0,0
LMR,3,1,2,2,13,-1901,0,1,1,0,0,-235,-234,-235,-163,-218,-234,4,8,0,0,0
LMR,6,1,5,6,2,14532,0,1,0,0,0,-235,-234,-355,-158,-153,-234,1,62,-1338,0,0
LMR,4,1,3,3,4,-2730,0,1,0,0,1,233,234,217,379,251,227,2,10,-1338,0,0
LMR,4,1,3,3,5,-1787,0,1,0,0,1,233,234,227,379,242,233,3,10,-1697,0,0
LMR,3,1,2,2,6,-5865,0,1,0,0,0,-234,-233,-236,-196,-217,-233,1,2,1573,0,0
LMR,5,1,4,4,4,13953,0,1,0,0,0,234,235,220,331,237,277,3,5,-1338,0,0
LMR,5,1,4,5,2,-11503,0,1,0,0,0,-202,-201,-335,-205,-167,-177,2,7,-1338,0,0
LMR,5,3,4,5,2,14902,0,0,0,0,0,201,202,117,132,205,181,6,12,-2742,0,0
LMR,5,1,4,5,4,-55,0,1,0,0,0,-202,-201,-263,-91,-201,-181,4,28,-1338,0,0
LMR,5,1,4,5,2,-2963,0,1,0,0,0,-202,-201,-325,-35,-81,-192,2,8,237,0,0
LMR,3,1,2,2,3,-6561,0,1,0,0,0,-243,-242,-280,-83,-242,-242,5,23,-1338,0,1
LMR,10,3,9,10,2,3655,0,1,0,0,0,-202,-201,-290,-162,-201,-186,3,36,-1338,0,0
LMR,6,2,5,6,5,-7252,0,0,0,0,0,201,202,155,276,320,214,1,1,-1338,0,0
LMR,12,1,11,10,28,-17047,0,1,0,0,0,-202,-201,-202,-202,-201,-190,6,19,-1338,0,0
LMR,14,6,13,13,4,-13056,0,0,0,0,0,201,202,192,159,202,190,21,74,-1338,0,0
LMR,8,4,7,7,2,26086,0,1,0,0,0,-202,-201,-227,-57,-186,-186,5,0,-1338,0,0
LMR,6,1,5,4,23,-15795,0,1,0,0,0,-202,-201,-202,-78,-201,-201,14,12,-1338,0,0
LMR,5,1,4,5,9,-9371,0,1,0,0,0,-202,-201,-225,-174,-165,-207,1,5,-1338,0,0
LMR,8,1,7,7,5,-5231,0,1,0,0,0,-202,-201,-206,-143,-186,-202,2,21,-628,0,0
LMR,8,1,7,6,6,-7663,0,1,0,0,0,-202,-201,-202,-143,-195,-202,2,24,-189,0,0
LMR,12,5,11,11,2,10021,0,1,0,0,0,-202,-201,-202,-158,-181,-191,3,35,-1338,0,0
LMR,3,1,2,3,4,-2827,0,1,0,0,0,-197,-196,-245,-196,-168,-176,3,6,-1338,0,1
LMR,5,1,4,5,2,1184,0,1,0,0,0,-202,-201,-228,-11,-136,-111,1,4,-1338,0,0
LMR,6,1,5,6,3,5366,0,1,0,0,0,-202,-201,-210,-31,-66,-110,1,5,-1338,0,0
LMR,6,1,5,6,2,10812,0,1,0,0,0,-202,-201,-248,-117,-149,-166,1,11,3232,0,0
LMR,3,1,2,3,2,6936,0,0,1,0,0,228,229,-104,207,324,307,1,1,0,0,0
LMR,4,1,3,3,5,-9761,0,1,0,0,0,-25,-24,-29,11,15,-24,3,10,-1338,0,0
LMR,5,1,4,4,4,-3016,0,1,0,0,0,-202,-201,-202,-52,-155,-165,2,8,-2049,0,0
LMR,5,1,4,5,2,34408,0,1,0,0,0,-247,-246,-274,-320,-216,-193,3,4,-418,0,1
LMR,6,1,5,5,2,4716,0,1,1,0,0,-202,-201,-205,-172,-177,-94,4,6,0,0,0
LMR,4,1,3,2,6,-7605,0,1,0,0,0,-202,-201,-202,-80,-201,-202,4,9,-1338,0,0
LMR,4,1,3,3,12,-11602,0,1,0,0,0,-202,-201,-202,-80,-167,-166,2,5,-1338,0,0
LMR,4,1,3,2,2,9025,0,1,0,0,0,-244,-243,-244,-102,-243,-243,3,3,2119,0,1
LMR,5,1,4,5,2,26103,0,1,0,0,0,-202,-201,-601,-120,-170,-171,3,12,-1475,0,0
LMR,7,4,6,6,5,-10282,0,0,0,0,1,201,202,197,234,215,216,15,28,2119,0,0
LMR,4,1,3,4,3,19804,0,1,0,0,0,-228,-227,-276,-171,-174,-194,1,9,-349,0,0
LMR,4,1,3,4,3,3198,0,1,0,0,0,-202,-201,-231,-187,-42,-179,1,2,-1338,0,0
LMR,5,1,4,5,2,474,0,1,0,0,0,-202,-201,-215,-106,133,-151,2,8,-2194,0,0
LMR,9,2,8,9,7,-14172,0,0,0,0,0,201,202,168,234,242,211,8,27,-3175,0,0
LMR,3,1,2,2,3,-12732,0,1,0,0,0,-202,-201,-224,-83,-174,-179,4,3,-1338,0,0
LMR,5,1,4,5,3,25775,0,1,0,0,0,-202,-201,-290,-14,-87,-87,2,3,-1338,0,0
LMR,5,1,4,5,2,1554,0,1,1,0,0,-202,-201,-312,-101,-143,-143,2,3,0,0,0
LMR,9,5,8,9,3,292,0,0,1,0,0,201,202,38,-426,220,227,24,13,0,0,0
LMR,10,4,9,9,3,1245,0,1,1,0,1,-202,-201,-222,-185,-201,-201,19,34,0,0,0
LMR,4,1,3,4,2,-7306,0,0,0,0,0,-281,-280,-514,-429,-239,-235,2,4,-1338,0,0
LMR,7,1,6,7,3,-4295,0,1,0,0,0,-202,-201,-202,-36,-16,-129,1,1,-1338,0,0
LMR,5,1,4,5,10,338,0,1,1,0,0,-202,-201,-213,-103,-155,-162,5,6,0,0,0
LMR,5,1,4,5,3,16145,0,1,0,0,0,-202,-201,-276,-117,-157,-157,2,4,-901,0,0
LMR,6,2,5,6,2,-6930,0,0,0,0,0,201,202,116,127,231,209,6,19,-1610,0,0
LMR,6,1,5,6,3,-7423,0,1,0,0,0,-202,-201,-212,-69,-127,-208,1,27,-1338,0,0
LMR,6,1,5,5,5,-15286,0,1,0,0,0,-202,-201,-208,-69,-198,-206,2,7,-1338,0,0
LMR,6,1,5,5,12,-17256,0,1,0,0,0,-202,-201,-206,-69,-193,-204,1,6,-1338,0,0
LMR,3,1,2,3,2,20956,0,1,0,0,0,-202,-201,-336,-197,-154,-154,1,2,-1338,0,0
LMR,6,1,5,6,15,-15620,0,1,0,0,0,-202,-201,-204,-69,-129,-165,1,16,-1523,0,0
LMR,5,1,4,5,2,34804,0,1,0,0,0,-202,-201,-317,-56,-112,-128,1,3,-952,0,0
LMR,4,1,3,2,4,3899,0,1,0,0,0,-202,-201,-202,-187,-201,-201,17,2,-1338,0,0
LMR,10,2,9,8,3,3796,0,1,0,0,0,-202,-201,-202,-130,-197,-201,3,22,-3546,0,0
LMR,3,1,2,3,2,10836,0,1,0,0,0,-243,-242,-323,-80,-201,-201,2,3,8182,0,1
LMR,3,1,2,2,2,4201,0,1,0,0,0,-222,-221,-229,-220,-201,-221,3,9,2616,0,1
LMR,8,1,7,6,2,9795,0,1,0,0,0,-202,-201,-205,-214,-201,-208,3,13,2829,0,0
LMR,5,1,4,5,3,23959,0,1,0,0,0,280,281,197,321,442,323,1,2,-1338,0,0
LMR,5,1,4,4,3,1045,0,1,0,0,0,-202,-201,-202,-130,-158,-185,1,8,2028,0,0
LMR,3,1,2,2,2,13552,0,1,0,0,0,-202,-201,-212,-123,-169,-201,2,4,1818,0,0
LMR,5,1,4,5,2,21284,0,1,0,0,0,-202,-201,-260,-43,-170,-201,3,35,651,0,0
LMR,3,1,2,3,2,6786,0,1,0,0,0,-202,-201,-205,-215,-92,-163,1,1,632,0,0
LMR,4,1,3,2,3,-4333,0,1,0,0,0,222,223,222,260,223,223,5,5,-1338,0,0
LMR,4,1,3,2,7,-3065,0,0,1,0,0,201,202,200,251,202,202,3,4,0,0,0
LMR,7,1,6,5,13,-16712,0,1,0,0,0,-202,-201,-202,-67,-201,-196,5,8,-1338,0,0
LMR,5,1,4,5,2,-2188,0,1,0,0,0,201,202,195,314,258,245,3,4,2804,0,0
LMR,4,2,3,3,2,1804,0,0,1,0,0,-202,-201,-223,-295,-201,-190,9,7,0,0,0
LMR,4,1,3,4,2,5216,0,1,1,0,0,201,202,148,-297,224,218,3,5,0,0,0
LMR,9,4,8,7,2,1734,0,1,0,0,1,-202,-201,-202,-201,-197,-202,25,65,5476,0,0
LMR,4,1,3,4,2,6263,0,1,0,0,0,-220,-219,-257,-164,-189,-187,8,10,351,0,0
LMR,3,1,2,2,4,-3346,0,0,0,0,0,-219,-218,-219,-266,-179,-179,1,2,-1338,0,0
LMR,6,1,5,5,3,-1486,0,1,0,0,0,218,219,207,430,222,197,2,6,-1338,0,0
LMR,6,1,5,5,5,-12900,0,1,0,0,0,218,219,207,430,260,260,1,16,-1338,0,0
LMR,3,1,2,3,2,22004,0,1,0,0,0,-287,-286,-297,-169,-138,-194,1,0,-93,0,1
LMR,9,7,8,8,2,3870,0,0,1,0,0,-249,-248,-260,-223,-232,-232,41,0,0,0,0
LMR,5,1,4,4,3,41368,0,1,0,0,0,-230,-229,-230,-102,-211,-186,3,7,3150,0,0
LMR,4,1,3,3,2,12614,0,1,0,0,0,-223,-222,-242,-227,-210,-222,1,4,-1338,0,1
LMR,5,1,4,5,11,-11613,0,1,0,0,0,-53,-52,-53,-8,8,124,1,2,-1338,0,0
LMR,5,1,4,5,6,-1276,0,1,0,0,0,-230,-229,-230,-410,43,-171,1,1,-1338,0,0
LMR,12,6,11,10,5,-4158,0,0,1,0,0,229,230,229,47,230,229,27,29,0,0,0
LMR,4,1,3,3,7,-5791,0,1,0,1,0,-147,-146,-147,-36,-109,-91,5,3,-1338,0,1
LMR,5,1,4,3,2,676,0,1,1,1,0,-230,-229,-230,-201,-229,-193,4,4,0,0,0
LMR,5,1,4,5,6,-1276,0,1,0,0,0,-230,-229,-264,-250,-176,-183,2,7,-1338,0,0
LMR,5,1,4,5,2,14731,0,1,0,0,0,-230,-229,-262,-163,-68,-229,1,5,-1338,0,0
LMR,6,1,5,5,18,-17066,0,1,0,0,0,-230,-229,-248,-126,-229,-229,4,12,-1338,0,0
LMR,8,1,7,8,2,-2833,0,1,1,0,0,-230,-229,-251,-106,-192,-229,1,36,0,0,0
LMR,4,1,3,4,2,-1276,0,0,0,0,0,229,230,103,130,369,245,2,11,-1338,0,0
LMR,5,1,4,5,2,4584,0,1,1,0,0,-230,-229,-242,-201,-150,-222,1,5,0,0,0
LMR,4,1,3,4,2,13066,0,1,0,0,0,-230,-229,-302,-169,-177,-214,1,0,-1338,0,0
LMR,3,1,2,2,5,11503,0,1,0,0,1,-213,-212,-248,-187,-208,-307,2,10,2419,0,1
LMR,5,1,4,4,2,19745,0,1,0,0,0,-230,-229,-242,-44,-216,-212,1,7,-784,0,0
LMR,3,1,2,2,4,1884,0,1,0,0,0,-236,-235,-267,-173,-233,-230,1,3,-648,0,1
LMR,9,3,8,8,3,19094,0,1,0,0,0,-230,-229,-238,-132,-229,-230,9,44,-1338,0,0
LMR,6,1,5,5,3,8033,0,1,0,0,0,-230,-229,-249,-142,-219,-237,1,12,-1338,0,0
LMR,9,1,8,8,5,3504,0,1,0,0,0,-230,-229,-230,-132,-191,-236,2,32,-1338,0,0
LMR,3,1,2,3,2,47557,0,1,0,0,0,248,249,220,282,320,302,2,6,3121,0,0
LMR,5,1,4,5,3,4228,0,1,0,0,0,248,249,228,245,631,383,1,2,-1338,0,0
LMR,11,3,10,10,2,3333,0,1,0,0,0,248,249,231,248,249,253,7,74,1226,0,0
LMR,11,9,10,11,2,1133,0,0,1,0,0,-249,-248,-308,-230,-248,-252,53,96,0,0,0
LMR,5,1,4,4,10,-9577,0,1,0,0,0,248,249,243,287,269,258,3,4,-1338,0,0
LMR,3,1,2,2,2,15971,0,1,0,0,0,248,249,248,273,258,252,2,5,-629,0,0
LMR,3,1,2,3,3,7992,0,0,0,0,0,-249,-248,-298,-383,-205,-199,2,3,-1338,0,0
LMR,5,1,4,5,3,-8034,0,1,0,0,0,248,249,188,276,264,239,2,19,-1926,0,0
LMR,7,1,6,6,3,2836,0,1,0,0,0,248,249,220,271,260,248,3,31,-1338,0,0
LMR,5,1,4,5,4,9007,0,1,0,0,0,-249,-248,-252,-148,-175,-208,1,7,-1338,0,0
LMR,8,3,7,7,9,3599,0,1,0,0,1,248,249,248,236,273,248,12,36,-1338,0,0
LMR,4,1,3,4,2,380,0,0,0,0,0,233,234,129,248,235,235,2,8,-433,0,0
LMR,5,1,4,5,4,-5557,0,1,0,0,0,248,249,180,276,314,302,6,10,-1338,0,0
LMR,4,1,3,3,3,9931,0,1,0,0,0,-249,-248,-265,-233,-221,-228,2,4,-85,0,0
LMR,6,1,5,6,3,-7162,0,1,0,0,0,-230,-229,-302,-96,-105,-172,1,8,-1338,0,0
LMR,7,1,6,7,2,9059,0,1,0,0,0,-230,-229,-276,-145,-1,-196,1,8,4446,0,0
LMR,6,2,5,5,5,-4096,0,0,0,0,0,229,230,188,119,230,237,8,6,-1338,0,0
LMR,6,1,5,6,2,17808,0,1,0,0,0,-230,-229,-254,-134,-188,-236,3,19,-1338,0,0
LMR,6,1,5,5,7,-14788,0,1,0,0,0,-230,-229,-236,-134,-227,-232,1,8,-230,0,0
LMR,5,1,4,5,14,-11948,0,1,0,0,0,248,249,248,340,309,298,1,2,-952,0,0
LMR,9,6,8,8,3,8715,0,0,0,0,0,-249,-248,-270,-263,-244,-249,9,17,-1338,0,0
LMR,5,1,4,5,2,7881,0,1,0,0,0,248,249,236,294,292,292,3,3,1278,0,0
LMR,4,1,3,4,2,10843,0,1,0,0,0,-230,-229,-274,-220,-211,-211,1,4,960,0,0
LMR,9,1,8,8,3,-2710,0,1,0,0,0,-230,-229,-264,-177,-229,-214,7,13,178,0,0
LMR,3,1,2,3,2,-16730,0,1,0,0,0,-230,-229,-372,-742,-186,-151,0,1,-1338,1,0
LMR,12,5,11,11,4,6288,0,1,0,0,0,-230,-229,-247,-243,-214,-224,10,119,-1338,0,0
LMR,6,1,5,5,2,676,0,1,1,0,0,-230,-229,-244,-94,-229,-229,6,15,0,0,0
LMR,5,1,4,4,3,6551,0,1,0,0,0,-230,-229,-241,-163,-214,-229,6,12,-1682,0,0
LMR,7,1,6,6,2,3928,0,1,0,0,0,-230,-229,-231,-112,-223,-213,2,14,8192,0,0
LMR,5,1,4,5,2,20525,0,1,0,0,0,-230,-229,-258,-86,-185,-135,1,9,-1602,0,0
LMR,5,1,4,3,2,6677,0,1,0,0,0,-230,-229,-232,-357,-229,-207,2,4,-1338,0,0
LMR,5,1,4,5,3,22543,0,1,0,0,0,-230,-229,-345,-48,-216,-204,2,7,-1338,0,0
LMR,3,1,2,2,8,-4386,0,1,0,0,1,229,230,193,249,230,177,6,5,-1948,0,0
LMR,4,1,3,4,3,-4781,0,1,0,0,0,-230,-229,-250,-253,-183,-229,1,6,-1338,0,0
LMR,8,4,7,7,3,-12969,0,0,0,0,1,229,230,202,193,230,229,15,16,-402,0,0
LMR,9,4,8,8,3,17994,0,1,0,0,0,-230,-229,-232,-160,-193,-229,14,60,-2560,0,0
LMR,4,1,3,3,3,1193,0,1,0,0,0,-230,-229,-233,-155,-212,-198,2,9,-1338,0,0
LMR,3,1,2,2,2,4804,0,1,0,0,0,-219,-218,-251,-202,-208,-210,2,2,-1338,0,0
LMR,4,2,3,4,2,-2727,0,1,0,0,1,-219,-218,-284,-101,-218,-218,2,23,-2684,0,1
LMR,5,1,4,4,8,-3035,0,0,1,0,0,229,230,229,157,275,275,2,4,0,0,0
LMR,8,1,7,6,7,-6333,0,1,0,0,0,-230,-229,-233,-103,-229,-184,4,14,-1338,0,0
LMR,7,1,6,5,2,-10197,0,1,0,0,0,-230,-229,-230,-135,-229,-229,14,16,-2108,0,0
LMR,5,1,4,5,2,1688,0,1,0,0,0,-230,-229,-779,-61,-99,-138,3,3,1584,0,0
LMR,6,1,5,6,4,-9042,0,0,0,0,0,229,230,229,139,333,258,3,7,-1480,0,0
LMR,6,1,5,6,6,-5207,0,1,0,0,0,-230,-229,-264,-102,-139,-254,1,15,-1338,0,0
LMR,6,1,5,5,16,-18343,0,1,0,0,0,-230,-229,-237,-102,-185,-229,4,9,-1338,0,0
LMR,5,1,4,5,3,-10476,0,1,0,0,0,-230,-229,-283,-265,-200,-200,1,7,-1338,0,0
LMR,9,2,8,8,2,6727,0,1,1,0,0,-230,-229,-232,-200,-183,-229,1,66,0,0,0
LMR,6,1,5,5,5,-4175,0,1,0,0,0,-230,-229,-245,-63,-229,-229,5,9,-1338,0,0
LMR,5,1,4,4,5,-3984,0,1,0,0,0,-53,-52,-66,9,-52,-52,8,19,-1338,0,0
LMR,3,1,2,2,3,3580,0,0,0,0,0,229,230,229,245,259,259,1,1,-1338,0,0
LMR,6,1,5,5,7,-13311,0,1,0,0,0,-230,-229,-230,-98,-210,-210,2,6,-107,0,0
LMR,5,1,4,4,4,-11323,0,1,0,0,0,230,231,213,213,241,263,6,7,-624,0,0
LMR,5,2,4,5,2,3473,0,0,0,0,0,-231,-230,-319,-283,-213,-257,2,16,-1338,0,0
LMR,6,1,5,5,4,3615,0,1,0,0,0,230,231,230,417,283,231,2,25,-1338,0,0
LMR,3,1,2,3,5,-4458,0,1,0,0,0,-230,-229,-252,-137,-193,-199,2,2,-1338,0,0
LMR,3,1,2,3,2,10064,0,1,0,0,0,-230,-229,-325,-237,-126,-164,2,2,-1469,0,0
LMR,5,1,4,5,2,8771,0,1,0,0,0,-214,-213,-294,-78,-126,-141,1,2,-1338,0,0
LMR,6,1,5,6,2,12866,0,1,0,0,0,-214,-213,-322,-155,-170,-178,2,9,-1338,0,1
LMR,8,2,7,8,2,15210,0,1,0,0,0,-230,-229,-247,10,-156,-200,2,10,-1338,0,0
LMR,3,1,2,3,2,7430,0,1,0,0,0,-230,-229,-287,-321,-229,-229,8,5,-1338,0,0
LMR,6,1,5,5,5,-6477,0,0,0,0,0,229,230,229,337,280,280,4,8,-1338,0,0
LMR,8,1,7,8,2,5127,0,1,0,0,0,-230,-229,-272,-81,-202,-226,1,14,1622,0,0
LMR,4,1,3,4,2,-1865,0,1,1,0,0,-230,-229,-311,-390,-183,-206,2,6,0,0,0
LMR,4,1,3,4,3,2255,0,0,0,0,0,229,230,193,155,390,210,3,10,-1338,0,0
LMR,6,1,5,4,3,5864,0,1,0,0,0,-230,-229,-235,76,-229,-210,5,28,8192,0,0
LMR,5,1,4,4,2,10643,0,1,0,0,0,-230,-229,-246,-117,-229,-223,5,12,-628,0,0
LMR,10,4,9,8,4,9652,0,0,0,0,0,229,230,224,97,230,230,40,82,-1467,0,0
LMR,5,1,4,5,2,17864,0,1,0,0,0,-230,-229,-259,-102,-172,-229,2,5,-1338,0,0
LMR,13,7,12,11,2,31334,0,1,0,0,0,-230,-229,-230,-72,-229,-229,10,79,667,0,0
LMR,9,3,8,8,2,7160,0,1,0,0,0,-230,-229,-247,-90,-219,-229,4,29,-1338,0,0
LMR,3,1,2,2,2,18656,0,1,0,0,0,-209,-208,-224,-57,-177,-182,1,1,-1338,0,1
LMR,3,1,2,2,2,21089,0,1,0,0,0,-208,-207,-226,-99,-207,-207,3,4,3501,0,1
LMR,4,1,3,3,3,-9643,0,1,0,0,1,-237,-236,-241,-108,-229,-230,2,3,2234,0,1
LMR,4,1,3,4,3,-9016,0,1,0,0,1,-235,-234,-317,-132,-200,-188,2,3,2156,0,1
LMR,3,1,2,2,2,33952,0,1,0,0,0,-230,-229,-240,-67,-201,-201,1,1,-1987,0,0
LMR,3,1,2,2,2,8055,0,1,0,0,1,-226,-225,-252,-72,-221,-226,2,5,-1377,0,1
LMR,3,1,2,3,2,18422,0,1,0,0,0,-208,-207,-247,-68,-173,-204,2,7,-1415,0,1
LMR,3,1,2,2,2,10276,0,1,0,0,1,-235,-234,-264,-176,-230,-234,3,8,-373,0,1
LMR,4,2,3,3,3,11127,0,1,0,0,1,-236,-235,-244,-197,-232,-231,8,7,-1338,0,1
LMR,5,2,4,5,2,27176,0,1,0,0,0,-291,-290,-299,-182,-131,-194,1,0,719,0,1
LMR,4,2,3,3,5,10314,0,1,0,0,1,237,238,237,363,255,260,11,9,320,0,0
LMR,5,1,4,5,2,9699,0,1,0,0,0,237,238,230,399,312,255,3,40,2605,0,0
LMR,3,1,2,2,11,-570,0,0,1,0,0,201,202,201,194,214,214,3,0,0,0,0
LMR,7,1,6,6,3,-7467,0,1,0,0,0,-220,-219,-223,-116,-185,-185,1,3,-1338,0,0
LMR,6,1,5,5,2,778,0,1,0,0,0,-220,-219,-251,-169,-215,-221,1,8,2434,0,0
LMR,4,1,3,4,2,8952,0,1,0,0,0,-220,-219,-226,-162,-86,-205,1,1,177,0,0
LMR,5,1,4,4,12,-10242,0,0,0,0,0,219,220,207,194,232,232,3,6,-1338,0,0
LMR,6,1,5,5,3,-2820,0,1,0,0,0,-220,-219,-221,-169,-194,-230,3,21,-1338,0,0
LMR,6,1,5,5,5,-12724,0,1,0,0,0,-220,-219,-221,-169,-191,-191,2,3,-3296,0,0
LMR,10,4,9,9,2,5831,0,1,0,0,0,-220,-219,-224,-69,-201,-195,3,73,-848,0,0
LMR,9,1,8,8,8,-12792,0,1,0,0,0,-220,-219,-220,-222,-186,-177,2,21,-1338,0,0
LMR,5,2,4,4,5,914,0,0,0,0,0,219,220,200,175,246,246,4,5,-991,0,0
LMR,6,1,5,5,15,-14238,0,1,0,0,0,-220,-219,-220,-108,-175,-241,3,15,-1338,0,0
LMR,9,7,8,9,2,8058,0,0,0,0,0,219,220,156,40,220,220,82,25,612,0,0
LMR,8,1,7,6,12,-13416,0,1,0,0,1,-220,-219,-220,-45,-219,-233,3,22,-1338,0,0
LMR,12,7,11,11,5,-10300,0,0,0,0,1,219,220,211,101,220,220,185,119,-1961,0,0
LMR,3,1,2,3,2,8158,0,1,1,0,0,-220,-219,-254,-751,-90,-135,1,2,0,0,0
LMR,5,1,4,5,2,-11685,0,1,0,0,0,-220,-219,-238,9,-57,-187,1,5,-1338,0,0
LMR,7,1,6,7,2,-325,0,1,0,0,0,-220,-219,-221,57,-120,-192,1,20,-1338,0,0
LMR,6,1,5,6,7,-9581,0,0,0,1,0,219,220,121,-164,227,227,6,6,-1338,0,0
LMR,7,1,6,7,2,10134,0,1,1,0,0,-220,-219,-226,-139,577,1024,0,4,0,0,0
LMR,6,3,5,6,2,4243,0,0,0,1,0,219,220,186,11,298,298,7,3,8192,0,0
LMR,7,1,6,7,2,12102,0,1,1,0,0,-220,-219,-286,-175,-98,-146,2,5,0,0,0
LMR,13,10,12,11,3,5562,0,1,0,0,1,-220,-219,-220,-116,-219,-210,43,158,-1987,0,0
LMR,5,3,4,5,2,-5263,0,1,0,0,1,-241,-240,-276,-225,-159,-193,1,1,-1338,0,1
LMR,11,2,10,11,7,-9263,0,0,1,0,0,219,220,197,120,293,318,3,9,0,0,0
LMR,11,7,10,11,2,21170,0,1,0,0,0,-220,-219,-227,-89,-120,-309,10,29,-1761,0,0
LMR,11,1,10,10,8,-11315,0,1,0,0,0,-220,-219,-220,-89,-173,-177,7,34,-1338,0,0
LMR,7,1,6,7,2,2898,0,1,1,0,0,-220,-219,-235,-109,-123,-216,1,16,0,0,0
LMR,6,1,5,6,2,13864,0,1,0,0,0,-220,-219,-241,-55,-145,-130,5,11,-2561,0,0
LMR,4,2,3,4,2,4584,0,0,1,0,0,219,220,136,-350,303,222,1,5,0,0,0
LMR,7,2,6,5,2,10581,0,1,1,0,0,219,220,215,389,220,257,7,9,0,0,0
LMR,3,1,2,2,4,-4001,0,1,0,0,0,219,220,214,243,251,246,2,2,1025,0,0
LMR,5,1,4,4,2,15655,0,1,0,0,0,228,229,219,307,254,266,2,7,7869,0,0
LMR,4,1,3,3,3,13074,0,1,0,0,0,-220,-219,-233,-144,-216,-232,2,5,-1338,0,0
LMR,3,1,2,2,3,8629,0,0,0,0,0,219,220,214,153,248,237,2,4,-1338,0,0
LMR,4,1,3,3,6,-6318,0,1,0,0,0,-220,-219,-232,-144,-219,-232,6,14,-2194,0,0
LMR,3,1,2,3,3,4989,0,1,0,0,0,244,245,152,537,256,256,2,5,-1338,0,1
LMR,3,1,2,2,4,-1276,0,1,0,0,0,228,229,228,335,253,253,1,1,-1338,0,0
LMR,11,4,10,9,13,-10527,0,0,0,0,1,-229,-228,-229,-266,-228,-228,13,25,-4529,0,0
LMR,10,6,9,9,2,12393,0,1,0,0,1,228,229,228,263,246,244,23,15,899,0,0
LMR,3,1,2,2,2,17158,0,1,0,0,0,228,229,192,233,235,236,4,4,-1338,0,0
LMR,6,1,5,4,19,-17254,0,1,0,0,0,228,229,228,365,229,229,3,18,-1338,0,0
LMR,6,1,5,4,3,-14356,0,0,0,0,0,-229,-228,-229,-198,-223,-214,3,13,5175,0,0
LMR,3,1,2,2,5,-950,0,1,0,0,0,228,229,226,302,247,249,8,6,-1338,0,0
LMR,9,4,8,8,2,-3210,0,0,1,0,0,-229,-228,-242,-408,-211,-211,8,11,0,0,0
LMR,9,2,8,9,2,15679,0,1,0,0,0,228,229,216,546,318,212,2,45,-2591,0,0
LMR,6,1,5,4,8,-6622,0,1,0,0,0,228,229,228,375,233,229,4,6,-312,0,0
LMR,4,1,3,3,2,11409,0,1,0,0,0,228,229,228,314,251,229,2,4,-1338,0,0
LMR,8,4,7,7,3,21971,0,0,0,0,0,-229,-228,-229,-269,-195,-195,13,9,-1338,0,0
LMR,9,1,8,8,11,-4496,0,1,1,0,0,228,229,228,546,265,198,2,67,0,0,0
LMR,4,1,3,3,4,2850,0,0,0,0,0,-229,-228,-250,-328,-205,-203,5,3,-1338,0,0
LMR,5,1,4,4,2,19914,0,1,0,0,0,228,229,188,218,229,208,8,15,7899,0,0
LMR,7,2,6,6,3,15177,0,0,0,0,0,-229,-228,-248,-321,-218,-208,9,36,-226,0,0
LMR,9,1,8,7,20,-17308,0,1,0,0,0,228,229,228,546,229,210,5,56,-3858,0,0
LMR,8,3,7,7,2,8888,0,0,0,0,0,-229,-228,-229,-244,-212,-212,4,9,-226,0,0
LMR,9,1,8,8,26,-14041,0,1,0,0,0,228,229,228,546,244,213,2,26,-3293,0,0
LMR,6,1,5,6,3,3033,0,1,0,0,0,-220,-219,-279,-30,-156,-203,2,12,-1338,0,0
LMR,3,1,2,2,2,18248,0,1,0,0,0,-224,-223,-237,-155,-206,-223,1,2,3,0,1
LMR,5,1,4,4,7,-13455,0,1,0,0,0,-220,-219,-224,-65,-208,-208,4,12,-1338,0,0
LMR,8,3,7,8,7,1380,0,0,1,0,0,219,220,1,-28,220,238,9,10,0,0,0
LMR,3,1,2,2,2,6290,0,1,0,0,0,257,258,225,376,258,258,3,3,2816,0,1
LMR,3,1,2,3,2,6995,0,1,1,0,0,228,229,191,133,258,273,3,4,0,0,0
LMR,4,1,3,2,3,-11540,0,0,0,0,0,228,229,228,229,232,172,1,6,4314,0,0
LMR,9,6,8,9,2,-5195,0,0,0,0,0,228,229,220,229,299,231,4,11,-1304,0,0
LMR,8,2,7,8,3,13254,0,1,0,0,0,228,229,168,327,229,228,5,36,-1338,0,0
LMR,5,1,4,5,4,1549,0,1,1,0,0,-229,-228,-329,-922,-35,-217,1,4,0,0,0
LMR,5,1,4,5,5,-283,0,0,1,0,0,228,229,141,92,350,218,1,9,0,0,0
LMR,4,1,3,4,2,11690,0,1,0,0,0,-229,-228,-309,-181,-228,-228,6,5,1335,0,0
LMR,12,9,11,10,2,11563,0,1,0,0,1,-229,-228,-229,-229,-228,-228,72,58,1749,0,0
LMR,6,1,5,5,5,-707,0,1,0,0,0,-243,-242,-259,-133,-242,-243,7,10,-1338,0,1
LMR,6,3,5,5,2,-1424,0,0,1,0,0,51,52,34,-269,52,52,9,12,0,0,0
LMR,8,1,7,6,3,-6536,0,1,0,0,0,-229,-228,-229,-52,-226,-229,4,54,-1426,0,0
LMR,3,1,2,2,8,-1086,0,0,1,0,0,228,229,208,140,234,230,38,2,0,0,0
LMR,9,3,8,7,3,3217,0,0,1,0,0,228,229,225,-41,229,229,47,19,0,0,0
LMR,11,1,10,9,14,-1276,0,1,0,0,0,-229,-228,-229,125,-228,-229,27,93,-1338,0,0
LMR,13,6,12,13,3,9507,0,1,1,0,0,-229,-228,-229,-50,-155,-228,4,62,0,0,0
LMR,4,1,3,4,3,18537,0,1,0,0,0,-229,-228,-245,-183,-14,111,0,1,-1338,0,0
LMR,11,2,10,10,22,-17066,0,0,0,0,0,228,229,197,177,235,235,9,19,-1338,0,0
LMR,9,2,8,9,2,-1276,0,1,0,0,0,-229,-228,-229,-98,-143,-228,1,9,-1338,0,0
LMR,12,3,11,11,2,-3774,0,1,1,0,0,-229,-228,-234,-229,-181,-228,2,34,0,0,0
LMR,5,1,4,5,2,-460,0,1,1,0,0,-52,-51,-166,11,108,-19,2,4,0,0,0
LMR,5,1,4,5,2,-4397,0,1,0,0,0,-229,-228,-391,-80,-76,-121,1,4,-1338,0,0
LMR,10,4,9,10,3,10974,0,1,0,0,0,-229,-228,-274,239,-89,-228,2,11,-1338,0,0
LMR,7,1,6,5,20,-14177,0,1,0,0,0,-52,-51,-52,-21,-51,-51,2,17,-1338,0,0
LMR,4,1,3,4,3,12646,0,1,1,0,0,-52,-51,-64,-312,195,60,5,4,0,0,0
LMR,4,2,3,3,2,4584,0,0,1,0,0,-229,-228,-261,-704,-228,-228,2,2,0,0,0
LMR,8,1,7,8,13,-13382,0,1,0,0,0,-229,-228,-229,-229,-155,-202,2,8,-1338,0,0
LMR,9,4,8,9,4,-10914,0,0,0,0,0,228,229,174,211,229,204,9,27,-1338,0,0
LMR,9,2,8,8,5,-15834,0,0,0,0,0,228,229,204,211,229,237,5,38,885,0,0
LMR,9,1,8,9,7,-14207,0,0,0,0,0,228,229,208,187,317,266,2,15,-1338,0,0
LMR,10,1,9,9,32,-17265,0,1,0,0,0,-229,-228,-229,-228,-209,-262,1,32,-1338,0,0
LMR,15,8,14,13,5,-3028,0,1,0,0,1,-229,-228,-229,-189,-228,-229,34,195,-3027,0,0
LMR,3,1,2,2,4,-5274,0,1,0,0,0,-229,-228,-255,-178,-204,-208,2,2,-1338,0,0
LMR,5,1,4,4,3,1310,0,1,0,0,0,-229,-228,-243,-37,-218,-213,3,3,-1338,0,0
LMR,13,7,12,11,11,-11741,0,0,0,0,1,228,229,225,228,231,232,35,34,-3640,0,0
LMR,15,7,14,13,6,-8850,0,1,0,0,1,-229,-228,-229,-189,-228,-231,32,166,-4402,0,0
LMR,4,1,3,4,12,-2750,0,0,1,0,0,-229,-228,-229,-229,-172,-182,1,1,0,0,0
LMR,5,1,4,4,3,-13954,0,1,0,0,0,228,229,217,283,229,191,11,22,-362,0,0
LMR,5,1,4,5,3,6472,0,1,0,0,0,-229,-228,-229,-147,-175,-152,4,4,-2194,0,0
LMR,12,3,11,10,7,-19080,0,0,0,0,0,228,229,228,212,229,229,13,53,-1338,0,0
LMR,7,1,6,5,3,-2361,0,1,1,0,0,-229,-228,-229,-228,-228,-157,3,4,0,0,0
LMR,13,6,12,11,3,19085,0,1,0,0,0,-229,-228,-229,-217,-228,-215,9,47,-1819,0,0
LMR,6,1,5,5,2,19892,0,1,0,0,0,-229,-228,-234,-163,-194,-209,5,5,-1338,0,0
LMR,15,5,14,14,22,-17066,0,1,0,0,1,-229,-228,-229,-189,-217,-228,57,351,-2742,0,0
LMR,3,1,2,3,3,3617,0,1,0,0,0,-185,-184,-357,-117,-174,-180,1,14,526,0,1
LMR,3,1,2,3,2,38508,0,1,0,0,0,-240,-239,-361,-221,-186,-196,1,1,2184,0,0
LMR,5,1,4,4,7,-1886,0,1,0,0,0,-240,-239,-242,-78,-231,-206,2,17,-1338,0,1
LMR,3,1,2,2,3,4204,0,1,0,0,0,-229,-228,-235,-205,-221,-241,1,3,-1338,0,0
LMR,5,1,4,5,3,-7947,0,1,0,0,0,-229,-228,-233,-125,12,-221,1,22,-1617,0,0
LMR,5,1,4,5,10,-4397,0,1,0,0,0,-229,-228,-241,-248,-111,-202,7,14,-1338,0,0
LMR,3,1,2,2,2,33232,0,1,0,0,0,-243,-242,-267,-261,-219,-219,1,0,3589,0,1
LMR,4,1,3,3,3,-795,0,1,0,0,1,256,257,233,287,267,256,2,11,947,0,0
LMR,5,3,4,5,2,44502,0,1,0,0,0,-229,-228,-459,-176,-227,-159,1,2,-1338,0,0
LMR,7,1,6,5,4,-9492,0,1,0,0,0,-229,-228,-232,-229,-228,-229,5,15,-1338,0,0
LMR,9,2,8,8,6,-9945,0,0,0,0,0,228,229,208,160,229,229,12,61,-1338,0,0
LMR,4,1,3,4,2,2441,0,1,1,0,0,228,229,217,313,562,466,0,2,0,0,0
LMR,7,4,6,7,2,-458,0,0,1,0,0,-229,-228,-700,-895,-41,-160,1,1,0,0,0
LMR,7,1,6,7,7,3901,0,1,1,0,0,228,229,228,269,802,168,1,4,0,0,0
LMR,4,1,3,4,2,51857,0,1,0,0,0,-220,-219,-300,-234,-139,-153,1,1,2412,0,0
LMR,4,1,3,4,5,-8039,0,1,0,0,1,-239,-238,-407,-187,-230,-209,1,11,-1993,0,1
LMR,5,1,4,5,2,9845,0,1,0,0,0,-220,-219,-247,-180,-129,-152,1,3,2125,0,0
LMR,5,1,4,5,6,-9089,0,1,0,0,0,-220,-219,-224,-115,-157,-195,2,10,-1338,0,0
LMR,8,1,7,8,14,-10797,0,0,0,0,0,219,220,179,157,237,220,7,12,-1338,0,0
LMR,9,5,8,9,3,-1562,0,0,0,0,0,219,220,-83,52,220,220,42,13,-1338,0,0
LMR,10,5,9,10,2,7342,0,1,1,0,0,-220,-219,-220,-197,-127,-202,0,13,0,0,0
LMR,5,1,4,5,3,2877,0,1,0,0,0,-188,-187,-267,-227,-71,17,2,2,-1338,0,1
LMR,5,1,4,5,2,16303,0,1,0,0,0,-43,-42,-43,108,79,79,2,4,-1338,0,0
LMR,3,1,2,2,2,471,0,1,0,0,0,-237,-236,-241,-85,-206,-206,2,2,-240,0,1
LMR,4,1,3,3,13,3952,0,1,1,0,0,-256,-255,-267,-327,-251,-251,3,5,0,0,0
LMR,7,1,6,7,3,-275,0,1,0,1,0,-243,-242,-294,-17,-91,-153,2,5,-307,0,1
LMR,6,4,5,5,3,-2410,0,1,0,0,1,-254,-253,-303,-265,-253,-249,8,14,5629,0,1
LMR,5,1,4,4,2,-8890,0,1,0,0,0,-240,-239,-288,-287,-239,-204,9,12,-1338,0,1
LMR,4,1,3,4,2,-579,0,1,1,0,0,-60,-59,-196,-10,-59,-33,4,5,0,0,1
LMR,8,5,7,8,2,41218,0,1,0,0,0,-220,-219,-245,137,-46,-66,2,2,-1338,0,0
LMR,3,1,2,3,2,5950,0,1,0,0,0,-220,-219,-263,-195,-188,-194,1,2,-1338,0,0
LMR,5,1,4,4,2,17886,0,1,0,0,0,-220,-219,-235,-137,-208,-200,1,7,525,0,0
LMR,3,1,2,2,5,-2349,0,1,0,0,0,-168,-167,-169,-45,-161,-167,2,5,2854,0,1
LMR,3,1,2,3,4,10508,0,1,0,0,0,-204,-203,-216,-82,-109,-126,1,2,-2030,0,1
LMR,5,3,4,5,2,45622,0,1,0,0,0,-220,-219,-387,-235,-125,-124,1,3,-1338,0,0
LMR,9,2,8,8,7,-9563,0,0,0,0,0,219,220,192,218,229,181,4,33,-1338,0,0
LMR,5,1,4,5,2,7909,0,1,0,0,0,-220,-219,-372,-123,-173,-173,3,3,-1338,0,0
LMR,4,1,3,3,3,-8640,0,1,0,0,1,249,250,217,256,252,249,1,6,1219,0,0
LMR,3,1,2,3,4,-8117,0,0,0,0,0,256,257,240,331,329,296,2,6,224,0,0
LMR,7,1,6,7,2,-1454,0,1,0,0,0,-259,-258,-430,-277,-226,-252,7,14,-1338,0,0
LMR,5,1,4,5,2,4830,0,1,0,0,0,-259,-258,-322,-126,-180,-258,2,7,-1037,0,0
LMR,5,1,4,4,2,487,0,1,0,0,0,-259,-258,-265,-185,-234,-234,4,7,-1338,0,0
LMR,5,1,4,4,5,-10833,0,1,0,0,0,-198,-197,-200,-155,-150,-193,1,2,-1299,0,1
LMR,3,1,2,2,7,-2310,0,0,1,0,0,219,220,193,224,225,224,4,2,0,0,0
LMR,4,1,3,2,2,13027,0,1,0,0,0,-220,-219,-223,-138,-219,-219,3,2,-1338,0,0
LMR,5,1,4,4,2,10908,0,1,0,0,0,-240,-239,-272,-200,-234,-248,3,4,-483,0,1
LMR,5,1,4,4,3,16552,0,1,0,0,0,-240,-239,-248,-200,-232,-240,3,11,-1991,0,1
LMR,5,1,4,4,5,-2778,0,1,0,0,0,-240,-239,-240,-200,-214,-215,3,3,-1507,0,1
LMR,3,1,2,3,2,46556,0,1,0,0,0,-242,-241,-272,-273,-193,-193,2,0,2377,0,1
LMR,3,1,2,3,3,7017,0,1,0,0,0,-220,-219,-257,-179,-55,-84,1,1,-1338,0,0
LMR,6,1,5,4,2,12114,0,1,0,0,0,-242,-241,-243,-160,-241,-242,3,11,-1338,0,1
LMR,4,1,3,3,2,-3195,0,1,1,0,0,-242,-241,-249,-144,-211,-229,2,0,0,0,0
LMR,5,3,4,4,2,13623,0,0,0,0,0,241,242,231,114,242,242,18,13,220,0,0
LMR,6,1,5,5,3,18416,0,1,0,0,0,-242,-241,-242,-160,-225,-242,3,39,-1338,0,1
LMR,6,1,5,5,4,12607,0,1,0,0,0,-242,-241,-242,-160,-229,-229,3,0,-1599,0,1
LMR,3,1,2,2,2,4329,0,1,1,0,0,-220,-219,-233,-125,-213,-197,3,6,0,0,0
LMR,3,1,2,2,11,-3588,0,1,0,0,0,-235,-234,-243,-198,-234,-234,4,3,-1338,0,1
LMR,4,1,3,3,2,19091,0,1,0,0,0,-211,-210,-228,-113,-207,-202,3,8,3342,0,1
LMR,3,1,2,2,2,6599,0,1,0,0,0,-224,-223,-232,-154,-223,-223,4,4,-1338,0,1
LMR,3,1,2,2,15,-1073,0,1,1,0,0,-209,-208,-209,-88,-188,-192,4,6,0,0,1
LMR,6,2,5,6,3,33882,0,1,0,0,0,-220,-219,-234,-201,-155,-158,2,6,-464,0,0
LMR,5,2,4,5,2,3550,0,0,1,0,0,219,220,206,85,335,260,5,6,0,0,0
LMR,8,5,7,8,2,35399,0,1,0,0,0,-220,-219,-253,-21,-119,-119,3,5,5632,0,0
LMR,3,1,2,3,2,10970,0,1,0,0,0,-257,-256,-329,-131,-239,-239,3,9,3473,0,1
LMR,4,1,3,3,3,28747,0,1,0,0,0,-220,-219,-220,-156,-173,-181,6,7,-1338,0,0
LMR,6,2,5,6,2,22302,0,1,0,0,0,-292,-291,-302,-186,-187,-187,2,2,1488,0,1
LMR,3,1,2,3,2,-3537,0,1,1,0,0,-220,-219,-276,-128,-200,-200,1,2,0,0,0
LMR,5,1,4,4,2,9893,0,1,0,0,0,-220,-219,-228,-65,-179,-204,2,11,2270,0,0
LMR,8,1,7,8,2,-4263,0,1,0,0,0,-220,-219,-225,-121,-164,-219,2,26,-1338,0,0
LMR,5,1,4,5,2,13321,0,1,0,0,0,-220,-219,-275,-59,-158,-150,2,5,-1338,0,0
LMR,4,1,3,3,2,15488,0,1,0,0,0,-220,-219,-220,-117,-179,-154,1,7,8192,0,0
LMR,4,1,3,3,4,-5654,0,1,0,0,0,-283,-282,-291,-207,-274,-274,1,0,6146,0,1
LMR,3,1,2,2,2,20223,0,1,0,0,0,-232,-231,-277,-32,-225,-224,4,2,-1053,0,1
LMR,3,1,2,3,2,14046,0,1,0,0,0,-217,-216,-217,-144,-132,-191,1,2,-1338,0,1
LMR,8,4,7,6,3,32866,0,1,0,0,0,-207,-206,-210,-207,-206,-206,5,22,-5321,0,0
LMR,10,4,9,8,18,-16769,0,0,0,0,1,206,207,206,205,207,206,19,58,-1843,0,0
LMR,4,1,3,4,2,-8243,0,0,0,0,0,223,224,179,28,265,235,2,6,5571,0,0
LMR,4,1,3,4,3,25455,0,1,0,0,0,-224,-223,-254,-157,-192,-232,1,10,6641,0,0
LMR,5,2,4,5,4,-7530,0,1,0,0,1,-224,-223,-280,-133,-223,-230,12,40,-1338,0,1
LMR,5,3,4,4,5,5176,0,1,0,0,1,-224,-223,-230,-133,-222,-222,7,8,2292,0,1
LMR,3,1,2,2,2,4074,0,1,1,0,0,-207,-206,-207,-254,-158,-166,2,3,0,0,0
LMR,7,1,6,7,5,2308,0,1,0,0,0,-207,-206,-255,-11,-11,-176,1,18,-1338,0,0
LMR,3,1,2,2,2,3917,0,1,0,0,0,-224,-223,-251,-141,-199,-197,1,2,2885,0,1
LMR,7,4,6,6,4,-16905,0,1,0,0,1,-246,-245,-258,-229,-225,-215,18,8,-1338,0,1
LMR,6,1,5,4,3,11411,0,1,0,0,0,-216,-215,-220,-191,-215,-215,7,9,-1338,0,1
LMR,5,1,4,5,2,-3892,0,1,0,0,0,-62,-61,-301,-82,-38,17,3,6,-926,0,1
LMR,6,1,5,6,2,12813,0,1,0,1,0,-242,-241,-495,-15,-153,-153,2,0,6848,0,1
LMR,6,1,5,6,24,-16921,0,1,0,0,0,-207,-206,-208,6,-148,-206,1,6,-1338,0,0
LMR,4,1,3,4,3,2667,0,1,0,0,1,-235,-234,-303,-182,-234,-234,10,12,6489,0,1
LMR,4,2,3,4,2,6325,0,1,0,0,1,-239,-238,-318,-198,-238,-246,19,16,2266,0,1
LMR,5,1,4,5,2,-11971,0,1,0,0,0,-30,-29,-232,132,249,200,1,1,-1338,0,0
LMR,4,1,3,3,2,1400,0,1,0,0,0,-238,-237,-241,-80,-206,-206,2,4,-194,0,1
LMR,3,1,2,2,3,2236,0,1,0,0,0,-201,-200,-236,-133,-193,-192,3,2,-1338,0,1
LMR,12,7,11,10,21,-15521,0,0,0,0,1,206,207,206,191,207,207,82,14,-3841,0,0
LMR,7,4,6,7,2,37121,0,1,0,0,0,206,207,171,406,250,231,4,8,3041,0,0
LMR,3,1,2,3,2,4565,0,0,1,0,0,-219,-218,-317,-1241,-161,-171,2,2,0,0,0
LMR,5,1,4,3,5,-1726,0,1,1,0,0,218,219,216,338,219,182,3,6,0,0,0
LMR,4,1,3,4,2,1329,0,0,1,0,0,-219,-218,-843,-807,-27,-136,1,1,0,0,0
LMR,5,1,4,4,7,-1726,0,1,1,0,0,218,219,211,145,221,152,1,5,0,0,0
LMR,5,1,4,5,4,-2637,0,0,0,0,0,-219,-218,-227,-560,-145,-211,1,10,-3555,0,0
LMR,5,1,4,5,9,-16934,0,1,0,0,0,218,219,216,338,560,212,1,13,-1338,0,0
LMR,5,1,4,3,11,-16539,0,1,0,0,0,218,219,216,338,219,221,4,14,-1338,0,0
LMR,5,1,4,5,6,-2541,0,1,1,0,0,218,219,211,432,267,240,2,26,0,0,0
LMR,5,1,4,5,9,1491,0,1,0,0,0,218,219,217,360,376,320,3,5,-1991,0,0
LMR,5,1,4,5,2,2329,0,1,0,0,0,218,219,172,428,313,296,2,8,2001,0,0
LMR,4,1,3,3,6,3782,0,1,0,0,0,218,219,218,405,228,161,7,7,-1338,0,1
LMR,5,1,4,5,3,-16382,0,1,0,0,0,218,219,207,376,349,243,1,5,-2686,0,0
LMR,6,2,5,6,2,24588,0,1,0,0,0,218,219,187,428,274,239,3,13,-1338,0,0
LMR,8,1,7,6,11,-5209,0,0,1,0,0,-219,-218,-222,-321,-218,-218,8,6,0,0,0
LMR,8,1,7,8,3,-449,0,1,0,0,0,218,219,208,442,300,218,2,68,-1338,0,0
LMR,6,2,5,6,3,21025,0,0,0,0,0,-219,-218,-220,-321,-158,-181,5,7,-1338,0,0
LMR,8,1,7,6,5,10021,0,1,0,0,0,218,219,218,442,219,186,6,19,-1893,0,0
LMR,8,1,7,7,8,-6357,0,0,1,0,0,-219,-218,-260,-334,-218,-218,10,22,0,0,0
LMR,8,1,7,8,12,-12282,0,1,0,0,0,218,219,218,442,298,218,2,42,-2296,0,0
LMR,8,1,7,8,22,-16558,0,1,0,0,0,218,219,218,442,321,312,1,3,-1338,0,0
LMR,4,1,3,4,4,1593,0,1,0,0,0,218,219,193,180,250,245,3,4,-298,0,0
LMR,5,1,4,4,9,-6606,0,1,0,0,1,215,216,215,279,223,211,4,10,-1150,0,1
LMR,7,1,6,6,2,7771,0,1,0,0,0,218,219,208,294,228,218,4,33,1373,0,0
LMR,4,1,3,4,2,16237,0,1,0,0,0,218,219,69,138,221,219,5,25,5272,0,0
LMR,5,1,4,3,2,31822,0,1,0,0,0,218,219,218,317,219,219,8,9,7852,0,0
LMR,7,1,6,5,3,11834,0,1,0,0,0,218,219,218,294,219,219,5,64,2072,0,0
LMR,4,1,3,3,3,2063,0,1,0,0,1,218,219,182,331,219,219,4,9,-2194,0,1
LMR,4,1,3,4,7,2223,0,1,0,0,0,275,276,275,472,407,275,1,12,-2740,0,1
LMR,5,1,4,5,2,-1523,0,1,0,0,0,218,219,-364,300,415,219,1,11,-2067,0,0
LMR,4,1,3,3,14,-1565,0,0,1,0,0,-210,-209,-214,-306,-200,-201,2,3,0,0,0
LMR,6,2,5,4,2,33193,0,1,0,0,0,209,210,205,396,210,202,13,23,-1263,0,0
LMR,4,2,3,3,3,10047,0,0,0,0,0,209,210,174,159,215,229,4,6,-1338,0,0
LMR,5,1,4,4,2,20085,0,1,0,0,0,-210,-209,-225,-155,-188,-185,2,8,-1338,0,0
LMR,3,1,2,2,4,-9171,0,1,0,0,1,220,221,203,237,221,221,4,4,6347,0,1
LMR,3,1,2,3,3,7975,0,1,0,0,0,250,251,250,370,336,250,4,5,-808,0,0
LMR,4,1,3,3,4,-7899,0,1,0,0,0,250,251,250,372,276,251,2,8,4393,0,1
LMR,6,1,5,5,2,20860,0,1,0,0,0,232,233,228,262,236,229,5,13,730,0,1
LMR,4,1,3,4,6,-2098,0,1,0,0,0,218,219,216,216,288,278,1,5,-1338,0,0
LMR,5,1,4,4,6,-11155,0,0,0,0,0,-219,-218,-231,-259,-216,-266,5,11,-1338,0,0
LMR,6,1,5,5,2,-301,0,1,0,0,0,218,219,212,279,244,231,3,26,-1338,0,0
LMR,4,1,3,3,2,-894,0,1,0,0,0,226,227,221,324,268,227,2,6,4545,0,1
LMR,4,1,3,4,3,2220,0,1,0,0,0,299,300,-1150,363,355,346,2,5,4316,0,1
LMR,3,1,2,2,2,17101,0,1,0,0,0,276,277,246,514,282,260,3,3,-1338,0,1
LMR,3,1,2,2,3,751,0,1,0,0,0,276,277,260,514,300,287,2,3,-1338,0,1
LMR,10,5,9,9,2,19628,0,1,0,0,0,218,219,218,591,253,372,3,7,-1338,0,0
LMR,3,1,2,3,2,36267,0,1,0,0,0,-223,-222,-298,-217,-204,-204,2,2,7820,0,0
LMR,8,2,7,6,2,10767,0,1,0,0,0,395,396,395,599,396,408,14,38,-1338,0,0
LMR,6,1,5,5,2,9836,0,1,0,0,0,246,247,226,323,247,247,6,21,-2030,0,1
LMR,3,1,2,3,2,13788,0,1,0,0,0,-337,-336,-386,-142,-260,-260,1,3,2820,0,0
LMR,3,1,2,3,2,-5888,0,0,0,0,0,-219,-218,-280,-229,-195,-200,2,3,-1338,0,0
LMR,5,1,4,4,2,-14086,0,1,0,0,0,218,219,199,199,228,265,2,4,-1338,0,0
LMR,5,3,4,5,2,11225,0,0,0,0,0,-219,-218,-267,-347,-199,-257,10,8,-1338,0,0
LMR,5,1,4,4,14,-319,0,1,1,0,0,218,219,218,198,241,237,2,2,0,0,0
LMR,7,1,6,7,5,-8342,0,1,0,0,0,218,219,218,526,272,219,2,52,-1338,0,0
LMR,8,1,7,7,2,14018,0,1,0,0,0,218,219,218,398,229,208,1,13,-1338,0,0
LMR,8,1,7,6,7,3931,0,1,1,0,0,218,219,218,398,224,223,14,20,0,0,0
LMR,9,1,8,9,5,-2320,0,1,0,0,0,218,219,217,442,282,219,2,143,-1338,0,0
LMR,3,1,2,2,2,3397,0,0,1,0,0,-219,-218,-219,-364,-199,-199,1,1,0,0,0
LMR,6,1,5,6,2,11598,0,1,0,0,0,218,219,203,412,265,219,3,20,-1338,0,0
LMR,3,1,2,2,2,8711,0,1,0,0,0,348,349,343,479,376,349,2,6,-1338,0,1
LMR,3,1,2,3,2,10138,0,1,0,0,0,-213,-212,-227,-171,-141,-153,1,4,2435,0,0
LMR,4,1,3,3,4,-6516,0,1,0,0,1,-213,-212,-215,-183,-189,-193,1,11,1827,0,0
LMR,3,1,2,2,9,-3792,0,1,0,0,1,205,206,205,275,214,215,11,6,440,0,1
LMR,7,1,6,5,8,-889,0,1,0,0,1,235,236,235,275,238,236,7,19,398,0,0
LMR,3,1,2,2,4,-9770,0,1,0,0,0,252,253,250,401,276,276,2,2,3429,0,1
LMR,3,1,2,3,2,-10458,0,1,0,0,1,203,204,51,311,213,207,2,11,3139,0,1
LMR,3,1,2,3,3,-7137,0,1,0,0,0,212,213,211,421,296,249,2,4,-1338,0,1

===========================
Total time (ms) : 76
Nodes searched  : 58074
Nodes/second    : 764131
LMR_TOTAL,31226,1375,944
