
Position: 1/1 (rnbq1rk1/ppp1ppbp/5np1/3p2N1/3P4/2N1P3/PPPQ1PPP/R1B1KB1R b KQ - 5 6)
LMR,3,1,2,3,4,-1276,0,1,0,0,0,-306,-305,-353,-220,-291,-290,3,12,-1338,0,0
LMR,3,1,2,2,4,-1276,0,1,0,0,0,-306,-305,-306,-205,-292,-306,4,6,-1338,0,0
LMR,3,1,2,2,11,-1276,0,0,0,0,0,-306,-305,-306,-306,-282,-286,3,3,-1338,0,0
LMR,4,1,3,3,2,3526,0,1,0,0,0,305,306,290,306,306,307,3,5,-1563,0,0
LMR,3,1,2,3,2,-599,0,1,0,0,1,-295,-294,-301,-305,-30,-274,2,8,-1338,0,0
LMR,3,1,2,3,4,-2994,0,1,0,0,0,-295,-294,-295,-207,-219,-267,5,8,-2111,0,0
LMR,3,1,2,3,2,8309,0,1,0,0,0,293,294,-56,285,366,330,1,4,-1338,0,0
LMR,4,1,3,4,2,1378,0,1,0,0,0,341,342,114,353,379,361,5,9,-1338,0,0
LMR,5,1,4,3,11,-7306,0,1,0,0,0,341,342,340,378,342,362,4,12,-1338,0,0
LMR,4,1,3,3,10,-7137,0,0,0,0,0,-357,-356,-358,-372,-325,-330,4,4,-1338,0,0
LMR,4,1,3,3,2,1385,0,1,0,0,0,356,357,327,394,363,334,2,10,-1338,0,0
LMR,3,1,2,3,4,-5200,0,1,0,0,0,-328,-327,-421,-346,-309,-312,5,7,-1338,0,0
LMR,5,1,4,3,15,-6609,0,1,0,0,1,-314,-313,-314,-191,-311,-319,1,7,-1338,0,0
LMR,4,1,3,2,2,10199,0,1,0,0,0,342,343,338,357,343,343,2,4,-1338,0,0
LMR,3,1,2,2,3,-1276,0,0,0,0,0,-344,-343,-344,-353,-316,-316,2,1,-1338,0,0
LMR,4,1,3,3,3,-4397,0,1,0,0,0,-315,-314,-325,-182,-314,-311,23,19,-1338,0,0
LMR,6,1,5,6,2,-280,0,1,0,0,0,-315,-314,-375,-112,-309,-311,2,55,-1338,0,0
LMR,4,1,3,2,6,-5202,0,0,0,0,0,314,315,311,312,315,262,3,10,-1338,0,0
LMR,5,1,4,4,2,5990,0,1,0,0,0,-315,-314,-355,-233,-312,-311,17,29,-1338,0,0
LMR,4,1,3,4,2,-1337,0,1,0,0,0,-315,-314,-315,-255,-247,-301,3,11,-1338,0,0
LMR,4,1,3,3,3,-3097,0,0,0,0,0,314,315,286,351,327,341,2,10,-1338,0,0
LMR,10,4,9,8,9,-11794,0,0,0,0,1,314,315,311,307,315,315,19,52,-1390,0,0
LMR,3,1,2,2,3,-33,0,0,0,0,0,-344,-343,-355,-346,-341,-341,4,3,-1338,0,0
LMR,5,1,4,3,4,-1384,0,1,0,0,0,343,344,339,415,344,341,4,10,-1338,0,0
LMR,9,3,8,7,3,871,0,0,0,0,0,-344,-343,-344,-413,-341,-370,13,10,-734,0,0
LMR,4,1,3,2,2,-1135,0,0,0,0,0,-344,-343,-344,-352,-342,-342,2,3,1666,0,0
LMR,5,1,4,3,2,20504,0,1,0,0,0,343,344,342,375,344,369,4,7,2399,0,0
LMR,5,1,4,4,12,-5466,0,1,0,0,0,344,345,344,411,381,374,1,6,-2483,0,0
LMR,8,5,7,7,3,-12184,0,0,0,0,1,-345,-344,-368,-384,-344,-344,43,29,-1338,0,0
LMR,5,1,4,4,2,85,0,1,0,0,0,-345,-344,-354,-299,-331,-343,11,19,-1338,0,0
LMR,5,1,4,3,3,6194,0,1,0,0,0,-345,-344,-345,-308,-342,-343,3,30,-1338,0,0
LMR,9,5,8,7,4,8138,0,1,0,0,1,344,345,344,366,345,345,18,38,-866,0,0
LMR,5,1,4,3,4,-231,0,1,0,0,0,344,345,340,416,345,357,4,6,-1391,0,0
LMR,5,1,4,5,2,13834,0,1,0,0,0,344,345,-196,384,383,340,4,22,-1338,0,0
LMR,8,5,7,8,2,4619,0,0,0,0,0,-345,-344,-469,-409,-343,-343,40,37,-386,0,0
LMR,3,1,2,2,2,7089,0,1,0,0,0,-321,-320,-321,-242,-301,-248,1,3,-384,0,1
LMR,6,1,5,5,2,1994,0,1,0,0,0,-316,-315,-316,-124,-268,-300,2,8,2959,0,0
LMR,6,1,5,5,3,419,0,1,0,0,0,-316,-315,-330,-199,-279,-295,2,5,-1338,0,0
LMR,4,2,3,3,3,8114,0,0,0,0,0,-315,-314,-315,-323,-299,-314,8,10,1522,0,0
LMR,5,1,4,4,4,-5151,0,1,0,0,0,-301,-300,-313,-295,-300,-315,13,8,-1338,0,0
LMR,4,1,3,3,2,22437,0,1,0,0,0,-301,-300,-330,-288,-300,-300,8,9,3187,0,0
LMR,7,1,6,7,4,-8384,0,1,0,0,0,-301,-300,-325,-176,-247,-247,1,9,-1338,0,0
LMR,3,1,2,3,2,-7583,0,1,0,0,0,-321,-320,-331,-168,-248,-280,1,3,892,0,1
LMR,3,1,2,2,2,-420,0,1,0,0,0,-302,-301,-320,-274,-285,-306,3,9,-1338,0,1
LMR,7,1,6,7,2,14122,0,1,0,0,0,-301,-300,-327,-195,-265,-297,4,20,-2194,0,0
LMR,6,1,5,6,2,23116,0,1,0,0,0,-301,-300,-454,-219,-259,-300,2,21,-1338,0,0
LMR,5,1,4,4,7,-1276,0,1,0,0,0,-301,-300,-307,-240,-287,-317,7,8,-1338,0,0
LMR,9,5,8,7,5,1180,0,0,0,0,1,300,301,300,262,301,301,59,0,-1338,0,0
LMR,6,2,5,4,2,15131,0,1,0,0,1,300,301,300,339,301,313,5,9,553,0,0
LMR,10,6,9,8,2,18760,0,1,0,0,1,-301,-300,-301,-291,-300,-300,87,0,-1206,0,0
LMR,4,1,3,4,2,-6076,0,1,0,0,0,-283,-282,-283,-114,-218,-229,2,5,-1410,0,1
LMR,3,1,2,2,3,-4109,0,1,0,0,0,299,300,271,249,322,381,0,1,-1338,0,0
LMR,3,1,2,3,2,819,0,0,1,0,0,-300,-299,-418,-425,-249,-360,5,4,0,0,0
LMR,5,1,4,5,2,10399,0,1,0,0,0,-281,-280,-319,-256,-263,-280,2,12,-1338,0,0
LMR,3,1,2,2,2,8858,0,0,0,0,0,280,281,264,236,307,302,6,6,-1338,0,0
LMR,5,1,4,3,2,-5278,0,1,0,0,0,-281,-280,-281,-196,-280,-296,3,17,-1859,0,0
LMR,6,4,5,6,2,10086,0,0,0,0,0,280,281,230,232,285,285,7,9,-1197,0,0
LMR,7,1,6,6,3,4632,0,1,0,0,0,-281,-280,-281,-242,-250,-284,2,20,-2742,0,0
LMR,7,1,6,6,10,-4470,0,1,0,0,0,-281,-280,-281,-242,-261,-274,2,14,-2837,0,0
LMR,10,5,9,9,12,-14418,0,0,0,0,1,280,281,272,297,310,281,24,34,-1958,0,0
LMR,3,1,2,2,2,1413,0,1,0,0,0,-300,-299,-300,-224,-282,-299,5,9,-1338,0,0
LMR,5,1,4,4,2,21513,0,1,0,0,0,-300,-299,-300,-168,-266,-299,2,23,2377,0,0
LMR,4,1,3,2,2,6019,0,1,0,0,0,299,300,299,371,300,300,2,3,1031,0,0
LMR,8,3,7,6,3,13763,0,1,0,0,1,299,300,299,366,300,300,7,19,-53,0,0
LMR,3,1,2,2,3,-1680,0,1,0,0,1,284,285,269,361,306,306,2,2,-1338,0,1
LMR,5,1,4,4,3,8043,0,1,0,0,0,361,362,344,483,362,387,4,5,-1338,0,0
LMR,3,1,2,3,2,6557,0,1,0,0,0,361,362,294,418,659,466,1,10,-1338,0,0
LMR,5,1,4,4,8,27,0,1,0,0,0,361,362,357,428,386,393,2,19,-3292,0,0
LMR,5,1,4,4,11,-9402,0,1,0,0,0,-309,-308,-312,-255,-276,-287,2,7,-1338,0,0
LMR,6,1,5,4,6,-2279,0,1,0,0,0,-309,-308,-313,-278,-308,-308,11,8,-355,0,0
LMR,3,1,2,2,2,3753,0,1,0,0,0,293,294,279,406,319,319,1,2,2558,0,1
LMR,5,1,4,4,2,-190,0,1,0,0,0,-335,-334,-343,-350,-319,-309,3,0,-347,0,0
LMR,6,2,5,5,3,3755,0,0,0,0,0,334,335,323,434,363,372,10,5,-1297,0,0
LMR,5,1,4,3,8,-5573,0,1,1,0,0,-335,-334,-335,-195,-334,-334,5,9,0,0,0
LMR,7,1,6,6,8,-5305,0,1,1,0,1,-335,-334,-348,-348,-304,-334,2,43,0,0,0
LMR,9,4,8,8,11,-15773,0,0,0,0,1,334,335,331,308,348,334,5,76,-2220,0,0
LMR,3,1,2,2,10,-6377,0,1,0,0,0,375,376,366,507,376,376,4,12,-1338,0,1
LMR,6,2,5,4,4,8732,0,0,0,0,0,-334,-333,-339,-333,-333,-333,9,5,-1033,0,0
LMR,7,2,6,6,2,12791,0,1,0,0,1,333,334,333,333,374,339,7,22,7532,0,0
LMR,9,3,8,8,9,-10986,0,0,0,0,1,-334,-333,-345,-372,-333,-338,18,57,-2820,0,0
LMR,4,1,3,4,2,7126,0,1,1,0,0,333,334,-16,-168,361,357,1,7,0,0,0
LMR,5,2,4,4,3,8524,0,0,0,0,0,-334,-333,-352,-259,-314,-314,4,4,-1565,0,0
LMR,8,4,7,7,10,-2810,0,0,0,0,1,-334,-333,-334,-362,-306,-317,6,39,1058,0,0
LMR,9,6,8,8,2,18397,0,1,0,0,1,333,334,318,362,334,333,25,27,7178,0,0
LMR,5,1,4,4,6,-8183,0,1,0,0,0,-310,-309,-330,-180,-296,-309,2,7,-2035,0,0
LMR,3,1,2,2,2,4884,0,0,1,0,0,309,310,263,-68,313,311,3,1,0,0,0
LMR,4,1,3,2,2,17438,0,1,0,0,0,-310,-309,-310,-324,-304,-303,7,5,1608,0,0
LMR,5,1,4,4,8,-4701,0,1,1,0,0,-310,-309,-321,-212,-309,-335,3,14,0,0,0
LMR,9,5,8,7,10,-7097,0,0,0,0,1,309,310,309,333,310,310,32,11,-5658,0,0
LMR,5,1,4,4,2,4507,0,1,0,0,0,333,334,319,515,334,329,4,18,-2868,0,0
LMR,5,1,4,4,3,341,0,1,0,0,0,333,334,329,515,353,333,1,11,-782,0,0
LMR,8,6,7,7,3,-7497,0,0,0,0,1,-334,-333,-360,-355,-333,-333,47,9,7033,0,0
LMR,7,4,6,5,2,9776,0,1,1,0,1,333,334,333,347,339,339,9,10,0,0,0
LMR,3,1,2,3,2,10418,0,1,0,0,0,376,377,320,408,391,412,3,6,289,0,1
LMR,7,1,6,6,3,1141,0,1,0,0,0,333,334,315,485,334,334,3,16,-2531,0,0
LMR,5,2,4,4,3,3318,0,0,0,0,0,-334,-333,-348,-402,-333,-333,11,8,-1338,0,0
LMR,6,1,5,5,2,-1229,0,1,0,0,0,333,334,312,508,343,333,2,24,-1338,0,0
LMR,3,1,2,3,2,16122,0,1,0,0,0,333,334,267,349,356,365,4,6,-1338,0,0
LMR,6,1,5,4,3,-3081,0,1,0,0,0,333,334,333,508,340,336,2,15,-1338,0,0
LMR,6,1,5,5,2,2012,0,1,0,0,0,-313,-312,-319,-232,-273,-289,2,15,-1905,0,0
LMR,5,1,4,4,7,-3879,0,1,1,0,0,-313,-312,-336,-322,-312,-310,8,10,0,0,0
LMR,5,1,4,4,2,7751,0,1,0,0,0,-313,-312,-329,-294,-312,-297,4,11,-1434,0,0
LMR,5,1,4,4,2,10833,0,1,0,0,0,-313,-312,-335,-200,-309,-312,2,7,-1338,0,0
LMR,5,1,4,5,2,13820,0,1,0,0,0,-313,-312,-335,-217,-268,-276,1,3,192,0,0
LMR,9,1,8,8,29,-15769,0,1,0,0,0,-313,-312,-313,-211,-272,-306,8,28,-2742,0,0
LMR,7,1,6,6,9,-12437,0,1,0,0,0,-313,-312,-313,-208,-292,-298,3,21,-3121,0,0
LMR,4,1,3,3,2,11975,0,1,0,0,0,-318,-317,-352,-208,-317,-303,8,11,-3142,0,1
LMR,6,1,5,5,2,6496,0,1,0,0,0,-313,-312,-313,-153,-271,-280,2,11,3087,0,0
LMR,6,1,5,6,2,19218,0,1,0,0,0,-313,-312,-520,-173,-260,-310,1,0,-1338,0,0
LMR,5,3,4,4,2,7491,0,0,0,0,0,312,313,300,278,317,317,6,7,789,0,0
LMR,10,6,9,8,3,-5235,0,0,0,0,1,312,313,310,298,313,315,20,58,-1338,0,0
LMR,11,7,10,9,7,-5284,0,0,1,0,1,312,313,312,332,314,314,106,0,0,0,0
LMR,8,4,7,7,2,7683,0,1,0,0,1,312,313,288,333,313,314,11,44,-2532,0,0
LMR,5,1,4,5,2,12583,0,1,0,0,0,-313,-312,-387,-293,-306,-312,2,0,-1445,0,0
LMR,12,7,11,10,2,-3270,0,1,1,0,1,-313,-312,-313,-334,-312,-312,122,30,0,0,0
LMR,6,1,5,5,2,-4331,0,1,0,0,0,-313,-312,-325,-171,-312,-312,5,23,3512,0,0
LMR,4,2,3,3,2,7666,0,0,0,0,0,329,330,327,354,354,354,3,3,2914,0,0
LMR,5,1,4,5,2,12768,0,1,0,0,0,312,313,302,425,387,367,3,6,6518,0,0
LMR,3,1,2,2,6,-8133,0,1,0,0,0,334,335,334,425,343,335,1,2,-958,0,1
LMR,7,1,6,5,13,-14552,0,0,0,0,0,-342,-341,-342,-334,-341,-341,9,34,-1338,0,0
LMR,5,1,4,5,2,139,0,1,1,0,0,-313,-312,-415,-185,-252,-262,2,6,0,0,0
LMR,5,1,4,4,3,-7193,0,1,0,0,0,-313,-312,-326,-264,-312,-312,3,24,-2742,0,0
LMR,6,1,5,6,2,14051,0,1,0,0,0,-313,-312,-329,-287,-269,-270,3,14,6830,0,0
LMR,4,1,3,4,2,6294,0,1,1,0,0,-313,-312,-433,-134,-212,-237,1,2,0,1,0
LMR,3,1,2,3,2,836,0,1,1,0,0,-313,-312,-694,-199,-254,-264,3,3,0,0,0
LMR,9,2,8,7,3,8939,0,1,0,0,0,-313,-312,-313,-210,-312,-312,3,25,5279,0,0
LMR,4,1,3,4,2,262,0,0,0,0,0,312,313,264,293,322,321,2,4,2009,0,0
LMR,7,1,6,5,3,4381,0,1,0,0,0,-313,-312,-313,-195,-312,-312,2,5,1408,0,0
LMR,4,1,3,3,2,8159,0,1,0,0,0,-320,-319,-332,-181,-290,-295,4,7,-2847,0,1
LMR,7,1,6,7,14,-16975,0,1,0,0,0,-313,-312,-322,-177,-221,-309,6,18,-1791,0,0
LMR,4,1,3,4,2,-6120,0,1,0,0,0,-313,-312,-338,-217,-284,-309,5,22,5598,0,0
LMR,7,1,6,7,2,12395,0,1,0,0,0,-313,-312,-322,-173,-242,-309,3,51,2496,0,0
LMR,9,1,8,9,3,3348,0,1,0,0,0,-313,-312,-376,140,-169,-309,1,8,-1338,0,0
LMR,7,1,6,7,2,7672,0,1,0,0,0,-313,-312,-384,-70,-296,-307,3,30,7170,0,0
LMR,4,1,3,2,2,9173,0,1,0,0,0,312,313,312,279,313,314,12,5,1311,0,0
LMR,6,2,5,6,2,-7591,0,0,0,0,0,312,313,263,209,319,319,2,4,-1338,0,0
LMR,12,5,11,10,3,15,0,1,0,0,0,-313,-312,-313,-173,-310,-313,14,32,-177,0,0
LMR,12,2,11,12,4,-10184,0,1,0,0,0,-313,-312,-313,-173,-198,-312,1,39,3038,0,0
LMR,8,2,7,8,9,-4577,0,0,0,0,0,312,313,265,262,359,327,2,24,-3692,0,0
LMR,11,3,10,10,2,-3068,0,1,0,0,0,-313,-312,-325,-213,-309,-318,10,13,5241,0,0
LMR,5,2,4,5,3,-2763,0,0,0,0,0,312,313,284,378,353,346,2,5,-1338,0,0
LMR,10,2,9,9,3,-10085,0,0,0,0,0,312,313,302,269,313,313,3,36,157,0,0
LMR,11,2,10,10,3,-6334,0,1,0,0,0,-313,-312,-318,-213,-269,-313,4,49,4150,0,0
LMR,11,2,10,9,4,-7759,0,1,0,0,0,-313,-312,-313,-213,-308,-313,4,18,-706,0,0
LMR,4,1,3,3,3,1868,0,0,0,0,0,-308,-307,-332,-381,-301,-300,13,8,-4919,0,0
LMR,7,2,6,6,5,-6970,0,0,0,0,0,-342,-341,-346,-457,-317,-317,6,8,-1338,0,0
LMR,7,1,6,7,3,-13222,0,1,0,0,0,341,342,305,528,414,320,1,24,-1338,0,0
LMR,7,1,6,7,4,14905,0,1,0,0,0,341,342,320,528,404,442,1,5,-1338,0,0
LMR,9,7,8,9,4,14671,0,0,0,0,0,-342,-341,-429,-486,-288,-288,11,8,-921,0,0
LMR,5,1,4,4,2,-12418,0,1,0,0,0,-342,-341,-343,-235,-331,-372,4,13,402,0,0
LMR,6,1,5,5,4,2772,0,0,0,0,0,341,342,331,326,369,344,4,9,2958,0,0
LMR,8,1,7,6,2,5294,0,1,0,0,0,-342,-341,-342,-289,-341,-343,3,35,-2421,0,0
LMR,6,1,5,5,2,1076,0,1,0,0,0,341,342,339,392,361,361,11,8,-1338,0,0
LMR,3,1,2,2,3,5369,0,1,0,0,0,341,342,322,319,342,342,9,4,-1338,0,0
LMR,3,1,2,3,2,8416,0,0,0,0,0,-342,-341,-398,-381,-319,-342,2,16,-1338,0,0
LMR,4,1,3,3,3,4352,0,1,0,0,0,341,342,309,415,347,342,4,25,-1338,0,0
LMR,6,1,5,5,2,242,0,1,1,0,0,341,342,339,396,373,342,1,42,0,0,0
LMR,12,8,11,10,2,13668,0,1,0,0,1,341,342,338,353,342,342,84,207,1635,0,0
LMR,3,1,2,3,2,3368,0,1,0,0,0,-342,-341,-342,-478,-283,-341,4,4,-1338,0,0
LMR,5,1,4,5,2,17896,0,1,0,0,0,-313,-312,-345,-275,-260,-269,1,4,-1338,0,0
LMR,3,1,2,3,2,-3596,0,1,0,0,0,-294,-293,-682,-181,-244,-252,1,2,661,0,1
LMR,3,1,2,2,2,6254,0,1,0,0,0,-313,-312,-325,-272,-298,-299,2,4,-1338,0,0
LMR,10,1,9,9,3,-9122,0,1,0,0,0,-313,-312,-324,-177,-312,-312,2,22,-1990,0,0
LMR,3,1,2,2,3,8209,0,1,0,0,0,-313,-312,-336,-275,-312,-312,4,5,-4094,0,0
LMR,9,7,8,9,2,10157,0,0,0,0,0,312,313,273,253,335,320,12,9,-1338,0,0
LMR,9,1,8,9,2,-11483,0,1,0,0,0,-313,-312,-415,-268,-253,-319,6,37,-1338,0,0
LMR,5,1,4,5,2,21747,0,1,0,0,0,-313,-312,-359,-273,-302,-300,4,6,-2142,0,0
LMR,3,1,2,2,4,13651,0,1,0,0,0,-313,-312,-320,-309,-271,-323,3,5,-1338,0,0
LMR,5,1,4,4,4,-4839,0,1,0,0,0,-313,-312,-327,-223,-310,-318,1,18,-1338,0,0
LMR,5,1,4,4,8,-1042,0,1,1,0,0,-313,-312,-314,-223,-266,-279,2,3,0,0,0
LMR,5,1,4,3,4,-5234,0,1,0,0,1,-288,-287,-292,-308,-285,-286,5,10,-2299,0,1
LMR,5,2,4,5,2,2973,0,0,1,0,0,312,313,282,-78,381,327,11,13,0,0,0
LMR,10,3,9,9,2,-8245,0,1,0,0,0,-313,-312,-321,-276,-297,-304,4,23,-2506,0,0
LMR,5,1,4,4,2,17265,0,1,0,0,0,-313,-312,-315,-225,-307,-304,3,4,-2194,0,0
LMR,3,1,2,3,2,15720,0,1,0,0,0,-287,-286,-288,-236,-233,-284,2,7,-1338,0,1
LMR,3,1,2,3,2,4042,0,1,0,0,0,-314,-313,-698,-149,-238,-258,2,4,4236,0,1
LMR,7,1,6,7,5,-7042,0,1,0,0,0,-313,-312,-330,-280,-261,-301,4,9,-1747,0,0
LMR,5,1,4,4,8,-4533,0,0,1,0,0,135,136,127,103,162,154,9,8,0,0,0
LMR,4,1,3,4,2,7704,0,1,0,0,0,-313,-312,-362,-219,-280,-276,48,4,-1338,0,0
LMR,5,1,4,5,5,-2160,0,1,0,0,0,-313,-312,-405,-361,-309,-310,7,8,-1556,0,0
LMR,7,1,6,6,9,-10938,0,0,0,0,0,312,313,312,212,361,310,8,20,-1338,0,0
LMR,7,1,6,7,3,-438,0,1,0,0,0,-313,-312,-323,-154,-255,-312,5,96,-1415,0,0
LMR,7,1,6,5,7,3262,0,1,0,0,0,-313,-312,-313,-145,-312,-312,6,19,-3304,0,0
LMR,13,6,12,11,9,-15184,0,0,0,0,1,312,313,312,300,319,313,14,43,-2030,0,0
LMR,5,1,4,5,6,-9355,0,1,0,0,0,312,313,308,375,400,322,1,4,-1338,0,0
LMR,4,1,3,3,2,3795,0,1,0,0,0,312,313,283,379,313,324,4,6,4900,0,0
LMR,11,3,10,9,10,-11695,0,1,0,0,1,-313,-312,-313,-300,-310,-320,11,9,1312,0,0
LMR,5,1,4,4,3,5150,0,1,0,0,0,-313,-312,-333,-224,-304,-312,5,10,-1338,0,0
LMR,10,3,9,9,15,-9861,0,1,0,0,1,-313,-312,-313,-284,-299,-312,7,66,-3105,0,0
LMR,3,1,2,2,5,-627,0,1,0,0,0,-279,-278,-303,-194,-268,-268,3,2,-1338,0,1
LMR,3,1,2,3,2,-4599,0,1,0,0,0,-313,-312,-373,-401,-292,-298,5,10,1536,0,0
LMR,5,1,4,4,3,-16950,0,1,0,0,0,-298,-297,-314,-295,-276,-216,1,6,-1338,0,0
LMR,4,1,3,4,2,3178,0,1,0,0,0,-298,-297,-333,-300,-223,-297,2,19,-1426,0,0
LMR,6,1,5,4,6,-1716,0,1,0,0,0,-298,-297,-298,-235,-297,-297,3,31,-1338,0,0
LMR,5,1,4,5,2,23279,0,1,0,0,0,-298,-297,-440,-204,-290,-284,2,4,-1338,0,0
LMR,5,1,4,3,2,18963,0,1,0,0,0,-298,-297,-298,-209,-297,-262,4,4,-1338,0,0
LMR,5,1,4,3,3,21147,0,1,0,0,0,-298,-297,-298,-186,-297,-267,5,7,2900,0,0
LMR,7,1,6,7,4,5871,0,1,0,0,0,-298,-297,-310,-165,-220,-243,7,10,-1338,0,0
LMR,6,1,5,5,4,11370,0,1,0,0,0,-298,-297,-310,-196,-282,-271,2,13,6950,0,0
LMR,5,1,4,3,11,-12923,0,0,0,0,0,297,298,295,298,298,298,6,6,-1338,0,0
LMR,9,3,8,7,2,3484,0,1,1,0,0,-298,-297,-298,-181,-296,-298,5,23,0,0,0
LMR,3,1,2,3,4,-1284,0,1,0,0,0,-298,-297,-298,-184,-205,-247,1,2,-3858,0,0
LMR,9,3,8,8,3,23584,0,1,0,0,0,-298,-297,-298,-181,-265,-297,3,23,4551,0,0
LMR,4,1,3,3,3,-777,0,1,0,0,0,-297,-296,-310,-260,-289,-286,4,5,-1338,0,1
LMR,3,1,2,3,4,-3810,0,1,0,0,0,-306,-305,-306,-220,-248,-303,2,7,-2438,0,1
LMR,3,1,2,2,8,4657,0,0,0,0,0,297,298,297,255,325,315,3,4,-1338,0,0
LMR,4,1,3,3,5,-6426,0,1,0,0,0,-298,-297,-313,-260,-288,-310,4,15,-1338,0,0
LMR,6,1,5,5,17,-18409,0,1,0,0,0,-298,-297,-298,-151,-286,-299,2,8,-1338,0,0
LMR,6,1,5,4,25,-16631,0,1,0,0,0,-298,-297,-298,-151,-297,-297,10,18,-1338,0,0
LMR,4,1,3,2,19,-9798,0,0,0,0,0,-351,-350,-356,-344,-350,-350,2,2,-1535,0,1
LMR,3,1,2,2,8,-6259,0,1,0,0,0,-298,-297,-305,-294,-297,-297,2,4,-1338,0,0
LMR,7,1,6,5,8,-16046,0,1,0,0,1,297,298,297,488,304,297,2,24,-2040,0,0
LMR,7,1,6,5,27,-14887,0,1,0,0,1,297,298,297,488,298,297,2,11,-1437,0,0
LMR,5,3,4,4,2,-1995,0,1,0,0,1,-319,-318,-361,-296,-318,-318,7,8,1549,0,1
LMR,4,1,3,3,5,-748,0,1,0,0,0,-298,-297,-303,-229,-267,-271,4,11,-1338,0,0
LMR,6,1,5,5,2,-262,0,1,1,0,0,-298,-297,-298,-208,-272,-276,3,24,0,0,0
LMR,4,1,3,3,2,7460,0,1,0,0,0,-298,-297,-321,-194,-296,-296,1,13,-954,0,0
LMR,12,6,11,11,3,-8257,0,1,0,0,1,-298,-297,-313,-312,-297,-297,240,340,4519,0,0
LMR,4,1,3,3,19,-3168,0,1,0,0,0,-322,-321,-322,-206,-302,-322,1,10,-4205,0,1
LMR,3,1,2,2,3,-5853,0,1,0,0,0,297,298,283,298,298,298,4,7,-1338,0,0
LMR,5,2,4,5,2,35330,0,1,0,0,0,-298,-297,-446,-283,-288,-297,8,11,-1338,0,0
LMR,7,1,6,6,8,-2649,0,0,1,0,0,297,298,297,265,319,316,1,2,0,0,0
LMR,8,1,7,7,10,-9672,0,1,0,0,0,-298,-297,-298,-280,-290,-313,4,38,-1338,0,0
LMR,12,9,11,10,2,2829,0,0,0,0,0,297,298,297,221,298,298,109,49,-613,0,0
LMR,3,1,2,2,2,19129,0,1,0,0,0,297,298,297,354,326,321,2,3,-1338,0,0
LMR,5,1,4,5,3,-6519,0,1,0,0,0,311,312,300,414,359,338,2,16,-1338,0,0
LMR,4,1,3,3,3,1909,0,1,0,0,0,311,312,311,325,344,338,2,3,-1122,0,0
LMR,8,1,7,6,12,-3966,0,0,1,0,0,-312,-311,-312,-315,-311,-307,9,10,0,0,0
LMR,5,1,4,4,3,3524,0,1,0,0,0,-298,-297,-298,-253,-279,-298,2,6,-717,0,0
LMR,4,1,3,4,2,5800,0,1,0,0,0,311,312,263,430,317,312,1,10,-1338,0,0
LMR,5,3,4,4,3,11217,0,0,0,0,0,-312,-311,-312,-362,-295,-295,4,5,-1338,0,0
LMR,5,1,4,5,2,10043,0,1,0,0,0,311,312,100,457,362,297,2,25,-1338,0,0
LMR,3,1,2,2,6,1412,0,1,0,0,0,311,312,275,329,312,312,2,2,-1338,0,0
LMR,5,1,4,4,6,4878,0,1,0,0,0,311,312,311,457,319,312,2,12,-1338,0,0
LMR,5,1,4,4,3,4492,0,1,0,0,0,311,312,311,399,349,332,2,3,-1338,0,0
LMR,5,1,4,4,2,-5994,0,1,0,0,0,311,312,306,367,337,312,1,7,1401,0,0
LMR,5,1,4,4,6,-1276,0,0,0,0,0,-312,-311,-312,-383,-304,-304,8,9,-1338,0,0
LMR,5,1,4,5,13,-13325,0,1,0,0,0,311,312,305,389,383,305,1,24,-1338,0,0
LMR,4,1,3,3,8,719,0,1,0,0,0,311,312,284,253,318,344,2,5,-2438,0,0
LMR,5,1,4,4,6,-1276,0,0,0,0,0,-312,-311,-326,-428,-284,-337,2,13,-1338,0,0
LMR,5,1,4,5,14,-10809,0,1,0,0,0,311,312,305,389,383,326,1,36,-2568,0,0
LMR,3,1,2,2,3,517,0,0,0,0,0,-312,-311,-312,-411,-293,-309,5,2,-813,0,0
LMR,4,1,3,3,2,-1149,0,1,0,0,0,311,312,304,343,312,309,4,11,-438,0,0
LMR,9,4,8,7,3,-4786,0,0,0,0,0,-312,-311,-312,-311,-311,-309,24,23,-811,0,0
LMR,10,1,9,8,29,-16765,0,1,0,0,0,311,312,311,323,318,330,9,15,-1338,0,0
LMR,5,1,4,4,3,804,0,0,0,0,0,297,298,255,247,304,303,1,5,-1338,0,0
LMR,5,1,4,5,3,-6998,0,1,0,0,0,-298,-297,-316,-232,-247,-302,2,9,-1338,0,0
LMR,5,1,4,3,5,-12679,0,1,0,0,0,301,302,301,386,305,302,2,7,-1338,0,0
LMR,5,1,4,4,2,-8713,0,1,0,0,0,301,302,287,353,324,302,2,15,-1338,0,0
LMR,5,1,4,5,3,1095,0,1,0,0,0,-303,-302,-362,-154,-297,-302,1,15,-1338,0,0
LMR,5,1,4,4,3,-3992,0,1,0,0,0,301,302,282,369,302,302,1,10,1348,0,0
LMR,5,1,4,5,7,-2388,0,1,1,0,0,301,302,250,425,311,330,3,8,0,0,0
LMR,5,2,4,5,2,-1509,0,0,1,0,0,-302,-301,-345,-446,-259,-286,4,4,0,0,0
LMR,5,1,4,5,3,6060,0,1,0,0,0,301,302,285,279,342,288,8,14,-1338,0,0
LMR,5,1,4,5,17,-7823,0,0,0,0,0,-302,-301,-345,-379,-289,-288,9,40,-1338,0,0
LMR,5,1,4,5,2,-3802,0,1,0,0,0,301,302,243,362,379,290,2,60,-1338,0,0
LMR,3,1,2,3,11,-7469,0,1,0,0,0,301,302,287,349,346,338,2,4,-1338,0,0
LMR,5,1,4,4,6,2633,0,1,0,0,0,301,302,290,362,322,329,2,21,-1338,0,0
LMR,7,1,6,6,15,2056,0,1,0,0,0,301,302,301,349,327,324,2,98,-1338,0,0
LMR,3,1,2,2,2,728,0,1,0,0,0,301,302,301,330,319,302,3,5,8192,0,0
LMR,9,5,8,7,3,3039,0,0,0,0,0,-302,-301,-302,-318,-297,-302,13,4,1034,0,0
LMR,3,1,2,2,3,3495,0,1,0,0,0,311,312,289,347,342,337,2,1,-1338,0,0
LMR,3,1,2,2,3,-2699,0,1,0,0,0,311,312,303,301,312,312,3,2,-1338,0,0
LMR,4,1,3,3,3,-7324,0,0,0,0,0,-312,-311,-330,-307,-301,-312,4,9,-1338,0,0
LMR,4,1,3,3,4,-12466,0,0,0,0,0,-312,-311,-312,-307,-300,-302,2,4,-1338,0,0
LMR,7,1,6,6,2,4497,0,1,0,0,0,311,312,303,383,316,311,4,17,2389,0,0
LMR,6,1,5,5,7,-3733,0,0,1,0,0,-312,-311,-329,-353,-311,-311,12,6,0,0,0
LMR,7,1,6,6,4,-1446,0,1,0,0,0,311,312,311,383,337,311,2,25,-673,0,0
LMR,4,1,3,3,8,-7258,0,1,0,0,0,311,312,311,311,334,330,1,2,-1338,0,0
LMR,5,1,4,4,2,-4428,0,0,0,0,0,-312,-311,-350,-341,-311,-326,8,8,-1123,0,0
LMR,7,1,6,5,18,-16005,0,1,0,0,0,311,312,311,383,312,326,4,26,-1338,0,0
LMR,7,1,6,5,7,-7700,0,1,1,0,0,311,312,311,311,315,291,1,8,0,0,0
LMR,9,5,8,8,3,450,0,0,0,0,0,-312,-311,-324,-346,-311,-311,18,35,1672,0,0
LMR,4,1,3,3,2,9657,0,1,0,0,0,-312,-311,-312,-269,-300,-300,4,3,-1123,0,0
LMR,4,1,3,3,10,-1172,0,1,1,0,0,-303,-302,-318,-379,-302,-295,1,3,0,0,0
LMR,3,1,2,3,3,8799,0,1,0,0,0,-316,-315,-316,-221,-261,-270,1,4,-1811,0,1
LMR,7,2,6,6,2,18054,0,1,0,0,0,-303,-302,-303,-211,-290,-305,3,25,-2030,0,0
LMR,7,1,6,6,25,-12094,0,1,0,0,0,-303,-302,-303,-211,-282,-296,1,15,-1791,0,0
LMR,9,2,8,7,7,-3593,0,0,0,0,0,302,303,296,225,303,298,8,16,-2005,0,0
LMR,4,2,3,3,2,-7425,0,1,0,0,1,292,293,292,372,343,315,1,1,-1987,0,1
LMR,4,1,3,4,2,10301,0,1,0,0,0,-302,-301,-352,-208,-234,-268,2,0,-2529,0,0
LMR,5,1,4,3,11,-10137,0,1,0,0,1,-291,-290,-297,-283,-290,-290,13,7,-1338,0,1
LMR,6,1,5,6,7,2954,0,1,1,0,0,-298,-297,-298,-169,-227,-227,6,4,0,0,0
LMR,8,1,7,8,2,1129,0,1,1,0,0,-298,-297,-403,-176,-241,-237,2,24,0,0,0
LMR,5,3,4,5,3,7939,0,0,1,0,0,297,298,289,-528,420,339,1,4,0,0,0
LMR,6,1,5,6,2,7643,0,1,1,0,0,-298,-297,-332,-121,-234,-286,2,10,0,0,0
LMR,8,1,7,7,3,-10789,0,1,0,0,0,-298,-297,-302,-182,-293,-300,1,11,612,0,0
LMR,8,1,7,7,6,-14863,0,1,0,0,0,-298,-297,-300,-182,-283,-310,1,12,-1338,0,0
LMR,10,5,9,8,3,2711,0,1,0,0,1,-298,-297,-298,-296,-296,-296,0,0,-3588,0,0
LMR,7,4,6,5,4,7064,0,0,0,0,0,297,298,297,276,298,308,5,7,-2194,0,0
LMR,8,1,7,8,10,7477,0,1,1,0,0,-298,-297,-299,-254,-172,-297,1,6,0,0,0
LMR,4,1,3,4,10,-13493,0,1,0,0,0,-254,-253,-258,-120,-183,-221,1,4,-1338,0,1
LMR,8,1,7,8,2,-1223,0,1,0,0,0,-298,-297,-481,-205,-272,-287,2,10,-1603,0,0
LMR,8,2,7,6,5,-9414,0,0,0,0,0,297,298,297,263,298,276,6,4,-1338,0,0
LMR,3,1,2,2,2,5394,0,1,0,0,0,-348,-347,-348,-320,-318,-322,1,7,1893,0,1
LMR,3,1,2,2,5,-10265,0,0,0,0,0,297,298,294,319,304,267,2,3,-295,0,0
LMR,5,1,4,4,6,-8389,0,1,0,0,0,-298,-297,-302,-289,-292,-290,3,6,-1338,0,0
LMR,3,1,2,3,2,-2512,0,1,0,0,0,-57,-56,-60,19,4,-55,1,1,-1338,0,0
LMR,7,1,6,6,20,-16738,0,1,0,0,0,-298,-297,-298,-282,-286,-288,2,15,-1338,0,0
LMR,3,1,2,3,2,4354,0,1,0,0,0,-278,-277,-371,-223,-260,-277,2,11,-1590,0,1
LMR,13,10,12,12,2,14109,0,1,0,0,1,-298,-297,-310,-302,-295,-297,79,393,2883,0,0
LMR,3,1,2,2,3,-816,0,1,0,0,0,-282,-281,-282,-262,-267,-267,1,4,845,0,1
LMR,5,1,4,3,9,-3873,0,1,0,0,0,-324,-323,-324,-160,-319,-324,1,6,-2267,0,1
LMR,5,1,4,3,11,-14250,0,1,0,0,0,-324,-323,-324,-160,-320,-324,1,9,-1922,0,1
LMR,5,1,4,5,25,6662,0,1,0,0,0,-324,-323,-324,-160,-220,-286,2,9,-5226,0,1
LMR,5,1,4,4,3,-5706,0,1,0,0,0,-298,-297,-302,-278,-290,-290,9,8,-1630,0,0
LMR,7,5,6,6,2,9068,0,0,0,0,0,-298,-297,-337,-333,-296,-296,0,0,-855,0,0
LMR,5,1,4,5,2,13123,0,1,0,0,0,-298,-297,-390,-348,-297,-297,3,0,-732,0,0
LMR,6,1,5,5,15,-4053,0,1,1,0,0,-298,-297,-308,-289,-266,-270,2,5,0,0,0
LMR,10,1,9,8,4,-12997,0,1,0,0,0,-298,-297,-298,-268,-293,-291,2,47,-424,0,0
LMR,4,1,3,2,5,-5085,0,1,0,0,0,297,298,294,330,298,298,4,2,-1338,0,0
LMR,9,4,8,8,2,5785,0,1,1,0,1,-298,-297,-298,-285,-287,-306,6,20,0,0,0
LMR,6,1,5,6,3,-6983,0,1,0,0,0,-298,-297,-406,-233,-225,-238,1,7,-1338,0,0
LMR,9,3,8,8,3,3530,0,1,1,0,1,-298,-297,-298,-285,-274,-246,2,21,0,0,0
LMR,5,1,4,4,2,-1123,0,1,0,0,0,-298,-297,-314,-231,-287,-265,1,6,-1338,0,0
LMR,7,1,6,7,2,4689,0,1,0,0,0,-298,-297,-360,-247,-273,-284,2,19,8192,0,0
LMR,9,4,8,9,2,25653,0,1,0,0,0,-298,-297,-400,-301,-291,-291,5,56,1344,0,0
LMR,6,1,5,5,2,932,0,1,1,0,0,-298,-297,-304,-182,-290,-290,1,4,0,0,0
LMR,14,9,13,13,2,849,0,1,0,0,1,-298,-297,-318,-297,-297,-297,43,532,-2699,0,0
LMR,5,1,4,4,4,2696,0,1,0,0,0,-297,-296,-309,-276,-265,-264,2,6,-1338,0,1
LMR,4,1,3,3,3,-1996,0,1,0,0,0,-265,-264,-277,-184,-243,-243,1,4,-1338,0,1
LMR,3,1,2,3,2,-4592,0,1,0,0,0,-287,-286,-356,-178,-168,-276,1,2,-1338,0,1
LMR,6,1,5,5,3,7642,0,1,0,0,0,-298,-297,-298,-173,-272,-197,4,7,-768,0,0
LMR,5,1,4,4,2,-7402,0,1,0,0,0,-315,-314,-319,-324,-291,-292,2,5,8192,0,1
LMR,4,1,3,3,4,3178,0,0,0,0,0,297,298,270,300,298,298,3,7,-1338,0,0
LMR,5,1,4,5,2,-1602,0,0,0,0,0,297,298,183,103,307,307,3,8,-1338,0,0
LMR,5,1,4,5,2,12404,0,1,0,0,0,-298,-297,-298,-259,-103,-305,2,13,-1338,0,0
LMR,9,5,8,7,3,3575,0,0,0,0,0,297,298,297,300,298,298,42,34,-2742,0,0
LMR,5,1,4,5,2,6858,0,1,0,0,0,-298,-297,-298,-190,-15,-287,1,4,-1375,0,0
LMR,3,1,2,3,2,16952,0,1,0,0,0,-298,-297,-764,-198,-284,-366,1,4,-1338,0,0
LMR,3,1,2,2,4,-5170,0,1,0,0,0,-298,-297,-298,-198,-268,-273,3,4,-1338,0,0
LMR,12,7,11,11,2,22947,0,1,0,0,0,-298,-297,-298,-166,-284,-297,4,64,-1471,0,0
LMR,3,1,2,3,2,26348,0,1,0,0,0,-319,-318,-440,-328,-310,-331,1,11,-1338,0,1
LMR,7,4,6,7,2,35908,0,1,0,0,0,-298,-297,-414,-202,-236,-260,4,9,3185,0,0
LMR,6,1,5,5,2,13702,0,1,0,0,0,-298,-297,-308,-247,-260,-260,2,0,-545,0,0
LMR,6,1,5,6,2,12722,0,1,0,0,0,-298,-297,-691,-230,-272,-297,2,13,5509,0,0
LMR,4,1,3,3,7,-916,0,0,1,0,0,297,298,277,264,302,301,2,4,0,0,0
LMR,8,4,7,7,2,14129,0,0,0,0,0,297,298,279,294,300,297,26,26,-1338,0,0
LMR,9,4,8,8,2,19412,0,1,0,0,0,-298,-297,-313,-318,-297,-297,14,77,-2742,0,0
LMR,4,1,3,3,4,6094,0,1,0,0,0,-298,-297,-298,-259,-268,-285,1,6,-1338,0,0
LMR,3,1,2,3,3,4584,0,1,1,0,0,-298,-297,-402,-290,0,0,3,0,0,1,0
LMR,5,1,4,5,2,-1706,0,1,0,0,0,-298,-297,-410,-236,-264,-297,4,15,-1338,0,0
LMR,9,2,8,9,2,2014,0,1,1,0,0,-298,-297,-434,58,-297,-297,8,70,0,0,0
LMR,3,1,2,3,3,18471,0,1,0,0,0,-317,-316,-398,184,-55,60,0,1,-1338,0,1
LMR,4,1,3,4,4,9696,0,1,0,0,0,-200,-199,-243,-179,-150,-158,3,18,-1356,0,1
LMR,5,3,4,5,2,2452,0,0,1,0,0,277,278,168,252,408,315,5,7,0,0,0
LMR,8,1,7,7,3,3020,0,1,0,0,0,-278,-277,-308,-121,-273,-249,2,14,-3858,0,0
LMR,5,1,4,5,2,6109,0,1,0,0,0,-278,-277,-286,-129,-201,-277,3,15,-2742,0,0
LMR,4,2,3,3,3,274,0,1,0,0,1,-316,-315,-337,-283,-307,-310,2,5,-522,0,1
LMR,3,1,2,3,7,3469,0,1,1,0,0,-278,-277,-395,-661,-270,-267,6,4,0,0,0
LMR,5,1,4,4,4,-3522,0,1,0,0,0,-308,-307,-308,-242,-274,-293,2,7,-1338,0,1
LMR,3,1,2,2,3,-9748,0,1,0,0,0,-305,-304,-314,-157,-293,-279,1,7,-1704,0,1
LMR,5,1,4,5,2,6829,0,1,0,0,0,-278,-277,-640,-77,-266,-266,1,4,-1745,0,0
LMR,3,1,2,2,3,-9189,0,1,0,0,0,-278,-277,-314,-1108,-263,-262,9,8,-1338,1,0
LMR,4,1,3,3,2,861,0,1,0,0,0,-265,-264,-284,-219,-238,-240,1,1,-1338,0,1
LMR,6,1,5,5,4,6745,0,0,0,0,0,277,278,276,120,305,301,2,9,-1893,0,0
LMR,12,9,11,10,7,-6169,0,0,0,0,1,277,278,271,273,278,278,58,68,-4779,0,0
LMR,4,1,3,3,3,-7939,0,0,0,0,0,-297,-296,-307,-312,-295,-295,1,3,-1338,0,0
LMR,6,1,5,6,2,-1062,0,1,0,0,0,296,297,243,410,303,295,5,10,-1338,0,0
LMR,6,1,5,5,6,-5883,0,1,0,0,0,296,297,295,410,303,289,4,8,-1338,0,0
LMR,6,1,5,5,9,-12360,0,1,0,0,0,296,297,295,410,304,279,3,10,-1338,0,0
LMR,4,1,3,4,3,-6825,0,0,0,0,0,277,278,210,195,298,294,2,8,-2002,0,0
LMR,4,1,3,4,3,2721,0,1,0,0,0,-278,-277,-284,-271,-195,-290,1,12,-1338,0,0
LMR,4,1,3,4,2,-492,0,0,0,0,0,-290,-289,-391,-337,-148,-270,1,3,-1338,0,0
LMR,6,1,5,5,12,-5021,0,0,1,0,0,-290,-289,-321,-366,-289,-258,3,6,0,0,0
LMR,7,1,6,6,3,-10049,0,1,0,0,0,289,290,273,376,292,262,1,21,-474,0,0
LMR,5,1,4,4,14,1741,0,1,0,0,0,289,290,289,279,319,319,2,7,-1338,0,0
LMR,6,1,5,6,4,-3910,0,0,0,0,0,-290,-289,-334,-422,-280,-314,8,36,-1338,0,0
LMR,7,1,6,6,26,-12748,0,1,0,0,0,289,290,289,376,319,314,4,64,-1338,0,0
LMR,10,2,9,9,33,-19250,0,1,0,0,1,289,290,289,337,327,290,3,147,-2768,0,0
LMR,7,1,6,6,4,-1370,0,1,1,0,0,289,290,289,462,313,290,3,8,0,0,0
LMR,3,1,2,2,5,5792,0,1,0,0,1,324,325,314,351,340,337,4,3,123,0,0
LMR,4,1,3,4,2,18201,0,1,0,0,1,324,325,248,300,336,328,3,5,313,0,0
LMR,5,1,4,4,4,-10062,0,1,0,0,0,-291,-290,-307,-307,-261,-290,3,13,-1338,0,0
LMR,7,1,6,7,2,3019,0,1,1,0,0,-291,-290,-318,-213,-218,-224,1,4,0,0,0
LMR,5,1,4,4,3,5209,0,1,0,0,0,-291,-290,-313,-222,-290,-290,6,8,-1338,0,0
LMR,11,6,10,11,2,-11491,0,0,0,0,0,290,291,111,17,314,304,7,25,-1338,0,0
LMR,12,6,11,12,2,15121,0,1,1,0,0,-291,-290,-302,-120,-215,-290,10,61,0,0,0
LMR,4,1,3,4,2,13694,0,1,0,0,0,-291,-290,-339,-173,-239,-282,2,7,-1338,0,0
LMR,6,1,5,5,2,11812,0,1,0,0,0,-291,-290,-301,-202,-281,-277,4,11,-1338,0,0
LMR,6,1,5,5,2,13410,0,1,0,0,0,-291,-290,-302,-191,-269,-288,1,6,-1338,0,0
LMR,4,1,3,4,2,8142,0,1,1,0,0,-291,-290,-610,-329,-248,-255,1,2,0,0,0
LMR,5,2,4,5,2,39953,0,1,0,0,0,-291,-290,-373,-236,-63,-285,1,0,-1338,0,0
LMR,3,1,2,2,4,-1779,0,1,0,0,0,-291,-290,-291,-283,-281,-282,2,2,-1338,0,0
LMR,8,1,7,7,10,-17213,0,1,0,0,0,-291,-290,-291,-193,-283,-290,4,9,-1338,0,0
LMR,10,5,9,10,2,22131,0,1,0,0,0,-291,-290,-918,-194,-289,-290,3,58,-1338,0,0
LMR,4,2,3,3,2,4884,0,0,1,0,0,113,114,99,-75,123,122,3,4,0,0,0
LMR,7,3,6,6,2,28041,0,1,0,0,0,-114,-113,-120,-10,-86,-92,5,21,-502,0,0
LMR,7,1,6,6,23,-2869,0,0,0,0,0,290,291,290,256,314,298,4,11,-1338,0,0
LMR,7,2,6,6,2,-2597,0,0,0,0,0,290,291,267,220,295,295,3,4,-1338,0,0
LMR,8,1,7,7,3,-2114,0,1,0,0,0,-291,-290,-297,-218,-267,-294,1,9,-1338,0,0
LMR,7,1,6,7,6,-11403,0,0,0,0,0,290,291,252,231,319,313,5,9,-1338,0,0
LMR,8,1,7,7,18,-14247,0,1,0,0,0,-291,-290,-291,-218,-252,-310,1,31,-1338,0,0
LMR,5,3,4,4,2,5448,0,0,0,0,0,290,291,257,375,297,297,13,8,-1338,0,0
LMR,13,8,12,11,4,-5459,0,0,0,0,0,290,291,290,169,291,291,113,83,-1338,0,0
LMR,5,1,4,3,3,-8694,0,0,0,0,0,-291,-290,-295,-293,-288,-288,9,8,-1338,0,0
LMR,6,1,5,5,2,12153,0,1,0,0,0,290,291,288,337,322,321,3,9,-2030,0,0
LMR,14,8,13,12,4,21330,0,1,0,0,0,-291,-290,-291,-211,-287,-290,15,31,-1338,0,0
LMR,5,1,4,5,4,13166,0,1,0,0,0,-309,-308,-344,-7,-218,-218,2,4,-1435,0,1
LMR,4,1,3,2,4,1755,0,1,0,0,1,-314,-313,-314,-243,-313,-313,4,4,2659,0,1
LMR,5,1,4,4,5,1525,0,1,0,0,0,-291,-290,-291,-298,-271,-290,9,23,-17,0,0
LMR,3,1,2,2,4,9036,0,0,0,0,0,290,291,278,233,295,292,5,5,2115,0,0
LMR,4,1,3,3,2,2741,0,1,0,0,0,-291,-290,-291,-184,-247,-269,2,31,2135,0,0
LMR,5,1,4,4,2,12479,0,1,0,0,0,290,291,244,255,291,288,9,7,-1338,0,0
LMR,4,1,3,4,4,8776,0,0,0,0,0,290,291,197,202,296,297,2,4,-1338,0,0
LMR,5,1,4,4,14,-11487,0,1,0,0,0,-291,-290,-291,-243,-247,-295,1,8,-1338,0,0
LMR,5,1,4,5,2,29008,0,1,0,0,0,-291,-290,-301,-166,-235,-240,2,5,1912,0,0
LMR,9,2,8,8,2,10467,0,1,0,0,0,-291,-290,-291,-288,-282,-286,12,47,6146,0,0
LMR,11,5,10,10,2,13181,0,1,0,0,0,-291,-290,-296,-267,-288,-286,28,147,290,0,0
LMR,4,1,3,4,2,7113,0,1,0,0,0,-307,-306,-307,-101,25,-258,1,4,5743,0,1
LMR,5,1,4,3,9,-4470,0,1,0,0,0,-308,-307,-308,-140,-303,-308,1,8,965,0,1
LMR,8,6,7,7,2,5998,0,0,0,0,0,290,291,290,382,307,291,13,17,-1338,0,0
LMR,7,1,6,7,7,-17328,0,0,0,0,0,-291,-290,-291,-389,-212,-213,3,7,-1338,0,0
LMR,8,4,7,8,2,24044,0,1,0,0,0,290,291,222,366,291,291,12,18,-1338,0,0
LMR,4,1,3,4,3,11416,0,1,0,0,0,290,291,286,307,354,322,2,3,660,0,0
LMR,5,1,4,5,2,22841,0,1,0,0,0,-291,-290,-488,-183,-223,-235,2,5,-1338,0,0
LMR,10,2,9,10,8,-4601,0,0,0,0,0,290,291,257,260,335,291,2,16,-1338,0,0
LMR,12,2,11,10,4,-11025,0,1,0,0,0,-291,-290,-291,-217,-286,-291,3,47,-1338,0,0
LMR,7,1,6,7,2,11641,0,1,0,0,0,-291,-290,-659,21,-40,-229,1,3,-1338,0,0
LMR,12,2,11,11,14,-9810,0,1,0,0,0,-291,-290,-291,-217,-256,-259,3,47,-1338,0,0
LMR,5,1,4,3,13,-8660,0,1,0,0,0,-291,-290,-291,-215,-286,-292,2,5,-1338,0,0
LMR,5,1,4,5,2,-1567,0,1,0,0,0,290,291,192,344,303,289,2,7,-1338,0,0
LMR,5,1,4,3,4,6278,0,1,0,0,0,290,291,289,344,291,329,4,6,-1338,0,0
LMR,3,1,2,2,3,7438,0,1,0,0,0,290,291,272,250,291,287,3,6,-1338,0,0
LMR,12,2,11,10,29,-11230,0,1,0,0,0,-291,-290,-291,-291,-287,-291,13,47,-1338,0,0
LMR,13,5,12,12,5,-9384,0,0,0,0,0,290,291,278,264,291,291,29,156,-1362,0,0
LMR,5,1,4,4,8,-3282,0,1,1,0,0,290,291,288,313,313,309,1,2,0,0,0
LMR,3,1,2,3,2,8863,0,1,0,0,0,290,291,99,308,291,323,2,6,-28,0,0
LMR,3,1,2,3,4,-8194,0,1,0,0,0,290,291,286,286,345,335,2,2,-1338,0,0
LMR,4,2,3,3,3,8190,0,0,0,0,0,-291,-290,-315,-376,-286,-324,5,6,-1338,0,0
LMR,5,1,4,4,2,11388,0,1,0,0,0,290,291,285,375,298,315,3,26,-2742,0,0
LMR,4,1,3,3,6,-545,0,1,1,0,0,290,291,238,327,291,366,6,6,0,0,0
LMR,4,1,3,4,2,14401,0,1,0,0,0,290,291,288,349,351,306,2,3,-1084,0,0
LMR,5,1,4,3,8,282,0,1,0,0,0,296,297,290,378,297,296,3,8,-1338,0,0
LMR,8,1,7,7,8,-9439,0,1,0,0,0,296,297,293,407,331,296,2,24,-1338,0,0
LMR,7,2,6,5,4,-8872,0,0,0,0,0,-297,-296,-297,-327,-296,-296,16,16,-1338,0,0
LMR,8,1,7,7,10,-13269,0,1,0,0,0,296,297,296,407,313,296,2,41,-1338,0,0
LMR,4,2,3,3,2,5456,0,0,0,0,0,-297,-296,-328,-330,-296,-296,10,8,-996,0,0
LMR,5,1,4,4,5,-3312,0,1,0,0,0,296,297,285,351,297,296,3,23,-1338,0,0
LMR,8,1,7,7,11,-14675,0,1,0,0,0,296,297,296,407,312,296,2,49,-1338,0,0
LMR,5,1,4,3,4,5583,0,1,0,0,0,296,297,291,331,297,287,5,8,-1338,0,0
LMR,7,1,6,6,2,15166,0,1,0,0,0,-291,-290,-300,-286,-278,-285,5,13,-1338,0,0
LMR,6,1,5,6,2,676,0,1,1,0,0,-291,-290,-353,-350,-264,-264,1,4,0,0,0
LMR,3,1,2,2,5,-465,0,1,0,0,0,-291,-290,-291,-300,-271,-274,2,2,-1338,0,0
LMR,10,3,9,8,5,2612,0,0,0,0,0,290,291,290,218,291,291,13,36,-1338,0,0
LMR,11,3,10,10,2,676,0,1,1,0,0,-291,-290,-323,-291,-290,-291,29,126,0,0,0
LMR,14,4,13,12,8,-15839,0,0,0,0,0,290,291,285,258,291,291,16,206,-1338,0,0
LMR,5,1,4,5,3,-4182,0,1,0,0,0,-291,-290,-329,-155,-246,-230,1,7,-1338,0,0
LMR,7,2,6,6,2,20900,0,1,0,0,0,-291,-290,-295,-144,-242,-240,2,19,-1338,0,0
LMR,13,9,12,11,3,11325,0,1,0,0,1,-291,-290,-291,-238,-286,-286,56,63,-2127,0,0
LMR,8,1,7,8,2,15080,0,1,0,0,0,-291,-290,-968,-129,-227,-266,2,17,-1837,0,0
LMR,4,1,3,3,2,-10572,0,1,0,0,0,-306,-305,-311,-152,-299,-305,2,8,4427,0,1
LMR,4,1,3,4,2,41878,0,1,0,0,0,-291,-290,-319,-197,-229,-240,3,4,-2742,0,0
LMR,3,1,2,2,6,891,0,1,0,0,0,-273,-272,-277,-223,-238,-244,4,3,-2742,0,1
LMR,4,1,3,3,4,996,0,1,0,0,0,-321,-320,-324,-211,-272,-286,2,0,2580,0,1
LMR,5,1,4,4,15,-6718,0,0,0,0,0,309,310,301,284,311,311,3,5,-1338,0,0
LMR,6,1,5,5,6,-5661,0,1,0,0,0,-310,-309,-312,-295,-284,-310,5,19,-2030,0,1
LMR,6,4,5,6,2,-6983,0,1,0,0,1,-320,-319,-396,-294,-308,-319,10,20,8192,0,1
LMR,6,1,5,6,2,1650,0,1,0,0,0,-291,-290,-604,-97,-228,-277,1,9,-1338,0,0
LMR,8,4,7,8,2,28423,0,1,0,0,0,-291,-290,-344,-138,-224,-256,2,13,-1338,0,0
LMR,4,1,3,4,2,13678,0,1,0,0,0,-295,-294,-338,-209,-249,-294,2,7,442,0,1
LMR,4,1,3,3,4,-5359,0,0,0,0,0,290,291,290,314,317,312,2,5,-1338,0,0
LMR,5,1,4,4,5,-5938,0,1,0,0,0,-291,-290,-291,-191,-270,-268,7,5,-1338,0,0
LMR,7,1,6,7,2,6921,0,1,0,0,0,-291,-290,-307,-229,-247,-271,1,22,-1617,0,0
LMR,4,1,3,3,2,12114,0,1,0,0,0,-291,-290,-311,-275,-268,-272,2,4,-838,0,0
LMR,4,1,3,4,11,-9452,0,1,0,0,0,-291,-290,-308,-312,-239,-279,1,3,-1341,0,0
LMR,5,1,4,4,10,-11508,0,0,0,0,0,290,291,290,260,312,281,3,12,-1338,0,0
LMR,5,1,4,4,10,-5757,0,1,1,0,0,-291,-290,-291,-231,-238,-247,2,2,0,0,0
LMR,3,1,2,2,2,24211,0,1,0,0,0,-291,-290,-294,-156,-258,-264,5,4,8192,0,0
LMR,8,4,7,8,2,31597,0,1,0,0,0,-291,-290,-560,-144,-285,-285,9,36,4167,0,0
LMR,3,1,2,3,3,3025,0,1,0,0,0,-291,-290,-1251,-262,-262,-281,2,10,-2502,0,0
LMR,4,1,3,4,2,-15486,0,1,0,0,0,-291,-290,-1019,-148,-288,-287,4,26,4319,0,0
LMR,5,1,4,5,2,1578,0,1,0,0,0,-291,-290,-309,-216,-244,-252,1,2,-1338,0,0
LMR,3,1,2,2,2,18684,0,1,0,0,0,-291,-290,-303,-159,-283,-264,4,7,-1338,0,0
LMR,7,3,6,6,3,37774,0,1,0,0,0,-291,-290,-291,-129,-263,-285,4,37,-1338,0,0
LMR,4,2,3,3,2,12582,0,0,0,0,0,290,291,287,251,296,296,4,5,-1338,0,0
LMR,5,1,4,4,11,-3280,0,1,1,0,0,-291,-290,-295,-230,-272,-239,5,7,0,0,0
LMR,4,1,3,4,2,114,0,1,0,0,0,290,291,249,140,327,309,4,13,-772,0,0
LMR,12,7,11,10,2,19328,0,1,0,0,0,-291,-290,-291,-232,-290,-290,23,26,7535,0,0
LMR,7,1,6,7,3,16606,0,1,0,0,0,-291,-290,-315,-38,-119,-171,1,8,-1338,0,0
LMR,5,1,4,3,5,4014,0,1,0,0,1,-291,-290,-292,-261,-290,-290,8,18,-1338,0,0
LMR,9,4,8,7,2,20177,0,1,0,0,1,-291,-290,-294,-294,-290,-290,17,32,-1338,0,0
LMR,11,4,10,9,19,-14352,0,0,0,0,1,290,291,290,297,294,290,17,62,-380,0,0
LMR,11,4,10,9,27,-17996,0,0,0,0,1,290,291,290,297,291,290,13,20,-348,0,0
LMR,11,4,10,9,28,-17103,0,0,0,0,1,290,291,290,297,291,291,42,26,-2891,0,0
LMR,14,11,13,12,4,11856,0,0,0,0,1,290,291,290,219,291,291,469,0,-781,0,0
LMR,5,1,4,3,14,-8567,0,1,0,0,0,290,291,290,375,291,291,11,4,-855,0,0
LMR,6,1,5,4,4,-9467,0,1,0,0,0,296,297,296,311,297,297,7,25,-1338,0,0
LMR,4,1,3,2,2,4379,0,1,1,0,0,296,297,296,350,302,293,6,6,0,0,0
LMR,4,1,3,2,8,-1209,0,1,1,0,0,296,297,296,350,302,303,4,2,0,0,0
LMR,6,1,5,5,3,142,0,1,1,0,0,296,297,296,317,310,301,10,54,0,0,0
LMR,5,1,4,3,5,-4396,0,1,0,0,0,296,297,296,341,297,303,10,10,-682,0,0
LMR,5,1,4,4,13,-7962,0,1,0,0,0,296,297,287,355,297,296,7,20,-1320,0,0
LMR,9,1,8,7,3,5525,0,1,0,0,0,296,297,296,402,297,297,4,15,-1338,0,0
LMR,6,1,5,5,2,728,0,1,0,0,0,296,297,272,383,310,292,4,10,4929,0,0
LMR,6,1,5,5,8,-12318,0,1,0,0,0,296,297,292,383,304,289,3,7,1397,0,0
LMR,6,1,5,6,10,-13612,0,1,0,0,0,296,297,294,383,502,336,2,10,-342,0,0
LMR,3,1,2,2,2,15997,0,1,0,0,1,-289,-288,-289,-268,-278,-294,2,4,1901,0,0
LMR,4,1,3,2,2,4809,0,1,1,0,0,323,324,323,340,326,327,5,6,0,0,0
LMR,7,1,6,5,14,-10044,0,1,0,0,1,323,324,323,311,325,324,5,46,-1338,0,0
LMR,4,1,3,3,2,8794,0,1,1,0,0,323,324,323,332,354,348,3,5,0,0,0
LMR,5,1,4,4,4,-581,0,1,1,0,0,323,324,305,368,341,341,2,3,0,0,0
LMR,4,1,3,2,2,1858,0,1,1,0,0,287,288,284,408,289,287,3,5,0,0,1
LMR,4,1,3,3,3,6065,0,1,0,0,0,287,288,287,408,297,314,2,5,-1984,0,1
LMR,3,1,2,2,2,2393,0,1,1,0,0,293,294,293,481,342,333,3,3,0,0,1
LMR,5,1,4,4,3,-10625,0,1,0,0,0,323,324,307,408,339,323,3,7,1578,0,0
LMR,8,1,7,7,28,-13064,0,1,0,0,0,323,324,323,323,350,344,3,14,-1338,0,0
LMR,9,6,8,9,2,-2569,0,0,0,0,0,-324,-323,-521,-439,-323,-341,19,42,23,0,0
LMR,5,1,4,5,2,9539,0,1,0,0,0,323,324,245,218,324,324,9,11,-1338,0,0
LMR,3,1,2,2,4,-1276,0,0,0,0,0,-324,-323,-349,-452,-323,-323,4,2,-1338,0,0
LMR,4,1,3,3,2,10966,0,1,0,0,0,323,324,323,375,354,323,2,9,-1338,0,0
LMR,7,4,6,5,2,6128,0,0,0,0,0,-324,-323,-324,-477,-323,-323,14,10,-1338,0,0
LMR,8,2,7,7,2,15080,0,1,0,0,0,323,324,323,374,342,323,2,29,8192,0,0
LMR,3,1,2,2,3,11936,0,1,0,0,0,323,324,323,323,339,339,4,4,-1338,0,0
LMR,4,2,3,3,2,10213,0,0,0,0,0,-324,-323,-369,-379,-323,-335,7,12,-1338,0,0
LMR,5,1,4,4,2,12755,0,1,0,0,0,323,324,299,382,332,334,2,22,-1338,0,0
LMR,6,1,5,5,12,-10326,0,1,0,0,0,323,324,323,301,355,367,2,7,-1338,0,0
LMR,8,2,7,7,10,-5811,0,0,0,0,0,-324,-323,-332,-441,-323,-360,10,26,-1338,0,0
LMR,8,1,7,8,6,-11504,0,1,0,0,0,323,324,323,374,396,332,1,72,-1338,0,0
LMR,6,1,5,6,3,-9595,0,1,0,0,0,323,324,323,537,391,391,1,3,6146,0,0
LMR,9,3,8,7,30,-13771,0,0,0,0,0,-324,-323,-324,-328,-323,-316,10,8,-1338,0,0
LMR,12,3,11,12,10,2243,0,1,1,0,0,323,324,316,362,375,353,5,50,0,0,0
LMR,8,1,7,7,2,15840,0,1,0,0,0,323,324,298,458,336,324,7,18,-1338,0,0
LMR,4,1,3,4,2,13951,0,1,0,0,0,323,324,164,264,326,327,6,8,-1338,0,0
LMR,7,1,6,7,2,13463,0,1,0,0,0,323,324,265,522,342,326,4,28,-1338,0,0
LMR,9,1,8,9,11,-984,0,1,1,0,0,323,324,301,543,449,402,5,9,0,0,0
LMR,6,1,5,6,5,-1161,0,0,0,0,0,-324,-323,-383,-467,-323,-323,9,10,-2504,0,0
LMR,6,2,5,6,2,25593,0,1,0,0,0,323,324,298,439,355,323,4,26,7967,0,0
LMR,6,1,5,6,21,-17690,0,1,0,0,0,323,324,323,439,541,329,1,3,-1338,0,0
LMR,8,1,7,8,2,8967,0,1,0,0,0,323,324,278,516,363,328,2,73,5561,0,0
LMR,7,1,6,7,3,10106,0,1,0,0,0,323,324,313,421,430,376,1,10,-535,0,0
LMR,11,1,10,11,11,-17057,0,1,0,0,1,323,324,323,323,392,327,2,185,-1112,0,0
LMR,14,6,13,12,26,-13031,0,0,0,0,1,-324,-323,-324,-372,-323,-326,19,216,-3790,0,0
LMR,8,5,7,8,3,-3016,0,0,0,0,0,-324,-323,-470,-368,-312,-312,3,8,-1338,0,0
LMR,8,1,7,8,2,4254,0,1,0,0,0,323,324,175,405,368,313,2,22,-1338,0,0
LMR,5,1,4,4,10,-15658,0,1,0,0,0,323,324,315,357,336,314,2,5,-628,0,0
LMR,8,1,7,7,3,-12450,0,1,0,0,0,323,324,313,405,338,316,1,15,-1828,0,0
LMR,5,1,4,4,11,-10628,0,1,0,0,0,323,324,322,354,333,312,2,6,-1338,0,0
LMR,5,1,4,5,14,-9123,0,1,0,0,0,323,324,322,354,443,434,2,3,-1338,0,0
LMR,3,1,2,2,6,-1032,0,0,0,0,0,-324,-323,-358,-437,-323,-323,3,4,-1338,0,0
LMR,4,1,3,3,5,-4698,0,1,0,0,0,323,324,323,311,367,323,4,14,-1338,0,0
LMR,8,3,7,7,9,-6098,0,0,1,0,0,-324,-323,-333,-448,-323,-323,28,19,0,0,0
LMR,8,1,7,8,7,3213,0,1,0,0,0,323,324,316,405,392,323,1,119,2470,0,0
LMR,8,1,7,6,10,-6761,0,1,1,0,0,323,324,323,405,324,320,2,26,0,0,0
LMR,4,1,3,4,2,-316,0,1,1,0,0,323,324,297,157,452,344,2,5,0,0,0
LMR,7,2,6,6,4,8082,0,0,0,0,0,-324,-323,-337,-344,-312,-323,1,18,-1338,0,0
LMR,8,1,7,7,13,5907,0,1,0,0,0,323,324,323,405,341,323,4,39,-1338,0,0
LMR,4,1,3,4,4,-3735,0,0,0,0,0,-324,-323,-365,-401,-295,-311,5,15,-1338,0,0
LMR,5,1,4,4,15,-6995,0,1,0,0,0,323,324,323,472,356,313,3,24,-1338,0,0
LMR,5,1,4,4,17,-12285,0,1,0,0,0,323,324,323,472,370,337,5,11,-1338,0,0
LMR,7,1,6,6,2,-3560,0,0,1,0,0,-324,-323,-334,-412,-299,-295,3,7,0,0,0
LMR,8,1,7,7,16,3441,0,1,0,0,0,323,324,323,405,367,298,3,82,-1338,0,0
LMR,3,1,2,3,2,2403,0,1,1,0,0,-324,-323,-388,-661,-228,-272,2,3,0,0,0
LMR,3,1,2,2,4,-4781,0,1,0,0,0,-324,-323,-326,-323,-310,-312,1,1,-698,0,0
LMR,14,9,13,12,31,9972,0,0,0,0,1,-324,-323,-324,-372,-323,-323,386,67,-460,0,0
LMR,4,1,3,4,3,-10572,0,1,0,0,0,-324,-323,-418,-394,-300,-304,1,4,-1338,0,0
LMR,4,1,3,4,2,-207,0,0,0,0,0,323,324,270,169,394,307,1,7,-1338,0,0
LMR,8,3,7,6,5,-8859,0,0,0,0,0,277,278,277,312,282,283,19,14,-1338,0,0
LMR,3,1,2,3,2,-6426,0,1,0,0,0,-269,-268,-295,-202,-228,-268,1,8,7499,0,1
LMR,3,1,2,2,7,-7590,0,0,0,0,0,290,291,274,279,292,242,2,4,-1349,0,0
LMR,3,1,2,3,2,-6622,0,1,0,0,0,-291,-290,-335,-329,-279,-274,7,15,793,0,0
LMR,6,1,5,5,7,-8261,0,0,0,0,0,290,291,264,252,297,297,3,9,552,0,0
LMR,7,2,6,7,2,28001,0,1,1,0,0,-291,-290,-296,-404,-200,-200,1,4,0,1,0
LMR,5,1,4,3,5,-3805,0,1,0,0,0,-291,-290,-293,-237,-290,-290,7,9,-1436,0,0
LMR,7,1,6,6,2,4165,0,1,0,0,0,-291,-290,-302,-322,-290,-290,5,19,1993,0,0
LMR,5,1,4,3,5,-8115,0,1,0,0,0,-291,-290,-291,-305,-284,-285,4,8,653,0,0
LMR,4,1,3,4,2,23556,0,1,0,0,0,-291,-290,-341,-192,-247,-238,2,9,1294,0,0
LMR,5,1,4,5,2,1220,0,1,0,0,0,-291,-290,-393,-217,-247,-248,2,21,3198,0,0
LMR,7,1,6,6,4,-1455,0,1,0,0,0,-291,-290,-299,-161,-275,-290,1,9,-3355,0,0
LMR,6,1,5,5,9,-5187,0,0,1,0,0,290,291,277,246,293,297,6,6,0,0,0
LMR,7,1,6,6,3,3344,0,1,0,0,0,-291,-290,-291,-141,-273,-296,5,31,3064,0,0
LMR,7,1,6,5,21,-10416,0,1,0,0,0,-291,-290,-291,-141,-290,-290,10,9,-378,0,0
LMR,4,1,3,4,3,-10421,0,0,0,0,0,290,291,238,263,501,388,2,2,-1338,0,0
LMR,5,1,4,4,2,359,0,1,0,0,0,-291,-290,-327,-198,-283,-368,7,7,944,0,0
LMR,8,3,7,8,2,-9251,0,0,0,0,0,-318,-317,-529,-460,-317,-317,7,15,-1338,0,0
LMR,4,2,3,3,2,6777,0,0,1,0,0,290,291,249,191,291,291,5,6,0,0,0
LMR,5,1,4,4,9,-7798,0,1,0,0,0,-291,-290,-291,-179,-260,-291,4,15,-1338,0,0
LMR,5,1,4,4,18,-13825,0,1,0,0,0,-291,-290,-291,-179,-276,-272,4,6,-1338,0,0
LMR,3,1,2,3,2,-1530,0,1,0,0,0,-274,-273,-328,-185,-253,-274,1,10,-711,0,1
LMR,3,1,2,2,5,-7580,0,1,0,0,0,-274,-273,-274,-185,-256,-279,2,7,-2030,0,1
LMR,7,1,6,7,2,-6123,0,1,0,0,0,-291,-290,-356,-108,-263,-290,7,22,2181,0,0
LMR,5,1,4,5,2,729,0,1,0,0,0,-291,-290,-337,-211,-248,-263,3,11,-711,0,0
LMR,4,2,3,4,2,4302,0,0,0,0,0,290,291,238,233,339,318,2,6,-1338,0,0
LMR,8,4,7,7,2,13335,0,1,0,0,1,-291,-290,-312,-300,-288,-285,9,26,4069,0,0
LMR,8,5,7,8,3,-7114,0,0,0,0,1,290,291,235,286,300,285,19,48,4838,0,0
LMR,3,1,2,3,2,32692,0,1,0,0,0,-291,-290,-403,-274,-290,-291,11,14,3999,0,0
LMR,8,1,7,6,2,-413,0,1,0,0,0,-291,-290,-291,-210,-290,-291,7,20,5961,0,0
LMR,6,1,5,5,2,6987,0,1,0,0,0,290,291,250,167,295,295,22,14,8192,0,0
LMR,5,2,4,5,2,3221,0,0,0,0,0,290,291,265,270,379,319,7,6,6259,0,0
LMR,9,6,8,7,2,12009,0,0,0,0,0,290,291,290,214,292,292,29,37,3707,0,0
LMR,10,2,9,9,4,-63,0,1,0,0,0,-291,-290,-291,-183,-280,-291,10,75,-1153,0,0
LMR,8,3,7,7,2,9041,0,0,0,0,0,290,291,278,202,297,276,16,5,-1338,0,0
LMR,10,1,9,8,13,-18009,0,1,0,0,0,-291,-290,-291,-183,-286,-290,1,36,-1338,0,0
LMR,5,1,4,4,2,2202,0,1,0,0,0,-291,-290,-304,-234,-289,-290,3,6,3853,0,0
LMR,3,1,2,3,8,-3909,0,1,0,0,0,-283,-282,-283,-220,-220,-231,2,4,-1338,0,0
LMR,5,1,4,5,2,3927,0,1,1,0,0,317,318,317,447,453,350,1,2,0,0,0
LMR,6,2,5,6,3,-5894,0,0,0,0,0,-318,-317,-420,-653,-284,-284,3,4,-1338,0,0
LMR,9,1,8,8,5,-5355,0,1,0,0,0,317,318,317,363,333,348,7,28,-1338,0,0
LMR,5,1,4,4,5,-11091,0,1,0,0,1,-291,-290,-306,-312,-260,-265,1,4,-1338,0,0
LMR,6,3,5,6,2,43434,0,1,0,0,0,-291,-290,-324,-152,-260,-271,3,12,8192,0,0
LMR,4,1,3,3,2,-3625,0,0,0,0,0,290,291,264,229,302,300,1,3,-1006,0,0
LMR,6,1,5,4,5,-8799,0,1,0,0,0,-291,-290,-292,-256,-290,-298,4,6,-1338,0,0
LMR,6,1,5,5,19,-12529,0,1,0,0,0,-291,-290,-292,-256,-255,-265,5,8,-1338,0,0
LMR,3,1,2,3,2,31244,0,1,0,0,0,-291,-290,-328,-253,-266,-270,3,6,-1378,0,0
LMR,9,1,8,8,5,-13779,0,1,0,0,0,-291,-290,-291,-204,-275,-275,4,70,-1243,0,0
LMR,3,1,2,3,2,19098,0,1,0,0,0,-260,-259,-315,-121,-259,-259,4,6,-284,0,1
LMR,3,1,2,3,4,5626,0,1,0,0,0,-291,-290,-332,-200,-269,-290,3,8,-4709,0,0
LMR,4,1,3,4,2,8637,0,1,1,0,0,-291,-290,-349,-401,-271,-269,7,5,0,0,0
LMR,9,1,8,8,11,-14683,0,1,0,0,1,-291,-290,-309,-324,-290,-290,4,59,-1338,0,0
LMR,7,4,6,6,2,-6079,0,0,0,0,0,290,291,255,300,306,306,4,5,-1338,0,0
LMR,10,1,9,9,5,-9515,0,1,0,0,0,-291,-290,-304,-249,-279,-279,1,24,-1697,0,0
LMR,3,1,2,2,3,2879,0,1,0,0,0,-299,-298,-299,-237,-284,-292,3,16,-975,0,1
LMR,5,1,4,4,2,-3803,0,1,0,0,0,-291,-290,-311,-249,-290,-260,4,7,-1338,0,0
LMR,8,1,7,7,2,-2160,0,1,0,0,0,-291,-290,-314,-220,-272,-290,3,39,1765,0,0
LMR,6,1,5,4,5,11958,0,0,0,0,0,290,291,290,286,295,295,6,14,-1338,0,0
LMR,8,1,7,6,5,14373,0,1,0,0,0,-291,-290,-295,-99,-290,-294,8,42,-2108,0,0
LMR,8,1,7,8,11,-783,0,1,1,0,0,-291,-290,-294,-99,-209,-301,3,31,0,0,0
LMR,11,8,10,9,10,-3823,0,0,0,0,1,290,291,290,324,294,294,127,43,-1326,0,0
LMR,5,1,4,4,2,-1511,0,1,0,0,0,302,303,276,454,329,305,2,14,-1338,0,0
LMR,3,1,2,2,2,731,0,1,0,0,0,-314,-313,-334,-298,-293,-286,2,3,598,0,0
LMR,4,1,3,3,8,-3553,0,0,0,0,1,313,314,292,298,339,334,1,4,-1101,0,0
LMR,5,3,4,4,2,-3005,0,1,0,0,1,-314,-313,-314,-297,-298,-330,4,19,1725,0,1
LMR,7,1,6,7,2,13744,0,1,0,0,0,303,304,264,493,399,360,1,10,-1338,0,0
LMR,3,1,2,2,2,-6064,0,1,0,0,0,303,304,303,412,333,328,2,2,-1338,0,0
LMR,3,1,2,3,2,3007,0,0,0,0,0,-304,-303,-446,-303,-272,-298,1,2,-839,0,0
LMR,6,1,5,6,2,-12453,0,1,0,0,0,303,304,299,507,399,368,1,2,-383,0,0
LMR,5,1,4,5,3,22697,0,1,0,0,0,303,304,290,291,348,321,5,7,-1338,0,0
LMR,5,1,4,3,5,-7561,0,1,0,0,0,303,304,303,387,304,300,5,11,-1338,0,0
LMR,7,5,6,6,2,9138,0,0,0,0,0,-304,-303,-344,-363,-303,-300,38,10,-1338,0,0
LMR,8,3,7,8,6,-11887,0,0,0,0,0,303,304,279,289,363,363,6,9,-1338,0,0
LMR,6,3,5,6,2,-305,0,0,0,0,0,303,304,253,366,365,365,5,5,-1338,0,0
LMR,7,1,6,7,4,-18267,0,1,0,0,0,-304,-303,-346,-233,-173,-303,1,4,-1338,0,0
LMR,9,1,8,9,2,-8302,0,1,0,0,0,-304,-303,-356,-189,-272,-303,1,24,-1338,0,0
LMR,5,1,4,4,2,12517,0,1,0,0,0,-304,-303,-327,-306,-277,-281,6,3,-1338,0,0
LMR,11,1,10,11,12,-12582,0,1,0,0,0,-304,-303,-310,-263,-256,-303,5,97,-1338,0,0
LMR,3,1,2,3,3,4501,0,1,0,0,0,-304,-303,-391,-316,-286,-289,2,6,-1338,0,0
LMR,5,1,4,5,3,-4322,0,1,0,0,0,-304,-303,-328,-242,-252,-269,2,5,-1338,0,0
LMR,12,4,11,10,7,-10001,0,0,0,0,0,303,304,303,300,304,303,14,30,-1687,0,0
LMR,6,1,5,6,2,24566,0,1,0,0,0,-304,-303,-316,-189,-234,-261,1,5,-1338,0,0
LMR,13,8,12,11,3,1907,0,1,0,0,1,-304,-303,-304,-290,-300,-303,76,340,-1338,0,0
LMR,5,1,4,4,2,14353,0,1,0,0,0,-304,-303,-308,-157,-284,-271,4,9,2894,0,0
LMR,4,2,3,3,2,4684,0,1,0,0,1,-308,-307,-308,-213,-286,-279,6,6,-1338,0,1
LMR,7,1,6,6,4,-1571,0,0,0,0,0,303,304,295,266,310,309,3,8,-1338,0,0
LMR,10,3,9,9,2,8640,0,1,0,0,0,-304,-303,-308,-99,-289,-289,1,17,1374,0,0
LMR,4,1,3,3,2,-7965,0,1,0,0,0,-300,-299,-308,-145,-268,-299,2,7,5201,0,1
LMR,4,2,3,3,2,9579,0,1,0,0,1,-307,-306,-307,-243,-283,-292,2,5,-1338,0,1
LMR,5,1,4,4,25,-5755,0,1,0,0,0,-289,-288,-289,-219,-250,-286,1,0,2531,0,1
LMR,3,1,2,3,2,19349,0,1,0,0,0,-312,-311,-348,-354,-282,-287,3,6,1769,0,0
LMR,5,1,4,3,11,-2648,0,1,0,0,1,-312,-311,-312,-262,-307,-348,1,20,-3520,0,1
LMR,3,1,2,2,5,6713,0,1,0,0,0,303,304,273,302,311,311,2,3,-1338,0,0
LMR,5,1,4,5,4,-1605,0,0,0,0,0,-304,-303,-388,-452,-278,-275,1,6,-1338,0,0
LMR,5,1,4,5,2,-10813,0,1,0,0,0,303,304,294,417,407,279,8,12,-1338,0,0
LMR,5,1,4,4,18,-2075,0,0,1,0,0,-304,-303,-350,-450,-303,-303,7,8,0,0,0
LMR,5,1,4,5,3,5080,0,1,0,0,0,303,304,294,417,350,303,3,21,-2030,0,0
LMR,5,1,4,5,7,-2361,0,1,1,0,0,303,304,303,417,358,358,1,3,0,0,0
LMR,6,3,5,6,2,1401,0,0,1,0,0,-304,-303,-349,-548,74,-130,1,2,0,0,0
LMR,6,1,5,6,2,15405,0,1,0,0,0,303,304,297,313,352,154,1,61,-2194,0,0
LMR,6,1,5,5,5,7017,0,1,0,0,0,303,304,297,313,317,303,12,22,477,0,0
LMR,6,1,5,4,6,-788,0,1,1,0,0,303,304,303,313,308,302,2,4,0,0,0
LMR,5,3,4,5,2,4657,0,0,0,0,0,303,304,-325,321,304,344,8,9,4695,0,0
LMR,10,6,9,9,2,10442,0,0,0,0,0,303,304,299,303,310,333,15,45,8192,0,0
LMR,12,6,11,10,3,13739,0,1,0,0,0,-304,-303,-308,-320,-303,-330,124,95,4141,0,0
LMR,4,1,3,3,3,7799,0,1,0,0,0,317,318,314,425,346,360,3,9,-1338,0,0
LMR,5,1,4,5,4,-12274,0,1,0,0,0,317,318,283,511,350,346,3,29,-1338,0,0
LMR,5,1,4,5,3,-16262,0,1,0,0,0,317,318,294,328,348,372,2,10,-1338,0,0
LMR,9,1,8,8,3,-10357,0,1,0,0,0,317,318,296,409,318,317,4,32,477,0,0
LMR,7,1,6,6,11,-3896,0,0,1,0,0,-318,-317,-319,-330,-287,-287,2,4,0,0,0
LMR,9,1,8,7,4,-5214,0,1,0,0,0,317,318,317,409,318,290,4,36,-1566,0,0
LMR,9,1,8,8,5,-665,0,1,1,0,0,317,318,317,409,336,317,1,26,0,0,0
LMR,6,1,5,5,4,-1276,0,1,0,0,0,-304,-303,-322,-174,-286,-286,1,4,-1338,0,0
LMR,3,1,2,3,2,43098,0,1,0,0,0,-304,-303,-304,-242,-215,-276,4,8,5018,0,0
LMR,5,1,4,4,6,-5983,0,0,0,0,0,303,304,282,259,304,304,6,5,-1338,0,0
LMR,3,1,2,3,3,-1649,0,1,0,0,0,317,318,273,315,336,333,1,3,-1338,0,0
LMR,10,5,9,10,6,-5849,0,0,0,0,0,-318,-317,-354,-365,-235,-235,9,7,-1338,0,0
LMR,13,4,12,11,3,-9543,0,1,0,0,0,317,318,317,337,319,331,6,54,-2037,0,0
LMR,6,1,5,6,2,-4957,0,1,0,0,0,317,318,233,363,318,308,9,17,-1338,0,0
LMR,9,1,8,8,4,1737,0,1,0,0,0,317,318,314,384,333,309,2,39,-604,0,0
LMR,5,1,4,4,8,3616,0,1,0,0,0,317,318,303,222,324,313,3,10,-1338,0,0
LMR,9,1,8,7,4,-1867,0,1,0,0,0,317,318,313,225,318,317,4,17,-2030,0,0
LMR,13,10,12,12,2,-2769,0,0,1,0,0,-318,-317,-329,-333,-314,-317,76,84,0,0,0
LMR,7,1,6,6,8,-11329,0,0,0,0,0,317,318,306,261,345,331,2,0,-718,0,0
LMR,12,7,11,10,2,3680,0,1,1,0,1,317,318,317,340,318,318,40,6,0,0,0
LMR,4,1,3,4,4,-3580,0,1,0,0,0,317,318,317,411,409,328,3,10,4212,0,0
LMR,4,1,3,4,2,11687,0,1,0,0,0,317,318,317,409,422,336,1,6,1093,0,0
LMR,7,2,6,6,8,-12426,0,0,0,0,0,-318,-317,-362,-328,-316,-402,3,2,5,0,0
LMR,4,1,3,3,4,-3480,0,1,0,0,0,317,318,300,400,336,318,2,8,-1338,0,0
LMR,3,1,2,3,4,471,0,0,0,0,0,-318,-317,-377,-467,-253,-306,3,1,-1338,0,0
LMR,3,1,2,3,3,-5439,0,1,0,0,0,317,318,309,387,389,308,2,8,-1338,0,0
LMR,3,1,2,3,3,11762,0,0,0,0,0,-318,-317,-400,-496,-252,-303,3,1,-1202,0,0
LMR,3,1,2,3,4,105,0,1,0,0,0,317,318,309,387,418,306,2,7,-1338,0,0
LMR,5,3,4,4,3,14619,0,0,0,0,0,-318,-317,-318,-442,-309,-309,55,12,-1338,0,0
LMR,6,1,5,5,5,3608,0,1,0,0,0,317,318,306,420,332,310,3,113,-1338,0,0
LMR,6,1,5,6,7,14456,0,1,0,0,0,317,318,310,420,366,366,2,3,140,0,0
LMR,5,1,4,5,2,3423,0,1,0,0,0,317,318,270,439,538,333,1,2,-1338,0,0
LMR,6,1,5,6,2,6928,0,1,0,0,0,317,318,257,471,374,330,1,8,-1338,0,0
LMR,5,1,4,4,2,19675,0,1,0,0,0,317,318,300,422,330,338,2,7,1322,0,0
LMR,4,1,3,4,2,16617,0,1,0,0,0,317,318,317,368,390,367,1,8,1613,0,0
LMR,4,1,3,3,3,4798,0,1,0,0,0,317,318,314,453,353,347,4,4,-310,0,0
LMR,9,5,8,9,2,26079,0,1,0,0,0,317,318,317,615,427,318,8,17,-1338,0,0
LMR,3,1,2,2,4,14847,0,1,0,0,0,317,318,300,356,329,310,2,7,1715,0,0
LMR,8,2,7,6,2,16669,0,1,0,0,0,317,318,311,390,318,330,3,8,5848,0,0
LMR,4,1,3,3,2,4884,0,1,1,0,0,377,378,377,213,405,401,2,3,0,0,1
LMR,6,1,5,5,6,-1736,0,1,0,0,0,331,332,313,332,332,337,5,16,-1338,0,0
LMR,5,3,4,4,3,9229,0,0,0,0,0,-332,-331,-341,-306,-322,-321,6,2,-1338,0,0
LMR,10,4,9,9,21,-14759,0,0,0,0,0,-332,-331,-332,-344,-322,-322,4,25,-1338,0,0
LMR,12,3,11,10,31,-17031,0,0,0,0,0,-332,-331,-332,-332,-331,-306,3,18,-1338,0,0
LMR,12,5,11,12,2,12089,0,1,0,0,0,331,332,243,266,332,307,81,188,-1338,0,0
LMR,12,1,11,11,11,-14328,0,1,0,0,0,331,332,307,266,337,332,6,55,-1338,0,0
LMR,9,3,8,8,3,-12672,0,0,0,0,0,-332,-331,-340,-628,-331,-331,14,15,-1338,0,0
LMR,12,7,11,10,8,-6323,0,0,1,0,0,-332,-331,-332,-322,-331,-331,73,27,0,0,0
LMR,5,1,4,5,2,2651,0,1,1,0,0,-332,-331,-361,-278,-300,-304,2,4,0,0,0
LMR,13,10,12,13,2,1079,0,0,1,0,0,-332,-331,-770,-325,-324,-331,137,582,0,0,0
LMR,5,1,4,4,3,-1994,0,1,0,0,0,-305,-304,-305,-240,-285,-304,4,9,744,0,0
LMR,3,1,2,3,2,9520,0,1,1,0,0,-305,-304,-625,-145,-258,-258,3,4,0,0,0
LMR,7,1,6,6,2,5549,0,1,1,0,0,-305,-304,-307,-141,-264,-269,3,23,0,0,0
LMR,3,1,2,3,4,-1860,0,1,0,0,0,-305,-304,-305,-226,-245,-288,2,2,-1338,0,0
LMR,6,1,5,6,3,1298,0,1,0,0,0,-305,-304,-337,-154,-207,-292,2,15,-1338,0,0
LMR,6,2,5,5,3,32549,0,1,0,0,0,-305,-304,-305,-218,-270,-270,4,7,7582,0,0
LMR,9,7,8,8,2,1942,0,0,0,0,0,304,305,303,312,313,299,13,12,503,0,0
LMR,5,1,4,5,16,330,0,1,1,0,0,-305,-304,-344,-284,-278,-282,2,5,0,0,0
LMR,9,1,8,8,17,-17110,0,0,0,0,0,304,305,303,312,349,339,3,14,-2573,0,0
LMR,10,7,9,9,3,5217,0,0,0,0,0,-305,-304,-342,-536,-304,-304,41,27,4454,0,0
LMR,5,1,4,4,6,-14435,0,1,0,0,0,-305,-304,-318,-266,-303,-304,3,18,-1338,0,0
LMR,7,2,6,5,13,-1230,0,1,1,0,1,-305,-304,-305,-266,-301,-300,5,10,0,0,0
LMR,12,7,11,10,3,-1316,0,1,1,0,1,-305,-304,-305,-301,-304,-304,166,115,0,0,0
LMR,3,1,2,3,2,11717,0,1,1,0,0,-298,-297,-353,-264,-226,-239,2,3,0,0,0
LMR,4,1,3,4,2,33442,0,1,0,0,0,-298,-297,-351,-155,-282,-276,2,28,7687,0,1
LMR,3,1,2,3,2,14237,0,1,0,0,0,-305,-304,-421,-231,-207,-251,2,4,-1338,0,0
LMR,4,1,3,4,3,7782,0,0,0,0,0,304,305,264,259,337,326,5,5,-1338,0,0
LMR,5,1,4,4,11,-12982,0,1,0,0,0,-305,-304,-322,-217,-272,-321,1,20,-1338,0,0
LMR,5,1,4,4,7,-5766,0,1,0,0,0,-305,-304,-316,-308,-304,-300,4,15,-1320,0,0
LMR,5,1,4,3,4,-136,0,1,0,0,0,307,308,305,337,308,332,5,7,-3433,0,1
LMR,11,4,10,9,2,7414,0,1,0,0,0,331,332,326,337,332,332,10,48,-2697,0,0
LMR,5,2,4,4,3,7925,0,1,0,0,1,296,297,294,322,304,300,2,17,4757,0,1
LMR,5,1,4,4,7,-5074,0,1,0,0,0,331,332,327,330,343,346,8,9,-1338,0,0
LMR,5,3,4,5,2,4203,0,0,0,0,0,-332,-331,-566,-450,-331,-343,16,27,8192,0,0
LMR,3,1,2,3,2,-2269,0,0,0,0,0,-332,-331,-377,-459,-218,-273,1,2,-1338,0,0
LMR,6,1,5,6,6,-12642,0,1,0,0,0,331,332,326,586,459,385,2,16,-1338,0,0
LMR,6,1,5,5,4,-12593,0,1,0,0,0,331,332,329,480,362,330,4,26,3038,0,0
LMR,6,1,5,4,6,8122,0,1,0,0,0,331,332,330,480,332,332,3,17,-5291,0,0
LMR,10,2,9,10,12,-4068,0,0,1,0,0,-332,-331,-377,-419,-321,-329,9,14,0,0,0
LMR,14,8,13,12,5,-7224,0,0,0,0,0,-332,-331,-332,-362,-329,-331,65,83,2162,0,0
LMR,4,1,3,3,3,-5400,0,0,0,0,0,331,332,331,282,350,334,1,6,-1338,0,0
LMR,7,1,6,6,5,50,0,1,0,0,0,-332,-331,-332,-283,-299,-318,4,12,-2742,0,0
LMR,6,1,5,5,15,-4157,0,0,0,0,0,331,332,328,295,357,335,2,10,-1338,0,0
LMR,6,1,5,6,3,3508,0,1,0,0,0,-332,-331,-368,-351,-295,-334,2,29,-1338,0,0
LMR,3,1,2,2,2,1931,0,1,0,0,0,-332,-331,-332,-378,-302,-307,1,1,-2198,0,0
LMR,6,1,5,6,4,-214,0,1,0,0,0,331,332,284,402,485,359,1,8,-1338,0,0
LMR,8,4,7,7,2,-7868,0,0,0,0,0,-332,-331,-355,-362,-313,-313,6,7,-2424,0,0
LMR,9,1,8,8,8,-1497,0,1,0,0,0,331,332,330,477,362,315,2,31,-1338,0,0
LMR,6,1,5,6,28,-11372,0,1,0,0,0,331,332,331,376,513,334,1,8,-2194,0,0
LMR,9,1,8,8,11,-13385,0,1,0,0,0,331,332,331,477,350,333,1,38,-1523,0,0
LMR,3,1,2,3,2,6922,0,1,0,0,0,331,332,242,141,437,418,2,3,-1338,0,0
LMR,7,1,6,6,3,-9710,0,1,0,0,0,331,332,292,405,339,385,3,14,5829,0,0
LMR,8,1,7,8,17,-12290,0,1,0,0,0,331,332,331,331,386,352,2,38,-1338,0,0
LMR,11,2,10,9,3,-15084,0,0,0,0,0,-332,-331,-332,-418,-331,-349,10,64,-1338,0,0
LMR,5,1,4,3,8,-10518,0,1,0,0,0,331,332,331,411,335,331,1,8,-1338,0,0
LMR,8,5,7,6,2,6819,0,0,0,0,0,-332,-331,-332,-428,-331,-332,21,8,-174,0,0
LMR,6,1,5,4,17,-10281,0,1,0,0,0,331,332,331,316,332,332,6,9,-1338,0,0
LMR,8,2,7,7,3,-3874,0,0,0,0,0,-332,-331,-332,-428,-316,-332,7,32,-1338,0,0
LMR,9,1,8,8,16,-14246,0,1,0,0,0,331,332,331,323,341,332,2,78,-1338,0,0
LMR,11,2,10,10,9,-4941,0,0,0,0,0,-332,-331,-332,-418,-323,-332,7,101,-1338,0,0
LMR,11,1,10,11,10,-11240,0,1,0,0,0,331,332,331,430,394,332,1,317,-1338,0,0
LMR,3,1,2,3,6,-6143,0,1,0,0,0,331,332,331,352,439,420,1,8,-1848,0,0
LMR,5,1,4,4,11,-12988,0,1,0,0,0,331,332,331,405,349,331,4,11,-1457,0,0
LMR,13,5,12,11,9,-6474,0,0,0,0,0,-332,-331,-332,-351,-331,-331,34,45,-86,0,0
LMR,15,7,14,13,6,12780,0,1,0,0,0,331,332,331,399,334,331,42,505,-159,0,0
LMR,5,1,4,4,2,24179,0,1,0,0,0,-332,-331,-342,-208,-331,-331,3,4,-885,0,0
LMR,8,1,7,8,3,-6465,0,1,0,0,0,-332,-331,-333,-178,-3,-312,2,12,3806,0,0
LMR,10,6,9,8,2,18737,0,1,0,0,0,-305,-304,-305,-171,-304,-304,14,22,2699,0,0
LMR,5,1,4,3,3,-9018,0,1,0,0,0,304,305,304,456,305,305,8,10,-681,0,0
LMR,5,1,4,5,2,-4971,0,1,0,0,0,331,332,290,414,390,354,1,6,-3121,0,0
LMR,3,1,2,2,2,-283,0,1,0,0,0,331,332,312,333,337,338,6,5,1610,0,0
LMR,7,1,6,5,10,-4639,0,1,1,0,1,-305,-304,-307,-297,-303,-304,7,13,0,0,0
LMR,6,1,5,6,2,2625,0,1,1,0,0,304,305,304,253,359,363,2,5,0,0,0
LMR,4,1,3,4,3,-6158,0,1,0,0,0,304,305,225,317,351,351,1,4,4223,0,0
LMR,4,1,3,2,16,-1523,0,1,0,0,0,-305,-304,-305,-236,-304,-304,7,4,-6346,0,0
LMR,9,6,8,7,3,10699,0,1,0,0,1,-305,-304,-305,-292,-304,-304,24,58,-792,0,0
LMR,6,1,5,5,2,17303,0,1,0,0,0,-305,-304,-305,-268,-297,-304,3,19,-752,0,0
LMR,4,1,3,3,3,-2483,0,1,0,0,0,-286,-285,-286,-242,-257,-261,4,6,-2769,0,1
LMR,4,1,3,2,3,3855,0,1,0,0,0,-305,-304,-305,-174,-304,-304,4,5,-4097,0,0
LMR,4,1,3,2,5,-6193,0,1,0,0,1,-308,-307,-308,-253,-304,-320,2,3,-1718,0,1
LMR,5,1,4,4,2,-9936,0,1,0,0,0,-305,-304,-312,-313,-261,-261,3,5,-1338,0,0
LMR,6,3,5,5,3,7945,0,0,0,0,0,304,305,304,211,312,268,2,10,-1338,0,0
LMR,3,1,2,3,3,5486,0,1,1,0,0,-305,-304,-305,-587,-42,-184,1,3,0,0,0
LMR,4,1,3,3,3,9905,0,1,0,0,0,304,305,304,391,318,304,1,7,-1338,0,0
LMR,4,1,3,4,6,-4190,0,1,0,0,0,-305,-304,-330,-284,-259,-267,1,9,-1338,0,0
LMR,9,4,8,7,3,-10773,0,1,0,0,1,-305,-304,-305,-240,-304,-304,18,51,-1904,0,0
LMR,7,1,6,7,10,-7404,0,0,0,0,0,304,305,304,247,401,310,2,7,900,0,0
LMR,8,1,7,7,3,-1850,0,1,0,0,0,-305,-304,-312,-185,-292,-309,1,24,-1838,0,0
LMR,5,1,4,3,15,-10883,0,1,0,0,0,-305,-304,-306,-320,-304,-304,3,4,-1338,0,0
LMR,5,3,4,5,2,4728,0,0,0,0,0,304,305,233,281,320,304,5,21,-1338,0,0
LMR,5,1,4,5,7,-372,0,1,0,0,0,-305,-304,-347,-244,-281,-304,2,41,-1338,0,0
LMR,8,1,7,7,5,-6326,0,1,0,0,0,-305,-304,-309,-185,-278,-304,1,60,-1338,0,0
LMR,8,5,7,7,2,42244,0,1,0,0,0,-305,-304,-346,-183,-293,-234,4,10,6716,0,0
LMR,7,1,6,6,2,-427,0,1,0,0,0,-305,-304,-309,-143,-257,-294,1,13,-1338,0,0
LMR,5,1,4,5,6,-1276,0,1,0,0,0,-305,-304,-315,-263,-190,-222,2,4,-1338,0,0
LMR,4,1,3,4,6,-1217,0,1,0,0,0,-305,-304,-345,-369,198,-85,2,3,-1338,0,0
LMR,5,1,4,4,4,3548,0,0,0,0,0,304,305,273,253,324,128,2,10,-1338,0,0
LMR,5,1,4,5,10,-1461,0,1,0,0,0,-305,-304,-325,-243,-266,-298,2,18,-2565,0,0
LMR,7,3,6,5,3,8207,0,0,0,0,0,304,305,299,297,305,306,7,15,-2444,0,0
LMR,8,1,7,7,14,-2566,0,1,0,0,0,-305,-304,-305,-223,-297,-305,3,65,-2469,0,0
LMR,4,1,3,4,3,1150,0,1,0,0,0,304,305,304,359,366,352,1,3,3722,0,0
LMR,9,2,8,7,9,-10330,0,1,0,0,1,-305,-304,-305,-253,-304,-304,6,13,-2312,0,0
LMR,3,1,2,2,2,12025,0,1,0,0,0,-305,-304,-307,-216,-256,-261,2,2,2195,0,0
LMR,7,3,6,7,2,30295,0,1,0,0,0,-305,-304,-319,-57,-240,-277,5,16,7017,0,0
LMR,4,1,3,4,2,38861,0,1,0,0,0,-305,-304,-412,-264,-58,-302,1,13,8192,0,0
LMR,3,1,2,2,2,15139,0,1,0,0,0,-305,-304,-345,-240,-296,-296,1,1,1129,0,0
LMR,4,1,3,4,5,-8680,0,1,0,0,1,-312,-311,-323,-205,-251,-278,6,15,-1632,0,1
LMR,6,1,5,5,2,18270,0,1,0,0,0,-305,-304,-323,-252,-276,-300,2,15,-2742,0,0
LMR,4,1,3,4,2,-488,0,1,0,0,0,-299,-298,-343,-165,-276,-280,2,13,5537,0,1
LMR,4,1,3,4,3,7594,0,1,0,0,0,-288,-287,-317,-238,-262,-286,2,0,2772,0,1
LMR,5,1,4,4,7,-2920,0,1,0,0,0,-342,-341,-350,-304,-329,-341,2,3,-2108,0,1
LMR,6,1,5,5,2,5295,0,1,0,0,0,-286,-285,-320,-275,-285,-270,5,14,-1430,0,0
LMR,3,1,2,2,7,-6769,0,0,0,0,0,285,286,269,298,315,310,2,5,-3382,0,0
LMR,4,1,3,3,3,5469,0,1,0,0,0,-288,-287,-299,-375,-256,-261,1,2,-1123,0,0
LMR,5,1,4,5,4,-6968,0,1,0,0,0,286,287,280,279,336,327,4,6,-1135,0,0
LMR,5,1,4,5,2,-5654,0,0,0,0,0,-287,-286,-377,-346,-237,-256,2,5,-1338,0,0
LMR,5,1,4,5,2,-868,0,1,0,0,0,286,287,142,276,346,261,4,9,-1338,0,0
LMR,5,1,4,4,3,7899,0,1,0,0,0,286,287,261,276,287,287,13,12,-1338,0,0
LMR,6,1,5,4,4,-4913,0,1,0,0,0,286,287,286,367,291,298,2,15,-1027,0,0
LMR,5,1,4,5,6,-5227,0,1,0,0,0,286,287,266,337,342,308,2,8,-2003,0,0
LMR,3,1,2,2,5,-319,0,0,0,0,0,-287,-286,-291,-336,-261,-291,6,6,-1229,0,0
LMR,4,2,3,4,2,8535,0,0,0,0,0,-287,-286,-349,-335,-282,-283,2,5,-1338,0,0
LMR,5,1,4,4,7,-3170,0,1,0,0,0,286,287,282,370,295,283,2,9,-1338,0,0
LMR,3,1,2,3,2,8296,0,1,1,0,0,-286,-285,-434,-390,-278,-281,9,11,0,0,0
LMR,6,1,5,5,2,5527,0,1,0,0,0,-286,-285,-299,-228,-283,-285,6,33,-1338,0,0
LMR,5,3,4,4,2,7086,0,0,0,0,0,285,286,244,288,288,288,9,7,-49,0,0
LMR,5,1,4,4,2,22132,0,1,0,0,0,-286,-285,-314,-258,-261,-265,2,20,-712,0,0
LMR,7,3,6,7,5,17310,0,0,0,0,0,285,286,268,255,353,315,4,11,-1338,0,0
LMR,8,1,7,7,4,8319,0,1,0,0,0,-286,-285,-286,-277,-273,-311,3,50,-2470,0,0
LMR,5,1,4,5,2,3901,0,1,0,0,0,303,304,255,332,332,315,3,5,845,0,0
LMR,5,1,4,5,2,14655,0,1,0,0,0,-286,-285,-291,-268,-222,-265,2,6,-1338,0,0
LMR,5,1,4,5,2,14014,0,1,0,0,0,-286,-285,-356,-195,-229,-237,3,7,-1338,0,0
LMR,5,1,4,3,3,5832,0,1,0,0,0,-286,-285,-286,-154,-285,-241,4,8,-884,0,0
LMR,9,2,8,7,8,5948,0,0,0,0,0,285,286,285,226,286,304,24,21,94,0,0
LMR,3,1,2,2,4,-6998,0,1,0,0,0,303,304,299,399,334,338,2,3,-1338,0,0
LMR,7,1,6,6,2,16347,0,1,0,0,0,303,304,284,417,327,342,4,9,-1338,0,0
LMR,6,2,5,6,2,20625,0,1,0,0,0,305,306,302,435,394,366,4,13,3587,0,1
LMR,3,1,2,2,3,-6075,0,1,0,0,0,-317,-316,-322,-304,-310,-309,2,2,2171,0,0
LMR,3,1,2,2,2,25098,0,1,0,0,0,303,304,299,407,317,313,3,6,-1338,0,0
LMR,6,1,5,5,3,11796,0,1,0,0,0,303,304,303,445,348,308,2,39,-1426,0,0
LMR,3,1,2,3,2,4334,0,0,1,0,0,-304,-303,-1252,-303,-284,-287,2,3,0,0,0
LMR,3,1,2,2,3,-6319,0,1,0,0,0,303,304,282,312,328,331,3,2,-1338,0,0
LMR,6,1,5,4,13,-2640,0,1,1,0,0,303,304,303,424,307,324,1,10,0,0,0
LMR,5,1,4,4,10,-11643,0,1,0,0,0,303,304,295,316,328,308,6,5,-1338,0,0
LMR,8,1,7,7,4,-21080,0,1,0,0,0,303,304,293,299,304,307,6,43,-1338,0,0
LMR,11,4,10,9,8,2102,0,0,0,0,0,-304,-303,-306,-372,-299,-306,22,59,-2742,0,0
LMR,3,1,2,3,2,9144,0,0,1,0,0,-304,-303,-314,-480,-252,-292,2,5,0,0,0
LMR,6,1,5,5,2,8273,0,1,0,0,0,303,304,294,483,304,304,4,43,7128,0,0
LMR,5,1,4,4,12,-13042,0,1,0,0,0,303,304,303,337,325,322,3,5,-1338,0,0
LMR,5,1,4,4,2,6742,0,1,0,0,0,303,304,297,386,325,316,3,8,-1338,0,0
LMR,9,1,8,9,2,-10993,0,1,0,0,0,303,304,204,451,311,311,1,18,4346,0,0
LMR,5,1,4,5,3,-6994,0,0,0,0,0,-304,-303,-547,-384,-269,-297,4,6,-1338,0,0
LMR,5,1,4,5,4,-4351,0,1,0,0,0,303,304,268,254,384,298,4,12,1418,0,0
LMR,6,1,5,6,2,14611,0,1,0,0,0,303,304,215,416,365,317,2,3,433,0,0
LMR,9,3,8,8,2,16092,0,1,0,0,0,303,304,299,461,343,315,3,22,-419,0,0
LMR,4,1,3,3,2,9222,0,1,0,0,0,404,405,394,326,444,463,9,8,6118,0,1
LMR,3,1,2,2,9,-5862,0,1,0,0,0,335,336,315,365,357,353,2,4,-1338,0,1
LMR,5,1,4,5,2,-2569,0,0,0,0,0,62,63,-209,-203,79,76,4,13,-1338,0,0
LMR,5,1,4,4,3,-8189,0,1,0,0,0,-304,-303,-328,-213,-275,-281,1,5,-1338,0,0
LMR,6,1,5,5,3,9972,0,1,0,0,0,-304,-303,-327,-41,-283,-303,4,28,-1338,0,0
LMR,6,1,5,5,2,25463,0,1,0,0,0,-304,-303,-325,-218,-303,-294,3,16,-1923,0,0
LMR,3,1,2,3,2,401,0,1,0,0,1,-316,-315,-685,-269,-310,-311,1,7,2960,0,1
LMR,3,1,2,2,2,4884,0,0,1,0,0,303,304,303,181,312,312,2,1,0,0,0
LMR,6,1,5,6,2,6393,0,1,0,0,0,-304,-303,-310,-194,-243,-258,1,11,-5961,0,0
LMR,5,1,4,5,2,676,0,1,1,0,0,-304,-303,-316,-305,-241,-241,5,4,0,0,0
LMR,4,2,3,4,3,17991,0,0,0,0,0,303,304,249,345,406,388,1,4,-1338,0,0
LMR,7,1,6,6,3,-495,0,1,0,0,0,-304,-303,-319,-302,-272,-283,3,10,-1684,0,0
LMR,6,1,5,6,5,4953,0,1,0,0,0,-304,-303,-325,-151,-242,-291,1,28,-3293,0,0
LMR,6,1,5,5,3,-4719,0,1,0,0,0,-304,-303,-304,-100,-280,-280,1,9,1045,0,0
LMR,6,2,5,4,3,-3125,0,0,0,0,0,285,286,280,221,286,286,8,8,-1338,0,0
LMR,6,1,5,5,16,164,0,1,1,0,0,-286,-285,-286,-246,-249,-255,1,2,0,0,0
LMR,9,2,8,8,2,43,0,1,0,0,0,-286,-285,-286,-126,-268,-285,5,44,-2597,0,0
LMR,5,1,4,4,2,8376,0,1,0,0,0,-286,-285,-318,-112,-275,-265,3,9,7830,0,0
LMR,6,2,5,6,3,-1309,0,0,1,0,0,285,286,221,-7,443,341,5,3,0,0,0
LMR,7,1,6,7,2,14856,0,1,1,0,0,-286,-285,-333,-126,-217,-217,2,12,0,0,0
LMR,5,1,4,4,10,-15896,0,1,0,0,0,-286,-285,-300,-178,-280,-302,2,2,-1338,0,0
LMR,9,5,8,8,2,-3765,0,0,0,0,0,285,286,283,148,293,286,18,24,-2321,0,0
LMR,10,1,9,9,20,-16526,0,1,0,0,0,-286,-285,-286,-286,-242,-286,1,49,-3858,0,0
LMR,12,5,11,10,4,-10339,0,0,0,0,0,285,286,280,258,286,286,22,94,-1841,0,0
LMR,5,1,4,5,7,-11422,0,1,0,0,0,285,286,263,247,323,378,3,8,-1338,0,0
LMR,5,1,4,5,2,-1946,0,0,0,0,0,-286,-285,-343,-414,-247,-362,5,19,-1338,0,0
LMR,6,1,5,5,3,-1117,0,1,0,0,0,285,286,263,420,286,343,2,34,-1106,0,0
LMR,6,1,5,6,2,4048,0,1,0,0,0,285,286,242,444,305,319,2,22,-492,0,0
LMR,3,1,2,3,5,4413,0,0,0,0,0,-286,-285,-318,-281,-226,-281,2,7,-5156,0,0
LMR,5,1,4,4,2,-8661,0,1,0,0,0,285,286,282,434,296,285,1,12,8192,0,0
LMR,5,1,4,4,3,7176,0,1,0,0,0,285,286,285,434,338,298,1,7,-3882,0,0
LMR,9,1,8,8,6,-12069,0,1,0,0,0,303,304,291,432,337,295,1,21,-5228,0,0
LMR,9,1,8,8,8,8531,0,1,0,0,0,303,304,295,432,304,295,8,15,7331,0,0
LMR,4,1,3,3,17,-205,0,1,1,0,0,-286,-285,-290,-239,-254,-259,3,4,0,0,0
LMR,9,5,8,8,2,30362,0,1,0,0,0,285,286,285,306,322,293,16,15,7166,0,0
LMR,8,4,7,7,2,12044,0,0,1,0,0,-286,-285,-292,-317,-284,-283,18,24,0,0,0
LMR,9,4,8,7,2,15692,0,1,0,0,0,285,286,283,317,286,283,13,139,2034,0,0
LMR,9,5,8,8,2,31408,0,1,0,0,0,-286,-285,-286,-206,-267,-266,7,19,-1111,0,0
LMR,3,1,2,3,2,2310,0,0,0,0,0,300,301,75,305,339,332,2,3,-204,0,0
LMR,4,1,3,3,5,-6623,0,1,0,0,0,-301,-300,-324,-111,-287,-313,2,2,-2742,0,1
LMR,3,1,2,3,2,8919,0,0,0,0,0,300,301,207,210,301,301,10,6,-1338,0,0
LMR,4,1,3,3,6,-7524,0,1,0,0,0,-301,-300,-313,-111,-278,-301,2,18,-1791,0,1
LMR,5,1,4,4,4,3025,0,0,0,0,0,285,286,265,176,299,286,1,7,-1293,0,0
LMR,5,1,4,5,2,-397,0,1,1,0,0,-286,-285,-380,-205,-248,-281,8,20,0,0,0
LMR,5,1,4,4,9,-815,0,1,1,0,0,-286,-285,-296,-251,-278,-285,5,16,0,0,0
LMR,6,1,5,6,2,4398,0,1,0,0,0,-286,-285,-1136,-227,-281,-285,4,53,4266,0,0
LMR,3,1,2,3,3,-3192,0,1,0,0,0,-286,-285,-298,-159,-163,-185,1,1,-1338,0,0
LMR,6,1,5,6,2,18610,0,1,0,0,0,-286,-285,-298,-88,-90,-228,2,6,1303,0,0
LMR,5,1,4,5,3,12783,0,1,0,0,0,-286,-285,-295,-151,-211,-279,4,11,-1189,0,0
LMR,5,2,4,5,3,12154,0,0,0,0,0,285,286,280,262,409,351,1,12,3082,0,0
LMR,3,1,2,2,2,9962,0,1,0,0,0,-306,-305,-325,-284,-297,-282,2,6,-592,0,1
LMR,10,5,9,9,2,16925,0,1,0,0,0,-286,-285,-286,-179,-277,-270,18,42,5334,0,0
LMR,4,1,3,3,2,-1949,0,1,1,0,0,345,346,324,251,361,358,1,1,0,0,1
LMR,3,1,2,3,2,11418,0,1,1,0,0,544,545,419,-22,1446,1349,0,2,0,0,0
LMR,9,4,8,8,5,-8496,0,0,0,0,0,-304,-303,-341,-313,-303,-303,11,26,-2509,0,0
LMR,4,1,3,3,2,2082,0,1,0,0,0,-299,-298,-333,-203,-298,-279,2,4,-848,0,1
LMR,6,1,5,5,2,16851,0,1,0,0,0,-286,-285,-300,-219,-284,-285,4,20,-1338,0,0
LMR,4,1,3,2,2,4970,0,1,0,0,0,-299,-298,-299,-358,-298,-298,9,4,2698,0,1
LMR,3,1,2,2,5,4646,0,1,0,0,1,-306,-305,-306,-303,-296,-300,3,8,-353,0,1
LMR,5,1,4,4,6,-3645,0,1,0,0,0,-286,-285,-306,-203,-285,-268,10,16,-1974,0,0
LMR,4,2,3,4,2,4519,0,0,1,0,0,285,286,170,262,331,288,1,4,0,0,0
LMR,5,1,4,4,3,10675,0,1,0,0,0,-286,-285,-286,-258,-268,-268,5,9,8192,0,0
LMR,7,1,6,6,4,2364,0,1,0,0,0,-286,-285,-287,-194,-273,-270,6,32,-1338,0,0
LMR,3,1,2,3,2,25237,0,1,0,0,0,-296,-295,-355,-205,-255,-290,2,8,3443,0,1
LMR,9,3,8,7,2,17043,0,1,0,0,0,-286,-285,-292,-155,-285,-280,6,9,1277,0,0
LMR,3,1,2,2,2,7426,0,0,0,0,0,285,286,268,243,297,245,4,12,62,0,0
LMR,8,5,7,6,3,13187,0,1,0,0,1,285,286,285,306,286,285,33,16,3164,0,0
LMR,10,7,9,8,2,22713,0,1,0,0,1,-286,-285,-286,-304,-285,-285,134,0,2996,0,0
LMR,3,1,2,2,2,3823,0,0,1,0,0,278,279,264,245,279,279,14,5,0,0,0
LMR,3,1,2,3,2,19528,0,1,0,0,0,-279,-278,-344,-179,-271,-279,4,21,-1338,0,1
LMR,3,1,2,2,5,-2535,0,1,0,0,0,-279,-278,-279,-179,-238,-245,3,3,-1338,0,1
LMR,3,1,2,3,2,6747,0,1,0,0,0,-271,-270,-346,-157,-241,-270,2,6,-2167,0,1
LMR,3,1,2,3,2,286,0,1,0,0,0,-286,-285,-600,-357,-256,-261,5,3,8192,0,0
LMR,3,1,2,2,2,13831,0,0,0,0,0,285,286,249,241,287,287,3,6,-1338,0,0
LMR,5,1,4,3,4,90,0,1,0,0,0,-286,-285,-286,-229,-285,-286,5,13,-1338,0,0
LMR,5,1,4,3,9,-3764,0,1,0,0,0,-286,-285,-286,-229,-285,-285,9,10,-1142,0,0
LMR,4,1,3,3,2,5443,0,1,0,0,0,-286,-285,-306,-255,-263,-267,3,3,8092,0,1
LMR,3,1,2,2,3,8941,0,1,0,0,0,-296,-295,-296,-228,-286,-286,2,2,-438,0,1
LMR,3,1,2,3,7,-1323,0,1,1,0,0,-286,-285,-340,-503,-284,-284,1,1,0,0,0
LMR,3,1,2,3,4,2536,0,0,1,0,0,285,286,285,67,503,284,1,6,0,0,0
LMR,4,1,3,3,2,1819,0,1,1,0,0,-286,-285,-314,-169,-285,-285,20,17,0,0,0
LMR,4,1,3,4,2,36137,0,1,0,0,0,-286,-285,-788,-283,-285,-277,4,11,-1338,0,0
LMR,10,1,9,9,5,-10037,0,0,0,0,0,285,286,278,222,289,285,3,29,-2589,0,0
LMR,5,1,4,4,11,-7500,0,0,0,0,0,285,286,285,409,297,237,3,4,-1338,0,0
LMR,10,1,9,9,6,-14124,0,0,0,0,0,285,286,285,222,322,285,2,40,-1360,0,0
LMR,6,3,5,6,2,37697,0,1,0,0,0,-286,-285,-400,-163,-225,-225,2,4,-1338,0,0
LMR,5,1,4,4,2,17802,0,1,0,0,0,-286,-285,-295,-138,-285,-285,1,0,-1338,0,0
LMR,3,1,2,3,2,12431,0,1,1,0,0,-286,-285,-307,-114,-248,-231,3,5,0,0,0
LMR,7,2,6,6,7,-6310,0,0,0,0,0,285,286,264,220,286,286,4,10,-1338,0,0
LMR,7,1,6,7,3,-5356,0,1,0,0,0,-286,-285,-286,-247,-220,-286,1,23,-1338,0,0
LMR,7,1,6,6,4,2092,0,1,0,0,0,-286,-285,-286,-247,-275,-286,1,11,-1338,0,0
LMR,7,1,6,5,18,-14205,0,1,0,0,0,-286,-285,-286,-247,-285,-260,3,13,-1338,0,0
LMR,9,6,8,8,4,9019,0,0,0,0,0,285,286,263,248,286,272,10,11,5019,0,0
LMR,6,1,5,5,2,6186,0,1,0,0,0,-286,-285,-286,-177,-272,-272,1,4,1583,0,0
LMR,5,1,4,4,3,6617,0,1,0,0,0,-286,-285,-296,-154,-285,-285,9,9,-5939,0,0
LMR,5,1,4,5,3,-8492,0,1,0,0,0,-316,-315,-323,-269,-206,-300,1,9,-1338,0,1
LMR,10,4,9,9,4,-16000,0,0,0,0,0,285,286,273,11,290,290,8,20,-1338,0,0
LMR,11,5,10,10,4,19943,0,1,0,0,0,-286,-285,-289,-127,-273,-285,21,36,8114,0,0
LMR,3,1,2,2,7,-8956,0,1,0,0,0,-286,-285,-286,-191,-242,-260,2,3,-1338,0,0
LMR,4,1,3,3,2,27746,0,1,0,0,0,-313,-312,-322,-234,-285,-290,2,4,-2763,0,1
LMR,3,1,2,3,2,26893,0,1,0,0,0,-260,-259,-260,-144,-198,-209,2,5,-1408,0,1
LMR,7,2,6,5,2,29687,0,1,0,0,0,-286,-285,-286,-231,-285,-285,5,20,370,0,0
LMR,3,1,2,2,2,11640,0,1,0,0,1,-316,-315,-318,-272,-305,-305,1,3,-1117,0,1
LMR,6,1,5,5,2,24704,0,1,0,0,0,-286,-285,-287,-134,-265,-277,1,10,4346,0,0
LMR,3,1,2,3,2,27796,0,1,0,0,0,-321,-320,-400,-323,-300,-300,2,2,4051,0,0
LMR,5,1,4,4,3,-3846,0,1,0,0,0,-286,-285,-290,-271,-275,-276,1,6,-1338,0,0
LMR,3,1,2,2,3,9806,0,1,0,0,0,-289,-288,-289,-213,-279,-319,2,8,-3729,0,1
LMR,3,1,2,3,5,6473,0,1,0,0,0,-289,-288,-289,-213,-201,-217,1,3,-5233,0,1
LMR,4,1,3,3,3,13433,0,1,0,0,0,-286,-285,-309,-282,-272,-274,2,3,-2383,0,0
LMR,3,1,2,2,6,-8302,0,1,0,0,0,-286,-285,-290,-256,-254,-254,1,1,-1338,0,0
LMR,3,1,2,3,2,7570,0,0,0,0,0,285,286,250,169,380,308,4,7,-889,0,0
LMR,3,1,2,3,2,91,0,1,0,0,0,-286,-285,-413,-204,-281,-302,3,13,-671,0,0
LMR,3,1,2,2,11,-6277,0,1,0,0,0,-286,-285,-302,-204,-280,-290,1,3,-1338,0,0
LMR,4,1,3,4,2,22329,0,1,0,0,0,-286,-285,-339,-151,-193,-289,1,25,-372,0,0
LMR,4,1,3,2,4,19428,0,1,0,0,0,-286,-285,-286,-151,-281,-318,1,5,-3517,0,0
LMR,4,1,3,2,5,-6571,0,1,0,0,0,-286,-285,-286,-151,-280,-285,2,7,-5202,0,0
LMR,4,1,3,2,4,4936,0,1,0,0,1,-324,-323,-324,-332,-320,-319,4,12,4845,0,1
LMR,5,1,4,4,2,10763,0,1,0,0,0,-286,-285,-305,-322,-276,-276,8,10,-54,0,0
LMR,5,1,4,4,2,15408,0,1,0,0,0,-286,-285,-313,-225,-265,-267,3,6,6265,0,0
LMR,5,1,4,4,7,136,0,1,0,0,0,-286,-285,-295,-208,-262,-256,7,11,-1338,0,0
LMR,5,1,4,4,3,37761,0,1,0,0,0,-286,-285,-294,-212,-266,-272,12,12,-1338,0,0
LMR,5,1,4,4,2,13037,0,1,0,0,0,-286,-285,-316,-260,-280,-278,8,7,6734,0,0
LMR,3,1,2,2,3,-8429,0,1,0,0,0,-305,-304,-317,-235,-289,-304,3,6,-1338,0,1
LMR,5,1,4,5,2,14270,0,1,0,0,0,-286,-285,-375,-138,-224,-249,2,16,-1778,0,0
LMR,4,1,3,3,2,17373,0,1,0,0,0,-308,-307,-312,-266,-285,-285,3,4,7325,0,1
LMR,6,1,5,5,2,13617,0,1,0,0,0,-286,-285,-322,-245,-284,-280,3,9,-2108,0,0
LMR,4,1,3,3,3,2816,0,1,0,0,1,-312,-311,-323,-205,-278,-278,2,4,1187,0,1
LMR,6,1,5,6,8,-2453,0,0,0,0,0,285,286,266,109,344,344,7,23,-1338,0,0
LMR,7,4,6,6,2,36411,0,1,0,0,0,-286,-285,-297,-206,-249,-274,3,13,3784,0,0
LMR,6,1,5,4,7,9741,0,0,0,0,0,285,286,285,269,286,286,24,4,-1338,0,0
LMR,7,1,6,6,13,-6129,0,1,0,0,0,-286,-285,-295,-295,-269,-286,1,42,-1338,0,0
LMR,9,1,8,8,5,-3149,0,0,0,0,0,285,286,275,175,295,286,14,72,-1272,0,0
LMR,9,4,8,9,2,34015,0,1,0,0,0,-286,-285,-335,-109,-260,-286,15,131,3701,0,0
LMR,9,1,8,8,5,17086,0,1,0,0,0,-286,-285,-286,-109,-255,-268,1,22,4562,0,0
LMR,6,1,5,6,2,8294,0,1,0,0,0,-286,-285,-300,-148,-189,-228,1,4,-1338,0,0
LMR,4,1,3,3,2,-2059,0,1,1,0,1,-308,-307,-329,-365,-292,-288,6,9,0,0,1
LMR,4,1,3,2,3,3001,0,1,0,0,0,-286,-285,-286,-182,-285,-285,1,1,-321,0,0
LMR,7,3,6,6,3,3631,0,0,0,0,1,285,286,240,164,286,286,21,8,1353,0,0
LMR,9,3,8,7,2,979,0,1,1,0,1,-286,-285,-286,-290,-283,-286,9,46,0,0,0
LMR,5,1,4,3,4,-1318,0,1,1,0,0,285,286,285,288,286,360,3,5,0,0,0
LMR,5,1,4,3,5,2104,0,1,0,0,0,285,286,285,331,290,279,5,4,-1338,0,0
LMR,5,1,4,3,8,-593,0,1,1,0,0,285,286,285,331,286,286,17,8,0,0,0
LMR,6,1,5,5,2,2703,0,1,1,0,0,285,286,255,304,286,306,3,8,0,0,0
LMR,4,1,3,3,2,-4002,0,1,0,0,0,285,286,250,335,288,286,4,12,-2758,0,0
LMR,10,4,9,8,4,-11152,0,1,0,0,1,285,286,285,285,286,286,23,190,-2307,0,0
LMR,5,1,4,4,3,9766,0,1,0,0,0,285,286,273,441,307,345,3,6,8192,0,0
LMR,3,1,2,2,2,23293,0,1,0,0,0,-278,-277,-295,-240,-254,-258,3,2,4194,0,0
LMR,6,2,5,5,3,-6301,0,0,0,0,0,-304,-303,-309,-303,-288,-287,6,7,175,0,0
LMR,5,1,4,4,2,5640,0,1,1,0,0,303,304,296,447,311,311,8,5,0,0,0
LMR,5,1,4,4,2,7000,0,1,1,0,0,303,304,272,300,307,309,5,7,0,0,0
LMR,5,1,4,4,2,8223,0,1,1,0,0,303,304,271,323,305,305,8,4,0,0,0
LMR,4,1,3,4,2,-5296,0,0,0,0,0,-304,-303,-652,-391,-106,-171,1,1,-1338,1,0
LMR,6,1,5,6,3,-770,0,1,1,0,0,303,304,217,165,361,267,5,13,0,0,0
LMR,7,1,6,7,8,-16272,0,0,0,0,0,-304,-303,-316,-337,-217,-267,3,23,-1338,0,0
LMR,5,1,4,3,3,-2845,0,1,0,0,0,303,304,303,355,304,304,3,6,-1338,0,0
LMR,8,1,7,7,3,304,0,1,1,0,0,303,304,299,415,325,304,2,22,0,0,0
LMR,5,1,4,5,7,-4597,0,1,1,0,0,303,304,246,41,617,510,1,2,0,0,0
LMR,5,1,4,5,2,-3688,0,0,0,0,0,-304,-303,-332,-414,-41,-475,2,6,-1338,0,0
LMR,5,1,4,5,2,-659,0,1,0,0,0,303,304,299,397,425,373,2,10,-1338,0,0
LMR,5,1,4,4,2,6818,0,1,0,0,0,303,304,254,418,304,358,3,13,2199,0,0
LMR,3,1,2,3,2,6524,0,1,1,0,0,303,304,-135,300,1357,1002,0,2,0,1,0
LMR,5,1,4,5,3,1152,0,1,0,0,0,303,304,251,362,357,304,2,11,-1338,0,0
LMR,4,1,3,4,2,8288,0,1,1,0,0,303,304,303,395,491,439,2,2,0,0,0
LMR,6,1,5,5,3,-7584,0,1,0,0,0,303,304,302,550,343,377,2,12,-1338,0,0
LMR,3,1,2,2,10,-2347,0,1,1,0,0,318,319,318,537,327,263,1,2,0,0,1
LMR,3,1,2,3,9,266,0,1,1,0,0,303,304,272,233,632,420,3,1,0,0,0
LMR,4,1,3,4,3,-8985,0,1,0,0,0,303,304,260,303,445,379,2,3,-1338,0,0
LMR,4,2,3,4,2,12432,0,0,0,0,0,-304,-303,-397,-423,-303,-364,7,8,1699,0,0
LMR,5,1,4,4,3,-1361,0,1,0,0,0,303,304,285,460,333,304,2,27,-2742,0,0
LMR,4,1,3,2,2,-4939,0,1,0,0,0,303,304,303,359,305,279,3,4,94,0,0
LMR,6,1,5,5,3,2527,0,1,0,0,0,303,304,303,440,318,310,5,8,2542,0,0
LMR,8,1,7,7,3,8118,0,1,0,0,0,303,304,303,438,352,307,4,46,4838,0,0
LMR,4,1,3,4,8,1634,0,1,0,0,0,303,304,229,104,334,314,3,7,-1338,0,0
LMR,4,1,3,4,2,884,0,0,1,0,0,-304,-303,-322,-626,-104,-312,1,14,0,0,0
LMR,3,1,2,3,2,-177,0,1,1,0,0,-305,-304,-336,-297,-247,-280,4,6,0,0,0

===========================
Total time (ms) : 81
Nodes searched  : 58313
Nodes/second    : 719913
LMR_TOTAL,30806,1444,1032
