
Position: 1/1 (rnbqk1nr/pp3pbp/4p1p1/3pP3/3Q1P2/2NB1N2/PPP3PP/R1B1K2R b KQkq - 1 8)
LMR,3,1,2,3,3,1875,0,1,0,0,0,144,145,144,290,237,205,1,5,564,0,0
LMR,3,1,2,2,2,4307,0,1,0,0,0,150,151,150,264,165,138,1,5,-1338,0,0
LMR,3,1,2,2,9,-1276,0,1,0,0,0,150,151,150,264,180,175,2,3,-1338,0,0
LMR,3,1,2,3,2,-1276,0,1,0,0,0,156,157,142,213,230,217,2,6,-1338,0,0
LMR,3,1,2,2,2,5366,0,1,0,0,0,198,199,194,187,213,226,1,3,-1617,0,0
LMR,4,1,3,3,2,14005,0,1,0,0,0,235,236,235,313,269,236,2,11,4350,0,0
LMR,5,1,4,4,2,14599,0,1,0,0,0,301,302,285,278,312,307,2,6,6385,0,0
LMR,3,1,2,2,2,-1333,0,0,0,0,0,-319,-318,-339,-332,-304,-360,3,3,-1338,0,0
LMR,4,1,3,3,2,14113,0,1,0,0,0,318,319,318,522,337,319,2,9,-1338,0,0
LMR,3,1,2,3,6,-1276,0,1,0,0,0,328,329,294,371,354,347,1,3,-1338,0,1
LMR,3,1,2,2,2,7382,0,0,0,0,0,-336,-335,-348,-333,-332,-333,4,6,-2765,0,0
LMR,3,1,2,3,4,-1276,0,1,0,0,0,358,359,288,226,384,379,1,3,-1338,0,0
LMR,3,1,2,3,3,-6299,0,0,0,0,0,-359,-358,-359,-354,-252,-374,2,8,-1338,0,0
LMR,3,1,2,2,2,11617,0,1,0,0,0,358,359,340,378,370,368,1,3,709,0,0
LMR,4,2,3,3,2,1933,0,0,0,0,0,-390,-389,-399,-375,-389,-390,6,5,928,0,0
LMR,3,1,2,2,11,-3260,0,1,0,0,0,389,390,389,389,422,316,5,4,-1338,0,0
LMR,3,1,2,3,2,9051,0,0,0,0,0,-390,-389,-461,-519,-389,-389,6,26,839,0,0
LMR,3,1,2,3,2,9361,0,0,0,0,0,-390,-389,-685,-467,-361,-365,1,3,-1338,0,0
LMR,4,1,3,3,2,11100,0,1,0,0,0,389,390,389,555,427,371,1,7,-1617,0,0
LMR,3,1,2,3,2,2618,0,0,0,0,0,271,272,216,230,272,272,2,4,1096,0,0
LMR,4,1,3,4,3,22253,0,1,0,0,0,-272,-271,-272,-291,-201,-271,2,14,2624,0,0
LMR,6,1,5,5,5,-10253,0,0,0,0,0,-296,-295,-296,-292,-274,-278,2,15,-1338,0,0
LMR,7,1,6,6,17,-2731,0,1,1,0,1,295,296,295,286,315,295,1,42,0,0,0
LMR,3,1,2,3,6,-1276,0,0,0,0,0,272,273,249,258,317,307,3,4,-1338,0,0
LMR,4,1,3,3,3,676,0,0,1,0,0,-296,-295,-296,-278,-263,-269,1,1,0,0,0
LMR,7,1,6,7,10,-4490,0,0,1,0,0,-296,-295,-328,-406,-242,-251,1,2,0,0,0
LMR,7,1,6,7,2,14962,0,1,0,0,0,295,296,274,208,406,256,2,14,-1338,0,0
LMR,9,7,8,8,2,-5384,0,0,0,0,1,-296,-295,-340,-395,-294,-294,60,0,-1338,0,0
LMR,7,1,6,6,6,-1276,0,1,0,0,0,295,296,288,384,300,338,1,17,-1338,0,0
LMR,10,8,9,9,2,3195,0,0,1,0,1,-296,-295,-323,-634,-295,-295,63,23,0,0,0
LMR,5,1,4,3,2,14018,0,1,0,0,0,295,296,291,353,297,302,8,12,-1338,0,0
LMR,10,7,9,8,2,9675,0,1,0,0,1,295,296,295,390,300,301,27,55,3979,0,0
LMR,4,2,3,4,2,5915,0,0,1,0,0,-296,-295,-361,-557,-219,-232,2,5,0,0,0
LMR,5,1,4,5,2,18520,0,1,0,0,0,295,296,253,386,317,312,5,12,-1338,0,0
LMR,7,1,6,7,2,13896,0,1,0,0,0,295,296,244,430,314,309,2,29,3659,0,0
LMR,4,1,3,3,2,4593,0,1,0,0,0,-297,-296,-324,-301,-289,-291,3,6,-845,0,0
LMR,3,1,2,2,6,-3937,0,0,0,0,0,296,297,282,260,299,299,4,1,-1338,0,0
LMR,4,1,3,3,3,15752,0,1,0,0,0,-297,-296,-298,-241,-279,-274,2,7,388,0,0
LMR,5,1,4,4,13,-11661,0,1,0,0,0,-297,-296,-320,-326,-280,-280,6,9,-2397,0,0
LMR,6,2,5,6,2,-4397,0,0,0,0,0,296,297,135,125,326,282,12,25,-2742,0,0
LMR,7,1,6,6,10,-16862,0,1,0,0,0,-297,-296,-297,-179,-259,-289,2,47,-1338,0,0
LMR,5,1,4,5,2,4594,0,1,0,0,0,-297,-296,-450,-307,-268,-296,3,16,6774,0,0
LMR,4,1,3,2,6,-6936,0,1,0,0,1,284,285,284,389,287,298,2,2,-1889,0,1
LMR,3,1,2,2,3,1166,0,1,0,0,0,307,308,292,331,324,324,2,1,435,0,0
LMR,9,4,8,7,9,-3908,0,0,0,0,1,-308,-307,-308,-343,-306,-231,4,5,-4643,0,0
LMR,10,6,9,9,3,-2694,0,1,0,0,1,307,308,307,389,343,238,5,38,-1347,0,0
LMR,5,1,4,4,3,619,0,1,0,0,0,-297,-296,-303,-182,-258,-297,2,14,-1338,0,0
LMR,3,1,2,2,4,-103,0,1,0,0,0,-308,-307,-326,-318,-279,-284,2,3,-339,0,0
LMR,4,1,3,4,2,3876,0,0,0,0,0,296,297,197,251,299,299,2,2,-305,0,0
LMR,3,1,2,3,2,2851,0,1,0,0,0,299,300,256,376,328,303,1,1,3345,0,1
LMR,6,1,5,5,3,-8156,0,0,0,0,0,-343,-342,-360,-456,-338,-338,3,12,1913,0,0
LMR,7,1,6,7,2,799,0,1,0,0,0,342,343,338,349,405,351,1,14,5650,0,0
LMR,8,5,7,7,2,-2056,0,0,1,0,0,-343,-342,-367,-740,-342,-342,24,26,0,0,0
LMR,9,4,8,7,2,27704,0,1,0,0,0,342,343,342,378,343,343,9,10,1112,0,0
LMR,7,1,6,6,2,10177,0,1,0,0,0,342,343,342,422,393,343,1,27,-196,0,0
LMR,3,1,2,3,3,6332,0,1,0,0,0,342,343,203,470,511,481,1,4,-1338,0,0
LMR,6,3,5,5,2,-3054,0,0,0,0,0,-343,-342,-346,-285,-327,-319,6,12,-1338,0,0
LMR,9,5,8,9,2,34582,0,1,0,1,0,342,343,322,588,483,483,5,4,8192,0,0
LMR,3,1,2,2,3,-9511,0,0,0,0,0,-294,-293,-296,-216,-281,-275,3,4,3050,0,0
LMR,3,1,2,3,3,16220,0,1,0,0,0,342,343,275,390,661,542,1,1,-1338,0,0
LMR,8,3,7,8,4,-10860,0,0,0,0,0,-343,-342,-1314,-18,-331,-331,1,6,-1338,0,0
LMR,10,6,9,10,13,-15030,0,0,0,0,1,-343,-342,-448,-360,-228,-332,4,17,-1338,0,0
LMR,5,1,4,5,2,10265,0,1,0,0,0,-343,-342,-418,-240,-177,-296,2,3,2748,0,0
LMR,5,1,4,3,4,-1276,0,0,0,0,0,313,314,313,300,314,314,17,10,-1338,0,0
LMR,8,1,7,8,3,-6816,0,1,0,0,0,-314,-313,-380,-214,-313,-314,21,40,-1338,0,0
LMR,6,2,5,6,3,-5163,0,0,0,0,0,313,314,199,268,314,313,10,3,-1338,0,0
LMR,8,1,7,6,12,-12980,0,1,0,0,0,-314,-313,-314,-214,-313,-313,2,23,-2004,0,0
LMR,5,1,4,3,4,-9734,0,1,0,0,0,-314,-313,-314,-214,-313,-313,8,7,-1338,0,0
LMR,4,1,3,4,2,-7581,0,1,0,0,0,-322,-321,-387,-223,-317,-322,5,8,-2030,0,1
LMR,8,1,7,8,12,-15289,0,1,0,0,0,-299,-298,-306,-302,-211,-298,3,16,-1338,0,0
LMR,11,6,10,9,11,-6451,0,0,0,0,0,298,299,298,274,302,298,12,32,-3363,0,0
LMR,11,3,10,9,16,-15740,0,0,0,0,0,298,299,298,274,299,308,2,24,-1338,0,0
LMR,10,5,9,9,2,9939,0,1,0,0,1,-299,-298,-307,-223,-277,-272,11,32,8192,0,0
LMR,4,1,3,3,3,4156,0,1,0,0,0,-299,-298,-299,-223,-276,-252,3,7,-1338,0,0
LMR,6,1,5,5,2,-271,0,1,0,0,0,-299,-298,-317,-177,-290,-292,17,14,-1338,0,0
LMR,4,2,3,3,3,-3809,0,1,0,0,1,-331,-330,-344,-242,-330,-330,9,8,-3662,0,1
LMR,7,3,6,6,2,10528,0,1,0,0,1,-279,-278,-279,-290,-263,-201,5,7,7246,0,0
LMR,3,1,2,2,3,-2631,0,1,0,0,1,-314,-313,-337,-223,-299,-313,2,15,-2659,0,1
LMR,4,1,3,4,8,-5937,0,0,1,1,0,251,252,247,151,326,278,8,5,0,0,0
LMR,5,1,4,5,2,26124,0,1,0,0,0,-252,-251,-272,-77,-196,-206,2,7,2842,0,0
LMR,3,1,2,3,5,-16398,0,0,0,0,0,251,252,176,-39,351,351,1,3,-1338,1,0
LMR,5,1,4,5,2,7799,0,1,1,0,0,-252,-251,-390,-89,-244,-255,11,16,0,0,0
LMR,5,1,4,3,18,-12756,0,1,0,0,0,-252,-251,-255,-89,-249,-249,5,6,-2742,0,0
LMR,5,1,4,5,3,5537,0,1,0,0,0,-252,-251,-274,-10,-197,-223,3,16,3554,0,0
LMR,5,1,4,5,4,-10875,0,1,0,0,0,-252,-251,-273,-81,116,-167,2,8,-1338,0,0
LMR,6,3,5,4,3,5333,0,1,0,0,1,-216,-215,-218,-225,-213,-212,10,10,-4276,0,0
LMR,3,1,2,3,2,28842,0,1,0,0,0,263,264,249,327,318,308,2,5,4862,0,0
LMR,4,2,3,3,2,11900,0,1,0,0,1,263,264,239,376,278,275,4,17,6783,0,0
LMR,4,1,3,3,2,5110,0,1,0,0,0,263,264,259,471,287,283,2,5,6784,0,0
LMR,7,1,6,7,3,19455,0,1,0,0,0,-265,-264,-473,-60,-109,-217,1,3,6876,0,0
LMR,9,4,8,8,3,-9376,0,0,0,0,0,264,265,225,104,265,265,21,27,-131,0,0
LMR,10,1,9,10,4,-2319,0,1,0,0,0,-265,-264,-265,-117,-203,-264,2,27,-1934,0,0
LMR,3,1,2,2,2,10912,0,1,0,0,0,-286,-285,-294,-261,-262,-266,2,2,-1338,0,1
LMR,6,1,5,5,3,1424,0,1,0,0,0,-265,-264,-274,-156,-264,-264,5,11,-1338,0,0
LMR,5,1,4,5,4,-5242,0,0,0,1,0,264,265,261,354,619,372,4,3,-1338,0,0
LMR,5,1,4,3,27,-6993,0,1,0,0,0,-265,-264,-265,-263,-264,-264,14,4,-2108,0,0
LMR,8,2,7,8,2,9362,0,1,0,0,1,-265,-264,-354,-265,-264,-264,3,44,2060,0,0
LMR,11,5,10,9,5,-8868,0,0,0,0,1,264,265,264,212,265,264,16,69,2462,0,0
LMR,11,5,10,10,10,2968,0,0,0,0,1,264,265,264,212,276,264,6,64,168,0,0
LMR,4,1,3,4,2,-5573,0,1,0,0,0,-342,-341,-441,21,-212,-341,1,7,500,0,1
LMR,3,1,2,3,3,3684,0,1,0,0,0,-230,-229,-230,-13,-171,-181,1,3,-3339,0,1
LMR,3,1,2,3,2,10346,0,1,0,0,0,-271,-270,-448,-53,-267,-271,2,14,3282,0,1
LMR,3,1,2,2,4,-15190,0,1,0,0,0,-271,-270,-271,-53,-247,-277,4,6,4838,0,1
LMR,7,1,6,6,11,-13696,0,1,0,0,0,-175,-174,-175,-126,-149,-161,2,24,-2243,0,0
LMR,5,2,4,3,8,-1839,0,0,1,0,1,174,175,170,263,175,197,8,8,0,0,0
LMR,3,1,2,2,3,-3724,0,1,0,0,1,174,175,174,309,194,174,3,13,-1338,0,0
LMR,6,3,5,5,2,12592,0,1,0,0,1,-175,-174,-193,-263,-174,-174,31,17,-3385,0,0
LMR,4,1,3,2,2,20969,0,1,0,0,0,262,263,262,266,267,267,6,4,5306,0,0
LMR,4,2,3,3,2,7229,0,0,0,0,0,174,175,141,77,175,175,14,6,1050,0,0
LMR,4,1,3,2,2,16363,0,1,0,0,0,174,175,174,154,175,175,6,4,1950,0,0
LMR,8,5,7,6,2,676,0,1,1,0,1,174,175,174,-31,175,175,39,42,0,0,0
LMR,4,1,3,4,2,15494,0,1,0,0,0,174,175,174,265,242,198,2,5,2187,0,0
LMR,4,1,3,3,2,13390,0,1,0,0,0,272,273,262,261,273,277,4,5,-1088,0,0
LMR,5,1,4,5,2,-6862,0,1,0,0,0,272,273,-78,426,372,273,1,6,-1338,0,0
LMR,9,5,8,8,2,8068,0,1,0,0,1,272,273,258,301,273,273,13,39,4021,0,0
LMR,3,1,2,3,2,14419,0,1,0,0,0,272,273,214,286,331,320,2,5,-1338,0,0
LMR,4,1,3,4,2,-495,0,1,1,0,0,-252,-251,-330,-161,-247,-245,1,14,0,0,0
LMR,6,1,5,4,3,6629,0,1,0,0,0,-241,-240,-241,-187,-240,-228,2,5,3159,0,0
LMR,4,1,3,4,2,4823,0,1,0,0,0,-229,-228,-305,-148,-203,-228,1,7,-1338,0,1
LMR,6,1,5,6,14,-9079,0,0,0,0,0,240,241,234,235,295,241,2,20,-2307,0,0
LMR,8,1,7,6,14,-15047,0,1,0,0,0,-241,-240,-241,-68,-240,-241,5,50,-1338,0,0
LMR,8,1,7,6,19,-16398,0,1,0,0,0,-241,-240,-241,-68,-240,-236,4,16,-1338,0,0
LMR,5,1,4,5,2,-2926,0,1,0,0,0,-241,-240,-315,-160,-111,-202,2,4,-1338,0,0
LMR,3,1,2,3,4,-9406,0,1,0,0,1,-190,-189,-265,-93,-160,-182,2,7,6350,0,1
LMR,5,1,4,5,3,7987,0,1,0,0,0,-241,-240,-242,-126,-183,-183,3,5,1957,0,0
LMR,5,1,4,4,2,14274,0,1,0,0,0,-241,-240,-242,-262,-229,-229,6,7,2047,0,0
LMR,3,1,2,2,4,3697,0,1,0,0,0,-230,-229,-241,-108,-189,-229,2,4,-1072,0,1
LMR,6,2,5,6,3,-4663,0,0,0,0,0,225,226,185,359,280,227,1,1,-1338,0,0
LMR,7,1,6,5,4,-9769,0,1,0,0,0,-226,-225,-226,-182,-225,-225,19,13,-1338,0,0
LMR,9,4,8,8,3,-12770,0,0,0,0,0,225,226,225,142,242,238,24,25,-1338,0,0
LMR,8,1,7,7,3,4931,0,1,0,0,0,-226,-225,-227,-71,-194,-194,1,10,-1338,0,0
LMR,10,1,9,10,13,-17066,0,1,0,0,0,-226,-225,-226,-80,-168,-207,2,54,-1338,0,0
LMR,9,1,8,9,7,4584,0,1,1,0,0,-226,-225,-226,-271,152,-132,2,2,0,0,0
LMR,3,1,2,3,2,7561,0,0,1,0,0,225,226,172,-156,263,256,1,1,0,0,0
LMR,5,1,4,4,12,-3323,0,0,0,0,0,225,226,218,220,226,226,3,11,-3720,0,0
LMR,6,1,5,5,4,-13041,0,1,0,0,0,-226,-225,-248,-203,-220,-226,4,28,649,0,0
LMR,13,7,12,11,28,-15764,0,0,0,0,1,225,226,225,272,226,226,53,33,-3767,0,0
LMR,5,1,4,5,2,23087,0,1,0,0,0,225,226,147,69,252,238,3,9,-1338,0,0
LMR,3,1,2,2,2,2352,0,1,0,0,0,352,353,317,354,364,362,2,2,-2547,0,1
LMR,6,1,5,5,2,6538,0,1,0,0,0,225,226,181,451,226,261,2,6,-1338,0,0
LMR,7,1,6,6,16,-13708,0,0,0,0,0,-255,-254,-272,-215,-253,-252,5,10,-2973,0,0
LMR,7,1,6,5,2,647,0,1,0,0,0,254,255,254,301,255,255,5,8,-1338,0,0
LMR,9,6,8,8,3,9294,0,1,0,0,1,254,255,254,279,268,255,10,53,-610,0,0
LMR,10,6,9,9,2,7745,0,1,1,0,1,254,255,246,367,272,255,11,144,0,0,0
LMR,3,1,2,2,2,-1493,0,1,0,0,0,343,344,343,427,390,382,2,3,4416,0,1
LMR,3,1,2,3,3,-10089,0,1,0,0,0,367,368,367,461,595,410,0,6,1525,0,1
LMR,4,1,3,4,4,-17055,0,0,0,1,0,-275,-274,-361,-539,-267,-268,14,7,-1338,0,0
LMR,8,2,7,6,2,7708,0,1,0,0,0,274,275,274,445,275,269,6,30,1707,0,0
LMR,8,1,7,6,3,-1199,0,1,0,0,0,274,275,274,445,275,244,3,15,4298,0,0
LMR,8,1,7,6,5,-7136,0,1,0,0,0,274,275,274,445,275,289,2,14,4070,0,0
LMR,5,1,4,5,2,15520,0,1,0,0,0,274,275,-1216,407,391,391,3,7,-2396,0,0
LMR,3,1,2,2,2,14414,0,1,0,0,0,299,300,257,469,303,304,13,4,5239,0,1
LMR,3,1,2,3,3,771,0,1,0,0,1,261,262,261,316,358,341,2,2,3776,0,1
LMR,3,1,2,2,3,-4674,0,1,0,0,1,-237,-236,-253,-99,-236,-236,2,4,-1163,0,1
LMR,4,2,3,3,4,-3376,0,1,0,0,1,-192,-191,-221,-101,-182,-183,3,6,4251,0,1
LMR,3,1,2,3,2,12874,0,1,0,0,0,-199,-198,-298,-138,-184,-184,3,9,5566,0,1
LMR,5,1,4,4,6,-2419,0,0,0,0,0,275,276,239,120,276,276,22,6,-1260,0,0
LMR,5,1,4,5,2,27680,0,1,0,0,0,-276,-275,-300,-177,-238,-276,3,36,-456,0,0
LMR,7,3,6,5,4,3342,0,1,0,0,1,-276,-275,-276,-215,-269,-276,7,46,1128,0,0
LMR,9,4,8,7,3,5980,0,1,0,0,1,-276,-275,-276,-225,-275,-276,13,27,-3623,0,0
LMR,4,2,3,3,2,5465,0,0,0,0,0,-276,-275,-299,-238,-275,-275,8,12,-2664,0,0
LMR,5,1,4,4,2,18426,0,1,0,0,0,275,276,275,246,287,282,3,5,3436,0,0
LMR,3,1,2,2,6,-1276,0,1,0,0,0,275,276,258,238,276,276,2,2,-1338,0,0
LMR,4,1,3,3,3,-5491,0,0,0,0,0,-276,-275,-280,-318,-255,-276,2,10,-1338,0,0
LMR,4,1,3,4,5,-1837,0,0,0,0,0,257,258,192,147,258,258,11,10,-1629,0,0
LMR,4,1,3,4,5,-2583,0,1,0,0,0,-258,-257,-312,-168,-178,-258,2,24,-2941,0,0
LMR,3,1,2,2,3,-6694,0,0,0,0,0,-265,-264,-280,-256,-253,-253,3,7,-2698,0,0
LMR,7,4,6,6,2,14286,0,1,1,0,1,-265,-264,-267,-172,-255,-276,18,8,0,0,0
LMR,5,1,4,3,2,-1539,0,1,0,0,0,-265,-264,-267,-128,-264,-259,4,9,4942,0,0
LMR,8,1,7,8,2,-1276,0,1,0,0,0,-265,-264,-346,-84,-244,-314,3,13,-1338,0,0
LMR,8,1,7,8,5,-7050,0,1,0,0,0,-265,-264,-283,-84,-211,-261,2,30,-1757,0,0
LMR,6,1,5,6,2,-2332,0,1,0,0,0,-265,-264,-309,-65,-194,-194,2,9,2891,0,0
LMR,4,1,3,4,2,-2259,0,0,0,0,0,264,265,239,335,305,290,1,5,-4016,0,0
LMR,8,6,7,8,2,13466,0,0,1,0,0,264,265,204,30,266,266,12,33,0,0,0
LMR,5,1,4,5,4,-8089,0,0,0,0,0,264,265,229,223,315,315,2,3,-813,0,0
LMR,8,4,7,7,2,17109,0,1,0,0,1,-265,-264,-265,-252,-241,-267,12,31,4949,0,0
LMR,13,7,12,11,6,-7077,0,0,0,0,1,264,265,264,263,265,265,145,151,4267,0,0
LMR,11,2,10,11,11,-15980,0,1,0,0,1,-265,-264,-297,-265,-166,-174,8,22,-1338,0,0
LMR,13,7,12,11,24,-16818,0,0,0,0,1,264,265,264,287,265,181,14,55,-3858,0,0
LMR,9,4,8,9,7,-4397,0,0,0,0,1,264,265,251,131,340,340,3,3,-1338,0,0
LMR,10,1,9,9,15,-17323,0,1,0,0,1,-265,-264,-265,-265,-240,-332,3,26,-1791,0,0
LMR,13,7,12,11,37,-16633,0,0,0,0,1,264,265,264,287,265,265,11,68,-2773,0,0
LMR,6,1,5,6,2,3506,0,1,0,0,0,264,265,132,453,401,332,2,5,1643,0,0
LMR,3,1,2,2,4,-9082,0,1,0,0,0,325,326,310,382,345,326,2,7,3083,0,1
LMR,3,1,2,3,3,4725,0,0,0,0,0,-265,-264,-282,-287,-180,-194,1,1,-1338,0,0
LMR,5,1,4,4,9,-8693,0,1,0,0,0,-265,-264,-265,-242,-241,-241,2,3,379,0,0
LMR,8,3,7,7,2,8297,0,1,1,0,1,-265,-264,-285,-265,-245,-281,2,8,0,0,0
LMR,10,6,9,9,3,2374,0,0,0,0,1,264,265,248,107,265,281,29,23,159,0,0
LMR,12,5,11,10,7,-175,0,1,0,0,1,-265,-264,-265,-252,-264,-279,38,144,-2354,0,0
LMR,5,3,4,5,3,-5290,0,1,0,0,1,319,320,220,361,350,350,3,5,-1338,0,1
LMR,4,1,3,4,2,12225,0,1,0,0,0,356,357,348,515,410,469,0,7,484,0,1
LMR,4,1,3,3,2,17281,0,1,0,0,0,278,279,271,437,321,313,1,1,7968,0,0
LMR,5,1,4,5,2,14619,0,1,0,0,0,289,290,255,471,544,294,1,4,-1338,0,0
LMR,11,6,10,11,17,4884,0,0,1,0,0,-290,-289,-344,-455,297,-60,4,3,0,0,0
LMR,12,6,11,12,3,-2195,0,1,1,0,1,289,290,250,291,313,324,6,41,0,0,0
LMR,5,1,4,4,6,-5294,0,0,0,0,0,-290,-289,-305,-372,-289,-289,4,12,-1338,0,0
LMR,6,1,5,6,2,-6942,0,1,0,0,0,289,290,258,414,383,329,1,8,-2997,0,0
LMR,3,1,2,3,2,3723,0,1,0,0,0,289,290,275,377,373,313,2,2,-2103,0,0
LMR,8,1,7,8,2,-2747,0,1,0,0,0,289,290,289,425,343,307,1,22,-834,0,0
LMR,7,1,6,7,2,-2552,0,1,0,0,0,289,290,261,447,724,408,1,1,-1338,0,0
LMR,8,1,7,8,3,1315,0,1,0,0,0,289,290,270,377,341,290,2,16,3763,0,0
LMR,4,1,3,3,2,-1546,0,1,0,0,0,289,290,259,453,309,369,1,2,-1338,0,0
LMR,10,1,9,9,18,-17381,0,1,0,0,0,289,290,284,506,306,290,1,16,-1920,0,0
LMR,7,1,6,7,11,-13177,0,0,0,0,0,-290,-289,-384,-419,-287,-417,1,4,-2314,0,0
LMR,7,1,6,7,2,11453,0,1,0,0,0,289,290,241,353,419,384,1,18,-2814,0,0
LMR,9,5,8,9,2,-4488,0,0,0,0,0,-290,-289,-500,-399,-263,-290,11,8,-1338,0,0
LMR,9,1,8,9,3,-10033,0,1,0,0,0,289,290,247,491,399,290,2,29,-3719,0,0
LMR,5,3,4,5,2,3824,0,0,0,0,0,-290,-289,-431,-265,-289,-245,5,11,-2314,0,0
LMR,8,1,7,8,2,-22,0,1,0,0,0,289,290,252,450,338,317,2,18,2492,0,0
LMR,5,2,4,4,5,-732,0,0,0,0,0,-290,-289,-290,-291,-251,-251,2,5,-5029,0,0
LMR,5,1,4,5,2,1950,0,1,0,0,0,289,290,232,377,291,257,1,14,-4047,0,0
LMR,9,1,8,9,16,-15269,0,1,0,0,1,289,290,271,274,400,336,2,4,-3744,0,0
LMR,11,5,10,10,18,-15661,0,0,0,0,1,-290,-289,-290,-284,-274,-331,22,24,-1683,0,0
LMR,3,1,2,2,3,13365,0,1,0,0,0,340,341,334,406,367,535,1,3,-1532,0,0
LMR,11,5,10,10,2,4630,0,1,0,0,0,289,290,287,490,302,288,7,20,3906,0,0
LMR,5,1,4,3,4,709,0,0,0,0,0,-290,-289,-290,-279,-289,-289,16,3,6610,0,0
LMR,8,1,7,6,2,3997,0,1,0,0,0,289,290,289,372,290,291,4,12,2530,0,0
LMR,4,1,3,2,2,12078,0,1,0,0,0,289,290,289,378,290,290,3,4,2350,0,0
LMR,11,5,10,10,4,16001,0,1,0,0,0,289,290,288,490,318,290,8,81,-5258,0,0
LMR,5,1,4,4,3,8905,0,1,0,0,0,289,290,278,269,293,293,9,6,-1338,0,0
LMR,3,1,2,3,2,6022,0,0,0,0,0,-278,-277,-339,-351,-228,-268,2,6,888,0,0
LMR,4,2,3,4,3,11955,0,0,0,0,0,-278,-277,-342,-340,-250,-250,5,9,-6166,0,0
LMR,4,1,3,4,7,-698,0,1,1,0,0,277,278,270,346,326,255,6,19,0,0,0
LMR,8,1,7,8,2,6975,0,1,0,0,0,289,290,134,671,544,370,1,4,-1338,0,0
LMR,3,1,2,3,2,-13793,0,1,0,0,0,288,289,261,338,328,321,1,1,6336,0,1
LMR,5,1,4,5,4,-996,0,1,0,0,0,354,355,347,503,528,473,3,6,-525,0,1
LMR,3,1,2,2,2,-1510,0,1,0,0,0,332,333,332,370,375,368,2,2,866,0,1
LMR,4,1,3,4,2,11856,0,1,0,0,0,-258,-257,-390,-227,-236,-239,2,7,-3278,0,0
LMR,5,3,4,4,4,2723,0,1,0,0,1,257,258,242,307,277,276,8,6,3656,0,1
LMR,4,1,3,3,3,-1540,0,1,0,0,0,289,290,280,235,293,293,1,1,-224,0,0
LMR,9,4,8,7,3,6485,0,0,0,0,0,-290,-289,-290,-390,-289,-289,11,14,-737,0,0
LMR,8,6,7,8,2,8534,0,0,0,0,0,-290,-289,-385,-344,-237,-237,21,9,1591,0,0
LMR,9,6,8,9,2,31955,0,1,0,0,0,289,290,242,346,361,290,3,9,-861,0,0
LMR,10,5,9,10,2,17555,0,1,0,0,0,289,290,289,390,346,290,6,74,1532,0,0
LMR,4,1,3,4,2,3455,0,1,0,0,0,281,282,246,432,381,304,1,4,3921,0,1
LMR,10,2,9,10,4,-1541,0,1,0,0,0,304,305,301,504,360,309,1,46,-1338,0,0
LMR,5,1,4,4,2,-1190,0,1,0,0,0,304,305,266,461,305,337,9,6,-1338,0,0
LMR,4,2,3,4,4,2889,0,0,0,0,0,-305,-304,-347,-235,-253,-262,1,4,-1338,0,0
LMR,6,1,5,5,7,-14458,0,0,0,0,0,-305,-304,-307,-155,-274,-274,1,13,-1610,0,0
LMR,5,1,4,5,2,9267,0,1,0,0,0,-295,-294,-362,-151,-209,-248,2,6,-5002,0,0
LMR,5,1,4,4,3,-8285,0,1,0,0,0,-295,-294,-305,-125,-294,-295,3,11,-1527,0,0
LMR,5,1,4,5,9,-6956,0,1,1,1,0,-295,-294,-295,-125,-126,-156,3,4,0,0,0
LMR,4,1,3,3,4,-1621,0,1,0,0,1,-277,-276,-297,-197,-261,-262,8,8,-1052,0,1
LMR,4,1,3,4,2,-3098,0,1,0,0,0,295,296,254,426,356,311,2,6,3790,0,1
LMR,3,1,2,3,2,-831,0,1,0,0,0,283,284,254,425,309,309,1,4,2933,0,1
LMR,4,1,3,4,2,-3060,0,0,0,0,0,-294,-293,-407,-424,-186,-237,1,7,-1338,0,0
LMR,3,1,2,3,2,16086,0,1,0,0,0,-294,-293,-311,-470,-256,-287,4,0,-1338,0,0
LMR,7,4,6,5,2,8236,0,1,0,1,1,293,294,293,401,294,294,13,14,-1057,0,0
LMR,6,3,5,5,2,2338,0,1,0,0,1,-295,-294,-312,-264,-292,-295,17,10,-28,0,0
LMR,5,1,4,4,2,29878,0,1,0,0,0,294,295,292,318,304,310,3,4,7021,0,0
LMR,3,1,2,3,3,8881,0,1,0,0,0,357,358,351,502,473,473,0,0,-207,0,1
LMR,6,3,5,4,6,11515,0,1,0,0,1,-281,-280,-281,-221,-279,-279,15,6,277,0,0
LMR,7,1,6,7,2,8025,0,1,0,0,0,-281,-280,-376,71,695,-32,0,1,-2030,0,0
LMR,11,7,10,9,3,1546,0,1,0,0,1,297,298,297,301,302,297,11,44,6522,0,0
LMR,3,1,2,3,2,-1158,0,1,1,0,0,-298,-297,-329,-319,-151,-233,1,4,0,0,0
LMR,5,1,4,4,2,-202,0,1,0,0,0,-275,-274,-283,-192,-233,-240,2,3,3025,0,0
LMR,5,1,4,4,4,-41,0,1,0,0,0,-275,-274,-276,-180,-252,-281,1,6,-605,0,0
LMR,9,5,8,8,3,36371,0,1,0,0,0,297,298,297,378,316,298,8,20,4467,0,0
LMR,4,1,3,3,6,-4397,0,1,0,0,0,297,298,294,294,319,316,1,5,-1338,0,0
LMR,4,2,3,4,2,5185,0,0,0,0,0,-298,-297,-368,-377,-294,-312,4,11,-1987,0,0
LMR,8,1,7,6,14,-11207,0,1,0,0,0,297,298,297,388,298,309,4,26,-371,0,0
LMR,3,1,2,3,2,7585,0,1,0,0,0,357,358,353,521,473,473,0,0,6352,0,1
LMR,6,1,5,6,2,1014,0,1,0,0,0,309,310,142,389,348,310,1,9,-1338,0,0
LMR,5,1,4,5,6,-4047,0,1,0,0,0,309,310,309,342,406,316,1,1,-1338,0,0
LMR,6,1,5,5,2,6308,0,1,0,0,0,309,310,309,470,354,340,1,6,4945,0,0
LMR,4,1,3,4,2,-5752,0,0,0,0,0,-269,-268,-388,-203,-265,-289,2,4,-1349,0,0
LMR,4,1,3,3,4,-8854,0,0,0,0,0,-269,-268,-289,-203,-268,-268,8,5,1990,0,0
LMR,5,3,4,4,5,-4294,0,1,0,0,1,268,269,268,329,319,319,1,1,-3064,0,1
LMR,4,1,3,3,3,18610,0,1,0,0,0,309,310,309,405,350,326,1,6,1836,0,0
LMR,5,1,4,5,3,-1502,0,1,0,0,0,309,310,300,451,455,322,1,12,8192,0,0
LMR,5,1,4,5,2,-3097,0,1,0,0,0,309,310,277,407,361,352,1,6,178,0,0
LMR,4,1,3,3,3,-2770,0,1,0,0,0,309,310,272,285,312,310,5,18,3066,0,0
LMR,7,1,6,7,19,-10997,0,1,0,0,0,309,310,309,477,644,406,1,3,-1610,0,0
LMR,9,1,8,9,5,3765,0,1,0,0,0,309,310,309,329,381,333,1,46,3647,0,0
LMR,7,1,6,7,2,13300,0,1,0,0,0,309,310,250,431,439,371,1,5,4462,0,0
LMR,8,1,7,7,2,6290,0,1,0,0,0,309,310,309,564,333,302,1,30,3754,0,0
LMR,8,1,7,7,8,-14103,0,1,0,0,0,309,310,309,564,354,309,1,15,3932,0,0
LMR,8,1,7,7,13,-1415,0,1,0,0,0,309,310,309,564,319,294,1,35,674,0,0
LMR,5,1,4,4,2,4768,0,1,1,0,0,-299,-298,-331,-178,-296,-311,2,5,0,0,0
LMR,4,1,3,3,3,23873,0,1,0,0,0,-299,-298,-316,-257,-282,-315,9,14,537,0,0
LMR,5,1,4,4,5,-3389,0,1,0,0,0,-310,-309,-311,-153,-282,-310,3,5,-1338,0,0
LMR,5,1,4,4,9,-11102,0,1,0,0,0,-310,-309,-310,-153,-296,-327,2,6,-2742,0,0
LMR,9,1,8,8,16,-17118,0,0,0,0,0,-310,-309,-312,-310,-278,-313,2,7,-1338,0,0
LMR,10,5,9,8,2,2543,0,0,0,0,0,-310,-309,-310,-349,-309,-309,16,38,-991,0,0
LMR,11,5,10,10,2,2551,0,1,0,0,0,309,310,299,284,310,309,83,154,-1338,0,0
LMR,12,8,11,10,2,32294,0,1,0,0,0,309,310,309,281,310,310,7,33,5785,0,0
LMR,5,1,4,5,2,-882,0,1,0,0,0,279,280,-1292,428,401,292,3,6,-82,0,1
LMR,7,1,6,7,2,14124,0,1,0,1,0,309,310,307,497,472,443,3,6,6190,0,0
LMR,4,1,3,3,5,-1012,0,0,1,1,0,-310,-309,-323,-318,-275,-272,3,3,0,0,0
LMR,5,1,4,5,4,987,0,1,0,0,0,309,310,278,415,351,351,2,2,-363,0,0
LMR,10,2,9,9,9,-10969,0,1,0,0,1,309,310,302,381,310,340,5,22,3230,0,0
LMR,4,1,3,4,2,8183,0,1,0,0,0,352,353,189,704,441,353,1,4,-1338,0,1
LMR,5,1,4,4,13,-11254,0,1,0,0,0,309,310,283,361,310,301,4,11,-2478,0,0
LMR,8,1,7,6,14,-16779,0,1,0,0,0,309,310,304,301,310,302,2,11,-1338,0,0
LMR,10,5,9,9,5,92,0,0,0,0,0,-310,-309,-310,-332,-301,-304,30,40,274,0,0
LMR,11,3,10,10,2,2914,0,1,0,0,0,309,310,304,328,344,344,2,11,4838,0,0
LMR,4,1,3,2,4,-1393,0,1,0,0,0,277,278,277,425,278,278,2,3,-2478,0,1
LMR,4,1,3,3,2,4725,0,1,0,0,0,-273,-272,-284,-221,-255,-282,3,4,-1338,0,0
LMR,5,1,4,5,2,-2367,0,1,0,0,0,-273,-272,-316,-190,-250,-280,2,11,-1338,0,0
LMR,5,1,4,4,5,1149,0,1,0,0,0,-273,-272,-280,-190,-255,-273,3,6,-1338,0,0
LMR,5,1,4,4,14,-5859,0,1,0,0,0,-273,-272,-273,-190,-261,-277,2,7,-401,0,0
LMR,3,1,2,3,3,12397,0,1,0,0,0,333,334,292,237,351,334,1,11,-2165,0,0
LMR,3,1,2,3,3,3768,0,0,0,0,0,-334,-333,-359,-364,-284,-334,2,20,-468,0,0
LMR,4,1,3,3,3,3321,0,1,0,0,0,333,334,333,319,364,334,2,25,4642,0,1
LMR,4,1,3,4,2,2233,0,1,0,0,0,272,273,240,223,309,279,1,0,6323,0,0
LMR,3,1,2,3,2,1386,0,0,0,0,0,-310,-309,-347,-373,-283,-285,6,7,8045,0,0
LMR,4,1,3,3,2,8506,0,1,0,0,0,309,310,291,363,315,313,2,6,3348,0,0
LMR,3,1,2,2,3,-5643,0,1,0,0,0,304,305,300,327,352,343,2,2,-1682,0,1
LMR,5,1,4,5,3,14110,0,1,0,0,0,354,355,348,517,535,412,3,7,4117,0,1
LMR,3,1,2,3,3,14109,0,1,0,0,0,328,329,313,485,377,360,2,2,-2022,0,1
LMR,6,1,5,6,6,-2288,0,0,0,0,0,-326,-325,-360,-480,-250,-260,2,3,-1338,0,0
LMR,6,1,5,6,5,16449,0,1,0,0,0,325,326,310,360,480,269,1,10,-1624,0,0
LMR,5,1,4,5,5,-2377,0,1,0,0,0,325,326,305,366,377,330,3,16,-1076,0,0
LMR,5,1,4,4,14,-8799,0,1,0,0,0,325,326,325,424,357,336,3,15,-2187,0,0
LMR,4,1,3,4,4,-6084,0,0,0,0,0,-301,-300,-310,-222,-245,-300,2,7,-2039,0,0
LMR,5,3,4,4,2,-3362,0,1,0,0,1,300,301,300,414,339,351,5,10,3012,0,1
LMR,4,1,3,4,3,5371,0,1,0,0,0,301,302,300,517,433,321,1,5,-2151,0,1
LMR,3,1,2,2,8,-9843,0,1,0,0,0,337,338,337,422,388,379,1,3,3150,0,1
LMR,3,1,2,3,2,-4214,0,1,0,0,0,312,313,308,468,432,356,1,2,3051,0,1
LMR,10,1,9,8,5,-10545,0,1,0,0,0,325,326,324,582,326,331,3,24,-1818,0,0
LMR,10,6,9,10,3,-4777,0,0,0,0,0,-326,-325,-432,-447,-307,-307,24,44,-1338,0,0
LMR,4,1,3,4,2,-1276,0,1,0,0,0,-326,-325,-422,-552,-325,-290,3,4,-1338,0,0
LMR,11,1,10,10,46,-16461,0,1,0,0,0,325,326,312,436,336,322,2,33,-2661,0,0
LMR,4,1,3,4,2,676,0,0,1,0,0,325,326,269,371,398,385,1,3,0,0,0
LMR,4,1,3,3,5,-4291,0,0,0,0,0,325,326,325,314,351,346,3,3,1061,0,0
LMR,5,1,4,4,3,8528,0,1,0,0,0,-326,-325,-326,-273,-317,-342,2,12,-4067,0,0
LMR,5,1,4,4,4,2050,0,1,0,0,0,-326,-325,-326,-273,-296,-301,1,1,-3698,0,0
LMR,12,8,11,10,6,-10499,0,0,0,0,1,-326,-325,-326,-320,-322,-322,227,12,-1907,0,0
LMR,5,1,4,4,9,-9642,0,1,0,0,0,-311,-310,-311,-311,-280,-288,3,6,-2633,0,0
LMR,8,3,7,6,3,-11518,0,0,0,0,0,310,311,310,289,311,291,3,18,-319,0,0
LMR,3,1,2,2,3,-751,0,1,0,0,0,-311,-310,-311,-305,-266,-281,2,3,-2424,0,0
LMR,4,2,3,3,3,10311,0,0,0,0,0,69,70,35,-36,74,74,9,7,945,0,0
LMR,7,1,6,5,4,3104,0,1,0,0,0,-311,-310,-311,-162,-310,-274,5,16,695,0,0
LMR,4,1,3,3,5,-3187,0,1,0,0,0,-287,-286,-294,-162,-272,-241,2,7,-1980,0,1
LMR,4,1,3,4,2,-1378,0,1,0,0,0,-134,-133,-150,8,-67,-106,2,4,-1338,0,0
LMR,12,7,11,11,10,-8642,0,0,1,0,1,310,311,310,168,348,348,8,13,0,0,0
LMR,6,1,5,4,12,-9514,0,1,0,0,0,-311,-310,-311,-55,-305,-310,5,12,-1338,0,0
LMR,10,1,9,9,28,-16897,0,1,0,0,0,-311,-310,-316,-256,-297,-289,4,17,-2361,0,0
LMR,10,4,9,8,9,-1675,0,0,1,0,0,310,311,310,306,311,311,13,12,0,0,0
LMR,11,7,10,10,2,20825,0,1,0,0,0,-311,-310,-311,-55,-296,-308,4,29,4194,0,0
LMR,6,1,5,5,24,-9332,0,1,0,0,0,-311,-310,-319,-103,-273,-310,2,9,-3795,0,0
LMR,7,1,6,6,32,-15882,0,1,0,0,0,-311,-310,-311,21,-288,-290,2,31,-2121,0,0
LMR,7,1,6,5,19,-16425,0,1,0,0,0,-311,-310,-311,-317,-310,-266,5,18,-1338,0,0
LMR,9,6,8,8,3,19132,0,0,0,0,0,310,311,292,50,317,271,26,52,1702,0,0
LMR,5,1,4,5,3,-4207,0,1,0,0,0,-311,-310,-319,-185,-201,-310,2,8,-1338,0,0
LMR,5,1,4,4,2,5685,0,1,0,0,0,-311,-310,-323,-264,-290,-311,2,20,8192,0,0
LMR,6,1,5,4,11,-18465,0,1,0,0,0,-311,-310,-311,-311,-306,-304,18,17,-1760,0,0
LMR,8,6,7,7,3,9403,0,0,0,0,0,310,311,302,99,311,304,40,46,5793,0,0
LMR,3,1,2,3,3,-17066,0,1,0,0,0,-311,-310,-494,-353,-108,-96,0,4,-1338,1,0
LMR,4,1,3,4,3,676,0,0,1,0,0,310,311,149,393,358,320,1,3,0,0,0
LMR,9,3,8,8,17,-2816,0,0,1,0,0,310,311,269,153,321,318,17,31,0,0,0
LMR,9,7,8,9,4,25667,0,0,0,0,0,310,311,254,312,317,317,79,7,-1338,0,0
LMR,3,1,2,2,2,-180,0,1,0,0,0,-281,-280,-327,-301,-280,-280,5,5,4031,0,1
LMR,10,8,9,9,2,24658,0,1,0,0,1,-311,-310,-311,-246,-286,-285,21,33,6164,0,0
LMR,11,8,10,10,2,5491,0,1,0,0,1,-311,-310,-345,-201,-310,-310,113,916,-2422,0,0
LMR,3,1,2,2,4,17857,0,1,0,0,0,-281,-280,-293,-150,-255,-280,2,5,-1338,0,1
LMR,3,1,2,3,2,3424,0,0,0,0,0,283,284,283,203,361,348,2,9,-1338,0,0
LMR,4,1,3,4,2,15496,0,1,0,0,0,-284,-283,-332,-152,-266,-266,1,7,-1617,0,1
LMR,4,2,3,3,4,1683,0,1,0,0,1,-194,-193,-220,-78,-183,-183,6,11,3579,0,1
LMR,5,1,4,5,2,9732,0,1,0,0,0,310,311,268,435,338,340,2,16,-1338,0,0
LMR,8,5,7,7,4,-10156,0,0,0,0,1,-311,-310,-324,-285,-310,-310,22,20,-2698,0,0
LMR,4,1,3,2,3,1457,0,1,1,0,0,-311,-310,-311,-353,-305,-306,2,2,0,0,0
LMR,4,1,3,2,6,-676,0,1,0,0,1,-311,-310,-311,-258,-305,-299,2,5,-4502,0,0
LMR,10,8,9,9,3,21685,0,1,0,0,1,-311,-310,-320,-280,-310,-310,140,0,2658,0,0
LMR,4,1,3,3,19,-3812,0,1,0,0,0,-134,-133,-155,-128,-108,-112,2,7,-2742,0,0
LMR,4,1,3,3,17,-2783,0,1,0,0,1,-299,-298,-310,-262,-298,-320,5,10,-3623,0,1
LMR,9,1,8,8,2,-17066,0,1,0,0,0,-311,-310,-311,-214,-271,-310,2,20,-1338,0,0
LMR,4,1,3,3,2,2010,0,0,1,0,0,310,311,295,168,311,311,7,11,0,0,0
LMR,4,1,3,4,3,2931,0,1,0,0,0,310,311,310,487,521,311,8,8,-993,0,0
LMR,10,3,9,8,9,-13518,0,1,0,0,1,-311,-310,-311,-174,-310,-310,5,34,-2244,0,0
LMR,8,1,7,7,2,12131,0,1,0,0,0,-311,-310,-336,-202,-308,-307,5,32,7330,0,0
LMR,4,1,3,3,3,12347,0,1,0,0,0,-311,-310,-311,-220,-291,-310,1,0,1757,0,0
LMR,6,1,5,5,2,1556,0,1,0,0,0,-311,-310,-323,-179,-271,-310,2,26,3735,0,0
LMR,5,1,4,5,13,-13990,0,1,0,0,0,-311,-310,-311,-154,-226,-238,3,18,-1338,0,0
LMR,4,1,3,4,2,-4619,0,1,0,1,0,-311,-310,-453,-247,-219,-235,8,6,-1338,0,0
LMR,3,1,2,3,4,7199,0,0,0,0,0,168,169,113,52,186,183,4,9,-3175,0,0
LMR,3,1,2,3,5,10599,0,1,0,0,0,-169,-168,-267,-68,-101,-179,2,16,1906,0,1
LMR,3,1,2,2,2,28419,0,1,0,0,0,-267,-266,-267,-117,-248,-277,2,9,-4735,0,1
LMR,3,1,2,3,4,7845,0,1,0,0,0,-267,-266,-267,-117,-182,-266,3,11,-3505,0,1
LMR,4,1,3,4,5,892,0,1,1,0,0,-311,-310,-311,-311,145,-185,4,3,0,0,0
LMR,6,3,5,4,2,4530,0,0,0,0,0,310,311,310,224,311,210,7,10,5728,0,0
LMR,6,1,5,6,6,-13543,0,0,0,0,0,310,311,310,224,377,369,2,3,4101,0,0
LMR,7,1,6,6,4,-3756,0,1,0,0,0,-311,-310,-311,-214,-288,-360,2,36,-2912,0,0
LMR,9,1,8,9,8,-21039,0,1,0,0,0,-311,-310,-326,-239,-268,-311,2,58,3618,0,0
LMR,4,1,3,4,2,17643,0,1,0,0,0,310,311,310,269,417,398,2,8,7098,0,0
LMR,3,1,2,3,2,16632,0,1,0,0,0,310,311,275,233,413,350,2,4,8192,0,0
LMR,12,3,11,10,6,-1558,0,1,0,0,0,-311,-310,-311,-138,-310,-303,8,50,-5228,0,0
LMR,3,1,2,3,2,5563,0,1,0,0,1,-308,-307,-360,-179,-174,-292,1,4,-2359,0,1
LMR,3,1,2,3,2,12091,0,1,0,0,0,-317,-316,-357,-250,-294,-316,2,6,1553,0,1
LMR,3,1,2,2,3,4862,0,1,0,0,1,-190,-189,-216,-98,-171,-171,4,4,1889,0,1
LMR,3,1,2,2,3,-2747,0,1,0,0,1,-324,-323,-330,-330,-319,-320,7,5,4251,0,1
LMR,4,1,3,4,4,-1956,0,0,0,0,0,289,290,255,238,315,296,2,4,-880,0,0
LMR,5,1,4,3,2,-1569,0,1,0,0,0,-290,-289,-294,-184,-289,-227,3,5,2562,1,0
LMR,3,1,2,3,3,-2979,0,1,0,0,0,-298,-297,-318,-183,-263,-297,2,4,2988,0,1
LMR,3,1,2,2,2,-3387,0,1,0,0,1,-305,-304,-308,-254,-280,-304,3,7,4884,0,1
LMR,3,1,2,2,7,3704,0,1,0,0,1,-283,-282,-283,-280,-263,-266,1,1,-5936,0,0
LMR,3,1,2,3,2,13886,0,1,0,0,0,-283,-282,-386,-244,-261,-265,2,2,-4694,0,0
LMR,4,2,3,4,5,2880,0,1,0,0,1,-287,-286,-333,-233,-267,-257,2,2,-2210,0,1
LMR,3,1,2,3,2,7187,0,1,0,0,0,-318,-317,-335,-150,-213,-231,1,1,-1118,0,1
LMR,3,1,2,2,2,9202,0,1,0,0,0,-317,-316,-342,-218,-306,-316,1,3,1403,0,1
LMR,3,1,2,3,2,5916,0,1,0,0,0,-278,-277,-332,-231,-272,-270,1,6,906,0,1
LMR,3,1,2,2,5,-2111,0,1,0,0,1,-190,-189,-218,-97,-171,-183,4,7,1696,0,1
LMR,4,1,3,2,2,4860,0,1,0,0,1,282,283,282,335,283,283,3,4,6033,0,0
LMR,3,1,2,2,2,-389,0,1,0,0,0,301,302,271,377,307,308,5,4,1910,0,0
LMR,6,1,5,5,2,-8134,0,1,0,0,0,-283,-282,-320,-281,-268,-238,4,6,1579,1,0
LMR,8,1,7,7,3,-4697,0,1,0,0,0,-283,-282,-283,-81,-271,-271,1,3,94,0,0
LMR,3,1,2,3,2,-9495,0,1,0,0,0,-283,-282,-293,-184,-214,-226,2,3,-120,0,0
LMR,4,1,3,4,4,6389,0,1,0,0,0,-283,-282,-293,-313,-238,-282,2,6,-1338,0,0
LMR,3,1,2,3,2,13236,0,0,0,0,0,269,270,206,115,274,270,4,11,2657,0,0
LMR,8,2,7,7,8,-4005,0,1,0,0,1,-271,-270,-271,-224,-259,-271,3,16,-3260,0,0
LMR,4,2,3,4,2,-4956,0,1,0,0,1,-274,-273,-349,-281,-259,-258,3,4,4009,0,1
LMR,4,2,3,3,2,1323,0,0,0,0,0,-270,-269,-284,-241,-255,-255,3,3,8092,0,0
LMR,7,1,6,7,2,-4882,0,1,0,0,0,269,270,257,292,311,280,3,16,3065,0,0
LMR,4,2,3,4,3,10395,0,0,0,0,0,270,271,269,317,386,277,2,3,-1338,0,0
LMR,4,1,3,2,2,1524,0,1,1,0,0,294,295,294,340,295,295,3,4,0,0,0
LMR,4,1,3,2,2,20685,0,1,0,0,0,294,295,288,337,295,295,4,4,6232,0,0
LMR,4,1,3,2,2,26307,0,1,0,0,0,294,295,293,358,295,295,4,4,6314,0,0
LMR,5,2,4,3,2,36162,0,1,0,0,0,294,295,294,415,297,298,3,3,6043,0,0
LMR,4,1,3,4,2,11143,0,1,0,0,0,356,357,352,507,412,412,0,0,4362,0,1
LMR,5,1,4,5,2,16020,0,1,0,0,0,311,312,194,299,420,333,1,2,704,0,0
LMR,6,1,5,6,2,7838,0,1,0,0,0,311,312,298,376,371,355,2,13,-1338,0,0
LMR,5,1,4,5,2,15962,0,1,1,0,0,311,312,269,545,415,397,1,1,0,1,0
LMR,5,1,4,5,2,4117,0,1,0,0,0,311,312,219,533,312,362,4,8,-1338,0,0
LMR,6,1,5,6,2,6882,0,1,0,0,0,311,312,231,545,312,353,4,30,2546,0,0
LMR,4,1,3,4,2,8821,0,1,0,0,0,311,312,233,387,312,303,4,8,3529,0,0
LMR,4,1,3,3,5,-5839,0,1,0,0,0,311,312,304,387,312,358,3,7,5818,0,0
LMR,6,2,5,5,2,28141,0,1,0,0,0,311,312,298,552,327,313,7,22,6483,0,0
LMR,3,1,2,3,2,16004,0,1,1,0,0,311,312,309,436,557,429,1,2,0,1,0
LMR,3,1,2,2,5,-4213,0,1,1,0,0,305,306,297,434,342,326,1,1,0,0,1
LMR,3,1,2,3,3,14433,0,1,0,0,0,311,312,213,370,427,407,1,1,541,0,0
LMR,5,1,4,5,3,-2914,0,1,0,0,0,311,312,285,461,470,372,1,3,-1338,0,0
LMR,7,1,6,7,2,5066,0,1,0,0,0,311,312,280,474,376,312,1,15,-1338,0,0
LMR,5,1,4,4,4,-8562,0,1,0,0,0,311,312,309,311,339,334,2,3,-1338,0,0
LMR,7,1,6,6,6,-7926,0,0,0,0,0,-312,-311,-341,-390,-311,-330,5,9,-1338,0,0
LMR,7,1,6,6,2,4500,0,1,0,0,0,311,312,300,407,312,312,2,0,8112,0,0
LMR,3,1,2,3,2,5030,0,1,0,0,0,448,449,417,571,520,475,1,1,-1338,0,1
LMR,11,4,10,10,22,-17066,0,0,0,0,0,-312,-311,-324,-419,-311,-311,17,35,-1338,0,0
LMR,12,8,11,10,4,-4226,0,0,1,0,1,-312,-311,-312,-328,-311,-311,260,0,0,0,0
LMR,3,1,2,3,4,-5660,0,0,0,0,0,-326,-325,-382,-280,-309,-309,1,4,-615,0,0
LMR,3,1,2,2,2,7286,0,1,0,0,1,-296,-295,-296,-270,-284,-314,1,6,2039,0,0
LMR,3,1,2,2,5,-10071,0,1,0,0,1,-296,-295,-296,-270,-273,-277,1,1,1299,0,0
LMR,4,1,3,3,2,19362,0,1,0,0,0,-296,-295,-300,-179,-251,-244,2,6,-903,0,0
LMR,10,7,9,8,6,-10084,0,0,0,0,1,295,296,293,270,296,295,34,60,-1150,0,0
LMR,6,2,5,6,2,22865,0,1,0,0,0,-296,-295,-296,-176,-236,-282,1,7,-6673,0,0
LMR,3,1,2,2,3,4940,0,1,0,0,0,-253,-252,-257,-134,-237,-271,3,7,-5192,0,1
LMR,3,1,2,2,3,11679,0,1,0,0,0,-257,-256,-285,-228,-244,-243,7,6,-4662,0,1
LMR,4,2,3,3,3,1169,0,1,0,0,1,-274,-273,-274,-251,-263,-260,4,4,2695,0,1
LMR,5,1,4,5,2,3119,0,1,1,0,0,-296,-295,-333,-198,-256,-302,3,8,0,0,0
LMR,5,1,4,5,7,-4471,0,1,1,0,0,-296,-295,-302,-198,-225,-278,1,8,0,0,0
LMR,13,7,12,12,11,-9114,0,0,0,0,1,272,273,250,163,273,280,47,67,1058,0,0
LMR,6,1,5,5,3,-8256,0,1,0,0,0,311,312,296,518,338,312,4,14,4269,0,0
LMR,4,1,3,2,8,-3139,0,1,0,0,0,-312,-311,-312,-259,-311,-311,4,4,-3063,0,0
LMR,6,4,5,6,2,9015,0,0,0,0,0,311,312,224,179,342,366,3,5,-2742,0,0
LMR,9,1,8,8,12,-17541,0,1,0,0,0,-312,-311,-312,-199,-262,-311,1,21,-1338,0,0
LMR,5,1,4,5,2,2952,0,1,0,0,0,311,312,261,385,448,339,1,8,1299,0,0
LMR,12,5,11,10,2,-5803,0,1,0,0,0,311,312,311,332,312,312,13,41,6729,0,0
LMR,6,1,5,6,2,20082,0,1,0,0,0,311,312,255,419,451,387,2,2,-1338,0,0
LMR,3,1,2,3,7,-5866,0,1,0,0,0,311,312,302,293,413,312,2,10,-1338,0,0
LMR,3,1,2,3,3,-10254,0,0,0,0,0,-312,-311,-376,-323,-293,-312,2,18,2804,0,0
LMR,4,1,3,2,4,5417,0,1,0,0,0,311,312,311,379,312,312,2,2,-1476,0,0
LMR,9,5,8,7,7,-2334,0,0,0,0,1,-312,-311,-312,-368,-309,-309,50,0,5940,0,0
LMR,3,1,2,2,2,-8017,0,1,0,0,0,-282,-281,-308,-246,-277,-251,5,5,2289,0,1
LMR,8,3,7,6,4,-13899,0,1,0,0,1,311,312,311,310,312,326,4,11,-1883,0,0
LMR,4,1,3,3,5,-2784,0,1,0,0,0,334,335,333,333,377,370,3,5,3112,0,1
LMR,6,1,5,6,2,-6725,0,1,0,0,0,342,343,216,465,448,478,3,7,-1338,0,0
LMR,7,1,6,7,3,-13642,0,0,0,0,0,-343,-342,-374,-523,-301,-301,1,8,-1338,0,0
LMR,5,1,4,4,4,-18075,0,1,0,0,0,342,343,321,253,343,343,4,7,-1338,1,0
LMR,4,1,3,4,2,-12519,0,0,0,0,0,-343,-342,-630,-271,-342,-342,2,3,53,1,0
LMR,4,1,3,4,2,-16884,0,0,0,0,0,-343,-342,-419,-271,-325,-327,2,11,-1338,1,0
LMR,7,1,6,6,3,-4625,0,1,0,1,0,342,343,342,648,384,335,4,35,-2170,0,0
LMR,3,1,2,3,4,-19235,0,0,0,0,0,-270,-269,-338,-123,252,-237,0,6,-1338,1,0
LMR,5,1,4,5,2,18349,0,1,0,0,0,-321,-320,-347,-91,-252,-252,1,5,6410,0,1
LMR,3,1,2,3,2,5057,0,1,0,0,0,-232,-231,-422,-172,-231,-187,2,7,-1338,0,1
LMR,5,1,4,5,2,100,0,1,0,0,0,-313,-312,-339,-203,-122,-302,1,3,-1214,0,0
LMR,5,1,4,5,2,-867,0,1,0,0,0,-313,-312,-399,-225,-293,-247,2,8,-1886,0,0
LMR,6,1,5,6,2,9334,0,1,1,0,0,-313,-312,-411,-125,-228,-242,2,3,0,0,0
LMR,8,4,7,8,6,-9081,0,0,1,0,0,312,313,252,200,371,371,5,6,0,0,0
LMR,9,3,8,9,2,13463,0,1,0,0,0,-313,-312,-364,-71,-230,-270,2,9,8138,0,0
LMR,4,1,3,4,2,-868,0,0,0,0,0,316,317,256,237,408,392,2,12,5167,0,0
LMR,4,2,3,4,18,-2615,0,1,0,0,1,-315,-314,-332,-137,-1,-164,1,3,-5965,0,1
LMR,9,3,8,8,2,15832,0,1,0,0,0,-313,-312,-318,-133,-297,-368,3,16,2786,0,0
LMR,5,1,4,5,3,3762,0,1,0,0,0,-313,-312,-334,-204,-243,-299,4,9,2786,0,0
LMR,9,1,8,9,5,2271,0,1,0,0,0,-313,-312,-318,-133,-195,-301,2,48,86,0,0
LMR,3,1,2,2,2,11504,0,1,0,0,0,-202,-201,-202,-196,-189,-191,4,4,8192,0,1
LMR,3,1,2,2,2,-3120,0,1,0,0,0,-282,-281,-315,-161,-273,-273,1,1,85,0,1
LMR,4,1,3,3,3,-9063,0,0,0,0,0,-321,-320,-330,-379,-320,-320,7,8,3524,0,0
LMR,4,1,3,3,2,7404,0,1,1,0,0,-321,-320,-333,-202,-316,-274,2,7,0,0,1
LMR,5,1,4,5,2,13205,0,1,1,0,0,-271,-270,-346,-229,-148,-177,2,2,0,0,0
LMR,5,1,4,5,2,7400,0,1,0,0,0,-271,-270,-279,-153,-218,-227,2,5,6167,0,0
LMR,3,1,2,3,2,19881,0,1,0,0,0,-304,-303,-327,-280,-252,-252,1,0,-1338,0,0
LMR,4,1,3,4,2,5065,0,1,0,0,0,-304,-303,-393,-200,-293,-264,3,12,1739,0,1
LMR,5,1,4,5,2,26036,0,1,0,0,0,-271,-270,-271,-172,-176,-226,5,9,8192,0,0
LMR,4,2,3,3,2,10736,0,1,1,0,1,-333,-332,-360,-528,-318,-313,2,3,0,0,0
LMR,5,1,4,3,20,-10266,0,1,0,0,0,270,271,270,382,271,270,2,4,-1338,0,0
LMR,6,1,5,6,8,-8060,0,1,0,0,1,270,271,258,398,318,270,2,24,-377,0,0
LMR,8,6,7,7,2,7357,0,0,1,0,0,-271,-270,-295,-321,-270,-270,42,15,0,0,0
LMR,4,1,3,4,3,4223,0,0,0,0,0,-338,-337,-378,-431,-291,-301,2,5,1590,0,0
LMR,5,1,4,3,12,-10122,0,1,0,0,0,337,338,337,389,341,343,3,10,-120,0,0
LMR,6,4,5,5,3,-2421,0,1,0,0,1,-338,-337,-342,-252,-322,-362,10,11,3281,0,1
LMR,4,1,3,4,2,-6320,0,1,0,0,1,-313,-312,-333,-136,-165,-316,1,7,8046,0,1
LMR,4,1,3,4,4,2965,0,1,0,0,1,-313,-312,-316,-136,-1,-243,1,2,-1949,0,1
LMR,4,1,3,4,3,2357,0,1,0,0,1,-328,-327,-328,-109,-264,-264,1,5,6242,0,1
LMR,4,1,3,2,2,8154,0,1,0,0,0,-277,-276,-277,-193,-274,-275,2,4,4418,0,1
LMR,5,2,4,4,9,634,0,1,0,0,1,-308,-307,-310,-199,-273,-292,2,9,-5076,0,1
LMR,3,1,2,3,2,-150,0,1,0,0,0,-288,-287,-328,-113,-231,-231,2,0,5438,0,1
LMR,3,1,2,3,2,3664,0,1,0,1,0,277,278,219,235,383,364,5,4,-1338,0,0
LMR,3,1,2,2,8,-1849,0,1,0,0,1,-225,-224,-241,-105,-193,-224,2,11,-2510,0,1
LMR,3,1,2,3,3,-7889,0,1,0,1,0,261,262,224,293,287,283,5,5,-1338,0,0
LMR,4,1,3,4,9,1727,0,1,0,0,1,-313,-312,-316,-115,-249,-312,1,8,-4763,0,1
LMR,4,1,3,4,2,2535,0,1,1,0,0,-243,-242,-380,-290,-205,-206,2,4,0,0,0
LMR,3,1,2,3,2,7314,0,1,0,0,0,-289,-288,-298,-99,-231,-231,2,0,4924,0,1
LMR,3,1,2,2,2,7403,0,1,0,0,0,-289,-288,-303,-171,-267,-288,2,3,5157,0,1

===========================
Total time (ms) : 42
Nodes searched  : 33697
Nodes/second    : 802309
LMR_TOTAL,18280,766,512
