
Position: 1/1 (r3kbnr/ppqbpppp/2n5/2p5/3p4/2PP1NP1/PP1NPPBP/R1BQ1RK1 b kq - 0 7)
LMR,3,1,2,3,2,-1209,0,1,1,0,0,-222,-221,-248,-368,-132,-143,1,2,0,0,0
LMR,4,1,3,3,23,-1789,0,1,1,0,0,250,251,250,309,277,272,3,2,0,0,0
LMR,3,1,2,2,2,3000,0,0,1,0,0,-322,-321,-329,-914,-296,-163,4,1,0,0,0
LMR,4,1,3,4,6,-1276,0,1,0,0,0,293,294,263,322,691,339,1,1,-1338,0,0
LMR,5,1,4,5,2,676,0,1,1,0,0,-295,-294,-376,-392,-188,-286,2,9,0,0,0
LMR,6,1,5,6,2,-833,0,1,0,0,0,-295,-294,-617,-233,-240,-295,3,14,-1744,0,0
LMR,6,1,5,5,2,-81,0,1,0,0,0,321,322,282,467,327,339,8,9,-1338,0,0
LMR,3,1,2,3,2,5687,0,0,1,0,0,-322,-321,-354,-513,-284,-280,8,4,0,0,0
LMR,4,1,3,4,3,-4397,0,0,0,0,0,-322,-321,-438,-410,-211,-288,1,8,-1338,0,0
LMR,4,1,3,4,15,-7394,0,1,0,0,0,321,322,295,364,410,294,1,12,-1338,0,0
LMR,6,1,5,5,11,-6686,0,1,0,0,0,321,322,309,517,340,321,1,30,-1338,0,0
LMR,6,1,5,5,18,-3202,0,1,0,0,0,321,322,321,517,367,321,1,18,-1338,0,0
LMR,5,1,4,5,23,-4471,0,1,1,0,0,321,322,321,457,444,422,1,1,0,0,0
LMR,6,1,5,6,23,-7143,0,1,0,0,0,321,322,321,517,380,366,1,44,-658,0,0
LMR,5,1,4,4,6,-11856,0,1,0,0,0,321,322,278,356,331,340,3,14,-1338,0,0
LMR,3,1,2,3,4,440,0,0,1,0,0,-336,-335,-395,-737,-335,-335,4,14,0,0,0
LMR,4,1,3,3,3,-1276,0,1,0,0,0,335,336,313,107,336,348,13,6,-1338,0,0
LMR,5,1,4,4,3,-3318,0,0,1,0,0,-336,-335,-351,-399,-308,-345,2,22,0,0,0
LMR,7,1,6,5,2,4338,0,1,0,0,0,335,336,335,349,336,345,7,46,317,0,0
LMR,4,1,3,4,3,-1276,0,1,0,0,0,335,336,280,402,453,340,1,2,-1338,0,0
LMR,5,1,4,5,2,676,0,1,1,0,0,335,336,301,385,364,339,1,7,0,0,0
LMR,5,1,4,5,15,3140,0,1,1,0,0,335,336,294,324,500,572,2,4,0,0,0
LMR,8,1,7,6,15,-16308,0,0,0,0,0,-336,-335,-338,-340,-335,-532,4,12,-1338,0,0
LMR,4,1,3,3,4,-352,0,1,0,0,0,335,336,335,417,368,336,3,12,-1338,0,0
LMR,4,1,3,4,2,11075,0,1,0,0,0,335,336,335,477,420,375,2,5,3326,0,0
LMR,6,1,5,5,2,4335,0,1,1,0,0,335,336,335,587,385,367,1,11,0,0,0
LMR,7,1,6,7,2,4884,0,1,1,0,0,335,336,330,602,1481,879,0,1,0,0,0
LMR,4,1,3,4,2,8655,0,1,0,0,0,354,355,286,405,432,432,1,2,-1338,0,0
LMR,3,1,2,3,14,4952,0,1,1,0,1,323,324,309,376,388,377,1,1,0,0,1
LMR,5,1,4,4,2,3842,0,1,0,0,0,-337,-336,-372,-274,-320,-324,2,16,4096,0,0
LMR,5,1,4,5,2,5402,0,1,1,0,1,-380,-379,-412,-336,-66,-304,1,4,0,0,0
LMR,6,2,5,5,19,2842,0,0,1,0,1,355,356,351,285,386,386,1,1,0,0,0
LMR,6,1,5,6,12,-13790,0,1,0,0,1,-356,-355,-356,-270,-285,-381,1,33,-1338,0,0
LMR,5,1,4,5,3,1982,0,1,0,0,0,379,380,379,446,534,427,1,5,-1338,0,0
LMR,3,1,2,3,2,-10506,0,1,0,1,0,379,380,280,456,868,552,4,3,-1338,0,0
LMR,6,1,5,6,2,5380,0,1,0,0,0,379,380,321,612,397,397,1,11,-1338,0,0
LMR,4,1,3,4,2,424,0,0,1,0,0,-380,-379,-531,-1154,-359,-371,17,5,0,0,0
LMR,4,1,3,4,10,4394,0,1,1,0,0,379,380,379,645,563,372,1,24,0,0,0
LMR,4,1,3,3,15,-3656,0,1,0,0,0,379,380,379,645,404,379,2,7,-4372,0,0
LMR,4,1,3,3,17,-12419,0,1,0,0,0,379,380,379,645,398,379,2,7,-2206,0,0
LMR,9,4,8,8,6,-2676,0,1,1,0,1,379,380,379,504,424,407,6,16,0,0,0
LMR,3,1,2,3,12,3948,0,1,1,0,1,323,324,309,379,377,377,0,0,0,0,1
LMR,9,2,8,8,12,-563,0,0,1,0,0,-380,-379,-380,-387,-361,-359,5,14,0,0,0
LMR,5,3,4,5,2,3544,0,0,1,0,0,-380,-379,-509,-426,-375,-353,11,16,0,0,0
LMR,6,1,5,6,3,5672,0,1,1,0,0,379,380,357,380,1172,919,0,1,0,0,0
LMR,8,2,7,7,6,2537,0,1,1,0,1,379,380,361,400,380,380,19,42,0,0,0
LMR,5,1,4,5,13,-11661,0,1,0,0,0,379,380,375,392,454,421,1,8,-1338,0,0
LMR,9,7,8,8,4,-13108,0,0,0,0,1,-380,-379,-410,-369,-364,-364,50,23,-1338,0,0
LMR,5,1,4,4,2,-12925,0,1,0,0,0,-356,-355,-365,-223,-340,-359,2,5,-718,0,0
LMR,5,1,4,5,3,-13196,0,1,0,0,0,-356,-355,-359,-223,-294,-305,2,11,-1752,0,0
LMR,5,1,4,5,2,-2190,0,1,0,0,0,-356,-355,-454,-191,-300,-355,1,15,-1338,0,0
LMR,5,1,4,4,2,613,0,1,0,0,0,-356,-355,-370,-280,-355,-355,10,9,-1338,0,0
LMR,5,1,4,5,2,10230,0,1,0,0,0,-356,-355,-390,-266,-318,-318,1,20,527,0,0
LMR,3,1,2,2,2,-9635,0,1,0,0,0,-356,-355,-402,-240,-355,-355,3,3,6301,0,0
LMR,3,1,2,2,7,-5945,0,1,0,0,0,-322,-321,-322,-205,-293,-299,2,7,-1338,0,0
LMR,6,1,5,6,2,5281,0,1,1,0,0,-322,-321,-352,-179,-297,-304,3,24,0,0,0
LMR,8,2,7,7,7,-338,0,0,1,0,0,321,322,321,252,343,343,4,4,0,0,0
LMR,5,2,4,5,5,-1016,0,0,1,0,0,-426,-425,-470,-491,-408,-411,1,1,0,0,0
LMR,5,1,4,5,4,-5901,0,1,0,0,0,425,426,417,451,491,413,1,5,-1338,0,0
LMR,9,5,8,9,2,-6516,0,0,0,0,0,-426,-425,-488,-454,-417,-451,20,15,-1338,0,0
LMR,4,1,3,4,3,1282,0,1,0,0,0,425,426,383,445,482,472,1,1,-582,0,0
LMR,9,1,8,9,6,-15544,0,0,0,0,0,-426,-425,-451,-454,-397,-427,1,15,-1338,0,0
LMR,5,1,4,5,2,1929,0,1,1,0,0,425,426,300,465,488,477,1,1,0,0,0
LMR,9,1,8,8,24,-16934,0,0,0,0,0,-426,-425,-435,-418,-425,-421,7,17,-1338,0,0
LMR,6,1,5,5,2,7661,0,1,1,0,0,-381,-380,-386,-335,-369,-192,0,7,0,0,0
LMR,3,1,2,2,3,-7731,0,1,0,0,0,-362,-361,-398,-216,-352,-361,2,6,-1338,0,1
LMR,7,1,6,7,2,14028,0,1,0,0,0,-381,-380,-435,-202,-380,-380,4,18,-1338,0,0
LMR,7,1,6,7,2,7901,0,1,1,0,0,-381,-380,-435,-446,-331,-298,1,12,0,0,0
LMR,6,1,5,6,2,14181,0,1,0,0,0,-381,-380,-504,-221,-380,-374,6,22,370,0,0
LMR,3,1,2,2,2,17249,0,1,0,0,0,-319,-318,-331,-231,-300,-300,1,1,-1338,0,0
LMR,5,1,4,3,6,-8373,0,1,0,0,0,-235,-234,-239,-64,-234,-234,4,20,-1338,0,0
LMR,5,1,4,4,3,4080,0,1,0,0,0,-235,-234,-245,-74,-234,-215,4,9,-1338,0,0
LMR,5,1,4,3,4,-7317,0,1,0,0,0,-268,-267,-268,-123,-267,-267,10,13,4935,0,0
LMR,4,1,3,4,4,-188,0,0,1,0,0,255,256,227,20,385,301,4,2,0,0,0
LMR,5,1,4,4,7,-14538,0,1,0,0,0,315,316,315,350,327,331,5,11,-1338,0,0
LMR,4,1,3,4,5,-3838,0,0,1,0,0,-344,-343,-353,-336,-298,69,0,1,0,0,0
LMR,4,1,3,3,2,-730,0,1,0,0,0,-279,-278,-286,-219,-263,-271,7,10,-1338,0,0
LMR,5,1,4,4,3,1375,0,1,0,0,0,-279,-278,-295,-108,-277,-277,3,4,1555,0,0
LMR,4,1,3,4,2,4584,0,1,1,0,0,-324,-323,-326,-753,-194,-277,4,6,0,0,1
LMR,6,1,5,5,5,-5659,0,1,0,0,0,-279,-278,-281,-205,-236,-265,1,4,-1338,0,0
LMR,6,1,5,5,2,954,0,1,0,0,0,-279,-278,-281,-188,-272,-267,3,5,-1338,0,0
LMR,3,1,2,2,2,3798,0,1,0,0,0,-279,-278,-300,-196,-254,-251,2,2,-1180,0,0
LMR,5,1,4,4,2,9597,0,1,0,0,0,-279,-278,-291,-142,-278,-257,4,16,8192,0,0
LMR,4,1,3,3,4,9011,0,1,0,0,0,-266,-265,-279,-235,-265,-243,3,5,1962,0,0
LMR,4,1,3,4,11,-2604,0,0,1,0,0,293,294,279,236,387,370,1,1,0,0,0
LMR,4,1,3,4,2,2219,0,1,0,0,0,-294,-293,-315,-246,-236,-354,2,22,43,0,1
LMR,7,4,6,5,4,-9052,0,0,0,0,1,265,266,265,205,270,270,13,14,2119,0,0
LMR,5,1,4,5,2,-2257,0,1,0,0,0,-266,-265,-281,-161,-139,-184,1,7,1155,0,0
LMR,4,1,3,4,2,10991,0,1,1,0,0,-266,-265,-351,-976,263,375,0,2,0,0,0
LMR,8,2,7,7,7,-13110,0,1,0,0,1,-266,-265,-269,-267,-228,-227,3,24,-1338,0,0
LMR,3,1,2,3,3,-419,0,1,0,0,0,-266,-265,-434,-209,-49,-237,1,4,-2742,0,0
LMR,9,6,8,8,2,-1438,0,0,0,0,0,248,249,233,165,251,251,28,27,-1338,0,0
LMR,10,7,9,8,8,-14223,0,0,0,0,1,248,249,248,251,250,250,93,0,-1338,0,0
LMR,5,1,4,5,2,7736,0,1,0,0,0,248,249,180,355,314,269,5,17,-1338,0,0
LMR,4,1,3,3,2,3186,0,1,0,0,1,248,249,224,308,261,267,12,7,-463,0,0
LMR,4,1,3,3,2,-11544,0,1,0,0,0,281,282,278,388,306,288,2,11,4542,0,0
LMR,5,1,4,5,9,-1192,0,0,1,0,0,-305,-304,-352,-462,-275,-280,2,5,0,0,0
LMR,5,1,4,5,2,9894,0,1,0,0,0,304,305,296,402,462,284,2,16,-1338,0,0
LMR,7,1,6,6,23,-17390,0,1,0,0,0,304,305,304,514,346,304,1,40,-1338,0,0
LMR,5,3,4,5,2,7405,0,0,0,0,0,-305,-304,-315,-216,-247,-247,6,4,-1151,0,0
LMR,9,4,8,9,11,-7788,0,0,0,0,0,-305,-304,-422,-468,-271,-271,6,7,-1338,0,0
LMR,9,4,8,8,4,4650,0,1,1,0,1,304,305,288,368,317,277,10,41,0,0,0
LMR,3,1,2,2,6,-469,0,1,1,0,0,-263,-262,-275,-201,-253,-265,2,4,0,0,1
LMR,7,1,6,7,2,9449,0,1,0,0,0,-283,-282,-299,-151,-216,-298,1,36,-1338,0,0
LMR,7,1,6,6,8,-8997,0,1,0,0,0,-283,-282,-298,-151,-255,-299,1,27,-1338,0,0
LMR,7,1,6,7,9,-7204,0,1,0,0,0,-283,-282,-298,-151,-232,-254,1,17,-1730,0,0
LMR,5,1,4,5,2,11189,0,1,0,0,0,-283,-282,-363,-239,-248,-248,1,12,-1338,0,0
LMR,7,1,6,6,9,-14115,0,1,0,0,0,-283,-282,-297,-299,-279,-253,3,36,-1338,0,0
LMR,9,2,8,8,11,-9081,0,0,0,0,0,282,283,257,173,299,256,11,52,-264,0,0
LMR,7,1,6,6,3,13097,0,1,0,0,0,-283,-282,-323,-222,-274,-255,4,17,449,0,0
LMR,7,1,6,7,12,-8256,0,1,0,0,0,-283,-282,-364,-85,-220,-173,10,25,-1338,0,0
LMR,5,1,4,4,3,31828,0,1,0,0,0,-283,-282,-291,-192,-247,-266,5,14,-3221,0,0
LMR,6,1,5,6,2,8426,0,1,0,0,0,-252,-251,-336,-15,-208,-187,1,7,-1338,0,0
LMR,5,2,4,5,2,2001,0,0,1,0,0,251,252,42,123,622,383,2,1,0,0,0
LMR,6,1,5,6,2,-10964,0,1,0,0,0,-252,-251,-370,-55,-93,-168,1,9,-1338,0,0
LMR,8,5,7,8,6,4584,0,0,1,0,0,251,252,179,200,267,267,8,2,0,0,0
LMR,8,1,7,8,2,-8941,0,1,0,0,0,-252,-251,-361,-210,-245,-265,1,30,-744,0,0
LMR,8,5,7,8,6,7253,0,0,1,0,0,251,252,175,193,299,299,3,2,0,0,0
LMR,8,1,7,8,3,-3492,0,1,0,0,0,-252,-251,-334,-194,-238,-293,1,10,-744,0,0
LMR,11,4,10,10,3,-1091,0,1,0,0,0,-252,-251,-260,-213,-230,-270,8,33,1794,0,0
LMR,6,1,5,6,4,404,0,1,0,0,0,-252,-251,-327,-171,-140,-160,1,9,-744,0,0
LMR,11,3,10,10,5,-7132,0,1,0,0,0,-252,-251,-260,-213,-222,-232,7,42,-366,0,0
LMR,7,1,6,7,4,-1276,0,1,0,0,0,-493,-492,-681,-1000,-253,-485,2,6,-1338,0,0
LMR,5,1,4,4,19,-560,0,0,1,0,0,251,252,225,-13,252,252,3,3,0,0,0
LMR,5,1,4,5,2,-1276,0,1,0,0,0,-252,-251,-453,-107,13,-252,2,12,-1338,0,0
LMR,5,1,4,5,3,-4397,0,1,0,0,0,-252,-251,-252,-107,-172,-244,2,9,-2742,0,0
LMR,8,1,7,8,8,-1276,0,1,0,0,0,-252,-251,-281,-67,-108,-245,1,37,-1338,0,0
LMR,11,2,10,10,13,3364,0,0,0,0,0,251,252,246,265,285,285,3,9,-1338,0,0
LMR,11,4,10,11,2,-3244,0,1,0,0,0,-252,-251,-282,-249,-160,-359,0,9,-1338,0,0
LMR,8,3,7,8,3,1576,0,0,0,0,0,-252,-251,-272,-275,-186,-243,7,26,-1293,0,0
LMR,8,1,7,8,3,8258,0,1,0,0,0,251,252,183,229,275,243,5,37,4144,0,0
LMR,7,3,6,7,11,3052,0,0,1,0,0,251,252,198,92,283,264,10,15,0,0,0
LMR,4,1,3,4,2,4891,0,1,1,0,0,-252,-251,-583,-1203,-246,-177,2,8,0,0,0
LMR,10,1,9,9,3,-13304,0,1,0,0,0,-252,-251,-262,-69,-228,-240,1,31,1013,0,0
LMR,13,9,12,12,4,8353,0,1,0,0,1,-252,-251,-255,-227,-243,-251,54,182,-111,0,0
LMR,7,1,6,6,8,-1734,0,1,1,0,0,-252,-251,-268,-79,-251,-266,7,11,0,0,0
LMR,7,1,6,7,9,-2349,0,1,1,0,0,-252,-251,-266,-79,-198,-257,2,34,0,0,0
LMR,7,3,6,6,3,-10825,0,0,0,0,1,-305,-304,-320,-327,-304,-304,11,18,1996,0,0
LMR,8,1,7,7,17,-12081,0,1,0,0,1,304,305,304,403,327,304,2,35,-4189,0,0
LMR,3,1,2,2,9,-817,0,0,1,0,0,-305,-304,-305,-254,-284,-287,2,2,0,0,0
LMR,6,3,5,6,3,6893,0,0,0,0,0,-305,-304,-357,-511,-289,-293,5,27,-1338,0,0
LMR,10,4,9,9,2,3508,0,1,1,0,0,304,305,304,383,334,304,7,61,0,0,0
LMR,5,1,4,3,4,4991,0,1,0,0,0,304,305,301,355,308,309,9,7,-1338,0,0
LMR,6,1,5,6,2,23173,0,1,0,0,0,304,305,247,376,322,308,2,31,-1338,0,0
LMR,6,1,5,6,2,10808,0,1,0,0,0,304,305,266,438,366,364,1,4,-1338,0,0
LMR,3,1,2,3,8,4409,0,1,1,0,0,346,347,340,57,450,383,4,2,0,0,0
LMR,3,1,2,3,2,9486,0,1,0,0,0,364,365,346,412,430,394,2,2,-1668,0,1
LMR,5,1,4,4,2,8832,0,1,0,0,0,346,347,321,395,359,366,3,8,115,0,0
LMR,3,1,2,3,2,9723,0,0,1,0,0,-524,-523,-638,-1089,-519,-523,3,12,0,0,0
LMR,3,1,2,2,8,6201,0,1,1,0,1,364,365,353,350,369,368,1,1,0,0,1
LMR,3,1,2,2,13,6705,0,1,1,0,1,364,365,329,399,377,377,0,0,0,0,1
LMR,6,4,5,6,2,7741,0,0,1,0,0,-347,-346,-440,-884,-346,-323,9,30,0,0,0
LMR,8,2,7,7,2,13982,0,1,0,0,0,346,347,346,440,374,346,3,93,7826,0,0
LMR,6,3,5,6,2,-2847,0,0,1,0,0,-347,-346,-353,-361,-255,-311,3,3,0,0,0
LMR,8,1,7,6,3,4969,0,1,0,0,0,346,347,346,440,347,316,2,14,-1338,0,0
LMR,3,1,2,3,2,20728,0,1,0,0,0,-306,-305,-440,-238,-59,-274,0,5,3087,0,0
LMR,6,1,5,6,3,679,0,1,0,0,0,-306,-305,-348,-182,-285,-337,2,13,-1338,0,0
LMR,6,1,5,6,9,-1954,0,1,1,0,0,-306,-305,-337,-182,-184,-293,2,2,0,0,0
LMR,5,1,4,5,2,7508,0,1,1,0,0,-306,-305,-321,-346,-227,-238,3,0,0,0,0
LMR,3,1,2,2,5,-4363,0,0,0,0,0,305,306,296,284,306,306,5,9,-1338,0,0
LMR,3,1,2,3,2,-10343,0,1,0,0,0,-306,-305,-382,-197,-305,-306,6,21,-682,0,0
LMR,7,1,6,7,2,-5523,0,1,0,0,0,-249,-248,-348,-92,-248,-269,3,8,2733,0,0
LMR,5,1,4,4,25,-6823,0,1,0,0,0,-249,-248,-263,-160,-237,-236,4,13,-1233,0,0
LMR,7,1,6,6,24,-17108,0,1,0,0,0,-249,-248,-252,-92,-210,-238,1,40,-1338,0,0
LMR,9,5,8,9,2,-9118,0,0,0,0,0,248,249,-674,202,265,258,42,35,-1338,0,0
LMR,9,2,8,9,2,-1115,0,1,0,0,0,-249,-248,-914,-117,-247,-257,1,81,-115,0,0
LMR,9,1,8,8,5,1089,0,1,0,0,0,-249,-248,-253,-117,-243,-254,1,30,582,0,0
LMR,9,1,8,8,7,-9857,0,1,0,0,0,-249,-248,-253,-117,-227,-250,1,30,-564,0,0
LMR,5,1,4,5,9,5205,0,1,0,0,0,346,347,328,343,769,460,3,3,-2855,0,0
LMR,4,1,3,4,2,13872,0,1,0,0,0,-291,-290,-395,-302,-255,-283,1,9,623,0,1
LMR,4,1,3,4,2,913,0,0,1,0,0,-306,-305,-428,-743,-270,-248,1,5,0,0,0
LMR,8,1,7,8,11,-5657,0,1,1,0,1,305,306,303,412,377,497,0,7,0,0,0
LMR,3,1,2,2,8,-8098,0,1,0,0,1,233,234,216,365,237,225,2,2,-3303,0,1
LMR,3,1,2,3,3,-1642,0,0,0,0,0,-306,-305,-330,-377,-184,-303,2,2,-1338,0,0
LMR,4,1,3,3,4,-1276,0,1,0,0,0,305,306,285,352,328,303,3,9,-1338,0,0
LMR,9,3,8,8,4,-2818,0,0,0,0,0,-306,-305,-332,-370,-303,-306,19,16,-1338,0,0
LMR,5,1,4,5,3,-4804,0,0,0,0,0,-306,-305,-343,-352,-285,-288,2,4,-1338,0,0
LMR,5,1,4,5,2,7815,0,1,0,0,0,305,306,297,337,352,290,1,9,-1338,0,0
LMR,4,2,3,4,2,2049,0,0,0,0,0,-306,-305,-319,-279,-262,-269,7,4,318,0,0
LMR,7,4,6,6,2,1108,0,0,1,0,1,-306,-305,-332,-835,-291,-311,3,14,0,0,0
LMR,7,1,6,7,5,-4616,0,1,1,0,1,305,306,290,305,437,311,2,25,0,0,0
LMR,10,5,9,8,12,-3828,0,0,0,0,1,-306,-305,-306,-306,-305,-310,27,44,-982,0,0
LMR,5,1,4,5,2,676,0,1,1,0,0,305,306,229,113,433,351,6,2,0,0,0
LMR,3,1,2,2,2,-5849,0,1,0,0,0,-238,-237,-240,-160,-231,-237,2,8,7235,0,1
LMR,8,4,7,8,4,4019,0,0,0,0,0,-306,-305,-428,-323,-305,-305,18,20,-8,0,0
LMR,6,1,5,6,2,7053,0,1,0,0,0,-306,-305,-369,-203,-229,-256,1,7,-1366,0,0
LMR,7,1,6,6,7,5354,0,1,0,0,0,305,306,283,338,306,305,5,17,-1338,0,0
LMR,11,2,10,9,27,-14713,0,1,0,0,1,305,306,305,311,308,305,3,53,-582,0,0
LMR,7,1,6,5,3,20232,0,1,0,0,0,-306,-305,-306,-246,-305,-289,15,12,-1338,0,0
LMR,9,4,8,9,7,-918,0,0,1,0,0,305,306,291,288,351,351,11,15,0,0,0
LMR,8,2,7,7,5,-4885,0,1,1,0,1,-306,-305,-313,-290,-282,-264,1,8,0,0,0
LMR,5,1,4,4,2,-1763,0,1,1,0,0,-306,-305,-350,-301,-305,-305,4,7,0,0,0
LMR,3,1,2,2,7,18,0,1,1,0,0,-251,-250,-254,-304,-227,-231,1,1,0,0,0
LMR,3,1,2,3,2,-2542,0,0,0,0,0,250,251,-851,231,254,235,1,6,4587,0,1
LMR,8,1,7,6,9,-1007,0,1,1,0,0,-306,-305,-311,-258,-305,-301,4,13,0,0,0
LMR,3,1,2,3,2,8110,0,1,1,0,0,-254,-253,-320,-295,8,-244,1,1,0,0,1
LMR,5,1,4,5,2,8552,0,1,0,0,0,-306,-305,-369,-294,-305,-305,4,33,3581,0,0
LMR,5,1,4,5,2,14995,0,1,0,0,0,-306,-305,-400,-249,-305,-305,3,24,5178,0,0
LMR,4,1,3,4,2,19807,0,1,0,0,0,-306,-305,-306,-219,-249,-264,3,7,7066,0,0
LMR,10,2,9,10,9,-1065,0,0,1,0,0,295,296,287,253,373,331,1,12,0,0,0
LMR,10,3,9,10,2,-478,0,1,0,0,0,-296,-295,-1865,-235,-253,-327,2,43,5909,0,0
LMR,4,1,3,3,9,-845,0,1,1,0,0,295,296,284,196,296,296,6,2,0,0,0
LMR,10,4,9,10,3,-1136,0,0,0,0,0,295,296,256,236,321,321,6,13,-1338,0,0
LMR,10,1,9,10,5,-16563,0,1,0,0,0,-296,-295,-296,-235,-236,-318,2,25,-1338,0,0
LMR,9,1,8,8,8,-1758,0,0,1,0,0,295,296,295,230,340,300,1,3,0,0,0
LMR,10,1,9,9,7,-12746,0,1,0,0,0,-296,-295,-296,-235,-278,-299,9,22,-1338,0,0
LMR,5,2,4,5,2,2549,0,0,0,0,0,-306,-305,-389,-311,-210,-251,2,11,-1338,0,0
LMR,9,5,8,9,3,-1960,0,0,0,0,0,-306,-305,-394,-422,-287,-287,35,29,-1338,0,0
LMR,5,1,4,5,3,2925,0,1,0,0,0,-306,-305,-370,-201,-258,-267,2,13,-1338,0,0
LMR,7,1,6,7,2,6923,0,1,1,0,0,-306,-305,-321,-306,-260,-305,3,42,0,0,0
LMR,5,1,4,3,2,7071,0,1,0,0,0,-296,-295,-296,-99,-295,-257,3,10,-1338,0,0
LMR,5,1,4,4,2,906,0,1,0,0,0,305,306,297,361,306,306,3,0,-1338,0,0
LMR,8,5,7,7,2,2900,0,0,1,0,0,-306,-305,-348,-790,-302,-302,21,25,0,0,0
LMR,3,1,2,3,2,17782,0,1,0,0,0,482,483,406,387,694,582,3,2,-1338,0,0
LMR,7,1,6,6,2,-7816,0,1,0,0,0,305,306,298,531,328,329,3,13,1829,0,0
LMR,3,1,2,3,2,8715,0,1,1,0,0,336,337,280,100,399,388,1,1,0,0,1
LMR,5,1,4,4,3,20297,0,1,0,0,0,305,306,303,438,326,326,1,12,-1338,0,0
LMR,6,1,5,6,3,4438,0,1,1,0,0,305,306,303,320,362,322,1,30,0,0,0
LMR,7,2,6,7,2,31208,0,1,0,0,0,305,306,281,411,750,412,2,6,6571,0,0
LMR,3,1,2,3,13,5608,0,1,1,0,0,305,306,278,415,414,395,1,1,0,0,0
LMR,3,1,2,2,9,6439,0,1,1,0,0,482,483,479,557,510,510,1,0,0,0,0
LMR,4,1,3,3,6,6740,0,1,1,0,0,482,483,460,432,498,499,4,3,0,0,0
LMR,4,1,3,4,2,-2327,0,0,0,0,0,-483,-482,-503,-587,-432,-495,1,13,2916,0,0
LMR,4,1,3,2,3,-1172,0,1,0,0,1,-297,-296,-300,-279,-296,-296,3,10,4270,0,0
LMR,6,1,5,6,2,16252,0,1,0,0,0,321,322,311,436,393,393,1,5,3019,0,0
LMR,5,1,4,5,4,-1276,0,1,0,0,0,-295,-294,-349,-130,-294,-289,5,13,-2742,0,0
LMR,5,1,4,5,4,-1788,0,0,0,0,0,294,295,184,77,405,298,2,6,-1411,0,0
LMR,5,1,4,5,3,-508,0,1,0,0,0,-295,-294,-418,-167,-77,-297,2,11,-1338,0,0
LMR,6,1,5,6,25,-17042,0,1,0,0,0,-295,-294,-295,-163,-239,-296,1,35,-1338,0,0
LMR,8,1,7,7,3,-81,0,1,0,0,0,-295,-294,-295,-295,-260,-282,2,11,-1338,0,0
LMR,9,7,8,9,3,10572,0,0,0,0,0,294,295,154,95,295,283,82,16,4498,0,0
LMR,7,1,6,7,4,-10493,0,1,0,0,0,-295,-294,-421,-478,-274,-283,4,11,19,0,0
LMR,9,3,8,8,6,-12993,0,0,0,0,0,294,295,283,95,309,284,4,20,-1338,0,0
LMR,3,1,2,3,3,2661,0,0,1,0,0,117,118,49,-391,325,147,5,3,0,0,0
LMR,3,1,2,3,4,-4397,0,0,0,1,0,53,54,-83,-331,81,85,12,3,-1338,0,0
LMR,4,1,3,4,3,-15043,0,1,0,0,0,-295,-294,-403,229,376,74,0,3,-1338,1,0
LMR,5,1,4,5,2,6442,0,1,0,0,0,-295,-294,-371,-107,-263,-252,5,10,6974,0,0
LMR,3,1,2,3,4,-8632,0,1,0,0,0,-295,-294,-331,-148,-266,-294,3,14,2762,0,0
LMR,11,4,10,11,2,12994,0,1,0,0,0,-295,-294,-387,-84,-227,-294,8,62,2501,0,0
LMR,3,1,2,2,5,-3551,0,1,0,0,0,-290,-289,-299,-196,-271,-331,2,7,-4178,0,1
LMR,8,3,7,7,2,18114,0,1,0,0,0,-295,-294,-303,-172,-280,-295,12,18,-126,0,0
LMR,3,1,2,2,2,18971,0,1,0,0,0,288,289,243,176,291,291,24,5,8192,0,1
LMR,5,1,4,5,3,-8482,0,0,0,0,0,-322,-321,-378,-346,-313,-313,7,8,4327,0,0
LMR,6,2,5,5,2,20166,0,1,0,0,0,321,322,314,312,323,323,4,8,7538,0,0
LMR,3,1,2,2,4,2686,0,0,0,0,0,-337,-336,-340,-282,-288,-288,2,2,1128,0,0
LMR,7,5,6,7,2,15776,0,0,0,0,0,-322,-321,-364,-496,-298,-298,15,7,-1514,0,0
LMR,3,1,2,3,5,9218,0,1,1,0,0,321,322,306,229,379,369,1,1,0,0,0
LMR,3,1,2,3,2,8967,0,0,0,0,0,-322,-321,-390,-389,-229,-357,1,4,-1338,0,0
LMR,8,3,7,7,2,13928,0,1,0,0,0,321,322,300,401,340,351,4,16,8192,0,0
LMR,3,1,2,3,7,9681,0,1,1,0,0,321,322,292,286,358,344,1,1,0,0,0
LMR,3,1,2,3,2,9376,0,0,0,0,0,-322,-321,-381,-391,-286,-338,2,6,-2238,0,0
LMR,3,1,2,3,4,2461,0,1,0,0,0,355,356,338,401,561,391,3,3,-6565,0,1
LMR,3,1,2,3,10,10192,0,1,1,0,0,321,322,315,325,491,491,1,0,0,0,0
LMR,5,1,4,4,2,22223,0,1,0,0,0,321,322,315,358,323,345,2,24,5135,0,0
LMR,4,1,3,4,4,-869,0,1,0,0,1,361,362,291,370,375,380,7,12,-1338,0,1
LMR,3,1,2,3,3,3426,0,0,1,0,0,-499,-498,-540,-755,-375,-454,6,6,0,0,0
LMR,3,1,2,2,7,6828,0,1,1,0,1,355,356,355,498,367,356,1,7,0,0,1
LMR,11,8,10,9,34,-17162,1,0,0,0,1,-322,-294,-322,-306,-317,-306,25,57,-3754,0,0
LMR,5,1,4,5,4,10149,0,1,1,0,0,321,322,255,395,454,431,1,4,0,0,0
LMR,7,1,6,6,3,25734,0,1,0,0,0,321,322,298,453,331,322,1,5,4339,0,0
LMR,4,1,3,4,2,-1299,0,1,0,0,0,329,330,238,310,350,330,3,17,-1338,0,1
LMR,4,1,3,4,2,9053,0,1,0,0,0,481,482,420,467,494,492,1,4,2470,0,1
LMR,3,1,2,3,2,32641,0,1,0,0,0,321,322,261,482,353,353,1,3,-2622,0,0
LMR,3,1,2,2,3,-7225,0,0,0,0,0,-392,-391,-404,-533,-391,-391,3,5,5065,0,0
LMR,3,1,2,3,3,-3018,0,1,0,0,0,391,392,295,406,407,391,2,11,7457,0,1
LMR,6,2,5,5,3,1658,0,1,0,0,1,-312,-311,-332,-296,-288,-320,5,19,-2064,0,0
LMR,4,1,3,4,2,-1276,0,1,0,0,0,335,336,187,-57,336,331,10,10,-1338,0,0
LMR,9,3,8,8,14,-17066,0,0,0,0,0,-336,-335,-372,-322,-331,-331,24,8,-1338,0,0
LMR,5,1,4,4,3,8987,0,1,1,0,0,335,336,326,368,340,342,2,6,0,0,0
LMR,7,4,6,7,2,676,0,0,1,0,0,-336,-335,-609,-798,-317,-316,17,19,0,0,0
LMR,5,1,4,5,6,-11732,0,1,0,0,0,-323,-322,-380,-283,-322,-322,6,28,131,0,0
LMR,7,2,6,5,2,16694,0,1,0,0,0,-323,-322,-327,-194,-322,-286,7,17,8192,0,0
LMR,4,1,3,4,3,-1197,0,0,0,0,0,322,323,251,267,323,323,2,9,-2194,0,0
LMR,5,1,4,4,10,-6919,0,1,0,0,0,-323,-322,-352,-273,-312,-323,2,14,-3443,0,0
LMR,9,5,8,8,2,-10796,0,0,0,0,0,322,323,290,276,323,323,29,26,-2561,0,0
LMR,9,2,8,9,2,3732,0,1,0,0,0,-323,-322,-995,-378,-276,-323,2,88,6926,0,0
LMR,4,2,3,4,3,6612,0,0,0,0,0,-336,-335,-346,-381,-288,-307,2,7,-1589,0,0
LMR,5,1,4,5,7,-1487,0,1,0,0,0,335,336,335,369,401,384,6,11,-3227,0,0
LMR,5,1,4,5,6,1173,0,1,1,0,0,335,336,281,524,395,461,2,4,0,0,0
LMR,7,1,6,6,8,-12873,0,0,0,0,0,-336,-335,-364,-416,-331,-327,2,16,2668,0,0
LMR,7,1,6,7,2,301,0,1,0,0,0,335,336,239,557,416,328,1,35,1408,0,0
LMR,7,1,6,6,8,-4397,0,1,0,0,0,-323,-322,-344,-250,-322,-322,4,65,-1338,0,0
LMR,6,1,5,5,7,2361,0,0,0,0,0,322,323,292,233,323,323,24,17,-1338,0,0
LMR,7,1,6,7,2,13942,0,1,1,0,0,-323,-322,-323,-267,49,-189,2,9,0,0,0
LMR,3,1,2,3,2,2607,0,1,0,0,0,-305,-304,-788,-229,-271,-304,4,14,4422,0,0
LMR,5,1,4,4,2,6684,0,1,0,0,0,-305,-304,-320,-120,-271,-304,1,31,-5025,0,1
LMR,7,1,6,7,2,19518,0,1,0,0,0,-323,-322,-759,-216,-225,-303,2,30,4675,0,0
LMR,3,1,2,3,10,-1922,0,1,1,0,0,-291,-290,-318,-285,-205,-220,2,3,0,0,0
LMR,4,1,3,4,2,6479,0,1,0,0,0,-291,-290,-392,-202,-287,-252,1,23,3719,0,1
LMR,3,1,2,2,3,7103,0,1,0,0,0,-323,-322,-349,-286,-322,-322,5,3,-1324,0,0
LMR,4,1,3,3,5,-1276,0,0,0,0,0,322,323,322,266,333,331,4,6,-1338,0,0
LMR,7,1,6,6,2,10003,0,1,0,0,0,-323,-322,-329,-106,-316,-304,2,24,1180,0,0
LMR,4,1,3,4,6,-8582,0,1,0,0,0,322,323,300,379,503,390,3,8,-955,0,0
LMR,5,1,4,5,3,-3246,0,1,0,0,0,-323,-322,-375,-161,-257,-257,2,10,-1338,0,0
LMR,7,1,6,7,21,-17066,0,1,0,0,0,-323,-322,-324,-238,-252,-322,3,27,-1338,0,0
LMR,5,3,4,5,2,3048,0,0,1,0,0,322,323,155,196,360,360,1,3,0,0,0
LMR,6,1,5,5,2,2091,0,1,0,0,0,-323,-322,-353,-216,-300,-342,2,22,2310,0,0
LMR,6,1,5,5,6,-2923,0,1,0,0,0,-323,-322,-342,-216,-322,-322,3,13,-2907,0,0
LMR,5,1,4,5,2,16735,0,1,0,0,0,-323,-322,-341,-163,-117,-300,1,4,-1161,0,0
LMR,13,7,12,11,5,5133,0,1,0,0,1,-323,-322,-326,-317,-322,-322,36,221,-1354,0,0
LMR,5,1,4,5,2,21926,0,1,0,0,0,-323,-322,-499,-222,-230,-281,1,14,2075,0,0
LMR,5,1,4,5,2,9285,0,1,1,0,0,-323,-322,-390,-148,-272,-281,2,0,0,0,0
LMR,5,1,4,5,2,17222,0,1,0,0,0,-323,-322,-356,-180,-265,-275,5,22,-2742,0,0
LMR,7,2,6,6,2,12440,0,1,0,0,0,-323,-322,-346,-241,-322,-304,4,58,-1577,0,0
LMR,7,1,6,6,2,13477,0,1,1,0,0,-323,-322,-330,-304,-283,-283,2,7,0,0,0
LMR,3,1,2,3,3,6874,0,1,0,0,0,-323,-322,-327,-234,-184,-242,4,3,-2742,0,0
LMR,5,1,4,4,5,4165,0,1,0,0,0,-323,-322,-332,-179,-322,-304,3,24,547,0,0
LMR,3,1,2,3,2,6787,0,1,1,0,0,-323,-322,-428,-705,-241,-322,1,8,0,0,0
LMR,7,1,6,7,2,12762,0,1,0,0,0,-323,-322,-335,-198,-270,-259,1,16,1389,0,0
LMR,4,1,3,4,2,742,0,1,1,0,0,-323,-322,-379,-616,-282,-302,2,8,0,0,0
LMR,6,1,5,6,2,9533,0,1,0,0,0,-323,-322,-387,-155,-260,-281,2,19,-1430,0,0
LMR,4,1,3,4,8,5248,0,0,1,0,0,322,323,276,198,400,350,8,3,0,0,0
LMR,4,1,3,4,7,-13809,0,1,0,0,0,-323,-322,-326,-326,-263,-344,3,18,1947,0,0
LMR,5,1,4,4,3,-688,0,0,0,0,0,322,323,294,206,326,323,6,32,4563,0,0
LMR,5,1,4,5,3,4130,0,1,0,0,0,-323,-322,-345,-226,-288,-323,4,45,6745,0,0
LMR,5,3,4,5,3,6260,0,0,1,0,0,322,323,281,283,358,358,4,3,0,0,0
LMR,9,1,8,7,4,-1941,0,1,0,0,0,-323,-322,-323,-323,-322,-335,6,24,3360,0,0
LMR,11,5,10,10,3,363,0,0,0,0,0,322,323,293,207,323,323,73,72,3742,0,0
LMR,5,1,4,5,5,-2914,0,1,0,0,0,-323,-322,-429,-249,-283,-322,1,14,-1338,0,0
LMR,9,5,8,8,4,7961,0,0,1,0,0,322,323,322,278,364,364,3,4,0,0,0
LMR,5,1,4,5,2,15721,0,1,0,0,0,-323,-322,-609,-169,-277,-314,9,7,-1338,0,0
LMR,10,4,9,10,2,8031,0,1,0,0,0,-323,-322,-359,-190,-267,-322,7,49,6929,0,0
LMR,12,5,11,11,2,9779,0,1,0,0,0,-323,-322,-323,-186,-300,-322,9,136,3905,0,0
LMR,5,1,4,4,2,7567,0,1,1,0,0,-323,-322,-368,-349,-322,-322,2,0,0,0,0
LMR,10,2,9,9,2,4284,0,1,0,0,0,-323,-322,-337,-141,-322,-322,3,17,7658,0,0
LMR,6,2,5,4,11,9166,0,0,1,0,0,322,323,321,157,326,326,1,2,0,0,0
LMR,7,2,6,7,2,12748,0,1,0,0,0,-323,-322,-325,-168,-240,-311,1,24,-1338,0,0
LMR,5,1,4,5,3,-4474,0,1,0,0,0,-304,-303,-334,-245,-232,-295,4,23,-1338,0,0
LMR,5,1,4,5,2,9299,0,1,0,0,0,-304,-303,-974,-179,-233,-245,1,8,-1338,0,0
LMR,7,1,6,7,6,-127,0,1,1,0,0,-304,-303,-305,-335,-244,-265,2,13,0,0,0
LMR,3,1,2,3,2,2162,0,1,0,0,0,-289,-288,-307,-93,41,-208,1,7,-1731,0,1
LMR,3,1,2,3,5,1754,0,1,0,0,0,-313,-312,-364,-176,-307,-289,3,12,-4783,0,1
LMR,3,1,2,2,4,-1798,0,1,0,0,0,-314,-313,-320,-66,-268,-313,2,5,4959,0,1
LMR,3,1,2,3,4,8871,0,0,0,0,0,303,304,219,116,304,303,3,9,2503,0,0
LMR,5,1,4,5,2,15976,0,1,0,0,0,-304,-303,-886,-120,-293,-303,4,15,-1338,0,0
LMR,3,1,2,3,6,-3104,0,1,0,0,0,-304,-303,-373,-296,-303,-318,8,7,-234,0,0
LMR,5,2,4,5,4,-725,0,0,0,0,0,-304,-303,-324,-153,-237,-282,2,21,-794,0,0
LMR,3,1,2,2,5,442,0,1,0,0,0,-315,-314,-342,-139,-302,-301,3,4,3176,0,1
LMR,3,1,2,3,2,4749,0,1,0,0,0,-127,-126,-133,-10,62,-25,1,10,-1338,0,0
LMR,3,1,2,3,2,5139,0,1,1,0,0,-333,-332,-393,-482,-294,-332,2,7,0,0,0
LMR,4,1,3,3,8,-3892,0,1,1,0,0,-277,-276,-287,-252,-260,-263,2,3,0,0,1
LMR,3,1,2,2,3,4884,0,0,1,0,0,278,279,278,120,295,279,2,8,0,0,0
LMR,4,1,3,4,2,7110,0,1,1,0,0,-279,-278,-297,-145,-218,-261,1,2,0,0,0
LMR,6,1,5,5,2,4955,0,1,1,0,0,-279,-278,-279,18,-230,-264,1,10,0,0,0
LMR,3,1,2,2,5,9843,0,1,0,0,0,-279,-278,-309,-412,-278,-278,7,3,7475,0,0
LMR,7,1,6,6,7,-5027,0,1,0,0,0,-279,-278,-287,-103,-278,-278,3,27,-1199,0,0
LMR,10,7,9,10,2,-2361,0,0,1,0,0,278,279,-312,193,373,373,6,7,0,0,0
LMR,10,1,9,10,3,5070,0,1,0,0,0,-279,-278,-303,-430,-193,-364,3,18,5836,0,0
LMR,4,1,3,4,7,-4397,0,0,0,0,0,278,279,141,189,383,337,1,3,-1338,0,0
LMR,5,1,4,5,7,-1276,0,1,0,0,0,-279,-278,-290,-278,-221,-221,1,6,-3858,0,0
LMR,10,1,9,8,15,7960,0,1,1,0,0,-279,-278,-283,-430,-278,-230,24,39,0,0,0
LMR,3,1,2,3,3,-16424,0,1,0,0,0,-279,-278,-744,-1659,630,188,0,1,-1338,1,0
LMR,4,1,3,4,3,-12474,0,1,0,0,0,-279,-278,-330,32,362,71,0,2,-1338,1,0
LMR,8,1,7,8,3,-14667,0,1,0,0,0,-279,-278,-358,32,-278,-276,8,30,-1338,0,0
LMR,3,1,2,3,2,4584,0,1,1,0,0,-276,-275,-277,-932,-133,-133,6,0,0,0,1
LMR,12,4,11,11,28,-17018,0,0,0,0,0,278,279,272,212,281,278,15,56,-3814,0,0
LMR,5,1,4,5,2,3314,0,1,0,0,0,-279,-278,-333,-204,-237,-249,2,10,5836,0,0
LMR,14,10,13,12,4,-4389,0,0,0,0,1,278,279,278,189,279,285,62,48,-7373,0,0
LMR,5,1,4,5,5,7899,0,1,1,0,0,327,328,255,265,511,478,1,4,0,0,0
LMR,5,1,4,5,5,-11327,0,0,0,0,0,-328,-327,-388,-447,-265,-453,1,14,5232,0,0
LMR,4,1,3,3,6,-551,0,1,1,0,0,321,322,304,293,323,323,1,2,0,0,0
LMR,6,1,5,5,10,-5472,0,1,1,0,0,321,322,316,408,335,339,5,8,0,0,0

===========================
Total time (ms) : 32
Nodes searched  : 24678
Nodes/second    : 771187
LMR_TOTAL,13072,553,362
