
Position: 1/1 (r1bqk2r/pp2bppp/2np1n2/2p1p3/4P3/3B4/PPPPNPPP/R1BNQRK1 b kq - 3 7)
LMR,4,1,3,4,2,-1518,0,1,0,0,0,-326,-325,-448,-207,-312,-336,1,23,-1338,0,0
LMR,4,1,3,3,3,-1104,0,1,0,0,0,-326,-325,-336,-207,-318,-326,1,8,-1338,0,0
LMR,4,1,3,3,5,-1043,0,1,0,0,0,-326,-325,-326,-207,-292,-324,1,8,-1338,0,0
LMR,3,1,2,3,10,-5485,0,1,0,0,0,-307,-306,-321,-190,-262,-228,1,6,-1338,0,0
LMR,3,1,2,2,2,9913,0,1,0,0,0,-307,-306,-312,-242,-299,-280,1,4,-1546,0,0
LMR,3,1,2,3,4,-1276,0,0,0,0,0,312,313,265,209,339,339,2,4,-1338,0,0
LMR,3,1,2,3,2,-1276,0,1,0,0,0,-313,-312,-322,-326,-209,-332,2,10,-1338,0,1
LMR,4,1,3,2,2,6468,0,1,0,0,0,-292,-291,-292,-254,-291,-291,3,4,-643,0,0
LMR,7,4,6,7,2,4884,0,0,1,0,0,291,292,217,323,295,296,18,21,0,1,0
LMR,9,5,8,9,2,-11415,0,0,0,0,0,291,292,1,323,295,292,50,45,-2742,1,0
LMR,4,1,3,2,2,5155,0,1,0,0,0,343,344,343,358,345,346,10,4,-1338,0,0
LMR,4,1,3,3,2,-3050,0,1,1,0,0,359,360,344,355,372,370,2,5,0,0,0
LMR,5,1,4,5,2,2912,0,1,1,0,0,-329,-328,-349,-235,-276,-276,2,6,0,0,0
LMR,3,1,2,3,2,3761,0,1,0,0,1,-307,-306,-349,-318,-286,-412,3,6,-280,0,1
LMR,5,1,4,5,2,16807,0,1,0,1,0,-329,-328,-423,-180,-290,-328,1,7,4969,0,0
LMR,3,1,2,3,2,-5246,0,1,0,0,0,-311,-310,-338,-203,-275,-281,3,5,-1338,0,1
LMR,5,1,4,4,2,17077,0,1,0,0,0,-313,-312,-325,-239,-312,-300,4,10,-936,0,0
LMR,4,1,3,4,2,2337,0,1,0,0,0,-338,-337,-396,-297,-222,-273,1,7,2650,0,1
LMR,3,1,2,3,2,14844,0,1,0,0,0,-336,-335,-428,-168,-335,-324,5,5,4507,0,1
LMR,5,1,4,4,9,-3653,0,1,0,0,0,-313,-312,-321,-366,-279,-279,1,6,-1338,0,0
LMR,5,2,4,5,2,-205,0,0,0,0,0,312,313,199,228,321,284,5,14,-1338,0,0
LMR,8,3,7,7,3,18829,0,1,0,0,0,-313,-312,-318,-168,-292,-288,8,36,5250,0,0
LMR,6,1,5,6,2,2504,0,1,1,0,0,-313,-312,-371,-319,-71,-309,2,4,0,0,0
LMR,8,1,7,8,9,-7303,0,0,1,0,0,312,313,251,127,361,320,3,10,0,0,0
LMR,9,5,8,8,2,-7056,0,0,0,0,0,312,313,303,172,315,315,66,19,1432,0,0
LMR,6,1,5,6,8,-2779,0,0,0,0,0,-328,-327,-330,-358,-143,-293,3,11,-1338,0,0
LMR,5,1,4,5,9,-12083,0,1,0,0,0,327,328,318,524,411,344,3,11,-1338,0,0
LMR,7,1,6,7,2,5270,0,1,1,0,0,327,328,297,327,394,341,1,32,0,0,0
LMR,7,1,6,7,2,2513,0,1,0,0,0,327,328,-408,339,351,338,2,18,-1338,0,0
LMR,6,3,5,6,3,707,0,0,0,0,0,-328,-327,-714,-349,-314,-299,2,3,-1338,0,0
LMR,5,1,4,5,2,5707,0,1,0,0,0,-313,-312,-743,-211,-268,-275,3,10,-2194,0,0
LMR,7,1,6,7,2,-1936,0,1,0,0,0,-313,-312,-447,-142,-225,-231,2,12,-1338,0,0
LMR,3,1,2,3,6,-2645,0,1,0,0,0,-329,-328,-343,-206,-285,-328,1,3,-3123,0,0
LMR,4,1,3,3,2,6303,0,1,0,0,0,319,320,319,330,339,339,2,3,-3874,0,1
LMR,6,1,5,5,3,8850,0,1,0,0,0,324,325,324,433,361,329,3,12,-1338,0,0
LMR,8,3,7,6,4,9389,0,0,0,0,0,-341,-340,-341,-433,-340,-340,16,43,-1338,0,0
LMR,6,2,5,5,2,-2642,0,0,1,0,1,-341,-340,-344,-361,-312,-332,5,8,0,0,0
LMR,7,1,6,6,3,-4151,0,1,0,0,1,340,341,340,435,360,333,1,22,-1338,0,0
LMR,4,1,3,2,3,-6758,0,1,0,0,0,-312,-311,-312,-265,-311,-311,7,4,-1338,0,0
LMR,5,1,4,5,2,3199,0,1,0,0,0,346,347,332,451,411,399,1,3,-1338,0,0
LMR,4,1,3,3,2,7598,0,1,0,0,0,343,344,331,305,364,344,7,10,-2704,0,1
LMR,9,6,8,8,2,-6908,0,0,0,0,0,-347,-346,-378,-342,-346,-346,40,23,-358,0,0
LMR,3,1,2,3,2,-634,0,1,1,0,0,-318,-317,-383,-344,-122,-289,1,2,0,0,0
LMR,9,6,8,7,3,-4709,0,0,0,0,1,317,318,317,317,319,319,16,14,-843,0,0
LMR,5,1,4,3,27,-14656,0,1,0,0,0,-318,-317,-318,-143,-317,-259,19,9,-1338,0,0
LMR,8,1,7,7,20,-16499,0,1,0,0,0,-318,-317,-318,-310,-265,-317,1,79,-1338,0,0
LMR,4,1,3,4,2,18318,0,1,0,0,0,-318,-317,-318,-307,-252,-315,1,10,510,0,0
LMR,5,1,4,5,5,-5964,0,1,0,0,0,-318,-317,-482,-212,-317,-315,7,45,-3003,0,0
LMR,4,1,3,3,4,-10980,0,1,0,0,0,-326,-325,-349,-323,-322,-351,1,5,-1321,0,1
LMR,3,1,2,3,2,5427,0,0,0,0,0,317,318,262,95,587,567,1,4,-1338,0,0
LMR,9,6,8,8,2,7494,0,0,0,0,0,317,318,294,206,325,325,41,18,-1338,0,0
LMR,12,8,11,10,3,-15215,0,0,0,0,1,317,318,317,268,318,318,145,0,-1567,0,0
LMR,7,1,6,6,2,7394,0,1,0,0,0,-318,-317,-318,-148,-298,-317,2,23,-81,0,0
LMR,9,4,8,9,2,21306,0,1,0,0,0,-318,-317,-369,-209,-309,-317,6,50,2731,0,0
LMR,3,1,2,2,3,-2323,0,1,1,0,0,317,318,317,249,325,252,8,5,0,0,0
LMR,7,2,6,6,7,-3922,0,0,1,0,0,-318,-317,-325,-446,-317,-293,20,7,0,0,0
LMR,7,1,6,7,3,522,0,1,0,0,0,317,318,303,479,368,296,2,46,-1338,0,0
LMR,6,1,5,5,2,14695,0,1,0,0,0,-318,-317,-325,-223,-317,-311,8,16,-1338,0,0
LMR,6,1,5,6,6,-13092,0,0,0,0,0,317,318,200,276,321,320,3,12,-1338,0,0
LMR,9,1,8,8,3,-5293,0,1,0,0,0,-318,-317,-319,-291,-281,-283,2,11,-1338,0,0
LMR,3,1,2,2,3,5559,0,1,0,0,0,328,329,301,391,337,301,6,4,-2494,0,0
LMR,4,1,3,4,2,7216,0,1,0,0,0,-318,-317,-413,-213,-317,-282,2,8,-1338,0,0
LMR,4,1,3,3,2,5685,0,1,1,0,0,316,317,316,317,335,343,4,8,0,0,0
LMR,4,1,3,4,8,-1189,0,1,1,0,0,316,317,315,377,373,363,2,3,0,0,0
LMR,4,1,3,4,2,17757,0,1,0,0,0,316,317,278,367,342,353,3,21,-2975,0,0
LMR,6,1,5,5,3,17398,0,1,0,0,0,-303,-302,-309,-227,-280,-289,3,11,-1338,0,0
LMR,3,1,2,2,2,6701,0,1,0,0,0,302,303,299,152,328,323,2,2,-741,0,0
LMR,9,3,8,9,3,17155,0,1,0,0,0,-303,-302,-318,-89,-260,-215,2,11,-1338,0,0
LMR,5,1,4,5,2,-1276,0,1,0,0,0,-303,-302,-380,-184,-218,-299,2,5,-1338,0,0
LMR,6,1,5,6,2,19490,0,1,0,0,0,-303,-302,-320,-239,-230,-278,1,5,8192,0,0
LMR,3,1,2,3,2,6455,0,1,1,0,0,-303,-302,-311,-394,-230,-243,1,3,0,0,0
LMR,4,1,3,3,2,20208,0,1,0,0,0,-306,-305,-319,-324,-284,-282,1,3,-1338,0,1
LMR,10,5,9,8,2,23719,0,1,0,0,0,-303,-302,-303,-237,-302,-250,5,10,8161,0,0
LMR,5,1,4,5,2,14813,0,1,0,0,0,-303,-302,-349,-169,-286,-278,10,11,-1338,0,0
LMR,3,1,2,3,3,-3088,0,0,1,0,0,302,303,248,250,368,456,0,2,0,0,0
LMR,6,1,5,6,2,676,0,1,1,0,0,-303,-302,-417,-645,-223,-299,4,12,0,0,0
LMR,7,1,6,6,2,6573,0,1,0,0,0,-303,-302,-318,-221,-302,-287,3,14,-1338,0,0
LMR,11,6,10,10,3,-1119,0,0,1,0,0,302,303,288,190,324,311,25,46,0,0,0
LMR,9,5,8,7,3,5195,0,0,1,0,0,302,303,298,323,305,303,8,11,0,0,0
LMR,13,10,12,12,4,-1745,0,0,0,0,1,302,303,302,317,310,303,136,153,-1338,0,0
LMR,6,1,5,4,3,1779,0,1,1,0,0,316,317,316,593,317,312,6,6,0,0,0
LMR,6,1,5,6,6,-9243,0,1,0,0,0,316,317,316,593,391,357,2,6,-1338,0,0
LMR,3,1,2,3,2,-1985,0,0,1,0,0,-317,-316,-384,-431,-235,-249,5,2,0,0,0
LMR,6,1,5,5,4,-14530,0,1,0,0,0,316,317,290,406,342,332,3,7,-2241,0,0
LMR,3,1,2,2,2,20891,0,1,0,0,0,366,367,366,325,398,377,14,3,-1338,0,0
LMR,5,1,4,5,2,9680,0,1,0,0,0,316,317,276,316,514,337,1,3,-1338,0,0
LMR,10,4,9,8,2,25598,0,1,0,0,0,316,317,316,392,317,317,27,26,-166,0,0
LMR,6,4,5,6,2,13343,0,0,0,0,0,-337,-336,-395,-644,-302,-302,4,4,-1338,0,0
LMR,7,1,6,6,2,8728,0,1,1,0,0,336,337,306,502,345,362,12,10,0,0,0
LMR,3,1,2,2,2,7978,0,1,0,0,1,302,303,278,369,317,317,4,4,-241,0,1
LMR,7,1,6,6,2,11118,0,1,0,0,0,-303,-302,-303,-161,-288,-302,3,21,-1338,0,0
LMR,11,7,10,11,3,-1093,0,0,0,0,0,302,303,26,116,311,311,24,27,386,0,0
LMR,3,1,2,2,5,10404,0,1,0,0,1,289,290,273,295,307,309,5,2,-1338,0,1
LMR,6,1,5,6,3,19495,0,1,0,0,0,336,337,336,574,440,347,2,22,763,0,0
LMR,3,1,2,2,2,7689,0,1,0,0,0,338,339,337,579,353,355,3,2,-1338,0,1
LMR,3,1,2,3,2,6803,0,0,1,0,0,-364,-363,-409,-540,-353,-359,3,4,0,0,0
LMR,6,1,5,4,3,6110,0,1,0,0,0,363,364,363,584,370,372,3,3,-1281,0,0
LMR,5,1,4,4,2,4506,0,1,0,0,0,363,364,355,449,373,374,6,6,-1338,0,0
LMR,3,1,2,3,2,676,0,1,1,0,0,397,398,290,-7,420,525,0,1,0,0,0
LMR,6,4,5,6,2,8959,0,0,0,0,0,-398,-397,-597,-217,-350,-352,12,13,-1338,0,0
LMR,10,6,9,10,8,-3871,0,0,0,0,0,-398,-397,-456,-328,-333,-375,14,50,-2394,0,0
LMR,4,1,3,4,2,-1807,0,1,0,0,0,-264,-263,-273,-317,-193,-198,1,4,-1338,0,1
LMR,4,1,3,3,2,2239,0,1,0,0,0,-301,-300,-338,-308,-287,-300,2,6,6471,0,0
LMR,5,1,4,5,9,-7874,0,1,0,0,0,360,361,360,504,420,361,3,25,-1338,0,0
LMR,5,1,4,4,2,7933,0,1,0,0,0,-361,-360,-369,-325,-357,-321,3,7,-1338,0,0
LMR,10,3,9,8,16,-15175,0,0,0,0,1,360,361,360,350,364,361,12,19,-1338,0,0
LMR,11,6,10,10,4,-6083,0,1,0,0,1,-361,-360,-361,-350,-350,-361,16,91,-1338,0,0
LMR,3,1,2,2,3,3613,0,1,0,0,0,360,361,360,359,375,375,1,1,737,0,0
LMR,4,2,3,4,3,8776,0,0,0,0,0,-361,-360,-435,-609,-344,-342,6,11,2004,0,0
LMR,5,1,4,4,2,13167,0,1,1,0,0,360,361,345,480,386,680,4,2,0,0,0
LMR,7,1,6,7,4,-16118,0,1,0,0,0,360,361,352,460,408,369,3,11,-1338,0,0
LMR,6,1,5,6,5,-16943,0,1,0,0,0,360,361,348,514,421,377,2,18,-1338,0,0
LMR,9,1,8,8,16,-13101,0,1,0,0,0,360,361,345,247,387,387,11,22,-1338,0,0
LMR,10,4,9,10,8,-7077,0,0,0,0,0,-361,-360,-507,-662,-292,-384,5,51,-1338,0,0
LMR,5,1,4,5,3,4584,0,1,1,0,0,537,538,536,372,660,538,6,10,0,0,0
LMR,3,1,2,3,2,6418,0,1,1,0,0,537,538,537,467,1150,1077,0,1,0,0,0
LMR,5,1,4,5,2,14322,0,1,0,0,0,360,361,360,540,557,361,1,20,-2868,0,0
LMR,4,1,3,4,2,18687,0,1,0,0,0,360,361,360,405,532,361,1,18,-2729,0,0
LMR,5,2,4,4,2,-1580,0,0,1,0,0,-398,-397,-415,-526,-397,-397,8,8,0,0,0
LMR,6,2,5,5,2,27151,0,1,0,0,0,397,398,387,622,429,397,4,20,-2868,0,0
LMR,6,1,5,6,8,-1980,0,1,1,0,0,397,398,397,622,452,388,2,16,0,0,0
LMR,6,1,5,6,18,-16811,0,1,0,0,0,397,398,397,622,578,441,2,4,-1338,0,0
LMR,7,1,6,7,8,-3050,0,1,1,0,1,397,398,385,367,609,502,4,11,0,0,0
LMR,4,1,3,4,2,-1276,0,0,0,1,0,-398,-397,-883,-702,31980,31980,2,2,-1338,0,0
LMR,9,6,8,9,2,676,0,0,1,1,0,-398,-397,-929,-1203,31980,31980,7,6,0,0,0
LMR,4,1,3,4,4,-649,0,1,0,0,0,-398,-397,-421,-551,-216,-394,1,3,2726,0,0
LMR,8,3,7,8,2,-9985,0,0,0,0,0,397,398,246,111,398,326,9,4,-1338,0,0
LMR,13,9,12,13,3,-3592,0,0,0,0,0,-398,-397,-476,-425,-394,-394,57,63,1293,0,0
LMR,10,4,9,10,24,-12521,0,0,0,0,0,397,398,344,244,401,401,5,12,-1338,0,0
LMR,11,2,10,11,17,-15987,0,1,0,0,0,-398,-397,-400,-316,-177,-302,1,12,-1338,0,0
LMR,6,1,5,6,2,-3261,0,1,1,0,0,-398,-397,-588,-134,-174,-293,7,9,0,0,0
LMR,14,10,13,14,2,-2830,0,0,0,0,0,-398,-397,-513,-648,-394,-394,174,267,-1338,0,0
LMR,4,1,3,3,3,7583,0,1,0,0,0,-297,-296,-309,-241,-296,-266,4,9,-1338,0,1
LMR,4,1,3,4,6,-2138,0,1,0,0,0,-398,-397,-409,-443,-220,-378,1,5,-1338,0,0
LMR,4,1,3,4,3,676,0,0,1,0,0,397,398,385,208,443,381,2,15,0,0,0
LMR,7,1,6,7,2,-7762,0,1,0,0,0,-398,-397,-475,-181,-397,-319,5,17,4271,0,0
LMR,4,1,3,4,2,-2179,0,1,0,0,0,-337,-336,-436,-181,-336,-336,9,22,-2194,0,1
LMR,3,1,2,3,2,161,0,1,0,0,0,-360,-359,-387,-241,-332,-335,3,6,-931,0,1
LMR,5,1,4,5,2,883,0,1,0,0,0,-361,-360,-423,-228,-349,-392,1,9,-1338,0,0
LMR,5,1,4,4,7,-2228,0,1,0,0,0,-361,-360,-392,-228,-352,-397,2,14,-2252,0,0
LMR,8,1,7,6,16,-14933,0,1,0,0,0,-361,-360,-361,-361,-354,-341,10,19,-1338,0,0
LMR,9,4,8,9,3,676,0,0,1,0,0,360,361,269,189,361,343,53,46,0,0,0
LMR,5,1,4,4,2,7960,0,0,1,0,0,360,361,346,-298,378,367,12,5,0,0,0
LMR,6,1,5,5,4,-6073,0,1,0,0,0,-361,-360,-394,-143,-350,-366,7,21,-1338,0,0
LMR,11,6,10,10,4,1324,0,0,1,0,0,360,361,353,35,361,361,79,30,0,0,0
LMR,5,1,4,5,3,-1698,0,1,1,0,0,360,361,360,246,430,467,8,11,0,0,0
LMR,11,3,10,9,11,-16171,0,1,0,0,1,-361,-360,-361,-281,-360,-360,8,36,-1338,0,0
LMR,4,1,3,3,5,-10534,0,1,0,0,0,-361,-360,-365,-314,-339,-343,1,2,1520,0,0
LMR,4,1,3,2,4,-9456,0,1,0,1,0,-311,-310,-311,-155,-306,-306,4,3,-2742,0,1
LMR,3,1,2,3,4,1479,0,0,0,0,0,341,342,271,213,363,360,1,1,-1338,0,0
LMR,6,1,5,5,5,-9008,0,1,0,0,0,-342,-341,-355,-279,-341,-339,5,16,-2742,0,0
LMR,5,3,4,4,2,-638,0,1,0,0,1,-331,-330,-347,-287,-302,-302,9,11,5217,0,1
LMR,7,1,6,7,3,6110,0,1,0,0,0,-342,-341,-368,-78,-65,-275,1,10,-2742,0,0
LMR,9,1,8,9,20,-15520,0,1,0,0,0,-342,-341,-349,-396,-227,-331,1,27,-1338,0,0
LMR,10,5,9,10,13,-5937,0,0,1,0,0,341,342,333,288,396,332,13,45,0,0,0
LMR,3,1,2,2,6,-4513,0,1,0,0,0,-296,-295,-307,-235,-266,-266,3,4,-183,0,1
LMR,4,1,3,4,2,-8401,0,1,0,0,0,-337,-336,-435,-157,-325,-336,2,8,1458,0,1
LMR,3,1,2,2,2,-5812,0,1,0,0,0,-360,-359,-360,-215,-331,-336,2,3,3124,0,1
LMR,3,1,2,2,4,-9420,0,1,0,1,1,-367,-366,-370,-359,-357,-357,5,5,-882,0,1
LMR,5,1,4,3,2,13658,0,1,0,0,0,-342,-341,-343,-152,-341,-353,5,5,-1338,0,0
LMR,5,1,4,5,3,-14404,0,1,0,1,0,-342,-341,-343,-152,-179,-208,1,4,-1338,0,0
LMR,5,1,4,4,7,-9698,0,1,0,0,0,-342,-341,-342,-250,-316,-316,5,7,-1338,0,0
LMR,3,1,2,3,6,-3074,0,1,0,0,0,-365,-364,-367,-211,-209,-236,2,3,-1338,0,1
LMR,5,1,4,5,4,7723,0,1,0,0,0,-317,-316,-336,-482,-126,-265,1,9,1208,0,0
LMR,7,1,6,7,3,5859,0,1,0,0,0,-317,-316,-321,-366,-75,-240,1,3,5816,0,0
LMR,11,2,10,9,7,-4471,0,1,0,0,0,-317,-316,-317,-66,-316,-308,17,40,-3858,0,0
LMR,3,1,2,3,3,10532,0,1,0,0,0,316,317,316,299,449,363,2,2,-26,0,0
LMR,10,1,9,9,20,-16745,0,1,0,0,0,-317,-316,-317,-180,-292,-265,1,11,-1338,0,0
LMR,5,2,4,5,2,-779,0,0,0,0,0,316,317,255,114,446,382,1,2,-1665,0,0
LMR,5,1,4,5,3,6269,0,1,0,0,0,-317,-316,-343,-179,-278,-371,1,5,-1338,0,0
LMR,5,1,4,5,5,-5031,0,1,0,0,0,-317,-316,-321,-179,-180,-204,5,4,-579,0,0
LMR,3,1,2,3,2,16373,0,1,0,0,0,139,140,139,15,266,243,1,1,-1338,0,0
LMR,9,1,8,9,22,-16819,0,1,0,0,0,-317,-316,-329,-329,-200,-313,6,22,-1338,0,0
LMR,11,1,10,10,9,-11885,0,0,0,0,0,316,317,293,154,329,313,11,44,-1338,0,0
LMR,3,1,2,3,2,5195,0,1,1,0,0,-317,-316,-732,-1063,951,951,0,0,0,0,0
LMR,8,1,7,7,16,-17066,0,1,0,0,0,-317,-316,-331,-331,-316,-310,4,27,-1338,0,0
LMR,10,5,9,9,4,12200,0,0,0,0,0,316,317,311,212,331,310,14,43,-1338,0,0
LMR,10,5,9,10,2,21286,0,1,0,0,0,-317,-316,-371,-260,-287,-316,8,32,8190,0,0
LMR,5,1,4,5,4,-4487,0,1,0,0,0,-317,-316,-317,-250,-244,-255,3,5,-1338,0,0
LMR,6,1,5,6,2,17588,0,1,0,0,0,-317,-316,-384,-186,-313,-316,3,21,-1338,0,0
LMR,7,3,6,7,2,28441,0,1,0,0,0,-317,-316,-358,-228,-300,-286,10,21,-1338,0,0
LMR,3,1,2,3,2,10099,0,0,0,0,0,316,317,270,296,447,398,1,3,-1338,0,0
LMR,5,1,4,5,9,-4866,0,1,1,0,0,-317,-316,-443,-294,-306,-342,3,10,0,0,0
LMR,9,6,8,9,2,577,0,0,0,0,0,316,317,136,212,342,349,28,28,-1338,0,0
LMR,10,1,9,9,11,-13627,0,1,0,0,0,-317,-316,-317,-7,-306,-345,3,58,-1338,0,0
LMR,3,1,2,3,3,357,0,1,0,0,0,-317,-316,-355,-322,-227,-310,3,6,-1285,0,0
LMR,7,1,6,6,9,-14163,0,1,0,0,0,-317,-316,-318,-317,-280,-311,3,29,-2327,0,0
LMR,8,3,7,8,4,-8483,0,0,0,0,0,316,317,253,273,317,311,11,49,2053,0,0
LMR,14,9,13,12,4,-1476,0,1,0,0,1,-317,-316,-317,-234,-316,-316,31,208,-1808,0,0
LMR,6,4,5,6,2,3537,0,0,0,0,0,345,346,311,477,365,346,2,7,4850,0,0
LMR,7,3,6,5,4,-4326,0,1,1,0,1,-346,-345,-346,-246,-342,-337,8,11,0,0,1
LMR,3,1,2,2,2,-1647,0,1,0,0,1,-285,-284,-326,-213,-284,-284,7,7,-471,0,1
LMR,4,1,3,3,3,3989,0,1,0,0,0,-317,-316,-317,-196,-291,-266,3,9,-1338,0,0
LMR,3,1,2,3,2,676,0,1,1,0,0,-317,-316,-333,-414,-242,-273,2,3,0,0,0
LMR,4,1,3,4,2,5981,0,1,1,0,0,-317,-316,-766,-1046,791,313,0,1,0,0,0
LMR,10,2,9,10,4,7272,0,1,0,0,0,-317,-316,-351,-358,-247,-316,10,35,-437,0,0
LMR,5,1,4,5,2,-1374,0,1,0,0,0,-317,-316,-875,-150,-285,-307,7,22,-1338,0,0
LMR,8,1,7,8,2,-2597,0,1,0,0,0,-317,-316,-367,-145,-278,-308,5,51,-1480,0,0
LMR,6,1,5,6,2,-2273,0,1,0,0,0,-317,-316,-384,-183,-316,-316,1,5,-1338,0,0
LMR,11,6,10,10,2,22158,0,1,0,0,0,-317,-316,-353,-160,-316,-316,12,33,7694,0,0
LMR,4,1,3,4,2,7218,0,1,0,0,0,-317,-316,-726,-160,-294,-292,5,15,-1338,0,0
LMR,7,2,6,6,2,13649,0,1,0,0,0,-317,-316,-331,-117,-292,-311,6,38,-1338,0,0
LMR,7,2,6,7,2,20895,0,1,0,0,0,-317,-316,-1039,-202,-307,-273,4,12,3079,0,0
LMR,3,1,2,3,2,23618,0,1,0,0,0,-317,-316,-864,-188,-200,-284,1,3,-1338,0,0
LMR,7,1,6,7,2,16598,0,1,0,0,0,-317,-316,-462,-124,-278,-242,1,14,-1338,0,0
LMR,3,1,2,3,3,6619,0,1,0,0,0,-317,-316,-336,-290,-224,-237,3,4,103,0,0
LMR,3,1,2,3,2,7764,0,1,0,0,0,-289,-288,-449,-171,-3,-186,2,1,-1762,0,1
LMR,5,1,4,5,8,-8696,0,1,0,0,0,-283,-282,-311,-192,321,-259,1,3,635,0,0
LMR,5,1,4,5,4,2963,0,0,0,0,0,282,283,210,209,453,348,2,3,-1338,0,0
LMR,5,1,4,5,2,6930,0,1,0,0,0,-283,-282,-1011,-280,-210,-337,2,9,3048,0,0
LMR,5,1,4,4,7,-8663,0,0,0,0,0,-316,-315,-340,-301,-315,-315,7,8,-1338,0,0
LMR,4,1,3,4,4,-1276,0,0,0,0,0,291,292,278,306,388,301,1,3,-1338,0,0
LMR,4,1,3,4,2,1447,0,1,0,0,0,315,316,282,356,364,336,2,3,-2194,0,0
LMR,6,1,5,6,10,-4088,0,1,1,0,0,315,316,308,315,412,330,2,30,0,0,0
LMR,8,3,7,7,12,-4397,0,0,0,0,0,-316,-315,-332,-323,-315,-328,12,40,-2742,0,0
LMR,9,2,8,9,3,7537,0,1,0,0,0,315,316,294,523,408,373,3,14,-1338,0,0
LMR,7,2,6,7,2,18306,0,1,0,0,0,315,316,199,680,614,416,2,5,-1704,0,0
LMR,9,2,8,8,3,9578,0,1,0,0,0,315,316,285,563,333,314,2,25,-1338,0,0
LMR,6,1,5,6,4,-4069,0,0,0,0,0,-316,-315,-402,-444,-315,-316,3,5,-1338,0,0
LMR,6,1,5,6,5,-1999,0,1,0,0,0,315,316,286,334,399,316,5,16,-1338,0,0
LMR,3,1,2,3,2,10812,0,1,0,0,0,315,316,250,410,362,326,3,8,5522,0,0
LMR,9,1,8,8,26,-16363,0,1,0,0,0,315,316,315,563,323,316,1,48,-1338,0,0
LMR,7,1,6,7,3,-2129,0,1,0,0,0,315,316,275,646,440,321,2,6,-1338,0,0
LMR,5,2,4,4,3,4584,0,0,1,0,0,-493,-492,-511,-866,-492,-492,7,4,0,0,0
LMR,4,1,3,4,2,3522,0,0,0,0,0,-493,-492,-554,-657,-373,-394,2,2,-2742,0,0
LMR,5,1,4,5,2,5846,0,1,1,0,0,315,316,268,418,497,465,1,1,0,0,0
LMR,3,1,2,3,2,5401,0,1,1,0,0,357,358,310,293,386,358,5,6,0,0,1
LMR,4,1,3,3,2,-651,0,1,1,0,0,412,413,412,437,461,457,1,5,0,0,1
LMR,5,1,4,5,5,6939,0,1,0,0,0,315,316,310,197,467,415,1,6,573,0,0
LMR,8,5,7,7,2,4224,0,0,0,1,0,-316,-315,-352,-459,-311,-370,17,31,-229,0,0
LMR,3,1,2,2,2,-7454,0,1,0,0,0,365,366,361,460,391,400,2,4,-1338,0,1
LMR,7,3,6,7,2,38178,0,1,0,0,0,-301,-300,-408,-406,-241,-241,2,15,-2742,0,0
LMR,6,1,5,5,21,-11535,0,0,0,0,0,300,301,273,299,301,301,5,5,-1338,0,0
LMR,8,1,7,6,29,-17036,0,1,0,0,0,-301,-300,-301,-27,-300,-301,2,34,-1603,0,0
LMR,4,1,3,4,3,-1059,0,1,0,1,0,481,482,297,323,486,484,17,39,-1283,0,1
LMR,10,1,9,10,3,4777,0,1,1,0,0,354,355,337,843,429,447,5,11,0,0,0
LMR,7,3,6,7,5,3812,0,0,0,0,0,-355,-354,-456,-945,-172,-289,8,2,3116,0,0
LMR,10,2,9,10,2,7370,0,1,1,0,0,354,355,297,415,501,382,1,11,0,0,0
LMR,7,1,6,6,8,4255,0,0,1,0,0,-596,-595,-615,-939,-593,-592,5,11,0,0,0
LMR,10,2,9,10,2,8041,0,1,1,0,0,354,355,354,633,457,397,2,18,0,0,0
LMR,6,3,5,6,2,-1449,0,0,1,0,0,-355,-354,-462,-582,-354,-354,15,9,0,0,0
LMR,6,1,5,6,2,17252,0,1,0,0,0,354,355,354,512,485,354,1,26,-1338,0,0
LMR,6,1,5,4,3,-10210,0,1,0,0,0,354,355,354,512,360,355,2,46,-1338,0,0
LMR,5,1,4,3,3,12192,0,1,0,0,0,354,355,354,469,359,401,3,15,-1338,0,0
LMR,6,1,5,5,6,-10060,0,0,0,0,0,-355,-354,-355,-358,-342,-344,2,7,-1338,0,0
LMR,5,1,4,3,15,-11241,0,1,0,0,0,354,355,354,354,355,355,15,8,-1338,0,0
LMR,8,3,7,6,2,3602,0,0,0,0,0,-355,-354,-355,-409,-354,-355,16,45,-2194,0,0
LMR,9,3,8,8,2,8851,0,1,0,0,0,354,355,345,498,355,355,8,97,-126,0,0
LMR,3,1,2,3,6,-3683,0,0,0,0,0,-355,-354,-398,-437,-319,-338,2,5,-1338,0,0
LMR,3,1,2,3,4,-3367,0,1,0,0,0,354,355,334,425,427,342,3,12,-1338,0,0
LMR,4,1,3,2,4,-1716,0,1,0,0,0,354,355,352,481,357,358,3,2,-1338,0,0
LMR,5,1,4,5,2,763,0,1,0,0,0,354,355,329,522,402,357,2,19,-1338,0,0
LMR,7,1,6,7,3,3243,0,1,0,0,0,354,355,354,557,426,356,2,31,-1338,0,0
LMR,8,1,7,8,2,1302,0,1,0,0,0,354,355,-266,829,431,431,1,4,-1338,0,0
LMR,3,1,2,3,3,-544,0,1,0,0,0,363,364,226,253,566,589,0,1,-1338,0,0
LMR,5,1,4,5,2,6176,0,1,0,1,0,478,479,199,421,484,482,5,14,2972,0,1
LMR,5,1,4,5,2,4771,0,1,0,0,0,414,415,176,1053,415,418,5,20,-1338,0,1
LMR,7,4,6,5,2,-300,0,0,0,0,0,-364,-363,-364,-369,-363,-363,12,10,-1338,0,0
LMR,8,3,7,7,4,19769,0,1,0,0,0,363,364,363,467,381,364,15,32,-2194,0,0
LMR,3,1,2,2,2,13800,0,1,0,0,0,353,354,353,389,363,368,2,9,2795,0,1
LMR,3,1,2,2,4,-5836,0,1,0,0,0,352,353,343,394,358,359,4,4,1014,0,1
LMR,7,1,6,7,2,11197,0,1,0,0,0,370,371,295,442,400,372,2,11,-1338,0,0
LMR,9,2,8,9,2,4179,0,1,0,0,0,370,371,278,511,396,371,3,29,-1338,0,0
LMR,11,5,10,9,5,2249,0,0,0,0,0,-371,-370,-371,-441,-364,-371,12,14,-1338,0,0
LMR,7,2,6,7,7,-4764,0,0,1,0,0,-371,-370,-447,-491,-360,-360,4,4,0,0,0
LMR,8,2,7,7,2,7894,0,1,0,0,0,370,371,361,453,371,371,4,15,-1338,0,0
LMR,9,4,8,7,2,21253,0,1,0,0,0,370,371,367,355,371,371,12,24,-795,0,0
LMR,3,1,2,3,4,-4066,0,1,0,0,0,418,419,352,473,436,429,2,5,-1338,0,1
LMR,4,1,3,4,5,-14357,0,1,0,0,0,412,413,397,830,1185,778,0,1,-1338,0,1
LMR,5,1,4,5,9,-2604,0,1,0,0,0,370,371,342,409,480,396,2,9,-1338,0,0
LMR,6,1,5,5,5,-5435,0,0,0,0,0,-371,-370,-386,-233,-333,-333,1,5,-1338,0,0
LMR,12,7,11,12,2,27473,0,1,0,0,0,370,371,370,668,545,406,2,6,6617,0,0
LMR,4,1,3,3,4,13912,0,1,0,0,0,346,347,328,297,347,347,8,5,-901,0,1
LMR,5,1,4,5,3,15875,0,1,0,0,0,370,371,370,376,606,385,1,4,-300,0,0
LMR,4,1,3,3,2,9819,0,1,0,0,0,363,364,361,321,374,374,2,8,-1338,0,1
LMR,3,1,2,2,3,-4364,0,0,0,0,0,-392,-391,-417,-421,-382,-383,1,1,-1338,0,0
LMR,6,1,5,6,12,-8912,0,0,0,0,0,-392,-391,-421,-358,-43,-271,1,4,-1338,0,0
LMR,9,1,8,9,31,-17066,0,1,0,0,0,391,392,381,379,439,388,1,43,-1338,0,0
LMR,10,4,9,10,6,-10171,0,0,0,0,0,-392,-391,-442,-449,-379,-388,10,92,-1338,0,0
LMR,15,9,14,13,3,-3448,0,0,0,0,0,-392,-391,-392,-441,-388,-385,162,39,-1338,0,0
LMR,3,1,2,3,5,3184,0,0,0,0,0,299,300,197,203,838,555,0,4,-1338,0,0
LMR,4,1,3,4,2,2987,0,1,0,0,0,-300,-299,-491,-147,-288,-348,1,6,-1338,0,1
LMR,4,1,3,3,4,-14320,0,1,0,0,0,-300,-299,-310,-147,-298,-299,4,11,-1338,0,1
LMR,5,1,4,3,5,-10262,0,1,0,0,0,-320,-319,-320,-225,-319,-317,6,5,-1338,0,0
LMR,5,1,4,3,4,-8928,0,1,0,0,0,-320,-319,-320,-176,-319,-319,6,6,-963,0,0
LMR,3,1,2,3,2,8101,0,1,0,0,0,-312,-311,-340,-58,-136,-167,1,3,-1701,0,1
LMR,4,1,3,2,5,2067,0,1,0,0,1,368,369,368,353,370,370,4,3,-572,0,0
LMR,5,1,4,4,6,-11511,0,1,0,0,1,-369,-368,-369,-336,-356,-350,3,7,1072,0,1
LMR,3,1,2,3,3,-425,0,1,0,0,0,-320,-319,-340,-163,-250,-262,1,4,-627,0,0
LMR,5,1,4,5,2,-13086,0,1,0,0,0,-328,-327,-376,-144,-271,-325,1,7,3536,0,1
LMR,4,1,3,4,3,-5170,0,1,0,0,0,-282,-281,-283,-204,-209,-222,3,7,-1338,0,0
LMR,6,1,5,5,3,-648,0,1,1,0,0,-282,-281,-286,-225,-264,-282,1,8,0,0,0
LMR,6,1,5,5,9,-9125,0,1,0,0,0,-282,-281,-282,-225,-233,-233,1,4,-1610,0,0
LMR,5,1,4,4,6,-12032,0,1,0,0,0,-282,-281,-291,-185,-268,-325,1,6,-1338,0,0
LMR,9,3,8,9,2,7486,0,1,0,0,0,-282,-281,-292,-62,-163,-278,5,15,-3861,0,0
LMR,4,1,3,4,2,27896,0,1,0,0,0,-307,-306,-328,41,-84,-244,1,2,-1571,0,1
LMR,5,1,4,4,8,-13790,0,1,0,0,0,-321,-320,-325,-7,-314,-354,2,8,-2574,0,1
LMR,4,1,3,4,2,3331,0,1,0,0,0,-282,-281,-346,-240,-281,-245,4,14,-3239,0,0
LMR,5,1,4,5,3,-1276,0,1,0,0,0,-282,-281,-363,-470,-281,-246,8,20,-1338,0,0
LMR,5,1,4,5,6,-1276,0,0,0,0,0,281,282,204,89,470,251,2,31,-1338,0,0
LMR,5,1,4,5,5,-1665,0,1,0,0,0,-282,-281,-383,-22,-276,-253,2,40,-1338,0,0
LMR,8,1,7,8,2,-1280,0,1,0,0,0,-282,-281,-347,-15,-169,-257,4,54,-1338,0,0
LMR,5,1,4,5,3,-5792,0,1,0,0,0,-282,-281,-321,-197,-263,-185,5,1,-1338,0,0
LMR,5,1,4,5,2,445,0,1,0,0,0,-282,-281,-301,-234,-244,-274,3,8,-1338,0,0
LMR,3,1,2,2,2,-6596,0,1,0,0,0,-270,-269,-306,-146,-265,-241,1,3,-1199,0,1
LMR,4,1,3,4,2,-10498,0,1,0,0,0,-338,-337,-351,-283,-255,-320,1,3,6307,0,1
LMR,5,1,4,5,2,884,0,1,0,0,0,-282,-281,-309,-230,-240,-240,1,6,2969,0,0
LMR,4,1,3,2,5,-566,0,1,0,0,0,-299,-298,-299,-175,-298,-298,3,3,806,0,1
LMR,9,2,8,7,4,10795,0,1,0,0,0,-282,-281,-282,-175,-281,-243,6,9,3767,0,0
LMR,5,1,4,5,2,3066,0,1,0,0,0,-321,-320,-1348,-68,-293,-250,1,3,3653,0,1
LMR,5,1,4,5,2,2148,0,1,0,0,0,-282,-281,-482,-96,-151,-275,1,5,1192,0,0
LMR,12,6,11,12,2,10318,0,1,0,0,0,-282,-281,-333,612,-235,-276,9,85,-1338,0,0
LMR,5,1,4,3,14,-11699,0,1,0,0,0,-282,-281,-282,-124,-281,-288,5,6,-1338,0,0
LMR,6,1,5,6,2,684,0,1,0,0,0,-282,-281,-1781,-138,-281,-282,4,78,620,0,0
LMR,6,1,5,5,4,-4414,0,1,0,0,0,-282,-281,-282,-138,-239,-211,3,7,2345,0,0
LMR,5,1,4,5,2,6764,0,1,0,0,0,-282,-281,-296,-72,-209,-243,1,11,3820,0,0
LMR,4,2,3,3,2,7987,0,0,0,0,0,300,301,299,243,331,323,7,7,-794,0,0
LMR,4,1,3,4,2,2224,0,1,0,0,0,-301,-300,-428,-105,-281,-318,2,20,-1389,0,1
LMR,4,1,3,4,3,-2208,0,1,0,0,0,-301,-300,-318,-105,-227,-300,1,11,-1338,0,1
LMR,5,1,4,5,6,-2716,0,1,0,0,0,-231,-230,-241,-118,-167,-167,3,8,-1338,0,0
LMR,6,1,5,6,2,4584,0,1,1,0,0,-231,-230,-432,-192,922,659,0,1,0,1,0
LMR,5,1,4,4,3,-3303,0,1,0,0,0,280,281,251,308,296,293,2,4,-1338,0,0
LMR,5,3,4,5,2,9807,0,0,0,0,0,-281,-280,-365,-372,-278,-277,3,5,-1338,0,0
LMR,7,1,6,5,4,-758,0,1,0,0,0,280,281,279,537,281,277,4,13,-1338,0,0
LMR,7,1,6,6,9,-14875,0,1,0,0,0,280,281,279,537,305,246,2,12,-1338,0,0
LMR,5,1,4,4,3,-7733,0,1,0,0,0,280,281,260,372,292,281,1,5,-1338,0,0
LMR,7,1,6,6,15,-14941,0,1,0,0,0,280,281,279,537,320,281,2,15,-1338,0,0
LMR,6,1,5,4,3,-2328,0,1,0,0,0,280,281,278,476,281,281,2,4,-1338,0,0
LMR,3,1,2,2,2,-11119,0,1,0,0,0,280,281,269,400,312,306,3,3,1100,0,0
LMR,3,1,2,3,3,-6443,0,1,0,0,0,417,418,337,423,429,428,2,7,709,0,1
LMR,4,1,3,4,2,18215,0,1,0,0,0,412,413,171,849,778,778,0,0,4411,0,1
LMR,5,1,4,5,2,20136,0,1,0,0,0,280,281,238,425,494,456,2,2,2323,0,0
LMR,6,1,5,6,27,-17066,0,1,0,0,0,280,281,258,418,497,378,1,11,-1338,0,0
LMR,8,1,7,8,5,-16173,0,1,0,1,0,280,281,266,737,340,364,4,47,-1338,0,0
LMR,6,1,5,6,3,11175,0,1,0,0,0,280,281,280,280,668,475,1,8,-1338,0,0
LMR,4,1,3,4,2,4792,0,1,1,0,0,-348,-347,-636,-607,-282,-283,2,6,0,0,0
LMR,4,1,3,4,2,20844,0,1,0,0,0,390,391,380,556,498,479,2,2,7492,0,0
LMR,6,1,5,5,2,14536,0,1,0,0,0,390,391,370,633,395,399,3,11,-395,0,1
LMR,4,1,3,3,2,39850,0,1,0,0,0,361,362,336,313,362,362,5,4,3653,0,1
LMR,4,1,3,4,2,479,0,0,0,1,0,-281,-280,-422,-725,-229,-267,9,8,-1338,0,0
LMR,7,1,6,7,2,6577,0,1,1,0,0,280,281,269,374,408,386,1,2,0,0,0
LMR,4,1,3,3,5,415,0,1,0,0,0,349,350,349,352,384,378,3,3,-1338,0,0
LMR,3,1,2,3,4,256,0,0,0,0,0,-350,-349,-350,-470,-240,-271,3,4,-1338,0,0
LMR,3,1,2,3,2,6279,0,0,0,0,0,298,299,174,288,317,313,2,3,-1338,0,0
LMR,5,1,4,4,5,-6173,0,0,0,0,0,230,231,214,256,231,231,8,8,-1338,0,0
LMR,6,1,5,5,4,-8955,0,1,0,0,0,-231,-230,-231,-281,-185,-193,2,4,-1338,0,0
LMR,6,1,5,5,3,7137,0,1,0,0,0,-231,-230,-237,-153,-202,-212,8,10,-1338,0,0
LMR,9,2,8,8,13,-7319,0,0,1,0,0,230,231,214,212,239,231,4,13,0,0,0
LMR,10,4,9,9,2,5436,0,1,0,0,0,-231,-230,-231,-148,-219,-234,8,33,4019,0,0
LMR,8,1,7,7,4,-7801,0,0,0,0,0,230,231,205,60,251,251,2,11,-1338,0,0
LMR,10,1,9,8,12,-16411,0,1,0,0,0,-231,-230,-231,-148,-224,-248,2,19,-1338,0,0
LMR,5,1,4,5,5,-12142,0,1,0,0,0,-257,-256,-287,-154,-174,-219,2,7,-3213,0,0
LMR,3,1,2,3,3,-4473,0,1,0,0,0,-249,-248,-331,-129,-241,-211,3,5,-1547,0,1
LMR,6,1,5,6,19,-16026,0,1,0,0,0,-273,-272,-318,-160,-129,-242,1,5,-2742,0,1
LMR,4,1,3,2,4,-12361,0,1,0,0,0,298,299,298,378,300,278,1,2,-2204,0,0
LMR,5,1,4,5,2,-5017,0,1,0,0,0,-251,-250,-257,-79,-169,-200,1,8,2813,0,0
LMR,3,1,2,3,2,-6253,0,1,0,0,0,-251,-250,-276,-144,-221,-222,1,3,-1338,0,0
LMR,6,1,5,4,6,-12266,0,0,0,0,0,250,251,248,218,255,255,2,3,-264,0,0
LMR,10,5,9,8,2,9875,0,1,0,0,0,-251,-250,-254,-60,-248,-248,5,6,4746,0,0
LMR,3,1,2,3,2,27769,0,1,0,0,0,-299,-298,-299,-231,-209,-249,3,5,461,0,0
LMR,3,1,2,3,2,-16431,0,1,0,0,0,-231,-230,-247,-14,-141,-209,1,2,3555,0,1
LMR,3,1,2,3,2,-11630,0,1,0,0,0,-289,-288,-319,-121,271,-44,1,2,3488,0,1
LMR,3,1,2,3,2,-9133,0,1,0,0,0,-301,-300,-330,-132,-251,-290,1,4,-1472,0,1
LMR,3,1,2,3,2,-4850,0,1,0,0,0,-280,-279,-287,-97,-209,-221,2,3,2205,0,1
LMR,3,1,2,3,2,-10315,0,1,0,0,0,-284,-283,-302,-109,-242,-283,1,14,-2013,0,1

===========================
Total time (ms) : 32
Nodes searched  : 26024
Nodes/second    : 813250
LMR_TOTAL,14402,497,365
