
Position: 1/1 (r2qk2r/pp1n1ppp/2pb1n2/3ppb2/7P/3PP1P1/PPP1NPB1/RNBQ1RK1 w kq - 1 8)
LMR,3,1,2,3,3,-1276,0,1,0,0,0,177,178,155,207,210,195,4,10,-1338,0,0
LMR,3,1,2,3,2,1903,0,1,0,0,0,150,151,114,165,223,210,1,4,-1338,0,0
LMR,5,1,4,5,2,6178,0,1,1,0,0,-149,-148,-648,-95,-148,-142,5,14,0,0,0
LMR,7,1,6,6,27,-14836,0,1,0,0,0,-149,-148,-153,-115,-130,-130,2,10,-1338,0,0
LMR,5,1,4,5,2,8427,0,1,0,0,0,-149,-148,-230,-62,-120,-120,3,12,-1338,0,0
LMR,5,1,4,4,3,-1572,0,1,0,0,0,-149,-148,-157,-65,-138,-133,2,6,-1338,0,0
LMR,3,1,2,3,2,8024,0,1,0,0,0,-132,-131,-218,-58,-131,-125,2,11,177,0,1
LMR,3,1,2,2,3,1292,0,1,0,0,0,-143,-142,-152,-61,-140,-140,3,2,-1338,0,1
LMR,5,1,4,5,3,-2930,0,1,1,0,0,139,140,118,265,180,139,2,10,0,0,0
LMR,5,1,4,3,5,-12360,0,1,0,0,0,139,140,139,265,140,188,4,7,-114,0,0
LMR,8,1,7,6,19,-12593,0,1,0,0,1,139,140,139,257,141,137,6,21,-1338,0,0
LMR,8,1,7,6,20,-12613,0,1,0,0,1,139,140,139,257,140,130,9,27,-1338,0,0
LMR,8,1,7,6,22,-9725,0,1,0,0,1,139,140,139,257,141,137,2,27,-1338,0,0
LMR,8,1,7,6,24,-13885,0,1,0,0,1,139,140,139,257,142,135,2,23,-1338,0,0
LMR,3,1,2,3,2,497,0,1,0,0,0,-117,-116,-198,-189,-103,-113,2,4,1047,0,0
LMR,3,1,2,2,2,5239,0,0,0,0,0,116,117,111,134,157,150,2,2,4095,0,0
LMR,5,1,4,4,10,-9846,0,1,0,0,0,135,136,127,151,136,181,5,16,-1338,0,0
LMR,3,1,2,3,2,-577,0,1,0,0,1,135,136,104,116,174,167,1,1,-1338,0,0
LMR,3,1,2,2,2,4094,0,1,0,0,0,171,172,156,180,186,184,1,1,-1338,0,1
LMR,5,1,4,3,3,3698,0,1,0,0,0,143,144,139,344,144,144,9,5,-1338,0,0
LMR,5,1,4,5,7,-9106,0,1,0,0,0,143,144,139,106,201,191,1,4,-1338,0,0
LMR,5,1,4,5,3,-1276,0,0,0,0,0,-144,-143,-177,-193,-106,-183,6,12,-1338,0,0
LMR,5,1,4,5,2,8795,0,1,0,0,0,143,144,96,198,184,177,2,28,-1000,0,0
LMR,4,1,3,4,2,-43,0,1,0,0,0,143,144,54,74,163,159,2,6,-1338,0,0
LMR,6,1,5,6,5,-1675,0,1,0,0,0,143,144,100,166,160,166,4,16,-1338,0,0
LMR,9,1,8,8,5,-6851,0,1,0,0,0,143,144,134,191,153,162,6,46,-1338,0,0
LMR,8,1,7,8,3,7371,0,1,0,0,0,143,144,105,244,238,173,1,11,-1338,0,0
LMR,4,1,3,3,2,-11540,0,1,0,1,0,143,144,143,197,151,144,4,5,-1338,0,0
LMR,6,1,5,5,2,-6902,0,1,0,0,0,143,144,117,285,166,144,1,18,-1338,0,0
LMR,5,1,4,5,4,-2418,0,1,0,0,0,143,144,126,246,190,181,1,6,-1338,0,0
LMR,4,1,3,4,2,-9571,0,1,0,0,0,143,144,-53,170,175,169,2,5,-1338,0,0
LMR,3,1,2,3,2,2852,0,1,0,0,0,143,144,113,184,179,173,2,6,-1338,0,0
LMR,9,1,8,9,2,-7922,0,1,0,1,0,143,144,-287,235,155,160,5,29,-1338,0,0
LMR,3,1,2,3,2,5377,0,1,0,0,0,134,135,69,178,158,156,2,4,-4317,0,1
LMR,3,1,2,2,2,14566,0,1,0,0,0,170,171,157,171,179,178,2,2,-316,0,1
LMR,3,1,2,3,2,7676,0,1,0,0,0,174,175,135,365,212,175,1,3,-1338,0,1
LMR,3,1,2,3,2,4584,0,1,1,0,0,136,137,50,156,297,269,1,1,0,1,1
LMR,4,1,3,2,5,-790,0,1,0,0,0,153,154,153,208,154,154,4,3,-1338,0,0
LMR,3,1,2,2,3,1065,0,1,0,0,1,122,123,115,124,136,138,4,3,-1338,0,0
LMR,8,5,7,8,2,-2246,0,0,0,0,0,-154,-153,-327,-177,-123,-123,14,12,-522,0,0
LMR,6,1,5,6,4,-3194,0,1,0,0,0,153,154,134,155,245,165,2,16,-1338,0,0
LMR,5,1,4,4,2,5696,0,1,0,0,0,153,154,146,164,160,160,3,5,-1338,0,0
LMR,11,7,10,9,2,3998,0,1,1,0,1,153,154,148,144,154,159,16,73,0,0,0
LMR,4,1,3,4,3,-5670,0,1,0,0,0,148,149,-14,227,197,189,2,3,459,0,1
LMR,5,1,4,5,2,6618,0,1,0,0,0,153,154,89,231,219,155,1,2,-1338,0,0
LMR,6,1,5,5,10,-8652,0,1,0,0,0,153,154,153,307,171,171,1,9,-1338,0,0
LMR,3,1,2,2,2,42,0,1,0,0,0,181,182,181,267,189,182,1,10,-1164,0,1
LMR,3,1,2,2,3,-6743,0,1,0,0,0,184,185,184,228,237,445,2,1,-1597,0,1
LMR,6,1,5,5,14,-15616,0,0,0,0,0,-167,-166,-188,-160,-166,-135,2,9,-1338,0,0
LMR,5,1,4,4,5,-1276,0,1,0,0,0,166,167,164,238,208,198,2,4,-1338,0,0
LMR,6,1,5,5,5,-13031,0,0,0,0,0,-167,-166,-192,-180,-141,-146,3,12,-1704,0,0
LMR,9,1,8,8,16,-13761,0,1,0,0,0,166,167,158,163,167,150,3,40,-1338,0,0
LMR,9,1,8,8,30,-15826,0,1,0,0,0,166,167,158,163,167,197,2,17,-1338,0,0
LMR,5,1,4,4,14,-14144,0,1,0,0,0,166,167,166,151,207,181,2,3,-1338,0,0
LMR,7,4,6,6,2,-721,0,0,0,0,0,-167,-166,-183,-210,-151,-178,8,27,-1338,0,0
LMR,5,1,4,4,10,-10583,0,1,0,0,0,166,167,165,149,185,185,4,6,-1338,0,0
LMR,7,2,6,6,3,5730,0,0,0,0,0,-167,-166,-178,-210,-166,-182,3,16,-1338,0,0
LMR,7,1,6,7,2,-2761,0,1,0,0,0,166,167,71,130,185,178,2,68,-1338,0,0
LMR,3,1,2,2,4,-3615,0,1,0,0,0,166,167,131,135,167,167,4,4,-1338,0,0
LMR,5,1,4,3,3,9568,0,1,0,0,0,166,167,164,257,167,166,2,10,-3476,0,0
LMR,3,1,2,3,2,6044,0,1,0,0,0,166,167,126,182,185,181,3,3,-3574,0,0
LMR,6,1,5,4,8,-12776,0,1,0,0,1,166,167,166,166,173,173,3,11,-1857,0,0
LMR,9,5,8,7,6,-8810,0,0,0,0,1,-167,-166,-167,-163,-166,-172,25,22,-1338,0,0
LMR,4,1,3,3,3,-605,0,1,0,0,0,166,167,166,178,174,173,2,4,-1338,0,0
LMR,9,7,8,9,2,-9510,0,0,0,0,1,-167,-166,-380,-192,-163,-167,41,291,-1381,0,0
LMR,9,3,8,7,9,895,0,0,0,0,1,-167,-166,-167,-192,-166,-166,9,11,-1338,0,0
LMR,5,1,4,4,3,-4023,0,1,0,0,0,-167,-166,-167,-64,-132,-167,2,8,-2146,0,0
LMR,5,1,4,5,7,-12855,0,1,0,0,0,-167,-166,-167,-64,-111,-111,3,6,-1338,0,0
LMR,7,2,6,7,4,-6902,0,0,0,0,0,-167,-166,-201,-259,90,-48,1,1,-1338,0,0
LMR,7,1,6,7,15,-12483,0,1,0,0,0,166,167,140,138,259,62,2,6,-1338,0,0
LMR,8,5,7,7,2,5022,0,0,0,0,1,-167,-166,-194,-167,-146,-143,14,43,-1338,0,0
LMR,10,3,9,8,5,-5865,0,1,0,0,1,166,167,166,184,167,145,9,71,-1067,0,0
LMR,3,1,2,2,3,-6838,0,1,0,0,0,-133,-132,-133,-56,-108,-112,2,2,-1338,0,1
LMR,5,1,4,5,2,-499,0,1,0,0,0,-167,-166,-187,-25,-120,-121,3,8,-1338,0,0
LMR,3,1,2,3,10,-1090,0,1,1,0,0,166,167,152,198,335,305,1,1,0,0,0
LMR,5,1,4,4,2,13086,0,1,0,0,0,166,167,138,179,184,181,5,15,-1338,0,0
LMR,9,4,8,7,4,-3049,0,1,0,0,1,166,167,166,167,171,167,5,34,-1338,0,0
LMR,12,5,11,10,12,-5634,0,1,0,0,1,166,167,166,174,167,167,11,125,-243,0,0
LMR,3,1,2,3,2,-14605,0,0,0,0,0,-167,-166,-365,-219,5,-114,2,2,-1338,1,0
LMR,10,1,9,9,17,-11498,0,1,0,0,0,166,167,166,177,203,186,1,18,-1338,0,0
LMR,6,1,5,6,11,-8006,0,0,0,0,0,-167,-166,-248,-355,-162,-163,5,5,-1338,0,0
LMR,6,1,5,6,5,-1276,0,1,0,0,0,166,167,92,-83,355,163,3,19,-1338,0,0
LMR,7,1,6,7,4,-16699,0,0,0,0,0,-167,-166,-203,-168,-76,-163,3,35,-1338,1,0
LMR,8,2,7,7,2,9620,0,1,0,0,0,166,167,163,251,191,192,12,31,2792,0,0
LMR,10,6,9,9,4,10916,0,0,0,0,0,-167,-166,-189,-168,-142,-151,21,39,-23,0,0
LMR,8,1,7,7,3,2585,0,1,0,0,0,166,167,143,216,191,185,3,14,94,0,0
LMR,11,4,10,10,4,4504,0,1,0,0,0,166,167,152,185,184,183,5,46,-2108,0,0
LMR,6,1,5,5,2,14528,0,1,0,0,0,166,167,161,245,182,182,3,5,-381,0,0
LMR,6,1,5,4,7,-10322,0,1,0,0,0,166,167,166,271,169,162,2,5,-1338,0,0
LMR,8,1,7,7,9,-14333,0,0,0,0,0,-167,-166,-194,-169,-160,-166,5,15,-1338,0,0
LMR,10,2,9,10,2,-8760,0,1,0,0,1,166,167,-160,166,167,166,4,45,-1172,0,0
LMR,13,7,12,11,18,-15793,0,0,0,0,1,-167,-166,-170,-162,-166,-166,45,98,-1338,0,0
LMR,10,1,9,10,13,-14933,0,0,0,0,0,166,167,136,123,266,176,2,12,-1338,0,0
LMR,5,1,4,5,9,-635,0,1,1,0,0,166,167,158,210,244,199,2,3,0,0,0
LMR,5,1,4,5,4,3378,0,1,0,0,0,166,167,141,57,253,167,3,11,-1338,0,0
LMR,13,5,12,11,6,3766,0,0,0,0,0,-167,-166,-167,-251,-166,-167,21,29,-1338,0,0
LMR,5,1,4,4,2,-13341,0,1,0,0,0,166,167,116,332,167,159,4,11,-1338,0,0
LMR,5,1,4,4,4,3275,0,1,0,0,0,166,167,159,332,198,192,3,8,-1338,0,0
LMR,5,1,4,4,2,5308,0,1,0,0,0,166,167,147,167,190,190,3,4,-2194,0,0
LMR,4,1,3,3,6,-5670,0,1,0,0,0,166,167,143,263,190,278,1,5,-1338,0,0
LMR,5,1,4,5,2,6854,0,1,0,0,0,166,167,139,306,208,215,2,14,-1338,0,0
LMR,7,1,6,7,2,-3651,0,1,0,0,0,166,167,96,324,216,207,2,26,-1338,0,0
LMR,6,1,5,6,2,12839,0,1,0,0,0,166,167,150,272,219,181,2,5,-1338,0,0
LMR,13,6,12,11,2,7881,0,1,1,0,1,166,167,166,158,167,167,107,320,0,0,0
LMR,5,1,4,5,2,10200,0,1,0,0,0,147,148,-69,229,191,191,3,5,3041,0,1
LMR,3,1,2,2,3,19823,0,1,0,0,0,147,148,146,218,156,185,3,4,-3264,0,1
LMR,5,1,4,4,2,306,0,1,0,0,0,166,167,139,313,176,215,2,10,2883,0,0
LMR,4,1,3,3,2,15515,0,1,0,0,0,145,146,135,211,177,171,1,3,-2030,0,1
LMR,3,1,2,3,2,12650,0,1,0,0,0,183,184,180,295,239,229,1,1,-1338,0,0
LMR,3,1,2,2,3,2937,0,1,0,0,1,145,146,122,143,150,184,1,2,-1861,0,0
LMR,3,1,2,3,2,-4753,0,1,0,0,1,145,146,-63,166,153,151,1,4,-1172,0,0
LMR,4,1,3,4,2,12820,0,1,0,0,0,183,184,146,365,265,237,1,2,-1338,0,0
LMR,4,1,3,3,2,14003,0,1,0,0,0,159,160,148,215,186,181,1,1,-1568,0,1
LMR,3,1,2,2,2,6313,0,1,0,0,0,170,171,162,262,190,173,2,12,-1431,0,1
LMR,3,1,2,2,2,5151,0,1,0,0,0,173,174,144,368,175,175,1,1,-813,0,1
LMR,3,1,2,3,2,15562,0,1,0,0,0,183,184,73,284,193,193,1,10,4458,0,0
LMR,3,1,2,2,2,8459,0,1,0,0,0,169,170,147,233,170,170,1,3,-1319,0,1
LMR,5,1,4,4,11,-316,0,1,1,0,0,206,207,194,285,227,227,3,4,0,0,0
LMR,5,2,4,5,3,676,0,0,1,0,0,-207,-206,-245,-137,-178,-178,2,10,0,0,0
LMR,11,5,10,9,13,-15943,0,0,0,0,1,-207,-206,-207,-254,-206,-206,23,41,-1338,0,0
LMR,7,1,6,6,2,3078,0,1,0,0,0,178,179,163,296,198,198,3,7,642,0,0
LMR,3,1,2,3,2,-9559,0,1,0,0,0,172,173,128,208,248,214,1,3,1572,0,1
LMR,3,1,2,3,2,20946,0,1,0,0,0,178,179,134,242,201,181,2,3,-4176,0,1
LMR,3,1,2,3,2,20279,0,1,0,0,0,200,201,163,330,225,240,2,5,-4222,0,1
LMR,4,1,3,3,2,16653,0,1,0,0,0,175,176,160,213,201,196,2,1,36,0,1
LMR,4,1,3,4,3,1094,0,1,0,0,0,185,186,164,248,231,223,1,1,-1338,0,0
LMR,5,1,4,5,7,-3722,0,1,0,0,0,185,186,151,142,275,206,1,8,-2594,0,0
LMR,3,1,2,2,2,11144,0,1,0,0,0,185,186,178,189,203,190,3,7,-2022,0,0
LMR,3,1,2,2,3,-5612,0,1,0,0,0,200,201,200,244,227,222,2,2,-1338,0,1
LMR,5,1,4,4,3,-1313,0,1,0,0,0,185,186,179,293,225,210,2,6,-1338,0,0
LMR,7,2,6,6,4,-9128,0,0,0,0,0,-186,-185,-226,-281,-178,-178,5,15,-1338,0,0
LMR,5,1,4,4,2,9211,0,1,1,0,0,185,186,184,258,196,190,5,7,0,0,0
LMR,8,1,7,7,18,-13695,0,1,0,0,0,185,186,185,269,217,189,1,22,-1338,0,0
LMR,7,1,6,7,4,-3157,0,1,0,0,0,185,186,169,237,265,186,2,16,-2742,0,0
LMR,9,5,8,7,3,2196,0,0,0,0,0,-186,-185,-186,-324,-184,-184,17,15,-1338,0,0
LMR,10,7,9,8,3,-9472,0,0,0,0,1,-186,-185,-186,-186,-184,-184,70,0,-1338,0,0
LMR,10,2,9,8,9,-4471,0,1,1,0,0,185,186,184,217,186,231,4,21,0,0,0
LMR,6,1,5,5,2,20154,0,1,0,0,0,185,186,185,227,195,186,1,11,-1338,0,0
LMR,4,1,3,4,2,-6533,0,1,0,0,0,185,186,167,295,227,242,2,4,2359,0,1
LMR,9,1,8,8,34,-15333,0,1,0,0,0,185,186,185,179,238,221,1,12,-1447,0,0
LMR,11,4,10,10,5,-10465,0,0,0,0,0,-186,-185,-215,-186,-179,-217,7,56,-1081,0,0
LMR,3,1,2,3,2,8061,0,1,0,0,0,211,212,182,340,307,218,2,6,-1338,0,1
LMR,3,1,2,2,2,-2766,0,1,0,0,0,235,236,212,253,263,266,2,2,-1338,0,1
LMR,4,1,3,3,6,-12464,0,1,0,0,0,181,182,181,307,197,182,2,8,-1338,0,1
LMR,9,1,8,8,2,-7111,0,1,0,0,0,185,186,184,307,215,186,2,19,135,0,0
LMR,8,1,7,6,13,-13120,0,1,0,0,0,185,186,185,495,190,171,2,16,-1338,0,0
LMR,8,1,7,7,7,-10922,0,1,0,0,0,185,186,168,213,186,164,5,8,146,0,0
LMR,7,1,6,7,8,-5791,0,0,0,1,0,-186,-185,-238,-327,-152,-152,5,5,-1338,0,0
LMR,8,1,7,7,19,-15571,0,1,0,0,0,185,186,168,213,186,156,9,28,-1338,0,0
LMR,11,1,10,10,15,-16173,0,1,0,0,0,185,186,185,185,197,169,2,81,-1338,0,0
LMR,11,9,10,11,2,8510,0,0,0,0,0,-186,-185,-239,-549,-185,-185,89,159,461,0,0
LMR,5,1,4,4,10,-12272,0,1,0,0,0,-186,-185,-186,-180,-160,-183,3,6,-1338,0,0
LMR,4,1,3,4,2,1882,0,0,0,0,0,185,186,174,110,332,248,2,2,-1338,0,0
LMR,6,1,5,6,2,-1542,0,1,0,0,0,-186,-185,-235,6,-173,-167,6,16,-1338,0,0
LMR,5,1,4,4,2,6331,0,1,0,0,0,-186,-185,-186,-47,-164,-177,2,17,-926,0,0
LMR,3,1,2,2,2,-7911,0,1,0,0,0,-185,-184,-185,-52,-150,-187,3,9,-674,0,1
LMR,3,1,2,2,3,-6651,0,1,0,0,0,-185,-184,-185,-52,-156,-184,2,8,-620,0,1
LMR,5,1,4,4,5,-17857,0,1,0,0,0,185,186,185,297,204,184,1,13,-1338,0,0
LMR,5,1,4,4,9,-12002,0,1,0,0,0,185,186,185,297,210,209,6,6,-1338,0,0
LMR,5,1,4,5,6,-474,0,1,1,0,0,185,186,164,181,243,214,3,8,0,0,0
LMR,8,2,7,7,4,-7293,0,0,0,0,0,-186,-185,-193,-206,-185,-185,7,17,159,0,0
LMR,4,1,3,2,2,11669,0,1,0,0,0,-186,-185,-186,-126,-185,-185,5,6,-2742,0,0
LMR,12,9,11,10,3,2465,0,0,0,0,1,-186,-185,-190,-186,-185,-185,97,97,-1791,0,0
LMR,7,4,6,5,5,-12968,0,0,0,0,1,185,186,185,112,186,190,3,6,-1415,0,0
LMR,9,2,8,8,12,-15344,0,0,0,0,0,-186,-185,-186,-222,-177,-177,5,11,-1338,0,0
LMR,11,8,10,9,2,4545,0,1,1,0,1,185,186,185,186,189,185,25,127,0,0,0
LMR,13,10,12,11,2,7096,0,1,1,0,1,185,186,185,207,186,185,61,463,0,0,0
LMR,4,1,3,4,2,5039,0,1,1,0,0,-186,-185,-220,-128,-120,-172,1,1,0,0,0
LMR,3,1,2,3,3,4884,0,1,1,0,0,-68,-67,-380,-128,-52,-55,2,4,0,0,1
LMR,7,5,6,6,2,10416,0,0,0,0,0,179,180,150,156,180,180,34,10,-476,0,0
LMR,8,1,7,7,21,-12848,0,1,0,0,0,-180,-179,-187,-221,-169,-180,4,49,-1338,0,0
LMR,9,4,8,9,3,-14883,0,0,0,0,0,179,180,-13,183,221,180,18,81,-1338,0,0
LMR,8,2,7,8,6,-15262,0,0,0,0,0,-186,-185,-201,-180,-51,-169,4,7,-1338,0,0
LMR,5,1,4,5,3,-4533,0,1,0,0,0,-180,-179,-243,-91,-179,-179,8,25,-1338,0,0
LMR,5,1,4,4,7,-11080,0,1,0,0,0,-180,-179,-208,-97,-176,-179,3,11,-1338,0,0
LMR,3,1,2,2,2,5760,0,1,0,0,0,-196,-195,-205,-92,-166,-195,3,6,709,0,0
LMR,4,1,3,4,2,-5567,0,0,0,0,0,179,180,52,71,180,180,4,8,-1338,0,0
LMR,7,5,6,7,2,8615,0,0,0,0,0,179,180,-4,51,180,180,25,43,3386,0,0
LMR,11,6,10,9,2,10182,0,1,0,0,0,-180,-179,-180,-46,-179,-187,13,49,316,0,0
LMR,6,1,5,4,2,11920,0,1,0,0,0,185,186,182,182,186,186,4,3,-1338,0,0
LMR,9,3,8,9,8,-13622,0,0,0,0,0,-186,-185,-225,-262,-165,-125,8,16,-1338,0,0
LMR,8,5,7,8,2,3559,0,0,0,0,0,179,180,-149,-633,208,208,3,2,-1338,0,0
LMR,4,1,3,3,4,-8898,0,1,0,0,0,-166,-165,-172,-118,-164,-152,2,6,985,0,1
LMR,5,1,4,5,2,4565,0,1,0,0,0,-180,-179,-289,-65,-173,-179,2,11,681,0,0
LMR,11,5,10,9,3,-9628,0,0,0,0,0,179,180,179,178,180,180,12,39,693,0,0
LMR,3,1,2,2,8,-7964,0,1,0,0,0,185,186,175,238,206,202,2,3,-1338,0,0
LMR,5,1,4,4,4,-4081,0,0,0,0,0,-186,-185,-198,-185,-170,-173,2,5,-1338,0,0
LMR,8,2,7,7,13,-7557,0,0,0,0,0,-186,-185,-197,-202,-185,-163,6,12,-1338,0,0
LMR,3,1,2,2,4,-942,0,1,0,0,0,-180,-179,-184,-193,-161,-164,2,5,153,0,0
LMR,3,1,2,2,3,-284,0,1,0,0,0,-180,-179,-183,-137,-164,-179,1,5,-2868,0,0
LMR,5,1,4,3,2,3665,0,1,0,0,0,-180,-179,-186,-77,-179,-164,5,8,976,0,0
LMR,3,1,2,3,2,1577,0,1,0,0,0,-180,-179,-234,-97,-179,-154,4,9,-24,0,0
LMR,4,1,3,3,3,-5593,0,1,0,0,1,-197,-196,-200,-167,-190,-207,1,4,-1210,0,1
LMR,6,1,5,5,2,10133,0,1,0,0,0,-180,-179,-184,-103,-163,-180,1,21,570,0,0
LMR,4,1,3,4,3,-904,0,1,0,0,0,-180,-179,-180,-164,-100,-172,2,7,-2194,0,0
LMR,6,1,5,5,5,-5472,0,1,0,0,0,-180,-179,-180,-103,-172,-179,3,24,-1338,0,0
LMR,8,1,7,6,22,-16165,0,0,0,0,0,179,180,179,179,183,172,3,9,-1338,0,0
LMR,10,6,9,8,2,21297,0,1,0,0,0,-180,-179,-180,-99,-179,-179,13,40,6877,0,0
LMR,8,5,7,6,4,-730,0,0,0,0,0,179,180,179,202,180,180,13,9,-1338,0,0
LMR,9,3,8,7,2,14380,0,1,0,0,0,-180,-179,-180,-132,-179,-154,6,15,-1338,0,0
LMR,3,1,2,2,3,-7307,0,1,0,0,0,-209,-208,-240,-226,-201,-218,2,5,6775,0,0
LMR,5,3,4,4,3,1078,0,1,0,0,1,-209,-208,-228,-131,-196,-196,11,9,-3313,0,1
LMR,5,1,4,5,4,-4397,0,1,0,0,0,-180,-179,-184,-106,-127,-144,1,2,-1338,0,0
LMR,8,2,7,7,5,-6677,0,0,0,0,0,179,180,179,185,227,199,2,4,-1263,0,0
LMR,5,1,4,5,2,10421,0,1,0,0,0,179,180,-37,251,180,182,5,6,-1338,0,0
LMR,3,1,2,2,3,5922,0,0,0,0,0,-180,-179,-180,-213,-133,-195,1,5,-960,0,0
LMR,3,1,2,3,2,676,0,0,1,0,0,-180,-179,-350,-379,-172,-173,2,6,0,0,0
LMR,6,1,5,6,2,1087,0,1,1,0,0,179,180,174,331,251,238,3,7,0,0,0
LMR,5,1,4,4,2,20081,0,1,0,0,0,179,180,158,195,191,180,3,12,4099,0,0
LMR,5,1,4,5,2,21897,0,1,0,0,0,179,180,-305,110,180,191,8,18,4118,0,0
LMR,4,1,3,4,2,26611,0,1,0,0,0,149,150,-68,244,259,191,2,0,3315,0,1
LMR,3,1,2,2,3,2722,0,1,0,0,0,211,212,203,337,227,212,1,2,-1338,0,1
LMR,3,1,2,2,2,20208,0,1,0,0,0,337,338,302,323,339,338,2,7,-1457,0,1
LMR,3,1,2,2,2,13183,0,1,0,0,0,173,174,156,272,185,180,3,8,-3169,0,1
LMR,3,1,2,2,2,13226,0,1,0,0,0,184,185,173,266,185,185,6,4,-2848,0,1
LMR,3,1,2,2,3,17002,0,1,0,0,0,197,198,177,217,200,199,2,6,-4557,0,1
LMR,4,1,3,3,2,9077,0,1,0,0,0,185,186,185,252,207,207,1,2,-1338,0,0
LMR,3,1,2,2,3,4869,0,1,0,0,0,205,206,203,296,216,218,6,4,-1338,0,1
LMR,6,1,5,5,2,16877,0,1,0,0,0,185,186,183,181,192,186,1,12,2208,0,0
LMR,7,1,6,6,2,8488,0,1,0,0,0,185,186,177,277,226,186,2,16,-1338,0,0
LMR,3,1,2,3,2,16187,0,1,0,0,0,176,177,145,213,212,206,1,4,-1338,0,1
LMR,8,3,7,8,4,-1397,0,0,0,0,0,-186,-185,-250,-286,-185,-185,25,34,-1916,0,0
LMR,8,1,7,8,2,6068,0,1,1,0,0,185,186,185,238,241,185,1,63,0,0,0
LMR,10,5,9,9,2,8296,0,1,1,0,0,185,186,185,280,207,186,6,31,0,0,0
LMR,5,1,4,4,2,16669,0,1,0,0,0,189,190,180,239,229,218,2,5,-316,0,1
LMR,5,2,4,5,10,-10035,0,1,0,0,1,158,159,124,296,211,159,2,7,-1338,0,1
LMR,8,2,7,7,3,-9312,0,0,0,0,0,-186,-185,-216,-236,-185,-178,5,8,-1338,0,0
LMR,3,1,2,2,2,4137,0,1,0,0,0,185,186,185,270,209,206,1,2,-902,0,0
LMR,9,1,8,8,4,2175,0,1,0,0,0,185,186,178,344,206,200,1,20,-1338,0,0
LMR,11,5,10,11,2,20179,0,1,0,0,0,185,186,181,301,242,198,2,61,3079,0,0
LMR,4,1,3,3,16,-9585,0,1,0,0,0,-187,-186,-187,-180,-178,-179,4,9,-1338,0,0
LMR,5,1,4,5,16,-1369,0,0,1,0,0,186,187,180,102,237,258,1,2,0,0,0
LMR,6,1,5,5,3,-4117,0,1,0,0,0,-187,-186,-221,19,-183,-246,1,35,-2106,0,0
LMR,5,2,4,5,2,-3111,0,0,1,0,0,186,187,144,107,237,228,1,4,0,0,0
LMR,5,1,4,5,3,-6427,0,1,0,0,0,-187,-186,-243,-102,-157,-221,8,10,-1338,0,0
LMR,6,1,5,6,4,-4978,0,1,1,0,0,-187,-186,-221,19,-156,-192,1,33,0,0,0
LMR,6,1,5,4,8,-10737,0,1,0,0,0,-187,-186,-187,19,-186,-186,3,5,-1338,0,0
LMR,5,1,4,4,5,-5299,0,1,1,0,0,-187,-186,-202,-61,-152,-162,1,5,0,0,0
LMR,5,1,4,5,2,11518,0,1,0,0,1,-187,-186,-187,-171,-91,-108,1,1,1522,0,0
LMR,3,1,2,3,2,11762,0,1,0,0,0,-187,-186,-208,-229,-48,-186,2,13,-1338,0,0
LMR,5,1,4,5,11,676,0,0,1,0,0,186,187,115,70,503,295,4,2,0,0,0
LMR,6,1,5,5,6,-9100,0,1,0,0,0,-187,-186,-187,-115,-170,-178,2,11,-1408,0,0
LMR,8,1,7,8,2,-11,0,1,0,0,0,-187,-186,-277,-29,-155,-179,1,46,-957,0,0
LMR,3,1,2,3,2,4778,0,1,0,0,0,186,187,176,185,251,240,1,2,-1338,0,0
LMR,7,1,6,6,3,-4080,0,1,0,0,1,-187,-186,-209,-180,-186,-186,3,40,-1338,0,0
LMR,4,1,3,4,3,4733,0,1,0,0,0,-187,-186,-204,-186,43,-130,1,9,-3449,0,0
LMR,5,1,4,5,2,-5164,0,1,0,0,0,-187,-186,-304,-84,-186,-177,3,25,7889,0,0
LMR,5,1,4,5,2,-2422,0,1,0,0,0,-187,-186,-204,-65,-110,-136,2,7,-1338,0,0
LMR,6,1,5,5,4,-15413,0,0,0,0,0,-195,-194,-202,-269,-162,-179,1,6,-445,0,0
LMR,6,1,5,6,2,-6253,0,1,0,0,0,194,195,180,203,269,181,1,11,-600,0,0
LMR,6,1,5,5,5,-13311,0,1,0,0,0,194,195,183,203,236,229,1,2,-357,0,0
LMR,3,1,2,2,2,-5281,0,1,0,0,0,174,175,174,136,202,209,3,3,-1338,0,0
LMR,4,1,3,3,2,-3078,0,0,0,0,0,-175,-174,-224,-136,-174,-200,5,9,-1338,0,0
LMR,3,1,2,3,3,5481,0,1,0,0,0,173,174,146,133,233,203,2,3,-115,0,0
LMR,4,1,3,3,2,-3001,0,1,0,0,0,186,187,185,321,209,187,3,9,8192,0,1
LMR,4,1,3,3,3,16740,0,1,0,0,0,194,195,189,204,226,195,2,6,4962,0,0
LMR,8,3,7,7,4,-13379,0,0,0,0,0,-195,-194,-208,-213,-194,-194,7,20,1207,0,0
LMR,4,1,3,3,3,-10517,0,1,0,0,0,-195,-194,-199,-178,-177,-194,1,5,-1338,0,0
LMR,5,1,4,5,2,3204,0,1,0,0,0,-195,-194,-291,-252,-194,-194,4,17,-1338,0,0
LMR,4,1,3,2,2,5844,0,1,0,0,0,-195,-194,-201,-185,-194,-194,1,1,1165,0,0
LMR,4,1,3,3,6,-10099,0,1,0,0,0,-195,-194,-202,-189,-189,-190,2,3,-1338,0,0
LMR,3,1,2,2,8,-5532,0,0,0,0,0,-195,-194,-212,-223,-177,-180,2,3,-1560,0,0
LMR,5,1,4,3,5,1007,0,1,0,0,0,194,195,190,223,196,183,5,18,-2056,0,0
LMR,7,1,6,6,2,12009,0,1,0,0,0,194,195,182,222,195,194,3,36,4005,0,0
LMR,11,4,10,9,7,-4922,0,1,0,0,1,194,195,194,233,195,194,6,67,-415,0,0
LMR,3,1,2,2,3,-1279,0,1,0,0,0,-195,-194,-244,-243,-194,-194,7,5,-1338,0,0
LMR,6,1,5,6,2,-9383,0,1,0,0,0,-195,-194,-848,-39,-194,-194,7,41,-1338,0,0
LMR,9,1,8,9,4,-8303,0,1,0,0,0,-195,-194,-200,38,-140,-180,3,26,-750,0,0
LMR,4,1,3,3,2,20017,0,1,0,0,0,-180,-179,-194,-319,-179,-179,5,7,1435,0,1
LMR,4,1,3,4,2,7940,0,1,1,1,0,-128,-127,-374,-263,-30,-47,2,2,0,0,1
LMR,3,1,2,3,2,841,0,0,0,0,0,194,195,101,21,221,195,4,4,-1338,0,0
LMR,4,1,3,3,2,13851,0,1,0,0,0,-195,-194,-195,-185,-153,-153,2,3,1424,0,0
LMR,4,1,3,3,3,1413,0,1,0,0,0,-195,-194,-245,-54,-193,-193,2,2,-1338,0,0
LMR,5,1,4,5,2,8587,0,1,0,0,0,-195,-194,-317,-40,-167,-193,1,12,-1338,0,0
LMR,6,1,5,6,2,12014,0,1,0,0,0,-195,-194,-219,14,-127,-193,1,19,-1622,0,0
LMR,3,1,2,2,3,6690,0,1,0,0,0,-201,-200,-203,-180,-193,-196,2,4,-141,0,0
LMR,7,1,6,5,24,-16769,0,0,0,0,0,-195,-194,-195,-204,-190,-202,2,8,-1338,0,0
LMR,8,1,7,7,4,-3063,0,1,0,0,0,194,195,194,211,204,195,3,41,-174,0,0
LMR,5,1,4,5,2,20309,0,1,0,0,0,194,195,138,211,211,211,2,4,3367,0,0
LMR,10,3,9,9,7,-8843,0,0,1,0,0,-195,-194,-195,-197,-183,-131,6,13,0,0,0
LMR,14,8,13,12,6,4826,0,1,0,0,1,194,195,194,186,195,188,49,149,-4600,0,0
LMR,4,1,3,3,4,-2114,0,1,0,0,0,-187,-186,-199,-164,-186,-170,2,8,-1338,0,0
LMR,5,2,4,5,3,4904,0,0,0,0,0,186,187,173,176,267,205,1,5,1369,0,0
LMR,6,1,5,5,3,-5576,0,1,0,0,0,-187,-186,-193,-180,-176,-202,1,23,-2194,0,0
LMR,4,1,3,2,2,12680,0,1,0,0,0,-187,-186,-188,-157,-186,-186,3,3,-1049,0,0
LMR,4,2,3,3,2,6655,0,0,0,0,0,186,187,173,184,212,212,2,4,-1338,0,0
LMR,5,1,4,4,2,12212,0,1,0,0,0,-187,-186,-207,-189,-186,-179,6,12,-1872,0,0
LMR,8,5,7,7,3,9655,0,0,0,0,0,186,187,186,157,195,195,5,6,1760,0,0
LMR,9,1,8,8,21,-16809,0,1,0,0,0,-187,-186,-189,-182,-144,-155,1,12,-1589,0,0
LMR,3,1,2,3,3,20146,0,1,0,0,0,-187,-186,-236,-126,-139,-147,2,4,-691,0,0
LMR,6,1,5,6,3,9367,0,1,0,0,0,-187,-186,-230,-67,-175,-186,3,26,7597,0,0
LMR,6,1,5,5,2,-2637,0,1,0,0,0,-187,-186,-196,-130,-165,-151,5,12,-261,0,0
LMR,6,1,5,5,3,-6191,0,1,0,0,0,-187,-186,-198,-158,-186,-184,4,11,-1338,0,0
LMR,5,3,4,4,2,3729,0,0,0,0,0,186,187,145,145,194,194,5,5,1652,0,0
LMR,8,1,7,7,2,6251,0,1,0,0,0,-187,-186,-192,-124,-177,-194,3,10,-2676,0,0
LMR,11,5,10,10,2,5608,0,1,0,0,0,-187,-186,-190,-148,-167,-170,10,31,1011,0,0
LMR,6,1,5,5,3,-415,0,1,0,0,0,186,187,186,305,215,192,2,12,437,0,0
LMR,3,1,2,2,2,3988,0,1,0,0,0,186,187,184,367,208,204,4,4,1047,0,0
LMR,4,1,3,3,2,7879,0,1,0,0,0,194,195,177,247,197,182,3,5,-1338,0,0
LMR,6,1,5,5,2,2900,0,1,0,0,0,194,195,194,251,213,185,2,14,-1338,0,0
LMR,6,1,5,5,3,-4823,0,1,0,0,0,194,195,194,251,212,221,2,8,-1338,0,0
LMR,3,1,2,2,3,-11649,0,1,0,0,0,201,202,198,280,214,215,2,4,391,0,1
LMR,6,1,5,5,2,-9750,0,1,0,0,0,194,195,194,230,222,195,3,13,-1338,0,0
LMR,9,1,8,8,10,-11142,0,1,0,0,0,194,195,194,231,210,195,1,31,-1404,0,0
LMR,5,2,4,3,3,1747,0,0,0,0,0,-195,-194,-195,-190,-194,-194,1,2,-1338,0,0
LMR,8,1,7,6,2,11608,0,1,0,0,0,194,195,194,233,195,210,7,20,-1338,0,0
LMR,5,1,4,4,2,19905,0,1,0,0,0,194,195,193,355,234,195,1,4,169,0,0
LMR,5,1,4,5,2,15704,0,1,0,0,0,174,175,-52,222,223,223,3,7,3214,0,1
LMR,3,1,2,2,2,7105,0,0,1,0,0,-173,-172,-195,-160,-163,-164,2,5,0,0,0
LMR,6,1,5,5,5,12289,0,1,0,0,0,172,173,166,176,216,210,3,12,-4600,0,1
LMR,7,2,6,5,2,13372,0,1,0,0,0,194,195,194,253,195,204,7,14,7429,0,0
LMR,4,1,3,3,2,12961,0,1,0,0,0,182,183,172,260,203,183,2,8,-2293,0,1
LMR,5,1,4,5,2,26775,0,1,0,0,0,194,195,178,285,244,244,3,5,2007,0,0
LMR,5,1,4,4,3,20024,0,1,0,0,0,194,195,175,269,195,195,3,5,-1338,0,0
LMR,3,1,2,2,2,15350,0,1,0,0,0,194,195,191,278,213,254,1,3,-1334,0,0
LMR,6,1,5,5,2,6245,0,1,0,0,0,173,174,159,226,186,200,4,13,4512,0,1
LMR,5,1,4,5,3,-782,0,1,0,0,0,185,186,180,306,270,255,3,4,-1338,0,1
LMR,3,1,2,3,2,3957,0,1,0,0,0,206,207,126,288,232,206,2,6,-1338,0,0
LMR,3,1,2,2,3,-1594,0,1,0,0,0,206,207,206,288,238,233,1,3,-1323,0,0
LMR,5,1,4,4,2,3934,0,1,0,0,0,206,207,197,257,230,226,2,5,-1338,0,0
LMR,3,1,2,3,2,-749,0,1,0,0,0,263,264,111,366,305,264,1,6,-1338,0,1
LMR,3,1,2,3,2,-734,0,1,0,0,0,225,226,179,317,309,294,1,1,-1160,0,1
LMR,3,1,2,3,6,5111,0,1,0,0,0,206,207,148,233,236,231,3,3,-1338,0,0
LMR,3,1,2,2,5,-5781,0,1,0,0,0,188,189,187,187,205,208,2,4,6146,0,0
LMR,3,1,2,3,2,-8436,0,0,0,0,0,-189,-188,-258,-219,-187,-203,7,11,3336,0,0
LMR,4,1,3,3,3,-1773,0,1,0,0,0,188,189,186,322,211,189,2,22,5503,0,1
LMR,3,1,2,3,2,51,0,1,0,0,0,178,179,-232,312,207,197,2,4,-5104,0,1
LMR,3,1,2,2,2,-2826,0,1,0,0,0,198,199,196,269,235,239,4,3,-1809,0,1
LMR,3,1,2,2,3,6518,0,1,0,0,0,193,194,193,328,222,222,1,1,-1338,0,1
LMR,4,1,3,4,2,31504,0,1,0,0,0,206,207,206,244,261,207,1,6,-1338,0,0
LMR,4,1,3,3,2,28104,0,1,0,0,0,206,207,206,315,249,207,2,11,844,0,0
LMR,5,3,4,4,2,37438,0,1,0,0,0,174,175,167,233,206,215,6,6,-2304,0,1
LMR,4,2,3,4,2,39403,0,1,0,0,0,176,177,-50,262,226,226,3,4,3351,0,1
LMR,3,1,2,2,2,14045,0,1,0,0,0,209,210,191,279,227,214,1,7,-577,0,1
LMR,3,1,2,2,2,20068,0,1,0,0,0,179,180,171,220,221,221,2,1,-1493,0,1
LMR,3,1,2,2,4,-9575,0,1,0,0,0,-205,-204,-218,-152,-197,-199,3,7,-1080,0,0
LMR,5,1,4,4,2,1736,0,1,0,0,0,-205,-204,-210,-80,-182,-200,2,19,1055,0,0
LMR,4,1,3,3,2,45,0,1,0,0,0,-222,-221,-224,-170,-199,-215,2,8,-1588,0,0
LMR,3,1,2,2,2,4404,0,1,0,0,0,-222,-221,-236,-222,-197,-197,2,4,-82,0,0
LMR,4,1,3,4,2,-6569,0,1,0,0,0,-208,-207,-343,-170,-181,-181,1,15,-2893,0,0
LMR,5,1,4,4,2,6080,0,1,0,0,0,-209,-208,-216,-164,-203,-208,2,9,4276,0,0
LMR,5,1,4,4,2,3245,0,1,0,0,0,-209,-208,-210,-172,-199,-199,2,7,1977,0,0
LMR,5,1,4,5,5,-12112,0,0,0,0,0,208,209,199,316,401,287,1,4,-1338,0,0
LMR,9,4,8,8,7,-5994,0,0,0,0,0,208,209,208,190,240,209,12,36,-1445,0,0
LMR,7,1,6,6,6,-8181,0,1,0,0,0,-209,-208,-209,-142,-199,-210,2,13,-1552,0,0
LMR,8,6,7,7,2,12240,0,0,0,0,0,208,209,196,137,209,209,127,0,1190,0,0
LMR,6,1,5,5,5,-6389,0,1,0,0,0,-209,-208,-211,-153,-203,-209,3,11,-1338,0,0
LMR,3,1,2,2,2,8782,0,1,0,0,0,-209,-208,-222,-202,-171,-193,2,3,-1338,0,0
LMR,6,1,5,4,25,-13503,0,1,0,0,0,-209,-208,-209,-153,-205,-196,2,13,-1338,0,0
LMR,9,1,8,8,3,-6216,0,1,0,0,0,-209,-208,-209,-86,-184,-201,2,60,-1552,0,0
LMR,6,1,5,6,2,-1345,0,1,0,0,0,-209,-208,-281,-54,-183,-205,2,14,1335,0,0
LMR,3,1,2,2,3,7849,0,0,0,0,0,208,209,184,166,219,219,3,2,-1338,0,0
LMR,3,1,2,3,4,-4177,0,1,0,0,0,-209,-208,-209,-126,-147,-208,1,6,1861,0,0
LMR,5,1,4,4,3,7840,0,0,0,0,0,208,209,208,170,249,242,2,3,-845,0,0
LMR,6,1,5,5,2,-3277,0,1,0,0,0,-209,-208,-216,-16,-208,-236,2,22,1898,0,0
LMR,6,1,5,6,4,-3994,0,1,0,0,0,-209,-208,-209,-16,-127,-208,1,14,1931,0,0
LMR,6,1,5,5,3,-9179,0,1,0,0,0,-209,-208,-225,-99,-208,-209,4,11,-1240,0,0
LMR,6,1,5,4,10,-13592,0,1,0,0,0,-209,-208,-209,-99,-207,-209,2,18,-1338,0,0
LMR,6,1,5,4,29,-15246,0,1,0,0,0,-209,-208,-209,-99,-202,-208,2,11,-1871,0,0
LMR,3,1,2,3,3,-8876,0,1,0,0,0,200,201,131,278,201,212,2,9,-639,0,1
LMR,4,1,3,3,2,10013,0,1,0,0,0,-209,-208,-226,-196,-208,-205,3,7,-3571,0,0
LMR,3,1,2,3,2,-10785,0,1,0,0,0,190,191,-355,408,237,226,2,5,-2268,0,1
LMR,6,1,5,5,2,14025,0,1,0,0,0,207,208,207,191,257,257,3,5,5978,0,0
LMR,6,1,5,6,2,7088,0,1,0,0,0,-209,-208,-531,-83,-152,-152,3,5,-1127,0,0
LMR,4,1,3,3,4,-2845,0,1,0,0,0,-208,-207,-210,-153,-172,-178,2,3,478,0,0
LMR,3,1,2,3,2,7015,0,1,1,0,0,-68,-67,-381,-101,-54,-56,2,4,0,0,1
LMR,5,1,4,4,2,13451,0,1,0,0,0,-208,-207,-245,-157,-207,-169,8,17,2520,0,0
LMR,3,1,2,2,2,15164,0,1,0,0,0,-208,-207,-238,-145,-207,-207,7,9,4276,0,0
LMR,7,1,6,6,2,2550,0,1,1,0,0,-208,-207,-217,-127,-185,-207,2,51,0,0,0
LMR,4,1,3,3,3,-14501,0,1,0,0,0,-139,-138,-154,-122,-133,-138,5,11,2504,0,1
LMR,3,1,2,2,3,828,0,0,0,0,0,193,194,193,163,220,215,3,3,-23,0,0
LMR,4,1,3,3,3,4957,0,1,0,0,0,-194,-193,-209,-197,-193,-194,3,8,-1276,0,0
LMR,4,1,3,4,2,17048,0,1,0,0,0,210,211,53,305,252,238,2,5,-5127,0,1
LMR,3,1,2,2,2,5121,0,0,0,0,0,-233,-232,-278,-288,-232,-232,7,4,2614,0,0
LMR,3,1,2,3,2,13680,0,1,0,0,0,232,233,186,258,288,232,1,13,5021,0,1
LMR,6,1,5,5,9,-8714,0,1,0,0,0,222,223,222,332,232,239,7,13,-3972,0,0
LMR,3,1,2,3,2,9616,0,1,0,0,0,243,244,154,201,253,252,2,2,1225,0,1
LMR,4,1,3,4,2,39559,0,1,0,0,0,176,177,-50,267,236,226,2,4,3301,0,1
LMR,4,1,3,3,2,26616,0,1,0,0,0,198,199,197,235,226,221,1,3,-2135,0,1
LMR,9,5,8,8,2,40160,0,1,0,0,0,222,223,210,223,247,237,6,16,-1715,0,0
LMR,4,1,3,4,2,-3724,0,0,0,0,0,-223,-222,-231,-297,-162,-221,1,3,-1626,0,0
LMR,5,1,4,4,2,-8750,0,1,0,0,0,222,223,221,278,232,232,5,7,-357,0,0
LMR,3,1,2,2,3,5922,0,1,0,0,0,-223,-222,-223,-180,-206,-223,2,24,2471,0,0
LMR,7,3,6,5,4,-45,0,1,0,0,1,222,223,222,231,223,223,31,23,4036,0,0
LMR,4,1,3,4,2,5256,0,1,0,0,0,187,188,184,343,271,255,2,0,3872,0,1
LMR,7,2,6,5,6,-13994,0,0,0,0,0,-251,-250,-251,-213,-245,-266,4,3,-1338,0,0
LMR,7,1,6,6,9,-15021,0,0,0,0,0,-251,-250,-251,-213,-235,-299,3,5,-1338,0,0
LMR,7,1,6,6,10,-17058,0,0,0,0,0,-251,-250,-251,-213,-238,-301,3,9,-1338,0,0
LMR,7,1,6,5,13,-15850,0,0,0,0,0,-251,-250,-251,-213,-250,-244,8,18,-2154,0,0
LMR,6,1,5,5,2,6896,0,1,0,0,0,-224,-223,-224,-31,-195,-209,2,7,1595,0,0
LMR,4,1,3,4,2,2596,0,0,0,0,0,223,224,188,164,247,243,9,9,4301,0,0
LMR,5,1,4,4,2,12439,0,1,1,0,0,-224,-223,-239,-177,-223,-223,5,8,0,0,0
LMR,4,1,3,4,4,-10948,0,1,0,0,0,-224,-223,-258,-197,-189,-202,1,7,-1338,0,0
LMR,4,1,3,4,2,5765,0,1,0,0,0,-224,-223,-325,-138,-163,-199,2,4,-977,0,0
LMR,7,1,6,6,8,-1906,0,0,1,0,0,223,224,223,203,256,256,1,5,0,0,0
LMR,8,1,7,7,24,-12698,0,1,0,0,0,-224,-223,-224,-103,-211,-252,4,44,-1338,0,0
LMR,3,1,2,2,2,-236,0,1,0,0,0,223,224,223,240,234,234,1,1,-1338,0,0
LMR,3,1,2,3,2,14699,0,1,0,0,0,208,209,166,297,307,290,1,2,3777,0,1
LMR,5,1,4,4,20,-8055,0,0,0,0,0,-251,-250,-259,-239,-243,-245,2,8,-1338,0,0
LMR,9,6,8,9,2,4337,0,0,0,0,0,-251,-250,-2111,-282,-245,-251,30,69,-1338,0,0
LMR,9,3,8,8,23,-4922,0,0,0,0,0,-251,-250,-251,-282,-237,-251,3,18,-680,0,0
LMR,5,1,4,5,4,-4942,0,1,0,0,0,-224,-223,-238,-175,-178,-178,2,6,2026,0,0
LMR,4,1,3,3,2,16316,0,1,0,0,0,250,251,250,282,272,263,1,3,3259,0,0
LMR,5,2,4,3,10,-6691,0,0,0,0,1,-251,-250,-251,-244,-250,-250,7,8,448,0,0
LMR,4,1,3,4,8,-78,0,1,1,0,0,250,251,250,251,379,348,1,5,0,0,0
LMR,4,1,3,4,2,2822,0,1,1,0,0,250,251,226,369,552,325,1,1,0,0,0
LMR,3,1,2,2,2,8332,0,1,0,0,0,222,223,213,324,250,250,1,1,944,0,1
LMR,3,1,2,2,2,5422,0,1,0,0,0,250,251,250,286,262,286,1,4,4855,0,0
LMR,4,1,3,3,3,11635,0,1,0,0,0,-251,-250,-251,-245,-231,-234,2,5,2160,0,0
LMR,12,1,11,10,34,-17285,0,0,0,0,0,-251,-250,-251,-292,-248,-250,3,41,-2742,0,0
LMR,4,1,3,4,8,-4186,0,0,0,0,0,-251,-250,-285,-285,-209,-220,1,8,-1338,0,0
LMR,5,1,4,4,3,10404,0,1,0,0,0,250,251,238,224,285,226,5,15,-1338,0,0
LMR,5,1,4,5,3,17940,0,1,0,0,0,250,251,208,234,288,277,3,8,-2343,0,0
LMR,7,3,6,6,3,-4558,0,0,0,0,0,-251,-250,-272,-218,-244,-244,4,6,-1338,0,0
LMR,10,4,9,9,6,-6135,0,0,0,0,1,-251,-250,-251,-287,-238,-244,36,46,-1338,0,0
LMR,11,3,10,10,32,-16721,0,1,0,0,1,250,251,250,297,269,244,5,116,-1338,0,0
LMR,6,1,5,6,4,-10902,0,0,0,0,0,223,224,215,205,278,247,2,6,808,0,0
LMR,7,1,6,6,3,289,0,1,0,0,0,-224,-223,-230,-186,-216,-243,1,20,-566,0,0
LMR,7,1,6,6,5,-2668,0,1,0,0,0,-224,-223,-230,-186,-208,-224,2,24,-1191,0,0
LMR,3,1,2,2,3,7618,0,1,0,0,0,-229,-228,-229,-256,-220,-227,2,3,-454,0,0
LMR,4,2,3,4,2,8041,0,0,0,0,0,228,229,227,253,292,281,1,4,5489,0,0
LMR,4,1,3,3,5,-4593,0,0,0,0,0,228,229,201,189,243,241,3,5,-1338,0,0
LMR,5,1,4,4,3,2050,0,1,0,0,0,-229,-228,-233,-194,-201,-238,3,13,5685,0,0
LMR,5,1,4,4,4,-11273,0,1,0,0,0,-229,-228,-233,-194,-207,-207,2,5,-347,0,0
LMR,7,1,6,7,2,-2034,0,1,0,0,0,-229,-228,-270,-217,-213,-212,2,36,3792,0,0
LMR,5,1,4,4,3,-1397,0,1,0,0,0,227,228,208,212,251,247,3,6,-2936,0,0
LMR,5,3,4,4,2,7015,0,1,1,0,1,173,174,126,221,174,174,13,11,0,1,1
LMR,4,1,3,3,2,-2003,0,0,0,0,0,-228,-227,-243,-230,-222,-223,2,4,-2617,0,0
LMR,6,1,5,4,16,-10124,0,1,0,0,1,227,228,227,227,228,228,5,11,-3443,0,0
LMR,7,5,6,6,4,-1634,0,0,0,0,1,-228,-227,-244,-241,-227,-228,28,43,-2219,0,0
LMR,9,4,8,8,2,19052,0,1,0,0,0,227,228,220,255,241,228,9,29,3715,0,0
LMR,8,2,7,7,2,7424,0,1,0,0,0,227,228,223,244,251,248,5,21,5929,0,0
LMR,3,1,2,2,3,12719,0,1,0,0,0,212,213,199,216,249,243,2,1,-2742,0,0
LMR,5,1,4,4,2,7613,0,1,0,0,0,227,228,181,356,228,276,5,10,-1136,0,0
LMR,5,1,4,4,2,11016,0,1,0,0,0,227,228,215,323,228,228,4,17,2940,0,0
LMR,5,1,4,3,2,25900,0,1,0,0,0,227,228,225,282,228,254,4,7,2869,0,0
LMR,5,1,4,4,7,-9059,0,1,0,0,0,-205,-204,-210,-167,-190,-185,4,0,-563,0,1
LMR,5,1,4,4,4,-4199,0,1,0,0,0,-205,-204,-205,-188,-189,-185,4,0,-2709,0,1
LMR,3,1,2,2,3,-7917,0,1,0,0,0,233,234,231,258,252,255,5,4,1612,0,0
LMR,3,1,2,3,5,-4111,0,1,0,0,0,-24,-23,-1125,91,-5,-26,1,2,-1338,0,1
LMR,5,1,4,5,12,-13161,0,1,0,0,0,-52,-51,-60,43,38,-27,1,20,-1338,0,0
LMR,6,1,5,6,6,-9647,0,1,0,0,0,-52,-51,-70,39,-10,-44,1,56,-1338,0,0
LMR,8,1,7,8,3,-5446,0,1,0,0,0,-52,-51,-275,133,-14,-51,3,94,-1338,0,0
LMR,4,1,3,2,17,-10285,0,1,0,0,0,-52,-51,-52,-18,-48,-55,2,5,-1338,0,0
LMR,4,1,3,2,2,17032,0,1,0,0,0,-222,-221,-226,-207,-221,-221,9,4,-1338,0,0
LMR,5,1,4,5,3,-6864,0,1,0,0,0,-229,-228,-316,-135,-147,-201,1,14,-1338,0,0
LMR,5,1,4,5,3,-8819,0,1,0,0,0,-229,-228,-260,-215,-203,-203,3,9,-1338,0,0
LMR,9,2,8,9,2,1449,0,1,0,0,0,-229,-228,-263,15,-112,-207,2,50,-2194,0,0
LMR,5,1,4,4,2,8146,0,1,0,0,0,-229,-228,-249,-143,-228,-224,3,36,-1338,0,0
LMR,3,1,2,3,2,6018,0,1,1,0,0,198,199,74,204,315,294,2,4,0,0,0
LMR,4,2,3,4,2,8997,0,0,1,0,0,228,229,162,111,229,229,5,4,0,0,0
LMR,12,7,11,10,5,-5312,0,0,0,0,1,228,229,228,179,229,229,37,22,-1338,0,0
LMR,15,10,14,13,2,-262,0,0,0,0,0,228,229,228,140,229,229,176,21,408,0,0
LMR,11,2,10,11,2,-11428,0,1,0,0,0,-229,-228,-286,-136,-206,-222,1,30,-1338,0,0
LMR,5,1,4,5,2,-2358,0,1,0,0,0,-229,-228,-272,-128,-124,-142,1,4,-1338,0,0
LMR,6,1,5,6,2,11065,0,1,0,0,0,228,229,175,339,271,243,2,5,-1338,0,0
LMR,12,8,11,10,3,8187,0,0,0,0,1,228,229,222,174,229,229,50,35,-1730,0,0
LMR,14,10,13,12,2,1872,0,1,0,0,1,-229,-228,-229,-154,-228,-229,47,197,-1574,0,0
LMR,7,1,6,7,2,16057,0,1,0,0,0,228,229,228,383,284,239,1,11,-191,0,0
LMR,4,1,3,3,4,1043,0,0,0,0,0,-229,-228,-241,-288,-227,-227,1,3,-1590,0,0
LMR,5,1,4,3,2,-4442,0,1,0,0,0,228,229,223,305,229,229,3,9,-1338,0,0
LMR,6,1,5,4,5,-9167,0,0,0,0,0,-229,-228,-229,-261,-228,-228,2,4,-2328,0,0
LMR,7,1,6,6,2,13983,0,1,0,0,0,228,229,227,332,261,228,1,26,836,0,0
LMR,7,1,6,6,11,-10828,0,1,0,0,0,228,229,228,332,237,226,1,16,-1338,0,0
LMR,8,1,7,6,2,8552,0,1,0,0,0,-229,-228,-232,-213,-228,-206,4,6,-1338,0,0
LMR,7,2,6,5,2,17743,0,1,0,0,0,-229,-228,-229,-220,-228,-228,9,16,749,0,0
LMR,6,1,5,4,2,20040,0,1,0,0,0,-229,-228,-231,-199,-228,-202,4,8,4210,0,0
LMR,14,8,13,12,4,2029,0,1,0,0,1,-229,-228,-229,-154,-228,-228,87,319,-4222,0,0
LMR,3,1,2,2,3,23522,0,1,0,0,0,-189,-188,-213,-183,-166,-170,2,4,-6,0,0
LMR,4,1,3,4,2,-8868,0,1,0,0,0,-189,-188,-242,-133,-184,-188,1,22,6401,0,1
LMR,3,1,2,2,2,4008,0,1,0,0,0,-176,-175,-176,-93,-132,-140,2,1,2503,0,1
LMR,3,1,2,2,4,7773,0,1,0,0,0,-126,-125,-126,-96,-96,-101,2,3,-96,0,1
LMR,6,1,5,6,2,16445,0,1,0,0,0,-229,-228,-269,-77,-181,-181,2,9,-1338,0,0
LMR,3,1,2,2,2,-5782,0,1,0,0,0,-165,-164,-170,-190,-152,-152,2,2,5015,0,1
LMR,5,1,4,5,2,6829,0,1,0,0,0,-229,-228,-310,-93,-173,-224,1,8,-97,0,0
LMR,5,1,4,4,2,10531,0,1,0,0,0,-229,-228,-229,-127,-196,-213,1,8,-754,0,0
LMR,5,1,4,4,6,-9090,0,1,0,0,0,-229,-228,-236,-151,-192,-198,1,4,-1338,0,0
LMR,3,1,2,2,3,-5200,0,1,0,0,0,-160,-159,-177,-56,-154,-159,2,8,2286,0,1
LMR,3,1,2,2,3,-599,0,1,0,0,0,-201,-200,-202,-204,-191,-192,3,1,-2173,0,0
LMR,4,1,3,3,3,14592,0,1,0,0,0,-201,-200,-201,-203,-187,-190,3,3,-1338,0,0
LMR,3,1,2,3,2,27054,0,1,0,0,0,-229,-228,-329,-178,-152,-208,6,6,-1338,0,0
LMR,5,1,4,4,13,-9093,0,1,0,0,0,-188,-187,-218,-115,-170,-169,3,11,-2455,0,1
LMR,4,1,3,4,2,8657,0,1,1,0,0,-70,-69,-382,-91,-58,-60,2,10,0,0,1
LMR,9,7,8,8,2,-9363,0,0,0,0,1,-228,-227,-249,-238,-227,-268,17,12,3373,0,0
LMR,9,5,8,8,3,-11515,0,0,0,0,1,-228,-227,-249,-238,-209,-207,33,17,2223,0,0
LMR,6,2,5,5,2,-4499,0,1,0,0,1,227,228,197,273,228,227,9,11,3660,0,0
LMR,12,8,11,10,2,6097,0,1,0,0,1,227,228,225,212,228,227,57,130,-2129,0,0
LMR,3,1,2,3,4,-1341,0,1,0,0,0,-251,-250,-304,-263,-245,-246,1,3,6146,0,0
LMR,5,1,4,5,2,-5647,0,1,0,0,0,-224,-223,-382,-16,-223,-203,4,12,14,0,0
LMR,3,1,2,3,4,934,0,1,0,0,0,-142,-141,-191,-148,-47,-135,4,8,-29,0,1
LMR,9,1,8,9,5,7208,0,1,0,0,0,-224,-223,-272,-14,-11,-209,1,9,-1338,0,0
LMR,4,1,3,4,2,-5925,0,1,0,0,0,-224,-223,-370,124,-126,-143,4,3,-1338,1,0
LMR,4,1,3,4,14,-21613,0,0,0,1,0,223,224,199,-84,636,159,3,9,-1338,0,0
LMR,5,1,4,5,13,-4749,0,0,0,0,0,-224,-223,-250,-354,-179,-187,6,7,-1338,0,0
LMR,6,1,5,6,4,-525,0,1,1,0,0,-224,-223,-225,-52,-167,-208,2,9,0,0,0
LMR,6,1,5,6,8,-10763,0,1,0,0,0,-224,-223,-256,-256,-188,-188,5,9,-1338,0,0
LMR,7,3,6,7,7,-289,0,0,1,0,0,223,224,178,199,256,193,12,21,0,0,0
LMR,9,4,8,8,8,745,0,0,1,0,1,223,224,201,170,252,252,24,16,0,0,0
LMR,9,1,8,9,6,-10728,0,1,0,0,1,-224,-223,-350,-316,-218,-249,11,111,-1338,0,0
LMR,11,4,10,10,12,-14733,0,0,0,0,1,223,224,210,201,259,249,9,130,-1338,0,0
LMR,11,5,10,11,2,7974,0,1,0,0,1,-224,-223,-262,-224,-201,-246,34,204,4298,0,0
LMR,6,1,5,5,13,-2381,0,1,1,0,0,-224,-223,-239,-173,-189,-212,6,4,0,0,0
LMR,11,3,10,10,3,-10148,0,1,0,0,1,-224,-223,-246,-224,-223,-214,7,89,-824,0,0
LMR,14,5,13,12,26,-17066,0,0,0,0,1,223,224,221,137,224,214,22,347,-1338,0,0
LMR,5,1,4,5,2,9346,0,1,0,0,0,-63,-62,-126,-171,-57,-57,2,7,-1338,0,1
LMR,6,1,5,6,2,-3997,0,1,0,0,0,-224,-223,-1240,-86,-180,-181,2,14,3312,0,0
LMR,4,1,3,3,2,2761,0,1,0,0,0,229,230,229,246,244,241,2,3,6408,0,0
LMR,5,1,4,5,11,-74,0,1,1,0,0,250,251,250,176,349,331,1,1,0,0,0
LMR,3,1,2,3,2,7977,0,0,0,0,0,-251,-250,-325,-521,-216,-237,5,7,416,0,0
LMR,5,1,4,3,6,-3793,0,1,0,0,0,250,251,250,352,257,240,3,14,-1068,0,0
LMR,4,1,3,2,2,-5706,0,1,0,0,0,-186,-185,-186,-194,-185,-185,12,5,2819,0,0
LMR,7,2,6,7,3,-15608,0,0,0,0,0,-240,-239,-334,-296,-203,-223,6,13,-1338,0,0
LMR,5,1,4,3,2,9224,0,1,1,0,0,-186,-185,-186,-185,-185,-185,4,6,0,0,0
LMR,6,2,5,4,2,6062,0,0,0,0,0,185,186,185,-14,186,186,14,7,-1338,0,0
LMR,6,1,5,6,2,497,0,1,0,0,0,-186,-185,-337,-60,-185,-186,4,41,4297,0,0
LMR,5,1,4,5,6,-6996,0,0,0,0,0,185,186,71,93,186,186,19,10,-1338,0,0
LMR,6,1,5,5,13,-15690,0,1,0,0,0,-186,-185,-186,-60,-161,-186,10,35,-1338,0,0
LMR,9,7,8,9,2,8454,0,0,0,0,0,185,186,-228,-62,186,186,116,19,4292,0,0
LMR,3,1,2,3,2,-3541,0,1,0,0,1,-227,-226,-291,-245,-222,-207,1,4,3928,0,1
LMR,3,1,2,2,7,-10007,0,1,0,0,0,-187,-186,-187,-82,-170,-186,2,4,794,0,0
LMR,5,1,4,4,2,3855,0,1,0,0,0,-187,-186,-193,-46,-141,-186,2,22,4259,0,0
LMR,3,1,2,3,12,-3363,0,1,0,0,0,-217,-216,-269,-13,-212,-200,4,13,-1338,0,1
LMR,3,1,2,3,2,-7032,0,1,0,0,1,-237,-236,-351,-206,-236,-237,3,8,29,0,1
LMR,4,1,3,2,3,-1676,0,1,0,0,0,-187,-186,-187,-125,-186,-186,3,5,4324,0,0
LMR,6,1,5,4,9,-15254,0,1,0,0,0,-187,-186,-187,-187,-186,-219,4,9,-1338,0,0
LMR,8,5,7,7,2,1921,0,0,0,0,0,186,187,158,92,187,187,27,30,4716,0,0
LMR,4,1,3,2,5,489,0,1,0,0,0,-187,-186,-187,-124,-183,-172,4,4,-2394,0,0
LMR,4,1,3,4,4,-2495,0,1,0,0,0,-187,-186,-187,-203,-102,-186,1,26,-2169,0,0
LMR,5,1,4,4,7,-11217,0,0,0,0,0,186,187,174,149,203,186,5,37,3694,0,0
LMR,6,1,5,5,3,-5661,0,1,0,0,0,-187,-186,-200,-151,-185,-186,4,81,-1719,0,0
LMR,8,1,7,6,23,-8833,0,0,0,0,0,186,187,186,170,190,189,2,7,1699,0,0
LMR,9,1,8,8,2,-12258,0,1,0,0,0,-187,-186,-187,-23,-170,-188,2,132,3381,0,0
LMR,9,1,8,7,3,-12434,0,1,0,0,0,-187,-186,-187,-23,-186,-173,5,20,4244,0,0
LMR,3,1,2,2,2,-1131,0,1,0,0,0,-213,-212,-233,-235,-183,-183,4,1,1308,0,1
LMR,7,1,6,7,2,16950,0,1,0,0,0,-187,-186,-251,-206,-186,-186,1,8,1425,0,0
LMR,4,1,3,4,2,3109,0,1,0,0,0,-187,-186,-279,-152,-151,-186,2,9,-1338,0,0
LMR,4,1,3,4,3,-5266,0,1,0,0,0,-232,-231,-242,-73,-159,-211,1,3,522,0,1
LMR,7,1,6,7,2,6693,0,1,0,0,0,-187,-186,-247,-92,28,-157,1,4,-813,0,0
LMR,3,1,2,2,4,-7472,0,1,0,0,1,-220,-219,-226,-203,-214,-213,2,4,1948,0,1
LMR,4,1,3,4,7,-5406,0,1,0,0,0,-187,-186,-197,-153,-84,-143,1,2,-1338,0,0
LMR,5,1,4,5,2,-3457,0,1,1,0,0,-187,-186,-297,-83,-171,-170,2,34,0,0,0
LMR,7,1,6,7,8,-11938,0,1,0,0,0,-187,-186,-189,-75,-116,-94,4,10,-1338,0,0
LMR,3,1,2,2,2,8789,0,1,0,0,0,-47,-46,-57,-72,-28,-31,1,1,-404,0,1
LMR,3,1,2,3,3,1251,0,1,0,0,0,-219,-218,-295,-312,-136,-151,2,2,3372,0,0
LMR,3,1,2,3,3,3634,0,0,0,0,0,218,219,199,89,312,167,2,7,-1306,0,0
LMR,3,1,2,3,2,16425,0,1,0,0,0,-219,-218,-244,-201,-89,-211,1,13,2085,0,1
LMR,3,1,2,3,2,15224,0,1,0,0,0,-214,-213,-276,-121,-172,-180,4,6,6142,0,1
LMR,8,4,7,8,2,-5360,0,0,0,0,0,186,187,-1334,178,195,193,6,20,-1338,0,0
LMR,5,1,4,4,3,-787,0,1,0,0,0,-187,-186,-193,-150,-150,-148,4,7,-622,0,0
LMR,9,1,8,8,13,-16594,0,1,0,0,0,-187,-186,-192,-154,-170,-168,3,31,-1293,0,0
LMR,10,6,9,9,2,-10875,0,0,0,0,0,186,187,169,195,190,166,11,14,284,0,0
LMR,3,1,2,2,5,-2993,0,1,0,0,0,-196,-195,-210,-118,-174,-196,2,13,-1338,0,0
LMR,5,1,4,5,7,-6478,0,1,0,0,0,-196,-195,-196,-108,-141,-195,1,7,-1439,0,0
LMR,5,1,4,4,2,3708,0,1,0,0,0,-196,-195,-216,-167,-195,-195,11,23,5282,0,0
LMR,7,1,6,6,4,4044,0,1,0,0,0,-196,-195,-196,-175,-182,-195,1,40,2006,0,0
LMR,5,1,4,3,9,-1778,0,0,1,0,0,195,196,195,28,198,199,8,4,0,0,0
LMR,7,1,6,6,2,8923,0,1,0,0,0,-196,-195,-198,-66,-166,-195,1,9,-1338,0,0
LMR,5,1,4,5,5,-13803,0,1,0,0,0,-196,-195,-213,-121,-124,-173,1,7,-1245,0,0
LMR,5,1,4,5,3,-14084,0,0,0,0,0,195,196,157,204,286,241,2,3,-1338,0,0
LMR,8,1,7,7,7,-4535,0,1,0,0,0,-196,-195,-207,-169,-195,-171,6,16,-1683,0,0
LMR,5,1,4,4,2,9297,0,1,0,0,0,-196,-195,-224,-137,-195,-195,4,18,7276,0,0
LMR,5,1,4,4,5,-10367,0,1,0,0,0,-196,-195,-200,-130,-171,-171,14,6,415,0,0
LMR,3,1,2,2,2,5168,0,0,0,0,0,195,196,185,154,202,195,2,8,-1338,0,0
LMR,5,1,4,3,2,-3940,0,1,0,0,0,-196,-195,-196,-125,-195,-195,4,15,-1338,0,0
LMR,5,2,4,4,2,15551,0,0,0,0,0,195,196,148,144,196,196,10,15,5519,0,0
LMR,5,1,4,5,2,-6628,0,1,0,0,0,-196,-195,-249,-122,-176,-196,3,30,2904,0,0
LMR,11,5,10,9,25,-17167,0,0,0,0,1,195,196,195,205,196,196,49,15,-1338,0,0
LMR,5,1,4,4,2,10535,0,1,0,0,0,195,196,173,287,196,229,4,6,4273,0,0
LMR,7,2,6,6,2,17791,0,1,0,0,0,195,196,155,271,196,232,5,11,5004,0,0
LMR,3,1,2,2,3,2188,0,1,0,0,0,195,196,187,299,196,196,3,3,-688,0,0
LMR,5,1,4,4,6,-280,0,1,1,0,0,195,196,195,315,240,196,1,10,0,0,0
LMR,4,1,3,3,2,-8339,0,0,0,0,0,-196,-195,-215,-161,-178,-195,3,7,3223,0,0
LMR,7,1,6,5,2,11246,0,1,0,0,0,195,196,195,218,200,196,3,16,-2996,0,0
LMR,3,1,2,3,4,-842,0,1,0,0,0,-197,-196,-204,-159,-142,-173,3,4,-1112,0,0
LMR,5,1,4,4,2,-3672,0,1,0,0,0,-197,-196,-197,-121,-180,-178,2,15,447,0,0
LMR,3,1,2,3,2,33202,0,1,0,0,0,-187,-186,-311,-117,-162,-186,4,6,6584,0,1

===========================
Total time (ms) : 42
Nodes searched  : 32314
Nodes/second    : 769380
LMR_TOTAL,17877,785,576
