
Position: 1/1 (rn1qkb1r/p1p2ppp/1p3n2/3B4/8/1P4P1/P2P1P1P/RNBQK1NR b KQkq - 0 8)
LMR,3,1,2,2,6,-1276,0,1,0,0,1,-178,-177,-178,-119,-170,-151,5,5,-1338,0,0
LMR,5,1,4,5,10,-1276,0,1,0,0,1,-178,-177,-178,-94,-101,-145,5,20,-2568,0,0
LMR,4,1,3,4,9,-1276,0,1,0,0,0,-114,-113,-166,-134,-94,-97,1,8,-1338,0,0
LMR,4,1,3,4,2,10434,0,1,0,0,0,-107,-106,-112,-94,-37,-49,2,4,-1338,0,0
LMR,9,4,8,8,34,-15670,0,0,0,0,1,106,107,105,111,129,134,12,11,-1338,0,0
LMR,4,1,3,4,2,19392,0,1,0,0,0,106,107,59,209,240,148,4,8,8192,0,0
LMR,5,1,4,5,10,-1276,0,1,0,0,0,125,126,111,207,189,178,1,7,-1338,0,0
LMR,5,1,4,5,3,-7031,0,0,0,0,0,-206,-205,-214,-43,-151,-155,2,11,-3188,1,0
LMR,6,1,5,5,4,-1276,0,1,0,0,0,-206,-205,-216,-66,-198,-233,1,18,-2742,0,0
LMR,8,6,7,7,2,12161,0,1,0,0,1,-206,-205,-217,-43,-195,-206,35,53,8095,0,0
LMR,3,1,2,3,4,6134,0,1,0,0,0,205,206,204,203,281,268,3,6,1252,0,0
LMR,3,1,2,2,4,-2391,0,1,0,0,1,190,191,161,174,206,208,4,9,-1028,0,1
LMR,5,1,4,5,3,-14001,0,1,0,0,0,222,223,187,40,806,832,0,1,-980,1,0
LMR,8,1,7,7,17,-12123,0,0,0,0,0,-223,-222,-225,-345,-210,-222,2,14,-1745,0,0
LMR,8,3,7,7,3,4755,0,1,0,0,1,222,223,217,206,242,222,11,58,0,0,0
LMR,4,1,3,4,2,3566,0,0,0,0,0,-223,-222,-409,-306,-181,-188,2,7,-258,0,0
LMR,5,2,4,4,3,6240,0,0,0,0,0,205,206,205,167,214,214,4,8,-1338,0,0
LMR,5,1,4,5,2,8322,0,1,0,0,0,-206,-205,-265,-129,-176,-212,3,19,-38,0,0
LMR,3,1,2,3,4,-1276,0,1,0,0,0,222,223,138,235,223,288,4,9,-1338,0,0
LMR,4,1,3,4,2,12614,0,1,0,0,0,222,223,110,248,228,271,4,26,833,0,0
LMR,5,1,4,5,2,9747,0,1,0,0,0,222,223,170,236,231,261,3,40,5861,0,0
LMR,5,1,4,4,2,13231,0,1,0,0,0,222,223,222,248,240,223,4,8,1142,0,0
LMR,5,1,4,5,5,-3359,0,1,0,1,0,222,223,222,401,326,308,2,2,-1338,0,0
LMR,8,3,7,7,4,4455,0,0,0,0,0,-223,-222,-240,-351,-222,-179,8,14,536,0,0
LMR,7,3,6,6,2,5570,0,1,0,0,1,222,223,183,252,232,232,7,19,-191,0,0
LMR,3,1,2,3,2,16907,0,1,0,0,0,232,233,198,215,265,259,1,4,3663,0,0
LMR,6,1,5,5,3,-10397,0,1,0,0,0,-214,-213,-215,-249,-168,-210,3,5,-3426,1,0
LMR,5,1,4,4,3,-16346,0,1,0,1,0,-214,-213,-247,-128,-210,-210,9,7,-285,0,0
LMR,5,3,4,5,2,-11749,0,0,0,0,1,213,214,-1170,158,214,214,5,8,-2953,0,0
LMR,5,1,4,4,2,-3389,0,1,0,0,1,239,240,224,411,240,247,3,6,3764,0,0
LMR,3,1,2,3,3,3240,0,0,0,0,0,-230,-229,-328,-278,-227,-227,2,9,-167,0,0
LMR,3,1,2,3,2,5796,0,1,0,0,0,229,230,151,279,233,227,1,14,624,0,0
LMR,5,1,4,3,2,11858,0,1,0,0,0,229,230,227,366,230,240,6,8,4973,0,0
LMR,5,1,4,5,4,-332,0,1,0,0,0,229,230,221,133,374,289,3,5,-1338,0,0
LMR,5,1,4,5,5,-1276,0,0,0,0,0,-230,-229,-252,-257,-133,-279,3,12,-3423,0,0
LMR,5,1,4,5,2,-8922,0,1,0,0,0,229,230,198,441,257,252,2,24,1948,0,0
LMR,5,1,4,4,6,-4227,0,1,0,0,0,229,230,204,204,248,245,3,7,-1338,0,0
LMR,7,3,6,6,3,-8648,0,0,0,0,0,-230,-229,-248,-286,-204,-242,10,15,34,0,0
LMR,8,1,7,7,8,-12077,0,1,0,0,0,229,230,229,449,241,241,2,60,-337,0,0
LMR,5,1,4,4,8,-5912,0,1,0,0,0,229,230,216,330,245,197,4,11,-3167,0,0
LMR,5,1,4,4,19,-8331,0,1,0,0,0,229,230,216,330,244,196,3,5,-4103,0,0
LMR,9,2,8,8,2,3310,0,1,0,0,0,229,230,227,362,241,231,3,6,2109,0,0
LMR,5,2,4,4,4,-18042,0,0,0,1,1,-230,-229,-230,-296,-220,-222,6,10,-474,0,0
LMR,6,2,5,4,3,-4148,0,1,0,0,1,229,230,223,369,230,230,6,6,-4808,0,0
LMR,3,1,2,2,9,-14620,0,1,0,1,1,216,217,208,348,218,212,1,6,-3633,0,1
LMR,4,1,3,4,6,-17649,0,1,0,0,1,212,213,167,-138,224,184,3,11,-3785,1,1
LMR,6,1,5,6,3,605,0,1,0,0,1,238,239,146,188,267,247,3,20,103,0,0
LMR,5,1,4,5,2,8304,0,1,0,0,0,238,239,186,272,275,253,2,14,4978,0,0
LMR,6,1,5,6,6,-7144,0,1,0,0,1,238,239,198,198,253,250,7,38,-3336,0,0
LMR,8,5,7,7,5,-9004,0,0,0,0,1,-239,-238,-245,-204,-198,-248,10,50,1256,0,0
LMR,7,3,6,6,2,29707,0,1,0,0,0,238,239,233,440,272,294,4,4,7740,0,0
LMR,4,1,3,4,4,-1459,0,1,0,0,0,306,307,287,442,454,534,1,3,-3371,0,1
LMR,5,1,4,5,2,7139,0,1,0,0,0,250,251,249,443,396,371,2,4,6829,0,0
LMR,5,2,4,4,2,-1725,0,0,0,0,0,-225,-224,-254,-96,-224,-268,3,9,6950,0,0
LMR,5,2,4,4,3,-3279,0,0,0,0,0,-225,-224,-254,-96,-219,-238,2,7,4037,0,0
LMR,6,2,5,6,2,34217,0,1,0,0,0,250,251,236,420,382,308,4,7,7926,0,0
LMR,4,1,3,3,2,10901,0,1,0,0,0,-245,-244,-275,-239,-229,-243,2,4,5167,0,0
LMR,3,1,2,2,9,-6477,0,1,0,0,0,-138,-137,-165,-98,-135,-105,2,4,1158,0,1
LMR,3,1,2,3,2,-11281,0,1,0,0,0,-245,-244,-320,-98,-197,-199,1,2,-1338,1,0
LMR,6,1,5,6,3,-1276,0,1,0,0,0,-245,-244,-436,-463,-234,-260,3,35,-1338,0,0
LMR,5,1,4,4,2,14992,0,1,0,0,0,244,245,195,196,245,245,7,10,4527,0,0
LMR,6,2,5,5,2,18180,0,1,0,0,0,244,245,233,253,245,245,3,4,1763,0,0
LMR,10,5,9,9,2,69,0,1,0,1,1,-245,-244,-245,-183,-232,-245,15,90,6358,0,0
LMR,5,1,4,5,3,-1186,0,1,0,0,0,265,266,265,327,332,308,1,6,1145,0,0
LMR,4,1,3,4,2,12119,0,1,0,0,0,265,266,229,197,383,357,2,7,-1338,0,0
LMR,4,1,3,4,5,-2954,0,1,0,0,0,265,266,265,265,325,278,3,4,-718,0,0
LMR,5,1,4,4,5,-3012,0,0,0,0,0,-266,-265,-297,-298,-265,-275,4,14,-4040,0,0
LMR,4,1,3,4,2,7363,0,1,0,0,0,277,278,239,438,373,294,1,3,-2959,0,1
LMR,5,1,4,4,3,-16104,0,1,0,0,0,265,266,261,339,299,299,1,2,398,0,0
LMR,3,1,2,3,5,-7429,0,1,0,0,0,265,266,228,308,386,376,1,2,-1869,0,0
LMR,5,1,4,4,2,12328,0,1,0,0,0,265,266,252,405,270,274,11,8,4184,0,0
LMR,3,1,2,2,2,23319,0,1,0,0,0,246,247,233,232,266,268,4,5,8192,0,1
LMR,3,1,2,3,4,-9723,0,1,0,0,0,265,266,263,391,376,376,1,4,684,1,0
LMR,7,1,6,6,4,-6660,0,1,0,0,0,265,266,265,391,318,308,2,23,7932,0,0
LMR,5,1,4,4,3,8141,0,1,0,0,0,265,266,258,344,266,266,5,7,4723,0,0
LMR,5,1,4,5,2,8371,0,1,0,0,0,265,266,218,410,336,270,4,7,6280,0,0
LMR,3,1,2,2,5,8801,0,1,0,0,0,276,277,263,302,287,283,2,6,4840,0,0
LMR,3,1,2,2,2,15174,0,1,0,0,0,262,263,247,287,293,286,5,4,4889,0,1
LMR,3,1,2,3,2,4064,0,1,0,0,0,276,277,176,335,277,277,2,3,289,0,0
LMR,6,1,5,6,2,2326,0,1,0,0,0,276,277,261,534,433,277,2,14,7033,0,0
LMR,5,1,4,5,2,820,0,1,0,0,0,276,277,125,318,420,278,4,8,-1338,0,0
LMR,12,4,11,11,9,-12877,0,0,0,0,0,-277,-276,-277,-293,-233,-276,8,28,-1617,0,0
LMR,5,1,4,3,11,-1699,0,1,1,0,0,276,277,276,307,277,276,1,5,0,0,0
LMR,8,5,7,7,2,16880,0,1,0,0,1,276,277,262,263,287,276,12,46,6324,0,0
LMR,9,6,8,8,4,4186,0,0,0,0,1,-277,-276,-293,-277,-266,-276,23,87,-1070,0,0
LMR,11,5,10,9,4,-7522,0,1,0,0,1,276,277,276,379,277,276,13,128,3306,0,0
LMR,4,1,3,4,3,-4430,0,1,0,0,0,-277,-276,-305,-234,-223,-263,1,10,-1203,0,0
LMR,5,1,4,5,17,-11540,0,1,0,0,0,276,277,276,355,358,276,3,16,-1338,0,0
LMR,8,1,7,7,21,-16477,0,1,0,0,0,276,277,274,329,310,276,1,39,-1338,0,0
LMR,11,4,10,10,9,-12384,0,1,0,0,1,276,277,276,379,295,276,5,67,-1338,0,0
LMR,5,1,4,5,2,11081,0,1,0,0,0,-277,-276,-346,-328,-276,-276,16,16,-1338,0,0
LMR,4,1,3,4,2,-244,0,1,1,0,0,-277,-276,-315,-362,1833,1833,0,0,0,1,0
LMR,14,10,13,12,3,-1206,0,0,0,0,1,-277,-276,-277,-362,-276,-276,416,20,-669,0,0
LMR,15,11,14,13,6,4931,0,0,0,0,1,-277,-276,-280,-306,-276,-276,610,0,400,0,0
LMR,7,1,6,6,2,4837,0,1,0,0,0,-277,-276,-287,-211,-273,-277,4,9,5353,0,0
LMR,11,5,10,10,2,16634,0,1,0,1,0,-277,-276,-277,-104,-225,-272,6,9,6538,0,0
LMR,5,1,4,5,2,5646,0,1,0,0,0,-277,-276,-599,-156,-221,-256,5,12,5466,0,0
LMR,4,1,3,4,2,-8412,0,1,0,0,1,-256,-255,-256,-206,-130,-156,1,7,-1338,0,0
LMR,7,2,6,6,8,-11623,0,0,0,0,1,255,256,233,243,261,255,7,7,-1858,0,0
LMR,4,1,3,4,2,-4156,0,1,0,0,1,-256,-255,-307,-225,-249,-302,2,7,2127,0,0
LMR,3,1,2,2,4,204,0,1,0,0,0,-256,-255,-256,-94,-224,-230,2,2,8192,0,0
LMR,8,1,7,8,2,-10900,0,1,0,1,0,-256,-255,-256,31,-185,-236,2,16,5618,0,0
LMR,5,1,4,5,3,-7560,0,1,0,0,0,-241,-240,-292,-122,-234,-226,12,11,-266,0,0
LMR,5,1,4,4,2,17652,0,1,0,0,0,254,255,241,281,255,254,2,11,2174,0,0
LMR,3,1,2,2,2,16455,0,1,0,0,0,-241,-240,-254,-219,-212,-217,4,4,4671,0,0
LMR,5,1,4,4,6,-9509,0,1,0,0,0,-241,-240,-261,-160,-236,-232,1,6,-1464,0,0
LMR,4,1,3,4,2,-948,0,1,0,1,0,240,241,238,248,377,260,2,10,3668,0,0
LMR,5,1,4,5,2,11750,0,1,0,0,0,247,248,199,426,687,330,1,1,8192,0,0
LMR,4,1,3,3,10,-9057,0,1,0,0,0,247,248,237,319,261,277,1,4,-1338,0,0
LMR,3,1,2,3,2,-9473,0,1,0,0,0,247,248,247,267,378,281,1,3,3027,0,0
LMR,6,1,5,6,8,-12324,0,1,0,0,0,247,248,247,366,312,272,1,12,-34,0,0
LMR,4,1,3,4,4,-11746,0,1,0,0,0,247,248,237,197,345,309,2,8,6602,0,0
LMR,5,1,4,4,3,3469,0,1,0,0,0,247,248,236,307,258,275,3,8,1346,0,0
LMR,7,2,6,6,9,-3814,0,0,1,0,0,-248,-247,-268,-246,-228,-228,2,5,0,0,0
LMR,10,1,9,9,4,-7679,0,1,0,0,0,247,248,231,312,259,248,4,25,1654,0,0
LMR,3,1,2,2,3,23522,0,1,0,0,0,247,248,223,362,262,410,1,1,5475,0,0
LMR,3,1,2,3,5,-9877,0,1,0,0,0,-249,-248,-293,-232,-97,-164,1,4,-1338,0,0
LMR,5,1,4,4,4,-13121,0,1,0,0,0,-249,-248,-280,-159,-241,-229,1,14,-1338,0,0
LMR,8,4,7,7,4,-8229,0,0,0,0,0,248,249,238,217,267,267,6,20,-1858,0,0
LMR,5,1,4,4,2,4292,0,1,0,0,0,248,249,218,209,250,251,5,12,-1338,0,0
LMR,3,1,2,3,4,-2538,0,1,0,0,0,271,272,224,342,287,287,1,1,623,0,1
LMR,5,1,4,5,8,-8306,0,0,0,0,0,-265,-264,-318,-356,-208,-243,2,8,-1338,0,0
LMR,5,1,4,5,2,-7775,0,1,0,0,0,264,265,214,354,356,246,2,15,-1338,0,0
LMR,5,1,4,4,4,-10310,0,1,0,0,0,264,265,246,354,271,257,1,6,-1081,0,0
LMR,10,4,9,8,2,5657,0,1,0,0,0,264,265,264,388,270,268,2,6,2035,0,0
LMR,6,3,5,6,2,2158,0,0,0,0,0,-265,-264,-369,-295,-264,-241,6,9,-1338,0,0
LMR,4,1,3,3,2,4584,0,1,1,0,0,-265,-264,-286,-538,-236,-254,3,5,0,0,0
LMR,4,1,3,4,2,-9665,0,1,0,0,0,264,265,129,-1141,488,370,1,4,-1513,1,0
LMR,3,1,2,3,3,-2573,0,1,0,0,0,264,265,253,303,804,640,0,1,-1338,0,0
LMR,5,1,4,5,4,-11226,0,0,0,0,0,-265,-264,-314,-327,-137,-220,1,4,-1338,1,0
LMR,7,1,6,7,5,-12510,0,1,0,0,0,264,265,264,264,390,252,4,21,-613,0,0
LMR,9,7,8,8,2,6477,0,0,0,0,0,-265,-264,-280,-420,-264,-264,36,59,234,0,0
LMR,12,1,11,10,14,-13405,0,1,0,1,0,264,265,264,579,265,283,5,22,-6554,0,0
LMR,3,1,2,2,3,-8191,0,1,0,0,0,283,284,275,236,291,290,5,5,2808,1,1
LMR,8,1,7,7,3,3158,0,1,0,1,0,264,265,261,362,299,319,4,7,6146,0,0
LMR,4,1,3,4,2,-6742,0,1,0,0,0,-255,-254,-329,-239,-254,-213,3,11,-1415,0,0
LMR,5,1,4,5,5,-1276,0,1,0,0,0,-255,-254,-286,-177,-199,-254,2,6,-1338,0,0
LMR,5,1,4,3,7,-2214,0,1,0,0,0,-255,-254,-257,-195,-251,-254,5,18,-1397,0,0
LMR,4,1,3,4,2,-5475,0,1,0,0,0,-255,-254,-332,-228,-202,-254,5,13,-2800,0,0
LMR,3,1,2,2,2,-3013,0,1,0,0,0,-255,-254,-292,-222,-252,-254,1,4,2341,0,0
LMR,4,1,3,4,3,9561,0,0,0,0,0,254,255,65,-142,308,295,6,3,1311,0,0
LMR,4,1,3,4,5,-3889,0,1,0,0,0,-255,-254,-274,-286,-140,-287,6,16,-1687,0,0
LMR,9,1,8,7,3,-8927,0,1,0,0,0,275,276,275,285,279,275,3,20,-1338,0,0
LMR,5,1,4,5,2,1922,0,1,0,0,0,275,276,275,499,361,280,2,7,-1338,0,0
LMR,5,1,4,4,5,-1906,0,1,0,0,0,275,276,275,278,299,300,3,7,-1338,0,0
LMR,8,3,7,7,5,-4210,0,0,0,0,0,-276,-275,-311,-475,-275,-257,14,19,-6219,0,0
LMR,10,5,9,8,7,-854,0,1,1,0,1,-276,-275,-279,-276,-275,-275,4,6,0,0,0
LMR,8,1,7,8,19,-16739,0,1,0,0,0,-276,-275,-330,-259,-206,-275,1,17,-1338,0,0
LMR,11,6,10,11,2,23308,0,1,0,0,0,-276,-275,-375,-119,-162,-275,8,31,-329,0,0
LMR,6,4,5,5,19,4584,0,0,1,0,1,275,276,259,-24,299,285,7,7,0,0,0
LMR,5,1,4,5,15,7768,0,1,1,0,0,275,276,237,253,437,408,1,1,0,0,0
LMR,5,1,4,5,2,676,0,1,1,1,0,275,276,198,414,310,325,3,8,0,0,0
LMR,7,4,6,7,2,676,0,0,1,0,0,-276,-275,-316,-680,-232,-232,4,4,0,0,0
LMR,12,5,11,10,3,725,0,1,0,0,1,-276,-275,-279,-386,-273,-267,31,42,1807,0,0
LMR,13,9,12,11,4,-12176,0,0,0,0,1,275,276,275,246,282,267,54,187,-166,0,0
LMR,5,1,4,4,10,3022,0,1,1,0,0,275,276,275,382,299,315,4,4,0,0,0
LMR,13,9,12,12,6,-1813,0,0,0,0,1,275,276,275,246,313,295,24,46,-1338,0,0
LMR,6,1,5,6,2,17738,0,1,0,0,0,275,276,231,359,320,284,2,3,1319,0,0
LMR,10,1,9,9,8,-14936,0,1,0,0,1,-276,-275,-276,-296,-260,-251,1,28,-1210,0,0
LMR,11,6,10,11,3,-15675,0,0,0,0,1,275,276,230,246,296,253,11,45,-3389,0,0
LMR,5,1,4,5,7,-4293,0,1,0,0,0,-276,-275,-293,-297,-227,-235,2,9,-1338,0,0
LMR,11,5,10,10,4,-20225,0,0,0,0,1,275,276,253,246,290,244,9,20,-2604,0,0
LMR,12,4,11,11,23,-16787,0,1,0,0,1,-276,-275,-282,-190,-246,-273,6,149,-6897,0,0
LMR,4,1,3,4,3,5557,0,1,0,0,0,-276,-275,-419,-267,-232,-240,1,9,6146,0,0
LMR,5,1,4,4,4,10208,0,1,0,0,0,-276,-275,-284,-165,-265,-317,1,12,-4484,0,0
LMR,8,4,7,7,2,7406,0,1,1,0,1,-276,-275,-276,-181,-237,-275,5,21,0,0,0
LMR,8,6,7,8,2,8455,0,0,0,0,0,275,276,168,240,293,295,35,16,7635,0,0
LMR,7,3,6,6,2,10570,0,1,1,0,1,-276,-275,-292,-219,-266,-265,4,6,0,0,0
LMR,6,1,5,5,9,4631,0,1,0,0,0,-276,-275,-286,-331,-244,-239,6,9,-1787,0,0
LMR,6,1,5,5,2,11896,0,1,1,0,0,-276,-275,-283,-221,-275,-262,2,6,0,0,0
LMR,5,1,4,5,2,21277,0,1,0,0,0,-276,-275,-335,-216,-267,-260,4,7,3654,0,0
LMR,6,1,5,6,7,-8912,0,1,0,0,0,-255,-254,-271,-320,-148,-167,1,5,-1338,0,0
LMR,7,1,6,7,8,-8032,0,0,0,0,0,254,255,204,130,320,179,6,23,-2742,0,0
LMR,7,1,6,7,4,-12788,0,1,0,0,0,-255,-254,-300,-302,-167,-204,6,44,-1338,0,0
LMR,11,7,10,10,2,29159,0,1,0,0,0,-255,-254,-284,-275,-238,-245,14,27,-1338,0,0
LMR,3,1,2,3,2,2536,0,0,0,0,0,254,255,218,26,359,315,6,2,-1338,0,0
LMR,3,1,2,3,3,6315,0,1,0,0,0,-255,-254,-333,-240,-229,-300,12,11,-1338,0,0
LMR,5,3,4,5,2,14398,0,0,0,0,0,254,255,179,163,295,273,33,9,-486,0,0
LMR,5,1,4,5,2,-6722,0,1,0,0,0,-255,-254,-326,-150,-163,-270,1,44,194,0,0
LMR,5,3,4,5,2,14162,0,0,0,0,0,254,255,186,171,271,254,5,6,-1338,0,0
LMR,5,1,4,5,3,-12481,0,1,0,0,0,-255,-254,-270,-150,-171,-254,3,17,899,0,0
LMR,5,2,4,5,2,-382,0,0,1,0,0,254,255,199,236,311,301,1,2,0,0,0
LMR,12,5,11,10,3,-4893,0,0,0,0,0,254,255,254,238,261,261,14,42,-1212,0,0
LMR,5,1,4,5,4,-6903,0,1,0,0,0,275,276,233,437,346,344,1,4,-1338,0,0
LMR,8,1,7,7,2,5986,0,1,0,0,0,275,276,245,550,288,286,1,2,-2723,0,0
LMR,4,1,3,4,2,166,0,1,0,0,0,263,264,222,474,280,295,2,5,-2765,0,1
LMR,3,1,2,2,6,4278,0,1,0,0,0,275,276,275,401,300,272,3,8,-149,0,1
LMR,5,1,4,5,3,-15267,0,1,0,0,0,275,276,212,492,335,284,3,6,2942,0,0
LMR,7,1,6,7,3,-5574,0,1,0,0,0,275,276,271,480,369,282,1,20,6826,0,0
LMR,5,1,4,5,2,9620,0,1,0,0,0,255,256,197,396,292,292,1,0,3556,0,1
LMR,9,3,8,9,2,8616,0,1,0,0,0,275,276,197,541,297,280,5,7,4144,0,0
LMR,3,1,2,3,2,-5126,0,1,0,0,0,286,287,197,477,776,416,0,6,8192,0,1
LMR,4,1,3,3,4,4113,0,0,0,0,0,-244,-243,-249,-63,-217,-243,3,3,-2975,0,0
LMR,4,1,3,3,4,-2329,0,1,0,0,0,-244,-243,-244,-234,-205,-212,4,6,4556,0,0
LMR,5,1,4,5,4,10780,0,1,0,0,0,302,303,290,401,358,348,5,6,6996,0,1
LMR,3,1,2,2,6,-16428,0,0,0,1,0,-259,-258,-259,-139,-229,-234,2,6,-4813,0,0
LMR,3,1,2,2,3,-8360,0,1,0,1,1,-259,-258,-263,-134,-249,-261,1,3,2964,0,0
LMR,4,1,3,4,4,-7847,0,1,0,0,0,328,329,308,465,611,376,1,3,-3320,0,1
LMR,3,1,2,3,2,2631,0,1,0,0,0,268,269,264,547,348,334,1,2,-688,0,1
LMR,5,1,4,5,2,16304,0,1,0,0,0,290,291,205,316,382,319,1,3,2379,0,1
LMR,11,4,10,11,29,-17145,0,0,0,0,0,-291,-290,-354,-315,-265,-290,6,35,-7353,0,0
LMR,12,6,11,10,2,3986,0,1,0,0,0,290,291,290,409,292,292,0,0,4378,0,0
LMR,3,1,2,3,2,4820,0,1,0,0,0,329,330,274,505,384,384,1,1,410,0,1
LMR,3,1,2,3,3,4982,0,1,0,0,0,496,497,485,525,603,584,1,1,-5682,0,1
LMR,4,1,3,4,3,-7225,0,1,0,1,0,270,271,270,520,362,346,1,3,-5867,0,1
LMR,3,1,2,3,4,-17851,0,1,0,0,0,272,273,264,254,880,309,0,2,-3900,1,1
LMR,5,1,4,5,2,-5346,0,1,0,0,0,326,327,301,454,365,365,1,4,723,0,1
LMR,5,3,4,5,3,-517,0,1,0,0,1,292,293,262,405,320,350,3,2,3422,0,1
LMR,3,1,2,3,4,13302,0,1,0,0,0,290,291,259,261,391,356,8,8,1348,0,0
LMR,10,2,9,10,3,-8195,0,1,0,0,0,290,291,290,602,433,321,4,10,-3971,0,0
LMR,3,1,2,3,2,7250,0,1,0,0,0,290,291,265,208,347,320,2,5,990,0,0
LMR,5,1,4,5,3,6304,0,1,0,0,0,280,281,280,404,389,350,2,5,4070,0,1
LMR,3,1,2,3,3,-14203,0,1,0,1,0,271,272,270,528,369,352,1,3,-1101,0,1
LMR,5,1,4,5,4,9218,0,1,0,0,0,291,292,280,406,391,339,2,6,1163,0,1
LMR,3,1,2,3,2,-1516,0,1,0,0,0,284,285,272,289,933,561,0,1,1308,1,1
LMR,4,2,3,3,4,-5032,0,0,0,0,1,-280,-279,-289,-215,-260,-260,10,7,-910,0,0
LMR,5,1,4,4,4,-6103,0,1,0,0,0,307,308,298,622,321,308,3,17,5774,0,1
LMR,8,5,7,7,2,-18405,0,0,0,0,1,-284,-283,-310,-301,-270,-270,13,11,5010,0,0
LMR,3,1,2,3,2,-1276,0,1,0,0,0,-284,-283,-294,-204,-221,-240,1,2,-1338,0,0
LMR,7,1,6,7,15,-16893,0,1,0,0,0,-284,-283,-290,-160,-228,-250,1,24,-1338,0,0
LMR,9,3,8,8,8,-8835,0,0,0,0,0,283,284,254,153,284,235,4,7,-1338,0,0
LMR,4,1,3,4,2,-13742,0,1,0,0,0,-284,-283,-375,-170,-236,-242,1,7,-3237,0,0
LMR,4,1,3,4,2,17367,0,1,0,0,0,-284,-283,-290,-225,-152,-204,2,5,2998,0,0
LMR,6,1,5,5,6,-8550,0,1,0,0,0,-284,-283,-305,-172,-258,-283,2,18,-4651,0,0
LMR,3,1,2,3,2,-12447,0,1,0,1,0,-269,-268,-336,-206,-183,-246,1,8,3105,0,1
LMR,3,1,2,3,2,196,0,1,0,1,0,-270,-269,-333,-190,-178,-242,1,8,4357,0,1
LMR,3,1,2,3,5,-15271,0,1,0,1,0,214,215,155,299,239,234,2,3,526,0,0
LMR,5,1,4,4,2,14269,0,1,0,0,0,-249,-248,-262,-65,-212,-218,7,6,-1073,0,0
LMR,5,1,4,5,2,5025,0,1,0,1,0,-249,-248,-283,-79,-219,-217,2,10,118,0,0
LMR,4,1,3,3,4,1782,0,0,0,0,0,248,249,239,235,285,249,5,8,-1431,0,0
LMR,5,1,4,4,4,-2463,0,1,0,0,0,-249,-248,-249,-150,-239,-249,4,19,-224,0,0
LMR,6,1,5,6,2,32684,0,1,0,0,0,-249,-248,-343,-100,-238,-249,4,76,6284,0,0
LMR,3,1,2,2,9,-8644,0,0,0,0,0,-284,-283,-288,-250,-273,-284,2,4,4879,0,0
LMR,8,2,7,7,6,546,0,0,0,0,0,-284,-283,-284,-249,-273,-264,5,11,1459,0,0
LMR,6,4,5,5,2,-6818,0,1,0,0,1,285,286,271,354,286,290,7,13,2528,0,1
LMR,5,1,4,5,5,5243,0,1,0,0,0,-271,-270,-274,-252,-195,-245,1,6,-7659,0,0
LMR,5,1,4,5,2,487,0,1,0,0,0,-271,-270,-344,-309,-261,-258,5,13,1363,0,0
LMR,6,1,5,6,10,-13688,0,1,0,0,0,-271,-270,-326,-184,-142,-260,4,8,-1338,0,0
LMR,5,1,4,3,5,-1276,0,1,0,0,0,-271,-270,-271,-308,-270,-270,1,2,-1338,0,0
LMR,5,1,4,5,3,-1744,0,1,0,0,0,-271,-270,-273,-76,1,-187,1,1,-1854,0,0
LMR,6,1,5,5,3,-11849,0,0,0,0,0,270,271,242,270,274,227,3,2,-930,0,0
LMR,6,1,5,6,6,-10251,0,0,0,0,0,270,271,258,374,580,322,2,9,-1338,0,0
LMR,10,4,9,9,22,-10572,0,0,0,0,1,270,271,270,270,307,271,8,32,-5053,0,0
LMR,10,5,9,10,2,6699,0,1,0,0,1,-271,-270,-381,-298,-270,-271,17,117,-3305,0,0
LMR,10,1,9,10,22,-17116,0,1,0,0,1,-271,-270,-271,-298,-192,-270,2,7,-1697,0,0
LMR,12,6,11,11,8,-8089,0,0,0,0,1,270,271,270,244,298,270,5,157,-1000,0,0
LMR,12,6,11,10,13,-6209,0,0,0,0,1,270,271,270,244,276,310,4,9,-1702,0,0
LMR,8,1,7,8,7,-11615,0,1,0,0,0,-271,-270,-281,-197,-181,-249,2,30,-1066,0,0
LMR,4,1,3,3,2,4993,0,1,0,0,0,-271,-270,-281,-259,-251,-242,4,4,622,0,0
LMR,10,4,9,9,19,-15704,0,0,0,0,1,270,271,270,264,302,289,8,8,-3807,0,0
LMR,11,8,10,10,2,10305,0,1,0,0,1,-271,-270,-307,-271,-264,-287,17,88,4838,0,0
LMR,5,1,4,5,4,-9439,0,1,0,0,0,270,271,235,309,304,298,2,4,538,0,0
LMR,5,1,4,3,9,-6902,0,1,0,0,0,293,294,288,334,294,354,9,9,-1338,0,0
LMR,5,1,4,5,6,-4741,0,1,0,0,0,293,294,244,476,333,334,1,4,-1800,0,0
LMR,6,1,5,6,2,-1276,0,1,0,1,0,293,294,-441,512,549,504,2,2,-1338,0,0
LMR,8,1,7,8,12,7416,0,1,1,0,0,293,294,293,544,387,474,2,18,0,0,0
LMR,5,1,4,5,2,-2858,0,1,0,0,0,293,294,249,406,316,316,1,8,4816,0,0
LMR,9,1,8,9,10,-13178,0,1,0,0,1,293,294,284,293,445,312,2,25,-1338,0,0
LMR,10,5,9,10,10,-11826,0,0,0,0,1,-294,-293,-415,-320,-293,-310,23,52,-1338,0,0
LMR,3,1,2,3,2,7857,0,1,0,0,0,293,294,258,369,458,309,1,13,-1338,0,0
LMR,6,1,5,5,6,-3532,0,0,0,0,0,-294,-293,-305,-369,-293,-275,7,11,-1338,0,0
LMR,6,1,5,6,2,12375,0,1,0,0,0,293,294,230,504,317,277,3,50,-1338,0,0
LMR,6,1,5,6,3,1910,0,1,0,0,0,293,294,277,504,434,402,2,3,-1665,0,0
LMR,4,1,3,4,3,-7494,0,1,0,0,0,293,294,271,169,338,330,2,4,1545,0,0
LMR,4,1,3,4,3,-6775,0,0,0,0,0,-294,-293,-459,-379,-266,-322,2,9,-1338,0,0
LMR,4,1,3,4,4,4851,0,1,0,0,0,293,294,288,404,379,322,2,17,-1686,0,0
LMR,6,1,5,5,3,8041,0,1,0,0,0,293,294,293,556,338,316,2,26,-4089,0,0
LMR,6,1,5,6,3,619,0,1,0,0,0,293,294,288,369,454,398,2,3,-3299,0,0
LMR,5,1,4,5,2,417,0,1,0,0,0,293,294,282,419,394,363,4,3,78,0,0
LMR,5,1,4,4,7,-3907,0,0,0,0,0,-294,-293,-312,-378,-273,-273,2,7,-2465,0,0
LMR,5,1,4,5,8,-12501,0,1,0,0,0,293,294,290,467,378,276,1,18,-1338,0,0
LMR,7,1,6,7,8,-11091,0,1,0,0,0,293,294,232,214,301,290,1,31,-2028,0,0
LMR,8,1,7,8,8,-10524,0,0,0,0,0,-294,-293,-325,-308,-214,-290,1,37,-1338,0,0
LMR,5,1,4,5,3,-1083,0,1,0,0,0,293,294,288,420,348,285,2,6,-1338,0,0
LMR,5,1,4,4,4,-14297,0,1,0,0,0,293,294,288,420,338,281,5,4,-1338,0,0
LMR,5,1,4,4,10,-17066,0,1,0,0,0,293,294,288,420,332,307,4,8,-1338,0,0
LMR,6,1,5,6,5,-7203,0,1,0,0,0,293,294,222,113,467,355,7,4,-1323,0,0
LMR,5,1,4,4,2,6481,0,1,0,0,0,293,294,265,332,294,287,3,5,-1610,0,0
LMR,5,1,4,3,11,-8978,0,1,0,0,0,293,294,287,332,294,293,5,4,-2100,0,0
LMR,7,1,6,7,10,-15171,0,1,0,0,1,293,294,286,389,529,293,1,37,-1338,0,0
LMR,3,1,2,2,3,12791,0,1,0,0,0,-294,-293,-295,-249,-243,-268,4,2,-1338,0,0
LMR,3,1,2,3,3,-5839,0,1,0,0,0,-294,-293,-315,-168,-256,-256,1,3,-1338,0,0
LMR,4,2,3,4,2,8004,0,0,0,0,0,293,294,265,176,356,372,3,4,-804,0,0
LMR,5,1,4,4,3,1628,0,1,0,0,0,-294,-293,-294,-118,-275,-356,2,15,-1338,0,0
LMR,5,1,4,4,10,-13688,0,1,0,0,0,-294,-293,-295,-295,-242,-272,3,16,-1338,0,0
LMR,5,1,4,5,2,-9129,0,0,0,0,0,293,294,209,191,295,275,4,25,-1320,0,0
LMR,5,1,4,4,3,3281,0,0,0,0,0,293,294,275,191,323,323,2,5,-1766,0,0
LMR,5,1,4,5,9,-12048,0,1,0,0,0,-294,-293,-294,-118,-191,-318,1,39,-1338,0,0
LMR,4,1,3,3,5,-4397,0,1,0,0,0,293,294,293,-262,341,332,1,3,-1338,0,0
LMR,4,1,3,4,2,-3997,0,0,0,0,0,-294,-293,-392,-274,262,-324,1,11,-1545,0,0
LMR,8,3,7,8,3,-5300,0,0,0,0,0,-294,-293,-414,-464,-292,-320,11,20,-1338,0,0
LMR,8,1,7,8,10,1843,0,1,1,0,0,293,294,257,257,365,487,3,8,0,0,0
LMR,10,3,9,9,13,-6659,0,0,0,0,0,-294,-293,-299,-294,-257,-465,9,22,-3841,0,0
LMR,11,8,10,9,3,12186,0,1,0,0,1,293,294,293,304,294,298,72,128,-3767,0,0
LMR,3,1,2,3,5,-2069,0,0,0,0,0,-291,-290,-379,-291,-184,-264,3,8,-4450,0,0
LMR,5,1,4,5,2,7876,0,1,1,0,0,293,294,233,384,580,529,1,3,0,0,0
LMR,4,1,3,4,2,362,0,1,1,0,0,377,378,285,487,392,376,2,10,0,0,1
LMR,4,1,3,3,4,4798,0,1,0,0,0,377,378,376,487,395,377,3,9,70,0,1
LMR,6,1,5,5,3,2866,0,1,0,0,0,293,294,293,444,324,363,4,7,-349,0,0
LMR,4,1,3,4,2,-4597,0,0,0,0,0,-294,-293,-987,-349,-283,-284,4,5,-1338,0,0
LMR,5,1,4,4,3,10800,0,1,0,0,0,293,294,288,513,304,285,1,14,-1774,0,0
LMR,7,1,6,7,3,9696,0,1,0,0,0,293,294,280,541,357,291,1,31,-2909,0,0
LMR,5,1,4,5,6,-6668,0,0,0,0,0,-294,-293,-401,-356,-277,-270,8,6,-1338,0,0
LMR,5,1,4,5,2,-4727,0,1,0,0,0,293,294,274,343,356,273,2,18,-1338,0,0
LMR,7,1,6,6,6,-8912,0,1,0,0,0,293,294,293,541,315,293,1,35,-1338,0,0
LMR,5,1,4,4,3,133,0,1,0,0,0,293,294,293,424,324,302,2,5,-991,0,0
LMR,7,1,6,6,10,-1898,0,1,1,0,0,293,294,293,541,340,300,2,18,0,0,0
LMR,3,1,2,2,2,6404,0,1,0,0,0,293,294,293,352,302,293,1,11,488,0,0
LMR,11,8,10,9,4,7079,0,0,0,0,1,-294,-293,-299,-413,-293,-293,63,19,-1529,0,0
LMR,3,1,2,3,2,-13830,0,1,0,1,0,-224,-223,-244,-7,-74,-181,5,6,-1043,0,1
LMR,6,1,5,6,4,131,0,1,0,0,0,-275,-274,-536,-95,-250,-234,10,10,1391,0,0
LMR,7,3,6,6,3,-5918,0,1,0,0,1,-275,-274,-285,-192,-250,-319,6,58,2891,0,0
LMR,7,3,6,6,6,9393,0,1,0,0,1,-275,-274,-285,-192,-258,-256,5,12,-3858,0,0
LMR,5,1,4,5,4,-5516,0,1,0,0,0,-275,-274,-374,-178,-228,-270,5,17,-1563,0,0
LMR,3,1,2,3,5,6104,0,1,0,0,0,-275,-274,-275,-275,-221,-252,4,6,-1338,0,0
LMR,4,1,3,3,3,4291,0,0,0,0,0,274,275,242,212,275,257,12,16,-5016,0,0
LMR,5,1,4,4,4,6946,0,1,0,0,0,-275,-274,-275,-145,-261,-257,3,33,-2744,0,0
LMR,7,1,6,6,2,12080,0,1,0,0,0,-275,-274,-305,-210,-261,-249,2,9,-1671,0,0
LMR,4,1,3,4,2,-2791,0,0,1,0,0,274,275,267,67,456,410,0,1,0,0,0
LMR,4,1,3,4,3,23637,0,1,0,0,0,-275,-274,-328,-546,-270,-383,1,4,-1338,0,0
LMR,4,1,3,4,4,7796,0,0,0,0,0,274,275,127,185,427,328,6,9,-2535,0,0
LMR,4,1,3,4,3,9120,0,1,0,0,0,-275,-274,-306,-274,-185,-317,3,24,-1338,0,0
LMR,5,1,4,5,2,12345,0,1,0,0,0,-275,-274,-278,-227,-217,-277,3,43,-80,0,0
LMR,4,1,3,3,3,-6928,0,0,0,0,0,274,275,242,262,284,285,4,3,4816,0,0
LMR,5,1,4,4,6,-9074,0,1,0,0,0,-275,-274,-277,-227,-262,-283,4,10,-1338,0,0
LMR,4,2,3,3,5,9924,0,0,0,0,0,274,275,274,239,282,282,3,5,-3754,0,0
LMR,5,1,4,4,22,-6758,0,1,0,0,0,-275,-274,-277,-227,-266,-280,4,14,-4080,0,0
LMR,9,6,8,8,2,329,0,0,0,0,0,274,275,252,212,277,280,88,19,-304,0,0
LMR,3,1,2,3,2,-16258,0,1,0,1,0,-223,-222,-248,-23,-78,-184,5,6,-2185,0,1
LMR,4,1,3,3,3,29010,0,1,0,0,0,-237,-236,-242,-189,-228,-236,2,26,-1338,0,0
LMR,4,1,3,3,15,-6452,0,1,0,0,1,-237,-236,-238,-113,-215,-236,2,37,-3794,0,1
LMR,5,2,4,4,3,-12683,0,1,0,1,1,287,288,266,387,288,288,3,10,-2652,0,1
LMR,6,4,5,6,2,-6860,0,1,0,0,1,283,284,58,314,289,285,12,20,3352,0,1
LMR,6,1,5,6,6,-5136,0,1,0,0,0,277,278,244,274,367,327,3,7,-7355,0,0
LMR,7,4,6,7,3,-4242,0,0,0,0,0,-278,-277,-408,-233,-274,-320,8,15,4838,0,0
LMR,7,4,6,7,4,5247,0,0,0,0,0,-278,-277,-320,-233,-213,-259,3,4,6920,0,0
LMR,6,1,5,5,5,5119,0,1,0,0,0,-278,-277,-293,-311,-265,-278,2,8,2338,0,0
LMR,3,1,2,3,2,22785,0,1,0,0,0,273,274,241,394,339,330,2,5,1668,0,0
LMR,3,1,2,3,2,8827,0,0,0,0,0,-291,-290,-301,-363,-192,-290,8,12,4669,0,0
LMR,4,1,3,3,5,-3695,0,1,0,0,0,290,291,273,432,302,290,3,25,1548,0,1
LMR,4,1,3,3,6,-9329,0,1,0,1,0,290,291,290,432,323,291,1,12,1191,0,1
LMR,8,2,7,8,2,24565,0,1,0,0,0,273,274,-31994,344,311,311,3,5,6837,0,0
LMR,3,1,2,3,2,3932,0,1,0,0,0,274,275,-119,-195,772,342,2,5,-2964,1,0
LMR,3,1,2,3,3,-8399,0,0,0,1,0,-275,-274,-881,-304,80,-325,2,10,-3158,0,0
LMR,3,1,2,2,7,-1276,0,0,0,0,0,-275,-274,-302,-304,-274,-274,1,2,-1338,0,0
LMR,6,1,5,6,8,-1276,0,1,0,0,0,274,275,274,63,418,346,5,13,-1338,0,0
LMR,10,5,9,9,4,10197,0,0,0,0,0,-275,-274,-284,-290,-274,-290,37,53,2581,0,0
LMR,11,7,10,9,4,7920,0,1,0,0,1,-275,-274,-278,-248,-271,-271,50,0,2780,0,0
LMR,9,1,8,9,2,-3870,0,1,0,0,0,-275,-274,-331,-126,-182,-274,5,20,185,0,0
LMR,4,1,3,4,4,-5701,0,0,0,0,0,274,275,247,312,443,367,1,3,1676,0,0
LMR,7,1,6,7,2,8401,0,1,0,0,0,-275,-274,-348,-105,-274,-250,6,14,8192,0,0
LMR,5,1,4,5,2,-13688,0,1,0,0,0,-275,-274,-334,-268,1,-251,1,1,-1338,1,0
LMR,4,1,3,4,2,1242,0,0,0,0,0,274,275,-144,38,408,322,4,1,-1338,0,0
LMR,5,1,4,4,2,629,0,1,0,0,0,-275,-274,-296,-196,-251,-312,1,10,-999,0,0
LMR,5,1,4,5,5,-8552,0,1,0,0,0,-275,-274,-296,-196,460,-217,2,6,-1338,0,0
LMR,10,5,9,9,3,5885,0,0,0,0,0,274,275,265,240,283,277,11,12,-1341,0,0
LMR,4,1,3,3,2,298,0,0,0,0,0,-275,-274,-285,-394,-242,-123,2,5,2267,0,0
LMR,11,8,10,9,3,2827,0,0,0,0,1,274,275,274,269,275,275,9,13,3126,0,0
LMR,13,9,12,11,3,3995,0,1,0,0,1,-275,-274,-275,-268,-269,-275,57,95,2091,0,0
LMR,5,2,4,4,6,7327,0,0,0,0,0,-275,-274,-279,-254,-251,-255,2,3,-4984,0,0
LMR,9,7,8,9,2,11508,0,0,1,0,0,-275,-274,-865,-1080,-267,-267,3,18,0,0,0
LMR,12,8,11,11,2,34478,0,1,0,0,0,274,275,267,370,275,275,8,24,7620,0,0
LMR,3,1,2,2,6,-321,0,0,1,0,0,-330,-329,-343,-405,-329,-329,3,3,0,0,0
LMR,3,1,2,3,2,15756,0,1,0,0,0,329,330,329,367,405,329,1,8,2600,0,0
LMR,4,1,3,4,2,3849,0,1,0,0,0,329,330,270,376,335,330,3,27,-1252,0,1
LMR,6,1,5,6,3,-10766,0,1,0,0,0,257,258,218,309,293,293,1,3,-870,0,1
LMR,7,3,6,7,2,24268,0,1,0,0,0,274,275,220,538,400,281,2,2,8192,0,0
LMR,3,1,2,3,2,6313,0,1,0,0,0,308,309,244,484,685,589,0,1,5840,0,1
LMR,3,1,2,2,3,-1810,0,0,0,0,0,-242,-241,-245,-208,-228,-241,2,5,4388,0,0
LMR,6,1,5,5,3,12485,0,1,0,0,0,274,275,248,313,299,299,4,4,-1869,0,0
LMR,4,1,3,4,3,-6902,0,0,0,0,0,-275,-274,-350,-345,-112,-255,1,11,-394,0,0
LMR,4,1,3,4,2,9862,0,1,0,0,0,274,275,238,273,300,258,1,14,-5134,0,0
LMR,5,1,4,5,2,10093,0,1,0,0,0,-275,-274,-446,-132,-131,-176,1,4,7955,0,0
LMR,12,8,11,10,8,-3183,0,0,0,0,1,-275,-274,-275,-265,-274,-274,83,35,3231,0,0
LMR,7,1,6,7,2,19326,0,1,0,0,0,-275,-274,-304,-176,-238,-238,1,18,4485,0,0
LMR,6,1,5,6,2,21830,0,1,0,0,0,-275,-274,-471,-226,-252,-276,3,15,1692,0,0
LMR,5,1,4,5,8,-3904,0,0,0,0,0,-275,-274,-335,-370,-187,-246,2,7,-1145,0,0
LMR,5,1,4,5,6,-4397,0,1,0,0,0,274,275,254,249,325,250,2,18,-1338,0,0
LMR,5,1,4,5,6,-2864,0,0,0,0,0,-275,-274,-355,-310,-249,-254,3,31,-5040,0,0
LMR,6,1,5,5,6,-12263,0,1,0,0,0,274,275,269,482,278,257,2,38,-480,0,0
LMR,3,1,2,3,6,1533,0,1,0,0,0,274,275,271,395,814,637,1,1,-38,0,0
LMR,6,1,5,6,13,-5844,0,0,0,0,0,-275,-274,-299,-326,-240,-235,3,10,-3193,0,0
LMR,6,1,5,6,8,-7812,0,1,0,0,0,274,275,272,482,326,240,2,28,-2175,0,0
LMR,3,1,2,3,5,-21411,0,1,0,1,0,-275,-274,-352,-598,-254,-258,1,1,-3423,0,0
LMR,3,1,2,3,3,12980,0,0,0,0,0,274,275,156,131,494,262,7,5,-2892,0,0
LMR,3,1,2,3,2,3292,0,1,0,0,0,-275,-274,-338,-298,-131,-262,1,16,7581,0,0
LMR,12,7,11,10,3,4873,0,1,0,0,1,274,275,274,259,276,273,31,181,4086,0,0
LMR,4,1,3,4,2,7681,0,1,0,0,0,-275,-274,-302,-222,-227,-235,2,3,3962,0,0
LMR,13,10,12,11,2,5986,0,1,0,0,1,-275,-274,-275,-219,-274,-274,757,0,3681,0,0
LMR,3,1,2,2,3,-4128,0,1,0,0,0,-179,-178,-185,-103,-139,-146,5,5,3319,0,1

===========================
Total time (ms) : 26
Nodes searched  : 20871
Nodes/second    : 802730
LMR_TOTAL,11821,570,390
