Existing nn-134a887f4c8f.nnue validated, skipping download

Config:
debug: 'no'
sanitize: 'none'
optimize: 'yes'
arch: 'arm64'
bits: '64'
kernel: 'Darwin'
os: ''
prefetch: 'yes'
popcnt: 'yes'
pext: 'no'
sse: 'no'
mmx: 'no'
sse2: 'no'
ssse3: 'no'
sse41: 'no'
avx2: 'no'
avxvnni: 'no'
avx512: 'no'
vnni512: 'no'
avx512icl: 'no'
altivec: 'no'
vsx: 'no'
neon: 'yes'
dotprod: 'yes'
arm_version: '8'
lsx: 'no'
lasx: 'no'
syzygy: 'yes'
target_windows: ''

Flags:
CXX: clang++
CXXFLAGS:  -Wall -Wcast-qual -fno-exceptions -std=c++17  -pedantic -Wextra -Wshadow -Wmissing-prototypes -Wconditional-uninitialized -flax-vector-conversions=none -fconstexpr-steps=500000000 -m64 -mmacosx-version-min=10.15 -arch arm64 -DNDEBUG -O3 -funroll-loops -mdynamic-no-pic -DIS_64BIT -DUSE_POPCNT -DUSE_NEON=8 -march=armv8.2-a+dotprod -DUSE_NEON_DOTPROD -DARCH=apple-silicon -flto=full -Xclang -mllvm -Xclang -inline-threshold=500
LDFLAGS:   -m64 -mmacosx-version-min=10.15 -arch arm64 -lpthread  -Wall -Wcast-qual -fno-exceptions -std=c++17  -pedantic -Wextra -Wshadow -Wmissing-prototypes -Wconditional-uninitialized -flax-vector-conversions=none -fconstexpr-steps=500000000 -m64 -mmacosx-version-min=10.15 -arch arm64 -DNDEBUG -O3 -funroll-loops -mdynamic-no-pic -DIS_64BIT -DUSE_POPCNT -DUSE_NEON=8 -march=armv8.2-a+dotprod -DUSE_NEON_DOTPROD -DARCH=apple-silicon -flto=full -Xclang -mllvm -Xclang -inline-threshold=500

Testing config sanity. If this fails, try 'make help' ...


Step 1/4. Building instrumented executable ...
/Applications/Xcode.app/Contents/Developer/usr/bin/make ARCH=apple-silicon COMP=clang clang-profile-make
/Applications/Xcode.app/Contents/Developer/usr/bin/make ARCH=apple-silicon COMP=clang \
	EXTRACXXFLAGS='-fprofile-generate ' \
	EXTRALDFLAGS=' -fprofile-generate' \
	all
clang++ -Wall -Wcast-qual -fno-exceptions -std=c++17 -fprofile-generate -pedantic -Wextra -Wshadow -Wmissing-prototypes -Wconditional-uninitialized -flax-vector-conversions=none -fconstexpr-steps=500000000 -m64 -mmacosx-version-min=10.15 -arch arm64 -DNDEBUG -O3 -funroll-loops -mdynamic-no-pic -DIS_64BIT -DUSE_POPCNT -DUSE_NEON=8 -march=armv8.2-a+dotprod -DUSE_NEON_DOTPROD -DARCH=apple-silicon -flto=full -Xclang -mllvm -Xclang -inline-threshold=500 -c -o attacks.o attacks.cpp
clang++ -Wall -Wcast-qual -fno-exceptions -std=c++17 -fprofile-generate -pedantic -Wextra -Wshadow -Wmissing-prototypes -Wconditional-uninitialized -flax-vector-conversions=none -fconstexpr-steps=500000000 -m64 -mmacosx-version-min=10.15 -arch arm64 -DNDEBUG -O3 -funroll-loops -mdynamic-no-pic -DIS_64BIT -DUSE_POPCNT -DUSE_NEON=8 -march=armv8.2-a+dotprod -DUSE_NEON_DOTPROD -DARCH=apple-silicon -flto=full -Xclang -mllvm -Xclang -inline-threshold=500 -c -o benchmark.o benchmark.cpp
clang++ -Wall -Wcast-qual -fno-exceptions -std=c++17 -fprofile-generate -pedantic -Wextra -Wshadow -Wmissing-prototypes -Wconditional-uninitialized -flax-vector-conversions=none -fconstexpr-steps=500000000 -m64 -mmacosx-version-min=10.15 -arch arm64 -DNDEBUG -O3 -funroll-loops -mdynamic-no-pic -DIS_64BIT -DUSE_POPCNT -DUSE_NEON=8 -march=armv8.2-a+dotprod -DUSE_NEON_DOTPROD -DARCH=apple-silicon -flto=full -Xclang -mllvm -Xclang -inline-threshold=500 -c -o bitboard.o bitboard.cpp
clang++ -Wall -Wcast-qual -fno-exceptions -std=c++17 -fprofile-generate -pedantic -Wextra -Wshadow -Wmissing-prototypes -Wconditional-uninitialized -flax-vector-conversions=none -fconstexpr-steps=500000000 -m64 -mmacosx-version-min=10.15 -arch arm64 -DNDEBUG -O3 -funroll-loops -mdynamic-no-pic -DIS_64BIT -DUSE_POPCNT -DUSE_NEON=8 -march=armv8.2-a+dotprod -DUSE_NEON_DOTPROD -DARCH=apple-silicon -flto=full -Xclang -mllvm -Xclang -inline-threshold=500 -c -o evaluate.o evaluate.cpp
clang++ -Wall -Wcast-qual -fno-exceptions -std=c++17 -fprofile-generate -pedantic -Wextra -Wshadow -Wmissing-prototypes -Wconditional-uninitialized -flax-vector-conversions=none -fconstexpr-steps=500000000 -m64 -mmacosx-version-min=10.15 -arch arm64 -DNDEBUG -O3 -funroll-loops -mdynamic-no-pic -DIS_64BIT -DUSE_POPCNT -DUSE_NEON=8 -march=armv8.2-a+dotprod -DUSE_NEON_DOTPROD -DARCH=apple-silicon -flto=full -Xclang -mllvm -Xclang -inline-threshold=500 -c -o main.o main.cpp
clang++ -Wall -Wcast-qual -fno-exceptions -std=c++17 -fprofile-generate -pedantic -Wextra -Wshadow -Wmissing-prototypes -Wconditional-uninitialized -flax-vector-conversions=none -fconstexpr-steps=500000000 -m64 -mmacosx-version-min=10.15 -arch arm64 -DNDEBUG -O3 -funroll-loops -mdynamic-no-pic -DIS_64BIT -DUSE_POPCNT -DUSE_NEON=8 -march=armv8.2-a+dotprod -DUSE_NEON_DOTPROD -DARCH=apple-silicon -flto=full -Xclang -mllvm -Xclang -inline-threshold=500 -DGIT_SHA=031dfeb4 -DGIT_DATE=20260913 -DGIT_DIFFINDEX=1 -c -o misc.o misc.cpp
In file included from attacks.cpp:19:
In file included from ./attacks.h:22:
In file included from /Applications/Xcode.app/Contents/Developer/Platforms/MacOSX.platform/Developer/SDKs/MacOSX.sdk/usr/include/c++/v1/cassert:22:
In file included from /Applications/Xcode.app/Contents/Developer/Platforms/MacOSX.platform/Developer/SDKs/MacOSX.sdk/usr/include/c++/v1/__config:15:
/Applications/Xcode.app/Contents/Developer/Platforms/MacOSX.platform/Developer/SDKs/MacOSX.sdk/usr/include/c++/v1/__configuration/availability.h:204:4: warning: "The selected platform is no longer supported by libc++." [-W#warnings]
  204 | #  warning In file included from benchmark.cppIn file included from evaluate.cpp:19:
In file included from "The sIn file included from bitboard.cpp./evaluate.h:22:
:19:
In file included from main.cpp::19:
In file included from ./benchmark.h:In file included from /Applications/Xcode.app/Contents/Developer/Platforms/MacOSX.platform/Developer/SDKs/MacOSX.sdk/usr/include/c++/v1/string:elected22:
In file included from In file included from /Applications/Xcode.app/Contents/Developer/Platforms/MacOSX.platform/Developer/SDKs/MacOSX.sdk/usr/include/c++/v1/iosfwd: plat594:
In file included from 19:
/Applications/Xcode.app/Contents/Developer/Platforms/MacOSX.platform/Developer/SDKs/MacOSX.sdk/usr/include/c++/v1/__algorithm/max.h:form./bitboard.h:22:
In file included from /Applications/Xcode.app/Contents/Developer/Platforms/MacOSX.platform/Developer/SDKs/MacOSX.sdk/usr/include/c++/v1/algorithmIn file included from /Applications/Xcode.app/Contents/Developer/Platforms/MacOSX.platform/Developer/SDKs/MacOSX.sdk/usr/include/c++/v1/iostream::1840111:
In file included from /Applications/Xcode.app/Contents/Developer/Platforms/MacOSX.platform/Developer/SDKs/MacOSX.sdk/usr/include/c++/v1/__config isIn file included from misc.cpp:19:
In file included from 39:
In file included from /Applications/Xcode.app/Contents/Developer/Platforms/MacOSX.platform/Developer/SDKs/MacOSX.sdk/usr/include/c++/v1/__config no:
In file included from /Applications/Xcode.app/Contents/Developer/Platforms/MacOSX.platform/Developer/SDKs/MacOSX.sdk/usr/include/c++/v1/__config:15:15:
/Applications/Xcode.app/Contents/Developer/Platforms/MacOSX.platform/Developer/SDKs/MacOSX.sdk/usr/include/c++/v1/__configuration/availability.h12:
In file included from /Applications/Xcode.app/Contents/Developer/Platforms/MacOSX.platform/Developer/SDKs/MacOSX.sdk/usr/include/c++/v1/__algorithm/comp.h:15:
 l:204:4:
/Applications/Xcode.app/Contents/Developer/Platforms/MacOSX.platform/Developer/SDKs/MacOSX.sdk/usr/include/c++/v1/__configuration/availability.h./misc.h::204:4::/Applications/Xcode.app/Contents/Developer/Platforms/MacOSX.platform/Developer/SDKs/MacOSX.sdk/usr/include/c++/v1/__configuration/availability.h12 warning: onger 22su:
In file included from /Applications/Xcode.app/Contents/Developer/Platforms/MacOSX.platform/Developer/SDKs/MacOSX.sdk/usr/include/c++/v1/__config"The selected platform is no longer supported by libc++." [-W#warnings]
::
In file included from /Applications/Xcode.app/Contents/Developer/Platforms/MacOSX.platform/Developer/SDKs/MacOSX.sdk/usr/include/c++/v1/algorithm::15:
/Applications/Xcode.app/Contents/Developer/Platforms/MacOSX.platform/Developer/SDKs/MacOSX.sdk/usr/include/c++/v1/__configuration/availability.h warning: "The selected platform is no longer supported by libc++." [-W#warnings]
p1840:
  204 | :204:  204 | :204:44: warning: "The selected platform is no longer supported by libc++." [-W#warnings]
In file included from /Applications/Xcode.app/Contents/Developer/Platforms/MacOSX.platform/Developer/SDKs/MacOSX.sdk/usr/include/c++/v1/__config:15:
# /Applications/Xcode.app/Contents/Developer/Platforms/MacOSX.platform/Developer/SDKs/MacOSX.sdk/usr/include/c++/v1/__configuration/availability.h:204:4: port: warning: "The selected platform is no longer supported by libc++." [-W#warnings]ed bwarning: "The selected platform is no longer supported by libc++." [-W#warnings] warnin
  #  w  y
204  204 |  lib#  c++waarning g "T.204" | r | n#  "The i#ng "T 
se      lwected| he he s   ^
s wa pelarninlectedeleg "Ttform is phe no l sellatfoonecrtedger su plappoarningm cted platform "The itform selected platf is noorm is no lrteisd by liobc++.n"
      ger s no longer sup long noporte longsuper ser d bsupporpuppoted byy libc libc+|    ^
rted by libc++.orte+."
      |    ^
"
d       | by   ^
++."
      |    ^
 libc++."
      |    ^
1 warning generated.
clang++ -Wall -Wcast-qual -fno-exceptions -std=c++17 -fprofile-generate -pedantic -Wextra -Wshadow -Wmissing-prototypes -Wconditional-uninitialized -flax-vector-conversions=none -fconstexpr-steps=500000000 -m64 -mmacosx-version-min=10.15 -arch arm64 -DNDEBUG -O3 -funroll-loops -mdynamic-no-pic -DIS_64BIT -DUSE_POPCNT -DUSE_NEON=8 -march=armv8.2-a+dotprod -DUSE_NEON_DOTPROD -DARCH=apple-silicon -flto=full -Xclang -mllvm -Xclang -inline-threshold=500 -c -o movegen.o movegen.cpp
In file included from movegen.cpp:19:
In file included from ./movegen.h:22:
In file included from /Applications/Xcode.app/Contents/Developer/Platforms/MacOSX.platform/Developer/SDKs/MacOSX.sdk/usr/include/c++/v1/algorithm:1840:
In file included from /Applications/Xcode.app/Contents/Developer/Platforms/MacOSX.platform/Developer/SDKs/MacOSX.sdk/usr/include/c++/v1/__config:15:
/Applications/Xcode.app/Contents/Developer/Platforms/MacOSX.platform/Developer/SDKs/MacOSX.sdk/usr/include/c++/v1/__configuration/availability.h:204:4: warning: "The selected platform is no longer supported by libc++." [-W#warnings]
  204 | #  warning "The selected platform is no longer supported by libc++."
      |    ^
1 warning generated.
clang++ -Wall -Wcast-qual -fno-exceptions -std=c++17 -fprofile-generate -pedantic -Wextra -Wshadow -Wmissing-prototypes -Wconditional-uninitialized -flax-vector-conversions=none -fconstexpr-steps=500000000 -m64 -mmacosx-version-min=10.15 -arch arm64 -DNDEBUG -O3 -funroll-loops -mdynamic-no-pic -DIS_64BIT -DUSE_POPCNT -DUSE_NEON=8 -march=armv8.2-a+dotprod -DUSE_NEON_DOTPROD -DARCH=apple-silicon -flto=full -Xclang -mllvm -Xclang -inline-threshold=500 -c -o movepick.o movepick.cpp
In file included from movepick.cpp:19:
In file included from ./movepick.h:22:
In file included from ./history.h:22:
In file included from /Applications/Xcode.app/Contents/Developer/Platforms/MacOSX.platform/Developer/SDKs/MacOSX.sdk/usr/include/c++/v1/algorithm:1840:
In file included from /Applications/Xcode.app/Contents/Developer/Platforms/MacOSX.platform/Developer/SDKs/MacOSX.sdk/usr/include/c++/v1/__config:15:
/Applications/Xcode.app/Contents/Developer/Platforms/MacOSX.platform/Developer/SDKs/MacOSX.sdk/usr/include/c++/v1/__configuration/availability.h:204:4: warning: "The selected platform is no longer supported by libc++." [-W#warnings]
  204 | #  warning "The selected platform is no longer supported by libc++."
      |    ^
1 warning generated.
clang++ -Wall -Wcast-qual -fno-exceptions -std=c++17 -fprofile-generate -pedantic -Wextra -Wshadow -Wmissing-prototypes -Wconditional-uninitialized -flax-vector-conversions=none -fconstexpr-steps=500000000 -m64 -mmacosx-version-min=10.15 -arch arm64 -DNDEBUG -O3 -funroll-loops -mdynamic-no-pic -DIS_64BIT -DUSE_POPCNT -DUSE_NEON=8 -march=armv8.2-a+dotprod -DUSE_NEON_DOTPROD -DARCH=apple-silicon -flto=full -Xclang -mllvm -Xclang -inline-threshold=500 -c -o position.o position.cpp
In file included from position.cpp:19:
In file included from ./position.h:22:
In file included from /Applications/Xcode.app/Contents/Developer/Platforms/MacOSX.platform/Developer/SDKs/MacOSX.sdk/usr/include/c++/v1/array:117:
In file included from /Applications/Xcode.app/Contents/Developer/Platforms/MacOSX.platform/Developer/SDKs/MacOSX.sdk/usr/include/c++/v1/__algorithm/equal.h:13:
In file included from /Applications/Xcode.app/Contents/Developer/Platforms/MacOSX.platform/Developer/SDKs/MacOSX.sdk/usr/include/c++/v1/__algorithm/comp.h:12:
In file included from /Applications/Xcode.app/Contents/Developer/Platforms/MacOSX.platform/Developer/SDKs/MacOSX.sdk/usr/include/c++/v1/__config:15:
/Applications/Xcode.app/Contents/Developer/Platforms/MacOSX.platform/Developer/SDKs/MacOSX.sdk/usr/include/c++/v1/__configuration/availability.h:204:4: warning: "The selected platform is no longer supported by libc++." [-W#warnings]
  204 | #  warning "The selected platform is no longer supported by libc++."
      |    ^
1 warning generated.
clang++ -Wall -Wcast-qual -fno-exceptions -std=c++17 -fprofile-generate -pedantic -Wextra -Wshadow -Wmissing-prototypes -Wconditional-uninitialized -flax-vector-conversions=none -fconstexpr-steps=500000000 -m64 -mmacosx-version-min=10.15 -arch arm64 -DNDEBUG -O3 -funroll-loops -mdynamic-no-pic -DIS_64BIT -DUSE_POPCNT -DUSE_NEON=8 -march=armv8.2-a+dotprod -DUSE_NEON_DOTPROD -DARCH=apple-silicon -flto=full -Xclang -mllvm -Xclang -inline-threshold=500 -c -o search.o search.cpp
In file included from search.cpp:19:
In file included from ./search.h:22:
In file included from /Applications/Xcode.app/Contents/Developer/Platforms/MacOSX.platform/Developer/SDKs/MacOSX.sdk/usr/include/c++/v1/algorithm:1840:
In file included from /Applications/Xcode.app/Contents/Developer/Platforms/MacOSX.platform/Developer/SDKs/MacOSX.sdk/usr/include/c++/v1/__config:15:
/Applications/Xcode.app/Contents/Developer/Platforms/MacOSX.platform/Developer/SDKs/MacOSX.sdk/usr/include/c++/v1/__configuration/availability.h:204:4: warning: "The selected platform is no longer supported by libc++." [-W#warnings]
  204 | #  warning "The selected platform is no longer supported by libc++."
      |    ^
1 warning generated.
clang++ -Wall -Wcast-qual -fno-exceptions -std=c++17 -fprofile-generate -pedantic -Wextra -Wshadow -Wmissing-prototypes -Wconditional-uninitialized -flax-vector-conversions=none -fconstexpr-steps=500000000 -m64 -mmacosx-version-min=10.15 -arch arm64 -DNDEBUG -O3 -funroll-loops -mdynamic-no-pic -DIS_64BIT -DUSE_POPCNT -DUSE_NEON=8 -march=armv8.2-a+dotprod -DUSE_NEON_DOTPROD -DARCH=apple-silicon -flto=full -Xclang -mllvm -Xclang -inline-threshold=500 -c -o thread.o thread.cpp
In file included from thread.cpp:19:
In file included from ./thread.h:22:
In file included from /Applications/Xcode.app/Contents/Developer/Platforms/MacOSX.platform/Developer/SDKs/MacOSX.sdk/usr/include/c++/v1/atomic:593:
In file included from /Applications/Xcode.app/Contents/Developer/Platforms/MacOSX.platform/Developer/SDKs/MacOSX.sdk/usr/include/c++/v1/__config:15:
/Applications/Xcode.app/Contents/Developer/Platforms/MacOSX.platform/Developer/SDKs/MacOSX.sdk/usr/include/c++/v1/__configuration/availability.h:204:4: warning: "The selected platform is no longer supported by libc++." [-W#warnings]
  204 | #  warning "The selected platform is no longer supported by libc++."
      |    ^
1 warning generated.
1 warning generated.
clang++ -Wall -Wcast-qual -fno-exceptions -std=c++17 -fprofile-generate -pedantic -Wextra -Wshadow -Wmissing-prototypes -Wconditional-uninitialized -flax-vector-conversions=none -fconstexpr-steps=500000000 -m64 -mmacosx-version-min=10.15 -arch arm64 -DNDEBUG -O3 -funroll-loops -mdynamic-no-pic -DIS_64BIT -DUSE_POPCNT -DUSE_NEON=8 -march=armv8.2-a+dotprod -DUSE_NEON_DOTPROD -DARCH=apple-silicon -flto=full -Xclang -mllvm -Xclang -inline-threshold=500 -c -o timeman.o timeman.cpp
clang++ -Wall -Wcast-qual -fno-exceptions -std=c++17 -fprofile-generate -pedantic -Wextra -Wshadow -Wmissing-prototypes -Wconditional-uninitialized -flax-vector-conversions=none -fconstexpr-steps=500000000 -m64 -mmacosx-version-min=10.15 -arch arm64 -DNDEBUG -O3 -funroll-loops -mdynamic-no-pic -DIS_64BIT -DUSE_POPCNT -DUSE_NEON=8 -march=armv8.2-a+dotprod -DUSE_NEON_DOTPROD -DARCH=apple-silicon -flto=full -Xclang -mllvm -Xclang -inline-threshold=500 -c -o tt.o tt.cpp
In file included from tt.cpp:19:
In file included from ./tt.h:22:
In file included from /Applications/Xcode.app/Contents/Developer/Platforms/MacOSX.platform/Developer/SDKs/MacOSX.sdk/usr/include/c++/v1/tuple:221In file included from :
In file included from /Applications/Xcode.app/Contents/Developer/Platforms/MacOSX.platform/Developer/SDKs/MacOSX.sdk/usr/include/c++/v1/__compare/common_comparison_category.h:12:
In file included from /Applications/Xcode.app/Contents/Developer/Platforms/MacOSX.platform/Developer/SDKs/MacOSX.sdk/usr/include/c++/v1/__compare/ordering.h:12:
In file included from /Applications/Xcode.app/Contents/Developer/Platforms/MacOSX.platform/Developer/SDKs/MacOSX.sdk/usr/include/c++/v1/__config:15:
/Applications/Xcode.app/Contents/Developer/Platforms/MacOSX.platform/Developer/SDKs/MacOSX.sdk/usr/include/c++/v1/__configuration/availability.h:204:4: warning: "The selected platform is no longer supported by libc++." [-W#warnings]
timeman.cpp:19:
In file included from ./timeman.h:23:
In file included from /Applications/Xcode.app/Contents/Developer/Platforms/MacOSX.platform/Developer/SDKs/MacOSX.sdk/usr/include/c++/v1/limits:108:
In file included from /Applications/Xcode.app/Contents/Developer/Platforms/MacOSX.platform/Developer/SDKs/MacOSX.sdk/usr/include/c++/v1/__config:15:
/Applications/Xcode.app/Contents/Developer/Platforms/MacOSX.platform/Developer/SDKs/MacOSX.sdk/usr/include/c++/v1/__configuration/availability.h:  204 | #  warning "The selected platform is no longer supported by libc++."
      |    ^
204:4: warning: "The selected platform is no longer supported by libc++." [-W#warnings]
  204 | #  warning "The selected platform is no longer supported by libc++."
      |    ^
1 warning generated.
clang++ -Wall -Wcast-qual -fno-exceptions -std=c++17 -fprofile-generate -pedantic -Wextra -Wshadow -Wmissing-prototypes -Wconditional-uninitialized -flax-vector-conversions=none -fconstexpr-steps=500000000 -m64 -mmacosx-version-min=10.15 -arch arm64 -DNDEBUG -O3 -funroll-loops -mdynamic-no-pic -DIS_64BIT -DUSE_POPCNT -DUSE_NEON=8 -march=armv8.2-a+dotprod -DUSE_NEON_DOTPROD -DARCH=apple-silicon -flto=full -Xclang -mllvm -Xclang -inline-threshold=500 -c -o uci.o uci.cpp
In file included from uci.cpp:19:
In file included from ./uci.h:22:
In file included from /Applications/Xcode.app/Contents/Developer/Platforms/MacOSX.platform/Developer/SDKs/MacOSX.sdk/usr/include/c++/v1/iostream:39:
In file included from /Applications/Xcode.app/Contents/Developer/Platforms/MacOSX.platform/Developer/SDKs/MacOSX.sdk/usr/include/c++/v1/__config:15:
/Applications/Xcode.app/Contents/Developer/Platforms/MacOSX.platform/Developer/SDKs/MacOSX.sdk/usr/include/c++/v1/__configuration/availability.h:204:4: warning: "The selected platform is no longer supported by libc++." [-W#warnings]
  204 | #  warning "The selected platform is no longer supported by libc++."
      |    ^
1 warning generated.
clang++ -Wall -Wcast-qual -fno-exceptions -std=c++17 -fprofile-generate -pedantic -Wextra -Wshadow -Wmissing-prototypes -Wconditional-uninitialized -flax-vector-conversions=none -fconstexpr-steps=500000000 -m64 -mmacosx-version-min=10.15 -arch arm64 -DNDEBUG -O3 -funroll-loops -mdynamic-no-pic -DIS_64BIT -DUSE_POPCNT -DUSE_NEON=8 -march=armv8.2-a+dotprod -DUSE_NEON_DOTPROD -DARCH=apple-silicon -flto=full -Xclang -mllvm -Xclang -inline-threshold=500 -c -o ucioption.o ucioption.cpp
In file included from ucioption.cpp:19:
In file included from ./ucioption.h:22:
In file included from /Applications/Xcode.app/Contents/Developer/Platforms/MacOSX.platform/Developer/SDKs/MacOSX.sdk/usr/include/c++/v1/functional:535:
In file included from /Applications/Xcode.app/Contents/Developer/Platforms/MacOSX.platform/Developer/SDKs/MacOSX.sdk/usr/include/c++/v1/__config:15:
/Applications/Xcode.app/Contents/Developer/Platforms/MacOSX.platform/Developer/SDKs/MacOSX.sdk/usr/include/c++/v1/__configuration/availability.h:204:4: warning: "The selected platform is no longer supported by libc++." [-W#warnings]
  204 | #  warning "The selected platform is no longer supported by libc++."
      |    ^
1 warning generated.
clang++ -Wall -Wcast-qual -fno-exceptions -std=c++17 -fprofile-generate -pedantic -Wextra -Wshadow -Wmissing-prototypes -Wconditional-uninitialized -flax-vector-conversions=none -fconstexpr-steps=500000000 -m64 -mmacosx-version-min=10.15 -arch arm64 -DNDEBUG -O3 -funroll-loops -mdynamic-no-pic -DIS_64BIT -DUSE_POPCNT -DUSE_NEON=8 -march=armv8.2-a+dotprod -DUSE_NEON_DOTPROD -DARCH=apple-silicon -flto=full -Xclang -mllvm -Xclang -inline-threshold=500 -c -o tune.o tune.cpp
In file included from tune.cpp:19:
In file included from ./tune.h:22:
In file included from /Applications/Xcode.app/Contents/Developer/Platforms/MacOSX.platform/Developer/SDKs/MacOSX.sdk/usr/include/c++/v1/memory:943:
In file included from /Applications/Xcode.app/Contents/Developer/Platforms/MacOSX.platform/Developer/SDKs/MacOSX.sdk/usr/include/c++/v1/__config:15:
/Applications/Xcode.app/Contents/Developer/Platforms/MacOSX.platform/Developer/SDKs/MacOSX.sdk/usr/include/c++/v1/__configuration/availability.h:204:4: warning: "The selected platform is no longer supported by libc++." [-W#warnings]
  204 | #  warning "The selected platform is no longer supported by libc++."
      |    ^
1 warning generated.
clang++ -Wall -Wcast-qual -fno-exceptions -std=c++17 -fprofile-generate -pedantic -Wextra -Wshadow -Wmissing-prototypes -Wconditional-uninitialized -flax-vector-conversions=none -fconstexpr-steps=500000000 -m64 -mmacosx-version-min=10.15 -arch arm64 -DNDEBUG -O3 -funroll-loops -mdynamic-no-pic -DIS_64BIT -DUSE_POPCNT -DUSE_NEON=8 -march=armv8.2-a+dotprod -DUSE_NEON_DOTPROD -DARCH=apple-silicon -flto=full -Xclang -mllvm -Xclang -inline-threshold=500 -c -o tbprobe.o syzygy/tbprobe.cpp
In file included from syzygy/tbprobe.cpp:19:
In file included from syzygy/tbprobe.h:22:
In file included from /Applications/Xcode.app/Contents/Developer/Platforms/MacOSX.platform/Developer/SDKs/MacOSX.sdk/usr/include/c++/v1/functional:535:
In file included from /Applications/Xcode.app/Contents/Developer/Platforms/MacOSX.platform/Developer/SDKs/MacOSX.sdk/usr/include/c++/v1/__config:15:
/Applications/Xcode.app/Contents/Developer/Platforms/MacOSX.platform/Developer/SDKs/MacOSX.sdk/usr/include/c++/v1/__configuration/availability.h:204:4: warning: "The selected platform is no longer supported by libc++." [-W#warnings]
  204 | #  warning "The selected platform is no longer supported by libc++."
      |    ^
1 warning generated.
clang++ -Wall -Wcast-qual -fno-exceptions -std=c++17 -fprofile-generate -pedantic -Wextra -Wshadow -Wmissing-prototypes -Wconditional-uninitialized -flax-vector-conversions=none -fconstexpr-steps=500000000 -m64 -mmacosx-version-min=10.15 -arch arm64 -DNDEBUG -O3 -funroll-loops -mdynamic-no-pic -DIS_64BIT -DUSE_POPCNT -DUSE_NEON=8 -march=armv8.2-a+dotprod -DUSE_NEON_DOTPROD -DARCH=apple-silicon -flto=full -Xclang -mllvm -Xclang -inline-threshold=500 -c -o nnue_accumulator.o nnue/nnue_accumulator.cpp
1 warning generated.
clang++ -Wall -Wcast-qual -fno-exceptions -std=c++17 -fprofile-generate -pedantic -Wextra -Wshadow -Wmissing-prototypes -Wconditional-uninitialized -flax-vector-conversions=none -fconstexpr-steps=500000000 -m64 -mmacosx-version-min=10.15 -arch arm64 -DNDEBUG -O3 -funroll-loops -mdynamic-no-pic -DIS_64BIT -DUSE_POPCNT -DUSE_NEON=8 -march=armv8.2-a+dotprod -DUSE_NEON_DOTPROD -DARCH=apple-silicon -flto=full -Xclang -mllvm -Xclang -inline-threshold=500 -c -o nnue_misc.o nnue/nnue_misc.cpp
In file included from nnue/nnue_accumulator.cpp:19:
In file included from nnue/nnue_accumulator.h:24:
In file included from /Applications/Xcode.app/Contents/Developer/Platforms/MacOSX.platform/Developer/SDKs/MacOSX.sdk/usr/include/c++/v1/array:117:
In file included from /Applications/Xcode.app/Contents/Developer/Platforms/MacOSX.platform/Developer/SDKs/MacOSX.sdk/usr/include/c++/v1/__algorithm/equal.h:13:
In file included from /Applications/Xcode.app/Contents/Developer/Platforms/MacOSX.platform/Developer/SDKs/MacOSX.sdk/usr/include/c++/v1/__algorithm/comp.h:12:
In file included from /Applications/Xcode.app/Contents/Developer/Platforms/MacOSX.platform/Developer/SDKs/MacOSX.sdk/usr/include/c++/v1/__config:15:
/Applications/Xcode.app/Contents/Developer/Platforms/MacOSX.platform/Developer/SDKs/MacOSX.sdk/usr/include/c++/v1/__configuration/availability.h:204:4: warning: "The selected platform is no longer supported by libc++." [-W#warnings]
  204 | #  warning "The selected platform is no longer supported by libc++."
      |    ^
In file included from nnue/nnue_misc.cpp:21:
In file included from nnue/nnue_misc.h:22:
In file included from /Applications/Xcode.app/Contents/Developer/Platforms/MacOSX.platform/Developer/SDKs/MacOSX.sdk/usr/include/c++/v1/string:594:
In file included from /Applications/Xcode.app/Contents/Developer/Platforms/MacOSX.platform/Developer/SDKs/MacOSX.sdk/usr/include/c++/v1/__algorithm/max.h:12:
In file included from /Applications/Xcode.app/Contents/Developer/Platforms/MacOSX.platform/Developer/SDKs/MacOSX.sdk/usr/include/c++/v1/__algorithm/comp.h:12:
In file included from /Applications/Xcode.app/Contents/Developer/Platforms/MacOSX.platform/Developer/SDKs/MacOSX.sdk/usr/include/c++/v1/__config:15:
/Applications/Xcode.app/Contents/Developer/Platforms/MacOSX.platform/Developer/SDKs/MacOSX.sdk/usr/include/c++/v1/__configuration/availability.h:204:4: warning: "The selected platform is no longer supported by libc++." [-W#warnings]
  204 | #  warning "The selected platform is no longer supported by libc++."
      |    ^
1 warning generated.
clang++ -Wall -Wcast-qual -fno-exceptions -std=c++17 -fprofile-generate -pedantic -Wextra -Wshadow -Wmissing-prototypes -Wconditional-uninitialized -flax-vector-conversions=none -fconstexpr-steps=500000000 -m64 -mmacosx-version-min=10.15 -arch arm64 -DNDEBUG -O3 -funroll-loops -mdynamic-no-pic -DIS_64BIT -DUSE_POPCNT -DUSE_NEON=8 -march=armv8.2-a+dotprod -DUSE_NEON_DOTPROD -DARCH=apple-silicon -flto=full -Xclang -mllvm -Xclang -inline-threshold=500 -c -o network.o nnue/network.cpp
In file included from nnue/network.cpp:19:
In file included from nnue/network.h:22:
In file included from /Applications/Xcode.app/Contents/Developer/Platforms/MacOSX.platform/Developer/SDKs/MacOSX.sdk/usr/include/c++/v1/functional:535:
In file included from /Applications/Xcode.app/Contents/Developer/Platforms/MacOSX.platform/Developer/SDKs/MacOSX.sdk/usr/include/c++/v1/__config:15:
/Applications/Xcode.app/Contents/Developer/Platforms/MacOSX.platform/Developer/SDKs/MacOSX.sdk/usr/include/c++/v1/__configuration/availability.h:204:4: warning: "The selected platform is no longer supported by libc++." [-W#warnings]
  204 | #  warning "The selected platform is no longer supported by libc++."
      |    ^
1 warning generated.
clang++ -Wall -Wcast-qual -fno-exceptions -std=c++17 -fprofile-generate -pedantic -Wextra -Wshadow -Wmissing-prototypes -Wconditional-uninitialized -flax-vector-conversions=none -fconstexpr-steps=500000000 -m64 -mmacosx-version-min=10.15 -arch arm64 -DNDEBUG -O3 -funroll-loops -mdynamic-no-pic -DIS_64BIT -DUSE_POPCNT -DUSE_NEON=8 -march=armv8.2-a+dotprod -DUSE_NEON_DOTPROD -DARCH=apple-silicon -flto=full -Xclang -mllvm -Xclang -inline-threshold=500 -c -o half_ka_v2_hm.o nnue/features/half_ka_v2_hm.cpp
In file included from nnue/features/half_ka_v2_hm.cpp:21:
In file included from nnue/features/half_ka_v2_hm.h:24:
In file included from nnue/features/../../misc.h:22:
In file included from /Applications/Xcode.app/Contents/Developer/Platforms/MacOSX.platform/Developer/SDKs/MacOSX.sdk/usr/include/c++/v1/algorithm:1840:
In file included from /Applications/Xcode.app/Contents/Developer/Platforms/MacOSX.platform/Developer/SDKs/MacOSX.sdk/usr/include/c++/v1/__config:15:
/Applications/Xcode.app/Contents/Developer/Platforms/MacOSX.platform/Developer/SDKs/MacOSX.sdk/usr/include/c++/v1/__configuration/availability.h:204:4: warning: "The selected platform is no longer supported by libc++." [-W#warnings]
  204 | #  warning "The selected platform is no longer supported by libc++."
      |    ^
1 warning generated.
clang++ -Wall -Wcast-qual -fno-exceptions -std=c++17 -fprofile-generate -pedantic -Wextra -Wshadow -Wmissing-prototypes -Wconditional-uninitialized -flax-vector-conversions=none -fconstexpr-steps=500000000 -m64 -mmacosx-version-min=10.15 -arch arm64 -DNDEBUG -O3 -funroll-loops -mdynamic-no-pic -DIS_64BIT -DUSE_POPCNT -DUSE_NEON=8 -march=armv8.2-a+dotprod -DUSE_NEON_DOTPROD -DARCH=apple-silicon -flto=full -Xclang -mllvm -Xclang -inline-threshold=500 -c -o full_threats.o nnue/features/full_threats.cpp
In file included from nnue/features/full_threats.cpp:21:
In file included from nnue/features/full_threats.h:22:
In file included from nnue/features/../../misc.h:22:
In file included from /Applications/Xcode.app/Contents/Developer/Platforms/MacOSX.platform/Developer/SDKs/MacOSX.sdk/usr/include/c++/v1/algorithm:1840:
In file included from /Applications/Xcode.app/Contents/Developer/Platforms/MacOSX.platform/Developer/SDKs/MacOSX.sdk/usr/include/c++/v1/__config:15:
/Applications/Xcode.app/Contents/Developer/Platforms/MacOSX.platform/Developer/SDKs/MacOSX.sdk/usr/include/c++/v1/__configuration/availability.h:204:4: warning: "The selected platform is no longer supported by libc++." [-W#warnings]
  204 | #  warning "The selected platform is no longer supported by libc++."
      |    ^
1 warning generated.
clang++ -Wall -Wcast-qual -fno-exceptions -std=c++17 -fprofile-generate -pedantic -Wextra -Wshadow -Wmissing-prototypes -Wconditional-uninitialized -flax-vector-conversions=none -fconstexpr-steps=500000000 -m64 -mmacosx-version-min=10.15 -arch arm64 -DNDEBUG -O3 -funroll-loops -mdynamic-no-pic -DIS_64BIT -DUSE_POPCNT -DUSE_NEON=8 -march=armv8.2-a+dotprod -DUSE_NEON_DOTPROD -DARCH=apple-silicon -flto=full -Xclang -mllvm -Xclang -inline-threshold=500 -c -o pp_3wide.o nnue/features/pp_3wide.cpp
1 warning generated.
clang++ -Wall -Wcast-qual -fno-exceptions -std=c++17 -fprofile-generate -pedantic -Wextra -Wshadow -Wmissing-prototypes -Wconditional-uninitialized -flax-vector-conversions=none -fconstexpr-steps=500000000 -m64 -mmacosx-version-min=10.15 -arch arm64 -DNDEBUG -O3 -funroll-loops -mdynamic-no-pic -DIS_64BIT -DUSE_POPCNT -DUSE_NEON=8 -march=armv8.2-a+dotprod -DUSE_NEON_DOTPROD -DARCH=apple-silicon -flto=full -Xclang -mllvm -Xclang -inline-threshold=500 -c -o engine.o engine.cpp
In file included from nnue/features/pp_3wide.cpp:19:
In file included from nnue/features/pp_3wide.h:22:
In file included from nnue/features/../../misc.h:22:
In file included from /Applications/Xcode.app/Contents/Developer/Platforms/MacOSX.platform/Developer/SDKs/MacOSX.sdk/usr/include/c++/v1/algorithm:1840:
In file included from /Applications/Xcode.app/Contents/Developer/Platforms/MacOSX.platform/Developer/SDKs/MacOSX.sdk/usr/include/c++/v1/__config:15:
/Applications/Xcode.app/Contents/Developer/Platforms/MacOSX.platform/Developer/SDKs/MacOSX.sdk/usr/include/c++/v1/__configuration/availability.h:204:4: warning: "The selected platform is no longer supported by libc++." [-W#warnings]
  204 | #  warning "The selected platform is no longer supported by libc++."
      |    ^
In file included from engine.cpp:19:
In file included from ./engine.h:22:
In file included from /Applications/Xcode.app/Contents/Developer/Platforms/MacOSX.platform/Developer/SDKs/MacOSX.sdk/usr/include/c++/v1/functional:535:
In file included from /Applications/Xcode.app/Contents/Developer/Platforms/MacOSX.platform/Developer/SDKs/MacOSX.sdk/usr/include/c++/v1/__config:15:
/Applications/Xcode.app/Contents/Developer/Platforms/MacOSX.platform/Developer/SDKs/MacOSX.sdk/usr/include/c++/v1/__configuration/availability.h:204:4: warning: "The selected platform is no longer supported by libc++." [-W#warnings]
  204 | #  warning "The selected platform is no longer supported by libc++."
      |    ^
1 warning generated.
clang++ -Wall -Wcast-qual -fno-exceptions -std=c++17 -fprofile-generate -pedantic -Wextra -Wshadow -Wmissing-prototypes -Wconditional-uninitialized -flax-vector-conversions=none -fconstexpr-steps=500000000 -m64 -mmacosx-version-min=10.15 -arch arm64 -DNDEBUG -O3 -funroll-loops -mdynamic-no-pic -DIS_64BIT -DUSE_POPCNT -DUSE_NEON=8 -march=armv8.2-a+dotprod -DUSE_NEON_DOTPROD -DARCH=apple-silicon -flto=full -Xclang -mllvm -Xclang -inline-threshold=500 -c -o score.o score.cpp
In file included from score.cpp:19:
In file included from ./score.h:22:
In file included from /Applications/Xcode.app/Contents/Developer/Platforms/MacOSX.platform/Developer/SDKs/MacOSX.sdk/usr/include/c++/v1/variant:218:
In file included from /Applications/Xcode.app/Contents/Developer/Platforms/MacOSX.platform/Developer/SDKs/MacOSX.sdk/usr/include/c++/v1/__compare/common_comparison_category.h:12:
In file included from /Applications/Xcode.app/Contents/Developer/Platforms/MacOSX.platform/Developer/SDKs/MacOSX.sdk/usr/include/c++/v1/__compare/ordering.h:12:
In file included from /Applications/Xcode.app/Contents/Developer/Platforms/MacOSX.platform/Developer/SDKs/MacOSX.sdk/usr/include/c++/v1/__config:15:
/Applications/Xcode.app/Contents/Developer/Platforms/MacOSX.platform/Developer/SDKs/MacOSX.sdk/usr/include/c++/v1/__configuration/availability.h:204:4: warning: "The selected platform is no longer supported by libc++." [-W#warnings]
  204 | #  warning "The selected platform is no longer supported by libc++."
      |    ^
1 warning generated.
clang++ -Wall -Wcast-qual -fno-exceptions -std=c++17 -fprofile-generate -pedantic -Wextra -Wshadow -Wmissing-prototypes -Wconditional-uninitialized -flax-vector-conversions=none -fconstexpr-steps=500000000 -m64 -mmacosx-version-min=10.15 -arch arm64 -DNDEBUG -O3 -funroll-loops -mdynamic-no-pic -DIS_64BIT -DUSE_POPCNT -DUSE_NEON=8 -march=armv8.2-a+dotprod -DUSE_NEON_DOTPROD -DARCH=apple-silicon -flto=full -Xclang -mllvm -Xclang -inline-threshold=500 -c -o memory.o memory.cpp
In file included from memory.cpp:19:
In file included from ./memory.h:22:
In file included from /Applications/Xcode.app/Contents/Developer/Platforms/MacOSX.platform/Developer/SDKs/MacOSX.sdk/usr/include/c++/v1/algorithm:1840:
In file included from /Applications/Xcode.app/Contents/Developer/Platforms/MacOSX.platform/Developer/SDKs/MacOSX.sdk/usr/include/c++/v1/__config:15:
/Applications/Xcode.app/Contents/Developer/Platforms/MacOSX.platform/Developer/SDKs/MacOSX.sdk/usr/include/c++/v1/__configuration/availability.h:204:4: warning: "The selected platform is no longer supported by libc++." [-W#warnings]
  204 | #  warning "The selected platform is no longer supported by libc++."
      |    ^
1 warning generated.
1 warning generated.
1 warning generated.
1 warning generated.
1 warning generated.
1 warning generated.
clang++ -o stockfish attacks.o benchmark.o bitboard.o evaluate.o main.o misc.o movegen.o movepick.o position.o search.o thread.o timeman.o tt.o uci.o ucioption.o tune.o tbprobe.o nnue_accumulator.o nnue_misc.o network.o half_ka_v2_hm.o full_threats.o pp_3wide.o engine.o score.o memory.o  -fprofile-generate -m64 -mmacosx-version-min=10.15 -arch arm64 -lpthread  -Wall -Wcast-qual -fno-exceptions -std=c++17 -fprofile-generate  -pedantic -Wextra -Wshadow -Wmissing-prototypes -Wconditional-uninitialized -flax-vector-conversions=none -fconstexpr-steps=500000000 -m64 -mmacosx-version-min=10.15 -arch arm64 -DNDEBUG -O3 -funroll-loops -mdynamic-no-pic -DIS_64BIT -DUSE_POPCNT -DUSE_NEON=8 -march=armv8.2-a+dotprod -DUSE_NEON_DOTPROD -DARCH=apple-silicon -flto=full -Xclang -mllvm -Xclang -inline-threshold=500

Step 2/4. Running benchmark for pgo-build ...
./stockfish bench > PGOBENCH.out 2>&1
tail -n 4 PGOBENCH.out
===========================
Total time (ms) : 1296
Nodes searched  : 1283493
Nodes/second    : 990349

Step 3/4. Building optimized executable ...
/Applications/Xcode.app/Contents/Developer/usr/bin/make ARCH=apple-silicon COMP=clang objclean
/Applications/Xcode.app/Contents/Developer/usr/bin/make ARCH=apple-silicon COMP=clang clang-profile-use
xcrun llvm-profdata merge -output=stockfish.profdata *.profraw
/Applications/Xcode.app/Contents/Developer/usr/bin/make ARCH=apple-silicon COMP=clang \
	EXTRACXXFLAGS='-fprofile-use=stockfish.profdata' \
	EXTRALDFLAGS='-fprofile-use ' \
	all
clang++ -Wall -Wcast-qual -fno-exceptions -std=c++17 -fprofile-use=stockfish.profdata -pedantic -Wextra -Wshadow -Wmissing-prototypes -Wconditional-uninitialized -flax-vector-conversions=none -fconstexpr-steps=500000000 -m64 -mmacosx-version-min=10.15 -arch arm64 -DNDEBUG -O3 -funroll-loops -mdynamic-no-pic -DIS_64BIT -DUSE_POPCNT -DUSE_NEON=8 -march=armv8.2-a+dotprod -DUSE_NEON_DOTPROD -DARCH=apple-silicon -flto=full -Xclang -mllvm -Xclang -inline-threshold=500 -c -o attacks.o attacks.cpp
clang++ -Wall -Wcast-qual -fno-exceptions -std=c++17 -fprofile-use=stockfish.profdata -pedantic -Wextra -Wshadow -Wmissing-prototypes -Wconditional-uninitialized -flax-vector-conversions=none -fconstexpr-steps=500000000 -m64 -mmacosx-version-min=10.15 -arch arm64 -DNDEBUG -O3 -funroll-loops -mdynamic-no-pic -DIS_64BIT -DUSE_POPCNT -DUSE_NEON=8 -march=armv8.2-a+dotprod -DUSE_NEON_DOTPROD -DARCH=apple-silicon -flto=full -Xclang -mllvm -Xclang -inline-threshold=500 -c -o benchmark.o benchmark.cpp
clang++ -Wall -Wcast-qual -fno-exceptions -std=c++17 -fprofile-use=stockfish.profdata -pedantic -Wextra -Wshadow -Wmissing-prototypes -Wconditional-uninitialized -flax-vector-conversions=none -fconstexpr-steps=500000000 -m64 -mmacosx-version-min=10.15 -arch arm64 -DNDEBUG -O3 -funroll-loops -mdynamic-no-pic -DIS_64BIT -DUSE_POPCNT -DUSE_NEON=8 -march=armv8.2-a+dotprod -DUSE_NEON_DOTPROD -DARCH=apple-silicon -flto=full -Xclang -mllvm -Xclang -inline-threshold=500 -c -o bitboard.o bitboard.cpp
clang++ -Wall -Wcast-qual -fno-exceptions -std=c++17 -fprofile-use=stockfish.profdata -pedantic -Wextra -Wshadow -Wmissing-prototypes -Wconditional-uninitialized -flax-vector-conversions=none -fconstexpr-steps=500000000 -m64 -mmacosx-version-min=10.15 -arch arm64 -DNDEBUG -O3 -funroll-loops -mdynamic-no-pic -DIS_64BIT -DUSE_POPCNT -DUSE_NEON=8 -march=armv8.2-a+dotprod -DUSE_NEON_DOTPROD -DARCH=apple-silicon -flto=full -Xclang -mllvm -Xclang -inline-threshold=500 -c -o evaluate.o evaluate.cpp
clang++ -Wall -Wcast-qual -fno-exceptions -std=c++17 -fprofile-use=stockfish.profdata -pedantic -Wextra -Wshadow -Wmissing-prototypes -Wconditional-uninitialized -flax-vector-conversions=none -fconstexpr-steps=500000000 -m64 -mmacosx-version-min=10.15 -arch arm64 -DNDEBUG -O3 -funroll-loops -mdynamic-no-pic -DIS_64BIT -DUSE_POPCNT -DUSE_NEON=8 -march=armv8.2-a+dotprod -DUSE_NEON_DOTPROD -DARCH=apple-silicon -flto=full -Xclang -mllvm -Xclang -inline-threshold=500 -c -o main.o main.cpp
clang++ -Wall -Wcast-qual -fno-exceptions -std=c++17 -fprofile-use=stockfish.profdata -pedantic -Wextra -Wshadow -Wmissing-prototypes -Wconditional-uninitialized -flax-vector-conversions=none -fconstexpr-steps=500000000 -m64 -mmacosx-version-min=10.15 -arch arm64 -DNDEBUG -O3 -funroll-loops -mdynamic-no-pic -DIS_64BIT -DUSE_POPCNT -DUSE_NEON=8 -march=armv8.2-a+dotprod -DUSE_NEON_DOTPROD -DARCH=apple-silicon -flto=full -Xclang -mllvm -Xclang -inline-threshold=500 -DGIT_SHA=031dfeb4 -DGIT_DATE=20260913 -DGIT_DIFFINDEX=1 -c -o misc.o misc.cpp
In file included from benchmark.cpp:19:
In file included from ./benchmark.h:22:
In file included from /Applications/Xcode.app/Contents/Developer/Platforms/MacOSX.platform/Developer/SDKs/MacOSX.sdk/usr/include/c++/v1/iosfwd:111:
In file included from /Applications/Xcode.app/Contents/Developer/Platforms/MacOSX.platform/Developer/SDKs/MacOSX.sdk/usr/include/c++/v1/__config:15:
/Applications/Xcode.app/Contents/Developer/Platforms/MacOSX.platform/Developer/SDKs/MacOSX.sdk/usr/include/c++/v1/__configuration/availability.h:204:4: warning: "The selected platform is no longer supported by libc++." [-W#warnings]
In file included from attacks.cpp:19:
In file included from ./attacks.h:22:
In file included from /Applications/Xcode.app/Contents/Developer/Platforms/MacOSX.platform/Developer/SDKs/MacOSX.sdk/usr/include/c++/v1/cassert:22:
In file included from /Applications/Xcode.app/Contents/Developer/Platforms/MacOSX.platform/Developer/SDKs/MacOSX.sdk/usr/include/c++/v1/__config:15:
/Applications/Xcode.app/Contents/Developer/Platforms/MacOSX.platform/Developer/SDKs/MacOSX.sdk/usr/include/c++/v1/__configuration/availability.h:204:4: warning: "The selected platform is no longer supported by libc++." [-W#warnings]
  204 | #  warning  204 | #  warning "The selected platform i "The selIn file included from evaluate.cpp:ected platformIn file included from bitboard.cpp19:
In file included from ./evaluate.h is n:22:
In file included from s /Applications/Xcode.app/Contents/Developer/Platforms/MacOSX.platform/Developer/SDKs/MacOSX.sdk/usr/include/c++/v1/string:594:
In file included from :19:
In file included from ./bitboard.h:22:
In file included from main.cpp:19:
In file included from /Applications/Xcode.app/Contents/Developer/Platforms/MacOSX.platform/Developer/SDKs/MacOSX.sdk/usr/include/c++/v1/__algorithm/max.h:12no:
In file included from /Applications/Xcode.app/Contents/Developer/Platforms/MacOSX.platform/Developer/SDKs/MacOSX.sdk/usr/include/c++/v1/__algorithm/comp.h longo loIn file included from /Applications/Xcode.app/Contents/Developer/Platforms/MacOSX.platform/Developer/SDKs/MacOSX.sdk/usr/include/c++/v1/algorithm:1840:
:12:
In file included from In file included from /Applications/Xcode.app/Contents/Developer/Platforms/MacOSX.platform/Developer/SDKs/MacOSX.sdk/usr/include/c++/v1/__config:/Applications/Xcode.app/Contents/Developer/Platforms/MacOSX.platform/Developer/SDKs/MacOSX.sdk/usr/include/c++/v1/__config:15er s:
/Applications/Xcode.app/Contents/Developer/Platforms/MacOSX.platform/Developer/SDKs/MacOSX.sdk/usr/include/c++/v1/__configuration/availability.h:204:4: warning: "The selected platform is no longer supported by libc++." [-W#warnings]upng
por15:
er/Applications/Xcode.app/Contents/Developer/Platforms/MacOSX.platform/Developer/SDKs/MacOSX.sdk/usr/include/c++/v1/__configuration/availability.h:te/Applications/Xcode.app/Contents/Developer/Platforms/MacOSX.platform/Developer/SDKs/MacOSX.sdk/usr/include/c++/v1/iostream  204 | #d 204:4: :by warning: "The selected platform is no longer supported by libc++." [-W#warnings]39   
:
libcsupwarnporIn file included from /Applications/Xcode.app/Contents/Developer/Platforms/MacOSX.platform/Developer/SDKs/MacOSX.sdk/usr/include/c++/v1/__config  204 | #ted:+In file included from misc.cpp:ing "T+19:
In file included from he s./misc.h:22 15:
/Applications/Xcode.app/Contents/Developer/Platforms/MacOSX.platform/Developer/SDKs/MacOSX.sdk/usr/include/c++/v1/__configuration/availability.h:204 e lecb:
watey libd :4: warning: "The selected platform is no longer supported by libc++." [-W#warnings]
crning ."
pl        204at|    ^
++.forIn file included from /Applications/Xcode.app/Contents/Developer/Platforms/MacOSX.platform/Developer/SDKs/MacOSX.sdk/usr/include/c++/v1/algorithm: | # "
"Th wam i      s no |    ^longe s
rerning "The selected platfel1840:
In file included from /Applications/Xcode.app/Contents/Developer/Platforms/MacOSX.platform/Developer/SDKs/MacOSX.sdk/usr/include/c++/v1/__config:15:
/Applications/Xcode.app/Contents/Developer/Platforms/MacOSX.platform/Developer/SDKs/MacOSX.sdk/usr/include/c++/v1/__configuration/availability.h:204:4:orm suppor warning: "The selected platform is no longer supported by libc++." [-W#warnings]
  204 | #  tedectedwarn is by libc++."
      |    ^
i ng "The no longselected platform is no loner sup pplgatform is er onorted bysu longer suppported by libc++."
      |    ^
ported by libc++." libc++."
      |    ^

      |    ^
1 warning generated.
clang++ -Wall -Wcast-qual -fno-exceptions -std=c++17 -fprofile-use=stockfish.profdata -pedantic -Wextra -Wshadow -Wmissing-prototypes -Wconditional-uninitialized -flax-vector-conversions=none -fconstexpr-steps=500000000 -m64 -mmacosx-version-min=10.15 -arch arm64 -DNDEBUG -O3 -funroll-loops -mdynamic-no-pic -DIS_64BIT -DUSE_POPCNT -DUSE_NEON=8 -march=armv8.2-a+dotprod -DUSE_NEON_DOTPROD -DARCH=apple-silicon -flto=full -Xclang -mllvm -Xclang -inline-threshold=500 -c -o movegen.o movegen.cpp
In file included from movegen.cpp:19:
In file included from ./movegen.h:22:
In file included from /Applications/Xcode.app/Contents/Developer/Platforms/MacOSX.platform/Developer/SDKs/MacOSX.sdk/usr/include/c++/v1/algorithm:1840:
In file included from /Applications/Xcode.app/Contents/Developer/Platforms/MacOSX.platform/Developer/SDKs/MacOSX.sdk/usr/include/c++/v1/__config:15:
/Applications/Xcode.app/Contents/Developer/Platforms/MacOSX.platform/Developer/SDKs/MacOSX.sdk/usr/include/c++/v1/__configuration/availability.h:204:4: warning: "The selected platform is no longer supported by libc++." [-W#warnings]
  204 | #  warning "The selected platform is no longer supported by libc++."
      |    ^
1 warning generated.
clang++ -Wall -Wcast-qual -fno-exceptions -std=c++17 -fprofile-use=stockfish.profdata -pedantic -Wextra -Wshadow -Wmissing-prototypes -Wconditional-uninitialized -flax-vector-conversions=none -fconstexpr-steps=500000000 -m64 -mmacosx-version-min=10.15 -arch arm64 -DNDEBUG -O3 -funroll-loops -mdynamic-no-pic -DIS_64BIT -DUSE_POPCNT -DUSE_NEON=8 -march=armv8.2-a+dotprod -DUSE_NEON_DOTPROD -DARCH=apple-silicon -flto=full -Xclang -mllvm -Xclang -inline-threshold=500 -c -o movepick.o movepick.cpp
In file included from movepick.cpp:19:
In file included from ./movepick.h:22:
In file included from ./history.h:22:
In file included from /Applications/Xcode.app/Contents/Developer/Platforms/MacOSX.platform/Developer/SDKs/MacOSX.sdk/usr/include/c++/v1/algorithm:1840:
In file included from /Applications/Xcode.app/Contents/Developer/Platforms/MacOSX.platform/Developer/SDKs/MacOSX.sdk/usr/include/c++/v1/__config:15:
/Applications/Xcode.app/Contents/Developer/Platforms/MacOSX.platform/Developer/SDKs/MacOSX.sdk/usr/include/c++/v1/__configuration/availability.h:204:4: warning: "The selected platform is no longer supported by libc++." [-W#warnings]
  204 | #  warning "The selected platform is no longer supported by libc++."
      |    ^
1 warning generated.
clang++ -Wall -Wcast-qual -fno-exceptions -std=c++17 -fprofile-use=stockfish.profdata -pedantic -Wextra -Wshadow -Wmissing-prototypes -Wconditional-uninitialized -flax-vector-conversions=none -fconstexpr-steps=500000000 -m64 -mmacosx-version-min=10.15 -arch arm64 -DNDEBUG -O3 -funroll-loops -mdynamic-no-pic -DIS_64BIT -DUSE_POPCNT -DUSE_NEON=8 -march=armv8.2-a+dotprod -DUSE_NEON_DOTPROD -DARCH=apple-silicon -flto=full -Xclang -mllvm -Xclang -inline-threshold=500 -c -o position.o position.cpp
In file included from position.cpp:19:
In file included from ./position.h:22:
In file included from /Applications/Xcode.app/Contents/Developer/Platforms/MacOSX.platform/Developer/SDKs/MacOSX.sdk/usr/include/c++/v1/array:117:
In file included from /Applications/Xcode.app/Contents/Developer/Platforms/MacOSX.platform/Developer/SDKs/MacOSX.sdk/usr/include/c++/v1/__algorithm/equal.h:13:
In file included from /Applications/Xcode.app/Contents/Developer/Platforms/MacOSX.platform/Developer/SDKs/MacOSX.sdk/usr/include/c++/v1/__algorithm/comp.h:12:
In file included from /Applications/Xcode.app/Contents/Developer/Platforms/MacOSX.platform/Developer/SDKs/MacOSX.sdk/usr/include/c++/v1/__config:15:
/Applications/Xcode.app/Contents/Developer/Platforms/MacOSX.platform/Developer/SDKs/MacOSX.sdk/usr/include/c++/v1/__configuration/availability.h:204:4: warning: "The selected platform is no longer supported by libc++." [-W#warnings]
  204 | #  warning "The selected platform is no longer supported by libc++."
      |    ^
1 warning generated.
clang++ -Wall -Wcast-qual -fno-exceptions -std=c++17 -fprofile-use=stockfish.profdata -pedantic -Wextra -Wshadow -Wmissing-prototypes -Wconditional-uninitialized -flax-vector-conversions=none -fconstexpr-steps=500000000 -m64 -mmacosx-version-min=10.15 -arch arm64 -DNDEBUG -O3 -funroll-loops -mdynamic-no-pic -DIS_64BIT -DUSE_POPCNT -DUSE_NEON=8 -march=armv8.2-a+dotprod -DUSE_NEON_DOTPROD -DARCH=apple-silicon -flto=full -Xclang -mllvm -Xclang -inline-threshold=500 -c -o search.o search.cpp
In file included from search.cpp:19:
In file included from ./search.h:22:
In file included from /Applications/Xcode.app/Contents/Developer/Platforms/MacOSX.platform/Developer/SDKs/MacOSX.sdk/usr/include/c++/v1/algorithm:1840:
In file included from /Applications/Xcode.app/Contents/Developer/Platforms/MacOSX.platform/Developer/SDKs/MacOSX.sdk/usr/include/c++/v1/__config:15:
/Applications/Xcode.app/Contents/Developer/Platforms/MacOSX.platform/Developer/SDKs/MacOSX.sdk/usr/include/c++/v1/__configuration/availability.h:204:4: warning: "The selected platform is no longer supported by libc++." [-W#warnings]
  204 | #  warning "The selected platform is no longer supported by libc++."
      |    ^
1 warning generated.
clang++ -Wall -Wcast-qual -fno-exceptions -std=c++17 -fprofile-use=stockfish.profdata -pedantic -Wextra -Wshadow -Wmissing-prototypes -Wconditional-uninitialized -flax-vector-conversions=none -fconstexpr-steps=500000000 -m64 -mmacosx-version-min=10.15 -arch arm64 -DNDEBUG -O3 -funroll-loops -mdynamic-no-pic -DIS_64BIT -DUSE_POPCNT -DUSE_NEON=8 -march=armv8.2-a+dotprod -DUSE_NEON_DOTPROD -DARCH=apple-silicon -flto=full -Xclang -mllvm -Xclang -inline-threshold=500 -c -o thread.o thread.cpp
1 warning generated.
In file included from thread.cpp:19:
In file included from ./thread.h:22:
In file included from /Applications/Xcode.app/Contents/Developer/Platforms/MacOSX.platform/Developer/SDKs/MacOSX.sdk/usr/include/c++/v1/atomic:593:
In file included from /Applications/Xcode.app/Contents/Developer/Platforms/MacOSX.platform/Developer/SDKs/MacOSX.sdk/usr/include/c++/v1/__config:15:
/Applications/Xcode.app/Contents/Developer/Platforms/MacOSX.platform/Developer/SDKs/MacOSX.sdk/usr/include/c++/v1/__configuration/availability.h:204:4: warning: "The selected platform is no longer supported by libc++." [-W#warnings]
  204 | #  warning "The selected platform is no longer supported by libc++."
      |    ^
clang++ -Wall -Wcast-qual -fno-exceptions -std=c++17 -fprofile-use=stockfish.profdata -pedantic -Wextra -Wshadow -Wmissing-prototypes -Wconditional-uninitialized -flax-vector-conversions=none -fconstexpr-steps=500000000 -m64 -mmacosx-version-min=10.15 -arch arm64 -DNDEBUG -O3 -funroll-loops -mdynamic-no-pic -DIS_64BIT -DUSE_POPCNT -DUSE_NEON=8 -march=armv8.2-a+dotprod -DUSE_NEON_DOTPROD -DARCH=apple-silicon -flto=full -Xclang -mllvm -Xclang -inline-threshold=500 -c -o timeman.o timeman.cpp
In file included from timeman.cpp:19:
In file included from ./timeman.h:23:
In file included from /Applications/Xcode.app/Contents/Developer/Platforms/MacOSX.platform/Developer/SDKs/MacOSX.sdk/usr/include/c++/v1/limits:108:
In file included from /Applications/Xcode.app/Contents/Developer/Platforms/MacOSX.platform/Developer/SDKs/MacOSX.sdk/usr/include/c++/v1/__config:15:
/Applications/Xcode.app/Contents/Developer/Platforms/MacOSX.platform/Developer/SDKs/MacOSX.sdk/usr/include/c++/v1/__configuration/availability.h:204:4: warning: "The selected platform is no longer supported by libc++." [-W#warnings]
  204 | #  warning "The selected platform is no longer supported by libc++."
      |    ^
1 warning generated.
clang++ -Wall -Wcast-qual -fno-exceptions -std=c++17 -fprofile-use=stockfish.profdata -pedantic -Wextra -Wshadow -Wmissing-prototypes -Wconditional-uninitialized -flax-vector-conversions=none -fconstexpr-steps=500000000 -m64 -mmacosx-version-min=10.15 -arch arm64 -DNDEBUG -O3 -funroll-loops -mdynamic-no-pic -DIS_64BIT -DUSE_POPCNT -DUSE_NEON=8 -march=armv8.2-a+dotprod -DUSE_NEON_DOTPROD -DARCH=apple-silicon -flto=full -Xclang -mllvm -Xclang -inline-threshold=500 -c -o tt.o tt.cpp
1 warning generated.
clang++ -Wall -Wcast-qual -fno-exceptions -std=c++17 -fprofile-use=stockfish.profdata -pedantic -Wextra -Wshadow -Wmissing-prototypes -Wconditional-uninitialized -flax-vector-conversions=none -fconstexpr-steps=500000000 -m64 -mmacosx-version-min=10.15 -arch arm64 -DNDEBUG -O3 -funroll-loops -mdynamic-no-pic -DIS_64BIT -DUSE_POPCNT -DUSE_NEON=8 -march=armv8.2-a+dotprod -DUSE_NEON_DOTPROD -DARCH=apple-silicon -flto=full -Xclang -mllvm -Xclang -inline-threshold=500 -c -o uci.o uci.cpp
In file included from tt.cpp:19:
In file included from ./tt.h:22:
In file included from /Applications/Xcode.app/Contents/Developer/Platforms/MacOSX.platform/Developer/SDKs/MacOSX.sdk/usr/include/c++/v1/tuple:221:
In file included from /Applications/Xcode.app/Contents/Developer/Platforms/MacOSX.platform/Developer/SDKs/MacOSX.sdk/usr/include/c++/v1/__compare/common_comparison_category.h:12:
In file included from /Applications/Xcode.app/Contents/Developer/Platforms/MacOSX.platform/Developer/SDKs/MacOSX.sdk/usr/include/c++/v1/__compare/ordering.h:12:
In file included from /Applications/Xcode.app/Contents/Developer/Platforms/MacOSX.platform/Developer/SDKs/MacOSX.sdk/usr/include/c++/v1/__config:15:
/Applications/Xcode.app/Contents/Developer/Platforms/MacOSX.platform/Developer/SDKs/MacOSX.sdk/usr/include/c++/v1/__configuration/availability.h:204:4: warning: "The selected platform is no longer supported by libc++." [-W#warnings]
  204 | #  warning "The selected platform is no longer supported by libc++."
      |    ^
In file included from uci.cpp:19:
In file included from ./uci.h:22:
In file included from /Applications/Xcode.app/Contents/Developer/Platforms/MacOSX.platform/Developer/SDKs/MacOSX.sdk/usr/include/c++/v1/iostream:39:
In file included from /Applications/Xcode.app/Contents/Developer/Platforms/MacOSX.platform/Developer/SDKs/MacOSX.sdk/usr/include/c++/v1/__config:15:
/Applications/Xcode.app/Contents/Developer/Platforms/MacOSX.platform/Developer/SDKs/MacOSX.sdk/usr/include/c++/v1/__configuration/availability.h:204:4: warning: "The selected platform is no longer supported by libc++." [-W#warnings]
  204 | #  warning "The selected platform is no longer supported by libc++."
      |    ^
1 warning generated.
clang++ -Wall -Wcast-qual -fno-exceptions -std=c++17 -fprofile-use=stockfish.profdata -pedantic -Wextra -Wshadow -Wmissing-prototypes -Wconditional-uninitialized -flax-vector-conversions=none -fconstexpr-steps=500000000 -m64 -mmacosx-version-min=10.15 -arch arm64 -DNDEBUG -O3 -funroll-loops -mdynamic-no-pic -DIS_64BIT -DUSE_POPCNT -DUSE_NEON=8 -march=armv8.2-a+dotprod -DUSE_NEON_DOTPROD -DARCH=apple-silicon -flto=full -Xclang -mllvm -Xclang -inline-threshold=500 -c -o ucioption.o ucioption.cpp
In file included from ucioption.cpp:19:
In file included from ./ucioption.h:22:
In file included from /Applications/Xcode.app/Contents/Developer/Platforms/MacOSX.platform/Developer/SDKs/MacOSX.sdk/usr/include/c++/v1/functional:535:
In file included from /Applications/Xcode.app/Contents/Developer/Platforms/MacOSX.platform/Developer/SDKs/MacOSX.sdk/usr/include/c++/v1/__config:15:
/Applications/Xcode.app/Contents/Developer/Platforms/MacOSX.platform/Developer/SDKs/MacOSX.sdk/usr/include/c++/v1/__configuration/availability.h:204:4: warning: "The selected platform is no longer supported by libc++." [-W#warnings]
  204 | #  warning "The selected platform is no longer supported by libc++."
      |    ^
1 warning generated.
clang++ -Wall -Wcast-qual -fno-exceptions -std=c++17 -fprofile-use=stockfish.profdata -pedantic -Wextra -Wshadow -Wmissing-prototypes -Wconditional-uninitialized -flax-vector-conversions=none -fconstexpr-steps=500000000 -m64 -mmacosx-version-min=10.15 -arch arm64 -DNDEBUG -O3 -funroll-loops -mdynamic-no-pic -DIS_64BIT -DUSE_POPCNT -DUSE_NEON=8 -march=armv8.2-a+dotprod -DUSE_NEON_DOTPROD -DARCH=apple-silicon -flto=full -Xclang -mllvm -Xclang -inline-threshold=500 -c -o tune.o tune.cpp
In file included from tune.cpp:19:
In file included from ./tune.h:22:
In file included from /Applications/Xcode.app/Contents/Developer/Platforms/MacOSX.platform/Developer/SDKs/MacOSX.sdk/usr/include/c++/v1/memory:943:
In file included from /Applications/Xcode.app/Contents/Developer/Platforms/MacOSX.platform/Developer/SDKs/MacOSX.sdk/usr/include/c++/v1/__config:15:
/Applications/Xcode.app/Contents/Developer/Platforms/MacOSX.platform/Developer/SDKs/MacOSX.sdk/usr/include/c++/v1/__configuration/availability.h:204:4: warning: "The selected platform is no longer supported by libc++." [-W#warnings]
  204 | #  warning "The selected platform is no longer supported by libc++."
      |    ^
1 warning generated.
clang++ -Wall -Wcast-qual -fno-exceptions -std=c++17 -fprofile-use=stockfish.profdata -pedantic -Wextra -Wshadow -Wmissing-prototypes -Wconditional-uninitialized -flax-vector-conversions=none -fconstexpr-steps=500000000 -m64 -mmacosx-version-min=10.15 -arch arm64 -DNDEBUG -O3 -funroll-loops -mdynamic-no-pic -DIS_64BIT -DUSE_POPCNT -DUSE_NEON=8 -march=armv8.2-a+dotprod -DUSE_NEON_DOTPROD -DARCH=apple-silicon -flto=full -Xclang -mllvm -Xclang -inline-threshold=500 -c -o tbprobe.o syzygy/tbprobe.cpp
In file included from syzygy/tbprobe.cpp:19:
In file included from syzygy/tbprobe.h:22:
In file included from /Applications/Xcode.app/Contents/Developer/Platforms/MacOSX.platform/Developer/SDKs/MacOSX.sdk/usr/include/c++/v1/functional:535:
In file included from /Applications/Xcode.app/Contents/Developer/Platforms/MacOSX.platform/Developer/SDKs/MacOSX.sdk/usr/include/c++/v1/__config:15:
/Applications/Xcode.app/Contents/Developer/Platforms/MacOSX.platform/Developer/SDKs/MacOSX.sdk/usr/include/c++/v1/__configuration/availability.h:204:4: warning: "The selected platform is no longer supported by libc++." [-W#warnings]
  204 | #  warning "The selected platform is no longer supported by libc++."
      |    ^
1 warning generated.
clang++ -Wall -Wcast-qual -fno-exceptions -std=c++17 -fprofile-use=stockfish.profdata -pedantic -Wextra -Wshadow -Wmissing-prototypes -Wconditional-uninitialized -flax-vector-conversions=none -fconstexpr-steps=500000000 -m64 -mmacosx-version-min=10.15 -arch arm64 -DNDEBUG -O3 -funroll-loops -mdynamic-no-pic -DIS_64BIT -DUSE_POPCNT -DUSE_NEON=8 -march=armv8.2-a+dotprod -DUSE_NEON_DOTPROD -DARCH=apple-silicon -flto=full -Xclang -mllvm -Xclang -inline-threshold=500 -c -o nnue_accumulator.o nnue/nnue_accumulator.cpp
1 warning generated.
clang++ -Wall -Wcast-qual -fno-exceptions -std=c++17 -fprofile-use=stockfish.profdata -pedantic -Wextra -Wshadow -Wmissing-prototypes -Wconditional-uninitialized -flax-vector-conversions=none -fconstexpr-steps=500000000 -m64 -mmacosx-version-min=10.15 -arch arm64 -DNDEBUG -O3 -funroll-loops -mdynamic-no-pic -DIS_64BIT -DUSE_POPCNT -DUSE_NEON=8 -march=armv8.2-a+dotprod -DUSE_NEON_DOTPROD -DARCH=apple-silicon -flto=full -Xclang -mllvm -Xclang -inline-threshold=500 -c -o nnue_misc.o nnue/nnue_misc.cpp
In file included from nnue/nnue_accumulator.cpp:19:
In file included from nnue/nnue_accumulator.h:24:
In file included from /Applications/Xcode.app/Contents/Developer/Platforms/MacOSX.platform/Developer/SDKs/MacOSX.sdk/usr/include/c++/v1/array:117:
In file included from /Applications/Xcode.app/Contents/Developer/Platforms/MacOSX.platform/Developer/SDKs/MacOSX.sdk/usr/include/c++/v1/__algorithm/equal.h:13:
In file included from /Applications/Xcode.app/Contents/Developer/Platforms/MacOSX.platform/Developer/SDKs/MacOSX.sdk/usr/include/c++/v1/__algorithm/comp.h:12:
In file included from /Applications/Xcode.app/Contents/Developer/Platforms/MacOSX.platform/Developer/SDKs/MacOSX.sdk/usr/include/c++/v1/__config:15:
/Applications/Xcode.app/Contents/Developer/Platforms/MacOSX.platform/Developer/SDKs/MacOSX.sdk/usr/include/c++/v1/__configuration/availability.h:204:4: warning: "The selected platform is no longer supported by libc++." [-W#warnings]
  204 | #  warning "The selected platform is no longer supported by libc++."
      |    ^
In file included from nnue/nnue_misc.cpp:21:
In file included from nnue/nnue_misc.h:22:
In file included from /Applications/Xcode.app/Contents/Developer/Platforms/MacOSX.platform/Developer/SDKs/MacOSX.sdk/usr/include/c++/v1/string:594:
In file included from /Applications/Xcode.app/Contents/Developer/Platforms/MacOSX.platform/Developer/SDKs/MacOSX.sdk/usr/include/c++/v1/__algorithm/max.h:12:
In file included from /Applications/Xcode.app/Contents/Developer/Platforms/MacOSX.platform/Developer/SDKs/MacOSX.sdk/usr/include/c++/v1/__algorithm/comp.h:12:
In file included from /Applications/Xcode.app/Contents/Developer/Platforms/MacOSX.platform/Developer/SDKs/MacOSX.sdk/usr/include/c++/v1/__config:15:
/Applications/Xcode.app/Contents/Developer/Platforms/MacOSX.platform/Developer/SDKs/MacOSX.sdk/usr/include/c++/v1/__configuration/availability.h:204:4: warning: "The selected platform is no longer supported by libc++." [-W#warnings]
  204 | #  warning "The selected platform is no longer supported by libc++."
      |    ^
1 warning generated.
clang++ -Wall -Wcast-qual -fno-exceptions -std=c++17 -fprofile-use=stockfish.profdata -pedantic -Wextra -Wshadow -Wmissing-prototypes -Wconditional-uninitialized -flax-vector-conversions=none -fconstexpr-steps=500000000 -m64 -mmacosx-version-min=10.15 -arch arm64 -DNDEBUG -O3 -funroll-loops -mdynamic-no-pic -DIS_64BIT -DUSE_POPCNT -DUSE_NEON=8 -march=armv8.2-a+dotprod -DUSE_NEON_DOTPROD -DARCH=apple-silicon -flto=full -Xclang -mllvm -Xclang -inline-threshold=500 -c -o network.o nnue/network.cpp
1 warning generated.
In file included from nnue/network.cpp:19:
In file included from nnue/network.h:22:
In file included from /Applications/Xcode.app/Contents/Developer/Platforms/MacOSX.platform/Developer/SDKs/MacOSX.sdk/usr/include/c++/v1/functional:535:
In file included from /Applications/Xcode.app/Contents/Developer/Platforms/MacOSX.platform/Developer/SDKs/MacOSX.sdk/usr/include/c++/v1/__config:15:
/Applications/Xcode.app/Contents/Developer/Platforms/MacOSX.platform/Developer/SDKs/MacOSX.sdk/usr/include/c++/v1/__configuration/availability.h:204:4: warning: "The selected platform is no longer supported by libc++." [-W#warnings]
  204 | #  warning "The selected platform is no longer supported by libc++."
      |    ^
clang++ -Wall -Wcast-qual -fno-exceptions -std=c++17 -fprofile-use=stockfish.profdata -pedantic -Wextra -Wshadow -Wmissing-prototypes -Wconditional-uninitialized -flax-vector-conversions=none -fconstexpr-steps=500000000 -m64 -mmacosx-version-min=10.15 -arch arm64 -DNDEBUG -O3 -funroll-loops -mdynamic-no-pic -DIS_64BIT -DUSE_POPCNT -DUSE_NEON=8 -march=armv8.2-a+dotprod -DUSE_NEON_DOTPROD -DARCH=apple-silicon -flto=full -Xclang -mllvm -Xclang -inline-threshold=500 -c -o half_ka_v2_hm.o nnue/features/half_ka_v2_hm.cpp
In file included from nnue/features/half_ka_v2_hm.cpp:21:
In file included from nnue/features/half_ka_v2_hm.h:24:
In file included from nnue/features/../../misc.h:22:
In file included from /Applications/Xcode.app/Contents/Developer/Platforms/MacOSX.platform/Developer/SDKs/MacOSX.sdk/usr/include/c++/v1/algorithm:1840:
In file included from /Applications/Xcode.app/Contents/Developer/Platforms/MacOSX.platform/Developer/SDKs/MacOSX.sdk/usr/include/c++/v1/__config:15:
/Applications/Xcode.app/Contents/Developer/Platforms/MacOSX.platform/Developer/SDKs/MacOSX.sdk/usr/include/c++/v1/__configuration/availability.h:204:4: warning: "The selected platform is no longer supported by libc++." [-W#warnings]
  204 | #  warning "The selected platform is no longer supported by libc++."
      |    ^
1 warning generated.
clang++ -Wall -Wcast-qual -fno-exceptions -std=c++17 -fprofile-use=stockfish.profdata -pedantic -Wextra -Wshadow -Wmissing-prototypes -Wconditional-uninitialized -flax-vector-conversions=none -fconstexpr-steps=500000000 -m64 -mmacosx-version-min=10.15 -arch arm64 -DNDEBUG -O3 -funroll-loops -mdynamic-no-pic -DIS_64BIT -DUSE_POPCNT -DUSE_NEON=8 -march=armv8.2-a+dotprod -DUSE_NEON_DOTPROD -DARCH=apple-silicon -flto=full -Xclang -mllvm -Xclang -inline-threshold=500 -c -o full_threats.o nnue/features/full_threats.cpp
In file included from nnue/features/full_threats.cpp:21:
In file included from nnue/features/full_threats.h:22:
In file included from nnue/features/../../misc.h:22:
In file included from /Applications/Xcode.app/Contents/Developer/Platforms/MacOSX.platform/Developer/SDKs/MacOSX.sdk/usr/include/c++/v1/algorithm:1840:
In file included from /Applications/Xcode.app/Contents/Developer/Platforms/MacOSX.platform/Developer/SDKs/MacOSX.sdk/usr/include/c++/v1/__config:15:
/Applications/Xcode.app/Contents/Developer/Platforms/MacOSX.platform/Developer/SDKs/MacOSX.sdk/usr/include/c++/v1/__configuration/availability.h:204:4: warning: "The selected platform is no longer supported by libc++." [-W#warnings]
  204 | #  warning "The selected platform is no longer supported by libc++."
      |    ^
1 warning generated.
clang++ -Wall -Wcast-qual -fno-exceptions -std=c++17 -fprofile-use=stockfish.profdata -pedantic -Wextra -Wshadow -Wmissing-prototypes -Wconditional-uninitialized -flax-vector-conversions=none -fconstexpr-steps=500000000 -m64 -mmacosx-version-min=10.15 -arch arm64 -DNDEBUG -O3 -funroll-loops -mdynamic-no-pic -DIS_64BIT -DUSE_POPCNT -DUSE_NEON=8 -march=armv8.2-a+dotprod -DUSE_NEON_DOTPROD -DARCH=apple-silicon -flto=full -Xclang -mllvm -Xclang -inline-threshold=500 -c -o pp_3wide.o nnue/features/pp_3wide.cpp
In file included from nnue/features/pp_3wide.cpp:19:
In file included from nnue/features/pp_3wide.h:22:
In file included from nnue/features/../../misc.h:22:
In file included from /Applications/Xcode.app/Contents/Developer/Platforms/MacOSX.platform/Developer/SDKs/MacOSX.sdk/usr/include/c++/v1/algorithm:1840:
In file included from /Applications/Xcode.app/Contents/Developer/Platforms/MacOSX.platform/Developer/SDKs/MacOSX.sdk/usr/include/c++/v1/__config:15:
/Applications/Xcode.app/Contents/Developer/Platforms/MacOSX.platform/Developer/SDKs/MacOSX.sdk/usr/include/c++/v1/__configuration/availability.h:204:4: warning: "The selected platform is no longer supported by libc++." [-W#warnings]
  204 | #  warning "The selected platform is no longer supported by libc++."
      |    ^
1 warning generated.
clang++ -Wall -Wcast-qual -fno-exceptions -std=c++17 -fprofile-use=stockfish.profdata -pedantic -Wextra -Wshadow -Wmissing-prototypes -Wconditional-uninitialized -flax-vector-conversions=none -fconstexpr-steps=500000000 -m64 -mmacosx-version-min=10.15 -arch arm64 -DNDEBUG -O3 -funroll-loops -mdynamic-no-pic -DIS_64BIT -DUSE_POPCNT -DUSE_NEON=8 -march=armv8.2-a+dotprod -DUSE_NEON_DOTPROD -DARCH=apple-silicon -flto=full -Xclang -mllvm -Xclang -inline-threshold=500 -c -o engine.o engine.cpp
In file included from engine.cpp:19:
In file included from ./engine.h:22:
In file included from /Applications/Xcode.app/Contents/Developer/Platforms/MacOSX.platform/Developer/SDKs/MacOSX.sdk/usr/include/c++/v1/functional:535:
In file included from /Applications/Xcode.app/Contents/Developer/Platforms/MacOSX.platform/Developer/SDKs/MacOSX.sdk/usr/include/c++/v1/__config:15:
/Applications/Xcode.app/Contents/Developer/Platforms/MacOSX.platform/Developer/SDKs/MacOSX.sdk/usr/include/c++/v1/__configuration/availability.h:204:4: warning: "The selected platform is no longer supported by libc++." [-W#warnings]
  204 | #  warning "The selected platform is no longer supported by libc++."
      |    ^
1 warning generated.
clang++ -Wall -Wcast-qual -fno-exceptions -std=c++17 -fprofile-use=stockfish.profdata -pedantic -Wextra -Wshadow -Wmissing-prototypes -Wconditional-uninitialized -flax-vector-conversions=none -fconstexpr-steps=500000000 -m64 -mmacosx-version-min=10.15 -arch arm64 -DNDEBUG -O3 -funroll-loops -mdynamic-no-pic -DIS_64BIT -DUSE_POPCNT -DUSE_NEON=8 -march=armv8.2-a+dotprod -DUSE_NEON_DOTPROD -DARCH=apple-silicon -flto=full -Xclang -mllvm -Xclang -inline-threshold=500 -c -o score.o score.cpp
In file included from score.cpp:19:
In file included from ./score.h:22:
In file included from /Applications/Xcode.app/Contents/Developer/Platforms/MacOSX.platform/Developer/SDKs/MacOSX.sdk/usr/include/c++/v1/variant:218:
In file included from /Applications/Xcode.app/Contents/Developer/Platforms/MacOSX.platform/Developer/SDKs/MacOSX.sdk/usr/include/c++/v1/__compare/common_comparison_category.h:12:
In file included from /Applications/Xcode.app/Contents/Developer/Platforms/MacOSX.platform/Developer/SDKs/MacOSX.sdk/usr/include/c++/v1/__compare/ordering.h:12:
In file included from /Applications/Xcode.app/Contents/Developer/Platforms/MacOSX.platform/Developer/SDKs/MacOSX.sdk/usr/include/c++/v1/__config:15:
/Applications/Xcode.app/Contents/Developer/Platforms/MacOSX.platform/Developer/SDKs/MacOSX.sdk/usr/include/c++/v1/__configuration/availability.h:204:4: warning: "The selected platform is no longer supported by libc++." [-W#warnings]
  204 | #  warning "The selected platform is no longer supported by libc++."
      |    ^
1 warning generated.
clang++ -Wall -Wcast-qual -fno-exceptions -std=c++17 -fprofile-use=stockfish.profdata -pedantic -Wextra -Wshadow -Wmissing-prototypes -Wconditional-uninitialized -flax-vector-conversions=none -fconstexpr-steps=500000000 -m64 -mmacosx-version-min=10.15 -arch arm64 -DNDEBUG -O3 -funroll-loops -mdynamic-no-pic -DIS_64BIT -DUSE_POPCNT -DUSE_NEON=8 -march=armv8.2-a+dotprod -DUSE_NEON_DOTPROD -DARCH=apple-silicon -flto=full -Xclang -mllvm -Xclang -inline-threshold=500 -c -o memory.o memory.cpp
In file included from memory.cpp:19:
In file included from ./memory.h:22:
In file included from /Applications/Xcode.app/Contents/Developer/Platforms/MacOSX.platform/Developer/SDKs/MacOSX.sdk/usr/include/c++/v1/algorithm:1840:
In file included from /Applications/Xcode.app/Contents/Developer/Platforms/MacOSX.platform/Developer/SDKs/MacOSX.sdk/usr/include/c++/v1/__config:15:
/Applications/Xcode.app/Contents/Developer/Platforms/MacOSX.platform/Developer/SDKs/MacOSX.sdk/usr/include/c++/v1/__configuration/availability.h:204:4: warning: "The selected platform is no longer supported by libc++." [-W#warnings]
  204 | #  warning "The selected platform is no longer supported by libc++."
      |    ^
1 warning generated.
1 warning generated.
1 warning generated.
1 warning generated.
1 warning generated.
1 warning generated.
clang++ -o stockfish attacks.o benchmark.o bitboard.o evaluate.o main.o misc.o movegen.o movepick.o position.o search.o thread.o timeman.o tt.o uci.o ucioption.o tune.o tbprobe.o nnue_accumulator.o nnue_misc.o network.o half_ka_v2_hm.o full_threats.o pp_3wide.o engine.o score.o memory.o  -fprofile-use  -m64 -mmacosx-version-min=10.15 -arch arm64 -lpthread  -Wall -Wcast-qual -fno-exceptions -std=c++17 -fprofile-use=stockfish.profdata -pedantic -Wextra -Wshadow -Wmissing-prototypes -Wconditional-uninitialized -flax-vector-conversions=none -fconstexpr-steps=500000000 -m64 -mmacosx-version-min=10.15 -arch arm64 -DNDEBUG -O3 -funroll-loops -mdynamic-no-pic -DIS_64BIT -DUSE_POPCNT -DUSE_NEON=8 -march=armv8.2-a+dotprod -DUSE_NEON_DOTPROD -DARCH=apple-silicon -flto=full -Xclang -mllvm -Xclang -inline-threshold=500

Step 4/4. Deleting profile data ...
/Applications/Xcode.app/Contents/Developer/usr/bin/make ARCH=apple-silicon COMP=clang profileclean
