Building..
/Applications/Xcode.app/Contents/Developer/usr/bin/make -C app BINARY_PATH=../
clang++ -O3 -std=c++17 -Wall -Wextra -DNDEBUG -DGIT_SHA=\"60d7a7a\" -DGIT_DATE=\"20260912\" -DHAVE_POSIX_SPAWN_FILE_ACTIONS_ADDCHDIR  -Isrc -Ithird_party -Ithird_party/fmt/include -MMD -MP -c src/cli/cli.cpp -o tmp/src/cli/cli.o
clang++ -O3 -std=c++17 -Wall -Wextra -DNDEBUG -DGIT_SHA=\"60d7a7a\" -DGIT_DATE=\"20260912\" -DHAVE_POSIX_SPAWN_FILE_ACTIONS_ADDCHDIR  -Isrc -Ithird_party -Ithird_party/fmt/include -MMD -MP -c src/cli/sanitize.cpp -o tmp/src/cli/sanitize.o
clang++ -O3 -std=c++17 -Wall -Wextra -DNDEBUG -DGIT_SHA=\"60d7a7a\" -DGIT_DATE=\"20260912\" -DHAVE_POSIX_SPAWN_FILE_ACTIONS_ADDCHDIR  -Isrc -Ithird_party -Ithird_party/fmt/include -MMD -MP -c src/core/globals/globals.cpp -o tmp/src/core/globals/globals.o
clang++ -O3 -std=c++17 -Wall -Wextra -DNDEBUG -DGIT_SHA=\"60d7a7a\" -DGIT_DATE=\"20260912\" -DHAVE_POSIX_SPAWN_FILE_ACTIONS_ADDCHDIR  -Isrc -Ithird_party -Ithird_party/fmt/include -MMD -MP -c src/core/logger/logger.cpp -o tmp/src/core/logger/logger.o
clang++ -O3 -std=c++17 -Wall -Wextra -DNDEBUG -DGIT_SHA=\"60d7a7a\" -DGIT_DATE=\"20260912\" -DHAVE_POSIX_SPAWN_FILE_ACTIONS_ADDCHDIR  -Isrc -Ithird_party -Ithird_party/fmt/include -MMD -MP -c src/core/printing/printing.cpp -o tmp/src/core/printing/printing.o
clang++ -O3 -std=c++17 -Wall -Wextra -DNDEBUG -DGIT_SHA=\"60d7a7a\" -DGIT_DATE=\"20260912\" -DHAVE_POSIX_SPAWN_FILE_ACTIONS_ADDCHDIR  -Isrc -Ithird_party -Ithird_party/fmt/include -MMD -MP -c src/core/time/time.cpp -o tmp/src/core/time/time.o
src/cli/cli.cpp:84:35: warning: implicit conversion from 'type' (aka 'long long') to 'long double' changes value from 9223372036854775807 to 9223372036854775808 [-Wimplicit-const-int-float-conversion]
   84 |     if (duration < 0 || rounded > std::numeric_limits<int64_t>::max()) {
      |                                 ~ ^~~~~~~~~~~~~~~~~~~~~~~~~~~~~~~~~~~
clang++ -O3 -std=c++17 -Wall -Wextra -DNDEBUG -DGIT_SHA=\"60d7a7a\" -DGIT_DATE=\"20260912\" -DHAVE_POSIX_SPAWN_FILE_ACTIONS_ADDCHDIR  -Isrc -Ithird_party -Ithird_party/fmt/include -MMD -MP -c src/engine/uci_engine.cpp -o tmp/src/engine/uci_engine.o
clang++ -O3 -std=c++17 -Wall -Wextra -DNDEBUG -DGIT_SHA=\"60d7a7a\" -DGIT_DATE=\"20260912\" -DHAVE_POSIX_SPAWN_FILE_ACTIONS_ADDCHDIR  -Isrc -Ithird_party -Ithird_party/fmt/include -MMD -MP -c src/game/book/epd_reader.cpp -o tmp/src/game/book/epd_reader.o
clang++ -O3 -std=c++17 -Wall -Wextra -DNDEBUG -DGIT_SHA=\"60d7a7a\" -DGIT_DATE=\"20260912\" -DHAVE_POSIX_SPAWN_FILE_ACTIONS_ADDCHDIR  -Isrc -Ithird_party -Ithird_party/fmt/include -MMD -MP -c src/game/book/opening_book.cpp -o tmp/src/game/book/opening_book.o
clang++ -O3 -std=c++17 -Wall -Wextra -DNDEBUG -DGIT_SHA=\"60d7a7a\" -DGIT_DATE=\"20260912\" -DHAVE_POSIX_SPAWN_FILE_ACTIONS_ADDCHDIR  -Isrc -Ithird_party -Ithird_party/fmt/include -MMD -MP -c src/game/book/pgn_reader.cpp -o tmp/src/game/book/pgn_reader.o
clang++ -O3 -std=c++17 -Wall -Wextra -DNDEBUG -DGIT_SHA=\"60d7a7a\" -DGIT_DATE=\"20260912\" -DHAVE_POSIX_SPAWN_FILE_ACTIONS_ADDCHDIR  -Isrc -Ithird_party -Ithird_party/fmt/include -MMD -MP -c src/game/pgn/pgn_builder.cpp -o tmp/src/game/pgn/pgn_builder.o
clang++ -O3 -std=c++17 -Wall -Wextra -DNDEBUG -DGIT_SHA=\"60d7a7a\" -DGIT_DATE=\"20260912\" -DHAVE_POSIX_SPAWN_FILE_ACTIONS_ADDCHDIR  -Isrc -Ithird_party -Ithird_party/fmt/include -MMD -MP -c src/game/pgn/openings_data.cpp -o tmp/src/game/pgn/openings_data.o
clang++ -O3 -std=c++17 -Wall -Wextra -DNDEBUG -DGIT_SHA=\"60d7a7a\" -DGIT_DATE=\"20260912\" -DHAVE_POSIX_SPAWN_FILE_ACTIONS_ADDCHDIR  -Isrc -Ithird_party -Ithird_party/fmt/include -MMD -MP -c src/game/timecontrol/timecontrol.cpp -o tmp/src/game/timecontrol/timecontrol.o
1 warning generated.
clang++ -O3 -std=c++17 -Wall -Wextra -DNDEBUG -DGIT_SHA=\"60d7a7a\" -DGIT_DATE=\"20260912\" -DHAVE_POSIX_SPAWN_FILE_ACTIONS_ADDCHDIR  -Isrc -Ithird_party -Ithird_party/fmt/include -MMD -MP -c src/main.cpp -o tmp/src/main.o
clang++ -O3 -std=c++17 -Wall -Wextra -DNDEBUG -DGIT_SHA=\"60d7a7a\" -DGIT_DATE=\"20260912\" -DHAVE_POSIX_SPAWN_FILE_ACTIONS_ADDCHDIR  -Isrc -Ithird_party -Ithird_party/fmt/include -MMD -MP -c src/matchmaking/syzygy.cpp -o tmp/src/matchmaking/syzygy.o
clang++ -O3 -std=c++17 -Wall -Wextra -DNDEBUG -DGIT_SHA=\"60d7a7a\" -DGIT_DATE=\"20260912\" -DHAVE_POSIX_SPAWN_FILE_ACTIONS_ADDCHDIR  -Isrc -Ithird_party -Ithird_party/fmt/include -MMD -MP -c src/matchmaking/elo/elo_pentanomial.cpp -o tmp/src/matchmaking/elo/elo_pentanomial.o
clang++ -O3 -std=c++17 -Wall -Wextra -DNDEBUG -DGIT_SHA=\"60d7a7a\" -DGIT_DATE=\"20260912\" -DHAVE_POSIX_SPAWN_FILE_ACTIONS_ADDCHDIR  -Isrc -Ithird_party -Ithird_party/fmt/include -MMD -MP -c src/matchmaking/elo/elo_wdl.cpp -o tmp/src/matchmaking/elo/elo_wdl.o
clang++ -O3 -std=c++17 -Wall -Wextra -DNDEBUG -DGIT_SHA=\"60d7a7a\" -DGIT_DATE=\"20260912\" -DHAVE_POSIX_SPAWN_FILE_ACTIONS_ADDCHDIR  -Isrc -Ithird_party -Ithird_party/fmt/include -MMD -MP -c src/matchmaking/match/match.cpp -o tmp/src/matchmaking/match/match.o
clang++ -O3 -std=c++17 -Wall -Wextra -DNDEBUG -DGIT_SHA=\"60d7a7a\" -DGIT_DATE=\"20260912\" -DHAVE_POSIX_SPAWN_FILE_ACTIONS_ADDCHDIR  -Isrc -Ithird_party -Ithird_party/fmt/include -MMD -MP -c src/matchmaking/sprt/sprt.cpp -o tmp/src/matchmaking/sprt/sprt.o
clang++ -O3 -std=c++17 -Wall -Wextra -DNDEBUG -DGIT_SHA=\"60d7a7a\" -DGIT_DATE=\"20260912\" -DHAVE_POSIX_SPAWN_FILE_ACTIONS_ADDCHDIR  -Isrc -Ithird_party -Ithird_party/fmt/include -MMD -MP -c src/matchmaking/tournament/base/tournament.cpp -o tmp/src/matchmaking/tournament/base/tournament.o
clang++ -O3 -std=c++17 -Wall -Wextra -DNDEBUG -DGIT_SHA=\"60d7a7a\" -DGIT_DATE=\"20260912\" -DHAVE_POSIX_SPAWN_FILE_ACTIONS_ADDCHDIR  -Isrc -Ithird_party -Ithird_party/fmt/include -MMD -MP -c src/matchmaking/tournament/roundrobin/roundrobin.cpp -o tmp/src/matchmaking/tournament/roundrobin/roundrobin.o
clang++ -O3 -std=c++17 -Wall -Wextra -DNDEBUG -DGIT_SHA=\"60d7a7a\" -DGIT_DATE=\"20260912\" -DHAVE_POSIX_SPAWN_FILE_ACTIONS_ADDCHDIR  -Isrc -Ithird_party -Ithird_party/fmt/include -MMD -MP -c src/matchmaking/tournament/tournament_manager.cpp -o tmp/src/matchmaking/tournament/tournament_manager.o
clang++ -O3 -std=c++17 -Wall -Wextra -DNDEBUG -DGIT_SHA=\"60d7a7a\" -DGIT_DATE=\"20260912\" -DHAVE_POSIX_SPAWN_FILE_ACTIONS_ADDCHDIR  -Isrc -Ithird_party -Ithird_party/fmt/include -MMD -MP -c third_party/pyrrhic/tbprobe.cpp -o tmp/third_party/pyrrhic/tbprobe.o
clang++ -O3 -std=c++17 -Wall -Wextra -DNDEBUG -DGIT_SHA=\"60d7a7a\" -DGIT_DATE=\"20260912\" -DHAVE_POSIX_SPAWN_FILE_ACTIONS_ADDCHDIR  -Isrc -Ithird_party -Ithird_party/fmt/include -MMD -MP -c third_party/fmt/src/format.cc -o tmp/third_party/fmt/src/format.o
clang++ -O3 -std=c++17 -Wall -Wextra -DNDEBUG -DGIT_SHA=\"60d7a7a\" -DGIT_DATE=\"20260912\" -DHAVE_POSIX_SPAWN_FILE_ACTIONS_ADDCHDIR  -Isrc -Ithird_party -Ithird_party/fmt/include -MMD -MP -o ..//fastchess tmp/src/cli/cli.o tmp/src/cli/sanitize.o tmp/src/core/globals/globals.o tmp/src/core/logger/logger.o tmp/src/core/printing/printing.o tmp/src/core/time/time.o tmp/src/engine/uci_engine.o tmp/src/game/book/epd_reader.o tmp/src/game/book/opening_book.o tmp/src/game/book/pgn_reader.o tmp/src/game/pgn/pgn_builder.o tmp/src/game/pgn/openings_data.o tmp/src/game/timecontrol/timecontrol.o tmp/src/main.o tmp/src/matchmaking/syzygy.o tmp/src/matchmaking/elo/elo_pentanomial.o tmp/src/matchmaking/elo/elo_wdl.o tmp/src/matchmaking/match/match.o tmp/src/matchmaking/sprt/sprt.o tmp/src/matchmaking/tournament/base/tournament.o tmp/src/matchmaking/tournament/roundrobin/roundrobin.o tmp/src/matchmaking/tournament/tournament_manager.o tmp/third_party/pyrrhic/tbprobe.o tmp/third_party/fmt/src/format.o  
Done.
