Completed warmup
Completed pair 1/20
Completed pair 2/20
Completed pair 3/20
Completed pair 4/20
Completed pair 5/20
Completed pair 6/20
Completed pair 7/20
Completed pair 8/20
Completed pair 9/20
Completed pair 10/20
Completed pair 11/20
Completed pair 12/20
Completed pair 13/20
Completed pair 14/20
Completed pair 15/20
Completed pair 16/20
Completed pair 17/20
Completed pair 18/20
Completed pair 19/20
Completed pair 20/20
{
  "search_ms": {
    "geometric_speedup_percent": -1.154457313930704,
    "approximate_95pct_interval_percent": [
      -2.354721382442634,
      0.06056050258171351
    ],
    "paired_log_speed_ratios": [
      0.005073880456953642,
      -0.004185357380193277,
      0.01154371261958456,
      -0.008365749417366024,
      0.0026797693571155145,
      -0.025023647076153163,
      -0.010405921161116693,
      -0.00836075339054546,
      -0.016038359823425496,
      -0.0042042103967797105,
      -0.0038858216583191486,
      -0.0029940142126047777,
      -0.01156768052366501,
      -0.011664555764930737,
      0.012720183343514426,
      -0.007128037308507761,
      -0.0008961912474353148,
      -0.0011936736720239754,
      -0.11158552464367055,
      -0.03675262973867123
    ]
  },
  "wall_seconds": {
    "geometric_speedup_percent": -1.0684669474234434,
    "approximate_95pct_interval_percent": [
      -2.2291731034677853,
      0.10601876662857437
    ],
    "paired_log_speed_ratios": [
      0.004887800062065893,
      -0.004399722100603321,
      0.005240857914413604,
      -0.007567423982347499,
      0.002818347617753354,
      -0.02359240564187424,
      -0.005394991287259343,
      -0.008427967724145176,
      -0.015722858597949075,
      -0.005752503875761632,
      0.002117551751592156,
      -0.0031410790531682174,
      -0.012004324143039964,
      -0.011515512821695356,
      0.011784118054163462,
      0.0011200622917338404,
      -0.0018064492274621926,
      -0.0010886216388064666,
      -0.10822912883998963,
      -0.03416895748682651
    ]
  }
}
