Completed warmup
Completed pair 1/20
Completed pair 2/20
Completed pair 3/20
Completed pair 4/20
Completed pair 5/20
Completed pair 6/20
Completed pair 7/20
Completed pair 8/20
Completed pair 9/20
Completed pair 10/20
Completed pair 11/20
Completed pair 12/20
Completed pair 13/20
Completed pair 14/20
Completed pair 15/20
Completed pair 16/20
Completed pair 17/20
Completed pair 18/20
Completed pair 19/20
Completed pair 20/20
{
  "search_ms": {
    "geometric_speedup_percent": 0.10003758602018092,
    "approximate_95pct_interval_percent": [
      -0.17563931081187273,
      0.3764757975345652
    ],
    "paired_log_speed_ratios": [
      -0.0032462770134631413,
      -0.0020749970391602496,
      0.006245373459676535,
      0.011272738772522215,
      0.0014817012638217008,
      -0.007364888202440964,
      0.002967361227802008,
      0.004146925374155604,
      0.0035471512214835395,
      -0.011838049917155872,
      0.0066869550085448684,
      -0.00520595265484673,
      0.0,
      0.011894282360609937,
      0.0026686450233502777,
      0.0038535693159899723,
      0.0023543271616353607,
      -0.004143243571334514,
      -0.0011816840370631801,
      -0.0020664213995247507
    ]
  },
  "wall_seconds": {
    "geometric_speedup_percent": -0.019320300448576796,
    "approximate_95pct_interval_percent": [
      -0.27046997044913884,
      0.23246184176681167
    ],
    "paired_log_speed_ratios": [
      -0.002468841539548855,
      -0.0007147925117846138,
      0.005102216072441839,
      0.005372546987069528,
      0.00182926292456761,
      -0.006685728466121698,
      0.0028081204023940065,
      -0.001623667250774597,
      0.0019540297682306717,
      -0.011887915842336087,
      0.006071565053459792,
      -0.005173130942553509,
      -0.006145231086643688,
      0.01115872626851354,
      0.0022712607280390806,
      0.004538617401915615,
      -0.003157048860287976,
      -0.004331392354216951,
      -0.0013496560916175875,
      -0.0014333740725563126
    ]
  }
}
