Existing nn-134a887f4c8f.nnue validated, skipping download

Config:
debug: 'no'
sanitize: 'none'
optimize: 'yes'
arch: 'arm64'
bits: '64'
kernel: 'Darwin'
os: ''
prefetch: 'yes'
popcnt: 'yes'
pext: 'no'
sse: 'no'
mmx: 'no'
sse2: 'no'
ssse3: 'no'
sse41: 'no'
avx2: 'no'
avxvnni: 'no'
avx512: 'no'
vnni512: 'no'
avx512icl: 'no'
altivec: 'no'
vsx: 'no'
neon: 'yes'
dotprod: 'yes'
arm_version: '8'
lsx: 'no'
lasx: 'no'
syzygy: 'yes'
target_windows: ''

Flags:
CXX: clang++
CXXFLAGS:  -Wall -Wcast-qual -fno-exceptions -std=c++17  -pedantic -Wextra -Wshadow -Wmissing-prototypes -Wconditional-uninitialized -flax-vector-conversions=none -fconstexpr-steps=500000000 -m64 -mmacosx-version-min=10.15 -arch arm64 -DNDEBUG -O3 -funroll-loops -mdynamic-no-pic -DIS_64BIT -DUSE_POPCNT -DUSE_NEON=8 -march=armv8.2-a+dotprod -DUSE_NEON_DOTPROD -DARCH=apple-silicon -flto=full -Xclang -mllvm -Xclang -inline-threshold=500
LDFLAGS:   -m64 -mmacosx-version-min=10.15 -arch arm64 -lpthread  -Wall -Wcast-qual -fno-exceptions -std=c++17  -pedantic -Wextra -Wshadow -Wmissing-prototypes -Wconditional-uninitialized -flax-vector-conversions=none -fconstexpr-steps=500000000 -m64 -mmacosx-version-min=10.15 -arch arm64 -DNDEBUG -O3 -funroll-loops -mdynamic-no-pic -DIS_64BIT -DUSE_POPCNT -DUSE_NEON=8 -march=armv8.2-a+dotprod -DUSE_NEON_DOTPROD -DARCH=apple-silicon -flto=full -Xclang -mllvm -Xclang -inline-threshold=500

Testing config sanity. If this fails, try 'make help' ...


Step 1/4. Building instrumented executable ...
/Applications/Xcode.app/Contents/Developer/usr/bin/make ARCH=apple-silicon COMP=clang clang-profile-make
/Applications/Xcode.app/Contents/Developer/usr/bin/make ARCH=apple-silicon COMP=clang \
	EXTRACXXFLAGS='-fprofile-generate ' \
	EXTRALDFLAGS=' -fprofile-generate' \
	all
clang++ -Wall -Wcast-qual -fno-exceptions -std=c++17 -fprofile-generate -pedantic -Wextra -Wshadow -Wmissing-prototypes -Wconditional-uninitialized -flax-vector-conversions=none -fconstexpr-steps=500000000 -m64 -mmacosx-version-min=10.15 -arch arm64 -DNDEBUG -O3 -funroll-loops -mdynamic-no-pic -DIS_64BIT -DUSE_POPCNT -DUSE_NEON=8 -march=armv8.2-a+dotprod -DUSE_NEON_DOTPROD -DARCH=apple-silicon -flto=full -Xclang -mllvm -Xclang -inline-threshold=500 -c -o attacks.o attacks.cpp
clang++ -Wall -Wcast-qual -fno-exceptions -std=c++17 -fprofile-generate -pedantic -Wextra -Wshadow -Wmissing-prototypes -Wconditional-uninitialized -flax-vector-conversions=none -fconstexpr-steps=500000000 -m64 -mmacosx-version-min=10.15 -arch arm64 -DNDEBUG -O3 -funroll-loops -mdynamic-no-pic -DIS_64BIT -DUSE_POPCNT -DUSE_NEON=8 -march=armv8.2-a+dotprod -DUSE_NEON_DOTPROD -DARCH=apple-silicon -flto=full -Xclang -mllvm -Xclang -inline-threshold=500 -c -o benchmark.o benchmark.cpp
In file included from benchmark.cpp:19:
In file included from ./benchmark.h:22:
In file included from /Applications/Xcode.app/Contents/Developer/Platforms/MacOSX.platform/Developer/SDKs/MacOSX.sdk/usr/include/c++/v1/iosfwd:111:
In file included from /Applications/Xcode.app/Contents/Developer/Platforms/MacOSX.platform/Developer/SDKs/MacOSX.sdk/usr/include/c++/v1/__configIn file included from attacks.cpp:19:
In file included from ./attacks.h:22:
In file included from /Applications/Xcode.app/Contents/Developer/Platforms/MacOSX.platform/Developer/SDKs/MacOSX.sdk/usr/include/c++/v1/cassert::15:
/Applications/Xcode.app/Contents/Developer/Platforms/MacOSX.platform/Developer/SDKs/MacOSX.sdk/usr/include/c++/v1/__configuration/availability.h:204:4: warning: "The selected platform is no longer supported by libc++." [-W#warnings]
22:
In file included from /Applications/Xcode.app/Contents/Developer/Platforms/MacOSX.platform/Developer/SDKs/MacOSX.sdk/usr/include/c++/v1/__config:15:
/Applications/Xcode.app/Contents/Developer/Platforms/MacOSX.platform/Developer/SDKs/MacOSX.sdk/usr/include/c++/v1/__configuration/availability.h:  204 | #204:4: warning: "The selected platform is no longer supported by libc++." [-W#warnings]
  warning  204 | #  warning "The selected platform is no longer supported by libc++."
      |    ^
 "The selected platform is no longer supported by libc++."
      |    ^
1 warning generated.
clang++ -Wall -Wcast-qual -fno-exceptions -std=c++17 -fprofile-generate -pedantic -Wextra -Wshadow -Wmissing-prototypes -Wconditional-uninitialized -flax-vector-conversions=none -fconstexpr-steps=500000000 -m64 -mmacosx-version-min=10.15 -arch arm64 -DNDEBUG -O3 -funroll-loops -mdynamic-no-pic -DIS_64BIT -DUSE_POPCNT -DUSE_NEON=8 -march=armv8.2-a+dotprod -DUSE_NEON_DOTPROD -DARCH=apple-silicon -flto=full -Xclang -mllvm -Xclang -inline-threshold=500 -c -o bitboard.o bitboard.cpp
In file included from bitboard.cpp:19:
In file included from ./bitboard.h:22:
In file included from /Applications/Xcode.app/Contents/Developer/Platforms/MacOSX.platform/Developer/SDKs/MacOSX.sdk/usr/include/c++/v1/algorithm:1840:
In file included from /Applications/Xcode.app/Contents/Developer/Platforms/MacOSX.platform/Developer/SDKs/MacOSX.sdk/usr/include/c++/v1/__config:15:
/Applications/Xcode.app/Contents/Developer/Platforms/MacOSX.platform/Developer/SDKs/MacOSX.sdk/usr/include/c++/v1/__configuration/availability.h:204:4: warning: "The selected platform is no longer supported by libc++." [-W#warnings]
  204 | #  warning "The selected platform is no longer supported by libc++."
      |    ^
1 warning generated.
clang++ -Wall -Wcast-qual -fno-exceptions -std=c++17 -fprofile-generate -pedantic -Wextra -Wshadow -Wmissing-prototypes -Wconditional-uninitialized -flax-vector-conversions=none -fconstexpr-steps=500000000 -m64 -mmacosx-version-min=10.15 -arch arm64 -DNDEBUG -O3 -funroll-loops -mdynamic-no-pic -DIS_64BIT -DUSE_POPCNT -DUSE_NEON=8 -march=armv8.2-a+dotprod -DUSE_NEON_DOTPROD -DARCH=apple-silicon -flto=full -Xclang -mllvm -Xclang -inline-threshold=500 -c -o evaluate.o evaluate.cpp
In file included from evaluate.cpp:19:
In file included from ./evaluate.h:22:
In file included from /Applications/Xcode.app/Contents/Developer/Platforms/MacOSX.platform/Developer/SDKs/MacOSX.sdk/usr/include/c++/v1/string:594:
In file included from /Applications/Xcode.app/Contents/Developer/Platforms/MacOSX.platform/Developer/SDKs/MacOSX.sdk/usr/include/c++/v1/__algorithm/max.h:12:
In file included from /Applications/Xcode.app/Contents/Developer/Platforms/MacOSX.platform/Developer/SDKs/MacOSX.sdk/usr/include/c++/v1/__algorithm/comp.h:12:
In file included from /Applications/Xcode.app/Contents/Developer/Platforms/MacOSX.platform/Developer/SDKs/MacOSX.sdk/usr/include/c++/v1/__config:15:
/Applications/Xcode.app/Contents/Developer/Platforms/MacOSX.platform/Developer/SDKs/MacOSX.sdk/usr/include/c++/v1/__configuration/availability.h:204:4: warning: "The selected platform is no longer supported by libc++." [-W#warnings]
  204 | #  warning "The selected platform is no longer supported by libc++."
      |    ^
1 warning generated.
clang++ -Wall -Wcast-qual -fno-exceptions -std=c++17 -fprofile-generate -pedantic -Wextra -Wshadow -Wmissing-prototypes -Wconditional-uninitialized -flax-vector-conversions=none -fconstexpr-steps=500000000 -m64 -mmacosx-version-min=10.15 -arch arm64 -DNDEBUG -O3 -funroll-loops -mdynamic-no-pic -DIS_64BIT -DUSE_POPCNT -DUSE_NEON=8 -march=armv8.2-a+dotprod -DUSE_NEON_DOTPROD -DARCH=apple-silicon -flto=full -Xclang -mllvm -Xclang -inline-threshold=500 -c -o main.o main.cpp
In file included from main.cpp:19:
In file included from /Applications/Xcode.app/Contents/Developer/Platforms/MacOSX.platform/Developer/SDKs/MacOSX.sdk/usr/include/c++/v1/iostream:39:
In file included from /Applications/Xcode.app/Contents/Developer/Platforms/MacOSX.platform/Developer/SDKs/MacOSX.sdk/usr/include/c++/v1/__config:15:
/Applications/Xcode.app/Contents/Developer/Platforms/MacOSX.platform/Developer/SDKs/MacOSX.sdk/usr/include/c++/v1/__configuration/availability.h:204:4: warning: "The selected platform is no longer supported by libc++." [-W#warnings]
  204 | #  warning "The selected platform is no longer supported by libc++."
      |    ^
1 warning generated.
clang++ -Wall -Wcast-qual -fno-exceptions -std=c++17 -fprofile-generate -pedantic -Wextra -Wshadow -Wmissing-prototypes -Wconditional-uninitialized -flax-vector-conversions=none -fconstexpr-steps=500000000 -m64 -mmacosx-version-min=10.15 -arch arm64 -DNDEBUG -O3 -funroll-loops -mdynamic-no-pic -DIS_64BIT -DUSE_POPCNT -DUSE_NEON=8 -march=armv8.2-a+dotprod -DUSE_NEON_DOTPROD -DARCH=apple-silicon -flto=full -Xclang -mllvm -Xclang -inline-threshold=500 -DGIT_SHA=031dfeb4 -DGIT_DATE=20260913 -DGIT_DIFFINDEX=1 -c -o misc.o misc.cpp
In file included from misc.cpp:19:
In file included from ./misc.h:22:
In file included from /Applications/Xcode.app/Contents/Developer/Platforms/MacOSX.platform/Developer/SDKs/MacOSX.sdk/usr/include/c++/v1/algorithm:1840:
In file included from /Applications/Xcode.app/Contents/Developer/Platforms/MacOSX.platform/Developer/SDKs/MacOSX.sdk/usr/include/c++/v1/__config:15:
/Applications/Xcode.app/Contents/Developer/Platforms/MacOSX.platform/Developer/SDKs/MacOSX.sdk/usr/include/c++/v1/__configuration/availability.h:204:4: warning: "The selected platform is no longer supported by libc++." [-W#warnings]
  204 | #  warning "The selected platform is no longer supported by libc++."
      |    ^
1 warning generated.
clang++ -Wall -Wcast-qual -fno-exceptions -std=c++17 -fprofile-generate -pedantic -Wextra -Wshadow -Wmissing-prototypes -Wconditional-uninitialized -flax-vector-conversions=none -fconstexpr-steps=500000000 -m64 -mmacosx-version-min=10.15 -arch arm64 -DNDEBUG -O3 -funroll-loops -mdynamic-no-pic -DIS_64BIT -DUSE_POPCNT -DUSE_NEON=8 -march=armv8.2-a+dotprod -DUSE_NEON_DOTPROD -DARCH=apple-silicon -flto=full -Xclang -mllvm -Xclang -inline-threshold=500 -c -o movegen.o movegen.cpp
In file included from movegen.cpp:19:
In file included from ./movegen.h:22:
In file included from /Applications/Xcode.app/Contents/Developer/Platforms/MacOSX.platform/Developer/SDKs/MacOSX.sdk/usr/include/c++/v1/algorithm:1840:
In file included from /Applications/Xcode.app/Contents/Developer/Platforms/MacOSX.platform/Developer/SDKs/MacOSX.sdk/usr/include/c++/v1/__config:15:
/Applications/Xcode.app/Contents/Developer/Platforms/MacOSX.platform/Developer/SDKs/MacOSX.sdk/usr/include/c++/v1/__configuration/availability.h:204:4: warning: "The selected platform is no longer supported by libc++." [-W#warnings]
  204 | #  warning "The selected platform is no longer supported by libc++."
      |    ^
1 warning generated.
clang++ -Wall -Wcast-qual -fno-exceptions -std=c++17 -fprofile-generate -pedantic -Wextra -Wshadow -Wmissing-prototypes -Wconditional-uninitialized -flax-vector-conversions=none -fconstexpr-steps=500000000 -m64 -mmacosx-version-min=10.15 -arch arm64 -DNDEBUG -O3 -funroll-loops -mdynamic-no-pic -DIS_64BIT -DUSE_POPCNT -DUSE_NEON=8 -march=armv8.2-a+dotprod -DUSE_NEON_DOTPROD -DARCH=apple-silicon -flto=full -Xclang -mllvm -Xclang -inline-threshold=500 -c -o movepick.o movepick.cpp
In file included from movepick.cpp:19:
In file included from ./movepick.h:22:
In file included from ./history.h:22:
In file included from /Applications/Xcode.app/Contents/Developer/Platforms/MacOSX.platform/Developer/SDKs/MacOSX.sdk/usr/include/c++/v1/algorithm:1840:
In file included from /Applications/Xcode.app/Contents/Developer/Platforms/MacOSX.platform/Developer/SDKs/MacOSX.sdk/usr/include/c++/v1/__config:15:
/Applications/Xcode.app/Contents/Developer/Platforms/MacOSX.platform/Developer/SDKs/MacOSX.sdk/usr/include/c++/v1/__configuration/availability.h:204:4: warning: "The selected platform is no longer supported by libc++." [-W#warnings]
  204 | #  warning "The selected platform is no longer supported by libc++."
      |    ^
1 warning generated.
clang++ -Wall -Wcast-qual -fno-exceptions -std=c++17 -fprofile-generate -pedantic -Wextra -Wshadow -Wmissing-prototypes -Wconditional-uninitialized -flax-vector-conversions=none -fconstexpr-steps=500000000 -m64 -mmacosx-version-min=10.15 -arch arm64 -DNDEBUG -O3 -funroll-loops -mdynamic-no-pic -DIS_64BIT -DUSE_POPCNT -DUSE_NEON=8 -march=armv8.2-a+dotprod -DUSE_NEON_DOTPROD -DARCH=apple-silicon -flto=full -Xclang -mllvm -Xclang -inline-threshold=500 -c -o position.o position.cpp
In file included from position.cpp:19:
In file included from ./position.h:22:
In file included from /Applications/Xcode.app/Contents/Developer/Platforms/MacOSX.platform/Developer/SDKs/MacOSX.sdk/usr/include/c++/v1/array:117:
In file included from /Applications/Xcode.app/Contents/Developer/Platforms/MacOSX.platform/Developer/SDKs/MacOSX.sdk/usr/include/c++/v1/__algorithm/equal.h:13:
In file included from /Applications/Xcode.app/Contents/Developer/Platforms/MacOSX.platform/Developer/SDKs/MacOSX.sdk/usr/include/c++/v1/__algorithm/comp.h:12:
In file included from /Applications/Xcode.app/Contents/Developer/Platforms/MacOSX.platform/Developer/SDKs/MacOSX.sdk/usr/include/c++/v1/__config:15:
/Applications/Xcode.app/Contents/Developer/Platforms/MacOSX.platform/Developer/SDKs/MacOSX.sdk/usr/include/c++/v1/__configuration/availability.h:204:4: warning: "The selected platform is no longer supported by libc++." [-W#warnings]
  204 | #  warning "The selected platform is no longer supported by libc++."
      |    ^
1 warning generated.
clang++ -Wall -Wcast-qual -fno-exceptions -std=c++17 -fprofile-generate -pedantic -Wextra -Wshadow -Wmissing-prototypes -Wconditional-uninitialized -flax-vector-conversions=none -fconstexpr-steps=500000000 -m64 -mmacosx-version-min=10.15 -arch arm64 -DNDEBUG -O3 -funroll-loops -mdynamic-no-pic -DIS_64BIT -DUSE_POPCNT -DUSE_NEON=8 -march=armv8.2-a+dotprod -DUSE_NEON_DOTPROD -DARCH=apple-silicon -flto=full -Xclang -mllvm -Xclang -inline-threshold=500 -c -o search.o search.cpp
In file included from search.cpp:19:
In file included from ./search.h:22:
In file included from /Applications/Xcode.app/Contents/Developer/Platforms/MacOSX.platform/Developer/SDKs/MacOSX.sdk/usr/include/c++/v1/algorithm:1840:
In file included from /Applications/Xcode.app/Contents/Developer/Platforms/MacOSX.platform/Developer/SDKs/MacOSX.sdk/usr/include/c++/v1/__config:15:
/Applications/Xcode.app/Contents/Developer/Platforms/MacOSX.platform/Developer/SDKs/MacOSX.sdk/usr/include/c++/v1/__configuration/availability.h:204:4: warning: "The selected platform is no longer supported by libc++." [-W#warnings]
  204 | #  warning "The selected platform is no longer supported by libc++."
      |    ^
1 warning generated.
clang++ -Wall -Wcast-qual -fno-exceptions -std=c++17 -fprofile-generate -pedantic -Wextra -Wshadow -Wmissing-prototypes -Wconditional-uninitialized -flax-vector-conversions=none -fconstexpr-steps=500000000 -m64 -mmacosx-version-min=10.15 -arch arm64 -DNDEBUG -O3 -funroll-loops -mdynamic-no-pic -DIS_64BIT -DUSE_POPCNT -DUSE_NEON=8 -march=armv8.2-a+dotprod -DUSE_NEON_DOTPROD -DARCH=apple-silicon -flto=full -Xclang -mllvm -Xclang -inline-threshold=500 -c -o thread.o thread.cpp
In file included from thread.cpp:19:
In file included from ./thread.h:22:
In file included from /Applications/Xcode.app/Contents/Developer/Platforms/MacOSX.platform/Developer/SDKs/MacOSX.sdk/usr/include/c++/v1/atomic:593:
In file included from /Applications/Xcode.app/Contents/Developer/Platforms/MacOSX.platform/Developer/SDKs/MacOSX.sdk/usr/include/c++/v1/__config:15:
/Applications/Xcode.app/Contents/Developer/Platforms/MacOSX.platform/Developer/SDKs/MacOSX.sdk/usr/include/c++/v1/__configuration/availability.h:204:4: warning: "The selected platform is no longer supported by libc++." [-W#warnings]
  204 | #  warning "The selected platform is no longer supported by libc++."
      |    ^
1 warning generated.
clang++ -Wall -Wcast-qual -fno-exceptions -std=c++17 -fprofile-generate -pedantic -Wextra -Wshadow -Wmissing-prototypes -Wconditional-uninitialized -flax-vector-conversions=none -fconstexpr-steps=500000000 -m64 -mmacosx-version-min=10.15 -arch arm64 -DNDEBUG -O3 -funroll-loops -mdynamic-no-pic -DIS_64BIT -DUSE_POPCNT -DUSE_NEON=8 -march=armv8.2-a+dotprod -DUSE_NEON_DOTPROD -DARCH=apple-silicon -flto=full -Xclang -mllvm -Xclang -inline-threshold=500 -c -o timeman.o timeman.cpp
In file included from timeman.cpp:19:
In file included from ./timeman.h:23:
In file included from /Applications/Xcode.app/Contents/Developer/Platforms/MacOSX.platform/Developer/SDKs/MacOSX.sdk/usr/include/c++/v1/limits:108:
In file included from /Applications/Xcode.app/Contents/Developer/Platforms/MacOSX.platform/Developer/SDKs/MacOSX.sdk/usr/include/c++/v1/__config:15:
/Applications/Xcode.app/Contents/Developer/Platforms/MacOSX.platform/Developer/SDKs/MacOSX.sdk/usr/include/c++/v1/__configuration/availability.h:204:4: warning: "The selected platform is no longer supported by libc++." [-W#warnings]
  204 | #  warning "The selected platform is no longer supported by libc++."
      |    ^
1 warning generated.
clang++ -Wall -Wcast-qual -fno-exceptions -std=c++17 -fprofile-generate -pedantic -Wextra -Wshadow -Wmissing-prototypes -Wconditional-uninitialized -flax-vector-conversions=none -fconstexpr-steps=500000000 -m64 -mmacosx-version-min=10.15 -arch arm64 -DNDEBUG -O3 -funroll-loops -mdynamic-no-pic -DIS_64BIT -DUSE_POPCNT -DUSE_NEON=8 -march=armv8.2-a+dotprod -DUSE_NEON_DOTPROD -DARCH=apple-silicon -flto=full -Xclang -mllvm -Xclang -inline-threshold=500 -c -o tt.o tt.cpp
In file included from tt.cpp:19:
In file included from ./tt.h:22:
In file included from /Applications/Xcode.app/Contents/Developer/Platforms/MacOSX.platform/Developer/SDKs/MacOSX.sdk/usr/include/c++/v1/tuple:221:
In file included from /Applications/Xcode.app/Contents/Developer/Platforms/MacOSX.platform/Developer/SDKs/MacOSX.sdk/usr/include/c++/v1/__compare/common_comparison_category.h:12:
In file included from /Applications/Xcode.app/Contents/Developer/Platforms/MacOSX.platform/Developer/SDKs/MacOSX.sdk/usr/include/c++/v1/__compare/ordering.h:12:
In file included from /Applications/Xcode.app/Contents/Developer/Platforms/MacOSX.platform/Developer/SDKs/MacOSX.sdk/usr/include/c++/v1/__config:15:
/Applications/Xcode.app/Contents/Developer/Platforms/MacOSX.platform/Developer/SDKs/MacOSX.sdk/usr/include/c++/v1/__configuration/availability.h:204:4: warning: "The selected platform is no longer supported by libc++." [-W#warnings]
  204 | #  warning "The selected platform is no longer supported by libc++."
      |    ^
1 warning generated.
clang++ -Wall -Wcast-qual -fno-exceptions -std=c++17 -fprofile-generate -pedantic -Wextra -Wshadow -Wmissing-prototypes -Wconditional-uninitialized -flax-vector-conversions=none -fconstexpr-steps=500000000 -m64 -mmacosx-version-min=10.15 -arch arm64 -DNDEBUG -O3 -funroll-loops -mdynamic-no-pic -DIS_64BIT -DUSE_POPCNT -DUSE_NEON=8 -march=armv8.2-a+dotprod -DUSE_NEON_DOTPROD -DARCH=apple-silicon -flto=full -Xclang -mllvm -Xclang -inline-threshold=500 -c -o uci.o uci.cpp
In file included from uci.cpp:19:
In file included from ./uci.h:22:
In file included from /Applications/Xcode.app/Contents/Developer/Platforms/MacOSX.platform/Developer/SDKs/MacOSX.sdk/usr/include/c++/v1/iostream:39:
In file included from /Applications/Xcode.app/Contents/Developer/Platforms/MacOSX.platform/Developer/SDKs/MacOSX.sdk/usr/include/c++/v1/__config:15:
/Applications/Xcode.app/Contents/Developer/Platforms/MacOSX.platform/Developer/SDKs/MacOSX.sdk/usr/include/c++/v1/__configuration/availability.h:204:4: warning: "The selected platform is no longer supported by libc++." [-W#warnings]
  204 | #  warning "The selected platform is no longer supported by libc++."
      |    ^
1 warning generated.
clang++ -Wall -Wcast-qual -fno-exceptions -std=c++17 -fprofile-generate -pedantic -Wextra -Wshadow -Wmissing-prototypes -Wconditional-uninitialized -flax-vector-conversions=none -fconstexpr-steps=500000000 -m64 -mmacosx-version-min=10.15 -arch arm64 -DNDEBUG -O3 -funroll-loops -mdynamic-no-pic -DIS_64BIT -DUSE_POPCNT -DUSE_NEON=8 -march=armv8.2-a+dotprod -DUSE_NEON_DOTPROD -DARCH=apple-silicon -flto=full -Xclang -mllvm -Xclang -inline-threshold=500 -c -o ucioption.o ucioption.cpp
In file included from ucioption.cpp:19:
In file included from ./ucioption.h:22:
In file included from /Applications/Xcode.app/Contents/Developer/Platforms/MacOSX.platform/Developer/SDKs/MacOSX.sdk/usr/include/c++/v1/functional:535:
In file included from /Applications/Xcode.app/Contents/Developer/Platforms/MacOSX.platform/Developer/SDKs/MacOSX.sdk/usr/include/c++/v1/__config:15:
/Applications/Xcode.app/Contents/Developer/Platforms/MacOSX.platform/Developer/SDKs/MacOSX.sdk/usr/include/c++/v1/__configuration/availability.h:204:4: warning: "The selected platform is no longer supported by libc++." [-W#warnings]
  204 | #  warning "The selected platform is no longer supported by libc++."
      |    ^
1 warning generated.
clang++ -Wall -Wcast-qual -fno-exceptions -std=c++17 -fprofile-generate -pedantic -Wextra -Wshadow -Wmissing-prototypes -Wconditional-uninitialized -flax-vector-conversions=none -fconstexpr-steps=500000000 -m64 -mmacosx-version-min=10.15 -arch arm64 -DNDEBUG -O3 -funroll-loops -mdynamic-no-pic -DIS_64BIT -DUSE_POPCNT -DUSE_NEON=8 -march=armv8.2-a+dotprod -DUSE_NEON_DOTPROD -DARCH=apple-silicon -flto=full -Xclang -mllvm -Xclang -inline-threshold=500 -c -o tune.o tune.cpp
In file included from tune.cpp:19:
In file included from ./tune.h:22:
In file included from /Applications/Xcode.app/Contents/Developer/Platforms/MacOSX.platform/Developer/SDKs/MacOSX.sdk/usr/include/c++/v1/memory:943:
In file included from /Applications/Xcode.app/Contents/Developer/Platforms/MacOSX.platform/Developer/SDKs/MacOSX.sdk/usr/include/c++/v1/__config:15:
/Applications/Xcode.app/Contents/Developer/Platforms/MacOSX.platform/Developer/SDKs/MacOSX.sdk/usr/include/c++/v1/__configuration/availability.h:204:4: warning: "The selected platform is no longer supported by libc++." [-W#warnings]
  204 | #  warning "The selected platform is no longer supported by libc++."
      |    ^
1 warning generated.
clang++ -Wall -Wcast-qual -fno-exceptions -std=c++17 -fprofile-generate -pedantic -Wextra -Wshadow -Wmissing-prototypes -Wconditional-uninitialized -flax-vector-conversions=none -fconstexpr-steps=500000000 -m64 -mmacosx-version-min=10.15 -arch arm64 -DNDEBUG -O3 -funroll-loops -mdynamic-no-pic -DIS_64BIT -DUSE_POPCNT -DUSE_NEON=8 -march=armv8.2-a+dotprod -DUSE_NEON_DOTPROD -DARCH=apple-silicon -flto=full -Xclang -mllvm -Xclang -inline-threshold=500 -c -o tbprobe.o syzygy/tbprobe.cpp
In file included from syzygy/tbprobe.cpp:19:
In file included from syzygy/tbprobe.h:22:
In file included from /Applications/Xcode.app/Contents/Developer/Platforms/MacOSX.platform/Developer/SDKs/MacOSX.sdk/usr/include/c++/v1/functional:535:
In file included from /Applications/Xcode.app/Contents/Developer/Platforms/MacOSX.platform/Developer/SDKs/MacOSX.sdk/usr/include/c++/v1/__config:15:
/Applications/Xcode.app/Contents/Developer/Platforms/MacOSX.platform/Developer/SDKs/MacOSX.sdk/usr/include/c++/v1/__configuration/availability.h:204:4: warning: "The selected platform is no longer supported by libc++." [-W#warnings]
  204 | #  warning "The selected platform is no longer supported by libc++."
      |    ^
1 warning generated.
clang++ -Wall -Wcast-qual -fno-exceptions -std=c++17 -fprofile-generate -pedantic -Wextra -Wshadow -Wmissing-prototypes -Wconditional-uninitialized -flax-vector-conversions=none -fconstexpr-steps=500000000 -m64 -mmacosx-version-min=10.15 -arch arm64 -DNDEBUG -O3 -funroll-loops -mdynamic-no-pic -DIS_64BIT -DUSE_POPCNT -DUSE_NEON=8 -march=armv8.2-a+dotprod -DUSE_NEON_DOTPROD -DARCH=apple-silicon -flto=full -Xclang -mllvm -Xclang -inline-threshold=500 -c -o nnue_accumulator.o nnue/nnue_accumulator.cpp
In file included from nnue/nnue_accumulator.cpp:19:
In file included from nnue/nnue_accumulator.h:24:
In file included from /Applications/Xcode.app/Contents/Developer/Platforms/MacOSX.platform/Developer/SDKs/MacOSX.sdk/usr/include/c++/v1/array:117:
In file included from /Applications/Xcode.app/Contents/Developer/Platforms/MacOSX.platform/Developer/SDKs/MacOSX.sdk/usr/include/c++/v1/__algorithm/equal.h:13:
In file included from /Applications/Xcode.app/Contents/Developer/Platforms/MacOSX.platform/Developer/SDKs/MacOSX.sdk/usr/include/c++/v1/__algorithm/comp.h:12:
In file included from /Applications/Xcode.app/Contents/Developer/Platforms/MacOSX.platform/Developer/SDKs/MacOSX.sdk/usr/include/c++/v1/__config:15:
/Applications/Xcode.app/Contents/Developer/Platforms/MacOSX.platform/Developer/SDKs/MacOSX.sdk/usr/include/c++/v1/__configuration/availability.h:204:4: warning: "The selected platform is no longer supported by libc++." [-W#warnings]
  204 | #  warning "The selected platform is no longer supported by libc++."
      |    ^
1 warning generated.
clang++ -Wall -Wcast-qual -fno-exceptions -std=c++17 -fprofile-generate -pedantic -Wextra -Wshadow -Wmissing-prototypes -Wconditional-uninitialized -flax-vector-conversions=none -fconstexpr-steps=500000000 -m64 -mmacosx-version-min=10.15 -arch arm64 -DNDEBUG -O3 -funroll-loops -mdynamic-no-pic -DIS_64BIT -DUSE_POPCNT -DUSE_NEON=8 -march=armv8.2-a+dotprod -DUSE_NEON_DOTPROD -DARCH=apple-silicon -flto=full -Xclang -mllvm -Xclang -inline-threshold=500 -c -o nnue_misc.o nnue/nnue_misc.cpp
In file included from nnue/nnue_misc.cpp:21:
In file included from nnue/nnue_misc.h:22:
In file included from /Applications/Xcode.app/Contents/Developer/Platforms/MacOSX.platform/Developer/SDKs/MacOSX.sdk/usr/include/c++/v1/string:594:
In file included from /Applications/Xcode.app/Contents/Developer/Platforms/MacOSX.platform/Developer/SDKs/MacOSX.sdk/usr/include/c++/v1/__algorithm/max.h:12:
In file included from /Applications/Xcode.app/Contents/Developer/Platforms/MacOSX.platform/Developer/SDKs/MacOSX.sdk/usr/include/c++/v1/__algorithm/comp.h:12:
In file included from /Applications/Xcode.app/Contents/Developer/Platforms/MacOSX.platform/Developer/SDKs/MacOSX.sdk/usr/include/c++/v1/__config:15:
/Applications/Xcode.app/Contents/Developer/Platforms/MacOSX.platform/Developer/SDKs/MacOSX.sdk/usr/include/c++/v1/__configuration/availability.h:204:4: warning: "The selected platform is no longer supported by libc++." [-W#warnings]
  204 | #  warning "The selected platform is no longer supported by libc++."
      |    ^
1 warning generated.
clang++ -Wall -Wcast-qual -fno-exceptions -std=c++17 -fprofile-generate -pedantic -Wextra -Wshadow -Wmissing-prototypes -Wconditional-uninitialized -flax-vector-conversions=none -fconstexpr-steps=500000000 -m64 -mmacosx-version-min=10.15 -arch arm64 -DNDEBUG -O3 -funroll-loops -mdynamic-no-pic -DIS_64BIT -DUSE_POPCNT -DUSE_NEON=8 -march=armv8.2-a+dotprod -DUSE_NEON_DOTPROD -DARCH=apple-silicon -flto=full -Xclang -mllvm -Xclang -inline-threshold=500 -c -o network.o nnue/network.cpp
In file included from nnue/network.cpp:19:
In file included from nnue/network.h:22:
In file included from /Applications/Xcode.app/Contents/Developer/Platforms/MacOSX.platform/Developer/SDKs/MacOSX.sdk/usr/include/c++/v1/functional:535:
In file included from /Applications/Xcode.app/Contents/Developer/Platforms/MacOSX.platform/Developer/SDKs/MacOSX.sdk/usr/include/c++/v1/__config:15:
/Applications/Xcode.app/Contents/Developer/Platforms/MacOSX.platform/Developer/SDKs/MacOSX.sdk/usr/include/c++/v1/__configuration/availability.h:204:4: warning: "The selected platform is no longer supported by libc++." [-W#warnings]
  204 | #  warning "The selected platform is no longer supported by libc++."
      |    ^
1 warning generated.
clang++ -Wall -Wcast-qual -fno-exceptions -std=c++17 -fprofile-generate -pedantic -Wextra -Wshadow -Wmissing-prototypes -Wconditional-uninitialized -flax-vector-conversions=none -fconstexpr-steps=500000000 -m64 -mmacosx-version-min=10.15 -arch arm64 -DNDEBUG -O3 -funroll-loops -mdynamic-no-pic -DIS_64BIT -DUSE_POPCNT -DUSE_NEON=8 -march=armv8.2-a+dotprod -DUSE_NEON_DOTPROD -DARCH=apple-silicon -flto=full -Xclang -mllvm -Xclang -inline-threshold=500 -c -o half_ka_v2_hm.o nnue/features/half_ka_v2_hm.cpp
In file included from nnue/features/half_ka_v2_hm.cpp:21:
In file included from nnue/features/half_ka_v2_hm.h:24:
In file included from nnue/features/../../misc.h:22:
In file included from /Applications/Xcode.app/Contents/Developer/Platforms/MacOSX.platform/Developer/SDKs/MacOSX.sdk/usr/include/c++/v1/algorithm:1840:
In file included from /Applications/Xcode.app/Contents/Developer/Platforms/MacOSX.platform/Developer/SDKs/MacOSX.sdk/usr/include/c++/v1/__config:15:
/Applications/Xcode.app/Contents/Developer/Platforms/MacOSX.platform/Developer/SDKs/MacOSX.sdk/usr/include/c++/v1/__configuration/availability.h:204:4: warning: "The selected platform is no longer supported by libc++." [-W#warnings]
  204 | #  warning "The selected platform is no longer supported by libc++."
      |    ^
1 warning generated.
clang++ -Wall -Wcast-qual -fno-exceptions -std=c++17 -fprofile-generate -pedantic -Wextra -Wshadow -Wmissing-prototypes -Wconditional-uninitialized -flax-vector-conversions=none -fconstexpr-steps=500000000 -m64 -mmacosx-version-min=10.15 -arch arm64 -DNDEBUG -O3 -funroll-loops -mdynamic-no-pic -DIS_64BIT -DUSE_POPCNT -DUSE_NEON=8 -march=armv8.2-a+dotprod -DUSE_NEON_DOTPROD -DARCH=apple-silicon -flto=full -Xclang -mllvm -Xclang -inline-threshold=500 -c -o full_threats.o nnue/features/full_threats.cpp
In file included from nnue/features/full_threats.cpp:21:
In file included from nnue/features/full_threats.h:22:
In file included from nnue/features/../../misc.h:22:
In file included from /Applications/Xcode.app/Contents/Developer/Platforms/MacOSX.platform/Developer/SDKs/MacOSX.sdk/usr/include/c++/v1/algorithm:1840:
In file included from /Applications/Xcode.app/Contents/Developer/Platforms/MacOSX.platform/Developer/SDKs/MacOSX.sdk/usr/include/c++/v1/__config:15:
/Applications/Xcode.app/Contents/Developer/Platforms/MacOSX.platform/Developer/SDKs/MacOSX.sdk/usr/include/c++/v1/__configuration/availability.h:204:4: warning: "The selected platform is no longer supported by libc++." [-W#warnings]
  204 | #  warning "The selected platform is no longer supported by libc++."
      |    ^
1 warning generated.
clang++ -Wall -Wcast-qual -fno-exceptions -std=c++17 -fprofile-generate -pedantic -Wextra -Wshadow -Wmissing-prototypes -Wconditional-uninitialized -flax-vector-conversions=none -fconstexpr-steps=500000000 -m64 -mmacosx-version-min=10.15 -arch arm64 -DNDEBUG -O3 -funroll-loops -mdynamic-no-pic -DIS_64BIT -DUSE_POPCNT -DUSE_NEON=8 -march=armv8.2-a+dotprod -DUSE_NEON_DOTPROD -DARCH=apple-silicon -flto=full -Xclang -mllvm -Xclang -inline-threshold=500 -c -o pp_3wide.o nnue/features/pp_3wide.cpp
In file included from nnue/features/pp_3wide.cpp:19:
In file included from nnue/features/pp_3wide.h:22:
In file included from nnue/features/../../misc.h:22:
In file included from /Applications/Xcode.app/Contents/Developer/Platforms/MacOSX.platform/Developer/SDKs/MacOSX.sdk/usr/include/c++/v1/algorithm:1840:
In file included from /Applications/Xcode.app/Contents/Developer/Platforms/MacOSX.platform/Developer/SDKs/MacOSX.sdk/usr/include/c++/v1/__config:15:
/Applications/Xcode.app/Contents/Developer/Platforms/MacOSX.platform/Developer/SDKs/MacOSX.sdk/usr/include/c++/v1/__configuration/availability.h:204:4: warning: "The selected platform is no longer supported by libc++." [-W#warnings]
  204 | #  warning "The selected platform is no longer supported by libc++."
      |    ^
1 warning generated.
clang++ -Wall -Wcast-qual -fno-exceptions -std=c++17 -fprofile-generate -pedantic -Wextra -Wshadow -Wmissing-prototypes -Wconditional-uninitialized -flax-vector-conversions=none -fconstexpr-steps=500000000 -m64 -mmacosx-version-min=10.15 -arch arm64 -DNDEBUG -O3 -funroll-loops -mdynamic-no-pic -DIS_64BIT -DUSE_POPCNT -DUSE_NEON=8 -march=armv8.2-a+dotprod -DUSE_NEON_DOTPROD -DARCH=apple-silicon -flto=full -Xclang -mllvm -Xclang -inline-threshold=500 -c -o engine.o engine.cpp
In file included from engine.cpp:19:
In file included from ./engine.h:22:
In file included from /Applications/Xcode.app/Contents/Developer/Platforms/MacOSX.platform/Developer/SDKs/MacOSX.sdk/usr/include/c++/v1/functional:535:
In file included from /Applications/Xcode.app/Contents/Developer/Platforms/MacOSX.platform/Developer/SDKs/MacOSX.sdk/usr/include/c++/v1/__config:15:
/Applications/Xcode.app/Contents/Developer/Platforms/MacOSX.platform/Developer/SDKs/MacOSX.sdk/usr/include/c++/v1/__configuration/availability.h:204:4: warning: "The selected platform is no longer supported by libc++." [-W#warnings]
  204 | #  warning "The selected platform is no longer supported by libc++."
      |    ^
1 warning generated.
clang++ -Wall -Wcast-qual -fno-exceptions -std=c++17 -fprofile-generate -pedantic -Wextra -Wshadow -Wmissing-prototypes -Wconditional-uninitialized -flax-vector-conversions=none -fconstexpr-steps=500000000 -m64 -mmacosx-version-min=10.15 -arch arm64 -DNDEBUG -O3 -funroll-loops -mdynamic-no-pic -DIS_64BIT -DUSE_POPCNT -DUSE_NEON=8 -march=armv8.2-a+dotprod -DUSE_NEON_DOTPROD -DARCH=apple-silicon -flto=full -Xclang -mllvm -Xclang -inline-threshold=500 -c -o score.o score.cpp
In file included from score.cpp:19:
In file included from ./score.h:22:
In file included from /Applications/Xcode.app/Contents/Developer/Platforms/MacOSX.platform/Developer/SDKs/MacOSX.sdk/usr/include/c++/v1/variant:218:
In file included from /Applications/Xcode.app/Contents/Developer/Platforms/MacOSX.platform/Developer/SDKs/MacOSX.sdk/usr/include/c++/v1/__compare/common_comparison_category.h:12:
In file included from /Applications/Xcode.app/Contents/Developer/Platforms/MacOSX.platform/Developer/SDKs/MacOSX.sdk/usr/include/c++/v1/__compare/ordering.h:12:
In file included from /Applications/Xcode.app/Contents/Developer/Platforms/MacOSX.platform/Developer/SDKs/MacOSX.sdk/usr/include/c++/v1/__config:15:
/Applications/Xcode.app/Contents/Developer/Platforms/MacOSX.platform/Developer/SDKs/MacOSX.sdk/usr/include/c++/v1/__configuration/availability.h:204:4: warning: "The selected platform is no longer supported by libc++." [-W#warnings]
  204 | #  warning "The selected platform is no longer supported by libc++."
      |    ^
1 warning generated.
clang++ -Wall -Wcast-qual -fno-exceptions -std=c++17 -fprofile-generate -pedantic -Wextra -Wshadow -Wmissing-prototypes -Wconditional-uninitialized -flax-vector-conversions=none -fconstexpr-steps=500000000 -m64 -mmacosx-version-min=10.15 -arch arm64 -DNDEBUG -O3 -funroll-loops -mdynamic-no-pic -DIS_64BIT -DUSE_POPCNT -DUSE_NEON=8 -march=armv8.2-a+dotprod -DUSE_NEON_DOTPROD -DARCH=apple-silicon -flto=full -Xclang -mllvm -Xclang -inline-threshold=500 -c -o memory.o memory.cpp
In file included from memory.cpp:19:
In file included from ./memory.h:22:
In file included from /Applications/Xcode.app/Contents/Developer/Platforms/MacOSX.platform/Developer/SDKs/MacOSX.sdk/usr/include/c++/v1/algorithm:1840:
In file included from /Applications/Xcode.app/Contents/Developer/Platforms/MacOSX.platform/Developer/SDKs/MacOSX.sdk/usr/include/c++/v1/__config:15:
/Applications/Xcode.app/Contents/Developer/Platforms/MacOSX.platform/Developer/SDKs/MacOSX.sdk/usr/include/c++/v1/__configuration/availability.h:204:4: warning: "The selected platform is no longer supported by libc++." [-W#warnings]
  204 | #  warning "The selected platform is no longer supported by libc++."
      |    ^
1 warning generated.
1 warning generated.
clang++ -o stockfish attacks.o benchmark.o bitboard.o evaluate.o main.o misc.o movegen.o movepick.o position.o search.o thread.o timeman.o tt.o uci.o ucioption.o tune.o tbprobe.o nnue_accumulator.o nnue_misc.o network.o half_ka_v2_hm.o full_threats.o pp_3wide.o engine.o score.o memory.o  -fprofile-generate -m64 -mmacosx-version-min=10.15 -arch arm64 -lpthread  -Wall -Wcast-qual -fno-exceptions -std=c++17 -fprofile-generate  -pedantic -Wextra -Wshadow -Wmissing-prototypes -Wconditional-uninitialized -flax-vector-conversions=none -fconstexpr-steps=500000000 -m64 -mmacosx-version-min=10.15 -arch arm64 -DNDEBUG -O3 -funroll-loops -mdynamic-no-pic -DIS_64BIT -DUSE_POPCNT -DUSE_NEON=8 -march=armv8.2-a+dotprod -DUSE_NEON_DOTPROD -DARCH=apple-silicon -flto=full -Xclang -mllvm -Xclang -inline-threshold=500

Step 2/4. Running benchmark for pgo-build ...
./stockfish bench > PGOBENCH.out 2>&1
tail -n 4 PGOBENCH.out
===========================
Total time (ms) : 1657
Nodes searched  : 1586754
Nodes/second    : 957606

Step 3/4. Building optimized executable ...
/Applications/Xcode.app/Contents/Developer/usr/bin/make ARCH=apple-silicon COMP=clang objclean
/Applications/Xcode.app/Contents/Developer/usr/bin/make ARCH=apple-silicon COMP=clang clang-profile-use
xcrun llvm-profdata merge -output=stockfish.profdata *.profraw
/Applications/Xcode.app/Contents/Developer/usr/bin/make ARCH=apple-silicon COMP=clang \
	EXTRACXXFLAGS='-fprofile-use=stockfish.profdata' \
	EXTRALDFLAGS='-fprofile-use ' \
	all
clang++ -Wall -Wcast-qual -fno-exceptions -std=c++17 -fprofile-use=stockfish.profdata -pedantic -Wextra -Wshadow -Wmissing-prototypes -Wconditional-uninitialized -flax-vector-conversions=none -fconstexpr-steps=500000000 -m64 -mmacosx-version-min=10.15 -arch arm64 -DNDEBUG -O3 -funroll-loops -mdynamic-no-pic -DIS_64BIT -DUSE_POPCNT -DUSE_NEON=8 -march=armv8.2-a+dotprod -DUSE_NEON_DOTPROD -DARCH=apple-silicon -flto=full -Xclang -mllvm -Xclang -inline-threshold=500 -c -o attacks.o attacks.cpp
clang++ -Wall -Wcast-qual -fno-exceptions -std=c++17 -fprofile-use=stockfish.profdata -pedantic -Wextra -Wshadow -Wmissing-prototypes -Wconditional-uninitialized -flax-vector-conversions=none -fconstexpr-steps=500000000 -m64 -mmacosx-version-min=10.15 -arch arm64 -DNDEBUG -O3 -funroll-loops -mdynamic-no-pic -DIS_64BIT -DUSE_POPCNT -DUSE_NEON=8 -march=armv8.2-a+dotprod -DUSE_NEON_DOTPROD -DARCH=apple-silicon -flto=full -Xclang -mllvm -Xclang -inline-threshold=500 -c -o benchmark.o benchmark.cpp
In file included from benchmark.cpp:19:
In file included from ./benchmark.h:22:
In file included from /Applications/Xcode.app/Contents/Developer/Platforms/MacOSX.platform/Developer/SDKs/MacOSX.sdk/usr/include/c++/v1/iosfwd:111:
In file included from /Applications/Xcode.app/Contents/Developer/Platforms/MacOSX.platform/Developer/SDKs/MacOSX.sdk/usr/include/c++/v1/__config:15:
/Applications/Xcode.app/Contents/Developer/Platforms/MacOSX.platform/Developer/SDKs/MacOSX.sdk/usr/include/c++/v1/__configuration/availability.h:204:4: warning: "The selected platform is no longer supported by libc++." [-W#warnings]
In file included from attacks.cpp:19:
In file included from ./attacks.h:22:
In file included from /Applications/Xcode.app/Contents/Developer/Platforms/MacOSX.platform/Developer/SDKs/MacOSX.sdk/usr/include/c++/v1/cassert:22:
In file included from /Applications/Xcode.app/Contents/Developer/Platforms/MacOSX.platform/Developer/SDKs/MacOSX.sdk/usr/include/c++/v1/__config:15:
/Applications/Xcode.app/Contents/Developer/Platforms/MacOSX.platform/Developer/SDKs/MacOSX.sdk/usr/include/c++/v1/__configuration/availability.h:204:4: warning: "The selected platform is no longer supported by libc++." [-W#warnings]
    204 | # 204 | #   warning "The selectedwarning "The selected platf platform is no longer supported by libc++."
      |    ^
orm is no longer supported by libc++."
      |    ^
1 warning generated.
clang++ -Wall -Wcast-qual -fno-exceptions -std=c++17 -fprofile-use=stockfish.profdata -pedantic -Wextra -Wshadow -Wmissing-prototypes -Wconditional-uninitialized -flax-vector-conversions=none -fconstexpr-steps=500000000 -m64 -mmacosx-version-min=10.15 -arch arm64 -DNDEBUG -O3 -funroll-loops -mdynamic-no-pic -DIS_64BIT -DUSE_POPCNT -DUSE_NEON=8 -march=armv8.2-a+dotprod -DUSE_NEON_DOTPROD -DARCH=apple-silicon -flto=full -Xclang -mllvm -Xclang -inline-threshold=500 -c -o bitboard.o bitboard.cpp
In file included from bitboard.cpp:19:
In file included from ./bitboard.h:22:
In file included from /Applications/Xcode.app/Contents/Developer/Platforms/MacOSX.platform/Developer/SDKs/MacOSX.sdk/usr/include/c++/v1/algorithm:1840:
In file included from /Applications/Xcode.app/Contents/Developer/Platforms/MacOSX.platform/Developer/SDKs/MacOSX.sdk/usr/include/c++/v1/__config:15:
/Applications/Xcode.app/Contents/Developer/Platforms/MacOSX.platform/Developer/SDKs/MacOSX.sdk/usr/include/c++/v1/__configuration/availability.h:204:4: warning: "The selected platform is no longer supported by libc++." [-W#warnings]
  204 | #  warning "The selected platform is no longer supported by libc++."
      |    ^
1 warning generated.
clang++ -Wall -Wcast-qual -fno-exceptions -std=c++17 -fprofile-use=stockfish.profdata -pedantic -Wextra -Wshadow -Wmissing-prototypes -Wconditional-uninitialized -flax-vector-conversions=none -fconstexpr-steps=500000000 -m64 -mmacosx-version-min=10.15 -arch arm64 -DNDEBUG -O3 -funroll-loops -mdynamic-no-pic -DIS_64BIT -DUSE_POPCNT -DUSE_NEON=8 -march=armv8.2-a+dotprod -DUSE_NEON_DOTPROD -DARCH=apple-silicon -flto=full -Xclang -mllvm -Xclang -inline-threshold=500 -c -o evaluate.o evaluate.cpp
In file included from evaluate.cpp:19:
In file included from ./evaluate.h:22:
In file included from /Applications/Xcode.app/Contents/Developer/Platforms/MacOSX.platform/Developer/SDKs/MacOSX.sdk/usr/include/c++/v1/string:594:
In file included from /Applications/Xcode.app/Contents/Developer/Platforms/MacOSX.platform/Developer/SDKs/MacOSX.sdk/usr/include/c++/v1/__algorithm/max.h:12:
In file included from /Applications/Xcode.app/Contents/Developer/Platforms/MacOSX.platform/Developer/SDKs/MacOSX.sdk/usr/include/c++/v1/__algorithm/comp.h:12:
In file included from /Applications/Xcode.app/Contents/Developer/Platforms/MacOSX.platform/Developer/SDKs/MacOSX.sdk/usr/include/c++/v1/__config:15:
/Applications/Xcode.app/Contents/Developer/Platforms/MacOSX.platform/Developer/SDKs/MacOSX.sdk/usr/include/c++/v1/__configuration/availability.h:204:4: warning: "The selected platform is no longer supported by libc++." [-W#warnings]
  204 | #  warning "The selected platform is no longer supported by libc++."
      |    ^
1 warning generated.
clang++ -Wall -Wcast-qual -fno-exceptions -std=c++17 -fprofile-use=stockfish.profdata -pedantic -Wextra -Wshadow -Wmissing-prototypes -Wconditional-uninitialized -flax-vector-conversions=none -fconstexpr-steps=500000000 -m64 -mmacosx-version-min=10.15 -arch arm64 -DNDEBUG -O3 -funroll-loops -mdynamic-no-pic -DIS_64BIT -DUSE_POPCNT -DUSE_NEON=8 -march=armv8.2-a+dotprod -DUSE_NEON_DOTPROD -DARCH=apple-silicon -flto=full -Xclang -mllvm -Xclang -inline-threshold=500 -c -o main.o main.cpp
In file included from main.cpp:19:
In file included from /Applications/Xcode.app/Contents/Developer/Platforms/MacOSX.platform/Developer/SDKs/MacOSX.sdk/usr/include/c++/v1/iostream:39:
In file included from /Applications/Xcode.app/Contents/Developer/Platforms/MacOSX.platform/Developer/SDKs/MacOSX.sdk/usr/include/c++/v1/__config:15:
/Applications/Xcode.app/Contents/Developer/Platforms/MacOSX.platform/Developer/SDKs/MacOSX.sdk/usr/include/c++/v1/__configuration/availability.h:204:4: warning: "The selected platform is no longer supported by libc++." [-W#warnings]
  204 | #  warning "The selected platform is no longer supported by libc++."
      |    ^
1 warning generated.
clang++ -Wall -Wcast-qual -fno-exceptions -std=c++17 -fprofile-use=stockfish.profdata -pedantic -Wextra -Wshadow -Wmissing-prototypes -Wconditional-uninitialized -flax-vector-conversions=none -fconstexpr-steps=500000000 -m64 -mmacosx-version-min=10.15 -arch arm64 -DNDEBUG -O3 -funroll-loops -mdynamic-no-pic -DIS_64BIT -DUSE_POPCNT -DUSE_NEON=8 -march=armv8.2-a+dotprod -DUSE_NEON_DOTPROD -DARCH=apple-silicon -flto=full -Xclang -mllvm -Xclang -inline-threshold=500 -DGIT_SHA=031dfeb4 -DGIT_DATE=20260913 -DGIT_DIFFINDEX=1 -c -o misc.o misc.cpp
In file included from misc.cpp:19:
In file included from ./misc.h:22:
In file included from /Applications/Xcode.app/Contents/Developer/Platforms/MacOSX.platform/Developer/SDKs/MacOSX.sdk/usr/include/c++/v1/algorithm:1840:
In file included from /Applications/Xcode.app/Contents/Developer/Platforms/MacOSX.platform/Developer/SDKs/MacOSX.sdk/usr/include/c++/v1/__config:15:
/Applications/Xcode.app/Contents/Developer/Platforms/MacOSX.platform/Developer/SDKs/MacOSX.sdk/usr/include/c++/v1/__configuration/availability.h:204:4: warning: "The selected platform is no longer supported by libc++." [-W#warnings]
  204 | #  warning "The selected platform is no longer supported by libc++."
      |    ^
1 warning generated.
clang++ -Wall -Wcast-qual -fno-exceptions -std=c++17 -fprofile-use=stockfish.profdata -pedantic -Wextra -Wshadow -Wmissing-prototypes -Wconditional-uninitialized -flax-vector-conversions=none -fconstexpr-steps=500000000 -m64 -mmacosx-version-min=10.15 -arch arm64 -DNDEBUG -O3 -funroll-loops -mdynamic-no-pic -DIS_64BIT -DUSE_POPCNT -DUSE_NEON=8 -march=armv8.2-a+dotprod -DUSE_NEON_DOTPROD -DARCH=apple-silicon -flto=full -Xclang -mllvm -Xclang -inline-threshold=500 -c -o movegen.o movegen.cpp
In file included from movegen.cpp:19:
In file included from ./movegen.h:22:
In file included from /Applications/Xcode.app/Contents/Developer/Platforms/MacOSX.platform/Developer/SDKs/MacOSX.sdk/usr/include/c++/v1/algorithm:1840:
In file included from /Applications/Xcode.app/Contents/Developer/Platforms/MacOSX.platform/Developer/SDKs/MacOSX.sdk/usr/include/c++/v1/__config:15:
/Applications/Xcode.app/Contents/Developer/Platforms/MacOSX.platform/Developer/SDKs/MacOSX.sdk/usr/include/c++/v1/__configuration/availability.h:204:4: warning: "The selected platform is no longer supported by libc++." [-W#warnings]
  204 | #  warning "The selected platform is no longer supported by libc++."
      |    ^
1 warning generated.
clang++ -Wall -Wcast-qual -fno-exceptions -std=c++17 -fprofile-use=stockfish.profdata -pedantic -Wextra -Wshadow -Wmissing-prototypes -Wconditional-uninitialized -flax-vector-conversions=none -fconstexpr-steps=500000000 -m64 -mmacosx-version-min=10.15 -arch arm64 -DNDEBUG -O3 -funroll-loops -mdynamic-no-pic -DIS_64BIT -DUSE_POPCNT -DUSE_NEON=8 -march=armv8.2-a+dotprod -DUSE_NEON_DOTPROD -DARCH=apple-silicon -flto=full -Xclang -mllvm -Xclang -inline-threshold=500 -c -o movepick.o movepick.cpp
In file included from movepick.cpp:19:
In file included from ./movepick.h:22:
In file included from ./history.h:22:
In file included from /Applications/Xcode.app/Contents/Developer/Platforms/MacOSX.platform/Developer/SDKs/MacOSX.sdk/usr/include/c++/v1/algorithm:1840:
In file included from /Applications/Xcode.app/Contents/Developer/Platforms/MacOSX.platform/Developer/SDKs/MacOSX.sdk/usr/include/c++/v1/__config:15:
/Applications/Xcode.app/Contents/Developer/Platforms/MacOSX.platform/Developer/SDKs/MacOSX.sdk/usr/include/c++/v1/__configuration/availability.h:204:4: warning: "The selected platform is no longer supported by libc++." [-W#warnings]
  204 | #  warning "The selected platform is no longer supported by libc++."
      |    ^
1 warning generated.
clang++ -Wall -Wcast-qual -fno-exceptions -std=c++17 -fprofile-use=stockfish.profdata -pedantic -Wextra -Wshadow -Wmissing-prototypes -Wconditional-uninitialized -flax-vector-conversions=none -fconstexpr-steps=500000000 -m64 -mmacosx-version-min=10.15 -arch arm64 -DNDEBUG -O3 -funroll-loops -mdynamic-no-pic -DIS_64BIT -DUSE_POPCNT -DUSE_NEON=8 -march=armv8.2-a+dotprod -DUSE_NEON_DOTPROD -DARCH=apple-silicon -flto=full -Xclang -mllvm -Xclang -inline-threshold=500 -c -o position.o position.cpp
In file included from position.cpp:19:
In file included from ./position.h:22:
In file included from /Applications/Xcode.app/Contents/Developer/Platforms/MacOSX.platform/Developer/SDKs/MacOSX.sdk/usr/include/c++/v1/array:117:
In file included from /Applications/Xcode.app/Contents/Developer/Platforms/MacOSX.platform/Developer/SDKs/MacOSX.sdk/usr/include/c++/v1/__algorithm/equal.h:13:
In file included from /Applications/Xcode.app/Contents/Developer/Platforms/MacOSX.platform/Developer/SDKs/MacOSX.sdk/usr/include/c++/v1/__algorithm/comp.h:12:
In file included from /Applications/Xcode.app/Contents/Developer/Platforms/MacOSX.platform/Developer/SDKs/MacOSX.sdk/usr/include/c++/v1/__config:15:
/Applications/Xcode.app/Contents/Developer/Platforms/MacOSX.platform/Developer/SDKs/MacOSX.sdk/usr/include/c++/v1/__configuration/availability.h:204:4: warning: "The selected platform is no longer supported by libc++." [-W#warnings]
  204 | #  warning "The selected platform is no longer supported by libc++."
      |    ^
1 warning generated.
clang++ -Wall -Wcast-qual -fno-exceptions -std=c++17 -fprofile-use=stockfish.profdata -pedantic -Wextra -Wshadow -Wmissing-prototypes -Wconditional-uninitialized -flax-vector-conversions=none -fconstexpr-steps=500000000 -m64 -mmacosx-version-min=10.15 -arch arm64 -DNDEBUG -O3 -funroll-loops -mdynamic-no-pic -DIS_64BIT -DUSE_POPCNT -DUSE_NEON=8 -march=armv8.2-a+dotprod -DUSE_NEON_DOTPROD -DARCH=apple-silicon -flto=full -Xclang -mllvm -Xclang -inline-threshold=500 -c -o search.o search.cpp
In file included from search.cpp:19:
In file included from ./search.h:22:
In file included from /Applications/Xcode.app/Contents/Developer/Platforms/MacOSX.platform/Developer/SDKs/MacOSX.sdk/usr/include/c++/v1/algorithm:1840:
In file included from /Applications/Xcode.app/Contents/Developer/Platforms/MacOSX.platform/Developer/SDKs/MacOSX.sdk/usr/include/c++/v1/__config:15:
/Applications/Xcode.app/Contents/Developer/Platforms/MacOSX.platform/Developer/SDKs/MacOSX.sdk/usr/include/c++/v1/__configuration/availability.h:204:4: warning: "The selected platform is no longer supported by libc++." [-W#warnings]
  204 | #  warning "The selected platform is no longer supported by libc++."
      |    ^
1 warning generated.
clang++ -Wall -Wcast-qual -fno-exceptions -std=c++17 -fprofile-use=stockfish.profdata -pedantic -Wextra -Wshadow -Wmissing-prototypes -Wconditional-uninitialized -flax-vector-conversions=none -fconstexpr-steps=500000000 -m64 -mmacosx-version-min=10.15 -arch arm64 -DNDEBUG -O3 -funroll-loops -mdynamic-no-pic -DIS_64BIT -DUSE_POPCNT -DUSE_NEON=8 -march=armv8.2-a+dotprod -DUSE_NEON_DOTPROD -DARCH=apple-silicon -flto=full -Xclang -mllvm -Xclang -inline-threshold=500 -c -o thread.o thread.cpp
In file included from thread.cpp:19:
In file included from ./thread.h:22:
In file included from /Applications/Xcode.app/Contents/Developer/Platforms/MacOSX.platform/Developer/SDKs/MacOSX.sdk/usr/include/c++/v1/atomic:593:
In file included from /Applications/Xcode.app/Contents/Developer/Platforms/MacOSX.platform/Developer/SDKs/MacOSX.sdk/usr/include/c++/v1/__config:15:
/Applications/Xcode.app/Contents/Developer/Platforms/MacOSX.platform/Developer/SDKs/MacOSX.sdk/usr/include/c++/v1/__configuration/availability.h:204:4: warning: "The selected platform is no longer supported by libc++." [-W#warnings]
  204 | #  warning "The selected platform is no longer supported by libc++."
      |    ^
1 warning generated.
clang++ -Wall -Wcast-qual -fno-exceptions -std=c++17 -fprofile-use=stockfish.profdata -pedantic -Wextra -Wshadow -Wmissing-prototypes -Wconditional-uninitialized -flax-vector-conversions=none -fconstexpr-steps=500000000 -m64 -mmacosx-version-min=10.15 -arch arm64 -DNDEBUG -O3 -funroll-loops -mdynamic-no-pic -DIS_64BIT -DUSE_POPCNT -DUSE_NEON=8 -march=armv8.2-a+dotprod -DUSE_NEON_DOTPROD -DARCH=apple-silicon -flto=full -Xclang -mllvm -Xclang -inline-threshold=500 -c -o timeman.o timeman.cpp
In file included from timeman.cpp:19:
In file included from ./timeman.h:23:
In file included from /Applications/Xcode.app/Contents/Developer/Platforms/MacOSX.platform/Developer/SDKs/MacOSX.sdk/usr/include/c++/v1/limits:108:
In file included from /Applications/Xcode.app/Contents/Developer/Platforms/MacOSX.platform/Developer/SDKs/MacOSX.sdk/usr/include/c++/v1/__config:15:
/Applications/Xcode.app/Contents/Developer/Platforms/MacOSX.platform/Developer/SDKs/MacOSX.sdk/usr/include/c++/v1/__configuration/availability.h:204:4: warning: "The selected platform is no longer supported by libc++." [-W#warnings]
  204 | #  warning "The selected platform is no longer supported by libc++."
      |    ^
1 warning generated.
clang++ -Wall -Wcast-qual -fno-exceptions -std=c++17 -fprofile-use=stockfish.profdata -pedantic -Wextra -Wshadow -Wmissing-prototypes -Wconditional-uninitialized -flax-vector-conversions=none -fconstexpr-steps=500000000 -m64 -mmacosx-version-min=10.15 -arch arm64 -DNDEBUG -O3 -funroll-loops -mdynamic-no-pic -DIS_64BIT -DUSE_POPCNT -DUSE_NEON=8 -march=armv8.2-a+dotprod -DUSE_NEON_DOTPROD -DARCH=apple-silicon -flto=full -Xclang -mllvm -Xclang -inline-threshold=500 -c -o tt.o tt.cpp
In file included from tt.cpp:19:
In file included from ./tt.h:22:
In file included from /Applications/Xcode.app/Contents/Developer/Platforms/MacOSX.platform/Developer/SDKs/MacOSX.sdk/usr/include/c++/v1/tuple:221:
In file included from /Applications/Xcode.app/Contents/Developer/Platforms/MacOSX.platform/Developer/SDKs/MacOSX.sdk/usr/include/c++/v1/__compare/common_comparison_category.h:12:
In file included from /Applications/Xcode.app/Contents/Developer/Platforms/MacOSX.platform/Developer/SDKs/MacOSX.sdk/usr/include/c++/v1/__compare/ordering.h:12:
In file included from /Applications/Xcode.app/Contents/Developer/Platforms/MacOSX.platform/Developer/SDKs/MacOSX.sdk/usr/include/c++/v1/__config:15:
/Applications/Xcode.app/Contents/Developer/Platforms/MacOSX.platform/Developer/SDKs/MacOSX.sdk/usr/include/c++/v1/__configuration/availability.h:204:4: warning: "The selected platform is no longer supported by libc++." [-W#warnings]
  204 | #  warning "The selected platform is no longer supported by libc++."
      |    ^
1 warning generated.
clang++ -Wall -Wcast-qual -fno-exceptions -std=c++17 -fprofile-use=stockfish.profdata -pedantic -Wextra -Wshadow -Wmissing-prototypes -Wconditional-uninitialized -flax-vector-conversions=none -fconstexpr-steps=500000000 -m64 -mmacosx-version-min=10.15 -arch arm64 -DNDEBUG -O3 -funroll-loops -mdynamic-no-pic -DIS_64BIT -DUSE_POPCNT -DUSE_NEON=8 -march=armv8.2-a+dotprod -DUSE_NEON_DOTPROD -DARCH=apple-silicon -flto=full -Xclang -mllvm -Xclang -inline-threshold=500 -c -o uci.o uci.cpp
In file included from uci.cpp:19:
In file included from ./uci.h:22:
In file included from /Applications/Xcode.app/Contents/Developer/Platforms/MacOSX.platform/Developer/SDKs/MacOSX.sdk/usr/include/c++/v1/iostream:39:
In file included from /Applications/Xcode.app/Contents/Developer/Platforms/MacOSX.platform/Developer/SDKs/MacOSX.sdk/usr/include/c++/v1/__config:15:
/Applications/Xcode.app/Contents/Developer/Platforms/MacOSX.platform/Developer/SDKs/MacOSX.sdk/usr/include/c++/v1/__configuration/availability.h:204:4: warning: "The selected platform is no longer supported by libc++." [-W#warnings]
  204 | #  warning "The selected platform is no longer supported by libc++."
      |    ^
1 warning generated.
clang++ -Wall -Wcast-qual -fno-exceptions -std=c++17 -fprofile-use=stockfish.profdata -pedantic -Wextra -Wshadow -Wmissing-prototypes -Wconditional-uninitialized -flax-vector-conversions=none -fconstexpr-steps=500000000 -m64 -mmacosx-version-min=10.15 -arch arm64 -DNDEBUG -O3 -funroll-loops -mdynamic-no-pic -DIS_64BIT -DUSE_POPCNT -DUSE_NEON=8 -march=armv8.2-a+dotprod -DUSE_NEON_DOTPROD -DARCH=apple-silicon -flto=full -Xclang -mllvm -Xclang -inline-threshold=500 -c -o ucioption.o ucioption.cpp
In file included from ucioption.cpp:19:
In file included from ./ucioption.h:22:
In file included from /Applications/Xcode.app/Contents/Developer/Platforms/MacOSX.platform/Developer/SDKs/MacOSX.sdk/usr/include/c++/v1/functional:535:
In file included from /Applications/Xcode.app/Contents/Developer/Platforms/MacOSX.platform/Developer/SDKs/MacOSX.sdk/usr/include/c++/v1/__config:15:
/Applications/Xcode.app/Contents/Developer/Platforms/MacOSX.platform/Developer/SDKs/MacOSX.sdk/usr/include/c++/v1/__configuration/availability.h:204:4: warning: "The selected platform is no longer supported by libc++." [-W#warnings]
  204 | #  warning "The selected platform is no longer supported by libc++."
      |    ^
1 warning generated.
clang++ -Wall -Wcast-qual -fno-exceptions -std=c++17 -fprofile-use=stockfish.profdata -pedantic -Wextra -Wshadow -Wmissing-prototypes -Wconditional-uninitialized -flax-vector-conversions=none -fconstexpr-steps=500000000 -m64 -mmacosx-version-min=10.15 -arch arm64 -DNDEBUG -O3 -funroll-loops -mdynamic-no-pic -DIS_64BIT -DUSE_POPCNT -DUSE_NEON=8 -march=armv8.2-a+dotprod -DUSE_NEON_DOTPROD -DARCH=apple-silicon -flto=full -Xclang -mllvm -Xclang -inline-threshold=500 -c -o tune.o tune.cpp
In file included from tune.cpp:19:
In file included from ./tune.h:22:
In file included from /Applications/Xcode.app/Contents/Developer/Platforms/MacOSX.platform/Developer/SDKs/MacOSX.sdk/usr/include/c++/v1/memory:943:
In file included from /Applications/Xcode.app/Contents/Developer/Platforms/MacOSX.platform/Developer/SDKs/MacOSX.sdk/usr/include/c++/v1/__config:15:
/Applications/Xcode.app/Contents/Developer/Platforms/MacOSX.platform/Developer/SDKs/MacOSX.sdk/usr/include/c++/v1/__configuration/availability.h:204:4: warning: "The selected platform is no longer supported by libc++." [-W#warnings]
  204 | #  warning "The selected platform is no longer supported by libc++."
      |    ^
1 warning generated.
clang++ -Wall -Wcast-qual -fno-exceptions -std=c++17 -fprofile-use=stockfish.profdata -pedantic -Wextra -Wshadow -Wmissing-prototypes -Wconditional-uninitialized -flax-vector-conversions=none -fconstexpr-steps=500000000 -m64 -mmacosx-version-min=10.15 -arch arm64 -DNDEBUG -O3 -funroll-loops -mdynamic-no-pic -DIS_64BIT -DUSE_POPCNT -DUSE_NEON=8 -march=armv8.2-a+dotprod -DUSE_NEON_DOTPROD -DARCH=apple-silicon -flto=full -Xclang -mllvm -Xclang -inline-threshold=500 -c -o tbprobe.o syzygy/tbprobe.cpp
In file included from syzygy/tbprobe.cpp:19:
In file included from syzygy/tbprobe.h:22:
In file included from /Applications/Xcode.app/Contents/Developer/Platforms/MacOSX.platform/Developer/SDKs/MacOSX.sdk/usr/include/c++/v1/functional:535:
In file included from /Applications/Xcode.app/Contents/Developer/Platforms/MacOSX.platform/Developer/SDKs/MacOSX.sdk/usr/include/c++/v1/__config:15:
/Applications/Xcode.app/Contents/Developer/Platforms/MacOSX.platform/Developer/SDKs/MacOSX.sdk/usr/include/c++/v1/__configuration/availability.h:204:4: warning: "The selected platform is no longer supported by libc++." [-W#warnings]
  204 | #  warning "The selected platform is no longer supported by libc++."
      |    ^
1 warning generated.
clang++ -Wall -Wcast-qual -fno-exceptions -std=c++17 -fprofile-use=stockfish.profdata -pedantic -Wextra -Wshadow -Wmissing-prototypes -Wconditional-uninitialized -flax-vector-conversions=none -fconstexpr-steps=500000000 -m64 -mmacosx-version-min=10.15 -arch arm64 -DNDEBUG -O3 -funroll-loops -mdynamic-no-pic -DIS_64BIT -DUSE_POPCNT -DUSE_NEON=8 -march=armv8.2-a+dotprod -DUSE_NEON_DOTPROD -DARCH=apple-silicon -flto=full -Xclang -mllvm -Xclang -inline-threshold=500 -c -o nnue_accumulator.o nnue/nnue_accumulator.cpp
In file included from nnue/nnue_accumulator.cpp:19:
In file included from nnue/nnue_accumulator.h:24:
In file included from /Applications/Xcode.app/Contents/Developer/Platforms/MacOSX.platform/Developer/SDKs/MacOSX.sdk/usr/include/c++/v1/array:117:
In file included from /Applications/Xcode.app/Contents/Developer/Platforms/MacOSX.platform/Developer/SDKs/MacOSX.sdk/usr/include/c++/v1/__algorithm/equal.h:13:
In file included from /Applications/Xcode.app/Contents/Developer/Platforms/MacOSX.platform/Developer/SDKs/MacOSX.sdk/usr/include/c++/v1/__algorithm/comp.h:12:
In file included from /Applications/Xcode.app/Contents/Developer/Platforms/MacOSX.platform/Developer/SDKs/MacOSX.sdk/usr/include/c++/v1/__config:15:
/Applications/Xcode.app/Contents/Developer/Platforms/MacOSX.platform/Developer/SDKs/MacOSX.sdk/usr/include/c++/v1/__configuration/availability.h:204:4: warning: "The selected platform is no longer supported by libc++." [-W#warnings]
  204 | #  warning "The selected platform is no longer supported by libc++."
      |    ^
1 warning generated.
clang++ -Wall -Wcast-qual -fno-exceptions -std=c++17 -fprofile-use=stockfish.profdata -pedantic -Wextra -Wshadow -Wmissing-prototypes -Wconditional-uninitialized -flax-vector-conversions=none -fconstexpr-steps=500000000 -m64 -mmacosx-version-min=10.15 -arch arm64 -DNDEBUG -O3 -funroll-loops -mdynamic-no-pic -DIS_64BIT -DUSE_POPCNT -DUSE_NEON=8 -march=armv8.2-a+dotprod -DUSE_NEON_DOTPROD -DARCH=apple-silicon -flto=full -Xclang -mllvm -Xclang -inline-threshold=500 -c -o nnue_misc.o nnue/nnue_misc.cpp
In file included from nnue/nnue_misc.cpp:21:
In file included from nnue/nnue_misc.h:22:
In file included from /Applications/Xcode.app/Contents/Developer/Platforms/MacOSX.platform/Developer/SDKs/MacOSX.sdk/usr/include/c++/v1/string:594:
In file included from /Applications/Xcode.app/Contents/Developer/Platforms/MacOSX.platform/Developer/SDKs/MacOSX.sdk/usr/include/c++/v1/__algorithm/max.h:12:
In file included from /Applications/Xcode.app/Contents/Developer/Platforms/MacOSX.platform/Developer/SDKs/MacOSX.sdk/usr/include/c++/v1/__algorithm/comp.h:12:
In file included from /Applications/Xcode.app/Contents/Developer/Platforms/MacOSX.platform/Developer/SDKs/MacOSX.sdk/usr/include/c++/v1/__config:15:
/Applications/Xcode.app/Contents/Developer/Platforms/MacOSX.platform/Developer/SDKs/MacOSX.sdk/usr/include/c++/v1/__configuration/availability.h:204:4: warning: "The selected platform is no longer supported by libc++." [-W#warnings]
  204 | #  warning "The selected platform is no longer supported by libc++."
      |    ^
1 warning generated.
clang++ -Wall -Wcast-qual -fno-exceptions -std=c++17 -fprofile-use=stockfish.profdata -pedantic -Wextra -Wshadow -Wmissing-prototypes -Wconditional-uninitialized -flax-vector-conversions=none -fconstexpr-steps=500000000 -m64 -mmacosx-version-min=10.15 -arch arm64 -DNDEBUG -O3 -funroll-loops -mdynamic-no-pic -DIS_64BIT -DUSE_POPCNT -DUSE_NEON=8 -march=armv8.2-a+dotprod -DUSE_NEON_DOTPROD -DARCH=apple-silicon -flto=full -Xclang -mllvm -Xclang -inline-threshold=500 -c -o network.o nnue/network.cpp
In file included from nnue/network.cpp:19:
In file included from nnue/network.h:22:
In file included from /Applications/Xcode.app/Contents/Developer/Platforms/MacOSX.platform/Developer/SDKs/MacOSX.sdk/usr/include/c++/v1/functional:535:
In file included from /Applications/Xcode.app/Contents/Developer/Platforms/MacOSX.platform/Developer/SDKs/MacOSX.sdk/usr/include/c++/v1/__config:15:
/Applications/Xcode.app/Contents/Developer/Platforms/MacOSX.platform/Developer/SDKs/MacOSX.sdk/usr/include/c++/v1/__configuration/availability.h:204:4: warning: "The selected platform is no longer supported by libc++." [-W#warnings]
  204 | #  warning "The selected platform is no longer supported by libc++."
      |    ^
1 warning generated.
clang++ -Wall -Wcast-qual -fno-exceptions -std=c++17 -fprofile-use=stockfish.profdata -pedantic -Wextra -Wshadow -Wmissing-prototypes -Wconditional-uninitialized -flax-vector-conversions=none -fconstexpr-steps=500000000 -m64 -mmacosx-version-min=10.15 -arch arm64 -DNDEBUG -O3 -funroll-loops -mdynamic-no-pic -DIS_64BIT -DUSE_POPCNT -DUSE_NEON=8 -march=armv8.2-a+dotprod -DUSE_NEON_DOTPROD -DARCH=apple-silicon -flto=full -Xclang -mllvm -Xclang -inline-threshold=500 -c -o half_ka_v2_hm.o nnue/features/half_ka_v2_hm.cpp
In file included from nnue/features/half_ka_v2_hm.cpp:21:
In file included from nnue/features/half_ka_v2_hm.h:24:
In file included from nnue/features/../../misc.h:22:
In file included from /Applications/Xcode.app/Contents/Developer/Platforms/MacOSX.platform/Developer/SDKs/MacOSX.sdk/usr/include/c++/v1/algorithm:1840:
In file included from /Applications/Xcode.app/Contents/Developer/Platforms/MacOSX.platform/Developer/SDKs/MacOSX.sdk/usr/include/c++/v1/__config:15:
/Applications/Xcode.app/Contents/Developer/Platforms/MacOSX.platform/Developer/SDKs/MacOSX.sdk/usr/include/c++/v1/__configuration/availability.h:204:4: warning: "The selected platform is no longer supported by libc++." [-W#warnings]
  204 | #  warning "The selected platform is no longer supported by libc++."
      |    ^
1 warning generated.
clang++ -Wall -Wcast-qual -fno-exceptions -std=c++17 -fprofile-use=stockfish.profdata -pedantic -Wextra -Wshadow -Wmissing-prototypes -Wconditional-uninitialized -flax-vector-conversions=none -fconstexpr-steps=500000000 -m64 -mmacosx-version-min=10.15 -arch arm64 -DNDEBUG -O3 -funroll-loops -mdynamic-no-pic -DIS_64BIT -DUSE_POPCNT -DUSE_NEON=8 -march=armv8.2-a+dotprod -DUSE_NEON_DOTPROD -DARCH=apple-silicon -flto=full -Xclang -mllvm -Xclang -inline-threshold=500 -c -o full_threats.o nnue/features/full_threats.cpp
In file included from nnue/features/full_threats.cpp:21:
In file included from nnue/features/full_threats.h:22:
In file included from nnue/features/../../misc.h:22:
In file included from /Applications/Xcode.app/Contents/Developer/Platforms/MacOSX.platform/Developer/SDKs/MacOSX.sdk/usr/include/c++/v1/algorithm:1840:
In file included from /Applications/Xcode.app/Contents/Developer/Platforms/MacOSX.platform/Developer/SDKs/MacOSX.sdk/usr/include/c++/v1/__config:15:
/Applications/Xcode.app/Contents/Developer/Platforms/MacOSX.platform/Developer/SDKs/MacOSX.sdk/usr/include/c++/v1/__configuration/availability.h:204:4: warning: "The selected platform is no longer supported by libc++." [-W#warnings]
  204 | #  warning "The selected platform is no longer supported by libc++."
      |    ^
1 warning generated.
clang++ -Wall -Wcast-qual -fno-exceptions -std=c++17 -fprofile-use=stockfish.profdata -pedantic -Wextra -Wshadow -Wmissing-prototypes -Wconditional-uninitialized -flax-vector-conversions=none -fconstexpr-steps=500000000 -m64 -mmacosx-version-min=10.15 -arch arm64 -DNDEBUG -O3 -funroll-loops -mdynamic-no-pic -DIS_64BIT -DUSE_POPCNT -DUSE_NEON=8 -march=armv8.2-a+dotprod -DUSE_NEON_DOTPROD -DARCH=apple-silicon -flto=full -Xclang -mllvm -Xclang -inline-threshold=500 -c -o pp_3wide.o nnue/features/pp_3wide.cpp
In file included from nnue/features/pp_3wide.cpp:19:
In file included from nnue/features/pp_3wide.h:22:
In file included from nnue/features/../../misc.h:22:
In file included from /Applications/Xcode.app/Contents/Developer/Platforms/MacOSX.platform/Developer/SDKs/MacOSX.sdk/usr/include/c++/v1/algorithm:1840:
In file included from /Applications/Xcode.app/Contents/Developer/Platforms/MacOSX.platform/Developer/SDKs/MacOSX.sdk/usr/include/c++/v1/__config:15:
/Applications/Xcode.app/Contents/Developer/Platforms/MacOSX.platform/Developer/SDKs/MacOSX.sdk/usr/include/c++/v1/__configuration/availability.h:204:4: warning: "The selected platform is no longer supported by libc++." [-W#warnings]
  204 | #  warning "The selected platform is no longer supported by libc++."
      |    ^
1 warning generated.
clang++ -Wall -Wcast-qual -fno-exceptions -std=c++17 -fprofile-use=stockfish.profdata -pedantic -Wextra -Wshadow -Wmissing-prototypes -Wconditional-uninitialized -flax-vector-conversions=none -fconstexpr-steps=500000000 -m64 -mmacosx-version-min=10.15 -arch arm64 -DNDEBUG -O3 -funroll-loops -mdynamic-no-pic -DIS_64BIT -DUSE_POPCNT -DUSE_NEON=8 -march=armv8.2-a+dotprod -DUSE_NEON_DOTPROD -DARCH=apple-silicon -flto=full -Xclang -mllvm -Xclang -inline-threshold=500 -c -o engine.o engine.cpp
In file included from engine.cpp:19:
In file included from ./engine.h:22:
In file included from /Applications/Xcode.app/Contents/Developer/Platforms/MacOSX.platform/Developer/SDKs/MacOSX.sdk/usr/include/c++/v1/functional:535:
In file included from /Applications/Xcode.app/Contents/Developer/Platforms/MacOSX.platform/Developer/SDKs/MacOSX.sdk/usr/include/c++/v1/__config:15:
/Applications/Xcode.app/Contents/Developer/Platforms/MacOSX.platform/Developer/SDKs/MacOSX.sdk/usr/include/c++/v1/__configuration/availability.h:204:4: warning: "The selected platform is no longer supported by libc++." [-W#warnings]
  204 | #  warning "The selected platform is no longer supported by libc++."
      |    ^
1 warning generated.
clang++ -Wall -Wcast-qual -fno-exceptions -std=c++17 -fprofile-use=stockfish.profdata -pedantic -Wextra -Wshadow -Wmissing-prototypes -Wconditional-uninitialized -flax-vector-conversions=none -fconstexpr-steps=500000000 -m64 -mmacosx-version-min=10.15 -arch arm64 -DNDEBUG -O3 -funroll-loops -mdynamic-no-pic -DIS_64BIT -DUSE_POPCNT -DUSE_NEON=8 -march=armv8.2-a+dotprod -DUSE_NEON_DOTPROD -DARCH=apple-silicon -flto=full -Xclang -mllvm -Xclang -inline-threshold=500 -c -o score.o score.cpp
In file included from score.cpp:19:
In file included from ./score.h:22:
In file included from /Applications/Xcode.app/Contents/Developer/Platforms/MacOSX.platform/Developer/SDKs/MacOSX.sdk/usr/include/c++/v1/variant:218:
In file included from /Applications/Xcode.app/Contents/Developer/Platforms/MacOSX.platform/Developer/SDKs/MacOSX.sdk/usr/include/c++/v1/__compare/common_comparison_category.h:12:
In file included from /Applications/Xcode.app/Contents/Developer/Platforms/MacOSX.platform/Developer/SDKs/MacOSX.sdk/usr/include/c++/v1/__compare/ordering.h:12:
In file included from /Applications/Xcode.app/Contents/Developer/Platforms/MacOSX.platform/Developer/SDKs/MacOSX.sdk/usr/include/c++/v1/__config:15:
/Applications/Xcode.app/Contents/Developer/Platforms/MacOSX.platform/Developer/SDKs/MacOSX.sdk/usr/include/c++/v1/__configuration/availability.h:204:4: warning: "The selected platform is no longer supported by libc++." [-W#warnings]
  204 | #  warning "The selected platform is no longer supported by libc++."
      |    ^
1 warning generated.
clang++ -Wall -Wcast-qual -fno-exceptions -std=c++17 -fprofile-use=stockfish.profdata -pedantic -Wextra -Wshadow -Wmissing-prototypes -Wconditional-uninitialized -flax-vector-conversions=none -fconstexpr-steps=500000000 -m64 -mmacosx-version-min=10.15 -arch arm64 -DNDEBUG -O3 -funroll-loops -mdynamic-no-pic -DIS_64BIT -DUSE_POPCNT -DUSE_NEON=8 -march=armv8.2-a+dotprod -DUSE_NEON_DOTPROD -DARCH=apple-silicon -flto=full -Xclang -mllvm -Xclang -inline-threshold=500 -c -o memory.o memory.cpp
In file included from memory.cpp:19:
In file included from ./memory.h:22:
In file included from /Applications/Xcode.app/Contents/Developer/Platforms/MacOSX.platform/Developer/SDKs/MacOSX.sdk/usr/include/c++/v1/algorithm:1840:
In file included from /Applications/Xcode.app/Contents/Developer/Platforms/MacOSX.platform/Developer/SDKs/MacOSX.sdk/usr/include/c++/v1/__config:15:
/Applications/Xcode.app/Contents/Developer/Platforms/MacOSX.platform/Developer/SDKs/MacOSX.sdk/usr/include/c++/v1/__configuration/availability.h:204:4: warning: "The selected platform is no longer supported by libc++." [-W#warnings]
  204 | #  warning "The selected platform is no longer supported by libc++."
      |    ^
1 warning generated.
1 warning generated.
clang++ -o stockfish attacks.o benchmark.o bitboard.o evaluate.o main.o misc.o movegen.o movepick.o position.o search.o thread.o timeman.o tt.o uci.o ucioption.o tune.o tbprobe.o nnue_accumulator.o nnue_misc.o network.o half_ka_v2_hm.o full_threats.o pp_3wide.o engine.o score.o memory.o  -fprofile-use  -m64 -mmacosx-version-min=10.15 -arch arm64 -lpthread  -Wall -Wcast-qual -fno-exceptions -std=c++17 -fprofile-use=stockfish.profdata -pedantic -Wextra -Wshadow -Wmissing-prototypes -Wconditional-uninitialized -flax-vector-conversions=none -fconstexpr-steps=500000000 -m64 -mmacosx-version-min=10.15 -arch arm64 -DNDEBUG -O3 -funroll-loops -mdynamic-no-pic -DIS_64BIT -DUSE_POPCNT -DUSE_NEON=8 -march=armv8.2-a+dotprod -DUSE_NEON_DOTPROD -DARCH=apple-silicon -flto=full -Xclang -mllvm -Xclang -inline-threshold=500

Step 4/4. Deleting profile data ...
/Applications/Xcode.app/Contents/Developer/usr/bin/make ARCH=apple-silicon COMP=clang profileclean
