Stockfish dev-20260913-m-031dfeb4 by the Stockfish developers (see AUTHORS file)
info string Using 1 thread
info string NNUE evaluation using nn-134a887f4c8f.nnue (109MiB, (86896, 1024, 32, 32, 1))
info string Network replica 1: Shared memory.
info depth 1 seldepth 2 multipv 1 score cp 35 nodes 20 nps 20000 hashfull 0 tbhits 0 time 1 pv d2d4
info depth 2 seldepth 3 multipv 1 score cp 55 nodes 47 nps 47000 hashfull 0 tbhits 0 time 1 pv d2d4
info depth 3 seldepth 2 multipv 1 score cp 55 nodes 68 nps 68000 hashfull 0 tbhits 0 time 1 pv d2d4
info depth 4 seldepth 4 multipv 1 score cp 24 nodes 1082 nps 541000 hashfull 0 tbhits 0 time 2 pv d2d4 d7d5 g1f3
info depth 5 seldepth 9 multipv 1 score cp 18 nodes 2350 nps 587500 hashfull 0 tbhits 0 time 4 pv e2e4
info depth 6 seldepth 10 multipv 1 score cp 18 nodes 2717 nps 679250 hashfull 0 tbhits 0 time 4 pv e2e4 c7c5 c2c3 g8f6
info depth 7 seldepth 10 multipv 1 score cp 17 nodes 2865 nps 716250 hashfull 0 tbhits 0 time 4 pv e2e4 c7c5 c2c3 b8c6 d2d4 c5d4 c3d4 d7d5 e4e5
info depth 8 seldepth 10 multipv 1 score cp 17 nodes 2975 nps 743750 hashfull 0 tbhits 0 time 4 pv e2e4 c7c5 c2c3 b8c6 d2d4 c5d4 c3d4 d7d5
info depth 9 seldepth 10 multipv 1 score cp 17 nodes 3318 nps 663600 hashfull 1 tbhits 0 time 5 pv e2e4 c7c5 c2c3 b8c6 d2d4 c5d4 c3d4 d7d5 e4e5
info depth 10 seldepth 13 multipv 1 score cp 38 nodes 5734 nps 716750 hashfull 1 tbhits 0 time 8 pv e2e4 e7e5 g1f3 d7d5 f3e5 d5e4 b1c3 g8f6
info depth 11 seldepth 12 multipv 1 score cp 38 nodes 6358 nps 706444 hashfull 1 tbhits 0 time 9 pv e2e4 e7e5 b1c3 g8f6 g1f3 b8c6 d2d4 e5d4
info depth 12 seldepth 12 multipv 1 score cp 37 nodes 7130 nps 713000 hashfull 1 tbhits 0 time 10 pv e2e4 e7e5 b1c3 f8c5 g1f3 b8c6 f1c4 g8f6 e1g1 d7d6
info depth 13 seldepth 21 multipv 1 score cp 25 nodes 38859 nps 777180 hashfull 10 tbhits 0 time 50 pv e2e4 e7e6 d2d4 d7d5 e4e5 c7c5 c2c3 b8c6
bestmove e2e4 ponder e7e6
info string NNUE evaluation using nn-134a887f4c8f.nnue (109MiB, (86896, 1024, 32, 32, 1))
info string Network replica 1: Shared memory.
info depth 1 seldepth 9 multipv 1 score cp -133 nodes 169 nps 169000 hashfull 0 tbhits 0 time 1 pv e2a6 b4c3 d2c3 e6d5
info depth 2 seldepth 6 multipv 1 score cp -133 nodes 234 nps 234000 hashfull 0 tbhits 0 time 1 pv e2a6 b4c3 d2c3 e6d5
info depth 3 seldepth 6 multipv 1 score cp -133 nodes 291 nps 291000 hashfull 0 tbhits 0 time 1 pv e2a6 b4c3 d2c3 e6d5
info depth 4 seldepth 6 multipv 1 score cp -133 nodes 357 nps 357000 hashfull 0 tbhits 0 time 1 pv e2a6 b4c3 d2c3 e6d5
info depth 5 seldepth 8 multipv 1 score cp -273 nodes 1739 nps 869500 hashfull 0 tbhits 0 time 2 pv d5e6 e7e6 e2a6 e6e5
info depth 6 seldepth 9 multipv 1 score cp -196 nodes 1875 nps 937500 hashfull 0 tbhits 0 time 2 pv d5e6 e7e6 e2a6 e6e5 c3e2
info depth 7 seldepth 7 multipv 1 score cp -184 nodes 1996 nps 998000 hashfull 0 tbhits 0 time 2 pv d5e6 e7e6 e2a6 e6e5 c3e2
info depth 8 seldepth 12 multipv 1 score cp -184 nodes 2990 nps 996666 hashfull 0 tbhits 0 time 3 pv e2a6 h3g2 f3g2 b4c3 d2c3 e6d5
info depth 9 seldepth 17 multipv 1 score cp -175 nodes 3514 nps 878500 hashfull 0 tbhits 0 time 4 pv e2a6 h3g2 f3g2 b4c3 d2c3 e6d5
info depth 10 seldepth 15 multipv 1 score cp -175 nodes 3693 nps 923250 hashfull 1 tbhits 0 time 4 pv e2a6 h3g2 f3g2 b4c3 d2c3 e6d5 e5g4 d5e4 g4f6 g7f6 c3f6 e7f6
info depth 11 seldepth 25 multipv 1 score cp -220 nodes 21405 nps 713500 hashfull 7 tbhits 0 time 30 pv e2a6 h3g2 h1g1 b4c3 d2c3 h8h4 f3g2 e6d5 f2f3 f6h5 e5g6 g7c3 b2c3 f7g6 g2g6 e7f7
info depth 12 seldepth 27 multipv 1 score cp -222 nodes 41982 nps 749678 hashfull 13 tbhits 0 time 56 pv e2a6 b4c3 d2c3 h3g2 f3g2 e6d5 e1g1 f6e4 e5c6 d7c6 c3g7 h8h5 g1h1 f7f6 g2g6 e7f7
info depth 13 seldepth 13 multipv 1 score cp -222 nodes 42429 nps 757660 hashfull 13 tbhits 0 time 56 pv e2a6 b4c3 d2c3 h3g2 f3g2 e6d5 e1g1 f6e4 e5c6 d7c6 c3g7 h8h5
bestmove e2a6 ponder b4c3
info string NNUE evaluation using nn-134a887f4c8f.nnue (109MiB, (86896, 1024, 32, 32, 1))
info string Network replica 1: Shared memory.
info depth 1 seldepth 3 multipv 1 score cp 72 nodes 17 nps 17000 hashfull 0 tbhits 0 time 1 pv b4f4 h4g3
info depth 2 seldepth 3 multipv 1 score cp 72 nodes 48 nps 48000 hashfull 0 tbhits 0 time 1 pv b4f4 h4g3
info depth 3 seldepth 5 multipv 1 score cp 87 nodes 74 nps 74000 hashfull 0 tbhits 0 time 1 pv b4f4 h4g3
info depth 4 seldepth 5 multipv 1 score cp 94 nodes 100 nps 100000 hashfull 0 tbhits 0 time 1 pv b4f4 h4g3
info depth 5 seldepth 5 multipv 1 score cp 105 nodes 139 nps 139000 hashfull 0 tbhits 0 time 1 pv b4f4 h4g3 f4f3 g3g2
info depth 6 seldepth 6 multipv 1 score cp 136 nodes 189 nps 189000 hashfull 0 tbhits 0 time 1 pv b4f4 h4g3 f4f3 g3g2
info depth 7 seldepth 6 multipv 1 score cp 154 nodes 238 nps 238000 hashfull 0 tbhits 0 time 1 pv b4f4 h4g3 f4f3 g3g2
info depth 8 seldepth 9 multipv 1 score cp 173 nodes 394 nps 394000 hashfull 0 tbhits 0 time 1 pv b4f4 h4g3 f4f3 g3g2 f3f7 h5c5
info depth 9 seldepth 13 multipv 1 score cp 178 nodes 1756 nps 878000 hashfull 0 tbhits 0 time 2 pv b4f4 h4g3 f4c4 h5c5 a5b4 c5c4 b4c4 g3g2
info depth 10 seldepth 9 multipv 1 score cp 178 nodes 1839 nps 919500 hashfull 0 tbhits 0 time 2 pv b4f4 h4g3 f4c4 h5c5 a5b4 c5c4 b4c4 g3g2
info depth 11 seldepth 20 multipv 1 score cp 103 nodes 12676 nps 1267600 hashfull 3 tbhits 0 time 10 pv b4f4 h4g3 f4c4 h5h7 a5a6 g3g2 c4c3 g2f1
info depth 12 seldepth 31 multipv 1 score cp 17 nodes 115067 nps 1438337 hashfull 30 tbhits 0 time 80 pv b4f4 h4g3 f4c4 h5h7 a5a6 g3g2 c4c3 g2f2 e2e4 h7e7 a6b7 e7e4 b7c7 d6d5 c7d8
info depth 13 seldepth 30 multipv 1 score cp 28 nodes 206294 nps 1484129 hashfull 51 tbhits 0 time 139 pv b4f4 h4g3 f4c4 h5h7 c4c3 g3g2 a5a6 g2f2 e2e4 h7e7 a6b7 e7e4 b7c7 d6d5 b5b6 d5d4 c3a3 e4e7 c7c6
bestmove b4f4 ponder h4g3
info string NNUE evaluation using nn-134a887f4c8f.nnue (109MiB, (86896, 1024, 32, 32, 1))
info string Network replica 1: Shared memory.
info depth 1 seldepth 9 multipv 1 score cp 8 nodes 67 nps 67000 hashfull 0 tbhits 0 time 1 pv c5d4
info depth 2 seldepth 7 multipv 1 score cp -1 nodes 337 nps 337000 hashfull 0 tbhits 0 time 1 pv f5d3 f1f8 d6f8
info depth 3 seldepth 7 multipv 1 score cp -1 nodes 384 nps 384000 hashfull 0 tbhits 0 time 1 pv f5d3 f1f8 d6f8
info depth 4 seldepth 7 multipv 1 score cp 2 nodes 457 nps 457000 hashfull 0 tbhits 0 time 1 pv f5d3 f1f8 d6f8
info depth 5 seldepth 7 multipv 1 score cp 4 nodes 534 nps 534000 hashfull 0 tbhits 0 time 1 pv f5d3 f1f8 d6f8
info depth 6 seldepth 7 multipv 1 score cp 19 nodes 675 nps 675000 hashfull 0 tbhits 0 time 1 pv f5d3 f1f8 e8f8
info depth 7 seldepth 6 multipv 1 score cp 27 nodes 801 nps 801000 hashfull 0 tbhits 0 time 1 pv f5d3 f1f8 e8f8
info depth 8 seldepth 8 multipv 1 score cp -30 nodes 1481 nps 1481000 hashfull 0 tbhits 0 time 1 pv f5d3 f1f8 d6f8 h6h4 d3c4
info depth 9 seldepth 12 multipv 1 score cp 3 nodes 2062 nps 1031000 hashfull 0 tbhits 0 time 2 pv f5d3 f1f8 e8f8
info depth 10 seldepth 10 multipv 1 score cp 27 nodes 2233 nps 1116500 hashfull 0 tbhits 0 time 2 pv f5d3 f1f8 e8f8
info depth 11 seldepth 13 multipv 1 score cp 20 nodes 3954 nps 1318000 hashfull 0 tbhits 0 time 3 pv f5d3 f1f8 d6f8 h6h4 e5d4 e1e8 f8e8 c3d4 d3c4 d4c5 c4a2
info depth 12 seldepth 19 multipv 1 score cp 12 nodes 12118 nps 932153 hashfull 2 tbhits 0 time 13 pv f5d3 f1f8 d6f8 h6h4 e5d4 e1e8 f8e8 c3d4 d3c4 g3e4 c4d3 e4f6 d7f6 h4f6
info depth 13 seldepth 15 multipv 1 score cp 12 nodes 12334 nps 948769 hashfull 2 tbhits 0 time 13 pv f5d3 f1f8 d6f8 h6h4 e5d4 e1e8 f8e8 c3d4 d3c4 g3e4 c4d3 e4f6 d7f6
bestmove f5d3 ponder f1f8
info string NNUE evaluation using nn-134a887f4c8f.nnue (109MiB, (86896, 1024, 32, 32, 1))
info string Network replica 1: Shared memory.
info depth 1 seldepth 4 multipv 1 score cp -69 nodes 31 nps 31000 hashfull 0 tbhits 0 time 1 pv f7e6
info depth 2 seldepth 4 multipv 1 score cp -63 nodes 68 nps 68000 hashfull 0 tbhits 0 time 1 pv f7e6
info depth 3 seldepth 4 multipv 1 score cp -59 nodes 107 nps 107000 hashfull 0 tbhits 0 time 1 pv f7e6
info depth 4 seldepth 4 multipv 1 score cp -53 nodes 156 nps 156000 hashfull 0 tbhits 0 time 1 pv f7e6
info depth 5 seldepth 4 multipv 1 score cp -48 nodes 205 nps 205000 hashfull 0 tbhits 0 time 1 pv f7e6
info depth 6 seldepth 5 multipv 1 score cp -29 nodes 274 nps 274000 hashfull 0 tbhits 0 time 1 pv f7e6
info depth 7 seldepth 6 multipv 1 score cp 5 nodes 386 nps 386000 hashfull 0 tbhits 0 time 1 pv f7e6
info depth 8 seldepth 6 multipv 1 score cp 12 nodes 514 nps 514000 hashfull 0 tbhits 0 time 1 pv f7e6
info depth 9 seldepth 7 multipv 1 score cp 24 nodes 831 nps 831000 hashfull 0 tbhits 0 time 1 pv f7e6 d5e3
info depth 10 seldepth 8 multipv 1 score cp 18 nodes 1499 nps 749500 hashfull 1 tbhits 0 time 2 pv f7e6 d5b6 a7b6 a2a3 a8a4 h1e1
info depth 11 seldepth 12 multipv 1 score cp 28 nodes 2421 nps 1210500 hashfull 1 tbhits 0 time 2 pv f7e6 d5b6 a7b6 a2a3 a8a4 h1e1
info depth 12 seldepth 10 multipv 1 score cp 33 nodes 2910 nps 970000 hashfull 1 tbhits 0 time 3 pv f7e6 d5b6 a7b6 a2a3 a8a4 h1e1
info depth 13 seldepth 13 multipv 1 score cp 59 nodes 5214 nps 1303500 hashfull 2 tbhits 0 time 4 pv f7e6 d5b6 a7b6 a2a3 b6b5
bestmove f7e6 ponder d5b6
info string NNUE evaluation using nn-134a887f4c8f.nnue (109MiB, (86896, 1024, 32, 32, 1))
info string Network replica 1: Shared memory.
info depth 1 seldepth 2 multipv 1 score cp 190 nodes 33 nps 33000 hashfull 0 tbhits 0 time 1 pv g7g6
info depth 2 seldepth 5 multipv 1 score cp 188 nodes 140 nps 140000 hashfull 0 tbhits 0 time 1 pv f4f3 d3d4
info depth 3 seldepth 4 multipv 1 score cp 188 nodes 181 nps 181000 hashfull 0 tbhits 0 time 1 pv f4f3 d3d4
info depth 4 seldepth 5 multipv 1 score cp 230 nodes 260 nps 260000 hashfull 0 tbhits 0 time 1 pv f4f3 d3d4
info depth 5 seldepth 4 multipv 1 score cp 230 nodes 312 nps 312000 hashfull 0 tbhits 0 time 1 pv f4f3 d3d4 f8f4
info depth 6 seldepth 8 multipv 1 score cp 187 nodes 831 nps 831000 hashfull 0 tbhits 0 time 1 pv f4f3 g1h1 e7g6 c3d5 g6f4 d5f4 f8f4
info depth 7 seldepth 9 multipv 1 score cp 189 nodes 1079 nps 1079000 hashfull 0 tbhits 0 time 1 pv f4f3 h5h4 f8f4 h2h3 d8f8 h4g5
info depth 8 seldepth 9 multipv 1 score cp 261 nodes 1760 nps 880000 hashfull 0 tbhits 0 time 2 pv f4f3 h5h4 f8f6 h2h3
info depth 9 seldepth 9 multipv 1 score cp 255 nodes 2217 nps 1108500 hashfull 1 tbhits 0 time 2 pv f4f3 h5g5 f8f6 c3d5 e7d5 b3d5 c7c6
info depth 10 seldepth 15 multipv 1 score cp 226 nodes 3288 nps 1096000 hashfull 1 tbhits 0 time 3 pv f4f3 h5h4 f8f6 c3d5 e7d5 b3d5 c7c6 d5b3 c8g4 h4g4
info depth 11 seldepth 14 multipv 1 score cp 253 nodes 7086 nps 885750 hashfull 2 tbhits 0 time 8 pv f4f3 h5h4 d8d7 h2h3 e7g6 h4g3 g6f4 g1h2
info depth 12 seldepth 18 multipv 1 score cp 274 nodes 13891 nps 868187 hashfull 4 tbhits 0 time 16 pv f4f3 h5h4 f8f6 d3d4 f6h6 h4g3 c8g4 d4e5 g4h3 e5d6 h6g6 d6e7 d8e7
info depth 13 seldepth 18 multipv 1 score cp 284 nodes 15789 nps 877166 hashfull 4 tbhits 0 time 18 pv f4f3 h5h4 f8f6 d3d4 f6h6 h4g3 c8g4 d4e5 g4h3 g3f3 h6g6 g1h1 h3f1 e5d6 g6d6 d1f1
bestmove f4f3 ponder h5h4
info string NNUE evaluation using nn-134a887f4c8f.nnue (109MiB, (86896, 1024, 32, 32, 1))
info string Network replica 1: Shared memory.
info depth 1 seldepth 2 multipv 1 score cp -50 nodes 49 nps 49000 hashfull 0 tbhits 0 time 1 pv b4b2
info depth 2 seldepth 3 multipv 1 score cp -20 nodes 104 nps 104000 hashfull 0 tbhits 0 time 1 pv b4b2
info depth 3 seldepth 2 multipv 1 score cp -20 nodes 153 nps 153000 hashfull 0 tbhits 0 time 1 pv b4b2
info depth 4 seldepth 5 multipv 1 score cp -40 nodes 496 nps 496000 hashfull 0 tbhits 0 time 1 pv b4b2 e3c5 b2b6
info depth 5 seldepth 6 multipv 1 score cp -27 nodes 729 nps 729000 hashfull 0 tbhits 0 time 1 pv b4b2 e3c5 b2b6
info depth 6 seldepth 6 multipv 1 score cp -26 nodes 832 nps 832000 hashfull 0 tbhits 0 time 1 pv b4b2 e3c5 b2b6
info depth 7 seldepth 9 multipv 1 score cp -39 nodes 1912 nps 956000 hashfull 0 tbhits 0 time 2 pv b4b2 e3d2 b2a3 h2h3
info depth 8 seldepth 9 multipv 1 score cp -28 nodes 2317 nps 1158500 hashfull 0 tbhits 0 time 2 pv b4b2 e3d2 c6c5
info depth 9 seldepth 9 multipv 1 score cp -23 nodes 2647 nps 1323500 hashfull 0 tbhits 0 time 2 pv b4b2 e3d2 b2a3 h2h3 c6c5
info depth 10 seldepth 15 multipv 1 score cp -28 nodes 5205 nps 1041000 hashfull 1 tbhits 0 time 5 pv b4b2 e3d2 b2b6 g1h1 f6d7 c3e2
info depth 11 seldepth 14 multipv 1 score cp -33 nodes 12468 nps 1039000 hashfull 4 tbhits 0 time 12 pv b4b2 e3c5 b2b6 c3a4 b6b5 c5a3 b5a5 f3d4 c6c5
info depth 12 seldepth 17 multipv 1 score cp -28 nodes 21279 nps 1013285 hashfull 9 tbhits 0 time 21 pv b4b2 e3d2 b2b6 g1h1 f6d7 c3d1 c6c5
info depth 13 seldepth 19 multipv 1 score cp -34 nodes 31016 nps 969250 hashfull 13 tbhits 0 time 32 pv b4b2 e3d2 f6d7 a2a4 b2b6 f1f2 c6c5
bestmove b4b2 ponder e3d2
info string NNUE evaluation using nn-134a887f4c8f.nnue (109MiB, (86896, 1024, 32, 32, 1))
info string Network replica 1: Shared memory.
info depth 1 seldepth 5 multipv 1 score cp 512 nodes 61 nps 61000 hashfull 0 tbhits 0 time 1 pv c4d6 e8d7
info depth 2 seldepth 6 multipv 1 score cp 572 nodes 138 nps 138000 hashfull 0 tbhits 0 time 1 pv f4g3 g5g4
info depth 3 seldepth 6 multipv 1 score cp 440 nodes 317 nps 317000 hashfull 0 tbhits 0 time 1 pv f4g3 e8f8 b5d4 c6d4 d1d4
info depth 4 seldepth 8 multipv 1 score cp 421 nodes 421 nps 421000 hashfull 0 tbhits 0 time 1 pv f4g3 g8e7 c4d6 e8f8 b5d4 c6d4 d1d4
info depth 5 seldepth 8 multipv 1 score cp 440 nodes 499 nps 499000 hashfull 0 tbhits 0 time 1 pv f4d6 a7a6 b5d4 c6d4 d1d4
info depth 6 seldepth 9 multipv 1 score cp 538 nodes 709 nps 709000 hashfull 0 tbhits 0 time 1 pv f4g3 e8f8 b5d4 c6d4 d1d4
info depth 7 seldepth 11 multipv 1 score cp 408 nodes 914 nps 914000 hashfull 0 tbhits 0 time 1 pv f4g3 g8e7 c4d6 e8f8 b5d4 c6d4 d1d4
info depth 8 seldepth 10 multipv 1 score cp 389 nodes 1026 nps 1026000 hashfull 0 tbhits 0 time 1 pv f4g3 g8e7 c4d6 e8f8 b5d4 c6d4 d1d4 e7f5
info depth 9 seldepth 12 multipv 1 score cp 421 nodes 1335 nps 1335000 hashfull 0 tbhits 0 time 1 pv f4g3 g8e7 b5d4 c6d4 c4d6 e8f8 d6c8 a8c8 d1d4
info depth 10 seldepth 11 multipv 1 score cp 382 nodes 1695 nps 1695000 hashfull 0 tbhits 0 time 1 pv f4g3 g8e7 b5d4 c6d4 c4d6 e8f8 d6c8 a8c8 d1d4 e7f5
info depth 11 seldepth 15 multipv 1 score cp 383 nodes 1950 nps 975000 hashfull 0 tbhits 0 time 2 pv f4g3 g8e7 b5d4 c6d4 c4d6 e8f8 d6c8 e7f5
info depth 12 seldepth 16 multipv 1 score cp 395 nodes 2690 nps 1345000 hashfull 0 tbhits 0 time 2 pv f4g3 g8e7 b5d4 e8g8 d4c6 e7c6 c4d6 c8e6 d6b7
info depth 13 seldepth 23 multipv 1 score cp 366 nodes 13374 nps 891600 hashfull 3 tbhits 0 time 15 pv f4g3 e8f8 h2h4 c8e6 b5d4 c6d4 d1d4 d8f6 d4d1 g8h6 c4d6
bestmove f4g3 ponder e8f8
info string NNUE evaluation using nn-134a887f4c8f.nnue (109MiB, (86896, 1024, 32, 32, 1))
info string Network replica 1: Shared memory.
info depth 1 seldepth 2 multipv 1 score cp 23 nodes 56 nps 56000 hashfull 0 tbhits 0 time 1 pv a1e1
info depth 2 seldepth 3 multipv 1 score cp 53 nodes 113 nps 113000 hashfull 0 tbhits 0 time 1 pv a1e1
info depth 3 seldepth 2 multipv 1 score cp 53 nodes 164 nps 164000 hashfull 0 tbhits 0 time 1 pv a1e1
info depth 4 seldepth 4 multipv 1 score cp 81 nodes 234 nps 234000 hashfull 0 tbhits 0 time 1 pv a1e1
info depth 5 seldepth 5 multipv 1 score cp 77 nodes 473 nps 473000 hashfull 0 tbhits 0 time 1 pv b3c2 g7g6
info depth 6 seldepth 7 multipv 1 score cp 90 nodes 735 nps 735000 hashfull 0 tbhits 0 time 1 pv f1f3 c7c6
info depth 7 seldepth 8 multipv 1 score cp 94 nodes 1230 nps 1230000 hashfull 0 tbhits 0 time 1 pv a1e1 f7f5
info depth 8 seldepth 8 multipv 1 score cp 47 nodes 2060 nps 1030000 hashfull 0 tbhits 0 time 2 pv a1e1 a7a5 d2f3 g7g6 h5h4
info depth 9 seldepth 13 multipv 1 score cp 55 nodes 3858 nps 964500 hashfull 0 tbhits 0 time 4 pv a1e1 c7c6 b3c2 f7f5 d2f3 e7g6 c2f5 e6f4 e3f4 c8f5
info depth 10 seldepth 15 multipv 1 score cp 56 nodes 5526 nps 921000 hashfull 1 tbhits 0 time 6 pv a1e1 c7c6 b3c2 f7f5 d2f3 e7g6 c2f5 e6f4 e3f4 c8f5
info depth 11 seldepth 11 multipv 1 score cp 56 nodes 5690 nps 948333 hashfull 1 tbhits 0 time 6 pv a1e1 c7c6 b3c2 f7f5 d2f3 e7g6 c2f5 e6f4 e3f4 c8f5
info depth 12 seldepth 15 multipv 1 score cp 54 nodes 7433 nps 929125 hashfull 2 tbhits 0 time 8 pv a1e1 c7c6 b3c2 e7g6 d2f3 f7f5 c2f5 e6f4 e3f4 c8f5 f3g5 g6f4 f1f4
info depth 13 seldepth 21 multipv 1 score cp 61 nodes 37459 nps 832422 hashfull 12 tbhits 0 time 45 pv a1e1 a7a5 b3c2 f7f5 d2f3 d8e8 h5e8 f8e8 h2h4 c8d7 f3e5 d7b5 f1f3 a5a4
bestmove a1e1 ponder a7a5
info string NNUE evaluation using nn-134a887f4c8f.nnue (109MiB, (86896, 1024, 32, 32, 1))
info string Network replica 1: Shared memory.
info depth 1 seldepth 5 multipv 1 score cp 139 nodes 72 nps 72000 hashfull 0 tbhits 0 time 1 pv a1e1
info depth 2 seldepth 3 multipv 1 score cp 226 nodes 134 nps 134000 hashfull 0 tbhits 0 time 1 pv a1e1
info depth 3 seldepth 2 multipv 1 score cp 226 nodes 188 nps 188000 hashfull 0 tbhits 0 time 1 pv a1e1
info depth 4 seldepth 7 multipv 1 score cp 262 nodes 393 nps 393000 hashfull 0 tbhits 0 time 1 pv f4f6 g7f6 e3g3
info depth 5 seldepth 5 multipv 1 score cp 278 nodes 468 nps 468000 hashfull 0 tbhits 0 time 1 pv f4f6 g7f6 e3g3
info depth 6 seldepth 11 multipv 1 score cp 109 nodes 934 nps 934000 hashfull 0 tbhits 0 time 1 pv f4f6 g7f6 e3h6 c7e5 d3h7 g8h8 h2h3
info depth 7 seldepth 9 multipv 1 score cp 280 nodes 1317 nps 1317000 hashfull 0 tbhits 0 time 1 pv f4f6 g7f6 e3g3
info depth 8 seldepth 9 multipv 1 score cp 310 nodes 1422 nps 1422000 hashfull 0 tbhits 0 time 1 pv f4f6 g7f6 e3g3 f6f5 d3f5
info depth 9 seldepth 13 multipv 1 score cp 45 nodes 2896 nps 1448000 hashfull 0 tbhits 0 time 2 pv f4f6 g7f6 e3h6 f6f5 h6g5 g8h8 h2h3 c7e5 h3g4 f5g4
info depth 10 seldepth 20 multipv 1 score cp 106 nodes 6783 nps 1130500 hashfull 0 tbhits 0 time 6 pv f4f6 g7f6 e3h6 f6f5 h2h3 e8e6 h6h4 c7e5 h3g4 e5e3 h4f2 e3f2 g1f2 f5g4 b3d4 e6f6 d4f5
info depth 11 seldepth 18 multipv 1 score cp 106 nodes 8504 nps 1214857 hashfull 1 tbhits 0 time 7 pv f4f6 g7f6 e3h6 f6f5 h2h3 e8e6 h6h4 c7e5 h3g4 e5e3 h4f2 e3f2 g1f2 f5g4 b3d4 e6f6 d4f5
info depth 12 seldepth 27 multipv 1 score cp 130 nodes 12567 nps 1142454 hashfull 1 tbhits 0 time 11 pv f4f6 g7f6 e3h6 f6f5 h2h3 e8e6 h6h4 c7e5 h3g4 e5e3 h4f2 f5g4 b3d4 g4g3 f2e3 e6e3
info depth 13 seldepth 17 multipv 1 score cp 130 nodes 13008 nps 1182545 hashfull 1 tbhits 0 time 11 pv f4f6 g7f6 e3h6 f6f5 h2h3 e8e6 h6h4 c7e5 h3g4 e5e3 h4f2 f5g4 b3d4 g4g3 f2e3
bestmove f4f6 ponder g7f6
info string NNUE evaluation using nn-134a887f4c8f.nnue (109MiB, (86896, 1024, 32, 32, 1))
info string Network replica 1: Shared memory.
info depth 1 seldepth 9 multipv 1 score cp 161 nodes 67 nps 67000 hashfull 0 tbhits 0 time 1 pv d8h4 e1d2 e6d5
info depth 2 seldepth 5 multipv 1 score cp -79 nodes 504 nps 504000 hashfull 0 tbhits 0 time 1 pv e5g4 e2g4 h5g4
info depth 3 seldepth 4 multipv 1 score cp -134 nodes 703 nps 703000 hashfull 0 tbhits 0 time 1 pv e5d7
info depth 4 seldepth 7 multipv 1 score cp -164 nodes 818 nps 818000 hashfull 0 tbhits 0 time 1 pv e5d7 c1e3 d8h4 e1f1
info depth 5 seldepth 8 multipv 1 score cp -124 nodes 1377 nps 688500 hashfull 0 tbhits 0 time 2 pv e5g4 e1g1 f8g7
info depth 6 seldepth 8 multipv 1 score cp -137 nodes 1443 nps 721500 hashfull 0 tbhits 0 time 2 pv e5g4 e1g1 f8g7 h2h3
info depth 7 seldepth 12 multipv 1 score cp -223 nodes 2729 nps 909666 hashfull 0 tbhits 0 time 3 pv e5g4 e1g1 a7a6 f4f5 a6b5 f5e6 f7e6
info depth 8 seldepth 12 multipv 1 score cp -163 nodes 3599 nps 899750 hashfull 0 tbhits 0 time 4 pv e5g4 e1g1 a7a6 f4f5 g6f5 e4f5
info depth 9 seldepth 9 multipv 1 score cp -153 nodes 3948 nps 987000 hashfull 0 tbhits 0 time 4 pv e5g4 e1g1 a7a6 f4f5 g6f5 e4f5
info depth 10 seldepth 13 multipv 1 score cp -127 nodes 7057 nps 882125 hashfull 0 tbhits 0 time 8 pv e5g4 e1g1 a7a6 f4f5 e6d5 c4d5
info depth 11 seldepth 19 multipv 1 score cp -152 nodes 15554 nps 818631 hashfull 2 tbhits 0 time 19 pv e5g4 e1g1 a7a6 b5c3
info depth 12 seldepth 16 multipv 1 score cp -155 nodes 16359 nps 817950 hashfull 2 tbhits 0 time 20 pv e5g4 e1g1 a7a6 f4f5 g6f5 e4f5 e6d5 c4d5 c6e5 b5d4 d8h4
info depth 13 seldepth 25 multipv 1 score cp -169 nodes 45469 nps 811946 hashfull 14 tbhits 0 time 56 pv e5g4 c1d2 f8g7 d2c3 e8f8 d1d2 a7a6 c3g7 f8g7 b5c3 e6d5 c4d5 c6e7 e1c1 b7b5
bestmove e5g4 ponder c1d2
info string NNUE evaluation using nn-134a887f4c8f.nnue (109MiB, (86896, 1024, 32, 32, 1))
info string Network replica 1: Shared memory.
info depth 1 seldepth 2 multipv 1 score cp 22 nodes 35 nps 35000 hashfull 0 tbhits 0 time 1 pv d1d3
info depth 2 seldepth 3 multipv 1 score cp 41 nodes 77 nps 77000 hashfull 0 tbhits 0 time 1 pv d1d3
info depth 3 seldepth 2 multipv 1 score cp 41 nodes 113 nps 113000 hashfull 0 tbhits 0 time 1 pv d1d3
info depth 4 seldepth 5 multipv 1 score cp 38 nodes 382 nps 382000 hashfull 0 tbhits 0 time 1 pv b3c2 e7g6
info depth 5 seldepth 6 multipv 1 score cp 36 nodes 755 nps 755000 hashfull 0 tbhits 0 time 1 pv a2a4 c8b7 b3c2
info depth 6 seldepth 6 multipv 1 score cp 42 nodes 941 nps 941000 hashfull 0 tbhits 0 time 1 pv a2a4 c8b7 b3c2
info depth 7 seldepth 7 multipv 1 score cp 37 nodes 1216 nps 608000 hashfull 0 tbhits 0 time 2 pv a2a4 b5a4 b3c2 a8b8 a1a4 b8b2
info depth 8 seldepth 12 multipv 1 score cp 34 nodes 2260 nps 753333 hashfull 0 tbhits 0 time 3 pv a2a4 a8b8 a4b5 b8b5 d1d3 e7g6
info depth 9 seldepth 11 multipv 1 score cp 32 nodes 3515 nps 878750 hashfull 0 tbhits 0 time 4 pv a2a4 a8b8 a4b5 b8b5 b3c2 e7g6 g2g3
info depth 10 seldepth 14 multipv 1 score cp 35 nodes 6373 nps 910428 hashfull 0 tbhits 0 time 7 pv a2a4 a8b8 a4b5 b8b5 f1e1 e7g6 g2g3 c7c5 d4d5 b5b4
info depth 11 seldepth 14 multipv 1 score cp 36 nodes 6612 nps 944571 hashfull 0 tbhits 0 time 7 pv a2a4 a8b8 a4b5 b8b5 f1e1 e7g6 g2g3 c7c5 d4d5 c5c4 e3c4
info depth 12 seldepth 16 multipv 1 score cp 34 nodes 9177 nps 917700 hashfull 2 tbhits 0 time 10 pv a2a4 b5a4 a1a4 a8b8 b3c2 b8b2 h2h4 b2b5 d1d3 e7g6
info depth 13 seldepth 22 multipv 1 score cp 34 nodes 37625 nps 836111 hashfull 13 tbhits 0 time 45 pv a2a4 b5a4 a1a4 a8b8 f1e1 e7g6 d1c2 g6h4 f3h4 d8h4 c2c3
bestmove a2a4 ponder b5a4
info string NNUE evaluation using nn-134a887f4c8f.nnue (109MiB, (86896, 1024, 32, 32, 1))
info string Network replica 1: Shared memory.
info depth 1 seldepth 4 multipv 1 score cp 164 nodes 45 nps 45000 hashfull 0 tbhits 0 time 1 pv c6c5
info depth 2 seldepth 4 multipv 1 score cp 192 nodes 90 nps 90000 hashfull 0 tbhits 0 time 1 pv c6c5
info depth 3 seldepth 4 multipv 1 score cp 224 nodes 141 nps 141000 hashfull 0 tbhits 0 time 1 pv c6c5
info depth 4 seldepth 4 multipv 1 score cp 261 nodes 208 nps 208000 hashfull 0 tbhits 0 time 1 pv c6c5
info depth 5 seldepth 6 multipv 1 score cp 279 nodes 273 nps 273000 hashfull 0 tbhits 0 time 1 pv c6c5 b1b3
info depth 6 seldepth 7 multipv 1 score cp 165 nodes 813 nps 813000 hashfull 0 tbhits 0 time 1 pv a3e7 e2g4 a6c4 d2c4 a4c4
info depth 7 seldepth 10 multipv 1 score cp 163 nodes 1062 nps 1062000 hashfull 0 tbhits 0 time 1 pv a3e7 e2g4 a6c4 d2c4 a4c4 a2a4 c4d5
info depth 8 seldepth 10 multipv 1 score cp 188 nodes 1786 nps 893000 hashfull 0 tbhits 0 time 2 pv c6c5 b1b3 c5d4 e3d4 d8d4 e2e6 f8f7
info depth 9 seldepth 12 multipv 1 score cp 214 nodes 2089 nps 1044500 hashfull 0 tbhits 0 time 2 pv c6c5 b1b3 a3b4 d2b1 b4e1 e2e1
info depth 10 seldepth 12 multipv 1 score cp 214 nodes 2167 nps 1083500 hashfull 0 tbhits 0 time 2 pv c6c5 b1b3 a3b4 d2b1 b4e1 e2e1 c5d4 e3d4 d8d4
info depth 11 seldepth 15 multipv 1 score cp 181 nodes 3845 nps 961250 hashfull 1 tbhits 0 time 4 pv c6c5 e2d3 a3b4 d3b3 a4b3 b1b3 b4d2 f2d2 a6c4 b3a3 c5d4
info depth 12 seldepth 15 multipv 1 score cp 194 nodes 6270 nps 895714 hashfull 2 tbhits 0 time 7 pv c6c5 e2d3 f8e8 d3c3 c5d4 e3d4 a3f8 c3b3 a4b3
info depth 13 seldepth 16 multipv 1 score cp 215 nodes 11770 nps 905384 hashfull 3 tbhits 0 time 13 pv c6c5 b1b3 a3b4 e2d3 b4d2 b3a3 a6c4 a3a4 c4d3 f2d2
bestmove c6c5 ponder b1b3
info string NNUE evaluation using nn-134a887f4c8f.nnue (109MiB, (86896, 1024, 32, 32, 1))
info string Network replica 1: Shared memory.
info depth 1 seldepth 2 multipv 1 score cp 45 nodes 40 nps 40000 hashfull 0 tbhits 0 time 1 pv d4b5
info depth 2 seldepth 3 multipv 1 score cp 58 nodes 83 nps 83000 hashfull 0 tbhits 0 time 1 pv d4b5
info depth 3 seldepth 3 multipv 1 score cp -7 nodes 540 nps 540000 hashfull 0 tbhits 0 time 1 pv g2g3
info depth 4 seldepth 11 multipv 1 score cp -6 nodes 1668 nps 1668000 hashfull 0 tbhits 0 time 1 pv a4b5 f7f5 b5d5 g8h8
info depth 5 seldepth 5 multipv 1 score cp -9 nodes 1748 nps 1748000 hashfull 0 tbhits 0 time 1 pv a4b5 f7f5
info depth 6 seldepth 5 multipv 1 score cp -6 nodes 1819 nps 1819000 hashfull 0 tbhits 0 time 1 pv a4b5 f7f5 b5d5 g8h8
info depth 7 seldepth 10 multipv 1 score cp -24 nodes 4039 nps 1346333 hashfull 0 tbhits 0 time 3 pv a4b5 f7f5 g2g3 h5e8
info depth 8 seldepth 12 multipv 1 score cp -33 nodes 5392 nps 1078400 hashfull 0 tbhits 0 time 5 pv a4b5 f7f5 g2g3 a5a4 b5b7 h5f7 b7c8 f8c8 d4f5
info depth 9 seldepth 13 multipv 1 score cp -17 nodes 12647 nps 972846 hashfull 2 tbhits 0 time 13 pv a4b5 f7f5 g2g3 h5e8 a2a4 e7f6 b2b3
info depth 10 seldepth 9 multipv 1 score cp -19 nodes 12929 nps 923500 hashfull 2 tbhits 0 time 14 pv a4b5 f7f5 g2g3 h5e8 a2a4 e7f6 b2b3
info depth 11 seldepth 15 multipv 1 score cp -20 nodes 19537 nps 888045 hashfull 6 tbhits 0 time 22 pv d4b5 f7f5 g2g3 h5e8 b5c3 a8a6 c3d5 e7f6 c4c5
info depth 12 seldepth 16 multipv 1 score cp -24 nodes 25410 nps 907500 hashfull 7 tbhits 0 time 28 pv g2g3 f7f5 a4b5 h5e8 b5d5 e8f7 d4f5 e7f6 d5e4 f7g6 e4d5 g8h8
info depth 13 seldepth 28 multipv 1 score cp -44 nodes 86801 nps 885724 hashfull 32 tbhits 0 time 98 pv a4b5 f7f5 g2g3 a8b8 b5a5 b8a8 a5d5 h5f7 d5f5 c8a6 b2b3 e7f6 f5e4 f8e8 e4c2 f7g6
bestmove a4b5 ponder f7f5
info string NNUE evaluation using nn-134a887f4c8f.nnue (109MiB, (86896, 1024, 32, 32, 1))
info string Network replica 1: Shared memory.
info depth 1 seldepth 5 multipv 1 score cp 80 nodes 35 nps 35000 hashfull 0 tbhits 0 time 1 pv e8d7
info depth 2 seldepth 5 multipv 1 score cp 91 nodes 128 nps 128000 hashfull 0 tbhits 0 time 1 pv e8e7
info depth 3 seldepth 3 multipv 1 score cp 96 nodes 167 nps 167000 hashfull 0 tbhits 0 time 1 pv e8e7
info depth 4 seldepth 5 multipv 1 score cp 107 nodes 270 nps 270000 hashfull 0 tbhits 0 time 1 pv e8d7 b5b2
info depth 5 seldepth 7 multipv 1 score cp 105 nodes 359 nps 359000 hashfull 0 tbhits 0 time 1 pv e8d7 h2h4 h8a8
info depth 6 seldepth 9 multipv 1 score cp 102 nodes 492 nps 492000 hashfull 0 tbhits 0 time 1 pv e8d7 h2h4 h8c8 b5b2 c8a8
info depth 7 seldepth 11 multipv 1 score cp 112 nodes 1095 nps 1095000 hashfull 0 tbhits 0 time 1 pv e8e7
info depth 8 seldepth 8 multipv 1 score cp 118 nodes 1559 nps 1559000 hashfull 0 tbhits 0 time 1 pv e8d7 h2h4 h8a8 b5b2 a8a4 f3e5 d7e7
info depth 9 seldepth 8 multipv 1 score cp 119 nodes 1671 nps 835500 hashfull 0 tbhits 0 time 2 pv e8d7 h2h4 h8a8 b5b2 a8a4 g2g4
info depth 10 seldepth 14 multipv 1 score cp 123 nodes 7698 nps 962250 hashfull 3 tbhits 0 time 8 pv e8d7 g2g4 h8a8 b5b2 c3a3 f3e5 d7e8 b1c1
info depth 11 seldepth 15 multipv 1 score cp 127 nodes 11598 nps 1054363 hashfull 3 tbhits 0 time 11 pv e8d7 f3e5 d7e7 b5b2
info depth 12 seldepth 17 multipv 1 score cp 142 nodes 17321 nps 1082562 hashfull 7 tbhits 0 time 16 pv e8d7 f3e5 d7e7 h2h4
info depth 13 seldepth 10 multipv 1 score cp 150 nodes 21212 nps 1116421 hashfull 7 tbhits 0 time 19 pv e8d7 g2g4 h8a8 b5b2 f7f6 g1g2 c3a3 b1a1 h7h6
bestmove e8d7 ponder g2g4
info string NNUE evaluation using nn-134a887f4c8f.nnue (109MiB, (86896, 1024, 32, 32, 1))
info string Network replica 1: Shared memory.
info depth 1 seldepth 5 multipv 1 score cp 141 nodes 81 nps 81000 hashfull 0 tbhits 0 time 1 pv c5d5 d1d5 e6d5
info depth 2 seldepth 4 multipv 1 score cp 141 nodes 173 nps 173000 hashfull 0 tbhits 0 time 1 pv c5d5 d1d5 e6d5
info depth 3 seldepth 4 multipv 1 score cp 141 nodes 236 nps 236000 hashfull 0 tbhits 0 time 1 pv c5d5 d1d5 e6d5
info depth 4 seldepth 5 multipv 1 score cp 174 nodes 325 nps 325000 hashfull 0 tbhits 0 time 1 pv c5d5 d1d5 e6d5
info depth 5 seldepth 5 multipv 1 score cp 185 nodes 406 nps 406000 hashfull 0 tbhits 0 time 1 pv c5d5 d1d5 e6d5
info depth 6 seldepth 7 multipv 1 score cp 258 nodes 533 nps 533000 hashfull 0 tbhits 0 time 1 pv c5d5 d1d5
info depth 7 seldepth 7 multipv 1 score cp 325 nodes 687 nps 687000 hashfull 0 tbhits 0 time 1 pv c5d5 d1d5 e6d5
info depth 8 seldepth 11 multipv 1 score cp 212 nodes 1500 nps 750000 hashfull 0 tbhits 0 time 2 pv c5d5 d1d5 e6d5 c4b2
info depth 9 seldepth 12 multipv 1 score cp 137 nodes 2797 nps 932333 hashfull 1 tbhits 0 time 3 pv c5d5 d1d5 b7d5 a1c1 d5e4 c1e1 f6c3
info depth 10 seldepth 17 multipv 1 score cp 144 nodes 5135 nps 1027000 hashfull 1 tbhits 0 time 5 pv c5d5 d1d5 e6d5 c4e5 d8c7 f4d3 c7c3 a1c3 b4c3 e5f3
info depth 11 seldepth 11 multipv 1 score cp 135 nodes 5288 nps 1057600 hashfull 1 tbhits 0 time 5 pv c5d5 d1d5 e6d5 c4e5 d8c7 f4d3 c7c3 a1c3 b4c3 e5d7
info depth 12 seldepth 21 multipv 1 score cp 182 nodes 7169 nps 1024142 hashfull 1 tbhits 0 time 7 pv c5d5 d1d5 e6d5 c4b2 d5d4 a1d1 d4e3 d1d8 f6d8 f2e3
info depth 13 seldepth 11 multipv 1 score cp 182 nodes 7341 nps 1048714 hashfull 1 tbhits 0 time 7 pv c5d5 d1d5 e6d5 c4b2 d5d4 a1d1 d4e3 d1d8 f6d8 f2e3
bestmove c5d5 ponder d1d5
info string NNUE evaluation using nn-134a887f4c8f.nnue (109MiB, (86896, 1024, 32, 32, 1))
info string Network replica 1: Shared memory.
info depth 1 seldepth 4 multipv 1 score cp 96 nodes 21 nps 21000 hashfull 0 tbhits 0 time 1 pv e4d2 f3g4
info depth 2 seldepth 4 multipv 1 score cp 101 nodes 72 nps 72000 hashfull 0 tbhits 0 time 1 pv e4f6 c2c4
info depth 3 seldepth 4 multipv 1 score cp 101 nodes 95 nps 95000 hashfull 0 tbhits 0 time 1 pv e4f6 c2c4
info depth 4 seldepth 7 multipv 1 score cp 31 nodes 441 nps 441000 hashfull 0 tbhits 0 time 1 pv e4f6 f3f4 a5a4 f4e5 a4b3 c2b3
info depth 5 seldepth 7 multipv 1 score cp 31 nodes 495 nps 495000 hashfull 0 tbhits 0 time 1 pv e4f6 f3f4 a5a4 f4e5 a4b3 c2b3
info depth 6 seldepth 7 multipv 1 score cp 31 nodes 541 nps 541000 hashfull 0 tbhits 0 time 1 pv e4f6 f3f4 a5a4 f4e5 a4b3 c2b3
info depth 7 seldepth 10 multipv 1 score cp 16 nodes 1160 nps 1160000 hashfull 0 tbhits 0 time 1 pv d4d3 c2d3 e4d2 f3f4 d2b3 f4e5 a5a4
info depth 8 seldepth 11 multipv 1 score cp 12 nodes 1749 nps 874500 hashfull 0 tbhits 0 time 2 pv e4f6 f3f4 g8f8 f4e5 f8e7 f2f4 f6g4 e5d5
info depth 9 seldepth 9 multipv 1 score cp 13 nodes 1833 nps 916500 hashfull 0 tbhits 0 time 2 pv e4f6 f3f4 g8f8 f4e5 f8e7 f2f4 h6h5
info depth 10 seldepth 15 multipv 1 score cp -4 nodes 7059 nps 1176500 hashfull 2 tbhits 0 time 6 pv e4f6 f3f4 g8f8 f4e5 f8e7 f2f3 h6h5
info depth 11 seldepth 18 multipv 1 score cp 0 nodes 16010 nps 1067333 hashfull 4 tbhits 0 time 15 pv e4d2 f3e2 d2e4 e2f3 e4d2
info depth 12 seldepth 6 multipv 1 score cp 0 nodes 16422 nps 1094800 hashfull 4 tbhits 0 time 15 pv e4d2 f3e2 d2e4 e2f3 e4d2
info depth 13 seldepth 5 multipv 1 score cp 0 nodes 17444 nps 1090250 hashfull 4 tbhits 0 time 16 pv e4d2 f3e2 d2e4 e2f3
bestmove e4d2 ponder f3e2
info string NNUE evaluation using nn-134a887f4c8f.nnue (109MiB, (86896, 1024, 32, 32, 1))
info string Network replica 1: Shared memory.
info depth 1 seldepth 3 multipv 1 score cp 39 nodes 12 nps 12000 hashfull 0 tbhits 0 time 1 pv c4c5 d6c5
info depth 2 seldepth 3 multipv 1 score cp 39 nodes 30 nps 30000 hashfull 0 tbhits 0 time 1 pv c4c5 d6c5
info depth 3 seldepth 4 multipv 1 score cp 77 nodes 54 nps 54000 hashfull 0 tbhits 0 time 1 pv c4c5 d6c5
info depth 4 seldepth 3 multipv 1 score cp 58 nodes 109 nps 109000 hashfull 0 tbhits 0 time 1 pv c4c5 d6c5
info depth 5 seldepth 6 multipv 1 score cp 70 nodes 187 nps 187000 hashfull 0 tbhits 0 time 1 pv c4c5 b6c5 e3c4 f7e7 d3e2
info depth 6 seldepth 9 multipv 1 score cp 69 nodes 272 nps 272000 hashfull 0 tbhits 0 time 1 pv c4c5 b6c5 e3c4 d8c7 d3e2
info depth 7 seldepth 8 multipv 1 score cp 93 nodes 520 nps 520000 hashfull 0 tbhits 0 time 1 pv c4c5 b6c5 e3c4 f7e7
info depth 8 seldepth 8 multipv 1 score cp 179 nodes 809 nps 809000 hashfull 0 tbhits 0 time 1 pv c4c5 b6c5
info depth 9 seldepth 9 multipv 1 score cp 223 nodes 1247 nps 1247000 hashfull 0 tbhits 0 time 1 pv c4c5 d6c5 d5d6 f7e8 d3c4 e8d7 c4d5
info depth 10 seldepth 9 multipv 1 score cp 216 nodes 1366 nps 1366000 hashfull 0 tbhits 0 time 1 pv c4c5 d6c5 d5d6 f7f8 d3c4 f8e8 c4d5
info depth 11 seldepth 19 multipv 1 score cp 281 nodes 3962 nps 1320666 hashfull 0 tbhits 0 time 3 pv c4c5 d6c5 d5d6 f7e8
info depth 12 seldepth 20 multipv 1 score cp 329 nodes 6233 nps 1246600 hashfull 1 tbhits 0 time 5 pv c4c5 d6c5 d5d6 f7f8 d3c4 f8e8 c4d5 e8d7 e3c4 d7c8
info depth 13 seldepth 24 multipv 1 score cp 430 nodes 19393 nps 1385214 hashfull 4 tbhits 0 time 14 pv c4c5 b6c5 e3c4 f7e7 b5b6 e7d7 b6b7 d7c7 c4d6 d8e7 d6c4 c7b8 c4a5
bestmove c4c5 ponder b6c5
info string NNUE evaluation using nn-134a887f4c8f.nnue (109MiB, (86896, 1024, 32, 32, 1))
info string Network replica 1: Shared memory.
info depth 1 seldepth 3 multipv 1 score cp 95 nodes 18 nps 18000 hashfull 0 tbhits 0 time 1 pv g5f5 f3e3
info depth 2 seldepth 3 multipv 1 score cp 51 nodes 99 nps 99000 hashfull 0 tbhits 0 time 1 pv g5f5 f3g4
info depth 3 seldepth 5 multipv 1 score cp 78 nodes 138 nps 138000 hashfull 0 tbhits 0 time 1 pv g5f5 f3g4
info depth 4 seldepth 5 multipv 1 score cp 82 nodes 177 nps 177000 hashfull 0 tbhits 0 time 1 pv g5f5 f3g4
info depth 5 seldepth 8 multipv 1 score cp 31 nodes 529 nps 529000 hashfull 0 tbhits 0 time 1 pv h6h7
info depth 6 seldepth 8 multipv 1 score cp 59 nodes 966 nps 966000 hashfull 1 tbhits 0 time 1 pv g5h5 a2c2 c8d7
info depth 7 seldepth 7 multipv 1 score cp 68 nodes 1145 nps 1145000 hashfull 1 tbhits 0 time 1 pv g5h5 a2c2 c8d7
info depth 8 seldepth 11 multipv 1 score cp 78 nodes 1827 nps 913500 hashfull 1 tbhits 0 time 2 pv g5h5 a2c2 c8d7
info depth 9 seldepth 12 multipv 1 score cp 67 nodes 2178 nps 1089000 hashfull 1 tbhits 0 time 2 pv g5h5 a2c2 c8d7 c2b2 h5h3 f3g2 h6h7
info depth 10 seldepth 19 multipv 1 score cp 0 nodes 19599 nps 1507615 hashfull 6 tbhits 0 time 13 pv g5h5 a2c2 c8d7 c2b2 h5h3 f3g2 h3h5
info depth 11 seldepth 20 multipv 1 score cp 12 nodes 37869 nps 1577875 hashfull 9 tbhits 0 time 24 pv g5h5 a2e2 c8d7 e2b2 h6h7 b2b8 h5f5 f3g4 d7e6 b8h8 f5f7 g4h5
info depth 12 seldepth 20 multipv 1 score cp 14 nodes 71764 nps 1631000 hashfull 16 tbhits 0 time 44 pv g5f5 f3g4 f5h5 a2c2 c8d8 c2d2 d8e7 g4h5
info depth 13 seldepth 20 multipv 1 score cp 103 nodes 80785 nps 1683020 hashfull 18 tbhits 0 time 48 pv g5f5 f3g4 f5h5 a2f2 h5h1 f2f8 c8d7 g4g5 h6h7 f8h8 d7e6 g5g6 h1g1 g6h6 e6f7 h8h7 f7f6 h7c7
bestmove g5f5 ponder f3g4
info string NNUE evaluation using nn-134a887f4c8f.nnue (109MiB, (86896, 1024, 32, 32, 1))
info string Network replica 1: Shared memory.
info depth 1 seldepth 4 multipv 1 score cp 223 nodes 29 nps 29000 hashfull 0 tbhits 0 time 1 pv d1d3 h7g8
info depth 2 seldepth 5 multipv 1 score cp 175 nodes 208 nps 208000 hashfull 0 tbhits 0 time 1 pv d1c2 g7g6
info depth 3 seldepth 6 multipv 1 score cp 169 nodes 264 nps 264000 hashfull 0 tbhits 0 time 1 pv d1d3 h7h6 d3d6 h6h7
info depth 4 seldepth 6 multipv 1 score cp 169 nodes 297 nps 297000 hashfull 0 tbhits 0 time 1 pv d1d3 h7h6 d3d6 h6h7
info depth 5 seldepth 7 multipv 1 score cp 230 nodes 401 nps 401000 hashfull 0 tbhits 0 time 1 pv d1c2 h7h6
info depth 6 seldepth 6 multipv 1 score cp 230 nodes 444 nps 444000 hashfull 0 tbhits 0 time 1 pv d1c2 h7h6 c2c6 h6h5
info depth 7 seldepth 10 multipv 1 score cp 210 nodes 613 nps 613000 hashfull 0 tbhits 0 time 1 pv d1c2 h7h6 c2c6 h6h7 c6e4 h7h6 e4e6 g7g6
info depth 8 seldepth 17 multipv 1 score cp 185 nodes 1935 nps 967500 hashfull 0 tbhits 0 time 2 pv a4a5 b6a5 b4a5 h2g2 d1c2 h7h6
info depth 9 seldepth 15 multipv 1 score cp 187 nodes 5250 nps 1312500 hashfull 0 tbhits 0 time 4 pv a4a5 b6a5 b4a5 h2h3 d1c2 h7h6
info depth 10 seldepth 11 multipv 1 score cp 178 nodes 5382 nps 1076400 hashfull 0 tbhits 0 time 5 pv a4a5 b6a5 b4a5 h2h3 d1c2 g7g6
info depth 11 seldepth 17 multipv 1 score cp 181 nodes 11607 nps 1289666 hashfull 2 tbhits 0 time 9 pv a4a5 b6a5 b4a5 h2h3 d1c2 h7h8 c2c6 h3h1 a5a6
info depth 12 seldepth 13 multipv 1 score cp 172 nodes 11796 nps 1310666 hashfull 2 tbhits 0 time 9 pv a4a5 b6a5 b4a5 h2h3 d1c2 h7h8 c2c6 h3h1 a5a6 h1a1 c6e8 h8h7
info depth 13 seldepth 28 multipv 1 score cp 113 nodes 62169 nps 1381533 hashfull 18 tbhits 0 time 45 pv a4a5 b6a5 b4a5 h2g2 d1c2 h7h6 c2c6 g7g6 a5a6 g2g5 c6a4 h4h3 a6a7 g5e5 e2f1
bestmove a4a5 ponder b6a5
info string NNUE evaluation using nn-134a887f4c8f.nnue (109MiB, (86896, 1024, 32, 32, 1))
info string Network replica 1: Shared memory.
info depth 1 seldepth 4 multipv 1 score cp -460 nodes 36 nps 36000 hashfull 0 tbhits 0 time 1 pv e4e6 d7e6
info depth 2 seldepth 3 multipv 1 score cp -460 nodes 74 nps 74000 hashfull 0 tbhits 0 time 1 pv e4e6 d7e6
info depth 3 seldepth 4 multipv 1 score cp -262 nodes 116 nps 116000 hashfull 0 tbhits 0 time 1 pv e4e6 d7e6
info depth 4 seldepth 4 multipv 1 score cp -253 nodes 159 nps 159000 hashfull 0 tbhits 0 time 1 pv e4e6 d7e6 f3g2
info depth 5 seldepth 5 multipv 1 score cp -238 nodes 214 nps 214000 hashfull 0 tbhits 0 time 1 pv e4e6 d7e6 f3g2 g7g6
info depth 6 seldepth 6 multipv 1 score cp -253 nodes 296 nps 296000 hashfull 0 tbhits 0 time 1 pv e4e6 d7e6 f3g2 h8g8
info depth 7 seldepth 7 multipv 1 score cp -191 nodes 396 nps 396000 hashfull 0 tbhits 0 time 1 pv e4e6 d7e6 f3g2 g7g5
info depth 8 seldepth 8 multipv 1 score cp -176 nodes 632 nps 632000 hashfull 0 tbhits 0 time 1 pv e4e6 d7e6 f3g2 h2g1 g2g1 e6e5
info depth 9 seldepth 9 multipv 1 score cp -155 nodes 841 nps 841000 hashfull 0 tbhits 0 time 1 pv e4e6 d7e6 f3g2 h2g1 g2g1 h8g8
info depth 10 seldepth 12 multipv 1 score cp -80 nodes 1617 nps 1617000 hashfull 0 tbhits 0 time 1 pv e4e6 d7e6 f3g2 h2g1 g2g1 h8g8
info depth 11 seldepth 11 multipv 1 score cp -61 nodes 4733 nps 1577666 hashfull 0 tbhits 0 time 3 pv e4e6 d7e6 f3g2 h2g1 g2g1 e6e5
info depth 12 seldepth 12 multipv 1 score cp -3 nodes 11030 nps 1838333 hashfull 2 tbhits 0 time 6 pv e4e6 d7e6 f3g2 e6e5
info depth 13 seldepth 9 multipv 1 score cp -11 nodes 25617 nps 2134750 hashfull 4 tbhits 0 time 12 pv e4e6 d7e6 f3g2 e6e5 a2a4 e5e4 a4a5 e4e3
bestmove e4e6 ponder d7e6
info string NNUE evaluation using nn-134a887f4c8f.nnue (109MiB, (86896, 1024, 32, 32, 1))
info string Network replica 1: Shared memory.
info depth 1 seldepth 4 multipv 1 score cp 213 nodes 13 nps 13000 hashfull 0 tbhits 0 time 1 pv e5f5 c5d5
info depth 2 seldepth 3 multipv 1 score cp 213 nodes 30 nps 30000 hashfull 0 tbhits 0 time 1 pv e5f5 c5d5
info depth 3 seldepth 4 multipv 1 score cp 249 nodes 64 nps 64000 hashfull 0 tbhits 0 time 1 pv e5f5 c5d5
info depth 4 seldepth 4 multipv 1 score cp 251 nodes 87 nps 87000 hashfull 0 tbhits 0 time 1 pv e5f5 c5d5 f5g6
info depth 5 seldepth 6 multipv 1 score cp 215 nodes 228 nps 228000 hashfull 0 tbhits 0 time 1 pv d5d6 c7d6 e5f5 d6d5 f5g6
info depth 6 seldepth 10 multipv 1 score cp 205 nodes 454 nps 454000 hashfull 0 tbhits 0 time 1 pv d5d6 c7d6 e5f5 c5b5
info depth 7 seldepth 8 multipv 1 score cp 245 nodes 594 nps 594000 hashfull 0 tbhits 0 time 1 pv d5d6 c7d6 e5f5 d6d5
info depth 8 seldepth 10 multipv 1 score cp 245 nodes 672 nps 672000 hashfull 0 tbhits 0 time 1 pv d5d6 c7d6 e5f5 d6d5 f5g6 d5d4 g6h5 c5d5
info depth 9 seldepth 11 multipv 1 score cp 255 nodes 1005 nps 1005000 hashfull 0 tbhits 0 time 1 pv e5f5 c5d5 f5g6 d5e4 g6h5 e4f5
info depth 10 seldepth 19 multipv 1 score cp 233 nodes 3697 nps 1848500 hashfull 1 tbhits 0 time 2 pv d5d6 c7d6 e5f5 c5d5 f5g5 d5e4 g5h5 e4f5 h5h6 f5f6 h6h7 f6f7 h4h5 f7f6
info depth 11 seldepth 23 multipv 1 score cp 269 nodes 5850 nps 1950000 hashfull 1 tbhits 0 time 3 pv d5d6 c7d6 e5f5 c5d5 f5g5 d5e4 g5h5 e4d3
info depth 12 seldepth 21 multipv 1 score cp 334 nodes 11252 nps 2250400 hashfull 1 tbhits 0 time 5 pv d5d6 c7d6 e5f5 c5d5 f5g5 d5e4 g5h5 e4f5
info depth 13 seldepth 17 multipv 1 score cp 337 nodes 11442 nps 2288400 hashfull 1 tbhits 0 time 5 pv d5d6 c7d6 e5f5 c5d5 f5g5 d5e4 g5h5 e4f5 h5h6 f5f6 h6h7 f6f7 h4h5 d6d5
bestmove d5d6 ponder c7d6
info string NNUE evaluation using nn-134a887f4c8f.nnue (109MiB, (86896, 1024, 32, 32, 1))
info string Network replica 1: Shared memory.
info depth 1 seldepth 3 multipv 1 score cp -252 nodes 13 nps 13000 hashfull 0 tbhits 0 time 1 pv f5f6 g7f6
info depth 2 seldepth 3 multipv 1 score cp -252 nodes 54 nps 54000 hashfull 0 tbhits 0 time 1 pv f5f6 g7f6
info depth 3 seldepth 4 multipv 1 score cp -190 nodes 98 nps 98000 hashfull 0 tbhits 0 time 1 pv f5f6 g7f6
info depth 4 seldepth 4 multipv 1 score cp -189 nodes 152 nps 152000 hashfull 0 tbhits 0 time 1 pv f5f6 g7f6 f2f4
info depth 5 seldepth 6 multipv 1 score cp -194 nodes 188 nps 188000 hashfull 0 tbhits 0 time 1 pv f5f6 g7f6 f2f4 f6f5
info depth 6 seldepth 7 multipv 1 score cp -138 nodes 338 nps 338000 hashfull 0 tbhits 0 time 1 pv f5f6 g7f6 f2f4 c4d4
info depth 7 seldepth 9 multipv 1 score cp -115 nodes 502 nps 502000 hashfull 0 tbhits 0 time 1 pv f5f6 g7f6 f2f4 c4d4
info depth 8 seldepth 9 multipv 1 score cp -107 nodes 657 nps 657000 hashfull 0 tbhits 0 time 1 pv f5f6 g7f6 f2f4 c4d4 g4g5 f6g5 f4g5
info depth 9 seldepth 9 multipv 1 score cp -5 nodes 1423 nps 1423000 hashfull 0 tbhits 0 time 1 pv f5f6 g7f6 f2f4 c4d5 g4g5 f6g5 f4g5
info depth 10 seldepth 10 multipv 1 score cp 10 nodes 1878 nps 1878000 hashfull 0 tbhits 0 time 1 pv f5f6 g7f6 f2f4 c4d5
info depth 11 seldepth 9 multipv 1 score cp 18 nodes 2178 nps 2178000 hashfull 0 tbhits 0 time 1 pv f5f6 g7f6 f2f4 c4d4
info depth 12 seldepth 15 multipv 1 score cp 57 nodes 3168 nps 3168000 hashfull 0 tbhits 0 time 1 pv f5f6 g7f6 f2f4 c4c5
info depth 13 seldepth 9 multipv 1 score cp 85 nodes 5020 nps 2510000 hashfull 0 tbhits 0 time 2 pv f5f6 g7f6 f2f4 b7b5
bestmove f5f6 ponder g7f6
info string NNUE evaluation using nn-134a887f4c8f.nnue (109MiB, (86896, 1024, 32, 32, 1))
info string Network replica 1: Shared memory.
info depth 1 seldepth 3 multipv 1 score cp 64 nodes 11 nps 11000 hashfull 0 tbhits 0 time 1 pv g3g2
info depth 2 seldepth 5 multipv 1 score cp 98 nodes 111 nps 111000 hashfull 0 tbhits 0 time 1 pv f4f5 e6f5
info depth 3 seldepth 3 multipv 1 score cp 59 nodes 151 nps 151000 hashfull 0 tbhits 0 time 1 pv f4f5 e6f5
info depth 4 seldepth 4 multipv 1 score cp 85 nodes 172 nps 172000 hashfull 0 tbhits 0 time 1 pv f4f5 e6f5
info depth 5 seldepth 5 multipv 1 score cp 126 nodes 204 nps 204000 hashfull 0 tbhits 0 time 1 pv f4f5 e6f5
info depth 6 seldepth 5 multipv 1 score cp 157 nodes 240 nps 240000 hashfull 0 tbhits 0 time 1 pv f4f5 e6f5
info depth 7 seldepth 6 multipv 1 score cp 183 nodes 348 nps 348000 hashfull 0 tbhits 0 time 1 pv f4f5 e7e8
info depth 8 seldepth 8 multipv 1 score cp 266 nodes 1108 nps 1108000 hashfull 0 tbhits 0 time 1 pv f4f5 e7e8 g3f4 e6f5
info depth 9 seldepth 15 multipv 1 score cp 256 nodes 2366 nps 1183000 hashfull 0 tbhits 0 time 2 pv f4f5 e6f5 g3f4 e7e6 f4f5 e6g6 e5e6 g6g4
info depth 10 seldepth 11 multipv 1 score cp 267 nodes 3790 nps 1263333 hashfull 0 tbhits 0 time 3 pv f4f5 g7h6 g3f4 e7g7 f5e6 g7g4 f4f5 h6g7 e6e7
info depth 11 seldepth 19 multipv 1 score cp 284 nodes 7297 nps 1216166 hashfull 1 tbhits 0 time 6 pv f4f5 g7h6 g3f4 e7g7 f5e6 g7g4 f4f5 h6g7 h3f3 g4d4
info depth 12 seldepth 19 multipv 1 score cp 309 nodes 18204 nps 1300285 hashfull 3 tbhits 0 time 14 pv f4f5 e6f5 g3f4 e7e6 f4f5 g7f7 h3g3 a7a6 f5g5
info depth 13 seldepth 24 multipv 1 score cp 321 nodes 26563 nps 1264904 hashfull 5 tbhits 0 time 21 pv f4f5 g7h6 g3f4 e7g7 f5e6 g7g4 f4f5 h6g7 h3f3 b7b6 f3c3 g4d4 c3c6 g7f8 e6e7 f8e7
bestmove f4f5 ponder g7h6
info string NNUE evaluation using nn-134a887f4c8f.nnue (109MiB, (86896, 1024, 32, 32, 1))
info string Network replica 1: Shared memory.
info depth 1 seldepth 3 multipv 1 score cp 52 nodes 11 nps 11000 hashfull 0 tbhits 0 time 1 pv c6b7
info depth 2 seldepth 5 multipv 1 score cp 96 nodes 29 nps 29000 hashfull 0 tbhits 0 time 1 pv c6b7
info depth 3 seldepth 2 multipv 1 score cp 96 nodes 39 nps 39000 hashfull 0 tbhits 0 time 1 pv c6b7
info depth 4 seldepth 7 multipv 1 score cp 64 nodes 322 nps 322000 hashfull 0 tbhits 0 time 1 pv d6c7 f1g2
info depth 5 seldepth 7 multipv 1 score cp 70 nodes 477 nps 477000 hashfull 0 tbhits 0 time 1 pv c6b7 f1e2
info depth 6 seldepth 5 multipv 1 score cp 74 nodes 505 nps 505000 hashfull 0 tbhits 0 time 1 pv c6b7 f1e2 d6c6 e2d1
info depth 7 seldepth 7 multipv 1 score cp 85 nodes 588 nps 588000 hashfull 0 tbhits 0 time 1 pv c6b7 f1e2 d6c6 e2d1
info depth 8 seldepth 7 multipv 1 score cp 81 nodes 612 nps 612000 hashfull 0 tbhits 0 time 1 pv c6b7 f1e2 d6c6 e2d1 c6c7 b4c5
info depth 9 seldepth 10 multipv 1 score cp 84 nodes 1118 nps 1118000 hashfull 0 tbhits 0 time 1 pv c6b7 f1g2 d6c6 g2h1 b7c8 h1g2 d7d5 e4e5
info depth 10 seldepth 13 multipv 1 score cp 84 nodes 1733 nps 1733000 hashfull 0 tbhits 0 time 1 pv c6b7 f1e2 d6c6 e2d1 b7c8 d1e2 d7d5 e4e5
info depth 11 seldepth 11 multipv 1 score cp 84 nodes 1849 nps 1849000 hashfull 1 tbhits 0 time 1 pv c6b7 f1e2 d6c6 e2d1 b7c8 d1e2 d7d5 e4e5 c8e6 e2d1
info depth 12 seldepth 19 multipv 1 score cp 98 nodes 2953 nps 1476500 hashfull 1 tbhits 0 time 2 pv c6b7 f1e2 d6c6 e2d1 b7c8 d1e2 d7d5 e4d5 c6d5
info depth 13 seldepth 17 multipv 1 score cp 110 nodes 3433 nps 1716500 hashfull 1 tbhits 0 time 2 pv c6b7 f1e2 d6c6 e2d1 b7c8 d1e2 d7d5 e4e5
bestmove c6b7 ponder f1e2
info string NNUE evaluation using nn-134a887f4c8f.nnue (109MiB, (86896, 1024, 32, 32, 1))
info string Network replica 1: Shared memory.
info depth 1 seldepth 3 multipv 1 score cp -113 nodes 21 nps 21000 hashfull 0 tbhits 0 time 1 pv h4h3
info depth 2 seldepth 3 multipv 1 score cp -76 nodes 45 nps 45000 hashfull 0 tbhits 0 time 1 pv h4h3
info depth 3 seldepth 3 multipv 1 score cp -72 nodes 76 nps 76000 hashfull 0 tbhits 0 time 1 pv h4h3
info depth 4 seldepth 5 multipv 1 score cp -55 nodes 188 nps 188000 hashfull 0 tbhits 0 time 1 pv a4a3
info depth 5 seldepth 5 multipv 1 score cp -46 nodes 245 nps 245000 hashfull 0 tbhits 0 time 1 pv a4a3
info depth 6 seldepth 7 multipv 1 score cp -43 nodes 471 nps 471000 hashfull 0 tbhits 0 time 1 pv h4h3 h7h6 a4a3 h6h3
info depth 7 seldepth 8 multipv 1 score cp -44 nodes 653 nps 653000 hashfull 0 tbhits 0 time 1 pv h4h3 h7h6 a4a3 h6h3
info depth 8 seldepth 7 multipv 1 score cp -39 nodes 804 nps 804000 hashfull 0 tbhits 0 time 1 pv h4h3 h7h6 a4a3 h6h3
info depth 9 seldepth 9 multipv 1 score cp -30 nodes 1077 nps 1077000 hashfull 0 tbhits 0 time 1 pv h4h3 h7h6 a4a3 h6h3 c4a4
info depth 10 seldepth 9 multipv 1 score cp -20 nodes 1742 nps 1742000 hashfull 0 tbhits 0 time 1 pv h4h3 h7h6 a4a3 h6h3
info depth 11 seldepth 13 multipv 1 score cp -19 nodes 3348 nps 1674000 hashfull 0 tbhits 0 time 2 pv h4h3 h7h6 a4a3 h6h8 f8e7 h8h7 e7e8
info depth 12 seldepth 14 multipv 1 score cp -17 nodes 4397 nps 2198500 hashfull 0 tbhits 0 time 2 pv h4h3 h7h6 a4a3 h6h8 f8e7 h8h7 e7e8 h7h3 c4a4
info depth 13 seldepth 15 multipv 1 score cp -11 nodes 5697 nps 1899000 hashfull 1 tbhits 0 time 3 pv h4h3 h7h6 a4a3 h6h8 f8e7 h8h7 e7e8 h7h3
bestmove h4h3 ponder h7h6
info string NNUE evaluation using nn-134a887f4c8f.nnue (109MiB, (86896, 1024, 32, 32, 1))
info string Network replica 1: Shared memory.
info depth 1 seldepth 3 multipv 1 score cp 39 nodes 30 nps 30000 hashfull 0 tbhits 0 time 1 pv e1e8 g8f7
info depth 2 seldepth 3 multipv 1 score cp 39 nodes 135 nps 135000 hashfull 0 tbhits 0 time 1 pv e1e4
info depth 3 seldepth 5 multipv 1 score cp 45 nodes 187 nps 187000 hashfull 0 tbhits 0 time 1 pv e1e4
info depth 4 seldepth 4 multipv 1 score cp 45 nodes 224 nps 224000 hashfull 0 tbhits 0 time 1 pv e1e4 a5c5
info depth 5 seldepth 5 multipv 1 score cp 57 nodes 317 nps 317000 hashfull 0 tbhits 0 time 1 pv e1e4
info depth 6 seldepth 5 multipv 1 score cp 68 nodes 388 nps 388000 hashfull 0 tbhits 0 time 1 pv e1e4 a5c5
info depth 7 seldepth 7 multipv 1 score cp 35 nodes 2001 nps 1000500 hashfull 0 tbhits 0 time 2 pv e1b1 b2e5 c5d7 e5d4
info depth 8 seldepth 10 multipv 1 score cp 71 nodes 2608 nps 869333 hashfull 0 tbhits 0 time 3 pv e1e4 a5c5 e4e8 g8f7
info depth 9 seldepth 7 multipv 1 score cp 70 nodes 2756 nps 918666 hashfull 0 tbhits 0 time 3 pv e1e4 a5c5 e4e8 g8h7
info depth 10 seldepth 10 multipv 1 score cp 89 nodes 3258 nps 1086000 hashfull 0 tbhits 0 time 3 pv e1e4 a5c5 e4e8 g8f7
info depth 11 seldepth 9 multipv 1 score cp 126 nodes 4351 nps 1087750 hashfull 0 tbhits 0 time 4 pv e1e4 a5c5 e4e8 g8f7 a6a7 f7e8 a7a8q e8f7
info depth 12 seldepth 12 multipv 1 score cp 156 nodes 8302 nps 1186000 hashfull 1 tbhits 0 time 7 pv e1e4 a5c5 e4e8 g8f7 a6a7 f7e8 a7a8q e8d7
info depth 13 seldepth 11 multipv 1 score cp 159 nodes 10059 nps 1257375 hashfull 2 tbhits 0 time 8 pv e1e4 a5c5 e4e8 g8f7 a6a7 f7e8 a7a8q e8f7
bestmove e1e4 ponder a5c5
info string NNUE evaluation using nn-134a887f4c8f.nnue (109MiB, (86896, 1024, 32, 32, 1))
info string Network replica 1: Shared memory.
info depth 1 seldepth 4 multipv 1 score cp 279 nodes 43 nps 43000 hashfull 0 tbhits 0 time 1 pv g3g4
info depth 2 seldepth 3 multipv 1 score cp 336 nodes 78 nps 78000 hashfull 0 tbhits 0 time 1 pv g3g4 f8g7
info depth 3 seldepth 3 multipv 1 score cp 336 nodes 113 nps 113000 hashfull 0 tbhits 0 time 1 pv g3g4 f8g7
info depth 4 seldepth 8 multipv 1 score cp 275 nodes 374 nps 374000 hashfull 0 tbhits 0 time 1 pv c4e4 f4g3 e4g6 e7g5
info depth 5 seldepth 8 multipv 1 score cp 275 nodes 421 nps 421000 hashfull 0 tbhits 0 time 1 pv c4e4 f4g3 e4g6 e7g5
info depth 6 seldepth 8 multipv 1 score cp 404 nodes 737 nps 737000 hashfull 0 tbhits 0 time 1 pv c4e4 f4g3 e4g6 e7g5
info depth 7 seldepth 8 multipv 1 score cp 438 nodes 953 nps 953000 hashfull 0 tbhits 0 time 1 pv c4e4 f4g3 e4g6 e7g5
info depth 8 seldepth 10 multipv 1 score cp 292 nodes 1946 nps 973000 hashfull 0 tbhits 0 time 2 pv g3g4
info depth 9 seldepth 18 multipv 1 score cp 280 nodes 5916 nps 986000 hashfull 1 tbhits 0 time 6 pv d5e6 b8e8 c6c7 f4g3 e2f1 g3g2 f1g2
info depth 10 seldepth 16 multipv 1 score cp 281 nodes 10953 nps 912750 hashfull 3 tbhits 0 time 12 pv d5e6 b8e8 c6c7 f4g3 e2f1 d6d5
info depth 11 seldepth 18 multipv 1 score cp 328 nodes 19729 nps 986450 hashfull 4 tbhits 0 time 20 pv d5e6 e5e4 c6c7 e4d3 e2d3 b8e8 c7c8r e7h7 d3d4
info depth 12 seldepth 19 multipv 1 score cp 305 nodes 42571 nps 1013595 hashfull 10 tbhits 0 time 42 pv d5e6 d6d5 c4d5 b8d8 d5e5 h6g7 e5f4 g7f6 f4c4
info depth 13 seldepth 18 multipv 1 score cp 317 nodes 50052 nps 1042750 hashfull 13 tbhits 0 time 48 pv d5e6 e7c7 d1c3 f8g7 g3f4 h6f4 c4e4 b8f8 e4g2 g7h6 c3b5 c7a5 g2h3 h6g7
bestmove d5e6 ponder e7c7
info string NNUE evaluation using nn-134a887f4c8f.nnue (109MiB, (86896, 1024, 32, 32, 1))
info string Network replica 1: Shared memory.
info depth 1 seldepth 3 multipv 1 score cp 214 nodes 25 nps 25000 hashfull 0 tbhits 0 time 1 pv a5a6
info depth 2 seldepth 4 multipv 1 score cp 246 nodes 57 nps 57000 hashfull 0 tbhits 0 time 1 pv a5a6
info depth 3 seldepth 4 multipv 1 score cp 275 nodes 93 nps 93000 hashfull 0 tbhits 0 time 1 pv a5a6
info depth 4 seldepth 4 multipv 1 score cp 186 nodes 203 nps 203000 hashfull 0 tbhits 0 time 1 pv a5a6 b3b8 e3e4
info depth 5 seldepth 7 multipv 1 score cp 218 nodes 348 nps 348000 hashfull 0 tbhits 0 time 1 pv a5a6 b3b1 g1g2 b1b8 e3e4
info depth 6 seldepth 6 multipv 1 score cp 218 nodes 387 nps 387000 hashfull 0 tbhits 0 time 1 pv a5a6 b3b1 g1g2 b1b8 e3e4
info depth 7 seldepth 8 multipv 1 score cp 262 nodes 651 nps 651000 hashfull 0 tbhits 0 time 1 pv a5a6 b3b8 f2f4 e5f6 g1f2 b8a8
info depth 8 seldepth 11 multipv 1 score cp 227 nodes 1075 nps 1075000 hashfull 0 tbhits 0 time 1 pv f2f4 b3b1 g1f2 b1b2 f4e5 b2d2 f2e1 d2d5
info depth 9 seldepth 11 multipv 1 score cp 217 nodes 1267 nps 633500 hashfull 0 tbhits 0 time 2 pv f2f4 e5h8 a5a6 b3b8 g1f2
info depth 10 seldepth 13 multipv 1 score cp 205 nodes 1676 nps 838000 hashfull 0 tbhits 0 time 2 pv a5a6 b3b8 f2f4 e5h8 a6a7 b8a8 g1f2 g8f8 f2e2 f8e8 e2d3 e8d7
info depth 11 seldepth 13 multipv 1 score cp 231 nodes 2163 nps 1081500 hashfull 0 tbhits 0 time 2 pv f2f4 e5f6 a5a6 b3b8 d2a5 b8a8 a5c7 g8f8 a6a7
info depth 12 seldepth 21 multipv 1 score cp 228 nodes 4713 nps 942600 hashfull 1 tbhits 0 time 5 pv a5a6 b3b8 f2f4 e5b2 g1f2 g8f8 f2e2 f8e8 e2d3 b8a8 d3c4 e8d7
info depth 13 seldepth 25 multipv 1 score cp 256 nodes 17671 nps 1039470 hashfull 4 tbhits 0 time 17 pv a5a6 b3b8 f2f4 e5b2 d2a5 b8a8 a5c7 c5c4 c7b6 c4c3 b6d4 b2c1 a6a7 c3c2 a4c4 c1a3 c4c2 a3c5
bestmove a5a6 ponder b3b8
info string NNUE evaluation using nn-134a887f4c8f.nnue (109MiB, (86896, 1024, 32, 32, 1))
info string Network replica 1: Shared memory.
info depth 1 seldepth 3 multipv 1 score cp -8 nodes 9 nps 9000 hashfull 0 tbhits 0 time 1 pv b3a4 a2a3
info depth 2 seldepth 3 multipv 1 score cp -8 nodes 18 nps 18000 hashfull 0 tbhits 0 time 1 pv b3a4 a2a3
info depth 3 seldepth 5 multipv 1 score cp -5 nodes 44 nps 44000 hashfull 0 tbhits 0 time 1 pv b3a4 a2a3
info depth 4 seldepth 5 multipv 1 score cp -3 nodes 64 nps 64000 hashfull 0 tbhits 0 time 1 pv b3a4 a2a3
info depth 5 seldepth 5 multipv 1 score cp 4 nodes 126 nps 126000 hashfull 0 tbhits 0 time 1 pv b3a4 a2a3
info depth 6 seldepth 5 multipv 1 score cp 8 nodes 175 nps 175000 hashfull 0 tbhits 0 time 1 pv b3a4 a2a3
info depth 7 seldepth 6 multipv 1 score cp 14 nodes 251 nps 251000 hashfull 0 tbhits 0 time 1 pv b3a4 a2a3
info depth 8 seldepth 7 multipv 1 score cp 19 nodes 406 nps 406000 hashfull 0 tbhits 0 time 1 pv b3a4 d7d5
info depth 9 seldepth 5 multipv 1 score cp 39 nodes 609 nps 609000 hashfull 0 tbhits 0 time 1 pv b3a4
info depth 10 seldepth 7 multipv 1 score cp 42 nodes 772 nps 772000 hashfull 0 tbhits 0 time 1 pv b3a4 a2a3 a4a5 a3a4 a5a6 a4b5
info depth 11 seldepth 10 multipv 1 score cp 62 nodes 1156 nps 1156000 hashfull 0 tbhits 0 time 1 pv b3a4 a2a3 a4a5 a3a4
info depth 12 seldepth 13 multipv 1 score cp 178 nodes 3378 nps 1689000 hashfull 0 tbhits 0 time 2 pv b3a4 a2a3 a4a5 a3b4 a5a6 h3g4 g1f2
info depth 13 seldepth 13 multipv 1 score cp 141 nodes 4978 nps 1659333 hashfull 1 tbhits 0 time 3 pv b3a4 h3g4 g1f2 a2a3 a4a5 g4d1 a5a6 d1b3 a6a7 b3d5 f2e3
bestmove b3a4 ponder h3g4
info string NNUE evaluation using nn-134a887f4c8f.nnue (109MiB, (86896, 1024, 32, 32, 1))
info string Network replica 1: Shared memory.
info depth 1 seldepth 3 multipv 1 score cp 51 nodes 45 nps 45000 hashfull 0 tbhits 0 time 1 pv a3a4 b5a4
info depth 2 seldepth 3 multipv 1 score cp 51 nodes 129 nps 129000 hashfull 0 tbhits 0 time 1 pv a3a4 b5a4
info depth 3 seldepth 6 multipv 1 score cp 57 nodes 221 nps 221000 hashfull 0 tbhits 0 time 1 pv g3d6 f5f2 e3f2 f8f2 b2c3
info depth 4 seldepth 6 multipv 1 score cp 57 nodes 286 nps 286000 hashfull 0 tbhits 0 time 1 pv g3d6 f5f2 e3f2 f8f2 b2c3
info depth 5 seldepth 6 multipv 1 score cp 57 nodes 480 nps 480000 hashfull 0 tbhits 0 time 1 pv h6h4 f5f3 g3d6
info depth 6 seldepth 10 multipv 1 score cp 60 nodes 1149 nps 1149000 hashfull 0 tbhits 0 time 1 pv a3a4 b5a4
info depth 7 seldepth 8 multipv 1 score cp 65 nodes 1266 nps 633000 hashfull 0 tbhits 0 time 2 pv a3a4 b5a4 g3d6 a7b7
info depth 8 seldepth 10 multipv 1 score cp 39 nodes 4185 nps 1046250 hashfull 1 tbhits 0 time 4 pv g3h2 f5f7 a1h1 f7g7 h6h4
info depth 9 seldepth 21 multipv 1 score cp 31 nodes 14154 nps 1179500 hashfull 3 tbhits 0 time 12 pv g3h2 f5f7 h2d6 f7f2 e3f2 f8f2 b2c3 f2f3 c3d2 a7f7 d6b8 g8g7 b8e5 g7g8 a1h1 f3a3 h6g6 f7g6 e5b8 g8g7
info depth 10 seldepth 12 multipv 1 score cp 25 nodes 14825 nps 1140384 hashfull 3 tbhits 0 time 13 pv g3h2 f5f7 h2d6 f7f2 e3f2 f8f2 b2c3 f2f3 c3d2
info depth 11 seldepth 19 multipv 1 score cp 21 nodes 17600 nps 1173333 hashfull 4 tbhits 0 time 15 pv g3h2 f5f7 h2d6 f7f2 e3f2 f8f2 b2c3 f2f3 c3d2 a7f7 d6b8 g8g7 b8e5 g7f8 e5h8 f8e7
info depth 12 seldepth 15 multipv 1 score cp 21 nodes 18203 nps 1213533 hashfull 4 tbhits 0 time 15 pv g3h2 f5f7 h2d6 f7f2 e3f2 f8f2 b2c3 f2f3 c3d2 a7f7 d6b8 g8g7 b8e5 g7f8
info depth 13 seldepth 24 multipv 1 score cp 0 nodes 69699 nps 1142606 hashfull 16 tbhits 0 time 61 pv g3h2 f8f7 a1h1 f7g7 h2d6 a7b7 b2a2
bestmove g3h2 ponder f8f7
info string NNUE evaluation using nn-134a887f4c8f.nnue (109MiB, (86896, 1024, 32, 32, 1))
info string Network replica 1: Shared memory.
info depth 1 seldepth 6 multipv 1 score cp 75 nodes 67 nps 67000 hashfull 0 tbhits 0 time 1 pv f3d5 g4e6
info depth 2 seldepth 7 multipv 1 score cp -106 nodes 1026 nps 1026000 hashfull 0 tbhits 0 time 1 pv h1h2 c5d4
info depth 3 seldepth 4 multipv 1 score cp -106 nodes 1171 nps 1171000 hashfull 0 tbhits 0 time 1 pv f3d5 g8g7
info depth 4 seldepth 7 multipv 1 score cp -96 nodes 1290 nps 1290000 hashfull 0 tbhits 0 time 1 pv h1h2 c5d4
info depth 5 seldepth 7 multipv 1 score cp -85 nodes 1382 nps 1382000 hashfull 0 tbhits 0 time 1 pv h1h2 c5d4
info depth 6 seldepth 7 multipv 1 score cp -81 nodes 1469 nps 1469000 hashfull 0 tbhits 0 time 1 pv h1h2 c5d4 f3d5 g8g7
info depth 7 seldepth 8 multipv 1 score cp -60 nodes 1675 nps 1675000 hashfull 0 tbhits 0 time 1 pv h1h2 c5d4 f3d5 g4e6
info depth 8 seldepth 16 multipv 1 score cp -156 nodes 6477 nps 1079500 hashfull 1 tbhits 0 time 6 pv h1h2 c5d4 f3d5 g8h8 g1f3 d7c5 d3g6 e7g7 g6g5 g7g5 d2g5 f8f3 d5f3 g4f3 g5h4
info depth 9 seldepth 16 multipv 1 score cp -86 nodes 9518 nps 1057555 hashfull 2 tbhits 0 time 9 pv h1h2 c5d4 d2b4 e7h7 f3d5 g8h8 d3d4 f8f4 d4d2 e8e5
info depth 10 seldepth 11 multipv 1 score cp -86 nodes 9674 nps 967400 hashfull 2 tbhits 0 time 10 pv h1h2 c5d4 d2b4 e7h7 f3d5 g8h8 d3d4 f8f4 d4d2
info depth 11 seldepth 28 multipv 1 score cp -86 nodes 25863 nps 923678 hashfull 11 tbhits 0 time 28 pv h1h2 f8f5 f3d5 g8g7 g1f3 g4f3 d5f3 g5g4
info depth 12 seldepth 18 multipv 1 score cp -75 nodes 27917 nps 930566 hashfull 11 tbhits 0 time 30 pv h1h2 f8f5 f3d5 g8g7 g1h3 c5d4 d3d4 g3f1
info depth 13 seldepth 35 multipv 1 score cp -100 nodes 65490 nps 909583 hashfull 21 tbhits 0 time 72 pv h1h2 c5d4 d2b4 e7h7 f3d5 g8h8 d3h7 h8h7 b4f8 d7f8 d5b7 f8g6 b7a6 h7h6 a2a4 e8a8
bestmove h1h2 ponder c5d4
info string NNUE evaluation using nn-134a887f4c8f.nnue (109MiB, (86896, 1024, 32, 32, 1))
info string Network replica 1: Shared memory.
info depth 1 seldepth 5 multipv 1 score cp 164 nodes 43 nps 43000 hashfull 10 tbhits 0 time 1 pv f4f5 e6f5 g4f5
info depth 2 seldepth 5 multipv 1 score cp 164 nodes 84 nps 84000 hashfull 10 tbhits 0 time 1 pv f4f5 e6f5 g4f5
info depth 3 seldepth 5 multipv 1 score cp 164 nodes 147 nps 147000 hashfull 10 tbhits 0 time 1 pv f4f5 e6f5 g4f5
info depth 4 seldepth 6 multipv 1 score cp 107 nodes 400 nps 400000 hashfull 10 tbhits 0 time 1 pv f4f5 e8g8 f5g6 e7g6
info depth 5 seldepth 6 multipv 1 score cp 65 nodes 1388 nps 694000 hashfull 10 tbhits 0 time 2 pv f3g5
info depth 6 seldepth 10 multipv 1 score cp 99 nodes 2148 nps 1074000 hashfull 10 tbhits 0 time 2 pv f4f5 e8g8 a1c1 f8c8 f5e6 f7e6
info depth 7 seldepth 8 multipv 1 score cp 120 nodes 2392 nps 797333 hashfull 10 tbhits 0 time 3 pv f4f5 e8g8
info depth 8 seldepth 8 multipv 1 score cp 133 nodes 2624 nps 874666 hashfull 10 tbhits 0 time 3 pv f4f5 a8c8 e3g5 d6d5 a1c1 c8c1 d1c1
info depth 9 seldepth 13 multipv 1 score cp 103 nodes 7222 nps 902750 hashfull 10 tbhits 0 time 8 pv f4f5 e8g8 d1d2 e6f5 g4f5 d6d5
info depth 10 seldepth 13 multipv 1 score cp 118 nodes 8699 nps 869900 hashfull 12 tbhits 0 time 10 pv f4f5 e6f5 g4f5 e8g8 d1d2 a8c8 e3h6 d6d5 h6g7 g8g7
info depth 11 seldepth 15 multipv 1 score cp 133 nodes 10960 nps 913333 hashfull 12 tbhits 0 time 12 pv f4f5 h7h6 d1d2 d7f6 f5e6 f7e6
info depth 12 seldepth 15 multipv 1 score cp 139 nodes 13393 nps 892866 hashfull 14 tbhits 0 time 15 pv f4f5 e8g8 d1d2 e7c6 e3h6 e6e5 d2g5 e5d4 h6g7 g8g7
info depth 13 seldepth 24 multipv 1 score cp 108 nodes 28521 nps 838852 hashfull 23 tbhits 0 time 34 pv f4f5 e8g8 d1d2 b4b3 e3h6 a8c8 d2g5 f7f6 g5e3 e6e5 e3b3 a6c4
bestmove f4f5 ponder e8g8
info string NNUE evaluation using nn-134a887f4c8f.nnue (109MiB, (86896, 1024, 32, 32, 1))
info string Network replica 1: Shared memory.
info depth 1 seldepth 2 multipv 1 score cp -134 nodes 33 nps 33000 hashfull 12 tbhits 0 time 1 pv h4h3
info depth 2 seldepth 3 multipv 1 score cp -163 nodes 301 nps 301000 hashfull 12 tbhits 0 time 1 pv h4h3 g2g3
info depth 3 seldepth 6 multipv 1 score cp -184 nodes 636 nps 636000 hashfull 12 tbhits 0 time 1 pv h4h3 g2g4
info depth 4 seldepth 8 multipv 1 score cp -224 nodes 1192 nps 1192000 hashfull 13 tbhits 0 time 1 pv h4h3 g2g4 h3h2 b6c8
info depth 5 seldepth 6 multipv 1 score cp -224 nodes 1244 nps 1244000 hashfull 13 tbhits 0 time 1 pv h4h3 g2g4 h3h2 b6c8
info depth 6 seldepth 11 multipv 1 score cp -294 nodes 3227 nps 1075666 hashfull 13 tbhits 0 time 3 pv h4h3 g2g4 f7f5 g5f6 g6f6
info depth 7 seldepth 12 multipv 1 score cp -307 nodes 4216 nps 1054000 hashfull 14 tbhits 0 time 4 pv g8h8 b1c1 h4h3
info depth 8 seldepth 12 multipv 1 score cp -323 nodes 5266 nps 1053200 hashfull 14 tbhits 0 time 5 pv h5h8 b6c8 h4h3
info depth 9 seldepth 12 multipv 1 score cp -262 nodes 5920 nps 986666 hashfull 15 tbhits 0 time 6 pv h4h3 g2g4 g8h7
info depth 10 seldepth 11 multipv 1 score cp -257 nodes 6455 nps 1075833 hashfull 15 tbhits 0 time 6 pv h4h3 g2g4 g8h7 b1g1 h3h2 g1g2 h5h3 d8a8
info depth 11 seldepth 11 multipv 1 score cp -278 nodes 6911 nps 987285 hashfull 15 tbhits 0 time 7 pv h4h3 g2g4 f7f5 g5f6 g6f6 b1g1 h5h7 g1g3 f6f8
info depth 12 seldepth 22 multipv 1 score cp -240 nodes 14234 nps 948933 hashfull 19 tbhits 0 time 15 pv h4h3 g2g4 f7f5 g5f6 g6f6 b1g1 h5h7 e3c5 f6f8 b6c8 e8h5 c8e7 b7e7 d8d6 h5g4 g1g4
info depth 13 seldepth 25 multipv 1 score cp -209 nodes 27001 nps 900033 hashfull 24 tbhits 0 time 30 pv h4h3 g2g4 g8h8 b1c1 f7f5 g5f6 g6f6 c1g1 g7h6
bestmove h4h3 ponder g2g4
info string NNUE evaluation using nn-134a887f4c8f.nnue (109MiB, (86896, 1024, 32, 32, 1))
info string Network replica 1: Shared memory.
info depth 1 seldepth 12 multipv 1 score cp 338 nodes 91 nps 91000 hashfull 45 tbhits 0 time 1 pv d3g3
info depth 2 seldepth 5 multipv 1 score cp 122 nodes 351 nps 351000 hashfull 45 tbhits 0 time 1 pv d3g3 c4b6
info depth 3 seldepth 7 multipv 1 score cp 117 nodes 657 nps 657000 hashfull 45 tbhits 0 time 1 pv b6d7 g3e2
info depth 4 seldepth 5 multipv 1 score cp 119 nodes 710 nps 710000 hashfull 45 tbhits 0 time 1 pv b6d7 g3e2 d7c5
info depth 5 seldepth 7 multipv 1 score cp 139 nodes 989 nps 989000 hashfull 45 tbhits 0 time 1 pv b6d7 g3e2 d7c5 d5e4
info depth 6 seldepth 7 multipv 1 score cp 148 nodes 1093 nps 1093000 hashfull 45 tbhits 0 time 1 pv b6d7 g3e2 d7c5 d5e4
info depth 7 seldepth 10 multipv 1 score cp 169 nodes 1933 nps 966500 hashfull 45 tbhits 0 time 2 pv d3g3 c4b6 d4e5 g6f5
info depth 8 seldepth 9 multipv 1 score cp 173 nodes 2098 nps 1049000 hashfull 45 tbhits 0 time 2 pv d3g3 c4b6 d4e5 g6h5
info depth 9 seldepth 14 multipv 1 score cp 210 nodes 5154 nps 1030800 hashfull 46 tbhits 0 time 5 pv b6d7 g3e2 e4d5 f7f5 d5e6 e2d4 b3c4
info depth 10 seldepth 16 multipv 1 score cp 90 nodes 11235 nps 1021363 hashfull 49 tbhits 0 time 11 pv b6d7 g3e2 c2e2 e8d7 d4e5 e6e5 b3c4 g6f5
info depth 11 seldepth 16 multipv 1 score cp 115 nodes 27295 nps 1049807 hashfull 58 tbhits 0 time 26 pv b6d7 g3e2 d7e5 d5e4 c2c4 f7f5 c4c8 e8e7 b3e6
info depth 12 seldepth 17 multipv 1 score cp 118 nodes 28332 nps 1049333 hashfull 58 tbhits 0 time 27 pv b6d7 g3e2 d7e5 d5e4 c2c4 f7f5 c4c8 e8e7 c8c7 e7d8
info depth 13 seldepth 26 multipv 1 score cp 96 nodes 58725 nps 1067727 hashfull 69 tbhits 0 time 55 pv b6d7 g3e2 d7c5 e2f4 b3a4 e8f8 c5e6 f4e6 e4d5 g6f5 c2c4 f5d3 c4c8 f8e7 d4e5 f7f1 d1d2 e6f4 d5d6 e7e6
bestmove b6d7 ponder g3e2
info string NNUE evaluation using nn-134a887f4c8f.nnue (109MiB, (86896, 1024, 32, 32, 1))
info string Network replica 1: Shared memory.
info depth 1 seldepth 4 multipv 1 score cp -24 nodes 52 nps 52000 hashfull 2 tbhits 0 time 1 pv a5c4
info depth 2 seldepth 3 multipv 1 score cp -25 nodes 138 nps 138000 hashfull 2 tbhits 0 time 1 pv g3b3
info depth 3 seldepth 7 multipv 1 score cp -37 nodes 405 nps 405000 hashfull 2 tbhits 0 time 1 pv g3b3 e4e3 f2e3
info depth 4 seldepth 9 multipv 1 score cp -67 nodes 1137 nps 1137000 hashfull 2 tbhits 0 time 1 pv g3b3 g7h6 d2b4 e4e3
info depth 5 seldepth 9 multipv 1 score cp -54 nodes 1415 nps 1415000 hashfull 2 tbhits 0 time 1 pv g3b3 g7h6
info depth 6 seldepth 9 multipv 1 score cp -72 nodes 1824 nps 1824000 hashfull 2 tbhits 0 time 1 pv g3b3 g7h6 d2b4 e4e3
info depth 7 seldepth 7 multipv 1 score cp -111 nodes 2846 nps 1423000 hashfull 3 tbhits 0 time 2 pv d2b4 d4d3 b4d6 e6d6
info depth 8 seldepth 10 multipv 1 score cp -90 nodes 3424 nps 1141333 hashfull 3 tbhits 0 time 3 pv g3b3 d6c7 d2b4 d4d3
info depth 9 seldepth 10 multipv 1 score cp 8 nodes 4533 nps 1133250 hashfull 3 tbhits 0 time 4 pv g3b3 g7h6 d2b4 d4d3 b4d6 e6d6
info depth 10 seldepth 20 multipv 1 score cp -39 nodes 8090 nps 1155714 hashfull 5 tbhits 0 time 7 pv g3b3 g7h6 d2b4 d6b4 b3b4 h6d2 b4b5 e4e3 f2e3 d4e3 a5c4 e3e2 c4d2 e2e1r b1e1 e6e1 g1h2
info depth 11 seldepth 18 multipv 1 score cp -69 nodes 15033 nps 1073785 hashfull 7 tbhits 0 time 14 pv g3b3 d6c7 b1c1 c7d7 d2f4 g7e5 f4d2 d4d3 b3b4 e5d4
info depth 12 seldepth 20 multipv 1 score cp -35 nodes 29923 nps 1031827 hashfull 10 tbhits 0 time 29 pv g3b3 g7h6 d2b4 d6d7 b4b5 d7b5 b3b5 e4e3 f2e3 d4e3
info depth 13 seldepth 22 multipv 1 score cp -47 nodes 49320 nps 1006530 hashfull 15 tbhits 0 time 49 pv g3b3 g7h6 d2b4 d6d7 b4b5 d7f7 a5c6 e4e3 f2e3 d4e3 b5c4 f7f2 g1h1 e6c6 c4c6 f2h4 h1g1 h6f4 c6e6
bestmove g3b3 ponder g7h6
info string NNUE evaluation using nn-134a887f4c8f.nnue (109MiB, (86896, 1024, 32, 32, 1))
info string Network replica 1: Shared memory.
info depth 1 seldepth 5 multipv 1 score cp 1261 nodes 299 nps 299000 hashfull 2 tbhits 0 time 1 pv e5e6 f6e4
info depth 2 seldepth 4 multipv 1 score cp 1364 nodes 618 nps 618000 hashfull 2 tbhits 0 time 1 pv g3f1 f6e4
info depth 3 seldepth 11 multipv 1 score cp 1279 nodes 2222 nps 740666 hashfull 2 tbhits 0 time 3 pv h1g1 g5f3 e3f3 f6e4 d3e4
info depth 4 seldepth 11 multipv 1 score cp 1283 nodes 2336 nps 778666 hashfull 2 tbhits 0 time 3 pv h1g1 g5f3 e3f3 f6e4 d3e4 e6f5
info depth 5 seldepth 8 multipv 1 score cp 1283 nodes 2425 nps 606250 hashfull 2 tbhits 0 time 4 pv h1g1 g5f3 e3f3 f6e4 d3e4 e6f5
info depth 6 seldepth 8 multipv 1 score cp 1283 nodes 2550 nps 637500 hashfull 2 tbhits 0 time 4 pv h1g1 g5f3 e3f3 f6e4 d3e4 e6f5
info depth 7 seldepth 19 multipv 1 score cp 1273 nodes 3244 nps 648800 hashfull 2 tbhits 0 time 5 pv c5e6 f6e4 e6c7 a8b8 f3e4 e7f5 f4f5
info depth 8 seldepth 17 multipv 1 score cp 1391 nodes 4745 nps 677857 hashfull 3 tbhits 0 time 7 pv f2h3 f6e4
info depth 9 seldepth 15 multipv 1 score cp 1284 nodes 5822 nps 646888 hashfull 3 tbhits 0 time 9 pv h1g1 g5f3 e3f3 f6e4 d4e4
info depth 10 seldepth 13 multipv 1 score cp 1274 nodes 8409 nps 646846 hashfull 3 tbhits 0 time 13 pv c3d5 e7d5 c5e6 f6e4 e6c7 d5c7 f3e4
info depth 11 seldepth 17 multipv 1 score cp 1320 nodes 13011 nps 650550 hashfull 7 tbhits 0 time 20 pv c5e6 f6e4 e6c7 a8b8 f3e4
info depth 12 seldepth 17 multipv 1 score cp 1296 nodes 23381 nps 668028 hashfull 12 tbhits 0 time 35 pv c5e6 c7e6 c3d5 b4d5 f5e6 g5e4 e3e4 f6e4 f4e4
info depth 13 seldepth 18 multipv 1 score cp 1350 nodes 39849 nps 699105 hashfull 16 tbhits 0 time 57 pv d6c4 b6c4 d3c4 g5e4 f5e4 f6e4 f3e4
bestmove d6c4 ponder b6c4
info string NNUE evaluation using nn-134a887f4c8f.nnue (109MiB, (86896, 1024, 32, 32, 1))
info string Network replica 1: Shared memory.
info depth 1 seldepth 13 multipv 1 score cp 636 nodes 243 nps 243000 hashfull 3 tbhits 0 time 1 pv f5g3 e3g3
info depth 2 seldepth 4 multipv 1 score cp 636 nodes 341 nps 341000 hashfull 3 tbhits 0 time 1 pv f5g3 e3g3
info depth 3 seldepth 5 multipv 1 score cp 808 nodes 687 nps 687000 hashfull 3 tbhits 0 time 1 pv a8b7 a1c3
info depth 4 seldepth 5 multipv 1 score cp 572 nodes 804 nps 804000 hashfull 3 tbhits 0 time 1 pv a8b7 a1c3 g5e3
info depth 5 seldepth 7 multipv 1 score cp 1204 nodes 1323 nps 1323000 hashfull 3 tbhits 0 time 1 pv c3c1 e1a5 a8b7
info depth 6 seldepth 9 multipv 1 score cp 758 nodes 1499 nps 749500 hashfull 3 tbhits 0 time 2 pv c3c1 a1e5 a3e3 e1a5 a8b7
info depth 7 seldepth 12 multipv 1 score cp 745 nodes 1671 nps 835500 hashfull 3 tbhits 0 time 2 pv c3c1 a1e5 a3e3 e1a5 a8b7 g1e3 c1d1 e3c5 d1f1 c5g1
info depth 8 seldepth 11 multipv 1 score cp 745 nodes 1821 nps 910500 hashfull 3 tbhits 0 time 2 pv c3c1 a1e5 a3e3 e1a5 a8b7 g1e3 c1d1 e3c5 d1f1 c5g1
info depth 9 seldepth 13 multipv 1 score cp 633 nodes 2262 nps 1131000 hashfull 3 tbhits 0 time 2 pv c3c1 a1e5 a3e3 e1a5 a8b7 g1e3 c1d1 h3h7 b5c7 e3c5 d1f1 c5g1
info depth 10 seldepth 13 multipv 1 score cp 632 nodes 2668 nps 889333 hashfull 3 tbhits 0 time 3 pv c3c1 a1e5 a3e3 e1a5 a8b7 g1e3 c1d1 h3h7 b5c7 e3c5 d1f1 c5g1
info depth 11 seldepth 19 multipv 1 score cp 679 nodes 13552 nps 968000 hashfull 7 tbhits 0 time 14 pv c3e1 a1e5 f5e3 c1c5 a4c5 b1a3
info depth 12 seldepth 13 multipv 1 score cp 631 nodes 14117 nps 1008357 hashfull 7 tbhits 0 time 14 pv c3e1 a1e5 c5c1 a2c1 a3e3 g2e1 e3h3 h1g2 g4e5 g2h3
info depth 13 seldepth 20 multipv 1 score cp 762 nodes 15503 nps 1033533 hashfull 8 tbhits 0 time 15 pv c3e1 a1e5 a3e3 g2e1 e3h3 h1g2 c5c1 a2c1 g4e5 g2h3 d5f4 h3h2 e5g4 h2h1 a5e1 g1h2 g4f2 d1f2
bestmove c3e1 ponder a1e5
info string NNUE evaluation using nn-134a887f4c8f.nnue (109MiB, (86896, 1024, 32, 32, 1))
info string Network replica 1: Shared memory.
info depth 1 seldepth 2 multipv 1 score cp 160 nodes 11 nps 11000 hashfull 10 tbhits 0 time 1 pv b1c2
info depth 2 seldepth 3 multipv 1 score cp 75 nodes 66 nps 66000 hashfull 10 tbhits 0 time 1 pv b1c2 g4g3
info depth 3 seldepth 5 multipv 1 score cp 41 nodes 211 nps 211000 hashfull 10 tbhits 0 time 1 pv d1f2 f4f3 f2d3 f3e3
info depth 4 seldepth 5 multipv 1 score cp 40 nodes 269 nps 269000 hashfull 10 tbhits 0 time 1 pv d1f2 f4f3 f2d3 f3e3
info depth 5 seldepth 7 multipv 1 score cp 60 nodes 803 nps 803000 hashfull 10 tbhits 0 time 1 pv b1c2 g4g3 d1c3 f4f3
info depth 6 seldepth 5 multipv 1 score cp 30 nodes 896 nps 896000 hashfull 10 tbhits 0 time 1 pv b1c2 g4g3 d1c3 f4e3
info depth 7 seldepth 11 multipv 1 score cp 62 nodes 1151 nps 1151000 hashfull 10 tbhits 0 time 1 pv b1c2 g4g3
info depth 8 seldepth 9 multipv 1 score cp 74 nodes 1467 nps 1467000 hashfull 10 tbhits 0 time 1 pv d1f2 g4g3 f2h3 f4f3
info depth 9 seldepth 9 multipv 1 score cp 110 nodes 1700 nps 1700000 hashfull 10 tbhits 0 time 1 pv d1f2 g4g3 f2h3 f4f3
info depth 10 seldepth 9 multipv 1 score cp 127 nodes 1906 nps 1906000 hashfull 10 tbhits 0 time 1 pv d1f2 g4g3 f2h3 f4f3 b1c2
info depth 11 seldepth 15 multipv 1 score cp 54 nodes 10565 nps 2113000 hashfull 12 tbhits 0 time 5 pv d1f2 g4g3 f2h3 f4e3 b1b2 e3d4 b2b3 g3g2 b3b4 d4e5 b4c5 e5e4
info depth 12 seldepth 17 multipv 1 score cp 109 nodes 12638 nps 2106333 hashfull 12 tbhits 0 time 6 pv d1f2 g4g3 f2h3 f4e4 b1b2 e4f3
info depth 13 seldepth 13 multipv 1 score cp 129 nodes 13485 nps 2247500 hashfull 12 tbhits 0 time 6 pv d1f2 g4g3 f2h3 f4e5 b1c2
bestmove d1f2 ponder g4g3
info string NNUE evaluation using nn-134a887f4c8f.nnue (109MiB, (86896, 1024, 32, 32, 1))
info string Network replica 1: Shared memory.
info depth 1 seldepth 2 multipv 1 score cp 27 nodes 17 nps 17000 hashfull 2 tbhits 0 time 1 pv d1e2
info depth 2 seldepth 5 multipv 1 score cp 27 nodes 151 nps 151000 hashfull 2 tbhits 0 time 1 pv c1a2 h1h2
info depth 3 seldepth 5 multipv 1 score cp 32 nodes 214 nps 214000 hashfull 2 tbhits 0 time 1 pv d1e2
info depth 4 seldepth 4 multipv 1 score cp 29 nodes 325 nps 325000 hashfull 2 tbhits 0 time 1 pv d1e2 h1g2 c1a2
info depth 5 seldepth 7 multipv 1 score cp 49 nodes 876 nps 876000 hashfull 2 tbhits 0 time 1 pv c1a2 h1g2 d1e2 g2h3
info depth 6 seldepth 7 multipv 1 score cp 69 nodes 1020 nps 1020000 hashfull 2 tbhits 0 time 1 pv c1a2 h1h2 d1e2 h2h3
info depth 7 seldepth 7 multipv 1 score cp 77 nodes 1174 nps 1174000 hashfull 2 tbhits 0 time 1 pv c1a2 h1h2 d1e2 h2h3
info depth 8 seldepth 9 multipv 1 score cp 21 nodes 2271 nps 1135500 hashfull 2 tbhits 0 time 2 pv c1a2 h1h2 d1e2 h2g2 e2e1
info depth 9 seldepth 11 multipv 1 score cp 65 nodes 2656 nps 1328000 hashfull 2 tbhits 0 time 2 pv c1a2 h1h2 d1e2 h2g2 e2e3 g2h3
info depth 10 seldepth 8 multipv 1 score cp 71 nodes 2786 nps 1393000 hashfull 2 tbhits 0 time 2 pv c1a2 h1h2 d1e2 h2g2 e2e3
info depth 11 seldepth 11 multipv 1 score cp 81 nodes 3023 nps 1511500 hashfull 3 tbhits 0 time 2 pv c1a2 h1g1
info depth 12 seldepth 19 multipv 1 score cp 100 nodes 9259 nps 1543166 hashfull 7 tbhits 0 time 6 pv c1a2 h1h2 d1e2 h2g2 e2e3 g2f1
info depth 13 seldepth 25 multipv 1 score cp 64 nodes 28794 nps 1693764 hashfull 12 tbhits 0 time 17 pv c1a2 h1h2 d1e2 h2g2 e2e3 g2g1 e3f3 g1f1 f5g3 f1g1 g3e2 g1f1 e2d4 f1g1 d4c2 g1f1 c2b4 f1g1 b4d5
bestmove c1a2 ponder h1h2
info string NNUE evaluation using nn-134a887f4c8f.nnue (109MiB, (86896, 1024, 32, 32, 1))
info string Network replica 1: Shared memory.
info depth 1 seldepth 2 multipv 1 score cp 235 nodes 21 nps 21000 hashfull 8 tbhits 0 time 1 pv e2d2
info depth 2 seldepth 3 multipv 1 score cp 239 nodes 107 nps 107000 hashfull 8 tbhits 0 time 1 pv e3h6 d7e6
info depth 3 seldepth 5 multipv 1 score cp 252 nodes 429 nps 429000 hashfull 8 tbhits 0 time 1 pv e3h6 d7e6
info depth 4 seldepth 5 multipv 1 score cp 275 nodes 563 nps 563000 hashfull 8 tbhits 0 time 1 pv e3h6 d7e6 e2d2 e6f5
info depth 5 seldepth 5 multipv 1 score cp 275 nodes 607 nps 607000 hashfull 8 tbhits 0 time 1 pv e3h6 d7e6 e2d2 e6f5
info depth 6 seldepth 7 multipv 1 score cp 257 nodes 743 nps 743000 hashfull 8 tbhits 0 time 1 pv e3h6 d7e6 e2d2 e6f5 d2d3 f5e6
info depth 7 seldepth 9 multipv 1 score cp 367 nodes 1888 nps 1888000 hashfull 8 tbhits 0 time 1 pv e3d4 d7e6 f2g3 e6d7
info depth 8 seldepth 8 multipv 1 score cp 364 nodes 2146 nps 2146000 hashfull 8 tbhits 0 time 1 pv e3d4 d7e6 f2g3 e6f5
info depth 9 seldepth 17 multipv 1 score cp 399 nodes 3252 nps 1626000 hashfull 8 tbhits 0 time 2 pv e3d4 d7e6 d4a1 e6f5 f2g3 f5e4 g3c7
info depth 10 seldepth 11 multipv 1 score cp 375 nodes 3505 nps 1752500 hashfull 8 tbhits 0 time 2 pv e3d4 d7e6 f2g3 e6f5 d4a1 f5e4 g3f2 e4d5 f2a7
info depth 11 seldepth 17 multipv 1 score cp 353 nodes 4367 nps 2183500 hashfull 9 tbhits 0 time 2 pv e3d4 d7e6 d4h8 e6d5
info depth 12 seldepth 19 multipv 1 score cp 275 nodes 13838 nps 1729750 hashfull 12 tbhits 0 time 8 pv e3d4 d7e6 d4h8 e6d5 e2f3 d5d6 h8c3 d6d5 f3g2 d5e6
info depth 13 seldepth 23 multipv 1 score cp 284 nodes 18669 nps 1697181 hashfull 14 tbhits 0 time 11 pv e3d4 d7e6 d4h8 e6d5 e2f3 d5d6 h8c3 d6d5 f3g3 d5e6 g3g4 e6d5 c3f6 d5e6 f6h8 e6d6
bestmove e3d4 ponder d7e6
info string NNUE evaluation using nn-134a887f4c8f.nnue (109MiB, (86896, 1024, 32, 32, 1))
info string Network replica 1: Shared memory.
info depth 1 seldepth 2 multipv 1 score cp 181 nodes 22 nps 22000 hashfull 0 tbhits 0 time 1 pv b6b7
info depth 2 seldepth 4 multipv 1 score cp 259 nodes 50 nps 50000 hashfull 0 tbhits 0 time 1 pv b6b7
info depth 3 seldepth 5 multipv 1 score cp 124 nodes 182 nps 182000 hashfull 0 tbhits 0 time 1 pv b6b7 g5g8
info depth 4 seldepth 7 multipv 1 score cp 30 nodes 1069 nps 1069000 hashfull 0 tbhits 0 time 1 pv e3b3
info depth 5 seldepth 7 multipv 1 score cp 46 nodes 3286 nps 1095333 hashfull 1 tbhits 0 time 3 pv e3e5 g5g1 c1c2 g1g6
info depth 6 seldepth 6 multipv 1 score cp 47 nodes 3370 nps 1123333 hashfull 1 tbhits 0 time 3 pv e3e5 g5g1 c1c2 g1g6
info depth 7 seldepth 8 multipv 1 score cp 74 nodes 3749 nps 1249666 hashfull 1 tbhits 0 time 3 pv e3e5 g5g1 c1b2 f5f4
info depth 8 seldepth 7 multipv 1 score cp 81 nodes 3941 nps 1313666 hashfull 1 tbhits 0 time 3 pv e3e5 g5g1 c1b2 f5f4
info depth 9 seldepth 10 multipv 1 score cp 94 nodes 4508 nps 1502666 hashfull 1 tbhits 0 time 3 pv e3e5 g5g1 c1c2 f5f4
info depth 10 seldepth 11 multipv 1 score cp 105 nodes 5205 nps 1301250 hashfull 1 tbhits 0 time 4 pv e3e5 g5g1 c1c2 g1g6
info depth 11 seldepth 18 multipv 1 score cp 58 nodes 9105 nps 1517500 hashfull 2 tbhits 0 time 6 pv e3e5 g5g1 c1c2 g1g2 c2d3 g2g3 d3c4 g3g4 c4b5 f5f4 b6b7
info depth 12 seldepth 18 multipv 1 score cp 120 nodes 12129 nps 1516125 hashfull 4 tbhits 0 time 8 pv e3f3 g5g6 b6b7 g6b6 f3f2 h2g1
info depth 13 seldepth 20 multipv 1 score cp 101 nodes 14896 nps 1655111 hashfull 5 tbhits 0 time 9 pv e3f3 h2g2 b6b7 g2f3 b7b8q g5g1 c1c2 g1g2 c2d3 f5f4 b8d8 f3g3 d8g5 g3h3
bestmove e3f3 ponder h2g2
info string NNUE evaluation using nn-134a887f4c8f.nnue (109MiB, (86896, 1024, 32, 32, 1))
info string Network replica 1: Shared memory.
info depth 1 seldepth 4 multipv 1 score cp 73 nodes 8 nps 8000 hashfull 11 tbhits 0 time 1 pv b1a2
info depth 2 seldepth 3 multipv 1 score cp 301 nodes 22 nps 22000 hashfull 11 tbhits 0 time 1 pv b1a2
info depth 3 seldepth 2 multipv 1 score cp 301 nodes 27 nps 27000 hashfull 11 tbhits 0 time 1 pv b1a2
info depth 4 seldepth 4 multipv 1 score cp 448 nodes 52 nps 52000 hashfull 11 tbhits 0 time 1 pv b1a2
info depth 5 seldepth 4 multipv 1 score cp 619 nodes 98 nps 98000 hashfull 11 tbhits 0 time 1 pv b1a2 b5b2 a2b2
info depth 6 seldepth 10 multipv 1 score cp 247 nodes 321 nps 321000 hashfull 11 tbhits 0 time 1 pv b1c2 b5h5 g4g5 h5g5 h7h8q g5b5
info depth 7 seldepth 11 multipv 1 score cp 92 nodes 4212 nps 1404000 hashfull 13 tbhits 0 time 3 pv b1a2 b5h5 g4g5 h5g5 h7h8q g5c5 h8d4 a5b5 a2b3 c5c6
info depth 8 seldepth 15 multipv 1 score cp 144 nodes 5319 nps 1773000 hashfull 14 tbhits 0 time 3 pv b1a2 b5h5 g4g5 h5g5 h7h8q g5c5 h8d4 a5b5 a2b3 c5c6
info depth 9 seldepth 9 multipv 1 score cp 145 nodes 5408 nps 1802666 hashfull 14 tbhits 0 time 3 pv b1a2 b5h5 g4g5 h5g5 h7h8q g5c5 h8d4 a5b5
info depth 10 seldepth 13 multipv 1 score cp 160 nodes 5664 nps 1416000 hashfull 14 tbhits 0 time 4 pv b1a2 b5h5 g4g5 h5g5 h7h8q g5c5 h8d4 a5b5
info depth 11 seldepth 19 multipv 1 score cp 179 nodes 7713 nps 1542600 hashfull 15 tbhits 0 time 5 pv b1a2 b5h5 g4g5 h5g5 h7h8q g5c5 h8d4 c5c6
info depth 12 seldepth 23 multipv 1 score cp 113 nodes 31096 nps 1727555 hashfull 22 tbhits 0 time 18 pv b1a2 b5h5 g4g5 h5g5 h7h8q g5c5 h8d4 a5b5 a2b3 c5c1 d4b4 b5c6 b4e4 c6d7 e4f5 d7c6 f5f3 c6b6
info depth 13 seldepth 32 multipv 1 score cp 157 nodes 58822 nps 1730058 hashfull 31 tbhits 0 time 34 pv b1a2 b5h5 g4g5 h5g5 h7h8q g5c5 h8d4 a5b5 a2b3 c5c1 d4e5 b5a6
bestmove b1a2 ponder b5h5
info string NNUE evaluation using nn-134a887f4c8f.nnue (109MiB, (86896, 1024, 32, 32, 1))
info string Network replica 1: Shared memory.
info depth 1 seldepth 3 multipv 1 score cp 38 nodes 12 nps 12000 hashfull 8 tbhits 0 time 1 pv f1d2 b1a2
info depth 2 seldepth 3 multipv 1 score cp -84 nodes 115 nps 115000 hashfull 8 tbhits 0 time 1 pv f1d2 b1c2
info depth 3 seldepth 5 multipv 1 score cp -44 nodes 145 nps 145000 hashfull 8 tbhits 0 time 1 pv f1d2 b1c2
info depth 4 seldepth 3 multipv 1 score cp -81 nodes 198 nps 198000 hashfull 8 tbhits 0 time 1 pv f1d2 b1c2
info depth 5 seldepth 7 multipv 1 score cp -64 nodes 320 nps 320000 hashfull 8 tbhits 0 time 1 pv f1d2 b1c2 d2f3 d6d7
info depth 6 seldepth 7 multipv 1 score cp -49 nodes 383 nps 383000 hashfull 8 tbhits 0 time 1 pv f1d2 b1c2 d2f3
info depth 7 seldepth 7 multipv 1 score cp -39 nodes 447 nps 447000 hashfull 8 tbhits 0 time 1 pv f1d2 b1c2 d2f3
info depth 8 seldepth 7 multipv 1 score cp -46 nodes 511 nps 511000 hashfull 8 tbhits 0 time 1 pv f1d2 b1c2 d2f3 d6d7 f3d4 c2d3
info depth 9 seldepth 22 multipv 1 score cp -271 nodes 10273 nps 2568250 hashfull 8 tbhits 0 time 4 pv f1d2 b1a2 b4b3 a2a1 h6g5 d6d7 g5f4 d7d8q f4e3 d8g5 e3e2 g5f6
info depth 10 seldepth 10 multipv 1 score cp -271 nodes 10323 nps 2064600 hashfull 8 tbhits 0 time 5 pv f1d2 b1a2 b4b3 a2a1 h6g5 d6d7 g5f4 d7d8q f4e3
info depth 11 seldepth 12 multipv 1 score cp -271 nodes 10409 nps 2081800 hashfull 8 tbhits 0 time 5 pv f1d2 b1a2 b4b3 a2a1 h6g5 d6d7 g5f4 d7d8q f4e3 d8g5 e3e2
info depth 12 seldepth 24 multipv 1 score cp -226 nodes 18159 nps 2594142 hashfull 9 tbhits 0 time 7 pv f1d2 b1a2 b4b3 a2a1 h6g5 d6d7 g5f4 d7d8q f4e3 d8h8 e3e2 h8h5 e2e1 h5g4 e1f2 g4d1 f2e3 d1h5
info depth 13 seldepth 30 multipv 1 score cp -176 nodes 34518 nps 2876500 hashfull 10 tbhits 0 time 12 pv f1d2 b1a2 b4b3 a2a1 h6g5 d6d7 g5f4 d7d8q f4e3 d8h8 e3e2 h8c8
bestmove f1d2 ponder b1a2
info string NNUE evaluation using nn-134a887f4c8f.nnue (109MiB, (86896, 1024, 32, 32, 1))
info string Network replica 1: Shared memory.
info depth 1 seldepth 4 multipv 1 score cp 138 nodes 36 nps 36000 hashfull 2 tbhits 0 time 1 pv h1h2
info depth 2 seldepth 4 multipv 1 score cp 204 nodes 70 nps 70000 hashfull 2 tbhits 0 time 1 pv h1h2
info depth 3 seldepth 2 multipv 1 score cp 204 nodes 94 nps 94000 hashfull 2 tbhits 0 time 1 pv h1h2
info depth 4 seldepth 6 multipv 1 score cp 20 nodes 309 nps 309000 hashfull 2 tbhits 0 time 1 pv a7g7 g4f5
info depth 5 seldepth 7 multipv 1 score cp 156 nodes 454 nps 454000 hashfull 2 tbhits 0 time 1 pv h1h2
info depth 6 seldepth 4 multipv 1 score cp 182 nodes 499 nps 499000 hashfull 2 tbhits 0 time 1 pv h1h2
info depth 7 seldepth 6 multipv 1 score cp 266 nodes 599 nps 599000 hashfull 2 tbhits 0 time 1 pv h1h2 c6c1 a1a2
info depth 8 seldepth 7 multipv 1 score cp 305 nodes 842 nps 842000 hashfull 2 tbhits 0 time 1 pv h1h2 c6c1 a1a2 c1d1
info depth 9 seldepth 9 multipv 1 score cp 290 nodes 1017 nps 1017000 hashfull 2 tbhits 0 time 1 pv h1h2 c6c1 a1a2 c1c4 b2b3 c4c5 a7a4 g4f5
info depth 10 seldepth 13 multipv 1 score cp 254 nodes 2594 nps 1297000 hashfull 3 tbhits 0 time 2 pv h1h2 c6e4 a1a2 e4d4 a7a5 d4b4 a5a3 b4d4
info depth 11 seldepth 13 multipv 1 score cp 254 nodes 3590 nps 1196666 hashfull 4 tbhits 0 time 3 pv h1h2 g4f5 a7a5 f5g6 a1a2 c6c7 h2g2 g6f7
info depth 12 seldepth 18 multipv 1 score cp 232 nodes 7089 nps 1417800 hashfull 4 tbhits 0 time 5 pv h1h2 c6c1 a1a2 c1c4 b2b3 c4c6 h2f2 g4g3
info depth 13 seldepth 22 multipv 1 score cp 0 nodes 20714 nps 1479571 hashfull 7 tbhits 0 time 14 pv h1h2 g4g3 h2h7 c6c1 a1a2 c1c4 a2a3 c4c5 b2b4 c5c1 a3a4 c1d1 a4a3 d1c1
bestmove h1h2 ponder g4g3
info string NNUE evaluation using nn-134a887f4c8f.nnue (109MiB, (86896, 1024, 32, 32, 1))
info string Network replica 1: Shared memory.
info depth 1 seldepth 4 multipv 1 score cp -104 nodes 53 nps 53000 hashfull 23 tbhits 0 time 1 pv a5b4 a3b4
info depth 2 seldepth 3 multipv 1 score cp -104 nodes 114 nps 114000 hashfull 23 tbhits 0 time 1 pv a5b4 a3b4
info depth 3 seldepth 6 multipv 1 score cp -114 nodes 580 nps 580000 hashfull 23 tbhits 0 time 1 pv h4h1 e3g1
info depth 4 seldepth 6 multipv 1 score cp 752 nodes 945 nps 945000 hashfull 23 tbhits 0 time 1 pv h4f4 f1e1 f4e3
info depth 5 seldepth 11 multipv 1 score cp 740 nodes 1041 nps 1041000 hashfull 23 tbhits 0 time 1 pv h4f4 d4f3 h7h1 e3g1 h1g1 f1g1
info depth 6 seldepth 8 multipv 1 score cp 851 nodes 1252 nps 1252000 hashfull 23 tbhits 0 time 1 pv h4f4 d4f3 f4e3 b4c5 e4f3 e2f3
info depth 7 seldepth 8 multipv 1 score cp 931 nodes 1504 nps 1504000 hashfull 23 tbhits 0 time 1 pv h4f4 e3f3 e4f3
info depth 8 seldepth 13 multipv 1 score cp 1814 nodes 2292 nps 1146000 hashfull 23 tbhits 0 time 2 pv h4f4 e2f3 f4e3 f3h5 h7h5 d4f5 h5f5 d2f2 f5f2 f1g1 f2b2 g1h1
info depth 9 seldepth 13 multipv 1 score cp 1814 nodes 2376 nps 1188000 hashfull 23 tbhits 0 time 2 pv h4f4 e2f3 f4e3 f3h5 h7h5 d4f5 h5f5 d2f2 f5f2 f1g1 f2b2 g1h1
info depth 10 seldepth 22 multipv 1 score mate 5 nodes 7868 nps 983500 hashfull 25 tbhits 0 time 8 pv h4f4 e2f3 f4e3 f3h5 h7h5 d4f3 h5h1 f3g1 h1g1
info depth 11 seldepth 10 multipv 1 score mate 5 nodes 8421 nps 1052625 hashfull 25 tbhits 0 time 8 pv h4f4 e2f3 f4e3 f3h5 h7h5 d4f3 h5h1 f3g1 h1g1
info depth 12 seldepth 10 multipv 1 score mate 5 nodes 8959 nps 995444 hashfull 25 tbhits 0 time 9 pv h4f4 e2f3 f4e3 f3h5 h7h5 d4f3 h5h1 f3g1 h1g1
info depth 13 seldepth 10 multipv 1 score mate 5 nodes 9788 nps 1087555 hashfull 25 tbhits 0 time 9 pv h4f4 e2f3 f4e3 f3h5 h7h5 d4f3 h5h1 f3g1 h1g1
bestmove h4f4 ponder e2f3
info string NNUE evaluation using nn-134a887f4c8f.nnue (109MiB, (86896, 1024, 32, 32, 1))
info string Network replica 1: Shared memory.
info depth 1 seldepth 6 multipv 1 score cp 836 nodes 55 nps 55000 hashfull 4 tbhits 0 time 1 pv g4f3 e7f6 f3f6 f7e8
info depth 2 seldepth 9 multipv 1 score cp 335 nodes 312 nps 312000 hashfull 4 tbhits 0 time 1 pv c3c4 d5d4
info depth 3 seldepth 5 multipv 1 score cp 314 nodes 417 nps 417000 hashfull 4 tbhits 0 time 1 pv f1e1 f7e8
info depth 4 seldepth 4 multipv 1 score cp 326 nodes 473 nps 473000 hashfull 4 tbhits 0 time 1 pv f1e1 f7e8 g3f3
info depth 5 seldepth 9 multipv 1 score cp 455 nodes 701 nps 701000 hashfull 4 tbhits 0 time 1 pv c3c4 d5f5
info depth 6 seldepth 7 multipv 1 score cp 328 nodes 875 nps 875000 hashfull 4 tbhits 0 time 1 pv c3c4 d5a5 g3f3 f7e8
info depth 7 seldepth 11 multipv 1 score cp 342 nodes 1064 nps 1064000 hashfull 4 tbhits 0 time 1 pv c3c4 d5a5 d4d5 e6d5 g3f3 f7e8 e4f6 e7f6 f3f6
info depth 8 seldepth 11 multipv 1 score cp 342 nodes 1175 nps 587500 hashfull 4 tbhits 0 time 2 pv c3c4 d5a5 d4d5 e6d5 g3f3 f7e8 e4f6 e7f6 f3f6
info depth 9 seldepth 11 multipv 1 score cp 342 nodes 1298 nps 649000 hashfull 4 tbhits 0 time 2 pv c3c4 d5a5 d4d5 e6d5 g3f3 f7e8 e4f6 e7f6 f3f6
info depth 10 seldepth 17 multipv 1 score cp 388 nodes 3634 nps 908500 hashfull 4 tbhits 0 time 4 pv c3c4 d5a5 d4d5 e6d5 g3f3 f7e8 e4f6 e7f6 f3f6 d8d7
info depth 11 seldepth 18 multipv 1 score cp 326 nodes 5699 nps 814142 hashfull 4 tbhits 0 time 7 pv c3c4 d5a5 f1b1 f7e8 d4d5 c6d5 g4h5 e8d7 b1b7 d7c6 b7e7
info depth 12 seldepth 21 multipv 1 score cp 370 nodes 7163 nps 795888 hashfull 5 tbhits 0 time 9 pv c3c4 d5a5 d4d5 e6d5 g4h5 f7e6 g3g7 a5b4 c4d5 d8d5 h5f7 e6d7 e4f6 d7c8 f7e7 b4e7 g7e7
info depth 13 seldepth 27 multipv 1 score cp 667 nodes 27467 nps 915566 hashfull 14 tbhits 0 time 30 pv c3c4 d5a5 d4d5 e6d5 g3f3 f7e8 e4f6 e7f6 f3f6 a5b4 a2a3 b4e7
bestmove c3c4 ponder d5a5
info string NNUE evaluation using nn-134a887f4c8f.nnue (109MiB, (86896, 1024, 32, 32, 1))
info string Network replica 1: Shared memory.
info depth 0 score cp 0
bestmove (none)
info string NNUE evaluation using nn-134a887f4c8f.nnue (109MiB, (86896, 1024, 32, 32, 1))
info string Network replica 1: Shared memory.
info depth 0 score mate 0
bestmove (none)
info string NNUE evaluation using nn-134a887f4c8f.nnue (109MiB, (86896, 1024, 32, 32, 1))
info string Network replica 1: Shared memory.
info depth 1 seldepth 3 multipv 1 score cp -9 nodes 39 nps 39000 hashfull 2 tbhits 0 time 1 pv e1g2
info depth 2 seldepth 3 multipv 1 score cp 36 nodes 76 nps 76000 hashfull 2 tbhits 0 time 1 pv e1g2
info depth 3 seldepth 2 multipv 1 score cp 36 nodes 106 nps 106000 hashfull 2 tbhits 0 time 1 pv e1g2
info depth 4 seldepth 5 multipv 1 score cp -15 nodes 538 nps 538000 hashfull 2 tbhits 0 time 1 pv e7e3 c7c6
info depth 5 seldepth 5 multipv 1 score cp -7 nodes 621 nps 621000 hashfull 2 tbhits 0 time 1 pv e7e3 c7c6
info depth 6 seldepth 5 multipv 1 score cp -2 nodes 776 nps 776000 hashfull 2 tbhits 0 time 1 pv e7e3 c7c6
info depth 7 seldepth 9 multipv 1 score cp -120 nodes 1994 nps 997000 hashfull 2 tbhits 0 time 2 pv e7e3 b7b6 e1g2 c7c5 e3d3 c5c4 d3f3
info depth 8 seldepth 11 multipv 1 score cp -63 nodes 2665 nps 888333 hashfull 2 tbhits 0 time 3 pv e7e3 b7b6 e1g2 c7c5 c2c3
info depth 9 seldepth 8 multipv 1 score cp -50 nodes 2848 nps 949333 hashfull 2 tbhits 0 time 3 pv e7e3 b7b6 b2b4 c7c5 b4c5
info depth 10 seldepth 10 multipv 1 score cp -33 nodes 3254 nps 1084666 hashfull 2 tbhits 0 time 3 pv e7e3 b7b6 b2b4 c7c5 b4c5 b6c5
info depth 11 seldepth 12 multipv 1 score cp -22 nodes 3805 nps 1268333 hashfull 2 tbhits 0 time 3 pv e7e3 b7b6 b2b4 c7c5 b4c5 b6c5
info depth 12 seldepth 18 multipv 1 score cp -38 nodes 12322 nps 880142 hashfull 6 tbhits 0 time 14 pv e7e3 f8e8 e3d3 b7b6 b2b3 c7c5 c2c3 g8h8 f2f3 f6f5
info depth 13 seldepth 18 multipv 1 score cp -23 nodes 19337 nps 878954 hashfull 9 tbhits 0 time 22 pv e7e3 f8e8 e3d3 b7b6 e1g2 c7c5 f2f3 g8h8
bestmove e7e3 ponder f8e8
info string NNUE evaluation using nn-134a887f4c8f.nnue (109MiB, (86896, 1024, 32, 32, 1))
info string Network replica 1: Shared memory.
info depth 1 seldepth 2 multipv 1 score cp 82 nodes 20 nps 20000 hashfull 13 tbhits 0 time 1 pv c2c4
info depth 2 seldepth 4 multipv 1 score cp 89 nodes 50 nps 50000 hashfull 13 tbhits 0 time 1 pv c2c4
info depth 3 seldepth 4 multipv 1 score cp 94 nodes 82 nps 82000 hashfull 13 tbhits 0 time 1 pv c2c4
info depth 4 seldepth 5 multipv 1 score cp 56 nodes 375 nps 375000 hashfull 13 tbhits 0 time 1 pv g2g3 f8g8 c2c3 c7c5
info depth 5 seldepth 7 multipv 1 score cp 54 nodes 571 nps 571000 hashfull 13 tbhits 0 time 1 pv g2g3 g7g6 f1g1 c7c5
info depth 6 seldepth 7 multipv 1 score cp 21 nodes 1782 nps 891000 hashfull 13 tbhits 0 time 2 pv g2g3 g7g6 f1g1 f8g8 c2c3
info depth 7 seldepth 10 multipv 1 score cp 6 nodes 3430 nps 1143333 hashfull 13 tbhits 0 time 3 pv g2g3 f8g8 f1g1 g7g6 c2c3 c7c6
info depth 8 seldepth 11 multipv 1 score cp 22 nodes 4717 nps 1179250 hashfull 14 tbhits 0 time 4 pv g2g3 g7g6
info depth 9 seldepth 12 multipv 1 score cp 11 nodes 5348 nps 1069600 hashfull 14 tbhits 0 time 5 pv g2g3 g7g6 e2e4 f8g8 f1g1 d7d6 c2c3 e7e5 h1g2 h8g7 a1c2
info depth 10 seldepth 13 multipv 1 score cp 18 nodes 6042 nps 1208400 hashfull 14 tbhits 0 time 5 pv g2g3 g7g6 f1g1 f8g8 e2e4 d7d6 c2c3 e7e5 a1c2
info depth 11 seldepth 13 multipv 1 score cp 18 nodes 6937 nps 1156166 hashfull 14 tbhits 0 time 6 pv g2g3 g7g6 f1g1 f8g8 e2e4 d7d6 c2c3 e7e5 h1g2 h8g7
info depth 12 seldepth 16 multipv 1 score cp 20 nodes 15877 nps 1058466 hashfull 15 tbhits 0 time 15 pv g2g3 g7g6 f1g1 f8g8 c2c3 e7e5 e2e4 c7c6 a1c2 b7b6 h1g2 a8c7 f2f4
info depth 13 seldepth 16 multipv 1 score cp 24 nodes 19839 nps 1044157 hashfull 16 tbhits 0 time 19 pv g2g3 g7g6 f1g1 f8g8 c2c3 c7c6 e2e4 a8c7 d2d4 d7d5 c1h6 h8g7
bestmove g2g3 ponder g7g6
