position 1/64 verified
position 2/64 verified
position 3/64 verified
position 4/64 verified
position 5/64 verified
position 6/64 verified
position 7/64 verified
position 8/64 verified
position 9/64 verified
position 10/64 verified
position 11/64 verified
position 12/64 verified
position 13/64 verified
position 14/64 verified
position 15/64 verified
position 16/64 verified
position 17/64 verified
position 18/64 verified
position 19/64 verified
position 20/64 verified
position 21/64 verified
position 22/64 verified
position 23/64 verified
position 24/64 verified
position 25/64 verified
position 26/64 verified
position 27/64 verified
position 28/64 verified
position 29/64 verified
position 30/64 verified
position 31/64 verified
position 32/64 verified
position 33/64 verified
position 34/64 verified
position 35/64 verified
position 36/64 verified
position 37/64 verified
position 38/64 verified
position 39/64 verified
position 40/64 verified
position 41/64 verified
position 42/64 verified
position 43/64 verified
position 44/64 verified
position 45/64 verified
position 46/64 verified
position 47/64 verified
position 48/64 verified
position 49/64 verified
position 50/64 verified
position 51/64 verified
position 52/64 verified
position 53/64 verified
position 54/64 verified
position 55/64 verified
position 56/64 verified
position 57/64 verified
position 58/64 verified
position 59/64 verified
position 60/64 verified
position 61/64 verified
position 62/64 verified
position 63/64 verified
position 64/64 verified
{
  "qnodes": 481863,
  "first_calls": 140035,
  "first_passes": 49519,
  "final_calls": 213141,
  "eligible": 15219,
  "violations": 0,
  "other_attack_entries": 1616142,
  "noneligible_final_attack_entries": 94236,
  "eligible_final_attack_entries": 4190,
  "other_loop_iterations": 2406159,
  "noneligible_final_loop_iterations": 130350,
  "eligible_final_loop_iterations": 5578
}
